192.168.12.10 - - [17/Feb/2013:06:37:21 +0600] "GET /tv/useUser HTTP/1.1" 200 432 "http://callider/graph/personal" "Mozilla/4.0 (compatible; MSIE 7.0; Windows NT 6.1; Trident/5.0; SLCC2; .NET CLR 2.0.50727; .NET CLR 3.5.30729; .NET CLR 3.0.30729; Media Center PC 6.0; InfoPath.3; .NET4.0C; .NET4.0E; Tablet PC 2.0; MS-RTC LM 8)" 2878948
192.168.12.108 - - [17/Feb/2013:06:37:21 +0600] "GET /tv/useUser HTTP/1.1" 200 432 "http://callider/index.php" "Mozilla/4.0 (compatible; MSIE 7.0; Windows NT 6.2; WOW64; Trident/6.0; .NET4.0E; .NET4.0C; InfoPath.3; .NET CLR 3.5.30729; .NET CLR 2.0.50727; .NET CLR 3.0.30729)" 2881091
192.168.74.151 - - [17/Feb/2013:06:37:21 +0600] "GET /tv/useUser HTTP/1.1" 200 432 "http://callider.kontur/pause/index" "Mozilla/5.0 (Windows NT 6.1; WOW64; rv:18.0) Gecko/20100101 Firefox/18.0" 2913330
192.168.12.61 - - [17/Feb/2013:06:37:21 +0600] "GET /pause/ajaxPause?pauseConfigId=&admin=0 HTTP/1.1" 200 986 "http://callider/pause/index" "Mozilla/4.0 (compatible; MSIE 7.0; Windows NT 6.1; Trident/5.0; SLCC2; .NET CLR 2.0.50727; .NET CLR 3.5.30729; .NET CLR 3.0.30729; Media Center PC 6.0; InfoPath.3; .NET4.0C; .NET4.0E)" 3334081
192.168.65.56 - - [17/Feb/2013:06:37:21 +0600] "GET /pause/ajaxPause?pauseConfigId=all&admin=1 HTTP/1.1" 200 1047 "http://192.168.65.101/pause/index" "Mozilla/5.0 (Windows NT 5.1; rv:15.0) Gecko/20100101 Firefox/15.0" 3376692
192.168.65.56 - - [17/Feb/2013:06:37:25 +0600] "GET /pause/ajaxPause?pauseConfigId=all&admin=1 HTTP/1.1" 200 1046 "http://192.168.65.101/pause/index" "Mozilla/5.0 (Windows NT 5.1; rv:15.0) Gecko/20100101 Firefox/15.0" 41380
192.168.65.56 - - [17/Feb/2013:06:37:26 +0600] "GET /pause/ajaxPause?pauseConfigId=all&admin=1 HTTP/1.1" 200 1046 "http://192.168.65.101/pause/index" "Mozilla/5.0 (Windows NT 5.1; rv:15.0) Gecko/20100101 Firefox/15.0" 1203264
192.168.65.56 - - [17/Feb/2013:06:37:31 +0600] "GET /pause/ajaxPause?pauseConfigId=all&admin=1 HTTP/1.1" 200 1046 "http://192.168.65.101/pause/index" "Mozilla/5.0 (Windows NT 5.1; rv:15.0) Gecko/20100101 Firefox/15.0" 27979
192.168.12.67 - - [17/Feb/2013:06:37:34 +0600] "GET /tv/useUser HTTP/1.1" 200 432 "http://callider/graph/personal" "Mozilla/4.0 (compatible; MSIE 7.0; Windows NT 6.1; Trident/5.0; SLCC2; .NET CLR 2.0.50727; .NET CLR 3.5.30729; .NET CLR 3.0.30729; Media Center PC 6.0; .NET4.0C; .NET4.0E; InfoPath.3; Tablet PC 2.0; MS-RTC LM 8)" 71545
192.168.65.56 - - [17/Feb/2013:06:37:36 +0600] "GET /pause/ajaxPause?pauseConfigId=all&admin=1 HTTP/1.1" 200 1046 "http://192.168.65.101/pause/index" "Mozilla/5.0 (Windows NT 5.1; rv:15.0) Gecko/20100101 Firefox/15.0" 30349
192.168.74.93 - - [17/Feb/2013:06:37:38 +0600] "GET /tv/useUser HTTP/1.1" 200 432 "http://callider/graph/personal" "Mozilla/4.0 (compatible; MSIE 7.0; Windows NT 6.1; WOW64; Trident/5.0; SLCC2; .NET CLR 2.0.50727; .NET CLR 3.5.30729; .NET CLR 3.0.30729; Media Center PC 6.0; InfoPath.3; .NET4.0C; .NET4.0E)" 86802
192.168.12.9 - - [17/Feb/2013:06:37:41 +0600] "GET /tv/useUser HTTP/1.1" 200 432 "http://callider.kontur/site/index" "Mozilla/5.0 (Windows NT 6.1; WOW64) AppleWebKit/537.17 (KHTML, like Gecko) Chrome/24.0.1312.57 Safari/537.17" 43310
192.168.65.56 - - [17/Feb/2013:06:37:41 +0600] "GET /pause/ajaxPause?pauseConfigId=all&admin=1 HTTP/1.1" 200 1046 "http://192.168.65.101/pause/index" "Mozilla/5.0 (Windows NT 5.1; rv:15.0) Gecko/20100101 Firefox/15.0" 35298
192.168.12.61 - - [17/Feb/2013:06:37:46 +0600] "GET /pause/ajaxPause?pauseConfigId=&admin=0 HTTP/1.1" 200 986 "http://callider/pause/index" "Mozilla/4.0 (compatible; MSIE 7.0; Windows NT 6.1; Trident/5.0; SLCC2; .NET CLR 2.0.50727; .NET CLR 3.5.30729; .NET CLR 3.0.30729; Media Center PC 6.0; InfoPath.3; .NET4.0C; .NET4.0E)" 70870
192.168.65.56 - - [17/Feb/2013:06:37:46 +0600] "GET /pause/ajaxPause?pauseConfigId=all&admin=1 HTTP/1.1" 200 1046 "http://192.168.65.101/pause/index" "Mozilla/5.0 (Windows NT 5.1; rv:15.0) Gecko/20100101 Firefox/15.0" 32479
192.168.12.61 - - [17/Feb/2013:06:37:51 +0600] "GET /pause/ajaxPause?pauseConfigId=&admin=0 HTTP/1.1" 200 985 "http://callider/pause/index" "Mozilla/4.0 (compatible; MSIE 7.0; Windows NT 6.1; Trident/5.0; SLCC2; .NET CLR 2.0.50727; .NET CLR 3.5.30729; .NET CLR 3.0.30729; Media Center PC 6.0; InfoPath.3; .NET4.0C; .NET4.0E)" 27430
192.168.65.56 - - [17/Feb/2013:06:37:51 +0600] "GET /pause/ajaxPause?pauseConfigId=all&admin=1 HTTP/1.1" 200 1046 "http://192.168.65.101/pause/index" "Mozilla/5.0 (Windows NT 5.1; rv:15.0) Gecko/20100101 Firefox/15.0" 28705
192.168.65.56 - - [17/Feb/2013:06:37:51 +0600] "GET /tv/useUser HTTP/1.1" 200 431 "http://192.168.65.101/pause/index" "Mozilla/5.0 (Windows NT 5.1; rv:15.0) Gecko/20100101 Firefox/15.0" 9471
192.168.65.56 - - [17/Feb/2013:06:37:56 +0600] "GET /pause/ajaxPause?pauseConfigId=all&admin=1 HTTP/1.1" 200 1046 "http://192.168.65.101/pause/index" "Mozilla/5.0 (Windows NT 5.1; rv:15.0) Gecko/20100101 Firefox/15.0" 67283
192.168.12.61 - - [17/Feb/2013:06:37:56 +0600] "GET /pause/ajaxPause?pauseConfigId=&admin=0 HTTP/1.1" 200 985 "http://callider/pause/index" "Mozilla/4.0 (compatible; MSIE 7.0; Windows NT 6.1; Trident/5.0; SLCC2; .NET CLR 2.0.50727; .NET CLR 3.5.30729; .NET CLR 3.0.30729; Media Center PC 6.0; InfoPath.3; .NET4.0C; .NET4.0E)" 229865
192.168.12.61 - - [17/Feb/2013:06:38:01 +0600] "GET /pause/ajaxPause?pauseConfigId=&admin=0 HTTP/1.1" 200 985 "http://callider/pause/index" "Mozilla/4.0 (compatible; MSIE 7.0; Windows NT 6.1; Trident/5.0; SLCC2; .NET CLR 2.0.50727; .NET CLR 3.5.30729; .NET CLR 3.0.30729; Media Center PC 6.0; InfoPath.3; .NET4.0C; .NET4.0E)" 1501598
192.168.65.56 - - [17/Feb/2013:06:38:01 +0600] "GET /pause/ajaxPause?pauseConfigId=all&admin=1 HTTP/1.1" 200 1046 "http://192.168.65.101/pause/index" "Mozilla/5.0 (Windows NT 5.1; rv:15.0) Gecko/20100101 Firefox/15.0" 1469787
192.168.12.61 - - [17/Feb/2013:06:38:05 +0600] "GET /tv/useUser HTTP/1.1" 200 431 "http://callider/pause/index" "Mozilla/4.0 (compatible; MSIE 7.0; Windows NT 6.1; Trident/5.0; SLCC2; .NET CLR 2.0.50727; .NET CLR 3.5.30729; .NET CLR 3.0.30729; Media Center PC 6.0; InfoPath.3; .NET4.0C; .NET4.0E)" 13365
192.168.12.61 - - [17/Feb/2013:06:38:06 +0600] "GET /pause/ajaxPause?pauseConfigId=&admin=0 HTTP/1.1" 200 985 "http://callider/pause/index" "Mozilla/4.0 (compatible; MSIE 7.0; Windows NT 6.1; Trident/5.0; SLCC2; .NET CLR 2.0.50727; .NET CLR 3.5.30729; .NET CLR 3.0.30729; Media Center PC 6.0; InfoPath.3; .NET4.0C; .NET4.0E)" 22130
192.168.65.56 - - [17/Feb/2013:06:38:06 +0600] "GET /pause/ajaxPause?pauseConfigId=all&admin=1 HTTP/1.1" 200 1046 "http://192.168.65.101/pause/index" "Mozilla/5.0 (Windows NT 5.1; rv:15.0) Gecko/20100101 Firefox/15.0" 30561
192.168.12.42 - - [17/Feb/2013:06:38:11 +0600] "GET /tv/useUser HTTP/1.1" 200 432 "http://callider/graph/personal" "Mozilla/4.0 (compatible; MSIE 7.0; Windows NT 6.1; WOW64; Trident/5.0; SLCC2; .NET CLR 2.0.50727; .NET CLR 3.5.30729; .NET CLR 3.0.30729; Media Center PC 6.0; InfoPath.3; .NET4.0C; .NET4.0E)" 58562
192.168.12.61 - - [17/Feb/2013:06:38:11 +0600] "GET /pause/ajaxPause?pauseConfigId=&admin=0 HTTP/1.1" 200 985 "http://callider/pause/index" "Mozilla/4.0 (compatible; MSIE 7.0; Windows NT 6.1; Trident/5.0; SLCC2; .NET CLR 2.0.50727; .NET CLR 3.5.30729; .NET CLR 3.0.30729; Media Center PC 6.0; InfoPath.3; .NET4.0C; .NET4.0E)" 22889
192.168.65.56 - - [17/Feb/2013:06:38:11 +0600] "GET /pause/ajaxPause?pauseConfigId=all&admin=1 HTTP/1.1" 200 1046 "http://192.168.65.101/pause/index" "Mozilla/5.0 (Windows NT 5.1; rv:15.0) Gecko/20100101 Firefox/15.0" 36088
192.168.74.151 - - [17/Feb/2013:06:38:15 +0600] "GET /tv/useUser HTTP/1.1" 200 432 "http://callider.kontur/pause/index" "Mozilla/5.0 (Windows NT 6.1; WOW64; rv:18.0) Gecko/20100101 Firefox/18.0" 44839
192.168.12.61 - - [17/Feb/2013:06:38:16 +0600] "GET /pause/ajaxPause?pauseConfigId=&admin=0 HTTP/1.1" 200 985 "http://callider/pause/index" "Mozilla/4.0 (compatible; MSIE 7.0; Windows NT 6.1; Trident/5.0; SLCC2; .NET CLR 2.0.50727; .NET CLR 3.5.30729; .NET CLR 3.0.30729; Media Center PC 6.0; InfoPath.3; .NET4.0C; .NET4.0E)" 23895
192.168.65.56 - - [17/Feb/2013:06:38:16 +0600] "GET /pause/ajaxPause?pauseConfigId=all&admin=1 HTTP/1.1" 200 1046 "http://192.168.65.101/pause/index" "Mozilla/5.0 (Windows NT 5.1; rv:15.0) Gecko/20100101 Firefox/15.0" 33826
192.168.12.10 - - [17/Feb/2013:06:38:19 +0600] "GET /tv/useUser HTTP/1.1" 200 432 "http://callider/graph/personal" "Mozilla/4.0 (compatible; MSIE 7.0; Windows NT 6.1; Trident/5.0; SLCC2; .NET CLR 2.0.50727; .NET CLR 3.5.30729; .NET CLR 3.0.30729; Media Center PC 6.0; InfoPath.3; .NET4.0C; .NET4.0E; Tablet PC 2.0; MS-RTC LM 8)" 44976
192.168.12.108 - - [17/Feb/2013:06:38:20 +0600] "GET /tv/useUser HTTP/1.1" 200 432 "http://callider/index.php" "Mozilla/4.0 (compatible; MSIE 7.0; Windows NT 6.2; WOW64; Trident/6.0; .NET4.0E; .NET4.0C; InfoPath.3; .NET CLR 3.5.30729; .NET CLR 2.0.50727; .NET CLR 3.0.30729)" 44903
192.168.12.61 - - [17/Feb/2013:06:38:21 +0600] "GET /pause/ajaxPause?pauseConfigId=&admin=0 HTTP/1.1" 200 985 "http://callider/pause/index" "Mozilla/4.0 (compatible; MSIE 7.0; Windows NT 6.1; Trident/5.0; SLCC2; .NET CLR 2.0.50727; .NET CLR 3.5.30729; .NET CLR 3.0.30729; Media Center PC 6.0; InfoPath.3; .NET4.0C; .NET4.0E)" 33025
192.168.65.56 - - [17/Feb/2013:06:38:21 +0600] "GET /pause/ajaxPause?pauseConfigId=all&admin=1 HTTP/1.1" 200 1046 "http://192.168.65.101/pause/index" "Mozilla/5.0 (Windows NT 5.1; rv:15.0) Gecko/20100101 Firefox/15.0" 33405
192.168.12.61 - - [17/Feb/2013:06:38:26 +0600] "GET /pause/ajaxPause?pauseConfigId=&admin=0 HTTP/1.1" 200 985 "http://callider/pause/index" "Mozilla/4.0 (compatible; MSIE 7.0; Windows NT 6.1; Trident/5.0; SLCC2; .NET CLR 2.0.50727; .NET CLR 3.5.30729; .NET CLR 3.0.30729; Media Center PC 6.0; InfoPath.3; .NET4.0C; .NET4.0E)" 18903
192.168.65.56 - - [17/Feb/2013:06:38:26 +0600] "GET /pause/ajaxPause?pauseConfigId=all&admin=1 HTTP/1.1" 200 1046 "http://192.168.65.101/pause/index" "Mozilla/5.0 (Windows NT 5.1; rv:15.0) Gecko/20100101 Firefox/15.0" 24593
192.168.12.61 - - [17/Feb/2013:06:38:31 +0600] "GET /pause/ajaxPause?pauseConfigId=&admin=0 HTTP/1.1" 200 985 "http://callider/pause/index" "Mozilla/4.0 (compatible; MSIE 7.0; Windows NT 6.1; Trident/5.0; SLCC2; .NET CLR 2.0.50727; .NET CLR 3.5.30729; .NET CLR 3.0.30729; Media Center PC 6.0; InfoPath.3; .NET4.0C; .NET4.0E)" 20395
192.168.65.56 - - [17/Feb/2013:06:38:31 +0600] "GET /pause/ajaxPause?pauseConfigId=all&admin=1 HTTP/1.1" 200 1046 "http://192.168.65.101/pause/index" "Mozilla/5.0 (Windows NT 5.1; rv:15.0) Gecko/20100101 Firefox/15.0" 25561
192.168.12.67 - - [17/Feb/2013:06:38:34 +0600] "GET /tv/useUser HTTP/1.1" 200 432 "http://callider/graph/personal" "Mozilla/4.0 (compatible; MSIE 7.0; Windows NT 6.1; Trident/5.0; SLCC2; .NET CLR 2.0.50727; .NET CLR 3.5.30729; .NET CLR 3.0.30729; Media Center PC 6.0; .NET4.0C; .NET4.0E; InfoPath.3; Tablet PC 2.0; MS-RTC LM 8)" 42777
192.168.65.56 - - [17/Feb/2013:06:38:36 +0600] "GET /pause/ajaxPause?pauseConfigId=all&admin=1 HTTP/1.1" 200 1046 "http://192.168.65.101/pause/index" "Mozilla/5.0 (Windows NT 5.1; rv:15.0) Gecko/20100101 Firefox/15.0" 31325
192.168.12.61 - - [17/Feb/2013:06:38:36 +0600] "GET /pause/ajaxPause?pauseConfigId=&admin=0 HTTP/1.1" 200 986 "http://callider/pause/index" "Mozilla/4.0 (compatible; MSIE 7.0; Windows NT 6.1; Trident/5.0; SLCC2; .NET CLR 2.0.50727; .NET CLR 3.5.30729; .NET CLR 3.0.30729; Media Center PC 6.0; InfoPath.3; .NET4.0C; .NET4.0E)" 77357
192.168.74.93 - - [17/Feb/2013:06:38:38 +0600] "GET /tv/useUser HTTP/1.1" 200 432 "http://callider/graph/personal" "Mozilla/4.0 (compatible; MSIE 7.0; Windows NT 6.1; WOW64; Trident/5.0; SLCC2; .NET CLR 2.0.50727; .NET CLR 3.5.30729; .NET CLR 3.0.30729; Media Center PC 6.0; InfoPath.3; .NET4.0C; .NET4.0E)" 40509
192.168.12.9 - - [17/Feb/2013:06:38:41 +0600] "GET /tv/useUser HTTP/1.1" 200 432 "http://callider.kontur/site/index" "Mozilla/5.0 (Windows NT 6.1; WOW64) AppleWebKit/537.17 (KHTML, like Gecko) Chrome/24.0.1312.57 Safari/537.17" 37919
192.168.12.61 - - [17/Feb/2013:06:38:41 +0600] "GET /pause/ajaxPause?pauseConfigId=&admin=0 HTTP/1.1" 200 985 "http://callider/pause/index" "Mozilla/4.0 (compatible; MSIE 7.0; Windows NT 6.1; Trident/5.0; SLCC2; .NET CLR 2.0.50727; .NET CLR 3.5.30729; .NET CLR 3.0.30729; Media Center PC 6.0; InfoPath.3; .NET4.0C; .NET4.0E)" 29643
192.168.65.56 - - [17/Feb/2013:06:38:41 +0600] "GET /pause/ajaxPause?pauseConfigId=all&admin=1 HTTP/1.1" 200 1046 "http://192.168.65.101/pause/index" "Mozilla/5.0 (Windows NT 5.1; rv:15.0) Gecko/20100101 Firefox/15.0" 27681
192.168.65.56 - - [17/Feb/2013:06:38:46 +0600] "GET /pause/ajaxPause?pauseConfigId=all&admin=1 HTTP/1.1" 200 1046 "http://192.168.65.101/pause/index" "Mozilla/5.0 (Windows NT 5.1; rv:15.0) Gecko/20100101 Firefox/15.0" 26013
192.168.12.61 - - [17/Feb/2013:06:38:46 +0600] "GET /pause/ajaxPause?pauseConfigId=&admin=0 HTTP/1.1" 200 986 "http://callider/pause/index" "Mozilla/4.0 (compatible; MSIE 7.0; Windows NT 6.1; Trident/5.0; SLCC2; .NET CLR 2.0.50727; .NET CLR 3.5.30729; .NET CLR 3.0.30729; Media Center PC 6.0; InfoPath.3; .NET4.0C; .NET4.0E)" 61239
192.168.12.60 - - [17/Feb/2013:06:38:48 +0600] "GET /pause/ajaxPause?pauseConfigId=&admin=0 HTTP/1.1" 200 987 "http://callider/pause/index" "Mozilla/4.0 (compatible; MSIE 8.0; Windows NT 6.1; Trident/4.0; InfoPath.3; .NET4.0C; MS-RTC LM 8; .NET4.0E)" 55125
192.168.12.61 - - [17/Feb/2013:06:38:51 +0600] "GET /pause/ajaxPause?pauseConfigId=&admin=0 HTTP/1.1" 200 985 "http://callider/pause/index" "Mozilla/4.0 (compatible; MSIE 7.0; Windows NT 6.1; Trident/5.0; SLCC2; .NET CLR 2.0.50727; .NET CLR 3.5.30729; .NET CLR 3.0.30729; Media Center PC 6.0; InfoPath.3; .NET4.0C; .NET4.0E)" 27168
192.168.65.56 - - [17/Feb/2013:06:38:51 +0600] "GET /pause/ajaxPause?pauseConfigId=all&admin=1 HTTP/1.1" 200 1046 "http://192.168.65.101/pause/index" "Mozilla/5.0 (Windows NT 5.1; rv:15.0) Gecko/20100101 Firefox/15.0" 27004
192.168.65.56 - - [17/Feb/2013:06:38:51 +0600] "GET /tv/useUser HTTP/1.1" 200 431 "http://192.168.65.101/pause/index" "Mozilla/5.0 (Windows NT 5.1; rv:15.0) Gecko/20100101 Firefox/15.0" 11230
192.168.12.60 - - [17/Feb/2013:06:38:53 +0600] "GET /pause/ajaxPause?pauseConfigId=&admin=0 HTTP/1.1" 200 986 "http://callider/pause/index" "Mozilla/4.0 (compatible; MSIE 8.0; Windows NT 6.1; Trident/4.0; InfoPath.3; .NET4.0C; MS-RTC LM 8; .NET4.0E)" 22162
192.168.12.61 - - [17/Feb/2013:06:38:56 +0600] "GET /pause/ajaxPause?pauseConfigId=&admin=0 HTTP/1.1" 200 985 "http://callider/pause/index" "Mozilla/4.0 (compatible; MSIE 7.0; Windows NT 6.1; Trident/5.0; SLCC2; .NET CLR 2.0.50727; .NET CLR 3.5.30729; .NET CLR 3.0.30729; Media Center PC 6.0; InfoPath.3; .NET4.0C; .NET4.0E)" 26375
192.168.65.56 - - [17/Feb/2013:06:38:56 +0600] "GET /pause/ajaxPause?pauseConfigId=all&admin=1 HTTP/1.1" 200 1046 "http://192.168.65.101/pause/index" "Mozilla/5.0 (Windows NT 5.1; rv:15.0) Gecko/20100101 Firefox/15.0" 26082
192.168.12.60 - - [17/Feb/2013:06:38:58 +0600] "GET /pause/ajaxPause?pauseConfigId=&admin=0 HTTP/1.1" 200 986 "http://callider/pause/index" "Mozilla/4.0 (compatible; MSIE 8.0; Windows NT 6.1; Trident/4.0; InfoPath.3; .NET4.0C; MS-RTC LM 8; .NET4.0E)" 25539
192.168.12.61 - - [17/Feb/2013:06:39:01 +0600] "GET /pause/ajaxPause?pauseConfigId=&admin=0 HTTP/1.1" 200 985 "http://callider/pause/index" "Mozilla/4.0 (compatible; MSIE 7.0; Windows NT 6.1; Trident/5.0; SLCC2; .NET CLR 2.0.50727; .NET CLR 3.5.30729; .NET CLR 3.0.30729; Media Center PC 6.0; InfoPath.3; .NET4.0C; .NET4.0E)" 28520
192.168.65.56 - - [17/Feb/2013:06:39:01 +0600] "GET /pause/ajaxPause?pauseConfigId=all&admin=1 HTTP/1.1" 200 1046 "http://192.168.65.101/pause/index" "Mozilla/5.0 (Windows NT 5.1; rv:15.0) Gecko/20100101 Firefox/15.0" 33469
192.168.12.60 - - [17/Feb/2013:06:39:03 +0600] "GET /pause/ajaxPause?pauseConfigId=&admin=0 HTTP/1.1" 200 986 "http://callider/pause/index" "Mozilla/4.0 (compatible; MSIE 8.0; Windows NT 6.1; Trident/4.0; InfoPath.3; .NET4.0C; MS-RTC LM 8; .NET4.0E)" 25680
192.168.12.61 - - [17/Feb/2013:06:39:05 +0600] "GET /tv/useUser HTTP/1.1" 200 431 "http://callider/pause/index" "Mozilla/4.0 (compatible; MSIE 7.0; Windows NT 6.1; Trident/5.0; SLCC2; .NET CLR 2.0.50727; .NET CLR 3.5.30729; .NET CLR 3.0.30729; Media Center PC 6.0; InfoPath.3; .NET4.0C; .NET4.0E)" 1869298
192.168.12.60 - - [17/Feb/2013:06:39:08 +0600] "GET /pause/ajaxPause?pauseConfigId=&admin=0 HTTP/1.1" 200 986 "http://callider/pause/index" "Mozilla/4.0 (compatible; MSIE 8.0; Windows NT 6.1; Trident/4.0; InfoPath.3; .NET4.0C; MS-RTC LM 8; .NET4.0E)" 930053
192.168.65.56 - - [17/Feb/2013:06:39:06 +0600] "GET /pause/ajaxPause?pauseConfigId=all&admin=1 HTTP/1.1" 200 1046 "http://192.168.65.101/pause/index" "Mozilla/5.0 (Windows NT 5.1; rv:15.0) Gecko/20100101 Firefox/15.0" 2571765
192.168.12.61 - - [17/Feb/2013:06:39:06 +0600] "GET /pause/ajaxPause?pauseConfigId=&admin=0 HTTP/1.1" 200 986 "http://callider/pause/index" "Mozilla/4.0 (compatible; MSIE 7.0; Windows NT 6.1; Trident/5.0; SLCC2; .NET CLR 2.0.50727; .NET CLR 3.5.30729; .NET CLR 3.0.30729; Media Center PC 6.0; InfoPath.3; .NET4.0C; .NET4.0E)" 2629722
192.168.12.42 - - [17/Feb/2013:06:39:11 +0600] "GET /tv/useUser HTTP/1.1" 200 432 "http://callider/graph/personal" "Mozilla/4.0 (compatible; MSIE 7.0; Windows NT 6.1; WOW64; Trident/5.0; SLCC2; .NET CLR 2.0.50727; .NET CLR 3.5.30729; .NET CLR 3.0.30729; Media Center PC 6.0; InfoPath.3; .NET4.0C; .NET4.0E)" 867739
192.168.12.61 - - [17/Feb/2013:06:39:11 +0600] "GET /pause/ajaxPause?pauseConfigId=&admin=0 HTTP/1.1" 200 985 "http://callider/pause/index" "Mozilla/4.0 (compatible; MSIE 7.0; Windows NT 6.1; Trident/5.0; SLCC2; .NET CLR 2.0.50727; .NET CLR 3.5.30729; .NET CLR 3.0.30729; Media Center PC 6.0; InfoPath.3; .NET4.0C; .NET4.0E)" 3905139
192.168.65.56 - - [17/Feb/2013:06:39:11 +0600] "GET /pause/ajaxPause?pauseConfigId=all&admin=1 HTTP/1.1" 200 1046 "http://192.168.65.101/pause/index" "Mozilla/5.0 (Windows NT 5.1; rv:15.0) Gecko/20100101 Firefox/15.0" 6880342
192.168.12.60 - - [17/Feb/2013:06:39:13 +0600] "GET /pause/ajaxPause?pauseConfigId=&admin=0 HTTP/1.1" 200 986 "http://callider/pause/index" "Mozilla/4.0 (compatible; MSIE 8.0; Windows NT 6.1; Trident/4.0; InfoPath.3; .NET4.0C; MS-RTC LM 8; .NET4.0E)" 6892340
192.168.74.151 - - [17/Feb/2013:06:39:15 +0600] "GET /pause/ajaxPause?pauseConfigId=&admin=0 HTTP/1.1" 200 988 "http://callider.kontur/pause/index" "Mozilla/5.0 (Windows NT 6.1; WOW64; rv:18.0) Gecko/20100101 Firefox/18.0" 8554988
192.168.12.77 - - [17/Feb/2013:06:39:16 +0600] "GET /pause/ajaxPause?pauseConfigId=&admin=0 HTTP/1.1" 200 1040 "http://callider/pause/index" "Mozilla/4.0 (compatible; MSIE 7.0; Windows NT 6.1; Trident/5.0; SLCC2; .NET CLR 2.0.50727; .NET CLR 3.5.30729; .NET CLR 3.0.30729; Media Center PC 6.0; Tablet PC 2.0; InfoPath.3; .NET4.0C; .NET4.0E; MS-RTC LM 8)" 7666250
192.168.12.61 - - [17/Feb/2013:06:39:16 +0600] "GET /pause/ajaxPause?pauseConfigId=&admin=0 HTTP/1.1" 200 985 "http://callider/pause/index" "Mozilla/4.0 (compatible; MSIE 7.0; Windows NT 6.1; Trident/5.0; SLCC2; .NET CLR 2.0.50727; .NET CLR 3.5.30729; .NET CLR 3.0.30729; Media Center PC 6.0; InfoPath.3; .NET4.0C; .NET4.0E)" 7609856
192.168.12.38 - - [17/Feb/2013:06:39:16 +0600] "GET /pause/ajaxPause?pauseConfigId=&admin=0 HTTP/1.1" 200 1041 "http://callider/pause/index" "Mozilla/4.0 (compatible; MSIE 7.0; Windows NT 6.1; WOW64; Trident/5.0; SLCC2; .NET CLR 2.0.50727; .NET CLR 3.5.30729; .NET CLR 3.0.30729; Media Center PC 6.0; InfoPath.3; .NET4.0C; .NET4.0E)" 7511260
192.168.12.247 - - [17/Feb/2013:06:39:17 +0600] "GET /pause/ajaxPause?pauseConfigId=&admin=0 HTTP/1.1" 200 987 "http://callider/pause/index" "Mozilla/4.0 (compatible; MSIE 7.0; Windows NT 6.1; WOW64; Trident/5.0; SLCC2; .NET CLR 2.0.50727; .NET CLR 3.5.30729; .NET CLR 3.0.30729; Media Center PC 6.0; InfoPath.3; .NET4.0C; .NET4.0E)" 7910826
192.168.12.60 - - [17/Feb/2013:06:39:18 +0600] "GET /pause/ajaxPause?pauseConfigId=&admin=0 HTTP/1.1" 200 987 "http://callider/pause/index" "Mozilla/4.0 (compatible; MSIE 8.0; Windows NT 6.1; Trident/4.0; InfoPath.3; .NET4.0C; MS-RTC LM 8; .NET4.0E)" 7128111
192.168.12.204 - - [17/Feb/2013:06:39:18 +0600] "GET /pause/ajaxPause?pauseConfigId=&admin=0 HTTP/1.1" 200 987 "http://callider/pause/index" "Mozilla/4.0 (compatible; MSIE 7.0; Windows NT 6.1; WOW64; Trident/4.0; SLCC2; .NET CLR 2.0.50727; .NET CLR 3.5.30729; .NET CLR 3.0.30729; Media Center PC 6.0; InfoPath.3; .NET4.0C; .NET4.0E; .NET CLR 1.1.4322)" 6939236
192.168.65.56 - - [17/Feb/2013:06:39:18 +0600] "GET /pause/ajaxPause?pauseConfigId=all&admin=1 HTTP/1.1" 200 1046 "http://192.168.65.101/pause/index" "Mozilla/5.0 (Windows NT 5.1; rv:15.0) Gecko/20100101 Firefox/15.0" 7017160
192.168.12.237 - - [17/Feb/2013:06:39:19 +0600] "GET /pause/ajaxPause?pauseConfigId=&admin=0 HTTP/1.1" 200 988 "http://callider/pause/index" "Mozilla/4.0 (compatible; MSIE 7.0; Windows NT 6.1; Trident/5.0; SLCC2; .NET CLR 2.0.50727; .NET CLR 3.5.30729; .NET CLR 3.0.30729; Media Center PC 6.0; InfoPath.3; .NET4.0C; .NET4.0E)" 7421184
192.168.12.108 - - [17/Feb/2013:06:39:20 +0600] "GET /tv/useUser HTTP/1.1" 200 432 "http://callider/index.php" "Mozilla/4.0 (compatible; MSIE 7.0; Windows NT 6.2; WOW64; Trident/6.0; .NET4.0E; .NET4.0C; InfoPath.3; .NET CLR 3.5.30729; .NET CLR 2.0.50727; .NET CLR 3.0.30729)" 6906300
192.168.12.10 - - [17/Feb/2013:06:39:19 +0600] "GET /tv/useUser HTTP/1.1" 200 432 "http://callider/graph/personal" "Mozilla/4.0 (compatible; MSIE 7.0; Windows NT 6.1; Trident/5.0; SLCC2; .NET CLR 2.0.50727; .NET CLR 3.5.30729; .NET CLR 3.0.30729; Media Center PC 6.0; InfoPath.3; .NET4.0C; .NET4.0E; Tablet PC 2.0; MS-RTC LM 8)" 7243168
192.168.12.69 - - [17/Feb/2013:06:39:20 +0600] "GET /pause/ajaxPause?pauseConfigId=&admin=0 HTTP/1.1" 200 987 "http://callider/pause/index" "Mozilla/4.0 (compatible; MSIE 7.0; Windows NT 6.1; Trident/5.0; SLCC2; .NET CLR 2.0.50727; .NET CLR 3.5.30729; .NET CLR 3.0.30729; Media Center PC 6.0; InfoPath.3; .NET4.0C; .NET4.0E; Tablet PC 2.0; AskTbFXTV5/5.14.1.20007)" 6486299
192.168.74.78 - - [17/Feb/2013:06:39:19 +0600] "GET /pause/ajaxPause?pauseConfigId=&admin=0 HTTP/1.1" 200 987 "http://callider/pause/index" "Mozilla/4.0 (compatible; MSIE 7.0; Windows NT 6.1; WOW64; Trident/5.0; SLCC2; .NET CLR 2.0.50727; .NET CLR 3.5.30729; .NET CLR 3.0.30729; Media Center PC 6.0; InfoPath.3; .NET4.0C; MS-RTC LM 8; .NET4.0E)" 7443564
192.168.74.91 - - [17/Feb/2013:06:39:20 +0600] "GET /pause/ajaxPause?pauseConfigId=&admin=0 HTTP/1.1" 200 987 "http://callider/pause/index" "Mozilla/4.0 (compatible; MSIE 7.0; Windows NT 6.1; WOW64; Trident/5.0; SLCC2; .NET CLR 2.0.50727; .NET CLR 3.5.30729; .NET CLR 3.0.30729; Media Center PC 6.0; InfoPath.3; .NET4.0C; MS-RTC LM 8; .NET4.0E)" 6303549
192.168.12.210 - - [17/Feb/2013:06:39:20 +0600] "GET /pause/ajaxPause?pauseConfigId=all&admin=1 HTTP/1.1" 200 1048 "http://callider/pause/index" "Mozilla/4.0 (compatible; MSIE 7.0; Windows NT 6.1; WOW64; Trident/5.0; SLCC2; .NET CLR 2.0.50727; .NET CLR 3.5.30729; .NET CLR 3.0.30729; Media Center PC 6.0; InfoPath.3; .NET4.0C; .NET4.0E)" 6331727
192.168.12.77 - - [17/Feb/2013:06:39:26 +0600] "GET /pause/ajaxPause?pauseConfigId=&admin=0 HTTP/1.1" 200 1039 "http://callider/pause/index" "Mozilla/4.0 (compatible; MSIE 7.0; Windows NT 6.1; Trident/5.0; SLCC2; .NET CLR 2.0.50727; .NET CLR 3.5.30729; .NET CLR 3.0.30729; Media Center PC 6.0; Tablet PC 2.0; InfoPath.3; .NET4.0C; .NET4.0E; MS-RTC LM 8)" 994458
192.168.12.60 - - [17/Feb/2013:06:39:23 +0600] "GET /pause/ajaxPause?pauseConfigId=&admin=0 HTTP/1.1" 200 986 "http://callider/pause/index" "Mozilla/4.0 (compatible; MSIE 8.0; Windows NT 6.1; Trident/4.0; InfoPath.3; .NET4.0C; MS-RTC LM 8; .NET4.0E)" 4319557
192.168.12.38 - - [17/Feb/2013:06:39:26 +0600] "GET /pause/ajaxPause?pauseConfigId=&admin=0 HTTP/1.1" 200 1040 "http://callider/pause/index" "Mozilla/4.0 (compatible; MSIE 7.0; Windows NT 6.1; WOW64; Trident/5.0; SLCC2; .NET CLR 2.0.50727; .NET CLR 3.5.30729; .NET CLR 3.0.30729; Media Center PC 6.0; InfoPath.3; .NET4.0C; .NET4.0E)" 878577
192.168.74.151 - - [17/Feb/2013:06:39:24 +0600] "GET /pause/ajaxPause?pauseConfigId=&admin=0 HTTP/1.1" 200 987 "http://callider.kontur/pause/index" "Mozilla/5.0 (Windows NT 6.1; WOW64; rv:18.0) Gecko/20100101 Firefox/18.0" 3540004
192.168.12.247 - - [17/Feb/2013:06:39:27 +0600] "GET /pause/ajaxPause?pauseConfigId=&admin=0 HTTP/1.1" 200 986 "http://callider/pause/index" "Mozilla/4.0 (compatible; MSIE 7.0; Windows NT 6.1; WOW64; Trident/5.0; SLCC2; .NET CLR 2.0.50727; .NET CLR 3.5.30729; .NET CLR 3.0.30729; Media Center PC 6.0; InfoPath.3; .NET4.0C; .NET4.0E)" 254480
192.168.65.56 - - [17/Feb/2013:06:39:25 +0600] "GET /pause/ajaxPause?pauseConfigId=all&admin=1 HTTP/1.1" 200 1046 "http://192.168.65.101/pause/index" "Mozilla/5.0 (Windows NT 5.1; rv:15.0) Gecko/20100101 Firefox/15.0" 2112983
192.168.12.61 - - [17/Feb/2013:06:39:21 +0600] "GET /pause/ajaxPause?pauseConfigId=&admin=0 HTTP/1.1" 200 986 "http://callider/pause/index" "Mozilla/4.0 (compatible; MSIE 7.0; Windows NT 6.1; Trident/5.0; SLCC2; .NET CLR 2.0.50727; .NET CLR 3.5.30729; .NET CLR 3.0.30729; Media Center PC 6.0; InfoPath.3; .NET4.0C; .NET4.0E)" 6027805
192.168.12.61 - - [17/Feb/2013:06:39:26 +0600] "GET /pause/ajaxPause?pauseConfigId=&admin=0 HTTP/1.1" 200 985 "http://callider/pause/index" "Mozilla/4.0 (compatible; MSIE 7.0; Windows NT 6.1; Trident/5.0; SLCC2; .NET CLR 2.0.50727; .NET CLR 3.5.30729; .NET CLR 3.0.30729; Media Center PC 6.0; InfoPath.3; .NET4.0C; .NET4.0E)" 1025208
192.168.65.56 - - [17/Feb/2013:06:39:27 +0600] "GET /pause/ajaxPause?pauseConfigId=all&admin=1 HTTP/1.1" 200 1046 "http://192.168.65.101/pause/index" "Mozilla/5.0 (Windows NT 5.1; rv:15.0) Gecko/20100101 Firefox/15.0" 917330
192.168.12.204 - - [17/Feb/2013:06:39:28 +0600] "GET /pause/ajaxPause?pauseConfigId=&admin=0 HTTP/1.1" 200 986 "http://callider/pause/index" "Mozilla/4.0 (compatible; MSIE 7.0; Windows NT 6.1; WOW64; Trident/4.0; SLCC2; .NET CLR 2.0.50727; .NET CLR 3.5.30729; .NET CLR 3.0.30729; Media Center PC 6.0; InfoPath.3; .NET4.0C; .NET4.0E; .NET CLR 1.1.4322)" 431769
192.168.12.60 - - [17/Feb/2013:06:39:28 +0600] "GET /pause/ajaxPause?pauseConfigId=&admin=0 HTTP/1.1" 200 986 "http://callider/pause/index" "Mozilla/4.0 (compatible; MSIE 8.0; Windows NT 6.1; Trident/4.0; InfoPath.3; .NET4.0C; MS-RTC LM 8; .NET4.0E)" 626683
192.168.12.237 - - [17/Feb/2013:06:39:29 +0600] "GET /pause/ajaxPause?pauseConfigId=&admin=0 HTTP/1.1" 200 987 "http://callider/pause/index" "Mozilla/4.0 (compatible; MSIE 7.0; Windows NT 6.1; Trident/5.0; SLCC2; .NET CLR 2.0.50727; .NET CLR 3.5.30729; .NET CLR 3.0.30729; Media Center PC 6.0; InfoPath.3; .NET4.0C; .NET4.0E)" 622489
192.168.74.78 - - [17/Feb/2013:06:39:29 +0600] "GET /pause/ajaxPause?pauseConfigId=&admin=0 HTTP/1.1" 200 986 "http://callider/pause/index" "Mozilla/4.0 (compatible; MSIE 7.0; Windows NT 6.1; WOW64; Trident/5.0; SLCC2; .NET CLR 2.0.50727; .NET CLR 3.5.30729; .NET CLR 3.0.30729; Media Center PC 6.0; InfoPath.3; .NET4.0C; MS-RTC LM 8; .NET4.0E)" 606485
192.168.12.69 - - [17/Feb/2013:06:39:30 +0600] "GET /pause/ajaxPause?pauseConfigId=&admin=0 HTTP/1.1" 200 986 "http://callider/pause/index" "Mozilla/4.0 (compatible; MSIE 7.0; Windows NT 6.1; Trident/5.0; SLCC2; .NET CLR 2.0.50727; .NET CLR 3.5.30729; .NET CLR 3.0.30729; Media Center PC 6.0; InfoPath.3; .NET4.0C; .NET4.0E; Tablet PC 2.0; AskTbFXTV5/5.14.1.20007)" 874134
192.168.74.151 - - [17/Feb/2013:06:39:30 +0600] "GET /pause/ajaxPause?pauseConfigId=&admin=0 HTTP/1.1" 200 987 "http://callider.kontur/pause/index" "Mozilla/5.0 (Windows NT 6.1; WOW64; rv:18.0) Gecko/20100101 Firefox/18.0" 888598
192.168.12.210 - - [17/Feb/2013:06:39:30 +0600] "GET /pause/ajaxPause?pauseConfigId=all&admin=1 HTTP/1.1" 200 1047 "http://callider/pause/index" "Mozilla/4.0 (compatible; MSIE 7.0; Windows NT 6.1; WOW64; Trident/5.0; SLCC2; .NET CLR 2.0.50727; .NET CLR 3.5.30729; .NET CLR 3.0.30729; Media Center PC 6.0; InfoPath.3; .NET4.0C; .NET4.0E)" 812187
192.168.74.91 - - [17/Feb/2013:06:39:30 +0600] "GET /pause/ajaxPause?pauseConfigId=&admin=0 HTTP/1.1" 200 986 "http://callider/pause/index" "Mozilla/4.0 (compatible; MSIE 7.0; Windows NT 6.1; WOW64; Trident/5.0; SLCC2; .NET CLR 2.0.50727; .NET CLR 3.5.30729; .NET CLR 3.0.30729; Media Center PC 6.0; InfoPath.3; .NET4.0C; MS-RTC LM 8; .NET4.0E)" 911537
192.168.12.61 - - [17/Feb/2013:06:39:31 +0600] "GET /pause/ajaxPause?pauseConfigId=&admin=0 HTTP/1.1" 200 985 "http://callider/pause/index" "Mozilla/4.0 (compatible; MSIE 7.0; Windows NT 6.1; Trident/5.0; SLCC2; .NET CLR 2.0.50727; .NET CLR 3.5.30729; .NET CLR 3.0.30729; Media Center PC 6.0; InfoPath.3; .NET4.0C; .NET4.0E)" 1142329
192.168.65.56 - - [17/Feb/2013:06:39:31 +0600] "GET /pause/ajaxPause?pauseConfigId=all&admin=1 HTTP/1.1" 200 1046 "http://192.168.65.101/pause/index" "Mozilla/5.0 (Windows NT 5.1; rv:15.0) Gecko/20100101 Firefox/15.0" 1971510
192.168.12.204 - - [17/Feb/2013:06:39:33 +0600] "GET /pause/ajaxPause?pauseConfigId=&admin=0 HTTP/1.1" 200 986 "http://callider/pause/index" "Mozilla/4.0 (compatible; MSIE 7.0; Windows NT 6.1; WOW64; Trident/4.0; SLCC2; .NET CLR 2.0.50727; .NET CLR 3.5.30729; .NET CLR 3.0.30729; Media Center PC 6.0; InfoPath.3; .NET4.0C; .NET4.0E; .NET CLR 1.1.4322)" 1297349
192.168.12.60 - - [17/Feb/2013:06:39:33 +0600] "GET /pause/ajaxPause?pauseConfigId=&admin=0 HTTP/1.1" 200 986 "http://callider/pause/index" "Mozilla/4.0 (compatible; MSIE 8.0; Windows NT 6.1; Trident/4.0; InfoPath.3; .NET4.0C; MS-RTC LM 8; .NET4.0E)" 1501221
192.168.74.78 - - [17/Feb/2013:06:39:34 +0600] "GET /pause/ajaxPause?pauseConfigId=&admin=0 HTTP/1.1" 200 986 "http://callider/pause/index" "Mozilla/4.0 (compatible; MSIE 7.0; Windows NT 6.1; WOW64; Trident/5.0; SLCC2; .NET CLR 2.0.50727; .NET CLR 3.5.30729; .NET CLR 3.0.30729; Media Center PC 6.0; InfoPath.3; .NET4.0C; MS-RTC LM 8; .NET4.0E)" 460478
192.168.12.67 - - [17/Feb/2013:06:39:34 +0600] "GET /tv/useUser HTTP/1.1" 200 432 "http://callider/graph/personal" "Mozilla/4.0 (compatible; MSIE 7.0; Windows NT 6.1; Trident/5.0; SLCC2; .NET CLR 2.0.50727; .NET CLR 3.5.30729; .NET CLR 3.0.30729; Media Center PC 6.0; .NET4.0C; .NET4.0E; InfoPath.3; Tablet PC 2.0; MS-RTC LM 8)" 298357
192.168.12.237 - - [17/Feb/2013:06:39:34 +0600] "GET /pause/ajaxPause?pauseConfigId=&admin=0 HTTP/1.1" 200 987 "http://callider/pause/index" "Mozilla/4.0 (compatible; MSIE 7.0; Windows NT 6.1; Trident/5.0; SLCC2; .NET CLR 2.0.50727; .NET CLR 3.5.30729; .NET CLR 3.0.30729; Media Center PC 6.0; InfoPath.3; .NET4.0C; .NET4.0E)" 703708
192.168.12.69 - - [17/Feb/2013:06:39:35 +0600] "GET /pause/ajaxPause?pauseConfigId=&admin=0 HTTP/1.1" 200 986 "http://callider/pause/index" "Mozilla/4.0 (compatible; MSIE 7.0; Windows NT 6.1; Trident/5.0; SLCC2; .NET CLR 2.0.50727; .NET CLR 3.5.30729; .NET CLR 3.0.30729; Media Center PC 6.0; InfoPath.3; .NET4.0C; .NET4.0E; Tablet PC 2.0; AskTbFXTV5/5.14.1.20007)" 282791
192.168.74.91 - - [17/Feb/2013:06:39:35 +0600] "GET /pause/ajaxPause?pauseConfigId=&admin=0 HTTP/1.1" 200 986 "http://callider/pause/index" "Mozilla/4.0 (compatible; MSIE 7.0; Windows NT 6.1; WOW64; Trident/5.0; SLCC2; .NET CLR 2.0.50727; .NET CLR 3.5.30729; .NET CLR 3.0.30729; Media Center PC 6.0; InfoPath.3; .NET4.0C; MS-RTC LM 8; .NET4.0E)" 2217405
192.168.12.210 - - [17/Feb/2013:06:39:35 +0600] "GET /pause/ajaxPause?pauseConfigId=all&admin=1 HTTP/1.1" 200 1047 "http://callider/pause/index" "Mozilla/4.0 (compatible; MSIE 7.0; Windows NT 6.1; WOW64; Trident/5.0; SLCC2; .NET CLR 2.0.50727; .NET CLR 3.5.30729; .NET CLR 3.0.30729; Media Center PC 6.0; InfoPath.3; .NET4.0C; .NET4.0E)" 2553249
192.168.12.61 - - [17/Feb/2013:06:39:36 +0600] "GET /pause/ajaxPause?pauseConfigId=&admin=0 HTTP/1.1" 200 985 "http://callider/pause/index" "Mozilla/4.0 (compatible; MSIE 7.0; Windows NT 6.1; Trident/5.0; SLCC2; .NET CLR 2.0.50727; .NET CLR 3.5.30729; .NET CLR 3.0.30729; Media Center PC 6.0; InfoPath.3; .NET4.0C; .NET4.0E)" 1507954
192.168.74.151 - - [17/Feb/2013:06:39:35 +0600] "GET /pause/ajaxPause?pauseConfigId=&admin=0 HTTP/1.1" 200 987 "http://callider.kontur/pause/index" "Mozilla/5.0 (Windows NT 6.1; WOW64; rv:18.0) Gecko/20100101 Firefox/18.0" 2636313
192.168.65.56 - - [17/Feb/2013:06:39:36 +0600] "GET /pause/ajaxPause?pauseConfigId=all&admin=1 HTTP/1.1" 200 1046 "http://192.168.65.101/pause/index" "Mozilla/5.0 (Windows NT 5.1; rv:15.0) Gecko/20100101 Firefox/15.0" 1556214
192.168.74.93 - - [17/Feb/2013:06:39:38 +0600] "GET /tv/useUser HTTP/1.1" 200 432 "http://callider/graph/personal" "Mozilla/4.0 (compatible; MSIE 7.0; Windows NT 6.1; WOW64; Trident/5.0; SLCC2; .NET CLR 2.0.50727; .NET CLR 3.5.30729; .NET CLR 3.0.30729; Media Center PC 6.0; InfoPath.3; .NET4.0C; .NET4.0E)" 468249
192.168.12.60 - - [17/Feb/2013:06:39:38 +0600] "GET /pause/ajaxPause?pauseConfigId=&admin=0 HTTP/1.1" 200 986 "http://callider/pause/index" "Mozilla/4.0 (compatible; MSIE 8.0; Windows NT 6.1; Trident/4.0; InfoPath.3; .NET4.0C; MS-RTC LM 8; .NET4.0E)" 795590
192.168.12.204 - - [17/Feb/2013:06:39:38 +0600] "GET /pause/ajaxPause?pauseConfigId=&admin=0 HTTP/1.1" 200 986 "http://callider/pause/index" "Mozilla/4.0 (compatible; MSIE 7.0; Windows NT 6.1; WOW64; Trident/4.0; SLCC2; .NET CLR 2.0.50727; .NET CLR 3.5.30729; .NET CLR 3.0.30729; Media Center PC 6.0; InfoPath.3; .NET4.0C; .NET4.0E; .NET CLR 1.1.4322)" 862500
192.168.12.210 - - [17/Feb/2013:06:39:39 +0600] "GET /tv/useUser HTTP/1.1" 200 431 "http://callider/graph/general" "Mozilla/4.0 (compatible; MSIE 7.0; Windows NT 6.1; WOW64; Trident/5.0; SLCC2; .NET CLR 2.0.50727; .NET CLR 3.5.30729; .NET CLR 3.0.30729; Media Center PC 6.0; InfoPath.3; .NET4.0C; .NET4.0E)" 341647
192.168.12.237 - - [17/Feb/2013:06:39:39 +0600] "GET /pause/ajaxPause?pauseConfigId=&admin=0 HTTP/1.1" 200 987 "http://callider/pause/index" "Mozilla/4.0 (compatible; MSIE 7.0; Windows NT 6.1; Trident/5.0; SLCC2; .NET CLR 2.0.50727; .NET CLR 3.5.30729; .NET CLR 3.0.30729; Media Center PC 6.0; InfoPath.3; .NET4.0C; .NET4.0E)" 372953
192.168.74.78 - - [17/Feb/2013:06:39:39 +0600] "GET /pause/ajaxPause?pauseConfigId=&admin=0 HTTP/1.1" 200 986 "http://callider/pause/index" "Mozilla/4.0 (compatible; MSIE 7.0; Windows NT 6.1; WOW64; Trident/5.0; SLCC2; .NET CLR 2.0.50727; .NET CLR 3.5.30729; .NET CLR 3.0.30729; Media Center PC 6.0; InfoPath.3; .NET4.0C; MS-RTC LM 8; .NET4.0E)" 149823
192.168.12.69 - - [17/Feb/2013:06:39:40 +0600] "GET /pause/ajaxPause?pauseConfigId=&admin=0 HTTP/1.1" 200 986 "http://callider/pause/index" "Mozilla/4.0 (compatible; MSIE 7.0; Windows NT 6.1; Trident/5.0; SLCC2; .NET CLR 2.0.50727; .NET CLR 3.5.30729; .NET CLR 3.0.30729; Media Center PC 6.0; InfoPath.3; .NET4.0C; .NET4.0E; Tablet PC 2.0; AskTbFXTV5/5.14.1.20007)" 561663
192.168.12.9 - - [17/Feb/2013:06:39:41 +0600] "GET /tv/useUser HTTP/1.1" 200 432 "http://callider.kontur/site/index" "Mozilla/5.0 (Windows NT 6.1; WOW64) AppleWebKit/537.17 (KHTML, like Gecko) Chrome/24.0.1312.57 Safari/537.17" 488681
192.168.12.210 - - [17/Feb/2013:06:39:40 +0600] "GET /pause/ajaxPause?pauseConfigId=all&admin=1 HTTP/1.1" 200 1047 "http://callider/pause/index" "Mozilla/4.0 (compatible; MSIE 7.0; Windows NT 6.1; WOW64; Trident/5.0; SLCC2; .NET CLR 2.0.50727; .NET CLR 3.5.30729; .NET CLR 3.0.30729; Media Center PC 6.0; InfoPath.3; .NET4.0C; .NET4.0E)" 971591
192.168.74.91 - - [17/Feb/2013:06:39:40 +0600] "GET /pause/ajaxPause?pauseConfigId=&admin=0 HTTP/1.1" 200 986 "http://callider/pause/index" "Mozilla/4.0 (compatible; MSIE 7.0; Windows NT 6.1; WOW64; Trident/5.0; SLCC2; .NET CLR 2.0.50727; .NET CLR 3.5.30729; .NET CLR 3.0.30729; Media Center PC 6.0; InfoPath.3; .NET4.0C; MS-RTC LM 8; .NET4.0E)" 1075205
192.168.74.151 - - [17/Feb/2013:06:39:40 +0600] "GET /pause/ajaxPause?pauseConfigId=&admin=0 HTTP/1.1" 200 987 "http://callider.kontur/pause/index" "Mozilla/5.0 (Windows NT 6.1; WOW64; rv:18.0) Gecko/20100101 Firefox/18.0" 1058372
192.168.12.61 - - [17/Feb/2013:06:39:41 +0600] "GET /pause/ajaxPause?pauseConfigId=&admin=0 HTTP/1.1" 200 985 "http://callider/pause/index" "Mozilla/4.0 (compatible; MSIE 7.0; Windows NT 6.1; Trident/5.0; SLCC2; .NET CLR 2.0.50727; .NET CLR 3.5.30729; .NET CLR 3.0.30729; Media Center PC 6.0; InfoPath.3; .NET4.0C; .NET4.0E)" 383689
192.168.65.56 - - [17/Feb/2013:06:39:41 +0600] "GET /pause/ajaxPause?pauseConfigId=all&admin=1 HTTP/1.1" 200 1046 "http://192.168.65.101/pause/index" "Mozilla/5.0 (Windows NT 5.1; rv:15.0) Gecko/20100101 Firefox/15.0" 447846
192.168.12.60 - - [17/Feb/2013:06:39:43 +0600] "GET /pause/ajaxPause?pauseConfigId=&admin=0 HTTP/1.1" 200 986 "http://callider/pause/index" "Mozilla/4.0 (compatible; MSIE 8.0; Windows NT 6.1; Trident/4.0; InfoPath.3; .NET4.0C; MS-RTC LM 8; .NET4.0E)" 637891
192.168.12.204 - - [17/Feb/2013:06:39:43 +0600] "GET /pause/ajaxPause?pauseConfigId=&admin=0 HTTP/1.1" 200 986 "http://callider/pause/index" "Mozilla/4.0 (compatible; MSIE 7.0; Windows NT 6.1; WOW64; Trident/4.0; SLCC2; .NET CLR 2.0.50727; .NET CLR 3.5.30729; .NET CLR 3.0.30729; Media Center PC 6.0; InfoPath.3; .NET4.0C; .NET4.0E; .NET CLR 1.1.4322)" 1485785
192.168.74.78 - - [17/Feb/2013:06:39:44 +0600] "GET /pause/ajaxPause?pauseConfigId=&admin=0 HTTP/1.1" 200 986 "http://callider/pause/index" "Mozilla/4.0 (compatible; MSIE 7.0; Windows NT 6.1; WOW64; Trident/5.0; SLCC2; .NET CLR 2.0.50727; .NET CLR 3.5.30729; .NET CLR 3.0.30729; Media Center PC 6.0; InfoPath.3; .NET4.0C; MS-RTC LM 8; .NET4.0E)" 762568
192.168.12.237 - - [17/Feb/2013:06:39:44 +0600] "GET /pause/ajaxPause?pauseConfigId=&admin=0 HTTP/1.1" 200 987 "http://callider/pause/index" "Mozilla/4.0 (compatible; MSIE 7.0; Windows NT 6.1; Trident/5.0; SLCC2; .NET CLR 2.0.50727; .NET CLR 3.5.30729; .NET CLR 3.0.30729; Media Center PC 6.0; InfoPath.3; .NET4.0C; .NET4.0E)" 1002149
192.168.12.69 - - [17/Feb/2013:06:39:45 +0600] "GET /pause/ajaxPause?pauseConfigId=&admin=0 HTTP/1.1" 200 986 "http://callider/pause/index" "Mozilla/4.0 (compatible; MSIE 7.0; Windows NT 6.1; Trident/5.0; SLCC2; .NET CLR 2.0.50727; .NET CLR 3.5.30729; .NET CLR 3.0.30729; Media Center PC 6.0; InfoPath.3; .NET4.0C; .NET4.0E; Tablet PC 2.0; AskTbFXTV5/5.14.1.20007)" 205250
192.168.74.91 - - [17/Feb/2013:06:39:45 +0600] "GET /pause/ajaxPause?pauseConfigId=&admin=0 HTTP/1.1" 200 986 "http://callider/pause/index" "Mozilla/4.0 (compatible; MSIE 7.0; Windows NT 6.1; WOW64; Trident/5.0; SLCC2; .NET CLR 2.0.50727; .NET CLR 3.5.30729; .NET CLR 3.0.30729; Media Center PC 6.0; InfoPath.3; .NET4.0C; MS-RTC LM 8; .NET4.0E)" 171158
192.168.74.151 - - [17/Feb/2013:06:39:45 +0600] "GET /pause/ajaxPause?pauseConfigId=&admin=0 HTTP/1.1" 200 987 "http://callider.kontur/pause/index" "Mozilla/5.0 (Windows NT 6.1; WOW64; rv:18.0) Gecko/20100101 Firefox/18.0" 693556
192.168.12.210 - - [17/Feb/2013:06:39:45 +0600] "GET /pause/ajaxPause?pauseConfigId=all&admin=1 HTTP/1.1" 200 1047 "http://callider/pause/index" "Mozilla/4.0 (compatible; MSIE 7.0; Windows NT 6.1; WOW64; Trident/5.0; SLCC2; .NET CLR 2.0.50727; .NET CLR 3.5.30729; .NET CLR 3.0.30729; Media Center PC 6.0; InfoPath.3; .NET4.0C; .NET4.0E)" 714052
192.168.65.56 - - [17/Feb/2013:06:39:46 +0600] "GET /pause/ajaxPause?pauseConfigId=all&admin=1 HTTP/1.1" 200 1046 "http://192.168.65.101/pause/index" "Mozilla/5.0 (Windows NT 5.1; rv:15.0) Gecko/20100101 Firefox/15.0" 58783
192.168.12.61 - - [17/Feb/2013:06:39:46 +0600] "GET /pause/ajaxPause?pauseConfigId=&admin=0 HTTP/1.1" 200 985 "http://callider/pause/index" "Mozilla/4.0 (compatible; MSIE 7.0; Windows NT 6.1; Trident/5.0; SLCC2; .NET CLR 2.0.50727; .NET CLR 3.5.30729; .NET CLR 3.0.30729; Media Center PC 6.0; InfoPath.3; .NET4.0C; .NET4.0E)" 292589
192.168.12.60 - - [17/Feb/2013:06:39:48 +0600] "GET /pause/ajaxPause?pauseConfigId=&admin=0 HTTP/1.1" 200 986 "http://callider/pause/index" "Mozilla/4.0 (compatible; MSIE 8.0; Windows NT 6.1; Trident/4.0; InfoPath.3; .NET4.0C; MS-RTC LM 8; .NET4.0E)" 23600
192.168.12.204 - - [17/Feb/2013:06:39:48 +0600] "GET /pause/ajaxPause?pauseConfigId=&admin=0 HTTP/1.1" 200 986 "http://callider/pause/index" "Mozilla/4.0 (compatible; MSIE 7.0; Windows NT 6.1; WOW64; Trident/4.0; SLCC2; .NET CLR 2.0.50727; .NET CLR 3.5.30729; .NET CLR 3.0.30729; Media Center PC 6.0; InfoPath.3; .NET4.0C; .NET4.0E; .NET CLR 1.1.4322)" 21647
192.168.12.210 - - [17/Feb/2013:06:39:49 +0600] "GET /tv/useUser HTTP/1.1" 200 431 "http://callider/pause/index" "Mozilla/4.0 (compatible; MSIE 7.0; Windows NT 6.1; WOW64; Trident/5.0; SLCC2; .NET CLR 2.0.50727; .NET CLR 3.5.30729; .NET CLR 3.0.30729; Media Center PC 6.0; InfoPath.3; .NET4.0C; .NET4.0E)" 94410
192.168.12.237 - - [17/Feb/2013:06:39:49 +0600] "GET /pause/ajaxPause?pauseConfigId=&admin=0 HTTP/1.1" 200 987 "http://callider/pause/index" "Mozilla/4.0 (compatible; MSIE 7.0; Windows NT 6.1; Trident/5.0; SLCC2; .NET CLR 2.0.50727; .NET CLR 3.5.30729; .NET CLR 3.0.30729; Media Center PC 6.0; InfoPath.3; .NET4.0C; .NET4.0E)" 92699
192.168.74.78 - - [17/Feb/2013:06:39:49 +0600] "GET /pause/ajaxPause?pauseConfigId=&admin=0 HTTP/1.1" 200 986 "http://callider/pause/index" "Mozilla/4.0 (compatible; MSIE 7.0; Windows NT 6.1; WOW64; Trident/5.0; SLCC2; .NET CLR 2.0.50727; .NET CLR 3.5.30729; .NET CLR 3.0.30729; Media Center PC 6.0; InfoPath.3; .NET4.0C; MS-RTC LM 8; .NET4.0E)" 25087
192.168.12.69 - - [17/Feb/2013:06:39:50 +0600] "GET /pause/ajaxPause?pauseConfigId=&admin=0 HTTP/1.1" 200 986 "http://callider/pause/index" "Mozilla/4.0 (compatible; MSIE 7.0; Windows NT 6.1; Trident/5.0; SLCC2; .NET CLR 2.0.50727; .NET CLR 3.5.30729; .NET CLR 3.0.30729; Media Center PC 6.0; InfoPath.3; .NET4.0C; .NET4.0E; Tablet PC 2.0; AskTbFXTV5/5.14.1.20007)" 21046
192.168.74.91 - - [17/Feb/2013:06:39:50 +0600] "GET /pause/ajaxPause?pauseConfigId=&admin=0 HTTP/1.1" 200 986 "http://callider/pause/index" "Mozilla/4.0 (compatible; MSIE 7.0; Windows NT 6.1; WOW64; Trident/5.0; SLCC2; .NET CLR 2.0.50727; .NET CLR 3.5.30729; .NET CLR 3.0.30729; Media Center PC 6.0; InfoPath.3; .NET4.0C; MS-RTC LM 8; .NET4.0E)" 33262
192.168.74.151 - - [17/Feb/2013:06:39:50 +0600] "GET /pause/ajaxPause?pauseConfigId=&admin=0 HTTP/1.1" 200 987 "http://callider.kontur/pause/index" "Mozilla/5.0 (Windows NT 6.1; WOW64; rv:18.0) Gecko/20100101 Firefox/18.0" 27016
192.168.12.210 - - [17/Feb/2013:06:39:50 +0600] "GET /pause/ajaxPause?pauseConfigId=all&admin=1 HTTP/1.1" 200 1047 "http://callider/pause/index" "Mozilla/4.0 (compatible; MSIE 7.0; Windows NT 6.1; WOW64; Trident/5.0; SLCC2; .NET CLR 2.0.50727; .NET CLR 3.5.30729; .NET CLR 3.0.30729; Media Center PC 6.0; InfoPath.3; .NET4.0C; .NET4.0E)" 24080
192.168.65.56 - - [17/Feb/2013:06:39:51 +0600] "GET /pause/ajaxPause?pauseConfigId=all&admin=1 HTTP/1.1" 200 1046 "http://192.168.65.101/pause/index" "Mozilla/5.0 (Windows NT 5.1; rv:15.0) Gecko/20100101 Firefox/15.0" 24975
192.168.12.61 - - [17/Feb/2013:06:39:51 +0600] "GET /pause/ajaxPause?pauseConfigId=&admin=0 HTTP/1.1" 200 985 "http://callider/pause/index" "Mozilla/4.0 (compatible; MSIE 7.0; Windows NT 6.1; Trident/5.0; SLCC2; .NET CLR 2.0.50727; .NET CLR 3.5.30729; .NET CLR 3.0.30729; Media Center PC 6.0; InfoPath.3; .NET4.0C; .NET4.0E)" 18846
192.168.65.56 - - [17/Feb/2013:06:39:51 +0600] "GET /tv/useUser HTTP/1.1" 200 431 "http://192.168.65.101/pause/index" "Mozilla/5.0 (Windows NT 5.1; rv:15.0) Gecko/20100101 Firefox/15.0" 9731
192.168.12.60 - - [17/Feb/2013:06:39:53 +0600] "GET /pause/ajaxPause?pauseConfigId=&admin=0 HTTP/1.1" 200 986 "http://callider/pause/index" "Mozilla/4.0 (compatible; MSIE 8.0; Windows NT 6.1; Trident/4.0; InfoPath.3; .NET4.0C; MS-RTC LM 8; .NET4.0E)" 18181
192.168.12.204 - - [17/Feb/2013:06:39:53 +0600] "GET /pause/ajaxPause?pauseConfigId=&admin=0 HTTP/1.1" 200 986 "http://callider/pause/index" "Mozilla/4.0 (compatible; MSIE 7.0; Windows NT 6.1; WOW64; Trident/4.0; SLCC2; .NET CLR 2.0.50727; .NET CLR 3.5.30729; .NET CLR 3.0.30729; Media Center PC 6.0; InfoPath.3; .NET4.0C; .NET4.0E; .NET CLR 1.1.4322)" 19974
192.168.12.237 - - [17/Feb/2013:06:39:54 +0600] "GET /pause/ajaxPause?pauseConfigId=&admin=0 HTTP/1.1" 200 987 "http://callider/pause/index" "Mozilla/4.0 (compatible; MSIE 7.0; Windows NT 6.1; Trident/5.0; SLCC2; .NET CLR 2.0.50727; .NET CLR 3.5.30729; .NET CLR 3.0.30729; Media Center PC 6.0; InfoPath.3; .NET4.0C; .NET4.0E)" 19069
192.168.74.78 - - [17/Feb/2013:06:39:54 +0600] "GET /pause/ajaxPause?pauseConfigId=&admin=0 HTTP/1.1" 200 986 "http://callider/pause/index" "Mozilla/4.0 (compatible; MSIE 7.0; Windows NT 6.1; WOW64; Trident/5.0; SLCC2; .NET CLR 2.0.50727; .NET CLR 3.5.30729; .NET CLR 3.0.30729; Media Center PC 6.0; InfoPath.3; .NET4.0C; MS-RTC LM 8; .NET4.0E)" 18559
192.168.12.69 - - [17/Feb/2013:06:39:55 +0600] "GET /pause/ajaxPause?pauseConfigId=&admin=0 HTTP/1.1" 200 986 "http://callider/pause/index" "Mozilla/4.0 (compatible; MSIE 7.0; Windows NT 6.1; Trident/5.0; SLCC2; .NET CLR 2.0.50727; .NET CLR 3.5.30729; .NET CLR 3.0.30729; Media Center PC 6.0; InfoPath.3; .NET4.0C; .NET4.0E; Tablet PC 2.0; AskTbFXTV5/5.14.1.20007)" 20484
192.168.74.91 - - [17/Feb/2013:06:39:55 +0600] "GET /pause/ajaxPause?pauseConfigId=&admin=0 HTTP/1.1" 200 986 "http://callider/pause/index" "Mozilla/4.0 (compatible; MSIE 7.0; Windows NT 6.1; WOW64; Trident/5.0; SLCC2; .NET CLR 2.0.50727; .NET CLR 3.5.30729; .NET CLR 3.0.30729; Media Center PC 6.0; InfoPath.3; .NET4.0C; MS-RTC LM 8; .NET4.0E)" 26146
192.168.74.151 - - [17/Feb/2013:06:39:55 +0600] "GET /pause/ajaxPause?pauseConfigId=&admin=0 HTTP/1.1" 200 987 "http://callider.kontur/pause/index" "Mozilla/5.0 (Windows NT 6.1; WOW64; rv:18.0) Gecko/20100101 Firefox/18.0" 21225
192.168.12.210 - - [17/Feb/2013:06:39:55 +0600] "GET /pause/ajaxPause?pauseConfigId=all&admin=1 HTTP/1.1" 200 1047 "http://callider/pause/index" "Mozilla/4.0 (compatible; MSIE 7.0; Windows NT 6.1; WOW64; Trident/5.0; SLCC2; .NET CLR 2.0.50727; .NET CLR 3.5.30729; .NET CLR 3.0.30729; Media Center PC 6.0; InfoPath.3; .NET4.0C; .NET4.0E)" 18090
192.168.65.56 - - [17/Feb/2013:06:39:56 +0600] "GET /pause/ajaxPause?pauseConfigId=all&admin=1 HTTP/1.1" 200 1046 "http://192.168.65.101/pause/index" "Mozilla/5.0 (Windows NT 5.1; rv:15.0) Gecko/20100101 Firefox/15.0" 27493
192.168.12.61 - - [17/Feb/2013:06:39:56 +0600] "GET /pause/ajaxPause?pauseConfigId=&admin=0 HTTP/1.1" 200 986 "http://callider/pause/index" "Mozilla/4.0 (compatible; MSIE 7.0; Windows NT 6.1; Trident/5.0; SLCC2; .NET CLR 2.0.50727; .NET CLR 3.5.30729; .NET CLR 3.0.30729; Media Center PC 6.0; InfoPath.3; .NET4.0C; .NET4.0E)" 51784
192.168.12.60 - - [17/Feb/2013:06:39:58 +0600] "GET /pause/ajaxPause?pauseConfigId=&admin=0 HTTP/1.1" 200 986 "http://callider/pause/index" "Mozilla/4.0 (compatible; MSIE 8.0; Windows NT 6.1; Trident/4.0; InfoPath.3; .NET4.0C; MS-RTC LM 8; .NET4.0E)" 20744
192.168.12.204 - - [17/Feb/2013:06:39:58 +0600] "GET /pause/ajaxPause?pauseConfigId=&admin=0 HTTP/1.1" 200 986 "http://callider/pause/index" "Mozilla/4.0 (compatible; MSIE 7.0; Windows NT 6.1; WOW64; Trident/4.0; SLCC2; .NET CLR 2.0.50727; .NET CLR 3.5.30729; .NET CLR 3.0.30729; Media Center PC 6.0; InfoPath.3; .NET4.0C; .NET4.0E; .NET CLR 1.1.4322)" 20449
192.168.12.237 - - [17/Feb/2013:06:39:59 +0600] "GET /pause/ajaxPause?pauseConfigId=&admin=0 HTTP/1.1" 200 987 "http://callider/pause/index" "Mozilla/4.0 (compatible; MSIE 7.0; Windows NT 6.1; Trident/5.0; SLCC2; .NET CLR 2.0.50727; .NET CLR 3.5.30729; .NET CLR 3.0.30729; Media Center PC 6.0; InfoPath.3; .NET4.0C; .NET4.0E)" 21433
192.168.74.78 - - [17/Feb/2013:06:39:59 +0600] "GET /pause/ajaxPause?pauseConfigId=&admin=0 HTTP/1.1" 200 986 "http://callider/pause/index" "Mozilla/4.0 (compatible; MSIE 7.0; Windows NT 6.1; WOW64; Trident/5.0; SLCC2; .NET CLR 2.0.50727; .NET CLR 3.5.30729; .NET CLR 3.0.30729; Media Center PC 6.0; InfoPath.3; .NET4.0C; MS-RTC LM 8; .NET4.0E)" 19824
192.168.12.69 - - [17/Feb/2013:06:40:00 +0600] "GET /pause/ajaxPause?pauseConfigId=&admin=0 HTTP/1.1" 200 986 "http://callider/pause/index" "Mozilla/4.0 (compatible; MSIE 7.0; Windows NT 6.1; Trident/5.0; SLCC2; .NET CLR 2.0.50727; .NET CLR 3.5.30729; .NET CLR 3.0.30729; Media Center PC 6.0; InfoPath.3; .NET4.0C; .NET4.0E; Tablet PC 2.0; AskTbFXTV5/5.14.1.20007)" 22234
192.168.74.91 - - [17/Feb/2013:06:40:00 +0600] "GET /pause/ajaxPause?pauseConfigId=&admin=0 HTTP/1.1" 200 986 "http://callider/pause/index" "Mozilla/4.0 (compatible; MSIE 7.0; Windows NT 6.1; WOW64; Trident/5.0; SLCC2; .NET CLR 2.0.50727; .NET CLR 3.5.30729; .NET CLR 3.0.30729; Media Center PC 6.0; InfoPath.3; .NET4.0C; MS-RTC LM 8; .NET4.0E)" 31258
192.168.74.151 - - [17/Feb/2013:06:40:00 +0600] "GET /pause/ajaxPause?pauseConfigId=&admin=0 HTTP/1.1" 200 987 "http://callider.kontur/pause/index" "Mozilla/5.0 (Windows NT 6.1; WOW64; rv:18.0) Gecko/20100101 Firefox/18.0" 19192
192.168.64.119 - - [17/Feb/2013:06:40:00 +0600] "GET / HTTP/1.1" 302 454 "-" "Mozilla/4.0 (compatible; MSIE 8.0; Windows NT 5.2; Trident/4.0)" 92617
192.168.64.119 - - [17/Feb/2013:06:40:00 +0600] "HEAD / HTTP/1.0" 302 435 "-" "WhatsUp/1.0" 248816
192.168.12.210 - - [17/Feb/2013:06:40:00 +0600] "GET /pause/ajaxPause?pauseConfigId=all&admin=1 HTTP/1.1" 200 1047 "http://callider/pause/index" "Mozilla/4.0 (compatible; MSIE 7.0; Windows NT 6.1; WOW64; Trident/5.0; SLCC2; .NET CLR 2.0.50727; .NET CLR 3.5.30729; .NET CLR 3.0.30729; Media Center PC 6.0; InfoPath.3; .NET4.0C; .NET4.0E)" 26195
192.168.65.56 - - [17/Feb/2013:06:40:01 +0600] "GET /pause/ajaxPause?pauseConfigId=all&admin=1 HTTP/1.1" 200 1046 "http://192.168.65.101/pause/index" "Mozilla/5.0 (Windows NT 5.1; rv:15.0) Gecko/20100101 Firefox/15.0" 26378
192.168.12.61 - - [17/Feb/2013:06:40:01 +0600] "GET /pause/ajaxPause?pauseConfigId=&admin=0 HTTP/1.1" 200 985 "http://callider/pause/index" "Mozilla/4.0 (compatible; MSIE 7.0; Windows NT 6.1; Trident/5.0; SLCC2; .NET CLR 2.0.50727; .NET CLR 3.5.30729; .NET CLR 3.0.30729; Media Center PC 6.0; InfoPath.3; .NET4.0C; .NET4.0E)" 25962
192.168.64.119 - - [17/Feb/2013:06:40:00 +0600] "GET /site/login HTTP/1.1" 200 7423 "-" "Mozilla/4.0 (compatible; MSIE 8.0; Windows NT 5.2; Trident/4.0)" 1183712
192.168.12.60 - - [17/Feb/2013:06:40:03 +0600] "GET /pause/ajaxPause?pauseConfigId=&admin=0 HTTP/1.1" 200 986 "http://callider/pause/index" "Mozilla/4.0 (compatible; MSIE 8.0; Windows NT 6.1; Trident/4.0; InfoPath.3; .NET4.0C; MS-RTC LM 8; .NET4.0E)" 22315
192.168.12.204 - - [17/Feb/2013:06:40:03 +0600] "GET /pause/ajaxPause?pauseConfigId=&admin=0 HTTP/1.1" 200 986 "http://callider/pause/index" "Mozilla/4.0 (compatible; MSIE 7.0; Windows NT 6.1; WOW64; Trident/4.0; SLCC2; .NET CLR 2.0.50727; .NET CLR 3.5.30729; .NET CLR 3.0.30729; Media Center PC 6.0; InfoPath.3; .NET4.0C; .NET4.0E; .NET CLR 1.1.4322)" 24914
192.168.12.237 - - [17/Feb/2013:06:40:04 +0600] "GET /pause/ajaxPause?pauseConfigId=&admin=0 HTTP/1.1" 200 987 "http://callider/pause/index" "Mozilla/4.0 (compatible; MSIE 7.0; Windows NT 6.1; Trident/5.0; SLCC2; .NET CLR 2.0.50727; .NET CLR 3.5.30729; .NET CLR 3.0.30729; Media Center PC 6.0; InfoPath.3; .NET4.0C; .NET4.0E)" 29062
192.168.74.78 - - [17/Feb/2013:06:40:04 +0600] "GET /pause/ajaxPause?pauseConfigId=&admin=0 HTTP/1.1" 200 986 "http://callider/pause/index" "Mozilla/4.0 (compatible; MSIE 7.0; Windows NT 6.1; WOW64; Trident/5.0; SLCC2; .NET CLR 2.0.50727; .NET CLR 3.5.30729; .NET CLR 3.0.30729; Media Center PC 6.0; InfoPath.3; .NET4.0C; MS-RTC LM 8; .NET4.0E)" 21430
192.168.12.69 - - [17/Feb/2013:06:40:05 +0600] "GET /pause/ajaxPause?pauseConfigId=&admin=0 HTTP/1.1" 200 986 "http://callider/pause/index" "Mozilla/4.0 (compatible; MSIE 7.0; Windows NT 6.1; Trident/5.0; SLCC2; .NET CLR 2.0.50727; .NET CLR 3.5.30729; .NET CLR 3.0.30729; Media Center PC 6.0; InfoPath.3; .NET4.0C; .NET4.0E; Tablet PC 2.0; AskTbFXTV5/5.14.1.20007)" 27663
192.168.12.61 - - [17/Feb/2013:06:40:05 +0600] "GET /tv/useUser HTTP/1.1" 200 431 "http://callider/pause/index" "Mozilla/4.0 (compatible; MSIE 7.0; Windows NT 6.1; Trident/5.0; SLCC2; .NET CLR 2.0.50727; .NET CLR 3.5.30729; .NET CLR 3.0.30729; Media Center PC 6.0; InfoPath.3; .NET4.0C; .NET4.0E)" 15107
192.168.74.91 - - [17/Feb/2013:06:40:05 +0600] "GET /pause/ajaxPause?pauseConfigId=&admin=0 HTTP/1.1" 200 986 "http://callider/pause/index" "Mozilla/4.0 (compatible; MSIE 7.0; Windows NT 6.1; WOW64; Trident/5.0; SLCC2; .NET CLR 2.0.50727; .NET CLR 3.5.30729; .NET CLR 3.0.30729; Media Center PC 6.0; InfoPath.3; .NET4.0C; MS-RTC LM 8; .NET4.0E)" 22870
192.168.74.151 - - [17/Feb/2013:06:40:05 +0600] "GET /pause/ajaxPause?pauseConfigId=&admin=0 HTTP/1.1" 200 987 "http://callider.kontur/pause/index" "Mozilla/5.0 (Windows NT 6.1; WOW64; rv:18.0) Gecko/20100101 Firefox/18.0" 24044
192.168.12.210 - - [17/Feb/2013:06:40:05 +0600] "GET /pause/ajaxPause?pauseConfigId=all&admin=1 HTTP/1.1" 200 1047 "http://callider/pause/index" "Mozilla/4.0 (compatible; MSIE 7.0; Windows NT 6.1; WOW64; Trident/5.0; SLCC2; .NET CLR 2.0.50727; .NET CLR 3.5.30729; .NET CLR 3.0.30729; Media Center PC 6.0; InfoPath.3; .NET4.0C; .NET4.0E)" 27161
192.168.65.56 - - [17/Feb/2013:06:40:06 +0600] "GET /pause/ajaxPause?pauseConfigId=all&admin=1 HTTP/1.1" 200 1046 "http://192.168.65.101/pause/index" "Mozilla/5.0 (Windows NT 5.1; rv:15.0) Gecko/20100101 Firefox/15.0" 27415
192.168.12.61 - - [17/Feb/2013:06:40:06 +0600] "GET /pause/ajaxPause?pauseConfigId=&admin=0 HTTP/1.1" 200 985 "http://callider/pause/index" "Mozilla/4.0 (compatible; MSIE 7.0; Windows NT 6.1; Trident/5.0; SLCC2; .NET CLR 2.0.50727; .NET CLR 3.5.30729; .NET CLR 3.0.30729; Media Center PC 6.0; InfoPath.3; .NET4.0C; .NET4.0E)" 20237
192.168.12.60 - - [17/Feb/2013:06:40:08 +0600] "GET /pause/ajaxPause?pauseConfigId=&admin=0 HTTP/1.1" 200 986 "http://callider/pause/index" "Mozilla/4.0 (compatible; MSIE 8.0; Windows NT 6.1; Trident/4.0; InfoPath.3; .NET4.0C; MS-RTC LM 8; .NET4.0E)" 22049
192.168.12.204 - - [17/Feb/2013:06:40:08 +0600] "GET /pause/ajaxPause?pauseConfigId=&admin=0 HTTP/1.1" 200 986 "http://callider/pause/index" "Mozilla/4.0 (compatible; MSIE 7.0; Windows NT 6.1; WOW64; Trident/4.0; SLCC2; .NET CLR 2.0.50727; .NET CLR 3.5.30729; .NET CLR 3.0.30729; Media Center PC 6.0; InfoPath.3; .NET4.0C; .NET4.0E; .NET CLR 1.1.4322)" 18419
192.168.12.237 - - [17/Feb/2013:06:40:09 +0600] "GET /pause/ajaxPause?pauseConfigId=&admin=0 HTTP/1.1" 200 987 "http://callider/pause/index" "Mozilla/4.0 (compatible; MSIE 7.0; Windows NT 6.1; Trident/5.0; SLCC2; .NET CLR 2.0.50727; .NET CLR 3.5.30729; .NET CLR 3.0.30729; Media Center PC 6.0; InfoPath.3; .NET4.0C; .NET4.0E)" 19193
192.168.74.78 - - [17/Feb/2013:06:40:09 +0600] "GET /pause/ajaxPause?pauseConfigId=&admin=0 HTTP/1.1" 200 986 "http://callider/pause/index" "Mozilla/4.0 (compatible; MSIE 7.0; Windows NT 6.1; WOW64; Trident/5.0; SLCC2; .NET CLR 2.0.50727; .NET CLR 3.5.30729; .NET CLR 3.0.30729; Media Center PC 6.0; InfoPath.3; .NET4.0C; MS-RTC LM 8; .NET4.0E)" 17631
192.168.12.69 - - [17/Feb/2013:06:40:10 +0600] "GET /pause/ajaxPause?pauseConfigId=&admin=0 HTTP/1.1" 200 986 "http://callider/pause/index" "Mozilla/4.0 (compatible; MSIE 7.0; Windows NT 6.1; Trident/5.0; SLCC2; .NET CLR 2.0.50727; .NET CLR 3.5.30729; .NET CLR 3.0.30729; Media Center PC 6.0; InfoPath.3; .NET4.0C; .NET4.0E; Tablet PC 2.0; AskTbFXTV5/5.14.1.20007)" 21116
192.168.74.91 - - [17/Feb/2013:06:40:10 +0600] "GET /pause/ajaxPause?pauseConfigId=&admin=0 HTTP/1.1" 200 986 "http://callider/pause/index" "Mozilla/4.0 (compatible; MSIE 7.0; Windows NT 6.1; WOW64; Trident/5.0; SLCC2; .NET CLR 2.0.50727; .NET CLR 3.5.30729; .NET CLR 3.0.30729; Media Center PC 6.0; InfoPath.3; .NET4.0C; MS-RTC LM 8; .NET4.0E)" 23753
192.168.74.151 - - [17/Feb/2013:06:40:10 +0600] "GET /pause/ajaxPause?pauseConfigId=&admin=0 HTTP/1.1" 200 987 "http://callider.kontur/pause/index" "Mozilla/5.0 (Windows NT 6.1; WOW64; rv:18.0) Gecko/20100101 Firefox/18.0" 18894
192.168.12.210 - - [17/Feb/2013:06:40:10 +0600] "GET /pause/ajaxPause?pauseConfigId=all&admin=1 HTTP/1.1" 200 1047 "http://callider/pause/index" "Mozilla/4.0 (compatible; MSIE 7.0; Windows NT 6.1; WOW64; Trident/5.0; SLCC2; .NET CLR 2.0.50727; .NET CLR 3.5.30729; .NET CLR 3.0.30729; Media Center PC 6.0; InfoPath.3; .NET4.0C; .NET4.0E)" 21802
192.168.12.42 - - [17/Feb/2013:06:40:11 +0600] "GET /tv/useUser HTTP/1.1" 200 432 "http://callider/graph/personal" "Mozilla/4.0 (compatible; MSIE 7.0; Windows NT 6.1; WOW64; Trident/5.0; SLCC2; .NET CLR 2.0.50727; .NET CLR 3.5.30729; .NET CLR 3.0.30729; Media Center PC 6.0; InfoPath.3; .NET4.0C; .NET4.0E)" 50774
192.168.65.56 - - [17/Feb/2013:06:40:11 +0600] "GET /pause/ajaxPause?pauseConfigId=all&admin=1 HTTP/1.1" 200 1046 "http://192.168.65.101/pause/index" "Mozilla/5.0 (Windows NT 5.1; rv:15.0) Gecko/20100101 Firefox/15.0" 25654
192.168.12.61 - - [17/Feb/2013:06:40:11 +0600] "GET /pause/ajaxPause?pauseConfigId=&admin=0 HTTP/1.1" 200 986 "http://callider/pause/index" "Mozilla/4.0 (compatible; MSIE 7.0; Windows NT 6.1; Trident/5.0; SLCC2; .NET CLR 2.0.50727; .NET CLR 3.5.30729; .NET CLR 3.0.30729; Media Center PC 6.0; InfoPath.3; .NET4.0C; .NET4.0E)" 70274
192.168.74.151 - - [17/Feb/2013:06:40:13 +0600] "GET /tv/useUser HTTP/1.1" 200 431 "http://callider.kontur/graph/general" "Mozilla/5.0 (Windows NT 6.1; WOW64; rv:18.0) Gecko/20100101 Firefox/18.0" 9521
192.168.12.60 - - [17/Feb/2013:06:40:13 +0600] "GET /pause/ajaxPause?pauseConfigId=&admin=0 HTTP/1.1" 200 986 "http://callider/pause/index" "Mozilla/4.0 (compatible; MSIE 8.0; Windows NT 6.1; Trident/4.0; InfoPath.3; .NET4.0C; MS-RTC LM 8; .NET4.0E)" 18602
192.168.12.204 - - [17/Feb/2013:06:40:13 +0600] "GET /pause/ajaxPause?pauseConfigId=&admin=0 HTTP/1.1" 200 986 "http://callider/pause/index" "Mozilla/4.0 (compatible; MSIE 7.0; Windows NT 6.1; WOW64; Trident/4.0; SLCC2; .NET CLR 2.0.50727; .NET CLR 3.5.30729; .NET CLR 3.0.30729; Media Center PC 6.0; InfoPath.3; .NET4.0C; .NET4.0E; .NET CLR 1.1.4322)" 18529
192.168.12.237 - - [17/Feb/2013:06:40:14 +0600] "GET /pause/ajaxPause?pauseConfigId=&admin=0 HTTP/1.1" 200 987 "http://callider/pause/index" "Mozilla/4.0 (compatible; MSIE 7.0; Windows NT 6.1; Trident/5.0; SLCC2; .NET CLR 2.0.50727; .NET CLR 3.5.30729; .NET CLR 3.0.30729; Media Center PC 6.0; InfoPath.3; .NET4.0C; .NET4.0E)" 19485
192.168.74.78 - - [17/Feb/2013:06:40:14 +0600] "GET /pause/ajaxPause?pauseConfigId=&admin=0 HTTP/1.1" 200 986 "http://callider/pause/index" "Mozilla/4.0 (compatible; MSIE 7.0; Windows NT 6.1; WOW64; Trident/5.0; SLCC2; .NET CLR 2.0.50727; .NET CLR 3.5.30729; .NET CLR 3.0.30729; Media Center PC 6.0; InfoPath.3; .NET4.0C; MS-RTC LM 8; .NET4.0E)" 18194
192.168.12.69 - - [17/Feb/2013:06:40:15 +0600] "GET /pause/ajaxPause?pauseConfigId=&admin=0 HTTP/1.1" 200 986 "http://callider/pause/index" "Mozilla/4.0 (compatible; MSIE 7.0; Windows NT 6.1; Trident/5.0; SLCC2; .NET CLR 2.0.50727; .NET CLR 3.5.30729; .NET CLR 3.0.30729; Media Center PC 6.0; InfoPath.3; .NET4.0C; .NET4.0E; Tablet PC 2.0; AskTbFXTV5/5.14.1.20007)" 22022
192.168.74.91 - - [17/Feb/2013:06:40:15 +0600] "GET /pause/ajaxPause?pauseConfigId=&admin=0 HTTP/1.1" 200 986 "http://callider/pause/index" "Mozilla/4.0 (compatible; MSIE 7.0; Windows NT 6.1; WOW64; Trident/5.0; SLCC2; .NET CLR 2.0.50727; .NET CLR 3.5.30729; .NET CLR 3.0.30729; Media Center PC 6.0; InfoPath.3; .NET4.0C; MS-RTC LM 8; .NET4.0E)" 19740
192.168.74.151 - - [17/Feb/2013:06:40:15 +0600] "GET /pause/ajaxPause?pauseConfigId=&admin=0 HTTP/1.1" 200 987 "http://callider.kontur/pause/index" "Mozilla/5.0 (Windows NT 6.1; WOW64; rv:18.0) Gecko/20100101 Firefox/18.0" 18725
192.168.74.151 - - [17/Feb/2013:06:40:15 +0600] "GET /tv/useUser HTTP/1.1" 200 432 "http://callider.kontur/pause/index" "Mozilla/5.0 (Windows NT 6.1; WOW64; rv:18.0) Gecko/20100101 Firefox/18.0" 41017
192.168.12.210 - - [17/Feb/2013:06:40:15 +0600] "GET /pause/ajaxPause?pauseConfigId=all&admin=1 HTTP/1.1" 200 1047 "http://callider/pause/index" "Mozilla/4.0 (compatible; MSIE 7.0; Windows NT 6.1; WOW64; Trident/5.0; SLCC2; .NET CLR 2.0.50727; .NET CLR 3.5.30729; .NET CLR 3.0.30729; Media Center PC 6.0; InfoPath.3; .NET4.0C; .NET4.0E)" 21195
192.168.65.56 - - [17/Feb/2013:06:40:16 +0600] "GET /pause/ajaxPause?pauseConfigId=all&admin=1 HTTP/1.1" 200 1046 "http://192.168.65.101/pause/index" "Mozilla/5.0 (Windows NT 5.1; rv:15.0) Gecko/20100101 Firefox/15.0" 99493
192.168.12.61 - - [17/Feb/2013:06:40:16 +0600] "GET /pause/ajaxPause?pauseConfigId=&admin=0 HTTP/1.1" 200 985 "http://callider/pause/index" "Mozilla/4.0 (compatible; MSIE 7.0; Windows NT 6.1; Trident/5.0; SLCC2; .NET CLR 2.0.50727; .NET CLR 3.5.30729; .NET CLR 3.0.30729; Media Center PC 6.0; InfoPath.3; .NET4.0C; .NET4.0E)" 44495
192.168.12.60 - - [17/Feb/2013:06:40:18 +0600] "GET /pause/ajaxPause?pauseConfigId=&admin=0 HTTP/1.1" 200 986 "http://callider/pause/index" "Mozilla/4.0 (compatible; MSIE 8.0; Windows NT 6.1; Trident/4.0; InfoPath.3; .NET4.0C; MS-RTC LM 8; .NET4.0E)" 22058
192.168.12.204 - - [17/Feb/2013:06:40:18 +0600] "GET /pause/ajaxPause?pauseConfigId=&admin=0 HTTP/1.1" 200 986 "http://callider/pause/index" "Mozilla/4.0 (compatible; MSIE 7.0; Windows NT 6.1; WOW64; Trident/4.0; SLCC2; .NET CLR 2.0.50727; .NET CLR 3.5.30729; .NET CLR 3.0.30729; Media Center PC 6.0; InfoPath.3; .NET4.0C; .NET4.0E; .NET CLR 1.1.4322)" 19038
192.168.12.237 - - [17/Feb/2013:06:40:19 +0600] "GET /pause/ajaxPause?pauseConfigId=&admin=0 HTTP/1.1" 200 987 "http://callider/pause/index" "Mozilla/4.0 (compatible; MSIE 7.0; Windows NT 6.1; Trident/5.0; SLCC2; .NET CLR 2.0.50727; .NET CLR 3.5.30729; .NET CLR 3.0.30729; Media Center PC 6.0; InfoPath.3; .NET4.0C; .NET4.0E)" 74335
192.168.74.78 - - [17/Feb/2013:06:40:19 +0600] "GET /pause/ajaxPause?pauseConfigId=&admin=0 HTTP/1.1" 200 986 "http://callider/pause/index" "Mozilla/4.0 (compatible; MSIE 7.0; Windows NT 6.1; WOW64; Trident/5.0; SLCC2; .NET CLR 2.0.50727; .NET CLR 3.5.30729; .NET CLR 3.0.30729; Media Center PC 6.0; InfoPath.3; .NET4.0C; MS-RTC LM 8; .NET4.0E)" 19418
192.168.12.10 - - [17/Feb/2013:06:40:19 +0600] "GET /tv/useUser HTTP/1.1" 200 432 "http://callider/graph/personal" "Mozilla/4.0 (compatible; MSIE 7.0; Windows NT 6.1; Trident/5.0; SLCC2; .NET CLR 2.0.50727; .NET CLR 3.5.30729; .NET CLR 3.0.30729; Media Center PC 6.0; InfoPath.3; .NET4.0C; .NET4.0E; Tablet PC 2.0; MS-RTC LM 8)" 43869
192.168.12.108 - - [17/Feb/2013:06:40:20 +0600] "GET /tv/useUser HTTP/1.1" 200 432 "http://callider/index.php" "Mozilla/4.0 (compatible; MSIE 7.0; Windows NT 6.2; WOW64; Trident/6.0; .NET4.0E; .NET4.0C; InfoPath.3; .NET CLR 3.5.30729; .NET CLR 2.0.50727; .NET CLR 3.0.30729)" 44535
192.168.12.69 - - [17/Feb/2013:06:40:20 +0600] "GET /pause/ajaxPause?pauseConfigId=&admin=0 HTTP/1.1" 200 986 "http://callider/pause/index" "Mozilla/4.0 (compatible; MSIE 7.0; Windows NT 6.1; Trident/5.0; SLCC2; .NET CLR 2.0.50727; .NET CLR 3.5.30729; .NET CLR 3.0.30729; Media Center PC 6.0; InfoPath.3; .NET4.0C; .NET4.0E; Tablet PC 2.0; AskTbFXTV5/5.14.1.20007)" 35781
192.168.74.91 - - [17/Feb/2013:06:40:20 +0600] "GET /pause/ajaxPause?pauseConfigId=&admin=0 HTTP/1.1" 200 986 "http://callider/pause/index" "Mozilla/4.0 (compatible; MSIE 7.0; Windows NT 6.1; WOW64; Trident/5.0; SLCC2; .NET CLR 2.0.50727; .NET CLR 3.5.30729; .NET CLR 3.0.30729; Media Center PC 6.0; InfoPath.3; .NET4.0C; MS-RTC LM 8; .NET4.0E)" 38810
192.168.74.151 - - [17/Feb/2013:06:40:20 +0600] "GET /pause/ajaxPause?pauseConfigId=&admin=0 HTTP/1.1" 200 987 "http://callider.kontur/pause/index" "Mozilla/5.0 (Windows NT 6.1; WOW64; rv:18.0) Gecko/20100101 Firefox/18.0" 25951
192.168.12.210 - - [17/Feb/2013:06:40:20 +0600] "GET /pause/ajaxPause?pauseConfigId=all&admin=1 HTTP/1.1" 200 1047 "http://callider/pause/index" "Mozilla/4.0 (compatible; MSIE 7.0; Windows NT 6.1; WOW64; Trident/5.0; SLCC2; .NET CLR 2.0.50727; .NET CLR 3.5.30729; .NET CLR 3.0.30729; Media Center PC 6.0; InfoPath.3; .NET4.0C; .NET4.0E)" 26023
192.168.65.56 - - [17/Feb/2013:06:40:21 +0600] "GET /pause/ajaxPause?pauseConfigId=all&admin=1 HTTP/1.1" 200 1046 "http://192.168.65.101/pause/index" "Mozilla/5.0 (Windows NT 5.1; rv:15.0) Gecko/20100101 Firefox/15.0" 635392
192.168.12.61 - - [17/Feb/2013:06:40:21 +0600] "GET /pause/ajaxPause?pauseConfigId=&admin=0 HTTP/1.1" 200 985 "http://callider/pause/index" "Mozilla/4.0 (compatible; MSIE 7.0; Windows NT 6.1; Trident/5.0; SLCC2; .NET CLR 2.0.50727; .NET CLR 3.5.30729; .NET CLR 3.0.30729; Media Center PC 6.0; InfoPath.3; .NET4.0C; .NET4.0E)" 515969
192.168.12.60 - - [17/Feb/2013:06:40:23 +0600] "GET /pause/ajaxPause?pauseConfigId=&admin=0 HTTP/1.1" 200 986 "http://callider/pause/index" "Mozilla/4.0 (compatible; MSIE 8.0; Windows NT 6.1; Trident/4.0; InfoPath.3; .NET4.0C; MS-RTC LM 8; .NET4.0E)" 24791
192.168.12.204 - - [17/Feb/2013:06:40:23 +0600] "GET /pause/ajaxPause?pauseConfigId=&admin=0 HTTP/1.1" 200 986 "http://callider/pause/index" "Mozilla/4.0 (compatible; MSIE 7.0; Windows NT 6.1; WOW64; Trident/4.0; SLCC2; .NET CLR 2.0.50727; .NET CLR 3.5.30729; .NET CLR 3.0.30729; Media Center PC 6.0; InfoPath.3; .NET4.0C; .NET4.0E; .NET CLR 1.1.4322)" 27238
192.168.12.237 - - [17/Feb/2013:06:40:24 +0600] "GET /pause/ajaxPause?pauseConfigId=&admin=0 HTTP/1.1" 200 987 "http://callider/pause/index" "Mozilla/4.0 (compatible; MSIE 7.0; Windows NT 6.1; Trident/5.0; SLCC2; .NET CLR 2.0.50727; .NET CLR 3.5.30729; .NET CLR 3.0.30729; Media Center PC 6.0; InfoPath.3; .NET4.0C; .NET4.0E)" 25811
192.168.74.78 - - [17/Feb/2013:06:40:24 +0600] "GET /pause/ajaxPause?pauseConfigId=&admin=0 HTTP/1.1" 200 986 "http://callider/pause/index" "Mozilla/4.0 (compatible; MSIE 7.0; Windows NT 6.1; WOW64; Trident/5.0; SLCC2; .NET CLR 2.0.50727; .NET CLR 3.5.30729; .NET CLR 3.0.30729; Media Center PC 6.0; InfoPath.3; .NET4.0C; MS-RTC LM 8; .NET4.0E)" 27473
192.168.12.69 - - [17/Feb/2013:06:40:25 +0600] "GET /pause/ajaxPause?pauseConfigId=&admin=0 HTTP/1.1" 200 986 "http://callider/pause/index" "Mozilla/4.0 (compatible; MSIE 7.0; Windows NT 6.1; Trident/5.0; SLCC2; .NET CLR 2.0.50727; .NET CLR 3.5.30729; .NET CLR 3.0.30729; Media Center PC 6.0; InfoPath.3; .NET4.0C; .NET4.0E; Tablet PC 2.0; AskTbFXTV5/5.14.1.20007)" 20280
192.168.74.91 - - [17/Feb/2013:06:40:25 +0600] "GET /pause/ajaxPause?pauseConfigId=&admin=0 HTTP/1.1" 200 986 "http://callider/pause/index" "Mozilla/4.0 (compatible; MSIE 7.0; Windows NT 6.1; WOW64; Trident/5.0; SLCC2; .NET CLR 2.0.50727; .NET CLR 3.5.30729; .NET CLR 3.0.30729; Media Center PC 6.0; InfoPath.3; .NET4.0C; MS-RTC LM 8; .NET4.0E)" 20526
192.168.74.151 - - [17/Feb/2013:06:40:25 +0600] "GET /pause/ajaxPause?pauseConfigId=&admin=0 HTTP/1.1" 200 987 "http://callider.kontur/pause/index" "Mozilla/5.0 (Windows NT 6.1; WOW64; rv:18.0) Gecko/20100101 Firefox/18.0" 17853
192.168.12.210 - - [17/Feb/2013:06:40:25 +0600] "GET /pause/ajaxPause?pauseConfigId=all&admin=1 HTTP/1.1" 200 1047 "http://callider/pause/index" "Mozilla/4.0 (compatible; MSIE 7.0; Windows NT 6.1; WOW64; Trident/5.0; SLCC2; .NET CLR 2.0.50727; .NET CLR 3.5.30729; .NET CLR 3.0.30729; Media Center PC 6.0; InfoPath.3; .NET4.0C; .NET4.0E)" 19027
192.168.65.56 - - [17/Feb/2013:06:40:26 +0600] "GET /pause/ajaxPause?pauseConfigId=all&admin=1 HTTP/1.1" 200 1046 "http://192.168.65.101/pause/index" "Mozilla/5.0 (Windows NT 5.1; rv:15.0) Gecko/20100101 Firefox/15.0" 25748
192.168.12.61 - - [17/Feb/2013:06:40:26 +0600] "GET /pause/ajaxPause?pauseConfigId=&admin=0 HTTP/1.1" 200 985 "http://callider/pause/index" "Mozilla/4.0 (compatible; MSIE 7.0; Windows NT 6.1; Trident/5.0; SLCC2; .NET CLR 2.0.50727; .NET CLR 3.5.30729; .NET CLR 3.0.30729; Media Center PC 6.0; InfoPath.3; .NET4.0C; .NET4.0E)" 21210
192.168.12.60 - - [17/Feb/2013:06:40:28 +0600] "GET /pause/ajaxPause?pauseConfigId=&admin=0 HTTP/1.1" 200 986 "http://callider/pause/index" "Mozilla/4.0 (compatible; MSIE 8.0; Windows NT 6.1; Trident/4.0; InfoPath.3; .NET4.0C; MS-RTC LM 8; .NET4.0E)" 18332
192.168.12.204 - - [17/Feb/2013:06:40:28 +0600] "GET /pause/ajaxPause?pauseConfigId=&admin=0 HTTP/1.1" 200 986 "http://callider/pause/index" "Mozilla/4.0 (compatible; MSIE 7.0; Windows NT 6.1; WOW64; Trident/4.0; SLCC2; .NET CLR 2.0.50727; .NET CLR 3.5.30729; .NET CLR 3.0.30729; Media Center PC 6.0; InfoPath.3; .NET4.0C; .NET4.0E; .NET CLR 1.1.4322)" 19826
192.168.12.237 - - [17/Feb/2013:06:40:29 +0600] "GET /pause/ajaxPause?pauseConfigId=&admin=0 HTTP/1.1" 200 987 "http://callider/pause/index" "Mozilla/4.0 (compatible; MSIE 7.0; Windows NT 6.1; Trident/5.0; SLCC2; .NET CLR 2.0.50727; .NET CLR 3.5.30729; .NET CLR 3.0.30729; Media Center PC 6.0; InfoPath.3; .NET4.0C; .NET4.0E)" 18015
192.168.74.78 - - [17/Feb/2013:06:40:29 +0600] "GET /pause/ajaxPause?pauseConfigId=&admin=0 HTTP/1.1" 200 986 "http://callider/pause/index" "Mozilla/4.0 (compatible; MSIE 7.0; Windows NT 6.1; WOW64; Trident/5.0; SLCC2; .NET CLR 2.0.50727; .NET CLR 3.5.30729; .NET CLR 3.0.30729; Media Center PC 6.0; InfoPath.3; .NET4.0C; MS-RTC LM 8; .NET4.0E)" 18703
192.168.12.69 - - [17/Feb/2013:06:40:30 +0600] "GET /pause/ajaxPause?pauseConfigId=&admin=0 HTTP/1.1" 200 986 "http://callider/pause/index" "Mozilla/4.0 (compatible; MSIE 7.0; Windows NT 6.1; Trident/5.0; SLCC2; .NET CLR 2.0.50727; .NET CLR 3.5.30729; .NET CLR 3.0.30729; Media Center PC 6.0; InfoPath.3; .NET4.0C; .NET4.0E; Tablet PC 2.0; AskTbFXTV5/5.14.1.20007)" 21346
192.168.74.91 - - [17/Feb/2013:06:40:30 +0600] "GET /pause/ajaxPause?pauseConfigId=&admin=0 HTTP/1.1" 200 986 "http://callider/pause/index" "Mozilla/4.0 (compatible; MSIE 7.0; Windows NT 6.1; WOW64; Trident/5.0; SLCC2; .NET CLR 2.0.50727; .NET CLR 3.5.30729; .NET CLR 3.0.30729; Media Center PC 6.0; InfoPath.3; .NET4.0C; MS-RTC LM 8; .NET4.0E)" 19499
192.168.74.151 - - [17/Feb/2013:06:40:30 +0600] "GET /pause/ajaxPause?pauseConfigId=&admin=0 HTTP/1.1" 200 987 "http://callider.kontur/pause/index" "Mozilla/5.0 (Windows NT 6.1; WOW64; rv:18.0) Gecko/20100101 Firefox/18.0" 19993
192.168.12.210 - - [17/Feb/2013:06:40:30 +0600] "GET /pause/ajaxPause?pauseConfigId=all&admin=1 HTTP/1.1" 200 1047 "http://callider/pause/index" "Mozilla/4.0 (compatible; MSIE 7.0; Windows NT 6.1; WOW64; Trident/5.0; SLCC2; .NET CLR 2.0.50727; .NET CLR 3.5.30729; .NET CLR 3.0.30729; Media Center PC 6.0; InfoPath.3; .NET4.0C; .NET4.0E)" 18905
192.168.65.56 - - [17/Feb/2013:06:40:31 +0600] "GET /pause/ajaxPause?pauseConfigId=all&admin=1 HTTP/1.1" 200 1046 "http://192.168.65.101/pause/index" "Mozilla/5.0 (Windows NT 5.1; rv:15.0) Gecko/20100101 Firefox/15.0" 25913
192.168.12.61 - - [17/Feb/2013:06:40:31 +0600] "GET /pause/ajaxPause?pauseConfigId=&admin=0 HTTP/1.1" 200 985 "http://callider/pause/index" "Mozilla/4.0 (compatible; MSIE 7.0; Windows NT 6.1; Trident/5.0; SLCC2; .NET CLR 2.0.50727; .NET CLR 3.5.30729; .NET CLR 3.0.30729; Media Center PC 6.0; InfoPath.3; .NET4.0C; .NET4.0E)" 23060
192.168.12.60 - - [17/Feb/2013:06:40:33 +0600] "GET /pause/ajaxPause?pauseConfigId=&admin=0 HTTP/1.1" 200 986 "http://callider/pause/index" "Mozilla/4.0 (compatible; MSIE 8.0; Windows NT 6.1; Trident/4.0; InfoPath.3; .NET4.0C; MS-RTC LM 8; .NET4.0E)" 26775
192.168.12.204 - - [17/Feb/2013:06:40:33 +0600] "GET /pause/ajaxPause?pauseConfigId=&admin=0 HTTP/1.1" 200 986 "http://callider/pause/index" "Mozilla/4.0 (compatible; MSIE 7.0; Windows NT 6.1; WOW64; Trident/4.0; SLCC2; .NET CLR 2.0.50727; .NET CLR 3.5.30729; .NET CLR 3.0.30729; Media Center PC 6.0; InfoPath.3; .NET4.0C; .NET4.0E; .NET CLR 1.1.4322)" 21559
192.168.12.237 - - [17/Feb/2013:06:40:34 +0600] "GET /pause/ajaxPause?pauseConfigId=&admin=0 HTTP/1.1" 200 987 "http://callider/pause/index" "Mozilla/4.0 (compatible; MSIE 7.0; Windows NT 6.1; Trident/5.0; SLCC2; .NET CLR 2.0.50727; .NET CLR 3.5.30729; .NET CLR 3.0.30729; Media Center PC 6.0; InfoPath.3; .NET4.0C; .NET4.0E)" 21272
192.168.74.78 - - [17/Feb/2013:06:40:34 +0600] "GET /pause/ajaxPause?pauseConfigId=&admin=0 HTTP/1.1" 200 986 "http://callider/pause/index" "Mozilla/4.0 (compatible; MSIE 7.0; Windows NT 6.1; WOW64; Trident/5.0; SLCC2; .NET CLR 2.0.50727; .NET CLR 3.5.30729; .NET CLR 3.0.30729; Media Center PC 6.0; InfoPath.3; .NET4.0C; MS-RTC LM 8; .NET4.0E)" 17452
192.168.12.67 - - [17/Feb/2013:06:40:34 +0600] "GET /tv/useUser HTTP/1.1" 200 432 "http://callider/graph/personal" "Mozilla/4.0 (compatible; MSIE 7.0; Windows NT 6.1; Trident/5.0; SLCC2; .NET CLR 2.0.50727; .NET CLR 3.5.30729; .NET CLR 3.0.30729; Media Center PC 6.0; .NET4.0C; .NET4.0E; InfoPath.3; Tablet PC 2.0; MS-RTC LM 8)" 40240
192.168.12.69 - - [17/Feb/2013:06:40:35 +0600] "GET /pause/ajaxPause?pauseConfigId=&admin=0 HTTP/1.1" 200 986 "http://callider/pause/index" "Mozilla/4.0 (compatible; MSIE 7.0; Windows NT 6.1; Trident/5.0; SLCC2; .NET CLR 2.0.50727; .NET CLR 3.5.30729; .NET CLR 3.0.30729; Media Center PC 6.0; InfoPath.3; .NET4.0C; .NET4.0E; Tablet PC 2.0; AskTbFXTV5/5.14.1.20007)" 20973
192.168.74.91 - - [17/Feb/2013:06:40:35 +0600] "GET /pause/ajaxPause?pauseConfigId=&admin=0 HTTP/1.1" 200 986 "http://callider/pause/index" "Mozilla/4.0 (compatible; MSIE 7.0; Windows NT 6.1; WOW64; Trident/5.0; SLCC2; .NET CLR 2.0.50727; .NET CLR 3.5.30729; .NET CLR 3.0.30729; Media Center PC 6.0; InfoPath.3; .NET4.0C; MS-RTC LM 8; .NET4.0E)" 19103
192.168.74.151 - - [17/Feb/2013:06:40:35 +0600] "GET /pause/ajaxPause?pauseConfigId=&admin=0 HTTP/1.1" 200 987 "http://callider.kontur/pause/index" "Mozilla/5.0 (Windows NT 6.1; WOW64; rv:18.0) Gecko/20100101 Firefox/18.0" 18724
192.168.12.210 - - [17/Feb/2013:06:40:35 +0600] "GET /pause/ajaxPause?pauseConfigId=all&admin=1 HTTP/1.1" 200 1047 "http://callider/pause/index" "Mozilla/4.0 (compatible; MSIE 7.0; Windows NT 6.1; WOW64; Trident/5.0; SLCC2; .NET CLR 2.0.50727; .NET CLR 3.5.30729; .NET CLR 3.0.30729; Media Center PC 6.0; InfoPath.3; .NET4.0C; .NET4.0E)" 18967
192.168.65.56 - - [17/Feb/2013:06:40:36 +0600] "GET /pause/ajaxPause?pauseConfigId=all&admin=1 HTTP/1.1" 200 1046 "http://192.168.65.101/pause/index" "Mozilla/5.0 (Windows NT 5.1; rv:15.0) Gecko/20100101 Firefox/15.0" 34049
192.168.12.61 - - [17/Feb/2013:06:40:36 +0600] "GET /pause/ajaxPause?pauseConfigId=&admin=0 HTTP/1.1" 200 985 "http://callider/pause/index" "Mozilla/4.0 (compatible; MSIE 7.0; Windows NT 6.1; Trident/5.0; SLCC2; .NET CLR 2.0.50727; .NET CLR 3.5.30729; .NET CLR 3.0.30729; Media Center PC 6.0; InfoPath.3; .NET4.0C; .NET4.0E)" 19481
192.168.74.93 - - [17/Feb/2013:06:40:38 +0600] "GET /tv/useUser HTTP/1.1" 200 432 "http://callider/graph/personal" "Mozilla/4.0 (compatible; MSIE 7.0; Windows NT 6.1; WOW64; Trident/5.0; SLCC2; .NET CLR 2.0.50727; .NET CLR 3.5.30729; .NET CLR 3.0.30729; Media Center PC 6.0; InfoPath.3; .NET4.0C; .NET4.0E)" 19723
192.168.12.60 - - [17/Feb/2013:06:40:38 +0600] "GET /pause/ajaxPause?pauseConfigId=&admin=0 HTTP/1.1" 200 986 "http://callider/pause/index" "Mozilla/4.0 (compatible; MSIE 8.0; Windows NT 6.1; Trident/4.0; InfoPath.3; .NET4.0C; MS-RTC LM 8; .NET4.0E)" 19329
192.168.12.204 - - [17/Feb/2013:06:40:38 +0600] "GET /pause/ajaxPause?pauseConfigId=&admin=0 HTTP/1.1" 200 986 "http://callider/pause/index" "Mozilla/4.0 (compatible; MSIE 7.0; Windows NT 6.1; WOW64; Trident/4.0; SLCC2; .NET CLR 2.0.50727; .NET CLR 3.5.30729; .NET CLR 3.0.30729; Media Center PC 6.0; InfoPath.3; .NET4.0C; .NET4.0E; .NET CLR 1.1.4322)" 18596
192.168.12.237 - - [17/Feb/2013:06:40:39 +0600] "GET /pause/ajaxPause?pauseConfigId=&admin=0 HTTP/1.1" 200 987 "http://callider/pause/index" "Mozilla/4.0 (compatible; MSIE 7.0; Windows NT 6.1; Trident/5.0; SLCC2; .NET CLR 2.0.50727; .NET CLR 3.5.30729; .NET CLR 3.0.30729; Media Center PC 6.0; InfoPath.3; .NET4.0C; .NET4.0E)" 27956
192.168.12.210 - - [17/Feb/2013:06:40:39 +0600] "GET /tv/useUser HTTP/1.1" 200 431 "http://callider/graph/general" "Mozilla/4.0 (compatible; MSIE 7.0; Windows NT 6.1; WOW64; Trident/5.0; SLCC2; .NET CLR 2.0.50727; .NET CLR 3.5.30729; .NET CLR 3.0.30729; Media Center PC 6.0; InfoPath.3; .NET4.0C; .NET4.0E)" 10391
192.168.74.78 - - [17/Feb/2013:06:40:39 +0600] "GET /pause/ajaxPause?pauseConfigId=&admin=0 HTTP/1.1" 200 986 "http://callider/pause/index" "Mozilla/4.0 (compatible; MSIE 7.0; Windows NT 6.1; WOW64; Trident/5.0; SLCC2; .NET CLR 2.0.50727; .NET CLR 3.5.30729; .NET CLR 3.0.30729; Media Center PC 6.0; InfoPath.3; .NET4.0C; MS-RTC LM 8; .NET4.0E)" 20773
192.168.12.69 - - [17/Feb/2013:06:40:40 +0600] "GET /pause/ajaxPause?pauseConfigId=&admin=0 HTTP/1.1" 200 986 "http://callider/pause/index" "Mozilla/4.0 (compatible; MSIE 7.0; Windows NT 6.1; Trident/5.0; SLCC2; .NET CLR 2.0.50727; .NET CLR 3.5.30729; .NET CLR 3.0.30729; Media Center PC 6.0; InfoPath.3; .NET4.0C; .NET4.0E; Tablet PC 2.0; AskTbFXTV5/5.14.1.20007)" 18984
192.168.74.91 - - [17/Feb/2013:06:40:40 +0600] "GET /pause/ajaxPause?pauseConfigId=&admin=0 HTTP/1.1" 200 986 "http://callider/pause/index" "Mozilla/4.0 (compatible; MSIE 7.0; Windows NT 6.1; WOW64; Trident/5.0; SLCC2; .NET CLR 2.0.50727; .NET CLR 3.5.30729; .NET CLR 3.0.30729; Media Center PC 6.0; InfoPath.3; .NET4.0C; MS-RTC LM 8; .NET4.0E)" 28629
192.168.74.151 - - [17/Feb/2013:06:40:40 +0600] "GET /pause/ajaxPause?pauseConfigId=&admin=0 HTTP/1.1" 200 987 "http://callider.kontur/pause/index" "Mozilla/5.0 (Windows NT 6.1; WOW64; rv:18.0) Gecko/20100101 Firefox/18.0" 34716
192.168.12.210 - - [17/Feb/2013:06:40:40 +0600] "GET /pause/ajaxPause?pauseConfigId=all&admin=1 HTTP/1.1" 200 1047 "http://callider/pause/index" "Mozilla/4.0 (compatible; MSIE 7.0; Windows NT 6.1; WOW64; Trident/5.0; SLCC2; .NET CLR 2.0.50727; .NET CLR 3.5.30729; .NET CLR 3.0.30729; Media Center PC 6.0; InfoPath.3; .NET4.0C; .NET4.0E)" 18866
192.168.12.9 - - [17/Feb/2013:06:40:41 +0600] "GET /tv/useUser HTTP/1.1" 200 432 "http://callider.kontur/site/index" "Mozilla/5.0 (Windows NT 6.1; WOW64) AppleWebKit/537.17 (KHTML, like Gecko) Chrome/24.0.1312.57 Safari/537.17" 19666
192.168.65.56 - - [17/Feb/2013:06:40:41 +0600] "GET /pause/ajaxPause?pauseConfigId=all&admin=1 HTTP/1.1" 200 1046 "http://192.168.65.101/pause/index" "Mozilla/5.0 (Windows NT 5.1; rv:15.0) Gecko/20100101 Firefox/15.0" 25396
192.168.12.61 - - [17/Feb/2013:06:40:41 +0600] "GET /pause/ajaxPause?pauseConfigId=&admin=0 HTTP/1.1" 200 985 "http://callider/pause/index" "Mozilla/4.0 (compatible; MSIE 7.0; Windows NT 6.1; Trident/5.0; SLCC2; .NET CLR 2.0.50727; .NET CLR 3.5.30729; .NET CLR 3.0.30729; Media Center PC 6.0; InfoPath.3; .NET4.0C; .NET4.0E)" 17355
192.168.12.60 - - [17/Feb/2013:06:40:43 +0600] "GET /pause/ajaxPause?pauseConfigId=&admin=0 HTTP/1.1" 200 986 "http://callider/pause/index" "Mozilla/4.0 (compatible; MSIE 8.0; Windows NT 6.1; Trident/4.0; InfoPath.3; .NET4.0C; MS-RTC LM 8; .NET4.0E)" 18820
192.168.12.204 - - [17/Feb/2013:06:40:43 +0600] "GET /pause/ajaxPause?pauseConfigId=&admin=0 HTTP/1.1" 200 986 "http://callider/pause/index" "Mozilla/4.0 (compatible; MSIE 7.0; Windows NT 6.1; WOW64; Trident/4.0; SLCC2; .NET CLR 2.0.50727; .NET CLR 3.5.30729; .NET CLR 3.0.30729; Media Center PC 6.0; InfoPath.3; .NET4.0C; .NET4.0E; .NET CLR 1.1.4322)" 19679
192.168.12.237 - - [17/Feb/2013:06:40:44 +0600] "GET /pause/ajaxPause?pauseConfigId=&admin=0 HTTP/1.1" 200 987 "http://callider/pause/index" "Mozilla/4.0 (compatible; MSIE 7.0; Windows NT 6.1; Trident/5.0; SLCC2; .NET CLR 2.0.50727; .NET CLR 3.5.30729; .NET CLR 3.0.30729; Media Center PC 6.0; InfoPath.3; .NET4.0C; .NET4.0E)" 20576
192.168.74.78 - - [17/Feb/2013:06:40:44 +0600] "GET /pause/ajaxPause?pauseConfigId=&admin=0 HTTP/1.1" 200 986 "http://callider/pause/index" "Mozilla/4.0 (compatible; MSIE 7.0; Windows NT 6.1; WOW64; Trident/5.0; SLCC2; .NET CLR 2.0.50727; .NET CLR 3.5.30729; .NET CLR 3.0.30729; Media Center PC 6.0; InfoPath.3; .NET4.0C; MS-RTC LM 8; .NET4.0E)" 21283
192.168.12.69 - - [17/Feb/2013:06:40:45 +0600] "GET /pause/ajaxPause?pauseConfigId=&admin=0 HTTP/1.1" 200 986 "http://callider/pause/index" "Mozilla/4.0 (compatible; MSIE 7.0; Windows NT 6.1; Trident/5.0; SLCC2; .NET CLR 2.0.50727; .NET CLR 3.5.30729; .NET CLR 3.0.30729; Media Center PC 6.0; InfoPath.3; .NET4.0C; .NET4.0E; Tablet PC 2.0; AskTbFXTV5/5.14.1.20007)" 18083
192.168.74.91 - - [17/Feb/2013:06:40:45 +0600] "GET /pause/ajaxPause?pauseConfigId=&admin=0 HTTP/1.1" 200 986 "http://callider/pause/index" "Mozilla/4.0 (compatible; MSIE 7.0; Windows NT 6.1; WOW64; Trident/5.0; SLCC2; .NET CLR 2.0.50727; .NET CLR 3.5.30729; .NET CLR 3.0.30729; Media Center PC 6.0; InfoPath.3; .NET4.0C; MS-RTC LM 8; .NET4.0E)" 22412
192.168.74.151 - - [17/Feb/2013:06:40:45 +0600] "GET /pause/ajaxPause?pauseConfigId=&admin=0 HTTP/1.1" 200 987 "http://callider.kontur/pause/index" "Mozilla/5.0 (Windows NT 6.1; WOW64; rv:18.0) Gecko/20100101 Firefox/18.0" 21228
192.168.12.210 - - [17/Feb/2013:06:40:45 +0600] "GET /pause/ajaxPause?pauseConfigId=all&admin=1 HTTP/1.1" 200 1047 "http://callider/pause/index" "Mozilla/4.0 (compatible; MSIE 7.0; Windows NT 6.1; WOW64; Trident/5.0; SLCC2; .NET CLR 2.0.50727; .NET CLR 3.5.30729; .NET CLR 3.0.30729; Media Center PC 6.0; InfoPath.3; .NET4.0C; .NET4.0E)" 23943
192.168.65.56 - - [17/Feb/2013:06:40:46 +0600] "GET /pause/ajaxPause?pauseConfigId=all&admin=1 HTTP/1.1" 200 1046 "http://192.168.65.101/pause/index" "Mozilla/5.0 (Windows NT 5.1; rv:15.0) Gecko/20100101 Firefox/15.0" 25781
192.168.12.61 - - [17/Feb/2013:06:40:46 +0600] "GET /pause/ajaxPause?pauseConfigId=&admin=0 HTTP/1.1" 200 985 "http://callider/pause/index" "Mozilla/4.0 (compatible; MSIE 7.0; Windows NT 6.1; Trident/5.0; SLCC2; .NET CLR 2.0.50727; .NET CLR 3.5.30729; .NET CLR 3.0.30729; Media Center PC 6.0; InfoPath.3; .NET4.0C; .NET4.0E)" 19750
192.168.12.60 - - [17/Feb/2013:06:40:48 +0600] "GET /pause/ajaxPause?pauseConfigId=&admin=0 HTTP/1.1" 200 986 "http://callider/pause/index" "Mozilla/4.0 (compatible; MSIE 8.0; Windows NT 6.1; Trident/4.0; InfoPath.3; .NET4.0C; MS-RTC LM 8; .NET4.0E)" 18792
192.168.12.204 - - [17/Feb/2013:06:40:48 +0600] "GET /pause/ajaxPause?pauseConfigId=&admin=0 HTTP/1.1" 200 986 "http://callider/pause/index" "Mozilla/4.0 (compatible; MSIE 7.0; Windows NT 6.1; WOW64; Trident/4.0; SLCC2; .NET CLR 2.0.50727; .NET CLR 3.5.30729; .NET CLR 3.0.30729; Media Center PC 6.0; InfoPath.3; .NET4.0C; .NET4.0E; .NET CLR 1.1.4322)" 20314
192.168.12.210 - - [17/Feb/2013:06:40:49 +0600] "GET /tv/useUser HTTP/1.1" 200 431 "http://callider/pause/index" "Mozilla/4.0 (compatible; MSIE 7.0; Windows NT 6.1; WOW64; Trident/5.0; SLCC2; .NET CLR 2.0.50727; .NET CLR 3.5.30729; .NET CLR 3.0.30729; Media Center PC 6.0; InfoPath.3; .NET4.0C; .NET4.0E)" 9639
192.168.12.237 - - [17/Feb/2013:06:40:49 +0600] "GET /pause/ajaxPause?pauseConfigId=&admin=0 HTTP/1.1" 200 987 "http://callider/pause/index" "Mozilla/4.0 (compatible; MSIE 7.0; Windows NT 6.1; Trident/5.0; SLCC2; .NET CLR 2.0.50727; .NET CLR 3.5.30729; .NET CLR 3.0.30729; Media Center PC 6.0; InfoPath.3; .NET4.0C; .NET4.0E)" 21631
192.168.74.78 - - [17/Feb/2013:06:40:49 +0600] "GET /pause/ajaxPause?pauseConfigId=&admin=0 HTTP/1.1" 200 986 "http://callider/pause/index" "Mozilla/4.0 (compatible; MSIE 7.0; Windows NT 6.1; WOW64; Trident/5.0; SLCC2; .NET CLR 2.0.50727; .NET CLR 3.5.30729; .NET CLR 3.0.30729; Media Center PC 6.0; InfoPath.3; .NET4.0C; MS-RTC LM 8; .NET4.0E)" 18674
192.168.12.69 - - [17/Feb/2013:06:40:50 +0600] "GET /pause/ajaxPause?pauseConfigId=&admin=0 HTTP/1.1" 200 986 "http://callider/pause/index" "Mozilla/4.0 (compatible; MSIE 7.0; Windows NT 6.1; Trident/5.0; SLCC2; .NET CLR 2.0.50727; .NET CLR 3.5.30729; .NET CLR 3.0.30729; Media Center PC 6.0; InfoPath.3; .NET4.0C; .NET4.0E; Tablet PC 2.0; AskTbFXTV5/5.14.1.20007)" 23681
192.168.74.91 - - [17/Feb/2013:06:40:50 +0600] "GET /pause/ajaxPause?pauseConfigId=&admin=0 HTTP/1.1" 200 986 "http://callider/pause/index" "Mozilla/4.0 (compatible; MSIE 7.0; Windows NT 6.1; WOW64; Trident/5.0; SLCC2; .NET CLR 2.0.50727; .NET CLR 3.5.30729; .NET CLR 3.0.30729; Media Center PC 6.0; InfoPath.3; .NET4.0C; MS-RTC LM 8; .NET4.0E)" 26013
192.168.74.151 - - [17/Feb/2013:06:40:50 +0600] "GET /pause/ajaxPause?pauseConfigId=&admin=0 HTTP/1.1" 200 987 "http://callider.kontur/pause/index" "Mozilla/5.0 (Windows NT 6.1; WOW64; rv:18.0) Gecko/20100101 Firefox/18.0" 20122
192.168.12.210 - - [17/Feb/2013:06:40:50 +0600] "GET /pause/ajaxPause?pauseConfigId=all&admin=1 HTTP/1.1" 200 1047 "http://callider/pause/index" "Mozilla/4.0 (compatible; MSIE 7.0; Windows NT 6.1; WOW64; Trident/5.0; SLCC2; .NET CLR 2.0.50727; .NET CLR 3.5.30729; .NET CLR 3.0.30729; Media Center PC 6.0; InfoPath.3; .NET4.0C; .NET4.0E)" 18847
192.168.65.56 - - [17/Feb/2013:06:40:51 +0600] "GET /pause/ajaxPause?pauseConfigId=all&admin=1 HTTP/1.1" 200 1046 "http://192.168.65.101/pause/index" "Mozilla/5.0 (Windows NT 5.1; rv:15.0) Gecko/20100101 Firefox/15.0" 24703
192.168.65.56 - - [17/Feb/2013:06:40:51 +0600] "GET /tv/useUser HTTP/1.1" 200 431 "http://192.168.65.101/pause/index" "Mozilla/5.0 (Windows NT 5.1; rv:15.0) Gecko/20100101 Firefox/15.0" 13790
192.168.12.61 - - [17/Feb/2013:06:40:51 +0600] "GET /pause/ajaxPause?pauseConfigId=&admin=0 HTTP/1.1" 200 986 "http://callider/pause/index" "Mozilla/4.0 (compatible; MSIE 7.0; Windows NT 6.1; Trident/5.0; SLCC2; .NET CLR 2.0.50727; .NET CLR 3.5.30729; .NET CLR 3.0.30729; Media Center PC 6.0; InfoPath.3; .NET4.0C; .NET4.0E)" 32248
192.168.65.93 - - [17/Feb/2013:06:40:52 +0600] "GET / HTTP/1.1" 302 530 "-" "System Center 2012 - Operations Manager 7.0.9538.0" 14478
192.168.65.93 - - [17/Feb/2013:06:40:52 +0600] "GET /site/login HTTP/1.1" 200 2771 "-" "System Center 2012 - Operations Manager 7.0.9538.0" 35339
192.168.12.60 - - [17/Feb/2013:06:40:53 +0600] "GET /pause/ajaxPause?pauseConfigId=&admin=0 HTTP/1.1" 200 986 "http://callider/pause/index" "Mozilla/4.0 (compatible; MSIE 8.0; Windows NT 6.1; Trident/4.0; InfoPath.3; .NET4.0C; MS-RTC LM 8; .NET4.0E)" 27972
192.168.12.204 - - [17/Feb/2013:06:40:53 +0600] "GET /pause/ajaxPause?pauseConfigId=&admin=0 HTTP/1.1" 200 986 "http://callider/pause/index" "Mozilla/4.0 (compatible; MSIE 7.0; Windows NT 6.1; WOW64; Trident/4.0; SLCC2; .NET CLR 2.0.50727; .NET CLR 3.5.30729; .NET CLR 3.0.30729; Media Center PC 6.0; InfoPath.3; .NET4.0C; .NET4.0E; .NET CLR 1.1.4322)" 22435
192.168.12.237 - - [17/Feb/2013:06:40:54 +0600] "GET /pause/ajaxPause?pauseConfigId=&admin=0 HTTP/1.1" 200 987 "http://callider/pause/index" "Mozilla/4.0 (compatible; MSIE 7.0; Windows NT 6.1; Trident/5.0; SLCC2; .NET CLR 2.0.50727; .NET CLR 3.5.30729; .NET CLR 3.0.30729; Media Center PC 6.0; InfoPath.3; .NET4.0C; .NET4.0E)" 19869
192.168.74.78 - - [17/Feb/2013:06:40:54 +0600] "GET /pause/ajaxPause?pauseConfigId=&admin=0 HTTP/1.1" 200 986 "http://callider/pause/index" "Mozilla/4.0 (compatible; MSIE 7.0; Windows NT 6.1; WOW64; Trident/5.0; SLCC2; .NET CLR 2.0.50727; .NET CLR 3.5.30729; .NET CLR 3.0.30729; Media Center PC 6.0; InfoPath.3; .NET4.0C; MS-RTC LM 8; .NET4.0E)" 21171
192.168.12.69 - - [17/Feb/2013:06:40:55 +0600] "GET /pause/ajaxPause?pauseConfigId=&admin=0 HTTP/1.1" 200 986 "http://callider/pause/index" "Mozilla/4.0 (compatible; MSIE 7.0; Windows NT 6.1; Trident/5.0; SLCC2; .NET CLR 2.0.50727; .NET CLR 3.5.30729; .NET CLR 3.0.30729; Media Center PC 6.0; InfoPath.3; .NET4.0C; .NET4.0E; Tablet PC 2.0; AskTbFXTV5/5.14.1.20007)" 21694
192.168.74.91 - - [17/Feb/2013:06:40:55 +0600] "GET /pause/ajaxPause?pauseConfigId=&admin=0 HTTP/1.1" 200 986 "http://callider/pause/index" "Mozilla/4.0 (compatible; MSIE 7.0; Windows NT 6.1; WOW64; Trident/5.0; SLCC2; .NET CLR 2.0.50727; .NET CLR 3.5.30729; .NET CLR 3.0.30729; Media Center PC 6.0; InfoPath.3; .NET4.0C; MS-RTC LM 8; .NET4.0E)" 21146
192.168.74.151 - - [17/Feb/2013:06:40:55 +0600] "GET /pause/ajaxPause?pauseConfigId=&admin=0 HTTP/1.1" 200 987 "http://callider.kontur/pause/index" "Mozilla/5.0 (Windows NT 6.1; WOW64; rv:18.0) Gecko/20100101 Firefox/18.0" 18289
192.168.12.210 - - [17/Feb/2013:06:40:55 +0600] "GET /pause/ajaxPause?pauseConfigId=all&admin=1 HTTP/1.1" 200 1047 "http://callider/pause/index" "Mozilla/4.0 (compatible; MSIE 7.0; Windows NT 6.1; WOW64; Trident/5.0; SLCC2; .NET CLR 2.0.50727; .NET CLR 3.5.30729; .NET CLR 3.0.30729; Media Center PC 6.0; InfoPath.3; .NET4.0C; .NET4.0E)" 19679
192.168.65.56 - - [17/Feb/2013:06:40:56 +0600] "GET /pause/ajaxPause?pauseConfigId=all&admin=1 HTTP/1.1" 200 1046 "http://192.168.65.101/pause/index" "Mozilla/5.0 (Windows NT 5.1; rv:15.0) Gecko/20100101 Firefox/15.0" 25876
192.168.12.61 - - [17/Feb/2013:06:40:56 +0600] "GET /pause/ajaxPause?pauseConfigId=&admin=0 HTTP/1.1" 200 985 "http://callider/pause/index" "Mozilla/4.0 (compatible; MSIE 7.0; Windows NT 6.1; Trident/5.0; SLCC2; .NET CLR 2.0.50727; .NET CLR 3.5.30729; .NET CLR 3.0.30729; Media Center PC 6.0; InfoPath.3; .NET4.0C; .NET4.0E)" 15231
192.168.12.60 - - [17/Feb/2013:06:40:58 +0600] "GET /pause/ajaxPause?pauseConfigId=&admin=0 HTTP/1.1" 200 986 "http://callider/pause/index" "Mozilla/4.0 (compatible; MSIE 8.0; Windows NT 6.1; Trident/4.0; InfoPath.3; .NET4.0C; MS-RTC LM 8; .NET4.0E)" 19919
192.168.12.204 - - [17/Feb/2013:06:40:58 +0600] "GET /pause/ajaxPause?pauseConfigId=&admin=0 HTTP/1.1" 200 986 "http://callider/pause/index" "Mozilla/4.0 (compatible; MSIE 7.0; Windows NT 6.1; WOW64; Trident/4.0; SLCC2; .NET CLR 2.0.50727; .NET CLR 3.5.30729; .NET CLR 3.0.30729; Media Center PC 6.0; InfoPath.3; .NET4.0C; .NET4.0E; .NET CLR 1.1.4322)" 20565
192.168.12.237 - - [17/Feb/2013:06:40:59 +0600] "GET /pause/ajaxPause?pauseConfigId=&admin=0 HTTP/1.1" 200 987 "http://callider/pause/index" "Mozilla/4.0 (compatible; MSIE 7.0; Windows NT 6.1; Trident/5.0; SLCC2; .NET CLR 2.0.50727; .NET CLR 3.5.30729; .NET CLR 3.0.30729; Media Center PC 6.0; InfoPath.3; .NET4.0C; .NET4.0E)" 20026
192.168.74.78 - - [17/Feb/2013:06:40:59 +0600] "GET /pause/ajaxPause?pauseConfigId=&admin=0 HTTP/1.1" 200 986 "http://callider/pause/index" "Mozilla/4.0 (compatible; MSIE 7.0; Windows NT 6.1; WOW64; Trident/5.0; SLCC2; .NET CLR 2.0.50727; .NET CLR 3.5.30729; .NET CLR 3.0.30729; Media Center PC 6.0; InfoPath.3; .NET4.0C; MS-RTC LM 8; .NET4.0E)" 21200
192.168.12.69 - - [17/Feb/2013:06:41:00 +0600] "GET /pause/ajaxPause?pauseConfigId=&admin=0 HTTP/1.1" 200 986 "http://callider/pause/index" "Mozilla/4.0 (compatible; MSIE 7.0; Windows NT 6.1; Trident/5.0; SLCC2; .NET CLR 2.0.50727; .NET CLR 3.5.30729; .NET CLR 3.0.30729; Media Center PC 6.0; InfoPath.3; .NET4.0C; .NET4.0E; Tablet PC 2.0; AskTbFXTV5/5.14.1.20007)" 21465
192.168.74.91 - - [17/Feb/2013:06:41:00 +0600] "GET /pause/ajaxPause?pauseConfigId=&admin=0 HTTP/1.1" 200 986 "http://callider/pause/index" "Mozilla/4.0 (compatible; MSIE 7.0; Windows NT 6.1; WOW64; Trident/5.0; SLCC2; .NET CLR 2.0.50727; .NET CLR 3.5.30729; .NET CLR 3.0.30729; Media Center PC 6.0; InfoPath.3; .NET4.0C; MS-RTC LM 8; .NET4.0E)" 23236
192.168.74.151 - - [17/Feb/2013:06:41:00 +0600] "GET /pause/ajaxPause?pauseConfigId=&admin=0 HTTP/1.1" 200 987 "http://callider.kontur/pause/index" "Mozilla/5.0 (Windows NT 6.1; WOW64; rv:18.0) Gecko/20100101 Firefox/18.0" 20338
192.168.12.210 - - [17/Feb/2013:06:41:00 +0600] "GET /pause/ajaxPause?pauseConfigId=all&admin=1 HTTP/1.1" 200 1047 "http://callider/pause/index" "Mozilla/4.0 (compatible; MSIE 7.0; Windows NT 6.1; WOW64; Trident/5.0; SLCC2; .NET CLR 2.0.50727; .NET CLR 3.5.30729; .NET CLR 3.0.30729; Media Center PC 6.0; InfoPath.3; .NET4.0C; .NET4.0E)" 20042
192.168.65.56 - - [17/Feb/2013:06:41:01 +0600] "GET /pause/ajaxPause?pauseConfigId=all&admin=1 HTTP/1.1" 200 1046 "http://192.168.65.101/pause/index" "Mozilla/5.0 (Windows NT 5.1; rv:15.0) Gecko/20100101 Firefox/15.0" 25680
192.168.12.61 - - [17/Feb/2013:06:41:01 +0600] "GET /pause/ajaxPause?pauseConfigId=&admin=0 HTTP/1.1" 200 985 "http://callider/pause/index" "Mozilla/4.0 (compatible; MSIE 7.0; Windows NT 6.1; Trident/5.0; SLCC2; .NET CLR 2.0.50727; .NET CLR 3.5.30729; .NET CLR 3.0.30729; Media Center PC 6.0; InfoPath.3; .NET4.0C; .NET4.0E)" 16770
192.168.12.60 - - [17/Feb/2013:06:41:03 +0600] "GET /pause/ajaxPause?pauseConfigId=&admin=0 HTTP/1.1" 200 986 "http://callider/pause/index" "Mozilla/4.0 (compatible; MSIE 8.0; Windows NT 6.1; Trident/4.0; InfoPath.3; .NET4.0C; MS-RTC LM 8; .NET4.0E)" 20525
192.168.12.204 - - [17/Feb/2013:06:41:03 +0600] "GET /pause/ajaxPause?pauseConfigId=&admin=0 HTTP/1.1" 200 986 "http://callider/pause/index" "Mozilla/4.0 (compatible; MSIE 7.0; Windows NT 6.1; WOW64; Trident/4.0; SLCC2; .NET CLR 2.0.50727; .NET CLR 3.5.30729; .NET CLR 3.0.30729; Media Center PC 6.0; InfoPath.3; .NET4.0C; .NET4.0E; .NET CLR 1.1.4322)" 19682
192.168.12.237 - - [17/Feb/2013:06:41:04 +0600] "GET /pause/ajaxPause?pauseConfigId=&admin=0 HTTP/1.1" 200 987 "http://callider/pause/index" "Mozilla/4.0 (compatible; MSIE 7.0; Windows NT 6.1; Trident/5.0; SLCC2; .NET CLR 2.0.50727; .NET CLR 3.5.30729; .NET CLR 3.0.30729; Media Center PC 6.0; InfoPath.3; .NET4.0C; .NET4.0E)" 22022
192.168.74.78 - - [17/Feb/2013:06:41:04 +0600] "GET /pause/ajaxPause?pauseConfigId=&admin=0 HTTP/1.1" 200 986 "http://callider/pause/index" "Mozilla/4.0 (compatible; MSIE 7.0; Windows NT 6.1; WOW64; Trident/5.0; SLCC2; .NET CLR 2.0.50727; .NET CLR 3.5.30729; .NET CLR 3.0.30729; Media Center PC 6.0; InfoPath.3; .NET4.0C; MS-RTC LM 8; .NET4.0E)" 22665
192.168.12.69 - - [17/Feb/2013:06:41:05 +0600] "GET /pause/ajaxPause?pauseConfigId=&admin=0 HTTP/1.1" 200 986 "http://callider/pause/index" "Mozilla/4.0 (compatible; MSIE 7.0; Windows NT 6.1; Trident/5.0; SLCC2; .NET CLR 2.0.50727; .NET CLR 3.5.30729; .NET CLR 3.0.30729; Media Center PC 6.0; InfoPath.3; .NET4.0C; .NET4.0E; Tablet PC 2.0; AskTbFXTV5/5.14.1.20007)" 17947
192.168.12.61 - - [17/Feb/2013:06:41:05 +0600] "GET /tv/useUser HTTP/1.1" 200 431 "http://callider/pause/index" "Mozilla/4.0 (compatible; MSIE 7.0; Windows NT 6.1; Trident/5.0; SLCC2; .NET CLR 2.0.50727; .NET CLR 3.5.30729; .NET CLR 3.0.30729; Media Center PC 6.0; InfoPath.3; .NET4.0C; .NET4.0E)" 10431
192.168.74.91 - - [17/Feb/2013:06:41:05 +0600] "GET /pause/ajaxPause?pauseConfigId=&admin=0 HTTP/1.1" 200 986 "http://callider/pause/index" "Mozilla/4.0 (compatible; MSIE 7.0; Windows NT 6.1; WOW64; Trident/5.0; SLCC2; .NET CLR 2.0.50727; .NET CLR 3.5.30729; .NET CLR 3.0.30729; Media Center PC 6.0; InfoPath.3; .NET4.0C; MS-RTC LM 8; .NET4.0E)" 20597
192.168.74.151 - - [17/Feb/2013:06:41:05 +0600] "GET /pause/ajaxPause?pauseConfigId=&admin=0 HTTP/1.1" 200 987 "http://callider.kontur/pause/index" "Mozilla/5.0 (Windows NT 6.1; WOW64; rv:18.0) Gecko/20100101 Firefox/18.0" 18287
192.168.12.210 - - [17/Feb/2013:06:41:05 +0600] "GET /pause/ajaxPause?pauseConfigId=all&admin=1 HTTP/1.1" 200 1047 "http://callider/pause/index" "Mozilla/4.0 (compatible; MSIE 7.0; Windows NT 6.1; WOW64; Trident/5.0; SLCC2; .NET CLR 2.0.50727; .NET CLR 3.5.30729; .NET CLR 3.0.30729; Media Center PC 6.0; InfoPath.3; .NET4.0C; .NET4.0E)" 18842
192.168.65.56 - - [17/Feb/2013:06:41:06 +0600] "GET /pause/ajaxPause?pauseConfigId=all&admin=1 HTTP/1.1" 200 1046 "http://192.168.65.101/pause/index" "Mozilla/5.0 (Windows NT 5.1; rv:15.0) Gecko/20100101 Firefox/15.0" 25715
192.168.12.61 - - [17/Feb/2013:06:41:06 +0600] "GET /pause/ajaxPause?pauseConfigId=&admin=0 HTTP/1.1" 200 985 "http://callider/pause/index" "Mozilla/4.0 (compatible; MSIE 7.0; Windows NT 6.1; Trident/5.0; SLCC2; .NET CLR 2.0.50727; .NET CLR 3.5.30729; .NET CLR 3.0.30729; Media Center PC 6.0; InfoPath.3; .NET4.0C; .NET4.0E)" 18597
192.168.12.60 - - [17/Feb/2013:06:41:08 +0600] "GET /pause/ajaxPause?pauseConfigId=&admin=0 HTTP/1.1" 200 986 "http://callider/pause/index" "Mozilla/4.0 (compatible; MSIE 8.0; Windows NT 6.1; Trident/4.0; InfoPath.3; .NET4.0C; MS-RTC LM 8; .NET4.0E)" 19176
192.168.12.204 - - [17/Feb/2013:06:41:08 +0600] "GET /pause/ajaxPause?pauseConfigId=&admin=0 HTTP/1.1" 200 986 "http://callider/pause/index" "Mozilla/4.0 (compatible; MSIE 7.0; Windows NT 6.1; WOW64; Trident/4.0; SLCC2; .NET CLR 2.0.50727; .NET CLR 3.5.30729; .NET CLR 3.0.30729; Media Center PC 6.0; InfoPath.3; .NET4.0C; .NET4.0E; .NET CLR 1.1.4322)" 20287
192.168.12.237 - - [17/Feb/2013:06:41:09 +0600] "GET /pause/ajaxPause?pauseConfigId=&admin=0 HTTP/1.1" 200 987 "http://callider/pause/index" "Mozilla/4.0 (compatible; MSIE 7.0; Windows NT 6.1; Trident/5.0; SLCC2; .NET CLR 2.0.50727; .NET CLR 3.5.30729; .NET CLR 3.0.30729; Media Center PC 6.0; InfoPath.3; .NET4.0C; .NET4.0E)" 29822
192.168.74.78 - - [17/Feb/2013:06:41:09 +0600] "GET /pause/ajaxPause?pauseConfigId=&admin=0 HTTP/1.1" 200 986 "http://callider/pause/index" "Mozilla/4.0 (compatible; MSIE 7.0; Windows NT 6.1; WOW64; Trident/5.0; SLCC2; .NET CLR 2.0.50727; .NET CLR 3.5.30729; .NET CLR 3.0.30729; Media Center PC 6.0; InfoPath.3; .NET4.0C; MS-RTC LM 8; .NET4.0E)" 18382
192.168.12.69 - - [17/Feb/2013:06:41:10 +0600] "GET /pause/ajaxPause?pauseConfigId=&admin=0 HTTP/1.1" 200 986 "http://callider/pause/index" "Mozilla/4.0 (compatible; MSIE 7.0; Windows NT 6.1; Trident/5.0; SLCC2; .NET CLR 2.0.50727; .NET CLR 3.5.30729; .NET CLR 3.0.30729; Media Center PC 6.0; InfoPath.3; .NET4.0C; .NET4.0E; Tablet PC 2.0; AskTbFXTV5/5.14.1.20007)" 19196
192.168.74.91 - - [17/Feb/2013:06:41:10 +0600] "GET /pause/ajaxPause?pauseConfigId=&admin=0 HTTP/1.1" 200 986 "http://callider/pause/index" "Mozilla/4.0 (compatible; MSIE 7.0; Windows NT 6.1; WOW64; Trident/5.0; SLCC2; .NET CLR 2.0.50727; .NET CLR 3.5.30729; .NET CLR 3.0.30729; Media Center PC 6.0; InfoPath.3; .NET4.0C; MS-RTC LM 8; .NET4.0E)" 24564
192.168.74.151 - - [17/Feb/2013:06:41:10 +0600] "GET /pause/ajaxPause?pauseConfigId=&admin=0 HTTP/1.1" 200 987 "http://callider.kontur/pause/index" "Mozilla/5.0 (Windows NT 6.1; WOW64; rv:18.0) Gecko/20100101 Firefox/18.0" 19986
192.168.12.210 - - [17/Feb/2013:06:41:10 +0600] "GET /pause/ajaxPause?pauseConfigId=all&admin=1 HTTP/1.1" 200 1047 "http://callider/pause/index" "Mozilla/4.0 (compatible; MSIE 7.0; Windows NT 6.1; WOW64; Trident/5.0; SLCC2; .NET CLR 2.0.50727; .NET CLR 3.5.30729; .NET CLR 3.0.30729; Media Center PC 6.0; InfoPath.3; .NET4.0C; .NET4.0E)" 18341
192.168.12.42 - - [17/Feb/2013:06:41:11 +0600] "GET /tv/useUser HTTP/1.1" 200 432 "http://callider/graph/personal" "Mozilla/4.0 (compatible; MSIE 7.0; Windows NT 6.1; WOW64; Trident/5.0; SLCC2; .NET CLR 2.0.50727; .NET CLR 3.5.30729; .NET CLR 3.0.30729; Media Center PC 6.0; InfoPath.3; .NET4.0C; .NET4.0E)" 52734
192.168.65.56 - - [17/Feb/2013:06:41:11 +0600] "GET /pause/ajaxPause?pauseConfigId=all&admin=1 HTTP/1.1" 200 1046 "http://192.168.65.101/pause/index" "Mozilla/5.0 (Windows NT 5.1; rv:15.0) Gecko/20100101 Firefox/15.0" 24622
192.168.12.61 - - [17/Feb/2013:06:41:11 +0600] "GET /pause/ajaxPause?pauseConfigId=&admin=0 HTTP/1.1" 200 985 "http://callider/pause/index" "Mozilla/4.0 (compatible; MSIE 7.0; Windows NT 6.1; Trident/5.0; SLCC2; .NET CLR 2.0.50727; .NET CLR 3.5.30729; .NET CLR 3.0.30729; Media Center PC 6.0; InfoPath.3; .NET4.0C; .NET4.0E)" 15433
192.168.74.151 - - [17/Feb/2013:06:41:13 +0600] "GET /tv/useUser HTTP/1.1" 200 431 "http://callider.kontur/graph/general" "Mozilla/5.0 (Windows NT 6.1; WOW64; rv:18.0) Gecko/20100101 Firefox/18.0" 12264
192.168.12.60 - - [17/Feb/2013:06:41:13 +0600] "GET /pause/ajaxPause?pauseConfigId=&admin=0 HTTP/1.1" 200 986 "http://callider/pause/index" "Mozilla/4.0 (compatible; MSIE 8.0; Windows NT 6.1; Trident/4.0; InfoPath.3; .NET4.0C; MS-RTC LM 8; .NET4.0E)" 20150
192.168.12.204 - - [17/Feb/2013:06:41:13 +0600] "GET /pause/ajaxPause?pauseConfigId=&admin=0 HTTP/1.1" 200 986 "http://callider/pause/index" "Mozilla/4.0 (compatible; MSIE 7.0; Windows NT 6.1; WOW64; Trident/4.0; SLCC2; .NET CLR 2.0.50727; .NET CLR 3.5.30729; .NET CLR 3.0.30729; Media Center PC 6.0; InfoPath.3; .NET4.0C; .NET4.0E; .NET CLR 1.1.4322)" 18641
192.168.12.237 - - [17/Feb/2013:06:41:14 +0600] "GET /pause/ajaxPause?pauseConfigId=&admin=0 HTTP/1.1" 200 987 "http://callider/pause/index" "Mozilla/4.0 (compatible; MSIE 7.0; Windows NT 6.1; Trident/5.0; SLCC2; .NET CLR 2.0.50727; .NET CLR 3.5.30729; .NET CLR 3.0.30729; Media Center PC 6.0; InfoPath.3; .NET4.0C; .NET4.0E)" 24833
192.168.74.78 - - [17/Feb/2013:06:41:14 +0600] "GET /pause/ajaxPause?pauseConfigId=&admin=0 HTTP/1.1" 200 986 "http://callider/pause/index" "Mozilla/4.0 (compatible; MSIE 7.0; Windows NT 6.1; WOW64; Trident/5.0; SLCC2; .NET CLR 2.0.50727; .NET CLR 3.5.30729; .NET CLR 3.0.30729; Media Center PC 6.0; InfoPath.3; .NET4.0C; MS-RTC LM 8; .NET4.0E)" 19146
192.168.12.69 - - [17/Feb/2013:06:41:15 +0600] "GET /pause/ajaxPause?pauseConfigId=&admin=0 HTTP/1.1" 200 986 "http://callider/pause/index" "Mozilla/4.0 (compatible; MSIE 7.0; Windows NT 6.1; Trident/5.0; SLCC2; .NET CLR 2.0.50727; .NET CLR 3.5.30729; .NET CLR 3.0.30729; Media Center PC 6.0; InfoPath.3; .NET4.0C; .NET4.0E; Tablet PC 2.0; AskTbFXTV5/5.14.1.20007)" 21269
192.168.74.91 - - [17/Feb/2013:06:41:15 +0600] "GET /pause/ajaxPause?pauseConfigId=&admin=0 HTTP/1.1" 200 986 "http://callider/pause/index" "Mozilla/4.0 (compatible; MSIE 7.0; Windows NT 6.1; WOW64; Trident/5.0; SLCC2; .NET CLR 2.0.50727; .NET CLR 3.5.30729; .NET CLR 3.0.30729; Media Center PC 6.0; InfoPath.3; .NET4.0C; MS-RTC LM 8; .NET4.0E)" 20449
192.168.74.151 - - [17/Feb/2013:06:41:15 +0600] "GET /pause/ajaxPause?pauseConfigId=&admin=0 HTTP/1.1" 200 987 "http://callider.kontur/pause/index" "Mozilla/5.0 (Windows NT 6.1; WOW64; rv:18.0) Gecko/20100101 Firefox/18.0" 27181
192.168.74.151 - - [17/Feb/2013:06:41:15 +0600] "GET /tv/useUser HTTP/1.1" 200 432 "http://callider.kontur/pause/index" "Mozilla/5.0 (Windows NT 6.1; WOW64; rv:18.0) Gecko/20100101 Firefox/18.0" 22257
192.168.12.210 - - [17/Feb/2013:06:41:15 +0600] "GET /pause/ajaxPause?pauseConfigId=all&admin=1 HTTP/1.1" 200 1047 "http://callider/pause/index" "Mozilla/4.0 (compatible; MSIE 7.0; Windows NT 6.1; WOW64; Trident/5.0; SLCC2; .NET CLR 2.0.50727; .NET CLR 3.5.30729; .NET CLR 3.0.30729; Media Center PC 6.0; InfoPath.3; .NET4.0C; .NET4.0E)" 20170
192.168.65.56 - - [17/Feb/2013:06:41:16 +0600] "GET /pause/ajaxPause?pauseConfigId=all&admin=1 HTTP/1.1" 200 1046 "http://192.168.65.101/pause/index" "Mozilla/5.0 (Windows NT 5.1; rv:15.0) Gecko/20100101 Firefox/15.0" 25091
192.168.12.61 - - [17/Feb/2013:06:41:17 +0600] "GET /pause/ajaxPause?pauseConfigId=&admin=0 HTTP/1.1" 200 986 "http://callider/pause/index" "Mozilla/4.0 (compatible; MSIE 7.0; Windows NT 6.1; Trident/5.0; SLCC2; .NET CLR 2.0.50727; .NET CLR 3.5.30729; .NET CLR 3.0.30729; Media Center PC 6.0; InfoPath.3; .NET4.0C; .NET4.0E)" 34256
192.168.12.60 - - [17/Feb/2013:06:41:18 +0600] "GET /pause/ajaxPause?pauseConfigId=&admin=0 HTTP/1.1" 200 986 "http://callider/pause/index" "Mozilla/4.0 (compatible; MSIE 8.0; Windows NT 6.1; Trident/4.0; InfoPath.3; .NET4.0C; MS-RTC LM 8; .NET4.0E)" 21586
192.168.12.204 - - [17/Feb/2013:06:41:18 +0600] "GET /pause/ajaxPause?pauseConfigId=&admin=0 HTTP/1.1" 200 986 "http://callider/pause/index" "Mozilla/4.0 (compatible; MSIE 7.0; Windows NT 6.1; WOW64; Trident/4.0; SLCC2; .NET CLR 2.0.50727; .NET CLR 3.5.30729; .NET CLR 3.0.30729; Media Center PC 6.0; InfoPath.3; .NET4.0C; .NET4.0E; .NET CLR 1.1.4322)" 22359
192.168.12.237 - - [17/Feb/2013:06:41:19 +0600] "GET /pause/ajaxPause?pauseConfigId=&admin=0 HTTP/1.1" 200 987 "http://callider/pause/index" "Mozilla/4.0 (compatible; MSIE 7.0; Windows NT 6.1; Trident/5.0; SLCC2; .NET CLR 2.0.50727; .NET CLR 3.5.30729; .NET CLR 3.0.30729; Media Center PC 6.0; InfoPath.3; .NET4.0C; .NET4.0E)" 31470
192.168.74.78 - - [17/Feb/2013:06:41:19 +0600] "GET /pause/ajaxPause?pauseConfigId=&admin=0 HTTP/1.1" 200 986 "http://callider/pause/index" "Mozilla/4.0 (compatible; MSIE 7.0; Windows NT 6.1; WOW64; Trident/5.0; SLCC2; .NET CLR 2.0.50727; .NET CLR 3.5.30729; .NET CLR 3.0.30729; Media Center PC 6.0; InfoPath.3; .NET4.0C; MS-RTC LM 8; .NET4.0E)" 19038
192.168.12.10 - - [17/Feb/2013:06:41:19 +0600] "GET /tv/useUser HTTP/1.1" 200 432 "http://callider/graph/personal" "Mozilla/4.0 (compatible; MSIE 7.0; Windows NT 6.1; Trident/5.0; SLCC2; .NET CLR 2.0.50727; .NET CLR 3.5.30729; .NET CLR 3.0.30729; Media Center PC 6.0; InfoPath.3; .NET4.0C; .NET4.0E; Tablet PC 2.0; MS-RTC LM 8)" 19348
192.168.12.108 - - [17/Feb/2013:06:41:20 +0600] "GET /tv/useUser HTTP/1.1" 200 432 "http://callider/index.php" "Mozilla/4.0 (compatible; MSIE 7.0; Windows NT 6.2; WOW64; Trident/6.0; .NET4.0E; .NET4.0C; InfoPath.3; .NET CLR 3.5.30729; .NET CLR 2.0.50727; .NET CLR 3.0.30729)" 17157
192.168.12.69 - - [17/Feb/2013:06:41:20 +0600] "GET /pause/ajaxPause?pauseConfigId=&admin=0 HTTP/1.1" 200 986 "http://callider/pause/index" "Mozilla/4.0 (compatible; MSIE 7.0; Windows NT 6.1; Trident/5.0; SLCC2; .NET CLR 2.0.50727; .NET CLR 3.5.30729; .NET CLR 3.0.30729; Media Center PC 6.0; InfoPath.3; .NET4.0C; .NET4.0E; Tablet PC 2.0; AskTbFXTV5/5.14.1.20007)" 18523
192.168.74.91 - - [17/Feb/2013:06:41:20 +0600] "GET /pause/ajaxPause?pauseConfigId=&admin=0 HTTP/1.1" 200 986 "http://callider/pause/index" "Mozilla/4.0 (compatible; MSIE 7.0; Windows NT 6.1; WOW64; Trident/5.0; SLCC2; .NET CLR 2.0.50727; .NET CLR 3.5.30729; .NET CLR 3.0.30729; Media Center PC 6.0; InfoPath.3; .NET4.0C; MS-RTC LM 8; .NET4.0E)" 24156
192.168.74.151 - - [17/Feb/2013:06:41:20 +0600] "GET /pause/ajaxPause?pauseConfigId=&admin=0 HTTP/1.1" 200 987 "http://callider.kontur/pause/index" "Mozilla/5.0 (Windows NT 6.1; WOW64; rv:18.0) Gecko/20100101 Firefox/18.0" 18310
192.168.12.210 - - [17/Feb/2013:06:41:20 +0600] "GET /pause/ajaxPause?pauseConfigId=all&admin=1 HTTP/1.1" 200 1047 "http://callider/pause/index" "Mozilla/4.0 (compatible; MSIE 7.0; Windows NT 6.1; WOW64; Trident/5.0; SLCC2; .NET CLR 2.0.50727; .NET CLR 3.5.30729; .NET CLR 3.0.30729; Media Center PC 6.0; InfoPath.3; .NET4.0C; .NET4.0E)" 20152
192.168.65.56 - - [17/Feb/2013:06:41:21 +0600] "GET /pause/ajaxPause?pauseConfigId=all&admin=1 HTTP/1.1" 200 1047 "http://192.168.65.101/pause/index" "Mozilla/5.0 (Windows NT 5.1; rv:15.0) Gecko/20100101 Firefox/15.0" 58072
192.168.12.61 - - [17/Feb/2013:06:41:22 +0600] "GET /pause/ajaxPause?pauseConfigId=&admin=0 HTTP/1.1" 200 985 "http://callider/pause/index" "Mozilla/4.0 (compatible; MSIE 7.0; Windows NT 6.1; Trident/5.0; SLCC2; .NET CLR 2.0.50727; .NET CLR 3.5.30729; .NET CLR 3.0.30729; Media Center PC 6.0; InfoPath.3; .NET4.0C; .NET4.0E)" 19352
192.168.12.60 - - [17/Feb/2013:06:41:23 +0600] "GET /pause/ajaxPause?pauseConfigId=&admin=0 HTTP/1.1" 200 986 "http://callider/pause/index" "Mozilla/4.0 (compatible; MSIE 8.0; Windows NT 6.1; Trident/4.0; InfoPath.3; .NET4.0C; MS-RTC LM 8; .NET4.0E)" 19822
192.168.12.204 - - [17/Feb/2013:06:41:23 +0600] "GET /pause/ajaxPause?pauseConfigId=&admin=0 HTTP/1.1" 200 986 "http://callider/pause/index" "Mozilla/4.0 (compatible; MSIE 7.0; Windows NT 6.1; WOW64; Trident/4.0; SLCC2; .NET CLR 2.0.50727; .NET CLR 3.5.30729; .NET CLR 3.0.30729; Media Center PC 6.0; InfoPath.3; .NET4.0C; .NET4.0E; .NET CLR 1.1.4322)" 18221
192.168.12.237 - - [17/Feb/2013:06:41:24 +0600] "GET /pause/ajaxPause?pauseConfigId=&admin=0 HTTP/1.1" 200 987 "http://callider/pause/index" "Mozilla/4.0 (compatible; MSIE 7.0; Windows NT 6.1; Trident/5.0; SLCC2; .NET CLR 2.0.50727; .NET CLR 3.5.30729; .NET CLR 3.0.30729; Media Center PC 6.0; InfoPath.3; .NET4.0C; .NET4.0E)" 24202
192.168.74.78 - - [17/Feb/2013:06:41:24 +0600] "GET /pause/ajaxPause?pauseConfigId=&admin=0 HTTP/1.1" 200 986 "http://callider/pause/index" "Mozilla/4.0 (compatible; MSIE 7.0; Windows NT 6.1; WOW64; Trident/5.0; SLCC2; .NET CLR 2.0.50727; .NET CLR 3.5.30729; .NET CLR 3.0.30729; Media Center PC 6.0; InfoPath.3; .NET4.0C; MS-RTC LM 8; .NET4.0E)" 19533
192.168.12.69 - - [17/Feb/2013:06:41:25 +0600] "GET /pause/ajaxPause?pauseConfigId=&admin=0 HTTP/1.1" 200 986 "http://callider/pause/index" "Mozilla/4.0 (compatible; MSIE 7.0; Windows NT 6.1; Trident/5.0; SLCC2; .NET CLR 2.0.50727; .NET CLR 3.5.30729; .NET CLR 3.0.30729; Media Center PC 6.0; InfoPath.3; .NET4.0C; .NET4.0E; Tablet PC 2.0; AskTbFXTV5/5.14.1.20007)" 26388
192.168.12.210 - - [17/Feb/2013:06:41:25 +0600] "GET /pause/ajaxPause?pauseConfigId=all&admin=1 HTTP/1.1" 200 1047 "http://callider/pause/index" "Mozilla/4.0 (compatible; MSIE 7.0; Windows NT 6.1; WOW64; Trident/5.0; SLCC2; .NET CLR 2.0.50727; .NET CLR 3.5.30729; .NET CLR 3.0.30729; Media Center PC 6.0; InfoPath.3; .NET4.0C; .NET4.0E)" 164269
192.168.74.91 - - [17/Feb/2013:06:41:25 +0600] "GET /pause/ajaxPause?pauseConfigId=&admin=0 HTTP/1.1" 200 986 "http://callider/pause/index" "Mozilla/4.0 (compatible; MSIE 7.0; Windows NT 6.1; WOW64; Trident/5.0; SLCC2; .NET CLR 2.0.50727; .NET CLR 3.5.30729; .NET CLR 3.0.30729; Media Center PC 6.0; InfoPath.3; .NET4.0C; MS-RTC LM 8; .NET4.0E)" 260002
192.168.74.151 - - [17/Feb/2013:06:41:25 +0600] "GET /pause/ajaxPause?pauseConfigId=&admin=0 HTTP/1.1" 200 987 "http://callider.kontur/pause/index" "Mozilla/5.0 (Windows NT 6.1; WOW64; rv:18.0) Gecko/20100101 Firefox/18.0" 242179
192.168.65.56 - - [17/Feb/2013:06:41:26 +0600] "GET /pause/ajaxPause?pauseConfigId=all&admin=1 HTTP/1.1" 200 1046 "http://192.168.65.101/pause/index" "Mozilla/5.0 (Windows NT 5.1; rv:15.0) Gecko/20100101 Firefox/15.0" 28461
192.168.12.61 - - [17/Feb/2013:06:41:27 +0600] "GET /pause/ajaxPause?pauseConfigId=&admin=0 HTTP/1.1" 200 985 "http://callider/pause/index" "Mozilla/4.0 (compatible; MSIE 7.0; Windows NT 6.1; Trident/5.0; SLCC2; .NET CLR 2.0.50727; .NET CLR 3.5.30729; .NET CLR 3.0.30729; Media Center PC 6.0; InfoPath.3; .NET4.0C; .NET4.0E)" 30691
192.168.12.60 - - [17/Feb/2013:06:41:28 +0600] "GET /pause/ajaxPause?pauseConfigId=&admin=0 HTTP/1.1" 200 986 "http://callider/pause/index" "Mozilla/4.0 (compatible; MSIE 8.0; Windows NT 6.1; Trident/4.0; InfoPath.3; .NET4.0C; MS-RTC LM 8; .NET4.0E)" 26145
192.168.12.204 - - [17/Feb/2013:06:41:28 +0600] "GET /pause/ajaxPause?pauseConfigId=&admin=0 HTTP/1.1" 200 986 "http://callider/pause/index" "Mozilla/4.0 (compatible; MSIE 7.0; Windows NT 6.1; WOW64; Trident/4.0; SLCC2; .NET CLR 2.0.50727; .NET CLR 3.5.30729; .NET CLR 3.0.30729; Media Center PC 6.0; InfoPath.3; .NET4.0C; .NET4.0E; .NET CLR 1.1.4322)" 18430
192.168.12.237 - - [17/Feb/2013:06:41:29 +0600] "GET /pause/ajaxPause?pauseConfigId=&admin=0 HTTP/1.1" 200 987 "http://callider/pause/index" "Mozilla/4.0 (compatible; MSIE 7.0; Windows NT 6.1; Trident/5.0; SLCC2; .NET CLR 2.0.50727; .NET CLR 3.5.30729; .NET CLR 3.0.30729; Media Center PC 6.0; InfoPath.3; .NET4.0C; .NET4.0E)" 31671
192.168.74.78 - - [17/Feb/2013:06:41:29 +0600] "GET /pause/ajaxPause?pauseConfigId=&admin=0 HTTP/1.1" 200 986 "http://callider/pause/index" "Mozilla/4.0 (compatible; MSIE 7.0; Windows NT 6.1; WOW64; Trident/5.0; SLCC2; .NET CLR 2.0.50727; .NET CLR 3.5.30729; .NET CLR 3.0.30729; Media Center PC 6.0; InfoPath.3; .NET4.0C; MS-RTC LM 8; .NET4.0E)" 18329
192.168.12.69 - - [17/Feb/2013:06:41:30 +0600] "GET /pause/ajaxPause?pauseConfigId=&admin=0 HTTP/1.1" 200 986 "http://callider/pause/index" "Mozilla/4.0 (compatible; MSIE 7.0; Windows NT 6.1; Trident/5.0; SLCC2; .NET CLR 2.0.50727; .NET CLR 3.5.30729; .NET CLR 3.0.30729; Media Center PC 6.0; InfoPath.3; .NET4.0C; .NET4.0E; Tablet PC 2.0; AskTbFXTV5/5.14.1.20007)" 19987
192.168.74.91 - - [17/Feb/2013:06:41:30 +0600] "GET /pause/ajaxPause?pauseConfigId=&admin=0 HTTP/1.1" 200 986 "http://callider/pause/index" "Mozilla/4.0 (compatible; MSIE 7.0; Windows NT 6.1; WOW64; Trident/5.0; SLCC2; .NET CLR 2.0.50727; .NET CLR 3.5.30729; .NET CLR 3.0.30729; Media Center PC 6.0; InfoPath.3; .NET4.0C; MS-RTC LM 8; .NET4.0E)" 24709
192.168.74.151 - - [17/Feb/2013:06:41:30 +0600] "GET /pause/ajaxPause?pauseConfigId=&admin=0 HTTP/1.1" 200 987 "http://callider.kontur/pause/index" "Mozilla/5.0 (Windows NT 6.1; WOW64; rv:18.0) Gecko/20100101 Firefox/18.0" 19181
192.168.12.210 - - [17/Feb/2013:06:41:30 +0600] "GET /pause/ajaxPause?pauseConfigId=all&admin=1 HTTP/1.1" 200 1047 "http://callider/pause/index" "Mozilla/4.0 (compatible; MSIE 7.0; Windows NT 6.1; WOW64; Trident/5.0; SLCC2; .NET CLR 2.0.50727; .NET CLR 3.5.30729; .NET CLR 3.0.30729; Media Center PC 6.0; InfoPath.3; .NET4.0C; .NET4.0E)" 22273
192.168.65.56 - - [17/Feb/2013:06:41:31 +0600] "GET /pause/ajaxPause?pauseConfigId=all&admin=1 HTTP/1.1" 200 1046 "http://192.168.65.101/pause/index" "Mozilla/5.0 (Windows NT 5.1; rv:15.0) Gecko/20100101 Firefox/15.0" 37625
192.168.12.61 - - [17/Feb/2013:06:41:31 +0600] "GET /pause/ajaxPause?pauseConfigId=&admin=0 HTTP/1.1" 200 985 "http://callider/pause/index" "Mozilla/4.0 (compatible; MSIE 7.0; Windows NT 6.1; Trident/5.0; SLCC2; .NET CLR 2.0.50727; .NET CLR 3.5.30729; .NET CLR 3.0.30729; Media Center PC 6.0; InfoPath.3; .NET4.0C; .NET4.0E)" 18743
192.168.12.60 - - [17/Feb/2013:06:41:33 +0600] "GET /pause/ajaxPause?pauseConfigId=&admin=0 HTTP/1.1" 200 986 "http://callider/pause/index" "Mozilla/4.0 (compatible; MSIE 8.0; Windows NT 6.1; Trident/4.0; InfoPath.3; .NET4.0C; MS-RTC LM 8; .NET4.0E)" 19680
192.168.12.204 - - [17/Feb/2013:06:41:33 +0600] "GET /pause/ajaxPause?pauseConfigId=&admin=0 HTTP/1.1" 200 986 "http://callider/pause/index" "Mozilla/4.0 (compatible; MSIE 7.0; Windows NT 6.1; WOW64; Trident/4.0; SLCC2; .NET CLR 2.0.50727; .NET CLR 3.5.30729; .NET CLR 3.0.30729; Media Center PC 6.0; InfoPath.3; .NET4.0C; .NET4.0E; .NET CLR 1.1.4322)" 29037
192.168.12.237 - - [17/Feb/2013:06:41:34 +0600] "GET /pause/ajaxPause?pauseConfigId=&admin=0 HTTP/1.1" 200 987 "http://callider/pause/index" "Mozilla/4.0 (compatible; MSIE 7.0; Windows NT 6.1; Trident/5.0; SLCC2; .NET CLR 2.0.50727; .NET CLR 3.5.30729; .NET CLR 3.0.30729; Media Center PC 6.0; InfoPath.3; .NET4.0C; .NET4.0E)" 19457
192.168.74.78 - - [17/Feb/2013:06:41:34 +0600] "GET /pause/ajaxPause?pauseConfigId=&admin=0 HTTP/1.1" 200 986 "http://callider/pause/index" "Mozilla/4.0 (compatible; MSIE 7.0; Windows NT 6.1; WOW64; Trident/5.0; SLCC2; .NET CLR 2.0.50727; .NET CLR 3.5.30729; .NET CLR 3.0.30729; Media Center PC 6.0; InfoPath.3; .NET4.0C; MS-RTC LM 8; .NET4.0E)" 19116
192.168.12.67 - - [17/Feb/2013:06:41:34 +0600] "GET /tv/useUser HTTP/1.1" 200 432 "http://callider/graph/personal" "Mozilla/4.0 (compatible; MSIE 7.0; Windows NT 6.1; Trident/5.0; SLCC2; .NET CLR 2.0.50727; .NET CLR 3.5.30729; .NET CLR 3.0.30729; Media Center PC 6.0; .NET4.0C; .NET4.0E; InfoPath.3; Tablet PC 2.0; MS-RTC LM 8)" 18365
192.168.12.69 - - [17/Feb/2013:06:41:35 +0600] "GET /pause/ajaxPause?pauseConfigId=&admin=0 HTTP/1.1" 200 986 "http://callider/pause/index" "Mozilla/4.0 (compatible; MSIE 7.0; Windows NT 6.1; Trident/5.0; SLCC2; .NET CLR 2.0.50727; .NET CLR 3.5.30729; .NET CLR 3.0.30729; Media Center PC 6.0; InfoPath.3; .NET4.0C; .NET4.0E; Tablet PC 2.0; AskTbFXTV5/5.14.1.20007)" 24934
192.168.74.91 - - [17/Feb/2013:06:41:35 +0600] "GET /pause/ajaxPause?pauseConfigId=&admin=0 HTTP/1.1" 200 986 "http://callider/pause/index" "Mozilla/4.0 (compatible; MSIE 7.0; Windows NT 6.1; WOW64; Trident/5.0; SLCC2; .NET CLR 2.0.50727; .NET CLR 3.5.30729; .NET CLR 3.0.30729; Media Center PC 6.0; InfoPath.3; .NET4.0C; MS-RTC LM 8; .NET4.0E)" 17748
192.168.74.151 - - [17/Feb/2013:06:41:35 +0600] "GET /pause/ajaxPause?pauseConfigId=&admin=0 HTTP/1.1" 200 987 "http://callider.kontur/pause/index" "Mozilla/5.0 (Windows NT 6.1; WOW64; rv:18.0) Gecko/20100101 Firefox/18.0" 102209
192.168.12.210 - - [17/Feb/2013:06:41:35 +0600] "GET /pause/ajaxPause?pauseConfigId=all&admin=1 HTTP/1.1" 200 1047 "http://callider/pause/index" "Mozilla/4.0 (compatible; MSIE 7.0; Windows NT 6.1; WOW64; Trident/5.0; SLCC2; .NET CLR 2.0.50727; .NET CLR 3.5.30729; .NET CLR 3.0.30729; Media Center PC 6.0; InfoPath.3; .NET4.0C; .NET4.0E)" 33147
192.168.65.56 - - [17/Feb/2013:06:41:36 +0600] "GET /pause/ajaxPause?pauseConfigId=all&admin=1 HTTP/1.1" 200 1046 "http://192.168.65.101/pause/index" "Mozilla/5.0 (Windows NT 5.1; rv:15.0) Gecko/20100101 Firefox/15.0" 152130
192.168.12.61 - - [17/Feb/2013:06:41:37 +0600] "GET /pause/ajaxPause?pauseConfigId=&admin=0 HTTP/1.1" 200 986 "http://callider/pause/index" "Mozilla/4.0 (compatible; MSIE 7.0; Windows NT 6.1; Trident/5.0; SLCC2; .NET CLR 2.0.50727; .NET CLR 3.5.30729; .NET CLR 3.0.30729; Media Center PC 6.0; InfoPath.3; .NET4.0C; .NET4.0E)" 107855
192.168.74.93 - - [17/Feb/2013:06:41:38 +0600] "GET /tv/useUser HTTP/1.1" 200 432 "http://callider/graph/personal" "Mozilla/4.0 (compatible; MSIE 7.0; Windows NT 6.1; WOW64; Trident/5.0; SLCC2; .NET CLR 2.0.50727; .NET CLR 3.5.30729; .NET CLR 3.0.30729; Media Center PC 6.0; InfoPath.3; .NET4.0C; .NET4.0E)" 17093
192.168.12.60 - - [17/Feb/2013:06:41:38 +0600] "GET /pause/ajaxPause?pauseConfigId=&admin=0 HTTP/1.1" 200 986 "http://callider/pause/index" "Mozilla/4.0 (compatible; MSIE 8.0; Windows NT 6.1; Trident/4.0; InfoPath.3; .NET4.0C; MS-RTC LM 8; .NET4.0E)" 18798
192.168.12.204 - - [17/Feb/2013:06:41:38 +0600] "GET /pause/ajaxPause?pauseConfigId=&admin=0 HTTP/1.1" 200 986 "http://callider/pause/index" "Mozilla/4.0 (compatible; MSIE 7.0; Windows NT 6.1; WOW64; Trident/4.0; SLCC2; .NET CLR 2.0.50727; .NET CLR 3.5.30729; .NET CLR 3.0.30729; Media Center PC 6.0; InfoPath.3; .NET4.0C; .NET4.0E; .NET CLR 1.1.4322)" 17701
192.168.12.237 - - [17/Feb/2013:06:41:39 +0600] "GET /pause/ajaxPause?pauseConfigId=&admin=0 HTTP/1.1" 200 987 "http://callider/pause/index" "Mozilla/4.0 (compatible; MSIE 7.0; Windows NT 6.1; Trident/5.0; SLCC2; .NET CLR 2.0.50727; .NET CLR 3.5.30729; .NET CLR 3.0.30729; Media Center PC 6.0; InfoPath.3; .NET4.0C; .NET4.0E)" 27653
192.168.12.210 - - [17/Feb/2013:06:41:39 +0600] "GET /tv/useUser HTTP/1.1" 200 431 "http://callider/graph/general" "Mozilla/4.0 (compatible; MSIE 7.0; Windows NT 6.1; WOW64; Trident/5.0; SLCC2; .NET CLR 2.0.50727; .NET CLR 3.5.30729; .NET CLR 3.0.30729; Media Center PC 6.0; InfoPath.3; .NET4.0C; .NET4.0E)" 11366
192.168.74.78 - - [17/Feb/2013:06:41:39 +0600] "GET /pause/ajaxPause?pauseConfigId=&admin=0 HTTP/1.1" 200 986 "http://callider/pause/index" "Mozilla/4.0 (compatible; MSIE 7.0; Windows NT 6.1; WOW64; Trident/5.0; SLCC2; .NET CLR 2.0.50727; .NET CLR 3.5.30729; .NET CLR 3.0.30729; Media Center PC 6.0; InfoPath.3; .NET4.0C; MS-RTC LM 8; .NET4.0E)" 22242
192.168.12.69 - - [17/Feb/2013:06:41:40 +0600] "GET /pause/ajaxPause?pauseConfigId=&admin=0 HTTP/1.1" 200 986 "http://callider/pause/index" "Mozilla/4.0 (compatible; MSIE 7.0; Windows NT 6.1; Trident/5.0; SLCC2; .NET CLR 2.0.50727; .NET CLR 3.5.30729; .NET CLR 3.0.30729; Media Center PC 6.0; InfoPath.3; .NET4.0C; .NET4.0E; Tablet PC 2.0; AskTbFXTV5/5.14.1.20007)" 18019
192.168.74.91 - - [17/Feb/2013:06:41:40 +0600] "GET /pause/ajaxPause?pauseConfigId=&admin=0 HTTP/1.1" 200 986 "http://callider/pause/index" "Mozilla/4.0 (compatible; MSIE 7.0; Windows NT 6.1; WOW64; Trident/5.0; SLCC2; .NET CLR 2.0.50727; .NET CLR 3.5.30729; .NET CLR 3.0.30729; Media Center PC 6.0; InfoPath.3; .NET4.0C; MS-RTC LM 8; .NET4.0E)" 31514
192.168.74.151 - - [17/Feb/2013:06:41:40 +0600] "GET /pause/ajaxPause?pauseConfigId=&admin=0 HTTP/1.1" 200 987 "http://callider.kontur/pause/index" "Mozilla/5.0 (Windows NT 6.1; WOW64; rv:18.0) Gecko/20100101 Firefox/18.0" 32418
192.168.12.210 - - [17/Feb/2013:06:41:40 +0600] "GET /pause/ajaxPause?pauseConfigId=all&admin=1 HTTP/1.1" 200 1047 "http://callider/pause/index" "Mozilla/4.0 (compatible; MSIE 7.0; Windows NT 6.1; WOW64; Trident/5.0; SLCC2; .NET CLR 2.0.50727; .NET CLR 3.5.30729; .NET CLR 3.0.30729; Media Center PC 6.0; InfoPath.3; .NET4.0C; .NET4.0E)" 18990
192.168.12.9 - - [17/Feb/2013:06:41:41 +0600] "GET /tv/useUser HTTP/1.1" 200 432 "http://callider.kontur/site/index" "Mozilla/5.0 (Windows NT 6.1; WOW64) AppleWebKit/537.17 (KHTML, like Gecko) Chrome/24.0.1312.57 Safari/537.17" 40488
192.168.65.56 - - [17/Feb/2013:06:41:41 +0600] "GET /pause/ajaxPause?pauseConfigId=all&admin=1 HTTP/1.1" 200 1046 "http://192.168.65.101/pause/index" "Mozilla/5.0 (Windows NT 5.1; rv:15.0) Gecko/20100101 Firefox/15.0" 37348
192.168.12.61 - - [17/Feb/2013:06:41:42 +0600] "GET /pause/ajaxPause?pauseConfigId=&admin=0 HTTP/1.1" 200 985 "http://callider/pause/index" "Mozilla/4.0 (compatible; MSIE 7.0; Windows NT 6.1; Trident/5.0; SLCC2; .NET CLR 2.0.50727; .NET CLR 3.5.30729; .NET CLR 3.0.30729; Media Center PC 6.0; InfoPath.3; .NET4.0C; .NET4.0E)" 18474
192.168.12.60 - - [17/Feb/2013:06:41:43 +0600] "GET /pause/ajaxPause?pauseConfigId=&admin=0 HTTP/1.1" 200 986 "http://callider/pause/index" "Mozilla/4.0 (compatible; MSIE 8.0; Windows NT 6.1; Trident/4.0; InfoPath.3; .NET4.0C; MS-RTC LM 8; .NET4.0E)" 18342
192.168.12.204 - - [17/Feb/2013:06:41:43 +0600] "GET /pause/ajaxPause?pauseConfigId=&admin=0 HTTP/1.1" 200 986 "http://callider/pause/index" "Mozilla/4.0 (compatible; MSIE 7.0; Windows NT 6.1; WOW64; Trident/4.0; SLCC2; .NET CLR 2.0.50727; .NET CLR 3.5.30729; .NET CLR 3.0.30729; Media Center PC 6.0; InfoPath.3; .NET4.0C; .NET4.0E; .NET CLR 1.1.4322)" 19943
192.168.12.237 - - [17/Feb/2013:06:41:44 +0600] "GET /pause/ajaxPause?pauseConfigId=&admin=0 HTTP/1.1" 200 987 "http://callider/pause/index" "Mozilla/4.0 (compatible; MSIE 7.0; Windows NT 6.1; Trident/5.0; SLCC2; .NET CLR 2.0.50727; .NET CLR 3.5.30729; .NET CLR 3.0.30729; Media Center PC 6.0; InfoPath.3; .NET4.0C; .NET4.0E)" 30267
192.168.74.78 - - [17/Feb/2013:06:41:44 +0600] "GET /pause/ajaxPause?pauseConfigId=&admin=0 HTTP/1.1" 200 986 "http://callider/pause/index" "Mozilla/4.0 (compatible; MSIE 7.0; Windows NT 6.1; WOW64; Trident/5.0; SLCC2; .NET CLR 2.0.50727; .NET CLR 3.5.30729; .NET CLR 3.0.30729; Media Center PC 6.0; InfoPath.3; .NET4.0C; MS-RTC LM 8; .NET4.0E)" 18880
192.168.12.69 - - [17/Feb/2013:06:41:45 +0600] "GET /pause/ajaxPause?pauseConfigId=&admin=0 HTTP/1.1" 200 986 "http://callider/pause/index" "Mozilla/4.0 (compatible; MSIE 7.0; Windows NT 6.1; Trident/5.0; SLCC2; .NET CLR 2.0.50727; .NET CLR 3.5.30729; .NET CLR 3.0.30729; Media Center PC 6.0; InfoPath.3; .NET4.0C; .NET4.0E; Tablet PC 2.0; AskTbFXTV5/5.14.1.20007)" 19745
192.168.74.91 - - [17/Feb/2013:06:41:45 +0600] "GET /pause/ajaxPause?pauseConfigId=&admin=0 HTTP/1.1" 200 986 "http://callider/pause/index" "Mozilla/4.0 (compatible; MSIE 7.0; Windows NT 6.1; WOW64; Trident/5.0; SLCC2; .NET CLR 2.0.50727; .NET CLR 3.5.30729; .NET CLR 3.0.30729; Media Center PC 6.0; InfoPath.3; .NET4.0C; MS-RTC LM 8; .NET4.0E)" 25248
192.168.74.151 - - [17/Feb/2013:06:41:45 +0600] "GET /pause/ajaxPause?pauseConfigId=&admin=0 HTTP/1.1" 200 987 "http://callider.kontur/pause/index" "Mozilla/5.0 (Windows NT 6.1; WOW64; rv:18.0) Gecko/20100101 Firefox/18.0" 19083
192.168.12.210 - - [17/Feb/2013:06:41:45 +0600] "GET /pause/ajaxPause?pauseConfigId=all&admin=1 HTTP/1.1" 200 1047 "http://callider/pause/index" "Mozilla/4.0 (compatible; MSIE 7.0; Windows NT 6.1; WOW64; Trident/5.0; SLCC2; .NET CLR 2.0.50727; .NET CLR 3.5.30729; .NET CLR 3.0.30729; Media Center PC 6.0; InfoPath.3; .NET4.0C; .NET4.0E)" 22279
192.168.65.56 - - [17/Feb/2013:06:41:46 +0600] "GET /pause/ajaxPause?pauseConfigId=all&admin=1 HTTP/1.1" 200 1046 "http://192.168.65.101/pause/index" "Mozilla/5.0 (Windows NT 5.1; rv:15.0) Gecko/20100101 Firefox/15.0" 29245
192.168.12.61 - - [17/Feb/2013:06:41:47 +0600] "GET /pause/ajaxPause?pauseConfigId=&admin=0 HTTP/1.1" 200 985 "http://callider/pause/index" "Mozilla/4.0 (compatible; MSIE 7.0; Windows NT 6.1; Trident/5.0; SLCC2; .NET CLR 2.0.50727; .NET CLR 3.5.30729; .NET CLR 3.0.30729; Media Center PC 6.0; InfoPath.3; .NET4.0C; .NET4.0E)" 18648
192.168.12.60 - - [17/Feb/2013:06:41:48 +0600] "GET /pause/ajaxPause?pauseConfigId=&admin=0 HTTP/1.1" 200 986 "http://callider/pause/index" "Mozilla/4.0 (compatible; MSIE 8.0; Windows NT 6.1; Trident/4.0; InfoPath.3; .NET4.0C; MS-RTC LM 8; .NET4.0E)" 23547
192.168.12.204 - - [17/Feb/2013:06:41:48 +0600] "GET /pause/ajaxPause?pauseConfigId=&admin=0 HTTP/1.1" 200 986 "http://callider/pause/index" "Mozilla/4.0 (compatible; MSIE 7.0; Windows NT 6.1; WOW64; Trident/4.0; SLCC2; .NET CLR 2.0.50727; .NET CLR 3.5.30729; .NET CLR 3.0.30729; Media Center PC 6.0; InfoPath.3; .NET4.0C; .NET4.0E; .NET CLR 1.1.4322)" 23721
192.168.12.210 - - [17/Feb/2013:06:41:49 +0600] "GET /tv/useUser HTTP/1.1" 200 431 "http://callider/pause/index" "Mozilla/4.0 (compatible; MSIE 7.0; Windows NT 6.1; WOW64; Trident/5.0; SLCC2; .NET CLR 2.0.50727; .NET CLR 3.5.30729; .NET CLR 3.0.30729; Media Center PC 6.0; InfoPath.3; .NET4.0C; .NET4.0E)" 11576
192.168.12.237 - - [17/Feb/2013:06:41:49 +0600] "GET /pause/ajaxPause?pauseConfigId=&admin=0 HTTP/1.1" 200 987 "http://callider/pause/index" "Mozilla/4.0 (compatible; MSIE 7.0; Windows NT 6.1; Trident/5.0; SLCC2; .NET CLR 2.0.50727; .NET CLR 3.5.30729; .NET CLR 3.0.30729; Media Center PC 6.0; InfoPath.3; .NET4.0C; .NET4.0E)" 33974
192.168.74.78 - - [17/Feb/2013:06:41:49 +0600] "GET /pause/ajaxPause?pauseConfigId=&admin=0 HTTP/1.1" 200 986 "http://callider/pause/index" "Mozilla/4.0 (compatible; MSIE 7.0; Windows NT 6.1; WOW64; Trident/5.0; SLCC2; .NET CLR 2.0.50727; .NET CLR 3.5.30729; .NET CLR 3.0.30729; Media Center PC 6.0; InfoPath.3; .NET4.0C; MS-RTC LM 8; .NET4.0E)" 18276
192.168.12.69 - - [17/Feb/2013:06:41:50 +0600] "GET /pause/ajaxPause?pauseConfigId=&admin=0 HTTP/1.1" 200 986 "http://callider/pause/index" "Mozilla/4.0 (compatible; MSIE 7.0; Windows NT 6.1; Trident/5.0; SLCC2; .NET CLR 2.0.50727; .NET CLR 3.5.30729; .NET CLR 3.0.30729; Media Center PC 6.0; InfoPath.3; .NET4.0C; .NET4.0E; Tablet PC 2.0; AskTbFXTV5/5.14.1.20007)" 17248
192.168.74.91 - - [17/Feb/2013:06:41:50 +0600] "GET /pause/ajaxPause?pauseConfigId=&admin=0 HTTP/1.1" 200 986 "http://callider/pause/index" "Mozilla/4.0 (compatible; MSIE 7.0; Windows NT 6.1; WOW64; Trident/5.0; SLCC2; .NET CLR 2.0.50727; .NET CLR 3.5.30729; .NET CLR 3.0.30729; Media Center PC 6.0; InfoPath.3; .NET4.0C; MS-RTC LM 8; .NET4.0E)" 28774
192.168.74.151 - - [17/Feb/2013:06:41:50 +0600] "GET /pause/ajaxPause?pauseConfigId=&admin=0 HTTP/1.1" 200 987 "http://callider.kontur/pause/index" "Mozilla/5.0 (Windows NT 6.1; WOW64; rv:18.0) Gecko/20100101 Firefox/18.0" 32813
192.168.12.210 - - [17/Feb/2013:06:41:50 +0600] "GET /pause/ajaxPause?pauseConfigId=all&admin=1 HTTP/1.1" 200 1047 "http://callider/pause/index" "Mozilla/4.0 (compatible; MSIE 7.0; Windows NT 6.1; WOW64; Trident/5.0; SLCC2; .NET CLR 2.0.50727; .NET CLR 3.5.30729; .NET CLR 3.0.30729; Media Center PC 6.0; InfoPath.3; .NET4.0C; .NET4.0E)" 22433
192.168.65.56 - - [17/Feb/2013:06:41:51 +0600] "GET /pause/ajaxPause?pauseConfigId=all&admin=1 HTTP/1.1" 200 1046 "http://192.168.65.101/pause/index" "Mozilla/5.0 (Windows NT 5.1; rv:15.0) Gecko/20100101 Firefox/15.0" 29311
192.168.65.56 - - [17/Feb/2013:06:41:51 +0600] "GET /tv/useUser HTTP/1.1" 200 431 "http://192.168.65.101/pause/index" "Mozilla/5.0 (Windows NT 5.1; rv:15.0) Gecko/20100101 Firefox/15.0" 11335
192.168.12.61 - - [17/Feb/2013:06:41:52 +0600] "GET /pause/ajaxPause?pauseConfigId=&admin=0 HTTP/1.1" 200 985 "http://callider/pause/index" "Mozilla/4.0 (compatible; MSIE 7.0; Windows NT 6.1; Trident/5.0; SLCC2; .NET CLR 2.0.50727; .NET CLR 3.5.30729; .NET CLR 3.0.30729; Media Center PC 6.0; InfoPath.3; .NET4.0C; .NET4.0E)" 18889
192.168.12.60 - - [17/Feb/2013:06:41:53 +0600] "GET /pause/ajaxPause?pauseConfigId=&admin=0 HTTP/1.1" 200 986 "http://callider/pause/index" "Mozilla/4.0 (compatible; MSIE 8.0; Windows NT 6.1; Trident/4.0; InfoPath.3; .NET4.0C; MS-RTC LM 8; .NET4.0E)" 20983
192.168.12.204 - - [17/Feb/2013:06:41:53 +0600] "GET /pause/ajaxPause?pauseConfigId=&admin=0 HTTP/1.1" 200 986 "http://callider/pause/index" "Mozilla/4.0 (compatible; MSIE 7.0; Windows NT 6.1; WOW64; Trident/4.0; SLCC2; .NET CLR 2.0.50727; .NET CLR 3.5.30729; .NET CLR 3.0.30729; Media Center PC 6.0; InfoPath.3; .NET4.0C; .NET4.0E; .NET CLR 1.1.4322)" 18908
192.168.12.237 - - [17/Feb/2013:06:41:54 +0600] "GET /pause/ajaxPause?pauseConfigId=&admin=0 HTTP/1.1" 200 987 "http://callider/pause/index" "Mozilla/4.0 (compatible; MSIE 7.0; Windows NT 6.1; Trident/5.0; SLCC2; .NET CLR 2.0.50727; .NET CLR 3.5.30729; .NET CLR 3.0.30729; Media Center PC 6.0; InfoPath.3; .NET4.0C; .NET4.0E)" 22407
192.168.74.78 - - [17/Feb/2013:06:41:54 +0600] "GET /pause/ajaxPause?pauseConfigId=&admin=0 HTTP/1.1" 200 986 "http://callider/pause/index" "Mozilla/4.0 (compatible; MSIE 7.0; Windows NT 6.1; WOW64; Trident/5.0; SLCC2; .NET CLR 2.0.50727; .NET CLR 3.5.30729; .NET CLR 3.0.30729; Media Center PC 6.0; InfoPath.3; .NET4.0C; MS-RTC LM 8; .NET4.0E)" 18436
192.168.12.69 - - [17/Feb/2013:06:41:55 +0600] "GET /pause/ajaxPause?pauseConfigId=&admin=0 HTTP/1.1" 200 986 "http://callider/pause/index" "Mozilla/4.0 (compatible; MSIE 7.0; Windows NT 6.1; Trident/5.0; SLCC2; .NET CLR 2.0.50727; .NET CLR 3.5.30729; .NET CLR 3.0.30729; Media Center PC 6.0; InfoPath.3; .NET4.0C; .NET4.0E; Tablet PC 2.0; AskTbFXTV5/5.14.1.20007)" 19831
192.168.74.91 - - [17/Feb/2013:06:41:55 +0600] "GET /pause/ajaxPause?pauseConfigId=&admin=0 HTTP/1.1" 200 986 "http://callider/pause/index" "Mozilla/4.0 (compatible; MSIE 7.0; Windows NT 6.1; WOW64; Trident/5.0; SLCC2; .NET CLR 2.0.50727; .NET CLR 3.5.30729; .NET CLR 3.0.30729; Media Center PC 6.0; InfoPath.3; .NET4.0C; MS-RTC LM 8; .NET4.0E)" 25688
192.168.74.151 - - [17/Feb/2013:06:41:55 +0600] "GET /pause/ajaxPause?pauseConfigId=&admin=0 HTTP/1.1" 200 987 "http://callider.kontur/pause/index" "Mozilla/5.0 (Windows NT 6.1; WOW64; rv:18.0) Gecko/20100101 Firefox/18.0" 20960
192.168.12.210 - - [17/Feb/2013:06:41:55 +0600] "GET /pause/ajaxPause?pauseConfigId=all&admin=1 HTTP/1.1" 200 1047 "http://callider/pause/index" "Mozilla/4.0 (compatible; MSIE 7.0; Windows NT 6.1; WOW64; Trident/5.0; SLCC2; .NET CLR 2.0.50727; .NET CLR 3.5.30729; .NET CLR 3.0.30729; Media Center PC 6.0; InfoPath.3; .NET4.0C; .NET4.0E)" 23342
192.168.65.56 - - [17/Feb/2013:06:41:56 +0600] "GET /pause/ajaxPause?pauseConfigId=all&admin=1 HTTP/1.1" 200 1046 "http://192.168.65.101/pause/index" "Mozilla/5.0 (Windows NT 5.1; rv:15.0) Gecko/20100101 Firefox/15.0" 31310
192.168.12.61 - - [17/Feb/2013:06:41:57 +0600] "GET /pause/ajaxPause?pauseConfigId=&admin=0 HTTP/1.1" 200 985 "http://callider/pause/index" "Mozilla/4.0 (compatible; MSIE 7.0; Windows NT 6.1; Trident/5.0; SLCC2; .NET CLR 2.0.50727; .NET CLR 3.5.30729; .NET CLR 3.0.30729; Media Center PC 6.0; InfoPath.3; .NET4.0C; .NET4.0E)" 44173
192.168.12.60 - - [17/Feb/2013:06:41:58 +0600] "GET /pause/ajaxPause?pauseConfigId=&admin=0 HTTP/1.1" 200 986 "http://callider/pause/index" "Mozilla/4.0 (compatible; MSIE 8.0; Windows NT 6.1; Trident/4.0; InfoPath.3; .NET4.0C; MS-RTC LM 8; .NET4.0E)" 18319
192.168.12.204 - - [17/Feb/2013:06:41:58 +0600] "GET /pause/ajaxPause?pauseConfigId=&admin=0 HTTP/1.1" 200 986 "http://callider/pause/index" "Mozilla/4.0 (compatible; MSIE 7.0; Windows NT 6.1; WOW64; Trident/4.0; SLCC2; .NET CLR 2.0.50727; .NET CLR 3.5.30729; .NET CLR 3.0.30729; Media Center PC 6.0; InfoPath.3; .NET4.0C; .NET4.0E; .NET CLR 1.1.4322)" 17495
192.168.12.237 - - [17/Feb/2013:06:41:59 +0600] "GET /pause/ajaxPause?pauseConfigId=&admin=0 HTTP/1.1" 200 987 "http://callider/pause/index" "Mozilla/4.0 (compatible; MSIE 7.0; Windows NT 6.1; Trident/5.0; SLCC2; .NET CLR 2.0.50727; .NET CLR 3.5.30729; .NET CLR 3.0.30729; Media Center PC 6.0; InfoPath.3; .NET4.0C; .NET4.0E)" 50872
192.168.74.78 - - [17/Feb/2013:06:41:59 +0600] "GET /pause/ajaxPause?pauseConfigId=&admin=0 HTTP/1.1" 200 986 "http://callider/pause/index" "Mozilla/4.0 (compatible; MSIE 7.0; Windows NT 6.1; WOW64; Trident/5.0; SLCC2; .NET CLR 2.0.50727; .NET CLR 3.5.30729; .NET CLR 3.0.30729; Media Center PC 6.0; InfoPath.3; .NET4.0C; MS-RTC LM 8; .NET4.0E)" 22728
192.168.12.69 - - [17/Feb/2013:06:42:00 +0600] "GET /pause/ajaxPause?pauseConfigId=&admin=0 HTTP/1.1" 200 986 "http://callider/pause/index" "Mozilla/4.0 (compatible; MSIE 7.0; Windows NT 6.1; Trident/5.0; SLCC2; .NET CLR 2.0.50727; .NET CLR 3.5.30729; .NET CLR 3.0.30729; Media Center PC 6.0; InfoPath.3; .NET4.0C; .NET4.0E; Tablet PC 2.0; AskTbFXTV5/5.14.1.20007)" 19909
192.168.74.91 - - [17/Feb/2013:06:42:00 +0600] "GET /pause/ajaxPause?pauseConfigId=&admin=0 HTTP/1.1" 200 986 "http://callider/pause/index" "Mozilla/4.0 (compatible; MSIE 7.0; Windows NT 6.1; WOW64; Trident/5.0; SLCC2; .NET CLR 2.0.50727; .NET CLR 3.5.30729; .NET CLR 3.0.30729; Media Center PC 6.0; InfoPath.3; .NET4.0C; MS-RTC LM 8; .NET4.0E)" 21202
192.168.74.151 - - [17/Feb/2013:06:42:00 +0600] "GET /pause/ajaxPause?pauseConfigId=&admin=0 HTTP/1.1" 200 987 "http://callider.kontur/pause/index" "Mozilla/5.0 (Windows NT 6.1; WOW64; rv:18.0) Gecko/20100101 Firefox/18.0" 19142
192.168.12.210 - - [17/Feb/2013:06:42:00 +0600] "GET /pause/ajaxPause?pauseConfigId=all&admin=1 HTTP/1.1" 200 1047 "http://callider/pause/index" "Mozilla/4.0 (compatible; MSIE 7.0; Windows NT 6.1; WOW64; Trident/5.0; SLCC2; .NET CLR 2.0.50727; .NET CLR 3.5.30729; .NET CLR 3.0.30729; Media Center PC 6.0; InfoPath.3; .NET4.0C; .NET4.0E)" 18548
192.168.65.56 - - [17/Feb/2013:06:42:01 +0600] "GET /pause/ajaxPause?pauseConfigId=all&admin=1 HTTP/1.1" 200 1046 "http://192.168.65.101/pause/index" "Mozilla/5.0 (Windows NT 5.1; rv:15.0) Gecko/20100101 Firefox/15.0" 28527
192.168.12.61 - - [17/Feb/2013:06:42:02 +0600] "GET /pause/ajaxPause?pauseConfigId=&admin=0 HTTP/1.1" 200 985 "http://callider/pause/index" "Mozilla/4.0 (compatible; MSIE 7.0; Windows NT 6.1; Trident/5.0; SLCC2; .NET CLR 2.0.50727; .NET CLR 3.5.30729; .NET CLR 3.0.30729; Media Center PC 6.0; InfoPath.3; .NET4.0C; .NET4.0E)" 18834
192.168.12.60 - - [17/Feb/2013:06:42:03 +0600] "GET /pause/ajaxPause?pauseConfigId=&admin=0 HTTP/1.1" 200 986 "http://callider/pause/index" "Mozilla/4.0 (compatible; MSIE 8.0; Windows NT 6.1; Trident/4.0; InfoPath.3; .NET4.0C; MS-RTC LM 8; .NET4.0E)" 18886
192.168.12.204 - - [17/Feb/2013:06:42:03 +0600] "GET /pause/ajaxPause?pauseConfigId=&admin=0 HTTP/1.1" 200 986 "http://callider/pause/index" "Mozilla/4.0 (compatible; MSIE 7.0; Windows NT 6.1; WOW64; Trident/4.0; SLCC2; .NET CLR 2.0.50727; .NET CLR 3.5.30729; .NET CLR 3.0.30729; Media Center PC 6.0; InfoPath.3; .NET4.0C; .NET4.0E; .NET CLR 1.1.4322)" 21344
192.168.12.237 - - [17/Feb/2013:06:42:04 +0600] "GET /pause/ajaxPause?pauseConfigId=&admin=0 HTTP/1.1" 200 987 "http://callider/pause/index" "Mozilla/4.0 (compatible; MSIE 7.0; Windows NT 6.1; Trident/5.0; SLCC2; .NET CLR 2.0.50727; .NET CLR 3.5.30729; .NET CLR 3.0.30729; Media Center PC 6.0; InfoPath.3; .NET4.0C; .NET4.0E)" 22106
192.168.74.78 - - [17/Feb/2013:06:42:04 +0600] "GET /pause/ajaxPause?pauseConfigId=&admin=0 HTTP/1.1" 200 986 "http://callider/pause/index" "Mozilla/4.0 (compatible; MSIE 7.0; Windows NT 6.1; WOW64; Trident/5.0; SLCC2; .NET CLR 2.0.50727; .NET CLR 3.5.30729; .NET CLR 3.0.30729; Media Center PC 6.0; InfoPath.3; .NET4.0C; MS-RTC LM 8; .NET4.0E)" 20986
192.168.12.69 - - [17/Feb/2013:06:42:05 +0600] "GET /pause/ajaxPause?pauseConfigId=&admin=0 HTTP/1.1" 200 986 "http://callider/pause/index" "Mozilla/4.0 (compatible; MSIE 7.0; Windows NT 6.1; Trident/5.0; SLCC2; .NET CLR 2.0.50727; .NET CLR 3.5.30729; .NET CLR 3.0.30729; Media Center PC 6.0; InfoPath.3; .NET4.0C; .NET4.0E; Tablet PC 2.0; AskTbFXTV5/5.14.1.20007)" 24179
192.168.12.61 - - [17/Feb/2013:06:42:05 +0600] "GET /tv/useUser HTTP/1.1" 200 431 "http://callider/pause/index" "Mozilla/4.0 (compatible; MSIE 7.0; Windows NT 6.1; Trident/5.0; SLCC2; .NET CLR 2.0.50727; .NET CLR 3.5.30729; .NET CLR 3.0.30729; Media Center PC 6.0; InfoPath.3; .NET4.0C; .NET4.0E)" 9564
192.168.74.91 - - [17/Feb/2013:06:42:05 +0600] "GET /pause/ajaxPause?pauseConfigId=&admin=0 HTTP/1.1" 200 986 "http://callider/pause/index" "Mozilla/4.0 (compatible; MSIE 7.0; Windows NT 6.1; WOW64; Trident/5.0; SLCC2; .NET CLR 2.0.50727; .NET CLR 3.5.30729; .NET CLR 3.0.30729; Media Center PC 6.0; InfoPath.3; .NET4.0C; MS-RTC LM 8; .NET4.0E)" 19093
192.168.74.151 - - [17/Feb/2013:06:42:05 +0600] "GET /pause/ajaxPause?pauseConfigId=&admin=0 HTTP/1.1" 200 987 "http://callider.kontur/pause/index" "Mozilla/5.0 (Windows NT 6.1; WOW64; rv:18.0) Gecko/20100101 Firefox/18.0" 19165
192.168.12.210 - - [17/Feb/2013:06:42:05 +0600] "GET /pause/ajaxPause?pauseConfigId=all&admin=1 HTTP/1.1" 200 1047 "http://callider/pause/index" "Mozilla/4.0 (compatible; MSIE 7.0; Windows NT 6.1; WOW64; Trident/5.0; SLCC2; .NET CLR 2.0.50727; .NET CLR 3.5.30729; .NET CLR 3.0.30729; Media Center PC 6.0; InfoPath.3; .NET4.0C; .NET4.0E)" 21339
192.168.65.56 - - [17/Feb/2013:06:42:06 +0600] "GET /pause/ajaxPause?pauseConfigId=all&admin=1 HTTP/1.1" 200 1046 "http://192.168.65.101/pause/index" "Mozilla/5.0 (Windows NT 5.1; rv:15.0) Gecko/20100101 Firefox/15.0" 289296
192.168.12.61 - - [17/Feb/2013:06:42:07 +0600] "GET /pause/ajaxPause?pauseConfigId=&admin=0 HTTP/1.1" 200 985 "http://callider/pause/index" "Mozilla/4.0 (compatible; MSIE 7.0; Windows NT 6.1; Trident/5.0; SLCC2; .NET CLR 2.0.50727; .NET CLR 3.5.30729; .NET CLR 3.0.30729; Media Center PC 6.0; InfoPath.3; .NET4.0C; .NET4.0E)" 132270
192.168.12.60 - - [17/Feb/2013:06:42:08 +0600] "GET /pause/ajaxPause?pauseConfigId=&admin=0 HTTP/1.1" 200 986 "http://callider/pause/index" "Mozilla/4.0 (compatible; MSIE 8.0; Windows NT 6.1; Trident/4.0; InfoPath.3; .NET4.0C; MS-RTC LM 8; .NET4.0E)" 20490
192.168.12.204 - - [17/Feb/2013:06:42:08 +0600] "GET /pause/ajaxPause?pauseConfigId=&admin=0 HTTP/1.1" 200 986 "http://callider/pause/index" "Mozilla/4.0 (compatible; MSIE 7.0; Windows NT 6.1; WOW64; Trident/4.0; SLCC2; .NET CLR 2.0.50727; .NET CLR 3.5.30729; .NET CLR 3.0.30729; Media Center PC 6.0; InfoPath.3; .NET4.0C; .NET4.0E; .NET CLR 1.1.4322)" 20689
192.168.12.237 - - [17/Feb/2013:06:42:09 +0600] "GET /pause/ajaxPause?pauseConfigId=&admin=0 HTTP/1.1" 200 987 "http://callider/pause/index" "Mozilla/4.0 (compatible; MSIE 7.0; Windows NT 6.1; Trident/5.0; SLCC2; .NET CLR 2.0.50727; .NET CLR 3.5.30729; .NET CLR 3.0.30729; Media Center PC 6.0; InfoPath.3; .NET4.0C; .NET4.0E)" 21742
192.168.74.78 - - [17/Feb/2013:06:42:09 +0600] "GET /pause/ajaxPause?pauseConfigId=&admin=0 HTTP/1.1" 200 986 "http://callider/pause/index" "Mozilla/4.0 (compatible; MSIE 7.0; Windows NT 6.1; WOW64; Trident/5.0; SLCC2; .NET CLR 2.0.50727; .NET CLR 3.5.30729; .NET CLR 3.0.30729; Media Center PC 6.0; InfoPath.3; .NET4.0C; MS-RTC LM 8; .NET4.0E)" 17315
192.168.12.69 - - [17/Feb/2013:06:42:10 +0600] "GET /pause/ajaxPause?pauseConfigId=&admin=0 HTTP/1.1" 200 986 "http://callider/pause/index" "Mozilla/4.0 (compatible; MSIE 7.0; Windows NT 6.1; Trident/5.0; SLCC2; .NET CLR 2.0.50727; .NET CLR 3.5.30729; .NET CLR 3.0.30729; Media Center PC 6.0; InfoPath.3; .NET4.0C; .NET4.0E; Tablet PC 2.0; AskTbFXTV5/5.14.1.20007)" 117740
192.168.74.91 - - [17/Feb/2013:06:42:10 +0600] "GET /pause/ajaxPause?pauseConfigId=&admin=0 HTTP/1.1" 200 986 "http://callider/pause/index" "Mozilla/4.0 (compatible; MSIE 7.0; Windows NT 6.1; WOW64; Trident/5.0; SLCC2; .NET CLR 2.0.50727; .NET CLR 3.5.30729; .NET CLR 3.0.30729; Media Center PC 6.0; InfoPath.3; .NET4.0C; MS-RTC LM 8; .NET4.0E)" 20932
192.168.74.151 - - [17/Feb/2013:06:42:10 +0600] "GET /pause/ajaxPause?pauseConfigId=&admin=0 HTTP/1.1" 200 987 "http://callider.kontur/pause/index" "Mozilla/5.0 (Windows NT 6.1; WOW64; rv:18.0) Gecko/20100101 Firefox/18.0" 18126
192.168.12.210 - - [17/Feb/2013:06:42:10 +0600] "GET /pause/ajaxPause?pauseConfigId=all&admin=1 HTTP/1.1" 200 1047 "http://callider/pause/index" "Mozilla/4.0 (compatible; MSIE 7.0; Windows NT 6.1; WOW64; Trident/5.0; SLCC2; .NET CLR 2.0.50727; .NET CLR 3.5.30729; .NET CLR 3.0.30729; Media Center PC 6.0; InfoPath.3; .NET4.0C; .NET4.0E)" 23032
192.168.12.42 - - [17/Feb/2013:06:42:11 +0600] "GET /tv/useUser HTTP/1.1" 200 432 "http://callider/graph/personal" "Mozilla/4.0 (compatible; MSIE 7.0; Windows NT 6.1; WOW64; Trident/5.0; SLCC2; .NET CLR 2.0.50727; .NET CLR 3.5.30729; .NET CLR 3.0.30729; Media Center PC 6.0; InfoPath.3; .NET4.0C; .NET4.0E)" 23396
192.168.65.56 - - [17/Feb/2013:06:42:11 +0600] "GET /pause/ajaxPause?pauseConfigId=all&admin=1 HTTP/1.1" 200 1046 "http://192.168.65.101/pause/index" "Mozilla/5.0 (Windows NT 5.1; rv:15.0) Gecko/20100101 Firefox/15.0" 186925
192.168.12.61 - - [17/Feb/2013:06:42:12 +0600] "GET /pause/ajaxPause?pauseConfigId=&admin=0 HTTP/1.1" 200 985 "http://callider/pause/index" "Mozilla/4.0 (compatible; MSIE 7.0; Windows NT 6.1; Trident/5.0; SLCC2; .NET CLR 2.0.50727; .NET CLR 3.5.30729; .NET CLR 3.0.30729; Media Center PC 6.0; InfoPath.3; .NET4.0C; .NET4.0E)" 18482
192.168.74.151 - - [17/Feb/2013:06:42:13 +0600] "GET /tv/useUser HTTP/1.1" 200 431 "http://callider.kontur/graph/general" "Mozilla/5.0 (Windows NT 6.1; WOW64; rv:18.0) Gecko/20100101 Firefox/18.0" 9073
192.168.12.60 - - [17/Feb/2013:06:42:13 +0600] "GET /pause/ajaxPause?pauseConfigId=&admin=0 HTTP/1.1" 200 986 "http://callider/pause/index" "Mozilla/4.0 (compatible; MSIE 8.0; Windows NT 6.1; Trident/4.0; InfoPath.3; .NET4.0C; MS-RTC LM 8; .NET4.0E)" 24557
192.168.12.204 - - [17/Feb/2013:06:42:13 +0600] "GET /pause/ajaxPause?pauseConfigId=&admin=0 HTTP/1.1" 200 986 "http://callider/pause/index" "Mozilla/4.0 (compatible; MSIE 7.0; Windows NT 6.1; WOW64; Trident/4.0; SLCC2; .NET CLR 2.0.50727; .NET CLR 3.5.30729; .NET CLR 3.0.30729; Media Center PC 6.0; InfoPath.3; .NET4.0C; .NET4.0E; .NET CLR 1.1.4322)" 21841
192.168.12.237 - - [17/Feb/2013:06:42:14 +0600] "GET /pause/ajaxPause?pauseConfigId=&admin=0 HTTP/1.1" 200 987 "http://callider/pause/index" "Mozilla/4.0 (compatible; MSIE 7.0; Windows NT 6.1; Trident/5.0; SLCC2; .NET CLR 2.0.50727; .NET CLR 3.5.30729; .NET CLR 3.0.30729; Media Center PC 6.0; InfoPath.3; .NET4.0C; .NET4.0E)" 18156
192.168.74.78 - - [17/Feb/2013:06:42:14 +0600] "GET /pause/ajaxPause?pauseConfigId=&admin=0 HTTP/1.1" 200 986 "http://callider/pause/index" "Mozilla/4.0 (compatible; MSIE 7.0; Windows NT 6.1; WOW64; Trident/5.0; SLCC2; .NET CLR 2.0.50727; .NET CLR 3.5.30729; .NET CLR 3.0.30729; Media Center PC 6.0; InfoPath.3; .NET4.0C; MS-RTC LM 8; .NET4.0E)" 17296
192.168.12.69 - - [17/Feb/2013:06:42:15 +0600] "GET /pause/ajaxPause?pauseConfigId=&admin=0 HTTP/1.1" 200 986 "http://callider/pause/index" "Mozilla/4.0 (compatible; MSIE 7.0; Windows NT 6.1; Trident/5.0; SLCC2; .NET CLR 2.0.50727; .NET CLR 3.5.30729; .NET CLR 3.0.30729; Media Center PC 6.0; InfoPath.3; .NET4.0C; .NET4.0E; Tablet PC 2.0; AskTbFXTV5/5.14.1.20007)" 126942
192.168.74.91 - - [17/Feb/2013:06:42:15 +0600] "GET /pause/ajaxPause?pauseConfigId=&admin=0 HTTP/1.1" 200 986 "http://callider/pause/index" "Mozilla/4.0 (compatible; MSIE 7.0; Windows NT 6.1; WOW64; Trident/5.0; SLCC2; .NET CLR 2.0.50727; .NET CLR 3.5.30729; .NET CLR 3.0.30729; Media Center PC 6.0; InfoPath.3; .NET4.0C; MS-RTC LM 8; .NET4.0E)" 17966
192.168.74.151 - - [17/Feb/2013:06:42:15 +0600] "GET /pause/ajaxPause?pauseConfigId=&admin=0 HTTP/1.1" 200 987 "http://callider.kontur/pause/index" "Mozilla/5.0 (Windows NT 6.1; WOW64; rv:18.0) Gecko/20100101 Firefox/18.0" 21609
192.168.74.151 - - [17/Feb/2013:06:42:15 +0600] "GET /tv/useUser HTTP/1.1" 200 432 "http://callider.kontur/pause/index" "Mozilla/5.0 (Windows NT 6.1; WOW64; rv:18.0) Gecko/20100101 Firefox/18.0" 16537
192.168.12.210 - - [17/Feb/2013:06:42:15 +0600] "GET /pause/ajaxPause?pauseConfigId=all&admin=1 HTTP/1.1" 200 1047 "http://callider/pause/index" "Mozilla/4.0 (compatible; MSIE 7.0; Windows NT 6.1; WOW64; Trident/5.0; SLCC2; .NET CLR 2.0.50727; .NET CLR 3.5.30729; .NET CLR 3.0.30729; Media Center PC 6.0; InfoPath.3; .NET4.0C; .NET4.0E)" 20560
192.168.65.56 - - [17/Feb/2013:06:42:16 +0600] "GET /pause/ajaxPause?pauseConfigId=all&admin=1 HTTP/1.1" 200 1046 "http://192.168.65.101/pause/index" "Mozilla/5.0 (Windows NT 5.1; rv:15.0) Gecko/20100101 Firefox/15.0" 31337
192.168.12.61 - - [17/Feb/2013:06:42:17 +0600] "GET /pause/ajaxPause?pauseConfigId=&admin=0 HTTP/1.1" 200 986 "http://callider/pause/index" "Mozilla/4.0 (compatible; MSIE 7.0; Windows NT 6.1; Trident/5.0; SLCC2; .NET CLR 2.0.50727; .NET CLR 3.5.30729; .NET CLR 3.0.30729; Media Center PC 6.0; InfoPath.3; .NET4.0C; .NET4.0E)" 53359
192.168.12.60 - - [17/Feb/2013:06:42:18 +0600] "GET /pause/ajaxPause?pauseConfigId=&admin=0 HTTP/1.1" 200 986 "http://callider/pause/index" "Mozilla/4.0 (compatible; MSIE 8.0; Windows NT 6.1; Trident/4.0; InfoPath.3; .NET4.0C; MS-RTC LM 8; .NET4.0E)" 21779
192.168.12.204 - - [17/Feb/2013:06:42:18 +0600] "GET /pause/ajaxPause?pauseConfigId=&admin=0 HTTP/1.1" 200 986 "http://callider/pause/index" "Mozilla/4.0 (compatible; MSIE 7.0; Windows NT 6.1; WOW64; Trident/4.0; SLCC2; .NET CLR 2.0.50727; .NET CLR 3.5.30729; .NET CLR 3.0.30729; Media Center PC 6.0; InfoPath.3; .NET4.0C; .NET4.0E; .NET CLR 1.1.4322)" 19742
192.168.12.237 - - [17/Feb/2013:06:42:19 +0600] "GET /pause/ajaxPause?pauseConfigId=&admin=0 HTTP/1.1" 200 987 "http://callider/pause/index" "Mozilla/4.0 (compatible; MSIE 7.0; Windows NT 6.1; Trident/5.0; SLCC2; .NET CLR 2.0.50727; .NET CLR 3.5.30729; .NET CLR 3.0.30729; Media Center PC 6.0; InfoPath.3; .NET4.0C; .NET4.0E)" 26010
192.168.74.78 - - [17/Feb/2013:06:42:19 +0600] "GET /pause/ajaxPause?pauseConfigId=&admin=0 HTTP/1.1" 200 986 "http://callider/pause/index" "Mozilla/4.0 (compatible; MSIE 7.0; Windows NT 6.1; WOW64; Trident/5.0; SLCC2; .NET CLR 2.0.50727; .NET CLR 3.5.30729; .NET CLR 3.0.30729; Media Center PC 6.0; InfoPath.3; .NET4.0C; MS-RTC LM 8; .NET4.0E)" 26315
192.168.12.10 - - [17/Feb/2013:06:42:19 +0600] "GET /tv/useUser HTTP/1.1" 200 432 "http://callider/graph/personal" "Mozilla/4.0 (compatible; MSIE 7.0; Windows NT 6.1; Trident/5.0; SLCC2; .NET CLR 2.0.50727; .NET CLR 3.5.30729; .NET CLR 3.0.30729; Media Center PC 6.0; InfoPath.3; .NET4.0C; .NET4.0E; Tablet PC 2.0; MS-RTC LM 8)" 18262
192.168.12.108 - - [17/Feb/2013:06:42:20 +0600] "GET /tv/useUser HTTP/1.1" 200 432 "http://callider/index.php" "Mozilla/4.0 (compatible; MSIE 7.0; Windows NT 6.2; WOW64; Trident/6.0; .NET4.0E; .NET4.0C; InfoPath.3; .NET CLR 3.5.30729; .NET CLR 2.0.50727; .NET CLR 3.0.30729)" 42480
192.168.12.69 - - [17/Feb/2013:06:42:20 +0600] "GET /pause/ajaxPause?pauseConfigId=&admin=0 HTTP/1.1" 200 986 "http://callider/pause/index" "Mozilla/4.0 (compatible; MSIE 7.0; Windows NT 6.1; Trident/5.0; SLCC2; .NET CLR 2.0.50727; .NET CLR 3.5.30729; .NET CLR 3.0.30729; Media Center PC 6.0; InfoPath.3; .NET4.0C; .NET4.0E; Tablet PC 2.0; AskTbFXTV5/5.14.1.20007)" 20021
192.168.74.91 - - [17/Feb/2013:06:42:20 +0600] "GET /pause/ajaxPause?pauseConfigId=&admin=0 HTTP/1.1" 200 986 "http://callider/pause/index" "Mozilla/4.0 (compatible; MSIE 7.0; Windows NT 6.1; WOW64; Trident/5.0; SLCC2; .NET CLR 2.0.50727; .NET CLR 3.5.30729; .NET CLR 3.0.30729; Media Center PC 6.0; InfoPath.3; .NET4.0C; MS-RTC LM 8; .NET4.0E)" 21320
192.168.74.151 - - [17/Feb/2013:06:42:20 +0600] "GET /pause/ajaxPause?pauseConfigId=&admin=0 HTTP/1.1" 200 987 "http://callider.kontur/pause/index" "Mozilla/5.0 (Windows NT 6.1; WOW64; rv:18.0) Gecko/20100101 Firefox/18.0" 20671
192.168.12.210 - - [17/Feb/2013:06:42:20 +0600] "GET /pause/ajaxPause?pauseConfigId=all&admin=1 HTTP/1.1" 200 1047 "http://callider/pause/index" "Mozilla/4.0 (compatible; MSIE 7.0; Windows NT 6.1; WOW64; Trident/5.0; SLCC2; .NET CLR 2.0.50727; .NET CLR 3.5.30729; .NET CLR 3.0.30729; Media Center PC 6.0; InfoPath.3; .NET4.0C; .NET4.0E)" 19269
192.168.65.56 - - [17/Feb/2013:06:42:21 +0600] "GET /pause/ajaxPause?pauseConfigId=all&admin=1 HTTP/1.1" 200 1046 "http://192.168.65.101/pause/index" "Mozilla/5.0 (Windows NT 5.1; rv:15.0) Gecko/20100101 Firefox/15.0" 28950
192.168.12.61 - - [17/Feb/2013:06:42:22 +0600] "GET /pause/ajaxPause?pauseConfigId=&admin=0 HTTP/1.1" 200 986 "http://callider/pause/index" "Mozilla/4.0 (compatible; MSIE 7.0; Windows NT 6.1; Trident/5.0; SLCC2; .NET CLR 2.0.50727; .NET CLR 3.5.30729; .NET CLR 3.0.30729; Media Center PC 6.0; InfoPath.3; .NET4.0C; .NET4.0E)" 56156
192.168.12.60 - - [17/Feb/2013:06:42:23 +0600] "GET /pause/ajaxPause?pauseConfigId=&admin=0 HTTP/1.1" 200 986 "http://callider/pause/index" "Mozilla/4.0 (compatible; MSIE 8.0; Windows NT 6.1; Trident/4.0; InfoPath.3; .NET4.0C; MS-RTC LM 8; .NET4.0E)" 21843
192.168.12.204 - - [17/Feb/2013:06:42:23 +0600] "GET /pause/ajaxPause?pauseConfigId=&admin=0 HTTP/1.1" 200 986 "http://callider/pause/index" "Mozilla/4.0 (compatible; MSIE 7.0; Windows NT 6.1; WOW64; Trident/4.0; SLCC2; .NET CLR 2.0.50727; .NET CLR 3.5.30729; .NET CLR 3.0.30729; Media Center PC 6.0; InfoPath.3; .NET4.0C; .NET4.0E; .NET CLR 1.1.4322)" 20433
192.168.12.237 - - [17/Feb/2013:06:42:24 +0600] "GET /pause/ajaxPause?pauseConfigId=&admin=0 HTTP/1.1" 200 987 "http://callider/pause/index" "Mozilla/4.0 (compatible; MSIE 7.0; Windows NT 6.1; Trident/5.0; SLCC2; .NET CLR 2.0.50727; .NET CLR 3.5.30729; .NET CLR 3.0.30729; Media Center PC 6.0; InfoPath.3; .NET4.0C; .NET4.0E)" 21305
192.168.74.78 - - [17/Feb/2013:06:42:24 +0600] "GET /pause/ajaxPause?pauseConfigId=&admin=0 HTTP/1.1" 200 986 "http://callider/pause/index" "Mozilla/4.0 (compatible; MSIE 7.0; Windows NT 6.1; WOW64; Trident/5.0; SLCC2; .NET CLR 2.0.50727; .NET CLR 3.5.30729; .NET CLR 3.0.30729; Media Center PC 6.0; InfoPath.3; .NET4.0C; MS-RTC LM 8; .NET4.0E)" 22951
192.168.12.69 - - [17/Feb/2013:06:42:25 +0600] "GET /pause/ajaxPause?pauseConfigId=&admin=0 HTTP/1.1" 200 986 "http://callider/pause/index" "Mozilla/4.0 (compatible; MSIE 7.0; Windows NT 6.1; Trident/5.0; SLCC2; .NET CLR 2.0.50727; .NET CLR 3.5.30729; .NET CLR 3.0.30729; Media Center PC 6.0; InfoPath.3; .NET4.0C; .NET4.0E; Tablet PC 2.0; AskTbFXTV5/5.14.1.20007)" 20911
192.168.74.91 - - [17/Feb/2013:06:42:25 +0600] "GET /pause/ajaxPause?pauseConfigId=&admin=0 HTTP/1.1" 200 986 "http://callider/pause/index" "Mozilla/4.0 (compatible; MSIE 7.0; Windows NT 6.1; WOW64; Trident/5.0; SLCC2; .NET CLR 2.0.50727; .NET CLR 3.5.30729; .NET CLR 3.0.30729; Media Center PC 6.0; InfoPath.3; .NET4.0C; MS-RTC LM 8; .NET4.0E)" 22537
192.168.74.151 - - [17/Feb/2013:06:42:25 +0600] "GET /pause/ajaxPause?pauseConfigId=&admin=0 HTTP/1.1" 200 987 "http://callider.kontur/pause/index" "Mozilla/5.0 (Windows NT 6.1; WOW64; rv:18.0) Gecko/20100101 Firefox/18.0" 18362
192.168.12.210 - - [17/Feb/2013:06:42:25 +0600] "GET /pause/ajaxPause?pauseConfigId=all&admin=1 HTTP/1.1" 200 1047 "http://callider/pause/index" "Mozilla/4.0 (compatible; MSIE 7.0; Windows NT 6.1; WOW64; Trident/5.0; SLCC2; .NET CLR 2.0.50727; .NET CLR 3.5.30729; .NET CLR 3.0.30729; Media Center PC 6.0; InfoPath.3; .NET4.0C; .NET4.0E)" 23143
192.168.65.56 - - [17/Feb/2013:06:42:26 +0600] "GET /pause/ajaxPause?pauseConfigId=all&admin=1 HTTP/1.1" 200 1046 "http://192.168.65.101/pause/index" "Mozilla/5.0 (Windows NT 5.1; rv:15.0) Gecko/20100101 Firefox/15.0" 27478
192.168.12.61 - - [17/Feb/2013:06:42:27 +0600] "GET /pause/ajaxPause?pauseConfigId=&admin=0 HTTP/1.1" 200 985 "http://callider/pause/index" "Mozilla/4.0 (compatible; MSIE 7.0; Windows NT 6.1; Trident/5.0; SLCC2; .NET CLR 2.0.50727; .NET CLR 3.5.30729; .NET CLR 3.0.30729; Media Center PC 6.0; InfoPath.3; .NET4.0C; .NET4.0E)" 23962
192.168.12.60 - - [17/Feb/2013:06:42:28 +0600] "GET /pause/ajaxPause?pauseConfigId=&admin=0 HTTP/1.1" 200 986 "http://callider/pause/index" "Mozilla/4.0 (compatible; MSIE 8.0; Windows NT 6.1; Trident/4.0; InfoPath.3; .NET4.0C; MS-RTC LM 8; .NET4.0E)" 19480
192.168.12.204 - - [17/Feb/2013:06:42:28 +0600] "GET /pause/ajaxPause?pauseConfigId=&admin=0 HTTP/1.1" 200 986 "http://callider/pause/index" "Mozilla/4.0 (compatible; MSIE 7.0; Windows NT 6.1; WOW64; Trident/4.0; SLCC2; .NET CLR 2.0.50727; .NET CLR 3.5.30729; .NET CLR 3.0.30729; Media Center PC 6.0; InfoPath.3; .NET4.0C; .NET4.0E; .NET CLR 1.1.4322)" 18486
192.168.12.237 - - [17/Feb/2013:06:42:29 +0600] "GET /pause/ajaxPause?pauseConfigId=&admin=0 HTTP/1.1" 200 987 "http://callider/pause/index" "Mozilla/4.0 (compatible; MSIE 7.0; Windows NT 6.1; Trident/5.0; SLCC2; .NET CLR 2.0.50727; .NET CLR 3.5.30729; .NET CLR 3.0.30729; Media Center PC 6.0; InfoPath.3; .NET4.0C; .NET4.0E)" 67870
192.168.74.78 - - [17/Feb/2013:06:42:29 +0600] "GET /pause/ajaxPause?pauseConfigId=&admin=0 HTTP/1.1" 200 986 "http://callider/pause/index" "Mozilla/4.0 (compatible; MSIE 7.0; Windows NT 6.1; WOW64; Trident/5.0; SLCC2; .NET CLR 2.0.50727; .NET CLR 3.5.30729; .NET CLR 3.0.30729; Media Center PC 6.0; InfoPath.3; .NET4.0C; MS-RTC LM 8; .NET4.0E)" 23726
192.168.12.69 - - [17/Feb/2013:06:42:30 +0600] "GET /pause/ajaxPause?pauseConfigId=&admin=0 HTTP/1.1" 200 986 "http://callider/pause/index" "Mozilla/4.0 (compatible; MSIE 7.0; Windows NT 6.1; Trident/5.0; SLCC2; .NET CLR 2.0.50727; .NET CLR 3.5.30729; .NET CLR 3.0.30729; Media Center PC 6.0; InfoPath.3; .NET4.0C; .NET4.0E; Tablet PC 2.0; AskTbFXTV5/5.14.1.20007)" 19067
192.168.74.91 - - [17/Feb/2013:06:42:30 +0600] "GET /pause/ajaxPause?pauseConfigId=&admin=0 HTTP/1.1" 200 986 "http://callider/pause/index" "Mozilla/4.0 (compatible; MSIE 7.0; Windows NT 6.1; WOW64; Trident/5.0; SLCC2; .NET CLR 2.0.50727; .NET CLR 3.5.30729; .NET CLR 3.0.30729; Media Center PC 6.0; InfoPath.3; .NET4.0C; MS-RTC LM 8; .NET4.0E)" 19405
192.168.74.151 - - [17/Feb/2013:06:42:30 +0600] "GET /pause/ajaxPause?pauseConfigId=&admin=0 HTTP/1.1" 200 987 "http://callider.kontur/pause/index" "Mozilla/5.0 (Windows NT 6.1; WOW64; rv:18.0) Gecko/20100101 Firefox/18.0" 19343
192.168.12.210 - - [17/Feb/2013:06:42:30 +0600] "GET /pause/ajaxPause?pauseConfigId=all&admin=1 HTTP/1.1" 200 1047 "http://callider/pause/index" "Mozilla/4.0 (compatible; MSIE 7.0; Windows NT 6.1; WOW64; Trident/5.0; SLCC2; .NET CLR 2.0.50727; .NET CLR 3.5.30729; .NET CLR 3.0.30729; Media Center PC 6.0; InfoPath.3; .NET4.0C; .NET4.0E)" 18038
192.168.65.56 - - [17/Feb/2013:06:42:31 +0600] "GET /pause/ajaxPause?pauseConfigId=all&admin=1 HTTP/1.1" 200 1046 "http://192.168.65.101/pause/index" "Mozilla/5.0 (Windows NT 5.1; rv:15.0) Gecko/20100101 Firefox/15.0" 28799
192.168.12.61 - - [17/Feb/2013:06:42:32 +0600] "GET /pause/ajaxPause?pauseConfigId=&admin=0 HTTP/1.1" 200 986 "http://callider/pause/index" "Mozilla/4.0 (compatible; MSIE 7.0; Windows NT 6.1; Trident/5.0; SLCC2; .NET CLR 2.0.50727; .NET CLR 3.5.30729; .NET CLR 3.0.30729; Media Center PC 6.0; InfoPath.3; .NET4.0C; .NET4.0E)" 63570
192.168.12.60 - - [17/Feb/2013:06:42:33 +0600] "GET /pause/ajaxPause?pauseConfigId=&admin=0 HTTP/1.1" 200 986 "http://callider/pause/index" "Mozilla/4.0 (compatible; MSIE 8.0; Windows NT 6.1; Trident/4.0; InfoPath.3; .NET4.0C; MS-RTC LM 8; .NET4.0E)" 18721
192.168.12.204 - - [17/Feb/2013:06:42:33 +0600] "GET /pause/ajaxPause?pauseConfigId=&admin=0 HTTP/1.1" 200 986 "http://callider/pause/index" "Mozilla/4.0 (compatible; MSIE 7.0; Windows NT 6.1; WOW64; Trident/4.0; SLCC2; .NET CLR 2.0.50727; .NET CLR 3.5.30729; .NET CLR 3.0.30729; Media Center PC 6.0; InfoPath.3; .NET4.0C; .NET4.0E; .NET CLR 1.1.4322)" 23066
192.168.12.237 - - [17/Feb/2013:06:42:34 +0600] "GET /pause/ajaxPause?pauseConfigId=&admin=0 HTTP/1.1" 200 987 "http://callider/pause/index" "Mozilla/4.0 (compatible; MSIE 7.0; Windows NT 6.1; Trident/5.0; SLCC2; .NET CLR 2.0.50727; .NET CLR 3.5.30729; .NET CLR 3.0.30729; Media Center PC 6.0; InfoPath.3; .NET4.0C; .NET4.0E)" 18691
192.168.74.78 - - [17/Feb/2013:06:42:34 +0600] "GET /pause/ajaxPause?pauseConfigId=&admin=0 HTTP/1.1" 200 986 "http://callider/pause/index" "Mozilla/4.0 (compatible; MSIE 7.0; Windows NT 6.1; WOW64; Trident/5.0; SLCC2; .NET CLR 2.0.50727; .NET CLR 3.5.30729; .NET CLR 3.0.30729; Media Center PC 6.0; InfoPath.3; .NET4.0C; MS-RTC LM 8; .NET4.0E)" 21108
192.168.12.67 - - [17/Feb/2013:06:42:34 +0600] "GET /tv/useUser HTTP/1.1" 200 432 "http://callider/graph/personal" "Mozilla/4.0 (compatible; MSIE 7.0; Windows NT 6.1; Trident/5.0; SLCC2; .NET CLR 2.0.50727; .NET CLR 3.5.30729; .NET CLR 3.0.30729; Media Center PC 6.0; .NET4.0C; .NET4.0E; InfoPath.3; Tablet PC 2.0; MS-RTC LM 8)" 55695
192.168.12.69 - - [17/Feb/2013:06:42:35 +0600] "GET /pause/ajaxPause?pauseConfigId=&admin=0 HTTP/1.1" 200 986 "http://callider/pause/index" "Mozilla/4.0 (compatible; MSIE 7.0; Windows NT 6.1; Trident/5.0; SLCC2; .NET CLR 2.0.50727; .NET CLR 3.5.30729; .NET CLR 3.0.30729; Media Center PC 6.0; InfoPath.3; .NET4.0C; .NET4.0E; Tablet PC 2.0; AskTbFXTV5/5.14.1.20007)" 20518
192.168.74.91 - - [17/Feb/2013:06:42:35 +0600] "GET /pause/ajaxPause?pauseConfigId=&admin=0 HTTP/1.1" 200 986 "http://callider/pause/index" "Mozilla/4.0 (compatible; MSIE 7.0; Windows NT 6.1; WOW64; Trident/5.0; SLCC2; .NET CLR 2.0.50727; .NET CLR 3.5.30729; .NET CLR 3.0.30729; Media Center PC 6.0; InfoPath.3; .NET4.0C; MS-RTC LM 8; .NET4.0E)" 23530
192.168.74.151 - - [17/Feb/2013:06:42:35 +0600] "GET /pause/ajaxPause?pauseConfigId=&admin=0 HTTP/1.1" 200 987 "http://callider.kontur/pause/index" "Mozilla/5.0 (Windows NT 6.1; WOW64; rv:18.0) Gecko/20100101 Firefox/18.0" 20460
192.168.12.210 - - [17/Feb/2013:06:42:35 +0600] "GET /pause/ajaxPause?pauseConfigId=all&admin=1 HTTP/1.1" 200 1047 "http://callider/pause/index" "Mozilla/4.0 (compatible; MSIE 7.0; Windows NT 6.1; WOW64; Trident/5.0; SLCC2; .NET CLR 2.0.50727; .NET CLR 3.5.30729; .NET CLR 3.0.30729; Media Center PC 6.0; InfoPath.3; .NET4.0C; .NET4.0E)" 27448
192.168.65.56 - - [17/Feb/2013:06:42:36 +0600] "GET /pause/ajaxPause?pauseConfigId=all&admin=1 HTTP/1.1" 200 1046 "http://192.168.65.101/pause/index" "Mozilla/5.0 (Windows NT 5.1; rv:15.0) Gecko/20100101 Firefox/15.0" 28062
192.168.12.61 - - [17/Feb/2013:06:42:37 +0600] "GET /pause/ajaxPause?pauseConfigId=&admin=0 HTTP/1.1" 200 985 "http://callider/pause/index" "Mozilla/4.0 (compatible; MSIE 7.0; Windows NT 6.1; Trident/5.0; SLCC2; .NET CLR 2.0.50727; .NET CLR 3.5.30729; .NET CLR 3.0.30729; Media Center PC 6.0; InfoPath.3; .NET4.0C; .NET4.0E)" 21295
192.168.74.93 - - [17/Feb/2013:06:42:38 +0600] "GET /tv/useUser HTTP/1.1" 200 432 "http://callider/graph/personal" "Mozilla/4.0 (compatible; MSIE 7.0; Windows NT 6.1; WOW64; Trident/5.0; SLCC2; .NET CLR 2.0.50727; .NET CLR 3.5.30729; .NET CLR 3.0.30729; Media Center PC 6.0; InfoPath.3; .NET4.0C; .NET4.0E)" 18024
192.168.12.60 - - [17/Feb/2013:06:42:38 +0600] "GET /pause/ajaxPause?pauseConfigId=&admin=0 HTTP/1.1" 200 986 "http://callider/pause/index" "Mozilla/4.0 (compatible; MSIE 8.0; Windows NT 6.1; Trident/4.0; InfoPath.3; .NET4.0C; MS-RTC LM 8; .NET4.0E)" 20550
192.168.12.204 - - [17/Feb/2013:06:42:38 +0600] "GET /pause/ajaxPause?pauseConfigId=&admin=0 HTTP/1.1" 200 986 "http://callider/pause/index" "Mozilla/4.0 (compatible; MSIE 7.0; Windows NT 6.1; WOW64; Trident/4.0; SLCC2; .NET CLR 2.0.50727; .NET CLR 3.5.30729; .NET CLR 3.0.30729; Media Center PC 6.0; InfoPath.3; .NET4.0C; .NET4.0E; .NET CLR 1.1.4322)" 18053
192.168.12.237 - - [17/Feb/2013:06:42:39 +0600] "GET /pause/ajaxPause?pauseConfigId=&admin=0 HTTP/1.1" 200 987 "http://callider/pause/index" "Mozilla/4.0 (compatible; MSIE 7.0; Windows NT 6.1; Trident/5.0; SLCC2; .NET CLR 2.0.50727; .NET CLR 3.5.30729; .NET CLR 3.0.30729; Media Center PC 6.0; InfoPath.3; .NET4.0C; .NET4.0E)" 22422
192.168.12.210 - - [17/Feb/2013:06:42:39 +0600] "GET /tv/useUser HTTP/1.1" 200 431 "http://callider/graph/general" "Mozilla/4.0 (compatible; MSIE 7.0; Windows NT 6.1; WOW64; Trident/5.0; SLCC2; .NET CLR 2.0.50727; .NET CLR 3.5.30729; .NET CLR 3.0.30729; Media Center PC 6.0; InfoPath.3; .NET4.0C; .NET4.0E)" 7549
192.168.74.78 - - [17/Feb/2013:06:42:39 +0600] "GET /pause/ajaxPause?pauseConfigId=&admin=0 HTTP/1.1" 200 986 "http://callider/pause/index" "Mozilla/4.0 (compatible; MSIE 7.0; Windows NT 6.1; WOW64; Trident/5.0; SLCC2; .NET CLR 2.0.50727; .NET CLR 3.5.30729; .NET CLR 3.0.30729; Media Center PC 6.0; InfoPath.3; .NET4.0C; MS-RTC LM 8; .NET4.0E)" 20390
192.168.12.69 - - [17/Feb/2013:06:42:40 +0600] "GET /pause/ajaxPause?pauseConfigId=&admin=0 HTTP/1.1" 200 986 "http://callider/pause/index" "Mozilla/4.0 (compatible; MSIE 7.0; Windows NT 6.1; Trident/5.0; SLCC2; .NET CLR 2.0.50727; .NET CLR 3.5.30729; .NET CLR 3.0.30729; Media Center PC 6.0; InfoPath.3; .NET4.0C; .NET4.0E; Tablet PC 2.0; AskTbFXTV5/5.14.1.20007)" 18528
192.168.74.91 - - [17/Feb/2013:06:42:40 +0600] "GET /pause/ajaxPause?pauseConfigId=&admin=0 HTTP/1.1" 200 986 "http://callider/pause/index" "Mozilla/4.0 (compatible; MSIE 7.0; Windows NT 6.1; WOW64; Trident/5.0; SLCC2; .NET CLR 2.0.50727; .NET CLR 3.5.30729; .NET CLR 3.0.30729; Media Center PC 6.0; InfoPath.3; .NET4.0C; MS-RTC LM 8; .NET4.0E)" 19190
192.168.74.151 - - [17/Feb/2013:06:42:40 +0600] "GET /pause/ajaxPause?pauseConfigId=&admin=0 HTTP/1.1" 200 987 "http://callider.kontur/pause/index" "Mozilla/5.0 (Windows NT 6.1; WOW64; rv:18.0) Gecko/20100101 Firefox/18.0" 18769
192.168.12.210 - - [17/Feb/2013:06:42:40 +0600] "GET /pause/ajaxPause?pauseConfigId=all&admin=1 HTTP/1.1" 200 1047 "http://callider/pause/index" "Mozilla/4.0 (compatible; MSIE 7.0; Windows NT 6.1; WOW64; Trident/5.0; SLCC2; .NET CLR 2.0.50727; .NET CLR 3.5.30729; .NET CLR 3.0.30729; Media Center PC 6.0; InfoPath.3; .NET4.0C; .NET4.0E)" 18131
192.168.12.9 - - [17/Feb/2013:06:42:41 +0600] "GET /tv/useUser HTTP/1.1" 200 432 "http://callider.kontur/site/index" "Mozilla/5.0 (Windows NT 6.1; WOW64) AppleWebKit/537.17 (KHTML, like Gecko) Chrome/24.0.1312.57 Safari/537.17" 37582
192.168.65.56 - - [17/Feb/2013:06:42:41 +0600] "GET /pause/ajaxPause?pauseConfigId=all&admin=1 HTTP/1.1" 200 1046 "http://192.168.65.101/pause/index" "Mozilla/5.0 (Windows NT 5.1; rv:15.0) Gecko/20100101 Firefox/15.0" 29325
192.168.12.61 - - [17/Feb/2013:06:42:42 +0600] "GET /pause/ajaxPause?pauseConfigId=&admin=0 HTTP/1.1" 200 986 "http://callider/pause/index" "Mozilla/4.0 (compatible; MSIE 7.0; Windows NT 6.1; Trident/5.0; SLCC2; .NET CLR 2.0.50727; .NET CLR 3.5.30729; .NET CLR 3.0.30729; Media Center PC 6.0; InfoPath.3; .NET4.0C; .NET4.0E)" 70415
192.168.12.60 - - [17/Feb/2013:06:42:43 +0600] "GET /pause/ajaxPause?pauseConfigId=&admin=0 HTTP/1.1" 200 986 "http://callider/pause/index" "Mozilla/4.0 (compatible; MSIE 8.0; Windows NT 6.1; Trident/4.0; InfoPath.3; .NET4.0C; MS-RTC LM 8; .NET4.0E)" 22736
192.168.12.204 - - [17/Feb/2013:06:42:43 +0600] "GET /pause/ajaxPause?pauseConfigId=&admin=0 HTTP/1.1" 200 986 "http://callider/pause/index" "Mozilla/4.0 (compatible; MSIE 7.0; Windows NT 6.1; WOW64; Trident/4.0; SLCC2; .NET CLR 2.0.50727; .NET CLR 3.5.30729; .NET CLR 3.0.30729; Media Center PC 6.0; InfoPath.3; .NET4.0C; .NET4.0E; .NET CLR 1.1.4322)" 19363
192.168.12.237 - - [17/Feb/2013:06:42:44 +0600] "GET /pause/ajaxPause?pauseConfigId=&admin=0 HTTP/1.1" 200 987 "http://callider/pause/index" "Mozilla/4.0 (compatible; MSIE 7.0; Windows NT 6.1; Trident/5.0; SLCC2; .NET CLR 2.0.50727; .NET CLR 3.5.30729; .NET CLR 3.0.30729; Media Center PC 6.0; InfoPath.3; .NET4.0C; .NET4.0E)" 19574
192.168.74.78 - - [17/Feb/2013:06:42:44 +0600] "GET /pause/ajaxPause?pauseConfigId=&admin=0 HTTP/1.1" 200 986 "http://callider/pause/index" "Mozilla/4.0 (compatible; MSIE 7.0; Windows NT 6.1; WOW64; Trident/5.0; SLCC2; .NET CLR 2.0.50727; .NET CLR 3.5.30729; .NET CLR 3.0.30729; Media Center PC 6.0; InfoPath.3; .NET4.0C; MS-RTC LM 8; .NET4.0E)" 22261
192.168.12.69 - - [17/Feb/2013:06:42:45 +0600] "GET /pause/ajaxPause?pauseConfigId=&admin=0 HTTP/1.1" 200 986 "http://callider/pause/index" "Mozilla/4.0 (compatible; MSIE 7.0; Windows NT 6.1; Trident/5.0; SLCC2; .NET CLR 2.0.50727; .NET CLR 3.5.30729; .NET CLR 3.0.30729; Media Center PC 6.0; InfoPath.3; .NET4.0C; .NET4.0E; Tablet PC 2.0; AskTbFXTV5/5.14.1.20007)" 25666
192.168.74.91 - - [17/Feb/2013:06:42:45 +0600] "GET /pause/ajaxPause?pauseConfigId=&admin=0 HTTP/1.1" 200 986 "http://callider/pause/index" "Mozilla/4.0 (compatible; MSIE 7.0; Windows NT 6.1; WOW64; Trident/5.0; SLCC2; .NET CLR 2.0.50727; .NET CLR 3.5.30729; .NET CLR 3.0.30729; Media Center PC 6.0; InfoPath.3; .NET4.0C; MS-RTC LM 8; .NET4.0E)" 20887
192.168.74.151 - - [17/Feb/2013:06:42:45 +0600] "GET /pause/ajaxPause?pauseConfigId=&admin=0 HTTP/1.1" 200 987 "http://callider.kontur/pause/index" "Mozilla/5.0 (Windows NT 6.1; WOW64; rv:18.0) Gecko/20100101 Firefox/18.0" 21361
192.168.12.210 - - [17/Feb/2013:06:42:45 +0600] "GET /pause/ajaxPause?pauseConfigId=all&admin=1 HTTP/1.1" 200 1047 "http://callider/pause/index" "Mozilla/4.0 (compatible; MSIE 7.0; Windows NT 6.1; WOW64; Trident/5.0; SLCC2; .NET CLR 2.0.50727; .NET CLR 3.5.30729; .NET CLR 3.0.30729; Media Center PC 6.0; InfoPath.3; .NET4.0C; .NET4.0E)" 20052
192.168.65.56 - - [17/Feb/2013:06:42:46 +0600] "GET /pause/ajaxPause?pauseConfigId=all&admin=1 HTTP/1.1" 200 1046 "http://192.168.65.101/pause/index" "Mozilla/5.0 (Windows NT 5.1; rv:15.0) Gecko/20100101 Firefox/15.0" 29140
192.168.12.61 - - [17/Feb/2013:06:42:47 +0600] "GET /pause/ajaxPause?pauseConfigId=&admin=0 HTTP/1.1" 200 985 "http://callider/pause/index" "Mozilla/4.0 (compatible; MSIE 7.0; Windows NT 6.1; Trident/5.0; SLCC2; .NET CLR 2.0.50727; .NET CLR 3.5.30729; .NET CLR 3.0.30729; Media Center PC 6.0; InfoPath.3; .NET4.0C; .NET4.0E)" 21933
192.168.12.60 - - [17/Feb/2013:06:42:48 +0600] "GET /pause/ajaxPause?pauseConfigId=&admin=0 HTTP/1.1" 200 986 "http://callider/pause/index" "Mozilla/4.0 (compatible; MSIE 8.0; Windows NT 6.1; Trident/4.0; InfoPath.3; .NET4.0C; MS-RTC LM 8; .NET4.0E)" 20522
192.168.12.204 - - [17/Feb/2013:06:42:49 +0600] "GET /pause/ajaxPause?pauseConfigId=&admin=0 HTTP/1.1" 200 986 "http://callider/pause/index" "Mozilla/4.0 (compatible; MSIE 7.0; Windows NT 6.1; WOW64; Trident/4.0; SLCC2; .NET CLR 2.0.50727; .NET CLR 3.5.30729; .NET CLR 3.0.30729; Media Center PC 6.0; InfoPath.3; .NET4.0C; .NET4.0E; .NET CLR 1.1.4322)" 18008
192.168.12.210 - - [17/Feb/2013:06:42:49 +0600] "GET /tv/useUser HTTP/1.1" 200 431 "http://callider/pause/index" "Mozilla/4.0 (compatible; MSIE 7.0; Windows NT 6.1; WOW64; Trident/5.0; SLCC2; .NET CLR 2.0.50727; .NET CLR 3.5.30729; .NET CLR 3.0.30729; Media Center PC 6.0; InfoPath.3; .NET4.0C; .NET4.0E)" 8943
192.168.12.237 - - [17/Feb/2013:06:42:49 +0600] "GET /pause/ajaxPause?pauseConfigId=&admin=0 HTTP/1.1" 200 987 "http://callider/pause/index" "Mozilla/4.0 (compatible; MSIE 7.0; Windows NT 6.1; Trident/5.0; SLCC2; .NET CLR 2.0.50727; .NET CLR 3.5.30729; .NET CLR 3.0.30729; Media Center PC 6.0; InfoPath.3; .NET4.0C; .NET4.0E)" 20817
192.168.74.78 - - [17/Feb/2013:06:42:49 +0600] "GET /pause/ajaxPause?pauseConfigId=&admin=0 HTTP/1.1" 200 986 "http://callider/pause/index" "Mozilla/4.0 (compatible; MSIE 7.0; Windows NT 6.1; WOW64; Trident/5.0; SLCC2; .NET CLR 2.0.50727; .NET CLR 3.5.30729; .NET CLR 3.0.30729; Media Center PC 6.0; InfoPath.3; .NET4.0C; MS-RTC LM 8; .NET4.0E)" 18115
192.168.12.69 - - [17/Feb/2013:06:42:50 +0600] "GET /pause/ajaxPause?pauseConfigId=&admin=0 HTTP/1.1" 200 986 "http://callider/pause/index" "Mozilla/4.0 (compatible; MSIE 7.0; Windows NT 6.1; Trident/5.0; SLCC2; .NET CLR 2.0.50727; .NET CLR 3.5.30729; .NET CLR 3.0.30729; Media Center PC 6.0; InfoPath.3; .NET4.0C; .NET4.0E; Tablet PC 2.0; AskTbFXTV5/5.14.1.20007)" 21091
192.168.74.91 - - [17/Feb/2013:06:42:50 +0600] "GET /pause/ajaxPause?pauseConfigId=&admin=0 HTTP/1.1" 200 986 "http://callider/pause/index" "Mozilla/4.0 (compatible; MSIE 7.0; Windows NT 6.1; WOW64; Trident/5.0; SLCC2; .NET CLR 2.0.50727; .NET CLR 3.5.30729; .NET CLR 3.0.30729; Media Center PC 6.0; InfoPath.3; .NET4.0C; MS-RTC LM 8; .NET4.0E)" 28436
192.168.74.151 - - [17/Feb/2013:06:42:50 +0600] "GET /pause/ajaxPause?pauseConfigId=&admin=0 HTTP/1.1" 200 987 "http://callider.kontur/pause/index" "Mozilla/5.0 (Windows NT 6.1; WOW64; rv:18.0) Gecko/20100101 Firefox/18.0" 19481
192.168.12.210 - - [17/Feb/2013:06:42:50 +0600] "GET /pause/ajaxPause?pauseConfigId=all&admin=1 HTTP/1.1" 200 1047 "http://callider/pause/index" "Mozilla/4.0 (compatible; MSIE 7.0; Windows NT 6.1; WOW64; Trident/5.0; SLCC2; .NET CLR 2.0.50727; .NET CLR 3.5.30729; .NET CLR 3.0.30729; Media Center PC 6.0; InfoPath.3; .NET4.0C; .NET4.0E)" 18193
192.168.65.56 - - [17/Feb/2013:06:42:51 +0600] "GET /pause/ajaxPause?pauseConfigId=all&admin=1 HTTP/1.1" 200 1046 "http://192.168.65.101/pause/index" "Mozilla/5.0 (Windows NT 5.1; rv:15.0) Gecko/20100101 Firefox/15.0" 28942
192.168.65.56 - - [17/Feb/2013:06:42:51 +0600] "GET /tv/useUser HTTP/1.1" 200 431 "http://192.168.65.101/pause/index" "Mozilla/5.0 (Windows NT 5.1; rv:15.0) Gecko/20100101 Firefox/15.0" 16025
192.168.12.61 - - [17/Feb/2013:06:42:52 +0600] "GET /pause/ajaxPause?pauseConfigId=&admin=0 HTTP/1.1" 200 985 "http://callider/pause/index" "Mozilla/4.0 (compatible; MSIE 7.0; Windows NT 6.1; Trident/5.0; SLCC2; .NET CLR 2.0.50727; .NET CLR 3.5.30729; .NET CLR 3.0.30729; Media Center PC 6.0; InfoPath.3; .NET4.0C; .NET4.0E)" 17693
192.168.12.60 - - [17/Feb/2013:06:42:53 +0600] "GET /pause/ajaxPause?pauseConfigId=&admin=0 HTTP/1.1" 200 986 "http://callider/pause/index" "Mozilla/4.0 (compatible; MSIE 8.0; Windows NT 6.1; Trident/4.0; InfoPath.3; .NET4.0C; MS-RTC LM 8; .NET4.0E)" 29247
192.168.12.204 - - [17/Feb/2013:06:42:54 +0600] "GET /pause/ajaxPause?pauseConfigId=&admin=0 HTTP/1.1" 200 986 "http://callider/pause/index" "Mozilla/4.0 (compatible; MSIE 7.0; Windows NT 6.1; WOW64; Trident/4.0; SLCC2; .NET CLR 2.0.50727; .NET CLR 3.5.30729; .NET CLR 3.0.30729; Media Center PC 6.0; InfoPath.3; .NET4.0C; .NET4.0E; .NET CLR 1.1.4322)" 19761
192.168.12.237 - - [17/Feb/2013:06:42:54 +0600] "GET /pause/ajaxPause?pauseConfigId=&admin=0 HTTP/1.1" 200 987 "http://callider/pause/index" "Mozilla/4.0 (compatible; MSIE 7.0; Windows NT 6.1; Trident/5.0; SLCC2; .NET CLR 2.0.50727; .NET CLR 3.5.30729; .NET CLR 3.0.30729; Media Center PC 6.0; InfoPath.3; .NET4.0C; .NET4.0E)" 24076
192.168.74.78 - - [17/Feb/2013:06:42:54 +0600] "GET /pause/ajaxPause?pauseConfigId=&admin=0 HTTP/1.1" 200 986 "http://callider/pause/index" "Mozilla/4.0 (compatible; MSIE 7.0; Windows NT 6.1; WOW64; Trident/5.0; SLCC2; .NET CLR 2.0.50727; .NET CLR 3.5.30729; .NET CLR 3.0.30729; Media Center PC 6.0; InfoPath.3; .NET4.0C; MS-RTC LM 8; .NET4.0E)" 19864
192.168.12.69 - - [17/Feb/2013:06:42:55 +0600] "GET /pause/ajaxPause?pauseConfigId=&admin=0 HTTP/1.1" 200 986 "http://callider/pause/index" "Mozilla/4.0 (compatible; MSIE 7.0; Windows NT 6.1; Trident/5.0; SLCC2; .NET CLR 2.0.50727; .NET CLR 3.5.30729; .NET CLR 3.0.30729; Media Center PC 6.0; InfoPath.3; .NET4.0C; .NET4.0E; Tablet PC 2.0; AskTbFXTV5/5.14.1.20007)" 23341
192.168.74.91 - - [17/Feb/2013:06:42:55 +0600] "GET /pause/ajaxPause?pauseConfigId=&admin=0 HTTP/1.1" 200 986 "http://callider/pause/index" "Mozilla/4.0 (compatible; MSIE 7.0; Windows NT 6.1; WOW64; Trident/5.0; SLCC2; .NET CLR 2.0.50727; .NET CLR 3.5.30729; .NET CLR 3.0.30729; Media Center PC 6.0; InfoPath.3; .NET4.0C; MS-RTC LM 8; .NET4.0E)" 27339
192.168.74.151 - - [17/Feb/2013:06:42:55 +0600] "GET /pause/ajaxPause?pauseConfigId=&admin=0 HTTP/1.1" 200 987 "http://callider.kontur/pause/index" "Mozilla/5.0 (Windows NT 6.1; WOW64; rv:18.0) Gecko/20100101 Firefox/18.0" 18943
192.168.12.210 - - [17/Feb/2013:06:42:55 +0600] "GET /pause/ajaxPause?pauseConfigId=all&admin=1 HTTP/1.1" 200 1048 "http://callider/pause/index" "Mozilla/4.0 (compatible; MSIE 7.0; Windows NT 6.1; WOW64; Trident/5.0; SLCC2; .NET CLR 2.0.50727; .NET CLR 3.5.30729; .NET CLR 3.0.30729; Media Center PC 6.0; InfoPath.3; .NET4.0C; .NET4.0E)" 56697
192.168.65.56 - - [17/Feb/2013:06:42:56 +0600] "GET /pause/ajaxPause?pauseConfigId=all&admin=1 HTTP/1.1" 200 1046 "http://192.168.65.101/pause/index" "Mozilla/5.0 (Windows NT 5.1; rv:15.0) Gecko/20100101 Firefox/15.0" 35697
192.168.12.61 - - [17/Feb/2013:06:42:57 +0600] "GET /pause/ajaxPause?pauseConfigId=&admin=0 HTTP/1.1" 200 985 "http://callider/pause/index" "Mozilla/4.0 (compatible; MSIE 7.0; Windows NT 6.1; Trident/5.0; SLCC2; .NET CLR 2.0.50727; .NET CLR 3.5.30729; .NET CLR 3.0.30729; Media Center PC 6.0; InfoPath.3; .NET4.0C; .NET4.0E)" 31050
192.168.12.60 - - [17/Feb/2013:06:42:58 +0600] "GET /pause/ajaxPause?pauseConfigId=&admin=0 HTTP/1.1" 200 986 "http://callider/pause/index" "Mozilla/4.0 (compatible; MSIE 8.0; Windows NT 6.1; Trident/4.0; InfoPath.3; .NET4.0C; MS-RTC LM 8; .NET4.0E)" 17796
192.168.12.204 - - [17/Feb/2013:06:42:59 +0600] "GET /pause/ajaxPause?pauseConfigId=&admin=0 HTTP/1.1" 200 986 "http://callider/pause/index" "Mozilla/4.0 (compatible; MSIE 7.0; Windows NT 6.1; WOW64; Trident/4.0; SLCC2; .NET CLR 2.0.50727; .NET CLR 3.5.30729; .NET CLR 3.0.30729; Media Center PC 6.0; InfoPath.3; .NET4.0C; .NET4.0E; .NET CLR 1.1.4322)" 19926
192.168.12.237 - - [17/Feb/2013:06:42:59 +0600] "GET /pause/ajaxPause?pauseConfigId=&admin=0 HTTP/1.1" 200 987 "http://callider/pause/index" "Mozilla/4.0 (compatible; MSIE 7.0; Windows NT 6.1; Trident/5.0; SLCC2; .NET CLR 2.0.50727; .NET CLR 3.5.30729; .NET CLR 3.0.30729; Media Center PC 6.0; InfoPath.3; .NET4.0C; .NET4.0E)" 20726
192.168.74.78 - - [17/Feb/2013:06:42:59 +0600] "GET /pause/ajaxPause?pauseConfigId=&admin=0 HTTP/1.1" 200 986 "http://callider/pause/index" "Mozilla/4.0 (compatible; MSIE 7.0; Windows NT 6.1; WOW64; Trident/5.0; SLCC2; .NET CLR 2.0.50727; .NET CLR 3.5.30729; .NET CLR 3.0.30729; Media Center PC 6.0; InfoPath.3; .NET4.0C; MS-RTC LM 8; .NET4.0E)" 20727
192.168.12.69 - - [17/Feb/2013:06:43:00 +0600] "GET /pause/ajaxPause?pauseConfigId=&admin=0 HTTP/1.1" 200 986 "http://callider/pause/index" "Mozilla/4.0 (compatible; MSIE 7.0; Windows NT 6.1; Trident/5.0; SLCC2; .NET CLR 2.0.50727; .NET CLR 3.5.30729; .NET CLR 3.0.30729; Media Center PC 6.0; InfoPath.3; .NET4.0C; .NET4.0E; Tablet PC 2.0; AskTbFXTV5/5.14.1.20007)" 22383
192.168.74.91 - - [17/Feb/2013:06:43:00 +0600] "GET /pause/ajaxPause?pauseConfigId=&admin=0 HTTP/1.1" 200 986 "http://callider/pause/index" "Mozilla/4.0 (compatible; MSIE 7.0; Windows NT 6.1; WOW64; Trident/5.0; SLCC2; .NET CLR 2.0.50727; .NET CLR 3.5.30729; .NET CLR 3.0.30729; Media Center PC 6.0; InfoPath.3; .NET4.0C; MS-RTC LM 8; .NET4.0E)" 18985
192.168.74.151 - - [17/Feb/2013:06:43:00 +0600] "GET /pause/ajaxPause?pauseConfigId=&admin=0 HTTP/1.1" 200 987 "http://callider.kontur/pause/index" "Mozilla/5.0 (Windows NT 6.1; WOW64; rv:18.0) Gecko/20100101 Firefox/18.0" 21084
192.168.64.119 - - [17/Feb/2013:06:43:00 +0600] "GET / HTTP/1.1" 302 454 "-" "Mozilla/4.0 (compatible; MSIE 8.0; Windows NT 5.2; Trident/4.0)" 32253
192.168.64.119 - - [17/Feb/2013:06:43:00 +0600] "GET /site/login HTTP/1.1" 200 7423 "-" "Mozilla/4.0 (compatible; MSIE 8.0; Windows NT 5.2; Trident/4.0)" 56572
192.168.12.210 - - [17/Feb/2013:06:43:00 +0600] "GET /pause/ajaxPause?pauseConfigId=all&admin=1 HTTP/1.1" 200 1047 "http://callider/pause/index" "Mozilla/4.0 (compatible; MSIE 7.0; Windows NT 6.1; WOW64; Trident/5.0; SLCC2; .NET CLR 2.0.50727; .NET CLR 3.5.30729; .NET CLR 3.0.30729; Media Center PC 6.0; InfoPath.3; .NET4.0C; .NET4.0E)" 36260
192.168.64.119 - - [17/Feb/2013:06:43:00 +0600] "HEAD / HTTP/1.0" 302 435 "-" "WhatsUp/1.0" 35693
192.168.65.56 - - [17/Feb/2013:06:43:01 +0600] "GET /pause/ajaxPause?pauseConfigId=all&admin=1 HTTP/1.1" 200 1046 "http://192.168.65.101/pause/index" "Mozilla/5.0 (Windows NT 5.1; rv:15.0) Gecko/20100101 Firefox/15.0" 52425
192.168.12.61 - - [17/Feb/2013:06:43:02 +0600] "GET /pause/ajaxPause?pauseConfigId=&admin=0 HTTP/1.1" 200 985 "http://callider/pause/index" "Mozilla/4.0 (compatible; MSIE 7.0; Windows NT 6.1; Trident/5.0; SLCC2; .NET CLR 2.0.50727; .NET CLR 3.5.30729; .NET CLR 3.0.30729; Media Center PC 6.0; InfoPath.3; .NET4.0C; .NET4.0E)" 26245
192.168.12.60 - - [17/Feb/2013:06:43:03 +0600] "GET /pause/ajaxPause?pauseConfigId=&admin=0 HTTP/1.1" 200 986 "http://callider/pause/index" "Mozilla/4.0 (compatible; MSIE 8.0; Windows NT 6.1; Trident/4.0; InfoPath.3; .NET4.0C; MS-RTC LM 8; .NET4.0E)" 26480
192.168.12.204 - - [17/Feb/2013:06:43:04 +0600] "GET /pause/ajaxPause?pauseConfigId=&admin=0 HTTP/1.1" 200 986 "http://callider/pause/index" "Mozilla/4.0 (compatible; MSIE 7.0; Windows NT 6.1; WOW64; Trident/4.0; SLCC2; .NET CLR 2.0.50727; .NET CLR 3.5.30729; .NET CLR 3.0.30729; Media Center PC 6.0; InfoPath.3; .NET4.0C; .NET4.0E; .NET CLR 1.1.4322)" 28760
192.168.12.237 - - [17/Feb/2013:06:43:04 +0600] "GET /pause/ajaxPause?pauseConfigId=&admin=0 HTTP/1.1" 200 987 "http://callider/pause/index" "Mozilla/4.0 (compatible; MSIE 7.0; Windows NT 6.1; Trident/5.0; SLCC2; .NET CLR 2.0.50727; .NET CLR 3.5.30729; .NET CLR 3.0.30729; Media Center PC 6.0; InfoPath.3; .NET4.0C; .NET4.0E)" 26498
192.168.74.78 - - [17/Feb/2013:06:43:04 +0600] "GET /pause/ajaxPause?pauseConfigId=&admin=0 HTTP/1.1" 200 986 "http://callider/pause/index" "Mozilla/4.0 (compatible; MSIE 7.0; Windows NT 6.1; WOW64; Trident/5.0; SLCC2; .NET CLR 2.0.50727; .NET CLR 3.5.30729; .NET CLR 3.0.30729; Media Center PC 6.0; InfoPath.3; .NET4.0C; MS-RTC LM 8; .NET4.0E)" 26289
192.168.12.69 - - [17/Feb/2013:06:43:05 +0600] "GET /pause/ajaxPause?pauseConfigId=&admin=0 HTTP/1.1" 200 986 "http://callider/pause/index" "Mozilla/4.0 (compatible; MSIE 7.0; Windows NT 6.1; Trident/5.0; SLCC2; .NET CLR 2.0.50727; .NET CLR 3.5.30729; .NET CLR 3.0.30729; Media Center PC 6.0; InfoPath.3; .NET4.0C; .NET4.0E; Tablet PC 2.0; AskTbFXTV5/5.14.1.20007)" 26770
192.168.12.61 - - [17/Feb/2013:06:43:05 +0600] "GET /tv/useUser HTTP/1.1" 200 431 "http://callider/pause/index" "Mozilla/4.0 (compatible; MSIE 7.0; Windows NT 6.1; Trident/5.0; SLCC2; .NET CLR 2.0.50727; .NET CLR 3.5.30729; .NET CLR 3.0.30729; Media Center PC 6.0; InfoPath.3; .NET4.0C; .NET4.0E)" 10889
192.168.74.91 - - [17/Feb/2013:06:43:05 +0600] "GET /pause/ajaxPause?pauseConfigId=&admin=0 HTTP/1.1" 200 986 "http://callider/pause/index" "Mozilla/4.0 (compatible; MSIE 7.0; Windows NT 6.1; WOW64; Trident/5.0; SLCC2; .NET CLR 2.0.50727; .NET CLR 3.5.30729; .NET CLR 3.0.30729; Media Center PC 6.0; InfoPath.3; .NET4.0C; MS-RTC LM 8; .NET4.0E)" 36189
192.168.74.151 - - [17/Feb/2013:06:43:05 +0600] "GET /pause/ajaxPause?pauseConfigId=&admin=0 HTTP/1.1" 200 987 "http://callider.kontur/pause/index" "Mozilla/5.0 (Windows NT 6.1; WOW64; rv:18.0) Gecko/20100101 Firefox/18.0" 34076
192.168.12.210 - - [17/Feb/2013:06:43:05 +0600] "GET /pause/ajaxPause?pauseConfigId=all&admin=1 HTTP/1.1" 200 1047 "http://callider/pause/index" "Mozilla/4.0 (compatible; MSIE 7.0; Windows NT 6.1; WOW64; Trident/5.0; SLCC2; .NET CLR 2.0.50727; .NET CLR 3.5.30729; .NET CLR 3.0.30729; Media Center PC 6.0; InfoPath.3; .NET4.0C; .NET4.0E)" 19957
192.168.65.56 - - [17/Feb/2013:06:43:06 +0600] "GET /pause/ajaxPause?pauseConfigId=all&admin=1 HTTP/1.1" 200 1046 "http://192.168.65.101/pause/index" "Mozilla/5.0 (Windows NT 5.1; rv:15.0) Gecko/20100101 Firefox/15.0" 31039
192.168.12.61 - - [17/Feb/2013:06:43:07 +0600] "GET /pause/ajaxPause?pauseConfigId=&admin=0 HTTP/1.1" 200 985 "http://callider/pause/index" "Mozilla/4.0 (compatible; MSIE 7.0; Windows NT 6.1; Trident/5.0; SLCC2; .NET CLR 2.0.50727; .NET CLR 3.5.30729; .NET CLR 3.0.30729; Media Center PC 6.0; InfoPath.3; .NET4.0C; .NET4.0E)" 17963
192.168.12.60 - - [17/Feb/2013:06:43:08 +0600] "GET /pause/ajaxPause?pauseConfigId=&admin=0 HTTP/1.1" 200 986 "http://callider/pause/index" "Mozilla/4.0 (compatible; MSIE 8.0; Windows NT 6.1; Trident/4.0; InfoPath.3; .NET4.0C; MS-RTC LM 8; .NET4.0E)" 20587
192.168.12.204 - - [17/Feb/2013:06:43:09 +0600] "GET /pause/ajaxPause?pauseConfigId=&admin=0 HTTP/1.1" 200 986 "http://callider/pause/index" "Mozilla/4.0 (compatible; MSIE 7.0; Windows NT 6.1; WOW64; Trident/4.0; SLCC2; .NET CLR 2.0.50727; .NET CLR 3.5.30729; .NET CLR 3.0.30729; Media Center PC 6.0; InfoPath.3; .NET4.0C; .NET4.0E; .NET CLR 1.1.4322)" 25456
192.168.12.237 - - [17/Feb/2013:06:43:09 +0600] "GET /pause/ajaxPause?pauseConfigId=&admin=0 HTTP/1.1" 200 987 "http://callider/pause/index" "Mozilla/4.0 (compatible; MSIE 7.0; Windows NT 6.1; Trident/5.0; SLCC2; .NET CLR 2.0.50727; .NET CLR 3.5.30729; .NET CLR 3.0.30729; Media Center PC 6.0; InfoPath.3; .NET4.0C; .NET4.0E)" 19225
192.168.74.78 - - [17/Feb/2013:06:43:09 +0600] "GET /pause/ajaxPause?pauseConfigId=&admin=0 HTTP/1.1" 200 986 "http://callider/pause/index" "Mozilla/4.0 (compatible; MSIE 7.0; Windows NT 6.1; WOW64; Trident/5.0; SLCC2; .NET CLR 2.0.50727; .NET CLR 3.5.30729; .NET CLR 3.0.30729; Media Center PC 6.0; InfoPath.3; .NET4.0C; MS-RTC LM 8; .NET4.0E)" 17196
192.168.12.69 - - [17/Feb/2013:06:43:10 +0600] "GET /pause/ajaxPause?pauseConfigId=&admin=0 HTTP/1.1" 200 986 "http://callider/pause/index" "Mozilla/4.0 (compatible; MSIE 7.0; Windows NT 6.1; Trident/5.0; SLCC2; .NET CLR 2.0.50727; .NET CLR 3.5.30729; .NET CLR 3.0.30729; Media Center PC 6.0; InfoPath.3; .NET4.0C; .NET4.0E; Tablet PC 2.0; AskTbFXTV5/5.14.1.20007)" 19587
192.168.74.91 - - [17/Feb/2013:06:43:10 +0600] "GET /pause/ajaxPause?pauseConfigId=&admin=0 HTTP/1.1" 200 986 "http://callider/pause/index" "Mozilla/4.0 (compatible; MSIE 7.0; Windows NT 6.1; WOW64; Trident/5.0; SLCC2; .NET CLR 2.0.50727; .NET CLR 3.5.30729; .NET CLR 3.0.30729; Media Center PC 6.0; InfoPath.3; .NET4.0C; MS-RTC LM 8; .NET4.0E)" 19066
192.168.74.151 - - [17/Feb/2013:06:43:10 +0600] "GET /pause/ajaxPause?pauseConfigId=&admin=0 HTTP/1.1" 200 987 "http://callider.kontur/pause/index" "Mozilla/5.0 (Windows NT 6.1; WOW64; rv:18.0) Gecko/20100101 Firefox/18.0" 18629
192.168.12.210 - - [17/Feb/2013:06:43:10 +0600] "GET /pause/ajaxPause?pauseConfigId=all&admin=1 HTTP/1.1" 200 1047 "http://callider/pause/index" "Mozilla/4.0 (compatible; MSIE 7.0; Windows NT 6.1; WOW64; Trident/5.0; SLCC2; .NET CLR 2.0.50727; .NET CLR 3.5.30729; .NET CLR 3.0.30729; Media Center PC 6.0; InfoPath.3; .NET4.0C; .NET4.0E)" 24086
192.168.12.42 - - [17/Feb/2013:06:43:11 +0600] "GET /tv/useUser HTTP/1.1" 200 432 "http://callider/graph/personal" "Mozilla/4.0 (compatible; MSIE 7.0; Windows NT 6.1; WOW64; Trident/5.0; SLCC2; .NET CLR 2.0.50727; .NET CLR 3.5.30729; .NET CLR 3.0.30729; Media Center PC 6.0; InfoPath.3; .NET4.0C; .NET4.0E)" 50767
192.168.65.56 - - [17/Feb/2013:06:43:11 +0600] "GET /pause/ajaxPause?pauseConfigId=all&admin=1 HTTP/1.1" 200 1046 "http://192.168.65.101/pause/index" "Mozilla/5.0 (Windows NT 5.1; rv:15.0) Gecko/20100101 Firefox/15.0" 28455
192.168.12.61 - - [17/Feb/2013:06:43:12 +0600] "GET /pause/ajaxPause?pauseConfigId=&admin=0 HTTP/1.1" 200 985 "http://callider/pause/index" "Mozilla/4.0 (compatible; MSIE 7.0; Windows NT 6.1; Trident/5.0; SLCC2; .NET CLR 2.0.50727; .NET CLR 3.5.30729; .NET CLR 3.0.30729; Media Center PC 6.0; InfoPath.3; .NET4.0C; .NET4.0E)" 20809
192.168.74.151 - - [17/Feb/2013:06:43:13 +0600] "GET /tv/useUser HTTP/1.1" 200 431 "http://callider.kontur/graph/general" "Mozilla/5.0 (Windows NT 6.1; WOW64; rv:18.0) Gecko/20100101 Firefox/18.0" 9575
192.168.12.60 - - [17/Feb/2013:06:43:13 +0600] "GET /pause/ajaxPause?pauseConfigId=&admin=0 HTTP/1.1" 200 986 "http://callider/pause/index" "Mozilla/4.0 (compatible; MSIE 8.0; Windows NT 6.1; Trident/4.0; InfoPath.3; .NET4.0C; MS-RTC LM 8; .NET4.0E)" 19068
192.168.12.204 - - [17/Feb/2013:06:43:14 +0600] "GET /pause/ajaxPause?pauseConfigId=&admin=0 HTTP/1.1" 200 986 "http://callider/pause/index" "Mozilla/4.0 (compatible; MSIE 7.0; Windows NT 6.1; WOW64; Trident/4.0; SLCC2; .NET CLR 2.0.50727; .NET CLR 3.5.30729; .NET CLR 3.0.30729; Media Center PC 6.0; InfoPath.3; .NET4.0C; .NET4.0E; .NET CLR 1.1.4322)" 19164
192.168.12.237 - - [17/Feb/2013:06:43:14 +0600] "GET /pause/ajaxPause?pauseConfigId=&admin=0 HTTP/1.1" 200 987 "http://callider/pause/index" "Mozilla/4.0 (compatible; MSIE 7.0; Windows NT 6.1; Trident/5.0; SLCC2; .NET CLR 2.0.50727; .NET CLR 3.5.30729; .NET CLR 3.0.30729; Media Center PC 6.0; InfoPath.3; .NET4.0C; .NET4.0E)" 27000
192.168.74.78 - - [17/Feb/2013:06:43:14 +0600] "GET /pause/ajaxPause?pauseConfigId=&admin=0 HTTP/1.1" 200 986 "http://callider/pause/index" "Mozilla/4.0 (compatible; MSIE 7.0; Windows NT 6.1; WOW64; Trident/5.0; SLCC2; .NET CLR 2.0.50727; .NET CLR 3.5.30729; .NET CLR 3.0.30729; Media Center PC 6.0; InfoPath.3; .NET4.0C; MS-RTC LM 8; .NET4.0E)" 20259
192.168.12.69 - - [17/Feb/2013:06:43:15 +0600] "GET /pause/ajaxPause?pauseConfigId=&admin=0 HTTP/1.1" 200 986 "http://callider/pause/index" "Mozilla/4.0 (compatible; MSIE 7.0; Windows NT 6.1; Trident/5.0; SLCC2; .NET CLR 2.0.50727; .NET CLR 3.5.30729; .NET CLR 3.0.30729; Media Center PC 6.0; InfoPath.3; .NET4.0C; .NET4.0E; Tablet PC 2.0; AskTbFXTV5/5.14.1.20007)" 19912
192.168.74.91 - - [17/Feb/2013:06:43:15 +0600] "GET /pause/ajaxPause?pauseConfigId=&admin=0 HTTP/1.1" 200 986 "http://callider/pause/index" "Mozilla/4.0 (compatible; MSIE 7.0; Windows NT 6.1; WOW64; Trident/5.0; SLCC2; .NET CLR 2.0.50727; .NET CLR 3.5.30729; .NET CLR 3.0.30729; Media Center PC 6.0; InfoPath.3; .NET4.0C; MS-RTC LM 8; .NET4.0E)" 21891
192.168.74.151 - - [17/Feb/2013:06:43:15 +0600] "GET /pause/ajaxPause?pauseConfigId=&admin=0 HTTP/1.1" 200 987 "http://callider.kontur/pause/index" "Mozilla/5.0 (Windows NT 6.1; WOW64; rv:18.0) Gecko/20100101 Firefox/18.0" 17602
192.168.74.151 - - [17/Feb/2013:06:43:15 +0600] "GET /tv/useUser HTTP/1.1" 200 431 "http://callider.kontur/pause/index" "Mozilla/5.0 (Windows NT 6.1; WOW64; rv:18.0) Gecko/20100101 Firefox/18.0" 8902
192.168.12.210 - - [17/Feb/2013:06:43:15 +0600] "GET /pause/ajaxPause?pauseConfigId=all&admin=1 HTTP/1.1" 200 1047 "http://callider/pause/index" "Mozilla/4.0 (compatible; MSIE 7.0; Windows NT 6.1; WOW64; Trident/5.0; SLCC2; .NET CLR 2.0.50727; .NET CLR 3.5.30729; .NET CLR 3.0.30729; Media Center PC 6.0; InfoPath.3; .NET4.0C; .NET4.0E)" 20534
192.168.65.56 - - [17/Feb/2013:06:43:16 +0600] "GET /pause/ajaxPause?pauseConfigId=all&admin=1 HTTP/1.1" 200 1046 "http://192.168.65.101/pause/index" "Mozilla/5.0 (Windows NT 5.1; rv:15.0) Gecko/20100101 Firefox/15.0" 32432
192.168.12.61 - - [17/Feb/2013:06:43:17 +0600] "GET /pause/ajaxPause?pauseConfigId=&admin=0 HTTP/1.1" 200 986 "http://callider/pause/index" "Mozilla/4.0 (compatible; MSIE 7.0; Windows NT 6.1; Trident/5.0; SLCC2; .NET CLR 2.0.50727; .NET CLR 3.5.30729; .NET CLR 3.0.30729; Media Center PC 6.0; InfoPath.3; .NET4.0C; .NET4.0E)" 57946
192.168.12.60 - - [17/Feb/2013:06:43:18 +0600] "GET /pause/ajaxPause?pauseConfigId=&admin=0 HTTP/1.1" 200 986 "http://callider/pause/index" "Mozilla/4.0 (compatible; MSIE 8.0; Windows NT 6.1; Trident/4.0; InfoPath.3; .NET4.0C; MS-RTC LM 8; .NET4.0E)" 19639
192.168.12.204 - - [17/Feb/2013:06:43:19 +0600] "GET /pause/ajaxPause?pauseConfigId=&admin=0 HTTP/1.1" 200 986 "http://callider/pause/index" "Mozilla/4.0 (compatible; MSIE 7.0; Windows NT 6.1; WOW64; Trident/4.0; SLCC2; .NET CLR 2.0.50727; .NET CLR 3.5.30729; .NET CLR 3.0.30729; Media Center PC 6.0; InfoPath.3; .NET4.0C; .NET4.0E; .NET CLR 1.1.4322)" 19193
192.168.12.237 - - [17/Feb/2013:06:43:19 +0600] "GET /pause/ajaxPause?pauseConfigId=&admin=0 HTTP/1.1" 200 987 "http://callider/pause/index" "Mozilla/4.0 (compatible; MSIE 7.0; Windows NT 6.1; Trident/5.0; SLCC2; .NET CLR 2.0.50727; .NET CLR 3.5.30729; .NET CLR 3.0.30729; Media Center PC 6.0; InfoPath.3; .NET4.0C; .NET4.0E)" 30279
192.168.74.78 - - [17/Feb/2013:06:43:19 +0600] "GET /pause/ajaxPause?pauseConfigId=&admin=0 HTTP/1.1" 200 986 "http://callider/pause/index" "Mozilla/4.0 (compatible; MSIE 7.0; Windows NT 6.1; WOW64; Trident/5.0; SLCC2; .NET CLR 2.0.50727; .NET CLR 3.5.30729; .NET CLR 3.0.30729; Media Center PC 6.0; InfoPath.3; .NET4.0C; MS-RTC LM 8; .NET4.0E)" 21791
192.168.12.10 - - [17/Feb/2013:06:43:19 +0600] "GET /tv/useUser HTTP/1.1" 200 432 "http://callider/graph/personal" "Mozilla/4.0 (compatible; MSIE 7.0; Windows NT 6.1; Trident/5.0; SLCC2; .NET CLR 2.0.50727; .NET CLR 3.5.30729; .NET CLR 3.0.30729; Media Center PC 6.0; InfoPath.3; .NET4.0C; .NET4.0E; Tablet PC 2.0; MS-RTC LM 8)" 45862
192.168.12.108 - - [17/Feb/2013:06:43:20 +0600] "GET /tv/useUser HTTP/1.1" 200 432 "http://callider/index.php" "Mozilla/4.0 (compatible; MSIE 7.0; Windows NT 6.2; WOW64; Trident/6.0; .NET4.0E; .NET4.0C; InfoPath.3; .NET CLR 3.5.30729; .NET CLR 2.0.50727; .NET CLR 3.0.30729)" 44789
192.168.12.69 - - [17/Feb/2013:06:43:20 +0600] "GET /pause/ajaxPause?pauseConfigId=&admin=0 HTTP/1.1" 200 986 "http://callider/pause/index" "Mozilla/4.0 (compatible; MSIE 7.0; Windows NT 6.1; Trident/5.0; SLCC2; .NET CLR 2.0.50727; .NET CLR 3.5.30729; .NET CLR 3.0.30729; Media Center PC 6.0; InfoPath.3; .NET4.0C; .NET4.0E; Tablet PC 2.0; AskTbFXTV5/5.14.1.20007)" 21538
192.168.74.91 - - [17/Feb/2013:06:43:20 +0600] "GET /pause/ajaxPause?pauseConfigId=&admin=0 HTTP/1.1" 200 986 "http://callider/pause/index" "Mozilla/4.0 (compatible; MSIE 7.0; Windows NT 6.1; WOW64; Trident/5.0; SLCC2; .NET CLR 2.0.50727; .NET CLR 3.5.30729; .NET CLR 3.0.30729; Media Center PC 6.0; InfoPath.3; .NET4.0C; MS-RTC LM 8; .NET4.0E)" 22433
192.168.74.151 - - [17/Feb/2013:06:43:20 +0600] "GET /pause/ajaxPause?pauseConfigId=&admin=0 HTTP/1.1" 200 987 "http://callider.kontur/pause/index" "Mozilla/5.0 (Windows NT 6.1; WOW64; rv:18.0) Gecko/20100101 Firefox/18.0" 19966
192.168.12.210 - - [17/Feb/2013:06:43:20 +0600] "GET /pause/ajaxPause?pauseConfigId=all&admin=1 HTTP/1.1" 200 1047 "http://callider/pause/index" "Mozilla/4.0 (compatible; MSIE 7.0; Windows NT 6.1; WOW64; Trident/5.0; SLCC2; .NET CLR 2.0.50727; .NET CLR 3.5.30729; .NET CLR 3.0.30729; Media Center PC 6.0; InfoPath.3; .NET4.0C; .NET4.0E)" 21581
192.168.65.56 - - [17/Feb/2013:06:43:21 +0600] "GET /pause/ajaxPause?pauseConfigId=all&admin=1 HTTP/1.1" 200 1046 "http://192.168.65.101/pause/index" "Mozilla/5.0 (Windows NT 5.1; rv:15.0) Gecko/20100101 Firefox/15.0" 29437
192.168.12.61 - - [17/Feb/2013:06:43:22 +0600] "GET /pause/ajaxPause?pauseConfigId=&admin=0 HTTP/1.1" 200 985 "http://callider/pause/index" "Mozilla/4.0 (compatible; MSIE 7.0; Windows NT 6.1; Trident/5.0; SLCC2; .NET CLR 2.0.50727; .NET CLR 3.5.30729; .NET CLR 3.0.30729; Media Center PC 6.0; InfoPath.3; .NET4.0C; .NET4.0E)" 27830
192.168.12.60 - - [17/Feb/2013:06:43:23 +0600] "GET /pause/ajaxPause?pauseConfigId=&admin=0 HTTP/1.1" 200 986 "http://callider/pause/index" "Mozilla/4.0 (compatible; MSIE 8.0; Windows NT 6.1; Trident/4.0; InfoPath.3; .NET4.0C; MS-RTC LM 8; .NET4.0E)" 21117
192.168.12.204 - - [17/Feb/2013:06:43:24 +0600] "GET /pause/ajaxPause?pauseConfigId=&admin=0 HTTP/1.1" 200 986 "http://callider/pause/index" "Mozilla/4.0 (compatible; MSIE 7.0; Windows NT 6.1; WOW64; Trident/4.0; SLCC2; .NET CLR 2.0.50727; .NET CLR 3.5.30729; .NET CLR 3.0.30729; Media Center PC 6.0; InfoPath.3; .NET4.0C; .NET4.0E; .NET CLR 1.1.4322)" 20680
192.168.12.237 - - [17/Feb/2013:06:43:24 +0600] "GET /pause/ajaxPause?pauseConfigId=&admin=0 HTTP/1.1" 200 987 "http://callider/pause/index" "Mozilla/4.0 (compatible; MSIE 7.0; Windows NT 6.1; Trident/5.0; SLCC2; .NET CLR 2.0.50727; .NET CLR 3.5.30729; .NET CLR 3.0.30729; Media Center PC 6.0; InfoPath.3; .NET4.0C; .NET4.0E)" 21879
192.168.74.78 - - [17/Feb/2013:06:43:24 +0600] "GET /pause/ajaxPause?pauseConfigId=&admin=0 HTTP/1.1" 200 986 "http://callider/pause/index" "Mozilla/4.0 (compatible; MSIE 7.0; Windows NT 6.1; WOW64; Trident/5.0; SLCC2; .NET CLR 2.0.50727; .NET CLR 3.5.30729; .NET CLR 3.0.30729; Media Center PC 6.0; InfoPath.3; .NET4.0C; MS-RTC LM 8; .NET4.0E)" 19804
192.168.12.69 - - [17/Feb/2013:06:43:25 +0600] "GET /pause/ajaxPause?pauseConfigId=&admin=0 HTTP/1.1" 200 986 "http://callider/pause/index" "Mozilla/4.0 (compatible; MSIE 7.0; Windows NT 6.1; Trident/5.0; SLCC2; .NET CLR 2.0.50727; .NET CLR 3.5.30729; .NET CLR 3.0.30729; Media Center PC 6.0; InfoPath.3; .NET4.0C; .NET4.0E; Tablet PC 2.0; AskTbFXTV5/5.14.1.20007)" 18607
192.168.74.91 - - [17/Feb/2013:06:43:25 +0600] "GET /pause/ajaxPause?pauseConfigId=&admin=0 HTTP/1.1" 200 986 "http://callider/pause/index" "Mozilla/4.0 (compatible; MSIE 7.0; Windows NT 6.1; WOW64; Trident/5.0; SLCC2; .NET CLR 2.0.50727; .NET CLR 3.5.30729; .NET CLR 3.0.30729; Media Center PC 6.0; InfoPath.3; .NET4.0C; MS-RTC LM 8; .NET4.0E)" 17984
192.168.74.151 - - [17/Feb/2013:06:43:25 +0600] "GET /pause/ajaxPause?pauseConfigId=&admin=0 HTTP/1.1" 200 987 "http://callider.kontur/pause/index" "Mozilla/5.0 (Windows NT 6.1; WOW64; rv:18.0) Gecko/20100101 Firefox/18.0" 21638
192.168.12.210 - - [17/Feb/2013:06:43:25 +0600] "GET /pause/ajaxPause?pauseConfigId=all&admin=1 HTTP/1.1" 200 1047 "http://callider/pause/index" "Mozilla/4.0 (compatible; MSIE 7.0; Windows NT 6.1; WOW64; Trident/5.0; SLCC2; .NET CLR 2.0.50727; .NET CLR 3.5.30729; .NET CLR 3.0.30729; Media Center PC 6.0; InfoPath.3; .NET4.0C; .NET4.0E)" 19492
192.168.65.56 - - [17/Feb/2013:06:43:26 +0600] "GET /pause/ajaxPause?pauseConfigId=all&admin=1 HTTP/1.1" 200 1046 "http://192.168.65.101/pause/index" "Mozilla/5.0 (Windows NT 5.1; rv:15.0) Gecko/20100101 Firefox/15.0" 31072
192.168.12.61 - - [17/Feb/2013:06:43:27 +0600] "GET /pause/ajaxPause?pauseConfigId=&admin=0 HTTP/1.1" 200 985 "http://callider/pause/index" "Mozilla/4.0 (compatible; MSIE 7.0; Windows NT 6.1; Trident/5.0; SLCC2; .NET CLR 2.0.50727; .NET CLR 3.5.30729; .NET CLR 3.0.30729; Media Center PC 6.0; InfoPath.3; .NET4.0C; .NET4.0E)" 19175
192.168.12.60 - - [17/Feb/2013:06:43:28 +0600] "GET /pause/ajaxPause?pauseConfigId=&admin=0 HTTP/1.1" 200 986 "http://callider/pause/index" "Mozilla/4.0 (compatible; MSIE 8.0; Windows NT 6.1; Trident/4.0; InfoPath.3; .NET4.0C; MS-RTC LM 8; .NET4.0E)" 20444
192.168.12.204 - - [17/Feb/2013:06:43:29 +0600] "GET /pause/ajaxPause?pauseConfigId=&admin=0 HTTP/1.1" 200 986 "http://callider/pause/index" "Mozilla/4.0 (compatible; MSIE 7.0; Windows NT 6.1; WOW64; Trident/4.0; SLCC2; .NET CLR 2.0.50727; .NET CLR 3.5.30729; .NET CLR 3.0.30729; Media Center PC 6.0; InfoPath.3; .NET4.0C; .NET4.0E; .NET CLR 1.1.4322)" 17193
192.168.12.237 - - [17/Feb/2013:06:43:29 +0600] "GET /pause/ajaxPause?pauseConfigId=&admin=0 HTTP/1.1" 200 987 "http://callider/pause/index" "Mozilla/4.0 (compatible; MSIE 7.0; Windows NT 6.1; Trident/5.0; SLCC2; .NET CLR 2.0.50727; .NET CLR 3.5.30729; .NET CLR 3.0.30729; Media Center PC 6.0; InfoPath.3; .NET4.0C; .NET4.0E)" 21253
192.168.74.78 - - [17/Feb/2013:06:43:29 +0600] "GET /pause/ajaxPause?pauseConfigId=&admin=0 HTTP/1.1" 200 986 "http://callider/pause/index" "Mozilla/4.0 (compatible; MSIE 7.0; Windows NT 6.1; WOW64; Trident/5.0; SLCC2; .NET CLR 2.0.50727; .NET CLR 3.5.30729; .NET CLR 3.0.30729; Media Center PC 6.0; InfoPath.3; .NET4.0C; MS-RTC LM 8; .NET4.0E)" 16817
192.168.12.69 - - [17/Feb/2013:06:43:30 +0600] "GET /pause/ajaxPause?pauseConfigId=&admin=0 HTTP/1.1" 200 986 "http://callider/pause/index" "Mozilla/4.0 (compatible; MSIE 7.0; Windows NT 6.1; Trident/5.0; SLCC2; .NET CLR 2.0.50727; .NET CLR 3.5.30729; .NET CLR 3.0.30729; Media Center PC 6.0; InfoPath.3; .NET4.0C; .NET4.0E; Tablet PC 2.0; AskTbFXTV5/5.14.1.20007)" 18658
192.168.74.91 - - [17/Feb/2013:06:43:30 +0600] "GET /pause/ajaxPause?pauseConfigId=&admin=0 HTTP/1.1" 200 986 "http://callider/pause/index" "Mozilla/4.0 (compatible; MSIE 7.0; Windows NT 6.1; WOW64; Trident/5.0; SLCC2; .NET CLR 2.0.50727; .NET CLR 3.5.30729; .NET CLR 3.0.30729; Media Center PC 6.0; InfoPath.3; .NET4.0C; MS-RTC LM 8; .NET4.0E)" 20171
192.168.74.151 - - [17/Feb/2013:06:43:30 +0600] "GET /pause/ajaxPause?pauseConfigId=&admin=0 HTTP/1.1" 200 987 "http://callider.kontur/pause/index" "Mozilla/5.0 (Windows NT 6.1; WOW64; rv:18.0) Gecko/20100101 Firefox/18.0" 18576
192.168.12.210 - - [17/Feb/2013:06:43:30 +0600] "GET /pause/ajaxPause?pauseConfigId=all&admin=1 HTTP/1.1" 200 1047 "http://callider/pause/index" "Mozilla/4.0 (compatible; MSIE 7.0; Windows NT 6.1; WOW64; Trident/5.0; SLCC2; .NET CLR 2.0.50727; .NET CLR 3.5.30729; .NET CLR 3.0.30729; Media Center PC 6.0; InfoPath.3; .NET4.0C; .NET4.0E)" 23747
192.168.65.56 - - [17/Feb/2013:06:43:31 +0600] "GET /pause/ajaxPause?pauseConfigId=all&admin=1 HTTP/1.1" 200 1046 "http://192.168.65.101/pause/index" "Mozilla/5.0 (Windows NT 5.1; rv:15.0) Gecko/20100101 Firefox/15.0" 28273
192.168.12.61 - - [17/Feb/2013:06:43:32 +0600] "GET /pause/ajaxPause?pauseConfigId=&admin=0 HTTP/1.1" 200 986 "http://callider/pause/index" "Mozilla/4.0 (compatible; MSIE 7.0; Windows NT 6.1; Trident/5.0; SLCC2; .NET CLR 2.0.50727; .NET CLR 3.5.30729; .NET CLR 3.0.30729; Media Center PC 6.0; InfoPath.3; .NET4.0C; .NET4.0E)" 52816
192.168.12.60 - - [17/Feb/2013:06:43:33 +0600] "GET /pause/ajaxPause?pauseConfigId=&admin=0 HTTP/1.1" 200 986 "http://callider/pause/index" "Mozilla/4.0 (compatible; MSIE 8.0; Windows NT 6.1; Trident/4.0; InfoPath.3; .NET4.0C; MS-RTC LM 8; .NET4.0E)" 28229
192.168.12.204 - - [17/Feb/2013:06:43:34 +0600] "GET /pause/ajaxPause?pauseConfigId=&admin=0 HTTP/1.1" 200 986 "http://callider/pause/index" "Mozilla/4.0 (compatible; MSIE 7.0; Windows NT 6.1; WOW64; Trident/4.0; SLCC2; .NET CLR 2.0.50727; .NET CLR 3.5.30729; .NET CLR 3.0.30729; Media Center PC 6.0; InfoPath.3; .NET4.0C; .NET4.0E; .NET CLR 1.1.4322)" 21860
192.168.12.237 - - [17/Feb/2013:06:43:34 +0600] "GET /pause/ajaxPause?pauseConfigId=&admin=0 HTTP/1.1" 200 987 "http://callider/pause/index" "Mozilla/4.0 (compatible; MSIE 7.0; Windows NT 6.1; Trident/5.0; SLCC2; .NET CLR 2.0.50727; .NET CLR 3.5.30729; .NET CLR 3.0.30729; Media Center PC 6.0; InfoPath.3; .NET4.0C; .NET4.0E)" 21355
192.168.74.78 - - [17/Feb/2013:06:43:34 +0600] "GET /pause/ajaxPause?pauseConfigId=&admin=0 HTTP/1.1" 200 986 "http://callider/pause/index" "Mozilla/4.0 (compatible; MSIE 7.0; Windows NT 6.1; WOW64; Trident/5.0; SLCC2; .NET CLR 2.0.50727; .NET CLR 3.5.30729; .NET CLR 3.0.30729; Media Center PC 6.0; InfoPath.3; .NET4.0C; MS-RTC LM 8; .NET4.0E)" 22008
192.168.12.67 - - [17/Feb/2013:06:43:34 +0600] "GET /tv/useUser HTTP/1.1" 200 432 "http://callider/graph/personal" "Mozilla/4.0 (compatible; MSIE 7.0; Windows NT 6.1; Trident/5.0; SLCC2; .NET CLR 2.0.50727; .NET CLR 3.5.30729; .NET CLR 3.0.30729; Media Center PC 6.0; .NET4.0C; .NET4.0E; InfoPath.3; Tablet PC 2.0; MS-RTC LM 8)" 39107
192.168.12.69 - - [17/Feb/2013:06:43:35 +0600] "GET /pause/ajaxPause?pauseConfigId=&admin=0 HTTP/1.1" 200 986 "http://callider/pause/index" "Mozilla/4.0 (compatible; MSIE 7.0; Windows NT 6.1; Trident/5.0; SLCC2; .NET CLR 2.0.50727; .NET CLR 3.5.30729; .NET CLR 3.0.30729; Media Center PC 6.0; InfoPath.3; .NET4.0C; .NET4.0E; Tablet PC 2.0; AskTbFXTV5/5.14.1.20007)" 24967
192.168.74.91 - - [17/Feb/2013:06:43:35 +0600] "GET /pause/ajaxPause?pauseConfigId=&admin=0 HTTP/1.1" 200 986 "http://callider/pause/index" "Mozilla/4.0 (compatible; MSIE 7.0; Windows NT 6.1; WOW64; Trident/5.0; SLCC2; .NET CLR 2.0.50727; .NET CLR 3.5.30729; .NET CLR 3.0.30729; Media Center PC 6.0; InfoPath.3; .NET4.0C; MS-RTC LM 8; .NET4.0E)" 18662
192.168.74.151 - - [17/Feb/2013:06:43:35 +0600] "GET /pause/ajaxPause?pauseConfigId=&admin=0 HTTP/1.1" 200 987 "http://callider.kontur/pause/index" "Mozilla/5.0 (Windows NT 6.1; WOW64; rv:18.0) Gecko/20100101 Firefox/18.0" 21359
192.168.12.210 - - [17/Feb/2013:06:43:35 +0600] "GET /pause/ajaxPause?pauseConfigId=all&admin=1 HTTP/1.1" 200 1047 "http://callider/pause/index" "Mozilla/4.0 (compatible; MSIE 7.0; Windows NT 6.1; WOW64; Trident/5.0; SLCC2; .NET CLR 2.0.50727; .NET CLR 3.5.30729; .NET CLR 3.0.30729; Media Center PC 6.0; InfoPath.3; .NET4.0C; .NET4.0E)" 20029
192.168.65.56 - - [17/Feb/2013:06:43:36 +0600] "GET /pause/ajaxPause?pauseConfigId=all&admin=1 HTTP/1.1" 200 1046 "http://192.168.65.101/pause/index" "Mozilla/5.0 (Windows NT 5.1; rv:15.0) Gecko/20100101 Firefox/15.0" 34328
192.168.12.61 - - [17/Feb/2013:06:43:37 +0600] "GET /pause/ajaxPause?pauseConfigId=&admin=0 HTTP/1.1" 200 985 "http://callider/pause/index" "Mozilla/4.0 (compatible; MSIE 7.0; Windows NT 6.1; Trident/5.0; SLCC2; .NET CLR 2.0.50727; .NET CLR 3.5.30729; .NET CLR 3.0.30729; Media Center PC 6.0; InfoPath.3; .NET4.0C; .NET4.0E)" 23792
192.168.74.93 - - [17/Feb/2013:06:43:38 +0600] "GET /tv/useUser HTTP/1.1" 200 432 "http://callider/graph/personal" "Mozilla/4.0 (compatible; MSIE 7.0; Windows NT 6.1; WOW64; Trident/5.0; SLCC2; .NET CLR 2.0.50727; .NET CLR 3.5.30729; .NET CLR 3.0.30729; Media Center PC 6.0; InfoPath.3; .NET4.0C; .NET4.0E)" 16730
192.168.12.60 - - [17/Feb/2013:06:43:38 +0600] "GET /pause/ajaxPause?pauseConfigId=&admin=0 HTTP/1.1" 200 986 "http://callider/pause/index" "Mozilla/4.0 (compatible; MSIE 8.0; Windows NT 6.1; Trident/4.0; InfoPath.3; .NET4.0C; MS-RTC LM 8; .NET4.0E)" 20683
192.168.12.204 - - [17/Feb/2013:06:43:39 +0600] "GET /pause/ajaxPause?pauseConfigId=&admin=0 HTTP/1.1" 200 986 "http://callider/pause/index" "Mozilla/4.0 (compatible; MSIE 7.0; Windows NT 6.1; WOW64; Trident/4.0; SLCC2; .NET CLR 2.0.50727; .NET CLR 3.5.30729; .NET CLR 3.0.30729; Media Center PC 6.0; InfoPath.3; .NET4.0C; .NET4.0E; .NET CLR 1.1.4322)" 19284
192.168.12.237 - - [17/Feb/2013:06:43:39 +0600] "GET /pause/ajaxPause?pauseConfigId=&admin=0 HTTP/1.1" 200 987 "http://callider/pause/index" "Mozilla/4.0 (compatible; MSIE 7.0; Windows NT 6.1; Trident/5.0; SLCC2; .NET CLR 2.0.50727; .NET CLR 3.5.30729; .NET CLR 3.0.30729; Media Center PC 6.0; InfoPath.3; .NET4.0C; .NET4.0E)" 22305
192.168.12.210 - - [17/Feb/2013:06:43:39 +0600] "GET /tv/useUser HTTP/1.1" 200 431 "http://callider/graph/general" "Mozilla/4.0 (compatible; MSIE 7.0; Windows NT 6.1; WOW64; Trident/5.0; SLCC2; .NET CLR 2.0.50727; .NET CLR 3.5.30729; .NET CLR 3.0.30729; Media Center PC 6.0; InfoPath.3; .NET4.0C; .NET4.0E)" 9784
192.168.74.78 - - [17/Feb/2013:06:43:39 +0600] "GET /pause/ajaxPause?pauseConfigId=&admin=0 HTTP/1.1" 200 986 "http://callider/pause/index" "Mozilla/4.0 (compatible; MSIE 7.0; Windows NT 6.1; WOW64; Trident/5.0; SLCC2; .NET CLR 2.0.50727; .NET CLR 3.5.30729; .NET CLR 3.0.30729; Media Center PC 6.0; InfoPath.3; .NET4.0C; MS-RTC LM 8; .NET4.0E)" 50723
192.168.12.69 - - [17/Feb/2013:06:43:40 +0600] "GET /pause/ajaxPause?pauseConfigId=&admin=0 HTTP/1.1" 200 986 "http://callider/pause/index" "Mozilla/4.0 (compatible; MSIE 7.0; Windows NT 6.1; Trident/5.0; SLCC2; .NET CLR 2.0.50727; .NET CLR 3.5.30729; .NET CLR 3.0.30729; Media Center PC 6.0; InfoPath.3; .NET4.0C; .NET4.0E; Tablet PC 2.0; AskTbFXTV5/5.14.1.20007)" 18629
192.168.74.91 - - [17/Feb/2013:06:43:40 +0600] "GET /pause/ajaxPause?pauseConfigId=&admin=0 HTTP/1.1" 200 986 "http://callider/pause/index" "Mozilla/4.0 (compatible; MSIE 7.0; Windows NT 6.1; WOW64; Trident/5.0; SLCC2; .NET CLR 2.0.50727; .NET CLR 3.5.30729; .NET CLR 3.0.30729; Media Center PC 6.0; InfoPath.3; .NET4.0C; MS-RTC LM 8; .NET4.0E)" 21299
192.168.74.151 - - [17/Feb/2013:06:43:40 +0600] "GET /pause/ajaxPause?pauseConfigId=&admin=0 HTTP/1.1" 200 987 "http://callider.kontur/pause/index" "Mozilla/5.0 (Windows NT 6.1; WOW64; rv:18.0) Gecko/20100101 Firefox/18.0" 19233
192.168.12.210 - - [17/Feb/2013:06:43:40 +0600] "GET /pause/ajaxPause?pauseConfigId=all&admin=1 HTTP/1.1" 200 1047 "http://callider/pause/index" "Mozilla/4.0 (compatible; MSIE 7.0; Windows NT 6.1; WOW64; Trident/5.0; SLCC2; .NET CLR 2.0.50727; .NET CLR 3.5.30729; .NET CLR 3.0.30729; Media Center PC 6.0; InfoPath.3; .NET4.0C; .NET4.0E)" 17850
192.168.12.9 - - [17/Feb/2013:06:43:41 +0600] "GET /tv/useUser HTTP/1.1" 200 432 "http://callider.kontur/site/index" "Mozilla/5.0 (Windows NT 6.1; WOW64) AppleWebKit/537.17 (KHTML, like Gecko) Chrome/24.0.1312.57 Safari/537.17" 17713
192.168.65.56 - - [17/Feb/2013:06:43:41 +0600] "GET /pause/ajaxPause?pauseConfigId=all&admin=1 HTTP/1.1" 200 1046 "http://192.168.65.101/pause/index" "Mozilla/5.0 (Windows NT 5.1; rv:15.0) Gecko/20100101 Firefox/15.0" 27044
192.168.12.61 - - [17/Feb/2013:06:43:42 +0600] "GET /pause/ajaxPause?pauseConfigId=&admin=0 HTTP/1.1" 200 985 "http://callider/pause/index" "Mozilla/4.0 (compatible; MSIE 7.0; Windows NT 6.1; Trident/5.0; SLCC2; .NET CLR 2.0.50727; .NET CLR 3.5.30729; .NET CLR 3.0.30729; Media Center PC 6.0; InfoPath.3; .NET4.0C; .NET4.0E)" 17985
192.168.12.60 - - [17/Feb/2013:06:43:43 +0600] "GET /pause/ajaxPause?pauseConfigId=&admin=0 HTTP/1.1" 200 986 "http://callider/pause/index" "Mozilla/4.0 (compatible; MSIE 8.0; Windows NT 6.1; Trident/4.0; InfoPath.3; .NET4.0C; MS-RTC LM 8; .NET4.0E)" 19021
192.168.12.204 - - [17/Feb/2013:06:43:44 +0600] "GET /pause/ajaxPause?pauseConfigId=&admin=0 HTTP/1.1" 200 986 "http://callider/pause/index" "Mozilla/4.0 (compatible; MSIE 7.0; Windows NT 6.1; WOW64; Trident/4.0; SLCC2; .NET CLR 2.0.50727; .NET CLR 3.5.30729; .NET CLR 3.0.30729; Media Center PC 6.0; InfoPath.3; .NET4.0C; .NET4.0E; .NET CLR 1.1.4322)" 22172
192.168.12.237 - - [17/Feb/2013:06:43:44 +0600] "GET /pause/ajaxPause?pauseConfigId=&admin=0 HTTP/1.1" 200 987 "http://callider/pause/index" "Mozilla/4.0 (compatible; MSIE 7.0; Windows NT 6.1; Trident/5.0; SLCC2; .NET CLR 2.0.50727; .NET CLR 3.5.30729; .NET CLR 3.0.30729; Media Center PC 6.0; InfoPath.3; .NET4.0C; .NET4.0E)" 20083
192.168.74.78 - - [17/Feb/2013:06:43:44 +0600] "GET /pause/ajaxPause?pauseConfigId=&admin=0 HTTP/1.1" 200 986 "http://callider/pause/index" "Mozilla/4.0 (compatible; MSIE 7.0; Windows NT 6.1; WOW64; Trident/5.0; SLCC2; .NET CLR 2.0.50727; .NET CLR 3.5.30729; .NET CLR 3.0.30729; Media Center PC 6.0; InfoPath.3; .NET4.0C; MS-RTC LM 8; .NET4.0E)" 20076
192.168.12.69 - - [17/Feb/2013:06:43:45 +0600] "GET /pause/ajaxPause?pauseConfigId=&admin=0 HTTP/1.1" 200 986 "http://callider/pause/index" "Mozilla/4.0 (compatible; MSIE 7.0; Windows NT 6.1; Trident/5.0; SLCC2; .NET CLR 2.0.50727; .NET CLR 3.5.30729; .NET CLR 3.0.30729; Media Center PC 6.0; InfoPath.3; .NET4.0C; .NET4.0E; Tablet PC 2.0; AskTbFXTV5/5.14.1.20007)" 19764
192.168.74.91 - - [17/Feb/2013:06:43:45 +0600] "GET /pause/ajaxPause?pauseConfigId=&admin=0 HTTP/1.1" 200 986 "http://callider/pause/index" "Mozilla/4.0 (compatible; MSIE 7.0; Windows NT 6.1; WOW64; Trident/5.0; SLCC2; .NET CLR 2.0.50727; .NET CLR 3.5.30729; .NET CLR 3.0.30729; Media Center PC 6.0; InfoPath.3; .NET4.0C; MS-RTC LM 8; .NET4.0E)" 21047
192.168.74.151 - - [17/Feb/2013:06:43:45 +0600] "GET /pause/ajaxPause?pauseConfigId=&admin=0 HTTP/1.1" 200 987 "http://callider.kontur/pause/index" "Mozilla/5.0 (Windows NT 6.1; WOW64; rv:18.0) Gecko/20100101 Firefox/18.0" 22451
192.168.12.210 - - [17/Feb/2013:06:43:45 +0600] "GET /pause/ajaxPause?pauseConfigId=all&admin=1 HTTP/1.1" 200 1047 "http://callider/pause/index" "Mozilla/4.0 (compatible; MSIE 7.0; Windows NT 6.1; WOW64; Trident/5.0; SLCC2; .NET CLR 2.0.50727; .NET CLR 3.5.30729; .NET CLR 3.0.30729; Media Center PC 6.0; InfoPath.3; .NET4.0C; .NET4.0E)" 22383
192.168.65.56 - - [17/Feb/2013:06:43:46 +0600] "GET /pause/ajaxPause?pauseConfigId=all&admin=1 HTTP/1.1" 200 1046 "http://192.168.65.101/pause/index" "Mozilla/5.0 (Windows NT 5.1; rv:15.0) Gecko/20100101 Firefox/15.0" 27073
192.168.12.61 - - [17/Feb/2013:06:43:47 +0600] "GET /pause/ajaxPause?pauseConfigId=&admin=0 HTTP/1.1" 200 985 "http://callider/pause/index" "Mozilla/4.0 (compatible; MSIE 7.0; Windows NT 6.1; Trident/5.0; SLCC2; .NET CLR 2.0.50727; .NET CLR 3.5.30729; .NET CLR 3.0.30729; Media Center PC 6.0; InfoPath.3; .NET4.0C; .NET4.0E)" 20515
192.168.12.60 - - [17/Feb/2013:06:43:48 +0600] "GET /pause/ajaxPause?pauseConfigId=&admin=0 HTTP/1.1" 200 986 "http://callider/pause/index" "Mozilla/4.0 (compatible; MSIE 8.0; Windows NT 6.1; Trident/4.0; InfoPath.3; .NET4.0C; MS-RTC LM 8; .NET4.0E)" 21345
192.168.12.204 - - [17/Feb/2013:06:43:49 +0600] "GET /pause/ajaxPause?pauseConfigId=&admin=0 HTTP/1.1" 200 986 "http://callider/pause/index" "Mozilla/4.0 (compatible; MSIE 7.0; Windows NT 6.1; WOW64; Trident/4.0; SLCC2; .NET CLR 2.0.50727; .NET CLR 3.5.30729; .NET CLR 3.0.30729; Media Center PC 6.0; InfoPath.3; .NET4.0C; .NET4.0E; .NET CLR 1.1.4322)" 26058
192.168.12.210 - - [17/Feb/2013:06:43:49 +0600] "GET /tv/useUser HTTP/1.1" 200 431 "http://callider/pause/index" "Mozilla/4.0 (compatible; MSIE 7.0; Windows NT 6.1; WOW64; Trident/5.0; SLCC2; .NET CLR 2.0.50727; .NET CLR 3.5.30729; .NET CLR 3.0.30729; Media Center PC 6.0; InfoPath.3; .NET4.0C; .NET4.0E)" 8459
192.168.12.237 - - [17/Feb/2013:06:43:49 +0600] "GET /pause/ajaxPause?pauseConfigId=&admin=0 HTTP/1.1" 200 987 "http://callider/pause/index" "Mozilla/4.0 (compatible; MSIE 7.0; Windows NT 6.1; Trident/5.0; SLCC2; .NET CLR 2.0.50727; .NET CLR 3.5.30729; .NET CLR 3.0.30729; Media Center PC 6.0; InfoPath.3; .NET4.0C; .NET4.0E)" 19415
192.168.74.78 - - [17/Feb/2013:06:43:49 +0600] "GET /pause/ajaxPause?pauseConfigId=&admin=0 HTTP/1.1" 200 986 "http://callider/pause/index" "Mozilla/4.0 (compatible; MSIE 7.0; Windows NT 6.1; WOW64; Trident/5.0; SLCC2; .NET CLR 2.0.50727; .NET CLR 3.5.30729; .NET CLR 3.0.30729; Media Center PC 6.0; InfoPath.3; .NET4.0C; MS-RTC LM 8; .NET4.0E)" 18325
192.168.12.69 - - [17/Feb/2013:06:43:50 +0600] "GET /pause/ajaxPause?pauseConfigId=&admin=0 HTTP/1.1" 200 986 "http://callider/pause/index" "Mozilla/4.0 (compatible; MSIE 7.0; Windows NT 6.1; Trident/5.0; SLCC2; .NET CLR 2.0.50727; .NET CLR 3.5.30729; .NET CLR 3.0.30729; Media Center PC 6.0; InfoPath.3; .NET4.0C; .NET4.0E; Tablet PC 2.0; AskTbFXTV5/5.14.1.20007)" 27097
192.168.74.91 - - [17/Feb/2013:06:43:50 +0600] "GET /pause/ajaxPause?pauseConfigId=&admin=0 HTTP/1.1" 200 986 "http://callider/pause/index" "Mozilla/4.0 (compatible; MSIE 7.0; Windows NT 6.1; WOW64; Trident/5.0; SLCC2; .NET CLR 2.0.50727; .NET CLR 3.5.30729; .NET CLR 3.0.30729; Media Center PC 6.0; InfoPath.3; .NET4.0C; MS-RTC LM 8; .NET4.0E)" 18228
192.168.74.151 - - [17/Feb/2013:06:43:50 +0600] "GET /pause/ajaxPause?pauseConfigId=&admin=0 HTTP/1.1" 200 987 "http://callider.kontur/pause/index" "Mozilla/5.0 (Windows NT 6.1; WOW64; rv:18.0) Gecko/20100101 Firefox/18.0" 17528
192.168.12.210 - - [17/Feb/2013:06:43:50 +0600] "GET /pause/ajaxPause?pauseConfigId=all&admin=1 HTTP/1.1" 200 1047 "http://callider/pause/index" "Mozilla/4.0 (compatible; MSIE 7.0; Windows NT 6.1; WOW64; Trident/5.0; SLCC2; .NET CLR 2.0.50727; .NET CLR 3.5.30729; .NET CLR 3.0.30729; Media Center PC 6.0; InfoPath.3; .NET4.0C; .NET4.0E)" 19124
192.168.65.56 - - [17/Feb/2013:06:43:51 +0600] "GET /pause/ajaxPause?pauseConfigId=all&admin=1 HTTP/1.1" 200 1046 "http://192.168.65.101/pause/index" "Mozilla/5.0 (Windows NT 5.1; rv:15.0) Gecko/20100101 Firefox/15.0" 129169
192.168.65.56 - - [17/Feb/2013:06:43:51 +0600] "GET /tv/useUser HTTP/1.1" 200 432 "http://192.168.65.101/pause/index" "Mozilla/5.0 (Windows NT 5.1; rv:15.0) Gecko/20100101 Firefox/15.0" 20125
192.168.12.61 - - [17/Feb/2013:06:43:52 +0600] "GET /pause/ajaxPause?pauseConfigId=&admin=0 HTTP/1.1" 200 985 "http://callider/pause/index" "Mozilla/4.0 (compatible; MSIE 7.0; Windows NT 6.1; Trident/5.0; SLCC2; .NET CLR 2.0.50727; .NET CLR 3.5.30729; .NET CLR 3.0.30729; Media Center PC 6.0; InfoPath.3; .NET4.0C; .NET4.0E)" 19846
192.168.12.60 - - [17/Feb/2013:06:43:53 +0600] "GET /pause/ajaxPause?pauseConfigId=&admin=0 HTTP/1.1" 200 986 "http://callider/pause/index" "Mozilla/4.0 (compatible; MSIE 8.0; Windows NT 6.1; Trident/4.0; InfoPath.3; .NET4.0C; MS-RTC LM 8; .NET4.0E)" 19395
192.168.12.204 - - [17/Feb/2013:06:43:54 +0600] "GET /pause/ajaxPause?pauseConfigId=&admin=0 HTTP/1.1" 200 986 "http://callider/pause/index" "Mozilla/4.0 (compatible; MSIE 7.0; Windows NT 6.1; WOW64; Trident/4.0; SLCC2; .NET CLR 2.0.50727; .NET CLR 3.5.30729; .NET CLR 3.0.30729; Media Center PC 6.0; InfoPath.3; .NET4.0C; .NET4.0E; .NET CLR 1.1.4322)" 19441
192.168.12.237 - - [17/Feb/2013:06:43:54 +0600] "GET /pause/ajaxPause?pauseConfigId=&admin=0 HTTP/1.1" 200 987 "http://callider/pause/index" "Mozilla/4.0 (compatible; MSIE 7.0; Windows NT 6.1; Trident/5.0; SLCC2; .NET CLR 2.0.50727; .NET CLR 3.5.30729; .NET CLR 3.0.30729; Media Center PC 6.0; InfoPath.3; .NET4.0C; .NET4.0E)" 22485
192.168.74.78 - - [17/Feb/2013:06:43:54 +0600] "GET /pause/ajaxPause?pauseConfigId=&admin=0 HTTP/1.1" 200 986 "http://callider/pause/index" "Mozilla/4.0 (compatible; MSIE 7.0; Windows NT 6.1; WOW64; Trident/5.0; SLCC2; .NET CLR 2.0.50727; .NET CLR 3.5.30729; .NET CLR 3.0.30729; Media Center PC 6.0; InfoPath.3; .NET4.0C; MS-RTC LM 8; .NET4.0E)" 17441
192.168.12.69 - - [17/Feb/2013:06:43:55 +0600] "GET /pause/ajaxPause?pauseConfigId=&admin=0 HTTP/1.1" 200 986 "http://callider/pause/index" "Mozilla/4.0 (compatible; MSIE 7.0; Windows NT 6.1; Trident/5.0; SLCC2; .NET CLR 2.0.50727; .NET CLR 3.5.30729; .NET CLR 3.0.30729; Media Center PC 6.0; InfoPath.3; .NET4.0C; .NET4.0E; Tablet PC 2.0; AskTbFXTV5/5.14.1.20007)" 19502
192.168.74.91 - - [17/Feb/2013:06:43:55 +0600] "GET /pause/ajaxPause?pauseConfigId=&admin=0 HTTP/1.1" 200 986 "http://callider/pause/index" "Mozilla/4.0 (compatible; MSIE 7.0; Windows NT 6.1; WOW64; Trident/5.0; SLCC2; .NET CLR 2.0.50727; .NET CLR 3.5.30729; .NET CLR 3.0.30729; Media Center PC 6.0; InfoPath.3; .NET4.0C; MS-RTC LM 8; .NET4.0E)" 20353
192.168.74.151 - - [17/Feb/2013:06:43:55 +0600] "GET /pause/ajaxPause?pauseConfigId=&admin=0 HTTP/1.1" 200 987 "http://callider.kontur/pause/index" "Mozilla/5.0 (Windows NT 6.1; WOW64; rv:18.0) Gecko/20100101 Firefox/18.0" 21021
192.168.12.210 - - [17/Feb/2013:06:43:55 +0600] "GET /pause/ajaxPause?pauseConfigId=all&admin=1 HTTP/1.1" 200 1048 "http://callider/pause/index" "Mozilla/4.0 (compatible; MSIE 7.0; Windows NT 6.1; WOW64; Trident/5.0; SLCC2; .NET CLR 2.0.50727; .NET CLR 3.5.30729; .NET CLR 3.0.30729; Media Center PC 6.0; InfoPath.3; .NET4.0C; .NET4.0E)" 31301
192.168.65.56 - - [17/Feb/2013:06:43:56 +0600] "GET /pause/ajaxPause?pauseConfigId=all&admin=1 HTTP/1.1" 200 1046 "http://192.168.65.101/pause/index" "Mozilla/5.0 (Windows NT 5.1; rv:15.0) Gecko/20100101 Firefox/15.0" 27164
192.168.12.61 - - [17/Feb/2013:06:43:57 +0600] "GET /pause/ajaxPause?pauseConfigId=&admin=0 HTTP/1.1" 200 985 "http://callider/pause/index" "Mozilla/4.0 (compatible; MSIE 7.0; Windows NT 6.1; Trident/5.0; SLCC2; .NET CLR 2.0.50727; .NET CLR 3.5.30729; .NET CLR 3.0.30729; Media Center PC 6.0; InfoPath.3; .NET4.0C; .NET4.0E)" 20157
192.168.12.60 - - [17/Feb/2013:06:43:58 +0600] "GET /pause/ajaxPause?pauseConfigId=&admin=0 HTTP/1.1" 200 986 "http://callider/pause/index" "Mozilla/4.0 (compatible; MSIE 8.0; Windows NT 6.1; Trident/4.0; InfoPath.3; .NET4.0C; MS-RTC LM 8; .NET4.0E)" 17620
192.168.12.204 - - [17/Feb/2013:06:43:59 +0600] "GET /pause/ajaxPause?pauseConfigId=&admin=0 HTTP/1.1" 200 986 "http://callider/pause/index" "Mozilla/4.0 (compatible; MSIE 7.0; Windows NT 6.1; WOW64; Trident/4.0; SLCC2; .NET CLR 2.0.50727; .NET CLR 3.5.30729; .NET CLR 3.0.30729; Media Center PC 6.0; InfoPath.3; .NET4.0C; .NET4.0E; .NET CLR 1.1.4322)" 19035
192.168.12.237 - - [17/Feb/2013:06:43:59 +0600] "GET /pause/ajaxPause?pauseConfigId=&admin=0 HTTP/1.1" 200 987 "http://callider/pause/index" "Mozilla/4.0 (compatible; MSIE 7.0; Windows NT 6.1; Trident/5.0; SLCC2; .NET CLR 2.0.50727; .NET CLR 3.5.30729; .NET CLR 3.0.30729; Media Center PC 6.0; InfoPath.3; .NET4.0C; .NET4.0E)" 21017
192.168.74.78 - - [17/Feb/2013:06:43:59 +0600] "GET /pause/ajaxPause?pauseConfigId=&admin=0 HTTP/1.1" 200 986 "http://callider/pause/index" "Mozilla/4.0 (compatible; MSIE 7.0; Windows NT 6.1; WOW64; Trident/5.0; SLCC2; .NET CLR 2.0.50727; .NET CLR 3.5.30729; .NET CLR 3.0.30729; Media Center PC 6.0; InfoPath.3; .NET4.0C; MS-RTC LM 8; .NET4.0E)" 23604
192.168.12.69 - - [17/Feb/2013:06:44:00 +0600] "GET /pause/ajaxPause?pauseConfigId=&admin=0 HTTP/1.1" 200 986 "http://callider/pause/index" "Mozilla/4.0 (compatible; MSIE 7.0; Windows NT 6.1; Trident/5.0; SLCC2; .NET CLR 2.0.50727; .NET CLR 3.5.30729; .NET CLR 3.0.30729; Media Center PC 6.0; InfoPath.3; .NET4.0C; .NET4.0E; Tablet PC 2.0; AskTbFXTV5/5.14.1.20007)" 19697
192.168.74.91 - - [17/Feb/2013:06:44:00 +0600] "GET /pause/ajaxPause?pauseConfigId=&admin=0 HTTP/1.1" 200 986 "http://callider/pause/index" "Mozilla/4.0 (compatible; MSIE 7.0; Windows NT 6.1; WOW64; Trident/5.0; SLCC2; .NET CLR 2.0.50727; .NET CLR 3.5.30729; .NET CLR 3.0.30729; Media Center PC 6.0; InfoPath.3; .NET4.0C; MS-RTC LM 8; .NET4.0E)" 20583
192.168.74.151 - - [17/Feb/2013:06:44:00 +0600] "GET /pause/ajaxPause?pauseConfigId=&admin=0 HTTP/1.1" 200 987 "http://callider.kontur/pause/index" "Mozilla/5.0 (Windows NT 6.1; WOW64; rv:18.0) Gecko/20100101 Firefox/18.0" 20100
192.168.12.210 - - [17/Feb/2013:06:44:00 +0600] "GET /pause/ajaxPause?pauseConfigId=all&admin=1 HTTP/1.1" 200 1047 "http://callider/pause/index" "Mozilla/4.0 (compatible; MSIE 7.0; Windows NT 6.1; WOW64; Trident/5.0; SLCC2; .NET CLR 2.0.50727; .NET CLR 3.5.30729; .NET CLR 3.0.30729; Media Center PC 6.0; InfoPath.3; .NET4.0C; .NET4.0E)" 38512
192.168.65.56 - - [17/Feb/2013:06:44:01 +0600] "GET /pause/ajaxPause?pauseConfigId=all&admin=1 HTTP/1.1" 200 1046 "http://192.168.65.101/pause/index" "Mozilla/5.0 (Windows NT 5.1; rv:15.0) Gecko/20100101 Firefox/15.0" 37050
192.168.12.61 - - [17/Feb/2013:06:44:02 +0600] "GET /pause/ajaxPause?pauseConfigId=&admin=0 HTTP/1.1" 200 985 "http://callider/pause/index" "Mozilla/4.0 (compatible; MSIE 7.0; Windows NT 6.1; Trident/5.0; SLCC2; .NET CLR 2.0.50727; .NET CLR 3.5.30729; .NET CLR 3.0.30729; Media Center PC 6.0; InfoPath.3; .NET4.0C; .NET4.0E)" 25622
192.168.12.60 - - [17/Feb/2013:06:44:03 +0600] "GET /pause/ajaxPause?pauseConfigId=&admin=0 HTTP/1.1" 200 986 "http://callider/pause/index" "Mozilla/4.0 (compatible; MSIE 8.0; Windows NT 6.1; Trident/4.0; InfoPath.3; .NET4.0C; MS-RTC LM 8; .NET4.0E)" 30548
192.168.12.204 - - [17/Feb/2013:06:44:04 +0600] "GET /pause/ajaxPause?pauseConfigId=&admin=0 HTTP/1.1" 200 986 "http://callider/pause/index" "Mozilla/4.0 (compatible; MSIE 7.0; Windows NT 6.1; WOW64; Trident/4.0; SLCC2; .NET CLR 2.0.50727; .NET CLR 3.5.30729; .NET CLR 3.0.30729; Media Center PC 6.0; InfoPath.3; .NET4.0C; .NET4.0E; .NET CLR 1.1.4322)" 27949
192.168.12.237 - - [17/Feb/2013:06:44:04 +0600] "GET /pause/ajaxPause?pauseConfigId=&admin=0 HTTP/1.1" 200 987 "http://callider/pause/index" "Mozilla/4.0 (compatible; MSIE 7.0; Windows NT 6.1; Trident/5.0; SLCC2; .NET CLR 2.0.50727; .NET CLR 3.5.30729; .NET CLR 3.0.30729; Media Center PC 6.0; InfoPath.3; .NET4.0C; .NET4.0E)" 27370
192.168.74.78 - - [17/Feb/2013:06:44:04 +0600] "GET /pause/ajaxPause?pauseConfigId=&admin=0 HTTP/1.1" 200 986 "http://callider/pause/index" "Mozilla/4.0 (compatible; MSIE 7.0; Windows NT 6.1; WOW64; Trident/5.0; SLCC2; .NET CLR 2.0.50727; .NET CLR 3.5.30729; .NET CLR 3.0.30729; Media Center PC 6.0; InfoPath.3; .NET4.0C; MS-RTC LM 8; .NET4.0E)" 25388
192.168.12.69 - - [17/Feb/2013:06:44:05 +0600] "GET /pause/ajaxPause?pauseConfigId=&admin=0 HTTP/1.1" 200 986 "http://callider/pause/index" "Mozilla/4.0 (compatible; MSIE 7.0; Windows NT 6.1; Trident/5.0; SLCC2; .NET CLR 2.0.50727; .NET CLR 3.5.30729; .NET CLR 3.0.30729; Media Center PC 6.0; InfoPath.3; .NET4.0C; .NET4.0E; Tablet PC 2.0; AskTbFXTV5/5.14.1.20007)" 35439
192.168.12.61 - - [17/Feb/2013:06:44:05 +0600] "GET /tv/useUser HTTP/1.1" 200 431 "http://callider/pause/index" "Mozilla/4.0 (compatible; MSIE 7.0; Windows NT 6.1; Trident/5.0; SLCC2; .NET CLR 2.0.50727; .NET CLR 3.5.30729; .NET CLR 3.0.30729; Media Center PC 6.0; InfoPath.3; .NET4.0C; .NET4.0E)" 9840
192.168.74.91 - - [17/Feb/2013:06:44:05 +0600] "GET /pause/ajaxPause?pauseConfigId=&admin=0 HTTP/1.1" 200 986 "http://callider/pause/index" "Mozilla/4.0 (compatible; MSIE 7.0; Windows NT 6.1; WOW64; Trident/5.0; SLCC2; .NET CLR 2.0.50727; .NET CLR 3.5.30729; .NET CLR 3.0.30729; Media Center PC 6.0; InfoPath.3; .NET4.0C; MS-RTC LM 8; .NET4.0E)" 30214
192.168.74.151 - - [17/Feb/2013:06:44:05 +0600] "GET /pause/ajaxPause?pauseConfigId=&admin=0 HTTP/1.1" 200 987 "http://callider.kontur/pause/index" "Mozilla/5.0 (Windows NT 6.1; WOW64; rv:18.0) Gecko/20100101 Firefox/18.0" 26867
192.168.12.210 - - [17/Feb/2013:06:44:05 +0600] "GET /pause/ajaxPause?pauseConfigId=all&admin=1 HTTP/1.1" 200 1047 "http://callider/pause/index" "Mozilla/4.0 (compatible; MSIE 7.0; Windows NT 6.1; WOW64; Trident/5.0; SLCC2; .NET CLR 2.0.50727; .NET CLR 3.5.30729; .NET CLR 3.0.30729; Media Center PC 6.0; InfoPath.3; .NET4.0C; .NET4.0E)" 20048
192.168.65.56 - - [17/Feb/2013:06:44:06 +0600] "GET /pause/ajaxPause?pauseConfigId=all&admin=1 HTTP/1.1" 200 1046 "http://192.168.65.101/pause/index" "Mozilla/5.0 (Windows NT 5.1; rv:15.0) Gecko/20100101 Firefox/15.0" 30085
192.168.12.61 - - [17/Feb/2013:06:44:07 +0600] "GET /pause/ajaxPause?pauseConfigId=&admin=0 HTTP/1.1" 200 985 "http://callider/pause/index" "Mozilla/4.0 (compatible; MSIE 7.0; Windows NT 6.1; Trident/5.0; SLCC2; .NET CLR 2.0.50727; .NET CLR 3.5.30729; .NET CLR 3.0.30729; Media Center PC 6.0; InfoPath.3; .NET4.0C; .NET4.0E)" 18982
192.168.12.60 - - [17/Feb/2013:06:44:08 +0600] "GET /pause/ajaxPause?pauseConfigId=&admin=0 HTTP/1.1" 200 986 "http://callider/pause/index" "Mozilla/4.0 (compatible; MSIE 8.0; Windows NT 6.1; Trident/4.0; InfoPath.3; .NET4.0C; MS-RTC LM 8; .NET4.0E)" 23400
192.168.12.204 - - [17/Feb/2013:06:44:09 +0600] "GET /pause/ajaxPause?pauseConfigId=&admin=0 HTTP/1.1" 200 986 "http://callider/pause/index" "Mozilla/4.0 (compatible; MSIE 7.0; Windows NT 6.1; WOW64; Trident/4.0; SLCC2; .NET CLR 2.0.50727; .NET CLR 3.5.30729; .NET CLR 3.0.30729; Media Center PC 6.0; InfoPath.3; .NET4.0C; .NET4.0E; .NET CLR 1.1.4322)" 16637
192.168.12.237 - - [17/Feb/2013:06:44:09 +0600] "GET /pause/ajaxPause?pauseConfigId=&admin=0 HTTP/1.1" 200 987 "http://callider/pause/index" "Mozilla/4.0 (compatible; MSIE 7.0; Windows NT 6.1; Trident/5.0; SLCC2; .NET CLR 2.0.50727; .NET CLR 3.5.30729; .NET CLR 3.0.30729; Media Center PC 6.0; InfoPath.3; .NET4.0C; .NET4.0E)" 19260
192.168.74.78 - - [17/Feb/2013:06:44:09 +0600] "GET /pause/ajaxPause?pauseConfigId=&admin=0 HTTP/1.1" 200 986 "http://callider/pause/index" "Mozilla/4.0 (compatible; MSIE 7.0; Windows NT 6.1; WOW64; Trident/5.0; SLCC2; .NET CLR 2.0.50727; .NET CLR 3.5.30729; .NET CLR 3.0.30729; Media Center PC 6.0; InfoPath.3; .NET4.0C; MS-RTC LM 8; .NET4.0E)" 19470
192.168.12.69 - - [17/Feb/2013:06:44:10 +0600] "GET /pause/ajaxPause?pauseConfigId=&admin=0 HTTP/1.1" 200 986 "http://callider/pause/index" "Mozilla/4.0 (compatible; MSIE 7.0; Windows NT 6.1; Trident/5.0; SLCC2; .NET CLR 2.0.50727; .NET CLR 3.5.30729; .NET CLR 3.0.30729; Media Center PC 6.0; InfoPath.3; .NET4.0C; .NET4.0E; Tablet PC 2.0; AskTbFXTV5/5.14.1.20007)" 20139
192.168.74.91 - - [17/Feb/2013:06:44:10 +0600] "GET /pause/ajaxPause?pauseConfigId=&admin=0 HTTP/1.1" 200 986 "http://callider/pause/index" "Mozilla/4.0 (compatible; MSIE 7.0; Windows NT 6.1; WOW64; Trident/5.0; SLCC2; .NET CLR 2.0.50727; .NET CLR 3.5.30729; .NET CLR 3.0.30729; Media Center PC 6.0; InfoPath.3; .NET4.0C; MS-RTC LM 8; .NET4.0E)" 20379
192.168.74.151 - - [17/Feb/2013:06:44:10 +0600] "GET /pause/ajaxPause?pauseConfigId=&admin=0 HTTP/1.1" 200 987 "http://callider.kontur/pause/index" "Mozilla/5.0 (Windows NT 6.1; WOW64; rv:18.0) Gecko/20100101 Firefox/18.0" 19275
192.168.12.210 - - [17/Feb/2013:06:44:10 +0600] "GET /pause/ajaxPause?pauseConfigId=all&admin=1 HTTP/1.1" 200 1047 "http://callider/pause/index" "Mozilla/4.0 (compatible; MSIE 7.0; Windows NT 6.1; WOW64; Trident/5.0; SLCC2; .NET CLR 2.0.50727; .NET CLR 3.5.30729; .NET CLR 3.0.30729; Media Center PC 6.0; InfoPath.3; .NET4.0C; .NET4.0E)" 17591
192.168.12.42 - - [17/Feb/2013:06:44:11 +0600] "GET /tv/useUser HTTP/1.1" 200 432 "http://callider/graph/personal" "Mozilla/4.0 (compatible; MSIE 7.0; Windows NT 6.1; WOW64; Trident/5.0; SLCC2; .NET CLR 2.0.50727; .NET CLR 3.5.30729; .NET CLR 3.0.30729; Media Center PC 6.0; InfoPath.3; .NET4.0C; .NET4.0E)" 16789
192.168.65.56 - - [17/Feb/2013:06:44:11 +0600] "GET /pause/ajaxPause?pauseConfigId=all&admin=1 HTTP/1.1" 200 1046 "http://192.168.65.101/pause/index" "Mozilla/5.0 (Windows NT 5.1; rv:15.0) Gecko/20100101 Firefox/15.0" 111980
192.168.12.61 - - [17/Feb/2013:06:44:12 +0600] "GET /pause/ajaxPause?pauseConfigId=&admin=0 HTTP/1.1" 200 985 "http://callider/pause/index" "Mozilla/4.0 (compatible; MSIE 7.0; Windows NT 6.1; Trident/5.0; SLCC2; .NET CLR 2.0.50727; .NET CLR 3.5.30729; .NET CLR 3.0.30729; Media Center PC 6.0; InfoPath.3; .NET4.0C; .NET4.0E)" 17771
192.168.74.151 - - [17/Feb/2013:06:44:13 +0600] "GET /tv/useUser HTTP/1.1" 200 431 "http://callider.kontur/graph/general" "Mozilla/5.0 (Windows NT 6.1; WOW64; rv:18.0) Gecko/20100101 Firefox/18.0" 8520
192.168.12.60 - - [17/Feb/2013:06:44:13 +0600] "GET /pause/ajaxPause?pauseConfigId=&admin=0 HTTP/1.1" 200 986 "http://callider/pause/index" "Mozilla/4.0 (compatible; MSIE 8.0; Windows NT 6.1; Trident/4.0; InfoPath.3; .NET4.0C; MS-RTC LM 8; .NET4.0E)" 18135
192.168.12.204 - - [17/Feb/2013:06:44:14 +0600] "GET /pause/ajaxPause?pauseConfigId=&admin=0 HTTP/1.1" 200 986 "http://callider/pause/index" "Mozilla/4.0 (compatible; MSIE 7.0; Windows NT 6.1; WOW64; Trident/4.0; SLCC2; .NET CLR 2.0.50727; .NET CLR 3.5.30729; .NET CLR 3.0.30729; Media Center PC 6.0; InfoPath.3; .NET4.0C; .NET4.0E; .NET CLR 1.1.4322)" 16723
192.168.12.237 - - [17/Feb/2013:06:44:14 +0600] "GET /pause/ajaxPause?pauseConfigId=&admin=0 HTTP/1.1" 200 987 "http://callider/pause/index" "Mozilla/4.0 (compatible; MSIE 7.0; Windows NT 6.1; Trident/5.0; SLCC2; .NET CLR 2.0.50727; .NET CLR 3.5.30729; .NET CLR 3.0.30729; Media Center PC 6.0; InfoPath.3; .NET4.0C; .NET4.0E)" 20210
192.168.74.78 - - [17/Feb/2013:06:44:14 +0600] "GET /pause/ajaxPause?pauseConfigId=&admin=0 HTTP/1.1" 200 986 "http://callider/pause/index" "Mozilla/4.0 (compatible; MSIE 7.0; Windows NT 6.1; WOW64; Trident/5.0; SLCC2; .NET CLR 2.0.50727; .NET CLR 3.5.30729; .NET CLR 3.0.30729; Media Center PC 6.0; InfoPath.3; .NET4.0C; MS-RTC LM 8; .NET4.0E)" 20645
192.168.12.69 - - [17/Feb/2013:06:44:15 +0600] "GET /pause/ajaxPause?pauseConfigId=&admin=0 HTTP/1.1" 200 986 "http://callider/pause/index" "Mozilla/4.0 (compatible; MSIE 7.0; Windows NT 6.1; Trident/5.0; SLCC2; .NET CLR 2.0.50727; .NET CLR 3.5.30729; .NET CLR 3.0.30729; Media Center PC 6.0; InfoPath.3; .NET4.0C; .NET4.0E; Tablet PC 2.0; AskTbFXTV5/5.14.1.20007)" 23398
192.168.74.91 - - [17/Feb/2013:06:44:15 +0600] "GET /pause/ajaxPause?pauseConfigId=&admin=0 HTTP/1.1" 200 986 "http://callider/pause/index" "Mozilla/4.0 (compatible; MSIE 7.0; Windows NT 6.1; WOW64; Trident/5.0; SLCC2; .NET CLR 2.0.50727; .NET CLR 3.5.30729; .NET CLR 3.0.30729; Media Center PC 6.0; InfoPath.3; .NET4.0C; MS-RTC LM 8; .NET4.0E)" 19746
192.168.74.151 - - [17/Feb/2013:06:44:15 +0600] "GET /pause/ajaxPause?pauseConfigId=&admin=0 HTTP/1.1" 200 987 "http://callider.kontur/pause/index" "Mozilla/5.0 (Windows NT 6.1; WOW64; rv:18.0) Gecko/20100101 Firefox/18.0" 41551
192.168.74.151 - - [17/Feb/2013:06:44:15 +0600] "GET /tv/useUser HTTP/1.1" 200 432 "http://callider.kontur/pause/index" "Mozilla/5.0 (Windows NT 6.1; WOW64; rv:18.0) Gecko/20100101 Firefox/18.0" 29510
192.168.12.210 - - [17/Feb/2013:06:44:15 +0600] "GET /pause/ajaxPause?pauseConfigId=all&admin=1 HTTP/1.1" 200 1047 "http://callider/pause/index" "Mozilla/4.0 (compatible; MSIE 7.0; Windows NT 6.1; WOW64; Trident/5.0; SLCC2; .NET CLR 2.0.50727; .NET CLR 3.5.30729; .NET CLR 3.0.30729; Media Center PC 6.0; InfoPath.3; .NET4.0C; .NET4.0E)" 17357
192.168.65.56 - - [17/Feb/2013:06:44:16 +0600] "GET /pause/ajaxPause?pauseConfigId=all&admin=1 HTTP/1.1" 200 1046 "http://192.168.65.101/pause/index" "Mozilla/5.0 (Windows NT 5.1; rv:15.0) Gecko/20100101 Firefox/15.0" 28409
192.168.12.61 - - [17/Feb/2013:06:44:17 +0600] "GET /pause/ajaxPause?pauseConfigId=&admin=0 HTTP/1.1" 200 986 "http://callider/pause/index" "Mozilla/4.0 (compatible; MSIE 7.0; Windows NT 6.1; Trident/5.0; SLCC2; .NET CLR 2.0.50727; .NET CLR 3.5.30729; .NET CLR 3.0.30729; Media Center PC 6.0; InfoPath.3; .NET4.0C; .NET4.0E)" 33048
192.168.12.60 - - [17/Feb/2013:06:44:18 +0600] "GET /pause/ajaxPause?pauseConfigId=&admin=0 HTTP/1.1" 200 986 "http://callider/pause/index" "Mozilla/4.0 (compatible; MSIE 8.0; Windows NT 6.1; Trident/4.0; InfoPath.3; .NET4.0C; MS-RTC LM 8; .NET4.0E)" 21609
192.168.12.204 - - [17/Feb/2013:06:44:19 +0600] "GET /pause/ajaxPause?pauseConfigId=&admin=0 HTTP/1.1" 200 986 "http://callider/pause/index" "Mozilla/4.0 (compatible; MSIE 7.0; Windows NT 6.1; WOW64; Trident/4.0; SLCC2; .NET CLR 2.0.50727; .NET CLR 3.5.30729; .NET CLR 3.0.30729; Media Center PC 6.0; InfoPath.3; .NET4.0C; .NET4.0E; .NET CLR 1.1.4322)" 110458
192.168.12.237 - - [17/Feb/2013:06:44:19 +0600] "GET /pause/ajaxPause?pauseConfigId=&admin=0 HTTP/1.1" 200 987 "http://callider/pause/index" "Mozilla/4.0 (compatible; MSIE 7.0; Windows NT 6.1; Trident/5.0; SLCC2; .NET CLR 2.0.50727; .NET CLR 3.5.30729; .NET CLR 3.0.30729; Media Center PC 6.0; InfoPath.3; .NET4.0C; .NET4.0E)" 20484
192.168.74.78 - - [17/Feb/2013:06:44:19 +0600] "GET /pause/ajaxPause?pauseConfigId=&admin=0 HTTP/1.1" 200 986 "http://callider/pause/index" "Mozilla/4.0 (compatible; MSIE 7.0; Windows NT 6.1; WOW64; Trident/5.0; SLCC2; .NET CLR 2.0.50727; .NET CLR 3.5.30729; .NET CLR 3.0.30729; Media Center PC 6.0; InfoPath.3; .NET4.0C; MS-RTC LM 8; .NET4.0E)" 19424
192.168.12.10 - - [17/Feb/2013:06:44:19 +0600] "GET /tv/useUser HTTP/1.1" 200 432 "http://callider/graph/personal" "Mozilla/4.0 (compatible; MSIE 7.0; Windows NT 6.1; Trident/5.0; SLCC2; .NET CLR 2.0.50727; .NET CLR 3.5.30729; .NET CLR 3.0.30729; Media Center PC 6.0; InfoPath.3; .NET4.0C; .NET4.0E; Tablet PC 2.0; MS-RTC LM 8)" 44043
192.168.12.108 - - [17/Feb/2013:06:44:20 +0600] "GET /tv/useUser HTTP/1.1" 200 432 "http://callider/index.php" "Mozilla/4.0 (compatible; MSIE 7.0; Windows NT 6.2; WOW64; Trident/6.0; .NET4.0E; .NET4.0C; InfoPath.3; .NET CLR 3.5.30729; .NET CLR 2.0.50727; .NET CLR 3.0.30729)" 17843
192.168.12.69 - - [17/Feb/2013:06:44:20 +0600] "GET /pause/ajaxPause?pauseConfigId=&admin=0 HTTP/1.1" 200 986 "http://callider/pause/index" "Mozilla/4.0 (compatible; MSIE 7.0; Windows NT 6.1; Trident/5.0; SLCC2; .NET CLR 2.0.50727; .NET CLR 3.5.30729; .NET CLR 3.0.30729; Media Center PC 6.0; InfoPath.3; .NET4.0C; .NET4.0E; Tablet PC 2.0; AskTbFXTV5/5.14.1.20007)" 21935
192.168.74.91 - - [17/Feb/2013:06:44:20 +0600] "GET /pause/ajaxPause?pauseConfigId=&admin=0 HTTP/1.1" 200 986 "http://callider/pause/index" "Mozilla/4.0 (compatible; MSIE 7.0; Windows NT 6.1; WOW64; Trident/5.0; SLCC2; .NET CLR 2.0.50727; .NET CLR 3.5.30729; .NET CLR 3.0.30729; Media Center PC 6.0; InfoPath.3; .NET4.0C; MS-RTC LM 8; .NET4.0E)" 22388
192.168.74.151 - - [17/Feb/2013:06:44:20 +0600] "GET /pause/ajaxPause?pauseConfigId=&admin=0 HTTP/1.1" 200 987 "http://callider.kontur/pause/index" "Mozilla/5.0 (Windows NT 6.1; WOW64; rv:18.0) Gecko/20100101 Firefox/18.0" 21516
192.168.12.210 - - [17/Feb/2013:06:44:20 +0600] "GET /pause/ajaxPause?pauseConfigId=all&admin=1 HTTP/1.1" 200 1047 "http://callider/pause/index" "Mozilla/4.0 (compatible; MSIE 7.0; Windows NT 6.1; WOW64; Trident/5.0; SLCC2; .NET CLR 2.0.50727; .NET CLR 3.5.30729; .NET CLR 3.0.30729; Media Center PC 6.0; InfoPath.3; .NET4.0C; .NET4.0E)" 20352
192.168.65.56 - - [17/Feb/2013:06:44:21 +0600] "GET /pause/ajaxPause?pauseConfigId=all&admin=1 HTTP/1.1" 200 1046 "http://192.168.65.101/pause/index" "Mozilla/5.0 (Windows NT 5.1; rv:15.0) Gecko/20100101 Firefox/15.0" 35337
192.168.12.61 - - [17/Feb/2013:06:44:22 +0600] "GET /pause/ajaxPause?pauseConfigId=&admin=0 HTTP/1.1" 200 986 "http://callider/pause/index" "Mozilla/4.0 (compatible; MSIE 7.0; Windows NT 6.1; Trident/5.0; SLCC2; .NET CLR 2.0.50727; .NET CLR 3.5.30729; .NET CLR 3.0.30729; Media Center PC 6.0; InfoPath.3; .NET4.0C; .NET4.0E)" 79405
192.168.12.60 - - [17/Feb/2013:06:44:23 +0600] "GET /pause/ajaxPause?pauseConfigId=&admin=0 HTTP/1.1" 200 986 "http://callider/pause/index" "Mozilla/4.0 (compatible; MSIE 8.0; Windows NT 6.1; Trident/4.0; InfoPath.3; .NET4.0C; MS-RTC LM 8; .NET4.0E)" 19510
192.168.12.204 - - [17/Feb/2013:06:44:24 +0600] "GET /pause/ajaxPause?pauseConfigId=&admin=0 HTTP/1.1" 200 986 "http://callider/pause/index" "Mozilla/4.0 (compatible; MSIE 7.0; Windows NT 6.1; WOW64; Trident/4.0; SLCC2; .NET CLR 2.0.50727; .NET CLR 3.5.30729; .NET CLR 3.0.30729; Media Center PC 6.0; InfoPath.3; .NET4.0C; .NET4.0E; .NET CLR 1.1.4322)" 23509
192.168.12.237 - - [17/Feb/2013:06:44:24 +0600] "GET /pause/ajaxPause?pauseConfigId=&admin=0 HTTP/1.1" 200 987 "http://callider/pause/index" "Mozilla/4.0 (compatible; MSIE 7.0; Windows NT 6.1; Trident/5.0; SLCC2; .NET CLR 2.0.50727; .NET CLR 3.5.30729; .NET CLR 3.0.30729; Media Center PC 6.0; InfoPath.3; .NET4.0C; .NET4.0E)" 19780
192.168.74.78 - - [17/Feb/2013:06:44:24 +0600] "GET /pause/ajaxPause?pauseConfigId=&admin=0 HTTP/1.1" 200 986 "http://callider/pause/index" "Mozilla/4.0 (compatible; MSIE 7.0; Windows NT 6.1; WOW64; Trident/5.0; SLCC2; .NET CLR 2.0.50727; .NET CLR 3.5.30729; .NET CLR 3.0.30729; Media Center PC 6.0; InfoPath.3; .NET4.0C; MS-RTC LM 8; .NET4.0E)" 23395
192.168.12.69 - - [17/Feb/2013:06:44:25 +0600] "GET /pause/ajaxPause?pauseConfigId=&admin=0 HTTP/1.1" 200 986 "http://callider/pause/index" "Mozilla/4.0 (compatible; MSIE 7.0; Windows NT 6.1; Trident/5.0; SLCC2; .NET CLR 2.0.50727; .NET CLR 3.5.30729; .NET CLR 3.0.30729; Media Center PC 6.0; InfoPath.3; .NET4.0C; .NET4.0E; Tablet PC 2.0; AskTbFXTV5/5.14.1.20007)" 18612
192.168.74.91 - - [17/Feb/2013:06:44:25 +0600] "GET /pause/ajaxPause?pauseConfigId=&admin=0 HTTP/1.1" 200 986 "http://callider/pause/index" "Mozilla/4.0 (compatible; MSIE 7.0; Windows NT 6.1; WOW64; Trident/5.0; SLCC2; .NET CLR 2.0.50727; .NET CLR 3.5.30729; .NET CLR 3.0.30729; Media Center PC 6.0; InfoPath.3; .NET4.0C; MS-RTC LM 8; .NET4.0E)" 19292
192.168.74.151 - - [17/Feb/2013:06:44:25 +0600] "GET /pause/ajaxPause?pauseConfigId=&admin=0 HTTP/1.1" 200 987 "http://callider.kontur/pause/index" "Mozilla/5.0 (Windows NT 6.1; WOW64; rv:18.0) Gecko/20100101 Firefox/18.0" 27022
192.168.12.210 - - [17/Feb/2013:06:44:25 +0600] "GET /pause/ajaxPause?pauseConfigId=all&admin=1 HTTP/1.1" 200 1047 "http://callider/pause/index" "Mozilla/4.0 (compatible; MSIE 7.0; Windows NT 6.1; WOW64; Trident/5.0; SLCC2; .NET CLR 2.0.50727; .NET CLR 3.5.30729; .NET CLR 3.0.30729; Media Center PC 6.0; InfoPath.3; .NET4.0C; .NET4.0E)" 19219
192.168.65.56 - - [17/Feb/2013:06:44:26 +0600] "GET /pause/ajaxPause?pauseConfigId=all&admin=1 HTTP/1.1" 200 1046 "http://192.168.65.101/pause/index" "Mozilla/5.0 (Windows NT 5.1; rv:15.0) Gecko/20100101 Firefox/15.0" 32991
192.168.12.61 - - [17/Feb/2013:06:44:27 +0600] "GET /pause/ajaxPause?pauseConfigId=&admin=0 HTTP/1.1" 200 985 "http://callider/pause/index" "Mozilla/4.0 (compatible; MSIE 7.0; Windows NT 6.1; Trident/5.0; SLCC2; .NET CLR 2.0.50727; .NET CLR 3.5.30729; .NET CLR 3.0.30729; Media Center PC 6.0; InfoPath.3; .NET4.0C; .NET4.0E)" 23236
192.168.12.60 - - [17/Feb/2013:06:44:28 +0600] "GET /pause/ajaxPause?pauseConfigId=&admin=0 HTTP/1.1" 200 986 "http://callider/pause/index" "Mozilla/4.0 (compatible; MSIE 8.0; Windows NT 6.1; Trident/4.0; InfoPath.3; .NET4.0C; MS-RTC LM 8; .NET4.0E)" 19999
192.168.12.204 - - [17/Feb/2013:06:44:29 +0600] "GET /pause/ajaxPause?pauseConfigId=&admin=0 HTTP/1.1" 200 986 "http://callider/pause/index" "Mozilla/4.0 (compatible; MSIE 7.0; Windows NT 6.1; WOW64; Trident/4.0; SLCC2; .NET CLR 2.0.50727; .NET CLR 3.5.30729; .NET CLR 3.0.30729; Media Center PC 6.0; InfoPath.3; .NET4.0C; .NET4.0E; .NET CLR 1.1.4322)" 19836
192.168.12.237 - - [17/Feb/2013:06:44:29 +0600] "GET /pause/ajaxPause?pauseConfigId=&admin=0 HTTP/1.1" 200 987 "http://callider/pause/index" "Mozilla/4.0 (compatible; MSIE 7.0; Windows NT 6.1; Trident/5.0; SLCC2; .NET CLR 2.0.50727; .NET CLR 3.5.30729; .NET CLR 3.0.30729; Media Center PC 6.0; InfoPath.3; .NET4.0C; .NET4.0E)" 25374
192.168.74.78 - - [17/Feb/2013:06:44:29 +0600] "GET /pause/ajaxPause?pauseConfigId=&admin=0 HTTP/1.1" 200 986 "http://callider/pause/index" "Mozilla/4.0 (compatible; MSIE 7.0; Windows NT 6.1; WOW64; Trident/5.0; SLCC2; .NET CLR 2.0.50727; .NET CLR 3.5.30729; .NET CLR 3.0.30729; Media Center PC 6.0; InfoPath.3; .NET4.0C; MS-RTC LM 8; .NET4.0E)" 19533
192.168.12.69 - - [17/Feb/2013:06:44:30 +0600] "GET /pause/ajaxPause?pauseConfigId=&admin=0 HTTP/1.1" 200 986 "http://callider/pause/index" "Mozilla/4.0 (compatible; MSIE 7.0; Windows NT 6.1; Trident/5.0; SLCC2; .NET CLR 2.0.50727; .NET CLR 3.5.30729; .NET CLR 3.0.30729; Media Center PC 6.0; InfoPath.3; .NET4.0C; .NET4.0E; Tablet PC 2.0; AskTbFXTV5/5.14.1.20007)" 19408
192.168.74.91 - - [17/Feb/2013:06:44:30 +0600] "GET /pause/ajaxPause?pauseConfigId=&admin=0 HTTP/1.1" 200 986 "http://callider/pause/index" "Mozilla/4.0 (compatible; MSIE 7.0; Windows NT 6.1; WOW64; Trident/5.0; SLCC2; .NET CLR 2.0.50727; .NET CLR 3.5.30729; .NET CLR 3.0.30729; Media Center PC 6.0; InfoPath.3; .NET4.0C; MS-RTC LM 8; .NET4.0E)" 26672
192.168.74.151 - - [17/Feb/2013:06:44:30 +0600] "GET /pause/ajaxPause?pauseConfigId=&admin=0 HTTP/1.1" 200 987 "http://callider.kontur/pause/index" "Mozilla/5.0 (Windows NT 6.1; WOW64; rv:18.0) Gecko/20100101 Firefox/18.0" 19191
192.168.12.210 - - [17/Feb/2013:06:44:30 +0600] "GET /pause/ajaxPause?pauseConfigId=all&admin=1 HTTP/1.1" 200 1047 "http://callider/pause/index" "Mozilla/4.0 (compatible; MSIE 7.0; Windows NT 6.1; WOW64; Trident/5.0; SLCC2; .NET CLR 2.0.50727; .NET CLR 3.5.30729; .NET CLR 3.0.30729; Media Center PC 6.0; InfoPath.3; .NET4.0C; .NET4.0E)" 24442
192.168.65.56 - - [17/Feb/2013:06:44:31 +0600] "GET /pause/ajaxPause?pauseConfigId=all&admin=1 HTTP/1.1" 200 1046 "http://192.168.65.101/pause/index" "Mozilla/5.0 (Windows NT 5.1; rv:15.0) Gecko/20100101 Firefox/15.0" 28457
192.168.12.61 - - [17/Feb/2013:06:44:32 +0600] "GET /pause/ajaxPause?pauseConfigId=&admin=0 HTTP/1.1" 200 985 "http://callider/pause/index" "Mozilla/4.0 (compatible; MSIE 7.0; Windows NT 6.1; Trident/5.0; SLCC2; .NET CLR 2.0.50727; .NET CLR 3.5.30729; .NET CLR 3.0.30729; Media Center PC 6.0; InfoPath.3; .NET4.0C; .NET4.0E)" 17584
192.168.12.60 - - [17/Feb/2013:06:44:33 +0600] "GET /pause/ajaxPause?pauseConfigId=&admin=0 HTTP/1.1" 200 986 "http://callider/pause/index" "Mozilla/4.0 (compatible; MSIE 8.0; Windows NT 6.1; Trident/4.0; InfoPath.3; .NET4.0C; MS-RTC LM 8; .NET4.0E)" 22823
192.168.12.204 - - [17/Feb/2013:06:44:34 +0600] "GET /pause/ajaxPause?pauseConfigId=&admin=0 HTTP/1.1" 200 986 "http://callider/pause/index" "Mozilla/4.0 (compatible; MSIE 7.0; Windows NT 6.1; WOW64; Trident/4.0; SLCC2; .NET CLR 2.0.50727; .NET CLR 3.5.30729; .NET CLR 3.0.30729; Media Center PC 6.0; InfoPath.3; .NET4.0C; .NET4.0E; .NET CLR 1.1.4322)" 20416
192.168.12.237 - - [17/Feb/2013:06:44:34 +0600] "GET /pause/ajaxPause?pauseConfigId=&admin=0 HTTP/1.1" 200 987 "http://callider/pause/index" "Mozilla/4.0 (compatible; MSIE 7.0; Windows NT 6.1; Trident/5.0; SLCC2; .NET CLR 2.0.50727; .NET CLR 3.5.30729; .NET CLR 3.0.30729; Media Center PC 6.0; InfoPath.3; .NET4.0C; .NET4.0E)" 139878
192.168.74.78 - - [17/Feb/2013:06:44:34 +0600] "GET /pause/ajaxPause?pauseConfigId=&admin=0 HTTP/1.1" 200 986 "http://callider/pause/index" "Mozilla/4.0 (compatible; MSIE 7.0; Windows NT 6.1; WOW64; Trident/5.0; SLCC2; .NET CLR 2.0.50727; .NET CLR 3.5.30729; .NET CLR 3.0.30729; Media Center PC 6.0; InfoPath.3; .NET4.0C; MS-RTC LM 8; .NET4.0E)" 18813
192.168.12.67 - - [17/Feb/2013:06:44:34 +0600] "GET /tv/useUser HTTP/1.1" 200 432 "http://callider/graph/personal" "Mozilla/4.0 (compatible; MSIE 7.0; Windows NT 6.1; Trident/5.0; SLCC2; .NET CLR 2.0.50727; .NET CLR 3.5.30729; .NET CLR 3.0.30729; Media Center PC 6.0; .NET4.0C; .NET4.0E; InfoPath.3; Tablet PC 2.0; MS-RTC LM 8)" 16254
192.168.12.69 - - [17/Feb/2013:06:44:35 +0600] "GET /pause/ajaxPause?pauseConfigId=&admin=0 HTTP/1.1" 200 986 "http://callider/pause/index" "Mozilla/4.0 (compatible; MSIE 7.0; Windows NT 6.1; Trident/5.0; SLCC2; .NET CLR 2.0.50727; .NET CLR 3.5.30729; .NET CLR 3.0.30729; Media Center PC 6.0; InfoPath.3; .NET4.0C; .NET4.0E; Tablet PC 2.0; AskTbFXTV5/5.14.1.20007)" 200400
192.168.74.91 - - [17/Feb/2013:06:44:35 +0600] "GET /pause/ajaxPause?pauseConfigId=&admin=0 HTTP/1.1" 200 986 "http://callider/pause/index" "Mozilla/4.0 (compatible; MSIE 7.0; Windows NT 6.1; WOW64; Trident/5.0; SLCC2; .NET CLR 2.0.50727; .NET CLR 3.5.30729; .NET CLR 3.0.30729; Media Center PC 6.0; InfoPath.3; .NET4.0C; MS-RTC LM 8; .NET4.0E)" 21041
192.168.74.151 - - [17/Feb/2013:06:44:35 +0600] "GET /pause/ajaxPause?pauseConfigId=&admin=0 HTTP/1.1" 200 987 "http://callider.kontur/pause/index" "Mozilla/5.0 (Windows NT 6.1; WOW64; rv:18.0) Gecko/20100101 Firefox/18.0" 19663
192.168.12.210 - - [17/Feb/2013:06:44:35 +0600] "GET /pause/ajaxPause?pauseConfigId=all&admin=1 HTTP/1.1" 200 1047 "http://callider/pause/index" "Mozilla/4.0 (compatible; MSIE 7.0; Windows NT 6.1; WOW64; Trident/5.0; SLCC2; .NET CLR 2.0.50727; .NET CLR 3.5.30729; .NET CLR 3.0.30729; Media Center PC 6.0; InfoPath.3; .NET4.0C; .NET4.0E)" 22148
192.168.65.56 - - [17/Feb/2013:06:44:36 +0600] "GET /pause/ajaxPause?pauseConfigId=all&admin=1 HTTP/1.1" 200 1046 "http://192.168.65.101/pause/index" "Mozilla/5.0 (Windows NT 5.1; rv:15.0) Gecko/20100101 Firefox/15.0" 31177
192.168.12.61 - - [17/Feb/2013:06:44:37 +0600] "GET /pause/ajaxPause?pauseConfigId=&admin=0 HTTP/1.1" 200 985 "http://callider/pause/index" "Mozilla/4.0 (compatible; MSIE 7.0; Windows NT 6.1; Trident/5.0; SLCC2; .NET CLR 2.0.50727; .NET CLR 3.5.30729; .NET CLR 3.0.30729; Media Center PC 6.0; InfoPath.3; .NET4.0C; .NET4.0E)" 32743
192.168.74.93 - - [17/Feb/2013:06:44:38 +0600] "GET /tv/useUser HTTP/1.1" 200 432 "http://callider/graph/personal" "Mozilla/4.0 (compatible; MSIE 7.0; Windows NT 6.1; WOW64; Trident/5.0; SLCC2; .NET CLR 2.0.50727; .NET CLR 3.5.30729; .NET CLR 3.0.30729; Media Center PC 6.0; InfoPath.3; .NET4.0C; .NET4.0E)" 19881
192.168.12.60 - - [17/Feb/2013:06:44:38 +0600] "GET /pause/ajaxPause?pauseConfigId=&admin=0 HTTP/1.1" 200 986 "http://callider/pause/index" "Mozilla/4.0 (compatible; MSIE 8.0; Windows NT 6.1; Trident/4.0; InfoPath.3; .NET4.0C; MS-RTC LM 8; .NET4.0E)" 21978
192.168.12.204 - - [17/Feb/2013:06:44:39 +0600] "GET /pause/ajaxPause?pauseConfigId=&admin=0 HTTP/1.1" 200 986 "http://callider/pause/index" "Mozilla/4.0 (compatible; MSIE 7.0; Windows NT 6.1; WOW64; Trident/4.0; SLCC2; .NET CLR 2.0.50727; .NET CLR 3.5.30729; .NET CLR 3.0.30729; Media Center PC 6.0; InfoPath.3; .NET4.0C; .NET4.0E; .NET CLR 1.1.4322)" 19403
192.168.12.237 - - [17/Feb/2013:06:44:39 +0600] "GET /pause/ajaxPause?pauseConfigId=&admin=0 HTTP/1.1" 200 987 "http://callider/pause/index" "Mozilla/4.0 (compatible; MSIE 7.0; Windows NT 6.1; Trident/5.0; SLCC2; .NET CLR 2.0.50727; .NET CLR 3.5.30729; .NET CLR 3.0.30729; Media Center PC 6.0; InfoPath.3; .NET4.0C; .NET4.0E)" 21036
192.168.12.210 - - [17/Feb/2013:06:44:39 +0600] "GET /tv/useUser HTTP/1.1" 200 431 "http://callider/graph/general" "Mozilla/4.0 (compatible; MSIE 7.0; Windows NT 6.1; WOW64; Trident/5.0; SLCC2; .NET CLR 2.0.50727; .NET CLR 3.5.30729; .NET CLR 3.0.30729; Media Center PC 6.0; InfoPath.3; .NET4.0C; .NET4.0E)" 13224
192.168.74.78 - - [17/Feb/2013:06:44:39 +0600] "GET /pause/ajaxPause?pauseConfigId=&admin=0 HTTP/1.1" 200 986 "http://callider/pause/index" "Mozilla/4.0 (compatible; MSIE 7.0; Windows NT 6.1; WOW64; Trident/5.0; SLCC2; .NET CLR 2.0.50727; .NET CLR 3.5.30729; .NET CLR 3.0.30729; Media Center PC 6.0; InfoPath.3; .NET4.0C; MS-RTC LM 8; .NET4.0E)" 20998
192.168.12.69 - - [17/Feb/2013:06:44:40 +0600] "GET /pause/ajaxPause?pauseConfigId=&admin=0 HTTP/1.1" 200 986 "http://callider/pause/index" "Mozilla/4.0 (compatible; MSIE 7.0; Windows NT 6.1; Trident/5.0; SLCC2; .NET CLR 2.0.50727; .NET CLR 3.5.30729; .NET CLR 3.0.30729; Media Center PC 6.0; InfoPath.3; .NET4.0C; .NET4.0E; Tablet PC 2.0; AskTbFXTV5/5.14.1.20007)" 20615
192.168.74.91 - - [17/Feb/2013:06:44:40 +0600] "GET /pause/ajaxPause?pauseConfigId=&admin=0 HTTP/1.1" 200 986 "http://callider/pause/index" "Mozilla/4.0 (compatible; MSIE 7.0; Windows NT 6.1; WOW64; Trident/5.0; SLCC2; .NET CLR 2.0.50727; .NET CLR 3.5.30729; .NET CLR 3.0.30729; Media Center PC 6.0; InfoPath.3; .NET4.0C; MS-RTC LM 8; .NET4.0E)" 21062
192.168.74.151 - - [17/Feb/2013:06:44:40 +0600] "GET /pause/ajaxPause?pauseConfigId=&admin=0 HTTP/1.1" 200 987 "http://callider.kontur/pause/index" "Mozilla/5.0 (Windows NT 6.1; WOW64; rv:18.0) Gecko/20100101 Firefox/18.0" 19096
192.168.12.210 - - [17/Feb/2013:06:44:40 +0600] "GET /pause/ajaxPause?pauseConfigId=all&admin=1 HTTP/1.1" 200 1047 "http://callider/pause/index" "Mozilla/4.0 (compatible; MSIE 7.0; Windows NT 6.1; WOW64; Trident/5.0; SLCC2; .NET CLR 2.0.50727; .NET CLR 3.5.30729; .NET CLR 3.0.30729; Media Center PC 6.0; InfoPath.3; .NET4.0C; .NET4.0E)" 18619
192.168.12.9 - - [17/Feb/2013:06:44:41 +0600] "GET /tv/useUser HTTP/1.1" 200 432 "http://callider.kontur/site/index" "Mozilla/5.0 (Windows NT 6.1; WOW64) AppleWebKit/537.17 (KHTML, like Gecko) Chrome/24.0.1312.57 Safari/537.17" 20158
192.168.65.56 - - [17/Feb/2013:06:44:41 +0600] "GET /pause/ajaxPause?pauseConfigId=all&admin=1 HTTP/1.1" 200 1046 "http://192.168.65.101/pause/index" "Mozilla/5.0 (Windows NT 5.1; rv:15.0) Gecko/20100101 Firefox/15.0" 27976
192.168.12.61 - - [17/Feb/2013:06:44:42 +0600] "GET /pause/ajaxPause?pauseConfigId=&admin=0 HTTP/1.1" 200 985 "http://callider/pause/index" "Mozilla/4.0 (compatible; MSIE 7.0; Windows NT 6.1; Trident/5.0; SLCC2; .NET CLR 2.0.50727; .NET CLR 3.5.30729; .NET CLR 3.0.30729; Media Center PC 6.0; InfoPath.3; .NET4.0C; .NET4.0E)" 18809
192.168.12.60 - - [17/Feb/2013:06:44:43 +0600] "GET /pause/ajaxPause?pauseConfigId=&admin=0 HTTP/1.1" 200 986 "http://callider/pause/index" "Mozilla/4.0 (compatible; MSIE 8.0; Windows NT 6.1; Trident/4.0; InfoPath.3; .NET4.0C; MS-RTC LM 8; .NET4.0E)" 19623
192.168.12.204 - - [17/Feb/2013:06:44:44 +0600] "GET /pause/ajaxPause?pauseConfigId=&admin=0 HTTP/1.1" 200 986 "http://callider/pause/index" "Mozilla/4.0 (compatible; MSIE 7.0; Windows NT 6.1; WOW64; Trident/4.0; SLCC2; .NET CLR 2.0.50727; .NET CLR 3.5.30729; .NET CLR 3.0.30729; Media Center PC 6.0; InfoPath.3; .NET4.0C; .NET4.0E; .NET CLR 1.1.4322)" 70799
192.168.12.237 - - [17/Feb/2013:06:44:44 +0600] "GET /pause/ajaxPause?pauseConfigId=&admin=0 HTTP/1.1" 200 987 "http://callider/pause/index" "Mozilla/4.0 (compatible; MSIE 7.0; Windows NT 6.1; Trident/5.0; SLCC2; .NET CLR 2.0.50727; .NET CLR 3.5.30729; .NET CLR 3.0.30729; Media Center PC 6.0; InfoPath.3; .NET4.0C; .NET4.0E)" 97609
192.168.74.78 - - [17/Feb/2013:06:44:44 +0600] "GET /pause/ajaxPause?pauseConfigId=&admin=0 HTTP/1.1" 200 986 "http://callider/pause/index" "Mozilla/4.0 (compatible; MSIE 7.0; Windows NT 6.1; WOW64; Trident/5.0; SLCC2; .NET CLR 2.0.50727; .NET CLR 3.5.30729; .NET CLR 3.0.30729; Media Center PC 6.0; InfoPath.3; .NET4.0C; MS-RTC LM 8; .NET4.0E)" 181412
192.168.12.69 - - [17/Feb/2013:06:44:45 +0600] "GET /pause/ajaxPause?pauseConfigId=&admin=0 HTTP/1.1" 200 986 "http://callider/pause/index" "Mozilla/4.0 (compatible; MSIE 7.0; Windows NT 6.1; Trident/5.0; SLCC2; .NET CLR 2.0.50727; .NET CLR 3.5.30729; .NET CLR 3.0.30729; Media Center PC 6.0; InfoPath.3; .NET4.0C; .NET4.0E; Tablet PC 2.0; AskTbFXTV5/5.14.1.20007)" 19765
192.168.74.91 - - [17/Feb/2013:06:44:45 +0600] "GET /pause/ajaxPause?pauseConfigId=&admin=0 HTTP/1.1" 200 986 "http://callider/pause/index" "Mozilla/4.0 (compatible; MSIE 7.0; Windows NT 6.1; WOW64; Trident/5.0; SLCC2; .NET CLR 2.0.50727; .NET CLR 3.5.30729; .NET CLR 3.0.30729; Media Center PC 6.0; InfoPath.3; .NET4.0C; MS-RTC LM 8; .NET4.0E)" 20800
192.168.74.151 - - [17/Feb/2013:06:44:45 +0600] "GET /pause/ajaxPause?pauseConfigId=&admin=0 HTTP/1.1" 200 987 "http://callider.kontur/pause/index" "Mozilla/5.0 (Windows NT 6.1; WOW64; rv:18.0) Gecko/20100101 Firefox/18.0" 20840
192.168.12.210 - - [17/Feb/2013:06:44:45 +0600] "GET /pause/ajaxPause?pauseConfigId=all&admin=1 HTTP/1.1" 200 1047 "http://callider/pause/index" "Mozilla/4.0 (compatible; MSIE 7.0; Windows NT 6.1; WOW64; Trident/5.0; SLCC2; .NET CLR 2.0.50727; .NET CLR 3.5.30729; .NET CLR 3.0.30729; Media Center PC 6.0; InfoPath.3; .NET4.0C; .NET4.0E)" 17587
192.168.65.56 - - [17/Feb/2013:06:44:46 +0600] "GET /pause/ajaxPause?pauseConfigId=all&admin=1 HTTP/1.1" 200 1046 "http://192.168.65.101/pause/index" "Mozilla/5.0 (Windows NT 5.1; rv:15.0) Gecko/20100101 Firefox/15.0" 27173
192.168.12.61 - - [17/Feb/2013:06:44:47 +0600] "GET /pause/ajaxPause?pauseConfigId=&admin=0 HTTP/1.1" 200 985 "http://callider/pause/index" "Mozilla/4.0 (compatible; MSIE 7.0; Windows NT 6.1; Trident/5.0; SLCC2; .NET CLR 2.0.50727; .NET CLR 3.5.30729; .NET CLR 3.0.30729; Media Center PC 6.0; InfoPath.3; .NET4.0C; .NET4.0E)" 23768
192.168.12.60 - - [17/Feb/2013:06:44:48 +0600] "GET /pause/ajaxPause?pauseConfigId=&admin=0 HTTP/1.1" 200 986 "http://callider/pause/index" "Mozilla/4.0 (compatible; MSIE 8.0; Windows NT 6.1; Trident/4.0; InfoPath.3; .NET4.0C; MS-RTC LM 8; .NET4.0E)" 18596
192.168.12.204 - - [17/Feb/2013:06:44:49 +0600] "GET /pause/ajaxPause?pauseConfigId=&admin=0 HTTP/1.1" 200 986 "http://callider/pause/index" "Mozilla/4.0 (compatible; MSIE 7.0; Windows NT 6.1; WOW64; Trident/4.0; SLCC2; .NET CLR 2.0.50727; .NET CLR 3.5.30729; .NET CLR 3.0.30729; Media Center PC 6.0; InfoPath.3; .NET4.0C; .NET4.0E; .NET CLR 1.1.4322)" 22907
192.168.12.210 - - [17/Feb/2013:06:44:49 +0600] "GET /tv/useUser HTTP/1.1" 200 431 "http://callider/pause/index" "Mozilla/4.0 (compatible; MSIE 7.0; Windows NT 6.1; WOW64; Trident/5.0; SLCC2; .NET CLR 2.0.50727; .NET CLR 3.5.30729; .NET CLR 3.0.30729; Media Center PC 6.0; InfoPath.3; .NET4.0C; .NET4.0E)" 25166
192.168.12.237 - - [17/Feb/2013:06:44:49 +0600] "GET /pause/ajaxPause?pauseConfigId=&admin=0 HTTP/1.1" 200 987 "http://callider/pause/index" "Mozilla/4.0 (compatible; MSIE 7.0; Windows NT 6.1; Trident/5.0; SLCC2; .NET CLR 2.0.50727; .NET CLR 3.5.30729; .NET CLR 3.0.30729; Media Center PC 6.0; InfoPath.3; .NET4.0C; .NET4.0E)" 21429
192.168.74.78 - - [17/Feb/2013:06:44:49 +0600] "GET /pause/ajaxPause?pauseConfigId=&admin=0 HTTP/1.1" 200 986 "http://callider/pause/index" "Mozilla/4.0 (compatible; MSIE 7.0; Windows NT 6.1; WOW64; Trident/5.0; SLCC2; .NET CLR 2.0.50727; .NET CLR 3.5.30729; .NET CLR 3.0.30729; Media Center PC 6.0; InfoPath.3; .NET4.0C; MS-RTC LM 8; .NET4.0E)" 19351
192.168.12.69 - - [17/Feb/2013:06:44:50 +0600] "GET /pause/ajaxPause?pauseConfigId=&admin=0 HTTP/1.1" 200 986 "http://callider/pause/index" "Mozilla/4.0 (compatible; MSIE 7.0; Windows NT 6.1; Trident/5.0; SLCC2; .NET CLR 2.0.50727; .NET CLR 3.5.30729; .NET CLR 3.0.30729; Media Center PC 6.0; InfoPath.3; .NET4.0C; .NET4.0E; Tablet PC 2.0; AskTbFXTV5/5.14.1.20007)" 18957
192.168.74.91 - - [17/Feb/2013:06:44:50 +0600] "GET /pause/ajaxPause?pauseConfigId=&admin=0 HTTP/1.1" 200 986 "http://callider/pause/index" "Mozilla/4.0 (compatible; MSIE 7.0; Windows NT 6.1; WOW64; Trident/5.0; SLCC2; .NET CLR 2.0.50727; .NET CLR 3.5.30729; .NET CLR 3.0.30729; Media Center PC 6.0; InfoPath.3; .NET4.0C; MS-RTC LM 8; .NET4.0E)" 23728
192.168.74.151 - - [17/Feb/2013:06:44:50 +0600] "GET /pause/ajaxPause?pauseConfigId=&admin=0 HTTP/1.1" 200 987 "http://callider.kontur/pause/index" "Mozilla/5.0 (Windows NT 6.1; WOW64; rv:18.0) Gecko/20100101 Firefox/18.0" 18301
192.168.12.210 - - [17/Feb/2013:06:44:50 +0600] "GET /pause/ajaxPause?pauseConfigId=all&admin=1 HTTP/1.1" 200 1047 "http://callider/pause/index" "Mozilla/4.0 (compatible; MSIE 7.0; Windows NT 6.1; WOW64; Trident/5.0; SLCC2; .NET CLR 2.0.50727; .NET CLR 3.5.30729; .NET CLR 3.0.30729; Media Center PC 6.0; InfoPath.3; .NET4.0C; .NET4.0E)" 27263
192.168.65.56 - - [17/Feb/2013:06:44:51 +0600] "GET /pause/ajaxPause?pauseConfigId=all&admin=1 HTTP/1.1" 200 1046 "http://192.168.65.101/pause/index" "Mozilla/5.0 (Windows NT 5.1; rv:15.0) Gecko/20100101 Firefox/15.0" 28549
192.168.65.56 - - [17/Feb/2013:06:44:51 +0600] "GET /tv/useUser HTTP/1.1" 200 431 "http://192.168.65.101/pause/index" "Mozilla/5.0 (Windows NT 5.1; rv:15.0) Gecko/20100101 Firefox/15.0" 10962
192.168.12.61 - - [17/Feb/2013:06:44:52 +0600] "GET /pause/ajaxPause?pauseConfigId=&admin=0 HTTP/1.1" 200 985 "http://callider/pause/index" "Mozilla/4.0 (compatible; MSIE 7.0; Windows NT 6.1; Trident/5.0; SLCC2; .NET CLR 2.0.50727; .NET CLR 3.5.30729; .NET CLR 3.0.30729; Media Center PC 6.0; InfoPath.3; .NET4.0C; .NET4.0E)" 20876
192.168.12.60 - - [17/Feb/2013:06:44:53 +0600] "GET /pause/ajaxPause?pauseConfigId=&admin=0 HTTP/1.1" 200 986 "http://callider/pause/index" "Mozilla/4.0 (compatible; MSIE 8.0; Windows NT 6.1; Trident/4.0; InfoPath.3; .NET4.0C; MS-RTC LM 8; .NET4.0E)" 25324
192.168.12.204 - - [17/Feb/2013:06:44:54 +0600] "GET /pause/ajaxPause?pauseConfigId=&admin=0 HTTP/1.1" 200 986 "http://callider/pause/index" "Mozilla/4.0 (compatible; MSIE 7.0; Windows NT 6.1; WOW64; Trident/4.0; SLCC2; .NET CLR 2.0.50727; .NET CLR 3.5.30729; .NET CLR 3.0.30729; Media Center PC 6.0; InfoPath.3; .NET4.0C; .NET4.0E; .NET CLR 1.1.4322)" 20566
192.168.12.237 - - [17/Feb/2013:06:44:54 +0600] "GET /pause/ajaxPause?pauseConfigId=&admin=0 HTTP/1.1" 200 987 "http://callider/pause/index" "Mozilla/4.0 (compatible; MSIE 7.0; Windows NT 6.1; Trident/5.0; SLCC2; .NET CLR 2.0.50727; .NET CLR 3.5.30729; .NET CLR 3.0.30729; Media Center PC 6.0; InfoPath.3; .NET4.0C; .NET4.0E)" 21054
192.168.74.78 - - [17/Feb/2013:06:44:54 +0600] "GET /pause/ajaxPause?pauseConfigId=&admin=0 HTTP/1.1" 200 986 "http://callider/pause/index" "Mozilla/4.0 (compatible; MSIE 7.0; Windows NT 6.1; WOW64; Trident/5.0; SLCC2; .NET CLR 2.0.50727; .NET CLR 3.5.30729; .NET CLR 3.0.30729; Media Center PC 6.0; InfoPath.3; .NET4.0C; MS-RTC LM 8; .NET4.0E)" 20315
192.168.12.69 - - [17/Feb/2013:06:44:55 +0600] "GET /pause/ajaxPause?pauseConfigId=&admin=0 HTTP/1.1" 200 986 "http://callider/pause/index" "Mozilla/4.0 (compatible; MSIE 7.0; Windows NT 6.1; Trident/5.0; SLCC2; .NET CLR 2.0.50727; .NET CLR 3.5.30729; .NET CLR 3.0.30729; Media Center PC 6.0; InfoPath.3; .NET4.0C; .NET4.0E; Tablet PC 2.0; AskTbFXTV5/5.14.1.20007)" 18810
192.168.74.91 - - [17/Feb/2013:06:44:55 +0600] "GET /pause/ajaxPause?pauseConfigId=&admin=0 HTTP/1.1" 200 986 "http://callider/pause/index" "Mozilla/4.0 (compatible; MSIE 7.0; Windows NT 6.1; WOW64; Trident/5.0; SLCC2; .NET CLR 2.0.50727; .NET CLR 3.5.30729; .NET CLR 3.0.30729; Media Center PC 6.0; InfoPath.3; .NET4.0C; MS-RTC LM 8; .NET4.0E)" 26164
192.168.74.151 - - [17/Feb/2013:06:44:55 +0600] "GET /pause/ajaxPause?pauseConfigId=&admin=0 HTTP/1.1" 200 987 "http://callider.kontur/pause/index" "Mozilla/5.0 (Windows NT 6.1; WOW64; rv:18.0) Gecko/20100101 Firefox/18.0" 20185
192.168.12.210 - - [17/Feb/2013:06:44:55 +0600] "GET /pause/ajaxPause?pauseConfigId=all&admin=1 HTTP/1.1" 200 1047 "http://callider/pause/index" "Mozilla/4.0 (compatible; MSIE 7.0; Windows NT 6.1; WOW64; Trident/5.0; SLCC2; .NET CLR 2.0.50727; .NET CLR 3.5.30729; .NET CLR 3.0.30729; Media Center PC 6.0; InfoPath.3; .NET4.0C; .NET4.0E)" 22171
192.168.65.56 - - [17/Feb/2013:06:44:56 +0600] "GET /pause/ajaxPause?pauseConfigId=all&admin=1 HTTP/1.1" 200 1046 "http://192.168.65.101/pause/index" "Mozilla/5.0 (Windows NT 5.1; rv:15.0) Gecko/20100101 Firefox/15.0" 31222
192.168.12.61 - - [17/Feb/2013:06:44:57 +0600] "GET /pause/ajaxPause?pauseConfigId=&admin=0 HTTP/1.1" 200 986 "http://callider/pause/index" "Mozilla/4.0 (compatible; MSIE 7.0; Windows NT 6.1; Trident/5.0; SLCC2; .NET CLR 2.0.50727; .NET CLR 3.5.30729; .NET CLR 3.0.30729; Media Center PC 6.0; InfoPath.3; .NET4.0C; .NET4.0E)" 30587
192.168.12.60 - - [17/Feb/2013:06:44:58 +0600] "GET /pause/ajaxPause?pauseConfigId=&admin=0 HTTP/1.1" 200 986 "http://callider/pause/index" "Mozilla/4.0 (compatible; MSIE 8.0; Windows NT 6.1; Trident/4.0; InfoPath.3; .NET4.0C; MS-RTC LM 8; .NET4.0E)" 19313
192.168.12.204 - - [17/Feb/2013:06:44:59 +0600] "GET /pause/ajaxPause?pauseConfigId=&admin=0 HTTP/1.1" 200 986 "http://callider/pause/index" "Mozilla/4.0 (compatible; MSIE 7.0; Windows NT 6.1; WOW64; Trident/4.0; SLCC2; .NET CLR 2.0.50727; .NET CLR 3.5.30729; .NET CLR 3.0.30729; Media Center PC 6.0; InfoPath.3; .NET4.0C; .NET4.0E; .NET CLR 1.1.4322)" 18601
192.168.12.237 - - [17/Feb/2013:06:44:59 +0600] "GET /pause/ajaxPause?pauseConfigId=&admin=0 HTTP/1.1" 200 987 "http://callider/pause/index" "Mozilla/4.0 (compatible; MSIE 7.0; Windows NT 6.1; Trident/5.0; SLCC2; .NET CLR 2.0.50727; .NET CLR 3.5.30729; .NET CLR 3.0.30729; Media Center PC 6.0; InfoPath.3; .NET4.0C; .NET4.0E)" 18811
192.168.74.78 - - [17/Feb/2013:06:44:59 +0600] "GET /pause/ajaxPause?pauseConfigId=&admin=0 HTTP/1.1" 200 986 "http://callider/pause/index" "Mozilla/4.0 (compatible; MSIE 7.0; Windows NT 6.1; WOW64; Trident/5.0; SLCC2; .NET CLR 2.0.50727; .NET CLR 3.5.30729; .NET CLR 3.0.30729; Media Center PC 6.0; InfoPath.3; .NET4.0C; MS-RTC LM 8; .NET4.0E)" 18800
192.168.12.69 - - [17/Feb/2013:06:45:00 +0600] "GET /pause/ajaxPause?pauseConfigId=&admin=0 HTTP/1.1" 200 986 "http://callider/pause/index" "Mozilla/4.0 (compatible; MSIE 7.0; Windows NT 6.1; Trident/5.0; SLCC2; .NET CLR 2.0.50727; .NET CLR 3.5.30729; .NET CLR 3.0.30729; Media Center PC 6.0; InfoPath.3; .NET4.0C; .NET4.0E; Tablet PC 2.0; AskTbFXTV5/5.14.1.20007)" 19700
192.168.74.91 - - [17/Feb/2013:06:45:00 +0600] "GET /pause/ajaxPause?pauseConfigId=&admin=0 HTTP/1.1" 200 986 "http://callider/pause/index" "Mozilla/4.0 (compatible; MSIE 7.0; Windows NT 6.1; WOW64; Trident/5.0; SLCC2; .NET CLR 2.0.50727; .NET CLR 3.5.30729; .NET CLR 3.0.30729; Media Center PC 6.0; InfoPath.3; .NET4.0C; MS-RTC LM 8; .NET4.0E)" 19163
192.168.74.151 - - [17/Feb/2013:06:45:00 +0600] "GET /pause/ajaxPause?pauseConfigId=&admin=0 HTTP/1.1" 200 987 "http://callider.kontur/pause/index" "Mozilla/5.0 (Windows NT 6.1; WOW64; rv:18.0) Gecko/20100101 Firefox/18.0" 18088
192.168.12.210 - - [17/Feb/2013:06:45:00 +0600] "GET /pause/ajaxPause?pauseConfigId=all&admin=1 HTTP/1.1" 200 1047 "http://callider/pause/index" "Mozilla/4.0 (compatible; MSIE 7.0; Windows NT 6.1; WOW64; Trident/5.0; SLCC2; .NET CLR 2.0.50727; .NET CLR 3.5.30729; .NET CLR 3.0.30729; Media Center PC 6.0; InfoPath.3; .NET4.0C; .NET4.0E)" 18442
192.168.65.56 - - [17/Feb/2013:06:45:01 +0600] "GET /pause/ajaxPause?pauseConfigId=all&admin=1 HTTP/1.1" 200 1046 "http://192.168.65.101/pause/index" "Mozilla/5.0 (Windows NT 5.1; rv:15.0) Gecko/20100101 Firefox/15.0" 29545
192.168.12.61 - - [17/Feb/2013:06:45:02 +0600] "GET /pause/ajaxPause?pauseConfigId=&admin=0 HTTP/1.1" 200 985 "http://callider/pause/index" "Mozilla/4.0 (compatible; MSIE 7.0; Windows NT 6.1; Trident/5.0; SLCC2; .NET CLR 2.0.50727; .NET CLR 3.5.30729; .NET CLR 3.0.30729; Media Center PC 6.0; InfoPath.3; .NET4.0C; .NET4.0E)" 19801
192.168.12.60 - - [17/Feb/2013:06:45:03 +0600] "GET /pause/ajaxPause?pauseConfigId=&admin=0 HTTP/1.1" 200 986 "http://callider/pause/index" "Mozilla/4.0 (compatible; MSIE 8.0; Windows NT 6.1; Trident/4.0; InfoPath.3; .NET4.0C; MS-RTC LM 8; .NET4.0E)" 17618
192.168.12.204 - - [17/Feb/2013:06:45:04 +0600] "GET /pause/ajaxPause?pauseConfigId=&admin=0 HTTP/1.1" 200 986 "http://callider/pause/index" "Mozilla/4.0 (compatible; MSIE 7.0; Windows NT 6.1; WOW64; Trident/4.0; SLCC2; .NET CLR 2.0.50727; .NET CLR 3.5.30729; .NET CLR 3.0.30729; Media Center PC 6.0; InfoPath.3; .NET4.0C; .NET4.0E; .NET CLR 1.1.4322)" 24314
192.168.12.237 - - [17/Feb/2013:06:45:04 +0600] "GET /pause/ajaxPause?pauseConfigId=&admin=0 HTTP/1.1" 200 987 "http://callider/pause/index" "Mozilla/4.0 (compatible; MSIE 7.0; Windows NT 6.1; Trident/5.0; SLCC2; .NET CLR 2.0.50727; .NET CLR 3.5.30729; .NET CLR 3.0.30729; Media Center PC 6.0; InfoPath.3; .NET4.0C; .NET4.0E)" 19867
192.168.74.78 - - [17/Feb/2013:06:45:04 +0600] "GET /pause/ajaxPause?pauseConfigId=&admin=0 HTTP/1.1" 200 986 "http://callider/pause/index" "Mozilla/4.0 (compatible; MSIE 7.0; Windows NT 6.1; WOW64; Trident/5.0; SLCC2; .NET CLR 2.0.50727; .NET CLR 3.5.30729; .NET CLR 3.0.30729; Media Center PC 6.0; InfoPath.3; .NET4.0C; MS-RTC LM 8; .NET4.0E)" 20333
192.168.12.69 - - [17/Feb/2013:06:45:05 +0600] "GET /pause/ajaxPause?pauseConfigId=&admin=0 HTTP/1.1" 200 986 "http://callider/pause/index" "Mozilla/4.0 (compatible; MSIE 7.0; Windows NT 6.1; Trident/5.0; SLCC2; .NET CLR 2.0.50727; .NET CLR 3.5.30729; .NET CLR 3.0.30729; Media Center PC 6.0; InfoPath.3; .NET4.0C; .NET4.0E; Tablet PC 2.0; AskTbFXTV5/5.14.1.20007)" 18409
192.168.12.61 - - [17/Feb/2013:06:45:05 +0600] "GET /tv/useUser HTTP/1.1" 200 431 "http://callider/pause/index" "Mozilla/4.0 (compatible; MSIE 7.0; Windows NT 6.1; Trident/5.0; SLCC2; .NET CLR 2.0.50727; .NET CLR 3.5.30729; .NET CLR 3.0.30729; Media Center PC 6.0; InfoPath.3; .NET4.0C; .NET4.0E)" 9461
192.168.74.91 - - [17/Feb/2013:06:45:05 +0600] "GET /pause/ajaxPause?pauseConfigId=&admin=0 HTTP/1.1" 200 986 "http://callider/pause/index" "Mozilla/4.0 (compatible; MSIE 7.0; Windows NT 6.1; WOW64; Trident/5.0; SLCC2; .NET CLR 2.0.50727; .NET CLR 3.5.30729; .NET CLR 3.0.30729; Media Center PC 6.0; InfoPath.3; .NET4.0C; MS-RTC LM 8; .NET4.0E)" 19593
192.168.74.151 - - [17/Feb/2013:06:45:05 +0600] "GET /pause/ajaxPause?pauseConfigId=&admin=0 HTTP/1.1" 200 987 "http://callider.kontur/pause/index" "Mozilla/5.0 (Windows NT 6.1; WOW64; rv:18.0) Gecko/20100101 Firefox/18.0" 20885
192.168.12.210 - - [17/Feb/2013:06:45:05 +0600] "GET /pause/ajaxPause?pauseConfigId=all&admin=1 HTTP/1.1" 200 1047 "http://callider/pause/index" "Mozilla/4.0 (compatible; MSIE 7.0; Windows NT 6.1; WOW64; Trident/5.0; SLCC2; .NET CLR 2.0.50727; .NET CLR 3.5.30729; .NET CLR 3.0.30729; Media Center PC 6.0; InfoPath.3; .NET4.0C; .NET4.0E)" 24392
192.168.65.56 - - [17/Feb/2013:06:45:06 +0600] "GET /pause/ajaxPause?pauseConfigId=all&admin=1 HTTP/1.1" 200 1046 "http://192.168.65.101/pause/index" "Mozilla/5.0 (Windows NT 5.1; rv:15.0) Gecko/20100101 Firefox/15.0" 29315
192.168.12.61 - - [17/Feb/2013:06:45:07 +0600] "GET /pause/ajaxPause?pauseConfigId=&admin=0 HTTP/1.1" 200 985 "http://callider/pause/index" "Mozilla/4.0 (compatible; MSIE 7.0; Windows NT 6.1; Trident/5.0; SLCC2; .NET CLR 2.0.50727; .NET CLR 3.5.30729; .NET CLR 3.0.30729; Media Center PC 6.0; InfoPath.3; .NET4.0C; .NET4.0E)" 20178
192.168.12.60 - - [17/Feb/2013:06:45:08 +0600] "GET /pause/ajaxPause?pauseConfigId=&admin=0 HTTP/1.1" 200 986 "http://callider/pause/index" "Mozilla/4.0 (compatible; MSIE 8.0; Windows NT 6.1; Trident/4.0; InfoPath.3; .NET4.0C; MS-RTC LM 8; .NET4.0E)" 27648
192.168.12.204 - - [17/Feb/2013:06:45:09 +0600] "GET /pause/ajaxPause?pauseConfigId=&admin=0 HTTP/1.1" 200 986 "http://callider/pause/index" "Mozilla/4.0 (compatible; MSIE 7.0; Windows NT 6.1; WOW64; Trident/4.0; SLCC2; .NET CLR 2.0.50727; .NET CLR 3.5.30729; .NET CLR 3.0.30729; Media Center PC 6.0; InfoPath.3; .NET4.0C; .NET4.0E; .NET CLR 1.1.4322)" 27343
192.168.12.237 - - [17/Feb/2013:06:45:09 +0600] "GET /pause/ajaxPause?pauseConfigId=&admin=0 HTTP/1.1" 200 987 "http://callider/pause/index" "Mozilla/4.0 (compatible; MSIE 7.0; Windows NT 6.1; Trident/5.0; SLCC2; .NET CLR 2.0.50727; .NET CLR 3.5.30729; .NET CLR 3.0.30729; Media Center PC 6.0; InfoPath.3; .NET4.0C; .NET4.0E)" 18560
192.168.74.78 - - [17/Feb/2013:06:45:09 +0600] "GET /pause/ajaxPause?pauseConfigId=&admin=0 HTTP/1.1" 200 986 "http://callider/pause/index" "Mozilla/4.0 (compatible; MSIE 7.0; Windows NT 6.1; WOW64; Trident/5.0; SLCC2; .NET CLR 2.0.50727; .NET CLR 3.5.30729; .NET CLR 3.0.30729; Media Center PC 6.0; InfoPath.3; .NET4.0C; MS-RTC LM 8; .NET4.0E)" 19886
192.168.12.69 - - [17/Feb/2013:06:45:10 +0600] "GET /pause/ajaxPause?pauseConfigId=&admin=0 HTTP/1.1" 200 986 "http://callider/pause/index" "Mozilla/4.0 (compatible; MSIE 7.0; Windows NT 6.1; Trident/5.0; SLCC2; .NET CLR 2.0.50727; .NET CLR 3.5.30729; .NET CLR 3.0.30729; Media Center PC 6.0; InfoPath.3; .NET4.0C; .NET4.0E; Tablet PC 2.0; AskTbFXTV5/5.14.1.20007)" 26001
192.168.74.91 - - [17/Feb/2013:06:45:10 +0600] "GET /pause/ajaxPause?pauseConfigId=&admin=0 HTTP/1.1" 200 986 "http://callider/pause/index" "Mozilla/4.0 (compatible; MSIE 7.0; Windows NT 6.1; WOW64; Trident/5.0; SLCC2; .NET CLR 2.0.50727; .NET CLR 3.5.30729; .NET CLR 3.0.30729; Media Center PC 6.0; InfoPath.3; .NET4.0C; MS-RTC LM 8; .NET4.0E)" 21232
192.168.74.151 - - [17/Feb/2013:06:45:10 +0600] "GET /pause/ajaxPause?pauseConfigId=&admin=0 HTTP/1.1" 200 987 "http://callider.kontur/pause/index" "Mozilla/5.0 (Windows NT 6.1; WOW64; rv:18.0) Gecko/20100101 Firefox/18.0" 19564
192.168.12.210 - - [17/Feb/2013:06:45:10 +0600] "GET /pause/ajaxPause?pauseConfigId=all&admin=1 HTTP/1.1" 200 1047 "http://callider/pause/index" "Mozilla/4.0 (compatible; MSIE 7.0; Windows NT 6.1; WOW64; Trident/5.0; SLCC2; .NET CLR 2.0.50727; .NET CLR 3.5.30729; .NET CLR 3.0.30729; Media Center PC 6.0; InfoPath.3; .NET4.0C; .NET4.0E)" 20825
192.168.12.42 - - [17/Feb/2013:06:45:11 +0600] "GET /tv/useUser HTTP/1.1" 200 432 "http://callider/graph/personal" "Mozilla/4.0 (compatible; MSIE 7.0; Windows NT 6.1; WOW64; Trident/5.0; SLCC2; .NET CLR 2.0.50727; .NET CLR 3.5.30729; .NET CLR 3.0.30729; Media Center PC 6.0; InfoPath.3; .NET4.0C; .NET4.0E)" 18581
192.168.65.56 - - [17/Feb/2013:06:45:11 +0600] "GET /pause/ajaxPause?pauseConfigId=all&admin=1 HTTP/1.1" 200 1046 "http://192.168.65.101/pause/index" "Mozilla/5.0 (Windows NT 5.1; rv:15.0) Gecko/20100101 Firefox/15.0" 36855
192.168.12.61 - - [17/Feb/2013:06:45:12 +0600] "GET /pause/ajaxPause?pauseConfigId=&admin=0 HTTP/1.1" 200 985 "http://callider/pause/index" "Mozilla/4.0 (compatible; MSIE 7.0; Windows NT 6.1; Trident/5.0; SLCC2; .NET CLR 2.0.50727; .NET CLR 3.5.30729; .NET CLR 3.0.30729; Media Center PC 6.0; InfoPath.3; .NET4.0C; .NET4.0E)" 21167
192.168.74.151 - - [17/Feb/2013:06:45:13 +0600] "GET /tv/useUser HTTP/1.1" 200 431 "http://callider.kontur/graph/general" "Mozilla/5.0 (Windows NT 6.1; WOW64; rv:18.0) Gecko/20100101 Firefox/18.0" 8670
192.168.12.60 - - [17/Feb/2013:06:45:13 +0600] "GET /pause/ajaxPause?pauseConfigId=&admin=0 HTTP/1.1" 200 986 "http://callider/pause/index" "Mozilla/4.0 (compatible; MSIE 8.0; Windows NT 6.1; Trident/4.0; InfoPath.3; .NET4.0C; MS-RTC LM 8; .NET4.0E)" 20710
192.168.12.204 - - [17/Feb/2013:06:45:14 +0600] "GET /pause/ajaxPause?pauseConfigId=&admin=0 HTTP/1.1" 200 986 "http://callider/pause/index" "Mozilla/4.0 (compatible; MSIE 7.0; Windows NT 6.1; WOW64; Trident/4.0; SLCC2; .NET CLR 2.0.50727; .NET CLR 3.5.30729; .NET CLR 3.0.30729; Media Center PC 6.0; InfoPath.3; .NET4.0C; .NET4.0E; .NET CLR 1.1.4322)" 22817
192.168.12.237 - - [17/Feb/2013:06:45:14 +0600] "GET /pause/ajaxPause?pauseConfigId=&admin=0 HTTP/1.1" 200 987 "http://callider/pause/index" "Mozilla/4.0 (compatible; MSIE 7.0; Windows NT 6.1; Trident/5.0; SLCC2; .NET CLR 2.0.50727; .NET CLR 3.5.30729; .NET CLR 3.0.30729; Media Center PC 6.0; InfoPath.3; .NET4.0C; .NET4.0E)" 25833
192.168.74.78 - - [17/Feb/2013:06:45:14 +0600] "GET /pause/ajaxPause?pauseConfigId=&admin=0 HTTP/1.1" 200 986 "http://callider/pause/index" "Mozilla/4.0 (compatible; MSIE 7.0; Windows NT 6.1; WOW64; Trident/5.0; SLCC2; .NET CLR 2.0.50727; .NET CLR 3.5.30729; .NET CLR 3.0.30729; Media Center PC 6.0; InfoPath.3; .NET4.0C; MS-RTC LM 8; .NET4.0E)" 19115
192.168.12.69 - - [17/Feb/2013:06:45:15 +0600] "GET /pause/ajaxPause?pauseConfigId=&admin=0 HTTP/1.1" 200 986 "http://callider/pause/index" "Mozilla/4.0 (compatible; MSIE 7.0; Windows NT 6.1; Trident/5.0; SLCC2; .NET CLR 2.0.50727; .NET CLR 3.5.30729; .NET CLR 3.0.30729; Media Center PC 6.0; InfoPath.3; .NET4.0C; .NET4.0E; Tablet PC 2.0; AskTbFXTV5/5.14.1.20007)" 20588
192.168.74.91 - - [17/Feb/2013:06:45:15 +0600] "GET /pause/ajaxPause?pauseConfigId=&admin=0 HTTP/1.1" 200 986 "http://callider/pause/index" "Mozilla/4.0 (compatible; MSIE 7.0; Windows NT 6.1; WOW64; Trident/5.0; SLCC2; .NET CLR 2.0.50727; .NET CLR 3.5.30729; .NET CLR 3.0.30729; Media Center PC 6.0; InfoPath.3; .NET4.0C; MS-RTC LM 8; .NET4.0E)" 22159
192.168.74.151 - - [17/Feb/2013:06:45:15 +0600] "GET /pause/ajaxPause?pauseConfigId=&admin=0 HTTP/1.1" 200 987 "http://callider.kontur/pause/index" "Mozilla/5.0 (Windows NT 6.1; WOW64; rv:18.0) Gecko/20100101 Firefox/18.0" 21839
192.168.74.151 - - [17/Feb/2013:06:45:15 +0600] "GET /tv/useUser HTTP/1.1" 200 432 "http://callider.kontur/pause/index" "Mozilla/5.0 (Windows NT 6.1; WOW64; rv:18.0) Gecko/20100101 Firefox/18.0" 18836
192.168.12.210 - - [17/Feb/2013:06:45:15 +0600] "GET /pause/ajaxPause?pauseConfigId=all&admin=1 HTTP/1.1" 200 1047 "http://callider/pause/index" "Mozilla/4.0 (compatible; MSIE 7.0; Windows NT 6.1; WOW64; Trident/5.0; SLCC2; .NET CLR 2.0.50727; .NET CLR 3.5.30729; .NET CLR 3.0.30729; Media Center PC 6.0; InfoPath.3; .NET4.0C; .NET4.0E)" 19070
192.168.65.56 - - [17/Feb/2013:06:45:16 +0600] "GET /pause/ajaxPause?pauseConfigId=all&admin=1 HTTP/1.1" 200 1046 "http://192.168.65.101/pause/index" "Mozilla/5.0 (Windows NT 5.1; rv:15.0) Gecko/20100101 Firefox/15.0" 29456
192.168.12.61 - - [17/Feb/2013:06:45:17 +0600] "GET /pause/ajaxPause?pauseConfigId=&admin=0 HTTP/1.1" 200 985 "http://callider/pause/index" "Mozilla/4.0 (compatible; MSIE 7.0; Windows NT 6.1; Trident/5.0; SLCC2; .NET CLR 2.0.50727; .NET CLR 3.5.30729; .NET CLR 3.0.30729; Media Center PC 6.0; InfoPath.3; .NET4.0C; .NET4.0E)" 18634
192.168.12.60 - - [17/Feb/2013:06:45:18 +0600] "GET /pause/ajaxPause?pauseConfigId=&admin=0 HTTP/1.1" 200 986 "http://callider/pause/index" "Mozilla/4.0 (compatible; MSIE 8.0; Windows NT 6.1; Trident/4.0; InfoPath.3; .NET4.0C; MS-RTC LM 8; .NET4.0E)" 19228
192.168.12.204 - - [17/Feb/2013:06:45:19 +0600] "GET /pause/ajaxPause?pauseConfigId=&admin=0 HTTP/1.1" 200 986 "http://callider/pause/index" "Mozilla/4.0 (compatible; MSIE 7.0; Windows NT 6.1; WOW64; Trident/4.0; SLCC2; .NET CLR 2.0.50727; .NET CLR 3.5.30729; .NET CLR 3.0.30729; Media Center PC 6.0; InfoPath.3; .NET4.0C; .NET4.0E; .NET CLR 1.1.4322)" 26685
192.168.12.237 - - [17/Feb/2013:06:45:19 +0600] "GET /pause/ajaxPause?pauseConfigId=&admin=0 HTTP/1.1" 200 987 "http://callider/pause/index" "Mozilla/4.0 (compatible; MSIE 7.0; Windows NT 6.1; Trident/5.0; SLCC2; .NET CLR 2.0.50727; .NET CLR 3.5.30729; .NET CLR 3.0.30729; Media Center PC 6.0; InfoPath.3; .NET4.0C; .NET4.0E)" 127611
192.168.74.78 - - [17/Feb/2013:06:45:19 +0600] "GET /pause/ajaxPause?pauseConfigId=&admin=0 HTTP/1.1" 200 986 "http://callider/pause/index" "Mozilla/4.0 (compatible; MSIE 7.0; Windows NT 6.1; WOW64; Trident/5.0; SLCC2; .NET CLR 2.0.50727; .NET CLR 3.5.30729; .NET CLR 3.0.30729; Media Center PC 6.0; InfoPath.3; .NET4.0C; MS-RTC LM 8; .NET4.0E)" 21884
192.168.12.10 - - [17/Feb/2013:06:45:19 +0600] "GET /tv/useUser HTTP/1.1" 200 432 "http://callider/graph/personal" "Mozilla/4.0 (compatible; MSIE 7.0; Windows NT 6.1; Trident/5.0; SLCC2; .NET CLR 2.0.50727; .NET CLR 3.5.30729; .NET CLR 3.0.30729; Media Center PC 6.0; InfoPath.3; .NET4.0C; .NET4.0E; Tablet PC 2.0; MS-RTC LM 8)" 17169
192.168.12.108 - - [17/Feb/2013:06:45:20 +0600] "GET /tv/useUser HTTP/1.1" 200 432 "http://callider/index.php" "Mozilla/4.0 (compatible; MSIE 7.0; Windows NT 6.2; WOW64; Trident/6.0; .NET4.0E; .NET4.0C; InfoPath.3; .NET CLR 3.5.30729; .NET CLR 2.0.50727; .NET CLR 3.0.30729)" 16846
192.168.12.69 - - [17/Feb/2013:06:45:20 +0600] "GET /pause/ajaxPause?pauseConfigId=&admin=0 HTTP/1.1" 200 986 "http://callider/pause/index" "Mozilla/4.0 (compatible; MSIE 7.0; Windows NT 6.1; Trident/5.0; SLCC2; .NET CLR 2.0.50727; .NET CLR 3.5.30729; .NET CLR 3.0.30729; Media Center PC 6.0; InfoPath.3; .NET4.0C; .NET4.0E; Tablet PC 2.0; AskTbFXTV5/5.14.1.20007)" 18929
192.168.74.91 - - [17/Feb/2013:06:45:20 +0600] "GET /pause/ajaxPause?pauseConfigId=&admin=0 HTTP/1.1" 200 986 "http://callider/pause/index" "Mozilla/4.0 (compatible; MSIE 7.0; Windows NT 6.1; WOW64; Trident/5.0; SLCC2; .NET CLR 2.0.50727; .NET CLR 3.5.30729; .NET CLR 3.0.30729; Media Center PC 6.0; InfoPath.3; .NET4.0C; MS-RTC LM 8; .NET4.0E)" 19463
192.168.74.151 - - [17/Feb/2013:06:45:20 +0600] "GET /pause/ajaxPause?pauseConfigId=&admin=0 HTTP/1.1" 200 987 "http://callider.kontur/pause/index" "Mozilla/5.0 (Windows NT 6.1; WOW64; rv:18.0) Gecko/20100101 Firefox/18.0" 18044
192.168.12.210 - - [17/Feb/2013:06:45:20 +0600] "GET /pause/ajaxPause?pauseConfigId=all&admin=1 HTTP/1.1" 200 1047 "http://callider/pause/index" "Mozilla/4.0 (compatible; MSIE 7.0; Windows NT 6.1; WOW64; Trident/5.0; SLCC2; .NET CLR 2.0.50727; .NET CLR 3.5.30729; .NET CLR 3.0.30729; Media Center PC 6.0; InfoPath.3; .NET4.0C; .NET4.0E)" 19267
192.168.65.56 - - [17/Feb/2013:06:45:21 +0600] "GET /pause/ajaxPause?pauseConfigId=all&admin=1 HTTP/1.1" 200 1046 "http://192.168.65.101/pause/index" "Mozilla/5.0 (Windows NT 5.1; rv:15.0) Gecko/20100101 Firefox/15.0" 30117
192.168.12.61 - - [17/Feb/2013:06:45:22 +0600] "GET /pause/ajaxPause?pauseConfigId=&admin=0 HTTP/1.1" 200 985 "http://callider/pause/index" "Mozilla/4.0 (compatible; MSIE 7.0; Windows NT 6.1; Trident/5.0; SLCC2; .NET CLR 2.0.50727; .NET CLR 3.5.30729; .NET CLR 3.0.30729; Media Center PC 6.0; InfoPath.3; .NET4.0C; .NET4.0E)" 17869
192.168.12.60 - - [17/Feb/2013:06:45:24 +0600] "GET /pause/ajaxPause?pauseConfigId=&admin=0 HTTP/1.1" 200 986 "http://callider/pause/index" "Mozilla/4.0 (compatible; MSIE 8.0; Windows NT 6.1; Trident/4.0; InfoPath.3; .NET4.0C; MS-RTC LM 8; .NET4.0E)" 28880
192.168.12.204 - - [17/Feb/2013:06:45:24 +0600] "GET /pause/ajaxPause?pauseConfigId=&admin=0 HTTP/1.1" 200 986 "http://callider/pause/index" "Mozilla/4.0 (compatible; MSIE 7.0; Windows NT 6.1; WOW64; Trident/4.0; SLCC2; .NET CLR 2.0.50727; .NET CLR 3.5.30729; .NET CLR 3.0.30729; Media Center PC 6.0; InfoPath.3; .NET4.0C; .NET4.0E; .NET CLR 1.1.4322)" 19860
192.168.12.237 - - [17/Feb/2013:06:45:24 +0600] "GET /pause/ajaxPause?pauseConfigId=&admin=0 HTTP/1.1" 200 987 "http://callider/pause/index" "Mozilla/4.0 (compatible; MSIE 7.0; Windows NT 6.1; Trident/5.0; SLCC2; .NET CLR 2.0.50727; .NET CLR 3.5.30729; .NET CLR 3.0.30729; Media Center PC 6.0; InfoPath.3; .NET4.0C; .NET4.0E)" 19938
192.168.74.78 - - [17/Feb/2013:06:45:24 +0600] "GET /pause/ajaxPause?pauseConfigId=&admin=0 HTTP/1.1" 200 986 "http://callider/pause/index" "Mozilla/4.0 (compatible; MSIE 7.0; Windows NT 6.1; WOW64; Trident/5.0; SLCC2; .NET CLR 2.0.50727; .NET CLR 3.5.30729; .NET CLR 3.0.30729; Media Center PC 6.0; InfoPath.3; .NET4.0C; MS-RTC LM 8; .NET4.0E)" 20729
192.168.12.69 - - [17/Feb/2013:06:45:25 +0600] "GET /pause/ajaxPause?pauseConfigId=&admin=0 HTTP/1.1" 200 986 "http://callider/pause/index" "Mozilla/4.0 (compatible; MSIE 7.0; Windows NT 6.1; Trident/5.0; SLCC2; .NET CLR 2.0.50727; .NET CLR 3.5.30729; .NET CLR 3.0.30729; Media Center PC 6.0; InfoPath.3; .NET4.0C; .NET4.0E; Tablet PC 2.0; AskTbFXTV5/5.14.1.20007)" 29491
192.168.74.91 - - [17/Feb/2013:06:45:25 +0600] "GET /pause/ajaxPause?pauseConfigId=&admin=0 HTTP/1.1" 200 986 "http://callider/pause/index" "Mozilla/4.0 (compatible; MSIE 7.0; Windows NT 6.1; WOW64; Trident/5.0; SLCC2; .NET CLR 2.0.50727; .NET CLR 3.5.30729; .NET CLR 3.0.30729; Media Center PC 6.0; InfoPath.3; .NET4.0C; MS-RTC LM 8; .NET4.0E)" 21480
192.168.74.151 - - [17/Feb/2013:06:45:25 +0600] "GET /pause/ajaxPause?pauseConfigId=&admin=0 HTTP/1.1" 200 987 "http://callider.kontur/pause/index" "Mozilla/5.0 (Windows NT 6.1; WOW64; rv:18.0) Gecko/20100101 Firefox/18.0" 22173
192.168.12.210 - - [17/Feb/2013:06:45:25 +0600] "GET /pause/ajaxPause?pauseConfigId=all&admin=1 HTTP/1.1" 200 1047 "http://callider/pause/index" "Mozilla/4.0 (compatible; MSIE 7.0; Windows NT 6.1; WOW64; Trident/5.0; SLCC2; .NET CLR 2.0.50727; .NET CLR 3.5.30729; .NET CLR 3.0.30729; Media Center PC 6.0; InfoPath.3; .NET4.0C; .NET4.0E)" 19757
192.168.65.56 - - [17/Feb/2013:06:45:26 +0600] "GET /pause/ajaxPause?pauseConfigId=all&admin=1 HTTP/1.1" 200 1046 "http://192.168.65.101/pause/index" "Mozilla/5.0 (Windows NT 5.1; rv:15.0) Gecko/20100101 Firefox/15.0" 29223
192.168.12.61 - - [17/Feb/2013:06:45:27 +0600] "GET /pause/ajaxPause?pauseConfigId=&admin=0 HTTP/1.1" 200 986 "http://callider/pause/index" "Mozilla/4.0 (compatible; MSIE 7.0; Windows NT 6.1; Trident/5.0; SLCC2; .NET CLR 2.0.50727; .NET CLR 3.5.30729; .NET CLR 3.0.30729; Media Center PC 6.0; InfoPath.3; .NET4.0C; .NET4.0E)" 37588
192.168.12.60 - - [17/Feb/2013:06:45:29 +0600] "GET /pause/ajaxPause?pauseConfigId=&admin=0 HTTP/1.1" 200 986 "http://callider/pause/index" "Mozilla/4.0 (compatible; MSIE 8.0; Windows NT 6.1; Trident/4.0; InfoPath.3; .NET4.0C; MS-RTC LM 8; .NET4.0E)" 21021
192.168.12.204 - - [17/Feb/2013:06:45:29 +0600] "GET /pause/ajaxPause?pauseConfigId=&admin=0 HTTP/1.1" 200 986 "http://callider/pause/index" "Mozilla/4.0 (compatible; MSIE 7.0; Windows NT 6.1; WOW64; Trident/4.0; SLCC2; .NET CLR 2.0.50727; .NET CLR 3.5.30729; .NET CLR 3.0.30729; Media Center PC 6.0; InfoPath.3; .NET4.0C; .NET4.0E; .NET CLR 1.1.4322)" 20126
192.168.12.237 - - [17/Feb/2013:06:45:29 +0600] "GET /pause/ajaxPause?pauseConfigId=&admin=0 HTTP/1.1" 200 987 "http://callider/pause/index" "Mozilla/4.0 (compatible; MSIE 7.0; Windows NT 6.1; Trident/5.0; SLCC2; .NET CLR 2.0.50727; .NET CLR 3.5.30729; .NET CLR 3.0.30729; Media Center PC 6.0; InfoPath.3; .NET4.0C; .NET4.0E)" 18664
192.168.74.78 - - [17/Feb/2013:06:45:29 +0600] "GET /pause/ajaxPause?pauseConfigId=&admin=0 HTTP/1.1" 200 986 "http://callider/pause/index" "Mozilla/4.0 (compatible; MSIE 7.0; Windows NT 6.1; WOW64; Trident/5.0; SLCC2; .NET CLR 2.0.50727; .NET CLR 3.5.30729; .NET CLR 3.0.30729; Media Center PC 6.0; InfoPath.3; .NET4.0C; MS-RTC LM 8; .NET4.0E)" 18427
192.168.12.69 - - [17/Feb/2013:06:45:30 +0600] "GET /pause/ajaxPause?pauseConfigId=&admin=0 HTTP/1.1" 200 986 "http://callider/pause/index" "Mozilla/4.0 (compatible; MSIE 7.0; Windows NT 6.1; Trident/5.0; SLCC2; .NET CLR 2.0.50727; .NET CLR 3.5.30729; .NET CLR 3.0.30729; Media Center PC 6.0; InfoPath.3; .NET4.0C; .NET4.0E; Tablet PC 2.0; AskTbFXTV5/5.14.1.20007)" 22867
192.168.74.91 - - [17/Feb/2013:06:45:30 +0600] "GET /pause/ajaxPause?pauseConfigId=&admin=0 HTTP/1.1" 200 986 "http://callider/pause/index" "Mozilla/4.0 (compatible; MSIE 7.0; Windows NT 6.1; WOW64; Trident/5.0; SLCC2; .NET CLR 2.0.50727; .NET CLR 3.5.30729; .NET CLR 3.0.30729; Media Center PC 6.0; InfoPath.3; .NET4.0C; MS-RTC LM 8; .NET4.0E)" 21922
192.168.74.151 - - [17/Feb/2013:06:45:30 +0600] "GET /pause/ajaxPause?pauseConfigId=&admin=0 HTTP/1.1" 200 987 "http://callider.kontur/pause/index" "Mozilla/5.0 (Windows NT 6.1; WOW64; rv:18.0) Gecko/20100101 Firefox/18.0" 23629
192.168.12.210 - - [17/Feb/2013:06:45:30 +0600] "GET /pause/ajaxPause?pauseConfigId=all&admin=1 HTTP/1.1" 200 1047 "http://callider/pause/index" "Mozilla/4.0 (compatible; MSIE 7.0; Windows NT 6.1; WOW64; Trident/5.0; SLCC2; .NET CLR 2.0.50727; .NET CLR 3.5.30729; .NET CLR 3.0.30729; Media Center PC 6.0; InfoPath.3; .NET4.0C; .NET4.0E)" 18260
192.168.65.56 - - [17/Feb/2013:06:45:31 +0600] "GET /pause/ajaxPause?pauseConfigId=all&admin=1 HTTP/1.1" 200 1046 "http://192.168.65.101/pause/index" "Mozilla/5.0 (Windows NT 5.1; rv:15.0) Gecko/20100101 Firefox/15.0" 29596
192.168.12.61 - - [17/Feb/2013:06:45:32 +0600] "GET /pause/ajaxPause?pauseConfigId=&admin=0 HTTP/1.1" 200 985 "http://callider/pause/index" "Mozilla/4.0 (compatible; MSIE 7.0; Windows NT 6.1; Trident/5.0; SLCC2; .NET CLR 2.0.50727; .NET CLR 3.5.30729; .NET CLR 3.0.30729; Media Center PC 6.0; InfoPath.3; .NET4.0C; .NET4.0E)" 18754
192.168.12.60 - - [17/Feb/2013:06:45:34 +0600] "GET /pause/ajaxPause?pauseConfigId=&admin=0 HTTP/1.1" 200 986 "http://callider/pause/index" "Mozilla/4.0 (compatible; MSIE 8.0; Windows NT 6.1; Trident/4.0; InfoPath.3; .NET4.0C; MS-RTC LM 8; .NET4.0E)" 18557
192.168.12.204 - - [17/Feb/2013:06:45:34 +0600] "GET /pause/ajaxPause?pauseConfigId=&admin=0 HTTP/1.1" 200 986 "http://callider/pause/index" "Mozilla/4.0 (compatible; MSIE 7.0; Windows NT 6.1; WOW64; Trident/4.0; SLCC2; .NET CLR 2.0.50727; .NET CLR 3.5.30729; .NET CLR 3.0.30729; Media Center PC 6.0; InfoPath.3; .NET4.0C; .NET4.0E; .NET CLR 1.1.4322)" 21705
192.168.12.237 - - [17/Feb/2013:06:45:34 +0600] "GET /pause/ajaxPause?pauseConfigId=&admin=0 HTTP/1.1" 200 987 "http://callider/pause/index" "Mozilla/4.0 (compatible; MSIE 7.0; Windows NT 6.1; Trident/5.0; SLCC2; .NET CLR 2.0.50727; .NET CLR 3.5.30729; .NET CLR 3.0.30729; Media Center PC 6.0; InfoPath.3; .NET4.0C; .NET4.0E)" 18866
192.168.74.78 - - [17/Feb/2013:06:45:34 +0600] "GET /pause/ajaxPause?pauseConfigId=&admin=0 HTTP/1.1" 200 986 "http://callider/pause/index" "Mozilla/4.0 (compatible; MSIE 7.0; Windows NT 6.1; WOW64; Trident/5.0; SLCC2; .NET CLR 2.0.50727; .NET CLR 3.5.30729; .NET CLR 3.0.30729; Media Center PC 6.0; InfoPath.3; .NET4.0C; MS-RTC LM 8; .NET4.0E)" 20177
192.168.12.67 - - [17/Feb/2013:06:45:34 +0600] "GET /tv/useUser HTTP/1.1" 200 432 "http://callider/graph/personal" "Mozilla/4.0 (compatible; MSIE 7.0; Windows NT 6.1; Trident/5.0; SLCC2; .NET CLR 2.0.50727; .NET CLR 3.5.30729; .NET CLR 3.0.30729; Media Center PC 6.0; .NET4.0C; .NET4.0E; InfoPath.3; Tablet PC 2.0; MS-RTC LM 8)" 21249
192.168.12.69 - - [17/Feb/2013:06:45:35 +0600] "GET /pause/ajaxPause?pauseConfigId=&admin=0 HTTP/1.1" 200 986 "http://callider/pause/index" "Mozilla/4.0 (compatible; MSIE 7.0; Windows NT 6.1; Trident/5.0; SLCC2; .NET CLR 2.0.50727; .NET CLR 3.5.30729; .NET CLR 3.0.30729; Media Center PC 6.0; InfoPath.3; .NET4.0C; .NET4.0E; Tablet PC 2.0; AskTbFXTV5/5.14.1.20007)" 21184
192.168.74.91 - - [17/Feb/2013:06:45:35 +0600] "GET /pause/ajaxPause?pauseConfigId=&admin=0 HTTP/1.1" 200 986 "http://callider/pause/index" "Mozilla/4.0 (compatible; MSIE 7.0; Windows NT 6.1; WOW64; Trident/5.0; SLCC2; .NET CLR 2.0.50727; .NET CLR 3.5.30729; .NET CLR 3.0.30729; Media Center PC 6.0; InfoPath.3; .NET4.0C; MS-RTC LM 8; .NET4.0E)" 23952
192.168.74.151 - - [17/Feb/2013:06:45:35 +0600] "GET /pause/ajaxPause?pauseConfigId=&admin=0 HTTP/1.1" 200 987 "http://callider.kontur/pause/index" "Mozilla/5.0 (Windows NT 6.1; WOW64; rv:18.0) Gecko/20100101 Firefox/18.0" 31140
192.168.12.210 - - [17/Feb/2013:06:45:35 +0600] "GET /pause/ajaxPause?pauseConfigId=all&admin=1 HTTP/1.1" 200 1047 "http://callider/pause/index" "Mozilla/4.0 (compatible; MSIE 7.0; Windows NT 6.1; WOW64; Trident/5.0; SLCC2; .NET CLR 2.0.50727; .NET CLR 3.5.30729; .NET CLR 3.0.30729; Media Center PC 6.0; InfoPath.3; .NET4.0C; .NET4.0E)" 30891
192.168.65.56 - - [17/Feb/2013:06:45:36 +0600] "GET /pause/ajaxPause?pauseConfigId=all&admin=1 HTTP/1.1" 200 1046 "http://192.168.65.101/pause/index" "Mozilla/5.0 (Windows NT 5.1; rv:15.0) Gecko/20100101 Firefox/15.0" 76299
192.168.12.61 - - [17/Feb/2013:06:45:37 +0600] "GET /pause/ajaxPause?pauseConfigId=&admin=0 HTTP/1.1" 200 985 "http://callider/pause/index" "Mozilla/4.0 (compatible; MSIE 7.0; Windows NT 6.1; Trident/5.0; SLCC2; .NET CLR 2.0.50727; .NET CLR 3.5.30729; .NET CLR 3.0.30729; Media Center PC 6.0; InfoPath.3; .NET4.0C; .NET4.0E)" 20267
192.168.74.93 - - [17/Feb/2013:06:45:38 +0600] "GET /tv/useUser HTTP/1.1" 200 432 "http://callider/graph/personal" "Mozilla/4.0 (compatible; MSIE 7.0; Windows NT 6.1; WOW64; Trident/5.0; SLCC2; .NET CLR 2.0.50727; .NET CLR 3.5.30729; .NET CLR 3.0.30729; Media Center PC 6.0; InfoPath.3; .NET4.0C; .NET4.0E)" 18060
192.168.12.60 - - [17/Feb/2013:06:45:39 +0600] "GET /pause/ajaxPause?pauseConfigId=&admin=0 HTTP/1.1" 200 986 "http://callider/pause/index" "Mozilla/4.0 (compatible; MSIE 8.0; Windows NT 6.1; Trident/4.0; InfoPath.3; .NET4.0C; MS-RTC LM 8; .NET4.0E)" 18576
192.168.12.204 - - [17/Feb/2013:06:45:39 +0600] "GET /pause/ajaxPause?pauseConfigId=&admin=0 HTTP/1.1" 200 986 "http://callider/pause/index" "Mozilla/4.0 (compatible; MSIE 7.0; Windows NT 6.1; WOW64; Trident/4.0; SLCC2; .NET CLR 2.0.50727; .NET CLR 3.5.30729; .NET CLR 3.0.30729; Media Center PC 6.0; InfoPath.3; .NET4.0C; .NET4.0E; .NET CLR 1.1.4322)" 22963
192.168.12.237 - - [17/Feb/2013:06:45:39 +0600] "GET /pause/ajaxPause?pauseConfigId=&admin=0 HTTP/1.1" 200 987 "http://callider/pause/index" "Mozilla/4.0 (compatible; MSIE 7.0; Windows NT 6.1; Trident/5.0; SLCC2; .NET CLR 2.0.50727; .NET CLR 3.5.30729; .NET CLR 3.0.30729; Media Center PC 6.0; InfoPath.3; .NET4.0C; .NET4.0E)" 22790
192.168.12.210 - - [17/Feb/2013:06:45:39 +0600] "GET /tv/useUser HTTP/1.1" 200 431 "http://callider/graph/general" "Mozilla/4.0 (compatible; MSIE 7.0; Windows NT 6.1; WOW64; Trident/5.0; SLCC2; .NET CLR 2.0.50727; .NET CLR 3.5.30729; .NET CLR 3.0.30729; Media Center PC 6.0; InfoPath.3; .NET4.0C; .NET4.0E)" 9716
192.168.74.78 - - [17/Feb/2013:06:45:39 +0600] "GET /pause/ajaxPause?pauseConfigId=&admin=0 HTTP/1.1" 200 986 "http://callider/pause/index" "Mozilla/4.0 (compatible; MSIE 7.0; Windows NT 6.1; WOW64; Trident/5.0; SLCC2; .NET CLR 2.0.50727; .NET CLR 3.5.30729; .NET CLR 3.0.30729; Media Center PC 6.0; InfoPath.3; .NET4.0C; MS-RTC LM 8; .NET4.0E)" 21360
192.168.12.69 - - [17/Feb/2013:06:45:40 +0600] "GET /pause/ajaxPause?pauseConfigId=&admin=0 HTTP/1.1" 200 986 "http://callider/pause/index" "Mozilla/4.0 (compatible; MSIE 7.0; Windows NT 6.1; Trident/5.0; SLCC2; .NET CLR 2.0.50727; .NET CLR 3.5.30729; .NET CLR 3.0.30729; Media Center PC 6.0; InfoPath.3; .NET4.0C; .NET4.0E; Tablet PC 2.0; AskTbFXTV5/5.14.1.20007)" 18665
192.168.74.91 - - [17/Feb/2013:06:45:40 +0600] "GET /pause/ajaxPause?pauseConfigId=&admin=0 HTTP/1.1" 200 986 "http://callider/pause/index" "Mozilla/4.0 (compatible; MSIE 7.0; Windows NT 6.1; WOW64; Trident/5.0; SLCC2; .NET CLR 2.0.50727; .NET CLR 3.5.30729; .NET CLR 3.0.30729; Media Center PC 6.0; InfoPath.3; .NET4.0C; MS-RTC LM 8; .NET4.0E)" 24552
192.168.74.151 - - [17/Feb/2013:06:45:40 +0600] "GET /pause/ajaxPause?pauseConfigId=&admin=0 HTTP/1.1" 200 987 "http://callider.kontur/pause/index" "Mozilla/5.0 (Windows NT 6.1; WOW64; rv:18.0) Gecko/20100101 Firefox/18.0" 19924
192.168.12.210 - - [17/Feb/2013:06:45:40 +0600] "GET /pause/ajaxPause?pauseConfigId=all&admin=1 HTTP/1.1" 200 1047 "http://callider/pause/index" "Mozilla/4.0 (compatible; MSIE 7.0; Windows NT 6.1; WOW64; Trident/5.0; SLCC2; .NET CLR 2.0.50727; .NET CLR 3.5.30729; .NET CLR 3.0.30729; Media Center PC 6.0; InfoPath.3; .NET4.0C; .NET4.0E)" 18113
192.168.12.9 - - [17/Feb/2013:06:45:41 +0600] "GET /tv/useUser HTTP/1.1" 200 432 "http://callider.kontur/site/index" "Mozilla/5.0 (Windows NT 6.1; WOW64) AppleWebKit/537.17 (KHTML, like Gecko) Chrome/24.0.1312.57 Safari/537.17" 14341
192.168.65.56 - - [17/Feb/2013:06:45:41 +0600] "GET /pause/ajaxPause?pauseConfigId=all&admin=1 HTTP/1.1" 200 1046 "http://192.168.65.101/pause/index" "Mozilla/5.0 (Windows NT 5.1; rv:15.0) Gecko/20100101 Firefox/15.0" 36674
192.168.12.61 - - [17/Feb/2013:06:45:42 +0600] "GET /pause/ajaxPause?pauseConfigId=&admin=0 HTTP/1.1" 200 986 "http://callider/pause/index" "Mozilla/4.0 (compatible; MSIE 7.0; Windows NT 6.1; Trident/5.0; SLCC2; .NET CLR 2.0.50727; .NET CLR 3.5.30729; .NET CLR 3.0.30729; Media Center PC 6.0; InfoPath.3; .NET4.0C; .NET4.0E)" 27467
192.168.12.60 - - [17/Feb/2013:06:45:44 +0600] "GET /pause/ajaxPause?pauseConfigId=&admin=0 HTTP/1.1" 200 986 "http://callider/pause/index" "Mozilla/4.0 (compatible; MSIE 8.0; Windows NT 6.1; Trident/4.0; InfoPath.3; .NET4.0C; MS-RTC LM 8; .NET4.0E)" 19277
192.168.12.204 - - [17/Feb/2013:06:45:44 +0600] "GET /pause/ajaxPause?pauseConfigId=&admin=0 HTTP/1.1" 200 986 "http://callider/pause/index" "Mozilla/4.0 (compatible; MSIE 7.0; Windows NT 6.1; WOW64; Trident/4.0; SLCC2; .NET CLR 2.0.50727; .NET CLR 3.5.30729; .NET CLR 3.0.30729; Media Center PC 6.0; InfoPath.3; .NET4.0C; .NET4.0E; .NET CLR 1.1.4322)" 20504
192.168.12.237 - - [17/Feb/2013:06:45:44 +0600] "GET /pause/ajaxPause?pauseConfigId=&admin=0 HTTP/1.1" 200 987 "http://callider/pause/index" "Mozilla/4.0 (compatible; MSIE 7.0; Windows NT 6.1; Trident/5.0; SLCC2; .NET CLR 2.0.50727; .NET CLR 3.5.30729; .NET CLR 3.0.30729; Media Center PC 6.0; InfoPath.3; .NET4.0C; .NET4.0E)" 27349
192.168.74.78 - - [17/Feb/2013:06:45:44 +0600] "GET /pause/ajaxPause?pauseConfigId=&admin=0 HTTP/1.1" 200 986 "http://callider/pause/index" "Mozilla/4.0 (compatible; MSIE 7.0; Windows NT 6.1; WOW64; Trident/5.0; SLCC2; .NET CLR 2.0.50727; .NET CLR 3.5.30729; .NET CLR 3.0.30729; Media Center PC 6.0; InfoPath.3; .NET4.0C; MS-RTC LM 8; .NET4.0E)" 20249
192.168.12.69 - - [17/Feb/2013:06:45:45 +0600] "GET /pause/ajaxPause?pauseConfigId=&admin=0 HTTP/1.1" 200 986 "http://callider/pause/index" "Mozilla/4.0 (compatible; MSIE 7.0; Windows NT 6.1; Trident/5.0; SLCC2; .NET CLR 2.0.50727; .NET CLR 3.5.30729; .NET CLR 3.0.30729; Media Center PC 6.0; InfoPath.3; .NET4.0C; .NET4.0E; Tablet PC 2.0; AskTbFXTV5/5.14.1.20007)" 21395
192.168.74.91 - - [17/Feb/2013:06:45:45 +0600] "GET /pause/ajaxPause?pauseConfigId=&admin=0 HTTP/1.1" 200 986 "http://callider/pause/index" "Mozilla/4.0 (compatible; MSIE 7.0; Windows NT 6.1; WOW64; Trident/5.0; SLCC2; .NET CLR 2.0.50727; .NET CLR 3.5.30729; .NET CLR 3.0.30729; Media Center PC 6.0; InfoPath.3; .NET4.0C; MS-RTC LM 8; .NET4.0E)" 19654
192.168.74.151 - - [17/Feb/2013:06:45:45 +0600] "GET /pause/ajaxPause?pauseConfigId=&admin=0 HTTP/1.1" 200 987 "http://callider.kontur/pause/index" "Mozilla/5.0 (Windows NT 6.1; WOW64; rv:18.0) Gecko/20100101 Firefox/18.0" 22115
192.168.12.210 - - [17/Feb/2013:06:45:45 +0600] "GET /pause/ajaxPause?pauseConfigId=all&admin=1 HTTP/1.1" 200 1047 "http://callider/pause/index" "Mozilla/4.0 (compatible; MSIE 7.0; Windows NT 6.1; WOW64; Trident/5.0; SLCC2; .NET CLR 2.0.50727; .NET CLR 3.5.30729; .NET CLR 3.0.30729; Media Center PC 6.0; InfoPath.3; .NET4.0C; .NET4.0E)" 18062
192.168.65.56 - - [17/Feb/2013:06:45:46 +0600] "GET /pause/ajaxPause?pauseConfigId=all&admin=1 HTTP/1.1" 200 1046 "http://192.168.65.101/pause/index" "Mozilla/5.0 (Windows NT 5.1; rv:15.0) Gecko/20100101 Firefox/15.0" 27369
192.168.12.61 - - [17/Feb/2013:06:45:47 +0600] "GET /pause/ajaxPause?pauseConfigId=&admin=0 HTTP/1.1" 200 985 "http://callider/pause/index" "Mozilla/4.0 (compatible; MSIE 7.0; Windows NT 6.1; Trident/5.0; SLCC2; .NET CLR 2.0.50727; .NET CLR 3.5.30729; .NET CLR 3.0.30729; Media Center PC 6.0; InfoPath.3; .NET4.0C; .NET4.0E)" 20273
192.168.12.60 - - [17/Feb/2013:06:45:49 +0600] "GET /pause/ajaxPause?pauseConfigId=&admin=0 HTTP/1.1" 200 986 "http://callider/pause/index" "Mozilla/4.0 (compatible; MSIE 8.0; Windows NT 6.1; Trident/4.0; InfoPath.3; .NET4.0C; MS-RTC LM 8; .NET4.0E)" 19669
192.168.12.210 - - [17/Feb/2013:06:45:49 +0600] "GET /tv/useUser HTTP/1.1" 200 431 "http://callider/pause/index" "Mozilla/4.0 (compatible; MSIE 7.0; Windows NT 6.1; WOW64; Trident/5.0; SLCC2; .NET CLR 2.0.50727; .NET CLR 3.5.30729; .NET CLR 3.0.30729; Media Center PC 6.0; InfoPath.3; .NET4.0C; .NET4.0E)" 12842
192.168.12.237 - - [17/Feb/2013:06:45:49 +0600] "GET /pause/ajaxPause?pauseConfigId=&admin=0 HTTP/1.1" 200 987 "http://callider/pause/index" "Mozilla/4.0 (compatible; MSIE 7.0; Windows NT 6.1; Trident/5.0; SLCC2; .NET CLR 2.0.50727; .NET CLR 3.5.30729; .NET CLR 3.0.30729; Media Center PC 6.0; InfoPath.3; .NET4.0C; .NET4.0E)" 24967
192.168.12.204 - - [17/Feb/2013:06:45:49 +0600] "GET /pause/ajaxPause?pauseConfigId=&admin=0 HTTP/1.1" 200 986 "http://callider/pause/index" "Mozilla/4.0 (compatible; MSIE 7.0; Windows NT 6.1; WOW64; Trident/4.0; SLCC2; .NET CLR 2.0.50727; .NET CLR 3.5.30729; .NET CLR 3.0.30729; Media Center PC 6.0; InfoPath.3; .NET4.0C; .NET4.0E; .NET CLR 1.1.4322)" 20778
192.168.74.78 - - [17/Feb/2013:06:45:49 +0600] "GET /pause/ajaxPause?pauseConfigId=&admin=0 HTTP/1.1" 200 986 "http://callider/pause/index" "Mozilla/4.0 (compatible; MSIE 7.0; Windows NT 6.1; WOW64; Trident/5.0; SLCC2; .NET CLR 2.0.50727; .NET CLR 3.5.30729; .NET CLR 3.0.30729; Media Center PC 6.0; InfoPath.3; .NET4.0C; MS-RTC LM 8; .NET4.0E)" 23130
192.168.12.69 - - [17/Feb/2013:06:45:50 +0600] "GET /pause/ajaxPause?pauseConfigId=&admin=0 HTTP/1.1" 200 986 "http://callider/pause/index" "Mozilla/4.0 (compatible; MSIE 7.0; Windows NT 6.1; Trident/5.0; SLCC2; .NET CLR 2.0.50727; .NET CLR 3.5.30729; .NET CLR 3.0.30729; Media Center PC 6.0; InfoPath.3; .NET4.0C; .NET4.0E; Tablet PC 2.0; AskTbFXTV5/5.14.1.20007)" 18440
192.168.74.91 - - [17/Feb/2013:06:45:50 +0600] "GET /pause/ajaxPause?pauseConfigId=&admin=0 HTTP/1.1" 200 986 "http://callider/pause/index" "Mozilla/4.0 (compatible; MSIE 7.0; Windows NT 6.1; WOW64; Trident/5.0; SLCC2; .NET CLR 2.0.50727; .NET CLR 3.5.30729; .NET CLR 3.0.30729; Media Center PC 6.0; InfoPath.3; .NET4.0C; MS-RTC LM 8; .NET4.0E)" 22080
192.168.74.151 - - [17/Feb/2013:06:45:50 +0600] "GET /pause/ajaxPause?pauseConfigId=&admin=0 HTTP/1.1" 200 987 "http://callider.kontur/pause/index" "Mozilla/5.0 (Windows NT 6.1; WOW64; rv:18.0) Gecko/20100101 Firefox/18.0" 22326
192.168.12.210 - - [17/Feb/2013:06:45:50 +0600] "GET /pause/ajaxPause?pauseConfigId=all&admin=1 HTTP/1.1" 200 1047 "http://callider/pause/index" "Mozilla/4.0 (compatible; MSIE 7.0; Windows NT 6.1; WOW64; Trident/5.0; SLCC2; .NET CLR 2.0.50727; .NET CLR 3.5.30729; .NET CLR 3.0.30729; Media Center PC 6.0; InfoPath.3; .NET4.0C; .NET4.0E)" 18459
192.168.65.56 - - [17/Feb/2013:06:45:51 +0600] "GET /pause/ajaxPause?pauseConfigId=all&admin=1 HTTP/1.1" 200 1046 "http://192.168.65.101/pause/index" "Mozilla/5.0 (Windows NT 5.1; rv:15.0) Gecko/20100101 Firefox/15.0" 29519
192.168.65.56 - - [17/Feb/2013:06:45:51 +0600] "GET /tv/useUser HTTP/1.1" 200 431 "http://192.168.65.101/pause/index" "Mozilla/5.0 (Windows NT 5.1; rv:15.0) Gecko/20100101 Firefox/15.0" 10018
192.168.65.93 - - [17/Feb/2013:06:45:52 +0600] "GET / HTTP/1.1" 302 530 "-" "System Center 2012 - Operations Manager 7.0.9538.0" 16704
192.168.65.93 - - [17/Feb/2013:06:45:52 +0600] "GET /site/login HTTP/1.1" 200 2771 "-" "System Center 2012 - Operations Manager 7.0.9538.0" 21050
192.168.12.61 - - [17/Feb/2013:06:45:52 +0600] "GET /pause/ajaxPause?pauseConfigId=&admin=0 HTTP/1.1" 200 985 "http://callider/pause/index" "Mozilla/4.0 (compatible; MSIE 7.0; Windows NT 6.1; Trident/5.0; SLCC2; .NET CLR 2.0.50727; .NET CLR 3.5.30729; .NET CLR 3.0.30729; Media Center PC 6.0; InfoPath.3; .NET4.0C; .NET4.0E)" 21363
192.168.12.60 - - [17/Feb/2013:06:45:54 +0600] "GET /pause/ajaxPause?pauseConfigId=&admin=0 HTTP/1.1" 200 986 "http://callider/pause/index" "Mozilla/4.0 (compatible; MSIE 8.0; Windows NT 6.1; Trident/4.0; InfoPath.3; .NET4.0C; MS-RTC LM 8; .NET4.0E)" 19754
192.168.12.237 - - [17/Feb/2013:06:45:54 +0600] "GET /pause/ajaxPause?pauseConfigId=&admin=0 HTTP/1.1" 200 987 "http://callider/pause/index" "Mozilla/4.0 (compatible; MSIE 7.0; Windows NT 6.1; Trident/5.0; SLCC2; .NET CLR 2.0.50727; .NET CLR 3.5.30729; .NET CLR 3.0.30729; Media Center PC 6.0; InfoPath.3; .NET4.0C; .NET4.0E)" 22930
192.168.12.204 - - [17/Feb/2013:06:45:54 +0600] "GET /pause/ajaxPause?pauseConfigId=&admin=0 HTTP/1.1" 200 986 "http://callider/pause/index" "Mozilla/4.0 (compatible; MSIE 7.0; Windows NT 6.1; WOW64; Trident/4.0; SLCC2; .NET CLR 2.0.50727; .NET CLR 3.5.30729; .NET CLR 3.0.30729; Media Center PC 6.0; InfoPath.3; .NET4.0C; .NET4.0E; .NET CLR 1.1.4322)" 20650
192.168.74.78 - - [17/Feb/2013:06:45:54 +0600] "GET /pause/ajaxPause?pauseConfigId=&admin=0 HTTP/1.1" 200 986 "http://callider/pause/index" "Mozilla/4.0 (compatible; MSIE 7.0; Windows NT 6.1; WOW64; Trident/5.0; SLCC2; .NET CLR 2.0.50727; .NET CLR 3.5.30729; .NET CLR 3.0.30729; Media Center PC 6.0; InfoPath.3; .NET4.0C; MS-RTC LM 8; .NET4.0E)" 21359
192.168.12.69 - - [17/Feb/2013:06:45:55 +0600] "GET /pause/ajaxPause?pauseConfigId=&admin=0 HTTP/1.1" 200 986 "http://callider/pause/index" "Mozilla/4.0 (compatible; MSIE 7.0; Windows NT 6.1; Trident/5.0; SLCC2; .NET CLR 2.0.50727; .NET CLR 3.5.30729; .NET CLR 3.0.30729; Media Center PC 6.0; InfoPath.3; .NET4.0C; .NET4.0E; Tablet PC 2.0; AskTbFXTV5/5.14.1.20007)" 20178
192.168.74.151 - - [17/Feb/2013:06:45:55 +0600] "GET /pause/ajaxPause?pauseConfigId=&admin=0 HTTP/1.1" 200 987 "http://callider.kontur/pause/index" "Mozilla/5.0 (Windows NT 6.1; WOW64; rv:18.0) Gecko/20100101 Firefox/18.0" 20329
192.168.74.91 - - [17/Feb/2013:06:45:55 +0600] "GET /pause/ajaxPause?pauseConfigId=&admin=0 HTTP/1.1" 200 986 "http://callider/pause/index" "Mozilla/4.0 (compatible; MSIE 7.0; Windows NT 6.1; WOW64; Trident/5.0; SLCC2; .NET CLR 2.0.50727; .NET CLR 3.5.30729; .NET CLR 3.0.30729; Media Center PC 6.0; InfoPath.3; .NET4.0C; MS-RTC LM 8; .NET4.0E)" 25639
192.168.12.210 - - [17/Feb/2013:06:45:55 +0600] "GET /pause/ajaxPause?pauseConfigId=all&admin=1 HTTP/1.1" 200 1047 "http://callider/pause/index" "Mozilla/4.0 (compatible; MSIE 7.0; Windows NT 6.1; WOW64; Trident/5.0; SLCC2; .NET CLR 2.0.50727; .NET CLR 3.5.30729; .NET CLR 3.0.30729; Media Center PC 6.0; InfoPath.3; .NET4.0C; .NET4.0E)" 21670
192.168.65.56 - - [17/Feb/2013:06:45:56 +0600] "GET /pause/ajaxPause?pauseConfigId=all&admin=1 HTTP/1.1" 200 1046 "http://192.168.65.101/pause/index" "Mozilla/5.0 (Windows NT 5.1; rv:15.0) Gecko/20100101 Firefox/15.0" 30531
192.168.12.61 - - [17/Feb/2013:06:45:57 +0600] "GET /pause/ajaxPause?pauseConfigId=&admin=0 HTTP/1.1" 200 986 "http://callider/pause/index" "Mozilla/4.0 (compatible; MSIE 7.0; Windows NT 6.1; Trident/5.0; SLCC2; .NET CLR 2.0.50727; .NET CLR 3.5.30729; .NET CLR 3.0.30729; Media Center PC 6.0; InfoPath.3; .NET4.0C; .NET4.0E)" 42347
192.168.12.60 - - [17/Feb/2013:06:45:59 +0600] "GET /pause/ajaxPause?pauseConfigId=&admin=0 HTTP/1.1" 200 986 "http://callider/pause/index" "Mozilla/4.0 (compatible; MSIE 8.0; Windows NT 6.1; Trident/4.0; InfoPath.3; .NET4.0C; MS-RTC LM 8; .NET4.0E)" 20677
192.168.12.237 - - [17/Feb/2013:06:45:59 +0600] "GET /pause/ajaxPause?pauseConfigId=&admin=0 HTTP/1.1" 200 987 "http://callider/pause/index" "Mozilla/4.0 (compatible; MSIE 7.0; Windows NT 6.1; Trident/5.0; SLCC2; .NET CLR 2.0.50727; .NET CLR 3.5.30729; .NET CLR 3.0.30729; Media Center PC 6.0; InfoPath.3; .NET4.0C; .NET4.0E)" 34274
192.168.12.204 - - [17/Feb/2013:06:45:59 +0600] "GET /pause/ajaxPause?pauseConfigId=&admin=0 HTTP/1.1" 200 986 "http://callider/pause/index" "Mozilla/4.0 (compatible; MSIE 7.0; Windows NT 6.1; WOW64; Trident/4.0; SLCC2; .NET CLR 2.0.50727; .NET CLR 3.5.30729; .NET CLR 3.0.30729; Media Center PC 6.0; InfoPath.3; .NET4.0C; .NET4.0E; .NET CLR 1.1.4322)" 31237
192.168.74.78 - - [17/Feb/2013:06:45:59 +0600] "GET /pause/ajaxPause?pauseConfigId=&admin=0 HTTP/1.1" 200 986 "http://callider/pause/index" "Mozilla/4.0 (compatible; MSIE 7.0; Windows NT 6.1; WOW64; Trident/5.0; SLCC2; .NET CLR 2.0.50727; .NET CLR 3.5.30729; .NET CLR 3.0.30729; Media Center PC 6.0; InfoPath.3; .NET4.0C; MS-RTC LM 8; .NET4.0E)" 22801
192.168.64.119 - - [17/Feb/2013:06:46:00 +0600] "HEAD / HTTP/1.0" 302 435 "-" "WhatsUp/1.0" 15676
192.168.64.119 - - [17/Feb/2013:06:46:00 +0600] "GET / HTTP/1.1" 302 454 "-" "Mozilla/4.0 (compatible; MSIE 8.0; Windows NT 5.2; Trident/4.0)" 17561
192.168.64.119 - - [17/Feb/2013:06:46:00 +0600] "GET /site/login HTTP/1.1" 200 7423 "-" "Mozilla/4.0 (compatible; MSIE 8.0; Windows NT 5.2; Trident/4.0)" 25751
192.168.12.69 - - [17/Feb/2013:06:46:00 +0600] "GET /pause/ajaxPause?pauseConfigId=&admin=0 HTTP/1.1" 200 986 "http://callider/pause/index" "Mozilla/4.0 (compatible; MSIE 7.0; Windows NT 6.1; Trident/5.0; SLCC2; .NET CLR 2.0.50727; .NET CLR 3.5.30729; .NET CLR 3.0.30729; Media Center PC 6.0; InfoPath.3; .NET4.0C; .NET4.0E; Tablet PC 2.0; AskTbFXTV5/5.14.1.20007)" 21120
192.168.74.91 - - [17/Feb/2013:06:46:00 +0600] "GET /pause/ajaxPause?pauseConfigId=&admin=0 HTTP/1.1" 200 986 "http://callider/pause/index" "Mozilla/4.0 (compatible; MSIE 7.0; Windows NT 6.1; WOW64; Trident/5.0; SLCC2; .NET CLR 2.0.50727; .NET CLR 3.5.30729; .NET CLR 3.0.30729; Media Center PC 6.0; InfoPath.3; .NET4.0C; MS-RTC LM 8; .NET4.0E)" 20928
192.168.74.151 - - [17/Feb/2013:06:46:00 +0600] "GET /pause/ajaxPause?pauseConfigId=&admin=0 HTTP/1.1" 200 987 "http://callider.kontur/pause/index" "Mozilla/5.0 (Windows NT 6.1; WOW64; rv:18.0) Gecko/20100101 Firefox/18.0" 24630
192.168.12.210 - - [17/Feb/2013:06:46:00 +0600] "GET /pause/ajaxPause?pauseConfigId=all&admin=1 HTTP/1.1" 200 1047 "http://callider/pause/index" "Mozilla/4.0 (compatible; MSIE 7.0; Windows NT 6.1; WOW64; Trident/5.0; SLCC2; .NET CLR 2.0.50727; .NET CLR 3.5.30729; .NET CLR 3.0.30729; Media Center PC 6.0; InfoPath.3; .NET4.0C; .NET4.0E)" 20551
192.168.65.56 - - [17/Feb/2013:06:46:01 +0600] "GET /pause/ajaxPause?pauseConfigId=all&admin=1 HTTP/1.1" 200 1046 "http://192.168.65.101/pause/index" "Mozilla/5.0 (Windows NT 5.1; rv:15.0) Gecko/20100101 Firefox/15.0" 31318
192.168.12.61 - - [17/Feb/2013:06:46:02 +0600] "GET /pause/ajaxPause?pauseConfigId=&admin=0 HTTP/1.1" 200 985 "http://callider/pause/index" "Mozilla/4.0 (compatible; MSIE 7.0; Windows NT 6.1; Trident/5.0; SLCC2; .NET CLR 2.0.50727; .NET CLR 3.5.30729; .NET CLR 3.0.30729; Media Center PC 6.0; InfoPath.3; .NET4.0C; .NET4.0E)" 31619
192.168.12.60 - - [17/Feb/2013:06:46:04 +0600] "GET /pause/ajaxPause?pauseConfigId=&admin=0 HTTP/1.1" 200 986 "http://callider/pause/index" "Mozilla/4.0 (compatible; MSIE 8.0; Windows NT 6.1; Trident/4.0; InfoPath.3; .NET4.0C; MS-RTC LM 8; .NET4.0E)" 21229
192.168.12.237 - - [17/Feb/2013:06:46:04 +0600] "GET /pause/ajaxPause?pauseConfigId=&admin=0 HTTP/1.1" 200 987 "http://callider/pause/index" "Mozilla/4.0 (compatible; MSIE 7.0; Windows NT 6.1; Trident/5.0; SLCC2; .NET CLR 2.0.50727; .NET CLR 3.5.30729; .NET CLR 3.0.30729; Media Center PC 6.0; InfoPath.3; .NET4.0C; .NET4.0E)" 21773
192.168.12.204 - - [17/Feb/2013:06:46:04 +0600] "GET /pause/ajaxPause?pauseConfigId=&admin=0 HTTP/1.1" 200 986 "http://callider/pause/index" "Mozilla/4.0 (compatible; MSIE 7.0; Windows NT 6.1; WOW64; Trident/4.0; SLCC2; .NET CLR 2.0.50727; .NET CLR 3.5.30729; .NET CLR 3.0.30729; Media Center PC 6.0; InfoPath.3; .NET4.0C; .NET4.0E; .NET CLR 1.1.4322)" 20962
192.168.74.78 - - [17/Feb/2013:06:46:04 +0600] "GET /pause/ajaxPause?pauseConfigId=&admin=0 HTTP/1.1" 200 986 "http://callider/pause/index" "Mozilla/4.0 (compatible; MSIE 7.0; Windows NT 6.1; WOW64; Trident/5.0; SLCC2; .NET CLR 2.0.50727; .NET CLR 3.5.30729; .NET CLR 3.0.30729; Media Center PC 6.0; InfoPath.3; .NET4.0C; MS-RTC LM 8; .NET4.0E)" 24912
192.168.12.69 - - [17/Feb/2013:06:46:05 +0600] "GET /pause/ajaxPause?pauseConfigId=&admin=0 HTTP/1.1" 200 986 "http://callider/pause/index" "Mozilla/4.0 (compatible; MSIE 7.0; Windows NT 6.1; Trident/5.0; SLCC2; .NET CLR 2.0.50727; .NET CLR 3.5.30729; .NET CLR 3.0.30729; Media Center PC 6.0; InfoPath.3; .NET4.0C; .NET4.0E; Tablet PC 2.0; AskTbFXTV5/5.14.1.20007)" 22896
192.168.12.61 - - [17/Feb/2013:06:46:05 +0600] "GET /tv/useUser HTTP/1.1" 200 431 "http://callider/pause/index" "Mozilla/4.0 (compatible; MSIE 7.0; Windows NT 6.1; Trident/5.0; SLCC2; .NET CLR 2.0.50727; .NET CLR 3.5.30729; .NET CLR 3.0.30729; Media Center PC 6.0; InfoPath.3; .NET4.0C; .NET4.0E)" 10438
192.168.74.91 - - [17/Feb/2013:06:46:05 +0600] "GET /pause/ajaxPause?pauseConfigId=&admin=0 HTTP/1.1" 200 986 "http://callider/pause/index" "Mozilla/4.0 (compatible; MSIE 7.0; Windows NT 6.1; WOW64; Trident/5.0; SLCC2; .NET CLR 2.0.50727; .NET CLR 3.5.30729; .NET CLR 3.0.30729; Media Center PC 6.0; InfoPath.3; .NET4.0C; MS-RTC LM 8; .NET4.0E)" 18858
192.168.74.151 - - [17/Feb/2013:06:46:05 +0600] "GET /pause/ajaxPause?pauseConfigId=&admin=0 HTTP/1.1" 200 987 "http://callider.kontur/pause/index" "Mozilla/5.0 (Windows NT 6.1; WOW64; rv:18.0) Gecko/20100101 Firefox/18.0" 20725
192.168.12.210 - - [17/Feb/2013:06:46:05 +0600] "GET /pause/ajaxPause?pauseConfigId=all&admin=1 HTTP/1.1" 200 1047 "http://callider/pause/index" "Mozilla/4.0 (compatible; MSIE 7.0; Windows NT 6.1; WOW64; Trident/5.0; SLCC2; .NET CLR 2.0.50727; .NET CLR 3.5.30729; .NET CLR 3.0.30729; Media Center PC 6.0; InfoPath.3; .NET4.0C; .NET4.0E)" 19718
192.168.65.56 - - [17/Feb/2013:06:46:06 +0600] "GET /pause/ajaxPause?pauseConfigId=all&admin=1 HTTP/1.1" 200 1046 "http://192.168.65.101/pause/index" "Mozilla/5.0 (Windows NT 5.1; rv:15.0) Gecko/20100101 Firefox/15.0" 27644
192.168.12.61 - - [17/Feb/2013:06:46:07 +0600] "GET /pause/ajaxPause?pauseConfigId=&admin=0 HTTP/1.1" 200 985 "http://callider/pause/index" "Mozilla/4.0 (compatible; MSIE 7.0; Windows NT 6.1; Trident/5.0; SLCC2; .NET CLR 2.0.50727; .NET CLR 3.5.30729; .NET CLR 3.0.30729; Media Center PC 6.0; InfoPath.3; .NET4.0C; .NET4.0E)" 22500
192.168.12.60 - - [17/Feb/2013:06:46:09 +0600] "GET /pause/ajaxPause?pauseConfigId=&admin=0 HTTP/1.1" 200 986 "http://callider/pause/index" "Mozilla/4.0 (compatible; MSIE 8.0; Windows NT 6.1; Trident/4.0; InfoPath.3; .NET4.0C; MS-RTC LM 8; .NET4.0E)" 22820
192.168.12.237 - - [17/Feb/2013:06:46:09 +0600] "GET /pause/ajaxPause?pauseConfigId=&admin=0 HTTP/1.1" 200 987 "http://callider/pause/index" "Mozilla/4.0 (compatible; MSIE 7.0; Windows NT 6.1; Trident/5.0; SLCC2; .NET CLR 2.0.50727; .NET CLR 3.5.30729; .NET CLR 3.0.30729; Media Center PC 6.0; InfoPath.3; .NET4.0C; .NET4.0E)" 19910
192.168.12.204 - - [17/Feb/2013:06:46:09 +0600] "GET /pause/ajaxPause?pauseConfigId=&admin=0 HTTP/1.1" 200 986 "http://callider/pause/index" "Mozilla/4.0 (compatible; MSIE 7.0; Windows NT 6.1; WOW64; Trident/4.0; SLCC2; .NET CLR 2.0.50727; .NET CLR 3.5.30729; .NET CLR 3.0.30729; Media Center PC 6.0; InfoPath.3; .NET4.0C; .NET4.0E; .NET CLR 1.1.4322)" 24376
192.168.74.78 - - [17/Feb/2013:06:46:09 +0600] "GET /pause/ajaxPause?pauseConfigId=&admin=0 HTTP/1.1" 200 986 "http://callider/pause/index" "Mozilla/4.0 (compatible; MSIE 7.0; Windows NT 6.1; WOW64; Trident/5.0; SLCC2; .NET CLR 2.0.50727; .NET CLR 3.5.30729; .NET CLR 3.0.30729; Media Center PC 6.0; InfoPath.3; .NET4.0C; MS-RTC LM 8; .NET4.0E)" 29360
192.168.12.69 - - [17/Feb/2013:06:46:10 +0600] "GET /pause/ajaxPause?pauseConfigId=&admin=0 HTTP/1.1" 200 986 "http://callider/pause/index" "Mozilla/4.0 (compatible; MSIE 7.0; Windows NT 6.1; Trident/5.0; SLCC2; .NET CLR 2.0.50727; .NET CLR 3.5.30729; .NET CLR 3.0.30729; Media Center PC 6.0; InfoPath.3; .NET4.0C; .NET4.0E; Tablet PC 2.0; AskTbFXTV5/5.14.1.20007)" 19897
192.168.74.91 - - [17/Feb/2013:06:46:10 +0600] "GET /pause/ajaxPause?pauseConfigId=&admin=0 HTTP/1.1" 200 986 "http://callider/pause/index" "Mozilla/4.0 (compatible; MSIE 7.0; Windows NT 6.1; WOW64; Trident/5.0; SLCC2; .NET CLR 2.0.50727; .NET CLR 3.5.30729; .NET CLR 3.0.30729; Media Center PC 6.0; InfoPath.3; .NET4.0C; MS-RTC LM 8; .NET4.0E)" 24084
192.168.74.151 - - [17/Feb/2013:06:46:10 +0600] "GET /pause/ajaxPause?pauseConfigId=&admin=0 HTTP/1.1" 200 987 "http://callider.kontur/pause/index" "Mozilla/5.0 (Windows NT 6.1; WOW64; rv:18.0) Gecko/20100101 Firefox/18.0" 19703
192.168.12.210 - - [17/Feb/2013:06:46:10 +0600] "GET /pause/ajaxPause?pauseConfigId=all&admin=1 HTTP/1.1" 200 1047 "http://callider/pause/index" "Mozilla/4.0 (compatible; MSIE 7.0; Windows NT 6.1; WOW64; Trident/5.0; SLCC2; .NET CLR 2.0.50727; .NET CLR 3.5.30729; .NET CLR 3.0.30729; Media Center PC 6.0; InfoPath.3; .NET4.0C; .NET4.0E)" 19988
192.168.12.42 - - [17/Feb/2013:06:46:11 +0600] "GET /tv/useUser HTTP/1.1" 200 432 "http://callider/graph/personal" "Mozilla/4.0 (compatible; MSIE 7.0; Windows NT 6.1; WOW64; Trident/5.0; SLCC2; .NET CLR 2.0.50727; .NET CLR 3.5.30729; .NET CLR 3.0.30729; Media Center PC 6.0; InfoPath.3; .NET4.0C; .NET4.0E)" 17910
192.168.65.56 - - [17/Feb/2013:06:46:11 +0600] "GET /pause/ajaxPause?pauseConfigId=all&admin=1 HTTP/1.1" 200 1046 "http://192.168.65.101/pause/index" "Mozilla/5.0 (Windows NT 5.1; rv:15.0) Gecko/20100101 Firefox/15.0" 167227
192.168.12.61 - - [17/Feb/2013:06:46:12 +0600] "GET /pause/ajaxPause?pauseConfigId=&admin=0 HTTP/1.1" 200 985 "http://callider/pause/index" "Mozilla/4.0 (compatible; MSIE 7.0; Windows NT 6.1; Trident/5.0; SLCC2; .NET CLR 2.0.50727; .NET CLR 3.5.30729; .NET CLR 3.0.30729; Media Center PC 6.0; InfoPath.3; .NET4.0C; .NET4.0E)" 23785
192.168.74.151 - - [17/Feb/2013:06:46:13 +0600] "GET /tv/useUser HTTP/1.1" 200 431 "http://callider.kontur/graph/general" "Mozilla/5.0 (Windows NT 6.1; WOW64; rv:18.0) Gecko/20100101 Firefox/18.0" 8577
192.168.12.60 - - [17/Feb/2013:06:46:14 +0600] "GET /pause/ajaxPause?pauseConfigId=&admin=0 HTTP/1.1" 200 986 "http://callider/pause/index" "Mozilla/4.0 (compatible; MSIE 8.0; Windows NT 6.1; Trident/4.0; InfoPath.3; .NET4.0C; MS-RTC LM 8; .NET4.0E)" 24071
192.168.12.237 - - [17/Feb/2013:06:46:14 +0600] "GET /pause/ajaxPause?pauseConfigId=&admin=0 HTTP/1.1" 200 987 "http://callider/pause/index" "Mozilla/4.0 (compatible; MSIE 7.0; Windows NT 6.1; Trident/5.0; SLCC2; .NET CLR 2.0.50727; .NET CLR 3.5.30729; .NET CLR 3.0.30729; Media Center PC 6.0; InfoPath.3; .NET4.0C; .NET4.0E)" 20479
192.168.12.204 - - [17/Feb/2013:06:46:14 +0600] "GET /pause/ajaxPause?pauseConfigId=&admin=0 HTTP/1.1" 200 986 "http://callider/pause/index" "Mozilla/4.0 (compatible; MSIE 7.0; Windows NT 6.1; WOW64; Trident/4.0; SLCC2; .NET CLR 2.0.50727; .NET CLR 3.5.30729; .NET CLR 3.0.30729; Media Center PC 6.0; InfoPath.3; .NET4.0C; .NET4.0E; .NET CLR 1.1.4322)" 21591
192.168.74.78 - - [17/Feb/2013:06:46:14 +0600] "GET /pause/ajaxPause?pauseConfigId=&admin=0 HTTP/1.1" 200 986 "http://callider/pause/index" "Mozilla/4.0 (compatible; MSIE 7.0; Windows NT 6.1; WOW64; Trident/5.0; SLCC2; .NET CLR 2.0.50727; .NET CLR 3.5.30729; .NET CLR 3.0.30729; Media Center PC 6.0; InfoPath.3; .NET4.0C; MS-RTC LM 8; .NET4.0E)" 22132
192.168.12.69 - - [17/Feb/2013:06:46:15 +0600] "GET /pause/ajaxPause?pauseConfigId=&admin=0 HTTP/1.1" 200 986 "http://callider/pause/index" "Mozilla/4.0 (compatible; MSIE 7.0; Windows NT 6.1; Trident/5.0; SLCC2; .NET CLR 2.0.50727; .NET CLR 3.5.30729; .NET CLR 3.0.30729; Media Center PC 6.0; InfoPath.3; .NET4.0C; .NET4.0E; Tablet PC 2.0; AskTbFXTV5/5.14.1.20007)" 19465
192.168.74.91 - - [17/Feb/2013:06:46:15 +0600] "GET /pause/ajaxPause?pauseConfigId=&admin=0 HTTP/1.1" 200 986 "http://callider/pause/index" "Mozilla/4.0 (compatible; MSIE 7.0; Windows NT 6.1; WOW64; Trident/5.0; SLCC2; .NET CLR 2.0.50727; .NET CLR 3.5.30729; .NET CLR 3.0.30729; Media Center PC 6.0; InfoPath.3; .NET4.0C; MS-RTC LM 8; .NET4.0E)" 18951
192.168.74.151 - - [17/Feb/2013:06:46:15 +0600] "GET /pause/ajaxPause?pauseConfigId=&admin=0 HTTP/1.1" 200 987 "http://callider.kontur/pause/index" "Mozilla/5.0 (Windows NT 6.1; WOW64; rv:18.0) Gecko/20100101 Firefox/18.0" 33310
192.168.74.151 - - [17/Feb/2013:06:46:15 +0600] "GET /tv/useUser HTTP/1.1" 200 432 "http://callider.kontur/pause/index" "Mozilla/5.0 (Windows NT 6.1; WOW64; rv:18.0) Gecko/20100101 Firefox/18.0" 20371
192.168.12.210 - - [17/Feb/2013:06:46:15 +0600] "GET /pause/ajaxPause?pauseConfigId=all&admin=1 HTTP/1.1" 200 1047 "http://callider/pause/index" "Mozilla/4.0 (compatible; MSIE 7.0; Windows NT 6.1; WOW64; Trident/5.0; SLCC2; .NET CLR 2.0.50727; .NET CLR 3.5.30729; .NET CLR 3.0.30729; Media Center PC 6.0; InfoPath.3; .NET4.0C; .NET4.0E)" 55182
192.168.65.56 - - [17/Feb/2013:06:46:16 +0600] "GET /pause/ajaxPause?pauseConfigId=all&admin=1 HTTP/1.1" 200 1046 "http://192.168.65.101/pause/index" "Mozilla/5.0 (Windows NT 5.1; rv:15.0) Gecko/20100101 Firefox/15.0" 28509
192.168.12.61 - - [17/Feb/2013:06:46:17 +0600] "GET /pause/ajaxPause?pauseConfigId=&admin=0 HTTP/1.1" 200 985 "http://callider/pause/index" "Mozilla/4.0 (compatible; MSIE 7.0; Windows NT 6.1; Trident/5.0; SLCC2; .NET CLR 2.0.50727; .NET CLR 3.5.30729; .NET CLR 3.0.30729; Media Center PC 6.0; InfoPath.3; .NET4.0C; .NET4.0E)" 20059
192.168.12.60 - - [17/Feb/2013:06:46:19 +0600] "GET /pause/ajaxPause?pauseConfigId=&admin=0 HTTP/1.1" 200 986 "http://callider/pause/index" "Mozilla/4.0 (compatible; MSIE 8.0; Windows NT 6.1; Trident/4.0; InfoPath.3; .NET4.0C; MS-RTC LM 8; .NET4.0E)" 19437
192.168.12.237 - - [17/Feb/2013:06:46:19 +0600] "GET /pause/ajaxPause?pauseConfigId=&admin=0 HTTP/1.1" 200 987 "http://callider/pause/index" "Mozilla/4.0 (compatible; MSIE 7.0; Windows NT 6.1; Trident/5.0; SLCC2; .NET CLR 2.0.50727; .NET CLR 3.5.30729; .NET CLR 3.0.30729; Media Center PC 6.0; InfoPath.3; .NET4.0C; .NET4.0E)" 23653
192.168.12.204 - - [17/Feb/2013:06:46:19 +0600] "GET /pause/ajaxPause?pauseConfigId=&admin=0 HTTP/1.1" 200 986 "http://callider/pause/index" "Mozilla/4.0 (compatible; MSIE 7.0; Windows NT 6.1; WOW64; Trident/4.0; SLCC2; .NET CLR 2.0.50727; .NET CLR 3.5.30729; .NET CLR 3.0.30729; Media Center PC 6.0; InfoPath.3; .NET4.0C; .NET4.0E; .NET CLR 1.1.4322)" 25688
192.168.74.78 - - [17/Feb/2013:06:46:19 +0600] "GET /pause/ajaxPause?pauseConfigId=&admin=0 HTTP/1.1" 200 986 "http://callider/pause/index" "Mozilla/4.0 (compatible; MSIE 7.0; Windows NT 6.1; WOW64; Trident/5.0; SLCC2; .NET CLR 2.0.50727; .NET CLR 3.5.30729; .NET CLR 3.0.30729; Media Center PC 6.0; InfoPath.3; .NET4.0C; MS-RTC LM 8; .NET4.0E)" 24712
192.168.12.10 - - [17/Feb/2013:06:46:19 +0600] "GET /tv/useUser HTTP/1.1" 200 432 "http://callider/graph/personal" "Mozilla/4.0 (compatible; MSIE 7.0; Windows NT 6.1; Trident/5.0; SLCC2; .NET CLR 2.0.50727; .NET CLR 3.5.30729; .NET CLR 3.0.30729; Media Center PC 6.0; InfoPath.3; .NET4.0C; .NET4.0E; Tablet PC 2.0; MS-RTC LM 8)" 21689
192.168.12.108 - - [17/Feb/2013:06:46:19 +0600] "GET /tv/useUser HTTP/1.1" 200 432 "http://callider/index.php" "Mozilla/4.0 (compatible; MSIE 7.0; Windows NT 6.2; WOW64; Trident/6.0; .NET4.0E; .NET4.0C; InfoPath.3; .NET CLR 3.5.30729; .NET CLR 2.0.50727; .NET CLR 3.0.30729)" 16732
192.168.12.69 - - [17/Feb/2013:06:46:20 +0600] "GET /pause/ajaxPause?pauseConfigId=&admin=0 HTTP/1.1" 200 986 "http://callider/pause/index" "Mozilla/4.0 (compatible; MSIE 7.0; Windows NT 6.1; Trident/5.0; SLCC2; .NET CLR 2.0.50727; .NET CLR 3.5.30729; .NET CLR 3.0.30729; Media Center PC 6.0; InfoPath.3; .NET4.0C; .NET4.0E; Tablet PC 2.0; AskTbFXTV5/5.14.1.20007)" 18162
192.168.74.91 - - [17/Feb/2013:06:46:20 +0600] "GET /pause/ajaxPause?pauseConfigId=&admin=0 HTTP/1.1" 200 986 "http://callider/pause/index" "Mozilla/4.0 (compatible; MSIE 7.0; Windows NT 6.1; WOW64; Trident/5.0; SLCC2; .NET CLR 2.0.50727; .NET CLR 3.5.30729; .NET CLR 3.0.30729; Media Center PC 6.0; InfoPath.3; .NET4.0C; MS-RTC LM 8; .NET4.0E)" 20303
192.168.74.151 - - [17/Feb/2013:06:46:20 +0600] "GET /pause/ajaxPause?pauseConfigId=&admin=0 HTTP/1.1" 200 987 "http://callider.kontur/pause/index" "Mozilla/5.0 (Windows NT 6.1; WOW64; rv:18.0) Gecko/20100101 Firefox/18.0" 20276
192.168.12.210 - - [17/Feb/2013:06:46:20 +0600] "GET /pause/ajaxPause?pauseConfigId=all&admin=1 HTTP/1.1" 200 1047 "http://callider/pause/index" "Mozilla/4.0 (compatible; MSIE 7.0; Windows NT 6.1; WOW64; Trident/5.0; SLCC2; .NET CLR 2.0.50727; .NET CLR 3.5.30729; .NET CLR 3.0.30729; Media Center PC 6.0; InfoPath.3; .NET4.0C; .NET4.0E)" 20097
192.168.65.56 - - [17/Feb/2013:06:46:21 +0600] "GET /pause/ajaxPause?pauseConfigId=all&admin=1 HTTP/1.1" 200 1046 "http://192.168.65.101/pause/index" "Mozilla/5.0 (Windows NT 5.1; rv:15.0) Gecko/20100101 Firefox/15.0" 30417
192.168.12.61 - - [17/Feb/2013:06:46:22 +0600] "GET /pause/ajaxPause?pauseConfigId=&admin=0 HTTP/1.1" 200 986 "http://callider/pause/index" "Mozilla/4.0 (compatible; MSIE 7.0; Windows NT 6.1; Trident/5.0; SLCC2; .NET CLR 2.0.50727; .NET CLR 3.5.30729; .NET CLR 3.0.30729; Media Center PC 6.0; InfoPath.3; .NET4.0C; .NET4.0E)" 31386
192.168.12.60 - - [17/Feb/2013:06:46:24 +0600] "GET /pause/ajaxPause?pauseConfigId=&admin=0 HTTP/1.1" 200 986 "http://callider/pause/index" "Mozilla/4.0 (compatible; MSIE 8.0; Windows NT 6.1; Trident/4.0; InfoPath.3; .NET4.0C; MS-RTC LM 8; .NET4.0E)" 19006
192.168.12.237 - - [17/Feb/2013:06:46:24 +0600] "GET /pause/ajaxPause?pauseConfigId=&admin=0 HTTP/1.1" 200 987 "http://callider/pause/index" "Mozilla/4.0 (compatible; MSIE 7.0; Windows NT 6.1; Trident/5.0; SLCC2; .NET CLR 2.0.50727; .NET CLR 3.5.30729; .NET CLR 3.0.30729; Media Center PC 6.0; InfoPath.3; .NET4.0C; .NET4.0E)" 25702
192.168.12.204 - - [17/Feb/2013:06:46:24 +0600] "GET /pause/ajaxPause?pauseConfigId=&admin=0 HTTP/1.1" 200 986 "http://callider/pause/index" "Mozilla/4.0 (compatible; MSIE 7.0; Windows NT 6.1; WOW64; Trident/4.0; SLCC2; .NET CLR 2.0.50727; .NET CLR 3.5.30729; .NET CLR 3.0.30729; Media Center PC 6.0; InfoPath.3; .NET4.0C; .NET4.0E; .NET CLR 1.1.4322)" 17653
192.168.74.78 - - [17/Feb/2013:06:46:24 +0600] "GET /pause/ajaxPause?pauseConfigId=&admin=0 HTTP/1.1" 200 986 "http://callider/pause/index" "Mozilla/4.0 (compatible; MSIE 7.0; Windows NT 6.1; WOW64; Trident/5.0; SLCC2; .NET CLR 2.0.50727; .NET CLR 3.5.30729; .NET CLR 3.0.30729; Media Center PC 6.0; InfoPath.3; .NET4.0C; MS-RTC LM 8; .NET4.0E)" 18810
192.168.12.69 - - [17/Feb/2013:06:46:25 +0600] "GET /pause/ajaxPause?pauseConfigId=&admin=0 HTTP/1.1" 200 986 "http://callider/pause/index" "Mozilla/4.0 (compatible; MSIE 7.0; Windows NT 6.1; Trident/5.0; SLCC2; .NET CLR 2.0.50727; .NET CLR 3.5.30729; .NET CLR 3.0.30729; Media Center PC 6.0; InfoPath.3; .NET4.0C; .NET4.0E; Tablet PC 2.0; AskTbFXTV5/5.14.1.20007)" 19468
192.168.74.91 - - [17/Feb/2013:06:46:25 +0600] "GET /pause/ajaxPause?pauseConfigId=&admin=0 HTTP/1.1" 200 986 "http://callider/pause/index" "Mozilla/4.0 (compatible; MSIE 7.0; Windows NT 6.1; WOW64; Trident/5.0; SLCC2; .NET CLR 2.0.50727; .NET CLR 3.5.30729; .NET CLR 3.0.30729; Media Center PC 6.0; InfoPath.3; .NET4.0C; MS-RTC LM 8; .NET4.0E)" 17928
192.168.74.151 - - [17/Feb/2013:06:46:25 +0600] "GET /pause/ajaxPause?pauseConfigId=&admin=0 HTTP/1.1" 200 987 "http://callider.kontur/pause/index" "Mozilla/5.0 (Windows NT 6.1; WOW64; rv:18.0) Gecko/20100101 Firefox/18.0" 19167
192.168.12.210 - - [17/Feb/2013:06:46:25 +0600] "GET /pause/ajaxPause?pauseConfigId=all&admin=1 HTTP/1.1" 200 1047 "http://callider/pause/index" "Mozilla/4.0 (compatible; MSIE 7.0; Windows NT 6.1; WOW64; Trident/5.0; SLCC2; .NET CLR 2.0.50727; .NET CLR 3.5.30729; .NET CLR 3.0.30729; Media Center PC 6.0; InfoPath.3; .NET4.0C; .NET4.0E)" 21611
192.168.65.56 - - [17/Feb/2013:06:46:26 +0600] "GET /pause/ajaxPause?pauseConfigId=all&admin=1 HTTP/1.1" 200 1046 "http://192.168.65.101/pause/index" "Mozilla/5.0 (Windows NT 5.1; rv:15.0) Gecko/20100101 Firefox/15.0" 29392
192.168.12.61 - - [17/Feb/2013:06:46:27 +0600] "GET /pause/ajaxPause?pauseConfigId=&admin=0 HTTP/1.1" 200 985 "http://callider/pause/index" "Mozilla/4.0 (compatible; MSIE 7.0; Windows NT 6.1; Trident/5.0; SLCC2; .NET CLR 2.0.50727; .NET CLR 3.5.30729; .NET CLR 3.0.30729; Media Center PC 6.0; InfoPath.3; .NET4.0C; .NET4.0E)" 18462
192.168.12.60 - - [17/Feb/2013:06:46:29 +0600] "GET /pause/ajaxPause?pauseConfigId=&admin=0 HTTP/1.1" 200 986 "http://callider/pause/index" "Mozilla/4.0 (compatible; MSIE 8.0; Windows NT 6.1; Trident/4.0; InfoPath.3; .NET4.0C; MS-RTC LM 8; .NET4.0E)" 23357
192.168.12.237 - - [17/Feb/2013:06:46:29 +0600] "GET /pause/ajaxPause?pauseConfigId=&admin=0 HTTP/1.1" 200 987 "http://callider/pause/index" "Mozilla/4.0 (compatible; MSIE 7.0; Windows NT 6.1; Trident/5.0; SLCC2; .NET CLR 2.0.50727; .NET CLR 3.5.30729; .NET CLR 3.0.30729; Media Center PC 6.0; InfoPath.3; .NET4.0C; .NET4.0E)" 20192
192.168.12.204 - - [17/Feb/2013:06:46:29 +0600] "GET /pause/ajaxPause?pauseConfigId=&admin=0 HTTP/1.1" 200 986 "http://callider/pause/index" "Mozilla/4.0 (compatible; MSIE 7.0; Windows NT 6.1; WOW64; Trident/4.0; SLCC2; .NET CLR 2.0.50727; .NET CLR 3.5.30729; .NET CLR 3.0.30729; Media Center PC 6.0; InfoPath.3; .NET4.0C; .NET4.0E; .NET CLR 1.1.4322)" 19241
192.168.74.78 - - [17/Feb/2013:06:46:29 +0600] "GET /pause/ajaxPause?pauseConfigId=&admin=0 HTTP/1.1" 200 986 "http://callider/pause/index" "Mozilla/4.0 (compatible; MSIE 7.0; Windows NT 6.1; WOW64; Trident/5.0; SLCC2; .NET CLR 2.0.50727; .NET CLR 3.5.30729; .NET CLR 3.0.30729; Media Center PC 6.0; InfoPath.3; .NET4.0C; MS-RTC LM 8; .NET4.0E)" 18252
192.168.12.69 - - [17/Feb/2013:06:46:30 +0600] "GET /pause/ajaxPause?pauseConfigId=&admin=0 HTTP/1.1" 200 986 "http://callider/pause/index" "Mozilla/4.0 (compatible; MSIE 7.0; Windows NT 6.1; Trident/5.0; SLCC2; .NET CLR 2.0.50727; .NET CLR 3.5.30729; .NET CLR 3.0.30729; Media Center PC 6.0; InfoPath.3; .NET4.0C; .NET4.0E; Tablet PC 2.0; AskTbFXTV5/5.14.1.20007)" 28546
192.168.74.91 - - [17/Feb/2013:06:46:30 +0600] "GET /pause/ajaxPause?pauseConfigId=&admin=0 HTTP/1.1" 200 986 "http://callider/pause/index" "Mozilla/4.0 (compatible; MSIE 7.0; Windows NT 6.1; WOW64; Trident/5.0; SLCC2; .NET CLR 2.0.50727; .NET CLR 3.5.30729; .NET CLR 3.0.30729; Media Center PC 6.0; InfoPath.3; .NET4.0C; MS-RTC LM 8; .NET4.0E)" 18042
192.168.74.151 - - [17/Feb/2013:06:46:30 +0600] "GET /pause/ajaxPause?pauseConfigId=&admin=0 HTTP/1.1" 200 987 "http://callider.kontur/pause/index" "Mozilla/5.0 (Windows NT 6.1; WOW64; rv:18.0) Gecko/20100101 Firefox/18.0" 22866
192.168.12.210 - - [17/Feb/2013:06:46:30 +0600] "GET /pause/ajaxPause?pauseConfigId=all&admin=1 HTTP/1.1" 200 1047 "http://callider/pause/index" "Mozilla/4.0 (compatible; MSIE 7.0; Windows NT 6.1; WOW64; Trident/5.0; SLCC2; .NET CLR 2.0.50727; .NET CLR 3.5.30729; .NET CLR 3.0.30729; Media Center PC 6.0; InfoPath.3; .NET4.0C; .NET4.0E)" 18555
192.168.65.56 - - [17/Feb/2013:06:46:31 +0600] "GET /pause/ajaxPause?pauseConfigId=all&admin=1 HTTP/1.1" 200 1046 "http://192.168.65.101/pause/index" "Mozilla/5.0 (Windows NT 5.1; rv:15.0) Gecko/20100101 Firefox/15.0" 48684
192.168.12.61 - - [17/Feb/2013:06:46:32 +0600] "GET /pause/ajaxPause?pauseConfigId=&admin=0 HTTP/1.1" 200 985 "http://callider/pause/index" "Mozilla/4.0 (compatible; MSIE 7.0; Windows NT 6.1; Trident/5.0; SLCC2; .NET CLR 2.0.50727; .NET CLR 3.5.30729; .NET CLR 3.0.30729; Media Center PC 6.0; InfoPath.3; .NET4.0C; .NET4.0E)" 18567
192.168.12.60 - - [17/Feb/2013:06:46:34 +0600] "GET /pause/ajaxPause?pauseConfigId=&admin=0 HTTP/1.1" 200 986 "http://callider/pause/index" "Mozilla/4.0 (compatible; MSIE 8.0; Windows NT 6.1; Trident/4.0; InfoPath.3; .NET4.0C; MS-RTC LM 8; .NET4.0E)" 19991
192.168.12.237 - - [17/Feb/2013:06:46:34 +0600] "GET /pause/ajaxPause?pauseConfigId=&admin=0 HTTP/1.1" 200 987 "http://callider/pause/index" "Mozilla/4.0 (compatible; MSIE 7.0; Windows NT 6.1; Trident/5.0; SLCC2; .NET CLR 2.0.50727; .NET CLR 3.5.30729; .NET CLR 3.0.30729; Media Center PC 6.0; InfoPath.3; .NET4.0C; .NET4.0E)" 20322
192.168.12.204 - - [17/Feb/2013:06:46:34 +0600] "GET /pause/ajaxPause?pauseConfigId=&admin=0 HTTP/1.1" 200 986 "http://callider/pause/index" "Mozilla/4.0 (compatible; MSIE 7.0; Windows NT 6.1; WOW64; Trident/4.0; SLCC2; .NET CLR 2.0.50727; .NET CLR 3.5.30729; .NET CLR 3.0.30729; Media Center PC 6.0; InfoPath.3; .NET4.0C; .NET4.0E; .NET CLR 1.1.4322)" 20437
192.168.74.78 - - [17/Feb/2013:06:46:34 +0600] "GET /pause/ajaxPause?pauseConfigId=&admin=0 HTTP/1.1" 200 986 "http://callider/pause/index" "Mozilla/4.0 (compatible; MSIE 7.0; Windows NT 6.1; WOW64; Trident/5.0; SLCC2; .NET CLR 2.0.50727; .NET CLR 3.5.30729; .NET CLR 3.0.30729; Media Center PC 6.0; InfoPath.3; .NET4.0C; MS-RTC LM 8; .NET4.0E)" 21824
192.168.12.67 - - [17/Feb/2013:06:46:34 +0600] "GET /tv/useUser HTTP/1.1" 200 432 "http://callider/graph/personal" "Mozilla/4.0 (compatible; MSIE 7.0; Windows NT 6.1; Trident/5.0; SLCC2; .NET CLR 2.0.50727; .NET CLR 3.5.30729; .NET CLR 3.0.30729; Media Center PC 6.0; .NET4.0C; .NET4.0E; InfoPath.3; Tablet PC 2.0; MS-RTC LM 8)" 18629
192.168.12.69 - - [17/Feb/2013:06:46:35 +0600] "GET /pause/ajaxPause?pauseConfigId=&admin=0 HTTP/1.1" 200 986 "http://callider/pause/index" "Mozilla/4.0 (compatible; MSIE 7.0; Windows NT 6.1; Trident/5.0; SLCC2; .NET CLR 2.0.50727; .NET CLR 3.5.30729; .NET CLR 3.0.30729; Media Center PC 6.0; InfoPath.3; .NET4.0C; .NET4.0E; Tablet PC 2.0; AskTbFXTV5/5.14.1.20007)" 20425
192.168.74.91 - - [17/Feb/2013:06:46:35 +0600] "GET /pause/ajaxPause?pauseConfigId=&admin=0 HTTP/1.1" 200 986 "http://callider/pause/index" "Mozilla/4.0 (compatible; MSIE 7.0; Windows NT 6.1; WOW64; Trident/5.0; SLCC2; .NET CLR 2.0.50727; .NET CLR 3.5.30729; .NET CLR 3.0.30729; Media Center PC 6.0; InfoPath.3; .NET4.0C; MS-RTC LM 8; .NET4.0E)" 21132
192.168.74.151 - - [17/Feb/2013:06:46:35 +0600] "GET /pause/ajaxPause?pauseConfigId=&admin=0 HTTP/1.1" 200 987 "http://callider.kontur/pause/index" "Mozilla/5.0 (Windows NT 6.1; WOW64; rv:18.0) Gecko/20100101 Firefox/18.0" 21033
192.168.12.210 - - [17/Feb/2013:06:46:35 +0600] "GET /pause/ajaxPause?pauseConfigId=all&admin=1 HTTP/1.1" 200 1047 "http://callider/pause/index" "Mozilla/4.0 (compatible; MSIE 7.0; Windows NT 6.1; WOW64; Trident/5.0; SLCC2; .NET CLR 2.0.50727; .NET CLR 3.5.30729; .NET CLR 3.0.30729; Media Center PC 6.0; InfoPath.3; .NET4.0C; .NET4.0E)" 17316
192.168.65.56 - - [17/Feb/2013:06:46:36 +0600] "GET /pause/ajaxPause?pauseConfigId=all&admin=1 HTTP/1.1" 200 1046 "http://192.168.65.101/pause/index" "Mozilla/5.0 (Windows NT 5.1; rv:15.0) Gecko/20100101 Firefox/15.0" 29119
192.168.12.61 - - [17/Feb/2013:06:46:37 +0600] "GET /pause/ajaxPause?pauseConfigId=&admin=0 HTTP/1.1" 200 985 "http://callider/pause/index" "Mozilla/4.0 (compatible; MSIE 7.0; Windows NT 6.1; Trident/5.0; SLCC2; .NET CLR 2.0.50727; .NET CLR 3.5.30729; .NET CLR 3.0.30729; Media Center PC 6.0; InfoPath.3; .NET4.0C; .NET4.0E)" 26465
192.168.74.93 - - [17/Feb/2013:06:46:38 +0600] "GET /tv/useUser HTTP/1.1" 200 432 "http://callider/graph/personal" "Mozilla/4.0 (compatible; MSIE 7.0; Windows NT 6.1; WOW64; Trident/5.0; SLCC2; .NET CLR 2.0.50727; .NET CLR 3.5.30729; .NET CLR 3.0.30729; Media Center PC 6.0; InfoPath.3; .NET4.0C; .NET4.0E)" 16098
192.168.12.60 - - [17/Feb/2013:06:46:39 +0600] "GET /pause/ajaxPause?pauseConfigId=&admin=0 HTTP/1.1" 200 986 "http://callider/pause/index" "Mozilla/4.0 (compatible; MSIE 8.0; Windows NT 6.1; Trident/4.0; InfoPath.3; .NET4.0C; MS-RTC LM 8; .NET4.0E)" 18453
192.168.12.237 - - [17/Feb/2013:06:46:39 +0600] "GET /pause/ajaxPause?pauseConfigId=&admin=0 HTTP/1.1" 200 987 "http://callider/pause/index" "Mozilla/4.0 (compatible; MSIE 7.0; Windows NT 6.1; Trident/5.0; SLCC2; .NET CLR 2.0.50727; .NET CLR 3.5.30729; .NET CLR 3.0.30729; Media Center PC 6.0; InfoPath.3; .NET4.0C; .NET4.0E)" 21178
192.168.12.210 - - [17/Feb/2013:06:46:39 +0600] "GET /tv/useUser HTTP/1.1" 200 431 "http://callider/graph/general" "Mozilla/4.0 (compatible; MSIE 7.0; Windows NT 6.1; WOW64; Trident/5.0; SLCC2; .NET CLR 2.0.50727; .NET CLR 3.5.30729; .NET CLR 3.0.30729; Media Center PC 6.0; InfoPath.3; .NET4.0C; .NET4.0E)" 8327
192.168.12.204 - - [17/Feb/2013:06:46:39 +0600] "GET /pause/ajaxPause?pauseConfigId=&admin=0 HTTP/1.1" 200 986 "http://callider/pause/index" "Mozilla/4.0 (compatible; MSIE 7.0; Windows NT 6.1; WOW64; Trident/4.0; SLCC2; .NET CLR 2.0.50727; .NET CLR 3.5.30729; .NET CLR 3.0.30729; Media Center PC 6.0; InfoPath.3; .NET4.0C; .NET4.0E; .NET CLR 1.1.4322)" 23571
192.168.74.78 - - [17/Feb/2013:06:46:39 +0600] "GET /pause/ajaxPause?pauseConfigId=&admin=0 HTTP/1.1" 200 986 "http://callider/pause/index" "Mozilla/4.0 (compatible; MSIE 7.0; Windows NT 6.1; WOW64; Trident/5.0; SLCC2; .NET CLR 2.0.50727; .NET CLR 3.5.30729; .NET CLR 3.0.30729; Media Center PC 6.0; InfoPath.3; .NET4.0C; MS-RTC LM 8; .NET4.0E)" 25469
192.168.12.69 - - [17/Feb/2013:06:46:40 +0600] "GET /pause/ajaxPause?pauseConfigId=&admin=0 HTTP/1.1" 200 986 "http://callider/pause/index" "Mozilla/4.0 (compatible; MSIE 7.0; Windows NT 6.1; Trident/5.0; SLCC2; .NET CLR 2.0.50727; .NET CLR 3.5.30729; .NET CLR 3.0.30729; Media Center PC 6.0; InfoPath.3; .NET4.0C; .NET4.0E; Tablet PC 2.0; AskTbFXTV5/5.14.1.20007)" 18065
192.168.74.91 - - [17/Feb/2013:06:46:40 +0600] "GET /pause/ajaxPause?pauseConfigId=&admin=0 HTTP/1.1" 200 986 "http://callider/pause/index" "Mozilla/4.0 (compatible; MSIE 7.0; Windows NT 6.1; WOW64; Trident/5.0; SLCC2; .NET CLR 2.0.50727; .NET CLR 3.5.30729; .NET CLR 3.0.30729; Media Center PC 6.0; InfoPath.3; .NET4.0C; MS-RTC LM 8; .NET4.0E)" 21922
192.168.74.151 - - [17/Feb/2013:06:46:40 +0600] "GET /pause/ajaxPause?pauseConfigId=&admin=0 HTTP/1.1" 200 987 "http://callider.kontur/pause/index" "Mozilla/5.0 (Windows NT 6.1; WOW64; rv:18.0) Gecko/20100101 Firefox/18.0" 19442
192.168.12.210 - - [17/Feb/2013:06:46:40 +0600] "GET /pause/ajaxPause?pauseConfigId=all&admin=1 HTTP/1.1" 200 1047 "http://callider/pause/index" "Mozilla/4.0 (compatible; MSIE 7.0; Windows NT 6.1; WOW64; Trident/5.0; SLCC2; .NET CLR 2.0.50727; .NET CLR 3.5.30729; .NET CLR 3.0.30729; Media Center PC 6.0; InfoPath.3; .NET4.0C; .NET4.0E)" 124297
192.168.12.9 - - [17/Feb/2013:06:46:41 +0600] "GET /tv/useUser HTTP/1.1" 200 432 "http://callider.kontur/site/index" "Mozilla/5.0 (Windows NT 6.1; WOW64) AppleWebKit/537.17 (KHTML, like Gecko) Chrome/24.0.1312.57 Safari/537.17" 15706
192.168.65.56 - - [17/Feb/2013:06:46:41 +0600] "GET /pause/ajaxPause?pauseConfigId=all&admin=1 HTTP/1.1" 200 1046 "http://192.168.65.101/pause/index" "Mozilla/5.0 (Windows NT 5.1; rv:15.0) Gecko/20100101 Firefox/15.0" 33382
192.168.12.61 - - [17/Feb/2013:06:46:42 +0600] "GET /pause/ajaxPause?pauseConfigId=&admin=0 HTTP/1.1" 200 985 "http://callider/pause/index" "Mozilla/4.0 (compatible; MSIE 7.0; Windows NT 6.1; Trident/5.0; SLCC2; .NET CLR 2.0.50727; .NET CLR 3.5.30729; .NET CLR 3.0.30729; Media Center PC 6.0; InfoPath.3; .NET4.0C; .NET4.0E)" 18201
192.168.12.60 - - [17/Feb/2013:06:46:44 +0600] "GET /pause/ajaxPause?pauseConfigId=&admin=0 HTTP/1.1" 200 986 "http://callider/pause/index" "Mozilla/4.0 (compatible; MSIE 8.0; Windows NT 6.1; Trident/4.0; InfoPath.3; .NET4.0C; MS-RTC LM 8; .NET4.0E)" 25742
192.168.12.237 - - [17/Feb/2013:06:46:44 +0600] "GET /pause/ajaxPause?pauseConfigId=&admin=0 HTTP/1.1" 200 987 "http://callider/pause/index" "Mozilla/4.0 (compatible; MSIE 7.0; Windows NT 6.1; Trident/5.0; SLCC2; .NET CLR 2.0.50727; .NET CLR 3.5.30729; .NET CLR 3.0.30729; Media Center PC 6.0; InfoPath.3; .NET4.0C; .NET4.0E)" 22396
192.168.12.204 - - [17/Feb/2013:06:46:44 +0600] "GET /pause/ajaxPause?pauseConfigId=&admin=0 HTTP/1.1" 200 986 "http://callider/pause/index" "Mozilla/4.0 (compatible; MSIE 7.0; Windows NT 6.1; WOW64; Trident/4.0; SLCC2; .NET CLR 2.0.50727; .NET CLR 3.5.30729; .NET CLR 3.0.30729; Media Center PC 6.0; InfoPath.3; .NET4.0C; .NET4.0E; .NET CLR 1.1.4322)" 19678
192.168.74.78 - - [17/Feb/2013:06:46:44 +0600] "GET /pause/ajaxPause?pauseConfigId=&admin=0 HTTP/1.1" 200 986 "http://callider/pause/index" "Mozilla/4.0 (compatible; MSIE 7.0; Windows NT 6.1; WOW64; Trident/5.0; SLCC2; .NET CLR 2.0.50727; .NET CLR 3.5.30729; .NET CLR 3.0.30729; Media Center PC 6.0; InfoPath.3; .NET4.0C; MS-RTC LM 8; .NET4.0E)" 105559
192.168.12.69 - - [17/Feb/2013:06:46:45 +0600] "GET /pause/ajaxPause?pauseConfigId=&admin=0 HTTP/1.1" 200 986 "http://callider/pause/index" "Mozilla/4.0 (compatible; MSIE 7.0; Windows NT 6.1; Trident/5.0; SLCC2; .NET CLR 2.0.50727; .NET CLR 3.5.30729; .NET CLR 3.0.30729; Media Center PC 6.0; InfoPath.3; .NET4.0C; .NET4.0E; Tablet PC 2.0; AskTbFXTV5/5.14.1.20007)" 21006
192.168.74.91 - - [17/Feb/2013:06:46:45 +0600] "GET /pause/ajaxPause?pauseConfigId=&admin=0 HTTP/1.1" 200 986 "http://callider/pause/index" "Mozilla/4.0 (compatible; MSIE 7.0; Windows NT 6.1; WOW64; Trident/5.0; SLCC2; .NET CLR 2.0.50727; .NET CLR 3.5.30729; .NET CLR 3.0.30729; Media Center PC 6.0; InfoPath.3; .NET4.0C; MS-RTC LM 8; .NET4.0E)" 26327
192.168.74.151 - - [17/Feb/2013:06:46:45 +0600] "GET /pause/ajaxPause?pauseConfigId=&admin=0 HTTP/1.1" 200 987 "http://callider.kontur/pause/index" "Mozilla/5.0 (Windows NT 6.1; WOW64; rv:18.0) Gecko/20100101 Firefox/18.0" 24601
192.168.12.210 - - [17/Feb/2013:06:46:45 +0600] "GET /pause/ajaxPause?pauseConfigId=all&admin=1 HTTP/1.1" 200 1047 "http://callider/pause/index" "Mozilla/4.0 (compatible; MSIE 7.0; Windows NT 6.1; WOW64; Trident/5.0; SLCC2; .NET CLR 2.0.50727; .NET CLR 3.5.30729; .NET CLR 3.0.30729; Media Center PC 6.0; InfoPath.3; .NET4.0C; .NET4.0E)" 20048
192.168.65.56 - - [17/Feb/2013:06:46:46 +0600] "GET /pause/ajaxPause?pauseConfigId=all&admin=1 HTTP/1.1" 200 1046 "http://192.168.65.101/pause/index" "Mozilla/5.0 (Windows NT 5.1; rv:15.0) Gecko/20100101 Firefox/15.0" 75845
192.168.12.61 - - [17/Feb/2013:06:46:47 +0600] "GET /pause/ajaxPause?pauseConfigId=&admin=0 HTTP/1.1" 200 985 "http://callider/pause/index" "Mozilla/4.0 (compatible; MSIE 7.0; Windows NT 6.1; Trident/5.0; SLCC2; .NET CLR 2.0.50727; .NET CLR 3.5.30729; .NET CLR 3.0.30729; Media Center PC 6.0; InfoPath.3; .NET4.0C; .NET4.0E)" 25048
192.168.12.60 - - [17/Feb/2013:06:46:49 +0600] "GET /pause/ajaxPause?pauseConfigId=&admin=0 HTTP/1.1" 200 986 "http://callider/pause/index" "Mozilla/4.0 (compatible; MSIE 8.0; Windows NT 6.1; Trident/4.0; InfoPath.3; .NET4.0C; MS-RTC LM 8; .NET4.0E)" 19019
192.168.12.210 - - [17/Feb/2013:06:46:49 +0600] "GET /tv/useUser HTTP/1.1" 200 431 "http://callider/pause/index" "Mozilla/4.0 (compatible; MSIE 7.0; Windows NT 6.1; WOW64; Trident/5.0; SLCC2; .NET CLR 2.0.50727; .NET CLR 3.5.30729; .NET CLR 3.0.30729; Media Center PC 6.0; InfoPath.3; .NET4.0C; .NET4.0E)" 7960
192.168.12.237 - - [17/Feb/2013:06:46:49 +0600] "GET /pause/ajaxPause?pauseConfigId=&admin=0 HTTP/1.1" 200 987 "http://callider/pause/index" "Mozilla/4.0 (compatible; MSIE 7.0; Windows NT 6.1; Trident/5.0; SLCC2; .NET CLR 2.0.50727; .NET CLR 3.5.30729; .NET CLR 3.0.30729; Media Center PC 6.0; InfoPath.3; .NET4.0C; .NET4.0E)" 25610
192.168.12.204 - - [17/Feb/2013:06:46:49 +0600] "GET /pause/ajaxPause?pauseConfigId=&admin=0 HTTP/1.1" 200 986 "http://callider/pause/index" "Mozilla/4.0 (compatible; MSIE 7.0; Windows NT 6.1; WOW64; Trident/4.0; SLCC2; .NET CLR 2.0.50727; .NET CLR 3.5.30729; .NET CLR 3.0.30729; Media Center PC 6.0; InfoPath.3; .NET4.0C; .NET4.0E; .NET CLR 1.1.4322)" 20258
192.168.74.78 - - [17/Feb/2013:06:46:49 +0600] "GET /pause/ajaxPause?pauseConfigId=&admin=0 HTTP/1.1" 200 986 "http://callider/pause/index" "Mozilla/4.0 (compatible; MSIE 7.0; Windows NT 6.1; WOW64; Trident/5.0; SLCC2; .NET CLR 2.0.50727; .NET CLR 3.5.30729; .NET CLR 3.0.30729; Media Center PC 6.0; InfoPath.3; .NET4.0C; MS-RTC LM 8; .NET4.0E)" 20958
192.168.12.69 - - [17/Feb/2013:06:46:50 +0600] "GET /pause/ajaxPause?pauseConfigId=&admin=0 HTTP/1.1" 200 986 "http://callider/pause/index" "Mozilla/4.0 (compatible; MSIE 7.0; Windows NT 6.1; Trident/5.0; SLCC2; .NET CLR 2.0.50727; .NET CLR 3.5.30729; .NET CLR 3.0.30729; Media Center PC 6.0; InfoPath.3; .NET4.0C; .NET4.0E; Tablet PC 2.0; AskTbFXTV5/5.14.1.20007)" 17390
192.168.74.91 - - [17/Feb/2013:06:46:50 +0600] "GET /pause/ajaxPause?pauseConfigId=&admin=0 HTTP/1.1" 200 986 "http://callider/pause/index" "Mozilla/4.0 (compatible; MSIE 7.0; Windows NT 6.1; WOW64; Trident/5.0; SLCC2; .NET CLR 2.0.50727; .NET CLR 3.5.30729; .NET CLR 3.0.30729; Media Center PC 6.0; InfoPath.3; .NET4.0C; MS-RTC LM 8; .NET4.0E)" 18718
192.168.74.151 - - [17/Feb/2013:06:46:50 +0600] "GET /pause/ajaxPause?pauseConfigId=&admin=0 HTTP/1.1" 200 987 "http://callider.kontur/pause/index" "Mozilla/5.0 (Windows NT 6.1; WOW64; rv:18.0) Gecko/20100101 Firefox/18.0" 27606
192.168.12.210 - - [17/Feb/2013:06:46:50 +0600] "GET /pause/ajaxPause?pauseConfigId=all&admin=1 HTTP/1.1" 200 1047 "http://callider/pause/index" "Mozilla/4.0 (compatible; MSIE 7.0; Windows NT 6.1; WOW64; Trident/5.0; SLCC2; .NET CLR 2.0.50727; .NET CLR 3.5.30729; .NET CLR 3.0.30729; Media Center PC 6.0; InfoPath.3; .NET4.0C; .NET4.0E)" 301083
192.168.65.56 - - [17/Feb/2013:06:46:51 +0600] "GET /pause/ajaxPause?pauseConfigId=all&admin=1 HTTP/1.1" 200 1046 "http://192.168.65.101/pause/index" "Mozilla/5.0 (Windows NT 5.1; rv:15.0) Gecko/20100101 Firefox/15.0" 28118
192.168.65.56 - - [17/Feb/2013:06:46:51 +0600] "GET /tv/useUser HTTP/1.1" 200 431 "http://192.168.65.101/pause/index" "Mozilla/5.0 (Windows NT 5.1; rv:15.0) Gecko/20100101 Firefox/15.0" 16379
192.168.12.61 - - [17/Feb/2013:06:46:52 +0600] "GET /pause/ajaxPause?pauseConfigId=&admin=0 HTTP/1.1" 200 986 "http://callider/pause/index" "Mozilla/4.0 (compatible; MSIE 7.0; Windows NT 6.1; Trident/5.0; SLCC2; .NET CLR 2.0.50727; .NET CLR 3.5.30729; .NET CLR 3.0.30729; Media Center PC 6.0; InfoPath.3; .NET4.0C; .NET4.0E)" 52921
192.168.12.60 - - [17/Feb/2013:06:46:54 +0600] "GET /pause/ajaxPause?pauseConfigId=&admin=0 HTTP/1.1" 200 986 "http://callider/pause/index" "Mozilla/4.0 (compatible; MSIE 8.0; Windows NT 6.1; Trident/4.0; InfoPath.3; .NET4.0C; MS-RTC LM 8; .NET4.0E)" 18696
192.168.12.237 - - [17/Feb/2013:06:46:54 +0600] "GET /pause/ajaxPause?pauseConfigId=&admin=0 HTTP/1.1" 200 987 "http://callider/pause/index" "Mozilla/4.0 (compatible; MSIE 7.0; Windows NT 6.1; Trident/5.0; SLCC2; .NET CLR 2.0.50727; .NET CLR 3.5.30729; .NET CLR 3.0.30729; Media Center PC 6.0; InfoPath.3; .NET4.0C; .NET4.0E)" 37953
192.168.12.204 - - [17/Feb/2013:06:46:54 +0600] "GET /pause/ajaxPause?pauseConfigId=&admin=0 HTTP/1.1" 200 986 "http://callider/pause/index" "Mozilla/4.0 (compatible; MSIE 7.0; Windows NT 6.1; WOW64; Trident/4.0; SLCC2; .NET CLR 2.0.50727; .NET CLR 3.5.30729; .NET CLR 3.0.30729; Media Center PC 6.0; InfoPath.3; .NET4.0C; .NET4.0E; .NET CLR 1.1.4322)" 22599
192.168.74.78 - - [17/Feb/2013:06:46:54 +0600] "GET /pause/ajaxPause?pauseConfigId=&admin=0 HTTP/1.1" 200 986 "http://callider/pause/index" "Mozilla/4.0 (compatible; MSIE 7.0; Windows NT 6.1; WOW64; Trident/5.0; SLCC2; .NET CLR 2.0.50727; .NET CLR 3.5.30729; .NET CLR 3.0.30729; Media Center PC 6.0; InfoPath.3; .NET4.0C; MS-RTC LM 8; .NET4.0E)" 21349
192.168.12.69 - - [17/Feb/2013:06:46:55 +0600] "GET /pause/ajaxPause?pauseConfigId=&admin=0 HTTP/1.1" 200 986 "http://callider/pause/index" "Mozilla/4.0 (compatible; MSIE 7.0; Windows NT 6.1; Trident/5.0; SLCC2; .NET CLR 2.0.50727; .NET CLR 3.5.30729; .NET CLR 3.0.30729; Media Center PC 6.0; InfoPath.3; .NET4.0C; .NET4.0E; Tablet PC 2.0; AskTbFXTV5/5.14.1.20007)" 20661
192.168.74.91 - - [17/Feb/2013:06:46:55 +0600] "GET /pause/ajaxPause?pauseConfigId=&admin=0 HTTP/1.1" 200 986 "http://callider/pause/index" "Mozilla/4.0 (compatible; MSIE 7.0; Windows NT 6.1; WOW64; Trident/5.0; SLCC2; .NET CLR 2.0.50727; .NET CLR 3.5.30729; .NET CLR 3.0.30729; Media Center PC 6.0; InfoPath.3; .NET4.0C; MS-RTC LM 8; .NET4.0E)" 20696
192.168.74.151 - - [17/Feb/2013:06:46:55 +0600] "GET /pause/ajaxPause?pauseConfigId=&admin=0 HTTP/1.1" 200 987 "http://callider.kontur/pause/index" "Mozilla/5.0 (Windows NT 6.1; WOW64; rv:18.0) Gecko/20100101 Firefox/18.0" 21457
192.168.12.210 - - [17/Feb/2013:06:46:55 +0600] "GET /pause/ajaxPause?pauseConfigId=all&admin=1 HTTP/1.1" 200 1047 "http://callider/pause/index" "Mozilla/4.0 (compatible; MSIE 7.0; Windows NT 6.1; WOW64; Trident/5.0; SLCC2; .NET CLR 2.0.50727; .NET CLR 3.5.30729; .NET CLR 3.0.30729; Media Center PC 6.0; InfoPath.3; .NET4.0C; .NET4.0E)" 34311
192.168.65.56 - - [17/Feb/2013:06:46:56 +0600] "GET /pause/ajaxPause?pauseConfigId=all&admin=1 HTTP/1.1" 200 1046 "http://192.168.65.101/pause/index" "Mozilla/5.0 (Windows NT 5.1; rv:15.0) Gecko/20100101 Firefox/15.0" 29774
192.168.12.61 - - [17/Feb/2013:06:46:57 +0600] "GET /pause/ajaxPause?pauseConfigId=&admin=0 HTTP/1.1" 200 985 "http://callider/pause/index" "Mozilla/4.0 (compatible; MSIE 7.0; Windows NT 6.1; Trident/5.0; SLCC2; .NET CLR 2.0.50727; .NET CLR 3.5.30729; .NET CLR 3.0.30729; Media Center PC 6.0; InfoPath.3; .NET4.0C; .NET4.0E)" 22985
192.168.12.60 - - [17/Feb/2013:06:46:59 +0600] "GET /pause/ajaxPause?pauseConfigId=&admin=0 HTTP/1.1" 200 986 "http://callider/pause/index" "Mozilla/4.0 (compatible; MSIE 8.0; Windows NT 6.1; Trident/4.0; InfoPath.3; .NET4.0C; MS-RTC LM 8; .NET4.0E)" 18692
192.168.12.237 - - [17/Feb/2013:06:46:59 +0600] "GET /pause/ajaxPause?pauseConfigId=&admin=0 HTTP/1.1" 200 987 "http://callider/pause/index" "Mozilla/4.0 (compatible; MSIE 7.0; Windows NT 6.1; Trident/5.0; SLCC2; .NET CLR 2.0.50727; .NET CLR 3.5.30729; .NET CLR 3.0.30729; Media Center PC 6.0; InfoPath.3; .NET4.0C; .NET4.0E)" 22500
192.168.12.204 - - [17/Feb/2013:06:46:59 +0600] "GET /pause/ajaxPause?pauseConfigId=&admin=0 HTTP/1.1" 200 986 "http://callider/pause/index" "Mozilla/4.0 (compatible; MSIE 7.0; Windows NT 6.1; WOW64; Trident/4.0; SLCC2; .NET CLR 2.0.50727; .NET CLR 3.5.30729; .NET CLR 3.0.30729; Media Center PC 6.0; InfoPath.3; .NET4.0C; .NET4.0E; .NET CLR 1.1.4322)" 18916
192.168.74.78 - - [17/Feb/2013:06:46:59 +0600] "GET /pause/ajaxPause?pauseConfigId=&admin=0 HTTP/1.1" 200 986 "http://callider/pause/index" "Mozilla/4.0 (compatible; MSIE 7.0; Windows NT 6.1; WOW64; Trident/5.0; SLCC2; .NET CLR 2.0.50727; .NET CLR 3.5.30729; .NET CLR 3.0.30729; Media Center PC 6.0; InfoPath.3; .NET4.0C; MS-RTC LM 8; .NET4.0E)" 23326
192.168.12.69 - - [17/Feb/2013:06:47:00 +0600] "GET /pause/ajaxPause?pauseConfigId=&admin=0 HTTP/1.1" 200 986 "http://callider/pause/index" "Mozilla/4.0 (compatible; MSIE 7.0; Windows NT 6.1; Trident/5.0; SLCC2; .NET CLR 2.0.50727; .NET CLR 3.5.30729; .NET CLR 3.0.30729; Media Center PC 6.0; InfoPath.3; .NET4.0C; .NET4.0E; Tablet PC 2.0; AskTbFXTV5/5.14.1.20007)" 18396
192.168.74.91 - - [17/Feb/2013:06:47:00 +0600] "GET /pause/ajaxPause?pauseConfigId=&admin=0 HTTP/1.1" 200 986 "http://callider/pause/index" "Mozilla/4.0 (compatible; MSIE 7.0; Windows NT 6.1; WOW64; Trident/5.0; SLCC2; .NET CLR 2.0.50727; .NET CLR 3.5.30729; .NET CLR 3.0.30729; Media Center PC 6.0; InfoPath.3; .NET4.0C; MS-RTC LM 8; .NET4.0E)" 38142
192.168.74.151 - - [17/Feb/2013:06:47:00 +0600] "GET /pause/ajaxPause?pauseConfigId=&admin=0 HTTP/1.1" 200 987 "http://callider.kontur/pause/index" "Mozilla/5.0 (Windows NT 6.1; WOW64; rv:18.0) Gecko/20100101 Firefox/18.0" 25501
192.168.12.210 - - [17/Feb/2013:06:47:00 +0600] "GET /pause/ajaxPause?pauseConfigId=all&admin=1 HTTP/1.1" 200 1047 "http://callider/pause/index" "Mozilla/4.0 (compatible; MSIE 7.0; Windows NT 6.1; WOW64; Trident/5.0; SLCC2; .NET CLR 2.0.50727; .NET CLR 3.5.30729; .NET CLR 3.0.30729; Media Center PC 6.0; InfoPath.3; .NET4.0C; .NET4.0E)" 21112
192.168.65.56 - - [17/Feb/2013:06:47:01 +0600] "GET /pause/ajaxPause?pauseConfigId=all&admin=1 HTTP/1.1" 200 1046 "http://192.168.65.101/pause/index" "Mozilla/5.0 (Windows NT 5.1; rv:15.0) Gecko/20100101 Firefox/15.0" 33427
192.168.12.61 - - [17/Feb/2013:06:47:02 +0600] "GET /pause/ajaxPause?pauseConfigId=&admin=0 HTTP/1.1" 200 985 "http://callider/pause/index" "Mozilla/4.0 (compatible; MSIE 7.0; Windows NT 6.1; Trident/5.0; SLCC2; .NET CLR 2.0.50727; .NET CLR 3.5.30729; .NET CLR 3.0.30729; Media Center PC 6.0; InfoPath.3; .NET4.0C; .NET4.0E)" 29600
192.168.12.60 - - [17/Feb/2013:06:47:04 +0600] "GET /pause/ajaxPause?pauseConfigId=&admin=0 HTTP/1.1" 200 986 "http://callider/pause/index" "Mozilla/4.0 (compatible; MSIE 8.0; Windows NT 6.1; Trident/4.0; InfoPath.3; .NET4.0C; MS-RTC LM 8; .NET4.0E)" 30435
192.168.12.237 - - [17/Feb/2013:06:47:04 +0600] "GET /pause/ajaxPause?pauseConfigId=&admin=0 HTTP/1.1" 200 987 "http://callider/pause/index" "Mozilla/4.0 (compatible; MSIE 7.0; Windows NT 6.1; Trident/5.0; SLCC2; .NET CLR 2.0.50727; .NET CLR 3.5.30729; .NET CLR 3.0.30729; Media Center PC 6.0; InfoPath.3; .NET4.0C; .NET4.0E)" 40739
192.168.12.204 - - [17/Feb/2013:06:47:04 +0600] "GET /pause/ajaxPause?pauseConfigId=&admin=0 HTTP/1.1" 200 986 "http://callider/pause/index" "Mozilla/4.0 (compatible; MSIE 7.0; Windows NT 6.1; WOW64; Trident/4.0; SLCC2; .NET CLR 2.0.50727; .NET CLR 3.5.30729; .NET CLR 3.0.30729; Media Center PC 6.0; InfoPath.3; .NET4.0C; .NET4.0E; .NET CLR 1.1.4322)" 25442
192.168.74.78 - - [17/Feb/2013:06:47:04 +0600] "GET /pause/ajaxPause?pauseConfigId=&admin=0 HTTP/1.1" 200 986 "http://callider/pause/index" "Mozilla/4.0 (compatible; MSIE 7.0; Windows NT 6.1; WOW64; Trident/5.0; SLCC2; .NET CLR 2.0.50727; .NET CLR 3.5.30729; .NET CLR 3.0.30729; Media Center PC 6.0; InfoPath.3; .NET4.0C; MS-RTC LM 8; .NET4.0E)" 20229
192.168.12.61 - - [17/Feb/2013:06:47:05 +0600] "GET /tv/useUser HTTP/1.1" 200 431 "http://callider/pause/index" "Mozilla/4.0 (compatible; MSIE 7.0; Windows NT 6.1; Trident/5.0; SLCC2; .NET CLR 2.0.50727; .NET CLR 3.5.30729; .NET CLR 3.0.30729; Media Center PC 6.0; InfoPath.3; .NET4.0C; .NET4.0E)" 10001
192.168.12.69 - - [17/Feb/2013:06:47:05 +0600] "GET /pause/ajaxPause?pauseConfigId=&admin=0 HTTP/1.1" 200 986 "http://callider/pause/index" "Mozilla/4.0 (compatible; MSIE 7.0; Windows NT 6.1; Trident/5.0; SLCC2; .NET CLR 2.0.50727; .NET CLR 3.5.30729; .NET CLR 3.0.30729; Media Center PC 6.0; InfoPath.3; .NET4.0C; .NET4.0E; Tablet PC 2.0; AskTbFXTV5/5.14.1.20007)" 193370
192.168.74.91 - - [17/Feb/2013:06:47:05 +0600] "GET /pause/ajaxPause?pauseConfigId=&admin=0 HTTP/1.1" 200 986 "http://callider/pause/index" "Mozilla/4.0 (compatible; MSIE 7.0; Windows NT 6.1; WOW64; Trident/5.0; SLCC2; .NET CLR 2.0.50727; .NET CLR 3.5.30729; .NET CLR 3.0.30729; Media Center PC 6.0; InfoPath.3; .NET4.0C; MS-RTC LM 8; .NET4.0E)" 25686
192.168.74.151 - - [17/Feb/2013:06:47:05 +0600] "GET /pause/ajaxPause?pauseConfigId=&admin=0 HTTP/1.1" 200 987 "http://callider.kontur/pause/index" "Mozilla/5.0 (Windows NT 6.1; WOW64; rv:18.0) Gecko/20100101 Firefox/18.0" 24803
192.168.12.210 - - [17/Feb/2013:06:47:05 +0600] "GET /pause/ajaxPause?pauseConfigId=all&admin=1 HTTP/1.1" 200 1047 "http://callider/pause/index" "Mozilla/4.0 (compatible; MSIE 7.0; Windows NT 6.1; WOW64; Trident/5.0; SLCC2; .NET CLR 2.0.50727; .NET CLR 3.5.30729; .NET CLR 3.0.30729; Media Center PC 6.0; InfoPath.3; .NET4.0C; .NET4.0E)" 22803
192.168.65.56 - - [17/Feb/2013:06:47:06 +0600] "GET /pause/ajaxPause?pauseConfigId=all&admin=1 HTTP/1.1" 200 1046 "http://192.168.65.101/pause/index" "Mozilla/5.0 (Windows NT 5.1; rv:15.0) Gecko/20100101 Firefox/15.0" 33242
192.168.12.61 - - [17/Feb/2013:06:47:07 +0600] "GET /pause/ajaxPause?pauseConfigId=&admin=0 HTTP/1.1" 200 985 "http://callider/pause/index" "Mozilla/4.0 (compatible; MSIE 7.0; Windows NT 6.1; Trident/5.0; SLCC2; .NET CLR 2.0.50727; .NET CLR 3.5.30729; .NET CLR 3.0.30729; Media Center PC 6.0; InfoPath.3; .NET4.0C; .NET4.0E)" 18448
192.168.12.60 - - [17/Feb/2013:06:47:09 +0600] "GET /pause/ajaxPause?pauseConfigId=&admin=0 HTTP/1.1" 200 986 "http://callider/pause/index" "Mozilla/4.0 (compatible; MSIE 8.0; Windows NT 6.1; Trident/4.0; InfoPath.3; .NET4.0C; MS-RTC LM 8; .NET4.0E)" 18785
192.168.12.237 - - [17/Feb/2013:06:47:09 +0600] "GET /pause/ajaxPause?pauseConfigId=&admin=0 HTTP/1.1" 200 987 "http://callider/pause/index" "Mozilla/4.0 (compatible; MSIE 7.0; Windows NT 6.1; Trident/5.0; SLCC2; .NET CLR 2.0.50727; .NET CLR 3.5.30729; .NET CLR 3.0.30729; Media Center PC 6.0; InfoPath.3; .NET4.0C; .NET4.0E)" 20783
192.168.12.204 - - [17/Feb/2013:06:47:09 +0600] "GET /pause/ajaxPause?pauseConfigId=&admin=0 HTTP/1.1" 200 986 "http://callider/pause/index" "Mozilla/4.0 (compatible; MSIE 7.0; Windows NT 6.1; WOW64; Trident/4.0; SLCC2; .NET CLR 2.0.50727; .NET CLR 3.5.30729; .NET CLR 3.0.30729; Media Center PC 6.0; InfoPath.3; .NET4.0C; .NET4.0E; .NET CLR 1.1.4322)" 20816
192.168.74.78 - - [17/Feb/2013:06:47:09 +0600] "GET /pause/ajaxPause?pauseConfigId=&admin=0 HTTP/1.1" 200 986 "http://callider/pause/index" "Mozilla/4.0 (compatible; MSIE 7.0; Windows NT 6.1; WOW64; Trident/5.0; SLCC2; .NET CLR 2.0.50727; .NET CLR 3.5.30729; .NET CLR 3.0.30729; Media Center PC 6.0; InfoPath.3; .NET4.0C; MS-RTC LM 8; .NET4.0E)" 20203
192.168.12.69 - - [17/Feb/2013:06:47:10 +0600] "GET /pause/ajaxPause?pauseConfigId=&admin=0 HTTP/1.1" 200 986 "http://callider/pause/index" "Mozilla/4.0 (compatible; MSIE 7.0; Windows NT 6.1; Trident/5.0; SLCC2; .NET CLR 2.0.50727; .NET CLR 3.5.30729; .NET CLR 3.0.30729; Media Center PC 6.0; InfoPath.3; .NET4.0C; .NET4.0E; Tablet PC 2.0; AskTbFXTV5/5.14.1.20007)" 19572
192.168.74.91 - - [17/Feb/2013:06:47:10 +0600] "GET /pause/ajaxPause?pauseConfigId=&admin=0 HTTP/1.1" 200 986 "http://callider/pause/index" "Mozilla/4.0 (compatible; MSIE 7.0; Windows NT 6.1; WOW64; Trident/5.0; SLCC2; .NET CLR 2.0.50727; .NET CLR 3.5.30729; .NET CLR 3.0.30729; Media Center PC 6.0; InfoPath.3; .NET4.0C; MS-RTC LM 8; .NET4.0E)" 47725
192.168.74.151 - - [17/Feb/2013:06:47:10 +0600] "GET /pause/ajaxPause?pauseConfigId=&admin=0 HTTP/1.1" 200 987 "http://callider.kontur/pause/index" "Mozilla/5.0 (Windows NT 6.1; WOW64; rv:18.0) Gecko/20100101 Firefox/18.0" 53052
192.168.12.210 - - [17/Feb/2013:06:47:10 +0600] "GET /pause/ajaxPause?pauseConfigId=all&admin=1 HTTP/1.1" 200 1047 "http://callider/pause/index" "Mozilla/4.0 (compatible; MSIE 7.0; Windows NT 6.1; WOW64; Trident/5.0; SLCC2; .NET CLR 2.0.50727; .NET CLR 3.5.30729; .NET CLR 3.0.30729; Media Center PC 6.0; InfoPath.3; .NET4.0C; .NET4.0E)" 32202
192.168.12.42 - - [17/Feb/2013:06:47:11 +0600] "GET /tv/useUser HTTP/1.1" 200 432 "http://callider/graph/personal" "Mozilla/4.0 (compatible; MSIE 7.0; Windows NT 6.1; WOW64; Trident/5.0; SLCC2; .NET CLR 2.0.50727; .NET CLR 3.5.30729; .NET CLR 3.0.30729; Media Center PC 6.0; InfoPath.3; .NET4.0C; .NET4.0E)" 26906
192.168.65.56 - - [17/Feb/2013:06:47:11 +0600] "GET /pause/ajaxPause?pauseConfigId=all&admin=1 HTTP/1.1" 200 1046 "http://192.168.65.101/pause/index" "Mozilla/5.0 (Windows NT 5.1; rv:15.0) Gecko/20100101 Firefox/15.0" 31549
192.168.12.61 - - [17/Feb/2013:06:47:12 +0600] "GET /pause/ajaxPause?pauseConfigId=&admin=0 HTTP/1.1" 200 986 "http://callider/pause/index" "Mozilla/4.0 (compatible; MSIE 7.0; Windows NT 6.1; Trident/5.0; SLCC2; .NET CLR 2.0.50727; .NET CLR 3.5.30729; .NET CLR 3.0.30729; Media Center PC 6.0; InfoPath.3; .NET4.0C; .NET4.0E)" 43379
192.168.74.151 - - [17/Feb/2013:06:47:13 +0600] "GET /tv/useUser HTTP/1.1" 200 431 "http://callider.kontur/graph/general" "Mozilla/5.0 (Windows NT 6.1; WOW64; rv:18.0) Gecko/20100101 Firefox/18.0" 12103
192.168.12.60 - - [17/Feb/2013:06:47:14 +0600] "GET /pause/ajaxPause?pauseConfigId=&admin=0 HTTP/1.1" 200 986 "http://callider/pause/index" "Mozilla/4.0 (compatible; MSIE 8.0; Windows NT 6.1; Trident/4.0; InfoPath.3; .NET4.0C; MS-RTC LM 8; .NET4.0E)" 19504
192.168.12.237 - - [17/Feb/2013:06:47:14 +0600] "GET /pause/ajaxPause?pauseConfigId=&admin=0 HTTP/1.1" 200 987 "http://callider/pause/index" "Mozilla/4.0 (compatible; MSIE 7.0; Windows NT 6.1; Trident/5.0; SLCC2; .NET CLR 2.0.50727; .NET CLR 3.5.30729; .NET CLR 3.0.30729; Media Center PC 6.0; InfoPath.3; .NET4.0C; .NET4.0E)" 18941
192.168.12.204 - - [17/Feb/2013:06:47:14 +0600] "GET /pause/ajaxPause?pauseConfigId=&admin=0 HTTP/1.1" 200 986 "http://callider/pause/index" "Mozilla/4.0 (compatible; MSIE 7.0; Windows NT 6.1; WOW64; Trident/4.0; SLCC2; .NET CLR 2.0.50727; .NET CLR 3.5.30729; .NET CLR 3.0.30729; Media Center PC 6.0; InfoPath.3; .NET4.0C; .NET4.0E; .NET CLR 1.1.4322)" 21329
192.168.74.78 - - [17/Feb/2013:06:47:14 +0600] "GET /pause/ajaxPause?pauseConfigId=&admin=0 HTTP/1.1" 200 986 "http://callider/pause/index" "Mozilla/4.0 (compatible; MSIE 7.0; Windows NT 6.1; WOW64; Trident/5.0; SLCC2; .NET CLR 2.0.50727; .NET CLR 3.5.30729; .NET CLR 3.0.30729; Media Center PC 6.0; InfoPath.3; .NET4.0C; MS-RTC LM 8; .NET4.0E)" 22484
192.168.12.69 - - [17/Feb/2013:06:47:15 +0600] "GET /pause/ajaxPause?pauseConfigId=&admin=0 HTTP/1.1" 200 986 "http://callider/pause/index" "Mozilla/4.0 (compatible; MSIE 7.0; Windows NT 6.1; Trident/5.0; SLCC2; .NET CLR 2.0.50727; .NET CLR 3.5.30729; .NET CLR 3.0.30729; Media Center PC 6.0; InfoPath.3; .NET4.0C; .NET4.0E; Tablet PC 2.0; AskTbFXTV5/5.14.1.20007)" 78289
192.168.74.91 - - [17/Feb/2013:06:47:15 +0600] "GET /pause/ajaxPause?pauseConfigId=&admin=0 HTTP/1.1" 200 986 "http://callider/pause/index" "Mozilla/4.0 (compatible; MSIE 7.0; Windows NT 6.1; WOW64; Trident/5.0; SLCC2; .NET CLR 2.0.50727; .NET CLR 3.5.30729; .NET CLR 3.0.30729; Media Center PC 6.0; InfoPath.3; .NET4.0C; MS-RTC LM 8; .NET4.0E)" 20747
192.168.74.151 - - [17/Feb/2013:06:47:15 +0600] "GET /pause/ajaxPause?pauseConfigId=&admin=0 HTTP/1.1" 200 987 "http://callider.kontur/pause/index" "Mozilla/5.0 (Windows NT 6.1; WOW64; rv:18.0) Gecko/20100101 Firefox/18.0" 27233
192.168.74.151 - - [17/Feb/2013:06:47:15 +0600] "GET /tv/useUser HTTP/1.1" 200 432 "http://callider.kontur/pause/index" "Mozilla/5.0 (Windows NT 6.1; WOW64; rv:18.0) Gecko/20100101 Firefox/18.0" 17328
192.168.12.210 - - [17/Feb/2013:06:47:15 +0600] "GET /pause/ajaxPause?pauseConfigId=all&admin=1 HTTP/1.1" 200 1047 "http://callider/pause/index" "Mozilla/4.0 (compatible; MSIE 7.0; Windows NT 6.1; WOW64; Trident/5.0; SLCC2; .NET CLR 2.0.50727; .NET CLR 3.5.30729; .NET CLR 3.0.30729; Media Center PC 6.0; InfoPath.3; .NET4.0C; .NET4.0E)" 18350
192.168.65.56 - - [17/Feb/2013:06:47:16 +0600] "GET /pause/ajaxPause?pauseConfigId=all&admin=1 HTTP/1.1" 200 1046 "http://192.168.65.101/pause/index" "Mozilla/5.0 (Windows NT 5.1; rv:15.0) Gecko/20100101 Firefox/15.0" 29122
192.168.12.61 - - [17/Feb/2013:06:47:17 +0600] "GET /pause/ajaxPause?pauseConfigId=&admin=0 HTTP/1.1" 200 985 "http://callider/pause/index" "Mozilla/4.0 (compatible; MSIE 7.0; Windows NT 6.1; Trident/5.0; SLCC2; .NET CLR 2.0.50727; .NET CLR 3.5.30729; .NET CLR 3.0.30729; Media Center PC 6.0; InfoPath.3; .NET4.0C; .NET4.0E)" 20802
192.168.12.60 - - [17/Feb/2013:06:47:19 +0600] "GET /pause/ajaxPause?pauseConfigId=&admin=0 HTTP/1.1" 200 986 "http://callider/pause/index" "Mozilla/4.0 (compatible; MSIE 8.0; Windows NT 6.1; Trident/4.0; InfoPath.3; .NET4.0C; MS-RTC LM 8; .NET4.0E)" 27988
192.168.12.237 - - [17/Feb/2013:06:47:19 +0600] "GET /pause/ajaxPause?pauseConfigId=&admin=0 HTTP/1.1" 200 987 "http://callider/pause/index" "Mozilla/4.0 (compatible; MSIE 7.0; Windows NT 6.1; Trident/5.0; SLCC2; .NET CLR 2.0.50727; .NET CLR 3.5.30729; .NET CLR 3.0.30729; Media Center PC 6.0; InfoPath.3; .NET4.0C; .NET4.0E)" 19383
192.168.12.204 - - [17/Feb/2013:06:47:19 +0600] "GET /pause/ajaxPause?pauseConfigId=&admin=0 HTTP/1.1" 200 986 "http://callider/pause/index" "Mozilla/4.0 (compatible; MSIE 7.0; Windows NT 6.1; WOW64; Trident/4.0; SLCC2; .NET CLR 2.0.50727; .NET CLR 3.5.30729; .NET CLR 3.0.30729; Media Center PC 6.0; InfoPath.3; .NET4.0C; .NET4.0E; .NET CLR 1.1.4322)" 18150
192.168.74.78 - - [17/Feb/2013:06:47:19 +0600] "GET /pause/ajaxPause?pauseConfigId=&admin=0 HTTP/1.1" 200 986 "http://callider/pause/index" "Mozilla/4.0 (compatible; MSIE 7.0; Windows NT 6.1; WOW64; Trident/5.0; SLCC2; .NET CLR 2.0.50727; .NET CLR 3.5.30729; .NET CLR 3.0.30729; Media Center PC 6.0; InfoPath.3; .NET4.0C; MS-RTC LM 8; .NET4.0E)" 22456
192.168.12.10 - - [17/Feb/2013:06:47:19 +0600] "GET /tv/useUser HTTP/1.1" 200 432 "http://callider/graph/personal" "Mozilla/4.0 (compatible; MSIE 7.0; Windows NT 6.1; Trident/5.0; SLCC2; .NET CLR 2.0.50727; .NET CLR 3.5.30729; .NET CLR 3.0.30729; Media Center PC 6.0; InfoPath.3; .NET4.0C; .NET4.0E; Tablet PC 2.0; MS-RTC LM 8)" 27001
192.168.12.108 - - [17/Feb/2013:06:47:19 +0600] "GET /tv/useUser HTTP/1.1" 200 432 "http://callider/index.php" "Mozilla/4.0 (compatible; MSIE 7.0; Windows NT 6.2; WOW64; Trident/6.0; .NET4.0E; .NET4.0C; InfoPath.3; .NET CLR 3.5.30729; .NET CLR 2.0.50727; .NET CLR 3.0.30729)" 16681
192.168.12.69 - - [17/Feb/2013:06:47:20 +0600] "GET /pause/ajaxPause?pauseConfigId=&admin=0 HTTP/1.1" 200 986 "http://callider/pause/index" "Mozilla/4.0 (compatible; MSIE 7.0; Windows NT 6.1; Trident/5.0; SLCC2; .NET CLR 2.0.50727; .NET CLR 3.5.30729; .NET CLR 3.0.30729; Media Center PC 6.0; InfoPath.3; .NET4.0C; .NET4.0E; Tablet PC 2.0; AskTbFXTV5/5.14.1.20007)" 19008
192.168.74.91 - - [17/Feb/2013:06:47:20 +0600] "GET /pause/ajaxPause?pauseConfigId=&admin=0 HTTP/1.1" 200 986 "http://callider/pause/index" "Mozilla/4.0 (compatible; MSIE 7.0; Windows NT 6.1; WOW64; Trident/5.0; SLCC2; .NET CLR 2.0.50727; .NET CLR 3.5.30729; .NET CLR 3.0.30729; Media Center PC 6.0; InfoPath.3; .NET4.0C; MS-RTC LM 8; .NET4.0E)" 19008
192.168.74.151 - - [17/Feb/2013:06:47:20 +0600] "GET /pause/ajaxPause?pauseConfigId=&admin=0 HTTP/1.1" 200 987 "http://callider.kontur/pause/index" "Mozilla/5.0 (Windows NT 6.1; WOW64; rv:18.0) Gecko/20100101 Firefox/18.0" 20021
192.168.12.210 - - [17/Feb/2013:06:47:20 +0600] "GET /pause/ajaxPause?pauseConfigId=all&admin=1 HTTP/1.1" 200 1047 "http://callider/pause/index" "Mozilla/4.0 (compatible; MSIE 7.0; Windows NT 6.1; WOW64; Trident/5.0; SLCC2; .NET CLR 2.0.50727; .NET CLR 3.5.30729; .NET CLR 3.0.30729; Media Center PC 6.0; InfoPath.3; .NET4.0C; .NET4.0E)" 18359
192.168.65.56 - - [17/Feb/2013:06:47:21 +0600] "GET /pause/ajaxPause?pauseConfigId=all&admin=1 HTTP/1.1" 200 1046 "http://192.168.65.101/pause/index" "Mozilla/5.0 (Windows NT 5.1; rv:15.0) Gecko/20100101 Firefox/15.0" 35340
192.168.12.61 - - [17/Feb/2013:06:47:22 +0600] "GET /pause/ajaxPause?pauseConfigId=&admin=0 HTTP/1.1" 200 985 "http://callider/pause/index" "Mozilla/4.0 (compatible; MSIE 7.0; Windows NT 6.1; Trident/5.0; SLCC2; .NET CLR 2.0.50727; .NET CLR 3.5.30729; .NET CLR 3.0.30729; Media Center PC 6.0; InfoPath.3; .NET4.0C; .NET4.0E)" 34268
192.168.12.60 - - [17/Feb/2013:06:47:24 +0600] "GET /pause/ajaxPause?pauseConfigId=&admin=0 HTTP/1.1" 200 986 "http://callider/pause/index" "Mozilla/4.0 (compatible; MSIE 8.0; Windows NT 6.1; Trident/4.0; InfoPath.3; .NET4.0C; MS-RTC LM 8; .NET4.0E)" 24577
192.168.12.237 - - [17/Feb/2013:06:47:24 +0600] "GET /pause/ajaxPause?pauseConfigId=&admin=0 HTTP/1.1" 200 987 "http://callider/pause/index" "Mozilla/4.0 (compatible; MSIE 7.0; Windows NT 6.1; Trident/5.0; SLCC2; .NET CLR 2.0.50727; .NET CLR 3.5.30729; .NET CLR 3.0.30729; Media Center PC 6.0; InfoPath.3; .NET4.0C; .NET4.0E)" 42473
192.168.12.204 - - [17/Feb/2013:06:47:24 +0600] "GET /pause/ajaxPause?pauseConfigId=&admin=0 HTTP/1.1" 200 986 "http://callider/pause/index" "Mozilla/4.0 (compatible; MSIE 7.0; Windows NT 6.1; WOW64; Trident/4.0; SLCC2; .NET CLR 2.0.50727; .NET CLR 3.5.30729; .NET CLR 3.0.30729; Media Center PC 6.0; InfoPath.3; .NET4.0C; .NET4.0E; .NET CLR 1.1.4322)" 18216
192.168.74.78 - - [17/Feb/2013:06:47:24 +0600] "GET /pause/ajaxPause?pauseConfigId=&admin=0 HTTP/1.1" 200 986 "http://callider/pause/index" "Mozilla/4.0 (compatible; MSIE 7.0; Windows NT 6.1; WOW64; Trident/5.0; SLCC2; .NET CLR 2.0.50727; .NET CLR 3.5.30729; .NET CLR 3.0.30729; Media Center PC 6.0; InfoPath.3; .NET4.0C; MS-RTC LM 8; .NET4.0E)" 21426
192.168.12.69 - - [17/Feb/2013:06:47:25 +0600] "GET /pause/ajaxPause?pauseConfigId=&admin=0 HTTP/1.1" 200 986 "http://callider/pause/index" "Mozilla/4.0 (compatible; MSIE 7.0; Windows NT 6.1; Trident/5.0; SLCC2; .NET CLR 2.0.50727; .NET CLR 3.5.30729; .NET CLR 3.0.30729; Media Center PC 6.0; InfoPath.3; .NET4.0C; .NET4.0E; Tablet PC 2.0; AskTbFXTV5/5.14.1.20007)" 18269
192.168.74.91 - - [17/Feb/2013:06:47:25 +0600] "GET /pause/ajaxPause?pauseConfigId=&admin=0 HTTP/1.1" 200 986 "http://callider/pause/index" "Mozilla/4.0 (compatible; MSIE 7.0; Windows NT 6.1; WOW64; Trident/5.0; SLCC2; .NET CLR 2.0.50727; .NET CLR 3.5.30729; .NET CLR 3.0.30729; Media Center PC 6.0; InfoPath.3; .NET4.0C; MS-RTC LM 8; .NET4.0E)" 20023
192.168.74.151 - - [17/Feb/2013:06:47:25 +0600] "GET /pause/ajaxPause?pauseConfigId=&admin=0 HTTP/1.1" 200 987 "http://callider.kontur/pause/index" "Mozilla/5.0 (Windows NT 6.1; WOW64; rv:18.0) Gecko/20100101 Firefox/18.0" 20227
192.168.12.210 - - [17/Feb/2013:06:47:25 +0600] "GET /pause/ajaxPause?pauseConfigId=all&admin=1 HTTP/1.1" 200 1047 "http://callider/pause/index" "Mozilla/4.0 (compatible; MSIE 7.0; Windows NT 6.1; WOW64; Trident/5.0; SLCC2; .NET CLR 2.0.50727; .NET CLR 3.5.30729; .NET CLR 3.0.30729; Media Center PC 6.0; InfoPath.3; .NET4.0C; .NET4.0E)" 24065
192.168.65.56 - - [17/Feb/2013:06:47:26 +0600] "GET /pause/ajaxPause?pauseConfigId=all&admin=1 HTTP/1.1" 200 1046 "http://192.168.65.101/pause/index" "Mozilla/5.0 (Windows NT 5.1; rv:15.0) Gecko/20100101 Firefox/15.0" 34027
192.168.12.61 - - [17/Feb/2013:06:47:27 +0600] "GET /pause/ajaxPause?pauseConfigId=&admin=0 HTTP/1.1" 200 985 "http://callider/pause/index" "Mozilla/4.0 (compatible; MSIE 7.0; Windows NT 6.1; Trident/5.0; SLCC2; .NET CLR 2.0.50727; .NET CLR 3.5.30729; .NET CLR 3.0.30729; Media Center PC 6.0; InfoPath.3; .NET4.0C; .NET4.0E)" 27330
192.168.12.60 - - [17/Feb/2013:06:47:29 +0600] "GET /pause/ajaxPause?pauseConfigId=&admin=0 HTTP/1.1" 200 986 "http://callider/pause/index" "Mozilla/4.0 (compatible; MSIE 8.0; Windows NT 6.1; Trident/4.0; InfoPath.3; .NET4.0C; MS-RTC LM 8; .NET4.0E)" 23916
192.168.12.237 - - [17/Feb/2013:06:47:29 +0600] "GET /pause/ajaxPause?pauseConfigId=&admin=0 HTTP/1.1" 200 987 "http://callider/pause/index" "Mozilla/4.0 (compatible; MSIE 7.0; Windows NT 6.1; Trident/5.0; SLCC2; .NET CLR 2.0.50727; .NET CLR 3.5.30729; .NET CLR 3.0.30729; Media Center PC 6.0; InfoPath.3; .NET4.0C; .NET4.0E)" 18851
192.168.12.204 - - [17/Feb/2013:06:47:29 +0600] "GET /pause/ajaxPause?pauseConfigId=&admin=0 HTTP/1.1" 200 986 "http://callider/pause/index" "Mozilla/4.0 (compatible; MSIE 7.0; Windows NT 6.1; WOW64; Trident/4.0; SLCC2; .NET CLR 2.0.50727; .NET CLR 3.5.30729; .NET CLR 3.0.30729; Media Center PC 6.0; InfoPath.3; .NET4.0C; .NET4.0E; .NET CLR 1.1.4322)" 18090
192.168.74.78 - - [17/Feb/2013:06:47:29 +0600] "GET /pause/ajaxPause?pauseConfigId=&admin=0 HTTP/1.1" 200 986 "http://callider/pause/index" "Mozilla/4.0 (compatible; MSIE 7.0; Windows NT 6.1; WOW64; Trident/5.0; SLCC2; .NET CLR 2.0.50727; .NET CLR 3.5.30729; .NET CLR 3.0.30729; Media Center PC 6.0; InfoPath.3; .NET4.0C; MS-RTC LM 8; .NET4.0E)" 21154
192.168.12.69 - - [17/Feb/2013:06:47:30 +0600] "GET /pause/ajaxPause?pauseConfigId=&admin=0 HTTP/1.1" 200 986 "http://callider/pause/index" "Mozilla/4.0 (compatible; MSIE 7.0; Windows NT 6.1; Trident/5.0; SLCC2; .NET CLR 2.0.50727; .NET CLR 3.5.30729; .NET CLR 3.0.30729; Media Center PC 6.0; InfoPath.3; .NET4.0C; .NET4.0E; Tablet PC 2.0; AskTbFXTV5/5.14.1.20007)" 22880
192.168.74.91 - - [17/Feb/2013:06:47:30 +0600] "GET /pause/ajaxPause?pauseConfigId=&admin=0 HTTP/1.1" 200 986 "http://callider/pause/index" "Mozilla/4.0 (compatible; MSIE 7.0; Windows NT 6.1; WOW64; Trident/5.0; SLCC2; .NET CLR 2.0.50727; .NET CLR 3.5.30729; .NET CLR 3.0.30729; Media Center PC 6.0; InfoPath.3; .NET4.0C; MS-RTC LM 8; .NET4.0E)" 20413
192.168.74.151 - - [17/Feb/2013:06:47:30 +0600] "GET /pause/ajaxPause?pauseConfigId=&admin=0 HTTP/1.1" 200 987 "http://callider.kontur/pause/index" "Mozilla/5.0 (Windows NT 6.1; WOW64; rv:18.0) Gecko/20100101 Firefox/18.0" 18359
192.168.12.210 - - [17/Feb/2013:06:47:30 +0600] "GET /pause/ajaxPause?pauseConfigId=all&admin=1 HTTP/1.1" 200 1047 "http://callider/pause/index" "Mozilla/4.0 (compatible; MSIE 7.0; Windows NT 6.1; WOW64; Trident/5.0; SLCC2; .NET CLR 2.0.50727; .NET CLR 3.5.30729; .NET CLR 3.0.30729; Media Center PC 6.0; InfoPath.3; .NET4.0C; .NET4.0E)" 19300
192.168.65.56 - - [17/Feb/2013:06:47:31 +0600] "GET /pause/ajaxPause?pauseConfigId=all&admin=1 HTTP/1.1" 200 1046 "http://192.168.65.101/pause/index" "Mozilla/5.0 (Windows NT 5.1; rv:15.0) Gecko/20100101 Firefox/15.0" 29535
192.168.12.61 - - [17/Feb/2013:06:47:32 +0600] "GET /pause/ajaxPause?pauseConfigId=&admin=0 HTTP/1.1" 200 985 "http://callider/pause/index" "Mozilla/4.0 (compatible; MSIE 7.0; Windows NT 6.1; Trident/5.0; SLCC2; .NET CLR 2.0.50727; .NET CLR 3.5.30729; .NET CLR 3.0.30729; Media Center PC 6.0; InfoPath.3; .NET4.0C; .NET4.0E)" 18601
192.168.12.60 - - [17/Feb/2013:06:47:34 +0600] "GET /pause/ajaxPause?pauseConfigId=&admin=0 HTTP/1.1" 200 986 "http://callider/pause/index" "Mozilla/4.0 (compatible; MSIE 8.0; Windows NT 6.1; Trident/4.0; InfoPath.3; .NET4.0C; MS-RTC LM 8; .NET4.0E)" 17474
192.168.12.237 - - [17/Feb/2013:06:47:34 +0600] "GET /pause/ajaxPause?pauseConfigId=&admin=0 HTTP/1.1" 200 987 "http://callider/pause/index" "Mozilla/4.0 (compatible; MSIE 7.0; Windows NT 6.1; Trident/5.0; SLCC2; .NET CLR 2.0.50727; .NET CLR 3.5.30729; .NET CLR 3.0.30729; Media Center PC 6.0; InfoPath.3; .NET4.0C; .NET4.0E)" 18536
192.168.12.204 - - [17/Feb/2013:06:47:34 +0600] "GET /pause/ajaxPause?pauseConfigId=&admin=0 HTTP/1.1" 200 986 "http://callider/pause/index" "Mozilla/4.0 (compatible; MSIE 7.0; Windows NT 6.1; WOW64; Trident/4.0; SLCC2; .NET CLR 2.0.50727; .NET CLR 3.5.30729; .NET CLR 3.0.30729; Media Center PC 6.0; InfoPath.3; .NET4.0C; .NET4.0E; .NET CLR 1.1.4322)" 20568
192.168.74.78 - - [17/Feb/2013:06:47:34 +0600] "GET /pause/ajaxPause?pauseConfigId=&admin=0 HTTP/1.1" 200 986 "http://callider/pause/index" "Mozilla/4.0 (compatible; MSIE 7.0; Windows NT 6.1; WOW64; Trident/5.0; SLCC2; .NET CLR 2.0.50727; .NET CLR 3.5.30729; .NET CLR 3.0.30729; Media Center PC 6.0; InfoPath.3; .NET4.0C; MS-RTC LM 8; .NET4.0E)" 18048
192.168.12.67 - - [17/Feb/2013:06:47:34 +0600] "GET /tv/useUser HTTP/1.1" 200 432 "http://callider/graph/personal" "Mozilla/4.0 (compatible; MSIE 7.0; Windows NT 6.1; Trident/5.0; SLCC2; .NET CLR 2.0.50727; .NET CLR 3.5.30729; .NET CLR 3.0.30729; Media Center PC 6.0; .NET4.0C; .NET4.0E; InfoPath.3; Tablet PC 2.0; MS-RTC LM 8)" 41365
192.168.12.69 - - [17/Feb/2013:06:47:35 +0600] "GET /pause/ajaxPause?pauseConfigId=&admin=0 HTTP/1.1" 200 986 "http://callider/pause/index" "Mozilla/4.0 (compatible; MSIE 7.0; Windows NT 6.1; Trident/5.0; SLCC2; .NET CLR 2.0.50727; .NET CLR 3.5.30729; .NET CLR 3.0.30729; Media Center PC 6.0; InfoPath.3; .NET4.0C; .NET4.0E; Tablet PC 2.0; AskTbFXTV5/5.14.1.20007)" 27159
192.168.74.91 - - [17/Feb/2013:06:47:35 +0600] "GET /pause/ajaxPause?pauseConfigId=&admin=0 HTTP/1.1" 200 986 "http://callider/pause/index" "Mozilla/4.0 (compatible; MSIE 7.0; Windows NT 6.1; WOW64; Trident/5.0; SLCC2; .NET CLR 2.0.50727; .NET CLR 3.5.30729; .NET CLR 3.0.30729; Media Center PC 6.0; InfoPath.3; .NET4.0C; MS-RTC LM 8; .NET4.0E)" 19020
192.168.74.151 - - [17/Feb/2013:06:47:35 +0600] "GET /pause/ajaxPause?pauseConfigId=&admin=0 HTTP/1.1" 200 987 "http://callider.kontur/pause/index" "Mozilla/5.0 (Windows NT 6.1; WOW64; rv:18.0) Gecko/20100101 Firefox/18.0" 19969
192.168.12.210 - - [17/Feb/2013:06:47:35 +0600] "GET /pause/ajaxPause?pauseConfigId=all&admin=1 HTTP/1.1" 200 1047 "http://callider/pause/index" "Mozilla/4.0 (compatible; MSIE 7.0; Windows NT 6.1; WOW64; Trident/5.0; SLCC2; .NET CLR 2.0.50727; .NET CLR 3.5.30729; .NET CLR 3.0.30729; Media Center PC 6.0; InfoPath.3; .NET4.0C; .NET4.0E)" 19167
192.168.65.56 - - [17/Feb/2013:06:47:36 +0600] "GET /pause/ajaxPause?pauseConfigId=all&admin=1 HTTP/1.1" 200 1046 "http://192.168.65.101/pause/index" "Mozilla/5.0 (Windows NT 5.1; rv:15.0) Gecko/20100101 Firefox/15.0" 28474
192.168.12.61 - - [17/Feb/2013:06:47:37 +0600] "GET /pause/ajaxPause?pauseConfigId=&admin=0 HTTP/1.1" 200 985 "http://callider/pause/index" "Mozilla/4.0 (compatible; MSIE 7.0; Windows NT 6.1; Trident/5.0; SLCC2; .NET CLR 2.0.50727; .NET CLR 3.5.30729; .NET CLR 3.0.30729; Media Center PC 6.0; InfoPath.3; .NET4.0C; .NET4.0E)" 21627
192.168.74.93 - - [17/Feb/2013:06:47:38 +0600] "GET /tv/useUser HTTP/1.1" 200 432 "http://callider/graph/personal" "Mozilla/4.0 (compatible; MSIE 7.0; Windows NT 6.1; WOW64; Trident/5.0; SLCC2; .NET CLR 2.0.50727; .NET CLR 3.5.30729; .NET CLR 3.0.30729; Media Center PC 6.0; InfoPath.3; .NET4.0C; .NET4.0E)" 17167
192.168.12.60 - - [17/Feb/2013:06:47:39 +0600] "GET /pause/ajaxPause?pauseConfigId=&admin=0 HTTP/1.1" 200 986 "http://callider/pause/index" "Mozilla/4.0 (compatible; MSIE 8.0; Windows NT 6.1; Trident/4.0; InfoPath.3; .NET4.0C; MS-RTC LM 8; .NET4.0E)" 19195
192.168.12.237 - - [17/Feb/2013:06:47:39 +0600] "GET /pause/ajaxPause?pauseConfigId=&admin=0 HTTP/1.1" 200 987 "http://callider/pause/index" "Mozilla/4.0 (compatible; MSIE 7.0; Windows NT 6.1; Trident/5.0; SLCC2; .NET CLR 2.0.50727; .NET CLR 3.5.30729; .NET CLR 3.0.30729; Media Center PC 6.0; InfoPath.3; .NET4.0C; .NET4.0E)" 24089
192.168.12.210 - - [17/Feb/2013:06:47:39 +0600] "GET /tv/useUser HTTP/1.1" 200 431 "http://callider/graph/general" "Mozilla/4.0 (compatible; MSIE 7.0; Windows NT 6.1; WOW64; Trident/5.0; SLCC2; .NET CLR 2.0.50727; .NET CLR 3.5.30729; .NET CLR 3.0.30729; Media Center PC 6.0; InfoPath.3; .NET4.0C; .NET4.0E)" 7997
192.168.12.204 - - [17/Feb/2013:06:47:39 +0600] "GET /pause/ajaxPause?pauseConfigId=&admin=0 HTTP/1.1" 200 986 "http://callider/pause/index" "Mozilla/4.0 (compatible; MSIE 7.0; Windows NT 6.1; WOW64; Trident/4.0; SLCC2; .NET CLR 2.0.50727; .NET CLR 3.5.30729; .NET CLR 3.0.30729; Media Center PC 6.0; InfoPath.3; .NET4.0C; .NET4.0E; .NET CLR 1.1.4322)" 18949
192.168.74.78 - - [17/Feb/2013:06:47:39 +0600] "GET /pause/ajaxPause?pauseConfigId=&admin=0 HTTP/1.1" 200 986 "http://callider/pause/index" "Mozilla/4.0 (compatible; MSIE 7.0; Windows NT 6.1; WOW64; Trident/5.0; SLCC2; .NET CLR 2.0.50727; .NET CLR 3.5.30729; .NET CLR 3.0.30729; Media Center PC 6.0; InfoPath.3; .NET4.0C; MS-RTC LM 8; .NET4.0E)" 20458
192.168.12.69 - - [17/Feb/2013:06:47:40 +0600] "GET /pause/ajaxPause?pauseConfigId=&admin=0 HTTP/1.1" 200 986 "http://callider/pause/index" "Mozilla/4.0 (compatible; MSIE 7.0; Windows NT 6.1; Trident/5.0; SLCC2; .NET CLR 2.0.50727; .NET CLR 3.5.30729; .NET CLR 3.0.30729; Media Center PC 6.0; InfoPath.3; .NET4.0C; .NET4.0E; Tablet PC 2.0; AskTbFXTV5/5.14.1.20007)" 20034
192.168.74.91 - - [17/Feb/2013:06:47:40 +0600] "GET /pause/ajaxPause?pauseConfigId=&admin=0 HTTP/1.1" 200 986 "http://callider/pause/index" "Mozilla/4.0 (compatible; MSIE 7.0; Windows NT 6.1; WOW64; Trident/5.0; SLCC2; .NET CLR 2.0.50727; .NET CLR 3.5.30729; .NET CLR 3.0.30729; Media Center PC 6.0; InfoPath.3; .NET4.0C; MS-RTC LM 8; .NET4.0E)" 21394
192.168.74.151 - - [17/Feb/2013:06:47:40 +0600] "GET /pause/ajaxPause?pauseConfigId=&admin=0 HTTP/1.1" 200 987 "http://callider.kontur/pause/index" "Mozilla/5.0 (Windows NT 6.1; WOW64; rv:18.0) Gecko/20100101 Firefox/18.0" 25885
192.168.12.210 - - [17/Feb/2013:06:47:40 +0600] "GET /pause/ajaxPause?pauseConfigId=all&admin=1 HTTP/1.1" 200 1047 "http://callider/pause/index" "Mozilla/4.0 (compatible; MSIE 7.0; Windows NT 6.1; WOW64; Trident/5.0; SLCC2; .NET CLR 2.0.50727; .NET CLR 3.5.30729; .NET CLR 3.0.30729; Media Center PC 6.0; InfoPath.3; .NET4.0C; .NET4.0E)" 18979
192.168.12.9 - - [17/Feb/2013:06:47:41 +0600] "GET /tv/useUser HTTP/1.1" 200 432 "http://callider.kontur/site/index" "Mozilla/5.0 (Windows NT 6.1; WOW64) AppleWebKit/537.17 (KHTML, like Gecko) Chrome/24.0.1312.57 Safari/537.17" 18148
192.168.65.56 - - [17/Feb/2013:06:47:41 +0600] "GET /pause/ajaxPause?pauseConfigId=all&admin=1 HTTP/1.1" 200 1046 "http://192.168.65.101/pause/index" "Mozilla/5.0 (Windows NT 5.1; rv:15.0) Gecko/20100101 Firefox/15.0" 28852
192.168.12.61 - - [17/Feb/2013:06:47:42 +0600] "GET /pause/ajaxPause?pauseConfigId=&admin=0 HTTP/1.1" 200 985 "http://callider/pause/index" "Mozilla/4.0 (compatible; MSIE 7.0; Windows NT 6.1; Trident/5.0; SLCC2; .NET CLR 2.0.50727; .NET CLR 3.5.30729; .NET CLR 3.0.30729; Media Center PC 6.0; InfoPath.3; .NET4.0C; .NET4.0E)" 19885
192.168.12.60 - - [17/Feb/2013:06:47:44 +0600] "GET /pause/ajaxPause?pauseConfigId=&admin=0 HTTP/1.1" 200 986 "http://callider/pause/index" "Mozilla/4.0 (compatible; MSIE 8.0; Windows NT 6.1; Trident/4.0; InfoPath.3; .NET4.0C; MS-RTC LM 8; .NET4.0E)" 18588
192.168.12.237 - - [17/Feb/2013:06:47:44 +0600] "GET /pause/ajaxPause?pauseConfigId=&admin=0 HTTP/1.1" 200 987 "http://callider/pause/index" "Mozilla/4.0 (compatible; MSIE 7.0; Windows NT 6.1; Trident/5.0; SLCC2; .NET CLR 2.0.50727; .NET CLR 3.5.30729; .NET CLR 3.0.30729; Media Center PC 6.0; InfoPath.3; .NET4.0C; .NET4.0E)" 19223
192.168.12.204 - - [17/Feb/2013:06:47:44 +0600] "GET /pause/ajaxPause?pauseConfigId=&admin=0 HTTP/1.1" 200 986 "http://callider/pause/index" "Mozilla/4.0 (compatible; MSIE 7.0; Windows NT 6.1; WOW64; Trident/4.0; SLCC2; .NET CLR 2.0.50727; .NET CLR 3.5.30729; .NET CLR 3.0.30729; Media Center PC 6.0; InfoPath.3; .NET4.0C; .NET4.0E; .NET CLR 1.1.4322)" 18999
192.168.74.78 - - [17/Feb/2013:06:47:44 +0600] "GET /pause/ajaxPause?pauseConfigId=&admin=0 HTTP/1.1" 200 986 "http://callider/pause/index" "Mozilla/4.0 (compatible; MSIE 7.0; Windows NT 6.1; WOW64; Trident/5.0; SLCC2; .NET CLR 2.0.50727; .NET CLR 3.5.30729; .NET CLR 3.0.30729; Media Center PC 6.0; InfoPath.3; .NET4.0C; MS-RTC LM 8; .NET4.0E)" 18935
192.168.12.69 - - [17/Feb/2013:06:47:45 +0600] "GET /pause/ajaxPause?pauseConfigId=&admin=0 HTTP/1.1" 200 986 "http://callider/pause/index" "Mozilla/4.0 (compatible; MSIE 7.0; Windows NT 6.1; Trident/5.0; SLCC2; .NET CLR 2.0.50727; .NET CLR 3.5.30729; .NET CLR 3.0.30729; Media Center PC 6.0; InfoPath.3; .NET4.0C; .NET4.0E; Tablet PC 2.0; AskTbFXTV5/5.14.1.20007)" 20336
192.168.74.91 - - [17/Feb/2013:06:47:45 +0600] "GET /pause/ajaxPause?pauseConfigId=&admin=0 HTTP/1.1" 200 986 "http://callider/pause/index" "Mozilla/4.0 (compatible; MSIE 7.0; Windows NT 6.1; WOW64; Trident/5.0; SLCC2; .NET CLR 2.0.50727; .NET CLR 3.5.30729; .NET CLR 3.0.30729; Media Center PC 6.0; InfoPath.3; .NET4.0C; MS-RTC LM 8; .NET4.0E)" 18217
192.168.74.151 - - [17/Feb/2013:06:47:45 +0600] "GET /pause/ajaxPause?pauseConfigId=&admin=0 HTTP/1.1" 200 987 "http://callider.kontur/pause/index" "Mozilla/5.0 (Windows NT 6.1; WOW64; rv:18.0) Gecko/20100101 Firefox/18.0" 19663
192.168.12.210 - - [17/Feb/2013:06:47:45 +0600] "GET /pause/ajaxPause?pauseConfigId=all&admin=1 HTTP/1.1" 200 1047 "http://callider/pause/index" "Mozilla/4.0 (compatible; MSIE 7.0; Windows NT 6.1; WOW64; Trident/5.0; SLCC2; .NET CLR 2.0.50727; .NET CLR 3.5.30729; .NET CLR 3.0.30729; Media Center PC 6.0; InfoPath.3; .NET4.0C; .NET4.0E)" 18118
192.168.65.56 - - [17/Feb/2013:06:47:46 +0600] "GET /pause/ajaxPause?pauseConfigId=all&admin=1 HTTP/1.1" 200 1046 "http://192.168.65.101/pause/index" "Mozilla/5.0 (Windows NT 5.1; rv:15.0) Gecko/20100101 Firefox/15.0" 27281
192.168.12.61 - - [17/Feb/2013:06:47:47 +0600] "GET /pause/ajaxPause?pauseConfigId=&admin=0 HTTP/1.1" 200 986 "http://callider/pause/index" "Mozilla/4.0 (compatible; MSIE 7.0; Windows NT 6.1; Trident/5.0; SLCC2; .NET CLR 2.0.50727; .NET CLR 3.5.30729; .NET CLR 3.0.30729; Media Center PC 6.0; InfoPath.3; .NET4.0C; .NET4.0E)" 36511
192.168.12.210 - - [17/Feb/2013:06:47:49 +0600] "GET /tv/useUser HTTP/1.1" 200 431 "http://callider/pause/index" "Mozilla/4.0 (compatible; MSIE 7.0; Windows NT 6.1; WOW64; Trident/5.0; SLCC2; .NET CLR 2.0.50727; .NET CLR 3.5.30729; .NET CLR 3.0.30729; Media Center PC 6.0; InfoPath.3; .NET4.0C; .NET4.0E)" 11362
192.168.12.60 - - [17/Feb/2013:06:47:49 +0600] "GET /pause/ajaxPause?pauseConfigId=&admin=0 HTTP/1.1" 200 986 "http://callider/pause/index" "Mozilla/4.0 (compatible; MSIE 8.0; Windows NT 6.1; Trident/4.0; InfoPath.3; .NET4.0C; MS-RTC LM 8; .NET4.0E)" 21299
192.168.12.237 - - [17/Feb/2013:06:47:49 +0600] "GET /pause/ajaxPause?pauseConfigId=&admin=0 HTTP/1.1" 200 987 "http://callider/pause/index" "Mozilla/4.0 (compatible; MSIE 7.0; Windows NT 6.1; Trident/5.0; SLCC2; .NET CLR 2.0.50727; .NET CLR 3.5.30729; .NET CLR 3.0.30729; Media Center PC 6.0; InfoPath.3; .NET4.0C; .NET4.0E)" 27852
192.168.12.204 - - [17/Feb/2013:06:47:49 +0600] "GET /pause/ajaxPause?pauseConfigId=&admin=0 HTTP/1.1" 200 986 "http://callider/pause/index" "Mozilla/4.0 (compatible; MSIE 7.0; Windows NT 6.1; WOW64; Trident/4.0; SLCC2; .NET CLR 2.0.50727; .NET CLR 3.5.30729; .NET CLR 3.0.30729; Media Center PC 6.0; InfoPath.3; .NET4.0C; .NET4.0E; .NET CLR 1.1.4322)" 19622
192.168.74.78 - - [17/Feb/2013:06:47:49 +0600] "GET /pause/ajaxPause?pauseConfigId=&admin=0 HTTP/1.1" 200 986 "http://callider/pause/index" "Mozilla/4.0 (compatible; MSIE 7.0; Windows NT 6.1; WOW64; Trident/5.0; SLCC2; .NET CLR 2.0.50727; .NET CLR 3.5.30729; .NET CLR 3.0.30729; Media Center PC 6.0; InfoPath.3; .NET4.0C; MS-RTC LM 8; .NET4.0E)" 19170
192.168.12.69 - - [17/Feb/2013:06:47:50 +0600] "GET /pause/ajaxPause?pauseConfigId=&admin=0 HTTP/1.1" 200 986 "http://callider/pause/index" "Mozilla/4.0 (compatible; MSIE 7.0; Windows NT 6.1; Trident/5.0; SLCC2; .NET CLR 2.0.50727; .NET CLR 3.5.30729; .NET CLR 3.0.30729; Media Center PC 6.0; InfoPath.3; .NET4.0C; .NET4.0E; Tablet PC 2.0; AskTbFXTV5/5.14.1.20007)" 20424
192.168.74.91 - - [17/Feb/2013:06:47:50 +0600] "GET /pause/ajaxPause?pauseConfigId=&admin=0 HTTP/1.1" 200 986 "http://callider/pause/index" "Mozilla/4.0 (compatible; MSIE 7.0; Windows NT 6.1; WOW64; Trident/5.0; SLCC2; .NET CLR 2.0.50727; .NET CLR 3.5.30729; .NET CLR 3.0.30729; Media Center PC 6.0; InfoPath.3; .NET4.0C; MS-RTC LM 8; .NET4.0E)" 17412
192.168.74.151 - - [17/Feb/2013:06:47:50 +0600] "GET /pause/ajaxPause?pauseConfigId=&admin=0 HTTP/1.1" 200 987 "http://callider.kontur/pause/index" "Mozilla/5.0 (Windows NT 6.1; WOW64; rv:18.0) Gecko/20100101 Firefox/18.0" 17899
192.168.12.210 - - [17/Feb/2013:06:47:50 +0600] "GET /pause/ajaxPause?pauseConfigId=all&admin=1 HTTP/1.1" 200 1047 "http://callider/pause/index" "Mozilla/4.0 (compatible; MSIE 7.0; Windows NT 6.1; WOW64; Trident/5.0; SLCC2; .NET CLR 2.0.50727; .NET CLR 3.5.30729; .NET CLR 3.0.30729; Media Center PC 6.0; InfoPath.3; .NET4.0C; .NET4.0E)" 20985
192.168.65.56 - - [17/Feb/2013:06:47:51 +0600] "GET /pause/ajaxPause?pauseConfigId=all&admin=1 HTTP/1.1" 200 1046 "http://192.168.65.101/pause/index" "Mozilla/5.0 (Windows NT 5.1; rv:15.0) Gecko/20100101 Firefox/15.0" 34455
192.168.65.56 - - [17/Feb/2013:06:47:51 +0600] "GET /tv/useUser HTTP/1.1" 200 431 "http://192.168.65.101/pause/index" "Mozilla/5.0 (Windows NT 5.1; rv:15.0) Gecko/20100101 Firefox/15.0" 17034
192.168.12.61 - - [17/Feb/2013:06:47:52 +0600] "GET /pause/ajaxPause?pauseConfigId=&admin=0 HTTP/1.1" 200 985 "http://callider/pause/index" "Mozilla/4.0 (compatible; MSIE 7.0; Windows NT 6.1; Trident/5.0; SLCC2; .NET CLR 2.0.50727; .NET CLR 3.5.30729; .NET CLR 3.0.30729; Media Center PC 6.0; InfoPath.3; .NET4.0C; .NET4.0E)" 19279
192.168.12.60 - - [17/Feb/2013:06:47:54 +0600] "GET /pause/ajaxPause?pauseConfigId=&admin=0 HTTP/1.1" 200 986 "http://callider/pause/index" "Mozilla/4.0 (compatible; MSIE 8.0; Windows NT 6.1; Trident/4.0; InfoPath.3; .NET4.0C; MS-RTC LM 8; .NET4.0E)" 21855
192.168.12.237 - - [17/Feb/2013:06:47:54 +0600] "GET /pause/ajaxPause?pauseConfigId=&admin=0 HTTP/1.1" 200 987 "http://callider/pause/index" "Mozilla/4.0 (compatible; MSIE 7.0; Windows NT 6.1; Trident/5.0; SLCC2; .NET CLR 2.0.50727; .NET CLR 3.5.30729; .NET CLR 3.0.30729; Media Center PC 6.0; InfoPath.3; .NET4.0C; .NET4.0E)" 20628
192.168.12.204 - - [17/Feb/2013:06:47:54 +0600] "GET /pause/ajaxPause?pauseConfigId=&admin=0 HTTP/1.1" 200 986 "http://callider/pause/index" "Mozilla/4.0 (compatible; MSIE 7.0; Windows NT 6.1; WOW64; Trident/4.0; SLCC2; .NET CLR 2.0.50727; .NET CLR 3.5.30729; .NET CLR 3.0.30729; Media Center PC 6.0; InfoPath.3; .NET4.0C; .NET4.0E; .NET CLR 1.1.4322)" 18541
192.168.74.78 - - [17/Feb/2013:06:47:54 +0600] "GET /pause/ajaxPause?pauseConfigId=&admin=0 HTTP/1.1" 200 986 "http://callider/pause/index" "Mozilla/4.0 (compatible; MSIE 7.0; Windows NT 6.1; WOW64; Trident/5.0; SLCC2; .NET CLR 2.0.50727; .NET CLR 3.5.30729; .NET CLR 3.0.30729; Media Center PC 6.0; InfoPath.3; .NET4.0C; MS-RTC LM 8; .NET4.0E)" 19891
192.168.12.69 - - [17/Feb/2013:06:47:55 +0600] "GET /pause/ajaxPause?pauseConfigId=&admin=0 HTTP/1.1" 200 986 "http://callider/pause/index" "Mozilla/4.0 (compatible; MSIE 7.0; Windows NT 6.1; Trident/5.0; SLCC2; .NET CLR 2.0.50727; .NET CLR 3.5.30729; .NET CLR 3.0.30729; Media Center PC 6.0; InfoPath.3; .NET4.0C; .NET4.0E; Tablet PC 2.0; AskTbFXTV5/5.14.1.20007)" 22974
192.168.74.91 - - [17/Feb/2013:06:47:55 +0600] "GET /pause/ajaxPause?pauseConfigId=&admin=0 HTTP/1.1" 200 986 "http://callider/pause/index" "Mozilla/4.0 (compatible; MSIE 7.0; Windows NT 6.1; WOW64; Trident/5.0; SLCC2; .NET CLR 2.0.50727; .NET CLR 3.5.30729; .NET CLR 3.0.30729; Media Center PC 6.0; InfoPath.3; .NET4.0C; MS-RTC LM 8; .NET4.0E)" 17432
192.168.74.151 - - [17/Feb/2013:06:47:55 +0600] "GET /pause/ajaxPause?pauseConfigId=&admin=0 HTTP/1.1" 200 987 "http://callider.kontur/pause/index" "Mozilla/5.0 (Windows NT 6.1; WOW64; rv:18.0) Gecko/20100101 Firefox/18.0" 21188
192.168.12.210 - - [17/Feb/2013:06:47:55 +0600] "GET /pause/ajaxPause?pauseConfigId=all&admin=1 HTTP/1.1" 200 1047 "http://callider/pause/index" "Mozilla/4.0 (compatible; MSIE 7.0; Windows NT 6.1; WOW64; Trident/5.0; SLCC2; .NET CLR 2.0.50727; .NET CLR 3.5.30729; .NET CLR 3.0.30729; Media Center PC 6.0; InfoPath.3; .NET4.0C; .NET4.0E)" 17898
192.168.65.56 - - [17/Feb/2013:06:47:56 +0600] "GET /pause/ajaxPause?pauseConfigId=all&admin=1 HTTP/1.1" 200 1046 "http://192.168.65.101/pause/index" "Mozilla/5.0 (Windows NT 5.1; rv:15.0) Gecko/20100101 Firefox/15.0" 27364
192.168.12.61 - - [17/Feb/2013:06:47:57 +0600] "GET /pause/ajaxPause?pauseConfigId=&admin=0 HTTP/1.1" 200 985 "http://callider/pause/index" "Mozilla/4.0 (compatible; MSIE 7.0; Windows NT 6.1; Trident/5.0; SLCC2; .NET CLR 2.0.50727; .NET CLR 3.5.30729; .NET CLR 3.0.30729; Media Center PC 6.0; InfoPath.3; .NET4.0C; .NET4.0E)" 24952
192.168.12.60 - - [17/Feb/2013:06:47:59 +0600] "GET /pause/ajaxPause?pauseConfigId=&admin=0 HTTP/1.1" 200 986 "http://callider/pause/index" "Mozilla/4.0 (compatible; MSIE 8.0; Windows NT 6.1; Trident/4.0; InfoPath.3; .NET4.0C; MS-RTC LM 8; .NET4.0E)" 18416
192.168.12.237 - - [17/Feb/2013:06:47:59 +0600] "GET /pause/ajaxPause?pauseConfigId=&admin=0 HTTP/1.1" 200 987 "http://callider/pause/index" "Mozilla/4.0 (compatible; MSIE 7.0; Windows NT 6.1; Trident/5.0; SLCC2; .NET CLR 2.0.50727; .NET CLR 3.5.30729; .NET CLR 3.0.30729; Media Center PC 6.0; InfoPath.3; .NET4.0C; .NET4.0E)" 21164
192.168.12.204 - - [17/Feb/2013:06:47:59 +0600] "GET /pause/ajaxPause?pauseConfigId=&admin=0 HTTP/1.1" 200 986 "http://callider/pause/index" "Mozilla/4.0 (compatible; MSIE 7.0; Windows NT 6.1; WOW64; Trident/4.0; SLCC2; .NET CLR 2.0.50727; .NET CLR 3.5.30729; .NET CLR 3.0.30729; Media Center PC 6.0; InfoPath.3; .NET4.0C; .NET4.0E; .NET CLR 1.1.4322)" 21033
192.168.74.78 - - [17/Feb/2013:06:47:59 +0600] "GET /pause/ajaxPause?pauseConfigId=&admin=0 HTTP/1.1" 200 986 "http://callider/pause/index" "Mozilla/4.0 (compatible; MSIE 7.0; Windows NT 6.1; WOW64; Trident/5.0; SLCC2; .NET CLR 2.0.50727; .NET CLR 3.5.30729; .NET CLR 3.0.30729; Media Center PC 6.0; InfoPath.3; .NET4.0C; MS-RTC LM 8; .NET4.0E)" 19925
192.168.12.69 - - [17/Feb/2013:06:48:00 +0600] "GET /pause/ajaxPause?pauseConfigId=&admin=0 HTTP/1.1" 200 986 "http://callider/pause/index" "Mozilla/4.0 (compatible; MSIE 7.0; Windows NT 6.1; Trident/5.0; SLCC2; .NET CLR 2.0.50727; .NET CLR 3.5.30729; .NET CLR 3.0.30729; Media Center PC 6.0; InfoPath.3; .NET4.0C; .NET4.0E; Tablet PC 2.0; AskTbFXTV5/5.14.1.20007)" 20585
192.168.74.91 - - [17/Feb/2013:06:48:00 +0600] "GET /pause/ajaxPause?pauseConfigId=&admin=0 HTTP/1.1" 200 986 "http://callider/pause/index" "Mozilla/4.0 (compatible; MSIE 7.0; Windows NT 6.1; WOW64; Trident/5.0; SLCC2; .NET CLR 2.0.50727; .NET CLR 3.5.30729; .NET CLR 3.0.30729; Media Center PC 6.0; InfoPath.3; .NET4.0C; MS-RTC LM 8; .NET4.0E)" 21338
192.168.74.151 - - [17/Feb/2013:06:48:00 +0600] "GET /pause/ajaxPause?pauseConfigId=&admin=0 HTTP/1.1" 200 987 "http://callider.kontur/pause/index" "Mozilla/5.0 (Windows NT 6.1; WOW64; rv:18.0) Gecko/20100101 Firefox/18.0" 22016
192.168.12.210 - - [17/Feb/2013:06:48:00 +0600] "GET /pause/ajaxPause?pauseConfigId=all&admin=1 HTTP/1.1" 200 1047 "http://callider/pause/index" "Mozilla/4.0 (compatible; MSIE 7.0; Windows NT 6.1; WOW64; Trident/5.0; SLCC2; .NET CLR 2.0.50727; .NET CLR 3.5.30729; .NET CLR 3.0.30729; Media Center PC 6.0; InfoPath.3; .NET4.0C; .NET4.0E)" 20466
192.168.65.56 - - [17/Feb/2013:06:48:01 +0600] "GET /pause/ajaxPause?pauseConfigId=all&admin=1 HTTP/1.1" 200 1046 "http://192.168.65.101/pause/index" "Mozilla/5.0 (Windows NT 5.1; rv:15.0) Gecko/20100101 Firefox/15.0" 30208
192.168.12.61 - - [17/Feb/2013:06:48:02 +0600] "GET /pause/ajaxPause?pauseConfigId=&admin=0 HTTP/1.1" 200 986 "http://callider/pause/index" "Mozilla/4.0 (compatible; MSIE 7.0; Windows NT 6.1; Trident/5.0; SLCC2; .NET CLR 2.0.50727; .NET CLR 3.5.30729; .NET CLR 3.0.30729; Media Center PC 6.0; InfoPath.3; .NET4.0C; .NET4.0E)" 30587
192.168.12.60 - - [17/Feb/2013:06:48:04 +0600] "GET /pause/ajaxPause?pauseConfigId=&admin=0 HTTP/1.1" 200 986 "http://callider/pause/index" "Mozilla/4.0 (compatible; MSIE 8.0; Windows NT 6.1; Trident/4.0; InfoPath.3; .NET4.0C; MS-RTC LM 8; .NET4.0E)" 20331
192.168.12.237 - - [17/Feb/2013:06:48:04 +0600] "GET /pause/ajaxPause?pauseConfigId=&admin=0 HTTP/1.1" 200 987 "http://callider/pause/index" "Mozilla/4.0 (compatible; MSIE 7.0; Windows NT 6.1; Trident/5.0; SLCC2; .NET CLR 2.0.50727; .NET CLR 3.5.30729; .NET CLR 3.0.30729; Media Center PC 6.0; InfoPath.3; .NET4.0C; .NET4.0E)" 25145
192.168.74.78 - - [17/Feb/2013:06:48:04 +0600] "GET /pause/ajaxPause?pauseConfigId=&admin=0 HTTP/1.1" 200 986 "http://callider/pause/index" "Mozilla/4.0 (compatible; MSIE 7.0; Windows NT 6.1; WOW64; Trident/5.0; SLCC2; .NET CLR 2.0.50727; .NET CLR 3.5.30729; .NET CLR 3.0.30729; Media Center PC 6.0; InfoPath.3; .NET4.0C; MS-RTC LM 8; .NET4.0E)" 24379
192.168.12.204 - - [17/Feb/2013:06:48:04 +0600] "GET /pause/ajaxPause?pauseConfigId=&admin=0 HTTP/1.1" 200 986 "http://callider/pause/index" "Mozilla/4.0 (compatible; MSIE 7.0; Windows NT 6.1; WOW64; Trident/4.0; SLCC2; .NET CLR 2.0.50727; .NET CLR 3.5.30729; .NET CLR 3.0.30729; Media Center PC 6.0; InfoPath.3; .NET4.0C; .NET4.0E; .NET CLR 1.1.4322)" 20935
192.168.12.69 - - [17/Feb/2013:06:48:05 +0600] "GET /pause/ajaxPause?pauseConfigId=&admin=0 HTTP/1.1" 200 986 "http://callider/pause/index" "Mozilla/4.0 (compatible; MSIE 7.0; Windows NT 6.1; Trident/5.0; SLCC2; .NET CLR 2.0.50727; .NET CLR 3.5.30729; .NET CLR 3.0.30729; Media Center PC 6.0; InfoPath.3; .NET4.0C; .NET4.0E; Tablet PC 2.0; AskTbFXTV5/5.14.1.20007)" 55609
192.168.12.61 - - [17/Feb/2013:06:48:05 +0600] "GET /tv/useUser HTTP/1.1" 200 431 "http://callider/pause/index" "Mozilla/4.0 (compatible; MSIE 7.0; Windows NT 6.1; Trident/5.0; SLCC2; .NET CLR 2.0.50727; .NET CLR 3.5.30729; .NET CLR 3.0.30729; Media Center PC 6.0; InfoPath.3; .NET4.0C; .NET4.0E)" 11045
192.168.74.91 - - [17/Feb/2013:06:48:05 +0600] "GET /pause/ajaxPause?pauseConfigId=&admin=0 HTTP/1.1" 200 986 "http://callider/pause/index" "Mozilla/4.0 (compatible; MSIE 7.0; Windows NT 6.1; WOW64; Trident/5.0; SLCC2; .NET CLR 2.0.50727; .NET CLR 3.5.30729; .NET CLR 3.0.30729; Media Center PC 6.0; InfoPath.3; .NET4.0C; MS-RTC LM 8; .NET4.0E)" 18549
192.168.74.151 - - [17/Feb/2013:06:48:05 +0600] "GET /pause/ajaxPause?pauseConfigId=&admin=0 HTTP/1.1" 200 987 "http://callider.kontur/pause/index" "Mozilla/5.0 (Windows NT 6.1; WOW64; rv:18.0) Gecko/20100101 Firefox/18.0" 20624
192.168.12.210 - - [17/Feb/2013:06:48:05 +0600] "GET /pause/ajaxPause?pauseConfigId=all&admin=1 HTTP/1.1" 200 1047 "http://callider/pause/index" "Mozilla/4.0 (compatible; MSIE 7.0; Windows NT 6.1; WOW64; Trident/5.0; SLCC2; .NET CLR 2.0.50727; .NET CLR 3.5.30729; .NET CLR 3.0.30729; Media Center PC 6.0; InfoPath.3; .NET4.0C; .NET4.0E)" 17225
192.168.65.56 - - [17/Feb/2013:06:48:06 +0600] "GET /pause/ajaxPause?pauseConfigId=all&admin=1 HTTP/1.1" 200 1046 "http://192.168.65.101/pause/index" "Mozilla/5.0 (Windows NT 5.1; rv:15.0) Gecko/20100101 Firefox/15.0" 32208
192.168.12.61 - - [17/Feb/2013:06:48:07 +0600] "GET /pause/ajaxPause?pauseConfigId=&admin=0 HTTP/1.1" 200 985 "http://callider/pause/index" "Mozilla/4.0 (compatible; MSIE 7.0; Windows NT 6.1; Trident/5.0; SLCC2; .NET CLR 2.0.50727; .NET CLR 3.5.30729; .NET CLR 3.0.30729; Media Center PC 6.0; InfoPath.3; .NET4.0C; .NET4.0E)" 43463
192.168.12.60 - - [17/Feb/2013:06:48:09 +0600] "GET /pause/ajaxPause?pauseConfigId=&admin=0 HTTP/1.1" 200 986 "http://callider/pause/index" "Mozilla/4.0 (compatible; MSIE 8.0; Windows NT 6.1; Trident/4.0; InfoPath.3; .NET4.0C; MS-RTC LM 8; .NET4.0E)" 22497
192.168.12.237 - - [17/Feb/2013:06:48:09 +0600] "GET /pause/ajaxPause?pauseConfigId=&admin=0 HTTP/1.1" 200 987 "http://callider/pause/index" "Mozilla/4.0 (compatible; MSIE 7.0; Windows NT 6.1; Trident/5.0; SLCC2; .NET CLR 2.0.50727; .NET CLR 3.5.30729; .NET CLR 3.0.30729; Media Center PC 6.0; InfoPath.3; .NET4.0C; .NET4.0E)" 21580
192.168.74.78 - - [17/Feb/2013:06:48:09 +0600] "GET /pause/ajaxPause?pauseConfigId=&admin=0 HTTP/1.1" 200 986 "http://callider/pause/index" "Mozilla/4.0 (compatible; MSIE 7.0; Windows NT 6.1; WOW64; Trident/5.0; SLCC2; .NET CLR 2.0.50727; .NET CLR 3.5.30729; .NET CLR 3.0.30729; Media Center PC 6.0; InfoPath.3; .NET4.0C; MS-RTC LM 8; .NET4.0E)" 27365
192.168.12.204 - - [17/Feb/2013:06:48:09 +0600] "GET /pause/ajaxPause?pauseConfigId=&admin=0 HTTP/1.1" 200 986 "http://callider/pause/index" "Mozilla/4.0 (compatible; MSIE 7.0; Windows NT 6.1; WOW64; Trident/4.0; SLCC2; .NET CLR 2.0.50727; .NET CLR 3.5.30729; .NET CLR 3.0.30729; Media Center PC 6.0; InfoPath.3; .NET4.0C; .NET4.0E; .NET CLR 1.1.4322)" 31995
192.168.12.69 - - [17/Feb/2013:06:48:10 +0600] "GET /pause/ajaxPause?pauseConfigId=&admin=0 HTTP/1.1" 200 986 "http://callider/pause/index" "Mozilla/4.0 (compatible; MSIE 7.0; Windows NT 6.1; Trident/5.0; SLCC2; .NET CLR 2.0.50727; .NET CLR 3.5.30729; .NET CLR 3.0.30729; Media Center PC 6.0; InfoPath.3; .NET4.0C; .NET4.0E; Tablet PC 2.0; AskTbFXTV5/5.14.1.20007)" 19978
192.168.74.91 - - [17/Feb/2013:06:48:10 +0600] "GET /pause/ajaxPause?pauseConfigId=&admin=0 HTTP/1.1" 200 986 "http://callider/pause/index" "Mozilla/4.0 (compatible; MSIE 7.0; Windows NT 6.1; WOW64; Trident/5.0; SLCC2; .NET CLR 2.0.50727; .NET CLR 3.5.30729; .NET CLR 3.0.30729; Media Center PC 6.0; InfoPath.3; .NET4.0C; MS-RTC LM 8; .NET4.0E)" 22012
192.168.74.151 - - [17/Feb/2013:06:48:10 +0600] "GET /pause/ajaxPause?pauseConfigId=&admin=0 HTTP/1.1" 200 987 "http://callider.kontur/pause/index" "Mozilla/5.0 (Windows NT 6.1; WOW64; rv:18.0) Gecko/20100101 Firefox/18.0" 19575
192.168.12.210 - - [17/Feb/2013:06:48:10 +0600] "GET /pause/ajaxPause?pauseConfigId=all&admin=1 HTTP/1.1" 200 1047 "http://callider/pause/index" "Mozilla/4.0 (compatible; MSIE 7.0; Windows NT 6.1; WOW64; Trident/5.0; SLCC2; .NET CLR 2.0.50727; .NET CLR 3.5.30729; .NET CLR 3.0.30729; Media Center PC 6.0; InfoPath.3; .NET4.0C; .NET4.0E)" 18396
192.168.12.42 - - [17/Feb/2013:06:48:11 +0600] "GET /tv/useUser HTTP/1.1" 200 432 "http://callider/graph/personal" "Mozilla/4.0 (compatible; MSIE 7.0; Windows NT 6.1; WOW64; Trident/5.0; SLCC2; .NET CLR 2.0.50727; .NET CLR 3.5.30729; .NET CLR 3.0.30729; Media Center PC 6.0; InfoPath.3; .NET4.0C; .NET4.0E)" 23038
192.168.65.56 - - [17/Feb/2013:06:48:11 +0600] "GET /pause/ajaxPause?pauseConfigId=all&admin=1 HTTP/1.1" 200 1046 "http://192.168.65.101/pause/index" "Mozilla/5.0 (Windows NT 5.1; rv:15.0) Gecko/20100101 Firefox/15.0" 28488
192.168.12.61 - - [17/Feb/2013:06:48:12 +0600] "GET /pause/ajaxPause?pauseConfigId=&admin=0 HTTP/1.1" 200 985 "http://callider/pause/index" "Mozilla/4.0 (compatible; MSIE 7.0; Windows NT 6.1; Trident/5.0; SLCC2; .NET CLR 2.0.50727; .NET CLR 3.5.30729; .NET CLR 3.0.30729; Media Center PC 6.0; InfoPath.3; .NET4.0C; .NET4.0E)" 21913
192.168.74.151 - - [17/Feb/2013:06:48:13 +0600] "GET /tv/useUser HTTP/1.1" 200 431 "http://callider.kontur/graph/general" "Mozilla/5.0 (Windows NT 6.1; WOW64; rv:18.0) Gecko/20100101 Firefox/18.0" 8056
192.168.12.60 - - [17/Feb/2013:06:48:14 +0600] "GET /pause/ajaxPause?pauseConfigId=&admin=0 HTTP/1.1" 200 986 "http://callider/pause/index" "Mozilla/4.0 (compatible; MSIE 8.0; Windows NT 6.1; Trident/4.0; InfoPath.3; .NET4.0C; MS-RTC LM 8; .NET4.0E)" 20229
192.168.12.237 - - [17/Feb/2013:06:48:14 +0600] "GET /pause/ajaxPause?pauseConfigId=&admin=0 HTTP/1.1" 200 987 "http://callider/pause/index" "Mozilla/4.0 (compatible; MSIE 7.0; Windows NT 6.1; Trident/5.0; SLCC2; .NET CLR 2.0.50727; .NET CLR 3.5.30729; .NET CLR 3.0.30729; Media Center PC 6.0; InfoPath.3; .NET4.0C; .NET4.0E)" 19757
192.168.74.78 - - [17/Feb/2013:06:48:14 +0600] "GET /pause/ajaxPause?pauseConfigId=&admin=0 HTTP/1.1" 200 986 "http://callider/pause/index" "Mozilla/4.0 (compatible; MSIE 7.0; Windows NT 6.1; WOW64; Trident/5.0; SLCC2; .NET CLR 2.0.50727; .NET CLR 3.5.30729; .NET CLR 3.0.30729; Media Center PC 6.0; InfoPath.3; .NET4.0C; MS-RTC LM 8; .NET4.0E)" 17855
192.168.12.204 - - [17/Feb/2013:06:48:14 +0600] "GET /pause/ajaxPause?pauseConfigId=&admin=0 HTTP/1.1" 200 986 "http://callider/pause/index" "Mozilla/4.0 (compatible; MSIE 7.0; Windows NT 6.1; WOW64; Trident/4.0; SLCC2; .NET CLR 2.0.50727; .NET CLR 3.5.30729; .NET CLR 3.0.30729; Media Center PC 6.0; InfoPath.3; .NET4.0C; .NET4.0E; .NET CLR 1.1.4322)" 18097
192.168.12.69 - - [17/Feb/2013:06:48:15 +0600] "GET /pause/ajaxPause?pauseConfigId=&admin=0 HTTP/1.1" 200 986 "http://callider/pause/index" "Mozilla/4.0 (compatible; MSIE 7.0; Windows NT 6.1; Trident/5.0; SLCC2; .NET CLR 2.0.50727; .NET CLR 3.5.30729; .NET CLR 3.0.30729; Media Center PC 6.0; InfoPath.3; .NET4.0C; .NET4.0E; Tablet PC 2.0; AskTbFXTV5/5.14.1.20007)" 120174
192.168.74.91 - - [17/Feb/2013:06:48:15 +0600] "GET /pause/ajaxPause?pauseConfigId=&admin=0 HTTP/1.1" 200 986 "http://callider/pause/index" "Mozilla/4.0 (compatible; MSIE 7.0; Windows NT 6.1; WOW64; Trident/5.0; SLCC2; .NET CLR 2.0.50727; .NET CLR 3.5.30729; .NET CLR 3.0.30729; Media Center PC 6.0; InfoPath.3; .NET4.0C; MS-RTC LM 8; .NET4.0E)" 19285
192.168.74.151 - - [17/Feb/2013:06:48:15 +0600] "GET /pause/ajaxPause?pauseConfigId=&admin=0 HTTP/1.1" 200 987 "http://callider.kontur/pause/index" "Mozilla/5.0 (Windows NT 6.1; WOW64; rv:18.0) Gecko/20100101 Firefox/18.0" 23587
192.168.74.151 - - [17/Feb/2013:06:48:15 +0600] "GET /tv/useUser HTTP/1.1" 200 432 "http://callider.kontur/pause/index" "Mozilla/5.0 (Windows NT 6.1; WOW64; rv:18.0) Gecko/20100101 Firefox/18.0" 18127
192.168.12.210 - - [17/Feb/2013:06:48:15 +0600] "GET /pause/ajaxPause?pauseConfigId=all&admin=1 HTTP/1.1" 200 1048 "http://callider/pause/index" "Mozilla/4.0 (compatible; MSIE 7.0; Windows NT 6.1; WOW64; Trident/5.0; SLCC2; .NET CLR 2.0.50727; .NET CLR 3.5.30729; .NET CLR 3.0.30729; Media Center PC 6.0; InfoPath.3; .NET4.0C; .NET4.0E)" 32244
192.168.65.56 - - [17/Feb/2013:06:48:16 +0600] "GET /pause/ajaxPause?pauseConfigId=all&admin=1 HTTP/1.1" 200 1046 "http://192.168.65.101/pause/index" "Mozilla/5.0 (Windows NT 5.1; rv:15.0) Gecko/20100101 Firefox/15.0" 27958
192.168.12.61 - - [17/Feb/2013:06:48:17 +0600] "GET /pause/ajaxPause?pauseConfigId=&admin=0 HTTP/1.1" 200 986 "http://callider/pause/index" "Mozilla/4.0 (compatible; MSIE 7.0; Windows NT 6.1; Trident/5.0; SLCC2; .NET CLR 2.0.50727; .NET CLR 3.5.30729; .NET CLR 3.0.30729; Media Center PC 6.0; InfoPath.3; .NET4.0C; .NET4.0E)" 200733
192.168.12.237 - - [17/Feb/2013:06:48:19 +0600] "GET /pause/ajaxPause?pauseConfigId=&admin=0 HTTP/1.1" 200 987 "http://callider/pause/index" "Mozilla/4.0 (compatible; MSIE 7.0; Windows NT 6.1; Trident/5.0; SLCC2; .NET CLR 2.0.50727; .NET CLR 3.5.30729; .NET CLR 3.0.30729; Media Center PC 6.0; InfoPath.3; .NET4.0C; .NET4.0E)" 21480
192.168.12.60 - - [17/Feb/2013:06:48:19 +0600] "GET /pause/ajaxPause?pauseConfigId=&admin=0 HTTP/1.1" 200 986 "http://callider/pause/index" "Mozilla/4.0 (compatible; MSIE 8.0; Windows NT 6.1; Trident/4.0; InfoPath.3; .NET4.0C; MS-RTC LM 8; .NET4.0E)" 24120
192.168.74.78 - - [17/Feb/2013:06:48:19 +0600] "GET /pause/ajaxPause?pauseConfigId=&admin=0 HTTP/1.1" 200 986 "http://callider/pause/index" "Mozilla/4.0 (compatible; MSIE 7.0; Windows NT 6.1; WOW64; Trident/5.0; SLCC2; .NET CLR 2.0.50727; .NET CLR 3.5.30729; .NET CLR 3.0.30729; Media Center PC 6.0; InfoPath.3; .NET4.0C; MS-RTC LM 8; .NET4.0E)" 21495
192.168.12.204 - - [17/Feb/2013:06:48:19 +0600] "GET /pause/ajaxPause?pauseConfigId=&admin=0 HTTP/1.1" 200 986 "http://callider/pause/index" "Mozilla/4.0 (compatible; MSIE 7.0; Windows NT 6.1; WOW64; Trident/4.0; SLCC2; .NET CLR 2.0.50727; .NET CLR 3.5.30729; .NET CLR 3.0.30729; Media Center PC 6.0; InfoPath.3; .NET4.0C; .NET4.0E; .NET CLR 1.1.4322)" 18485
192.168.12.10 - - [17/Feb/2013:06:48:19 +0600] "GET /tv/useUser HTTP/1.1" 200 432 "http://callider/graph/personal" "Mozilla/4.0 (compatible; MSIE 7.0; Windows NT 6.1; Trident/5.0; SLCC2; .NET CLR 2.0.50727; .NET CLR 3.5.30729; .NET CLR 3.0.30729; Media Center PC 6.0; InfoPath.3; .NET4.0C; .NET4.0E; Tablet PC 2.0; MS-RTC LM 8)" 16566
192.168.12.108 - - [17/Feb/2013:06:48:19 +0600] "GET /tv/useUser HTTP/1.1" 200 432 "http://callider/index.php" "Mozilla/4.0 (compatible; MSIE 7.0; Windows NT 6.2; WOW64; Trident/6.0; .NET4.0E; .NET4.0C; InfoPath.3; .NET CLR 3.5.30729; .NET CLR 2.0.50727; .NET CLR 3.0.30729)" 16025
192.168.12.69 - - [17/Feb/2013:06:48:20 +0600] "GET /pause/ajaxPause?pauseConfigId=&admin=0 HTTP/1.1" 200 986 "http://callider/pause/index" "Mozilla/4.0 (compatible; MSIE 7.0; Windows NT 6.1; Trident/5.0; SLCC2; .NET CLR 2.0.50727; .NET CLR 3.5.30729; .NET CLR 3.0.30729; Media Center PC 6.0; InfoPath.3; .NET4.0C; .NET4.0E; Tablet PC 2.0; AskTbFXTV5/5.14.1.20007)" 18557
192.168.74.91 - - [17/Feb/2013:06:48:20 +0600] "GET /pause/ajaxPause?pauseConfigId=&admin=0 HTTP/1.1" 200 986 "http://callider/pause/index" "Mozilla/4.0 (compatible; MSIE 7.0; Windows NT 6.1; WOW64; Trident/5.0; SLCC2; .NET CLR 2.0.50727; .NET CLR 3.5.30729; .NET CLR 3.0.30729; Media Center PC 6.0; InfoPath.3; .NET4.0C; MS-RTC LM 8; .NET4.0E)" 18965
192.168.74.151 - - [17/Feb/2013:06:48:20 +0600] "GET /pause/ajaxPause?pauseConfigId=&admin=0 HTTP/1.1" 200 987 "http://callider.kontur/pause/index" "Mozilla/5.0 (Windows NT 6.1; WOW64; rv:18.0) Gecko/20100101 Firefox/18.0" 20343
192.168.12.210 - - [17/Feb/2013:06:48:20 +0600] "GET /pause/ajaxPause?pauseConfigId=all&admin=1 HTTP/1.1" 200 1047 "http://callider/pause/index" "Mozilla/4.0 (compatible; MSIE 7.0; Windows NT 6.1; WOW64; Trident/5.0; SLCC2; .NET CLR 2.0.50727; .NET CLR 3.5.30729; .NET CLR 3.0.30729; Media Center PC 6.0; InfoPath.3; .NET4.0C; .NET4.0E)" 21433
192.168.65.56 - - [17/Feb/2013:06:48:21 +0600] "GET /pause/ajaxPause?pauseConfigId=all&admin=1 HTTP/1.1" 200 1046 "http://192.168.65.101/pause/index" "Mozilla/5.0 (Windows NT 5.1; rv:15.0) Gecko/20100101 Firefox/15.0" 29938
192.168.12.61 - - [17/Feb/2013:06:48:22 +0600] "GET /pause/ajaxPause?pauseConfigId=&admin=0 HTTP/1.1" 200 985 "http://callider/pause/index" "Mozilla/4.0 (compatible; MSIE 7.0; Windows NT 6.1; Trident/5.0; SLCC2; .NET CLR 2.0.50727; .NET CLR 3.5.30729; .NET CLR 3.0.30729; Media Center PC 6.0; InfoPath.3; .NET4.0C; .NET4.0E)" 23800
192.168.12.237 - - [17/Feb/2013:06:48:24 +0600] "GET /pause/ajaxPause?pauseConfigId=&admin=0 HTTP/1.1" 200 987 "http://callider/pause/index" "Mozilla/4.0 (compatible; MSIE 7.0; Windows NT 6.1; Trident/5.0; SLCC2; .NET CLR 2.0.50727; .NET CLR 3.5.30729; .NET CLR 3.0.30729; Media Center PC 6.0; InfoPath.3; .NET4.0C; .NET4.0E)" 27200
192.168.12.60 - - [17/Feb/2013:06:48:24 +0600] "GET /pause/ajaxPause?pauseConfigId=&admin=0 HTTP/1.1" 200 986 "http://callider/pause/index" "Mozilla/4.0 (compatible; MSIE 8.0; Windows NT 6.1; Trident/4.0; InfoPath.3; .NET4.0C; MS-RTC LM 8; .NET4.0E)" 26746
192.168.74.78 - - [17/Feb/2013:06:48:24 +0600] "GET /pause/ajaxPause?pauseConfigId=&admin=0 HTTP/1.1" 200 986 "http://callider/pause/index" "Mozilla/4.0 (compatible; MSIE 7.0; Windows NT 6.1; WOW64; Trident/5.0; SLCC2; .NET CLR 2.0.50727; .NET CLR 3.5.30729; .NET CLR 3.0.30729; Media Center PC 6.0; InfoPath.3; .NET4.0C; MS-RTC LM 8; .NET4.0E)" 21861
192.168.12.204 - - [17/Feb/2013:06:48:24 +0600] "GET /pause/ajaxPause?pauseConfigId=&admin=0 HTTP/1.1" 200 986 "http://callider/pause/index" "Mozilla/4.0 (compatible; MSIE 7.0; Windows NT 6.1; WOW64; Trident/4.0; SLCC2; .NET CLR 2.0.50727; .NET CLR 3.5.30729; .NET CLR 3.0.30729; Media Center PC 6.0; InfoPath.3; .NET4.0C; .NET4.0E; .NET CLR 1.1.4322)" 19963
192.168.12.69 - - [17/Feb/2013:06:48:25 +0600] "GET /pause/ajaxPause?pauseConfigId=&admin=0 HTTP/1.1" 200 986 "http://callider/pause/index" "Mozilla/4.0 (compatible; MSIE 7.0; Windows NT 6.1; Trident/5.0; SLCC2; .NET CLR 2.0.50727; .NET CLR 3.5.30729; .NET CLR 3.0.30729; Media Center PC 6.0; InfoPath.3; .NET4.0C; .NET4.0E; Tablet PC 2.0; AskTbFXTV5/5.14.1.20007)" 18254
192.168.74.91 - - [17/Feb/2013:06:48:25 +0600] "GET /pause/ajaxPause?pauseConfigId=&admin=0 HTTP/1.1" 200 986 "http://callider/pause/index" "Mozilla/4.0 (compatible; MSIE 7.0; Windows NT 6.1; WOW64; Trident/5.0; SLCC2; .NET CLR 2.0.50727; .NET CLR 3.5.30729; .NET CLR 3.0.30729; Media Center PC 6.0; InfoPath.3; .NET4.0C; MS-RTC LM 8; .NET4.0E)" 16732
192.168.74.151 - - [17/Feb/2013:06:48:25 +0600] "GET /pause/ajaxPause?pauseConfigId=&admin=0 HTTP/1.1" 200 987 "http://callider.kontur/pause/index" "Mozilla/5.0 (Windows NT 6.1; WOW64; rv:18.0) Gecko/20100101 Firefox/18.0" 17616
192.168.12.210 - - [17/Feb/2013:06:48:25 +0600] "GET /pause/ajaxPause?pauseConfigId=all&admin=1 HTTP/1.1" 200 1047 "http://callider/pause/index" "Mozilla/4.0 (compatible; MSIE 7.0; Windows NT 6.1; WOW64; Trident/5.0; SLCC2; .NET CLR 2.0.50727; .NET CLR 3.5.30729; .NET CLR 3.0.30729; Media Center PC 6.0; InfoPath.3; .NET4.0C; .NET4.0E)" 20098
192.168.65.56 - - [17/Feb/2013:06:48:26 +0600] "GET /pause/ajaxPause?pauseConfigId=all&admin=1 HTTP/1.1" 200 1046 "http://192.168.65.101/pause/index" "Mozilla/5.0 (Windows NT 5.1; rv:15.0) Gecko/20100101 Firefox/15.0" 27833
192.168.12.61 - - [17/Feb/2013:06:48:27 +0600] "GET /pause/ajaxPause?pauseConfigId=&admin=0 HTTP/1.1" 200 985 "http://callider/pause/index" "Mozilla/4.0 (compatible; MSIE 7.0; Windows NT 6.1; Trident/5.0; SLCC2; .NET CLR 2.0.50727; .NET CLR 3.5.30729; .NET CLR 3.0.30729; Media Center PC 6.0; InfoPath.3; .NET4.0C; .NET4.0E)" 18326
192.168.12.237 - - [17/Feb/2013:06:48:29 +0600] "GET /pause/ajaxPause?pauseConfigId=&admin=0 HTTP/1.1" 200 987 "http://callider/pause/index" "Mozilla/4.0 (compatible; MSIE 7.0; Windows NT 6.1; Trident/5.0; SLCC2; .NET CLR 2.0.50727; .NET CLR 3.5.30729; .NET CLR 3.0.30729; Media Center PC 6.0; InfoPath.3; .NET4.0C; .NET4.0E)" 20527
192.168.12.60 - - [17/Feb/2013:06:48:29 +0600] "GET /pause/ajaxPause?pauseConfigId=&admin=0 HTTP/1.1" 200 986 "http://callider/pause/index" "Mozilla/4.0 (compatible; MSIE 8.0; Windows NT 6.1; Trident/4.0; InfoPath.3; .NET4.0C; MS-RTC LM 8; .NET4.0E)" 21625
192.168.74.78 - - [17/Feb/2013:06:48:29 +0600] "GET /pause/ajaxPause?pauseConfigId=&admin=0 HTTP/1.1" 200 986 "http://callider/pause/index" "Mozilla/4.0 (compatible; MSIE 7.0; Windows NT 6.1; WOW64; Trident/5.0; SLCC2; .NET CLR 2.0.50727; .NET CLR 3.5.30729; .NET CLR 3.0.30729; Media Center PC 6.0; InfoPath.3; .NET4.0C; MS-RTC LM 8; .NET4.0E)" 18725
192.168.12.204 - - [17/Feb/2013:06:48:29 +0600] "GET /pause/ajaxPause?pauseConfigId=&admin=0 HTTP/1.1" 200 986 "http://callider/pause/index" "Mozilla/4.0 (compatible; MSIE 7.0; Windows NT 6.1; WOW64; Trident/4.0; SLCC2; .NET CLR 2.0.50727; .NET CLR 3.5.30729; .NET CLR 3.0.30729; Media Center PC 6.0; InfoPath.3; .NET4.0C; .NET4.0E; .NET CLR 1.1.4322)" 18208
192.168.12.69 - - [17/Feb/2013:06:48:30 +0600] "GET /pause/ajaxPause?pauseConfigId=&admin=0 HTTP/1.1" 200 986 "http://callider/pause/index" "Mozilla/4.0 (compatible; MSIE 7.0; Windows NT 6.1; Trident/5.0; SLCC2; .NET CLR 2.0.50727; .NET CLR 3.5.30729; .NET CLR 3.0.30729; Media Center PC 6.0; InfoPath.3; .NET4.0C; .NET4.0E; Tablet PC 2.0; AskTbFXTV5/5.14.1.20007)" 26946
192.168.74.91 - - [17/Feb/2013:06:48:30 +0600] "GET /pause/ajaxPause?pauseConfigId=&admin=0 HTTP/1.1" 200 986 "http://callider/pause/index" "Mozilla/4.0 (compatible; MSIE 7.0; Windows NT 6.1; WOW64; Trident/5.0; SLCC2; .NET CLR 2.0.50727; .NET CLR 3.5.30729; .NET CLR 3.0.30729; Media Center PC 6.0; InfoPath.3; .NET4.0C; MS-RTC LM 8; .NET4.0E)" 18983
192.168.74.151 - - [17/Feb/2013:06:48:30 +0600] "GET /pause/ajaxPause?pauseConfigId=&admin=0 HTTP/1.1" 200 987 "http://callider.kontur/pause/index" "Mozilla/5.0 (Windows NT 6.1; WOW64; rv:18.0) Gecko/20100101 Firefox/18.0" 17748
192.168.12.210 - - [17/Feb/2013:06:48:30 +0600] "GET /pause/ajaxPause?pauseConfigId=all&admin=1 HTTP/1.1" 200 1047 "http://callider/pause/index" "Mozilla/4.0 (compatible; MSIE 7.0; Windows NT 6.1; WOW64; Trident/5.0; SLCC2; .NET CLR 2.0.50727; .NET CLR 3.5.30729; .NET CLR 3.0.30729; Media Center PC 6.0; InfoPath.3; .NET4.0C; .NET4.0E)" 20162
192.168.65.56 - - [17/Feb/2013:06:48:31 +0600] "GET /pause/ajaxPause?pauseConfigId=all&admin=1 HTTP/1.1" 200 1046 "http://192.168.65.101/pause/index" "Mozilla/5.0 (Windows NT 5.1; rv:15.0) Gecko/20100101 Firefox/15.0" 171312
192.168.12.61 - - [17/Feb/2013:06:48:32 +0600] "GET /pause/ajaxPause?pauseConfigId=&admin=0 HTTP/1.1" 200 985 "http://callider/pause/index" "Mozilla/4.0 (compatible; MSIE 7.0; Windows NT 6.1; Trident/5.0; SLCC2; .NET CLR 2.0.50727; .NET CLR 3.5.30729; .NET CLR 3.0.30729; Media Center PC 6.0; InfoPath.3; .NET4.0C; .NET4.0E)" 68102
192.168.12.237 - - [17/Feb/2013:06:48:34 +0600] "GET /pause/ajaxPause?pauseConfigId=&admin=0 HTTP/1.1" 200 987 "http://callider/pause/index" "Mozilla/4.0 (compatible; MSIE 7.0; Windows NT 6.1; Trident/5.0; SLCC2; .NET CLR 2.0.50727; .NET CLR 3.5.30729; .NET CLR 3.0.30729; Media Center PC 6.0; InfoPath.3; .NET4.0C; .NET4.0E)" 19208
192.168.12.60 - - [17/Feb/2013:06:48:34 +0600] "GET /pause/ajaxPause?pauseConfigId=&admin=0 HTTP/1.1" 200 986 "http://callider/pause/index" "Mozilla/4.0 (compatible; MSIE 8.0; Windows NT 6.1; Trident/4.0; InfoPath.3; .NET4.0C; MS-RTC LM 8; .NET4.0E)" 20030
192.168.74.78 - - [17/Feb/2013:06:48:34 +0600] "GET /pause/ajaxPause?pauseConfigId=&admin=0 HTTP/1.1" 200 986 "http://callider/pause/index" "Mozilla/4.0 (compatible; MSIE 7.0; Windows NT 6.1; WOW64; Trident/5.0; SLCC2; .NET CLR 2.0.50727; .NET CLR 3.5.30729; .NET CLR 3.0.30729; Media Center PC 6.0; InfoPath.3; .NET4.0C; MS-RTC LM 8; .NET4.0E)" 25823
192.168.12.204 - - [17/Feb/2013:06:48:34 +0600] "GET /pause/ajaxPause?pauseConfigId=&admin=0 HTTP/1.1" 200 986 "http://callider/pause/index" "Mozilla/4.0 (compatible; MSIE 7.0; Windows NT 6.1; WOW64; Trident/4.0; SLCC2; .NET CLR 2.0.50727; .NET CLR 3.5.30729; .NET CLR 3.0.30729; Media Center PC 6.0; InfoPath.3; .NET4.0C; .NET4.0E; .NET CLR 1.1.4322)" 17590
192.168.12.67 - - [17/Feb/2013:06:48:34 +0600] "GET /tv/useUser HTTP/1.1" 200 432 "http://callider/graph/personal" "Mozilla/4.0 (compatible; MSIE 7.0; Windows NT 6.1; Trident/5.0; SLCC2; .NET CLR 2.0.50727; .NET CLR 3.5.30729; .NET CLR 3.0.30729; Media Center PC 6.0; .NET4.0C; .NET4.0E; InfoPath.3; Tablet PC 2.0; MS-RTC LM 8)" 21693
192.168.12.69 - - [17/Feb/2013:06:48:35 +0600] "GET /pause/ajaxPause?pauseConfigId=&admin=0 HTTP/1.1" 200 986 "http://callider/pause/index" "Mozilla/4.0 (compatible; MSIE 7.0; Windows NT 6.1; Trident/5.0; SLCC2; .NET CLR 2.0.50727; .NET CLR 3.5.30729; .NET CLR 3.0.30729; Media Center PC 6.0; InfoPath.3; .NET4.0C; .NET4.0E; Tablet PC 2.0; AskTbFXTV5/5.14.1.20007)" 18651
192.168.74.91 - - [17/Feb/2013:06:48:35 +0600] "GET /pause/ajaxPause?pauseConfigId=&admin=0 HTTP/1.1" 200 986 "http://callider/pause/index" "Mozilla/4.0 (compatible; MSIE 7.0; Windows NT 6.1; WOW64; Trident/5.0; SLCC2; .NET CLR 2.0.50727; .NET CLR 3.5.30729; .NET CLR 3.0.30729; Media Center PC 6.0; InfoPath.3; .NET4.0C; MS-RTC LM 8; .NET4.0E)" 19988
192.168.74.151 - - [17/Feb/2013:06:48:35 +0600] "GET /pause/ajaxPause?pauseConfigId=&admin=0 HTTP/1.1" 200 987 "http://callider.kontur/pause/index" "Mozilla/5.0 (Windows NT 6.1; WOW64; rv:18.0) Gecko/20100101 Firefox/18.0" 25296
192.168.12.210 - - [17/Feb/2013:06:48:35 +0600] "GET /pause/ajaxPause?pauseConfigId=all&admin=1 HTTP/1.1" 200 1047 "http://callider/pause/index" "Mozilla/4.0 (compatible; MSIE 7.0; Windows NT 6.1; WOW64; Trident/5.0; SLCC2; .NET CLR 2.0.50727; .NET CLR 3.5.30729; .NET CLR 3.0.30729; Media Center PC 6.0; InfoPath.3; .NET4.0C; .NET4.0E)" 22819
192.168.65.56 - - [17/Feb/2013:06:48:36 +0600] "GET /pause/ajaxPause?pauseConfigId=all&admin=1 HTTP/1.1" 200 1046 "http://192.168.65.101/pause/index" "Mozilla/5.0 (Windows NT 5.1; rv:15.0) Gecko/20100101 Firefox/15.0" 28573
192.168.12.61 - - [17/Feb/2013:06:48:37 +0600] "GET /pause/ajaxPause?pauseConfigId=&admin=0 HTTP/1.1" 200 985 "http://callider/pause/index" "Mozilla/4.0 (compatible; MSIE 7.0; Windows NT 6.1; Trident/5.0; SLCC2; .NET CLR 2.0.50727; .NET CLR 3.5.30729; .NET CLR 3.0.30729; Media Center PC 6.0; InfoPath.3; .NET4.0C; .NET4.0E)" 18414
192.168.74.93 - - [17/Feb/2013:06:48:38 +0600] "GET /tv/useUser HTTP/1.1" 200 432 "http://callider/graph/personal" "Mozilla/4.0 (compatible; MSIE 7.0; Windows NT 6.1; WOW64; Trident/5.0; SLCC2; .NET CLR 2.0.50727; .NET CLR 3.5.30729; .NET CLR 3.0.30729; Media Center PC 6.0; InfoPath.3; .NET4.0C; .NET4.0E)" 16633
192.168.12.237 - - [17/Feb/2013:06:48:39 +0600] "GET /pause/ajaxPause?pauseConfigId=&admin=0 HTTP/1.1" 200 987 "http://callider/pause/index" "Mozilla/4.0 (compatible; MSIE 7.0; Windows NT 6.1; Trident/5.0; SLCC2; .NET CLR 2.0.50727; .NET CLR 3.5.30729; .NET CLR 3.0.30729; Media Center PC 6.0; InfoPath.3; .NET4.0C; .NET4.0E)" 23691
192.168.12.60 - - [17/Feb/2013:06:48:39 +0600] "GET /pause/ajaxPause?pauseConfigId=&admin=0 HTTP/1.1" 200 986 "http://callider/pause/index" "Mozilla/4.0 (compatible; MSIE 8.0; Windows NT 6.1; Trident/4.0; InfoPath.3; .NET4.0C; MS-RTC LM 8; .NET4.0E)" 35848
192.168.12.210 - - [17/Feb/2013:06:48:39 +0600] "GET /tv/useUser HTTP/1.1" 200 431 "http://callider/graph/general" "Mozilla/4.0 (compatible; MSIE 7.0; Windows NT 6.1; WOW64; Trident/5.0; SLCC2; .NET CLR 2.0.50727; .NET CLR 3.5.30729; .NET CLR 3.0.30729; Media Center PC 6.0; InfoPath.3; .NET4.0C; .NET4.0E)" 13180
192.168.74.78 - - [17/Feb/2013:06:48:39 +0600] "GET /pause/ajaxPause?pauseConfigId=&admin=0 HTTP/1.1" 200 986 "http://callider/pause/index" "Mozilla/4.0 (compatible; MSIE 7.0; Windows NT 6.1; WOW64; Trident/5.0; SLCC2; .NET CLR 2.0.50727; .NET CLR 3.5.30729; .NET CLR 3.0.30729; Media Center PC 6.0; InfoPath.3; .NET4.0C; MS-RTC LM 8; .NET4.0E)" 22238
192.168.12.204 - - [17/Feb/2013:06:48:39 +0600] "GET /pause/ajaxPause?pauseConfigId=&admin=0 HTTP/1.1" 200 986 "http://callider/pause/index" "Mozilla/4.0 (compatible; MSIE 7.0; Windows NT 6.1; WOW64; Trident/4.0; SLCC2; .NET CLR 2.0.50727; .NET CLR 3.5.30729; .NET CLR 3.0.30729; Media Center PC 6.0; InfoPath.3; .NET4.0C; .NET4.0E; .NET CLR 1.1.4322)" 18833
192.168.12.69 - - [17/Feb/2013:06:48:40 +0600] "GET /pause/ajaxPause?pauseConfigId=&admin=0 HTTP/1.1" 200 986 "http://callider/pause/index" "Mozilla/4.0 (compatible; MSIE 7.0; Windows NT 6.1; Trident/5.0; SLCC2; .NET CLR 2.0.50727; .NET CLR 3.5.30729; .NET CLR 3.0.30729; Media Center PC 6.0; InfoPath.3; .NET4.0C; .NET4.0E; Tablet PC 2.0; AskTbFXTV5/5.14.1.20007)" 33495
192.168.74.91 - - [17/Feb/2013:06:48:40 +0600] "GET /pause/ajaxPause?pauseConfigId=&admin=0 HTTP/1.1" 200 986 "http://callider/pause/index" "Mozilla/4.0 (compatible; MSIE 7.0; Windows NT 6.1; WOW64; Trident/5.0; SLCC2; .NET CLR 2.0.50727; .NET CLR 3.5.30729; .NET CLR 3.0.30729; Media Center PC 6.0; InfoPath.3; .NET4.0C; MS-RTC LM 8; .NET4.0E)" 22598
192.168.74.151 - - [17/Feb/2013:06:48:40 +0600] "GET /pause/ajaxPause?pauseConfigId=&admin=0 HTTP/1.1" 200 987 "http://callider.kontur/pause/index" "Mozilla/5.0 (Windows NT 6.1; WOW64; rv:18.0) Gecko/20100101 Firefox/18.0" 18169
192.168.12.210 - - [17/Feb/2013:06:48:40 +0600] "GET /pause/ajaxPause?pauseConfigId=all&admin=1 HTTP/1.1" 200 1047 "http://callider/pause/index" "Mozilla/4.0 (compatible; MSIE 7.0; Windows NT 6.1; WOW64; Trident/5.0; SLCC2; .NET CLR 2.0.50727; .NET CLR 3.5.30729; .NET CLR 3.0.30729; Media Center PC 6.0; InfoPath.3; .NET4.0C; .NET4.0E)" 30794
192.168.12.9 - - [17/Feb/2013:06:48:41 +0600] "GET /tv/useUser HTTP/1.1" 200 432 "http://callider.kontur/site/index" "Mozilla/5.0 (Windows NT 6.1; WOW64) AppleWebKit/537.17 (KHTML, like Gecko) Chrome/24.0.1312.57 Safari/537.17" 16296
192.168.65.56 - - [17/Feb/2013:06:48:41 +0600] "GET /pause/ajaxPause?pauseConfigId=all&admin=1 HTTP/1.1" 200 1046 "http://192.168.65.101/pause/index" "Mozilla/5.0 (Windows NT 5.1; rv:15.0) Gecko/20100101 Firefox/15.0" 28179
192.168.12.61 - - [17/Feb/2013:06:48:42 +0600] "GET /pause/ajaxPause?pauseConfigId=&admin=0 HTTP/1.1" 200 985 "http://callider/pause/index" "Mozilla/4.0 (compatible; MSIE 7.0; Windows NT 6.1; Trident/5.0; SLCC2; .NET CLR 2.0.50727; .NET CLR 3.5.30729; .NET CLR 3.0.30729; Media Center PC 6.0; InfoPath.3; .NET4.0C; .NET4.0E)" 19431
192.168.12.237 - - [17/Feb/2013:06:48:44 +0600] "GET /pause/ajaxPause?pauseConfigId=&admin=0 HTTP/1.1" 200 987 "http://callider/pause/index" "Mozilla/4.0 (compatible; MSIE 7.0; Windows NT 6.1; Trident/5.0; SLCC2; .NET CLR 2.0.50727; .NET CLR 3.5.30729; .NET CLR 3.0.30729; Media Center PC 6.0; InfoPath.3; .NET4.0C; .NET4.0E)" 18437
192.168.12.60 - - [17/Feb/2013:06:48:44 +0600] "GET /pause/ajaxPause?pauseConfigId=&admin=0 HTTP/1.1" 200 986 "http://callider/pause/index" "Mozilla/4.0 (compatible; MSIE 8.0; Windows NT 6.1; Trident/4.0; InfoPath.3; .NET4.0C; MS-RTC LM 8; .NET4.0E)" 18483
192.168.74.78 - - [17/Feb/2013:06:48:44 +0600] "GET /pause/ajaxPause?pauseConfigId=&admin=0 HTTP/1.1" 200 986 "http://callider/pause/index" "Mozilla/4.0 (compatible; MSIE 7.0; Windows NT 6.1; WOW64; Trident/5.0; SLCC2; .NET CLR 2.0.50727; .NET CLR 3.5.30729; .NET CLR 3.0.30729; Media Center PC 6.0; InfoPath.3; .NET4.0C; MS-RTC LM 8; .NET4.0E)" 19115
192.168.12.204 - - [17/Feb/2013:06:48:44 +0600] "GET /pause/ajaxPause?pauseConfigId=&admin=0 HTTP/1.1" 200 986 "http://callider/pause/index" "Mozilla/4.0 (compatible; MSIE 7.0; Windows NT 6.1; WOW64; Trident/4.0; SLCC2; .NET CLR 2.0.50727; .NET CLR 3.5.30729; .NET CLR 3.0.30729; Media Center PC 6.0; InfoPath.3; .NET4.0C; .NET4.0E; .NET CLR 1.1.4322)" 17453
192.168.12.69 - - [17/Feb/2013:06:48:45 +0600] "GET /pause/ajaxPause?pauseConfigId=&admin=0 HTTP/1.1" 200 986 "http://callider/pause/index" "Mozilla/4.0 (compatible; MSIE 7.0; Windows NT 6.1; Trident/5.0; SLCC2; .NET CLR 2.0.50727; .NET CLR 3.5.30729; .NET CLR 3.0.30729; Media Center PC 6.0; InfoPath.3; .NET4.0C; .NET4.0E; Tablet PC 2.0; AskTbFXTV5/5.14.1.20007)" 19305
192.168.74.91 - - [17/Feb/2013:06:48:45 +0600] "GET /pause/ajaxPause?pauseConfigId=&admin=0 HTTP/1.1" 200 986 "http://callider/pause/index" "Mozilla/4.0 (compatible; MSIE 7.0; Windows NT 6.1; WOW64; Trident/5.0; SLCC2; .NET CLR 2.0.50727; .NET CLR 3.5.30729; .NET CLR 3.0.30729; Media Center PC 6.0; InfoPath.3; .NET4.0C; MS-RTC LM 8; .NET4.0E)" 20027
192.168.74.151 - - [17/Feb/2013:06:48:45 +0600] "GET /pause/ajaxPause?pauseConfigId=&admin=0 HTTP/1.1" 200 987 "http://callider.kontur/pause/index" "Mozilla/5.0 (Windows NT 6.1; WOW64; rv:18.0) Gecko/20100101 Firefox/18.0" 21024
192.168.12.210 - - [17/Feb/2013:06:48:45 +0600] "GET /pause/ajaxPause?pauseConfigId=all&admin=1 HTTP/1.1" 200 1047 "http://callider/pause/index" "Mozilla/4.0 (compatible; MSIE 7.0; Windows NT 6.1; WOW64; Trident/5.0; SLCC2; .NET CLR 2.0.50727; .NET CLR 3.5.30729; .NET CLR 3.0.30729; Media Center PC 6.0; InfoPath.3; .NET4.0C; .NET4.0E)" 21394
192.168.65.56 - - [17/Feb/2013:06:48:46 +0600] "GET /pause/ajaxPause?pauseConfigId=all&admin=1 HTTP/1.1" 200 1046 "http://192.168.65.101/pause/index" "Mozilla/5.0 (Windows NT 5.1; rv:15.0) Gecko/20100101 Firefox/15.0" 38439
192.168.12.61 - - [17/Feb/2013:06:48:47 +0600] "GET /pause/ajaxPause?pauseConfigId=&admin=0 HTTP/1.1" 200 986 "http://callider/pause/index" "Mozilla/4.0 (compatible; MSIE 7.0; Windows NT 6.1; Trident/5.0; SLCC2; .NET CLR 2.0.50727; .NET CLR 3.5.30729; .NET CLR 3.0.30729; Media Center PC 6.0; InfoPath.3; .NET4.0C; .NET4.0E)" 27501
192.168.12.210 - - [17/Feb/2013:06:48:49 +0600] "GET /tv/useUser HTTP/1.1" 200 431 "http://callider/pause/index" "Mozilla/4.0 (compatible; MSIE 7.0; Windows NT 6.1; WOW64; Trident/5.0; SLCC2; .NET CLR 2.0.50727; .NET CLR 3.5.30729; .NET CLR 3.0.30729; Media Center PC 6.0; InfoPath.3; .NET4.0C; .NET4.0E)" 12967
192.168.12.237 - - [17/Feb/2013:06:48:49 +0600] "GET /pause/ajaxPause?pauseConfigId=&admin=0 HTTP/1.1" 200 987 "http://callider/pause/index" "Mozilla/4.0 (compatible; MSIE 7.0; Windows NT 6.1; Trident/5.0; SLCC2; .NET CLR 2.0.50727; .NET CLR 3.5.30729; .NET CLR 3.0.30729; Media Center PC 6.0; InfoPath.3; .NET4.0C; .NET4.0E)" 24128
192.168.12.60 - - [17/Feb/2013:06:48:49 +0600] "GET /pause/ajaxPause?pauseConfigId=&admin=0 HTTP/1.1" 200 986 "http://callider/pause/index" "Mozilla/4.0 (compatible; MSIE 8.0; Windows NT 6.1; Trident/4.0; InfoPath.3; .NET4.0C; MS-RTC LM 8; .NET4.0E)" 22823
192.168.74.78 - - [17/Feb/2013:06:48:49 +0600] "GET /pause/ajaxPause?pauseConfigId=&admin=0 HTTP/1.1" 200 986 "http://callider/pause/index" "Mozilla/4.0 (compatible; MSIE 7.0; Windows NT 6.1; WOW64; Trident/5.0; SLCC2; .NET CLR 2.0.50727; .NET CLR 3.5.30729; .NET CLR 3.0.30729; Media Center PC 6.0; InfoPath.3; .NET4.0C; MS-RTC LM 8; .NET4.0E)" 18349
192.168.12.204 - - [17/Feb/2013:06:48:49 +0600] "GET /pause/ajaxPause?pauseConfigId=&admin=0 HTTP/1.1" 200 986 "http://callider/pause/index" "Mozilla/4.0 (compatible; MSIE 7.0; Windows NT 6.1; WOW64; Trident/4.0; SLCC2; .NET CLR 2.0.50727; .NET CLR 3.5.30729; .NET CLR 3.0.30729; Media Center PC 6.0; InfoPath.3; .NET4.0C; .NET4.0E; .NET CLR 1.1.4322)" 18619
192.168.12.69 - - [17/Feb/2013:06:48:50 +0600] "GET /pause/ajaxPause?pauseConfigId=&admin=0 HTTP/1.1" 200 986 "http://callider/pause/index" "Mozilla/4.0 (compatible; MSIE 7.0; Windows NT 6.1; Trident/5.0; SLCC2; .NET CLR 2.0.50727; .NET CLR 3.5.30729; .NET CLR 3.0.30729; Media Center PC 6.0; InfoPath.3; .NET4.0C; .NET4.0E; Tablet PC 2.0; AskTbFXTV5/5.14.1.20007)" 19989
192.168.74.91 - - [17/Feb/2013:06:48:50 +0600] "GET /pause/ajaxPause?pauseConfigId=&admin=0 HTTP/1.1" 200 986 "http://callider/pause/index" "Mozilla/4.0 (compatible; MSIE 7.0; Windows NT 6.1; WOW64; Trident/5.0; SLCC2; .NET CLR 2.0.50727; .NET CLR 3.5.30729; .NET CLR 3.0.30729; Media Center PC 6.0; InfoPath.3; .NET4.0C; MS-RTC LM 8; .NET4.0E)" 24861
192.168.74.151 - - [17/Feb/2013:06:48:50 +0600] "GET /pause/ajaxPause?pauseConfigId=&admin=0 HTTP/1.1" 200 987 "http://callider.kontur/pause/index" "Mozilla/5.0 (Windows NT 6.1; WOW64; rv:18.0) Gecko/20100101 Firefox/18.0" 18004
192.168.12.210 - - [17/Feb/2013:06:48:50 +0600] "GET /pause/ajaxPause?pauseConfigId=all&admin=1 HTTP/1.1" 200 1047 "http://callider/pause/index" "Mozilla/4.0 (compatible; MSIE 7.0; Windows NT 6.1; WOW64; Trident/5.0; SLCC2; .NET CLR 2.0.50727; .NET CLR 3.5.30729; .NET CLR 3.0.30729; Media Center PC 6.0; InfoPath.3; .NET4.0C; .NET4.0E)" 21246
192.168.65.56 - - [17/Feb/2013:06:48:51 +0600] "GET /pause/ajaxPause?pauseConfigId=all&admin=1 HTTP/1.1" 200 1046 "http://192.168.65.101/pause/index" "Mozilla/5.0 (Windows NT 5.1; rv:15.0) Gecko/20100101 Firefox/15.0" 30452
192.168.65.56 - - [17/Feb/2013:06:48:51 +0600] "GET /tv/useUser HTTP/1.1" 200 431 "http://192.168.65.101/pause/index" "Mozilla/5.0 (Windows NT 5.1; rv:15.0) Gecko/20100101 Firefox/15.0" 9857
192.168.12.61 - - [17/Feb/2013:06:48:52 +0600] "GET /pause/ajaxPause?pauseConfigId=&admin=0 HTTP/1.1" 200 985 "http://callider/pause/index" "Mozilla/4.0 (compatible; MSIE 7.0; Windows NT 6.1; Trident/5.0; SLCC2; .NET CLR 2.0.50727; .NET CLR 3.5.30729; .NET CLR 3.0.30729; Media Center PC 6.0; InfoPath.3; .NET4.0C; .NET4.0E)" 17876
192.168.12.237 - - [17/Feb/2013:06:48:54 +0600] "GET /pause/ajaxPause?pauseConfigId=&admin=0 HTTP/1.1" 200 987 "http://callider/pause/index" "Mozilla/4.0 (compatible; MSIE 7.0; Windows NT 6.1; Trident/5.0; SLCC2; .NET CLR 2.0.50727; .NET CLR 3.5.30729; .NET CLR 3.0.30729; Media Center PC 6.0; InfoPath.3; .NET4.0C; .NET4.0E)" 21299
192.168.12.60 - - [17/Feb/2013:06:48:54 +0600] "GET /pause/ajaxPause?pauseConfigId=&admin=0 HTTP/1.1" 200 986 "http://callider/pause/index" "Mozilla/4.0 (compatible; MSIE 8.0; Windows NT 6.1; Trident/4.0; InfoPath.3; .NET4.0C; MS-RTC LM 8; .NET4.0E)" 18270
192.168.74.78 - - [17/Feb/2013:06:48:54 +0600] "GET /pause/ajaxPause?pauseConfigId=&admin=0 HTTP/1.1" 200 986 "http://callider/pause/index" "Mozilla/4.0 (compatible; MSIE 7.0; Windows NT 6.1; WOW64; Trident/5.0; SLCC2; .NET CLR 2.0.50727; .NET CLR 3.5.30729; .NET CLR 3.0.30729; Media Center PC 6.0; InfoPath.3; .NET4.0C; MS-RTC LM 8; .NET4.0E)" 18475
192.168.12.204 - - [17/Feb/2013:06:48:54 +0600] "GET /pause/ajaxPause?pauseConfigId=&admin=0 HTTP/1.1" 200 986 "http://callider/pause/index" "Mozilla/4.0 (compatible; MSIE 7.0; Windows NT 6.1; WOW64; Trident/4.0; SLCC2; .NET CLR 2.0.50727; .NET CLR 3.5.30729; .NET CLR 3.0.30729; Media Center PC 6.0; InfoPath.3; .NET4.0C; .NET4.0E; .NET CLR 1.1.4322)" 17143
192.168.12.69 - - [17/Feb/2013:06:48:55 +0600] "GET /pause/ajaxPause?pauseConfigId=&admin=0 HTTP/1.1" 200 986 "http://callider/pause/index" "Mozilla/4.0 (compatible; MSIE 7.0; Windows NT 6.1; Trident/5.0; SLCC2; .NET CLR 2.0.50727; .NET CLR 3.5.30729; .NET CLR 3.0.30729; Media Center PC 6.0; InfoPath.3; .NET4.0C; .NET4.0E; Tablet PC 2.0; AskTbFXTV5/5.14.1.20007)" 21649
192.168.74.91 - - [17/Feb/2013:06:48:55 +0600] "GET /pause/ajaxPause?pauseConfigId=&admin=0 HTTP/1.1" 200 986 "http://callider/pause/index" "Mozilla/4.0 (compatible; MSIE 7.0; Windows NT 6.1; WOW64; Trident/5.0; SLCC2; .NET CLR 2.0.50727; .NET CLR 3.5.30729; .NET CLR 3.0.30729; Media Center PC 6.0; InfoPath.3; .NET4.0C; MS-RTC LM 8; .NET4.0E)" 19428
192.168.74.151 - - [17/Feb/2013:06:48:55 +0600] "GET /pause/ajaxPause?pauseConfigId=&admin=0 HTTP/1.1" 200 987 "http://callider.kontur/pause/index" "Mozilla/5.0 (Windows NT 6.1; WOW64; rv:18.0) Gecko/20100101 Firefox/18.0" 22187
192.168.12.210 - - [17/Feb/2013:06:48:55 +0600] "GET /pause/ajaxPause?pauseConfigId=all&admin=1 HTTP/1.1" 200 1047 "http://callider/pause/index" "Mozilla/4.0 (compatible; MSIE 7.0; Windows NT 6.1; WOW64; Trident/5.0; SLCC2; .NET CLR 2.0.50727; .NET CLR 3.5.30729; .NET CLR 3.0.30729; Media Center PC 6.0; InfoPath.3; .NET4.0C; .NET4.0E)" 20817
192.168.65.56 - - [17/Feb/2013:06:48:56 +0600] "GET /pause/ajaxPause?pauseConfigId=all&admin=1 HTTP/1.1" 200 1046 "http://192.168.65.101/pause/index" "Mozilla/5.0 (Windows NT 5.1; rv:15.0) Gecko/20100101 Firefox/15.0" 38646
192.168.12.61 - - [17/Feb/2013:06:48:57 +0600] "GET /pause/ajaxPause?pauseConfigId=&admin=0 HTTP/1.1" 200 985 "http://callider/pause/index" "Mozilla/4.0 (compatible; MSIE 7.0; Windows NT 6.1; Trident/5.0; SLCC2; .NET CLR 2.0.50727; .NET CLR 3.5.30729; .NET CLR 3.0.30729; Media Center PC 6.0; InfoPath.3; .NET4.0C; .NET4.0E)" 20070
192.168.12.237 - - [17/Feb/2013:06:48:59 +0600] "GET /pause/ajaxPause?pauseConfigId=&admin=0 HTTP/1.1" 200 987 "http://callider/pause/index" "Mozilla/4.0 (compatible; MSIE 7.0; Windows NT 6.1; Trident/5.0; SLCC2; .NET CLR 2.0.50727; .NET CLR 3.5.30729; .NET CLR 3.0.30729; Media Center PC 6.0; InfoPath.3; .NET4.0C; .NET4.0E)" 21216
192.168.12.60 - - [17/Feb/2013:06:48:59 +0600] "GET /pause/ajaxPause?pauseConfigId=&admin=0 HTTP/1.1" 200 986 "http://callider/pause/index" "Mozilla/4.0 (compatible; MSIE 8.0; Windows NT 6.1; Trident/4.0; InfoPath.3; .NET4.0C; MS-RTC LM 8; .NET4.0E)" 19996
192.168.74.78 - - [17/Feb/2013:06:48:59 +0600] "GET /pause/ajaxPause?pauseConfigId=&admin=0 HTTP/1.1" 200 986 "http://callider/pause/index" "Mozilla/4.0 (compatible; MSIE 7.0; Windows NT 6.1; WOW64; Trident/5.0; SLCC2; .NET CLR 2.0.50727; .NET CLR 3.5.30729; .NET CLR 3.0.30729; Media Center PC 6.0; InfoPath.3; .NET4.0C; MS-RTC LM 8; .NET4.0E)" 21053
192.168.12.204 - - [17/Feb/2013:06:48:59 +0600] "GET /pause/ajaxPause?pauseConfigId=&admin=0 HTTP/1.1" 200 986 "http://callider/pause/index" "Mozilla/4.0 (compatible; MSIE 7.0; Windows NT 6.1; WOW64; Trident/4.0; SLCC2; .NET CLR 2.0.50727; .NET CLR 3.5.30729; .NET CLR 3.0.30729; Media Center PC 6.0; InfoPath.3; .NET4.0C; .NET4.0E; .NET CLR 1.1.4322)" 20270
192.168.64.119 - - [17/Feb/2013:06:49:00 +0600] "HEAD / HTTP/1.0" 302 435 "-" "WhatsUp/1.0" 13398
192.168.64.119 - - [17/Feb/2013:06:49:00 +0600] "GET / HTTP/1.1" 302 454 "-" "Mozilla/4.0 (compatible; MSIE 8.0; Windows NT 5.2; Trident/4.0)" 20429
192.168.12.69 - - [17/Feb/2013:06:49:00 +0600] "GET /pause/ajaxPause?pauseConfigId=&admin=0 HTTP/1.1" 200 986 "http://callider/pause/index" "Mozilla/4.0 (compatible; MSIE 7.0; Windows NT 6.1; Trident/5.0; SLCC2; .NET CLR 2.0.50727; .NET CLR 3.5.30729; .NET CLR 3.0.30729; Media Center PC 6.0; InfoPath.3; .NET4.0C; .NET4.0E; Tablet PC 2.0; AskTbFXTV5/5.14.1.20007)" 21321
192.168.74.91 - - [17/Feb/2013:06:49:00 +0600] "GET /pause/ajaxPause?pauseConfigId=&admin=0 HTTP/1.1" 200 986 "http://callider/pause/index" "Mozilla/4.0 (compatible; MSIE 7.0; Windows NT 6.1; WOW64; Trident/5.0; SLCC2; .NET CLR 2.0.50727; .NET CLR 3.5.30729; .NET CLR 3.0.30729; Media Center PC 6.0; InfoPath.3; .NET4.0C; MS-RTC LM 8; .NET4.0E)" 25299
192.168.74.151 - - [17/Feb/2013:06:49:00 +0600] "GET /pause/ajaxPause?pauseConfigId=&admin=0 HTTP/1.1" 200 987 "http://callider.kontur/pause/index" "Mozilla/5.0 (Windows NT 6.1; WOW64; rv:18.0) Gecko/20100101 Firefox/18.0" 32289
192.168.12.210 - - [17/Feb/2013:06:49:00 +0600] "GET /pause/ajaxPause?pauseConfigId=all&admin=1 HTTP/1.1" 200 1047 "http://callider/pause/index" "Mozilla/4.0 (compatible; MSIE 7.0; Windows NT 6.1; WOW64; Trident/5.0; SLCC2; .NET CLR 2.0.50727; .NET CLR 3.5.30729; .NET CLR 3.0.30729; Media Center PC 6.0; InfoPath.3; .NET4.0C; .NET4.0E)" 20497
192.168.65.56 - - [17/Feb/2013:06:49:01 +0600] "GET /pause/ajaxPause?pauseConfigId=all&admin=1 HTTP/1.1" 200 1046 "http://192.168.65.101/pause/index" "Mozilla/5.0 (Windows NT 5.1; rv:15.0) Gecko/20100101 Firefox/15.0" 30963
192.168.12.61 - - [17/Feb/2013:06:49:02 +0600] "GET /pause/ajaxPause?pauseConfigId=&admin=0 HTTP/1.1" 200 985 "http://callider/pause/index" "Mozilla/4.0 (compatible; MSIE 7.0; Windows NT 6.1; Trident/5.0; SLCC2; .NET CLR 2.0.50727; .NET CLR 3.5.30729; .NET CLR 3.0.30729; Media Center PC 6.0; InfoPath.3; .NET4.0C; .NET4.0E)" 20709
192.168.64.119 - - [17/Feb/2013:06:49:03 +0600] "GET /site/login HTTP/1.1" 200 7423 "-" "Mozilla/4.0 (compatible; MSIE 8.0; Windows NT 5.2; Trident/4.0)" 47926
192.168.12.237 - - [17/Feb/2013:06:49:04 +0600] "GET /pause/ajaxPause?pauseConfigId=&admin=0 HTTP/1.1" 200 987 "http://callider/pause/index" "Mozilla/4.0 (compatible; MSIE 7.0; Windows NT 6.1; Trident/5.0; SLCC2; .NET CLR 2.0.50727; .NET CLR 3.5.30729; .NET CLR 3.0.30729; Media Center PC 6.0; InfoPath.3; .NET4.0C; .NET4.0E)" 28068
192.168.12.60 - - [17/Feb/2013:06:49:04 +0600] "GET /pause/ajaxPause?pauseConfigId=&admin=0 HTTP/1.1" 200 986 "http://callider/pause/index" "Mozilla/4.0 (compatible; MSIE 8.0; Windows NT 6.1; Trident/4.0; InfoPath.3; .NET4.0C; MS-RTC LM 8; .NET4.0E)" 29044
192.168.74.78 - - [17/Feb/2013:06:49:04 +0600] "GET /pause/ajaxPause?pauseConfigId=&admin=0 HTTP/1.1" 200 986 "http://callider/pause/index" "Mozilla/4.0 (compatible; MSIE 7.0; Windows NT 6.1; WOW64; Trident/5.0; SLCC2; .NET CLR 2.0.50727; .NET CLR 3.5.30729; .NET CLR 3.0.30729; Media Center PC 6.0; InfoPath.3; .NET4.0C; MS-RTC LM 8; .NET4.0E)" 31690
192.168.12.204 - - [17/Feb/2013:06:49:04 +0600] "GET /pause/ajaxPause?pauseConfigId=&admin=0 HTTP/1.1" 200 986 "http://callider/pause/index" "Mozilla/4.0 (compatible; MSIE 7.0; Windows NT 6.1; WOW64; Trident/4.0; SLCC2; .NET CLR 2.0.50727; .NET CLR 3.5.30729; .NET CLR 3.0.30729; Media Center PC 6.0; InfoPath.3; .NET4.0C; .NET4.0E; .NET CLR 1.1.4322)" 25375
192.168.12.69 - - [17/Feb/2013:06:49:05 +0600] "GET /pause/ajaxPause?pauseConfigId=&admin=0 HTTP/1.1" 200 986 "http://callider/pause/index" "Mozilla/4.0 (compatible; MSIE 7.0; Windows NT 6.1; Trident/5.0; SLCC2; .NET CLR 2.0.50727; .NET CLR 3.5.30729; .NET CLR 3.0.30729; Media Center PC 6.0; InfoPath.3; .NET4.0C; .NET4.0E; Tablet PC 2.0; AskTbFXTV5/5.14.1.20007)" 27588
192.168.12.61 - - [17/Feb/2013:06:49:05 +0600] "GET /tv/useUser HTTP/1.1" 200 431 "http://callider/pause/index" "Mozilla/4.0 (compatible; MSIE 7.0; Windows NT 6.1; Trident/5.0; SLCC2; .NET CLR 2.0.50727; .NET CLR 3.5.30729; .NET CLR 3.0.30729; Media Center PC 6.0; InfoPath.3; .NET4.0C; .NET4.0E)" 16448
192.168.74.91 - - [17/Feb/2013:06:49:05 +0600] "GET /pause/ajaxPause?pauseConfigId=&admin=0 HTTP/1.1" 200 986 "http://callider/pause/index" "Mozilla/4.0 (compatible; MSIE 7.0; Windows NT 6.1; WOW64; Trident/5.0; SLCC2; .NET CLR 2.0.50727; .NET CLR 3.5.30729; .NET CLR 3.0.30729; Media Center PC 6.0; InfoPath.3; .NET4.0C; MS-RTC LM 8; .NET4.0E)" 25992
192.168.74.151 - - [17/Feb/2013:06:49:05 +0600] "GET /pause/ajaxPause?pauseConfigId=&admin=0 HTTP/1.1" 200 987 "http://callider.kontur/pause/index" "Mozilla/5.0 (Windows NT 6.1; WOW64; rv:18.0) Gecko/20100101 Firefox/18.0" 26330
192.168.12.210 - - [17/Feb/2013:06:49:05 +0600] "GET /pause/ajaxPause?pauseConfigId=all&admin=1 HTTP/1.1" 200 1047 "http://callider/pause/index" "Mozilla/4.0 (compatible; MSIE 7.0; Windows NT 6.1; WOW64; Trident/5.0; SLCC2; .NET CLR 2.0.50727; .NET CLR 3.5.30729; .NET CLR 3.0.30729; Media Center PC 6.0; InfoPath.3; .NET4.0C; .NET4.0E)" 33796
192.168.65.56 - - [17/Feb/2013:06:49:06 +0600] "GET /pause/ajaxPause?pauseConfigId=all&admin=1 HTTP/1.1" 200 1046 "http://192.168.65.101/pause/index" "Mozilla/5.0 (Windows NT 5.1; rv:15.0) Gecko/20100101 Firefox/15.0" 34713
192.168.12.61 - - [17/Feb/2013:06:49:07 +0600] "GET /pause/ajaxPause?pauseConfigId=&admin=0 HTTP/1.1" 200 985 "http://callider/pause/index" "Mozilla/4.0 (compatible; MSIE 7.0; Windows NT 6.1; Trident/5.0; SLCC2; .NET CLR 2.0.50727; .NET CLR 3.5.30729; .NET CLR 3.0.30729; Media Center PC 6.0; InfoPath.3; .NET4.0C; .NET4.0E)" 39036
192.168.12.237 - - [17/Feb/2013:06:49:09 +0600] "GET /pause/ajaxPause?pauseConfigId=&admin=0 HTTP/1.1" 200 987 "http://callider/pause/index" "Mozilla/4.0 (compatible; MSIE 7.0; Windows NT 6.1; Trident/5.0; SLCC2; .NET CLR 2.0.50727; .NET CLR 3.5.30729; .NET CLR 3.0.30729; Media Center PC 6.0; InfoPath.3; .NET4.0C; .NET4.0E)" 25897
192.168.12.60 - - [17/Feb/2013:06:49:09 +0600] "GET /pause/ajaxPause?pauseConfigId=&admin=0 HTTP/1.1" 200 986 "http://callider/pause/index" "Mozilla/4.0 (compatible; MSIE 8.0; Windows NT 6.1; Trident/4.0; InfoPath.3; .NET4.0C; MS-RTC LM 8; .NET4.0E)" 17958
192.168.74.78 - - [17/Feb/2013:06:49:09 +0600] "GET /pause/ajaxPause?pauseConfigId=&admin=0 HTTP/1.1" 200 986 "http://callider/pause/index" "Mozilla/4.0 (compatible; MSIE 7.0; Windows NT 6.1; WOW64; Trident/5.0; SLCC2; .NET CLR 2.0.50727; .NET CLR 3.5.30729; .NET CLR 3.0.30729; Media Center PC 6.0; InfoPath.3; .NET4.0C; MS-RTC LM 8; .NET4.0E)" 18701
192.168.12.204 - - [17/Feb/2013:06:49:09 +0600] "GET /pause/ajaxPause?pauseConfigId=&admin=0 HTTP/1.1" 200 986 "http://callider/pause/index" "Mozilla/4.0 (compatible; MSIE 7.0; Windows NT 6.1; WOW64; Trident/4.0; SLCC2; .NET CLR 2.0.50727; .NET CLR 3.5.30729; .NET CLR 3.0.30729; Media Center PC 6.0; InfoPath.3; .NET4.0C; .NET4.0E; .NET CLR 1.1.4322)" 20547
192.168.12.69 - - [17/Feb/2013:06:49:10 +0600] "GET /pause/ajaxPause?pauseConfigId=&admin=0 HTTP/1.1" 200 986 "http://callider/pause/index" "Mozilla/4.0 (compatible; MSIE 7.0; Windows NT 6.1; Trident/5.0; SLCC2; .NET CLR 2.0.50727; .NET CLR 3.5.30729; .NET CLR 3.0.30729; Media Center PC 6.0; InfoPath.3; .NET4.0C; .NET4.0E; Tablet PC 2.0; AskTbFXTV5/5.14.1.20007)" 17558
192.168.74.91 - - [17/Feb/2013:06:49:10 +0600] "GET /pause/ajaxPause?pauseConfigId=&admin=0 HTTP/1.1" 200 986 "http://callider/pause/index" "Mozilla/4.0 (compatible; MSIE 7.0; Windows NT 6.1; WOW64; Trident/5.0; SLCC2; .NET CLR 2.0.50727; .NET CLR 3.5.30729; .NET CLR 3.0.30729; Media Center PC 6.0; InfoPath.3; .NET4.0C; MS-RTC LM 8; .NET4.0E)" 19475
192.168.74.151 - - [17/Feb/2013:06:49:10 +0600] "GET /pause/ajaxPause?pauseConfigId=&admin=0 HTTP/1.1" 200 987 "http://callider.kontur/pause/index" "Mozilla/5.0 (Windows NT 6.1; WOW64; rv:18.0) Gecko/20100101 Firefox/18.0" 18431
192.168.12.210 - - [17/Feb/2013:06:49:10 +0600] "GET /pause/ajaxPause?pauseConfigId=all&admin=1 HTTP/1.1" 200 1047 "http://callider/pause/index" "Mozilla/4.0 (compatible; MSIE 7.0; Windows NT 6.1; WOW64; Trident/5.0; SLCC2; .NET CLR 2.0.50727; .NET CLR 3.5.30729; .NET CLR 3.0.30729; Media Center PC 6.0; InfoPath.3; .NET4.0C; .NET4.0E)" 20790
192.168.12.42 - - [17/Feb/2013:06:49:11 +0600] "GET /tv/useUser HTTP/1.1" 200 432 "http://callider/graph/personal" "Mozilla/4.0 (compatible; MSIE 7.0; Windows NT 6.1; WOW64; Trident/5.0; SLCC2; .NET CLR 2.0.50727; .NET CLR 3.5.30729; .NET CLR 3.0.30729; Media Center PC 6.0; InfoPath.3; .NET4.0C; .NET4.0E)" 20565
192.168.65.56 - - [17/Feb/2013:06:49:11 +0600] "GET /pause/ajaxPause?pauseConfigId=all&admin=1 HTTP/1.1" 200 1046 "http://192.168.65.101/pause/index" "Mozilla/5.0 (Windows NT 5.1; rv:15.0) Gecko/20100101 Firefox/15.0" 34449
192.168.12.61 - - [17/Feb/2013:06:49:12 +0600] "GET /pause/ajaxPause?pauseConfigId=&admin=0 HTTP/1.1" 200 985 "http://callider/pause/index" "Mozilla/4.0 (compatible; MSIE 7.0; Windows NT 6.1; Trident/5.0; SLCC2; .NET CLR 2.0.50727; .NET CLR 3.5.30729; .NET CLR 3.0.30729; Media Center PC 6.0; InfoPath.3; .NET4.0C; .NET4.0E)" 31495
192.168.74.151 - - [17/Feb/2013:06:49:13 +0600] "GET /tv/useUser HTTP/1.1" 200 431 "http://callider.kontur/graph/general" "Mozilla/5.0 (Windows NT 6.1; WOW64; rv:18.0) Gecko/20100101 Firefox/18.0" 17184
192.168.12.237 - - [17/Feb/2013:06:49:14 +0600] "GET /pause/ajaxPause?pauseConfigId=&admin=0 HTTP/1.1" 200 987 "http://callider/pause/index" "Mozilla/4.0 (compatible; MSIE 7.0; Windows NT 6.1; Trident/5.0; SLCC2; .NET CLR 2.0.50727; .NET CLR 3.5.30729; .NET CLR 3.0.30729; Media Center PC 6.0; InfoPath.3; .NET4.0C; .NET4.0E)" 21238
192.168.12.60 - - [17/Feb/2013:06:49:14 +0600] "GET /pause/ajaxPause?pauseConfigId=&admin=0 HTTP/1.1" 200 986 "http://callider/pause/index" "Mozilla/4.0 (compatible; MSIE 8.0; Windows NT 6.1; Trident/4.0; InfoPath.3; .NET4.0C; MS-RTC LM 8; .NET4.0E)" 19031
192.168.74.78 - - [17/Feb/2013:06:49:14 +0600] "GET /pause/ajaxPause?pauseConfigId=&admin=0 HTTP/1.1" 200 986 "http://callider/pause/index" "Mozilla/4.0 (compatible; MSIE 7.0; Windows NT 6.1; WOW64; Trident/5.0; SLCC2; .NET CLR 2.0.50727; .NET CLR 3.5.30729; .NET CLR 3.0.30729; Media Center PC 6.0; InfoPath.3; .NET4.0C; MS-RTC LM 8; .NET4.0E)" 17102
192.168.12.204 - - [17/Feb/2013:06:49:14 +0600] "GET /pause/ajaxPause?pauseConfigId=&admin=0 HTTP/1.1" 200 986 "http://callider/pause/index" "Mozilla/4.0 (compatible; MSIE 7.0; Windows NT 6.1; WOW64; Trident/4.0; SLCC2; .NET CLR 2.0.50727; .NET CLR 3.5.30729; .NET CLR 3.0.30729; Media Center PC 6.0; InfoPath.3; .NET4.0C; .NET4.0E; .NET CLR 1.1.4322)" 22047
192.168.12.69 - - [17/Feb/2013:06:49:15 +0600] "GET /pause/ajaxPause?pauseConfigId=&admin=0 HTTP/1.1" 200 986 "http://callider/pause/index" "Mozilla/4.0 (compatible; MSIE 7.0; Windows NT 6.1; Trident/5.0; SLCC2; .NET CLR 2.0.50727; .NET CLR 3.5.30729; .NET CLR 3.0.30729; Media Center PC 6.0; InfoPath.3; .NET4.0C; .NET4.0E; Tablet PC 2.0; AskTbFXTV5/5.14.1.20007)" 19317
192.168.74.91 - - [17/Feb/2013:06:49:15 +0600] "GET /pause/ajaxPause?pauseConfigId=&admin=0 HTTP/1.1" 200 986 "http://callider/pause/index" "Mozilla/4.0 (compatible; MSIE 7.0; Windows NT 6.1; WOW64; Trident/5.0; SLCC2; .NET CLR 2.0.50727; .NET CLR 3.5.30729; .NET CLR 3.0.30729; Media Center PC 6.0; InfoPath.3; .NET4.0C; MS-RTC LM 8; .NET4.0E)" 27167
192.168.74.151 - - [17/Feb/2013:06:49:15 +0600] "GET /pause/ajaxPause?pauseConfigId=&admin=0 HTTP/1.1" 200 987 "http://callider.kontur/pause/index" "Mozilla/5.0 (Windows NT 6.1; WOW64; rv:18.0) Gecko/20100101 Firefox/18.0" 22634
192.168.74.151 - - [17/Feb/2013:06:49:15 +0600] "GET /tv/useUser HTTP/1.1" 200 432 "http://callider.kontur/pause/index" "Mozilla/5.0 (Windows NT 6.1; WOW64; rv:18.0) Gecko/20100101 Firefox/18.0" 14872
192.168.12.210 - - [17/Feb/2013:06:49:15 +0600] "GET /pause/ajaxPause?pauseConfigId=all&admin=1 HTTP/1.1" 200 1047 "http://callider/pause/index" "Mozilla/4.0 (compatible; MSIE 7.0; Windows NT 6.1; WOW64; Trident/5.0; SLCC2; .NET CLR 2.0.50727; .NET CLR 3.5.30729; .NET CLR 3.0.30729; Media Center PC 6.0; InfoPath.3; .NET4.0C; .NET4.0E)" 22275
192.168.65.56 - - [17/Feb/2013:06:49:16 +0600] "GET /pause/ajaxPause?pauseConfigId=all&admin=1 HTTP/1.1" 200 1046 "http://192.168.65.101/pause/index" "Mozilla/5.0 (Windows NT 5.1; rv:15.0) Gecko/20100101 Firefox/15.0" 28087
192.168.12.61 - - [17/Feb/2013:06:49:17 +0600] "GET /pause/ajaxPause?pauseConfigId=&admin=0 HTTP/1.1" 200 986 "http://callider/pause/index" "Mozilla/4.0 (compatible; MSIE 7.0; Windows NT 6.1; Trident/5.0; SLCC2; .NET CLR 2.0.50727; .NET CLR 3.5.30729; .NET CLR 3.0.30729; Media Center PC 6.0; InfoPath.3; .NET4.0C; .NET4.0E)" 32355
192.168.12.237 - - [17/Feb/2013:06:49:19 +0600] "GET /pause/ajaxPause?pauseConfigId=&admin=0 HTTP/1.1" 200 987 "http://callider/pause/index" "Mozilla/4.0 (compatible; MSIE 7.0; Windows NT 6.1; Trident/5.0; SLCC2; .NET CLR 2.0.50727; .NET CLR 3.5.30729; .NET CLR 3.0.30729; Media Center PC 6.0; InfoPath.3; .NET4.0C; .NET4.0E)" 26188
192.168.12.60 - - [17/Feb/2013:06:49:19 +0600] "GET /pause/ajaxPause?pauseConfigId=&admin=0 HTTP/1.1" 200 986 "http://callider/pause/index" "Mozilla/4.0 (compatible; MSIE 8.0; Windows NT 6.1; Trident/4.0; InfoPath.3; .NET4.0C; MS-RTC LM 8; .NET4.0E)" 18051
192.168.74.78 - - [17/Feb/2013:06:49:19 +0600] "GET /pause/ajaxPause?pauseConfigId=&admin=0 HTTP/1.1" 200 986 "http://callider/pause/index" "Mozilla/4.0 (compatible; MSIE 7.0; Windows NT 6.1; WOW64; Trident/5.0; SLCC2; .NET CLR 2.0.50727; .NET CLR 3.5.30729; .NET CLR 3.0.30729; Media Center PC 6.0; InfoPath.3; .NET4.0C; MS-RTC LM 8; .NET4.0E)" 86191
192.168.12.204 - - [17/Feb/2013:06:49:19 +0600] "GET /pause/ajaxPause?pauseConfigId=&admin=0 HTTP/1.1" 200 986 "http://callider/pause/index" "Mozilla/4.0 (compatible; MSIE 7.0; Windows NT 6.1; WOW64; Trident/4.0; SLCC2; .NET CLR 2.0.50727; .NET CLR 3.5.30729; .NET CLR 3.0.30729; Media Center PC 6.0; InfoPath.3; .NET4.0C; .NET4.0E; .NET CLR 1.1.4322)" 17951
192.168.12.10 - - [17/Feb/2013:06:49:19 +0600] "GET /tv/useUser HTTP/1.1" 200 432 "http://callider/graph/personal" "Mozilla/4.0 (compatible; MSIE 7.0; Windows NT 6.1; Trident/5.0; SLCC2; .NET CLR 2.0.50727; .NET CLR 3.5.30729; .NET CLR 3.0.30729; Media Center PC 6.0; InfoPath.3; .NET4.0C; .NET4.0E; Tablet PC 2.0; MS-RTC LM 8)" 16469
192.168.12.108 - - [17/Feb/2013:06:49:19 +0600] "GET /tv/useUser HTTP/1.1" 200 432 "http://callider/index.php" "Mozilla/4.0 (compatible; MSIE 7.0; Windows NT 6.2; WOW64; Trident/6.0; .NET4.0E; .NET4.0C; InfoPath.3; .NET CLR 3.5.30729; .NET CLR 2.0.50727; .NET CLR 3.0.30729)" 19693
192.168.12.69 - - [17/Feb/2013:06:49:20 +0600] "GET /pause/ajaxPause?pauseConfigId=&admin=0 HTTP/1.1" 200 986 "http://callider/pause/index" "Mozilla/4.0 (compatible; MSIE 7.0; Windows NT 6.1; Trident/5.0; SLCC2; .NET CLR 2.0.50727; .NET CLR 3.5.30729; .NET CLR 3.0.30729; Media Center PC 6.0; InfoPath.3; .NET4.0C; .NET4.0E; Tablet PC 2.0; AskTbFXTV5/5.14.1.20007)" 25493
192.168.74.91 - - [17/Feb/2013:06:49:20 +0600] "GET /pause/ajaxPause?pauseConfigId=&admin=0 HTTP/1.1" 200 986 "http://callider/pause/index" "Mozilla/4.0 (compatible; MSIE 7.0; Windows NT 6.1; WOW64; Trident/5.0; SLCC2; .NET CLR 2.0.50727; .NET CLR 3.5.30729; .NET CLR 3.0.30729; Media Center PC 6.0; InfoPath.3; .NET4.0C; MS-RTC LM 8; .NET4.0E)" 23587
192.168.74.151 - - [17/Feb/2013:06:49:20 +0600] "GET /pause/ajaxPause?pauseConfigId=&admin=0 HTTP/1.1" 200 987 "http://callider.kontur/pause/index" "Mozilla/5.0 (Windows NT 6.1; WOW64; rv:18.0) Gecko/20100101 Firefox/18.0" 22084
192.168.12.210 - - [17/Feb/2013:06:49:20 +0600] "GET /pause/ajaxPause?pauseConfigId=all&admin=1 HTTP/1.1" 200 1047 "http://callider/pause/index" "Mozilla/4.0 (compatible; MSIE 7.0; Windows NT 6.1; WOW64; Trident/5.0; SLCC2; .NET CLR 2.0.50727; .NET CLR 3.5.30729; .NET CLR 3.0.30729; Media Center PC 6.0; InfoPath.3; .NET4.0C; .NET4.0E)" 24182
192.168.65.56 - - [17/Feb/2013:06:49:21 +0600] "GET /pause/ajaxPause?pauseConfigId=all&admin=1 HTTP/1.1" 200 1046 "http://192.168.65.101/pause/index" "Mozilla/5.0 (Windows NT 5.1; rv:15.0) Gecko/20100101 Firefox/15.0" 29536
192.168.12.61 - - [17/Feb/2013:06:49:22 +0600] "GET /pause/ajaxPause?pauseConfigId=&admin=0 HTTP/1.1" 200 985 "http://callider/pause/index" "Mozilla/4.0 (compatible; MSIE 7.0; Windows NT 6.1; Trident/5.0; SLCC2; .NET CLR 2.0.50727; .NET CLR 3.5.30729; .NET CLR 3.0.30729; Media Center PC 6.0; InfoPath.3; .NET4.0C; .NET4.0E)" 20285
192.168.12.237 - - [17/Feb/2013:06:49:24 +0600] "GET /pause/ajaxPause?pauseConfigId=&admin=0 HTTP/1.1" 200 987 "http://callider/pause/index" "Mozilla/4.0 (compatible; MSIE 7.0; Windows NT 6.1; Trident/5.0; SLCC2; .NET CLR 2.0.50727; .NET CLR 3.5.30729; .NET CLR 3.0.30729; Media Center PC 6.0; InfoPath.3; .NET4.0C; .NET4.0E)" 21859
192.168.12.60 - - [17/Feb/2013:06:49:24 +0600] "GET /pause/ajaxPause?pauseConfigId=&admin=0 HTTP/1.1" 200 986 "http://callider/pause/index" "Mozilla/4.0 (compatible; MSIE 8.0; Windows NT 6.1; Trident/4.0; InfoPath.3; .NET4.0C; MS-RTC LM 8; .NET4.0E)" 21330
192.168.74.78 - - [17/Feb/2013:06:49:24 +0600] "GET /pause/ajaxPause?pauseConfigId=&admin=0 HTTP/1.1" 200 986 "http://callider/pause/index" "Mozilla/4.0 (compatible; MSIE 7.0; Windows NT 6.1; WOW64; Trident/5.0; SLCC2; .NET CLR 2.0.50727; .NET CLR 3.5.30729; .NET CLR 3.0.30729; Media Center PC 6.0; InfoPath.3; .NET4.0C; MS-RTC LM 8; .NET4.0E)" 29659
192.168.12.204 - - [17/Feb/2013:06:49:24 +0600] "GET /pause/ajaxPause?pauseConfigId=&admin=0 HTTP/1.1" 200 986 "http://callider/pause/index" "Mozilla/4.0 (compatible; MSIE 7.0; Windows NT 6.1; WOW64; Trident/4.0; SLCC2; .NET CLR 2.0.50727; .NET CLR 3.5.30729; .NET CLR 3.0.30729; Media Center PC 6.0; InfoPath.3; .NET4.0C; .NET4.0E; .NET CLR 1.1.4322)" 19549
192.168.12.69 - - [17/Feb/2013:06:49:25 +0600] "GET /pause/ajaxPause?pauseConfigId=&admin=0 HTTP/1.1" 200 986 "http://callider/pause/index" "Mozilla/4.0 (compatible; MSIE 7.0; Windows NT 6.1; Trident/5.0; SLCC2; .NET CLR 2.0.50727; .NET CLR 3.5.30729; .NET CLR 3.0.30729; Media Center PC 6.0; InfoPath.3; .NET4.0C; .NET4.0E; Tablet PC 2.0; AskTbFXTV5/5.14.1.20007)" 18481
192.168.74.91 - - [17/Feb/2013:06:49:25 +0600] "GET /pause/ajaxPause?pauseConfigId=&admin=0 HTTP/1.1" 200 986 "http://callider/pause/index" "Mozilla/4.0 (compatible; MSIE 7.0; Windows NT 6.1; WOW64; Trident/5.0; SLCC2; .NET CLR 2.0.50727; .NET CLR 3.5.30729; .NET CLR 3.0.30729; Media Center PC 6.0; InfoPath.3; .NET4.0C; MS-RTC LM 8; .NET4.0E)" 21297
192.168.74.151 - - [17/Feb/2013:06:49:25 +0600] "GET /pause/ajaxPause?pauseConfigId=&admin=0 HTTP/1.1" 200 987 "http://callider.kontur/pause/index" "Mozilla/5.0 (Windows NT 6.1; WOW64; rv:18.0) Gecko/20100101 Firefox/18.0" 19813
192.168.12.210 - - [17/Feb/2013:06:49:25 +0600] "GET /pause/ajaxPause?pauseConfigId=all&admin=1 HTTP/1.1" 200 1047 "http://callider/pause/index" "Mozilla/4.0 (compatible; MSIE 7.0; Windows NT 6.1; WOW64; Trident/5.0; SLCC2; .NET CLR 2.0.50727; .NET CLR 3.5.30729; .NET CLR 3.0.30729; Media Center PC 6.0; InfoPath.3; .NET4.0C; .NET4.0E)" 22180
192.168.12.20 - - [17/Feb/2013:06:49:25 +0600] "GET /audition/supervision HTTP/1.1" 200 2929 "http://callider/" "Mozilla/4.0 (compatible; MSIE 7.0; Windows NT 6.1; WOW64; Trident/5.0; SLCC2; .NET CLR 2.0.50727; .NET CLR 3.5.30729; .NET CLR 3.0.30729; Media Center PC 6.0; InfoPath.3; .NET4.0C; .NET4.0E)" 343577
192.168.12.20 - - [17/Feb/2013:06:49:26 +0600] "GET /assets/style-b8d20cbb.css?1359954212 HTTP/1.1" 200 2229 "http://callider/audition/supervision" "Mozilla/4.0 (compatible; MSIE 7.0; Windows NT 6.1; WOW64; Trident/5.0; SLCC2; .NET CLR 2.0.50727; .NET CLR 3.5.30729; .NET CLR 3.0.30729; Media Center PC 6.0; InfoPath.3; .NET4.0C; .NET4.0E)" 17634
192.168.12.20 - - [17/Feb/2013:06:49:26 +0600] "GET /assets/fef21526/supervision.js HTTP/1.1" 200 524 "http://callider/audition/supervision" "Mozilla/4.0 (compatible; MSIE 7.0; Windows NT 6.1; WOW64; Trident/5.0; SLCC2; .NET CLR 2.0.50727; .NET CLR 3.5.30729; .NET CLR 3.0.30729; Media Center PC 6.0; InfoPath.3; .NET4.0C; .NET4.0E)" 100377
192.168.12.20 - - [17/Feb/2013:06:49:26 +0600] "GET /assets/71837704/audition.js HTTP/1.1" 200 979 "http://callider/audition/supervision" "Mozilla/4.0 (compatible; MSIE 7.0; Windows NT 6.1; WOW64; Trident/5.0; SLCC2; .NET CLR 2.0.50727; .NET CLR 3.5.30729; .NET CLR 3.0.30729; Media Center PC 6.0; InfoPath.3; .NET4.0C; .NET4.0E)" 138863
192.168.65.56 - - [17/Feb/2013:06:49:26 +0600] "GET /pause/ajaxPause?pauseConfigId=all&admin=1 HTTP/1.1" 200 1046 "http://192.168.65.101/pause/index" "Mozilla/5.0 (Windows NT 5.1; rv:15.0) Gecko/20100101 Firefox/15.0" 30807
192.168.12.20 - - [17/Feb/2013:06:49:27 +0600] "GET /images/ajax.gif HTTP/1.1" 200 2900 "http://callider/audition/supervision" "Mozilla/4.0 (compatible; MSIE 7.0; Windows NT 6.1; WOW64; Trident/5.0; SLCC2; .NET CLR 2.0.50727; .NET CLR 3.5.30729; .NET CLR 3.0.30729; Media Center PC 6.0; InfoPath.3; .NET4.0C; .NET4.0E)" 27479
192.168.12.20 - - [17/Feb/2013:06:49:27 +0600] "GET /audition/ajaxSupervision?kons=134&month=2&year=2013&_=1361062199714 HTTP/1.1" 200 594 "http://callider/audition/supervision" "Mozilla/4.0 (compatible; MSIE 7.0; Windows NT 6.1; WOW64; Trident/5.0; SLCC2; .NET CLR 2.0.50727; .NET CLR 3.5.30729; .NET CLR 3.0.30729; Media Center PC 6.0; InfoPath.3; .NET4.0C; .NET4.0E)" 201287
192.168.12.61 - - [17/Feb/2013:06:49:27 +0600] "GET /pause/ajaxPause?pauseConfigId=&admin=0 HTTP/1.1" 200 985 "http://callider/pause/index" "Mozilla/4.0 (compatible; MSIE 7.0; Windows NT 6.1; Trident/5.0; SLCC2; .NET CLR 2.0.50727; .NET CLR 3.5.30729; .NET CLR 3.0.30729; Media Center PC 6.0; InfoPath.3; .NET4.0C; .NET4.0E)" 19408
192.168.12.237 - - [17/Feb/2013:06:49:29 +0600] "GET /pause/ajaxPause?pauseConfigId=&admin=0 HTTP/1.1" 200 987 "http://callider/pause/index" "Mozilla/4.0 (compatible; MSIE 7.0; Windows NT 6.1; Trident/5.0; SLCC2; .NET CLR 2.0.50727; .NET CLR 3.5.30729; .NET CLR 3.0.30729; Media Center PC 6.0; InfoPath.3; .NET4.0C; .NET4.0E)" 30867
192.168.12.60 - - [17/Feb/2013:06:49:29 +0600] "GET /pause/ajaxPause?pauseConfigId=&admin=0 HTTP/1.1" 200 986 "http://callider/pause/index" "Mozilla/4.0 (compatible; MSIE 8.0; Windows NT 6.1; Trident/4.0; InfoPath.3; .NET4.0C; MS-RTC LM 8; .NET4.0E)" 19309
192.168.74.78 - - [17/Feb/2013:06:49:29 +0600] "GET /pause/ajaxPause?pauseConfigId=&admin=0 HTTP/1.1" 200 986 "http://callider/pause/index" "Mozilla/4.0 (compatible; MSIE 7.0; Windows NT 6.1; WOW64; Trident/5.0; SLCC2; .NET CLR 2.0.50727; .NET CLR 3.5.30729; .NET CLR 3.0.30729; Media Center PC 6.0; InfoPath.3; .NET4.0C; MS-RTC LM 8; .NET4.0E)" 20023
192.168.12.204 - - [17/Feb/2013:06:49:29 +0600] "GET /pause/ajaxPause?pauseConfigId=&admin=0 HTTP/1.1" 200 986 "http://callider/pause/index" "Mozilla/4.0 (compatible; MSIE 7.0; Windows NT 6.1; WOW64; Trident/4.0; SLCC2; .NET CLR 2.0.50727; .NET CLR 3.5.30729; .NET CLR 3.0.30729; Media Center PC 6.0; InfoPath.3; .NET4.0C; .NET4.0E; .NET CLR 1.1.4322)" 18409
192.168.12.69 - - [17/Feb/2013:06:49:30 +0600] "GET /pause/ajaxPause?pauseConfigId=&admin=0 HTTP/1.1" 200 986 "http://callider/pause/index" "Mozilla/4.0 (compatible; MSIE 7.0; Windows NT 6.1; Trident/5.0; SLCC2; .NET CLR 2.0.50727; .NET CLR 3.5.30729; .NET CLR 3.0.30729; Media Center PC 6.0; InfoPath.3; .NET4.0C; .NET4.0E; Tablet PC 2.0; AskTbFXTV5/5.14.1.20007)" 18526
192.168.74.91 - - [17/Feb/2013:06:49:30 +0600] "GET /pause/ajaxPause?pauseConfigId=&admin=0 HTTP/1.1" 200 986 "http://callider/pause/index" "Mozilla/4.0 (compatible; MSIE 7.0; Windows NT 6.1; WOW64; Trident/5.0; SLCC2; .NET CLR 2.0.50727; .NET CLR 3.5.30729; .NET CLR 3.0.30729; Media Center PC 6.0; InfoPath.3; .NET4.0C; MS-RTC LM 8; .NET4.0E)" 25534
192.168.74.151 - - [17/Feb/2013:06:49:30 +0600] "GET /pause/ajaxPause?pauseConfigId=&admin=0 HTTP/1.1" 200 987 "http://callider.kontur/pause/index" "Mozilla/5.0 (Windows NT 6.1; WOW64; rv:18.0) Gecko/20100101 Firefox/18.0" 18948
192.168.12.210 - - [17/Feb/2013:06:49:30 +0600] "GET /pause/ajaxPause?pauseConfigId=all&admin=1 HTTP/1.1" 200 1047 "http://callider/pause/index" "Mozilla/4.0 (compatible; MSIE 7.0; Windows NT 6.1; WOW64; Trident/5.0; SLCC2; .NET CLR 2.0.50727; .NET CLR 3.5.30729; .NET CLR 3.0.30729; Media Center PC 6.0; InfoPath.3; .NET4.0C; .NET4.0E)" 22417
192.168.65.56 - - [17/Feb/2013:06:49:31 +0600] "GET /pause/ajaxPause?pauseConfigId=all&admin=1 HTTP/1.1" 200 1046 "http://192.168.65.101/pause/index" "Mozilla/5.0 (Windows NT 5.1; rv:15.0) Gecko/20100101 Firefox/15.0" 28614
192.168.12.61 - - [17/Feb/2013:06:49:32 +0600] "GET /pause/ajaxPause?pauseConfigId=&admin=0 HTTP/1.1" 200 985 "http://callider/pause/index" "Mozilla/4.0 (compatible; MSIE 7.0; Windows NT 6.1; Trident/5.0; SLCC2; .NET CLR 2.0.50727; .NET CLR 3.5.30729; .NET CLR 3.0.30729; Media Center PC 6.0; InfoPath.3; .NET4.0C; .NET4.0E)" 23669
192.168.12.237 - - [17/Feb/2013:06:49:34 +0600] "GET /pause/ajaxPause?pauseConfigId=&admin=0 HTTP/1.1" 200 987 "http://callider/pause/index" "Mozilla/4.0 (compatible; MSIE 7.0; Windows NT 6.1; Trident/5.0; SLCC2; .NET CLR 2.0.50727; .NET CLR 3.5.30729; .NET CLR 3.0.30729; Media Center PC 6.0; InfoPath.3; .NET4.0C; .NET4.0E)" 21536
192.168.12.60 - - [17/Feb/2013:06:49:34 +0600] "GET /pause/ajaxPause?pauseConfigId=&admin=0 HTTP/1.1" 200 986 "http://callider/pause/index" "Mozilla/4.0 (compatible; MSIE 8.0; Windows NT 6.1; Trident/4.0; InfoPath.3; .NET4.0C; MS-RTC LM 8; .NET4.0E)" 17979
192.168.74.78 - - [17/Feb/2013:06:49:34 +0600] "GET /pause/ajaxPause?pauseConfigId=&admin=0 HTTP/1.1" 200 986 "http://callider/pause/index" "Mozilla/4.0 (compatible; MSIE 7.0; Windows NT 6.1; WOW64; Trident/5.0; SLCC2; .NET CLR 2.0.50727; .NET CLR 3.5.30729; .NET CLR 3.0.30729; Media Center PC 6.0; InfoPath.3; .NET4.0C; MS-RTC LM 8; .NET4.0E)" 18425
192.168.12.204 - - [17/Feb/2013:06:49:34 +0600] "GET /pause/ajaxPause?pauseConfigId=&admin=0 HTTP/1.1" 200 986 "http://callider/pause/index" "Mozilla/4.0 (compatible; MSIE 7.0; Windows NT 6.1; WOW64; Trident/4.0; SLCC2; .NET CLR 2.0.50727; .NET CLR 3.5.30729; .NET CLR 3.0.30729; Media Center PC 6.0; InfoPath.3; .NET4.0C; .NET4.0E; .NET CLR 1.1.4322)" 22633
192.168.12.67 - - [17/Feb/2013:06:49:34 +0600] "GET /tv/useUser HTTP/1.1" 200 432 "http://callider/graph/personal" "Mozilla/4.0 (compatible; MSIE 7.0; Windows NT 6.1; Trident/5.0; SLCC2; .NET CLR 2.0.50727; .NET CLR 3.5.30729; .NET CLR 3.0.30729; Media Center PC 6.0; .NET4.0C; .NET4.0E; InfoPath.3; Tablet PC 2.0; MS-RTC LM 8)" 18169
192.168.12.69 - - [17/Feb/2013:06:49:35 +0600] "GET /pause/ajaxPause?pauseConfigId=&admin=0 HTTP/1.1" 200 986 "http://callider/pause/index" "Mozilla/4.0 (compatible; MSIE 7.0; Windows NT 6.1; Trident/5.0; SLCC2; .NET CLR 2.0.50727; .NET CLR 3.5.30729; .NET CLR 3.0.30729; Media Center PC 6.0; InfoPath.3; .NET4.0C; .NET4.0E; Tablet PC 2.0; AskTbFXTV5/5.14.1.20007)" 19402
192.168.74.91 - - [17/Feb/2013:06:49:35 +0600] "GET /pause/ajaxPause?pauseConfigId=&admin=0 HTTP/1.1" 200 986 "http://callider/pause/index" "Mozilla/4.0 (compatible; MSIE 7.0; Windows NT 6.1; WOW64; Trident/5.0; SLCC2; .NET CLR 2.0.50727; .NET CLR 3.5.30729; .NET CLR 3.0.30729; Media Center PC 6.0; InfoPath.3; .NET4.0C; MS-RTC LM 8; .NET4.0E)" 25114
192.168.74.151 - - [17/Feb/2013:06:49:35 +0600] "GET /pause/ajaxPause?pauseConfigId=&admin=0 HTTP/1.1" 200 987 "http://callider.kontur/pause/index" "Mozilla/5.0 (Windows NT 6.1; WOW64; rv:18.0) Gecko/20100101 Firefox/18.0" 23734
192.168.12.210 - - [17/Feb/2013:06:49:35 +0600] "GET /pause/ajaxPause?pauseConfigId=all&admin=1 HTTP/1.1" 200 1047 "http://callider/pause/index" "Mozilla/4.0 (compatible; MSIE 7.0; Windows NT 6.1; WOW64; Trident/5.0; SLCC2; .NET CLR 2.0.50727; .NET CLR 3.5.30729; .NET CLR 3.0.30729; Media Center PC 6.0; InfoPath.3; .NET4.0C; .NET4.0E)" 20893
192.168.65.56 - - [17/Feb/2013:06:49:36 +0600] "GET /pause/ajaxPause?pauseConfigId=all&admin=1 HTTP/1.1" 200 1046 "http://192.168.65.101/pause/index" "Mozilla/5.0 (Windows NT 5.1; rv:15.0) Gecko/20100101 Firefox/15.0" 45433
192.168.12.61 - - [17/Feb/2013:06:49:37 +0600] "GET /pause/ajaxPause?pauseConfigId=&admin=0 HTTP/1.1" 200 986 "http://callider/pause/index" "Mozilla/4.0 (compatible; MSIE 7.0; Windows NT 6.1; Trident/5.0; SLCC2; .NET CLR 2.0.50727; .NET CLR 3.5.30729; .NET CLR 3.0.30729; Media Center PC 6.0; InfoPath.3; .NET4.0C; .NET4.0E)" 44555
192.168.74.93 - - [17/Feb/2013:06:49:38 +0600] "GET /tv/useUser HTTP/1.1" 200 432 "http://callider/graph/personal" "Mozilla/4.0 (compatible; MSIE 7.0; Windows NT 6.1; WOW64; Trident/5.0; SLCC2; .NET CLR 2.0.50727; .NET CLR 3.5.30729; .NET CLR 3.0.30729; Media Center PC 6.0; InfoPath.3; .NET4.0C; .NET4.0E)" 14761
192.168.12.237 - - [17/Feb/2013:06:49:39 +0600] "GET /pause/ajaxPause?pauseConfigId=&admin=0 HTTP/1.1" 200 987 "http://callider/pause/index" "Mozilla/4.0 (compatible; MSIE 7.0; Windows NT 6.1; Trident/5.0; SLCC2; .NET CLR 2.0.50727; .NET CLR 3.5.30729; .NET CLR 3.0.30729; Media Center PC 6.0; InfoPath.3; .NET4.0C; .NET4.0E)" 20954
192.168.12.210 - - [17/Feb/2013:06:49:39 +0600] "GET /tv/useUser HTTP/1.1" 200 431 "http://callider/graph/general" "Mozilla/4.0 (compatible; MSIE 7.0; Windows NT 6.1; WOW64; Trident/5.0; SLCC2; .NET CLR 2.0.50727; .NET CLR 3.5.30729; .NET CLR 3.0.30729; Media Center PC 6.0; InfoPath.3; .NET4.0C; .NET4.0E)" 13148
192.168.12.60 - - [17/Feb/2013:06:49:39 +0600] "GET /pause/ajaxPause?pauseConfigId=&admin=0 HTTP/1.1" 200 986 "http://callider/pause/index" "Mozilla/4.0 (compatible; MSIE 8.0; Windows NT 6.1; Trident/4.0; InfoPath.3; .NET4.0C; MS-RTC LM 8; .NET4.0E)" 22432
192.168.74.78 - - [17/Feb/2013:06:49:39 +0600] "GET /pause/ajaxPause?pauseConfigId=&admin=0 HTTP/1.1" 200 986 "http://callider/pause/index" "Mozilla/4.0 (compatible; MSIE 7.0; Windows NT 6.1; WOW64; Trident/5.0; SLCC2; .NET CLR 2.0.50727; .NET CLR 3.5.30729; .NET CLR 3.0.30729; Media Center PC 6.0; InfoPath.3; .NET4.0C; MS-RTC LM 8; .NET4.0E)" 23236
192.168.12.204 - - [17/Feb/2013:06:49:39 +0600] "GET /pause/ajaxPause?pauseConfigId=&admin=0 HTTP/1.1" 200 986 "http://callider/pause/index" "Mozilla/4.0 (compatible; MSIE 7.0; Windows NT 6.1; WOW64; Trident/4.0; SLCC2; .NET CLR 2.0.50727; .NET CLR 3.5.30729; .NET CLR 3.0.30729; Media Center PC 6.0; InfoPath.3; .NET4.0C; .NET4.0E; .NET CLR 1.1.4322)" 18899
192.168.12.69 - - [17/Feb/2013:06:49:40 +0600] "GET /pause/ajaxPause?pauseConfigId=&admin=0 HTTP/1.1" 200 986 "http://callider/pause/index" "Mozilla/4.0 (compatible; MSIE 7.0; Windows NT 6.1; Trident/5.0; SLCC2; .NET CLR 2.0.50727; .NET CLR 3.5.30729; .NET CLR 3.0.30729; Media Center PC 6.0; InfoPath.3; .NET4.0C; .NET4.0E; Tablet PC 2.0; AskTbFXTV5/5.14.1.20007)" 19200
192.168.74.91 - - [17/Feb/2013:06:49:40 +0600] "GET /pause/ajaxPause?pauseConfigId=&admin=0 HTTP/1.1" 200 986 "http://callider/pause/index" "Mozilla/4.0 (compatible; MSIE 7.0; Windows NT 6.1; WOW64; Trident/5.0; SLCC2; .NET CLR 2.0.50727; .NET CLR 3.5.30729; .NET CLR 3.0.30729; Media Center PC 6.0; InfoPath.3; .NET4.0C; MS-RTC LM 8; .NET4.0E)" 20379
192.168.74.151 - - [17/Feb/2013:06:49:40 +0600] "GET /pause/ajaxPause?pauseConfigId=&admin=0 HTTP/1.1" 200 987 "http://callider.kontur/pause/index" "Mozilla/5.0 (Windows NT 6.1; WOW64; rv:18.0) Gecko/20100101 Firefox/18.0" 18449
192.168.12.210 - - [17/Feb/2013:06:49:40 +0600] "GET /pause/ajaxPause?pauseConfigId=all&admin=1 HTTP/1.1" 200 1047 "http://callider/pause/index" "Mozilla/4.0 (compatible; MSIE 7.0; Windows NT 6.1; WOW64; Trident/5.0; SLCC2; .NET CLR 2.0.50727; .NET CLR 3.5.30729; .NET CLR 3.0.30729; Media Center PC 6.0; InfoPath.3; .NET4.0C; .NET4.0E)" 21433
192.168.12.9 - - [17/Feb/2013:06:49:41 +0600] "GET /tv/useUser HTTP/1.1" 200 432 "http://callider.kontur/site/index" "Mozilla/5.0 (Windows NT 6.1; WOW64) AppleWebKit/537.17 (KHTML, like Gecko) Chrome/24.0.1312.57 Safari/537.17" 14538
192.168.65.56 - - [17/Feb/2013:06:49:41 +0600] "GET /pause/ajaxPause?pauseConfigId=all&admin=1 HTTP/1.1" 200 1046 "http://192.168.65.101/pause/index" "Mozilla/5.0 (Windows NT 5.1; rv:15.0) Gecko/20100101 Firefox/15.0" 27939
192.168.12.61 - - [17/Feb/2013:06:49:42 +0600] "GET /pause/ajaxPause?pauseConfigId=&admin=0 HTTP/1.1" 200 985 "http://callider/pause/index" "Mozilla/4.0 (compatible; MSIE 7.0; Windows NT 6.1; Trident/5.0; SLCC2; .NET CLR 2.0.50727; .NET CLR 3.5.30729; .NET CLR 3.0.30729; Media Center PC 6.0; InfoPath.3; .NET4.0C; .NET4.0E)" 20709
192.168.12.237 - - [17/Feb/2013:06:49:44 +0600] "GET /pause/ajaxPause?pauseConfigId=&admin=0 HTTP/1.1" 200 987 "http://callider/pause/index" "Mozilla/4.0 (compatible; MSIE 7.0; Windows NT 6.1; Trident/5.0; SLCC2; .NET CLR 2.0.50727; .NET CLR 3.5.30729; .NET CLR 3.0.30729; Media Center PC 6.0; InfoPath.3; .NET4.0C; .NET4.0E)" 19653
192.168.12.60 - - [17/Feb/2013:06:49:44 +0600] "GET /pause/ajaxPause?pauseConfigId=&admin=0 HTTP/1.1" 200 986 "http://callider/pause/index" "Mozilla/4.0 (compatible; MSIE 8.0; Windows NT 6.1; Trident/4.0; InfoPath.3; .NET4.0C; MS-RTC LM 8; .NET4.0E)" 18926
192.168.74.78 - - [17/Feb/2013:06:49:44 +0600] "GET /pause/ajaxPause?pauseConfigId=&admin=0 HTTP/1.1" 200 986 "http://callider/pause/index" "Mozilla/4.0 (compatible; MSIE 7.0; Windows NT 6.1; WOW64; Trident/5.0; SLCC2; .NET CLR 2.0.50727; .NET CLR 3.5.30729; .NET CLR 3.0.30729; Media Center PC 6.0; InfoPath.3; .NET4.0C; MS-RTC LM 8; .NET4.0E)" 21872
192.168.12.204 - - [17/Feb/2013:06:49:44 +0600] "GET /pause/ajaxPause?pauseConfigId=&admin=0 HTTP/1.1" 200 986 "http://callider/pause/index" "Mozilla/4.0 (compatible; MSIE 7.0; Windows NT 6.1; WOW64; Trident/4.0; SLCC2; .NET CLR 2.0.50727; .NET CLR 3.5.30729; .NET CLR 3.0.30729; Media Center PC 6.0; InfoPath.3; .NET4.0C; .NET4.0E; .NET CLR 1.1.4322)" 18674
192.168.12.69 - - [17/Feb/2013:06:49:45 +0600] "GET /pause/ajaxPause?pauseConfigId=&admin=0 HTTP/1.1" 200 986 "http://callider/pause/index" "Mozilla/4.0 (compatible; MSIE 7.0; Windows NT 6.1; Trident/5.0; SLCC2; .NET CLR 2.0.50727; .NET CLR 3.5.30729; .NET CLR 3.0.30729; Media Center PC 6.0; InfoPath.3; .NET4.0C; .NET4.0E; Tablet PC 2.0; AskTbFXTV5/5.14.1.20007)" 25746
192.168.74.91 - - [17/Feb/2013:06:49:45 +0600] "GET /pause/ajaxPause?pauseConfigId=&admin=0 HTTP/1.1" 200 986 "http://callider/pause/index" "Mozilla/4.0 (compatible; MSIE 7.0; Windows NT 6.1; WOW64; Trident/5.0; SLCC2; .NET CLR 2.0.50727; .NET CLR 3.5.30729; .NET CLR 3.0.30729; Media Center PC 6.0; InfoPath.3; .NET4.0C; MS-RTC LM 8; .NET4.0E)" 18643
192.168.74.151 - - [17/Feb/2013:06:49:45 +0600] "GET /pause/ajaxPause?pauseConfigId=&admin=0 HTTP/1.1" 200 987 "http://callider.kontur/pause/index" "Mozilla/5.0 (Windows NT 6.1; WOW64; rv:18.0) Gecko/20100101 Firefox/18.0" 21857
192.168.12.210 - - [17/Feb/2013:06:49:45 +0600] "GET /pause/ajaxPause?pauseConfigId=all&admin=1 HTTP/1.1" 200 1047 "http://callider/pause/index" "Mozilla/4.0 (compatible; MSIE 7.0; Windows NT 6.1; WOW64; Trident/5.0; SLCC2; .NET CLR 2.0.50727; .NET CLR 3.5.30729; .NET CLR 3.0.30729; Media Center PC 6.0; InfoPath.3; .NET4.0C; .NET4.0E)" 20773
192.168.65.56 - - [17/Feb/2013:06:49:46 +0600] "GET /pause/ajaxPause?pauseConfigId=all&admin=1 HTTP/1.1" 200 1046 "http://192.168.65.101/pause/index" "Mozilla/5.0 (Windows NT 5.1; rv:15.0) Gecko/20100101 Firefox/15.0" 27806
192.168.12.61 - - [17/Feb/2013:06:49:47 +0600] "GET /pause/ajaxPause?pauseConfigId=&admin=0 HTTP/1.1" 200 986 "http://callider/pause/index" "Mozilla/4.0 (compatible; MSIE 7.0; Windows NT 6.1; Trident/5.0; SLCC2; .NET CLR 2.0.50727; .NET CLR 3.5.30729; .NET CLR 3.0.30729; Media Center PC 6.0; InfoPath.3; .NET4.0C; .NET4.0E)" 25841
192.168.12.210 - - [17/Feb/2013:06:49:49 +0600] "GET /tv/useUser HTTP/1.1" 200 431 "http://callider/pause/index" "Mozilla/4.0 (compatible; MSIE 7.0; Windows NT 6.1; WOW64; Trident/5.0; SLCC2; .NET CLR 2.0.50727; .NET CLR 3.5.30729; .NET CLR 3.0.30729; Media Center PC 6.0; InfoPath.3; .NET4.0C; .NET4.0E)" 12618
192.168.12.237 - - [17/Feb/2013:06:49:49 +0600] "GET /pause/ajaxPause?pauseConfigId=&admin=0 HTTP/1.1" 200 987 "http://callider/pause/index" "Mozilla/4.0 (compatible; MSIE 7.0; Windows NT 6.1; Trident/5.0; SLCC2; .NET CLR 2.0.50727; .NET CLR 3.5.30729; .NET CLR 3.0.30729; Media Center PC 6.0; InfoPath.3; .NET4.0C; .NET4.0E)" 22094
192.168.12.60 - - [17/Feb/2013:06:49:49 +0600] "GET /pause/ajaxPause?pauseConfigId=&admin=0 HTTP/1.1" 200 986 "http://callider/pause/index" "Mozilla/4.0 (compatible; MSIE 8.0; Windows NT 6.1; Trident/4.0; InfoPath.3; .NET4.0C; MS-RTC LM 8; .NET4.0E)" 18951
192.168.74.78 - - [17/Feb/2013:06:49:49 +0600] "GET /pause/ajaxPause?pauseConfigId=&admin=0 HTTP/1.1" 200 986 "http://callider/pause/index" "Mozilla/4.0 (compatible; MSIE 7.0; Windows NT 6.1; WOW64; Trident/5.0; SLCC2; .NET CLR 2.0.50727; .NET CLR 3.5.30729; .NET CLR 3.0.30729; Media Center PC 6.0; InfoPath.3; .NET4.0C; MS-RTC LM 8; .NET4.0E)" 19280
192.168.12.204 - - [17/Feb/2013:06:49:49 +0600] "GET /pause/ajaxPause?pauseConfigId=&admin=0 HTTP/1.1" 200 986 "http://callider/pause/index" "Mozilla/4.0 (compatible; MSIE 7.0; Windows NT 6.1; WOW64; Trident/4.0; SLCC2; .NET CLR 2.0.50727; .NET CLR 3.5.30729; .NET CLR 3.0.30729; Media Center PC 6.0; InfoPath.3; .NET4.0C; .NET4.0E; .NET CLR 1.1.4322)" 18310
192.168.12.69 - - [17/Feb/2013:06:49:50 +0600] "GET /pause/ajaxPause?pauseConfigId=&admin=0 HTTP/1.1" 200 986 "http://callider/pause/index" "Mozilla/4.0 (compatible; MSIE 7.0; Windows NT 6.1; Trident/5.0; SLCC2; .NET CLR 2.0.50727; .NET CLR 3.5.30729; .NET CLR 3.0.30729; Media Center PC 6.0; InfoPath.3; .NET4.0C; .NET4.0E; Tablet PC 2.0; AskTbFXTV5/5.14.1.20007)" 18223
192.168.74.91 - - [17/Feb/2013:06:49:50 +0600] "GET /pause/ajaxPause?pauseConfigId=&admin=0 HTTP/1.1" 200 986 "http://callider/pause/index" "Mozilla/4.0 (compatible; MSIE 7.0; Windows NT 6.1; WOW64; Trident/5.0; SLCC2; .NET CLR 2.0.50727; .NET CLR 3.5.30729; .NET CLR 3.0.30729; Media Center PC 6.0; InfoPath.3; .NET4.0C; MS-RTC LM 8; .NET4.0E)" 18149
192.168.74.151 - - [17/Feb/2013:06:49:50 +0600] "GET /pause/ajaxPause?pauseConfigId=&admin=0 HTTP/1.1" 200 987 "http://callider.kontur/pause/index" "Mozilla/5.0 (Windows NT 6.1; WOW64; rv:18.0) Gecko/20100101 Firefox/18.0" 18060
192.168.12.210 - - [17/Feb/2013:06:49:50 +0600] "GET /pause/ajaxPause?pauseConfigId=all&admin=1 HTTP/1.1" 200 1047 "http://callider/pause/index" "Mozilla/4.0 (compatible; MSIE 7.0; Windows NT 6.1; WOW64; Trident/5.0; SLCC2; .NET CLR 2.0.50727; .NET CLR 3.5.30729; .NET CLR 3.0.30729; Media Center PC 6.0; InfoPath.3; .NET4.0C; .NET4.0E)" 21285
192.168.65.56 - - [17/Feb/2013:06:49:51 +0600] "GET /pause/ajaxPause?pauseConfigId=all&admin=1 HTTP/1.1" 200 1046 "http://192.168.65.101/pause/index" "Mozilla/5.0 (Windows NT 5.1; rv:15.0) Gecko/20100101 Firefox/15.0" 30872
192.168.65.56 - - [17/Feb/2013:06:49:51 +0600] "GET /tv/useUser HTTP/1.1" 200 431 "http://192.168.65.101/pause/index" "Mozilla/5.0 (Windows NT 5.1; rv:15.0) Gecko/20100101 Firefox/15.0" 10892
192.168.12.61 - - [17/Feb/2013:06:49:52 +0600] "GET /pause/ajaxPause?pauseConfigId=&admin=0 HTTP/1.1" 200 985 "http://callider/pause/index" "Mozilla/4.0 (compatible; MSIE 7.0; Windows NT 6.1; Trident/5.0; SLCC2; .NET CLR 2.0.50727; .NET CLR 3.5.30729; .NET CLR 3.0.30729; Media Center PC 6.0; InfoPath.3; .NET4.0C; .NET4.0E)" 18528
192.168.12.237 - - [17/Feb/2013:06:49:54 +0600] "GET /pause/ajaxPause?pauseConfigId=&admin=0 HTTP/1.1" 200 987 "http://callider/pause/index" "Mozilla/4.0 (compatible; MSIE 7.0; Windows NT 6.1; Trident/5.0; SLCC2; .NET CLR 2.0.50727; .NET CLR 3.5.30729; .NET CLR 3.0.30729; Media Center PC 6.0; InfoPath.3; .NET4.0C; .NET4.0E)" 19250
192.168.12.60 - - [17/Feb/2013:06:49:54 +0600] "GET /pause/ajaxPause?pauseConfigId=&admin=0 HTTP/1.1" 200 986 "http://callider/pause/index" "Mozilla/4.0 (compatible; MSIE 8.0; Windows NT 6.1; Trident/4.0; InfoPath.3; .NET4.0C; MS-RTC LM 8; .NET4.0E)" 20315
192.168.74.78 - - [17/Feb/2013:06:49:54 +0600] "GET /pause/ajaxPause?pauseConfigId=&admin=0 HTTP/1.1" 200 986 "http://callider/pause/index" "Mozilla/4.0 (compatible; MSIE 7.0; Windows NT 6.1; WOW64; Trident/5.0; SLCC2; .NET CLR 2.0.50727; .NET CLR 3.5.30729; .NET CLR 3.0.30729; Media Center PC 6.0; InfoPath.3; .NET4.0C; MS-RTC LM 8; .NET4.0E)" 18702
192.168.12.204 - - [17/Feb/2013:06:49:54 +0600] "GET /pause/ajaxPause?pauseConfigId=&admin=0 HTTP/1.1" 200 986 "http://callider/pause/index" "Mozilla/4.0 (compatible; MSIE 7.0; Windows NT 6.1; WOW64; Trident/4.0; SLCC2; .NET CLR 2.0.50727; .NET CLR 3.5.30729; .NET CLR 3.0.30729; Media Center PC 6.0; InfoPath.3; .NET4.0C; .NET4.0E; .NET CLR 1.1.4322)" 17926
192.168.12.69 - - [17/Feb/2013:06:49:55 +0600] "GET /pause/ajaxPause?pauseConfigId=&admin=0 HTTP/1.1" 200 986 "http://callider/pause/index" "Mozilla/4.0 (compatible; MSIE 7.0; Windows NT 6.1; Trident/5.0; SLCC2; .NET CLR 2.0.50727; .NET CLR 3.5.30729; .NET CLR 3.0.30729; Media Center PC 6.0; InfoPath.3; .NET4.0C; .NET4.0E; Tablet PC 2.0; AskTbFXTV5/5.14.1.20007)" 18027
192.168.74.91 - - [17/Feb/2013:06:49:55 +0600] "GET /pause/ajaxPause?pauseConfigId=&admin=0 HTTP/1.1" 200 986 "http://callider/pause/index" "Mozilla/4.0 (compatible; MSIE 7.0; Windows NT 6.1; WOW64; Trident/5.0; SLCC2; .NET CLR 2.0.50727; .NET CLR 3.5.30729; .NET CLR 3.0.30729; Media Center PC 6.0; InfoPath.3; .NET4.0C; MS-RTC LM 8; .NET4.0E)" 19161
192.168.74.151 - - [17/Feb/2013:06:49:55 +0600] "GET /pause/ajaxPause?pauseConfigId=&admin=0 HTTP/1.1" 200 987 "http://callider.kontur/pause/index" "Mozilla/5.0 (Windows NT 6.1; WOW64; rv:18.0) Gecko/20100101 Firefox/18.0" 19521
192.168.12.210 - - [17/Feb/2013:06:49:55 +0600] "GET /pause/ajaxPause?pauseConfigId=all&admin=1 HTTP/1.1" 200 1047 "http://callider/pause/index" "Mozilla/4.0 (compatible; MSIE 7.0; Windows NT 6.1; WOW64; Trident/5.0; SLCC2; .NET CLR 2.0.50727; .NET CLR 3.5.30729; .NET CLR 3.0.30729; Media Center PC 6.0; InfoPath.3; .NET4.0C; .NET4.0E)" 23778
192.168.65.56 - - [17/Feb/2013:06:49:56 +0600] "GET /pause/ajaxPause?pauseConfigId=all&admin=1 HTTP/1.1" 200 1046 "http://192.168.65.101/pause/index" "Mozilla/5.0 (Windows NT 5.1; rv:15.0) Gecko/20100101 Firefox/15.0" 28072
192.168.12.61 - - [17/Feb/2013:06:49:57 +0600] "GET /pause/ajaxPause?pauseConfigId=&admin=0 HTTP/1.1" 200 985 "http://callider/pause/index" "Mozilla/4.0 (compatible; MSIE 7.0; Windows NT 6.1; Trident/5.0; SLCC2; .NET CLR 2.0.50727; .NET CLR 3.5.30729; .NET CLR 3.0.30729; Media Center PC 6.0; InfoPath.3; .NET4.0C; .NET4.0E)" 18292
192.168.12.237 - - [17/Feb/2013:06:49:59 +0600] "GET /pause/ajaxPause?pauseConfigId=&admin=0 HTTP/1.1" 200 987 "http://callider/pause/index" "Mozilla/4.0 (compatible; MSIE 7.0; Windows NT 6.1; Trident/5.0; SLCC2; .NET CLR 2.0.50727; .NET CLR 3.5.30729; .NET CLR 3.0.30729; Media Center PC 6.0; InfoPath.3; .NET4.0C; .NET4.0E)" 19478
192.168.12.60 - - [17/Feb/2013:06:49:59 +0600] "GET /pause/ajaxPause?pauseConfigId=&admin=0 HTTP/1.1" 200 986 "http://callider/pause/index" "Mozilla/4.0 (compatible; MSIE 8.0; Windows NT 6.1; Trident/4.0; InfoPath.3; .NET4.0C; MS-RTC LM 8; .NET4.0E)" 19362
192.168.74.78 - - [17/Feb/2013:06:49:59 +0600] "GET /pause/ajaxPause?pauseConfigId=&admin=0 HTTP/1.1" 200 986 "http://callider/pause/index" "Mozilla/4.0 (compatible; MSIE 7.0; Windows NT 6.1; WOW64; Trident/5.0; SLCC2; .NET CLR 2.0.50727; .NET CLR 3.5.30729; .NET CLR 3.0.30729; Media Center PC 6.0; InfoPath.3; .NET4.0C; MS-RTC LM 8; .NET4.0E)" 18758
192.168.12.204 - - [17/Feb/2013:06:49:59 +0600] "GET /pause/ajaxPause?pauseConfigId=&admin=0 HTTP/1.1" 200 986 "http://callider/pause/index" "Mozilla/4.0 (compatible; MSIE 7.0; Windows NT 6.1; WOW64; Trident/4.0; SLCC2; .NET CLR 2.0.50727; .NET CLR 3.5.30729; .NET CLR 3.0.30729; Media Center PC 6.0; InfoPath.3; .NET4.0C; .NET4.0E; .NET CLR 1.1.4322)" 23642
192.168.12.69 - - [17/Feb/2013:06:50:00 +0600] "GET /pause/ajaxPause?pauseConfigId=&admin=0 HTTP/1.1" 200 986 "http://callider/pause/index" "Mozilla/4.0 (compatible; MSIE 7.0; Windows NT 6.1; Trident/5.0; SLCC2; .NET CLR 2.0.50727; .NET CLR 3.5.30729; .NET CLR 3.0.30729; Media Center PC 6.0; InfoPath.3; .NET4.0C; .NET4.0E; Tablet PC 2.0; AskTbFXTV5/5.14.1.20007)" 21845
192.168.74.91 - - [17/Feb/2013:06:50:00 +0600] "GET /pause/ajaxPause?pauseConfigId=&admin=0 HTTP/1.1" 200 986 "http://callider/pause/index" "Mozilla/4.0 (compatible; MSIE 7.0; Windows NT 6.1; WOW64; Trident/5.0; SLCC2; .NET CLR 2.0.50727; .NET CLR 3.5.30729; .NET CLR 3.0.30729; Media Center PC 6.0; InfoPath.3; .NET4.0C; MS-RTC LM 8; .NET4.0E)" 19751
192.168.74.151 - - [17/Feb/2013:06:50:00 +0600] "GET /pause/ajaxPause?pauseConfigId=&admin=0 HTTP/1.1" 200 987 "http://callider.kontur/pause/index" "Mozilla/5.0 (Windows NT 6.1; WOW64; rv:18.0) Gecko/20100101 Firefox/18.0" 27077
192.168.12.210 - - [17/Feb/2013:06:50:00 +0600] "GET /pause/ajaxPause?pauseConfigId=all&admin=1 HTTP/1.1" 200 1047 "http://callider/pause/index" "Mozilla/4.0 (compatible; MSIE 7.0; Windows NT 6.1; WOW64; Trident/5.0; SLCC2; .NET CLR 2.0.50727; .NET CLR 3.5.30729; .NET CLR 3.0.30729; Media Center PC 6.0; InfoPath.3; .NET4.0C; .NET4.0E)" 26352
192.168.65.56 - - [17/Feb/2013:06:50:01 +0600] "GET /pause/ajaxPause?pauseConfigId=all&admin=1 HTTP/1.1" 200 1046 "http://192.168.65.101/pause/index" "Mozilla/5.0 (Windows NT 5.1; rv:15.0) Gecko/20100101 Firefox/15.0" 40181
192.168.12.61 - - [17/Feb/2013:06:50:02 +0600] "GET /pause/ajaxPause?pauseConfigId=&admin=0 HTTP/1.1" 200 985 "http://callider/pause/index" "Mozilla/4.0 (compatible; MSIE 7.0; Windows NT 6.1; Trident/5.0; SLCC2; .NET CLR 2.0.50727; .NET CLR 3.5.30729; .NET CLR 3.0.30729; Media Center PC 6.0; InfoPath.3; .NET4.0C; .NET4.0E)" 17213
192.168.12.237 - - [17/Feb/2013:06:50:04 +0600] "GET /pause/ajaxPause?pauseConfigId=&admin=0 HTTP/1.1" 200 987 "http://callider/pause/index" "Mozilla/4.0 (compatible; MSIE 7.0; Windows NT 6.1; Trident/5.0; SLCC2; .NET CLR 2.0.50727; .NET CLR 3.5.30729; .NET CLR 3.0.30729; Media Center PC 6.0; InfoPath.3; .NET4.0C; .NET4.0E)" 30007
192.168.12.60 - - [17/Feb/2013:06:50:04 +0600] "GET /pause/ajaxPause?pauseConfigId=&admin=0 HTTP/1.1" 200 986 "http://callider/pause/index" "Mozilla/4.0 (compatible; MSIE 8.0; Windows NT 6.1; Trident/4.0; InfoPath.3; .NET4.0C; MS-RTC LM 8; .NET4.0E)" 24734
192.168.74.78 - - [17/Feb/2013:06:50:04 +0600] "GET /pause/ajaxPause?pauseConfigId=&admin=0 HTTP/1.1" 200 986 "http://callider/pause/index" "Mozilla/4.0 (compatible; MSIE 7.0; Windows NT 6.1; WOW64; Trident/5.0; SLCC2; .NET CLR 2.0.50727; .NET CLR 3.5.30729; .NET CLR 3.0.30729; Media Center PC 6.0; InfoPath.3; .NET4.0C; MS-RTC LM 8; .NET4.0E)" 26845
192.168.12.204 - - [17/Feb/2013:06:50:04 +0600] "GET /pause/ajaxPause?pauseConfigId=&admin=0 HTTP/1.1" 200 986 "http://callider/pause/index" "Mozilla/4.0 (compatible; MSIE 7.0; Windows NT 6.1; WOW64; Trident/4.0; SLCC2; .NET CLR 2.0.50727; .NET CLR 3.5.30729; .NET CLR 3.0.30729; Media Center PC 6.0; InfoPath.3; .NET4.0C; .NET4.0E; .NET CLR 1.1.4322)" 27609
192.168.12.69 - - [17/Feb/2013:06:50:05 +0600] "GET /pause/ajaxPause?pauseConfigId=&admin=0 HTTP/1.1" 200 986 "http://callider/pause/index" "Mozilla/4.0 (compatible; MSIE 7.0; Windows NT 6.1; Trident/5.0; SLCC2; .NET CLR 2.0.50727; .NET CLR 3.5.30729; .NET CLR 3.0.30729; Media Center PC 6.0; InfoPath.3; .NET4.0C; .NET4.0E; Tablet PC 2.0; AskTbFXTV5/5.14.1.20007)" 24451
192.168.12.61 - - [17/Feb/2013:06:50:05 +0600] "GET /tv/useUser HTTP/1.1" 200 431 "http://callider/pause/index" "Mozilla/4.0 (compatible; MSIE 7.0; Windows NT 6.1; Trident/5.0; SLCC2; .NET CLR 2.0.50727; .NET CLR 3.5.30729; .NET CLR 3.0.30729; Media Center PC 6.0; InfoPath.3; .NET4.0C; .NET4.0E)" 17031
192.168.74.91 - - [17/Feb/2013:06:50:05 +0600] "GET /pause/ajaxPause?pauseConfigId=&admin=0 HTTP/1.1" 200 986 "http://callider/pause/index" "Mozilla/4.0 (compatible; MSIE 7.0; Windows NT 6.1; WOW64; Trident/5.0; SLCC2; .NET CLR 2.0.50727; .NET CLR 3.5.30729; .NET CLR 3.0.30729; Media Center PC 6.0; InfoPath.3; .NET4.0C; MS-RTC LM 8; .NET4.0E)" 27617
192.168.74.151 - - [17/Feb/2013:06:50:05 +0600] "GET /pause/ajaxPause?pauseConfigId=&admin=0 HTTP/1.1" 200 987 "http://callider.kontur/pause/index" "Mozilla/5.0 (Windows NT 6.1; WOW64; rv:18.0) Gecko/20100101 Firefox/18.0" 27707
192.168.12.210 - - [17/Feb/2013:06:50:05 +0600] "GET /pause/ajaxPause?pauseConfigId=all&admin=1 HTTP/1.1" 200 1047 "http://callider/pause/index" "Mozilla/4.0 (compatible; MSIE 7.0; Windows NT 6.1; WOW64; Trident/5.0; SLCC2; .NET CLR 2.0.50727; .NET CLR 3.5.30729; .NET CLR 3.0.30729; Media Center PC 6.0; InfoPath.3; .NET4.0C; .NET4.0E)" 27955
192.168.65.56 - - [17/Feb/2013:06:50:06 +0600] "GET /pause/ajaxPause?pauseConfigId=all&admin=1 HTTP/1.1" 200 1046 "http://192.168.65.101/pause/index" "Mozilla/5.0 (Windows NT 5.1; rv:15.0) Gecko/20100101 Firefox/15.0" 34072
192.168.12.61 - - [17/Feb/2013:06:50:07 +0600] "GET /pause/ajaxPause?pauseConfigId=&admin=0 HTTP/1.1" 200 985 "http://callider/pause/index" "Mozilla/4.0 (compatible; MSIE 7.0; Windows NT 6.1; Trident/5.0; SLCC2; .NET CLR 2.0.50727; .NET CLR 3.5.30729; .NET CLR 3.0.30729; Media Center PC 6.0; InfoPath.3; .NET4.0C; .NET4.0E)" 20292
192.168.12.237 - - [17/Feb/2013:06:50:09 +0600] "GET /pause/ajaxPause?pauseConfigId=&admin=0 HTTP/1.1" 200 987 "http://callider/pause/index" "Mozilla/4.0 (compatible; MSIE 7.0; Windows NT 6.1; Trident/5.0; SLCC2; .NET CLR 2.0.50727; .NET CLR 3.5.30729; .NET CLR 3.0.30729; Media Center PC 6.0; InfoPath.3; .NET4.0C; .NET4.0E)" 20954
192.168.12.60 - - [17/Feb/2013:06:50:09 +0600] "GET /pause/ajaxPause?pauseConfigId=&admin=0 HTTP/1.1" 200 986 "http://callider/pause/index" "Mozilla/4.0 (compatible; MSIE 8.0; Windows NT 6.1; Trident/4.0; InfoPath.3; .NET4.0C; MS-RTC LM 8; .NET4.0E)" 18141
192.168.74.78 - - [17/Feb/2013:06:50:09 +0600] "GET /pause/ajaxPause?pauseConfigId=&admin=0 HTTP/1.1" 200 986 "http://callider/pause/index" "Mozilla/4.0 (compatible; MSIE 7.0; Windows NT 6.1; WOW64; Trident/5.0; SLCC2; .NET CLR 2.0.50727; .NET CLR 3.5.30729; .NET CLR 3.0.30729; Media Center PC 6.0; InfoPath.3; .NET4.0C; MS-RTC LM 8; .NET4.0E)" 17549
192.168.12.204 - - [17/Feb/2013:06:50:09 +0600] "GET /pause/ajaxPause?pauseConfigId=&admin=0 HTTP/1.1" 200 986 "http://callider/pause/index" "Mozilla/4.0 (compatible; MSIE 7.0; Windows NT 6.1; WOW64; Trident/4.0; SLCC2; .NET CLR 2.0.50727; .NET CLR 3.5.30729; .NET CLR 3.0.30729; Media Center PC 6.0; InfoPath.3; .NET4.0C; .NET4.0E; .NET CLR 1.1.4322)" 20255
192.168.12.69 - - [17/Feb/2013:06:50:10 +0600] "GET /pause/ajaxPause?pauseConfigId=&admin=0 HTTP/1.1" 200 986 "http://callider/pause/index" "Mozilla/4.0 (compatible; MSIE 7.0; Windows NT 6.1; Trident/5.0; SLCC2; .NET CLR 2.0.50727; .NET CLR 3.5.30729; .NET CLR 3.0.30729; Media Center PC 6.0; InfoPath.3; .NET4.0C; .NET4.0E; Tablet PC 2.0; AskTbFXTV5/5.14.1.20007)" 19166
192.168.74.91 - - [17/Feb/2013:06:50:10 +0600] "GET /pause/ajaxPause?pauseConfigId=&admin=0 HTTP/1.1" 200 986 "http://callider/pause/index" "Mozilla/4.0 (compatible; MSIE 7.0; Windows NT 6.1; WOW64; Trident/5.0; SLCC2; .NET CLR 2.0.50727; .NET CLR 3.5.30729; .NET CLR 3.0.30729; Media Center PC 6.0; InfoPath.3; .NET4.0C; MS-RTC LM 8; .NET4.0E)" 26761
192.168.74.151 - - [17/Feb/2013:06:50:10 +0600] "GET /pause/ajaxPause?pauseConfigId=&admin=0 HTTP/1.1" 200 987 "http://callider.kontur/pause/index" "Mozilla/5.0 (Windows NT 6.1; WOW64; rv:18.0) Gecko/20100101 Firefox/18.0" 19329
192.168.12.210 - - [17/Feb/2013:06:50:10 +0600] "GET /pause/ajaxPause?pauseConfigId=all&admin=1 HTTP/1.1" 200 1047 "http://callider/pause/index" "Mozilla/4.0 (compatible; MSIE 7.0; Windows NT 6.1; WOW64; Trident/5.0; SLCC2; .NET CLR 2.0.50727; .NET CLR 3.5.30729; .NET CLR 3.0.30729; Media Center PC 6.0; InfoPath.3; .NET4.0C; .NET4.0E)" 22481
192.168.12.42 - - [17/Feb/2013:06:50:11 +0600] "GET /tv/useUser HTTP/1.1" 200 432 "http://callider/graph/personal" "Mozilla/4.0 (compatible; MSIE 7.0; Windows NT 6.1; WOW64; Trident/5.0; SLCC2; .NET CLR 2.0.50727; .NET CLR 3.5.30729; .NET CLR 3.0.30729; Media Center PC 6.0; InfoPath.3; .NET4.0C; .NET4.0E)" 17820
192.168.65.56 - - [17/Feb/2013:06:50:11 +0600] "GET /pause/ajaxPause?pauseConfigId=all&admin=1 HTTP/1.1" 200 1046 "http://192.168.65.101/pause/index" "Mozilla/5.0 (Windows NT 5.1; rv:15.0) Gecko/20100101 Firefox/15.0" 37014
192.168.12.61 - - [17/Feb/2013:06:50:12 +0600] "GET /pause/ajaxPause?pauseConfigId=&admin=0 HTTP/1.1" 200 985 "http://callider/pause/index" "Mozilla/4.0 (compatible; MSIE 7.0; Windows NT 6.1; Trident/5.0; SLCC2; .NET CLR 2.0.50727; .NET CLR 3.5.30729; .NET CLR 3.0.30729; Media Center PC 6.0; InfoPath.3; .NET4.0C; .NET4.0E)" 19320
192.168.74.151 - - [17/Feb/2013:06:50:13 +0600] "GET /tv/useUser HTTP/1.1" 200 431 "http://callider.kontur/graph/general" "Mozilla/5.0 (Windows NT 6.1; WOW64; rv:18.0) Gecko/20100101 Firefox/18.0" 9305
192.168.12.237 - - [17/Feb/2013:06:50:14 +0600] "GET /pause/ajaxPause?pauseConfigId=&admin=0 HTTP/1.1" 200 987 "http://callider/pause/index" "Mozilla/4.0 (compatible; MSIE 7.0; Windows NT 6.1; Trident/5.0; SLCC2; .NET CLR 2.0.50727; .NET CLR 3.5.30729; .NET CLR 3.0.30729; Media Center PC 6.0; InfoPath.3; .NET4.0C; .NET4.0E)" 18432
192.168.12.60 - - [17/Feb/2013:06:50:14 +0600] "GET /pause/ajaxPause?pauseConfigId=&admin=0 HTTP/1.1" 200 986 "http://callider/pause/index" "Mozilla/4.0 (compatible; MSIE 8.0; Windows NT 6.1; Trident/4.0; InfoPath.3; .NET4.0C; MS-RTC LM 8; .NET4.0E)" 20446
192.168.74.78 - - [17/Feb/2013:06:50:14 +0600] "GET /pause/ajaxPause?pauseConfigId=&admin=0 HTTP/1.1" 200 986 "http://callider/pause/index" "Mozilla/4.0 (compatible; MSIE 7.0; Windows NT 6.1; WOW64; Trident/5.0; SLCC2; .NET CLR 2.0.50727; .NET CLR 3.5.30729; .NET CLR 3.0.30729; Media Center PC 6.0; InfoPath.3; .NET4.0C; MS-RTC LM 8; .NET4.0E)" 17744
192.168.12.204 - - [17/Feb/2013:06:50:14 +0600] "GET /pause/ajaxPause?pauseConfigId=&admin=0 HTTP/1.1" 200 986 "http://callider/pause/index" "Mozilla/4.0 (compatible; MSIE 7.0; Windows NT 6.1; WOW64; Trident/4.0; SLCC2; .NET CLR 2.0.50727; .NET CLR 3.5.30729; .NET CLR 3.0.30729; Media Center PC 6.0; InfoPath.3; .NET4.0C; .NET4.0E; .NET CLR 1.1.4322)" 19584
192.168.12.69 - - [17/Feb/2013:06:50:15 +0600] "GET /pause/ajaxPause?pauseConfigId=&admin=0 HTTP/1.1" 200 986 "http://callider/pause/index" "Mozilla/4.0 (compatible; MSIE 7.0; Windows NT 6.1; Trident/5.0; SLCC2; .NET CLR 2.0.50727; .NET CLR 3.5.30729; .NET CLR 3.0.30729; Media Center PC 6.0; InfoPath.3; .NET4.0C; .NET4.0E; Tablet PC 2.0; AskTbFXTV5/5.14.1.20007)" 17239
192.168.74.91 - - [17/Feb/2013:06:50:15 +0600] "GET /pause/ajaxPause?pauseConfigId=&admin=0 HTTP/1.1" 200 986 "http://callider/pause/index" "Mozilla/4.0 (compatible; MSIE 7.0; Windows NT 6.1; WOW64; Trident/5.0; SLCC2; .NET CLR 2.0.50727; .NET CLR 3.5.30729; .NET CLR 3.0.30729; Media Center PC 6.0; InfoPath.3; .NET4.0C; MS-RTC LM 8; .NET4.0E)" 17014
192.168.74.151 - - [17/Feb/2013:06:50:15 +0600] "GET /pause/ajaxPause?pauseConfigId=&admin=0 HTTP/1.1" 200 987 "http://callider.kontur/pause/index" "Mozilla/5.0 (Windows NT 6.1; WOW64; rv:18.0) Gecko/20100101 Firefox/18.0" 25573
192.168.74.151 - - [17/Feb/2013:06:50:15 +0600] "GET /tv/useUser HTTP/1.1" 200 432 "http://callider.kontur/pause/index" "Mozilla/5.0 (Windows NT 6.1; WOW64; rv:18.0) Gecko/20100101 Firefox/18.0" 19228
192.168.12.210 - - [17/Feb/2013:06:50:15 +0600] "GET /pause/ajaxPause?pauseConfigId=all&admin=1 HTTP/1.1" 200 1047 "http://callider/pause/index" "Mozilla/4.0 (compatible; MSIE 7.0; Windows NT 6.1; WOW64; Trident/5.0; SLCC2; .NET CLR 2.0.50727; .NET CLR 3.5.30729; .NET CLR 3.0.30729; Media Center PC 6.0; InfoPath.3; .NET4.0C; .NET4.0E)" 23140
192.168.65.56 - - [17/Feb/2013:06:50:16 +0600] "GET /pause/ajaxPause?pauseConfigId=all&admin=1 HTTP/1.1" 200 1047 "http://192.168.65.101/pause/index" "Mozilla/5.0 (Windows NT 5.1; rv:15.0) Gecko/20100101 Firefox/15.0" 38047
192.168.12.61 - - [17/Feb/2013:06:50:17 +0600] "GET /pause/ajaxPause?pauseConfigId=&admin=0 HTTP/1.1" 200 985 "http://callider/pause/index" "Mozilla/4.0 (compatible; MSIE 7.0; Windows NT 6.1; Trident/5.0; SLCC2; .NET CLR 2.0.50727; .NET CLR 3.5.30729; .NET CLR 3.0.30729; Media Center PC 6.0; InfoPath.3; .NET4.0C; .NET4.0E)" 25144
192.168.12.237 - - [17/Feb/2013:06:50:19 +0600] "GET /pause/ajaxPause?pauseConfigId=&admin=0 HTTP/1.1" 200 987 "http://callider/pause/index" "Mozilla/4.0 (compatible; MSIE 7.0; Windows NT 6.1; Trident/5.0; SLCC2; .NET CLR 2.0.50727; .NET CLR 3.5.30729; .NET CLR 3.0.30729; Media Center PC 6.0; InfoPath.3; .NET4.0C; .NET4.0E)" 20173
192.168.12.60 - - [17/Feb/2013:06:50:19 +0600] "GET /pause/ajaxPause?pauseConfigId=&admin=0 HTTP/1.1" 200 986 "http://callider/pause/index" "Mozilla/4.0 (compatible; MSIE 8.0; Windows NT 6.1; Trident/4.0; InfoPath.3; .NET4.0C; MS-RTC LM 8; .NET4.0E)" 24895
192.168.74.78 - - [17/Feb/2013:06:50:19 +0600] "GET /pause/ajaxPause?pauseConfigId=&admin=0 HTTP/1.1" 200 986 "http://callider/pause/index" "Mozilla/4.0 (compatible; MSIE 7.0; Windows NT 6.1; WOW64; Trident/5.0; SLCC2; .NET CLR 2.0.50727; .NET CLR 3.5.30729; .NET CLR 3.0.30729; Media Center PC 6.0; InfoPath.3; .NET4.0C; MS-RTC LM 8; .NET4.0E)" 19936
192.168.12.204 - - [17/Feb/2013:06:50:19 +0600] "GET /pause/ajaxPause?pauseConfigId=&admin=0 HTTP/1.1" 200 986 "http://callider/pause/index" "Mozilla/4.0 (compatible; MSIE 7.0; Windows NT 6.1; WOW64; Trident/4.0; SLCC2; .NET CLR 2.0.50727; .NET CLR 3.5.30729; .NET CLR 3.0.30729; Media Center PC 6.0; InfoPath.3; .NET4.0C; .NET4.0E; .NET CLR 1.1.4322)" 22310
192.168.12.10 - - [17/Feb/2013:06:50:19 +0600] "GET /tv/useUser HTTP/1.1" 200 432 "http://callider/graph/personal" "Mozilla/4.0 (compatible; MSIE 7.0; Windows NT 6.1; Trident/5.0; SLCC2; .NET CLR 2.0.50727; .NET CLR 3.5.30729; .NET CLR 3.0.30729; Media Center PC 6.0; InfoPath.3; .NET4.0C; .NET4.0E; Tablet PC 2.0; MS-RTC LM 8)" 15244
192.168.12.108 - - [17/Feb/2013:06:50:19 +0600] "GET /tv/useUser HTTP/1.1" 200 432 "http://callider/index.php" "Mozilla/4.0 (compatible; MSIE 7.0; Windows NT 6.2; WOW64; Trident/6.0; .NET4.0E; .NET4.0C; InfoPath.3; .NET CLR 3.5.30729; .NET CLR 2.0.50727; .NET CLR 3.0.30729)" 14955
192.168.12.69 - - [17/Feb/2013:06:50:20 +0600] "GET /pause/ajaxPause?pauseConfigId=&admin=0 HTTP/1.1" 200 986 "http://callider/pause/index" "Mozilla/4.0 (compatible; MSIE 7.0; Windows NT 6.1; Trident/5.0; SLCC2; .NET CLR 2.0.50727; .NET CLR 3.5.30729; .NET CLR 3.0.30729; Media Center PC 6.0; InfoPath.3; .NET4.0C; .NET4.0E; Tablet PC 2.0; AskTbFXTV5/5.14.1.20007)" 18123
192.168.74.91 - - [17/Feb/2013:06:50:20 +0600] "GET /pause/ajaxPause?pauseConfigId=&admin=0 HTTP/1.1" 200 986 "http://callider/pause/index" "Mozilla/4.0 (compatible; MSIE 7.0; Windows NT 6.1; WOW64; Trident/5.0; SLCC2; .NET CLR 2.0.50727; .NET CLR 3.5.30729; .NET CLR 3.0.30729; Media Center PC 6.0; InfoPath.3; .NET4.0C; MS-RTC LM 8; .NET4.0E)" 18312
192.168.74.151 - - [17/Feb/2013:06:50:20 +0600] "GET /pause/ajaxPause?pauseConfigId=&admin=0 HTTP/1.1" 200 987 "http://callider.kontur/pause/index" "Mozilla/5.0 (Windows NT 6.1; WOW64; rv:18.0) Gecko/20100101 Firefox/18.0" 21665
192.168.12.210 - - [17/Feb/2013:06:50:20 +0600] "GET /pause/ajaxPause?pauseConfigId=all&admin=1 HTTP/1.1" 200 1047 "http://callider/pause/index" "Mozilla/4.0 (compatible; MSIE 7.0; Windows NT 6.1; WOW64; Trident/5.0; SLCC2; .NET CLR 2.0.50727; .NET CLR 3.5.30729; .NET CLR 3.0.30729; Media Center PC 6.0; InfoPath.3; .NET4.0C; .NET4.0E)" 25241
192.168.65.56 - - [17/Feb/2013:06:50:21 +0600] "GET /pause/ajaxPause?pauseConfigId=all&admin=1 HTTP/1.1" 200 1046 "http://192.168.65.101/pause/index" "Mozilla/5.0 (Windows NT 5.1; rv:15.0) Gecko/20100101 Firefox/15.0" 29091
192.168.12.61 - - [17/Feb/2013:06:50:22 +0600] "GET /pause/ajaxPause?pauseConfigId=&admin=0 HTTP/1.1" 200 986 "http://callider/pause/index" "Mozilla/4.0 (compatible; MSIE 7.0; Windows NT 6.1; Trident/5.0; SLCC2; .NET CLR 2.0.50727; .NET CLR 3.5.30729; .NET CLR 3.0.30729; Media Center PC 6.0; InfoPath.3; .NET4.0C; .NET4.0E)" 23717
192.168.12.237 - - [17/Feb/2013:06:50:24 +0600] "GET /pause/ajaxPause?pauseConfigId=&admin=0 HTTP/1.1" 200 987 "http://callider/pause/index" "Mozilla/4.0 (compatible; MSIE 7.0; Windows NT 6.1; Trident/5.0; SLCC2; .NET CLR 2.0.50727; .NET CLR 3.5.30729; .NET CLR 3.0.30729; Media Center PC 6.0; InfoPath.3; .NET4.0C; .NET4.0E)" 19562
192.168.12.60 - - [17/Feb/2013:06:50:24 +0600] "GET /pause/ajaxPause?pauseConfigId=&admin=0 HTTP/1.1" 200 986 "http://callider/pause/index" "Mozilla/4.0 (compatible; MSIE 8.0; Windows NT 6.1; Trident/4.0; InfoPath.3; .NET4.0C; MS-RTC LM 8; .NET4.0E)" 21030
192.168.74.78 - - [17/Feb/2013:06:50:24 +0600] "GET /pause/ajaxPause?pauseConfigId=&admin=0 HTTP/1.1" 200 986 "http://callider/pause/index" "Mozilla/4.0 (compatible; MSIE 7.0; Windows NT 6.1; WOW64; Trident/5.0; SLCC2; .NET CLR 2.0.50727; .NET CLR 3.5.30729; .NET CLR 3.0.30729; Media Center PC 6.0; InfoPath.3; .NET4.0C; MS-RTC LM 8; .NET4.0E)" 18416
192.168.12.204 - - [17/Feb/2013:06:50:24 +0600] "GET /pause/ajaxPause?pauseConfigId=&admin=0 HTTP/1.1" 200 986 "http://callider/pause/index" "Mozilla/4.0 (compatible; MSIE 7.0; Windows NT 6.1; WOW64; Trident/4.0; SLCC2; .NET CLR 2.0.50727; .NET CLR 3.5.30729; .NET CLR 3.0.30729; Media Center PC 6.0; InfoPath.3; .NET4.0C; .NET4.0E; .NET CLR 1.1.4322)" 18025
192.168.12.69 - - [17/Feb/2013:06:50:25 +0600] "GET /pause/ajaxPause?pauseConfigId=&admin=0 HTTP/1.1" 200 986 "http://callider/pause/index" "Mozilla/4.0 (compatible; MSIE 7.0; Windows NT 6.1; Trident/5.0; SLCC2; .NET CLR 2.0.50727; .NET CLR 3.5.30729; .NET CLR 3.0.30729; Media Center PC 6.0; InfoPath.3; .NET4.0C; .NET4.0E; Tablet PC 2.0; AskTbFXTV5/5.14.1.20007)" 18244
192.168.74.91 - - [17/Feb/2013:06:50:25 +0600] "GET /pause/ajaxPause?pauseConfigId=&admin=0 HTTP/1.1" 200 986 "http://callider/pause/index" "Mozilla/4.0 (compatible; MSIE 7.0; Windows NT 6.1; WOW64; Trident/5.0; SLCC2; .NET CLR 2.0.50727; .NET CLR 3.5.30729; .NET CLR 3.0.30729; Media Center PC 6.0; InfoPath.3; .NET4.0C; MS-RTC LM 8; .NET4.0E)" 18001
192.168.74.151 - - [17/Feb/2013:06:50:25 +0600] "GET /pause/ajaxPause?pauseConfigId=&admin=0 HTTP/1.1" 200 987 "http://callider.kontur/pause/index" "Mozilla/5.0 (Windows NT 6.1; WOW64; rv:18.0) Gecko/20100101 Firefox/18.0" 22240
192.168.12.210 - - [17/Feb/2013:06:50:25 +0600] "GET /pause/ajaxPause?pauseConfigId=all&admin=1 HTTP/1.1" 200 1047 "http://callider/pause/index" "Mozilla/4.0 (compatible; MSIE 7.0; Windows NT 6.1; WOW64; Trident/5.0; SLCC2; .NET CLR 2.0.50727; .NET CLR 3.5.30729; .NET CLR 3.0.30729; Media Center PC 6.0; InfoPath.3; .NET4.0C; .NET4.0E)" 20281
192.168.65.56 - - [17/Feb/2013:06:50:26 +0600] "GET /pause/ajaxPause?pauseConfigId=all&admin=1 HTTP/1.1" 200 1046 "http://192.168.65.101/pause/index" "Mozilla/5.0 (Windows NT 5.1; rv:15.0) Gecko/20100101 Firefox/15.0" 28663
192.168.12.61 - - [17/Feb/2013:06:50:27 +0600] "GET /pause/ajaxPause?pauseConfigId=&admin=0 HTTP/1.1" 200 985 "http://callider/pause/index" "Mozilla/4.0 (compatible; MSIE 7.0; Windows NT 6.1; Trident/5.0; SLCC2; .NET CLR 2.0.50727; .NET CLR 3.5.30729; .NET CLR 3.0.30729; Media Center PC 6.0; InfoPath.3; .NET4.0C; .NET4.0E)" 45569
192.168.12.237 - - [17/Feb/2013:06:50:29 +0600] "GET /pause/ajaxPause?pauseConfigId=&admin=0 HTTP/1.1" 200 987 "http://callider/pause/index" "Mozilla/4.0 (compatible; MSIE 7.0; Windows NT 6.1; Trident/5.0; SLCC2; .NET CLR 2.0.50727; .NET CLR 3.5.30729; .NET CLR 3.0.30729; Media Center PC 6.0; InfoPath.3; .NET4.0C; .NET4.0E)" 20184
192.168.74.78 - - [17/Feb/2013:06:50:29 +0600] "GET /pause/ajaxPause?pauseConfigId=&admin=0 HTTP/1.1" 200 986 "http://callider/pause/index" "Mozilla/4.0 (compatible; MSIE 7.0; Windows NT 6.1; WOW64; Trident/5.0; SLCC2; .NET CLR 2.0.50727; .NET CLR 3.5.30729; .NET CLR 3.0.30729; Media Center PC 6.0; InfoPath.3; .NET4.0C; MS-RTC LM 8; .NET4.0E)" 19663
192.168.12.60 - - [17/Feb/2013:06:50:29 +0600] "GET /pause/ajaxPause?pauseConfigId=&admin=0 HTTP/1.1" 200 986 "http://callider/pause/index" "Mozilla/4.0 (compatible; MSIE 8.0; Windows NT 6.1; Trident/4.0; InfoPath.3; .NET4.0C; MS-RTC LM 8; .NET4.0E)" 23332
192.168.12.204 - - [17/Feb/2013:06:50:29 +0600] "GET /pause/ajaxPause?pauseConfigId=&admin=0 HTTP/1.1" 200 986 "http://callider/pause/index" "Mozilla/4.0 (compatible; MSIE 7.0; Windows NT 6.1; WOW64; Trident/4.0; SLCC2; .NET CLR 2.0.50727; .NET CLR 3.5.30729; .NET CLR 3.0.30729; Media Center PC 6.0; InfoPath.3; .NET4.0C; .NET4.0E; .NET CLR 1.1.4322)" 21099
192.168.12.69 - - [17/Feb/2013:06:50:30 +0600] "GET /pause/ajaxPause?pauseConfigId=&admin=0 HTTP/1.1" 200 986 "http://callider/pause/index" "Mozilla/4.0 (compatible; MSIE 7.0; Windows NT 6.1; Trident/5.0; SLCC2; .NET CLR 2.0.50727; .NET CLR 3.5.30729; .NET CLR 3.0.30729; Media Center PC 6.0; InfoPath.3; .NET4.0C; .NET4.0E; Tablet PC 2.0; AskTbFXTV5/5.14.1.20007)" 17288
192.168.74.91 - - [17/Feb/2013:06:50:30 +0600] "GET /pause/ajaxPause?pauseConfigId=&admin=0 HTTP/1.1" 200 986 "http://callider/pause/index" "Mozilla/4.0 (compatible; MSIE 7.0; Windows NT 6.1; WOW64; Trident/5.0; SLCC2; .NET CLR 2.0.50727; .NET CLR 3.5.30729; .NET CLR 3.0.30729; Media Center PC 6.0; InfoPath.3; .NET4.0C; MS-RTC LM 8; .NET4.0E)" 19115
192.168.74.151 - - [17/Feb/2013:06:50:30 +0600] "GET /pause/ajaxPause?pauseConfigId=&admin=0 HTTP/1.1" 200 987 "http://callider.kontur/pause/index" "Mozilla/5.0 (Windows NT 6.1; WOW64; rv:18.0) Gecko/20100101 Firefox/18.0" 20239
192.168.12.210 - - [17/Feb/2013:06:50:30 +0600] "GET /pause/ajaxPause?pauseConfigId=all&admin=1 HTTP/1.1" 200 1047 "http://callider/pause/index" "Mozilla/4.0 (compatible; MSIE 7.0; Windows NT 6.1; WOW64; Trident/5.0; SLCC2; .NET CLR 2.0.50727; .NET CLR 3.5.30729; .NET CLR 3.0.30729; Media Center PC 6.0; InfoPath.3; .NET4.0C; .NET4.0E)" 22205
192.168.65.56 - - [17/Feb/2013:06:50:31 +0600] "GET /pause/ajaxPause?pauseConfigId=all&admin=1 HTTP/1.1" 200 1046 "http://192.168.65.101/pause/index" "Mozilla/5.0 (Windows NT 5.1; rv:15.0) Gecko/20100101 Firefox/15.0" 29154
192.168.12.61 - - [17/Feb/2013:06:50:32 +0600] "GET /pause/ajaxPause?pauseConfigId=&admin=0 HTTP/1.1" 200 985 "http://callider/pause/index" "Mozilla/4.0 (compatible; MSIE 7.0; Windows NT 6.1; Trident/5.0; SLCC2; .NET CLR 2.0.50727; .NET CLR 3.5.30729; .NET CLR 3.0.30729; Media Center PC 6.0; InfoPath.3; .NET4.0C; .NET4.0E)" 16196
192.168.12.237 - - [17/Feb/2013:06:50:34 +0600] "GET /pause/ajaxPause?pauseConfigId=&admin=0 HTTP/1.1" 200 987 "http://callider/pause/index" "Mozilla/4.0 (compatible; MSIE 7.0; Windows NT 6.1; Trident/5.0; SLCC2; .NET CLR 2.0.50727; .NET CLR 3.5.30729; .NET CLR 3.0.30729; Media Center PC 6.0; InfoPath.3; .NET4.0C; .NET4.0E)" 27794
192.168.74.78 - - [17/Feb/2013:06:50:34 +0600] "GET /pause/ajaxPause?pauseConfigId=&admin=0 HTTP/1.1" 200 986 "http://callider/pause/index" "Mozilla/4.0 (compatible; MSIE 7.0; Windows NT 6.1; WOW64; Trident/5.0; SLCC2; .NET CLR 2.0.50727; .NET CLR 3.5.30729; .NET CLR 3.0.30729; Media Center PC 6.0; InfoPath.3; .NET4.0C; MS-RTC LM 8; .NET4.0E)" 23473
192.168.12.60 - - [17/Feb/2013:06:50:34 +0600] "GET /pause/ajaxPause?pauseConfigId=&admin=0 HTTP/1.1" 200 986 "http://callider/pause/index" "Mozilla/4.0 (compatible; MSIE 8.0; Windows NT 6.1; Trident/4.0; InfoPath.3; .NET4.0C; MS-RTC LM 8; .NET4.0E)" 25875
192.168.12.67 - - [17/Feb/2013:06:50:34 +0600] "GET /tv/useUser HTTP/1.1" 200 432 "http://callider/graph/personal" "Mozilla/4.0 (compatible; MSIE 7.0; Windows NT 6.1; Trident/5.0; SLCC2; .NET CLR 2.0.50727; .NET CLR 3.5.30729; .NET CLR 3.0.30729; Media Center PC 6.0; .NET4.0C; .NET4.0E; InfoPath.3; Tablet PC 2.0; MS-RTC LM 8)" 17779
192.168.12.204 - - [17/Feb/2013:06:50:34 +0600] "GET /pause/ajaxPause?pauseConfigId=&admin=0 HTTP/1.1" 200 986 "http://callider/pause/index" "Mozilla/4.0 (compatible; MSIE 7.0; Windows NT 6.1; WOW64; Trident/4.0; SLCC2; .NET CLR 2.0.50727; .NET CLR 3.5.30729; .NET CLR 3.0.30729; Media Center PC 6.0; InfoPath.3; .NET4.0C; .NET4.0E; .NET CLR 1.1.4322)" 21357
192.168.12.69 - - [17/Feb/2013:06:50:35 +0600] "GET /pause/ajaxPause?pauseConfigId=&admin=0 HTTP/1.1" 200 986 "http://callider/pause/index" "Mozilla/4.0 (compatible; MSIE 7.0; Windows NT 6.1; Trident/5.0; SLCC2; .NET CLR 2.0.50727; .NET CLR 3.5.30729; .NET CLR 3.0.30729; Media Center PC 6.0; InfoPath.3; .NET4.0C; .NET4.0E; Tablet PC 2.0; AskTbFXTV5/5.14.1.20007)" 18856
192.168.74.91 - - [17/Feb/2013:06:50:35 +0600] "GET /pause/ajaxPause?pauseConfigId=&admin=0 HTTP/1.1" 200 986 "http://callider/pause/index" "Mozilla/4.0 (compatible; MSIE 7.0; Windows NT 6.1; WOW64; Trident/5.0; SLCC2; .NET CLR 2.0.50727; .NET CLR 3.5.30729; .NET CLR 3.0.30729; Media Center PC 6.0; InfoPath.3; .NET4.0C; MS-RTC LM 8; .NET4.0E)" 22796
192.168.74.151 - - [17/Feb/2013:06:50:35 +0600] "GET /pause/ajaxPause?pauseConfigId=&admin=0 HTTP/1.1" 200 987 "http://callider.kontur/pause/index" "Mozilla/5.0 (Windows NT 6.1; WOW64; rv:18.0) Gecko/20100101 Firefox/18.0" 19519
192.168.12.210 - - [17/Feb/2013:06:50:35 +0600] "GET /pause/ajaxPause?pauseConfigId=all&admin=1 HTTP/1.1" 200 1047 "http://callider/pause/index" "Mozilla/4.0 (compatible; MSIE 7.0; Windows NT 6.1; WOW64; Trident/5.0; SLCC2; .NET CLR 2.0.50727; .NET CLR 3.5.30729; .NET CLR 3.0.30729; Media Center PC 6.0; InfoPath.3; .NET4.0C; .NET4.0E)" 21701
192.168.65.56 - - [17/Feb/2013:06:50:36 +0600] "GET /pause/ajaxPause?pauseConfigId=all&admin=1 HTTP/1.1" 200 1046 "http://192.168.65.101/pause/index" "Mozilla/5.0 (Windows NT 5.1; rv:15.0) Gecko/20100101 Firefox/15.0" 30572
192.168.12.61 - - [17/Feb/2013:06:50:37 +0600] "GET /pause/ajaxPause?pauseConfigId=&admin=0 HTTP/1.1" 200 985 "http://callider/pause/index" "Mozilla/4.0 (compatible; MSIE 7.0; Windows NT 6.1; Trident/5.0; SLCC2; .NET CLR 2.0.50727; .NET CLR 3.5.30729; .NET CLR 3.0.30729; Media Center PC 6.0; InfoPath.3; .NET4.0C; .NET4.0E)" 16144
192.168.74.93 - - [17/Feb/2013:06:50:38 +0600] "GET /tv/useUser HTTP/1.1" 200 432 "http://callider/graph/personal" "Mozilla/4.0 (compatible; MSIE 7.0; Windows NT 6.1; WOW64; Trident/5.0; SLCC2; .NET CLR 2.0.50727; .NET CLR 3.5.30729; .NET CLR 3.0.30729; Media Center PC 6.0; InfoPath.3; .NET4.0C; .NET4.0E)" 15228
192.168.12.237 - - [17/Feb/2013:06:50:39 +0600] "GET /pause/ajaxPause?pauseConfigId=&admin=0 HTTP/1.1" 200 987 "http://callider/pause/index" "Mozilla/4.0 (compatible; MSIE 7.0; Windows NT 6.1; Trident/5.0; SLCC2; .NET CLR 2.0.50727; .NET CLR 3.5.30729; .NET CLR 3.0.30729; Media Center PC 6.0; InfoPath.3; .NET4.0C; .NET4.0E)" 22273
192.168.12.210 - - [17/Feb/2013:06:50:39 +0600] "GET /tv/useUser HTTP/1.1" 200 431 "http://callider/graph/general" "Mozilla/4.0 (compatible; MSIE 7.0; Windows NT 6.1; WOW64; Trident/5.0; SLCC2; .NET CLR 2.0.50727; .NET CLR 3.5.30729; .NET CLR 3.0.30729; Media Center PC 6.0; InfoPath.3; .NET4.0C; .NET4.0E)" 33758
192.168.74.78 - - [17/Feb/2013:06:50:39 +0600] "GET /pause/ajaxPause?pauseConfigId=&admin=0 HTTP/1.1" 200 986 "http://callider/pause/index" "Mozilla/4.0 (compatible; MSIE 7.0; Windows NT 6.1; WOW64; Trident/5.0; SLCC2; .NET CLR 2.0.50727; .NET CLR 3.5.30729; .NET CLR 3.0.30729; Media Center PC 6.0; InfoPath.3; .NET4.0C; MS-RTC LM 8; .NET4.0E)" 19603
192.168.12.60 - - [17/Feb/2013:06:50:39 +0600] "GET /pause/ajaxPause?pauseConfigId=&admin=0 HTTP/1.1" 200 986 "http://callider/pause/index" "Mozilla/4.0 (compatible; MSIE 8.0; Windows NT 6.1; Trident/4.0; InfoPath.3; .NET4.0C; MS-RTC LM 8; .NET4.0E)" 23413
192.168.12.204 - - [17/Feb/2013:06:50:39 +0600] "GET /pause/ajaxPause?pauseConfigId=&admin=0 HTTP/1.1" 200 986 "http://callider/pause/index" "Mozilla/4.0 (compatible; MSIE 7.0; Windows NT 6.1; WOW64; Trident/4.0; SLCC2; .NET CLR 2.0.50727; .NET CLR 3.5.30729; .NET CLR 3.0.30729; Media Center PC 6.0; InfoPath.3; .NET4.0C; .NET4.0E; .NET CLR 1.1.4322)" 120962
192.168.12.69 - - [17/Feb/2013:06:50:40 +0600] "GET /pause/ajaxPause?pauseConfigId=&admin=0 HTTP/1.1" 200 986 "http://callider/pause/index" "Mozilla/4.0 (compatible; MSIE 7.0; Windows NT 6.1; Trident/5.0; SLCC2; .NET CLR 2.0.50727; .NET CLR 3.5.30729; .NET CLR 3.0.30729; Media Center PC 6.0; InfoPath.3; .NET4.0C; .NET4.0E; Tablet PC 2.0; AskTbFXTV5/5.14.1.20007)" 18784
192.168.74.91 - - [17/Feb/2013:06:50:40 +0600] "GET /pause/ajaxPause?pauseConfigId=&admin=0 HTTP/1.1" 200 986 "http://callider/pause/index" "Mozilla/4.0 (compatible; MSIE 7.0; Windows NT 6.1; WOW64; Trident/5.0; SLCC2; .NET CLR 2.0.50727; .NET CLR 3.5.30729; .NET CLR 3.0.30729; Media Center PC 6.0; InfoPath.3; .NET4.0C; MS-RTC LM 8; .NET4.0E)" 18838
192.168.74.151 - - [17/Feb/2013:06:50:40 +0600] "GET /pause/ajaxPause?pauseConfigId=&admin=0 HTTP/1.1" 200 987 "http://callider.kontur/pause/index" "Mozilla/5.0 (Windows NT 6.1; WOW64; rv:18.0) Gecko/20100101 Firefox/18.0" 16845
192.168.12.210 - - [17/Feb/2013:06:50:40 +0600] "GET /pause/ajaxPause?pauseConfigId=all&admin=1 HTTP/1.1" 200 1047 "http://callider/pause/index" "Mozilla/4.0 (compatible; MSIE 7.0; Windows NT 6.1; WOW64; Trident/5.0; SLCC2; .NET CLR 2.0.50727; .NET CLR 3.5.30729; .NET CLR 3.0.30729; Media Center PC 6.0; InfoPath.3; .NET4.0C; .NET4.0E)" 20582
192.168.12.9 - - [17/Feb/2013:06:50:41 +0600] "GET /tv/useUser HTTP/1.1" 200 432 "http://callider.kontur/site/index" "Mozilla/5.0 (Windows NT 6.1; WOW64) AppleWebKit/537.17 (KHTML, like Gecko) Chrome/24.0.1312.57 Safari/537.17" 14673
192.168.65.56 - - [17/Feb/2013:06:50:41 +0600] "GET /pause/ajaxPause?pauseConfigId=all&admin=1 HTTP/1.1" 200 1046 "http://192.168.65.101/pause/index" "Mozilla/5.0 (Windows NT 5.1; rv:15.0) Gecko/20100101 Firefox/15.0" 29046
192.168.12.61 - - [17/Feb/2013:06:50:42 +0600] "GET /pause/ajaxPause?pauseConfigId=&admin=0 HTTP/1.1" 200 985 "http://callider/pause/index" "Mozilla/4.0 (compatible; MSIE 7.0; Windows NT 6.1; Trident/5.0; SLCC2; .NET CLR 2.0.50727; .NET CLR 3.5.30729; .NET CLR 3.0.30729; Media Center PC 6.0; InfoPath.3; .NET4.0C; .NET4.0E)" 16394
192.168.12.237 - - [17/Feb/2013:06:50:44 +0600] "GET /pause/ajaxPause?pauseConfigId=&admin=0 HTTP/1.1" 200 987 "http://callider/pause/index" "Mozilla/4.0 (compatible; MSIE 7.0; Windows NT 6.1; Trident/5.0; SLCC2; .NET CLR 2.0.50727; .NET CLR 3.5.30729; .NET CLR 3.0.30729; Media Center PC 6.0; InfoPath.3; .NET4.0C; .NET4.0E)" 20298
192.168.74.78 - - [17/Feb/2013:06:50:44 +0600] "GET /pause/ajaxPause?pauseConfigId=&admin=0 HTTP/1.1" 200 986 "http://callider/pause/index" "Mozilla/4.0 (compatible; MSIE 7.0; Windows NT 6.1; WOW64; Trident/5.0; SLCC2; .NET CLR 2.0.50727; .NET CLR 3.5.30729; .NET CLR 3.0.30729; Media Center PC 6.0; InfoPath.3; .NET4.0C; MS-RTC LM 8; .NET4.0E)" 20478
192.168.12.60 - - [17/Feb/2013:06:50:44 +0600] "GET /pause/ajaxPause?pauseConfigId=&admin=0 HTTP/1.1" 200 986 "http://callider/pause/index" "Mozilla/4.0 (compatible; MSIE 8.0; Windows NT 6.1; Trident/4.0; InfoPath.3; .NET4.0C; MS-RTC LM 8; .NET4.0E)" 24809
192.168.12.204 - - [17/Feb/2013:06:50:44 +0600] "GET /pause/ajaxPause?pauseConfigId=&admin=0 HTTP/1.1" 200 986 "http://callider/pause/index" "Mozilla/4.0 (compatible; MSIE 7.0; Windows NT 6.1; WOW64; Trident/4.0; SLCC2; .NET CLR 2.0.50727; .NET CLR 3.5.30729; .NET CLR 3.0.30729; Media Center PC 6.0; InfoPath.3; .NET4.0C; .NET4.0E; .NET CLR 1.1.4322)" 18433
192.168.12.69 - - [17/Feb/2013:06:50:45 +0600] "GET /pause/ajaxPause?pauseConfigId=&admin=0 HTTP/1.1" 200 986 "http://callider/pause/index" "Mozilla/4.0 (compatible; MSIE 7.0; Windows NT 6.1; Trident/5.0; SLCC2; .NET CLR 2.0.50727; .NET CLR 3.5.30729; .NET CLR 3.0.30729; Media Center PC 6.0; InfoPath.3; .NET4.0C; .NET4.0E; Tablet PC 2.0; AskTbFXTV5/5.14.1.20007)" 18771
192.168.74.91 - - [17/Feb/2013:06:50:45 +0600] "GET /pause/ajaxPause?pauseConfigId=&admin=0 HTTP/1.1" 200 986 "http://callider/pause/index" "Mozilla/4.0 (compatible; MSIE 7.0; Windows NT 6.1; WOW64; Trident/5.0; SLCC2; .NET CLR 2.0.50727; .NET CLR 3.5.30729; .NET CLR 3.0.30729; Media Center PC 6.0; InfoPath.3; .NET4.0C; MS-RTC LM 8; .NET4.0E)" 18690
192.168.74.151 - - [17/Feb/2013:06:50:45 +0600] "GET /pause/ajaxPause?pauseConfigId=&admin=0 HTTP/1.1" 200 987 "http://callider.kontur/pause/index" "Mozilla/5.0 (Windows NT 6.1; WOW64; rv:18.0) Gecko/20100101 Firefox/18.0" 19722
192.168.12.210 - - [17/Feb/2013:06:50:45 +0600] "GET /pause/ajaxPause?pauseConfigId=all&admin=1 HTTP/1.1" 200 1047 "http://callider/pause/index" "Mozilla/4.0 (compatible; MSIE 7.0; Windows NT 6.1; WOW64; Trident/5.0; SLCC2; .NET CLR 2.0.50727; .NET CLR 3.5.30729; .NET CLR 3.0.30729; Media Center PC 6.0; InfoPath.3; .NET4.0C; .NET4.0E)" 21995
192.168.65.56 - - [17/Feb/2013:06:50:46 +0600] "GET /pause/ajaxPause?pauseConfigId=all&admin=1 HTTP/1.1" 200 1046 "http://192.168.65.101/pause/index" "Mozilla/5.0 (Windows NT 5.1; rv:15.0) Gecko/20100101 Firefox/15.0" 30073
192.168.12.61 - - [17/Feb/2013:06:50:47 +0600] "GET /pause/ajaxPause?pauseConfigId=&admin=0 HTTP/1.1" 200 986 "http://callider/pause/index" "Mozilla/4.0 (compatible; MSIE 7.0; Windows NT 6.1; Trident/5.0; SLCC2; .NET CLR 2.0.50727; .NET CLR 3.5.30729; .NET CLR 3.0.30729; Media Center PC 6.0; InfoPath.3; .NET4.0C; .NET4.0E)" 34284
192.168.12.210 - - [17/Feb/2013:06:50:49 +0600] "GET /tv/useUser HTTP/1.1" 200 431 "http://callider/pause/index" "Mozilla/4.0 (compatible; MSIE 7.0; Windows NT 6.1; WOW64; Trident/5.0; SLCC2; .NET CLR 2.0.50727; .NET CLR 3.5.30729; .NET CLR 3.0.30729; Media Center PC 6.0; InfoPath.3; .NET4.0C; .NET4.0E)" 13220
192.168.12.237 - - [17/Feb/2013:06:50:49 +0600] "GET /pause/ajaxPause?pauseConfigId=&admin=0 HTTP/1.1" 200 987 "http://callider/pause/index" "Mozilla/4.0 (compatible; MSIE 7.0; Windows NT 6.1; Trident/5.0; SLCC2; .NET CLR 2.0.50727; .NET CLR 3.5.30729; .NET CLR 3.0.30729; Media Center PC 6.0; InfoPath.3; .NET4.0C; .NET4.0E)" 21587
192.168.74.78 - - [17/Feb/2013:06:50:49 +0600] "GET /pause/ajaxPause?pauseConfigId=&admin=0 HTTP/1.1" 200 986 "http://callider/pause/index" "Mozilla/4.0 (compatible; MSIE 7.0; Windows NT 6.1; WOW64; Trident/5.0; SLCC2; .NET CLR 2.0.50727; .NET CLR 3.5.30729; .NET CLR 3.0.30729; Media Center PC 6.0; InfoPath.3; .NET4.0C; MS-RTC LM 8; .NET4.0E)" 18743
192.168.12.60 - - [17/Feb/2013:06:50:49 +0600] "GET /pause/ajaxPause?pauseConfigId=&admin=0 HTTP/1.1" 200 986 "http://callider/pause/index" "Mozilla/4.0 (compatible; MSIE 8.0; Windows NT 6.1; Trident/4.0; InfoPath.3; .NET4.0C; MS-RTC LM 8; .NET4.0E)" 21352
192.168.12.204 - - [17/Feb/2013:06:50:49 +0600] "GET /pause/ajaxPause?pauseConfigId=&admin=0 HTTP/1.1" 200 986 "http://callider/pause/index" "Mozilla/4.0 (compatible; MSIE 7.0; Windows NT 6.1; WOW64; Trident/4.0; SLCC2; .NET CLR 2.0.50727; .NET CLR 3.5.30729; .NET CLR 3.0.30729; Media Center PC 6.0; InfoPath.3; .NET4.0C; .NET4.0E; .NET CLR 1.1.4322)" 19955
192.168.12.69 - - [17/Feb/2013:06:50:50 +0600] "GET /pause/ajaxPause?pauseConfigId=&admin=0 HTTP/1.1" 200 986 "http://callider/pause/index" "Mozilla/4.0 (compatible; MSIE 7.0; Windows NT 6.1; Trident/5.0; SLCC2; .NET CLR 2.0.50727; .NET CLR 3.5.30729; .NET CLR 3.0.30729; Media Center PC 6.0; InfoPath.3; .NET4.0C; .NET4.0E; Tablet PC 2.0; AskTbFXTV5/5.14.1.20007)" 29057
192.168.74.91 - - [17/Feb/2013:06:50:50 +0600] "GET /pause/ajaxPause?pauseConfigId=&admin=0 HTTP/1.1" 200 986 "http://callider/pause/index" "Mozilla/4.0 (compatible; MSIE 7.0; Windows NT 6.1; WOW64; Trident/5.0; SLCC2; .NET CLR 2.0.50727; .NET CLR 3.5.30729; .NET CLR 3.0.30729; Media Center PC 6.0; InfoPath.3; .NET4.0C; MS-RTC LM 8; .NET4.0E)" 16642
192.168.74.151 - - [17/Feb/2013:06:50:50 +0600] "GET /pause/ajaxPause?pauseConfigId=&admin=0 HTTP/1.1" 200 987 "http://callider.kontur/pause/index" "Mozilla/5.0 (Windows NT 6.1; WOW64; rv:18.0) Gecko/20100101 Firefox/18.0" 16323
192.168.12.210 - - [17/Feb/2013:06:50:50 +0600] "GET /pause/ajaxPause?pauseConfigId=all&admin=1 HTTP/1.1" 200 1047 "http://callider/pause/index" "Mozilla/4.0 (compatible; MSIE 7.0; Windows NT 6.1; WOW64; Trident/5.0; SLCC2; .NET CLR 2.0.50727; .NET CLR 3.5.30729; .NET CLR 3.0.30729; Media Center PC 6.0; InfoPath.3; .NET4.0C; .NET4.0E)" 21018
192.168.65.56 - - [17/Feb/2013:06:50:51 +0600] "GET /pause/ajaxPause?pauseConfigId=all&admin=1 HTTP/1.1" 200 1046 "http://192.168.65.101/pause/index" "Mozilla/5.0 (Windows NT 5.1; rv:15.0) Gecko/20100101 Firefox/15.0" 148372
192.168.65.56 - - [17/Feb/2013:06:50:51 +0600] "GET /tv/useUser HTTP/1.1" 200 432 "http://192.168.65.101/pause/index" "Mozilla/5.0 (Windows NT 5.1; rv:15.0) Gecko/20100101 Firefox/15.0" 48939
192.168.65.93 - - [17/Feb/2013:06:50:52 +0600] "GET / HTTP/1.1" 302 530 "-" "System Center 2012 - Operations Manager 7.0.9538.0" 15783
192.168.65.93 - - [17/Feb/2013:06:50:52 +0600] "GET /site/login HTTP/1.1" 200 2771 "-" "System Center 2012 - Operations Manager 7.0.9538.0" 17234
192.168.12.61 - - [17/Feb/2013:06:50:52 +0600] "GET /pause/ajaxPause?pauseConfigId=&admin=0 HTTP/1.1" 200 985 "http://callider/pause/index" "Mozilla/4.0 (compatible; MSIE 7.0; Windows NT 6.1; Trident/5.0; SLCC2; .NET CLR 2.0.50727; .NET CLR 3.5.30729; .NET CLR 3.0.30729; Media Center PC 6.0; InfoPath.3; .NET4.0C; .NET4.0E)" 23432
192.168.12.237 - - [17/Feb/2013:06:50:54 +0600] "GET /pause/ajaxPause?pauseConfigId=&admin=0 HTTP/1.1" 200 987 "http://callider/pause/index" "Mozilla/4.0 (compatible; MSIE 7.0; Windows NT 6.1; Trident/5.0; SLCC2; .NET CLR 2.0.50727; .NET CLR 3.5.30729; .NET CLR 3.0.30729; Media Center PC 6.0; InfoPath.3; .NET4.0C; .NET4.0E)" 21257
192.168.74.78 - - [17/Feb/2013:06:50:54 +0600] "GET /pause/ajaxPause?pauseConfigId=&admin=0 HTTP/1.1" 200 986 "http://callider/pause/index" "Mozilla/4.0 (compatible; MSIE 7.0; Windows NT 6.1; WOW64; Trident/5.0; SLCC2; .NET CLR 2.0.50727; .NET CLR 3.5.30729; .NET CLR 3.0.30729; Media Center PC 6.0; InfoPath.3; .NET4.0C; MS-RTC LM 8; .NET4.0E)" 21705
192.168.12.60 - - [17/Feb/2013:06:50:54 +0600] "GET /pause/ajaxPause?pauseConfigId=&admin=0 HTTP/1.1" 200 986 "http://callider/pause/index" "Mozilla/4.0 (compatible; MSIE 8.0; Windows NT 6.1; Trident/4.0; InfoPath.3; .NET4.0C; MS-RTC LM 8; .NET4.0E)" 17180
192.168.12.204 - - [17/Feb/2013:06:50:54 +0600] "GET /pause/ajaxPause?pauseConfigId=&admin=0 HTTP/1.1" 200 986 "http://callider/pause/index" "Mozilla/4.0 (compatible; MSIE 7.0; Windows NT 6.1; WOW64; Trident/4.0; SLCC2; .NET CLR 2.0.50727; .NET CLR 3.5.30729; .NET CLR 3.0.30729; Media Center PC 6.0; InfoPath.3; .NET4.0C; .NET4.0E; .NET CLR 1.1.4322)" 16941
192.168.12.69 - - [17/Feb/2013:06:50:55 +0600] "GET /pause/ajaxPause?pauseConfigId=&admin=0 HTTP/1.1" 200 986 "http://callider/pause/index" "Mozilla/4.0 (compatible; MSIE 7.0; Windows NT 6.1; Trident/5.0; SLCC2; .NET CLR 2.0.50727; .NET CLR 3.5.30729; .NET CLR 3.0.30729; Media Center PC 6.0; InfoPath.3; .NET4.0C; .NET4.0E; Tablet PC 2.0; AskTbFXTV5/5.14.1.20007)" 17031
192.168.74.91 - - [17/Feb/2013:06:50:55 +0600] "GET /pause/ajaxPause?pauseConfigId=&admin=0 HTTP/1.1" 200 986 "http://callider/pause/index" "Mozilla/4.0 (compatible; MSIE 7.0; Windows NT 6.1; WOW64; Trident/5.0; SLCC2; .NET CLR 2.0.50727; .NET CLR 3.5.30729; .NET CLR 3.0.30729; Media Center PC 6.0; InfoPath.3; .NET4.0C; MS-RTC LM 8; .NET4.0E)" 19154
192.168.74.151 - - [17/Feb/2013:06:50:55 +0600] "GET /pause/ajaxPause?pauseConfigId=&admin=0 HTTP/1.1" 200 987 "http://callider.kontur/pause/index" "Mozilla/5.0 (Windows NT 6.1; WOW64; rv:18.0) Gecko/20100101 Firefox/18.0" 19877
192.168.12.210 - - [17/Feb/2013:06:50:55 +0600] "GET /pause/ajaxPause?pauseConfigId=all&admin=1 HTTP/1.1" 200 1047 "http://callider/pause/index" "Mozilla/4.0 (compatible; MSIE 7.0; Windows NT 6.1; WOW64; Trident/5.0; SLCC2; .NET CLR 2.0.50727; .NET CLR 3.5.30729; .NET CLR 3.0.30729; Media Center PC 6.0; InfoPath.3; .NET4.0C; .NET4.0E)" 22707
192.168.65.56 - - [17/Feb/2013:06:50:56 +0600] "GET /pause/ajaxPause?pauseConfigId=all&admin=1 HTTP/1.1" 200 1046 "http://192.168.65.101/pause/index" "Mozilla/5.0 (Windows NT 5.1; rv:15.0) Gecko/20100101 Firefox/15.0" 28715
192.168.12.61 - - [17/Feb/2013:06:50:57 +0600] "GET /pause/ajaxPause?pauseConfigId=&admin=0 HTTP/1.1" 200 985 "http://callider/pause/index" "Mozilla/4.0 (compatible; MSIE 7.0; Windows NT 6.1; Trident/5.0; SLCC2; .NET CLR 2.0.50727; .NET CLR 3.5.30729; .NET CLR 3.0.30729; Media Center PC 6.0; InfoPath.3; .NET4.0C; .NET4.0E)" 19693
192.168.12.237 - - [17/Feb/2013:06:50:59 +0600] "GET /pause/ajaxPause?pauseConfigId=&admin=0 HTTP/1.1" 200 987 "http://callider/pause/index" "Mozilla/4.0 (compatible; MSIE 7.0; Windows NT 6.1; Trident/5.0; SLCC2; .NET CLR 2.0.50727; .NET CLR 3.5.30729; .NET CLR 3.0.30729; Media Center PC 6.0; InfoPath.3; .NET4.0C; .NET4.0E)" 21937
192.168.74.78 - - [17/Feb/2013:06:50:59 +0600] "GET /pause/ajaxPause?pauseConfigId=&admin=0 HTTP/1.1" 200 986 "http://callider/pause/index" "Mozilla/4.0 (compatible; MSIE 7.0; Windows NT 6.1; WOW64; Trident/5.0; SLCC2; .NET CLR 2.0.50727; .NET CLR 3.5.30729; .NET CLR 3.0.30729; Media Center PC 6.0; InfoPath.3; .NET4.0C; MS-RTC LM 8; .NET4.0E)" 20699
192.168.12.60 - - [17/Feb/2013:06:50:59 +0600] "GET /pause/ajaxPause?pauseConfigId=&admin=0 HTTP/1.1" 200 986 "http://callider/pause/index" "Mozilla/4.0 (compatible; MSIE 8.0; Windows NT 6.1; Trident/4.0; InfoPath.3; .NET4.0C; MS-RTC LM 8; .NET4.0E)" 18641
192.168.12.204 - - [17/Feb/2013:06:50:59 +0600] "GET /pause/ajaxPause?pauseConfigId=&admin=0 HTTP/1.1" 200 986 "http://callider/pause/index" "Mozilla/4.0 (compatible; MSIE 7.0; Windows NT 6.1; WOW64; Trident/4.0; SLCC2; .NET CLR 2.0.50727; .NET CLR 3.5.30729; .NET CLR 3.0.30729; Media Center PC 6.0; InfoPath.3; .NET4.0C; .NET4.0E; .NET CLR 1.1.4322)" 23367
192.168.12.69 - - [17/Feb/2013:06:51:00 +0600] "GET /pause/ajaxPause?pauseConfigId=&admin=0 HTTP/1.1" 200 986 "http://callider/pause/index" "Mozilla/4.0 (compatible; MSIE 7.0; Windows NT 6.1; Trident/5.0; SLCC2; .NET CLR 2.0.50727; .NET CLR 3.5.30729; .NET CLR 3.0.30729; Media Center PC 6.0; InfoPath.3; .NET4.0C; .NET4.0E; Tablet PC 2.0; AskTbFXTV5/5.14.1.20007)" 18779
192.168.74.91 - - [17/Feb/2013:06:51:00 +0600] "GET /pause/ajaxPause?pauseConfigId=&admin=0 HTTP/1.1" 200 986 "http://callider/pause/index" "Mozilla/4.0 (compatible; MSIE 7.0; Windows NT 6.1; WOW64; Trident/5.0; SLCC2; .NET CLR 2.0.50727; .NET CLR 3.5.30729; .NET CLR 3.0.30729; Media Center PC 6.0; InfoPath.3; .NET4.0C; MS-RTC LM 8; .NET4.0E)" 17388
192.168.74.151 - - [17/Feb/2013:06:51:00 +0600] "GET /pause/ajaxPause?pauseConfigId=&admin=0 HTTP/1.1" 200 987 "http://callider.kontur/pause/index" "Mozilla/5.0 (Windows NT 6.1; WOW64; rv:18.0) Gecko/20100101 Firefox/18.0" 16426
192.168.12.210 - - [17/Feb/2013:06:51:00 +0600] "GET /pause/ajaxPause?pauseConfigId=all&admin=1 HTTP/1.1" 200 1047 "http://callider/pause/index" "Mozilla/4.0 (compatible; MSIE 7.0; Windows NT 6.1; WOW64; Trident/5.0; SLCC2; .NET CLR 2.0.50727; .NET CLR 3.5.30729; .NET CLR 3.0.30729; Media Center PC 6.0; InfoPath.3; .NET4.0C; .NET4.0E)" 21790
192.168.65.56 - - [17/Feb/2013:06:51:01 +0600] "GET /pause/ajaxPause?pauseConfigId=all&admin=1 HTTP/1.1" 200 1046 "http://192.168.65.101/pause/index" "Mozilla/5.0 (Windows NT 5.1; rv:15.0) Gecko/20100101 Firefox/15.0" 27631
192.168.12.61 - - [17/Feb/2013:06:51:02 +0600] "GET /pause/ajaxPause?pauseConfigId=&admin=0 HTTP/1.1" 200 985 "http://callider/pause/index" "Mozilla/4.0 (compatible; MSIE 7.0; Windows NT 6.1; Trident/5.0; SLCC2; .NET CLR 2.0.50727; .NET CLR 3.5.30729; .NET CLR 3.0.30729; Media Center PC 6.0; InfoPath.3; .NET4.0C; .NET4.0E)" 18242
192.168.12.237 - - [17/Feb/2013:06:51:04 +0600] "GET /pause/ajaxPause?pauseConfigId=&admin=0 HTTP/1.1" 200 987 "http://callider/pause/index" "Mozilla/4.0 (compatible; MSIE 7.0; Windows NT 6.1; Trident/5.0; SLCC2; .NET CLR 2.0.50727; .NET CLR 3.5.30729; .NET CLR 3.0.30729; Media Center PC 6.0; InfoPath.3; .NET4.0C; .NET4.0E)" 21443
192.168.74.78 - - [17/Feb/2013:06:51:04 +0600] "GET /pause/ajaxPause?pauseConfigId=&admin=0 HTTP/1.1" 200 986 "http://callider/pause/index" "Mozilla/4.0 (compatible; MSIE 7.0; Windows NT 6.1; WOW64; Trident/5.0; SLCC2; .NET CLR 2.0.50727; .NET CLR 3.5.30729; .NET CLR 3.0.30729; Media Center PC 6.0; InfoPath.3; .NET4.0C; MS-RTC LM 8; .NET4.0E)" 18808
192.168.12.60 - - [17/Feb/2013:06:51:04 +0600] "GET /pause/ajaxPause?pauseConfigId=&admin=0 HTTP/1.1" 200 986 "http://callider/pause/index" "Mozilla/4.0 (compatible; MSIE 8.0; Windows NT 6.1; Trident/4.0; InfoPath.3; .NET4.0C; MS-RTC LM 8; .NET4.0E)" 17180
192.168.12.204 - - [17/Feb/2013:06:51:04 +0600] "GET /pause/ajaxPause?pauseConfigId=&admin=0 HTTP/1.1" 200 986 "http://callider/pause/index" "Mozilla/4.0 (compatible; MSIE 7.0; Windows NT 6.1; WOW64; Trident/4.0; SLCC2; .NET CLR 2.0.50727; .NET CLR 3.5.30729; .NET CLR 3.0.30729; Media Center PC 6.0; InfoPath.3; .NET4.0C; .NET4.0E; .NET CLR 1.1.4322)" 19296
192.168.12.69 - - [17/Feb/2013:06:51:05 +0600] "GET /pause/ajaxPause?pauseConfigId=&admin=0 HTTP/1.1" 200 986 "http://callider/pause/index" "Mozilla/4.0 (compatible; MSIE 7.0; Windows NT 6.1; Trident/5.0; SLCC2; .NET CLR 2.0.50727; .NET CLR 3.5.30729; .NET CLR 3.0.30729; Media Center PC 6.0; InfoPath.3; .NET4.0C; .NET4.0E; Tablet PC 2.0; AskTbFXTV5/5.14.1.20007)" 21634
192.168.12.61 - - [17/Feb/2013:06:51:05 +0600] "GET /tv/useUser HTTP/1.1" 200 431 "http://callider/pause/index" "Mozilla/4.0 (compatible; MSIE 7.0; Windows NT 6.1; Trident/5.0; SLCC2; .NET CLR 2.0.50727; .NET CLR 3.5.30729; .NET CLR 3.0.30729; Media Center PC 6.0; InfoPath.3; .NET4.0C; .NET4.0E)" 10175
192.168.74.91 - - [17/Feb/2013:06:51:05 +0600] "GET /pause/ajaxPause?pauseConfigId=&admin=0 HTTP/1.1" 200 986 "http://callider/pause/index" "Mozilla/4.0 (compatible; MSIE 7.0; Windows NT 6.1; WOW64; Trident/5.0; SLCC2; .NET CLR 2.0.50727; .NET CLR 3.5.30729; .NET CLR 3.0.30729; Media Center PC 6.0; InfoPath.3; .NET4.0C; MS-RTC LM 8; .NET4.0E)" 18778
192.168.74.151 - - [17/Feb/2013:06:51:05 +0600] "GET /pause/ajaxPause?pauseConfigId=&admin=0 HTTP/1.1" 200 987 "http://callider.kontur/pause/index" "Mozilla/5.0 (Windows NT 6.1; WOW64; rv:18.0) Gecko/20100101 Firefox/18.0" 19399
192.168.12.210 - - [17/Feb/2013:06:51:05 +0600] "GET /pause/ajaxPause?pauseConfigId=all&admin=1 HTTP/1.1" 200 1047 "http://callider/pause/index" "Mozilla/4.0 (compatible; MSIE 7.0; Windows NT 6.1; WOW64; Trident/5.0; SLCC2; .NET CLR 2.0.50727; .NET CLR 3.5.30729; .NET CLR 3.0.30729; Media Center PC 6.0; InfoPath.3; .NET4.0C; .NET4.0E)" 22184
192.168.65.56 - - [17/Feb/2013:06:51:06 +0600] "GET /pause/ajaxPause?pauseConfigId=all&admin=1 HTTP/1.1" 200 1046 "http://192.168.65.101/pause/index" "Mozilla/5.0 (Windows NT 5.1; rv:15.0) Gecko/20100101 Firefox/15.0" 33864
192.168.12.61 - - [17/Feb/2013:06:51:07 +0600] "GET /pause/ajaxPause?pauseConfigId=&admin=0 HTTP/1.1" 200 985 "http://callider/pause/index" "Mozilla/4.0 (compatible; MSIE 7.0; Windows NT 6.1; Trident/5.0; SLCC2; .NET CLR 2.0.50727; .NET CLR 3.5.30729; .NET CLR 3.0.30729; Media Center PC 6.0; InfoPath.3; .NET4.0C; .NET4.0E)" 22806
192.168.12.237 - - [17/Feb/2013:06:51:09 +0600] "GET /pause/ajaxPause?pauseConfigId=&admin=0 HTTP/1.1" 200 987 "http://callider/pause/index" "Mozilla/4.0 (compatible; MSIE 7.0; Windows NT 6.1; Trident/5.0; SLCC2; .NET CLR 2.0.50727; .NET CLR 3.5.30729; .NET CLR 3.0.30729; Media Center PC 6.0; InfoPath.3; .NET4.0C; .NET4.0E)" 20506
192.168.74.78 - - [17/Feb/2013:06:51:09 +0600] "GET /pause/ajaxPause?pauseConfigId=&admin=0 HTTP/1.1" 200 986 "http://callider/pause/index" "Mozilla/4.0 (compatible; MSIE 7.0; Windows NT 6.1; WOW64; Trident/5.0; SLCC2; .NET CLR 2.0.50727; .NET CLR 3.5.30729; .NET CLR 3.0.30729; Media Center PC 6.0; InfoPath.3; .NET4.0C; MS-RTC LM 8; .NET4.0E)" 20662
192.168.12.60 - - [17/Feb/2013:06:51:09 +0600] "GET /pause/ajaxPause?pauseConfigId=&admin=0 HTTP/1.1" 200 986 "http://callider/pause/index" "Mozilla/4.0 (compatible; MSIE 8.0; Windows NT 6.1; Trident/4.0; InfoPath.3; .NET4.0C; MS-RTC LM 8; .NET4.0E)" 19205
192.168.12.204 - - [17/Feb/2013:06:51:09 +0600] "GET /pause/ajaxPause?pauseConfigId=&admin=0 HTTP/1.1" 200 986 "http://callider/pause/index" "Mozilla/4.0 (compatible; MSIE 7.0; Windows NT 6.1; WOW64; Trident/4.0; SLCC2; .NET CLR 2.0.50727; .NET CLR 3.5.30729; .NET CLR 3.0.30729; Media Center PC 6.0; InfoPath.3; .NET4.0C; .NET4.0E; .NET CLR 1.1.4322)" 18592
192.168.12.69 - - [17/Feb/2013:06:51:10 +0600] "GET /pause/ajaxPause?pauseConfigId=&admin=0 HTTP/1.1" 200 986 "http://callider/pause/index" "Mozilla/4.0 (compatible; MSIE 7.0; Windows NT 6.1; Trident/5.0; SLCC2; .NET CLR 2.0.50727; .NET CLR 3.5.30729; .NET CLR 3.0.30729; Media Center PC 6.0; InfoPath.3; .NET4.0C; .NET4.0E; Tablet PC 2.0; AskTbFXTV5/5.14.1.20007)" 17809
192.168.74.91 - - [17/Feb/2013:06:51:10 +0600] "GET /pause/ajaxPause?pauseConfigId=&admin=0 HTTP/1.1" 200 986 "http://callider/pause/index" "Mozilla/4.0 (compatible; MSIE 7.0; Windows NT 6.1; WOW64; Trident/5.0; SLCC2; .NET CLR 2.0.50727; .NET CLR 3.5.30729; .NET CLR 3.0.30729; Media Center PC 6.0; InfoPath.3; .NET4.0C; MS-RTC LM 8; .NET4.0E)" 18977
192.168.74.151 - - [17/Feb/2013:06:51:10 +0600] "GET /pause/ajaxPause?pauseConfigId=&admin=0 HTTP/1.1" 200 987 "http://callider.kontur/pause/index" "Mozilla/5.0 (Windows NT 6.1; WOW64; rv:18.0) Gecko/20100101 Firefox/18.0" 17393
192.168.12.210 - - [17/Feb/2013:06:51:10 +0600] "GET /pause/ajaxPause?pauseConfigId=all&admin=1 HTTP/1.1" 200 1047 "http://callider/pause/index" "Mozilla/4.0 (compatible; MSIE 7.0; Windows NT 6.1; WOW64; Trident/5.0; SLCC2; .NET CLR 2.0.50727; .NET CLR 3.5.30729; .NET CLR 3.0.30729; Media Center PC 6.0; InfoPath.3; .NET4.0C; .NET4.0E)" 22858
192.168.12.42 - - [17/Feb/2013:06:51:11 +0600] "GET /tv/useUser HTTP/1.1" 200 432 "http://callider/graph/personal" "Mozilla/4.0 (compatible; MSIE 7.0; Windows NT 6.1; WOW64; Trident/5.0; SLCC2; .NET CLR 2.0.50727; .NET CLR 3.5.30729; .NET CLR 3.0.30729; Media Center PC 6.0; InfoPath.3; .NET4.0C; .NET4.0E)" 15778
192.168.65.56 - - [17/Feb/2013:06:51:11 +0600] "GET /pause/ajaxPause?pauseConfigId=all&admin=1 HTTP/1.1" 200 1046 "http://192.168.65.101/pause/index" "Mozilla/5.0 (Windows NT 5.1; rv:15.0) Gecko/20100101 Firefox/15.0" 28386
192.168.12.61 - - [17/Feb/2013:06:51:12 +0600] "GET /pause/ajaxPause?pauseConfigId=&admin=0 HTTP/1.1" 200 986 "http://callider/pause/index" "Mozilla/4.0 (compatible; MSIE 7.0; Windows NT 6.1; Trident/5.0; SLCC2; .NET CLR 2.0.50727; .NET CLR 3.5.30729; .NET CLR 3.0.30729; Media Center PC 6.0; InfoPath.3; .NET4.0C; .NET4.0E)" 33342
192.168.74.151 - - [17/Feb/2013:06:51:13 +0600] "GET /tv/useUser HTTP/1.1" 200 431 "http://callider.kontur/graph/general" "Mozilla/5.0 (Windows NT 6.1; WOW64; rv:18.0) Gecko/20100101 Firefox/18.0" 10761
192.168.12.237 - - [17/Feb/2013:06:51:14 +0600] "GET /pause/ajaxPause?pauseConfigId=&admin=0 HTTP/1.1" 200 987 "http://callider/pause/index" "Mozilla/4.0 (compatible; MSIE 7.0; Windows NT 6.1; Trident/5.0; SLCC2; .NET CLR 2.0.50727; .NET CLR 3.5.30729; .NET CLR 3.0.30729; Media Center PC 6.0; InfoPath.3; .NET4.0C; .NET4.0E)" 19631
192.168.74.78 - - [17/Feb/2013:06:51:14 +0600] "GET /pause/ajaxPause?pauseConfigId=&admin=0 HTTP/1.1" 200 986 "http://callider/pause/index" "Mozilla/4.0 (compatible; MSIE 7.0; Windows NT 6.1; WOW64; Trident/5.0; SLCC2; .NET CLR 2.0.50727; .NET CLR 3.5.30729; .NET CLR 3.0.30729; Media Center PC 6.0; InfoPath.3; .NET4.0C; MS-RTC LM 8; .NET4.0E)" 18265
192.168.12.60 - - [17/Feb/2013:06:51:14 +0600] "GET /pause/ajaxPause?pauseConfigId=&admin=0 HTTP/1.1" 200 986 "http://callider/pause/index" "Mozilla/4.0 (compatible; MSIE 8.0; Windows NT 6.1; Trident/4.0; InfoPath.3; .NET4.0C; MS-RTC LM 8; .NET4.0E)" 19151
192.168.12.204 - - [17/Feb/2013:06:51:14 +0600] "GET /pause/ajaxPause?pauseConfigId=&admin=0 HTTP/1.1" 200 986 "http://callider/pause/index" "Mozilla/4.0 (compatible; MSIE 7.0; Windows NT 6.1; WOW64; Trident/4.0; SLCC2; .NET CLR 2.0.50727; .NET CLR 3.5.30729; .NET CLR 3.0.30729; Media Center PC 6.0; InfoPath.3; .NET4.0C; .NET4.0E; .NET CLR 1.1.4322)" 17159
192.168.12.69 - - [17/Feb/2013:06:51:15 +0600] "GET /pause/ajaxPause?pauseConfigId=&admin=0 HTTP/1.1" 200 986 "http://callider/pause/index" "Mozilla/4.0 (compatible; MSIE 7.0; Windows NT 6.1; Trident/5.0; SLCC2; .NET CLR 2.0.50727; .NET CLR 3.5.30729; .NET CLR 3.0.30729; Media Center PC 6.0; InfoPath.3; .NET4.0C; .NET4.0E; Tablet PC 2.0; AskTbFXTV5/5.14.1.20007)" 17635
192.168.74.91 - - [17/Feb/2013:06:51:15 +0600] "GET /pause/ajaxPause?pauseConfigId=&admin=0 HTTP/1.1" 200 986 "http://callider/pause/index" "Mozilla/4.0 (compatible; MSIE 7.0; Windows NT 6.1; WOW64; Trident/5.0; SLCC2; .NET CLR 2.0.50727; .NET CLR 3.5.30729; .NET CLR 3.0.30729; Media Center PC 6.0; InfoPath.3; .NET4.0C; MS-RTC LM 8; .NET4.0E)" 20728
192.168.74.151 - - [17/Feb/2013:06:51:15 +0600] "GET /pause/ajaxPause?pauseConfigId=&admin=0 HTTP/1.1" 200 987 "http://callider.kontur/pause/index" "Mozilla/5.0 (Windows NT 6.1; WOW64; rv:18.0) Gecko/20100101 Firefox/18.0" 21385
192.168.74.151 - - [17/Feb/2013:06:51:15 +0600] "GET /tv/useUser HTTP/1.1" 200 432 "http://callider.kontur/pause/index" "Mozilla/5.0 (Windows NT 6.1; WOW64; rv:18.0) Gecko/20100101 Firefox/18.0" 15237
192.168.12.210 - - [17/Feb/2013:06:51:15 +0600] "GET /pause/ajaxPause?pauseConfigId=all&admin=1 HTTP/1.1" 200 1047 "http://callider/pause/index" "Mozilla/4.0 (compatible; MSIE 7.0; Windows NT 6.1; WOW64; Trident/5.0; SLCC2; .NET CLR 2.0.50727; .NET CLR 3.5.30729; .NET CLR 3.0.30729; Media Center PC 6.0; InfoPath.3; .NET4.0C; .NET4.0E)" 23948
192.168.65.56 - - [17/Feb/2013:06:51:16 +0600] "GET /pause/ajaxPause?pauseConfigId=all&admin=1 HTTP/1.1" 200 1046 "http://192.168.65.101/pause/index" "Mozilla/5.0 (Windows NT 5.1; rv:15.0) Gecko/20100101 Firefox/15.0" 27764
192.168.12.61 - - [17/Feb/2013:06:51:17 +0600] "GET /pause/ajaxPause?pauseConfigId=&admin=0 HTTP/1.1" 200 985 "http://callider/pause/index" "Mozilla/4.0 (compatible; MSIE 7.0; Windows NT 6.1; Trident/5.0; SLCC2; .NET CLR 2.0.50727; .NET CLR 3.5.30729; .NET CLR 3.0.30729; Media Center PC 6.0; InfoPath.3; .NET4.0C; .NET4.0E)" 19244
192.168.12.237 - - [17/Feb/2013:06:51:19 +0600] "GET /pause/ajaxPause?pauseConfigId=&admin=0 HTTP/1.1" 200 987 "http://callider/pause/index" "Mozilla/4.0 (compatible; MSIE 7.0; Windows NT 6.1; Trident/5.0; SLCC2; .NET CLR 2.0.50727; .NET CLR 3.5.30729; .NET CLR 3.0.30729; Media Center PC 6.0; InfoPath.3; .NET4.0C; .NET4.0E)" 20071
192.168.74.78 - - [17/Feb/2013:06:51:19 +0600] "GET /pause/ajaxPause?pauseConfigId=&admin=0 HTTP/1.1" 200 986 "http://callider/pause/index" "Mozilla/4.0 (compatible; MSIE 7.0; Windows NT 6.1; WOW64; Trident/5.0; SLCC2; .NET CLR 2.0.50727; .NET CLR 3.5.30729; .NET CLR 3.0.30729; Media Center PC 6.0; InfoPath.3; .NET4.0C; MS-RTC LM 8; .NET4.0E)" 22214
192.168.12.60 - - [17/Feb/2013:06:51:19 +0600] "GET /pause/ajaxPause?pauseConfigId=&admin=0 HTTP/1.1" 200 986 "http://callider/pause/index" "Mozilla/4.0 (compatible; MSIE 8.0; Windows NT 6.1; Trident/4.0; InfoPath.3; .NET4.0C; MS-RTC LM 8; .NET4.0E)" 19894
192.168.12.10 - - [17/Feb/2013:06:51:19 +0600] "GET /tv/useUser HTTP/1.1" 200 432 "http://callider/graph/personal" "Mozilla/4.0 (compatible; MSIE 7.0; Windows NT 6.1; Trident/5.0; SLCC2; .NET CLR 2.0.50727; .NET CLR 3.5.30729; .NET CLR 3.0.30729; Media Center PC 6.0; InfoPath.3; .NET4.0C; .NET4.0E; Tablet PC 2.0; MS-RTC LM 8)" 14883
192.168.12.204 - - [17/Feb/2013:06:51:19 +0600] "GET /pause/ajaxPause?pauseConfigId=&admin=0 HTTP/1.1" 200 986 "http://callider/pause/index" "Mozilla/4.0 (compatible; MSIE 7.0; Windows NT 6.1; WOW64; Trident/4.0; SLCC2; .NET CLR 2.0.50727; .NET CLR 3.5.30729; .NET CLR 3.0.30729; Media Center PC 6.0; InfoPath.3; .NET4.0C; .NET4.0E; .NET CLR 1.1.4322)" 18572
192.168.12.108 - - [17/Feb/2013:06:51:19 +0600] "GET /tv/useUser HTTP/1.1" 200 432 "http://callider/index.php" "Mozilla/4.0 (compatible; MSIE 7.0; Windows NT 6.2; WOW64; Trident/6.0; .NET4.0E; .NET4.0C; InfoPath.3; .NET CLR 3.5.30729; .NET CLR 2.0.50727; .NET CLR 3.0.30729)" 21232
192.168.12.69 - - [17/Feb/2013:06:51:20 +0600] "GET /pause/ajaxPause?pauseConfigId=&admin=0 HTTP/1.1" 200 986 "http://callider/pause/index" "Mozilla/4.0 (compatible; MSIE 7.0; Windows NT 6.1; Trident/5.0; SLCC2; .NET CLR 2.0.50727; .NET CLR 3.5.30729; .NET CLR 3.0.30729; Media Center PC 6.0; InfoPath.3; .NET4.0C; .NET4.0E; Tablet PC 2.0; AskTbFXTV5/5.14.1.20007)" 18092
192.168.74.91 - - [17/Feb/2013:06:51:20 +0600] "GET /pause/ajaxPause?pauseConfigId=&admin=0 HTTP/1.1" 200 986 "http://callider/pause/index" "Mozilla/4.0 (compatible; MSIE 7.0; Windows NT 6.1; WOW64; Trident/5.0; SLCC2; .NET CLR 2.0.50727; .NET CLR 3.5.30729; .NET CLR 3.0.30729; Media Center PC 6.0; InfoPath.3; .NET4.0C; MS-RTC LM 8; .NET4.0E)" 20058
192.168.74.151 - - [17/Feb/2013:06:51:20 +0600] "GET /pause/ajaxPause?pauseConfigId=&admin=0 HTTP/1.1" 200 987 "http://callider.kontur/pause/index" "Mozilla/5.0 (Windows NT 6.1; WOW64; rv:18.0) Gecko/20100101 Firefox/18.0" 19882
192.168.12.210 - - [17/Feb/2013:06:51:20 +0600] "GET /pause/ajaxPause?pauseConfigId=all&admin=1 HTTP/1.1" 200 1047 "http://callider/pause/index" "Mozilla/4.0 (compatible; MSIE 7.0; Windows NT 6.1; WOW64; Trident/5.0; SLCC2; .NET CLR 2.0.50727; .NET CLR 3.5.30729; .NET CLR 3.0.30729; Media Center PC 6.0; InfoPath.3; .NET4.0C; .NET4.0E)" 24430
192.168.65.56 - - [17/Feb/2013:06:51:21 +0600] "GET /pause/ajaxPause?pauseConfigId=all&admin=1 HTTP/1.1" 200 1046 "http://192.168.65.101/pause/index" "Mozilla/5.0 (Windows NT 5.1; rv:15.0) Gecko/20100101 Firefox/15.0" 43966
192.168.12.61 - - [17/Feb/2013:06:51:22 +0600] "GET /pause/ajaxPause?pauseConfigId=&admin=0 HTTP/1.1" 200 985 "http://callider/pause/index" "Mozilla/4.0 (compatible; MSIE 7.0; Windows NT 6.1; Trident/5.0; SLCC2; .NET CLR 2.0.50727; .NET CLR 3.5.30729; .NET CLR 3.0.30729; Media Center PC 6.0; InfoPath.3; .NET4.0C; .NET4.0E)" 26975
192.168.12.237 - - [17/Feb/2013:06:51:24 +0600] "GET /pause/ajaxPause?pauseConfigId=&admin=0 HTTP/1.1" 200 987 "http://callider/pause/index" "Mozilla/4.0 (compatible; MSIE 7.0; Windows NT 6.1; Trident/5.0; SLCC2; .NET CLR 2.0.50727; .NET CLR 3.5.30729; .NET CLR 3.0.30729; Media Center PC 6.0; InfoPath.3; .NET4.0C; .NET4.0E)" 18822
192.168.74.78 - - [17/Feb/2013:06:51:24 +0600] "GET /pause/ajaxPause?pauseConfigId=&admin=0 HTTP/1.1" 200 986 "http://callider/pause/index" "Mozilla/4.0 (compatible; MSIE 7.0; Windows NT 6.1; WOW64; Trident/5.0; SLCC2; .NET CLR 2.0.50727; .NET CLR 3.5.30729; .NET CLR 3.0.30729; Media Center PC 6.0; InfoPath.3; .NET4.0C; MS-RTC LM 8; .NET4.0E)" 19803
192.168.12.60 - - [17/Feb/2013:06:51:24 +0600] "GET /pause/ajaxPause?pauseConfigId=&admin=0 HTTP/1.1" 200 986 "http://callider/pause/index" "Mozilla/4.0 (compatible; MSIE 8.0; Windows NT 6.1; Trident/4.0; InfoPath.3; .NET4.0C; MS-RTC LM 8; .NET4.0E)" 16759
192.168.12.204 - - [17/Feb/2013:06:51:24 +0600] "GET /pause/ajaxPause?pauseConfigId=&admin=0 HTTP/1.1" 200 986 "http://callider/pause/index" "Mozilla/4.0 (compatible; MSIE 7.0; Windows NT 6.1; WOW64; Trident/4.0; SLCC2; .NET CLR 2.0.50727; .NET CLR 3.5.30729; .NET CLR 3.0.30729; Media Center PC 6.0; InfoPath.3; .NET4.0C; .NET4.0E; .NET CLR 1.1.4322)" 19779
192.168.12.69 - - [17/Feb/2013:06:51:25 +0600] "GET /pause/ajaxPause?pauseConfigId=&admin=0 HTTP/1.1" 200 986 "http://callider/pause/index" "Mozilla/4.0 (compatible; MSIE 7.0; Windows NT 6.1; Trident/5.0; SLCC2; .NET CLR 2.0.50727; .NET CLR 3.5.30729; .NET CLR 3.0.30729; Media Center PC 6.0; InfoPath.3; .NET4.0C; .NET4.0E; Tablet PC 2.0; AskTbFXTV5/5.14.1.20007)" 18507
192.168.74.91 - - [17/Feb/2013:06:51:25 +0600] "GET /pause/ajaxPause?pauseConfigId=&admin=0 HTTP/1.1" 200 986 "http://callider/pause/index" "Mozilla/4.0 (compatible; MSIE 7.0; Windows NT 6.1; WOW64; Trident/5.0; SLCC2; .NET CLR 2.0.50727; .NET CLR 3.5.30729; .NET CLR 3.0.30729; Media Center PC 6.0; InfoPath.3; .NET4.0C; MS-RTC LM 8; .NET4.0E)" 31548
192.168.74.151 - - [17/Feb/2013:06:51:25 +0600] "GET /pause/ajaxPause?pauseConfigId=&admin=0 HTTP/1.1" 200 987 "http://callider.kontur/pause/index" "Mozilla/5.0 (Windows NT 6.1; WOW64; rv:18.0) Gecko/20100101 Firefox/18.0" 20587
192.168.12.210 - - [17/Feb/2013:06:51:25 +0600] "GET /pause/ajaxPause?pauseConfigId=all&admin=1 HTTP/1.1" 200 1047 "http://callider/pause/index" "Mozilla/4.0 (compatible; MSIE 7.0; Windows NT 6.1; WOW64; Trident/5.0; SLCC2; .NET CLR 2.0.50727; .NET CLR 3.5.30729; .NET CLR 3.0.30729; Media Center PC 6.0; InfoPath.3; .NET4.0C; .NET4.0E)" 21794
192.168.65.56 - - [17/Feb/2013:06:51:26 +0600] "GET /pause/ajaxPause?pauseConfigId=all&admin=1 HTTP/1.1" 200 1046 "http://192.168.65.101/pause/index" "Mozilla/5.0 (Windows NT 5.1; rv:15.0) Gecko/20100101 Firefox/15.0" 30402
192.168.12.61 - - [17/Feb/2013:06:51:27 +0600] "GET /pause/ajaxPause?pauseConfigId=&admin=0 HTTP/1.1" 200 985 "http://callider/pause/index" "Mozilla/4.0 (compatible; MSIE 7.0; Windows NT 6.1; Trident/5.0; SLCC2; .NET CLR 2.0.50727; .NET CLR 3.5.30729; .NET CLR 3.0.30729; Media Center PC 6.0; InfoPath.3; .NET4.0C; .NET4.0E)" 19434
192.168.12.237 - - [17/Feb/2013:06:51:29 +0600] "GET /pause/ajaxPause?pauseConfigId=&admin=0 HTTP/1.1" 200 987 "http://callider/pause/index" "Mozilla/4.0 (compatible; MSIE 7.0; Windows NT 6.1; Trident/5.0; SLCC2; .NET CLR 2.0.50727; .NET CLR 3.5.30729; .NET CLR 3.0.30729; Media Center PC 6.0; InfoPath.3; .NET4.0C; .NET4.0E)" 19895
192.168.74.78 - - [17/Feb/2013:06:51:29 +0600] "GET /pause/ajaxPause?pauseConfigId=&admin=0 HTTP/1.1" 200 986 "http://callider/pause/index" "Mozilla/4.0 (compatible; MSIE 7.0; Windows NT 6.1; WOW64; Trident/5.0; SLCC2; .NET CLR 2.0.50727; .NET CLR 3.5.30729; .NET CLR 3.0.30729; Media Center PC 6.0; InfoPath.3; .NET4.0C; MS-RTC LM 8; .NET4.0E)" 19555
192.168.12.60 - - [17/Feb/2013:06:51:29 +0600] "GET /pause/ajaxPause?pauseConfigId=&admin=0 HTTP/1.1" 200 986 "http://callider/pause/index" "Mozilla/4.0 (compatible; MSIE 8.0; Windows NT 6.1; Trident/4.0; InfoPath.3; .NET4.0C; MS-RTC LM 8; .NET4.0E)" 18444
192.168.12.204 - - [17/Feb/2013:06:51:29 +0600] "GET /pause/ajaxPause?pauseConfigId=&admin=0 HTTP/1.1" 200 986 "http://callider/pause/index" "Mozilla/4.0 (compatible; MSIE 7.0; Windows NT 6.1; WOW64; Trident/4.0; SLCC2; .NET CLR 2.0.50727; .NET CLR 3.5.30729; .NET CLR 3.0.30729; Media Center PC 6.0; InfoPath.3; .NET4.0C; .NET4.0E; .NET CLR 1.1.4322)" 18030
192.168.12.69 - - [17/Feb/2013:06:51:30 +0600] "GET /pause/ajaxPause?pauseConfigId=&admin=0 HTTP/1.1" 200 986 "http://callider/pause/index" "Mozilla/4.0 (compatible; MSIE 7.0; Windows NT 6.1; Trident/5.0; SLCC2; .NET CLR 2.0.50727; .NET CLR 3.5.30729; .NET CLR 3.0.30729; Media Center PC 6.0; InfoPath.3; .NET4.0C; .NET4.0E; Tablet PC 2.0; AskTbFXTV5/5.14.1.20007)" 19069
192.168.74.91 - - [17/Feb/2013:06:51:30 +0600] "GET /pause/ajaxPause?pauseConfigId=&admin=0 HTTP/1.1" 200 986 "http://callider/pause/index" "Mozilla/4.0 (compatible; MSIE 7.0; Windows NT 6.1; WOW64; Trident/5.0; SLCC2; .NET CLR 2.0.50727; .NET CLR 3.5.30729; .NET CLR 3.0.30729; Media Center PC 6.0; InfoPath.3; .NET4.0C; MS-RTC LM 8; .NET4.0E)" 16936
192.168.74.151 - - [17/Feb/2013:06:51:30 +0600] "GET /pause/ajaxPause?pauseConfigId=&admin=0 HTTP/1.1" 200 987 "http://callider.kontur/pause/index" "Mozilla/5.0 (Windows NT 6.1; WOW64; rv:18.0) Gecko/20100101 Firefox/18.0" 20078
192.168.12.210 - - [17/Feb/2013:06:51:30 +0600] "GET /pause/ajaxPause?pauseConfigId=all&admin=1 HTTP/1.1" 200 1047 "http://callider/pause/index" "Mozilla/4.0 (compatible; MSIE 7.0; Windows NT 6.1; WOW64; Trident/5.0; SLCC2; .NET CLR 2.0.50727; .NET CLR 3.5.30729; .NET CLR 3.0.30729; Media Center PC 6.0; InfoPath.3; .NET4.0C; .NET4.0E)" 21753
192.168.65.56 - - [17/Feb/2013:06:51:31 +0600] "GET /pause/ajaxPause?pauseConfigId=all&admin=1 HTTP/1.1" 200 1046 "http://192.168.65.101/pause/index" "Mozilla/5.0 (Windows NT 5.1; rv:15.0) Gecko/20100101 Firefox/15.0" 32820
192.168.12.61 - - [17/Feb/2013:06:51:32 +0600] "GET /pause/ajaxPause?pauseConfigId=&admin=0 HTTP/1.1" 200 985 "http://callider/pause/index" "Mozilla/4.0 (compatible; MSIE 7.0; Windows NT 6.1; Trident/5.0; SLCC2; .NET CLR 2.0.50727; .NET CLR 3.5.30729; .NET CLR 3.0.30729; Media Center PC 6.0; InfoPath.3; .NET4.0C; .NET4.0E)" 18130
192.168.12.237 - - [17/Feb/2013:06:51:34 +0600] "GET /pause/ajaxPause?pauseConfigId=&admin=0 HTTP/1.1" 200 987 "http://callider/pause/index" "Mozilla/4.0 (compatible; MSIE 7.0; Windows NT 6.1; Trident/5.0; SLCC2; .NET CLR 2.0.50727; .NET CLR 3.5.30729; .NET CLR 3.0.30729; Media Center PC 6.0; InfoPath.3; .NET4.0C; .NET4.0E)" 18916
192.168.74.78 - - [17/Feb/2013:06:51:34 +0600] "GET /pause/ajaxPause?pauseConfigId=&admin=0 HTTP/1.1" 200 986 "http://callider/pause/index" "Mozilla/4.0 (compatible; MSIE 7.0; Windows NT 6.1; WOW64; Trident/5.0; SLCC2; .NET CLR 2.0.50727; .NET CLR 3.5.30729; .NET CLR 3.0.30729; Media Center PC 6.0; InfoPath.3; .NET4.0C; MS-RTC LM 8; .NET4.0E)" 18426
192.168.12.60 - - [17/Feb/2013:06:51:34 +0600] "GET /pause/ajaxPause?pauseConfigId=&admin=0 HTTP/1.1" 200 986 "http://callider/pause/index" "Mozilla/4.0 (compatible; MSIE 8.0; Windows NT 6.1; Trident/4.0; InfoPath.3; .NET4.0C; MS-RTC LM 8; .NET4.0E)" 17150
192.168.12.67 - - [17/Feb/2013:06:51:34 +0600] "GET /tv/useUser HTTP/1.1" 200 432 "http://callider/graph/personal" "Mozilla/4.0 (compatible; MSIE 7.0; Windows NT 6.1; Trident/5.0; SLCC2; .NET CLR 2.0.50727; .NET CLR 3.5.30729; .NET CLR 3.0.30729; Media Center PC 6.0; .NET4.0C; .NET4.0E; InfoPath.3; Tablet PC 2.0; MS-RTC LM 8)" 17175
192.168.12.204 - - [17/Feb/2013:06:51:34 +0600] "GET /pause/ajaxPause?pauseConfigId=&admin=0 HTTP/1.1" 200 986 "http://callider/pause/index" "Mozilla/4.0 (compatible; MSIE 7.0; Windows NT 6.1; WOW64; Trident/4.0; SLCC2; .NET CLR 2.0.50727; .NET CLR 3.5.30729; .NET CLR 3.0.30729; Media Center PC 6.0; InfoPath.3; .NET4.0C; .NET4.0E; .NET CLR 1.1.4322)" 17342
192.168.12.69 - - [17/Feb/2013:06:51:35 +0600] "GET /pause/ajaxPause?pauseConfigId=&admin=0 HTTP/1.1" 200 986 "http://callider/pause/index" "Mozilla/4.0 (compatible; MSIE 7.0; Windows NT 6.1; Trident/5.0; SLCC2; .NET CLR 2.0.50727; .NET CLR 3.5.30729; .NET CLR 3.0.30729; Media Center PC 6.0; InfoPath.3; .NET4.0C; .NET4.0E; Tablet PC 2.0; AskTbFXTV5/5.14.1.20007)" 18221
192.168.74.91 - - [17/Feb/2013:06:51:35 +0600] "GET /pause/ajaxPause?pauseConfigId=&admin=0 HTTP/1.1" 200 986 "http://callider/pause/index" "Mozilla/4.0 (compatible; MSIE 7.0; Windows NT 6.1; WOW64; Trident/5.0; SLCC2; .NET CLR 2.0.50727; .NET CLR 3.5.30729; .NET CLR 3.0.30729; Media Center PC 6.0; InfoPath.3; .NET4.0C; MS-RTC LM 8; .NET4.0E)" 22374
192.168.74.151 - - [17/Feb/2013:06:51:35 +0600] "GET /pause/ajaxPause?pauseConfigId=&admin=0 HTTP/1.1" 200 987 "http://callider.kontur/pause/index" "Mozilla/5.0 (Windows NT 6.1; WOW64; rv:18.0) Gecko/20100101 Firefox/18.0" 18122
192.168.12.210 - - [17/Feb/2013:06:51:35 +0600] "GET /pause/ajaxPause?pauseConfigId=all&admin=1 HTTP/1.1" 200 1047 "http://callider/pause/index" "Mozilla/4.0 (compatible; MSIE 7.0; Windows NT 6.1; WOW64; Trident/5.0; SLCC2; .NET CLR 2.0.50727; .NET CLR 3.5.30729; .NET CLR 3.0.30729; Media Center PC 6.0; InfoPath.3; .NET4.0C; .NET4.0E)" 28745
192.168.65.56 - - [17/Feb/2013:06:51:36 +0600] "GET /pause/ajaxPause?pauseConfigId=all&admin=1 HTTP/1.1" 200 1046 "http://192.168.65.101/pause/index" "Mozilla/5.0 (Windows NT 5.1; rv:15.0) Gecko/20100101 Firefox/15.0" 30811
192.168.12.61 - - [17/Feb/2013:06:51:37 +0600] "GET /pause/ajaxPause?pauseConfigId=&admin=0 HTTP/1.1" 200 986 "http://callider/pause/index" "Mozilla/4.0 (compatible; MSIE 7.0; Windows NT 6.1; Trident/5.0; SLCC2; .NET CLR 2.0.50727; .NET CLR 3.5.30729; .NET CLR 3.0.30729; Media Center PC 6.0; InfoPath.3; .NET4.0C; .NET4.0E)" 25817
192.168.74.93 - - [17/Feb/2013:06:51:38 +0600] "GET /tv/useUser HTTP/1.1" 200 432 "http://callider/graph/personal" "Mozilla/4.0 (compatible; MSIE 7.0; Windows NT 6.1; WOW64; Trident/5.0; SLCC2; .NET CLR 2.0.50727; .NET CLR 3.5.30729; .NET CLR 3.0.30729; Media Center PC 6.0; InfoPath.3; .NET4.0C; .NET4.0E)" 15848
192.168.12.237 - - [17/Feb/2013:06:51:39 +0600] "GET /pause/ajaxPause?pauseConfigId=&admin=0 HTTP/1.1" 200 987 "http://callider/pause/index" "Mozilla/4.0 (compatible; MSIE 7.0; Windows NT 6.1; Trident/5.0; SLCC2; .NET CLR 2.0.50727; .NET CLR 3.5.30729; .NET CLR 3.0.30729; Media Center PC 6.0; InfoPath.3; .NET4.0C; .NET4.0E)" 25840
192.168.12.210 - - [17/Feb/2013:06:51:39 +0600] "GET /tv/useUser HTTP/1.1" 200 431 "http://callider/graph/general" "Mozilla/4.0 (compatible; MSIE 7.0; Windows NT 6.1; WOW64; Trident/5.0; SLCC2; .NET CLR 2.0.50727; .NET CLR 3.5.30729; .NET CLR 3.0.30729; Media Center PC 6.0; InfoPath.3; .NET4.0C; .NET4.0E)" 11469
192.168.74.78 - - [17/Feb/2013:06:51:39 +0600] "GET /pause/ajaxPause?pauseConfigId=&admin=0 HTTP/1.1" 200 986 "http://callider/pause/index" "Mozilla/4.0 (compatible; MSIE 7.0; Windows NT 6.1; WOW64; Trident/5.0; SLCC2; .NET CLR 2.0.50727; .NET CLR 3.5.30729; .NET CLR 3.0.30729; Media Center PC 6.0; InfoPath.3; .NET4.0C; MS-RTC LM 8; .NET4.0E)" 23893
192.168.12.60 - - [17/Feb/2013:06:51:39 +0600] "GET /pause/ajaxPause?pauseConfigId=&admin=0 HTTP/1.1" 200 986 "http://callider/pause/index" "Mozilla/4.0 (compatible; MSIE 8.0; Windows NT 6.1; Trident/4.0; InfoPath.3; .NET4.0C; MS-RTC LM 8; .NET4.0E)" 20140
192.168.12.204 - - [17/Feb/2013:06:51:39 +0600] "GET /pause/ajaxPause?pauseConfigId=&admin=0 HTTP/1.1" 200 986 "http://callider/pause/index" "Mozilla/4.0 (compatible; MSIE 7.0; Windows NT 6.1; WOW64; Trident/4.0; SLCC2; .NET CLR 2.0.50727; .NET CLR 3.5.30729; .NET CLR 3.0.30729; Media Center PC 6.0; InfoPath.3; .NET4.0C; .NET4.0E; .NET CLR 1.1.4322)" 20446
192.168.12.69 - - [17/Feb/2013:06:51:40 +0600] "GET /pause/ajaxPause?pauseConfigId=&admin=0 HTTP/1.1" 200 986 "http://callider/pause/index" "Mozilla/4.0 (compatible; MSIE 7.0; Windows NT 6.1; Trident/5.0; SLCC2; .NET CLR 2.0.50727; .NET CLR 3.5.30729; .NET CLR 3.0.30729; Media Center PC 6.0; InfoPath.3; .NET4.0C; .NET4.0E; Tablet PC 2.0; AskTbFXTV5/5.14.1.20007)" 18296
192.168.74.91 - - [17/Feb/2013:06:51:40 +0600] "GET /pause/ajaxPause?pauseConfigId=&admin=0 HTTP/1.1" 200 986 "http://callider/pause/index" "Mozilla/4.0 (compatible; MSIE 7.0; Windows NT 6.1; WOW64; Trident/5.0; SLCC2; .NET CLR 2.0.50727; .NET CLR 3.5.30729; .NET CLR 3.0.30729; Media Center PC 6.0; InfoPath.3; .NET4.0C; MS-RTC LM 8; .NET4.0E)" 18495
192.168.74.151 - - [17/Feb/2013:06:51:40 +0600] "GET /pause/ajaxPause?pauseConfigId=&admin=0 HTTP/1.1" 200 987 "http://callider.kontur/pause/index" "Mozilla/5.0 (Windows NT 6.1; WOW64; rv:18.0) Gecko/20100101 Firefox/18.0" 17166
192.168.12.210 - - [17/Feb/2013:06:51:40 +0600] "GET /pause/ajaxPause?pauseConfigId=all&admin=1 HTTP/1.1" 200 1047 "http://callider/pause/index" "Mozilla/4.0 (compatible; MSIE 7.0; Windows NT 6.1; WOW64; Trident/5.0; SLCC2; .NET CLR 2.0.50727; .NET CLR 3.5.30729; .NET CLR 3.0.30729; Media Center PC 6.0; InfoPath.3; .NET4.0C; .NET4.0E)" 21014
192.168.12.9 - - [17/Feb/2013:06:51:41 +0600] "GET /tv/useUser HTTP/1.1" 200 432 "http://callider.kontur/site/index" "Mozilla/5.0 (Windows NT 6.1; WOW64) AppleWebKit/537.17 (KHTML, like Gecko) Chrome/24.0.1312.57 Safari/537.17" 16016
192.168.65.56 - - [17/Feb/2013:06:51:41 +0600] "GET /pause/ajaxPause?pauseConfigId=all&admin=1 HTTP/1.1" 200 1046 "http://192.168.65.101/pause/index" "Mozilla/5.0 (Windows NT 5.1; rv:15.0) Gecko/20100101 Firefox/15.0" 44367
192.168.12.61 - - [17/Feb/2013:06:51:42 +0600] "GET /pause/ajaxPause?pauseConfigId=&admin=0 HTTP/1.1" 200 985 "http://callider/pause/index" "Mozilla/4.0 (compatible; MSIE 7.0; Windows NT 6.1; Trident/5.0; SLCC2; .NET CLR 2.0.50727; .NET CLR 3.5.30729; .NET CLR 3.0.30729; Media Center PC 6.0; InfoPath.3; .NET4.0C; .NET4.0E)" 19450
192.168.12.237 - - [17/Feb/2013:06:51:44 +0600] "GET /pause/ajaxPause?pauseConfigId=&admin=0 HTTP/1.1" 200 987 "http://callider/pause/index" "Mozilla/4.0 (compatible; MSIE 7.0; Windows NT 6.1; Trident/5.0; SLCC2; .NET CLR 2.0.50727; .NET CLR 3.5.30729; .NET CLR 3.0.30729; Media Center PC 6.0; InfoPath.3; .NET4.0C; .NET4.0E)" 27064
192.168.74.78 - - [17/Feb/2013:06:51:44 +0600] "GET /pause/ajaxPause?pauseConfigId=&admin=0 HTTP/1.1" 200 986 "http://callider/pause/index" "Mozilla/4.0 (compatible; MSIE 7.0; Windows NT 6.1; WOW64; Trident/5.0; SLCC2; .NET CLR 2.0.50727; .NET CLR 3.5.30729; .NET CLR 3.0.30729; Media Center PC 6.0; InfoPath.3; .NET4.0C; MS-RTC LM 8; .NET4.0E)" 20238
192.168.12.60 - - [17/Feb/2013:06:51:44 +0600] "GET /pause/ajaxPause?pauseConfigId=&admin=0 HTTP/1.1" 200 986 "http://callider/pause/index" "Mozilla/4.0 (compatible; MSIE 8.0; Windows NT 6.1; Trident/4.0; InfoPath.3; .NET4.0C; MS-RTC LM 8; .NET4.0E)" 19202
192.168.12.204 - - [17/Feb/2013:06:51:44 +0600] "GET /pause/ajaxPause?pauseConfigId=&admin=0 HTTP/1.1" 200 986 "http://callider/pause/index" "Mozilla/4.0 (compatible; MSIE 7.0; Windows NT 6.1; WOW64; Trident/4.0; SLCC2; .NET CLR 2.0.50727; .NET CLR 3.5.30729; .NET CLR 3.0.30729; Media Center PC 6.0; InfoPath.3; .NET4.0C; .NET4.0E; .NET CLR 1.1.4322)" 24055
192.168.12.69 - - [17/Feb/2013:06:51:45 +0600] "GET /pause/ajaxPause?pauseConfigId=&admin=0 HTTP/1.1" 200 986 "http://callider/pause/index" "Mozilla/4.0 (compatible; MSIE 7.0; Windows NT 6.1; Trident/5.0; SLCC2; .NET CLR 2.0.50727; .NET CLR 3.5.30729; .NET CLR 3.0.30729; Media Center PC 6.0; InfoPath.3; .NET4.0C; .NET4.0E; Tablet PC 2.0; AskTbFXTV5/5.14.1.20007)" 25256
192.168.74.91 - - [17/Feb/2013:06:51:45 +0600] "GET /pause/ajaxPause?pauseConfigId=&admin=0 HTTP/1.1" 200 986 "http://callider/pause/index" "Mozilla/4.0 (compatible; MSIE 7.0; Windows NT 6.1; WOW64; Trident/5.0; SLCC2; .NET CLR 2.0.50727; .NET CLR 3.5.30729; .NET CLR 3.0.30729; Media Center PC 6.0; InfoPath.3; .NET4.0C; MS-RTC LM 8; .NET4.0E)" 23057
192.168.74.151 - - [17/Feb/2013:06:51:45 +0600] "GET /pause/ajaxPause?pauseConfigId=&admin=0 HTTP/1.1" 200 987 "http://callider.kontur/pause/index" "Mozilla/5.0 (Windows NT 6.1; WOW64; rv:18.0) Gecko/20100101 Firefox/18.0" 17610
192.168.12.210 - - [17/Feb/2013:06:51:45 +0600] "GET /pause/ajaxPause?pauseConfigId=all&admin=1 HTTP/1.1" 200 1047 "http://callider/pause/index" "Mozilla/4.0 (compatible; MSIE 7.0; Windows NT 6.1; WOW64; Trident/5.0; SLCC2; .NET CLR 2.0.50727; .NET CLR 3.5.30729; .NET CLR 3.0.30729; Media Center PC 6.0; InfoPath.3; .NET4.0C; .NET4.0E)" 26187
192.168.65.56 - - [17/Feb/2013:06:51:46 +0600] "GET /pause/ajaxPause?pauseConfigId=all&admin=1 HTTP/1.1" 200 1046 "http://192.168.65.101/pause/index" "Mozilla/5.0 (Windows NT 5.1; rv:15.0) Gecko/20100101 Firefox/15.0" 30589
192.168.12.61 - - [17/Feb/2013:06:51:47 +0600] "GET /pause/ajaxPause?pauseConfigId=&admin=0 HTTP/1.1" 200 985 "http://callider/pause/index" "Mozilla/4.0 (compatible; MSIE 7.0; Windows NT 6.1; Trident/5.0; SLCC2; .NET CLR 2.0.50727; .NET CLR 3.5.30729; .NET CLR 3.0.30729; Media Center PC 6.0; InfoPath.3; .NET4.0C; .NET4.0E)" 18291
192.168.12.210 - - [17/Feb/2013:06:51:49 +0600] "GET /tv/useUser HTTP/1.1" 200 431 "http://callider/pause/index" "Mozilla/4.0 (compatible; MSIE 7.0; Windows NT 6.1; WOW64; Trident/5.0; SLCC2; .NET CLR 2.0.50727; .NET CLR 3.5.30729; .NET CLR 3.0.30729; Media Center PC 6.0; InfoPath.3; .NET4.0C; .NET4.0E)" 13491
192.168.12.237 - - [17/Feb/2013:06:51:49 +0600] "GET /pause/ajaxPause?pauseConfigId=&admin=0 HTTP/1.1" 200 987 "http://callider/pause/index" "Mozilla/4.0 (compatible; MSIE 7.0; Windows NT 6.1; Trident/5.0; SLCC2; .NET CLR 2.0.50727; .NET CLR 3.5.30729; .NET CLR 3.0.30729; Media Center PC 6.0; InfoPath.3; .NET4.0C; .NET4.0E)" 26242
192.168.74.78 - - [17/Feb/2013:06:51:49 +0600] "GET /pause/ajaxPause?pauseConfigId=&admin=0 HTTP/1.1" 200 986 "http://callider/pause/index" "Mozilla/4.0 (compatible; MSIE 7.0; Windows NT 6.1; WOW64; Trident/5.0; SLCC2; .NET CLR 2.0.50727; .NET CLR 3.5.30729; .NET CLR 3.0.30729; Media Center PC 6.0; InfoPath.3; .NET4.0C; MS-RTC LM 8; .NET4.0E)" 20834
192.168.12.60 - - [17/Feb/2013:06:51:49 +0600] "GET /pause/ajaxPause?pauseConfigId=&admin=0 HTTP/1.1" 200 986 "http://callider/pause/index" "Mozilla/4.0 (compatible; MSIE 8.0; Windows NT 6.1; Trident/4.0; InfoPath.3; .NET4.0C; MS-RTC LM 8; .NET4.0E)" 21391
192.168.12.204 - - [17/Feb/2013:06:51:49 +0600] "GET /pause/ajaxPause?pauseConfigId=&admin=0 HTTP/1.1" 200 986 "http://callider/pause/index" "Mozilla/4.0 (compatible; MSIE 7.0; Windows NT 6.1; WOW64; Trident/4.0; SLCC2; .NET CLR 2.0.50727; .NET CLR 3.5.30729; .NET CLR 3.0.30729; Media Center PC 6.0; InfoPath.3; .NET4.0C; .NET4.0E; .NET CLR 1.1.4322)" 22884
192.168.12.69 - - [17/Feb/2013:06:51:50 +0600] "GET /pause/ajaxPause?pauseConfigId=&admin=0 HTTP/1.1" 200 986 "http://callider/pause/index" "Mozilla/4.0 (compatible; MSIE 7.0; Windows NT 6.1; Trident/5.0; SLCC2; .NET CLR 2.0.50727; .NET CLR 3.5.30729; .NET CLR 3.0.30729; Media Center PC 6.0; InfoPath.3; .NET4.0C; .NET4.0E; Tablet PC 2.0; AskTbFXTV5/5.14.1.20007)" 20338
192.168.74.91 - - [17/Feb/2013:06:51:50 +0600] "GET /pause/ajaxPause?pauseConfigId=&admin=0 HTTP/1.1" 200 986 "http://callider/pause/index" "Mozilla/4.0 (compatible; MSIE 7.0; Windows NT 6.1; WOW64; Trident/5.0; SLCC2; .NET CLR 2.0.50727; .NET CLR 3.5.30729; .NET CLR 3.0.30729; Media Center PC 6.0; InfoPath.3; .NET4.0C; MS-RTC LM 8; .NET4.0E)" 19309
192.168.74.151 - - [17/Feb/2013:06:51:50 +0600] "GET /pause/ajaxPause?pauseConfigId=&admin=0 HTTP/1.1" 200 987 "http://callider.kontur/pause/index" "Mozilla/5.0 (Windows NT 6.1; WOW64; rv:18.0) Gecko/20100101 Firefox/18.0" 16536
192.168.12.210 - - [17/Feb/2013:06:51:50 +0600] "GET /pause/ajaxPause?pauseConfigId=all&admin=1 HTTP/1.1" 200 1047 "http://callider/pause/index" "Mozilla/4.0 (compatible; MSIE 7.0; Windows NT 6.1; WOW64; Trident/5.0; SLCC2; .NET CLR 2.0.50727; .NET CLR 3.5.30729; .NET CLR 3.0.30729; Media Center PC 6.0; InfoPath.3; .NET4.0C; .NET4.0E)" 22995
192.168.65.56 - - [17/Feb/2013:06:51:51 +0600] "GET /pause/ajaxPause?pauseConfigId=all&admin=1 HTTP/1.1" 200 1046 "http://192.168.65.101/pause/index" "Mozilla/5.0 (Windows NT 5.1; rv:15.0) Gecko/20100101 Firefox/15.0" 35754
192.168.65.56 - - [17/Feb/2013:06:51:51 +0600] "GET /tv/useUser HTTP/1.1" 200 431 "http://192.168.65.101/pause/index" "Mozilla/5.0 (Windows NT 5.1; rv:15.0) Gecko/20100101 Firefox/15.0" 11555
192.168.12.61 - - [17/Feb/2013:06:51:52 +0600] "GET /pause/ajaxPause?pauseConfigId=&admin=0 HTTP/1.1" 200 986 "http://callider/pause/index" "Mozilla/4.0 (compatible; MSIE 7.0; Windows NT 6.1; Trident/5.0; SLCC2; .NET CLR 2.0.50727; .NET CLR 3.5.30729; .NET CLR 3.0.30729; Media Center PC 6.0; InfoPath.3; .NET4.0C; .NET4.0E)" 30407
192.168.12.237 - - [17/Feb/2013:06:51:54 +0600] "GET /pause/ajaxPause?pauseConfigId=&admin=0 HTTP/1.1" 200 987 "http://callider/pause/index" "Mozilla/4.0 (compatible; MSIE 7.0; Windows NT 6.1; Trident/5.0; SLCC2; .NET CLR 2.0.50727; .NET CLR 3.5.30729; .NET CLR 3.0.30729; Media Center PC 6.0; InfoPath.3; .NET4.0C; .NET4.0E)" 19309
192.168.74.78 - - [17/Feb/2013:06:51:54 +0600] "GET /pause/ajaxPause?pauseConfigId=&admin=0 HTTP/1.1" 200 986 "http://callider/pause/index" "Mozilla/4.0 (compatible; MSIE 7.0; Windows NT 6.1; WOW64; Trident/5.0; SLCC2; .NET CLR 2.0.50727; .NET CLR 3.5.30729; .NET CLR 3.0.30729; Media Center PC 6.0; InfoPath.3; .NET4.0C; MS-RTC LM 8; .NET4.0E)" 38112
192.168.12.60 - - [17/Feb/2013:06:51:54 +0600] "GET /pause/ajaxPause?pauseConfigId=&admin=0 HTTP/1.1" 200 986 "http://callider/pause/index" "Mozilla/4.0 (compatible; MSIE 8.0; Windows NT 6.1; Trident/4.0; InfoPath.3; .NET4.0C; MS-RTC LM 8; .NET4.0E)" 17043
192.168.12.204 - - [17/Feb/2013:06:51:54 +0600] "GET /pause/ajaxPause?pauseConfigId=&admin=0 HTTP/1.1" 200 986 "http://callider/pause/index" "Mozilla/4.0 (compatible; MSIE 7.0; Windows NT 6.1; WOW64; Trident/4.0; SLCC2; .NET CLR 2.0.50727; .NET CLR 3.5.30729; .NET CLR 3.0.30729; Media Center PC 6.0; InfoPath.3; .NET4.0C; .NET4.0E; .NET CLR 1.1.4322)" 18728
192.168.12.69 - - [17/Feb/2013:06:51:55 +0600] "GET /pause/ajaxPause?pauseConfigId=&admin=0 HTTP/1.1" 200 986 "http://callider/pause/index" "Mozilla/4.0 (compatible; MSIE 7.0; Windows NT 6.1; Trident/5.0; SLCC2; .NET CLR 2.0.50727; .NET CLR 3.5.30729; .NET CLR 3.0.30729; Media Center PC 6.0; InfoPath.3; .NET4.0C; .NET4.0E; Tablet PC 2.0; AskTbFXTV5/5.14.1.20007)" 25375
192.168.74.91 - - [17/Feb/2013:06:51:55 +0600] "GET /pause/ajaxPause?pauseConfigId=&admin=0 HTTP/1.1" 200 986 "http://callider/pause/index" "Mozilla/4.0 (compatible; MSIE 7.0; Windows NT 6.1; WOW64; Trident/5.0; SLCC2; .NET CLR 2.0.50727; .NET CLR 3.5.30729; .NET CLR 3.0.30729; Media Center PC 6.0; InfoPath.3; .NET4.0C; MS-RTC LM 8; .NET4.0E)" 18747
192.168.74.151 - - [17/Feb/2013:06:51:55 +0600] "GET /pause/ajaxPause?pauseConfigId=&admin=0 HTTP/1.1" 200 987 "http://callider.kontur/pause/index" "Mozilla/5.0 (Windows NT 6.1; WOW64; rv:18.0) Gecko/20100101 Firefox/18.0" 22692
192.168.12.210 - - [17/Feb/2013:06:51:55 +0600] "GET /pause/ajaxPause?pauseConfigId=all&admin=1 HTTP/1.1" 200 1047 "http://callider/pause/index" "Mozilla/4.0 (compatible; MSIE 7.0; Windows NT 6.1; WOW64; Trident/5.0; SLCC2; .NET CLR 2.0.50727; .NET CLR 3.5.30729; .NET CLR 3.0.30729; Media Center PC 6.0; InfoPath.3; .NET4.0C; .NET4.0E)" 22699
192.168.65.56 - - [17/Feb/2013:06:51:56 +0600] "GET /pause/ajaxPause?pauseConfigId=all&admin=1 HTTP/1.1" 200 1046 "http://192.168.65.101/pause/index" "Mozilla/5.0 (Windows NT 5.1; rv:15.0) Gecko/20100101 Firefox/15.0" 28082
192.168.12.61 - - [17/Feb/2013:06:51:57 +0600] "GET /pause/ajaxPause?pauseConfigId=&admin=0 HTTP/1.1" 200 985 "http://callider/pause/index" "Mozilla/4.0 (compatible; MSIE 7.0; Windows NT 6.1; Trident/5.0; SLCC2; .NET CLR 2.0.50727; .NET CLR 3.5.30729; .NET CLR 3.0.30729; Media Center PC 6.0; InfoPath.3; .NET4.0C; .NET4.0E)" 21138
192.168.12.237 - - [17/Feb/2013:06:51:59 +0600] "GET /pause/ajaxPause?pauseConfigId=&admin=0 HTTP/1.1" 200 987 "http://callider/pause/index" "Mozilla/4.0 (compatible; MSIE 7.0; Windows NT 6.1; Trident/5.0; SLCC2; .NET CLR 2.0.50727; .NET CLR 3.5.30729; .NET CLR 3.0.30729; Media Center PC 6.0; InfoPath.3; .NET4.0C; .NET4.0E)" 21619
192.168.74.78 - - [17/Feb/2013:06:51:59 +0600] "GET /pause/ajaxPause?pauseConfigId=&admin=0 HTTP/1.1" 200 986 "http://callider/pause/index" "Mozilla/4.0 (compatible; MSIE 7.0; Windows NT 6.1; WOW64; Trident/5.0; SLCC2; .NET CLR 2.0.50727; .NET CLR 3.5.30729; .NET CLR 3.0.30729; Media Center PC 6.0; InfoPath.3; .NET4.0C; MS-RTC LM 8; .NET4.0E)" 19705
192.168.12.60 - - [17/Feb/2013:06:51:59 +0600] "GET /pause/ajaxPause?pauseConfigId=&admin=0 HTTP/1.1" 200 986 "http://callider/pause/index" "Mozilla/4.0 (compatible; MSIE 8.0; Windows NT 6.1; Trident/4.0; InfoPath.3; .NET4.0C; MS-RTC LM 8; .NET4.0E)" 20086
192.168.12.204 - - [17/Feb/2013:06:51:59 +0600] "GET /pause/ajaxPause?pauseConfigId=&admin=0 HTTP/1.1" 200 986 "http://callider/pause/index" "Mozilla/4.0 (compatible; MSIE 7.0; Windows NT 6.1; WOW64; Trident/4.0; SLCC2; .NET CLR 2.0.50727; .NET CLR 3.5.30729; .NET CLR 3.0.30729; Media Center PC 6.0; InfoPath.3; .NET4.0C; .NET4.0E; .NET CLR 1.1.4322)" 18426
192.168.64.119 - - [17/Feb/2013:06:52:00 +0600] "HEAD / HTTP/1.0" 302 435 "-" "WhatsUp/1.0" 14987
192.168.12.69 - - [17/Feb/2013:06:52:00 +0600] "GET /pause/ajaxPause?pauseConfigId=&admin=0 HTTP/1.1" 200 986 "http://callider/pause/index" "Mozilla/4.0 (compatible; MSIE 7.0; Windows NT 6.1; Trident/5.0; SLCC2; .NET CLR 2.0.50727; .NET CLR 3.5.30729; .NET CLR 3.0.30729; Media Center PC 6.0; InfoPath.3; .NET4.0C; .NET4.0E; Tablet PC 2.0; AskTbFXTV5/5.14.1.20007)" 21772
192.168.64.119 - - [17/Feb/2013:06:52:00 +0600] "GET / HTTP/1.1" 302 454 "-" "Mozilla/4.0 (compatible; MSIE 8.0; Windows NT 5.2; Trident/4.0)" 14737
192.168.64.119 - - [17/Feb/2013:06:52:00 +0600] "GET /site/login HTTP/1.1" 200 7423 "-" "Mozilla/4.0 (compatible; MSIE 8.0; Windows NT 5.2; Trident/4.0)" 26784
192.168.74.91 - - [17/Feb/2013:06:52:00 +0600] "GET /pause/ajaxPause?pauseConfigId=&admin=0 HTTP/1.1" 200 986 "http://callider/pause/index" "Mozilla/4.0 (compatible; MSIE 7.0; Windows NT 6.1; WOW64; Trident/5.0; SLCC2; .NET CLR 2.0.50727; .NET CLR 3.5.30729; .NET CLR 3.0.30729; Media Center PC 6.0; InfoPath.3; .NET4.0C; MS-RTC LM 8; .NET4.0E)" 21663
192.168.74.151 - - [17/Feb/2013:06:52:00 +0600] "GET /pause/ajaxPause?pauseConfigId=&admin=0 HTTP/1.1" 200 987 "http://callider.kontur/pause/index" "Mozilla/5.0 (Windows NT 6.1; WOW64; rv:18.0) Gecko/20100101 Firefox/18.0" 120107
192.168.12.210 - - [17/Feb/2013:06:52:00 +0600] "GET /pause/ajaxPause?pauseConfigId=all&admin=1 HTTP/1.1" 200 1047 "http://callider/pause/index" "Mozilla/4.0 (compatible; MSIE 7.0; Windows NT 6.1; WOW64; Trident/5.0; SLCC2; .NET CLR 2.0.50727; .NET CLR 3.5.30729; .NET CLR 3.0.30729; Media Center PC 6.0; InfoPath.3; .NET4.0C; .NET4.0E)" 59578
192.168.65.56 - - [17/Feb/2013:06:52:01 +0600] "GET /pause/ajaxPause?pauseConfigId=all&admin=1 HTTP/1.1" 200 1046 "http://192.168.65.101/pause/index" "Mozilla/5.0 (Windows NT 5.1; rv:15.0) Gecko/20100101 Firefox/15.0" 433503
192.168.12.61 - - [17/Feb/2013:06:52:02 +0600] "GET /pause/ajaxPause?pauseConfigId=&admin=0 HTTP/1.1" 200 985 "http://callider/pause/index" "Mozilla/4.0 (compatible; MSIE 7.0; Windows NT 6.1; Trident/5.0; SLCC2; .NET CLR 2.0.50727; .NET CLR 3.5.30729; .NET CLR 3.0.30729; Media Center PC 6.0; InfoPath.3; .NET4.0C; .NET4.0E)" 20784
192.168.12.237 - - [17/Feb/2013:06:52:04 +0600] "GET /pause/ajaxPause?pauseConfigId=&admin=0 HTTP/1.1" 200 987 "http://callider/pause/index" "Mozilla/4.0 (compatible; MSIE 7.0; Windows NT 6.1; Trident/5.0; SLCC2; .NET CLR 2.0.50727; .NET CLR 3.5.30729; .NET CLR 3.0.30729; Media Center PC 6.0; InfoPath.3; .NET4.0C; .NET4.0E)" 20102
192.168.74.78 - - [17/Feb/2013:06:52:04 +0600] "GET /pause/ajaxPause?pauseConfigId=&admin=0 HTTP/1.1" 200 986 "http://callider/pause/index" "Mozilla/4.0 (compatible; MSIE 7.0; Windows NT 6.1; WOW64; Trident/5.0; SLCC2; .NET CLR 2.0.50727; .NET CLR 3.5.30729; .NET CLR 3.0.30729; Media Center PC 6.0; InfoPath.3; .NET4.0C; MS-RTC LM 8; .NET4.0E)" 19468
192.168.12.60 - - [17/Feb/2013:06:52:04 +0600] "GET /pause/ajaxPause?pauseConfigId=&admin=0 HTTP/1.1" 200 986 "http://callider/pause/index" "Mozilla/4.0 (compatible; MSIE 8.0; Windows NT 6.1; Trident/4.0; InfoPath.3; .NET4.0C; MS-RTC LM 8; .NET4.0E)" 26282
192.168.12.204 - - [17/Feb/2013:06:52:04 +0600] "GET /pause/ajaxPause?pauseConfigId=&admin=0 HTTP/1.1" 200 986 "http://callider/pause/index" "Mozilla/4.0 (compatible; MSIE 7.0; Windows NT 6.1; WOW64; Trident/4.0; SLCC2; .NET CLR 2.0.50727; .NET CLR 3.5.30729; .NET CLR 3.0.30729; Media Center PC 6.0; InfoPath.3; .NET4.0C; .NET4.0E; .NET CLR 1.1.4322)" 18604
192.168.12.61 - - [17/Feb/2013:06:52:05 +0600] "GET /tv/useUser HTTP/1.1" 200 431 "http://callider/pause/index" "Mozilla/4.0 (compatible; MSIE 7.0; Windows NT 6.1; Trident/5.0; SLCC2; .NET CLR 2.0.50727; .NET CLR 3.5.30729; .NET CLR 3.0.30729; Media Center PC 6.0; InfoPath.3; .NET4.0C; .NET4.0E)" 12568
192.168.12.69 - - [17/Feb/2013:06:52:05 +0600] "GET /pause/ajaxPause?pauseConfigId=&admin=0 HTTP/1.1" 200 986 "http://callider/pause/index" "Mozilla/4.0 (compatible; MSIE 7.0; Windows NT 6.1; Trident/5.0; SLCC2; .NET CLR 2.0.50727; .NET CLR 3.5.30729; .NET CLR 3.0.30729; Media Center PC 6.0; InfoPath.3; .NET4.0C; .NET4.0E; Tablet PC 2.0; AskTbFXTV5/5.14.1.20007)" 149837
192.168.74.151 - - [17/Feb/2013:06:52:05 +0600] "GET /pause/ajaxPause?pauseConfigId=&admin=0 HTTP/1.1" 200 987 "http://callider.kontur/pause/index" "Mozilla/5.0 (Windows NT 6.1; WOW64; rv:18.0) Gecko/20100101 Firefox/18.0" 41636
192.168.74.91 - - [17/Feb/2013:06:52:05 +0600] "GET /pause/ajaxPause?pauseConfigId=&admin=0 HTTP/1.1" 200 986 "http://callider/pause/index" "Mozilla/4.0 (compatible; MSIE 7.0; Windows NT 6.1; WOW64; Trident/5.0; SLCC2; .NET CLR 2.0.50727; .NET CLR 3.5.30729; .NET CLR 3.0.30729; Media Center PC 6.0; InfoPath.3; .NET4.0C; MS-RTC LM 8; .NET4.0E)" 62597
192.168.12.210 - - [17/Feb/2013:06:52:05 +0600] "GET /pause/ajaxPause?pauseConfigId=all&admin=1 HTTP/1.1" 200 1047 "http://callider/pause/index" "Mozilla/4.0 (compatible; MSIE 7.0; Windows NT 6.1; WOW64; Trident/5.0; SLCC2; .NET CLR 2.0.50727; .NET CLR 3.5.30729; .NET CLR 3.0.30729; Media Center PC 6.0; InfoPath.3; .NET4.0C; .NET4.0E)" 22518
192.168.65.56 - - [17/Feb/2013:06:52:06 +0600] "GET /pause/ajaxPause?pauseConfigId=all&admin=1 HTTP/1.1" 200 1046 "http://192.168.65.101/pause/index" "Mozilla/5.0 (Windows NT 5.1; rv:15.0) Gecko/20100101 Firefox/15.0" 32918
192.168.12.61 - - [17/Feb/2013:06:52:07 +0600] "GET /pause/ajaxPause?pauseConfigId=&admin=0 HTTP/1.1" 200 985 "http://callider/pause/index" "Mozilla/4.0 (compatible; MSIE 7.0; Windows NT 6.1; Trident/5.0; SLCC2; .NET CLR 2.0.50727; .NET CLR 3.5.30729; .NET CLR 3.0.30729; Media Center PC 6.0; InfoPath.3; .NET4.0C; .NET4.0E)" 24731
192.168.12.237 - - [17/Feb/2013:06:52:09 +0600] "GET /pause/ajaxPause?pauseConfigId=&admin=0 HTTP/1.1" 200 987 "http://callider/pause/index" "Mozilla/4.0 (compatible; MSIE 7.0; Windows NT 6.1; Trident/5.0; SLCC2; .NET CLR 2.0.50727; .NET CLR 3.5.30729; .NET CLR 3.0.30729; Media Center PC 6.0; InfoPath.3; .NET4.0C; .NET4.0E)" 23876
192.168.74.78 - - [17/Feb/2013:06:52:09 +0600] "GET /pause/ajaxPause?pauseConfigId=&admin=0 HTTP/1.1" 200 986 "http://callider/pause/index" "Mozilla/4.0 (compatible; MSIE 7.0; Windows NT 6.1; WOW64; Trident/5.0; SLCC2; .NET CLR 2.0.50727; .NET CLR 3.5.30729; .NET CLR 3.0.30729; Media Center PC 6.0; InfoPath.3; .NET4.0C; MS-RTC LM 8; .NET4.0E)" 18269
192.168.12.60 - - [17/Feb/2013:06:52:09 +0600] "GET /pause/ajaxPause?pauseConfigId=&admin=0 HTTP/1.1" 200 986 "http://callider/pause/index" "Mozilla/4.0 (compatible; MSIE 8.0; Windows NT 6.1; Trident/4.0; InfoPath.3; .NET4.0C; MS-RTC LM 8; .NET4.0E)" 18939
192.168.12.204 - - [17/Feb/2013:06:52:09 +0600] "GET /pause/ajaxPause?pauseConfigId=&admin=0 HTTP/1.1" 200 986 "http://callider/pause/index" "Mozilla/4.0 (compatible; MSIE 7.0; Windows NT 6.1; WOW64; Trident/4.0; SLCC2; .NET CLR 2.0.50727; .NET CLR 3.5.30729; .NET CLR 3.0.30729; Media Center PC 6.0; InfoPath.3; .NET4.0C; .NET4.0E; .NET CLR 1.1.4322)" 20789
192.168.12.69 - - [17/Feb/2013:06:52:10 +0600] "GET /pause/ajaxPause?pauseConfigId=&admin=0 HTTP/1.1" 200 986 "http://callider/pause/index" "Mozilla/4.0 (compatible; MSIE 7.0; Windows NT 6.1; Trident/5.0; SLCC2; .NET CLR 2.0.50727; .NET CLR 3.5.30729; .NET CLR 3.0.30729; Media Center PC 6.0; InfoPath.3; .NET4.0C; .NET4.0E; Tablet PC 2.0; AskTbFXTV5/5.14.1.20007)" 23360
192.168.74.91 - - [17/Feb/2013:06:52:10 +0600] "GET /pause/ajaxPause?pauseConfigId=&admin=0 HTTP/1.1" 200 986 "http://callider/pause/index" "Mozilla/4.0 (compatible; MSIE 7.0; Windows NT 6.1; WOW64; Trident/5.0; SLCC2; .NET CLR 2.0.50727; .NET CLR 3.5.30729; .NET CLR 3.0.30729; Media Center PC 6.0; InfoPath.3; .NET4.0C; MS-RTC LM 8; .NET4.0E)" 22874
192.168.74.151 - - [17/Feb/2013:06:52:10 +0600] "GET /pause/ajaxPause?pauseConfigId=&admin=0 HTTP/1.1" 200 987 "http://callider.kontur/pause/index" "Mozilla/5.0 (Windows NT 6.1; WOW64; rv:18.0) Gecko/20100101 Firefox/18.0" 17945
192.168.12.210 - - [17/Feb/2013:06:52:10 +0600] "GET /pause/ajaxPause?pauseConfigId=all&admin=1 HTTP/1.1" 200 1047 "http://callider/pause/index" "Mozilla/4.0 (compatible; MSIE 7.0; Windows NT 6.1; WOW64; Trident/5.0; SLCC2; .NET CLR 2.0.50727; .NET CLR 3.5.30729; .NET CLR 3.0.30729; Media Center PC 6.0; InfoPath.3; .NET4.0C; .NET4.0E)" 21137
192.168.12.42 - - [17/Feb/2013:06:52:11 +0600] "GET /tv/useUser HTTP/1.1" 200 432 "http://callider/graph/personal" "Mozilla/4.0 (compatible; MSIE 7.0; Windows NT 6.1; WOW64; Trident/5.0; SLCC2; .NET CLR 2.0.50727; .NET CLR 3.5.30729; .NET CLR 3.0.30729; Media Center PC 6.0; InfoPath.3; .NET4.0C; .NET4.0E)" 25666
192.168.65.56 - - [17/Feb/2013:06:52:11 +0600] "GET /pause/ajaxPause?pauseConfigId=all&admin=1 HTTP/1.1" 200 1046 "http://192.168.65.101/pause/index" "Mozilla/5.0 (Windows NT 5.1; rv:15.0) Gecko/20100101 Firefox/15.0" 46542
192.168.12.61 - - [17/Feb/2013:06:52:12 +0600] "GET /pause/ajaxPause?pauseConfigId=&admin=0 HTTP/1.1" 200 985 "http://callider/pause/index" "Mozilla/4.0 (compatible; MSIE 7.0; Windows NT 6.1; Trident/5.0; SLCC2; .NET CLR 2.0.50727; .NET CLR 3.5.30729; .NET CLR 3.0.30729; Media Center PC 6.0; InfoPath.3; .NET4.0C; .NET4.0E)" 21460
192.168.74.151 - - [17/Feb/2013:06:52:13 +0600] "GET /tv/useUser HTTP/1.1" 200 431 "http://callider.kontur/graph/general" "Mozilla/5.0 (Windows NT 6.1; WOW64; rv:18.0) Gecko/20100101 Firefox/18.0" 12011
192.168.12.237 - - [17/Feb/2013:06:52:14 +0600] "GET /pause/ajaxPause?pauseConfigId=&admin=0 HTTP/1.1" 200 987 "http://callider/pause/index" "Mozilla/4.0 (compatible; MSIE 7.0; Windows NT 6.1; Trident/5.0; SLCC2; .NET CLR 2.0.50727; .NET CLR 3.5.30729; .NET CLR 3.0.30729; Media Center PC 6.0; InfoPath.3; .NET4.0C; .NET4.0E)" 18360
192.168.74.78 - - [17/Feb/2013:06:52:14 +0600] "GET /pause/ajaxPause?pauseConfigId=&admin=0 HTTP/1.1" 200 986 "http://callider/pause/index" "Mozilla/4.0 (compatible; MSIE 7.0; Windows NT 6.1; WOW64; Trident/5.0; SLCC2; .NET CLR 2.0.50727; .NET CLR 3.5.30729; .NET CLR 3.0.30729; Media Center PC 6.0; InfoPath.3; .NET4.0C; MS-RTC LM 8; .NET4.0E)" 18020
192.168.12.60 - - [17/Feb/2013:06:52:14 +0600] "GET /pause/ajaxPause?pauseConfigId=&admin=0 HTTP/1.1" 200 986 "http://callider/pause/index" "Mozilla/4.0 (compatible; MSIE 8.0; Windows NT 6.1; Trident/4.0; InfoPath.3; .NET4.0C; MS-RTC LM 8; .NET4.0E)" 24596
192.168.12.204 - - [17/Feb/2013:06:52:14 +0600] "GET /pause/ajaxPause?pauseConfigId=&admin=0 HTTP/1.1" 200 986 "http://callider/pause/index" "Mozilla/4.0 (compatible; MSIE 7.0; Windows NT 6.1; WOW64; Trident/4.0; SLCC2; .NET CLR 2.0.50727; .NET CLR 3.5.30729; .NET CLR 3.0.30729; Media Center PC 6.0; InfoPath.3; .NET4.0C; .NET4.0E; .NET CLR 1.1.4322)" 18799
192.168.12.69 - - [17/Feb/2013:06:52:15 +0600] "GET /pause/ajaxPause?pauseConfigId=&admin=0 HTTP/1.1" 200 986 "http://callider/pause/index" "Mozilla/4.0 (compatible; MSIE 7.0; Windows NT 6.1; Trident/5.0; SLCC2; .NET CLR 2.0.50727; .NET CLR 3.5.30729; .NET CLR 3.0.30729; Media Center PC 6.0; InfoPath.3; .NET4.0C; .NET4.0E; Tablet PC 2.0; AskTbFXTV5/5.14.1.20007)" 19841
192.168.74.91 - - [17/Feb/2013:06:52:15 +0600] "GET /pause/ajaxPause?pauseConfigId=&admin=0 HTTP/1.1" 200 986 "http://callider/pause/index" "Mozilla/4.0 (compatible; MSIE 7.0; Windows NT 6.1; WOW64; Trident/5.0; SLCC2; .NET CLR 2.0.50727; .NET CLR 3.5.30729; .NET CLR 3.0.30729; Media Center PC 6.0; InfoPath.3; .NET4.0C; MS-RTC LM 8; .NET4.0E)" 18813
192.168.74.151 - - [17/Feb/2013:06:52:15 +0600] "GET /pause/ajaxPause?pauseConfigId=&admin=0 HTTP/1.1" 200 987 "http://callider.kontur/pause/index" "Mozilla/5.0 (Windows NT 6.1; WOW64; rv:18.0) Gecko/20100101 Firefox/18.0" 19291
192.168.74.151 - - [17/Feb/2013:06:52:15 +0600] "GET /tv/useUser HTTP/1.1" 200 432 "http://callider.kontur/pause/index" "Mozilla/5.0 (Windows NT 6.1; WOW64; rv:18.0) Gecko/20100101 Firefox/18.0" 16699
192.168.12.210 - - [17/Feb/2013:06:52:15 +0600] "GET /pause/ajaxPause?pauseConfigId=all&admin=1 HTTP/1.1" 200 1047 "http://callider/pause/index" "Mozilla/4.0 (compatible; MSIE 7.0; Windows NT 6.1; WOW64; Trident/5.0; SLCC2; .NET CLR 2.0.50727; .NET CLR 3.5.30729; .NET CLR 3.0.30729; Media Center PC 6.0; InfoPath.3; .NET4.0C; .NET4.0E)" 21407
192.168.65.56 - - [17/Feb/2013:06:52:16 +0600] "GET /pause/ajaxPause?pauseConfigId=all&admin=1 HTTP/1.1" 200 1046 "http://192.168.65.101/pause/index" "Mozilla/5.0 (Windows NT 5.1; rv:15.0) Gecko/20100101 Firefox/15.0" 27903
192.168.12.61 - - [17/Feb/2013:06:52:17 +0600] "GET /pause/ajaxPause?pauseConfigId=&admin=0 HTTP/1.1" 200 985 "http://callider/pause/index" "Mozilla/4.0 (compatible; MSIE 7.0; Windows NT 6.1; Trident/5.0; SLCC2; .NET CLR 2.0.50727; .NET CLR 3.5.30729; .NET CLR 3.0.30729; Media Center PC 6.0; InfoPath.3; .NET4.0C; .NET4.0E)" 25147
192.168.12.237 - - [17/Feb/2013:06:52:19 +0600] "GET /pause/ajaxPause?pauseConfigId=&admin=0 HTTP/1.1" 200 987 "http://callider/pause/index" "Mozilla/4.0 (compatible; MSIE 7.0; Windows NT 6.1; Trident/5.0; SLCC2; .NET CLR 2.0.50727; .NET CLR 3.5.30729; .NET CLR 3.0.30729; Media Center PC 6.0; InfoPath.3; .NET4.0C; .NET4.0E)" 21312
192.168.74.78 - - [17/Feb/2013:06:52:19 +0600] "GET /pause/ajaxPause?pauseConfigId=&admin=0 HTTP/1.1" 200 986 "http://callider/pause/index" "Mozilla/4.0 (compatible; MSIE 7.0; Windows NT 6.1; WOW64; Trident/5.0; SLCC2; .NET CLR 2.0.50727; .NET CLR 3.5.30729; .NET CLR 3.0.30729; Media Center PC 6.0; InfoPath.3; .NET4.0C; MS-RTC LM 8; .NET4.0E)" 23460
192.168.12.60 - - [17/Feb/2013:06:52:19 +0600] "GET /pause/ajaxPause?pauseConfigId=&admin=0 HTTP/1.1" 200 986 "http://callider/pause/index" "Mozilla/4.0 (compatible; MSIE 8.0; Windows NT 6.1; Trident/4.0; InfoPath.3; .NET4.0C; MS-RTC LM 8; .NET4.0E)" 23223
192.168.12.10 - - [17/Feb/2013:06:52:19 +0600] "GET /tv/useUser HTTP/1.1" 200 432 "http://callider/graph/personal" "Mozilla/4.0 (compatible; MSIE 7.0; Windows NT 6.1; Trident/5.0; SLCC2; .NET CLR 2.0.50727; .NET CLR 3.5.30729; .NET CLR 3.0.30729; Media Center PC 6.0; InfoPath.3; .NET4.0C; .NET4.0E; Tablet PC 2.0; MS-RTC LM 8)" 19655
192.168.12.204 - - [17/Feb/2013:06:52:19 +0600] "GET /pause/ajaxPause?pauseConfigId=&admin=0 HTTP/1.1" 200 986 "http://callider/pause/index" "Mozilla/4.0 (compatible; MSIE 7.0; Windows NT 6.1; WOW64; Trident/4.0; SLCC2; .NET CLR 2.0.50727; .NET CLR 3.5.30729; .NET CLR 3.0.30729; Media Center PC 6.0; InfoPath.3; .NET4.0C; .NET4.0E; .NET CLR 1.1.4322)" 17934
192.168.12.108 - - [17/Feb/2013:06:52:19 +0600] "GET /tv/useUser HTTP/1.1" 200 432 "http://callider/index.php" "Mozilla/4.0 (compatible; MSIE 7.0; Windows NT 6.2; WOW64; Trident/6.0; .NET4.0E; .NET4.0C; InfoPath.3; .NET CLR 3.5.30729; .NET CLR 2.0.50727; .NET CLR 3.0.30729)" 15679
192.168.12.69 - - [17/Feb/2013:06:52:20 +0600] "GET /pause/ajaxPause?pauseConfigId=&admin=0 HTTP/1.1" 200 986 "http://callider/pause/index" "Mozilla/4.0 (compatible; MSIE 7.0; Windows NT 6.1; Trident/5.0; SLCC2; .NET CLR 2.0.50727; .NET CLR 3.5.30729; .NET CLR 3.0.30729; Media Center PC 6.0; InfoPath.3; .NET4.0C; .NET4.0E; Tablet PC 2.0; AskTbFXTV5/5.14.1.20007)" 20100
192.168.74.91 - - [17/Feb/2013:06:52:20 +0600] "GET /pause/ajaxPause?pauseConfigId=&admin=0 HTTP/1.1" 200 986 "http://callider/pause/index" "Mozilla/4.0 (compatible; MSIE 7.0; Windows NT 6.1; WOW64; Trident/5.0; SLCC2; .NET CLR 2.0.50727; .NET CLR 3.5.30729; .NET CLR 3.0.30729; Media Center PC 6.0; InfoPath.3; .NET4.0C; MS-RTC LM 8; .NET4.0E)" 23416
192.168.74.151 - - [17/Feb/2013:06:52:20 +0600] "GET /pause/ajaxPause?pauseConfigId=&admin=0 HTTP/1.1" 200 987 "http://callider.kontur/pause/index" "Mozilla/5.0 (Windows NT 6.1; WOW64; rv:18.0) Gecko/20100101 Firefox/18.0" 17526
192.168.12.210 - - [17/Feb/2013:06:52:20 +0600] "GET /pause/ajaxPause?pauseConfigId=all&admin=1 HTTP/1.1" 200 1047 "http://callider/pause/index" "Mozilla/4.0 (compatible; MSIE 7.0; Windows NT 6.1; WOW64; Trident/5.0; SLCC2; .NET CLR 2.0.50727; .NET CLR 3.5.30729; .NET CLR 3.0.30729; Media Center PC 6.0; InfoPath.3; .NET4.0C; .NET4.0E)" 99206
192.168.65.56 - - [17/Feb/2013:06:52:21 +0600] "GET /pause/ajaxPause?pauseConfigId=all&admin=1 HTTP/1.1" 200 1046 "http://192.168.65.101/pause/index" "Mozilla/5.0 (Windows NT 5.1; rv:15.0) Gecko/20100101 Firefox/15.0" 136437
192.168.12.61 - - [17/Feb/2013:06:52:23 +0600] "GET /pause/ajaxPause?pauseConfigId=&admin=0 HTTP/1.1" 200 986 "http://callider/pause/index" "Mozilla/4.0 (compatible; MSIE 7.0; Windows NT 6.1; Trident/5.0; SLCC2; .NET CLR 2.0.50727; .NET CLR 3.5.30729; .NET CLR 3.0.30729; Media Center PC 6.0; InfoPath.3; .NET4.0C; .NET4.0E)" 33482
192.168.12.237 - - [17/Feb/2013:06:52:24 +0600] "GET /pause/ajaxPause?pauseConfigId=&admin=0 HTTP/1.1" 200 987 "http://callider/pause/index" "Mozilla/4.0 (compatible; MSIE 7.0; Windows NT 6.1; Trident/5.0; SLCC2; .NET CLR 2.0.50727; .NET CLR 3.5.30729; .NET CLR 3.0.30729; Media Center PC 6.0; InfoPath.3; .NET4.0C; .NET4.0E)" 27412
192.168.74.78 - - [17/Feb/2013:06:52:24 +0600] "GET /pause/ajaxPause?pauseConfigId=&admin=0 HTTP/1.1" 200 986 "http://callider/pause/index" "Mozilla/4.0 (compatible; MSIE 7.0; Windows NT 6.1; WOW64; Trident/5.0; SLCC2; .NET CLR 2.0.50727; .NET CLR 3.5.30729; .NET CLR 3.0.30729; Media Center PC 6.0; InfoPath.3; .NET4.0C; MS-RTC LM 8; .NET4.0E)" 17077
192.168.12.60 - - [17/Feb/2013:06:52:24 +0600] "GET /pause/ajaxPause?pauseConfigId=&admin=0 HTTP/1.1" 200 986 "http://callider/pause/index" "Mozilla/4.0 (compatible; MSIE 8.0; Windows NT 6.1; Trident/4.0; InfoPath.3; .NET4.0C; MS-RTC LM 8; .NET4.0E)" 24263
192.168.12.204 - - [17/Feb/2013:06:52:24 +0600] "GET /pause/ajaxPause?pauseConfigId=&admin=0 HTTP/1.1" 200 986 "http://callider/pause/index" "Mozilla/4.0 (compatible; MSIE 7.0; Windows NT 6.1; WOW64; Trident/4.0; SLCC2; .NET CLR 2.0.50727; .NET CLR 3.5.30729; .NET CLR 3.0.30729; Media Center PC 6.0; InfoPath.3; .NET4.0C; .NET4.0E; .NET CLR 1.1.4322)" 22400
192.168.12.69 - - [17/Feb/2013:06:52:25 +0600] "GET /pause/ajaxPause?pauseConfigId=&admin=0 HTTP/1.1" 200 986 "http://callider/pause/index" "Mozilla/4.0 (compatible; MSIE 7.0; Windows NT 6.1; Trident/5.0; SLCC2; .NET CLR 2.0.50727; .NET CLR 3.5.30729; .NET CLR 3.0.30729; Media Center PC 6.0; InfoPath.3; .NET4.0C; .NET4.0E; Tablet PC 2.0; AskTbFXTV5/5.14.1.20007)" 34780
192.168.74.91 - - [17/Feb/2013:06:52:25 +0600] "GET /pause/ajaxPause?pauseConfigId=&admin=0 HTTP/1.1" 200 986 "http://callider/pause/index" "Mozilla/4.0 (compatible; MSIE 7.0; Windows NT 6.1; WOW64; Trident/5.0; SLCC2; .NET CLR 2.0.50727; .NET CLR 3.5.30729; .NET CLR 3.0.30729; Media Center PC 6.0; InfoPath.3; .NET4.0C; MS-RTC LM 8; .NET4.0E)" 19935
192.168.74.151 - - [17/Feb/2013:06:52:25 +0600] "GET /pause/ajaxPause?pauseConfigId=&admin=0 HTTP/1.1" 200 987 "http://callider.kontur/pause/index" "Mozilla/5.0 (Windows NT 6.1; WOW64; rv:18.0) Gecko/20100101 Firefox/18.0" 22926
192.168.12.210 - - [17/Feb/2013:06:52:25 +0600] "GET /pause/ajaxPause?pauseConfigId=all&admin=1 HTTP/1.1" 200 1047 "http://callider/pause/index" "Mozilla/4.0 (compatible; MSIE 7.0; Windows NT 6.1; WOW64; Trident/5.0; SLCC2; .NET CLR 2.0.50727; .NET CLR 3.5.30729; .NET CLR 3.0.30729; Media Center PC 6.0; InfoPath.3; .NET4.0C; .NET4.0E)" 24128
192.168.65.56 - - [17/Feb/2013:06:52:26 +0600] "GET /pause/ajaxPause?pauseConfigId=all&admin=1 HTTP/1.1" 200 1046 "http://192.168.65.101/pause/index" "Mozilla/5.0 (Windows NT 5.1; rv:15.0) Gecko/20100101 Firefox/15.0" 29769
192.168.12.61 - - [17/Feb/2013:06:52:27 +0600] "GET /pause/ajaxPause?pauseConfigId=&admin=0 HTTP/1.1" 200 985 "http://callider/pause/index" "Mozilla/4.0 (compatible; MSIE 7.0; Windows NT 6.1; Trident/5.0; SLCC2; .NET CLR 2.0.50727; .NET CLR 3.5.30729; .NET CLR 3.0.30729; Media Center PC 6.0; InfoPath.3; .NET4.0C; .NET4.0E)" 36128
192.168.12.237 - - [17/Feb/2013:06:52:29 +0600] "GET /pause/ajaxPause?pauseConfigId=&admin=0 HTTP/1.1" 200 987 "http://callider/pause/index" "Mozilla/4.0 (compatible; MSIE 7.0; Windows NT 6.1; Trident/5.0; SLCC2; .NET CLR 2.0.50727; .NET CLR 3.5.30729; .NET CLR 3.0.30729; Media Center PC 6.0; InfoPath.3; .NET4.0C; .NET4.0E)" 19877
192.168.74.78 - - [17/Feb/2013:06:52:29 +0600] "GET /pause/ajaxPause?pauseConfigId=&admin=0 HTTP/1.1" 200 986 "http://callider/pause/index" "Mozilla/4.0 (compatible; MSIE 7.0; Windows NT 6.1; WOW64; Trident/5.0; SLCC2; .NET CLR 2.0.50727; .NET CLR 3.5.30729; .NET CLR 3.0.30729; Media Center PC 6.0; InfoPath.3; .NET4.0C; MS-RTC LM 8; .NET4.0E)" 20272
192.168.12.60 - - [17/Feb/2013:06:52:29 +0600] "GET /pause/ajaxPause?pauseConfigId=&admin=0 HTTP/1.1" 200 986 "http://callider/pause/index" "Mozilla/4.0 (compatible; MSIE 8.0; Windows NT 6.1; Trident/4.0; InfoPath.3; .NET4.0C; MS-RTC LM 8; .NET4.0E)" 20562
192.168.12.204 - - [17/Feb/2013:06:52:29 +0600] "GET /pause/ajaxPause?pauseConfigId=&admin=0 HTTP/1.1" 200 986 "http://callider/pause/index" "Mozilla/4.0 (compatible; MSIE 7.0; Windows NT 6.1; WOW64; Trident/4.0; SLCC2; .NET CLR 2.0.50727; .NET CLR 3.5.30729; .NET CLR 3.0.30729; Media Center PC 6.0; InfoPath.3; .NET4.0C; .NET4.0E; .NET CLR 1.1.4322)" 21491
192.168.12.69 - - [17/Feb/2013:06:52:30 +0600] "GET /pause/ajaxPause?pauseConfigId=&admin=0 HTTP/1.1" 200 986 "http://callider/pause/index" "Mozilla/4.0 (compatible; MSIE 7.0; Windows NT 6.1; Trident/5.0; SLCC2; .NET CLR 2.0.50727; .NET CLR 3.5.30729; .NET CLR 3.0.30729; Media Center PC 6.0; InfoPath.3; .NET4.0C; .NET4.0E; Tablet PC 2.0; AskTbFXTV5/5.14.1.20007)" 18990
192.168.74.91 - - [17/Feb/2013:06:52:30 +0600] "GET /pause/ajaxPause?pauseConfigId=&admin=0 HTTP/1.1" 200 986 "http://callider/pause/index" "Mozilla/4.0 (compatible; MSIE 7.0; Windows NT 6.1; WOW64; Trident/5.0; SLCC2; .NET CLR 2.0.50727; .NET CLR 3.5.30729; .NET CLR 3.0.30729; Media Center PC 6.0; InfoPath.3; .NET4.0C; MS-RTC LM 8; .NET4.0E)" 23940
192.168.74.151 - - [17/Feb/2013:06:52:30 +0600] "GET /pause/ajaxPause?pauseConfigId=&admin=0 HTTP/1.1" 200 987 "http://callider.kontur/pause/index" "Mozilla/5.0 (Windows NT 6.1; WOW64; rv:18.0) Gecko/20100101 Firefox/18.0" 19111
192.168.12.210 - - [17/Feb/2013:06:52:30 +0600] "GET /pause/ajaxPause?pauseConfigId=all&admin=1 HTTP/1.1" 200 1047 "http://callider/pause/index" "Mozilla/4.0 (compatible; MSIE 7.0; Windows NT 6.1; WOW64; Trident/5.0; SLCC2; .NET CLR 2.0.50727; .NET CLR 3.5.30729; .NET CLR 3.0.30729; Media Center PC 6.0; InfoPath.3; .NET4.0C; .NET4.0E)" 23851
192.168.65.56 - - [17/Feb/2013:06:52:31 +0600] "GET /pause/ajaxPause?pauseConfigId=all&admin=1 HTTP/1.1" 200 1046 "http://192.168.65.101/pause/index" "Mozilla/5.0 (Windows NT 5.1; rv:15.0) Gecko/20100101 Firefox/15.0" 28018
192.168.12.61 - - [17/Feb/2013:06:52:32 +0600] "GET /pause/ajaxPause?pauseConfigId=&admin=0 HTTP/1.1" 200 985 "http://callider/pause/index" "Mozilla/4.0 (compatible; MSIE 7.0; Windows NT 6.1; Trident/5.0; SLCC2; .NET CLR 2.0.50727; .NET CLR 3.5.30729; .NET CLR 3.0.30729; Media Center PC 6.0; InfoPath.3; .NET4.0C; .NET4.0E)" 18783
192.168.12.237 - - [17/Feb/2013:06:52:34 +0600] "GET /pause/ajaxPause?pauseConfigId=&admin=0 HTTP/1.1" 200 987 "http://callider/pause/index" "Mozilla/4.0 (compatible; MSIE 7.0; Windows NT 6.1; Trident/5.0; SLCC2; .NET CLR 2.0.50727; .NET CLR 3.5.30729; .NET CLR 3.0.30729; Media Center PC 6.0; InfoPath.3; .NET4.0C; .NET4.0E)" 19111
192.168.74.78 - - [17/Feb/2013:06:52:34 +0600] "GET /pause/ajaxPause?pauseConfigId=&admin=0 HTTP/1.1" 200 986 "http://callider/pause/index" "Mozilla/4.0 (compatible; MSIE 7.0; Windows NT 6.1; WOW64; Trident/5.0; SLCC2; .NET CLR 2.0.50727; .NET CLR 3.5.30729; .NET CLR 3.0.30729; Media Center PC 6.0; InfoPath.3; .NET4.0C; MS-RTC LM 8; .NET4.0E)" 23114
192.168.12.60 - - [17/Feb/2013:06:52:34 +0600] "GET /pause/ajaxPause?pauseConfigId=&admin=0 HTTP/1.1" 200 986 "http://callider/pause/index" "Mozilla/4.0 (compatible; MSIE 8.0; Windows NT 6.1; Trident/4.0; InfoPath.3; .NET4.0C; MS-RTC LM 8; .NET4.0E)" 23080
192.168.12.67 - - [17/Feb/2013:06:52:34 +0600] "GET /tv/useUser HTTP/1.1" 200 432 "http://callider/graph/personal" "Mozilla/4.0 (compatible; MSIE 7.0; Windows NT 6.1; Trident/5.0; SLCC2; .NET CLR 2.0.50727; .NET CLR 3.5.30729; .NET CLR 3.0.30729; Media Center PC 6.0; .NET4.0C; .NET4.0E; InfoPath.3; Tablet PC 2.0; MS-RTC LM 8)" 18349
192.168.12.204 - - [17/Feb/2013:06:52:34 +0600] "GET /pause/ajaxPause?pauseConfigId=&admin=0 HTTP/1.1" 200 986 "http://callider/pause/index" "Mozilla/4.0 (compatible; MSIE 7.0; Windows NT 6.1; WOW64; Trident/4.0; SLCC2; .NET CLR 2.0.50727; .NET CLR 3.5.30729; .NET CLR 3.0.30729; Media Center PC 6.0; InfoPath.3; .NET4.0C; .NET4.0E; .NET CLR 1.1.4322)" 24221
192.168.12.69 - - [17/Feb/2013:06:52:35 +0600] "GET /pause/ajaxPause?pauseConfigId=&admin=0 HTTP/1.1" 200 986 "http://callider/pause/index" "Mozilla/4.0 (compatible; MSIE 7.0; Windows NT 6.1; Trident/5.0; SLCC2; .NET CLR 2.0.50727; .NET CLR 3.5.30729; .NET CLR 3.0.30729; Media Center PC 6.0; InfoPath.3; .NET4.0C; .NET4.0E; Tablet PC 2.0; AskTbFXTV5/5.14.1.20007)" 18139
192.168.74.91 - - [17/Feb/2013:06:52:35 +0600] "GET /pause/ajaxPause?pauseConfigId=&admin=0 HTTP/1.1" 200 986 "http://callider/pause/index" "Mozilla/4.0 (compatible; MSIE 7.0; Windows NT 6.1; WOW64; Trident/5.0; SLCC2; .NET CLR 2.0.50727; .NET CLR 3.5.30729; .NET CLR 3.0.30729; Media Center PC 6.0; InfoPath.3; .NET4.0C; MS-RTC LM 8; .NET4.0E)" 19773
192.168.74.151 - - [17/Feb/2013:06:52:35 +0600] "GET /pause/ajaxPause?pauseConfigId=&admin=0 HTTP/1.1" 200 987 "http://callider.kontur/pause/index" "Mozilla/5.0 (Windows NT 6.1; WOW64; rv:18.0) Gecko/20100101 Firefox/18.0" 22292
192.168.12.210 - - [17/Feb/2013:06:52:35 +0600] "GET /pause/ajaxPause?pauseConfigId=all&admin=1 HTTP/1.1" 200 1047 "http://callider/pause/index" "Mozilla/4.0 (compatible; MSIE 7.0; Windows NT 6.1; WOW64; Trident/5.0; SLCC2; .NET CLR 2.0.50727; .NET CLR 3.5.30729; .NET CLR 3.0.30729; Media Center PC 6.0; InfoPath.3; .NET4.0C; .NET4.0E)" 22289
192.168.65.56 - - [17/Feb/2013:06:52:36 +0600] "GET /pause/ajaxPause?pauseConfigId=all&admin=1 HTTP/1.1" 200 1046 "http://192.168.65.101/pause/index" "Mozilla/5.0 (Windows NT 5.1; rv:15.0) Gecko/20100101 Firefox/15.0" 50673
192.168.12.61 - - [17/Feb/2013:06:52:38 +0600] "GET /pause/ajaxPause?pauseConfigId=&admin=0 HTTP/1.1" 200 986 "http://callider/pause/index" "Mozilla/4.0 (compatible; MSIE 7.0; Windows NT 6.1; Trident/5.0; SLCC2; .NET CLR 2.0.50727; .NET CLR 3.5.30729; .NET CLR 3.0.30729; Media Center PC 6.0; InfoPath.3; .NET4.0C; .NET4.0E)" 32017
192.168.74.93 - - [17/Feb/2013:06:52:38 +0600] "GET /tv/useUser HTTP/1.1" 200 432 "http://callider/graph/personal" "Mozilla/4.0 (compatible; MSIE 7.0; Windows NT 6.1; WOW64; Trident/5.0; SLCC2; .NET CLR 2.0.50727; .NET CLR 3.5.30729; .NET CLR 3.0.30729; Media Center PC 6.0; InfoPath.3; .NET4.0C; .NET4.0E)" 15883
192.168.12.237 - - [17/Feb/2013:06:52:39 +0600] "GET /pause/ajaxPause?pauseConfigId=&admin=0 HTTP/1.1" 200 987 "http://callider/pause/index" "Mozilla/4.0 (compatible; MSIE 7.0; Windows NT 6.1; Trident/5.0; SLCC2; .NET CLR 2.0.50727; .NET CLR 3.5.30729; .NET CLR 3.0.30729; Media Center PC 6.0; InfoPath.3; .NET4.0C; .NET4.0E)" 21815
192.168.12.210 - - [17/Feb/2013:06:52:39 +0600] "GET /tv/useUser HTTP/1.1" 200 431 "http://callider/graph/general" "Mozilla/4.0 (compatible; MSIE 7.0; Windows NT 6.1; WOW64; Trident/5.0; SLCC2; .NET CLR 2.0.50727; .NET CLR 3.5.30729; .NET CLR 3.0.30729; Media Center PC 6.0; InfoPath.3; .NET4.0C; .NET4.0E)" 10536
192.168.74.78 - - [17/Feb/2013:06:52:39 +0600] "GET /pause/ajaxPause?pauseConfigId=&admin=0 HTTP/1.1" 200 986 "http://callider/pause/index" "Mozilla/4.0 (compatible; MSIE 7.0; Windows NT 6.1; WOW64; Trident/5.0; SLCC2; .NET CLR 2.0.50727; .NET CLR 3.5.30729; .NET CLR 3.0.30729; Media Center PC 6.0; InfoPath.3; .NET4.0C; MS-RTC LM 8; .NET4.0E)" 20669
192.168.12.60 - - [17/Feb/2013:06:52:39 +0600] "GET /pause/ajaxPause?pauseConfigId=&admin=0 HTTP/1.1" 200 986 "http://callider/pause/index" "Mozilla/4.0 (compatible; MSIE 8.0; Windows NT 6.1; Trident/4.0; InfoPath.3; .NET4.0C; MS-RTC LM 8; .NET4.0E)" 19858
192.168.12.204 - - [17/Feb/2013:06:52:39 +0600] "GET /pause/ajaxPause?pauseConfigId=&admin=0 HTTP/1.1" 200 986 "http://callider/pause/index" "Mozilla/4.0 (compatible; MSIE 7.0; Windows NT 6.1; WOW64; Trident/4.0; SLCC2; .NET CLR 2.0.50727; .NET CLR 3.5.30729; .NET CLR 3.0.30729; Media Center PC 6.0; InfoPath.3; .NET4.0C; .NET4.0E; .NET CLR 1.1.4322)" 27352
192.168.12.69 - - [17/Feb/2013:06:52:40 +0600] "GET /pause/ajaxPause?pauseConfigId=&admin=0 HTTP/1.1" 200 986 "http://callider/pause/index" "Mozilla/4.0 (compatible; MSIE 7.0; Windows NT 6.1; Trident/5.0; SLCC2; .NET CLR 2.0.50727; .NET CLR 3.5.30729; .NET CLR 3.0.30729; Media Center PC 6.0; InfoPath.3; .NET4.0C; .NET4.0E; Tablet PC 2.0; AskTbFXTV5/5.14.1.20007)" 21031
192.168.74.91 - - [17/Feb/2013:06:52:40 +0600] "GET /pause/ajaxPause?pauseConfigId=&admin=0 HTTP/1.1" 200 986 "http://callider/pause/index" "Mozilla/4.0 (compatible; MSIE 7.0; Windows NT 6.1; WOW64; Trident/5.0; SLCC2; .NET CLR 2.0.50727; .NET CLR 3.5.30729; .NET CLR 3.0.30729; Media Center PC 6.0; InfoPath.3; .NET4.0C; MS-RTC LM 8; .NET4.0E)" 22829
192.168.74.151 - - [17/Feb/2013:06:52:40 +0600] "GET /pause/ajaxPause?pauseConfigId=&admin=0 HTTP/1.1" 200 987 "http://callider.kontur/pause/index" "Mozilla/5.0 (Windows NT 6.1; WOW64; rv:18.0) Gecko/20100101 Firefox/18.0" 22917
192.168.12.210 - - [17/Feb/2013:06:52:40 +0600] "GET /pause/ajaxPause?pauseConfigId=all&admin=1 HTTP/1.1" 200 1047 "http://callider/pause/index" "Mozilla/4.0 (compatible; MSIE 7.0; Windows NT 6.1; WOW64; Trident/5.0; SLCC2; .NET CLR 2.0.50727; .NET CLR 3.5.30729; .NET CLR 3.0.30729; Media Center PC 6.0; InfoPath.3; .NET4.0C; .NET4.0E)" 23028
192.168.12.9 - - [17/Feb/2013:06:52:41 +0600] "GET /tv/useUser HTTP/1.1" 200 432 "http://callider.kontur/site/index" "Mozilla/5.0 (Windows NT 6.1; WOW64) AppleWebKit/537.17 (KHTML, like Gecko) Chrome/24.0.1312.57 Safari/537.17" 17162
192.168.65.56 - - [17/Feb/2013:06:52:41 +0600] "GET /pause/ajaxPause?pauseConfigId=all&admin=1 HTTP/1.1" 200 1046 "http://192.168.65.101/pause/index" "Mozilla/5.0 (Windows NT 5.1; rv:15.0) Gecko/20100101 Firefox/15.0" 44597
192.168.12.61 - - [17/Feb/2013:06:52:43 +0600] "GET /pause/ajaxPause?pauseConfigId=&admin=0 HTTP/1.1" 200 985 "http://callider/pause/index" "Mozilla/4.0 (compatible; MSIE 7.0; Windows NT 6.1; Trident/5.0; SLCC2; .NET CLR 2.0.50727; .NET CLR 3.5.30729; .NET CLR 3.0.30729; Media Center PC 6.0; InfoPath.3; .NET4.0C; .NET4.0E)" 26209
192.168.12.237 - - [17/Feb/2013:06:52:44 +0600] "GET /pause/ajaxPause?pauseConfigId=&admin=0 HTTP/1.1" 200 987 "http://callider/pause/index" "Mozilla/4.0 (compatible; MSIE 7.0; Windows NT 6.1; Trident/5.0; SLCC2; .NET CLR 2.0.50727; .NET CLR 3.5.30729; .NET CLR 3.0.30729; Media Center PC 6.0; InfoPath.3; .NET4.0C; .NET4.0E)" 24601
192.168.74.78 - - [17/Feb/2013:06:52:44 +0600] "GET /pause/ajaxPause?pauseConfigId=&admin=0 HTTP/1.1" 200 986 "http://callider/pause/index" "Mozilla/4.0 (compatible; MSIE 7.0; Windows NT 6.1; WOW64; Trident/5.0; SLCC2; .NET CLR 2.0.50727; .NET CLR 3.5.30729; .NET CLR 3.0.30729; Media Center PC 6.0; InfoPath.3; .NET4.0C; MS-RTC LM 8; .NET4.0E)" 27732
192.168.12.60 - - [17/Feb/2013:06:52:44 +0600] "GET /pause/ajaxPause?pauseConfigId=&admin=0 HTTP/1.1" 200 986 "http://callider/pause/index" "Mozilla/4.0 (compatible; MSIE 8.0; Windows NT 6.1; Trident/4.0; InfoPath.3; .NET4.0C; MS-RTC LM 8; .NET4.0E)" 20128
192.168.12.204 - - [17/Feb/2013:06:52:44 +0600] "GET /pause/ajaxPause?pauseConfigId=&admin=0 HTTP/1.1" 200 986 "http://callider/pause/index" "Mozilla/4.0 (compatible; MSIE 7.0; Windows NT 6.1; WOW64; Trident/4.0; SLCC2; .NET CLR 2.0.50727; .NET CLR 3.5.30729; .NET CLR 3.0.30729; Media Center PC 6.0; InfoPath.3; .NET4.0C; .NET4.0E; .NET CLR 1.1.4322)" 18383
192.168.12.69 - - [17/Feb/2013:06:52:45 +0600] "GET /pause/ajaxPause?pauseConfigId=&admin=0 HTTP/1.1" 200 986 "http://callider/pause/index" "Mozilla/4.0 (compatible; MSIE 7.0; Windows NT 6.1; Trident/5.0; SLCC2; .NET CLR 2.0.50727; .NET CLR 3.5.30729; .NET CLR 3.0.30729; Media Center PC 6.0; InfoPath.3; .NET4.0C; .NET4.0E; Tablet PC 2.0; AskTbFXTV5/5.14.1.20007)" 25035
192.168.74.91 - - [17/Feb/2013:06:52:45 +0600] "GET /pause/ajaxPause?pauseConfigId=&admin=0 HTTP/1.1" 200 986 "http://callider/pause/index" "Mozilla/4.0 (compatible; MSIE 7.0; Windows NT 6.1; WOW64; Trident/5.0; SLCC2; .NET CLR 2.0.50727; .NET CLR 3.5.30729; .NET CLR 3.0.30729; Media Center PC 6.0; InfoPath.3; .NET4.0C; MS-RTC LM 8; .NET4.0E)" 18009
192.168.74.151 - - [17/Feb/2013:06:52:45 +0600] "GET /pause/ajaxPause?pauseConfigId=&admin=0 HTTP/1.1" 200 987 "http://callider.kontur/pause/index" "Mozilla/5.0 (Windows NT 6.1; WOW64; rv:18.0) Gecko/20100101 Firefox/18.0" 22357
192.168.12.210 - - [17/Feb/2013:06:52:45 +0600] "GET /pause/ajaxPause?pauseConfigId=all&admin=1 HTTP/1.1" 200 1047 "http://callider/pause/index" "Mozilla/4.0 (compatible; MSIE 7.0; Windows NT 6.1; WOW64; Trident/5.0; SLCC2; .NET CLR 2.0.50727; .NET CLR 3.5.30729; .NET CLR 3.0.30729; Media Center PC 6.0; InfoPath.3; .NET4.0C; .NET4.0E)" 23912
192.168.65.56 - - [17/Feb/2013:06:52:46 +0600] "GET /pause/ajaxPause?pauseConfigId=all&admin=1 HTTP/1.1" 200 1046 "http://192.168.65.101/pause/index" "Mozilla/5.0 (Windows NT 5.1; rv:15.0) Gecko/20100101 Firefox/15.0" 27689
192.168.12.61 - - [17/Feb/2013:06:52:48 +0600] "GET /pause/ajaxPause?pauseConfigId=&admin=0 HTTP/1.1" 200 985 "http://callider/pause/index" "Mozilla/4.0 (compatible; MSIE 7.0; Windows NT 6.1; Trident/5.0; SLCC2; .NET CLR 2.0.50727; .NET CLR 3.5.30729; .NET CLR 3.0.30729; Media Center PC 6.0; InfoPath.3; .NET4.0C; .NET4.0E)" 26015
192.168.12.210 - - [17/Feb/2013:06:52:49 +0600] "GET /tv/useUser HTTP/1.1" 200 431 "http://callider/pause/index" "Mozilla/4.0 (compatible; MSIE 7.0; Windows NT 6.1; WOW64; Trident/5.0; SLCC2; .NET CLR 2.0.50727; .NET CLR 3.5.30729; .NET CLR 3.0.30729; Media Center PC 6.0; InfoPath.3; .NET4.0C; .NET4.0E)" 13950
192.168.12.237 - - [17/Feb/2013:06:52:49 +0600] "GET /pause/ajaxPause?pauseConfigId=&admin=0 HTTP/1.1" 200 987 "http://callider/pause/index" "Mozilla/4.0 (compatible; MSIE 7.0; Windows NT 6.1; Trident/5.0; SLCC2; .NET CLR 2.0.50727; .NET CLR 3.5.30729; .NET CLR 3.0.30729; Media Center PC 6.0; InfoPath.3; .NET4.0C; .NET4.0E)" 112709
192.168.74.78 - - [17/Feb/2013:06:52:49 +0600] "GET /pause/ajaxPause?pauseConfigId=&admin=0 HTTP/1.1" 200 986 "http://callider/pause/index" "Mozilla/4.0 (compatible; MSIE 7.0; Windows NT 6.1; WOW64; Trident/5.0; SLCC2; .NET CLR 2.0.50727; .NET CLR 3.5.30729; .NET CLR 3.0.30729; Media Center PC 6.0; InfoPath.3; .NET4.0C; MS-RTC LM 8; .NET4.0E)" 21351
192.168.12.60 - - [17/Feb/2013:06:52:49 +0600] "GET /pause/ajaxPause?pauseConfigId=&admin=0 HTTP/1.1" 200 986 "http://callider/pause/index" "Mozilla/4.0 (compatible; MSIE 8.0; Windows NT 6.1; Trident/4.0; InfoPath.3; .NET4.0C; MS-RTC LM 8; .NET4.0E)" 184583
192.168.12.204 - - [17/Feb/2013:06:52:49 +0600] "GET /pause/ajaxPause?pauseConfigId=&admin=0 HTTP/1.1" 200 986 "http://callider/pause/index" "Mozilla/4.0 (compatible; MSIE 7.0; Windows NT 6.1; WOW64; Trident/4.0; SLCC2; .NET CLR 2.0.50727; .NET CLR 3.5.30729; .NET CLR 3.0.30729; Media Center PC 6.0; InfoPath.3; .NET4.0C; .NET4.0E; .NET CLR 1.1.4322)" 113511
192.168.12.69 - - [17/Feb/2013:06:52:50 +0600] "GET /pause/ajaxPause?pauseConfigId=&admin=0 HTTP/1.1" 200 986 "http://callider/pause/index" "Mozilla/4.0 (compatible; MSIE 7.0; Windows NT 6.1; Trident/5.0; SLCC2; .NET CLR 2.0.50727; .NET CLR 3.5.30729; .NET CLR 3.0.30729; Media Center PC 6.0; InfoPath.3; .NET4.0C; .NET4.0E; Tablet PC 2.0; AskTbFXTV5/5.14.1.20007)" 19397
192.168.74.91 - - [17/Feb/2013:06:52:50 +0600] "GET /pause/ajaxPause?pauseConfigId=&admin=0 HTTP/1.1" 200 986 "http://callider/pause/index" "Mozilla/4.0 (compatible; MSIE 7.0; Windows NT 6.1; WOW64; Trident/5.0; SLCC2; .NET CLR 2.0.50727; .NET CLR 3.5.30729; .NET CLR 3.0.30729; Media Center PC 6.0; InfoPath.3; .NET4.0C; MS-RTC LM 8; .NET4.0E)" 19798
192.168.74.151 - - [17/Feb/2013:06:52:50 +0600] "GET /pause/ajaxPause?pauseConfigId=&admin=0 HTTP/1.1" 200 987 "http://callider.kontur/pause/index" "Mozilla/5.0 (Windows NT 6.1; WOW64; rv:18.0) Gecko/20100101 Firefox/18.0" 16980
192.168.12.210 - - [17/Feb/2013:06:52:50 +0600] "GET /pause/ajaxPause?pauseConfigId=all&admin=1 HTTP/1.1" 200 1047 "http://callider/pause/index" "Mozilla/4.0 (compatible; MSIE 7.0; Windows NT 6.1; WOW64; Trident/5.0; SLCC2; .NET CLR 2.0.50727; .NET CLR 3.5.30729; .NET CLR 3.0.30729; Media Center PC 6.0; InfoPath.3; .NET4.0C; .NET4.0E)" 26058
192.168.65.56 - - [17/Feb/2013:06:52:51 +0600] "GET /pause/ajaxPause?pauseConfigId=all&admin=1 HTTP/1.1" 200 1046 "http://192.168.65.101/pause/index" "Mozilla/5.0 (Windows NT 5.1; rv:15.0) Gecko/20100101 Firefox/15.0" 34866
192.168.65.56 - - [17/Feb/2013:06:52:51 +0600] "GET /tv/useUser HTTP/1.1" 200 431 "http://192.168.65.101/pause/index" "Mozilla/5.0 (Windows NT 5.1; rv:15.0) Gecko/20100101 Firefox/15.0" 11137
192.168.12.61 - - [17/Feb/2013:06:52:52 +0600] "GET /pause/ajaxPause?pauseConfigId=&admin=0 HTTP/1.1" 200 985 "http://callider/pause/index" "Mozilla/4.0 (compatible; MSIE 7.0; Windows NT 6.1; Trident/5.0; SLCC2; .NET CLR 2.0.50727; .NET CLR 3.5.30729; .NET CLR 3.0.30729; Media Center PC 6.0; InfoPath.3; .NET4.0C; .NET4.0E)" 24619
192.168.12.237 - - [17/Feb/2013:06:52:54 +0600] "GET /pause/ajaxPause?pauseConfigId=&admin=0 HTTP/1.1" 200 987 "http://callider/pause/index" "Mozilla/4.0 (compatible; MSIE 7.0; Windows NT 6.1; Trident/5.0; SLCC2; .NET CLR 2.0.50727; .NET CLR 3.5.30729; .NET CLR 3.0.30729; Media Center PC 6.0; InfoPath.3; .NET4.0C; .NET4.0E)" 18853
192.168.74.78 - - [17/Feb/2013:06:52:54 +0600] "GET /pause/ajaxPause?pauseConfigId=&admin=0 HTTP/1.1" 200 986 "http://callider/pause/index" "Mozilla/4.0 (compatible; MSIE 7.0; Windows NT 6.1; WOW64; Trident/5.0; SLCC2; .NET CLR 2.0.50727; .NET CLR 3.5.30729; .NET CLR 3.0.30729; Media Center PC 6.0; InfoPath.3; .NET4.0C; MS-RTC LM 8; .NET4.0E)" 21810
192.168.12.60 - - [17/Feb/2013:06:52:54 +0600] "GET /pause/ajaxPause?pauseConfigId=&admin=0 HTTP/1.1" 200 986 "http://callider/pause/index" "Mozilla/4.0 (compatible; MSIE 8.0; Windows NT 6.1; Trident/4.0; InfoPath.3; .NET4.0C; MS-RTC LM 8; .NET4.0E)" 20111
192.168.12.204 - - [17/Feb/2013:06:52:54 +0600] "GET /pause/ajaxPause?pauseConfigId=&admin=0 HTTP/1.1" 200 986 "http://callider/pause/index" "Mozilla/4.0 (compatible; MSIE 7.0; Windows NT 6.1; WOW64; Trident/4.0; SLCC2; .NET CLR 2.0.50727; .NET CLR 3.5.30729; .NET CLR 3.0.30729; Media Center PC 6.0; InfoPath.3; .NET4.0C; .NET4.0E; .NET CLR 1.1.4322)" 20722
192.168.12.69 - - [17/Feb/2013:06:52:55 +0600] "GET /pause/ajaxPause?pauseConfigId=&admin=0 HTTP/1.1" 200 986 "http://callider/pause/index" "Mozilla/4.0 (compatible; MSIE 7.0; Windows NT 6.1; Trident/5.0; SLCC2; .NET CLR 2.0.50727; .NET CLR 3.5.30729; .NET CLR 3.0.30729; Media Center PC 6.0; InfoPath.3; .NET4.0C; .NET4.0E; Tablet PC 2.0; AskTbFXTV5/5.14.1.20007)" 17660
192.168.74.91 - - [17/Feb/2013:06:52:55 +0600] "GET /pause/ajaxPause?pauseConfigId=&admin=0 HTTP/1.1" 200 986 "http://callider/pause/index" "Mozilla/4.0 (compatible; MSIE 7.0; Windows NT 6.1; WOW64; Trident/5.0; SLCC2; .NET CLR 2.0.50727; .NET CLR 3.5.30729; .NET CLR 3.0.30729; Media Center PC 6.0; InfoPath.3; .NET4.0C; MS-RTC LM 8; .NET4.0E)" 29956
192.168.74.151 - - [17/Feb/2013:06:52:55 +0600] "GET /pause/ajaxPause?pauseConfigId=&admin=0 HTTP/1.1" 200 987 "http://callider.kontur/pause/index" "Mozilla/5.0 (Windows NT 6.1; WOW64; rv:18.0) Gecko/20100101 Firefox/18.0" 19926
192.168.12.210 - - [17/Feb/2013:06:52:55 +0600] "GET /pause/ajaxPause?pauseConfigId=all&admin=1 HTTP/1.1" 200 1047 "http://callider/pause/index" "Mozilla/4.0 (compatible; MSIE 7.0; Windows NT 6.1; WOW64; Trident/5.0; SLCC2; .NET CLR 2.0.50727; .NET CLR 3.5.30729; .NET CLR 3.0.30729; Media Center PC 6.0; InfoPath.3; .NET4.0C; .NET4.0E)" 22857
192.168.65.56 - - [17/Feb/2013:06:52:56 +0600] "GET /pause/ajaxPause?pauseConfigId=all&admin=1 HTTP/1.1" 200 1046 "http://192.168.65.101/pause/index" "Mozilla/5.0 (Windows NT 5.1; rv:15.0) Gecko/20100101 Firefox/15.0" 26435
192.168.12.61 - - [17/Feb/2013:06:52:58 +0600] "GET /pause/ajaxPause?pauseConfigId=&admin=0 HTTP/1.1" 200 985 "http://callider/pause/index" "Mozilla/4.0 (compatible; MSIE 7.0; Windows NT 6.1; Trident/5.0; SLCC2; .NET CLR 2.0.50727; .NET CLR 3.5.30729; .NET CLR 3.0.30729; Media Center PC 6.0; InfoPath.3; .NET4.0C; .NET4.0E)" 19733
192.168.12.237 - - [17/Feb/2013:06:52:59 +0600] "GET /pause/ajaxPause?pauseConfigId=&admin=0 HTTP/1.1" 200 987 "http://callider/pause/index" "Mozilla/4.0 (compatible; MSIE 7.0; Windows NT 6.1; Trident/5.0; SLCC2; .NET CLR 2.0.50727; .NET CLR 3.5.30729; .NET CLR 3.0.30729; Media Center PC 6.0; InfoPath.3; .NET4.0C; .NET4.0E)" 25023
192.168.74.78 - - [17/Feb/2013:06:52:59 +0600] "GET /pause/ajaxPause?pauseConfigId=&admin=0 HTTP/1.1" 200 986 "http://callider/pause/index" "Mozilla/4.0 (compatible; MSIE 7.0; Windows NT 6.1; WOW64; Trident/5.0; SLCC2; .NET CLR 2.0.50727; .NET CLR 3.5.30729; .NET CLR 3.0.30729; Media Center PC 6.0; InfoPath.3; .NET4.0C; MS-RTC LM 8; .NET4.0E)" 17313
192.168.12.60 - - [17/Feb/2013:06:52:59 +0600] "GET /pause/ajaxPause?pauseConfigId=&admin=0 HTTP/1.1" 200 986 "http://callider/pause/index" "Mozilla/4.0 (compatible; MSIE 8.0; Windows NT 6.1; Trident/4.0; InfoPath.3; .NET4.0C; MS-RTC LM 8; .NET4.0E)" 19705
192.168.12.204 - - [17/Feb/2013:06:52:59 +0600] "GET /pause/ajaxPause?pauseConfigId=&admin=0 HTTP/1.1" 200 986 "http://callider/pause/index" "Mozilla/4.0 (compatible; MSIE 7.0; Windows NT 6.1; WOW64; Trident/4.0; SLCC2; .NET CLR 2.0.50727; .NET CLR 3.5.30729; .NET CLR 3.0.30729; Media Center PC 6.0; InfoPath.3; .NET4.0C; .NET4.0E; .NET CLR 1.1.4322)" 18839
192.168.12.69 - - [17/Feb/2013:06:53:00 +0600] "GET /pause/ajaxPause?pauseConfigId=&admin=0 HTTP/1.1" 200 986 "http://callider/pause/index" "Mozilla/4.0 (compatible; MSIE 7.0; Windows NT 6.1; Trident/5.0; SLCC2; .NET CLR 2.0.50727; .NET CLR 3.5.30729; .NET CLR 3.0.30729; Media Center PC 6.0; InfoPath.3; .NET4.0C; .NET4.0E; Tablet PC 2.0; AskTbFXTV5/5.14.1.20007)" 17603
192.168.74.91 - - [17/Feb/2013:06:53:00 +0600] "GET /pause/ajaxPause?pauseConfigId=&admin=0 HTTP/1.1" 200 986 "http://callider/pause/index" "Mozilla/4.0 (compatible; MSIE 7.0; Windows NT 6.1; WOW64; Trident/5.0; SLCC2; .NET CLR 2.0.50727; .NET CLR 3.5.30729; .NET CLR 3.0.30729; Media Center PC 6.0; InfoPath.3; .NET4.0C; MS-RTC LM 8; .NET4.0E)" 20638
192.168.74.151 - - [17/Feb/2013:06:53:00 +0600] "GET /pause/ajaxPause?pauseConfigId=&admin=0 HTTP/1.1" 200 987 "http://callider.kontur/pause/index" "Mozilla/5.0 (Windows NT 6.1; WOW64; rv:18.0) Gecko/20100101 Firefox/18.0" 17945
192.168.12.210 - - [17/Feb/2013:06:53:00 +0600] "GET /pause/ajaxPause?pauseConfigId=all&admin=1 HTTP/1.1" 200 1047 "http://callider/pause/index" "Mozilla/4.0 (compatible; MSIE 7.0; Windows NT 6.1; WOW64; Trident/5.0; SLCC2; .NET CLR 2.0.50727; .NET CLR 3.5.30729; .NET CLR 3.0.30729; Media Center PC 6.0; InfoPath.3; .NET4.0C; .NET4.0E)" 22528
192.168.65.56 - - [17/Feb/2013:06:53:01 +0600] "GET /pause/ajaxPause?pauseConfigId=all&admin=1 HTTP/1.1" 200 1046 "http://192.168.65.101/pause/index" "Mozilla/5.0 (Windows NT 5.1; rv:15.0) Gecko/20100101 Firefox/15.0" 27721
192.168.12.61 - - [17/Feb/2013:06:53:03 +0600] "GET /pause/ajaxPause?pauseConfigId=&admin=0 HTTP/1.1" 200 986 "http://callider/pause/index" "Mozilla/4.0 (compatible; MSIE 7.0; Windows NT 6.1; Trident/5.0; SLCC2; .NET CLR 2.0.50727; .NET CLR 3.5.30729; .NET CLR 3.0.30729; Media Center PC 6.0; InfoPath.3; .NET4.0C; .NET4.0E)" 30739
192.168.12.237 - - [17/Feb/2013:06:53:04 +0600] "GET /pause/ajaxPause?pauseConfigId=&admin=0 HTTP/1.1" 200 987 "http://callider/pause/index" "Mozilla/4.0 (compatible; MSIE 7.0; Windows NT 6.1; Trident/5.0; SLCC2; .NET CLR 2.0.50727; .NET CLR 3.5.30729; .NET CLR 3.0.30729; Media Center PC 6.0; InfoPath.3; .NET4.0C; .NET4.0E)" 22260
192.168.74.78 - - [17/Feb/2013:06:53:04 +0600] "GET /pause/ajaxPause?pauseConfigId=&admin=0 HTTP/1.1" 200 986 "http://callider/pause/index" "Mozilla/4.0 (compatible; MSIE 7.0; Windows NT 6.1; WOW64; Trident/5.0; SLCC2; .NET CLR 2.0.50727; .NET CLR 3.5.30729; .NET CLR 3.0.30729; Media Center PC 6.0; InfoPath.3; .NET4.0C; MS-RTC LM 8; .NET4.0E)" 25847
192.168.12.60 - - [17/Feb/2013:06:53:04 +0600] "GET /pause/ajaxPause?pauseConfigId=&admin=0 HTTP/1.1" 200 986 "http://callider/pause/index" "Mozilla/4.0 (compatible; MSIE 8.0; Windows NT 6.1; Trident/4.0; InfoPath.3; .NET4.0C; MS-RTC LM 8; .NET4.0E)" 180789
192.168.12.204 - - [17/Feb/2013:06:53:04 +0600] "GET /pause/ajaxPause?pauseConfigId=&admin=0 HTTP/1.1" 200 986 "http://callider/pause/index" "Mozilla/4.0 (compatible; MSIE 7.0; Windows NT 6.1; WOW64; Trident/4.0; SLCC2; .NET CLR 2.0.50727; .NET CLR 3.5.30729; .NET CLR 3.0.30729; Media Center PC 6.0; InfoPath.3; .NET4.0C; .NET4.0E; .NET CLR 1.1.4322)" 19286
192.168.12.69 - - [17/Feb/2013:06:53:05 +0600] "GET /pause/ajaxPause?pauseConfigId=&admin=0 HTTP/1.1" 200 986 "http://callider/pause/index" "Mozilla/4.0 (compatible; MSIE 7.0; Windows NT 6.1; Trident/5.0; SLCC2; .NET CLR 2.0.50727; .NET CLR 3.5.30729; .NET CLR 3.0.30729; Media Center PC 6.0; InfoPath.3; .NET4.0C; .NET4.0E; Tablet PC 2.0; AskTbFXTV5/5.14.1.20007)" 19130
192.168.12.61 - - [17/Feb/2013:06:53:05 +0600] "GET /tv/useUser HTTP/1.1" 200 431 "http://callider/pause/index" "Mozilla/4.0 (compatible; MSIE 7.0; Windows NT 6.1; Trident/5.0; SLCC2; .NET CLR 2.0.50727; .NET CLR 3.5.30729; .NET CLR 3.0.30729; Media Center PC 6.0; InfoPath.3; .NET4.0C; .NET4.0E)" 11854
192.168.74.91 - - [17/Feb/2013:06:53:05 +0600] "GET /pause/ajaxPause?pauseConfigId=&admin=0 HTTP/1.1" 200 986 "http://callider/pause/index" "Mozilla/4.0 (compatible; MSIE 7.0; Windows NT 6.1; WOW64; Trident/5.0; SLCC2; .NET CLR 2.0.50727; .NET CLR 3.5.30729; .NET CLR 3.0.30729; Media Center PC 6.0; InfoPath.3; .NET4.0C; MS-RTC LM 8; .NET4.0E)" 19659
192.168.74.151 - - [17/Feb/2013:06:53:05 +0600] "GET /pause/ajaxPause?pauseConfigId=&admin=0 HTTP/1.1" 200 987 "http://callider.kontur/pause/index" "Mozilla/5.0 (Windows NT 6.1; WOW64; rv:18.0) Gecko/20100101 Firefox/18.0" 18420
192.168.12.210 - - [17/Feb/2013:06:53:05 +0600] "GET /pause/ajaxPause?pauseConfigId=all&admin=1 HTTP/1.1" 200 1047 "http://callider/pause/index" "Mozilla/4.0 (compatible; MSIE 7.0; Windows NT 6.1; WOW64; Trident/5.0; SLCC2; .NET CLR 2.0.50727; .NET CLR 3.5.30729; .NET CLR 3.0.30729; Media Center PC 6.0; InfoPath.3; .NET4.0C; .NET4.0E)" 24431
192.168.65.56 - - [17/Feb/2013:06:53:06 +0600] "GET /pause/ajaxPause?pauseConfigId=all&admin=1 HTTP/1.1" 200 1046 "http://192.168.65.101/pause/index" "Mozilla/5.0 (Windows NT 5.1; rv:15.0) Gecko/20100101 Firefox/15.0" 28270
192.168.12.61 - - [17/Feb/2013:06:53:08 +0600] "GET /pause/ajaxPause?pauseConfigId=&admin=0 HTTP/1.1" 200 985 "http://callider/pause/index" "Mozilla/4.0 (compatible; MSIE 7.0; Windows NT 6.1; Trident/5.0; SLCC2; .NET CLR 2.0.50727; .NET CLR 3.5.30729; .NET CLR 3.0.30729; Media Center PC 6.0; InfoPath.3; .NET4.0C; .NET4.0E)" 141369
192.168.12.237 - - [17/Feb/2013:06:53:09 +0600] "GET /pause/ajaxPause?pauseConfigId=&admin=0 HTTP/1.1" 200 987 "http://callider/pause/index" "Mozilla/4.0 (compatible; MSIE 7.0; Windows NT 6.1; Trident/5.0; SLCC2; .NET CLR 2.0.50727; .NET CLR 3.5.30729; .NET CLR 3.0.30729; Media Center PC 6.0; InfoPath.3; .NET4.0C; .NET4.0E)" 22569
192.168.74.78 - - [17/Feb/2013:06:53:09 +0600] "GET /pause/ajaxPause?pauseConfigId=&admin=0 HTTP/1.1" 200 986 "http://callider/pause/index" "Mozilla/4.0 (compatible; MSIE 7.0; Windows NT 6.1; WOW64; Trident/5.0; SLCC2; .NET CLR 2.0.50727; .NET CLR 3.5.30729; .NET CLR 3.0.30729; Media Center PC 6.0; InfoPath.3; .NET4.0C; MS-RTC LM 8; .NET4.0E)" 20421
192.168.12.60 - - [17/Feb/2013:06:53:09 +0600] "GET /pause/ajaxPause?pauseConfigId=&admin=0 HTTP/1.1" 200 986 "http://callider/pause/index" "Mozilla/4.0 (compatible; MSIE 8.0; Windows NT 6.1; Trident/4.0; InfoPath.3; .NET4.0C; MS-RTC LM 8; .NET4.0E)" 19682
192.168.12.204 - - [17/Feb/2013:06:53:09 +0600] "GET /pause/ajaxPause?pauseConfigId=&admin=0 HTTP/1.1" 200 986 "http://callider/pause/index" "Mozilla/4.0 (compatible; MSIE 7.0; Windows NT 6.1; WOW64; Trident/4.0; SLCC2; .NET CLR 2.0.50727; .NET CLR 3.5.30729; .NET CLR 3.0.30729; Media Center PC 6.0; InfoPath.3; .NET4.0C; .NET4.0E; .NET CLR 1.1.4322)" 19277
192.168.12.69 - - [17/Feb/2013:06:53:10 +0600] "GET /pause/ajaxPause?pauseConfigId=&admin=0 HTTP/1.1" 200 986 "http://callider/pause/index" "Mozilla/4.0 (compatible; MSIE 7.0; Windows NT 6.1; Trident/5.0; SLCC2; .NET CLR 2.0.50727; .NET CLR 3.5.30729; .NET CLR 3.0.30729; Media Center PC 6.0; InfoPath.3; .NET4.0C; .NET4.0E; Tablet PC 2.0; AskTbFXTV5/5.14.1.20007)" 18399
192.168.74.91 - - [17/Feb/2013:06:53:10 +0600] "GET /pause/ajaxPause?pauseConfigId=&admin=0 HTTP/1.1" 200 986 "http://callider/pause/index" "Mozilla/4.0 (compatible; MSIE 7.0; Windows NT 6.1; WOW64; Trident/5.0; SLCC2; .NET CLR 2.0.50727; .NET CLR 3.5.30729; .NET CLR 3.0.30729; Media Center PC 6.0; InfoPath.3; .NET4.0C; MS-RTC LM 8; .NET4.0E)" 21971
192.168.74.151 - - [17/Feb/2013:06:53:10 +0600] "GET /pause/ajaxPause?pauseConfigId=&admin=0 HTTP/1.1" 200 987 "http://callider.kontur/pause/index" "Mozilla/5.0 (Windows NT 6.1; WOW64; rv:18.0) Gecko/20100101 Firefox/18.0" 17206
192.168.12.210 - - [17/Feb/2013:06:53:10 +0600] "GET /pause/ajaxPause?pauseConfigId=all&admin=1 HTTP/1.1" 200 1047 "http://callider/pause/index" "Mozilla/4.0 (compatible; MSIE 7.0; Windows NT 6.1; WOW64; Trident/5.0; SLCC2; .NET CLR 2.0.50727; .NET CLR 3.5.30729; .NET CLR 3.0.30729; Media Center PC 6.0; InfoPath.3; .NET4.0C; .NET4.0E)" 21343
192.168.12.42 - - [17/Feb/2013:06:53:11 +0600] "GET /tv/useUser HTTP/1.1" 200 432 "http://callider/graph/personal" "Mozilla/4.0 (compatible; MSIE 7.0; Windows NT 6.1; WOW64; Trident/5.0; SLCC2; .NET CLR 2.0.50727; .NET CLR 3.5.30729; .NET CLR 3.0.30729; Media Center PC 6.0; InfoPath.3; .NET4.0C; .NET4.0E)" 21217
192.168.65.56 - - [17/Feb/2013:06:53:11 +0600] "GET /pause/ajaxPause?pauseConfigId=all&admin=1 HTTP/1.1" 200 1046 "http://192.168.65.101/pause/index" "Mozilla/5.0 (Windows NT 5.1; rv:15.0) Gecko/20100101 Firefox/15.0" 252523
192.168.12.61 - - [17/Feb/2013:06:53:13 +0600] "GET /pause/ajaxPause?pauseConfigId=&admin=0 HTTP/1.1" 200 985 "http://callider/pause/index" "Mozilla/4.0 (compatible; MSIE 7.0; Windows NT 6.1; Trident/5.0; SLCC2; .NET CLR 2.0.50727; .NET CLR 3.5.30729; .NET CLR 3.0.30729; Media Center PC 6.0; InfoPath.3; .NET4.0C; .NET4.0E)" 224644
192.168.74.151 - - [17/Feb/2013:06:53:13 +0600] "GET /tv/useUser HTTP/1.1" 200 431 "http://callider.kontur/graph/general" "Mozilla/5.0 (Windows NT 6.1; WOW64; rv:18.0) Gecko/20100101 Firefox/18.0" 9814
192.168.12.237 - - [17/Feb/2013:06:53:14 +0600] "GET /pause/ajaxPause?pauseConfigId=&admin=0 HTTP/1.1" 200 987 "http://callider/pause/index" "Mozilla/4.0 (compatible; MSIE 7.0; Windows NT 6.1; Trident/5.0; SLCC2; .NET CLR 2.0.50727; .NET CLR 3.5.30729; .NET CLR 3.0.30729; Media Center PC 6.0; InfoPath.3; .NET4.0C; .NET4.0E)" 19733
192.168.74.78 - - [17/Feb/2013:06:53:14 +0600] "GET /pause/ajaxPause?pauseConfigId=&admin=0 HTTP/1.1" 200 986 "http://callider/pause/index" "Mozilla/4.0 (compatible; MSIE 7.0; Windows NT 6.1; WOW64; Trident/5.0; SLCC2; .NET CLR 2.0.50727; .NET CLR 3.5.30729; .NET CLR 3.0.30729; Media Center PC 6.0; InfoPath.3; .NET4.0C; MS-RTC LM 8; .NET4.0E)" 18090
192.168.12.60 - - [17/Feb/2013:06:53:14 +0600] "GET /pause/ajaxPause?pauseConfigId=&admin=0 HTTP/1.1" 200 986 "http://callider/pause/index" "Mozilla/4.0 (compatible; MSIE 8.0; Windows NT 6.1; Trident/4.0; InfoPath.3; .NET4.0C; MS-RTC LM 8; .NET4.0E)" 110914
192.168.12.204 - - [17/Feb/2013:06:53:14 +0600] "GET /pause/ajaxPause?pauseConfigId=&admin=0 HTTP/1.1" 200 986 "http://callider/pause/index" "Mozilla/4.0 (compatible; MSIE 7.0; Windows NT 6.1; WOW64; Trident/4.0; SLCC2; .NET CLR 2.0.50727; .NET CLR 3.5.30729; .NET CLR 3.0.30729; Media Center PC 6.0; InfoPath.3; .NET4.0C; .NET4.0E; .NET CLR 1.1.4322)" 18488
192.168.12.69 - - [17/Feb/2013:06:53:15 +0600] "GET /pause/ajaxPause?pauseConfigId=&admin=0 HTTP/1.1" 200 986 "http://callider/pause/index" "Mozilla/4.0 (compatible; MSIE 7.0; Windows NT 6.1; Trident/5.0; SLCC2; .NET CLR 2.0.50727; .NET CLR 3.5.30729; .NET CLR 3.0.30729; Media Center PC 6.0; InfoPath.3; .NET4.0C; .NET4.0E; Tablet PC 2.0; AskTbFXTV5/5.14.1.20007)" 26056
192.168.74.91 - - [17/Feb/2013:06:53:15 +0600] "GET /pause/ajaxPause?pauseConfigId=&admin=0 HTTP/1.1" 200 986 "http://callider/pause/index" "Mozilla/4.0 (compatible; MSIE 7.0; Windows NT 6.1; WOW64; Trident/5.0; SLCC2; .NET CLR 2.0.50727; .NET CLR 3.5.30729; .NET CLR 3.0.30729; Media Center PC 6.0; InfoPath.3; .NET4.0C; MS-RTC LM 8; .NET4.0E)" 18512
192.168.74.151 - - [17/Feb/2013:06:53:15 +0600] "GET /pause/ajaxPause?pauseConfigId=&admin=0 HTTP/1.1" 200 987 "http://callider.kontur/pause/index" "Mozilla/5.0 (Windows NT 6.1; WOW64; rv:18.0) Gecko/20100101 Firefox/18.0" 27208
192.168.74.151 - - [17/Feb/2013:06:53:15 +0600] "GET /tv/useUser HTTP/1.1" 200 432 "http://callider.kontur/pause/index" "Mozilla/5.0 (Windows NT 6.1; WOW64; rv:18.0) Gecko/20100101 Firefox/18.0" 20321
192.168.12.210 - - [17/Feb/2013:06:53:15 +0600] "GET /pause/ajaxPause?pauseConfigId=all&admin=1 HTTP/1.1" 200 1047 "http://callider/pause/index" "Mozilla/4.0 (compatible; MSIE 7.0; Windows NT 6.1; WOW64; Trident/5.0; SLCC2; .NET CLR 2.0.50727; .NET CLR 3.5.30729; .NET CLR 3.0.30729; Media Center PC 6.0; InfoPath.3; .NET4.0C; .NET4.0E)" 25027
192.168.65.56 - - [17/Feb/2013:06:53:16 +0600] "GET /pause/ajaxPause?pauseConfigId=all&admin=1 HTTP/1.1" 200 1046 "http://192.168.65.101/pause/index" "Mozilla/5.0 (Windows NT 5.1; rv:15.0) Gecko/20100101 Firefox/15.0" 37182
192.168.12.61 - - [17/Feb/2013:06:53:18 +0600] "GET /pause/ajaxPause?pauseConfigId=&admin=0 HTTP/1.1" 200 985 "http://callider/pause/index" "Mozilla/4.0 (compatible; MSIE 7.0; Windows NT 6.1; Trident/5.0; SLCC2; .NET CLR 2.0.50727; .NET CLR 3.5.30729; .NET CLR 3.0.30729; Media Center PC 6.0; InfoPath.3; .NET4.0C; .NET4.0E)" 154114
192.168.12.237 - - [17/Feb/2013:06:53:19 +0600] "GET /pause/ajaxPause?pauseConfigId=&admin=0 HTTP/1.1" 200 987 "http://callider/pause/index" "Mozilla/4.0 (compatible; MSIE 7.0; Windows NT 6.1; Trident/5.0; SLCC2; .NET CLR 2.0.50727; .NET CLR 3.5.30729; .NET CLR 3.0.30729; Media Center PC 6.0; InfoPath.3; .NET4.0C; .NET4.0E)" 20967
192.168.74.78 - - [17/Feb/2013:06:53:19 +0600] "GET /pause/ajaxPause?pauseConfigId=&admin=0 HTTP/1.1" 200 986 "http://callider/pause/index" "Mozilla/4.0 (compatible; MSIE 7.0; Windows NT 6.1; WOW64; Trident/5.0; SLCC2; .NET CLR 2.0.50727; .NET CLR 3.5.30729; .NET CLR 3.0.30729; Media Center PC 6.0; InfoPath.3; .NET4.0C; MS-RTC LM 8; .NET4.0E)" 18490
192.168.12.10 - - [17/Feb/2013:06:53:19 +0600] "GET /tv/useUser HTTP/1.1" 200 432 "http://callider/graph/personal" "Mozilla/4.0 (compatible; MSIE 7.0; Windows NT 6.1; Trident/5.0; SLCC2; .NET CLR 2.0.50727; .NET CLR 3.5.30729; .NET CLR 3.0.30729; Media Center PC 6.0; InfoPath.3; .NET4.0C; .NET4.0E; Tablet PC 2.0; MS-RTC LM 8)" 19465
192.168.12.60 - - [17/Feb/2013:06:53:19 +0600] "GET /pause/ajaxPause?pauseConfigId=&admin=0 HTTP/1.1" 200 986 "http://callider/pause/index" "Mozilla/4.0 (compatible; MSIE 8.0; Windows NT 6.1; Trident/4.0; InfoPath.3; .NET4.0C; MS-RTC LM 8; .NET4.0E)" 23418
192.168.12.204 - - [17/Feb/2013:06:53:19 +0600] "GET /pause/ajaxPause?pauseConfigId=&admin=0 HTTP/1.1" 200 986 "http://callider/pause/index" "Mozilla/4.0 (compatible; MSIE 7.0; Windows NT 6.1; WOW64; Trident/4.0; SLCC2; .NET CLR 2.0.50727; .NET CLR 3.5.30729; .NET CLR 3.0.30729; Media Center PC 6.0; InfoPath.3; .NET4.0C; .NET4.0E; .NET CLR 1.1.4322)" 21595
192.168.12.108 - - [17/Feb/2013:06:53:19 +0600] "GET /tv/useUser HTTP/1.1" 200 432 "http://callider/index.php" "Mozilla/4.0 (compatible; MSIE 7.0; Windows NT 6.2; WOW64; Trident/6.0; .NET4.0E; .NET4.0C; InfoPath.3; .NET CLR 3.5.30729; .NET CLR 2.0.50727; .NET CLR 3.0.30729)" 18338
192.168.12.69 - - [17/Feb/2013:06:53:20 +0600] "GET /pause/ajaxPause?pauseConfigId=&admin=0 HTTP/1.1" 200 986 "http://callider/pause/index" "Mozilla/4.0 (compatible; MSIE 7.0; Windows NT 6.1; Trident/5.0; SLCC2; .NET CLR 2.0.50727; .NET CLR 3.5.30729; .NET CLR 3.0.30729; Media Center PC 6.0; InfoPath.3; .NET4.0C; .NET4.0E; Tablet PC 2.0; AskTbFXTV5/5.14.1.20007)" 20463
192.168.74.91 - - [17/Feb/2013:06:53:20 +0600] "GET /pause/ajaxPause?pauseConfigId=&admin=0 HTTP/1.1" 200 986 "http://callider/pause/index" "Mozilla/4.0 (compatible; MSIE 7.0; Windows NT 6.1; WOW64; Trident/5.0; SLCC2; .NET CLR 2.0.50727; .NET CLR 3.5.30729; .NET CLR 3.0.30729; Media Center PC 6.0; InfoPath.3; .NET4.0C; MS-RTC LM 8; .NET4.0E)" 23359
192.168.74.151 - - [17/Feb/2013:06:53:20 +0600] "GET /pause/ajaxPause?pauseConfigId=&admin=0 HTTP/1.1" 200 987 "http://callider.kontur/pause/index" "Mozilla/5.0 (Windows NT 6.1; WOW64; rv:18.0) Gecko/20100101 Firefox/18.0" 22176
192.168.12.210 - - [17/Feb/2013:06:53:20 +0600] "GET /pause/ajaxPause?pauseConfigId=all&admin=1 HTTP/1.1" 200 1047 "http://callider/pause/index" "Mozilla/4.0 (compatible; MSIE 7.0; Windows NT 6.1; WOW64; Trident/5.0; SLCC2; .NET CLR 2.0.50727; .NET CLR 3.5.30729; .NET CLR 3.0.30729; Media Center PC 6.0; InfoPath.3; .NET4.0C; .NET4.0E)" 20930
192.168.65.56 - - [17/Feb/2013:06:53:21 +0600] "GET /pause/ajaxPause?pauseConfigId=all&admin=1 HTTP/1.1" 200 1046 "http://192.168.65.101/pause/index" "Mozilla/5.0 (Windows NT 5.1; rv:15.0) Gecko/20100101 Firefox/15.0" 36260
192.168.12.61 - - [17/Feb/2013:06:53:23 +0600] "GET /pause/ajaxPause?pauseConfigId=&admin=0 HTTP/1.1" 200 985 "http://callider/pause/index" "Mozilla/4.0 (compatible; MSIE 7.0; Windows NT 6.1; Trident/5.0; SLCC2; .NET CLR 2.0.50727; .NET CLR 3.5.30729; .NET CLR 3.0.30729; Media Center PC 6.0; InfoPath.3; .NET4.0C; .NET4.0E)" 21218
192.168.12.237 - - [17/Feb/2013:06:53:24 +0600] "GET /pause/ajaxPause?pauseConfigId=&admin=0 HTTP/1.1" 200 987 "http://callider/pause/index" "Mozilla/4.0 (compatible; MSIE 7.0; Windows NT 6.1; Trident/5.0; SLCC2; .NET CLR 2.0.50727; .NET CLR 3.5.30729; .NET CLR 3.0.30729; Media Center PC 6.0; InfoPath.3; .NET4.0C; .NET4.0E)" 20677
192.168.74.78 - - [17/Feb/2013:06:53:24 +0600] "GET /pause/ajaxPause?pauseConfigId=&admin=0 HTTP/1.1" 200 986 "http://callider/pause/index" "Mozilla/4.0 (compatible; MSIE 7.0; Windows NT 6.1; WOW64; Trident/5.0; SLCC2; .NET CLR 2.0.50727; .NET CLR 3.5.30729; .NET CLR 3.0.30729; Media Center PC 6.0; InfoPath.3; .NET4.0C; MS-RTC LM 8; .NET4.0E)" 18266
192.168.12.60 - - [17/Feb/2013:06:53:24 +0600] "GET /pause/ajaxPause?pauseConfigId=&admin=0 HTTP/1.1" 200 986 "http://callider/pause/index" "Mozilla/4.0 (compatible; MSIE 8.0; Windows NT 6.1; Trident/4.0; InfoPath.3; .NET4.0C; MS-RTC LM 8; .NET4.0E)" 30902
192.168.12.204 - - [17/Feb/2013:06:53:24 +0600] "GET /pause/ajaxPause?pauseConfigId=&admin=0 HTTP/1.1" 200 986 "http://callider/pause/index" "Mozilla/4.0 (compatible; MSIE 7.0; Windows NT 6.1; WOW64; Trident/4.0; SLCC2; .NET CLR 2.0.50727; .NET CLR 3.5.30729; .NET CLR 3.0.30729; Media Center PC 6.0; InfoPath.3; .NET4.0C; .NET4.0E; .NET CLR 1.1.4322)" 53655
192.168.12.69 - - [17/Feb/2013:06:53:25 +0600] "GET /pause/ajaxPause?pauseConfigId=&admin=0 HTTP/1.1" 200 986 "http://callider/pause/index" "Mozilla/4.0 (compatible; MSIE 7.0; Windows NT 6.1; Trident/5.0; SLCC2; .NET CLR 2.0.50727; .NET CLR 3.5.30729; .NET CLR 3.0.30729; Media Center PC 6.0; InfoPath.3; .NET4.0C; .NET4.0E; Tablet PC 2.0; AskTbFXTV5/5.14.1.20007)" 18250
192.168.74.91 - - [17/Feb/2013:06:53:25 +0600] "GET /pause/ajaxPause?pauseConfigId=&admin=0 HTTP/1.1" 200 986 "http://callider/pause/index" "Mozilla/4.0 (compatible; MSIE 7.0; Windows NT 6.1; WOW64; Trident/5.0; SLCC2; .NET CLR 2.0.50727; .NET CLR 3.5.30729; .NET CLR 3.0.30729; Media Center PC 6.0; InfoPath.3; .NET4.0C; MS-RTC LM 8; .NET4.0E)" 38015
192.168.74.151 - - [17/Feb/2013:06:53:25 +0600] "GET /pause/ajaxPause?pauseConfigId=&admin=0 HTTP/1.1" 200 987 "http://callider.kontur/pause/index" "Mozilla/5.0 (Windows NT 6.1; WOW64; rv:18.0) Gecko/20100101 Firefox/18.0" 29852
192.168.12.210 - - [17/Feb/2013:06:53:25 +0600] "GET /pause/ajaxPause?pauseConfigId=all&admin=1 HTTP/1.1" 200 1047 "http://callider/pause/index" "Mozilla/4.0 (compatible; MSIE 7.0; Windows NT 6.1; WOW64; Trident/5.0; SLCC2; .NET CLR 2.0.50727; .NET CLR 3.5.30729; .NET CLR 3.0.30729; Media Center PC 6.0; InfoPath.3; .NET4.0C; .NET4.0E)" 20845
192.168.65.56 - - [17/Feb/2013:06:53:26 +0600] "GET /pause/ajaxPause?pauseConfigId=all&admin=1 HTTP/1.1" 200 1046 "http://192.168.65.101/pause/index" "Mozilla/5.0 (Windows NT 5.1; rv:15.0) Gecko/20100101 Firefox/15.0" 30466
192.168.12.61 - - [17/Feb/2013:06:53:28 +0600] "GET /pause/ajaxPause?pauseConfigId=&admin=0 HTTP/1.1" 200 985 "http://callider/pause/index" "Mozilla/4.0 (compatible; MSIE 7.0; Windows NT 6.1; Trident/5.0; SLCC2; .NET CLR 2.0.50727; .NET CLR 3.5.30729; .NET CLR 3.0.30729; Media Center PC 6.0; InfoPath.3; .NET4.0C; .NET4.0E)" 18797
192.168.12.237 - - [17/Feb/2013:06:53:29 +0600] "GET /pause/ajaxPause?pauseConfigId=&admin=0 HTTP/1.1" 200 987 "http://callider/pause/index" "Mozilla/4.0 (compatible; MSIE 7.0; Windows NT 6.1; Trident/5.0; SLCC2; .NET CLR 2.0.50727; .NET CLR 3.5.30729; .NET CLR 3.0.30729; Media Center PC 6.0; InfoPath.3; .NET4.0C; .NET4.0E)" 21250
192.168.74.78 - - [17/Feb/2013:06:53:29 +0600] "GET /pause/ajaxPause?pauseConfigId=&admin=0 HTTP/1.1" 200 986 "http://callider/pause/index" "Mozilla/4.0 (compatible; MSIE 7.0; Windows NT 6.1; WOW64; Trident/5.0; SLCC2; .NET CLR 2.0.50727; .NET CLR 3.5.30729; .NET CLR 3.0.30729; Media Center PC 6.0; InfoPath.3; .NET4.0C; MS-RTC LM 8; .NET4.0E)" 17889
192.168.12.60 - - [17/Feb/2013:06:53:29 +0600] "GET /pause/ajaxPause?pauseConfigId=&admin=0 HTTP/1.1" 200 986 "http://callider/pause/index" "Mozilla/4.0 (compatible; MSIE 8.0; Windows NT 6.1; Trident/4.0; InfoPath.3; .NET4.0C; MS-RTC LM 8; .NET4.0E)" 17430
192.168.12.204 - - [17/Feb/2013:06:53:29 +0600] "GET /pause/ajaxPause?pauseConfigId=&admin=0 HTTP/1.1" 200 986 "http://callider/pause/index" "Mozilla/4.0 (compatible; MSIE 7.0; Windows NT 6.1; WOW64; Trident/4.0; SLCC2; .NET CLR 2.0.50727; .NET CLR 3.5.30729; .NET CLR 3.0.30729; Media Center PC 6.0; InfoPath.3; .NET4.0C; .NET4.0E; .NET CLR 1.1.4322)" 19472
192.168.12.69 - - [17/Feb/2013:06:53:30 +0600] "GET /pause/ajaxPause?pauseConfigId=&admin=0 HTTP/1.1" 200 986 "http://callider/pause/index" "Mozilla/4.0 (compatible; MSIE 7.0; Windows NT 6.1; Trident/5.0; SLCC2; .NET CLR 2.0.50727; .NET CLR 3.5.30729; .NET CLR 3.0.30729; Media Center PC 6.0; InfoPath.3; .NET4.0C; .NET4.0E; Tablet PC 2.0; AskTbFXTV5/5.14.1.20007)" 18778
192.168.74.91 - - [17/Feb/2013:06:53:30 +0600] "GET /pause/ajaxPause?pauseConfigId=&admin=0 HTTP/1.1" 200 986 "http://callider/pause/index" "Mozilla/4.0 (compatible; MSIE 7.0; Windows NT 6.1; WOW64; Trident/5.0; SLCC2; .NET CLR 2.0.50727; .NET CLR 3.5.30729; .NET CLR 3.0.30729; Media Center PC 6.0; InfoPath.3; .NET4.0C; MS-RTC LM 8; .NET4.0E)" 21650
192.168.74.151 - - [17/Feb/2013:06:53:30 +0600] "GET /pause/ajaxPause?pauseConfigId=&admin=0 HTTP/1.1" 200 987 "http://callider.kontur/pause/index" "Mozilla/5.0 (Windows NT 6.1; WOW64; rv:18.0) Gecko/20100101 Firefox/18.0" 17396
192.168.12.210 - - [17/Feb/2013:06:53:30 +0600] "GET /pause/ajaxPause?pauseConfigId=all&admin=1 HTTP/1.1" 200 1047 "http://callider/pause/index" "Mozilla/4.0 (compatible; MSIE 7.0; Windows NT 6.1; WOW64; Trident/5.0; SLCC2; .NET CLR 2.0.50727; .NET CLR 3.5.30729; .NET CLR 3.0.30729; Media Center PC 6.0; InfoPath.3; .NET4.0C; .NET4.0E)" 23340
192.168.65.56 - - [17/Feb/2013:06:53:31 +0600] "GET /pause/ajaxPause?pauseConfigId=all&admin=1 HTTP/1.1" 200 1046 "http://192.168.65.101/pause/index" "Mozilla/5.0 (Windows NT 5.1; rv:15.0) Gecko/20100101 Firefox/15.0" 33451
192.168.12.61 - - [17/Feb/2013:06:53:33 +0600] "GET /pause/ajaxPause?pauseConfigId=&admin=0 HTTP/1.1" 200 985 "http://callider/pause/index" "Mozilla/4.0 (compatible; MSIE 7.0; Windows NT 6.1; Trident/5.0; SLCC2; .NET CLR 2.0.50727; .NET CLR 3.5.30729; .NET CLR 3.0.30729; Media Center PC 6.0; InfoPath.3; .NET4.0C; .NET4.0E)" 19614
192.168.12.237 - - [17/Feb/2013:06:53:34 +0600] "GET /pause/ajaxPause?pauseConfigId=&admin=0 HTTP/1.1" 200 987 "http://callider/pause/index" "Mozilla/4.0 (compatible; MSIE 7.0; Windows NT 6.1; Trident/5.0; SLCC2; .NET CLR 2.0.50727; .NET CLR 3.5.30729; .NET CLR 3.0.30729; Media Center PC 6.0; InfoPath.3; .NET4.0C; .NET4.0E)" 22150
192.168.74.78 - - [17/Feb/2013:06:53:34 +0600] "GET /pause/ajaxPause?pauseConfigId=&admin=0 HTTP/1.1" 200 986 "http://callider/pause/index" "Mozilla/4.0 (compatible; MSIE 7.0; Windows NT 6.1; WOW64; Trident/5.0; SLCC2; .NET CLR 2.0.50727; .NET CLR 3.5.30729; .NET CLR 3.0.30729; Media Center PC 6.0; InfoPath.3; .NET4.0C; MS-RTC LM 8; .NET4.0E)" 20188
192.168.12.67 - - [17/Feb/2013:06:53:34 +0600] "GET /tv/useUser HTTP/1.1" 200 432 "http://callider/graph/personal" "Mozilla/4.0 (compatible; MSIE 7.0; Windows NT 6.1; Trident/5.0; SLCC2; .NET CLR 2.0.50727; .NET CLR 3.5.30729; .NET CLR 3.0.30729; Media Center PC 6.0; .NET4.0C; .NET4.0E; InfoPath.3; Tablet PC 2.0; MS-RTC LM 8)" 18049
192.168.12.60 - - [17/Feb/2013:06:53:34 +0600] "GET /pause/ajaxPause?pauseConfigId=&admin=0 HTTP/1.1" 200 986 "http://callider/pause/index" "Mozilla/4.0 (compatible; MSIE 8.0; Windows NT 6.1; Trident/4.0; InfoPath.3; .NET4.0C; MS-RTC LM 8; .NET4.0E)" 20397
192.168.12.204 - - [17/Feb/2013:06:53:34 +0600] "GET /pause/ajaxPause?pauseConfigId=&admin=0 HTTP/1.1" 200 986 "http://callider/pause/index" "Mozilla/4.0 (compatible; MSIE 7.0; Windows NT 6.1; WOW64; Trident/4.0; SLCC2; .NET CLR 2.0.50727; .NET CLR 3.5.30729; .NET CLR 3.0.30729; Media Center PC 6.0; InfoPath.3; .NET4.0C; .NET4.0E; .NET CLR 1.1.4322)" 17873
192.168.12.69 - - [17/Feb/2013:06:53:35 +0600] "GET /pause/ajaxPause?pauseConfigId=&admin=0 HTTP/1.1" 200 986 "http://callider/pause/index" "Mozilla/4.0 (compatible; MSIE 7.0; Windows NT 6.1; Trident/5.0; SLCC2; .NET CLR 2.0.50727; .NET CLR 3.5.30729; .NET CLR 3.0.30729; Media Center PC 6.0; InfoPath.3; .NET4.0C; .NET4.0E; Tablet PC 2.0; AskTbFXTV5/5.14.1.20007)" 18226
192.168.74.91 - - [17/Feb/2013:06:53:35 +0600] "GET /pause/ajaxPause?pauseConfigId=&admin=0 HTTP/1.1" 200 986 "http://callider/pause/index" "Mozilla/4.0 (compatible; MSIE 7.0; Windows NT 6.1; WOW64; Trident/5.0; SLCC2; .NET CLR 2.0.50727; .NET CLR 3.5.30729; .NET CLR 3.0.30729; Media Center PC 6.0; InfoPath.3; .NET4.0C; MS-RTC LM 8; .NET4.0E)" 19772
192.168.74.151 - - [17/Feb/2013:06:53:35 +0600] "GET /pause/ajaxPause?pauseConfigId=&admin=0 HTTP/1.1" 200 987 "http://callider.kontur/pause/index" "Mozilla/5.0 (Windows NT 6.1; WOW64; rv:18.0) Gecko/20100101 Firefox/18.0" 17975
192.168.12.210 - - [17/Feb/2013:06:53:35 +0600] "GET /pause/ajaxPause?pauseConfigId=all&admin=1 HTTP/1.1" 200 1047 "http://callider/pause/index" "Mozilla/4.0 (compatible; MSIE 7.0; Windows NT 6.1; WOW64; Trident/5.0; SLCC2; .NET CLR 2.0.50727; .NET CLR 3.5.30729; .NET CLR 3.0.30729; Media Center PC 6.0; InfoPath.3; .NET4.0C; .NET4.0E)" 23523
192.168.65.56 - - [17/Feb/2013:06:53:36 +0600] "GET /pause/ajaxPause?pauseConfigId=all&admin=1 HTTP/1.1" 200 1046 "http://192.168.65.101/pause/index" "Mozilla/5.0 (Windows NT 5.1; rv:15.0) Gecko/20100101 Firefox/15.0" 28900
192.168.12.61 - - [17/Feb/2013:06:53:38 +0600] "GET /pause/ajaxPause?pauseConfigId=&admin=0 HTTP/1.1" 200 986 "http://callider/pause/index" "Mozilla/4.0 (compatible; MSIE 7.0; Windows NT 6.1; Trident/5.0; SLCC2; .NET CLR 2.0.50727; .NET CLR 3.5.30729; .NET CLR 3.0.30729; Media Center PC 6.0; InfoPath.3; .NET4.0C; .NET4.0E)" 28401
192.168.74.93 - - [17/Feb/2013:06:53:38 +0600] "GET /tv/useUser HTTP/1.1" 200 432 "http://callider/graph/personal" "Mozilla/4.0 (compatible; MSIE 7.0; Windows NT 6.1; WOW64; Trident/5.0; SLCC2; .NET CLR 2.0.50727; .NET CLR 3.5.30729; .NET CLR 3.0.30729; Media Center PC 6.0; InfoPath.3; .NET4.0C; .NET4.0E)" 15075
192.168.12.237 - - [17/Feb/2013:06:53:39 +0600] "GET /pause/ajaxPause?pauseConfigId=&admin=0 HTTP/1.1" 200 987 "http://callider/pause/index" "Mozilla/4.0 (compatible; MSIE 7.0; Windows NT 6.1; Trident/5.0; SLCC2; .NET CLR 2.0.50727; .NET CLR 3.5.30729; .NET CLR 3.0.30729; Media Center PC 6.0; InfoPath.3; .NET4.0C; .NET4.0E)" 20595
192.168.12.210 - - [17/Feb/2013:06:53:39 +0600] "GET /tv/useUser HTTP/1.1" 200 431 "http://callider/graph/general" "Mozilla/4.0 (compatible; MSIE 7.0; Windows NT 6.1; WOW64; Trident/5.0; SLCC2; .NET CLR 2.0.50727; .NET CLR 3.5.30729; .NET CLR 3.0.30729; Media Center PC 6.0; InfoPath.3; .NET4.0C; .NET4.0E)" 13229
192.168.74.78 - - [17/Feb/2013:06:53:39 +0600] "GET /pause/ajaxPause?pauseConfigId=&admin=0 HTTP/1.1" 200 986 "http://callider/pause/index" "Mozilla/4.0 (compatible; MSIE 7.0; Windows NT 6.1; WOW64; Trident/5.0; SLCC2; .NET CLR 2.0.50727; .NET CLR 3.5.30729; .NET CLR 3.0.30729; Media Center PC 6.0; InfoPath.3; .NET4.0C; MS-RTC LM 8; .NET4.0E)" 20025
192.168.12.60 - - [17/Feb/2013:06:53:39 +0600] "GET /pause/ajaxPause?pauseConfigId=&admin=0 HTTP/1.1" 200 986 "http://callider/pause/index" "Mozilla/4.0 (compatible; MSIE 8.0; Windows NT 6.1; Trident/4.0; InfoPath.3; .NET4.0C; MS-RTC LM 8; .NET4.0E)" 131576
192.168.12.204 - - [17/Feb/2013:06:53:39 +0600] "GET /pause/ajaxPause?pauseConfigId=&admin=0 HTTP/1.1" 200 986 "http://callider/pause/index" "Mozilla/4.0 (compatible; MSIE 7.0; Windows NT 6.1; WOW64; Trident/4.0; SLCC2; .NET CLR 2.0.50727; .NET CLR 3.5.30729; .NET CLR 3.0.30729; Media Center PC 6.0; InfoPath.3; .NET4.0C; .NET4.0E; .NET CLR 1.1.4322)" 19261
192.168.12.69 - - [17/Feb/2013:06:53:40 +0600] "GET /pause/ajaxPause?pauseConfigId=&admin=0 HTTP/1.1" 200 986 "http://callider/pause/index" "Mozilla/4.0 (compatible; MSIE 7.0; Windows NT 6.1; Trident/5.0; SLCC2; .NET CLR 2.0.50727; .NET CLR 3.5.30729; .NET CLR 3.0.30729; Media Center PC 6.0; InfoPath.3; .NET4.0C; .NET4.0E; Tablet PC 2.0; AskTbFXTV5/5.14.1.20007)" 20800
192.168.74.91 - - [17/Feb/2013:06:53:40 +0600] "GET /pause/ajaxPause?pauseConfigId=&admin=0 HTTP/1.1" 200 986 "http://callider/pause/index" "Mozilla/4.0 (compatible; MSIE 7.0; Windows NT 6.1; WOW64; Trident/5.0; SLCC2; .NET CLR 2.0.50727; .NET CLR 3.5.30729; .NET CLR 3.0.30729; Media Center PC 6.0; InfoPath.3; .NET4.0C; MS-RTC LM 8; .NET4.0E)" 19274
192.168.74.151 - - [17/Feb/2013:06:53:40 +0600] "GET /pause/ajaxPause?pauseConfigId=&admin=0 HTTP/1.1" 200 987 "http://callider.kontur/pause/index" "Mozilla/5.0 (Windows NT 6.1; WOW64; rv:18.0) Gecko/20100101 Firefox/18.0" 19390
192.168.12.210 - - [17/Feb/2013:06:53:40 +0600] "GET /pause/ajaxPause?pauseConfigId=all&admin=1 HTTP/1.1" 200 1047 "http://callider/pause/index" "Mozilla/4.0 (compatible; MSIE 7.0; Windows NT 6.1; WOW64; Trident/5.0; SLCC2; .NET CLR 2.0.50727; .NET CLR 3.5.30729; .NET CLR 3.0.30729; Media Center PC 6.0; InfoPath.3; .NET4.0C; .NET4.0E)" 21483
192.168.12.9 - - [17/Feb/2013:06:53:41 +0600] "GET /tv/useUser HTTP/1.1" 200 432 "http://callider.kontur/site/index" "Mozilla/5.0 (Windows NT 6.1; WOW64) AppleWebKit/537.17 (KHTML, like Gecko) Chrome/24.0.1312.57 Safari/537.17" 15031
192.168.65.56 - - [17/Feb/2013:06:53:41 +0600] "GET /pause/ajaxPause?pauseConfigId=all&admin=1 HTTP/1.1" 200 1046 "http://192.168.65.101/pause/index" "Mozilla/5.0 (Windows NT 5.1; rv:15.0) Gecko/20100101 Firefox/15.0" 30265
192.168.12.61 - - [17/Feb/2013:06:53:43 +0600] "GET /pause/ajaxPause?pauseConfigId=&admin=0 HTTP/1.1" 200 985 "http://callider/pause/index" "Mozilla/4.0 (compatible; MSIE 7.0; Windows NT 6.1; Trident/5.0; SLCC2; .NET CLR 2.0.50727; .NET CLR 3.5.30729; .NET CLR 3.0.30729; Media Center PC 6.0; InfoPath.3; .NET4.0C; .NET4.0E)" 17834
192.168.12.237 - - [17/Feb/2013:06:53:44 +0600] "GET /pause/ajaxPause?pauseConfigId=&admin=0 HTTP/1.1" 200 987 "http://callider/pause/index" "Mozilla/4.0 (compatible; MSIE 7.0; Windows NT 6.1; Trident/5.0; SLCC2; .NET CLR 2.0.50727; .NET CLR 3.5.30729; .NET CLR 3.0.30729; Media Center PC 6.0; InfoPath.3; .NET4.0C; .NET4.0E)" 37546
192.168.74.78 - - [17/Feb/2013:06:53:44 +0600] "GET /pause/ajaxPause?pauseConfigId=&admin=0 HTTP/1.1" 200 986 "http://callider/pause/index" "Mozilla/4.0 (compatible; MSIE 7.0; Windows NT 6.1; WOW64; Trident/5.0; SLCC2; .NET CLR 2.0.50727; .NET CLR 3.5.30729; .NET CLR 3.0.30729; Media Center PC 6.0; InfoPath.3; .NET4.0C; MS-RTC LM 8; .NET4.0E)" 24468
192.168.12.60 - - [17/Feb/2013:06:53:44 +0600] "GET /pause/ajaxPause?pauseConfigId=&admin=0 HTTP/1.1" 200 986 "http://callider/pause/index" "Mozilla/4.0 (compatible; MSIE 8.0; Windows NT 6.1; Trident/4.0; InfoPath.3; .NET4.0C; MS-RTC LM 8; .NET4.0E)" 20584
192.168.12.204 - - [17/Feb/2013:06:53:44 +0600] "GET /pause/ajaxPause?pauseConfigId=&admin=0 HTTP/1.1" 200 986 "http://callider/pause/index" "Mozilla/4.0 (compatible; MSIE 7.0; Windows NT 6.1; WOW64; Trident/4.0; SLCC2; .NET CLR 2.0.50727; .NET CLR 3.5.30729; .NET CLR 3.0.30729; Media Center PC 6.0; InfoPath.3; .NET4.0C; .NET4.0E; .NET CLR 1.1.4322)" 18426
192.168.12.69 - - [17/Feb/2013:06:53:45 +0600] "GET /pause/ajaxPause?pauseConfigId=&admin=0 HTTP/1.1" 200 986 "http://callider/pause/index" "Mozilla/4.0 (compatible; MSIE 7.0; Windows NT 6.1; Trident/5.0; SLCC2; .NET CLR 2.0.50727; .NET CLR 3.5.30729; .NET CLR 3.0.30729; Media Center PC 6.0; InfoPath.3; .NET4.0C; .NET4.0E; Tablet PC 2.0; AskTbFXTV5/5.14.1.20007)" 28883
192.168.74.91 - - [17/Feb/2013:06:53:45 +0600] "GET /pause/ajaxPause?pauseConfigId=&admin=0 HTTP/1.1" 200 986 "http://callider/pause/index" "Mozilla/4.0 (compatible; MSIE 7.0; Windows NT 6.1; WOW64; Trident/5.0; SLCC2; .NET CLR 2.0.50727; .NET CLR 3.5.30729; .NET CLR 3.0.30729; Media Center PC 6.0; InfoPath.3; .NET4.0C; MS-RTC LM 8; .NET4.0E)" 18001
192.168.74.151 - - [17/Feb/2013:06:53:45 +0600] "GET /pause/ajaxPause?pauseConfigId=&admin=0 HTTP/1.1" 200 987 "http://callider.kontur/pause/index" "Mozilla/5.0 (Windows NT 6.1; WOW64; rv:18.0) Gecko/20100101 Firefox/18.0" 18343
192.168.12.210 - - [17/Feb/2013:06:53:45 +0600] "GET /pause/ajaxPause?pauseConfigId=all&admin=1 HTTP/1.1" 200 1047 "http://callider/pause/index" "Mozilla/4.0 (compatible; MSIE 7.0; Windows NT 6.1; WOW64; Trident/5.0; SLCC2; .NET CLR 2.0.50727; .NET CLR 3.5.30729; .NET CLR 3.0.30729; Media Center PC 6.0; InfoPath.3; .NET4.0C; .NET4.0E)" 21729
192.168.65.56 - - [17/Feb/2013:06:53:46 +0600] "GET /pause/ajaxPause?pauseConfigId=all&admin=1 HTTP/1.1" 200 1046 "http://192.168.65.101/pause/index" "Mozilla/5.0 (Windows NT 5.1; rv:15.0) Gecko/20100101 Firefox/15.0" 496140
192.168.12.61 - - [17/Feb/2013:06:53:48 +0600] "GET /pause/ajaxPause?pauseConfigId=&admin=0 HTTP/1.1" 200 986 "http://callider/pause/index" "Mozilla/4.0 (compatible; MSIE 7.0; Windows NT 6.1; Trident/5.0; SLCC2; .NET CLR 2.0.50727; .NET CLR 3.5.30729; .NET CLR 3.0.30729; Media Center PC 6.0; InfoPath.3; .NET4.0C; .NET4.0E)" 33112
192.168.12.210 - - [17/Feb/2013:06:53:49 +0600] "GET /tv/useUser HTTP/1.1" 200 431 "http://callider/pause/index" "Mozilla/4.0 (compatible; MSIE 7.0; Windows NT 6.1; WOW64; Trident/5.0; SLCC2; .NET CLR 2.0.50727; .NET CLR 3.5.30729; .NET CLR 3.0.30729; Media Center PC 6.0; InfoPath.3; .NET4.0C; .NET4.0E)" 18600
192.168.12.237 - - [17/Feb/2013:06:53:49 +0600] "GET /pause/ajaxPause?pauseConfigId=&admin=0 HTTP/1.1" 200 987 "http://callider/pause/index" "Mozilla/4.0 (compatible; MSIE 7.0; Windows NT 6.1; Trident/5.0; SLCC2; .NET CLR 2.0.50727; .NET CLR 3.5.30729; .NET CLR 3.0.30729; Media Center PC 6.0; InfoPath.3; .NET4.0C; .NET4.0E)" 23054
192.168.74.78 - - [17/Feb/2013:06:53:49 +0600] "GET /pause/ajaxPause?pauseConfigId=&admin=0 HTTP/1.1" 200 986 "http://callider/pause/index" "Mozilla/4.0 (compatible; MSIE 7.0; Windows NT 6.1; WOW64; Trident/5.0; SLCC2; .NET CLR 2.0.50727; .NET CLR 3.5.30729; .NET CLR 3.0.30729; Media Center PC 6.0; InfoPath.3; .NET4.0C; MS-RTC LM 8; .NET4.0E)" 18694
192.168.12.60 - - [17/Feb/2013:06:53:49 +0600] "GET /pause/ajaxPause?pauseConfigId=&admin=0 HTTP/1.1" 200 986 "http://callider/pause/index" "Mozilla/4.0 (compatible; MSIE 8.0; Windows NT 6.1; Trident/4.0; InfoPath.3; .NET4.0C; MS-RTC LM 8; .NET4.0E)" 18215
192.168.12.204 - - [17/Feb/2013:06:53:49 +0600] "GET /pause/ajaxPause?pauseConfigId=&admin=0 HTTP/1.1" 200 986 "http://callider/pause/index" "Mozilla/4.0 (compatible; MSIE 7.0; Windows NT 6.1; WOW64; Trident/4.0; SLCC2; .NET CLR 2.0.50727; .NET CLR 3.5.30729; .NET CLR 3.0.30729; Media Center PC 6.0; InfoPath.3; .NET4.0C; .NET4.0E; .NET CLR 1.1.4322)" 21087
192.168.12.69 - - [17/Feb/2013:06:53:50 +0600] "GET /pause/ajaxPause?pauseConfigId=&admin=0 HTTP/1.1" 200 986 "http://callider/pause/index" "Mozilla/4.0 (compatible; MSIE 7.0; Windows NT 6.1; Trident/5.0; SLCC2; .NET CLR 2.0.50727; .NET CLR 3.5.30729; .NET CLR 3.0.30729; Media Center PC 6.0; InfoPath.3; .NET4.0C; .NET4.0E; Tablet PC 2.0; AskTbFXTV5/5.14.1.20007)" 19663
192.168.74.91 - - [17/Feb/2013:06:53:50 +0600] "GET /pause/ajaxPause?pauseConfigId=&admin=0 HTTP/1.1" 200 986 "http://callider/pause/index" "Mozilla/4.0 (compatible; MSIE 7.0; Windows NT 6.1; WOW64; Trident/5.0; SLCC2; .NET CLR 2.0.50727; .NET CLR 3.5.30729; .NET CLR 3.0.30729; Media Center PC 6.0; InfoPath.3; .NET4.0C; MS-RTC LM 8; .NET4.0E)" 20064
192.168.74.151 - - [17/Feb/2013:06:53:50 +0600] "GET /pause/ajaxPause?pauseConfigId=&admin=0 HTTP/1.1" 200 987 "http://callider.kontur/pause/index" "Mozilla/5.0 (Windows NT 6.1; WOW64; rv:18.0) Gecko/20100101 Firefox/18.0" 18657
192.168.12.210 - - [17/Feb/2013:06:53:50 +0600] "GET /pause/ajaxPause?pauseConfigId=all&admin=1 HTTP/1.1" 200 1047 "http://callider/pause/index" "Mozilla/4.0 (compatible; MSIE 7.0; Windows NT 6.1; WOW64; Trident/5.0; SLCC2; .NET CLR 2.0.50727; .NET CLR 3.5.30729; .NET CLR 3.0.30729; Media Center PC 6.0; InfoPath.3; .NET4.0C; .NET4.0E)" 21717
192.168.65.56 - - [17/Feb/2013:06:53:51 +0600] "GET /pause/ajaxPause?pauseConfigId=all&admin=1 HTTP/1.1" 200 1046 "http://192.168.65.101/pause/index" "Mozilla/5.0 (Windows NT 5.1; rv:15.0) Gecko/20100101 Firefox/15.0" 32774
192.168.65.56 - - [17/Feb/2013:06:53:51 +0600] "GET /tv/useUser HTTP/1.1" 200 431 "http://192.168.65.101/pause/index" "Mozilla/5.0 (Windows NT 5.1; rv:15.0) Gecko/20100101 Firefox/15.0" 16844
192.168.12.61 - - [17/Feb/2013:06:53:53 +0600] "GET /pause/ajaxPause?pauseConfigId=&admin=0 HTTP/1.1" 200 985 "http://callider/pause/index" "Mozilla/4.0 (compatible; MSIE 7.0; Windows NT 6.1; Trident/5.0; SLCC2; .NET CLR 2.0.50727; .NET CLR 3.5.30729; .NET CLR 3.0.30729; Media Center PC 6.0; InfoPath.3; .NET4.0C; .NET4.0E)" 18763
192.168.12.237 - - [17/Feb/2013:06:53:54 +0600] "GET /pause/ajaxPause?pauseConfigId=&admin=0 HTTP/1.1" 200 987 "http://callider/pause/index" "Mozilla/4.0 (compatible; MSIE 7.0; Windows NT 6.1; Trident/5.0; SLCC2; .NET CLR 2.0.50727; .NET CLR 3.5.30729; .NET CLR 3.0.30729; Media Center PC 6.0; InfoPath.3; .NET4.0C; .NET4.0E)" 20506
192.168.74.78 - - [17/Feb/2013:06:53:54 +0600] "GET /pause/ajaxPause?pauseConfigId=&admin=0 HTTP/1.1" 200 986 "http://callider/pause/index" "Mozilla/4.0 (compatible; MSIE 7.0; Windows NT 6.1; WOW64; Trident/5.0; SLCC2; .NET CLR 2.0.50727; .NET CLR 3.5.30729; .NET CLR 3.0.30729; Media Center PC 6.0; InfoPath.3; .NET4.0C; MS-RTC LM 8; .NET4.0E)" 18823
192.168.12.60 - - [17/Feb/2013:06:53:54 +0600] "GET /pause/ajaxPause?pauseConfigId=&admin=0 HTTP/1.1" 200 986 "http://callider/pause/index" "Mozilla/4.0 (compatible; MSIE 8.0; Windows NT 6.1; Trident/4.0; InfoPath.3; .NET4.0C; MS-RTC LM 8; .NET4.0E)" 19550
192.168.12.204 - - [17/Feb/2013:06:53:54 +0600] "GET /pause/ajaxPause?pauseConfigId=&admin=0 HTTP/1.1" 200 986 "http://callider/pause/index" "Mozilla/4.0 (compatible; MSIE 7.0; Windows NT 6.1; WOW64; Trident/4.0; SLCC2; .NET CLR 2.0.50727; .NET CLR 3.5.30729; .NET CLR 3.0.30729; Media Center PC 6.0; InfoPath.3; .NET4.0C; .NET4.0E; .NET CLR 1.1.4322)" 39975
192.168.12.69 - - [17/Feb/2013:06:53:55 +0600] "GET /pause/ajaxPause?pauseConfigId=&admin=0 HTTP/1.1" 200 986 "http://callider/pause/index" "Mozilla/4.0 (compatible; MSIE 7.0; Windows NT 6.1; Trident/5.0; SLCC2; .NET CLR 2.0.50727; .NET CLR 3.5.30729; .NET CLR 3.0.30729; Media Center PC 6.0; InfoPath.3; .NET4.0C; .NET4.0E; Tablet PC 2.0; AskTbFXTV5/5.14.1.20007)" 18488
192.168.74.151 - - [17/Feb/2013:06:53:55 +0600] "GET /pause/ajaxPause?pauseConfigId=&admin=0 HTTP/1.1" 200 987 "http://callider.kontur/pause/index" "Mozilla/5.0 (Windows NT 6.1; WOW64; rv:18.0) Gecko/20100101 Firefox/18.0" 23873
192.168.74.91 - - [17/Feb/2013:06:53:55 +0600] "GET /pause/ajaxPause?pauseConfigId=&admin=0 HTTP/1.1" 200 986 "http://callider/pause/index" "Mozilla/4.0 (compatible; MSIE 7.0; Windows NT 6.1; WOW64; Trident/5.0; SLCC2; .NET CLR 2.0.50727; .NET CLR 3.5.30729; .NET CLR 3.0.30729; Media Center PC 6.0; InfoPath.3; .NET4.0C; MS-RTC LM 8; .NET4.0E)" 38733
192.168.12.210 - - [17/Feb/2013:06:53:55 +0600] "GET /pause/ajaxPause?pauseConfigId=all&admin=1 HTTP/1.1" 200 1047 "http://callider/pause/index" "Mozilla/4.0 (compatible; MSIE 7.0; Windows NT 6.1; WOW64; Trident/5.0; SLCC2; .NET CLR 2.0.50727; .NET CLR 3.5.30729; .NET CLR 3.0.30729; Media Center PC 6.0; InfoPath.3; .NET4.0C; .NET4.0E)" 22747
192.168.65.56 - - [17/Feb/2013:06:53:56 +0600] "GET /pause/ajaxPause?pauseConfigId=all&admin=1 HTTP/1.1" 200 1046 "http://192.168.65.101/pause/index" "Mozilla/5.0 (Windows NT 5.1; rv:15.0) Gecko/20100101 Firefox/15.0" 29166
192.168.12.61 - - [17/Feb/2013:06:53:58 +0600] "GET /pause/ajaxPause?pauseConfigId=&admin=0 HTTP/1.1" 200 985 "http://callider/pause/index" "Mozilla/4.0 (compatible; MSIE 7.0; Windows NT 6.1; Trident/5.0; SLCC2; .NET CLR 2.0.50727; .NET CLR 3.5.30729; .NET CLR 3.0.30729; Media Center PC 6.0; InfoPath.3; .NET4.0C; .NET4.0E)" 21612
192.168.12.237 - - [17/Feb/2013:06:53:59 +0600] "GET /pause/ajaxPause?pauseConfigId=&admin=0 HTTP/1.1" 200 987 "http://callider/pause/index" "Mozilla/4.0 (compatible; MSIE 7.0; Windows NT 6.1; Trident/5.0; SLCC2; .NET CLR 2.0.50727; .NET CLR 3.5.30729; .NET CLR 3.0.30729; Media Center PC 6.0; InfoPath.3; .NET4.0C; .NET4.0E)" 20056
192.168.74.78 - - [17/Feb/2013:06:53:59 +0600] "GET /pause/ajaxPause?pauseConfigId=&admin=0 HTTP/1.1" 200 986 "http://callider/pause/index" "Mozilla/4.0 (compatible; MSIE 7.0; Windows NT 6.1; WOW64; Trident/5.0; SLCC2; .NET CLR 2.0.50727; .NET CLR 3.5.30729; .NET CLR 3.0.30729; Media Center PC 6.0; InfoPath.3; .NET4.0C; MS-RTC LM 8; .NET4.0E)" 19413
192.168.12.60 - - [17/Feb/2013:06:53:59 +0600] "GET /pause/ajaxPause?pauseConfigId=&admin=0 HTTP/1.1" 200 986 "http://callider/pause/index" "Mozilla/4.0 (compatible; MSIE 8.0; Windows NT 6.1; Trident/4.0; InfoPath.3; .NET4.0C; MS-RTC LM 8; .NET4.0E)" 21973
192.168.12.204 - - [17/Feb/2013:06:54:00 +0600] "GET /pause/ajaxPause?pauseConfigId=&admin=0 HTTP/1.1" 200 986 "http://callider/pause/index" "Mozilla/4.0 (compatible; MSIE 7.0; Windows NT 6.1; WOW64; Trident/4.0; SLCC2; .NET CLR 2.0.50727; .NET CLR 3.5.30729; .NET CLR 3.0.30729; Media Center PC 6.0; InfoPath.3; .NET4.0C; .NET4.0E; .NET CLR 1.1.4322)" 29422
192.168.12.69 - - [17/Feb/2013:06:54:00 +0600] "GET /pause/ajaxPause?pauseConfigId=&admin=0 HTTP/1.1" 200 986 "http://callider/pause/index" "Mozilla/4.0 (compatible; MSIE 7.0; Windows NT 6.1; Trident/5.0; SLCC2; .NET CLR 2.0.50727; .NET CLR 3.5.30729; .NET CLR 3.0.30729; Media Center PC 6.0; InfoPath.3; .NET4.0C; .NET4.0E; Tablet PC 2.0; AskTbFXTV5/5.14.1.20007)" 165945
192.168.74.91 - - [17/Feb/2013:06:54:00 +0600] "GET /pause/ajaxPause?pauseConfigId=&admin=0 HTTP/1.1" 200 986 "http://callider/pause/index" "Mozilla/4.0 (compatible; MSIE 7.0; Windows NT 6.1; WOW64; Trident/5.0; SLCC2; .NET CLR 2.0.50727; .NET CLR 3.5.30729; .NET CLR 3.0.30729; Media Center PC 6.0; InfoPath.3; .NET4.0C; MS-RTC LM 8; .NET4.0E)" 26307
192.168.74.151 - - [17/Feb/2013:06:54:00 +0600] "GET /pause/ajaxPause?pauseConfigId=&admin=0 HTTP/1.1" 200 987 "http://callider.kontur/pause/index" "Mozilla/5.0 (Windows NT 6.1; WOW64; rv:18.0) Gecko/20100101 Firefox/18.0" 18183
192.168.12.210 - - [17/Feb/2013:06:54:00 +0600] "GET /pause/ajaxPause?pauseConfigId=all&admin=1 HTTP/1.1" 200 1047 "http://callider/pause/index" "Mozilla/4.0 (compatible; MSIE 7.0; Windows NT 6.1; WOW64; Trident/5.0; SLCC2; .NET CLR 2.0.50727; .NET CLR 3.5.30729; .NET CLR 3.0.30729; Media Center PC 6.0; InfoPath.3; .NET4.0C; .NET4.0E)" 22982
192.168.65.56 - - [17/Feb/2013:06:54:01 +0600] "GET /pause/ajaxPause?pauseConfigId=all&admin=1 HTTP/1.1" 200 1046 "http://192.168.65.101/pause/index" "Mozilla/5.0 (Windows NT 5.1; rv:15.0) Gecko/20100101 Firefox/15.0" 29743
192.168.12.61 - - [17/Feb/2013:06:54:03 +0600] "GET /pause/ajaxPause?pauseConfigId=&admin=0 HTTP/1.1" 200 985 "http://callider/pause/index" "Mozilla/4.0 (compatible; MSIE 7.0; Windows NT 6.1; Trident/5.0; SLCC2; .NET CLR 2.0.50727; .NET CLR 3.5.30729; .NET CLR 3.0.30729; Media Center PC 6.0; InfoPath.3; .NET4.0C; .NET4.0E)" 17947
192.168.12.237 - - [17/Feb/2013:06:54:04 +0600] "GET /pause/ajaxPause?pauseConfigId=&admin=0 HTTP/1.1" 200 987 "http://callider/pause/index" "Mozilla/4.0 (compatible; MSIE 7.0; Windows NT 6.1; Trident/5.0; SLCC2; .NET CLR 2.0.50727; .NET CLR 3.5.30729; .NET CLR 3.0.30729; Media Center PC 6.0; InfoPath.3; .NET4.0C; .NET4.0E)" 25561
192.168.74.78 - - [17/Feb/2013:06:54:04 +0600] "GET /pause/ajaxPause?pauseConfigId=&admin=0 HTTP/1.1" 200 986 "http://callider/pause/index" "Mozilla/4.0 (compatible; MSIE 7.0; Windows NT 6.1; WOW64; Trident/5.0; SLCC2; .NET CLR 2.0.50727; .NET CLR 3.5.30729; .NET CLR 3.0.30729; Media Center PC 6.0; InfoPath.3; .NET4.0C; MS-RTC LM 8; .NET4.0E)" 21312
192.168.12.60 - - [17/Feb/2013:06:54:04 +0600] "GET /pause/ajaxPause?pauseConfigId=&admin=0 HTTP/1.1" 200 986 "http://callider/pause/index" "Mozilla/4.0 (compatible; MSIE 8.0; Windows NT 6.1; Trident/4.0; InfoPath.3; .NET4.0C; MS-RTC LM 8; .NET4.0E)" 77149
192.168.12.204 - - [17/Feb/2013:06:54:05 +0600] "GET /pause/ajaxPause?pauseConfigId=&admin=0 HTTP/1.1" 200 986 "http://callider/pause/index" "Mozilla/4.0 (compatible; MSIE 7.0; Windows NT 6.1; WOW64; Trident/4.0; SLCC2; .NET CLR 2.0.50727; .NET CLR 3.5.30729; .NET CLR 3.0.30729; Media Center PC 6.0; InfoPath.3; .NET4.0C; .NET4.0E; .NET CLR 1.1.4322)" 18592
192.168.12.69 - - [17/Feb/2013:06:54:05 +0600] "GET /pause/ajaxPause?pauseConfigId=&admin=0 HTTP/1.1" 200 986 "http://callider/pause/index" "Mozilla/4.0 (compatible; MSIE 7.0; Windows NT 6.1; Trident/5.0; SLCC2; .NET CLR 2.0.50727; .NET CLR 3.5.30729; .NET CLR 3.0.30729; Media Center PC 6.0; InfoPath.3; .NET4.0C; .NET4.0E; Tablet PC 2.0; AskTbFXTV5/5.14.1.20007)" 19124
192.168.12.61 - - [17/Feb/2013:06:54:05 +0600] "GET /tv/useUser HTTP/1.1" 200 431 "http://callider/pause/index" "Mozilla/4.0 (compatible; MSIE 7.0; Windows NT 6.1; Trident/5.0; SLCC2; .NET CLR 2.0.50727; .NET CLR 3.5.30729; .NET CLR 3.0.30729; Media Center PC 6.0; InfoPath.3; .NET4.0C; .NET4.0E)" 9408
192.168.74.91 - - [17/Feb/2013:06:54:05 +0600] "GET /pause/ajaxPause?pauseConfigId=&admin=0 HTTP/1.1" 200 986 "http://callider/pause/index" "Mozilla/4.0 (compatible; MSIE 7.0; Windows NT 6.1; WOW64; Trident/5.0; SLCC2; .NET CLR 2.0.50727; .NET CLR 3.5.30729; .NET CLR 3.0.30729; Media Center PC 6.0; InfoPath.3; .NET4.0C; MS-RTC LM 8; .NET4.0E)" 20714
192.168.74.151 - - [17/Feb/2013:06:54:05 +0600] "GET /pause/ajaxPause?pauseConfigId=&admin=0 HTTP/1.1" 200 987 "http://callider.kontur/pause/index" "Mozilla/5.0 (Windows NT 6.1; WOW64; rv:18.0) Gecko/20100101 Firefox/18.0" 19398
192.168.12.210 - - [17/Feb/2013:06:54:05 +0600] "GET /pause/ajaxPause?pauseConfigId=all&admin=1 HTTP/1.1" 200 1047 "http://callider/pause/index" "Mozilla/4.0 (compatible; MSIE 7.0; Windows NT 6.1; WOW64; Trident/5.0; SLCC2; .NET CLR 2.0.50727; .NET CLR 3.5.30729; .NET CLR 3.0.30729; Media Center PC 6.0; InfoPath.3; .NET4.0C; .NET4.0E)" 22822
192.168.65.56 - - [17/Feb/2013:06:54:06 +0600] "GET /pause/ajaxPause?pauseConfigId=all&admin=1 HTTP/1.1" 200 1046 "http://192.168.65.101/pause/index" "Mozilla/5.0 (Windows NT 5.1; rv:15.0) Gecko/20100101 Firefox/15.0" 30873
192.168.12.61 - - [17/Feb/2013:06:54:08 +0600] "GET /pause/ajaxPause?pauseConfigId=&admin=0 HTTP/1.1" 200 985 "http://callider/pause/index" "Mozilla/4.0 (compatible; MSIE 7.0; Windows NT 6.1; Trident/5.0; SLCC2; .NET CLR 2.0.50727; .NET CLR 3.5.30729; .NET CLR 3.0.30729; Media Center PC 6.0; InfoPath.3; .NET4.0C; .NET4.0E)" 18634
192.168.12.237 - - [17/Feb/2013:06:54:09 +0600] "GET /pause/ajaxPause?pauseConfigId=&admin=0 HTTP/1.1" 200 987 "http://callider/pause/index" "Mozilla/4.0 (compatible; MSIE 7.0; Windows NT 6.1; Trident/5.0; SLCC2; .NET CLR 2.0.50727; .NET CLR 3.5.30729; .NET CLR 3.0.30729; Media Center PC 6.0; InfoPath.3; .NET4.0C; .NET4.0E)" 30970
192.168.74.78 - - [17/Feb/2013:06:54:09 +0600] "GET /pause/ajaxPause?pauseConfigId=&admin=0 HTTP/1.1" 200 986 "http://callider/pause/index" "Mozilla/4.0 (compatible; MSIE 7.0; Windows NT 6.1; WOW64; Trident/5.0; SLCC2; .NET CLR 2.0.50727; .NET CLR 3.5.30729; .NET CLR 3.0.30729; Media Center PC 6.0; InfoPath.3; .NET4.0C; MS-RTC LM 8; .NET4.0E)" 19150
192.168.12.60 - - [17/Feb/2013:06:54:09 +0600] "GET /pause/ajaxPause?pauseConfigId=&admin=0 HTTP/1.1" 200 986 "http://callider/pause/index" "Mozilla/4.0 (compatible; MSIE 8.0; Windows NT 6.1; Trident/4.0; InfoPath.3; .NET4.0C; MS-RTC LM 8; .NET4.0E)" 21934
192.168.12.204 - - [17/Feb/2013:06:54:10 +0600] "GET /pause/ajaxPause?pauseConfigId=&admin=0 HTTP/1.1" 200 986 "http://callider/pause/index" "Mozilla/4.0 (compatible; MSIE 7.0; Windows NT 6.1; WOW64; Trident/4.0; SLCC2; .NET CLR 2.0.50727; .NET CLR 3.5.30729; .NET CLR 3.0.30729; Media Center PC 6.0; InfoPath.3; .NET4.0C; .NET4.0E; .NET CLR 1.1.4322)" 26434
192.168.12.69 - - [17/Feb/2013:06:54:10 +0600] "GET /pause/ajaxPause?pauseConfigId=&admin=0 HTTP/1.1" 200 986 "http://callider/pause/index" "Mozilla/4.0 (compatible; MSIE 7.0; Windows NT 6.1; Trident/5.0; SLCC2; .NET CLR 2.0.50727; .NET CLR 3.5.30729; .NET CLR 3.0.30729; Media Center PC 6.0; InfoPath.3; .NET4.0C; .NET4.0E; Tablet PC 2.0; AskTbFXTV5/5.14.1.20007)" 21979
192.168.74.91 - - [17/Feb/2013:06:54:10 +0600] "GET /pause/ajaxPause?pauseConfigId=&admin=0 HTTP/1.1" 200 986 "http://callider/pause/index" "Mozilla/4.0 (compatible; MSIE 7.0; Windows NT 6.1; WOW64; Trident/5.0; SLCC2; .NET CLR 2.0.50727; .NET CLR 3.5.30729; .NET CLR 3.0.30729; Media Center PC 6.0; InfoPath.3; .NET4.0C; MS-RTC LM 8; .NET4.0E)" 18318
192.168.74.151 - - [17/Feb/2013:06:54:10 +0600] "GET /pause/ajaxPause?pauseConfigId=&admin=0 HTTP/1.1" 200 987 "http://callider.kontur/pause/index" "Mozilla/5.0 (Windows NT 6.1; WOW64; rv:18.0) Gecko/20100101 Firefox/18.0" 19267
192.168.12.210 - - [17/Feb/2013:06:54:10 +0600] "GET /pause/ajaxPause?pauseConfigId=all&admin=1 HTTP/1.1" 200 1047 "http://callider/pause/index" "Mozilla/4.0 (compatible; MSIE 7.0; Windows NT 6.1; WOW64; Trident/5.0; SLCC2; .NET CLR 2.0.50727; .NET CLR 3.5.30729; .NET CLR 3.0.30729; Media Center PC 6.0; InfoPath.3; .NET4.0C; .NET4.0E)" 29870
192.168.12.42 - - [17/Feb/2013:06:54:11 +0600] "GET /tv/useUser HTTP/1.1" 200 432 "http://callider/graph/personal" "Mozilla/4.0 (compatible; MSIE 7.0; Windows NT 6.1; WOW64; Trident/5.0; SLCC2; .NET CLR 2.0.50727; .NET CLR 3.5.30729; .NET CLR 3.0.30729; Media Center PC 6.0; InfoPath.3; .NET4.0C; .NET4.0E)" 16465
192.168.65.56 - - [17/Feb/2013:06:54:11 +0600] "GET /pause/ajaxPause?pauseConfigId=all&admin=1 HTTP/1.1" 200 1046 "http://192.168.65.101/pause/index" "Mozilla/5.0 (Windows NT 5.1; rv:15.0) Gecko/20100101 Firefox/15.0" 29641
192.168.12.61 - - [17/Feb/2013:06:54:13 +0600] "GET /pause/ajaxPause?pauseConfigId=&admin=0 HTTP/1.1" 200 985 "http://callider/pause/index" "Mozilla/4.0 (compatible; MSIE 7.0; Windows NT 6.1; Trident/5.0; SLCC2; .NET CLR 2.0.50727; .NET CLR 3.5.30729; .NET CLR 3.0.30729; Media Center PC 6.0; InfoPath.3; .NET4.0C; .NET4.0E)" 18272
192.168.74.151 - - [17/Feb/2013:06:54:13 +0600] "GET /tv/useUser HTTP/1.1" 200 431 "http://callider.kontur/graph/general" "Mozilla/5.0 (Windows NT 6.1; WOW64; rv:18.0) Gecko/20100101 Firefox/18.0" 16130
192.168.12.237 - - [17/Feb/2013:06:54:14 +0600] "GET /pause/ajaxPause?pauseConfigId=&admin=0 HTTP/1.1" 200 987 "http://callider/pause/index" "Mozilla/4.0 (compatible; MSIE 7.0; Windows NT 6.1; Trident/5.0; SLCC2; .NET CLR 2.0.50727; .NET CLR 3.5.30729; .NET CLR 3.0.30729; Media Center PC 6.0; InfoPath.3; .NET4.0C; .NET4.0E)" 21252
192.168.74.78 - - [17/Feb/2013:06:54:14 +0600] "GET /pause/ajaxPause?pauseConfigId=&admin=0 HTTP/1.1" 200 986 "http://callider/pause/index" "Mozilla/4.0 (compatible; MSIE 7.0; Windows NT 6.1; WOW64; Trident/5.0; SLCC2; .NET CLR 2.0.50727; .NET CLR 3.5.30729; .NET CLR 3.0.30729; Media Center PC 6.0; InfoPath.3; .NET4.0C; MS-RTC LM 8; .NET4.0E)" 19660
192.168.12.60 - - [17/Feb/2013:06:54:14 +0600] "GET /pause/ajaxPause?pauseConfigId=&admin=0 HTTP/1.1" 200 986 "http://callider/pause/index" "Mozilla/4.0 (compatible; MSIE 8.0; Windows NT 6.1; Trident/4.0; InfoPath.3; .NET4.0C; MS-RTC LM 8; .NET4.0E)" 18130
192.168.12.204 - - [17/Feb/2013:06:54:15 +0600] "GET /pause/ajaxPause?pauseConfigId=&admin=0 HTTP/1.1" 200 986 "http://callider/pause/index" "Mozilla/4.0 (compatible; MSIE 7.0; Windows NT 6.1; WOW64; Trident/4.0; SLCC2; .NET CLR 2.0.50727; .NET CLR 3.5.30729; .NET CLR 3.0.30729; Media Center PC 6.0; InfoPath.3; .NET4.0C; .NET4.0E; .NET CLR 1.1.4322)" 17857
192.168.12.69 - - [17/Feb/2013:06:54:15 +0600] "GET /pause/ajaxPause?pauseConfigId=&admin=0 HTTP/1.1" 200 986 "http://callider/pause/index" "Mozilla/4.0 (compatible; MSIE 7.0; Windows NT 6.1; Trident/5.0; SLCC2; .NET CLR 2.0.50727; .NET CLR 3.5.30729; .NET CLR 3.0.30729; Media Center PC 6.0; InfoPath.3; .NET4.0C; .NET4.0E; Tablet PC 2.0; AskTbFXTV5/5.14.1.20007)" 19391
192.168.74.91 - - [17/Feb/2013:06:54:15 +0600] "GET /pause/ajaxPause?pauseConfigId=&admin=0 HTTP/1.1" 200 986 "http://callider/pause/index" "Mozilla/4.0 (compatible; MSIE 7.0; Windows NT 6.1; WOW64; Trident/5.0; SLCC2; .NET CLR 2.0.50727; .NET CLR 3.5.30729; .NET CLR 3.0.30729; Media Center PC 6.0; InfoPath.3; .NET4.0C; MS-RTC LM 8; .NET4.0E)" 18546
192.168.74.151 - - [17/Feb/2013:06:54:15 +0600] "GET /pause/ajaxPause?pauseConfigId=&admin=0 HTTP/1.1" 200 987 "http://callider.kontur/pause/index" "Mozilla/5.0 (Windows NT 6.1; WOW64; rv:18.0) Gecko/20100101 Firefox/18.0" 19749
192.168.74.151 - - [17/Feb/2013:06:54:15 +0600] "GET /tv/useUser HTTP/1.1" 200 432 "http://callider.kontur/pause/index" "Mozilla/5.0 (Windows NT 6.1; WOW64; rv:18.0) Gecko/20100101 Firefox/18.0" 16491
192.168.12.210 - - [17/Feb/2013:06:54:15 +0600] "GET /pause/ajaxPause?pauseConfigId=all&admin=1 HTTP/1.1" 200 1047 "http://callider/pause/index" "Mozilla/4.0 (compatible; MSIE 7.0; Windows NT 6.1; WOW64; Trident/5.0; SLCC2; .NET CLR 2.0.50727; .NET CLR 3.5.30729; .NET CLR 3.0.30729; Media Center PC 6.0; InfoPath.3; .NET4.0C; .NET4.0E)" 22118
192.168.65.56 - - [17/Feb/2013:06:54:16 +0600] "GET /pause/ajaxPause?pauseConfigId=all&admin=1 HTTP/1.1" 200 1046 "http://192.168.65.101/pause/index" "Mozilla/5.0 (Windows NT 5.1; rv:15.0) Gecko/20100101 Firefox/15.0" 29646
192.168.12.61 - - [17/Feb/2013:06:54:18 +0600] "GET /pause/ajaxPause?pauseConfigId=&admin=0 HTTP/1.1" 200 985 "http://callider/pause/index" "Mozilla/4.0 (compatible; MSIE 7.0; Windows NT 6.1; Trident/5.0; SLCC2; .NET CLR 2.0.50727; .NET CLR 3.5.30729; .NET CLR 3.0.30729; Media Center PC 6.0; InfoPath.3; .NET4.0C; .NET4.0E)" 22306
192.168.12.237 - - [17/Feb/2013:06:54:19 +0600] "GET /pause/ajaxPause?pauseConfigId=&admin=0 HTTP/1.1" 200 987 "http://callider/pause/index" "Mozilla/4.0 (compatible; MSIE 7.0; Windows NT 6.1; Trident/5.0; SLCC2; .NET CLR 2.0.50727; .NET CLR 3.5.30729; .NET CLR 3.0.30729; Media Center PC 6.0; InfoPath.3; .NET4.0C; .NET4.0E)" 19415
192.168.74.78 - - [17/Feb/2013:06:54:19 +0600] "GET /pause/ajaxPause?pauseConfigId=&admin=0 HTTP/1.1" 200 986 "http://callider/pause/index" "Mozilla/4.0 (compatible; MSIE 7.0; Windows NT 6.1; WOW64; Trident/5.0; SLCC2; .NET CLR 2.0.50727; .NET CLR 3.5.30729; .NET CLR 3.0.30729; Media Center PC 6.0; InfoPath.3; .NET4.0C; MS-RTC LM 8; .NET4.0E)" 19827
192.168.12.10 - - [17/Feb/2013:06:54:19 +0600] "GET /tv/useUser HTTP/1.1" 200 432 "http://callider/graph/personal" "Mozilla/4.0 (compatible; MSIE 7.0; Windows NT 6.1; Trident/5.0; SLCC2; .NET CLR 2.0.50727; .NET CLR 3.5.30729; .NET CLR 3.0.30729; Media Center PC 6.0; InfoPath.3; .NET4.0C; .NET4.0E; Tablet PC 2.0; MS-RTC LM 8)" 18748
192.168.12.60 - - [17/Feb/2013:06:54:19 +0600] "GET /pause/ajaxPause?pauseConfigId=&admin=0 HTTP/1.1" 200 986 "http://callider/pause/index" "Mozilla/4.0 (compatible; MSIE 8.0; Windows NT 6.1; Trident/4.0; InfoPath.3; .NET4.0C; MS-RTC LM 8; .NET4.0E)" 21875
192.168.12.108 - - [17/Feb/2013:06:54:19 +0600] "GET /tv/useUser HTTP/1.1" 200 432 "http://callider/index.php" "Mozilla/4.0 (compatible; MSIE 7.0; Windows NT 6.2; WOW64; Trident/6.0; .NET4.0E; .NET4.0C; InfoPath.3; .NET CLR 3.5.30729; .NET CLR 2.0.50727; .NET CLR 3.0.30729)" 26858
192.168.12.204 - - [17/Feb/2013:06:54:20 +0600] "GET /pause/ajaxPause?pauseConfigId=&admin=0 HTTP/1.1" 200 986 "http://callider/pause/index" "Mozilla/4.0 (compatible; MSIE 7.0; Windows NT 6.1; WOW64; Trident/4.0; SLCC2; .NET CLR 2.0.50727; .NET CLR 3.5.30729; .NET CLR 3.0.30729; Media Center PC 6.0; InfoPath.3; .NET4.0C; .NET4.0E; .NET CLR 1.1.4322)" 25171
192.168.12.69 - - [17/Feb/2013:06:54:20 +0600] "GET /pause/ajaxPause?pauseConfigId=&admin=0 HTTP/1.1" 200 986 "http://callider/pause/index" "Mozilla/4.0 (compatible; MSIE 7.0; Windows NT 6.1; Trident/5.0; SLCC2; .NET CLR 2.0.50727; .NET CLR 3.5.30729; .NET CLR 3.0.30729; Media Center PC 6.0; InfoPath.3; .NET4.0C; .NET4.0E; Tablet PC 2.0; AskTbFXTV5/5.14.1.20007)" 19162
192.168.74.91 - - [17/Feb/2013:06:54:20 +0600] "GET /pause/ajaxPause?pauseConfigId=&admin=0 HTTP/1.1" 200 986 "http://callider/pause/index" "Mozilla/4.0 (compatible; MSIE 7.0; Windows NT 6.1; WOW64; Trident/5.0; SLCC2; .NET CLR 2.0.50727; .NET CLR 3.5.30729; .NET CLR 3.0.30729; Media Center PC 6.0; InfoPath.3; .NET4.0C; MS-RTC LM 8; .NET4.0E)" 22778
192.168.74.151 - - [17/Feb/2013:06:54:20 +0600] "GET /pause/ajaxPause?pauseConfigId=&admin=0 HTTP/1.1" 200 987 "http://callider.kontur/pause/index" "Mozilla/5.0 (Windows NT 6.1; WOW64; rv:18.0) Gecko/20100101 Firefox/18.0" 18884
192.168.12.210 - - [17/Feb/2013:06:54:20 +0600] "GET /pause/ajaxPause?pauseConfigId=all&admin=1 HTTP/1.1" 200 1047 "http://callider/pause/index" "Mozilla/4.0 (compatible; MSIE 7.0; Windows NT 6.1; WOW64; Trident/5.0; SLCC2; .NET CLR 2.0.50727; .NET CLR 3.5.30729; .NET CLR 3.0.30729; Media Center PC 6.0; InfoPath.3; .NET4.0C; .NET4.0E)" 22635
192.168.65.56 - - [17/Feb/2013:06:54:21 +0600] "GET /pause/ajaxPause?pauseConfigId=all&admin=1 HTTP/1.1" 200 1046 "http://192.168.65.101/pause/index" "Mozilla/5.0 (Windows NT 5.1; rv:15.0) Gecko/20100101 Firefox/15.0" 53267
192.168.12.61 - - [17/Feb/2013:06:54:23 +0600] "GET /pause/ajaxPause?pauseConfigId=&admin=0 HTTP/1.1" 200 985 "http://callider/pause/index" "Mozilla/4.0 (compatible; MSIE 7.0; Windows NT 6.1; Trident/5.0; SLCC2; .NET CLR 2.0.50727; .NET CLR 3.5.30729; .NET CLR 3.0.30729; Media Center PC 6.0; InfoPath.3; .NET4.0C; .NET4.0E)" 18720
192.168.12.237 - - [17/Feb/2013:06:54:24 +0600] "GET /pause/ajaxPause?pauseConfigId=&admin=0 HTTP/1.1" 200 987 "http://callider/pause/index" "Mozilla/4.0 (compatible; MSIE 7.0; Windows NT 6.1; Trident/5.0; SLCC2; .NET CLR 2.0.50727; .NET CLR 3.5.30729; .NET CLR 3.0.30729; Media Center PC 6.0; InfoPath.3; .NET4.0C; .NET4.0E)" 19540
192.168.74.78 - - [17/Feb/2013:06:54:24 +0600] "GET /pause/ajaxPause?pauseConfigId=&admin=0 HTTP/1.1" 200 986 "http://callider/pause/index" "Mozilla/4.0 (compatible; MSIE 7.0; Windows NT 6.1; WOW64; Trident/5.0; SLCC2; .NET CLR 2.0.50727; .NET CLR 3.5.30729; .NET CLR 3.0.30729; Media Center PC 6.0; InfoPath.3; .NET4.0C; MS-RTC LM 8; .NET4.0E)" 26614
192.168.12.60 - - [17/Feb/2013:06:54:24 +0600] "GET /pause/ajaxPause?pauseConfigId=&admin=0 HTTP/1.1" 200 986 "http://callider/pause/index" "Mozilla/4.0 (compatible; MSIE 8.0; Windows NT 6.1; Trident/4.0; InfoPath.3; .NET4.0C; MS-RTC LM 8; .NET4.0E)" 19369
192.168.12.204 - - [17/Feb/2013:06:54:25 +0600] "GET /pause/ajaxPause?pauseConfigId=&admin=0 HTTP/1.1" 200 986 "http://callider/pause/index" "Mozilla/4.0 (compatible; MSIE 7.0; Windows NT 6.1; WOW64; Trident/4.0; SLCC2; .NET CLR 2.0.50727; .NET CLR 3.5.30729; .NET CLR 3.0.30729; Media Center PC 6.0; InfoPath.3; .NET4.0C; .NET4.0E; .NET CLR 1.1.4322)" 18174
192.168.12.69 - - [17/Feb/2013:06:54:25 +0600] "GET /pause/ajaxPause?pauseConfigId=&admin=0 HTTP/1.1" 200 986 "http://callider/pause/index" "Mozilla/4.0 (compatible; MSIE 7.0; Windows NT 6.1; Trident/5.0; SLCC2; .NET CLR 2.0.50727; .NET CLR 3.5.30729; .NET CLR 3.0.30729; Media Center PC 6.0; InfoPath.3; .NET4.0C; .NET4.0E; Tablet PC 2.0; AskTbFXTV5/5.14.1.20007)" 24120
192.168.74.91 - - [17/Feb/2013:06:54:25 +0600] "GET /pause/ajaxPause?pauseConfigId=&admin=0 HTTP/1.1" 200 986 "http://callider/pause/index" "Mozilla/4.0 (compatible; MSIE 7.0; Windows NT 6.1; WOW64; Trident/5.0; SLCC2; .NET CLR 2.0.50727; .NET CLR 3.5.30729; .NET CLR 3.0.30729; Media Center PC 6.0; InfoPath.3; .NET4.0C; MS-RTC LM 8; .NET4.0E)" 18441
192.168.74.151 - - [17/Feb/2013:06:54:25 +0600] "GET /pause/ajaxPause?pauseConfigId=&admin=0 HTTP/1.1" 200 987 "http://callider.kontur/pause/index" "Mozilla/5.0 (Windows NT 6.1; WOW64; rv:18.0) Gecko/20100101 Firefox/18.0" 18543
192.168.12.210 - - [17/Feb/2013:06:54:25 +0600] "GET /pause/ajaxPause?pauseConfigId=all&admin=1 HTTP/1.1" 200 1047 "http://callider/pause/index" "Mozilla/4.0 (compatible; MSIE 7.0; Windows NT 6.1; WOW64; Trident/5.0; SLCC2; .NET CLR 2.0.50727; .NET CLR 3.5.30729; .NET CLR 3.0.30729; Media Center PC 6.0; InfoPath.3; .NET4.0C; .NET4.0E)" 22973
192.168.65.56 - - [17/Feb/2013:06:54:26 +0600] "GET /pause/ajaxPause?pauseConfigId=all&admin=1 HTTP/1.1" 200 1046 "http://192.168.65.101/pause/index" "Mozilla/5.0 (Windows NT 5.1; rv:15.0) Gecko/20100101 Firefox/15.0" 27420
192.168.12.61 - - [17/Feb/2013:06:54:28 +0600] "GET /pause/ajaxPause?pauseConfigId=&admin=0 HTTP/1.1" 200 985 "http://callider/pause/index" "Mozilla/4.0 (compatible; MSIE 7.0; Windows NT 6.1; Trident/5.0; SLCC2; .NET CLR 2.0.50727; .NET CLR 3.5.30729; .NET CLR 3.0.30729; Media Center PC 6.0; InfoPath.3; .NET4.0C; .NET4.0E)" 17931
192.168.12.237 - - [17/Feb/2013:06:54:29 +0600] "GET /pause/ajaxPause?pauseConfigId=&admin=0 HTTP/1.1" 200 987 "http://callider/pause/index" "Mozilla/4.0 (compatible; MSIE 7.0; Windows NT 6.1; Trident/5.0; SLCC2; .NET CLR 2.0.50727; .NET CLR 3.5.30729; .NET CLR 3.0.30729; Media Center PC 6.0; InfoPath.3; .NET4.0C; .NET4.0E)" 19982
192.168.74.78 - - [17/Feb/2013:06:54:29 +0600] "GET /pause/ajaxPause?pauseConfigId=&admin=0 HTTP/1.1" 200 986 "http://callider/pause/index" "Mozilla/4.0 (compatible; MSIE 7.0; Windows NT 6.1; WOW64; Trident/5.0; SLCC2; .NET CLR 2.0.50727; .NET CLR 3.5.30729; .NET CLR 3.0.30729; Media Center PC 6.0; InfoPath.3; .NET4.0C; MS-RTC LM 8; .NET4.0E)" 26420
192.168.12.60 - - [17/Feb/2013:06:54:29 +0600] "GET /pause/ajaxPause?pauseConfigId=&admin=0 HTTP/1.1" 200 986 "http://callider/pause/index" "Mozilla/4.0 (compatible; MSIE 8.0; Windows NT 6.1; Trident/4.0; InfoPath.3; .NET4.0C; MS-RTC LM 8; .NET4.0E)" 17379
192.168.12.204 - - [17/Feb/2013:06:54:30 +0600] "GET /pause/ajaxPause?pauseConfigId=&admin=0 HTTP/1.1" 200 986 "http://callider/pause/index" "Mozilla/4.0 (compatible; MSIE 7.0; Windows NT 6.1; WOW64; Trident/4.0; SLCC2; .NET CLR 2.0.50727; .NET CLR 3.5.30729; .NET CLR 3.0.30729; Media Center PC 6.0; InfoPath.3; .NET4.0C; .NET4.0E; .NET CLR 1.1.4322)" 18052
192.168.12.69 - - [17/Feb/2013:06:54:30 +0600] "GET /pause/ajaxPause?pauseConfigId=&admin=0 HTTP/1.1" 200 986 "http://callider/pause/index" "Mozilla/4.0 (compatible; MSIE 7.0; Windows NT 6.1; Trident/5.0; SLCC2; .NET CLR 2.0.50727; .NET CLR 3.5.30729; .NET CLR 3.0.30729; Media Center PC 6.0; InfoPath.3; .NET4.0C; .NET4.0E; Tablet PC 2.0; AskTbFXTV5/5.14.1.20007)" 19605
192.168.74.91 - - [17/Feb/2013:06:54:30 +0600] "GET /pause/ajaxPause?pauseConfigId=&admin=0 HTTP/1.1" 200 986 "http://callider/pause/index" "Mozilla/4.0 (compatible; MSIE 7.0; Windows NT 6.1; WOW64; Trident/5.0; SLCC2; .NET CLR 2.0.50727; .NET CLR 3.5.30729; .NET CLR 3.0.30729; Media Center PC 6.0; InfoPath.3; .NET4.0C; MS-RTC LM 8; .NET4.0E)" 19811
192.168.74.151 - - [17/Feb/2013:06:54:30 +0600] "GET /pause/ajaxPause?pauseConfigId=&admin=0 HTTP/1.1" 200 987 "http://callider.kontur/pause/index" "Mozilla/5.0 (Windows NT 6.1; WOW64; rv:18.0) Gecko/20100101 Firefox/18.0" 18899
192.168.12.210 - - [17/Feb/2013:06:54:30 +0600] "GET /pause/ajaxPause?pauseConfigId=all&admin=1 HTTP/1.1" 200 1047 "http://callider/pause/index" "Mozilla/4.0 (compatible; MSIE 7.0; Windows NT 6.1; WOW64; Trident/5.0; SLCC2; .NET CLR 2.0.50727; .NET CLR 3.5.30729; .NET CLR 3.0.30729; Media Center PC 6.0; InfoPath.3; .NET4.0C; .NET4.0E)" 22600
192.168.65.56 - - [17/Feb/2013:06:54:31 +0600] "GET /pause/ajaxPause?pauseConfigId=all&admin=1 HTTP/1.1" 200 1046 "http://192.168.65.101/pause/index" "Mozilla/5.0 (Windows NT 5.1; rv:15.0) Gecko/20100101 Firefox/15.0" 29776
192.168.12.61 - - [17/Feb/2013:06:54:33 +0600] "GET /pause/ajaxPause?pauseConfigId=&admin=0 HTTP/1.1" 200 985 "http://callider/pause/index" "Mozilla/4.0 (compatible; MSIE 7.0; Windows NT 6.1; Trident/5.0; SLCC2; .NET CLR 2.0.50727; .NET CLR 3.5.30729; .NET CLR 3.0.30729; Media Center PC 6.0; InfoPath.3; .NET4.0C; .NET4.0E)" 18951
192.168.12.237 - - [17/Feb/2013:06:54:34 +0600] "GET /pause/ajaxPause?pauseConfigId=&admin=0 HTTP/1.1" 200 987 "http://callider/pause/index" "Mozilla/4.0 (compatible; MSIE 7.0; Windows NT 6.1; Trident/5.0; SLCC2; .NET CLR 2.0.50727; .NET CLR 3.5.30729; .NET CLR 3.0.30729; Media Center PC 6.0; InfoPath.3; .NET4.0C; .NET4.0E)" 18305
192.168.74.78 - - [17/Feb/2013:06:54:34 +0600] "GET /pause/ajaxPause?pauseConfigId=&admin=0 HTTP/1.1" 200 986 "http://callider/pause/index" "Mozilla/4.0 (compatible; MSIE 7.0; Windows NT 6.1; WOW64; Trident/5.0; SLCC2; .NET CLR 2.0.50727; .NET CLR 3.5.30729; .NET CLR 3.0.30729; Media Center PC 6.0; InfoPath.3; .NET4.0C; MS-RTC LM 8; .NET4.0E)" 19691
192.168.12.67 - - [17/Feb/2013:06:54:34 +0600] "GET /tv/useUser HTTP/1.1" 200 432 "http://callider/graph/personal" "Mozilla/4.0 (compatible; MSIE 7.0; Windows NT 6.1; Trident/5.0; SLCC2; .NET CLR 2.0.50727; .NET CLR 3.5.30729; .NET CLR 3.0.30729; Media Center PC 6.0; .NET4.0C; .NET4.0E; InfoPath.3; Tablet PC 2.0; MS-RTC LM 8)" 17667
192.168.12.60 - - [17/Feb/2013:06:54:34 +0600] "GET /pause/ajaxPause?pauseConfigId=&admin=0 HTTP/1.1" 200 986 "http://callider/pause/index" "Mozilla/4.0 (compatible; MSIE 8.0; Windows NT 6.1; Trident/4.0; InfoPath.3; .NET4.0C; MS-RTC LM 8; .NET4.0E)" 17989
192.168.12.204 - - [17/Feb/2013:06:54:35 +0600] "GET /pause/ajaxPause?pauseConfigId=&admin=0 HTTP/1.1" 200 986 "http://callider/pause/index" "Mozilla/4.0 (compatible; MSIE 7.0; Windows NT 6.1; WOW64; Trident/4.0; SLCC2; .NET CLR 2.0.50727; .NET CLR 3.5.30729; .NET CLR 3.0.30729; Media Center PC 6.0; InfoPath.3; .NET4.0C; .NET4.0E; .NET CLR 1.1.4322)" 18683
192.168.12.69 - - [17/Feb/2013:06:54:35 +0600] "GET /pause/ajaxPause?pauseConfigId=&admin=0 HTTP/1.1" 200 986 "http://callider/pause/index" "Mozilla/4.0 (compatible; MSIE 7.0; Windows NT 6.1; Trident/5.0; SLCC2; .NET CLR 2.0.50727; .NET CLR 3.5.30729; .NET CLR 3.0.30729; Media Center PC 6.0; InfoPath.3; .NET4.0C; .NET4.0E; Tablet PC 2.0; AskTbFXTV5/5.14.1.20007)" 19702
192.168.74.91 - - [17/Feb/2013:06:54:35 +0600] "GET /pause/ajaxPause?pauseConfigId=&admin=0 HTTP/1.1" 200 986 "http://callider/pause/index" "Mozilla/4.0 (compatible; MSIE 7.0; Windows NT 6.1; WOW64; Trident/5.0; SLCC2; .NET CLR 2.0.50727; .NET CLR 3.5.30729; .NET CLR 3.0.30729; Media Center PC 6.0; InfoPath.3; .NET4.0C; MS-RTC LM 8; .NET4.0E)" 18266
192.168.74.151 - - [17/Feb/2013:06:54:35 +0600] "GET /pause/ajaxPause?pauseConfigId=&admin=0 HTTP/1.1" 200 987 "http://callider.kontur/pause/index" "Mozilla/5.0 (Windows NT 6.1; WOW64; rv:18.0) Gecko/20100101 Firefox/18.0" 17257
192.168.12.210 - - [17/Feb/2013:06:54:35 +0600] "GET /pause/ajaxPause?pauseConfigId=all&admin=1 HTTP/1.1" 200 1047 "http://callider/pause/index" "Mozilla/4.0 (compatible; MSIE 7.0; Windows NT 6.1; WOW64; Trident/5.0; SLCC2; .NET CLR 2.0.50727; .NET CLR 3.5.30729; .NET CLR 3.0.30729; Media Center PC 6.0; InfoPath.3; .NET4.0C; .NET4.0E)" 19944
192.168.65.56 - - [17/Feb/2013:06:54:36 +0600] "GET /pause/ajaxPause?pauseConfigId=all&admin=1 HTTP/1.1" 200 1046 "http://192.168.65.101/pause/index" "Mozilla/5.0 (Windows NT 5.1; rv:15.0) Gecko/20100101 Firefox/15.0" 39812
192.168.74.93 - - [17/Feb/2013:06:54:38 +0600] "GET /tv/useUser HTTP/1.1" 200 432 "http://callider/graph/personal" "Mozilla/4.0 (compatible; MSIE 7.0; Windows NT 6.1; WOW64; Trident/5.0; SLCC2; .NET CLR 2.0.50727; .NET CLR 3.5.30729; .NET CLR 3.0.30729; Media Center PC 6.0; InfoPath.3; .NET4.0C; .NET4.0E)" 15317
192.168.12.61 - - [17/Feb/2013:06:54:38 +0600] "GET /pause/ajaxPause?pauseConfigId=&admin=0 HTTP/1.1" 200 985 "http://callider/pause/index" "Mozilla/4.0 (compatible; MSIE 7.0; Windows NT 6.1; Trident/5.0; SLCC2; .NET CLR 2.0.50727; .NET CLR 3.5.30729; .NET CLR 3.0.30729; Media Center PC 6.0; InfoPath.3; .NET4.0C; .NET4.0E)" 17863
192.168.12.237 - - [17/Feb/2013:06:54:39 +0600] "GET /pause/ajaxPause?pauseConfigId=&admin=0 HTTP/1.1" 200 987 "http://callider/pause/index" "Mozilla/4.0 (compatible; MSIE 7.0; Windows NT 6.1; Trident/5.0; SLCC2; .NET CLR 2.0.50727; .NET CLR 3.5.30729; .NET CLR 3.0.30729; Media Center PC 6.0; InfoPath.3; .NET4.0C; .NET4.0E)" 20938
192.168.12.210 - - [17/Feb/2013:06:54:39 +0600] "GET /tv/useUser HTTP/1.1" 200 431 "http://callider/graph/general" "Mozilla/4.0 (compatible; MSIE 7.0; Windows NT 6.1; WOW64; Trident/5.0; SLCC2; .NET CLR 2.0.50727; .NET CLR 3.5.30729; .NET CLR 3.0.30729; Media Center PC 6.0; InfoPath.3; .NET4.0C; .NET4.0E)" 12120
192.168.74.78 - - [17/Feb/2013:06:54:39 +0600] "GET /pause/ajaxPause?pauseConfigId=&admin=0 HTTP/1.1" 200 986 "http://callider/pause/index" "Mozilla/4.0 (compatible; MSIE 7.0; Windows NT 6.1; WOW64; Trident/5.0; SLCC2; .NET CLR 2.0.50727; .NET CLR 3.5.30729; .NET CLR 3.0.30729; Media Center PC 6.0; InfoPath.3; .NET4.0C; MS-RTC LM 8; .NET4.0E)" 19476
192.168.12.60 - - [17/Feb/2013:06:54:39 +0600] "GET /pause/ajaxPause?pauseConfigId=&admin=0 HTTP/1.1" 200 986 "http://callider/pause/index" "Mozilla/4.0 (compatible; MSIE 8.0; Windows NT 6.1; Trident/4.0; InfoPath.3; .NET4.0C; MS-RTC LM 8; .NET4.0E)" 20304
192.168.12.204 - - [17/Feb/2013:06:54:40 +0600] "GET /pause/ajaxPause?pauseConfigId=&admin=0 HTTP/1.1" 200 986 "http://callider/pause/index" "Mozilla/4.0 (compatible; MSIE 7.0; Windows NT 6.1; WOW64; Trident/4.0; SLCC2; .NET CLR 2.0.50727; .NET CLR 3.5.30729; .NET CLR 3.0.30729; Media Center PC 6.0; InfoPath.3; .NET4.0C; .NET4.0E; .NET CLR 1.1.4322)" 28989
192.168.12.69 - - [17/Feb/2013:06:54:40 +0600] "GET /pause/ajaxPause?pauseConfigId=&admin=0 HTTP/1.1" 200 986 "http://callider/pause/index" "Mozilla/4.0 (compatible; MSIE 7.0; Windows NT 6.1; Trident/5.0; SLCC2; .NET CLR 2.0.50727; .NET CLR 3.5.30729; .NET CLR 3.0.30729; Media Center PC 6.0; InfoPath.3; .NET4.0C; .NET4.0E; Tablet PC 2.0; AskTbFXTV5/5.14.1.20007)" 19943
192.168.74.91 - - [17/Feb/2013:06:54:40 +0600] "GET /pause/ajaxPause?pauseConfigId=&admin=0 HTTP/1.1" 200 986 "http://callider/pause/index" "Mozilla/4.0 (compatible; MSIE 7.0; Windows NT 6.1; WOW64; Trident/5.0; SLCC2; .NET CLR 2.0.50727; .NET CLR 3.5.30729; .NET CLR 3.0.30729; Media Center PC 6.0; InfoPath.3; .NET4.0C; MS-RTC LM 8; .NET4.0E)" 18100
192.168.74.151 - - [17/Feb/2013:06:54:40 +0600] "GET /pause/ajaxPause?pauseConfigId=&admin=0 HTTP/1.1" 200 987 "http://callider.kontur/pause/index" "Mozilla/5.0 (Windows NT 6.1; WOW64; rv:18.0) Gecko/20100101 Firefox/18.0" 24586
192.168.12.210 - - [17/Feb/2013:06:54:40 +0600] "GET /pause/ajaxPause?pauseConfigId=all&admin=1 HTTP/1.1" 200 1047 "http://callider/pause/index" "Mozilla/4.0 (compatible; MSIE 7.0; Windows NT 6.1; WOW64; Trident/5.0; SLCC2; .NET CLR 2.0.50727; .NET CLR 3.5.30729; .NET CLR 3.0.30729; Media Center PC 6.0; InfoPath.3; .NET4.0C; .NET4.0E)" 22414
192.168.12.9 - - [17/Feb/2013:06:54:41 +0600] "GET /tv/useUser HTTP/1.1" 200 432 "http://callider.kontur/site/index" "Mozilla/5.0 (Windows NT 6.1; WOW64) AppleWebKit/537.17 (KHTML, like Gecko) Chrome/24.0.1312.57 Safari/537.17" 15037
192.168.65.56 - - [17/Feb/2013:06:54:41 +0600] "GET /pause/ajaxPause?pauseConfigId=all&admin=1 HTTP/1.1" 200 1046 "http://192.168.65.101/pause/index" "Mozilla/5.0 (Windows NT 5.1; rv:15.0) Gecko/20100101 Firefox/15.0" 33562
192.168.12.61 - - [17/Feb/2013:06:54:43 +0600] "GET /pause/ajaxPause?pauseConfigId=&admin=0 HTTP/1.1" 200 986 "http://callider/pause/index" "Mozilla/4.0 (compatible; MSIE 7.0; Windows NT 6.1; Trident/5.0; SLCC2; .NET CLR 2.0.50727; .NET CLR 3.5.30729; .NET CLR 3.0.30729; Media Center PC 6.0; InfoPath.3; .NET4.0C; .NET4.0E)" 101944
192.168.12.237 - - [17/Feb/2013:06:54:44 +0600] "GET /pause/ajaxPause?pauseConfigId=&admin=0 HTTP/1.1" 200 987 "http://callider/pause/index" "Mozilla/4.0 (compatible; MSIE 7.0; Windows NT 6.1; Trident/5.0; SLCC2; .NET CLR 2.0.50727; .NET CLR 3.5.30729; .NET CLR 3.0.30729; Media Center PC 6.0; InfoPath.3; .NET4.0C; .NET4.0E)" 26502
192.168.74.78 - - [17/Feb/2013:06:54:44 +0600] "GET /pause/ajaxPause?pauseConfigId=&admin=0 HTTP/1.1" 200 986 "http://callider/pause/index" "Mozilla/4.0 (compatible; MSIE 7.0; Windows NT 6.1; WOW64; Trident/5.0; SLCC2; .NET CLR 2.0.50727; .NET CLR 3.5.30729; .NET CLR 3.0.30729; Media Center PC 6.0; InfoPath.3; .NET4.0C; MS-RTC LM 8; .NET4.0E)" 19820
192.168.12.60 - - [17/Feb/2013:06:54:44 +0600] "GET /pause/ajaxPause?pauseConfigId=&admin=0 HTTP/1.1" 200 986 "http://callider/pause/index" "Mozilla/4.0 (compatible; MSIE 8.0; Windows NT 6.1; Trident/4.0; InfoPath.3; .NET4.0C; MS-RTC LM 8; .NET4.0E)" 21109
192.168.12.204 - - [17/Feb/2013:06:54:45 +0600] "GET /pause/ajaxPause?pauseConfigId=&admin=0 HTTP/1.1" 200 986 "http://callider/pause/index" "Mozilla/4.0 (compatible; MSIE 7.0; Windows NT 6.1; WOW64; Trident/4.0; SLCC2; .NET CLR 2.0.50727; .NET CLR 3.5.30729; .NET CLR 3.0.30729; Media Center PC 6.0; InfoPath.3; .NET4.0C; .NET4.0E; .NET CLR 1.1.4322)" 18526
192.168.12.69 - - [17/Feb/2013:06:54:45 +0600] "GET /pause/ajaxPause?pauseConfigId=&admin=0 HTTP/1.1" 200 986 "http://callider/pause/index" "Mozilla/4.0 (compatible; MSIE 7.0; Windows NT 6.1; Trident/5.0; SLCC2; .NET CLR 2.0.50727; .NET CLR 3.5.30729; .NET CLR 3.0.30729; Media Center PC 6.0; InfoPath.3; .NET4.0C; .NET4.0E; Tablet PC 2.0; AskTbFXTV5/5.14.1.20007)" 97598
192.168.74.91 - - [17/Feb/2013:06:54:45 +0600] "GET /pause/ajaxPause?pauseConfigId=&admin=0 HTTP/1.1" 200 986 "http://callider/pause/index" "Mozilla/4.0 (compatible; MSIE 7.0; Windows NT 6.1; WOW64; Trident/5.0; SLCC2; .NET CLR 2.0.50727; .NET CLR 3.5.30729; .NET CLR 3.0.30729; Media Center PC 6.0; InfoPath.3; .NET4.0C; MS-RTC LM 8; .NET4.0E)" 19114
192.168.74.151 - - [17/Feb/2013:06:54:45 +0600] "GET /pause/ajaxPause?pauseConfigId=&admin=0 HTTP/1.1" 200 987 "http://callider.kontur/pause/index" "Mozilla/5.0 (Windows NT 6.1; WOW64; rv:18.0) Gecko/20100101 Firefox/18.0" 18280
192.168.12.210 - - [17/Feb/2013:06:54:45 +0600] "GET /pause/ajaxPause?pauseConfigId=all&admin=1 HTTP/1.1" 200 1047 "http://callider/pause/index" "Mozilla/4.0 (compatible; MSIE 7.0; Windows NT 6.1; WOW64; Trident/5.0; SLCC2; .NET CLR 2.0.50727; .NET CLR 3.5.30729; .NET CLR 3.0.30729; Media Center PC 6.0; InfoPath.3; .NET4.0C; .NET4.0E)" 25280
192.168.65.56 - - [17/Feb/2013:06:54:46 +0600] "GET /pause/ajaxPause?pauseConfigId=all&admin=1 HTTP/1.1" 200 1046 "http://192.168.65.101/pause/index" "Mozilla/5.0 (Windows NT 5.1; rv:15.0) Gecko/20100101 Firefox/15.0" 40091
192.168.12.61 - - [17/Feb/2013:06:54:48 +0600] "GET /pause/ajaxPause?pauseConfigId=&admin=0 HTTP/1.1" 200 985 "http://callider/pause/index" "Mozilla/4.0 (compatible; MSIE 7.0; Windows NT 6.1; Trident/5.0; SLCC2; .NET CLR 2.0.50727; .NET CLR 3.5.30729; .NET CLR 3.0.30729; Media Center PC 6.0; InfoPath.3; .NET4.0C; .NET4.0E)" 19719
192.168.12.210 - - [17/Feb/2013:06:54:49 +0600] "GET /tv/useUser HTTP/1.1" 200 431 "http://callider/pause/index" "Mozilla/4.0 (compatible; MSIE 7.0; Windows NT 6.1; WOW64; Trident/5.0; SLCC2; .NET CLR 2.0.50727; .NET CLR 3.5.30729; .NET CLR 3.0.30729; Media Center PC 6.0; InfoPath.3; .NET4.0C; .NET4.0E)" 11921
192.168.12.237 - - [17/Feb/2013:06:54:49 +0600] "GET /pause/ajaxPause?pauseConfigId=&admin=0 HTTP/1.1" 200 987 "http://callider/pause/index" "Mozilla/4.0 (compatible; MSIE 7.0; Windows NT 6.1; Trident/5.0; SLCC2; .NET CLR 2.0.50727; .NET CLR 3.5.30729; .NET CLR 3.0.30729; Media Center PC 6.0; InfoPath.3; .NET4.0C; .NET4.0E)" 19550
192.168.74.78 - - [17/Feb/2013:06:54:49 +0600] "GET /pause/ajaxPause?pauseConfigId=&admin=0 HTTP/1.1" 200 986 "http://callider/pause/index" "Mozilla/4.0 (compatible; MSIE 7.0; Windows NT 6.1; WOW64; Trident/5.0; SLCC2; .NET CLR 2.0.50727; .NET CLR 3.5.30729; .NET CLR 3.0.30729; Media Center PC 6.0; InfoPath.3; .NET4.0C; MS-RTC LM 8; .NET4.0E)" 18999
192.168.12.60 - - [17/Feb/2013:06:54:49 +0600] "GET /pause/ajaxPause?pauseConfigId=&admin=0 HTTP/1.1" 200 986 "http://callider/pause/index" "Mozilla/4.0 (compatible; MSIE 8.0; Windows NT 6.1; Trident/4.0; InfoPath.3; .NET4.0C; MS-RTC LM 8; .NET4.0E)" 138740
192.168.12.204 - - [17/Feb/2013:06:54:50 +0600] "GET /pause/ajaxPause?pauseConfigId=&admin=0 HTTP/1.1" 200 986 "http://callider/pause/index" "Mozilla/4.0 (compatible; MSIE 7.0; Windows NT 6.1; WOW64; Trident/4.0; SLCC2; .NET CLR 2.0.50727; .NET CLR 3.5.30729; .NET CLR 3.0.30729; Media Center PC 6.0; InfoPath.3; .NET4.0C; .NET4.0E; .NET CLR 1.1.4322)" 23531
192.168.12.69 - - [17/Feb/2013:06:54:50 +0600] "GET /pause/ajaxPause?pauseConfigId=&admin=0 HTTP/1.1" 200 986 "http://callider/pause/index" "Mozilla/4.0 (compatible; MSIE 7.0; Windows NT 6.1; Trident/5.0; SLCC2; .NET CLR 2.0.50727; .NET CLR 3.5.30729; .NET CLR 3.0.30729; Media Center PC 6.0; InfoPath.3; .NET4.0C; .NET4.0E; Tablet PC 2.0; AskTbFXTV5/5.14.1.20007)" 21933
192.168.74.91 - - [17/Feb/2013:06:54:50 +0600] "GET /pause/ajaxPause?pauseConfigId=&admin=0 HTTP/1.1" 200 986 "http://callider/pause/index" "Mozilla/4.0 (compatible; MSIE 7.0; Windows NT 6.1; WOW64; Trident/5.0; SLCC2; .NET CLR 2.0.50727; .NET CLR 3.5.30729; .NET CLR 3.0.30729; Media Center PC 6.0; InfoPath.3; .NET4.0C; MS-RTC LM 8; .NET4.0E)" 19668
192.168.74.151 - - [17/Feb/2013:06:54:50 +0600] "GET /pause/ajaxPause?pauseConfigId=&admin=0 HTTP/1.1" 200 987 "http://callider.kontur/pause/index" "Mozilla/5.0 (Windows NT 6.1; WOW64; rv:18.0) Gecko/20100101 Firefox/18.0" 19081
192.168.12.210 - - [17/Feb/2013:06:54:50 +0600] "GET /pause/ajaxPause?pauseConfigId=all&admin=1 HTTP/1.1" 200 1047 "http://callider/pause/index" "Mozilla/4.0 (compatible; MSIE 7.0; Windows NT 6.1; WOW64; Trident/5.0; SLCC2; .NET CLR 2.0.50727; .NET CLR 3.5.30729; .NET CLR 3.0.30729; Media Center PC 6.0; InfoPath.3; .NET4.0C; .NET4.0E)" 21902
192.168.65.56 - - [17/Feb/2013:06:54:51 +0600] "GET /pause/ajaxPause?pauseConfigId=all&admin=1 HTTP/1.1" 200 1046 "http://192.168.65.101/pause/index" "Mozilla/5.0 (Windows NT 5.1; rv:15.0) Gecko/20100101 Firefox/15.0" 40696
192.168.65.56 - - [17/Feb/2013:06:54:51 +0600] "GET /tv/useUser HTTP/1.1" 200 431 "http://192.168.65.101/pause/index" "Mozilla/5.0 (Windows NT 5.1; rv:15.0) Gecko/20100101 Firefox/15.0" 9008
192.168.12.61 - - [17/Feb/2013:06:54:53 +0600] "GET /pause/ajaxPause?pauseConfigId=&admin=0 HTTP/1.1" 200 986 "http://callider/pause/index" "Mozilla/4.0 (compatible; MSIE 7.0; Windows NT 6.1; Trident/5.0; SLCC2; .NET CLR 2.0.50727; .NET CLR 3.5.30729; .NET CLR 3.0.30729; Media Center PC 6.0; InfoPath.3; .NET4.0C; .NET4.0E)" 39961
192.168.12.237 - - [17/Feb/2013:06:54:54 +0600] "GET /pause/ajaxPause?pauseConfigId=&admin=0 HTTP/1.1" 200 987 "http://callider/pause/index" "Mozilla/4.0 (compatible; MSIE 7.0; Windows NT 6.1; Trident/5.0; SLCC2; .NET CLR 2.0.50727; .NET CLR 3.5.30729; .NET CLR 3.0.30729; Media Center PC 6.0; InfoPath.3; .NET4.0C; .NET4.0E)" 20762
192.168.74.78 - - [17/Feb/2013:06:54:54 +0600] "GET /pause/ajaxPause?pauseConfigId=&admin=0 HTTP/1.1" 200 986 "http://callider/pause/index" "Mozilla/4.0 (compatible; MSIE 7.0; Windows NT 6.1; WOW64; Trident/5.0; SLCC2; .NET CLR 2.0.50727; .NET CLR 3.5.30729; .NET CLR 3.0.30729; Media Center PC 6.0; InfoPath.3; .NET4.0C; MS-RTC LM 8; .NET4.0E)" 57061
192.168.12.60 - - [17/Feb/2013:06:54:54 +0600] "GET /pause/ajaxPause?pauseConfigId=&admin=0 HTTP/1.1" 200 986 "http://callider/pause/index" "Mozilla/4.0 (compatible; MSIE 8.0; Windows NT 6.1; Trident/4.0; InfoPath.3; .NET4.0C; MS-RTC LM 8; .NET4.0E)" 28960
192.168.12.204 - - [17/Feb/2013:06:54:55 +0600] "GET /pause/ajaxPause?pauseConfigId=&admin=0 HTTP/1.1" 200 986 "http://callider/pause/index" "Mozilla/4.0 (compatible; MSIE 7.0; Windows NT 6.1; WOW64; Trident/4.0; SLCC2; .NET CLR 2.0.50727; .NET CLR 3.5.30729; .NET CLR 3.0.30729; Media Center PC 6.0; InfoPath.3; .NET4.0C; .NET4.0E; .NET CLR 1.1.4322)" 17855
192.168.12.69 - - [17/Feb/2013:06:54:55 +0600] "GET /pause/ajaxPause?pauseConfigId=&admin=0 HTTP/1.1" 200 986 "http://callider/pause/index" "Mozilla/4.0 (compatible; MSIE 7.0; Windows NT 6.1; Trident/5.0; SLCC2; .NET CLR 2.0.50727; .NET CLR 3.5.30729; .NET CLR 3.0.30729; Media Center PC 6.0; InfoPath.3; .NET4.0C; .NET4.0E; Tablet PC 2.0; AskTbFXTV5/5.14.1.20007)" 19207
192.168.74.91 - - [17/Feb/2013:06:54:55 +0600] "GET /pause/ajaxPause?pauseConfigId=&admin=0 HTTP/1.1" 200 986 "http://callider/pause/index" "Mozilla/4.0 (compatible; MSIE 7.0; Windows NT 6.1; WOW64; Trident/5.0; SLCC2; .NET CLR 2.0.50727; .NET CLR 3.5.30729; .NET CLR 3.0.30729; Media Center PC 6.0; InfoPath.3; .NET4.0C; MS-RTC LM 8; .NET4.0E)" 18052
192.168.74.151 - - [17/Feb/2013:06:54:55 +0600] "GET /pause/ajaxPause?pauseConfigId=&admin=0 HTTP/1.1" 200 987 "http://callider.kontur/pause/index" "Mozilla/5.0 (Windows NT 6.1; WOW64; rv:18.0) Gecko/20100101 Firefox/18.0" 16928
192.168.12.210 - - [17/Feb/2013:06:54:55 +0600] "GET /pause/ajaxPause?pauseConfigId=all&admin=1 HTTP/1.1" 200 1047 "http://callider/pause/index" "Mozilla/4.0 (compatible; MSIE 7.0; Windows NT 6.1; WOW64; Trident/5.0; SLCC2; .NET CLR 2.0.50727; .NET CLR 3.5.30729; .NET CLR 3.0.30729; Media Center PC 6.0; InfoPath.3; .NET4.0C; .NET4.0E)" 21649
192.168.65.56 - - [17/Feb/2013:06:54:56 +0600] "GET /pause/ajaxPause?pauseConfigId=all&admin=1 HTTP/1.1" 200 1046 "http://192.168.65.101/pause/index" "Mozilla/5.0 (Windows NT 5.1; rv:15.0) Gecko/20100101 Firefox/15.0" 46310
192.168.12.61 - - [17/Feb/2013:06:54:58 +0600] "GET /pause/ajaxPause?pauseConfigId=&admin=0 HTTP/1.1" 200 985 "http://callider/pause/index" "Mozilla/4.0 (compatible; MSIE 7.0; Windows NT 6.1; Trident/5.0; SLCC2; .NET CLR 2.0.50727; .NET CLR 3.5.30729; .NET CLR 3.0.30729; Media Center PC 6.0; InfoPath.3; .NET4.0C; .NET4.0E)" 21116
192.168.12.237 - - [17/Feb/2013:06:54:59 +0600] "GET /pause/ajaxPause?pauseConfigId=&admin=0 HTTP/1.1" 200 987 "http://callider/pause/index" "Mozilla/4.0 (compatible; MSIE 7.0; Windows NT 6.1; Trident/5.0; SLCC2; .NET CLR 2.0.50727; .NET CLR 3.5.30729; .NET CLR 3.0.30729; Media Center PC 6.0; InfoPath.3; .NET4.0C; .NET4.0E)" 18761
192.168.74.78 - - [17/Feb/2013:06:54:59 +0600] "GET /pause/ajaxPause?pauseConfigId=&admin=0 HTTP/1.1" 200 986 "http://callider/pause/index" "Mozilla/4.0 (compatible; MSIE 7.0; Windows NT 6.1; WOW64; Trident/5.0; SLCC2; .NET CLR 2.0.50727; .NET CLR 3.5.30729; .NET CLR 3.0.30729; Media Center PC 6.0; InfoPath.3; .NET4.0C; MS-RTC LM 8; .NET4.0E)" 17551
192.168.12.60 - - [17/Feb/2013:06:54:59 +0600] "GET /pause/ajaxPause?pauseConfigId=&admin=0 HTTP/1.1" 200 986 "http://callider/pause/index" "Mozilla/4.0 (compatible; MSIE 8.0; Windows NT 6.1; Trident/4.0; InfoPath.3; .NET4.0C; MS-RTC LM 8; .NET4.0E)" 22204
192.168.12.204 - - [17/Feb/2013:06:55:00 +0600] "GET /pause/ajaxPause?pauseConfigId=&admin=0 HTTP/1.1" 200 986 "http://callider/pause/index" "Mozilla/4.0 (compatible; MSIE 7.0; Windows NT 6.1; WOW64; Trident/4.0; SLCC2; .NET CLR 2.0.50727; .NET CLR 3.5.30729; .NET CLR 3.0.30729; Media Center PC 6.0; InfoPath.3; .NET4.0C; .NET4.0E; .NET CLR 1.1.4322)" 19033
192.168.64.119 - - [17/Feb/2013:06:55:00 +0600] "HEAD / HTTP/1.0" 302 435 "-" "WhatsUp/1.0" 13201
192.168.64.119 - - [17/Feb/2013:06:55:00 +0600] "GET / HTTP/1.1" 302 454 "-" "Mozilla/4.0 (compatible; MSIE 8.0; Windows NT 5.2; Trident/4.0)" 12992
192.168.64.119 - - [17/Feb/2013:06:55:00 +0600] "GET /site/login HTTP/1.1" 200 7423 "-" "Mozilla/4.0 (compatible; MSIE 8.0; Windows NT 5.2; Trident/4.0)" 26315
192.168.12.69 - - [17/Feb/2013:06:55:00 +0600] "GET /pause/ajaxPause?pauseConfigId=&admin=0 HTTP/1.1" 200 986 "http://callider/pause/index" "Mozilla/4.0 (compatible; MSIE 7.0; Windows NT 6.1; Trident/5.0; SLCC2; .NET CLR 2.0.50727; .NET CLR 3.5.30729; .NET CLR 3.0.30729; Media Center PC 6.0; InfoPath.3; .NET4.0C; .NET4.0E; Tablet PC 2.0; AskTbFXTV5/5.14.1.20007)" 28489
192.168.74.91 - - [17/Feb/2013:06:55:00 +0600] "GET /pause/ajaxPause?pauseConfigId=&admin=0 HTTP/1.1" 200 986 "http://callider/pause/index" "Mozilla/4.0 (compatible; MSIE 7.0; Windows NT 6.1; WOW64; Trident/5.0; SLCC2; .NET CLR 2.0.50727; .NET CLR 3.5.30729; .NET CLR 3.0.30729; Media Center PC 6.0; InfoPath.3; .NET4.0C; MS-RTC LM 8; .NET4.0E)" 36894
192.168.74.151 - - [17/Feb/2013:06:55:00 +0600] "GET /pause/ajaxPause?pauseConfigId=&admin=0 HTTP/1.1" 200 987 "http://callider.kontur/pause/index" "Mozilla/5.0 (Windows NT 6.1; WOW64; rv:18.0) Gecko/20100101 Firefox/18.0" 21085
192.168.12.210 - - [17/Feb/2013:06:55:00 +0600] "GET /pause/ajaxPause?pauseConfigId=all&admin=1 HTTP/1.1" 200 1047 "http://callider/pause/index" "Mozilla/4.0 (compatible; MSIE 7.0; Windows NT 6.1; WOW64; Trident/5.0; SLCC2; .NET CLR 2.0.50727; .NET CLR 3.5.30729; .NET CLR 3.0.30729; Media Center PC 6.0; InfoPath.3; .NET4.0C; .NET4.0E)" 31405
192.168.65.56 - - [17/Feb/2013:06:55:01 +0600] "GET /pause/ajaxPause?pauseConfigId=all&admin=1 HTTP/1.1" 200 1046 "http://192.168.65.101/pause/index" "Mozilla/5.0 (Windows NT 5.1; rv:15.0) Gecko/20100101 Firefox/15.0" 34291
192.168.12.61 - - [17/Feb/2013:06:55:03 +0600] "GET /pause/ajaxPause?pauseConfigId=&admin=0 HTTP/1.1" 200 986 "http://callider/pause/index" "Mozilla/4.0 (compatible; MSIE 7.0; Windows NT 6.1; Trident/5.0; SLCC2; .NET CLR 2.0.50727; .NET CLR 3.5.30729; .NET CLR 3.0.30729; Media Center PC 6.0; InfoPath.3; .NET4.0C; .NET4.0E)" 26786
192.168.12.237 - - [17/Feb/2013:06:55:04 +0600] "GET /pause/ajaxPause?pauseConfigId=&admin=0 HTTP/1.1" 200 987 "http://callider/pause/index" "Mozilla/4.0 (compatible; MSIE 7.0; Windows NT 6.1; Trident/5.0; SLCC2; .NET CLR 2.0.50727; .NET CLR 3.5.30729; .NET CLR 3.0.30729; Media Center PC 6.0; InfoPath.3; .NET4.0C; .NET4.0E)" 20068
192.168.74.78 - - [17/Feb/2013:06:55:04 +0600] "GET /pause/ajaxPause?pauseConfigId=&admin=0 HTTP/1.1" 200 986 "http://callider/pause/index" "Mozilla/4.0 (compatible; MSIE 7.0; Windows NT 6.1; WOW64; Trident/5.0; SLCC2; .NET CLR 2.0.50727; .NET CLR 3.5.30729; .NET CLR 3.0.30729; Media Center PC 6.0; InfoPath.3; .NET4.0C; MS-RTC LM 8; .NET4.0E)" 19505
192.168.12.60 - - [17/Feb/2013:06:55:04 +0600] "GET /pause/ajaxPause?pauseConfigId=&admin=0 HTTP/1.1" 200 986 "http://callider/pause/index" "Mozilla/4.0 (compatible; MSIE 8.0; Windows NT 6.1; Trident/4.0; InfoPath.3; .NET4.0C; MS-RTC LM 8; .NET4.0E)" 134478
192.168.12.204 - - [17/Feb/2013:06:55:05 +0600] "GET /pause/ajaxPause?pauseConfigId=&admin=0 HTTP/1.1" 200 986 "http://callider/pause/index" "Mozilla/4.0 (compatible; MSIE 7.0; Windows NT 6.1; WOW64; Trident/4.0; SLCC2; .NET CLR 2.0.50727; .NET CLR 3.5.30729; .NET CLR 3.0.30729; Media Center PC 6.0; InfoPath.3; .NET4.0C; .NET4.0E; .NET CLR 1.1.4322)" 19072
192.168.12.69 - - [17/Feb/2013:06:55:05 +0600] "GET /pause/ajaxPause?pauseConfigId=&admin=0 HTTP/1.1" 200 986 "http://callider/pause/index" "Mozilla/4.0 (compatible; MSIE 7.0; Windows NT 6.1; Trident/5.0; SLCC2; .NET CLR 2.0.50727; .NET CLR 3.5.30729; .NET CLR 3.0.30729; Media Center PC 6.0; InfoPath.3; .NET4.0C; .NET4.0E; Tablet PC 2.0; AskTbFXTV5/5.14.1.20007)" 19638
192.168.12.61 - - [17/Feb/2013:06:55:05 +0600] "GET /tv/useUser HTTP/1.1" 200 431 "http://callider/pause/index" "Mozilla/4.0 (compatible; MSIE 7.0; Windows NT 6.1; Trident/5.0; SLCC2; .NET CLR 2.0.50727; .NET CLR 3.5.30729; .NET CLR 3.0.30729; Media Center PC 6.0; InfoPath.3; .NET4.0C; .NET4.0E)" 12036
192.168.74.91 - - [17/Feb/2013:06:55:05 +0600] "GET /pause/ajaxPause?pauseConfigId=&admin=0 HTTP/1.1" 200 986 "http://callider/pause/index" "Mozilla/4.0 (compatible; MSIE 7.0; Windows NT 6.1; WOW64; Trident/5.0; SLCC2; .NET CLR 2.0.50727; .NET CLR 3.5.30729; .NET CLR 3.0.30729; Media Center PC 6.0; InfoPath.3; .NET4.0C; MS-RTC LM 8; .NET4.0E)" 20266
192.168.74.151 - - [17/Feb/2013:06:55:05 +0600] "GET /pause/ajaxPause?pauseConfigId=&admin=0 HTTP/1.1" 200 987 "http://callider.kontur/pause/index" "Mozilla/5.0 (Windows NT 6.1; WOW64; rv:18.0) Gecko/20100101 Firefox/18.0" 20115
192.168.12.210 - - [17/Feb/2013:06:55:05 +0600] "GET /pause/ajaxPause?pauseConfigId=all&admin=1 HTTP/1.1" 200 1047 "http://callider/pause/index" "Mozilla/4.0 (compatible; MSIE 7.0; Windows NT 6.1; WOW64; Trident/5.0; SLCC2; .NET CLR 2.0.50727; .NET CLR 3.5.30729; .NET CLR 3.0.30729; Media Center PC 6.0; InfoPath.3; .NET4.0C; .NET4.0E)" 21718
192.168.65.56 - - [17/Feb/2013:06:55:06 +0600] "GET /pause/ajaxPause?pauseConfigId=all&admin=1 HTTP/1.1" 200 1046 "http://192.168.65.101/pause/index" "Mozilla/5.0 (Windows NT 5.1; rv:15.0) Gecko/20100101 Firefox/15.0" 35009
192.168.12.61 - - [17/Feb/2013:06:55:08 +0600] "GET /pause/ajaxPause?pauseConfigId=&admin=0 HTTP/1.1" 200 985 "http://callider/pause/index" "Mozilla/4.0 (compatible; MSIE 7.0; Windows NT 6.1; Trident/5.0; SLCC2; .NET CLR 2.0.50727; .NET CLR 3.5.30729; .NET CLR 3.0.30729; Media Center PC 6.0; InfoPath.3; .NET4.0C; .NET4.0E)" 235834
192.168.12.237 - - [17/Feb/2013:06:55:09 +0600] "GET /pause/ajaxPause?pauseConfigId=&admin=0 HTTP/1.1" 200 987 "http://callider/pause/index" "Mozilla/4.0 (compatible; MSIE 7.0; Windows NT 6.1; Trident/5.0; SLCC2; .NET CLR 2.0.50727; .NET CLR 3.5.30729; .NET CLR 3.0.30729; Media Center PC 6.0; InfoPath.3; .NET4.0C; .NET4.0E)" 26731
192.168.74.78 - - [17/Feb/2013:06:55:09 +0600] "GET /pause/ajaxPause?pauseConfigId=&admin=0 HTTP/1.1" 200 986 "http://callider/pause/index" "Mozilla/4.0 (compatible; MSIE 7.0; Windows NT 6.1; WOW64; Trident/5.0; SLCC2; .NET CLR 2.0.50727; .NET CLR 3.5.30729; .NET CLR 3.0.30729; Media Center PC 6.0; InfoPath.3; .NET4.0C; MS-RTC LM 8; .NET4.0E)" 20047
192.168.12.60 - - [17/Feb/2013:06:55:09 +0600] "GET /pause/ajaxPause?pauseConfigId=&admin=0 HTTP/1.1" 200 986 "http://callider/pause/index" "Mozilla/4.0 (compatible; MSIE 8.0; Windows NT 6.1; Trident/4.0; InfoPath.3; .NET4.0C; MS-RTC LM 8; .NET4.0E)" 19558
192.168.12.204 - - [17/Feb/2013:06:55:10 +0600] "GET /pause/ajaxPause?pauseConfigId=&admin=0 HTTP/1.1" 200 986 "http://callider/pause/index" "Mozilla/4.0 (compatible; MSIE 7.0; Windows NT 6.1; WOW64; Trident/4.0; SLCC2; .NET CLR 2.0.50727; .NET CLR 3.5.30729; .NET CLR 3.0.30729; Media Center PC 6.0; InfoPath.3; .NET4.0C; .NET4.0E; .NET CLR 1.1.4322)" 18700
192.168.12.69 - - [17/Feb/2013:06:55:10 +0600] "GET /pause/ajaxPause?pauseConfigId=&admin=0 HTTP/1.1" 200 986 "http://callider/pause/index" "Mozilla/4.0 (compatible; MSIE 7.0; Windows NT 6.1; Trident/5.0; SLCC2; .NET CLR 2.0.50727; .NET CLR 3.5.30729; .NET CLR 3.0.30729; Media Center PC 6.0; InfoPath.3; .NET4.0C; .NET4.0E; Tablet PC 2.0; AskTbFXTV5/5.14.1.20007)" 18441
192.168.74.91 - - [17/Feb/2013:06:55:10 +0600] "GET /pause/ajaxPause?pauseConfigId=&admin=0 HTTP/1.1" 200 986 "http://callider/pause/index" "Mozilla/4.0 (compatible; MSIE 7.0; Windows NT 6.1; WOW64; Trident/5.0; SLCC2; .NET CLR 2.0.50727; .NET CLR 3.5.30729; .NET CLR 3.0.30729; Media Center PC 6.0; InfoPath.3; .NET4.0C; MS-RTC LM 8; .NET4.0E)" 17167
192.168.74.151 - - [17/Feb/2013:06:55:10 +0600] "GET /pause/ajaxPause?pauseConfigId=&admin=0 HTTP/1.1" 200 987 "http://callider.kontur/pause/index" "Mozilla/5.0 (Windows NT 6.1; WOW64; rv:18.0) Gecko/20100101 Firefox/18.0" 16472
192.168.12.210 - - [17/Feb/2013:06:55:10 +0600] "GET /pause/ajaxPause?pauseConfigId=all&admin=1 HTTP/1.1" 200 1047 "http://callider/pause/index" "Mozilla/4.0 (compatible; MSIE 7.0; Windows NT 6.1; WOW64; Trident/5.0; SLCC2; .NET CLR 2.0.50727; .NET CLR 3.5.30729; .NET CLR 3.0.30729; Media Center PC 6.0; InfoPath.3; .NET4.0C; .NET4.0E)" 23490
192.168.12.42 - - [17/Feb/2013:06:55:11 +0600] "GET /tv/useUser HTTP/1.1" 200 432 "http://callider/graph/personal" "Mozilla/4.0 (compatible; MSIE 7.0; Windows NT 6.1; WOW64; Trident/5.0; SLCC2; .NET CLR 2.0.50727; .NET CLR 3.5.30729; .NET CLR 3.0.30729; Media Center PC 6.0; InfoPath.3; .NET4.0C; .NET4.0E)" 15782
192.168.65.56 - - [17/Feb/2013:06:55:11 +0600] "GET /pause/ajaxPause?pauseConfigId=all&admin=1 HTTP/1.1" 200 1046 "http://192.168.65.101/pause/index" "Mozilla/5.0 (Windows NT 5.1; rv:15.0) Gecko/20100101 Firefox/15.0" 40171
192.168.12.61 - - [17/Feb/2013:06:55:13 +0600] "GET /pause/ajaxPause?pauseConfigId=&admin=0 HTTP/1.1" 200 985 "http://callider/pause/index" "Mozilla/4.0 (compatible; MSIE 7.0; Windows NT 6.1; Trident/5.0; SLCC2; .NET CLR 2.0.50727; .NET CLR 3.5.30729; .NET CLR 3.0.30729; Media Center PC 6.0; InfoPath.3; .NET4.0C; .NET4.0E)" 20391
192.168.74.151 - - [17/Feb/2013:06:55:13 +0600] "GET /tv/useUser HTTP/1.1" 200 431 "http://callider.kontur/graph/general" "Mozilla/5.0 (Windows NT 6.1; WOW64; rv:18.0) Gecko/20100101 Firefox/18.0" 9998
192.168.12.237 - - [17/Feb/2013:06:55:14 +0600] "GET /pause/ajaxPause?pauseConfigId=&admin=0 HTTP/1.1" 200 987 "http://callider/pause/index" "Mozilla/4.0 (compatible; MSIE 7.0; Windows NT 6.1; Trident/5.0; SLCC2; .NET CLR 2.0.50727; .NET CLR 3.5.30729; .NET CLR 3.0.30729; Media Center PC 6.0; InfoPath.3; .NET4.0C; .NET4.0E)" 19252
192.168.74.78 - - [17/Feb/2013:06:55:14 +0600] "GET /pause/ajaxPause?pauseConfigId=&admin=0 HTTP/1.1" 200 986 "http://callider/pause/index" "Mozilla/4.0 (compatible; MSIE 7.0; Windows NT 6.1; WOW64; Trident/5.0; SLCC2; .NET CLR 2.0.50727; .NET CLR 3.5.30729; .NET CLR 3.0.30729; Media Center PC 6.0; InfoPath.3; .NET4.0C; MS-RTC LM 8; .NET4.0E)" 19039
192.168.12.60 - - [17/Feb/2013:06:55:14 +0600] "GET /pause/ajaxPause?pauseConfigId=&admin=0 HTTP/1.1" 200 986 "http://callider/pause/index" "Mozilla/4.0 (compatible; MSIE 8.0; Windows NT 6.1; Trident/4.0; InfoPath.3; .NET4.0C; MS-RTC LM 8; .NET4.0E)" 160669
192.168.12.204 - - [17/Feb/2013:06:55:15 +0600] "GET /pause/ajaxPause?pauseConfigId=&admin=0 HTTP/1.1" 200 986 "http://callider/pause/index" "Mozilla/4.0 (compatible; MSIE 7.0; Windows NT 6.1; WOW64; Trident/4.0; SLCC2; .NET CLR 2.0.50727; .NET CLR 3.5.30729; .NET CLR 3.0.30729; Media Center PC 6.0; InfoPath.3; .NET4.0C; .NET4.0E; .NET CLR 1.1.4322)" 19118
192.168.12.69 - - [17/Feb/2013:06:55:15 +0600] "GET /pause/ajaxPause?pauseConfigId=&admin=0 HTTP/1.1" 200 986 "http://callider/pause/index" "Mozilla/4.0 (compatible; MSIE 7.0; Windows NT 6.1; Trident/5.0; SLCC2; .NET CLR 2.0.50727; .NET CLR 3.5.30729; .NET CLR 3.0.30729; Media Center PC 6.0; InfoPath.3; .NET4.0C; .NET4.0E; Tablet PC 2.0; AskTbFXTV5/5.14.1.20007)" 19777
192.168.74.91 - - [17/Feb/2013:06:55:15 +0600] "GET /pause/ajaxPause?pauseConfigId=&admin=0 HTTP/1.1" 200 986 "http://callider/pause/index" "Mozilla/4.0 (compatible; MSIE 7.0; Windows NT 6.1; WOW64; Trident/5.0; SLCC2; .NET CLR 2.0.50727; .NET CLR 3.5.30729; .NET CLR 3.0.30729; Media Center PC 6.0; InfoPath.3; .NET4.0C; MS-RTC LM 8; .NET4.0E)" 31807
192.168.74.151 - - [17/Feb/2013:06:55:15 +0600] "GET /pause/ajaxPause?pauseConfigId=&admin=0 HTTP/1.1" 200 987 "http://callider.kontur/pause/index" "Mozilla/5.0 (Windows NT 6.1; WOW64; rv:18.0) Gecko/20100101 Firefox/18.0" 34316
192.168.74.151 - - [17/Feb/2013:06:55:15 +0600] "GET /tv/useUser HTTP/1.1" 200 432 "http://callider.kontur/pause/index" "Mozilla/5.0 (Windows NT 6.1; WOW64; rv:18.0) Gecko/20100101 Firefox/18.0" 18144
192.168.12.210 - - [17/Feb/2013:06:55:15 +0600] "GET /pause/ajaxPause?pauseConfigId=all&admin=1 HTTP/1.1" 200 1047 "http://callider/pause/index" "Mozilla/4.0 (compatible; MSIE 7.0; Windows NT 6.1; WOW64; Trident/5.0; SLCC2; .NET CLR 2.0.50727; .NET CLR 3.5.30729; .NET CLR 3.0.30729; Media Center PC 6.0; InfoPath.3; .NET4.0C; .NET4.0E)" 21879
192.168.65.56 - - [17/Feb/2013:06:55:16 +0600] "GET /pause/ajaxPause?pauseConfigId=all&admin=1 HTTP/1.1" 200 1046 "http://192.168.65.101/pause/index" "Mozilla/5.0 (Windows NT 5.1; rv:15.0) Gecko/20100101 Firefox/15.0" 37552
192.168.12.61 - - [17/Feb/2013:06:55:18 +0600] "GET /pause/ajaxPause?pauseConfigId=&admin=0 HTTP/1.1" 200 985 "http://callider/pause/index" "Mozilla/4.0 (compatible; MSIE 7.0; Windows NT 6.1; Trident/5.0; SLCC2; .NET CLR 2.0.50727; .NET CLR 3.5.30729; .NET CLR 3.0.30729; Media Center PC 6.0; InfoPath.3; .NET4.0C; .NET4.0E)" 19686
192.168.12.237 - - [17/Feb/2013:06:55:19 +0600] "GET /pause/ajaxPause?pauseConfigId=&admin=0 HTTP/1.1" 200 987 "http://callider/pause/index" "Mozilla/4.0 (compatible; MSIE 7.0; Windows NT 6.1; Trident/5.0; SLCC2; .NET CLR 2.0.50727; .NET CLR 3.5.30729; .NET CLR 3.0.30729; Media Center PC 6.0; InfoPath.3; .NET4.0C; .NET4.0E)" 20508
192.168.74.78 - - [17/Feb/2013:06:55:19 +0600] "GET /pause/ajaxPause?pauseConfigId=&admin=0 HTTP/1.1" 200 986 "http://callider/pause/index" "Mozilla/4.0 (compatible; MSIE 7.0; Windows NT 6.1; WOW64; Trident/5.0; SLCC2; .NET CLR 2.0.50727; .NET CLR 3.5.30729; .NET CLR 3.0.30729; Media Center PC 6.0; InfoPath.3; .NET4.0C; MS-RTC LM 8; .NET4.0E)" 18026
192.168.12.10 - - [17/Feb/2013:06:55:19 +0600] "GET /tv/useUser HTTP/1.1" 200 432 "http://callider/graph/personal" "Mozilla/4.0 (compatible; MSIE 7.0; Windows NT 6.1; Trident/5.0; SLCC2; .NET CLR 2.0.50727; .NET CLR 3.5.30729; .NET CLR 3.0.30729; Media Center PC 6.0; InfoPath.3; .NET4.0C; .NET4.0E; Tablet PC 2.0; MS-RTC LM 8)" 16490
192.168.12.60 - - [17/Feb/2013:06:55:19 +0600] "GET /pause/ajaxPause?pauseConfigId=&admin=0 HTTP/1.1" 200 986 "http://callider/pause/index" "Mozilla/4.0 (compatible; MSIE 8.0; Windows NT 6.1; Trident/4.0; InfoPath.3; .NET4.0C; MS-RTC LM 8; .NET4.0E)" 21160
192.168.12.108 - - [17/Feb/2013:06:55:19 +0600] "GET /tv/useUser HTTP/1.1" 200 432 "http://callider/index.php" "Mozilla/4.0 (compatible; MSIE 7.0; Windows NT 6.2; WOW64; Trident/6.0; .NET4.0E; .NET4.0C; InfoPath.3; .NET CLR 3.5.30729; .NET CLR 2.0.50727; .NET CLR 3.0.30729)" 14794
192.168.12.204 - - [17/Feb/2013:06:55:20 +0600] "GET /pause/ajaxPause?pauseConfigId=&admin=0 HTTP/1.1" 200 986 "http://callider/pause/index" "Mozilla/4.0 (compatible; MSIE 7.0; Windows NT 6.1; WOW64; Trident/4.0; SLCC2; .NET CLR 2.0.50727; .NET CLR 3.5.30729; .NET CLR 3.0.30729; Media Center PC 6.0; InfoPath.3; .NET4.0C; .NET4.0E; .NET CLR 1.1.4322)" 21584
192.168.12.69 - - [17/Feb/2013:06:55:20 +0600] "GET /pause/ajaxPause?pauseConfigId=&admin=0 HTTP/1.1" 200 986 "http://callider/pause/index" "Mozilla/4.0 (compatible; MSIE 7.0; Windows NT 6.1; Trident/5.0; SLCC2; .NET CLR 2.0.50727; .NET CLR 3.5.30729; .NET CLR 3.0.30729; Media Center PC 6.0; InfoPath.3; .NET4.0C; .NET4.0E; Tablet PC 2.0; AskTbFXTV5/5.14.1.20007)" 19410
192.168.74.91 - - [17/Feb/2013:06:55:20 +0600] "GET /pause/ajaxPause?pauseConfigId=&admin=0 HTTP/1.1" 200 986 "http://callider/pause/index" "Mozilla/4.0 (compatible; MSIE 7.0; Windows NT 6.1; WOW64; Trident/5.0; SLCC2; .NET CLR 2.0.50727; .NET CLR 3.5.30729; .NET CLR 3.0.30729; Media Center PC 6.0; InfoPath.3; .NET4.0C; MS-RTC LM 8; .NET4.0E)" 26168
192.168.74.151 - - [17/Feb/2013:06:55:20 +0600] "GET /pause/ajaxPause?pauseConfigId=&admin=0 HTTP/1.1" 200 987 "http://callider.kontur/pause/index" "Mozilla/5.0 (Windows NT 6.1; WOW64; rv:18.0) Gecko/20100101 Firefox/18.0" 19359
192.168.12.210 - - [17/Feb/2013:06:55:20 +0600] "GET /pause/ajaxPause?pauseConfigId=all&admin=1 HTTP/1.1" 200 1047 "http://callider/pause/index" "Mozilla/4.0 (compatible; MSIE 7.0; Windows NT 6.1; WOW64; Trident/5.0; SLCC2; .NET CLR 2.0.50727; .NET CLR 3.5.30729; .NET CLR 3.0.30729; Media Center PC 6.0; InfoPath.3; .NET4.0C; .NET4.0E)" 33273
192.168.65.56 - - [17/Feb/2013:06:55:21 +0600] "GET /pause/ajaxPause?pauseConfigId=all&admin=1 HTTP/1.1" 200 1046 "http://192.168.65.101/pause/index" "Mozilla/5.0 (Windows NT 5.1; rv:15.0) Gecko/20100101 Firefox/15.0" 35531
192.168.12.61 - - [17/Feb/2013:06:55:23 +0600] "GET /pause/ajaxPause?pauseConfigId=&admin=0 HTTP/1.1" 200 986 "http://callider/pause/index" "Mozilla/4.0 (compatible; MSIE 7.0; Windows NT 6.1; Trident/5.0; SLCC2; .NET CLR 2.0.50727; .NET CLR 3.5.30729; .NET CLR 3.0.30729; Media Center PC 6.0; InfoPath.3; .NET4.0C; .NET4.0E)" 30749
192.168.12.237 - - [17/Feb/2013:06:55:24 +0600] "GET /pause/ajaxPause?pauseConfigId=&admin=0 HTTP/1.1" 200 987 "http://callider/pause/index" "Mozilla/4.0 (compatible; MSIE 7.0; Windows NT 6.1; Trident/5.0; SLCC2; .NET CLR 2.0.50727; .NET CLR 3.5.30729; .NET CLR 3.0.30729; Media Center PC 6.0; InfoPath.3; .NET4.0C; .NET4.0E)" 25010
192.168.74.78 - - [17/Feb/2013:06:55:24 +0600] "GET /pause/ajaxPause?pauseConfigId=&admin=0 HTTP/1.1" 200 986 "http://callider/pause/index" "Mozilla/4.0 (compatible; MSIE 7.0; Windows NT 6.1; WOW64; Trident/5.0; SLCC2; .NET CLR 2.0.50727; .NET CLR 3.5.30729; .NET CLR 3.0.30729; Media Center PC 6.0; InfoPath.3; .NET4.0C; MS-RTC LM 8; .NET4.0E)" 19652
192.168.12.60 - - [17/Feb/2013:06:55:24 +0600] "GET /pause/ajaxPause?pauseConfigId=&admin=0 HTTP/1.1" 200 986 "http://callider/pause/index" "Mozilla/4.0 (compatible; MSIE 8.0; Windows NT 6.1; Trident/4.0; InfoPath.3; .NET4.0C; MS-RTC LM 8; .NET4.0E)" 17855
192.168.12.204 - - [17/Feb/2013:06:55:25 +0600] "GET /pause/ajaxPause?pauseConfigId=&admin=0 HTTP/1.1" 200 986 "http://callider/pause/index" "Mozilla/4.0 (compatible; MSIE 7.0; Windows NT 6.1; WOW64; Trident/4.0; SLCC2; .NET CLR 2.0.50727; .NET CLR 3.5.30729; .NET CLR 3.0.30729; Media Center PC 6.0; InfoPath.3; .NET4.0C; .NET4.0E; .NET CLR 1.1.4322)" 27511
192.168.12.69 - - [17/Feb/2013:06:55:25 +0600] "GET /pause/ajaxPause?pauseConfigId=&admin=0 HTTP/1.1" 200 986 "http://callider/pause/index" "Mozilla/4.0 (compatible; MSIE 7.0; Windows NT 6.1; Trident/5.0; SLCC2; .NET CLR 2.0.50727; .NET CLR 3.5.30729; .NET CLR 3.0.30729; Media Center PC 6.0; InfoPath.3; .NET4.0C; .NET4.0E; Tablet PC 2.0; AskTbFXTV5/5.14.1.20007)" 21067
192.168.74.91 - - [17/Feb/2013:06:55:25 +0600] "GET /pause/ajaxPause?pauseConfigId=&admin=0 HTTP/1.1" 200 986 "http://callider/pause/index" "Mozilla/4.0 (compatible; MSIE 7.0; Windows NT 6.1; WOW64; Trident/5.0; SLCC2; .NET CLR 2.0.50727; .NET CLR 3.5.30729; .NET CLR 3.0.30729; Media Center PC 6.0; InfoPath.3; .NET4.0C; MS-RTC LM 8; .NET4.0E)" 18004
192.168.74.151 - - [17/Feb/2013:06:55:25 +0600] "GET /pause/ajaxPause?pauseConfigId=&admin=0 HTTP/1.1" 200 987 "http://callider.kontur/pause/index" "Mozilla/5.0 (Windows NT 6.1; WOW64; rv:18.0) Gecko/20100101 Firefox/18.0" 20217
192.168.12.210 - - [17/Feb/2013:06:55:25 +0600] "GET /pause/ajaxPause?pauseConfigId=all&admin=1 HTTP/1.1" 200 1047 "http://callider/pause/index" "Mozilla/4.0 (compatible; MSIE 7.0; Windows NT 6.1; WOW64; Trident/5.0; SLCC2; .NET CLR 2.0.50727; .NET CLR 3.5.30729; .NET CLR 3.0.30729; Media Center PC 6.0; InfoPath.3; .NET4.0C; .NET4.0E)" 22379
192.168.65.56 - - [17/Feb/2013:06:55:26 +0600] "GET /pause/ajaxPause?pauseConfigId=all&admin=1 HTTP/1.1" 200 1046 "http://192.168.65.101/pause/index" "Mozilla/5.0 (Windows NT 5.1; rv:15.0) Gecko/20100101 Firefox/15.0" 28417
192.168.12.61 - - [17/Feb/2013:06:55:28 +0600] "GET /pause/ajaxPause?pauseConfigId=&admin=0 HTTP/1.1" 200 985 "http://callider/pause/index" "Mozilla/4.0 (compatible; MSIE 7.0; Windows NT 6.1; Trident/5.0; SLCC2; .NET CLR 2.0.50727; .NET CLR 3.5.30729; .NET CLR 3.0.30729; Media Center PC 6.0; InfoPath.3; .NET4.0C; .NET4.0E)" 25012
192.168.12.237 - - [17/Feb/2013:06:55:29 +0600] "GET /pause/ajaxPause?pauseConfigId=&admin=0 HTTP/1.1" 200 987 "http://callider/pause/index" "Mozilla/4.0 (compatible; MSIE 7.0; Windows NT 6.1; Trident/5.0; SLCC2; .NET CLR 2.0.50727; .NET CLR 3.5.30729; .NET CLR 3.0.30729; Media Center PC 6.0; InfoPath.3; .NET4.0C; .NET4.0E)" 23819
192.168.74.78 - - [17/Feb/2013:06:55:29 +0600] "GET /pause/ajaxPause?pauseConfigId=&admin=0 HTTP/1.1" 200 986 "http://callider/pause/index" "Mozilla/4.0 (compatible; MSIE 7.0; Windows NT 6.1; WOW64; Trident/5.0; SLCC2; .NET CLR 2.0.50727; .NET CLR 3.5.30729; .NET CLR 3.0.30729; Media Center PC 6.0; InfoPath.3; .NET4.0C; MS-RTC LM 8; .NET4.0E)" 18905
192.168.12.60 - - [17/Feb/2013:06:55:29 +0600] "GET /pause/ajaxPause?pauseConfigId=&admin=0 HTTP/1.1" 200 986 "http://callider/pause/index" "Mozilla/4.0 (compatible; MSIE 8.0; Windows NT 6.1; Trident/4.0; InfoPath.3; .NET4.0C; MS-RTC LM 8; .NET4.0E)" 17380
192.168.12.204 - - [17/Feb/2013:06:55:30 +0600] "GET /pause/ajaxPause?pauseConfigId=&admin=0 HTTP/1.1" 200 986 "http://callider/pause/index" "Mozilla/4.0 (compatible; MSIE 7.0; Windows NT 6.1; WOW64; Trident/4.0; SLCC2; .NET CLR 2.0.50727; .NET CLR 3.5.30729; .NET CLR 3.0.30729; Media Center PC 6.0; InfoPath.3; .NET4.0C; .NET4.0E; .NET CLR 1.1.4322)" 16837
192.168.12.69 - - [17/Feb/2013:06:55:30 +0600] "GET /pause/ajaxPause?pauseConfigId=&admin=0 HTTP/1.1" 200 986 "http://callider/pause/index" "Mozilla/4.0 (compatible; MSIE 7.0; Windows NT 6.1; Trident/5.0; SLCC2; .NET CLR 2.0.50727; .NET CLR 3.5.30729; .NET CLR 3.0.30729; Media Center PC 6.0; InfoPath.3; .NET4.0C; .NET4.0E; Tablet PC 2.0; AskTbFXTV5/5.14.1.20007)" 17663
192.168.74.91 - - [17/Feb/2013:06:55:30 +0600] "GET /pause/ajaxPause?pauseConfigId=&admin=0 HTTP/1.1" 200 986 "http://callider/pause/index" "Mozilla/4.0 (compatible; MSIE 7.0; Windows NT 6.1; WOW64; Trident/5.0; SLCC2; .NET CLR 2.0.50727; .NET CLR 3.5.30729; .NET CLR 3.0.30729; Media Center PC 6.0; InfoPath.3; .NET4.0C; MS-RTC LM 8; .NET4.0E)" 17788
192.168.74.151 - - [17/Feb/2013:06:55:30 +0600] "GET /pause/ajaxPause?pauseConfigId=&admin=0 HTTP/1.1" 200 987 "http://callider.kontur/pause/index" "Mozilla/5.0 (Windows NT 6.1; WOW64; rv:18.0) Gecko/20100101 Firefox/18.0" 20378
192.168.12.210 - - [17/Feb/2013:06:55:30 +0600] "GET /pause/ajaxPause?pauseConfigId=all&admin=1 HTTP/1.1" 200 1047 "http://callider/pause/index" "Mozilla/4.0 (compatible; MSIE 7.0; Windows NT 6.1; WOW64; Trident/5.0; SLCC2; .NET CLR 2.0.50727; .NET CLR 3.5.30729; .NET CLR 3.0.30729; Media Center PC 6.0; InfoPath.3; .NET4.0C; .NET4.0E)" 20459
192.168.65.56 - - [17/Feb/2013:06:55:31 +0600] "GET /pause/ajaxPause?pauseConfigId=all&admin=1 HTTP/1.1" 200 1046 "http://192.168.65.101/pause/index" "Mozilla/5.0 (Windows NT 5.1; rv:15.0) Gecko/20100101 Firefox/15.0" 82549
192.168.12.61 - - [17/Feb/2013:06:55:33 +0600] "GET /pause/ajaxPause?pauseConfigId=&admin=0 HTTP/1.1" 200 985 "http://callider/pause/index" "Mozilla/4.0 (compatible; MSIE 7.0; Windows NT 6.1; Trident/5.0; SLCC2; .NET CLR 2.0.50727; .NET CLR 3.5.30729; .NET CLR 3.0.30729; Media Center PC 6.0; InfoPath.3; .NET4.0C; .NET4.0E)" 18613
192.168.12.237 - - [17/Feb/2013:06:55:34 +0600] "GET /pause/ajaxPause?pauseConfigId=&admin=0 HTTP/1.1" 200 987 "http://callider/pause/index" "Mozilla/4.0 (compatible; MSIE 7.0; Windows NT 6.1; Trident/5.0; SLCC2; .NET CLR 2.0.50727; .NET CLR 3.5.30729; .NET CLR 3.0.30729; Media Center PC 6.0; InfoPath.3; .NET4.0C; .NET4.0E)" 19705
192.168.74.78 - - [17/Feb/2013:06:55:34 +0600] "GET /pause/ajaxPause?pauseConfigId=&admin=0 HTTP/1.1" 200 986 "http://callider/pause/index" "Mozilla/4.0 (compatible; MSIE 7.0; Windows NT 6.1; WOW64; Trident/5.0; SLCC2; .NET CLR 2.0.50727; .NET CLR 3.5.30729; .NET CLR 3.0.30729; Media Center PC 6.0; InfoPath.3; .NET4.0C; MS-RTC LM 8; .NET4.0E)" 21691
192.168.12.67 - - [17/Feb/2013:06:55:34 +0600] "GET /tv/useUser HTTP/1.1" 200 432 "http://callider/graph/personal" "Mozilla/4.0 (compatible; MSIE 7.0; Windows NT 6.1; Trident/5.0; SLCC2; .NET CLR 2.0.50727; .NET CLR 3.5.30729; .NET CLR 3.0.30729; Media Center PC 6.0; .NET4.0C; .NET4.0E; InfoPath.3; Tablet PC 2.0; MS-RTC LM 8)" 16689
192.168.12.60 - - [17/Feb/2013:06:55:34 +0600] "GET /pause/ajaxPause?pauseConfigId=&admin=0 HTTP/1.1" 200 986 "http://callider/pause/index" "Mozilla/4.0 (compatible; MSIE 8.0; Windows NT 6.1; Trident/4.0; InfoPath.3; .NET4.0C; MS-RTC LM 8; .NET4.0E)" 18406
192.168.12.204 - - [17/Feb/2013:06:55:35 +0600] "GET /pause/ajaxPause?pauseConfigId=&admin=0 HTTP/1.1" 200 986 "http://callider/pause/index" "Mozilla/4.0 (compatible; MSIE 7.0; Windows NT 6.1; WOW64; Trident/4.0; SLCC2; .NET CLR 2.0.50727; .NET CLR 3.5.30729; .NET CLR 3.0.30729; Media Center PC 6.0; InfoPath.3; .NET4.0C; .NET4.0E; .NET CLR 1.1.4322)" 19379
192.168.12.69 - - [17/Feb/2013:06:55:35 +0600] "GET /pause/ajaxPause?pauseConfigId=&admin=0 HTTP/1.1" 200 986 "http://callider/pause/index" "Mozilla/4.0 (compatible; MSIE 7.0; Windows NT 6.1; Trident/5.0; SLCC2; .NET CLR 2.0.50727; .NET CLR 3.5.30729; .NET CLR 3.0.30729; Media Center PC 6.0; InfoPath.3; .NET4.0C; .NET4.0E; Tablet PC 2.0; AskTbFXTV5/5.14.1.20007)" 23848
192.168.74.91 - - [17/Feb/2013:06:55:35 +0600] "GET /pause/ajaxPause?pauseConfigId=&admin=0 HTTP/1.1" 200 986 "http://callider/pause/index" "Mozilla/4.0 (compatible; MSIE 7.0; Windows NT 6.1; WOW64; Trident/5.0; SLCC2; .NET CLR 2.0.50727; .NET CLR 3.5.30729; .NET CLR 3.0.30729; Media Center PC 6.0; InfoPath.3; .NET4.0C; MS-RTC LM 8; .NET4.0E)" 20511
192.168.74.151 - - [17/Feb/2013:06:55:35 +0600] "GET /pause/ajaxPause?pauseConfigId=&admin=0 HTTP/1.1" 200 987 "http://callider.kontur/pause/index" "Mozilla/5.0 (Windows NT 6.1; WOW64; rv:18.0) Gecko/20100101 Firefox/18.0" 17648
192.168.12.210 - - [17/Feb/2013:06:55:35 +0600] "GET /pause/ajaxPause?pauseConfigId=all&admin=1 HTTP/1.1" 200 1047 "http://callider/pause/index" "Mozilla/4.0 (compatible; MSIE 7.0; Windows NT 6.1; WOW64; Trident/5.0; SLCC2; .NET CLR 2.0.50727; .NET CLR 3.5.30729; .NET CLR 3.0.30729; Media Center PC 6.0; InfoPath.3; .NET4.0C; .NET4.0E)" 21802
192.168.65.56 - - [17/Feb/2013:06:55:36 +0600] "GET /pause/ajaxPause?pauseConfigId=all&admin=1 HTTP/1.1" 200 1046 "http://192.168.65.101/pause/index" "Mozilla/5.0 (Windows NT 5.1; rv:15.0) Gecko/20100101 Firefox/15.0" 30576
192.168.74.93 - - [17/Feb/2013:06:55:38 +0600] "GET /tv/useUser HTTP/1.1" 200 432 "http://callider/graph/personal" "Mozilla/4.0 (compatible; MSIE 7.0; Windows NT 6.1; WOW64; Trident/5.0; SLCC2; .NET CLR 2.0.50727; .NET CLR 3.5.30729; .NET CLR 3.0.30729; Media Center PC 6.0; InfoPath.3; .NET4.0C; .NET4.0E)" 15297
192.168.12.61 - - [17/Feb/2013:06:55:38 +0600] "GET /pause/ajaxPause?pauseConfigId=&admin=0 HTTP/1.1" 200 985 "http://callider/pause/index" "Mozilla/4.0 (compatible; MSIE 7.0; Windows NT 6.1; Trident/5.0; SLCC2; .NET CLR 2.0.50727; .NET CLR 3.5.30729; .NET CLR 3.0.30729; Media Center PC 6.0; InfoPath.3; .NET4.0C; .NET4.0E)" 17831
192.168.12.237 - - [17/Feb/2013:06:55:39 +0600] "GET /pause/ajaxPause?pauseConfigId=&admin=0 HTTP/1.1" 200 987 "http://callider/pause/index" "Mozilla/4.0 (compatible; MSIE 7.0; Windows NT 6.1; Trident/5.0; SLCC2; .NET CLR 2.0.50727; .NET CLR 3.5.30729; .NET CLR 3.0.30729; Media Center PC 6.0; InfoPath.3; .NET4.0C; .NET4.0E)" 21205
192.168.12.210 - - [17/Feb/2013:06:55:39 +0600] "GET /tv/useUser HTTP/1.1" 200 431 "http://callider/graph/general" "Mozilla/4.0 (compatible; MSIE 7.0; Windows NT 6.1; WOW64; Trident/5.0; SLCC2; .NET CLR 2.0.50727; .NET CLR 3.5.30729; .NET CLR 3.0.30729; Media Center PC 6.0; InfoPath.3; .NET4.0C; .NET4.0E)" 12190
192.168.74.78 - - [17/Feb/2013:06:55:39 +0600] "GET /pause/ajaxPause?pauseConfigId=&admin=0 HTTP/1.1" 200 986 "http://callider/pause/index" "Mozilla/4.0 (compatible; MSIE 7.0; Windows NT 6.1; WOW64; Trident/5.0; SLCC2; .NET CLR 2.0.50727; .NET CLR 3.5.30729; .NET CLR 3.0.30729; Media Center PC 6.0; InfoPath.3; .NET4.0C; MS-RTC LM 8; .NET4.0E)" 30775
192.168.12.60 - - [17/Feb/2013:06:55:39 +0600] "GET /pause/ajaxPause?pauseConfigId=&admin=0 HTTP/1.1" 200 986 "http://callider/pause/index" "Mozilla/4.0 (compatible; MSIE 8.0; Windows NT 6.1; Trident/4.0; InfoPath.3; .NET4.0C; MS-RTC LM 8; .NET4.0E)" 20086
192.168.12.204 - - [17/Feb/2013:06:55:40 +0600] "GET /pause/ajaxPause?pauseConfigId=&admin=0 HTTP/1.1" 200 986 "http://callider/pause/index" "Mozilla/4.0 (compatible; MSIE 7.0; Windows NT 6.1; WOW64; Trident/4.0; SLCC2; .NET CLR 2.0.50727; .NET CLR 3.5.30729; .NET CLR 3.0.30729; Media Center PC 6.0; InfoPath.3; .NET4.0C; .NET4.0E; .NET CLR 1.1.4322)" 18718
192.168.12.69 - - [17/Feb/2013:06:55:40 +0600] "GET /pause/ajaxPause?pauseConfigId=&admin=0 HTTP/1.1" 200 986 "http://callider/pause/index" "Mozilla/4.0 (compatible; MSIE 7.0; Windows NT 6.1; Trident/5.0; SLCC2; .NET CLR 2.0.50727; .NET CLR 3.5.30729; .NET CLR 3.0.30729; Media Center PC 6.0; InfoPath.3; .NET4.0C; .NET4.0E; Tablet PC 2.0; AskTbFXTV5/5.14.1.20007)" 21036
192.168.74.91 - - [17/Feb/2013:06:55:40 +0600] "GET /pause/ajaxPause?pauseConfigId=&admin=0 HTTP/1.1" 200 986 "http://callider/pause/index" "Mozilla/4.0 (compatible; MSIE 7.0; Windows NT 6.1; WOW64; Trident/5.0; SLCC2; .NET CLR 2.0.50727; .NET CLR 3.5.30729; .NET CLR 3.0.30729; Media Center PC 6.0; InfoPath.3; .NET4.0C; MS-RTC LM 8; .NET4.0E)" 19014
192.168.74.151 - - [17/Feb/2013:06:55:40 +0600] "GET /pause/ajaxPause?pauseConfigId=&admin=0 HTTP/1.1" 200 987 "http://callider.kontur/pause/index" "Mozilla/5.0 (Windows NT 6.1; WOW64; rv:18.0) Gecko/20100101 Firefox/18.0" 18440
192.168.12.210 - - [17/Feb/2013:06:55:40 +0600] "GET /pause/ajaxPause?pauseConfigId=all&admin=1 HTTP/1.1" 200 1047 "http://callider/pause/index" "Mozilla/4.0 (compatible; MSIE 7.0; Windows NT 6.1; WOW64; Trident/5.0; SLCC2; .NET CLR 2.0.50727; .NET CLR 3.5.30729; .NET CLR 3.0.30729; Media Center PC 6.0; InfoPath.3; .NET4.0C; .NET4.0E)" 21434
192.168.12.9 - - [17/Feb/2013:06:55:41 +0600] "GET /tv/useUser HTTP/1.1" 200 432 "http://callider.kontur/site/index" "Mozilla/5.0 (Windows NT 6.1; WOW64) AppleWebKit/537.17 (KHTML, like Gecko) Chrome/24.0.1312.57 Safari/537.17" 15759
192.168.65.56 - - [17/Feb/2013:06:55:41 +0600] "GET /pause/ajaxPause?pauseConfigId=all&admin=1 HTTP/1.1" 200 1046 "http://192.168.65.101/pause/index" "Mozilla/5.0 (Windows NT 5.1; rv:15.0) Gecko/20100101 Firefox/15.0" 36687
192.168.12.61 - - [17/Feb/2013:06:55:43 +0600] "GET /pause/ajaxPause?pauseConfigId=&admin=0 HTTP/1.1" 200 986 "http://callider/pause/index" "Mozilla/4.0 (compatible; MSIE 7.0; Windows NT 6.1; Trident/5.0; SLCC2; .NET CLR 2.0.50727; .NET CLR 3.5.30729; .NET CLR 3.0.30729; Media Center PC 6.0; InfoPath.3; .NET4.0C; .NET4.0E)" 26560
192.168.12.237 - - [17/Feb/2013:06:55:44 +0600] "GET /pause/ajaxPause?pauseConfigId=&admin=0 HTTP/1.1" 200 987 "http://callider/pause/index" "Mozilla/4.0 (compatible; MSIE 7.0; Windows NT 6.1; Trident/5.0; SLCC2; .NET CLR 2.0.50727; .NET CLR 3.5.30729; .NET CLR 3.0.30729; Media Center PC 6.0; InfoPath.3; .NET4.0C; .NET4.0E)" 20126
192.168.74.78 - - [17/Feb/2013:06:55:44 +0600] "GET /pause/ajaxPause?pauseConfigId=&admin=0 HTTP/1.1" 200 986 "http://callider/pause/index" "Mozilla/4.0 (compatible; MSIE 7.0; Windows NT 6.1; WOW64; Trident/5.0; SLCC2; .NET CLR 2.0.50727; .NET CLR 3.5.30729; .NET CLR 3.0.30729; Media Center PC 6.0; InfoPath.3; .NET4.0C; MS-RTC LM 8; .NET4.0E)" 18841
192.168.12.60 - - [17/Feb/2013:06:55:44 +0600] "GET /pause/ajaxPause?pauseConfigId=&admin=0 HTTP/1.1" 200 986 "http://callider/pause/index" "Mozilla/4.0 (compatible; MSIE 8.0; Windows NT 6.1; Trident/4.0; InfoPath.3; .NET4.0C; MS-RTC LM 8; .NET4.0E)" 152614
192.168.12.204 - - [17/Feb/2013:06:55:45 +0600] "GET /pause/ajaxPause?pauseConfigId=&admin=0 HTTP/1.1" 200 986 "http://callider/pause/index" "Mozilla/4.0 (compatible; MSIE 7.0; Windows NT 6.1; WOW64; Trident/4.0; SLCC2; .NET CLR 2.0.50727; .NET CLR 3.5.30729; .NET CLR 3.0.30729; Media Center PC 6.0; InfoPath.3; .NET4.0C; .NET4.0E; .NET CLR 1.1.4322)" 23720
192.168.12.69 - - [17/Feb/2013:06:55:45 +0600] "GET /pause/ajaxPause?pauseConfigId=&admin=0 HTTP/1.1" 200 986 "http://callider/pause/index" "Mozilla/4.0 (compatible; MSIE 7.0; Windows NT 6.1; Trident/5.0; SLCC2; .NET CLR 2.0.50727; .NET CLR 3.5.30729; .NET CLR 3.0.30729; Media Center PC 6.0; InfoPath.3; .NET4.0C; .NET4.0E; Tablet PC 2.0; AskTbFXTV5/5.14.1.20007)" 21520
192.168.74.91 - - [17/Feb/2013:06:55:45 +0600] "GET /pause/ajaxPause?pauseConfigId=&admin=0 HTTP/1.1" 200 986 "http://callider/pause/index" "Mozilla/4.0 (compatible; MSIE 7.0; Windows NT 6.1; WOW64; Trident/5.0; SLCC2; .NET CLR 2.0.50727; .NET CLR 3.5.30729; .NET CLR 3.0.30729; Media Center PC 6.0; InfoPath.3; .NET4.0C; MS-RTC LM 8; .NET4.0E)" 20215
192.168.74.151 - - [17/Feb/2013:06:55:45 +0600] "GET /pause/ajaxPause?pauseConfigId=&admin=0 HTTP/1.1" 200 987 "http://callider.kontur/pause/index" "Mozilla/5.0 (Windows NT 6.1; WOW64; rv:18.0) Gecko/20100101 Firefox/18.0" 18739
192.168.12.210 - - [17/Feb/2013:06:55:45 +0600] "GET /pause/ajaxPause?pauseConfigId=all&admin=1 HTTP/1.1" 200 1047 "http://callider/pause/index" "Mozilla/4.0 (compatible; MSIE 7.0; Windows NT 6.1; WOW64; Trident/5.0; SLCC2; .NET CLR 2.0.50727; .NET CLR 3.5.30729; .NET CLR 3.0.30729; Media Center PC 6.0; InfoPath.3; .NET4.0C; .NET4.0E)" 21986
192.168.65.56 - - [17/Feb/2013:06:55:46 +0600] "GET /pause/ajaxPause?pauseConfigId=all&admin=1 HTTP/1.1" 200 1046 "http://192.168.65.101/pause/index" "Mozilla/5.0 (Windows NT 5.1; rv:15.0) Gecko/20100101 Firefox/15.0" 32727
192.168.12.61 - - [17/Feb/2013:06:55:48 +0600] "GET /pause/ajaxPause?pauseConfigId=&admin=0 HTTP/1.1" 200 985 "http://callider/pause/index" "Mozilla/4.0 (compatible; MSIE 7.0; Windows NT 6.1; Trident/5.0; SLCC2; .NET CLR 2.0.50727; .NET CLR 3.5.30729; .NET CLR 3.0.30729; Media Center PC 6.0; InfoPath.3; .NET4.0C; .NET4.0E)" 27472
192.168.12.210 - - [17/Feb/2013:06:55:49 +0600] "GET /tv/useUser HTTP/1.1" 200 431 "http://callider/pause/index" "Mozilla/4.0 (compatible; MSIE 7.0; Windows NT 6.1; WOW64; Trident/5.0; SLCC2; .NET CLR 2.0.50727; .NET CLR 3.5.30729; .NET CLR 3.0.30729; Media Center PC 6.0; InfoPath.3; .NET4.0C; .NET4.0E)" 10792
192.168.12.237 - - [17/Feb/2013:06:55:49 +0600] "GET /pause/ajaxPause?pauseConfigId=&admin=0 HTTP/1.1" 200 987 "http://callider/pause/index" "Mozilla/4.0 (compatible; MSIE 7.0; Windows NT 6.1; Trident/5.0; SLCC2; .NET CLR 2.0.50727; .NET CLR 3.5.30729; .NET CLR 3.0.30729; Media Center PC 6.0; InfoPath.3; .NET4.0C; .NET4.0E)" 21418
192.168.74.78 - - [17/Feb/2013:06:55:49 +0600] "GET /pause/ajaxPause?pauseConfigId=&admin=0 HTTP/1.1" 200 986 "http://callider/pause/index" "Mozilla/4.0 (compatible; MSIE 7.0; Windows NT 6.1; WOW64; Trident/5.0; SLCC2; .NET CLR 2.0.50727; .NET CLR 3.5.30729; .NET CLR 3.0.30729; Media Center PC 6.0; InfoPath.3; .NET4.0C; MS-RTC LM 8; .NET4.0E)" 19083
192.168.12.60 - - [17/Feb/2013:06:55:49 +0600] "GET /pause/ajaxPause?pauseConfigId=&admin=0 HTTP/1.1" 200 986 "http://callider/pause/index" "Mozilla/4.0 (compatible; MSIE 8.0; Windows NT 6.1; Trident/4.0; InfoPath.3; .NET4.0C; MS-RTC LM 8; .NET4.0E)" 19216
192.168.12.204 - - [17/Feb/2013:06:55:50 +0600] "GET /pause/ajaxPause?pauseConfigId=&admin=0 HTTP/1.1" 200 986 "http://callider/pause/index" "Mozilla/4.0 (compatible; MSIE 7.0; Windows NT 6.1; WOW64; Trident/4.0; SLCC2; .NET CLR 2.0.50727; .NET CLR 3.5.30729; .NET CLR 3.0.30729; Media Center PC 6.0; InfoPath.3; .NET4.0C; .NET4.0E; .NET CLR 1.1.4322)" 18544
192.168.12.69 - - [17/Feb/2013:06:55:50 +0600] "GET /pause/ajaxPause?pauseConfigId=&admin=0 HTTP/1.1" 200 986 "http://callider/pause/index" "Mozilla/4.0 (compatible; MSIE 7.0; Windows NT 6.1; Trident/5.0; SLCC2; .NET CLR 2.0.50727; .NET CLR 3.5.30729; .NET CLR 3.0.30729; Media Center PC 6.0; InfoPath.3; .NET4.0C; .NET4.0E; Tablet PC 2.0; AskTbFXTV5/5.14.1.20007)" 25472
192.168.74.91 - - [17/Feb/2013:06:55:50 +0600] "GET /pause/ajaxPause?pauseConfigId=&admin=0 HTTP/1.1" 200 986 "http://callider/pause/index" "Mozilla/4.0 (compatible; MSIE 7.0; Windows NT 6.1; WOW64; Trident/5.0; SLCC2; .NET CLR 2.0.50727; .NET CLR 3.5.30729; .NET CLR 3.0.30729; Media Center PC 6.0; InfoPath.3; .NET4.0C; MS-RTC LM 8; .NET4.0E)" 18387
192.168.74.151 - - [17/Feb/2013:06:55:50 +0600] "GET /pause/ajaxPause?pauseConfigId=&admin=0 HTTP/1.1" 200 987 "http://callider.kontur/pause/index" "Mozilla/5.0 (Windows NT 6.1; WOW64; rv:18.0) Gecko/20100101 Firefox/18.0" 18706
192.168.12.210 - - [17/Feb/2013:06:55:50 +0600] "GET /pause/ajaxPause?pauseConfigId=all&admin=1 HTTP/1.1" 200 1047 "http://callider/pause/index" "Mozilla/4.0 (compatible; MSIE 7.0; Windows NT 6.1; WOW64; Trident/5.0; SLCC2; .NET CLR 2.0.50727; .NET CLR 3.5.30729; .NET CLR 3.0.30729; Media Center PC 6.0; InfoPath.3; .NET4.0C; .NET4.0E)" 21724
192.168.65.56 - - [17/Feb/2013:06:55:51 +0600] "GET /pause/ajaxPause?pauseConfigId=all&admin=1 HTTP/1.1" 200 1046 "http://192.168.65.101/pause/index" "Mozilla/5.0 (Windows NT 5.1; rv:15.0) Gecko/20100101 Firefox/15.0" 29549
192.168.65.56 - - [17/Feb/2013:06:55:51 +0600] "GET /tv/useUser HTTP/1.1" 200 431 "http://192.168.65.101/pause/index" "Mozilla/5.0 (Windows NT 5.1; rv:15.0) Gecko/20100101 Firefox/15.0" 10329
192.168.65.93 - - [17/Feb/2013:06:55:52 +0600] "GET / HTTP/1.1" 302 530 "-" "System Center 2012 - Operations Manager 7.0.9538.0" 21742
192.168.65.93 - - [17/Feb/2013:06:55:52 +0600] "GET /site/login HTTP/1.1" 200 2771 "-" "System Center 2012 - Operations Manager 7.0.9538.0" 16539
192.168.12.61 - - [17/Feb/2013:06:55:53 +0600] "GET /pause/ajaxPause?pauseConfigId=&admin=0 HTTP/1.1" 200 985 "http://callider/pause/index" "Mozilla/4.0 (compatible; MSIE 7.0; Windows NT 6.1; Trident/5.0; SLCC2; .NET CLR 2.0.50727; .NET CLR 3.5.30729; .NET CLR 3.0.30729; Media Center PC 6.0; InfoPath.3; .NET4.0C; .NET4.0E)" 338168
192.168.12.237 - - [17/Feb/2013:06:55:54 +0600] "GET /pause/ajaxPause?pauseConfigId=&admin=0 HTTP/1.1" 200 987 "http://callider/pause/index" "Mozilla/4.0 (compatible; MSIE 7.0; Windows NT 6.1; Trident/5.0; SLCC2; .NET CLR 2.0.50727; .NET CLR 3.5.30729; .NET CLR 3.0.30729; Media Center PC 6.0; InfoPath.3; .NET4.0C; .NET4.0E)" 21063
192.168.74.78 - - [17/Feb/2013:06:55:54 +0600] "GET /pause/ajaxPause?pauseConfigId=&admin=0 HTTP/1.1" 200 986 "http://callider/pause/index" "Mozilla/4.0 (compatible; MSIE 7.0; Windows NT 6.1; WOW64; Trident/5.0; SLCC2; .NET CLR 2.0.50727; .NET CLR 3.5.30729; .NET CLR 3.0.30729; Media Center PC 6.0; InfoPath.3; .NET4.0C; MS-RTC LM 8; .NET4.0E)" 18524
192.168.12.60 - - [17/Feb/2013:06:55:54 +0600] "GET /pause/ajaxPause?pauseConfigId=&admin=0 HTTP/1.1" 200 986 "http://callider/pause/index" "Mozilla/4.0 (compatible; MSIE 8.0; Windows NT 6.1; Trident/4.0; InfoPath.3; .NET4.0C; MS-RTC LM 8; .NET4.0E)" 19039
192.168.12.204 - - [17/Feb/2013:06:55:55 +0600] "GET /pause/ajaxPause?pauseConfigId=&admin=0 HTTP/1.1" 200 986 "http://callider/pause/index" "Mozilla/4.0 (compatible; MSIE 7.0; Windows NT 6.1; WOW64; Trident/4.0; SLCC2; .NET CLR 2.0.50727; .NET CLR 3.5.30729; .NET CLR 3.0.30729; Media Center PC 6.0; InfoPath.3; .NET4.0C; .NET4.0E; .NET CLR 1.1.4322)" 18519
192.168.12.69 - - [17/Feb/2013:06:55:55 +0600] "GET /pause/ajaxPause?pauseConfigId=&admin=0 HTTP/1.1" 200 986 "http://callider/pause/index" "Mozilla/4.0 (compatible; MSIE 7.0; Windows NT 6.1; Trident/5.0; SLCC2; .NET CLR 2.0.50727; .NET CLR 3.5.30729; .NET CLR 3.0.30729; Media Center PC 6.0; InfoPath.3; .NET4.0C; .NET4.0E; Tablet PC 2.0; AskTbFXTV5/5.14.1.20007)" 20211
192.168.74.91 - - [17/Feb/2013:06:55:55 +0600] "GET /pause/ajaxPause?pauseConfigId=&admin=0 HTTP/1.1" 200 986 "http://callider/pause/index" "Mozilla/4.0 (compatible; MSIE 7.0; Windows NT 6.1; WOW64; Trident/5.0; SLCC2; .NET CLR 2.0.50727; .NET CLR 3.5.30729; .NET CLR 3.0.30729; Media Center PC 6.0; InfoPath.3; .NET4.0C; MS-RTC LM 8; .NET4.0E)" 18573
192.168.74.151 - - [17/Feb/2013:06:55:55 +0600] "GET /pause/ajaxPause?pauseConfigId=&admin=0 HTTP/1.1" 200 987 "http://callider.kontur/pause/index" "Mozilla/5.0 (Windows NT 6.1; WOW64; rv:18.0) Gecko/20100101 Firefox/18.0" 18907
192.168.12.210 - - [17/Feb/2013:06:55:55 +0600] "GET /pause/ajaxPause?pauseConfigId=all&admin=1 HTTP/1.1" 200 1047 "http://callider/pause/index" "Mozilla/4.0 (compatible; MSIE 7.0; Windows NT 6.1; WOW64; Trident/5.0; SLCC2; .NET CLR 2.0.50727; .NET CLR 3.5.30729; .NET CLR 3.0.30729; Media Center PC 6.0; InfoPath.3; .NET4.0C; .NET4.0E)" 139972
192.168.65.56 - - [17/Feb/2013:06:55:56 +0600] "GET /pause/ajaxPause?pauseConfigId=all&admin=1 HTTP/1.1" 200 1046 "http://192.168.65.101/pause/index" "Mozilla/5.0 (Windows NT 5.1; rv:15.0) Gecko/20100101 Firefox/15.0" 27825
192.168.12.61 - - [17/Feb/2013:06:55:58 +0600] "GET /pause/ajaxPause?pauseConfigId=&admin=0 HTTP/1.1" 200 985 "http://callider/pause/index" "Mozilla/4.0 (compatible; MSIE 7.0; Windows NT 6.1; Trident/5.0; SLCC2; .NET CLR 2.0.50727; .NET CLR 3.5.30729; .NET CLR 3.0.30729; Media Center PC 6.0; InfoPath.3; .NET4.0C; .NET4.0E)" 28835
192.168.12.237 - - [17/Feb/2013:06:55:59 +0600] "GET /pause/ajaxPause?pauseConfigId=&admin=0 HTTP/1.1" 200 987 "http://callider/pause/index" "Mozilla/4.0 (compatible; MSIE 7.0; Windows NT 6.1; Trident/5.0; SLCC2; .NET CLR 2.0.50727; .NET CLR 3.5.30729; .NET CLR 3.0.30729; Media Center PC 6.0; InfoPath.3; .NET4.0C; .NET4.0E)" 18426
192.168.74.78 - - [17/Feb/2013:06:55:59 +0600] "GET /pause/ajaxPause?pauseConfigId=&admin=0 HTTP/1.1" 200 986 "http://callider/pause/index" "Mozilla/4.0 (compatible; MSIE 7.0; Windows NT 6.1; WOW64; Trident/5.0; SLCC2; .NET CLR 2.0.50727; .NET CLR 3.5.30729; .NET CLR 3.0.30729; Media Center PC 6.0; InfoPath.3; .NET4.0C; MS-RTC LM 8; .NET4.0E)" 19548
192.168.12.60 - - [17/Feb/2013:06:55:59 +0600] "GET /pause/ajaxPause?pauseConfigId=&admin=0 HTTP/1.1" 200 986 "http://callider/pause/index" "Mozilla/4.0 (compatible; MSIE 8.0; Windows NT 6.1; Trident/4.0; InfoPath.3; .NET4.0C; MS-RTC LM 8; .NET4.0E)" 19375
192.168.12.204 - - [17/Feb/2013:06:56:00 +0600] "GET /pause/ajaxPause?pauseConfigId=&admin=0 HTTP/1.1" 200 986 "http://callider/pause/index" "Mozilla/4.0 (compatible; MSIE 7.0; Windows NT 6.1; WOW64; Trident/4.0; SLCC2; .NET CLR 2.0.50727; .NET CLR 3.5.30729; .NET CLR 3.0.30729; Media Center PC 6.0; InfoPath.3; .NET4.0C; .NET4.0E; .NET CLR 1.1.4322)" 20405
192.168.12.69 - - [17/Feb/2013:06:56:00 +0600] "GET /pause/ajaxPause?pauseConfigId=&admin=0 HTTP/1.1" 200 986 "http://callider/pause/index" "Mozilla/4.0 (compatible; MSIE 7.0; Windows NT 6.1; Trident/5.0; SLCC2; .NET CLR 2.0.50727; .NET CLR 3.5.30729; .NET CLR 3.0.30729; Media Center PC 6.0; InfoPath.3; .NET4.0C; .NET4.0E; Tablet PC 2.0; AskTbFXTV5/5.14.1.20007)" 19426
192.168.74.91 - - [17/Feb/2013:06:56:00 +0600] "GET /pause/ajaxPause?pauseConfigId=&admin=0 HTTP/1.1" 200 986 "http://callider/pause/index" "Mozilla/4.0 (compatible; MSIE 7.0; Windows NT 6.1; WOW64; Trident/5.0; SLCC2; .NET CLR 2.0.50727; .NET CLR 3.5.30729; .NET CLR 3.0.30729; Media Center PC 6.0; InfoPath.3; .NET4.0C; MS-RTC LM 8; .NET4.0E)" 18710
192.168.74.151 - - [17/Feb/2013:06:56:00 +0600] "GET /pause/ajaxPause?pauseConfigId=&admin=0 HTTP/1.1" 200 987 "http://callider.kontur/pause/index" "Mozilla/5.0 (Windows NT 6.1; WOW64; rv:18.0) Gecko/20100101 Firefox/18.0" 18172
192.168.12.210 - - [17/Feb/2013:06:56:00 +0600] "GET /pause/ajaxPause?pauseConfigId=all&admin=1 HTTP/1.1" 200 1047 "http://callider/pause/index" "Mozilla/4.0 (compatible; MSIE 7.0; Windows NT 6.1; WOW64; Trident/5.0; SLCC2; .NET CLR 2.0.50727; .NET CLR 3.5.30729; .NET CLR 3.0.30729; Media Center PC 6.0; InfoPath.3; .NET4.0C; .NET4.0E)" 25582
192.168.65.56 - - [17/Feb/2013:06:56:01 +0600] "GET /pause/ajaxPause?pauseConfigId=all&admin=1 HTTP/1.1" 200 1046 "http://192.168.65.101/pause/index" "Mozilla/5.0 (Windows NT 5.1; rv:15.0) Gecko/20100101 Firefox/15.0" 28210
192.168.12.61 - - [17/Feb/2013:06:56:03 +0600] "GET /pause/ajaxPause?pauseConfigId=&admin=0 HTTP/1.1" 200 985 "http://callider/pause/index" "Mozilla/4.0 (compatible; MSIE 7.0; Windows NT 6.1; Trident/5.0; SLCC2; .NET CLR 2.0.50727; .NET CLR 3.5.30729; .NET CLR 3.0.30729; Media Center PC 6.0; InfoPath.3; .NET4.0C; .NET4.0E)" 26459
192.168.12.237 - - [17/Feb/2013:06:56:04 +0600] "GET /pause/ajaxPause?pauseConfigId=&admin=0 HTTP/1.1" 200 987 "http://callider/pause/index" "Mozilla/4.0 (compatible; MSIE 7.0; Windows NT 6.1; Trident/5.0; SLCC2; .NET CLR 2.0.50727; .NET CLR 3.5.30729; .NET CLR 3.0.30729; Media Center PC 6.0; InfoPath.3; .NET4.0C; .NET4.0E)" 20037
192.168.74.78 - - [17/Feb/2013:06:56:04 +0600] "GET /pause/ajaxPause?pauseConfigId=&admin=0 HTTP/1.1" 200 986 "http://callider/pause/index" "Mozilla/4.0 (compatible; MSIE 7.0; Windows NT 6.1; WOW64; Trident/5.0; SLCC2; .NET CLR 2.0.50727; .NET CLR 3.5.30729; .NET CLR 3.0.30729; Media Center PC 6.0; InfoPath.3; .NET4.0C; MS-RTC LM 8; .NET4.0E)" 19388
192.168.12.60 - - [17/Feb/2013:06:56:04 +0600] "GET /pause/ajaxPause?pauseConfigId=&admin=0 HTTP/1.1" 200 986 "http://callider/pause/index" "Mozilla/4.0 (compatible; MSIE 8.0; Windows NT 6.1; Trident/4.0; InfoPath.3; .NET4.0C; MS-RTC LM 8; .NET4.0E)" 17682
192.168.12.204 - - [17/Feb/2013:06:56:05 +0600] "GET /pause/ajaxPause?pauseConfigId=&admin=0 HTTP/1.1" 200 986 "http://callider/pause/index" "Mozilla/4.0 (compatible; MSIE 7.0; Windows NT 6.1; WOW64; Trident/4.0; SLCC2; .NET CLR 2.0.50727; .NET CLR 3.5.30729; .NET CLR 3.0.30729; Media Center PC 6.0; InfoPath.3; .NET4.0C; .NET4.0E; .NET CLR 1.1.4322)" 19308
192.168.12.69 - - [17/Feb/2013:06:56:05 +0600] "GET /pause/ajaxPause?pauseConfigId=&admin=0 HTTP/1.1" 200 986 "http://callider/pause/index" "Mozilla/4.0 (compatible; MSIE 7.0; Windows NT 6.1; Trident/5.0; SLCC2; .NET CLR 2.0.50727; .NET CLR 3.5.30729; .NET CLR 3.0.30729; Media Center PC 6.0; InfoPath.3; .NET4.0C; .NET4.0E; Tablet PC 2.0; AskTbFXTV5/5.14.1.20007)" 17483
192.168.12.61 - - [17/Feb/2013:06:56:05 +0600] "GET /tv/useUser HTTP/1.1" 200 431 "http://callider/pause/index" "Mozilla/4.0 (compatible; MSIE 7.0; Windows NT 6.1; Trident/5.0; SLCC2; .NET CLR 2.0.50727; .NET CLR 3.5.30729; .NET CLR 3.0.30729; Media Center PC 6.0; InfoPath.3; .NET4.0C; .NET4.0E)" 10547
192.168.74.91 - - [17/Feb/2013:06:56:05 +0600] "GET /pause/ajaxPause?pauseConfigId=&admin=0 HTTP/1.1" 200 986 "http://callider/pause/index" "Mozilla/4.0 (compatible; MSIE 7.0; Windows NT 6.1; WOW64; Trident/5.0; SLCC2; .NET CLR 2.0.50727; .NET CLR 3.5.30729; .NET CLR 3.0.30729; Media Center PC 6.0; InfoPath.3; .NET4.0C; MS-RTC LM 8; .NET4.0E)" 18233
192.168.74.151 - - [17/Feb/2013:06:56:05 +0600] "GET /pause/ajaxPause?pauseConfigId=&admin=0 HTTP/1.1" 200 987 "http://callider.kontur/pause/index" "Mozilla/5.0 (Windows NT 6.1; WOW64; rv:18.0) Gecko/20100101 Firefox/18.0" 18166
192.168.12.210 - - [17/Feb/2013:06:56:05 +0600] "GET /pause/ajaxPause?pauseConfigId=all&admin=1 HTTP/1.1" 200 1047 "http://callider/pause/index" "Mozilla/4.0 (compatible; MSIE 7.0; Windows NT 6.1; WOW64; Trident/5.0; SLCC2; .NET CLR 2.0.50727; .NET CLR 3.5.30729; .NET CLR 3.0.30729; Media Center PC 6.0; InfoPath.3; .NET4.0C; .NET4.0E)" 21853
192.168.65.56 - - [17/Feb/2013:06:56:06 +0600] "GET /pause/ajaxPause?pauseConfigId=all&admin=1 HTTP/1.1" 200 1046 "http://192.168.65.101/pause/index" "Mozilla/5.0 (Windows NT 5.1; rv:15.0) Gecko/20100101 Firefox/15.0" 35025
192.168.12.61 - - [17/Feb/2013:06:56:08 +0600] "GET /pause/ajaxPause?pauseConfigId=&admin=0 HTTP/1.1" 200 985 "http://callider/pause/index" "Mozilla/4.0 (compatible; MSIE 7.0; Windows NT 6.1; Trident/5.0; SLCC2; .NET CLR 2.0.50727; .NET CLR 3.5.30729; .NET CLR 3.0.30729; Media Center PC 6.0; InfoPath.3; .NET4.0C; .NET4.0E)" 66277
192.168.12.237 - - [17/Feb/2013:06:56:09 +0600] "GET /pause/ajaxPause?pauseConfigId=&admin=0 HTTP/1.1" 200 987 "http://callider/pause/index" "Mozilla/4.0 (compatible; MSIE 7.0; Windows NT 6.1; Trident/5.0; SLCC2; .NET CLR 2.0.50727; .NET CLR 3.5.30729; .NET CLR 3.0.30729; Media Center PC 6.0; InfoPath.3; .NET4.0C; .NET4.0E)" 21573
192.168.74.78 - - [17/Feb/2013:06:56:09 +0600] "GET /pause/ajaxPause?pauseConfigId=&admin=0 HTTP/1.1" 200 986 "http://callider/pause/index" "Mozilla/4.0 (compatible; MSIE 7.0; Windows NT 6.1; WOW64; Trident/5.0; SLCC2; .NET CLR 2.0.50727; .NET CLR 3.5.30729; .NET CLR 3.0.30729; Media Center PC 6.0; InfoPath.3; .NET4.0C; MS-RTC LM 8; .NET4.0E)" 18730
192.168.12.60 - - [17/Feb/2013:06:56:09 +0600] "GET /pause/ajaxPause?pauseConfigId=&admin=0 HTTP/1.1" 200 986 "http://callider/pause/index" "Mozilla/4.0 (compatible; MSIE 8.0; Windows NT 6.1; Trident/4.0; InfoPath.3; .NET4.0C; MS-RTC LM 8; .NET4.0E)" 17047
192.168.12.204 - - [17/Feb/2013:06:56:10 +0600] "GET /pause/ajaxPause?pauseConfigId=&admin=0 HTTP/1.1" 200 986 "http://callider/pause/index" "Mozilla/4.0 (compatible; MSIE 7.0; Windows NT 6.1; WOW64; Trident/4.0; SLCC2; .NET CLR 2.0.50727; .NET CLR 3.5.30729; .NET CLR 3.0.30729; Media Center PC 6.0; InfoPath.3; .NET4.0C; .NET4.0E; .NET CLR 1.1.4322)" 19007
192.168.12.69 - - [17/Feb/2013:06:56:10 +0600] "GET /pause/ajaxPause?pauseConfigId=&admin=0 HTTP/1.1" 200 986 "http://callider/pause/index" "Mozilla/4.0 (compatible; MSIE 7.0; Windows NT 6.1; Trident/5.0; SLCC2; .NET CLR 2.0.50727; .NET CLR 3.5.30729; .NET CLR 3.0.30729; Media Center PC 6.0; InfoPath.3; .NET4.0C; .NET4.0E; Tablet PC 2.0; AskTbFXTV5/5.14.1.20007)" 17531
192.168.74.91 - - [17/Feb/2013:06:56:10 +0600] "GET /pause/ajaxPause?pauseConfigId=&admin=0 HTTP/1.1" 200 986 "http://callider/pause/index" "Mozilla/4.0 (compatible; MSIE 7.0; Windows NT 6.1; WOW64; Trident/5.0; SLCC2; .NET CLR 2.0.50727; .NET CLR 3.5.30729; .NET CLR 3.0.30729; Media Center PC 6.0; InfoPath.3; .NET4.0C; MS-RTC LM 8; .NET4.0E)" 20006
192.168.74.151 - - [17/Feb/2013:06:56:10 +0600] "GET /pause/ajaxPause?pauseConfigId=&admin=0 HTTP/1.1" 200 987 "http://callider.kontur/pause/index" "Mozilla/5.0 (Windows NT 6.1; WOW64; rv:18.0) Gecko/20100101 Firefox/18.0" 17852
192.168.12.210 - - [17/Feb/2013:06:56:10 +0600] "GET /pause/ajaxPause?pauseConfigId=all&admin=1 HTTP/1.1" 200 1047 "http://callider/pause/index" "Mozilla/4.0 (compatible; MSIE 7.0; Windows NT 6.1; WOW64; Trident/5.0; SLCC2; .NET CLR 2.0.50727; .NET CLR 3.5.30729; .NET CLR 3.0.30729; Media Center PC 6.0; InfoPath.3; .NET4.0C; .NET4.0E)" 25135
192.168.12.42 - - [17/Feb/2013:06:56:11 +0600] "GET /tv/useUser HTTP/1.1" 200 432 "http://callider/graph/personal" "Mozilla/4.0 (compatible; MSIE 7.0; Windows NT 6.1; WOW64; Trident/5.0; SLCC2; .NET CLR 2.0.50727; .NET CLR 3.5.30729; .NET CLR 3.0.30729; Media Center PC 6.0; InfoPath.3; .NET4.0C; .NET4.0E)" 15567
192.168.65.56 - - [17/Feb/2013:06:56:11 +0600] "GET /pause/ajaxPause?pauseConfigId=all&admin=1 HTTP/1.1" 200 1046 "http://192.168.65.101/pause/index" "Mozilla/5.0 (Windows NT 5.1; rv:15.0) Gecko/20100101 Firefox/15.0" 49195
192.168.12.61 - - [17/Feb/2013:06:56:13 +0600] "GET /pause/ajaxPause?pauseConfigId=&admin=0 HTTP/1.1" 200 985 "http://callider/pause/index" "Mozilla/4.0 (compatible; MSIE 7.0; Windows NT 6.1; Trident/5.0; SLCC2; .NET CLR 2.0.50727; .NET CLR 3.5.30729; .NET CLR 3.0.30729; Media Center PC 6.0; InfoPath.3; .NET4.0C; .NET4.0E)" 28859
192.168.74.151 - - [17/Feb/2013:06:56:13 +0600] "GET /tv/useUser HTTP/1.1" 200 431 "http://callider.kontur/graph/general" "Mozilla/5.0 (Windows NT 6.1; WOW64; rv:18.0) Gecko/20100101 Firefox/18.0" 8627
192.168.12.237 - - [17/Feb/2013:06:56:14 +0600] "GET /pause/ajaxPause?pauseConfigId=&admin=0 HTTP/1.1" 200 987 "http://callider/pause/index" "Mozilla/4.0 (compatible; MSIE 7.0; Windows NT 6.1; Trident/5.0; SLCC2; .NET CLR 2.0.50727; .NET CLR 3.5.30729; .NET CLR 3.0.30729; Media Center PC 6.0; InfoPath.3; .NET4.0C; .NET4.0E)" 26243
192.168.74.78 - - [17/Feb/2013:06:56:14 +0600] "GET /pause/ajaxPause?pauseConfigId=&admin=0 HTTP/1.1" 200 986 "http://callider/pause/index" "Mozilla/4.0 (compatible; MSIE 7.0; Windows NT 6.1; WOW64; Trident/5.0; SLCC2; .NET CLR 2.0.50727; .NET CLR 3.5.30729; .NET CLR 3.0.30729; Media Center PC 6.0; InfoPath.3; .NET4.0C; MS-RTC LM 8; .NET4.0E)" 17418
192.168.12.60 - - [17/Feb/2013:06:56:14 +0600] "GET /pause/ajaxPause?pauseConfigId=&admin=0 HTTP/1.1" 200 987 "http://callider/pause/index" "Mozilla/4.0 (compatible; MSIE 8.0; Windows NT 6.1; Trident/4.0; InfoPath.3; .NET4.0C; MS-RTC LM 8; .NET4.0E)" 29455
192.168.12.204 - - [17/Feb/2013:06:56:15 +0600] "GET /pause/ajaxPause?pauseConfigId=&admin=0 HTTP/1.1" 200 986 "http://callider/pause/index" "Mozilla/4.0 (compatible; MSIE 7.0; Windows NT 6.1; WOW64; Trident/4.0; SLCC2; .NET CLR 2.0.50727; .NET CLR 3.5.30729; .NET CLR 3.0.30729; Media Center PC 6.0; InfoPath.3; .NET4.0C; .NET4.0E; .NET CLR 1.1.4322)" 20344
192.168.12.69 - - [17/Feb/2013:06:56:15 +0600] "GET /pause/ajaxPause?pauseConfigId=&admin=0 HTTP/1.1" 200 986 "http://callider/pause/index" "Mozilla/4.0 (compatible; MSIE 7.0; Windows NT 6.1; Trident/5.0; SLCC2; .NET CLR 2.0.50727; .NET CLR 3.5.30729; .NET CLR 3.0.30729; Media Center PC 6.0; InfoPath.3; .NET4.0C; .NET4.0E; Tablet PC 2.0; AskTbFXTV5/5.14.1.20007)" 21809
192.168.74.91 - - [17/Feb/2013:06:56:15 +0600] "GET /pause/ajaxPause?pauseConfigId=&admin=0 HTTP/1.1" 200 986 "http://callider/pause/index" "Mozilla/4.0 (compatible; MSIE 7.0; Windows NT 6.1; WOW64; Trident/5.0; SLCC2; .NET CLR 2.0.50727; .NET CLR 3.5.30729; .NET CLR 3.0.30729; Media Center PC 6.0; InfoPath.3; .NET4.0C; MS-RTC LM 8; .NET4.0E)" 19778
192.168.74.151 - - [17/Feb/2013:06:56:15 +0600] "GET /pause/ajaxPause?pauseConfigId=&admin=0 HTTP/1.1" 200 987 "http://callider.kontur/pause/index" "Mozilla/5.0 (Windows NT 6.1; WOW64; rv:18.0) Gecko/20100101 Firefox/18.0" 22652
192.168.74.151 - - [17/Feb/2013:06:56:15 +0600] "GET /tv/useUser HTTP/1.1" 200 432 "http://callider.kontur/pause/index" "Mozilla/5.0 (Windows NT 6.1; WOW64; rv:18.0) Gecko/20100101 Firefox/18.0" 15433
192.168.12.210 - - [17/Feb/2013:06:56:15 +0600] "GET /pause/ajaxPause?pauseConfigId=all&admin=1 HTTP/1.1" 200 1047 "http://callider/pause/index" "Mozilla/4.0 (compatible; MSIE 7.0; Windows NT 6.1; WOW64; Trident/5.0; SLCC2; .NET CLR 2.0.50727; .NET CLR 3.5.30729; .NET CLR 3.0.30729; Media Center PC 6.0; InfoPath.3; .NET4.0C; .NET4.0E)" 22157
192.168.65.56 - - [17/Feb/2013:06:56:16 +0600] "GET /pause/ajaxPause?pauseConfigId=all&admin=1 HTTP/1.1" 200 1046 "http://192.168.65.101/pause/index" "Mozilla/5.0 (Windows NT 5.1; rv:15.0) Gecko/20100101 Firefox/15.0" 40034
192.168.12.61 - - [17/Feb/2013:06:56:18 +0600] "GET /pause/ajaxPause?pauseConfigId=&admin=0 HTTP/1.1" 200 985 "http://callider/pause/index" "Mozilla/4.0 (compatible; MSIE 7.0; Windows NT 6.1; Trident/5.0; SLCC2; .NET CLR 2.0.50727; .NET CLR 3.5.30729; .NET CLR 3.0.30729; Media Center PC 6.0; InfoPath.3; .NET4.0C; .NET4.0E)" 25896
192.168.12.237 - - [17/Feb/2013:06:56:19 +0600] "GET /pause/ajaxPause?pauseConfigId=&admin=0 HTTP/1.1" 200 987 "http://callider/pause/index" "Mozilla/4.0 (compatible; MSIE 7.0; Windows NT 6.1; Trident/5.0; SLCC2; .NET CLR 2.0.50727; .NET CLR 3.5.30729; .NET CLR 3.0.30729; Media Center PC 6.0; InfoPath.3; .NET4.0C; .NET4.0E)" 21482
192.168.74.78 - - [17/Feb/2013:06:56:19 +0600] "GET /pause/ajaxPause?pauseConfigId=&admin=0 HTTP/1.1" 200 986 "http://callider/pause/index" "Mozilla/4.0 (compatible; MSIE 7.0; Windows NT 6.1; WOW64; Trident/5.0; SLCC2; .NET CLR 2.0.50727; .NET CLR 3.5.30729; .NET CLR 3.0.30729; Media Center PC 6.0; InfoPath.3; .NET4.0C; MS-RTC LM 8; .NET4.0E)" 20880
192.168.12.10 - - [17/Feb/2013:06:56:19 +0600] "GET /tv/useUser HTTP/1.1" 200 432 "http://callider/graph/personal" "Mozilla/4.0 (compatible; MSIE 7.0; Windows NT 6.1; Trident/5.0; SLCC2; .NET CLR 2.0.50727; .NET CLR 3.5.30729; .NET CLR 3.0.30729; Media Center PC 6.0; InfoPath.3; .NET4.0C; .NET4.0E; Tablet PC 2.0; MS-RTC LM 8)" 15631
192.168.12.108 - - [17/Feb/2013:06:56:19 +0600] "GET /tv/useUser HTTP/1.1" 200 432 "http://callider/index.php" "Mozilla/4.0 (compatible; MSIE 7.0; Windows NT 6.2; WOW64; Trident/6.0; .NET4.0E; .NET4.0C; InfoPath.3; .NET CLR 3.5.30729; .NET CLR 2.0.50727; .NET CLR 3.0.30729)" 16792
192.168.12.60 - - [17/Feb/2013:06:56:19 +0600] "GET /pause/ajaxPause?pauseConfigId=&admin=0 HTTP/1.1" 200 986 "http://callider/pause/index" "Mozilla/4.0 (compatible; MSIE 8.0; Windows NT 6.1; Trident/4.0; InfoPath.3; .NET4.0C; MS-RTC LM 8; .NET4.0E)" 20517
192.168.12.204 - - [17/Feb/2013:06:56:20 +0600] "GET /pause/ajaxPause?pauseConfigId=&admin=0 HTTP/1.1" 200 986 "http://callider/pause/index" "Mozilla/4.0 (compatible; MSIE 7.0; Windows NT 6.1; WOW64; Trident/4.0; SLCC2; .NET CLR 2.0.50727; .NET CLR 3.5.30729; .NET CLR 3.0.30729; Media Center PC 6.0; InfoPath.3; .NET4.0C; .NET4.0E; .NET CLR 1.1.4322)" 24403
192.168.12.69 - - [17/Feb/2013:06:56:20 +0600] "GET /pause/ajaxPause?pauseConfigId=&admin=0 HTTP/1.1" 200 986 "http://callider/pause/index" "Mozilla/4.0 (compatible; MSIE 7.0; Windows NT 6.1; Trident/5.0; SLCC2; .NET CLR 2.0.50727; .NET CLR 3.5.30729; .NET CLR 3.0.30729; Media Center PC 6.0; InfoPath.3; .NET4.0C; .NET4.0E; Tablet PC 2.0; AskTbFXTV5/5.14.1.20007)" 22198
192.168.12.210 - - [17/Feb/2013:06:56:20 +0600] "GET /pause/ajaxPause?pauseConfigId=all&admin=1 HTTP/1.1" 200 1047 "http://callider/pause/index" "Mozilla/4.0 (compatible; MSIE 7.0; Windows NT 6.1; WOW64; Trident/5.0; SLCC2; .NET CLR 2.0.50727; .NET CLR 3.5.30729; .NET CLR 3.0.30729; Media Center PC 6.0; InfoPath.3; .NET4.0C; .NET4.0E)" 67966
192.168.74.91 - - [17/Feb/2013:06:56:20 +0600] "GET /pause/ajaxPause?pauseConfigId=&admin=0 HTTP/1.1" 200 986 "http://callider/pause/index" "Mozilla/4.0 (compatible; MSIE 7.0; Windows NT 6.1; WOW64; Trident/5.0; SLCC2; .NET CLR 2.0.50727; .NET CLR 3.5.30729; .NET CLR 3.0.30729; Media Center PC 6.0; InfoPath.3; .NET4.0C; MS-RTC LM 8; .NET4.0E)" 150867
192.168.74.151 - - [17/Feb/2013:06:56:20 +0600] "GET /pause/ajaxPause?pauseConfigId=&admin=0 HTTP/1.1" 200 987 "http://callider.kontur/pause/index" "Mozilla/5.0 (Windows NT 6.1; WOW64; rv:18.0) Gecko/20100101 Firefox/18.0" 141993
192.168.65.56 - - [17/Feb/2013:06:56:21 +0600] "GET /pause/ajaxPause?pauseConfigId=all&admin=1 HTTP/1.1" 200 1046 "http://192.168.65.101/pause/index" "Mozilla/5.0 (Windows NT 5.1; rv:15.0) Gecko/20100101 Firefox/15.0" 33491
192.168.12.61 - - [17/Feb/2013:06:56:23 +0600] "GET /pause/ajaxPause?pauseConfigId=&admin=0 HTTP/1.1" 200 985 "http://callider/pause/index" "Mozilla/4.0 (compatible; MSIE 7.0; Windows NT 6.1; Trident/5.0; SLCC2; .NET CLR 2.0.50727; .NET CLR 3.5.30729; .NET CLR 3.0.30729; Media Center PC 6.0; InfoPath.3; .NET4.0C; .NET4.0E)" 22315
192.168.12.237 - - [17/Feb/2013:06:56:24 +0600] "GET /pause/ajaxPause?pauseConfigId=&admin=0 HTTP/1.1" 200 987 "http://callider/pause/index" "Mozilla/4.0 (compatible; MSIE 7.0; Windows NT 6.1; Trident/5.0; SLCC2; .NET CLR 2.0.50727; .NET CLR 3.5.30729; .NET CLR 3.0.30729; Media Center PC 6.0; InfoPath.3; .NET4.0C; .NET4.0E)" 20732
192.168.74.78 - - [17/Feb/2013:06:56:24 +0600] "GET /pause/ajaxPause?pauseConfigId=&admin=0 HTTP/1.1" 200 986 "http://callider/pause/index" "Mozilla/4.0 (compatible; MSIE 7.0; Windows NT 6.1; WOW64; Trident/5.0; SLCC2; .NET CLR 2.0.50727; .NET CLR 3.5.30729; .NET CLR 3.0.30729; Media Center PC 6.0; InfoPath.3; .NET4.0C; MS-RTC LM 8; .NET4.0E)" 19330
192.168.12.60 - - [17/Feb/2013:06:56:24 +0600] "GET /pause/ajaxPause?pauseConfigId=&admin=0 HTTP/1.1" 200 986 "http://callider/pause/index" "Mozilla/4.0 (compatible; MSIE 8.0; Windows NT 6.1; Trident/4.0; InfoPath.3; .NET4.0C; MS-RTC LM 8; .NET4.0E)" 18335
192.168.12.204 - - [17/Feb/2013:06:56:25 +0600] "GET /pause/ajaxPause?pauseConfigId=&admin=0 HTTP/1.1" 200 986 "http://callider/pause/index" "Mozilla/4.0 (compatible; MSIE 7.0; Windows NT 6.1; WOW64; Trident/4.0; SLCC2; .NET CLR 2.0.50727; .NET CLR 3.5.30729; .NET CLR 3.0.30729; Media Center PC 6.0; InfoPath.3; .NET4.0C; .NET4.0E; .NET CLR 1.1.4322)" 18845
192.168.12.69 - - [17/Feb/2013:06:56:25 +0600] "GET /pause/ajaxPause?pauseConfigId=&admin=0 HTTP/1.1" 200 986 "http://callider/pause/index" "Mozilla/4.0 (compatible; MSIE 7.0; Windows NT 6.1; Trident/5.0; SLCC2; .NET CLR 2.0.50727; .NET CLR 3.5.30729; .NET CLR 3.0.30729; Media Center PC 6.0; InfoPath.3; .NET4.0C; .NET4.0E; Tablet PC 2.0; AskTbFXTV5/5.14.1.20007)" 20461
192.168.74.91 - - [17/Feb/2013:06:56:25 +0600] "GET /pause/ajaxPause?pauseConfigId=&admin=0 HTTP/1.1" 200 986 "http://callider/pause/index" "Mozilla/4.0 (compatible; MSIE 7.0; Windows NT 6.1; WOW64; Trident/5.0; SLCC2; .NET CLR 2.0.50727; .NET CLR 3.5.30729; .NET CLR 3.0.30729; Media Center PC 6.0; InfoPath.3; .NET4.0C; MS-RTC LM 8; .NET4.0E)" 19160
192.168.74.151 - - [17/Feb/2013:06:56:25 +0600] "GET /pause/ajaxPause?pauseConfigId=&admin=0 HTTP/1.1" 200 987 "http://callider.kontur/pause/index" "Mozilla/5.0 (Windows NT 6.1; WOW64; rv:18.0) Gecko/20100101 Firefox/18.0" 19000
192.168.12.210 - - [17/Feb/2013:06:56:25 +0600] "GET /pause/ajaxPause?pauseConfigId=all&admin=1 HTTP/1.1" 200 1047 "http://callider/pause/index" "Mozilla/4.0 (compatible; MSIE 7.0; Windows NT 6.1; WOW64; Trident/5.0; SLCC2; .NET CLR 2.0.50727; .NET CLR 3.5.30729; .NET CLR 3.0.30729; Media Center PC 6.0; InfoPath.3; .NET4.0C; .NET4.0E)" 22648
192.168.65.56 - - [17/Feb/2013:06:56:26 +0600] "GET /pause/ajaxPause?pauseConfigId=all&admin=1 HTTP/1.1" 200 1046 "http://192.168.65.101/pause/index" "Mozilla/5.0 (Windows NT 5.1; rv:15.0) Gecko/20100101 Firefox/15.0" 34339
192.168.12.61 - - [17/Feb/2013:06:56:28 +0600] "GET /pause/ajaxPause?pauseConfigId=&admin=0 HTTP/1.1" 200 985 "http://callider/pause/index" "Mozilla/4.0 (compatible; MSIE 7.0; Windows NT 6.1; Trident/5.0; SLCC2; .NET CLR 2.0.50727; .NET CLR 3.5.30729; .NET CLR 3.0.30729; Media Center PC 6.0; InfoPath.3; .NET4.0C; .NET4.0E)" 27383
192.168.12.237 - - [17/Feb/2013:06:56:29 +0600] "GET /pause/ajaxPause?pauseConfigId=&admin=0 HTTP/1.1" 200 987 "http://callider/pause/index" "Mozilla/4.0 (compatible; MSIE 7.0; Windows NT 6.1; Trident/5.0; SLCC2; .NET CLR 2.0.50727; .NET CLR 3.5.30729; .NET CLR 3.0.30729; Media Center PC 6.0; InfoPath.3; .NET4.0C; .NET4.0E)" 20024
192.168.74.78 - - [17/Feb/2013:06:56:29 +0600] "GET /pause/ajaxPause?pauseConfigId=&admin=0 HTTP/1.1" 200 986 "http://callider/pause/index" "Mozilla/4.0 (compatible; MSIE 7.0; Windows NT 6.1; WOW64; Trident/5.0; SLCC2; .NET CLR 2.0.50727; .NET CLR 3.5.30729; .NET CLR 3.0.30729; Media Center PC 6.0; InfoPath.3; .NET4.0C; MS-RTC LM 8; .NET4.0E)" 22109
192.168.12.60 - - [17/Feb/2013:06:56:29 +0600] "GET /pause/ajaxPause?pauseConfigId=&admin=0 HTTP/1.1" 200 986 "http://callider/pause/index" "Mozilla/4.0 (compatible; MSIE 8.0; Windows NT 6.1; Trident/4.0; InfoPath.3; .NET4.0C; MS-RTC LM 8; .NET4.0E)" 20025
192.168.12.204 - - [17/Feb/2013:06:56:30 +0600] "GET /pause/ajaxPause?pauseConfigId=&admin=0 HTTP/1.1" 200 986 "http://callider/pause/index" "Mozilla/4.0 (compatible; MSIE 7.0; Windows NT 6.1; WOW64; Trident/4.0; SLCC2; .NET CLR 2.0.50727; .NET CLR 3.5.30729; .NET CLR 3.0.30729; Media Center PC 6.0; InfoPath.3; .NET4.0C; .NET4.0E; .NET CLR 1.1.4322)" 27968
192.168.12.69 - - [17/Feb/2013:06:56:30 +0600] "GET /pause/ajaxPause?pauseConfigId=&admin=0 HTTP/1.1" 200 986 "http://callider/pause/index" "Mozilla/4.0 (compatible; MSIE 7.0; Windows NT 6.1; Trident/5.0; SLCC2; .NET CLR 2.0.50727; .NET CLR 3.5.30729; .NET CLR 3.0.30729; Media Center PC 6.0; InfoPath.3; .NET4.0C; .NET4.0E; Tablet PC 2.0; AskTbFXTV5/5.14.1.20007)" 18556
192.168.74.91 - - [17/Feb/2013:06:56:30 +0600] "GET /pause/ajaxPause?pauseConfigId=&admin=0 HTTP/1.1" 200 986 "http://callider/pause/index" "Mozilla/4.0 (compatible; MSIE 7.0; Windows NT 6.1; WOW64; Trident/5.0; SLCC2; .NET CLR 2.0.50727; .NET CLR 3.5.30729; .NET CLR 3.0.30729; Media Center PC 6.0; InfoPath.3; .NET4.0C; MS-RTC LM 8; .NET4.0E)" 25342
192.168.74.151 - - [17/Feb/2013:06:56:30 +0600] "GET /pause/ajaxPause?pauseConfigId=&admin=0 HTTP/1.1" 200 987 "http://callider.kontur/pause/index" "Mozilla/5.0 (Windows NT 6.1; WOW64; rv:18.0) Gecko/20100101 Firefox/18.0" 19028
192.168.12.210 - - [17/Feb/2013:06:56:30 +0600] "GET /pause/ajaxPause?pauseConfigId=all&admin=1 HTTP/1.1" 200 1047 "http://callider/pause/index" "Mozilla/4.0 (compatible; MSIE 7.0; Windows NT 6.1; WOW64; Trident/5.0; SLCC2; .NET CLR 2.0.50727; .NET CLR 3.5.30729; .NET CLR 3.0.30729; Media Center PC 6.0; InfoPath.3; .NET4.0C; .NET4.0E)" 22464
192.168.65.56 - - [17/Feb/2013:06:56:31 +0600] "GET /pause/ajaxPause?pauseConfigId=all&admin=1 HTTP/1.1" 200 1046 "http://192.168.65.101/pause/index" "Mozilla/5.0 (Windows NT 5.1; rv:15.0) Gecko/20100101 Firefox/15.0" 32585
192.168.12.61 - - [17/Feb/2013:06:56:33 +0600] "GET /pause/ajaxPause?pauseConfigId=&admin=0 HTTP/1.1" 200 986 "http://callider/pause/index" "Mozilla/4.0 (compatible; MSIE 7.0; Windows NT 6.1; Trident/5.0; SLCC2; .NET CLR 2.0.50727; .NET CLR 3.5.30729; .NET CLR 3.0.30729; Media Center PC 6.0; InfoPath.3; .NET4.0C; .NET4.0E)" 28044
192.168.12.237 - - [17/Feb/2013:06:56:34 +0600] "GET /pause/ajaxPause?pauseConfigId=&admin=0 HTTP/1.1" 200 987 "http://callider/pause/index" "Mozilla/4.0 (compatible; MSIE 7.0; Windows NT 6.1; Trident/5.0; SLCC2; .NET CLR 2.0.50727; .NET CLR 3.5.30729; .NET CLR 3.0.30729; Media Center PC 6.0; InfoPath.3; .NET4.0C; .NET4.0E)" 20139
192.168.74.78 - - [17/Feb/2013:06:56:34 +0600] "GET /pause/ajaxPause?pauseConfigId=&admin=0 HTTP/1.1" 200 986 "http://callider/pause/index" "Mozilla/4.0 (compatible; MSIE 7.0; Windows NT 6.1; WOW64; Trident/5.0; SLCC2; .NET CLR 2.0.50727; .NET CLR 3.5.30729; .NET CLR 3.0.30729; Media Center PC 6.0; InfoPath.3; .NET4.0C; MS-RTC LM 8; .NET4.0E)" 20393
192.168.12.67 - - [17/Feb/2013:06:56:34 +0600] "GET /tv/useUser HTTP/1.1" 200 432 "http://callider/graph/personal" "Mozilla/4.0 (compatible; MSIE 7.0; Windows NT 6.1; Trident/5.0; SLCC2; .NET CLR 2.0.50727; .NET CLR 3.5.30729; .NET CLR 3.0.30729; Media Center PC 6.0; .NET4.0C; .NET4.0E; InfoPath.3; Tablet PC 2.0; MS-RTC LM 8)" 16918
192.168.12.60 - - [17/Feb/2013:06:56:34 +0600] "GET /pause/ajaxPause?pauseConfigId=&admin=0 HTTP/1.1" 200 986 "http://callider/pause/index" "Mozilla/4.0 (compatible; MSIE 8.0; Windows NT 6.1; Trident/4.0; InfoPath.3; .NET4.0C; MS-RTC LM 8; .NET4.0E)" 17573
192.168.12.204 - - [17/Feb/2013:06:56:35 +0600] "GET /pause/ajaxPause?pauseConfigId=&admin=0 HTTP/1.1" 200 986 "http://callider/pause/index" "Mozilla/4.0 (compatible; MSIE 7.0; Windows NT 6.1; WOW64; Trident/4.0; SLCC2; .NET CLR 2.0.50727; .NET CLR 3.5.30729; .NET CLR 3.0.30729; Media Center PC 6.0; InfoPath.3; .NET4.0C; .NET4.0E; .NET CLR 1.1.4322)" 19009
192.168.12.69 - - [17/Feb/2013:06:56:35 +0600] "GET /pause/ajaxPause?pauseConfigId=&admin=0 HTTP/1.1" 200 986 "http://callider/pause/index" "Mozilla/4.0 (compatible; MSIE 7.0; Windows NT 6.1; Trident/5.0; SLCC2; .NET CLR 2.0.50727; .NET CLR 3.5.30729; .NET CLR 3.0.30729; Media Center PC 6.0; InfoPath.3; .NET4.0C; .NET4.0E; Tablet PC 2.0; AskTbFXTV5/5.14.1.20007)" 18924
192.168.74.91 - - [17/Feb/2013:06:56:35 +0600] "GET /pause/ajaxPause?pauseConfigId=&admin=0 HTTP/1.1" 200 986 "http://callider/pause/index" "Mozilla/4.0 (compatible; MSIE 7.0; Windows NT 6.1; WOW64; Trident/5.0; SLCC2; .NET CLR 2.0.50727; .NET CLR 3.5.30729; .NET CLR 3.0.30729; Media Center PC 6.0; InfoPath.3; .NET4.0C; MS-RTC LM 8; .NET4.0E)" 17799
192.168.74.151 - - [17/Feb/2013:06:56:35 +0600] "GET /pause/ajaxPause?pauseConfigId=&admin=0 HTTP/1.1" 200 987 "http://callider.kontur/pause/index" "Mozilla/5.0 (Windows NT 6.1; WOW64; rv:18.0) Gecko/20100101 Firefox/18.0" 18432
192.168.12.210 - - [17/Feb/2013:06:56:35 +0600] "GET /pause/ajaxPause?pauseConfigId=all&admin=1 HTTP/1.1" 200 1047 "http://callider/pause/index" "Mozilla/4.0 (compatible; MSIE 7.0; Windows NT 6.1; WOW64; Trident/5.0; SLCC2; .NET CLR 2.0.50727; .NET CLR 3.5.30729; .NET CLR 3.0.30729; Media Center PC 6.0; InfoPath.3; .NET4.0C; .NET4.0E)" 21951
192.168.65.56 - - [17/Feb/2013:06:56:36 +0600] "GET /pause/ajaxPause?pauseConfigId=all&admin=1 HTTP/1.1" 200 1046 "http://192.168.65.101/pause/index" "Mozilla/5.0 (Windows NT 5.1; rv:15.0) Gecko/20100101 Firefox/15.0" 36473
192.168.74.93 - - [17/Feb/2013:06:56:38 +0600] "GET /tv/useUser HTTP/1.1" 200 432 "http://callider/graph/personal" "Mozilla/4.0 (compatible; MSIE 7.0; Windows NT 6.1; WOW64; Trident/5.0; SLCC2; .NET CLR 2.0.50727; .NET CLR 3.5.30729; .NET CLR 3.0.30729; Media Center PC 6.0; InfoPath.3; .NET4.0C; .NET4.0E)" 15695
192.168.12.61 - - [17/Feb/2013:06:56:38 +0600] "GET /pause/ajaxPause?pauseConfigId=&admin=0 HTTP/1.1" 200 985 "http://callider/pause/index" "Mozilla/4.0 (compatible; MSIE 7.0; Windows NT 6.1; Trident/5.0; SLCC2; .NET CLR 2.0.50727; .NET CLR 3.5.30729; .NET CLR 3.0.30729; Media Center PC 6.0; InfoPath.3; .NET4.0C; .NET4.0E)" 25532
192.168.12.237 - - [17/Feb/2013:06:56:39 +0600] "GET /pause/ajaxPause?pauseConfigId=&admin=0 HTTP/1.1" 200 987 "http://callider/pause/index" "Mozilla/4.0 (compatible; MSIE 7.0; Windows NT 6.1; Trident/5.0; SLCC2; .NET CLR 2.0.50727; .NET CLR 3.5.30729; .NET CLR 3.0.30729; Media Center PC 6.0; InfoPath.3; .NET4.0C; .NET4.0E)" 22483
192.168.12.210 - - [17/Feb/2013:06:56:39 +0600] "GET /tv/useUser HTTP/1.1" 200 431 "http://callider/graph/general" "Mozilla/4.0 (compatible; MSIE 7.0; Windows NT 6.1; WOW64; Trident/5.0; SLCC2; .NET CLR 2.0.50727; .NET CLR 3.5.30729; .NET CLR 3.0.30729; Media Center PC 6.0; InfoPath.3; .NET4.0C; .NET4.0E)" 11176
192.168.74.78 - - [17/Feb/2013:06:56:39 +0600] "GET /pause/ajaxPause?pauseConfigId=&admin=0 HTTP/1.1" 200 986 "http://callider/pause/index" "Mozilla/4.0 (compatible; MSIE 7.0; Windows NT 6.1; WOW64; Trident/5.0; SLCC2; .NET CLR 2.0.50727; .NET CLR 3.5.30729; .NET CLR 3.0.30729; Media Center PC 6.0; InfoPath.3; .NET4.0C; MS-RTC LM 8; .NET4.0E)" 21120
192.168.12.60 - - [17/Feb/2013:06:56:40 +0600] "GET /pause/ajaxPause?pauseConfigId=&admin=0 HTTP/1.1" 200 986 "http://callider/pause/index" "Mozilla/4.0 (compatible; MSIE 8.0; Windows NT 6.1; Trident/4.0; InfoPath.3; .NET4.0C; MS-RTC LM 8; .NET4.0E)" 18711
192.168.12.204 - - [17/Feb/2013:06:56:40 +0600] "GET /pause/ajaxPause?pauseConfigId=&admin=0 HTTP/1.1" 200 986 "http://callider/pause/index" "Mozilla/4.0 (compatible; MSIE 7.0; Windows NT 6.1; WOW64; Trident/4.0; SLCC2; .NET CLR 2.0.50727; .NET CLR 3.5.30729; .NET CLR 3.0.30729; Media Center PC 6.0; InfoPath.3; .NET4.0C; .NET4.0E; .NET CLR 1.1.4322)" 30426
192.168.12.69 - - [17/Feb/2013:06:56:40 +0600] "GET /pause/ajaxPause?pauseConfigId=&admin=0 HTTP/1.1" 200 986 "http://callider/pause/index" "Mozilla/4.0 (compatible; MSIE 7.0; Windows NT 6.1; Trident/5.0; SLCC2; .NET CLR 2.0.50727; .NET CLR 3.5.30729; .NET CLR 3.0.30729; Media Center PC 6.0; InfoPath.3; .NET4.0C; .NET4.0E; Tablet PC 2.0; AskTbFXTV5/5.14.1.20007)" 19407
192.168.74.91 - - [17/Feb/2013:06:56:40 +0600] "GET /pause/ajaxPause?pauseConfigId=&admin=0 HTTP/1.1" 200 986 "http://callider/pause/index" "Mozilla/4.0 (compatible; MSIE 7.0; Windows NT 6.1; WOW64; Trident/5.0; SLCC2; .NET CLR 2.0.50727; .NET CLR 3.5.30729; .NET CLR 3.0.30729; Media Center PC 6.0; InfoPath.3; .NET4.0C; MS-RTC LM 8; .NET4.0E)" 19972
192.168.74.151 - - [17/Feb/2013:06:56:40 +0600] "GET /pause/ajaxPause?pauseConfigId=&admin=0 HTTP/1.1" 200 987 "http://callider.kontur/pause/index" "Mozilla/5.0 (Windows NT 6.1; WOW64; rv:18.0) Gecko/20100101 Firefox/18.0" 18380
192.168.12.210 - - [17/Feb/2013:06:56:40 +0600] "GET /pause/ajaxPause?pauseConfigId=all&admin=1 HTTP/1.1" 200 1047 "http://callider/pause/index" "Mozilla/4.0 (compatible; MSIE 7.0; Windows NT 6.1; WOW64; Trident/5.0; SLCC2; .NET CLR 2.0.50727; .NET CLR 3.5.30729; .NET CLR 3.0.30729; Media Center PC 6.0; InfoPath.3; .NET4.0C; .NET4.0E)" 21556
192.168.12.9 - - [17/Feb/2013:06:56:41 +0600] "GET /tv/useUser HTTP/1.1" 200 432 "http://callider.kontur/site/index" "Mozilla/5.0 (Windows NT 6.1; WOW64) AppleWebKit/537.17 (KHTML, like Gecko) Chrome/24.0.1312.57 Safari/537.17" 14001
192.168.65.56 - - [17/Feb/2013:06:56:41 +0600] "GET /pause/ajaxPause?pauseConfigId=all&admin=1 HTTP/1.1" 200 1046 "http://192.168.65.101/pause/index" "Mozilla/5.0 (Windows NT 5.1; rv:15.0) Gecko/20100101 Firefox/15.0" 35894
192.168.12.61 - - [17/Feb/2013:06:56:43 +0600] "GET /pause/ajaxPause?pauseConfigId=&admin=0 HTTP/1.1" 200 985 "http://callider/pause/index" "Mozilla/4.0 (compatible; MSIE 7.0; Windows NT 6.1; Trident/5.0; SLCC2; .NET CLR 2.0.50727; .NET CLR 3.5.30729; .NET CLR 3.0.30729; Media Center PC 6.0; InfoPath.3; .NET4.0C; .NET4.0E)" 17493
192.168.12.237 - - [17/Feb/2013:06:56:44 +0600] "GET /pause/ajaxPause?pauseConfigId=&admin=0 HTTP/1.1" 200 987 "http://callider/pause/index" "Mozilla/4.0 (compatible; MSIE 7.0; Windows NT 6.1; Trident/5.0; SLCC2; .NET CLR 2.0.50727; .NET CLR 3.5.30729; .NET CLR 3.0.30729; Media Center PC 6.0; InfoPath.3; .NET4.0C; .NET4.0E)" 28226
192.168.74.78 - - [17/Feb/2013:06:56:44 +0600] "GET /pause/ajaxPause?pauseConfigId=&admin=0 HTTP/1.1" 200 986 "http://callider/pause/index" "Mozilla/4.0 (compatible; MSIE 7.0; Windows NT 6.1; WOW64; Trident/5.0; SLCC2; .NET CLR 2.0.50727; .NET CLR 3.5.30729; .NET CLR 3.0.30729; Media Center PC 6.0; InfoPath.3; .NET4.0C; MS-RTC LM 8; .NET4.0E)" 21506
192.168.12.60 - - [17/Feb/2013:06:56:45 +0600] "GET /pause/ajaxPause?pauseConfigId=&admin=0 HTTP/1.1" 200 986 "http://callider/pause/index" "Mozilla/4.0 (compatible; MSIE 8.0; Windows NT 6.1; Trident/4.0; InfoPath.3; .NET4.0C; MS-RTC LM 8; .NET4.0E)" 18040
192.168.12.204 - - [17/Feb/2013:06:56:45 +0600] "GET /pause/ajaxPause?pauseConfigId=&admin=0 HTTP/1.1" 200 986 "http://callider/pause/index" "Mozilla/4.0 (compatible; MSIE 7.0; Windows NT 6.1; WOW64; Trident/4.0; SLCC2; .NET CLR 2.0.50727; .NET CLR 3.5.30729; .NET CLR 3.0.30729; Media Center PC 6.0; InfoPath.3; .NET4.0C; .NET4.0E; .NET CLR 1.1.4322)" 27526
192.168.12.69 - - [17/Feb/2013:06:56:45 +0600] "GET /pause/ajaxPause?pauseConfigId=&admin=0 HTTP/1.1" 200 986 "http://callider/pause/index" "Mozilla/4.0 (compatible; MSIE 7.0; Windows NT 6.1; Trident/5.0; SLCC2; .NET CLR 2.0.50727; .NET CLR 3.5.30729; .NET CLR 3.0.30729; Media Center PC 6.0; InfoPath.3; .NET4.0C; .NET4.0E; Tablet PC 2.0; AskTbFXTV5/5.14.1.20007)" 21001
192.168.74.91 - - [17/Feb/2013:06:56:45 +0600] "GET /pause/ajaxPause?pauseConfigId=&admin=0 HTTP/1.1" 200 986 "http://callider/pause/index" "Mozilla/4.0 (compatible; MSIE 7.0; Windows NT 6.1; WOW64; Trident/5.0; SLCC2; .NET CLR 2.0.50727; .NET CLR 3.5.30729; .NET CLR 3.0.30729; Media Center PC 6.0; InfoPath.3; .NET4.0C; MS-RTC LM 8; .NET4.0E)" 19016
192.168.74.151 - - [17/Feb/2013:06:56:45 +0600] "GET /pause/ajaxPause?pauseConfigId=&admin=0 HTTP/1.1" 200 987 "http://callider.kontur/pause/index" "Mozilla/5.0 (Windows NT 6.1; WOW64; rv:18.0) Gecko/20100101 Firefox/18.0" 19106
192.168.12.210 - - [17/Feb/2013:06:56:45 +0600] "GET /pause/ajaxPause?pauseConfigId=all&admin=1 HTTP/1.1" 200 1047 "http://callider/pause/index" "Mozilla/4.0 (compatible; MSIE 7.0; Windows NT 6.1; WOW64; Trident/5.0; SLCC2; .NET CLR 2.0.50727; .NET CLR 3.5.30729; .NET CLR 3.0.30729; Media Center PC 6.0; InfoPath.3; .NET4.0C; .NET4.0E)" 21384
192.168.65.56 - - [17/Feb/2013:06:56:46 +0600] "GET /pause/ajaxPause?pauseConfigId=all&admin=1 HTTP/1.1" 200 1046 "http://192.168.65.101/pause/index" "Mozilla/5.0 (Windows NT 5.1; rv:15.0) Gecko/20100101 Firefox/15.0" 41083
192.168.12.61 - - [17/Feb/2013:06:56:48 +0600] "GET /pause/ajaxPause?pauseConfigId=&admin=0 HTTP/1.1" 200 985 "http://callider/pause/index" "Mozilla/4.0 (compatible; MSIE 7.0; Windows NT 6.1; Trident/5.0; SLCC2; .NET CLR 2.0.50727; .NET CLR 3.5.30729; .NET CLR 3.0.30729; Media Center PC 6.0; InfoPath.3; .NET4.0C; .NET4.0E)" 22877
192.168.12.210 - - [17/Feb/2013:06:56:49 +0600] "GET /tv/useUser HTTP/1.1" 200 431 "http://callider/pause/index" "Mozilla/4.0 (compatible; MSIE 7.0; Windows NT 6.1; WOW64; Trident/5.0; SLCC2; .NET CLR 2.0.50727; .NET CLR 3.5.30729; .NET CLR 3.0.30729; Media Center PC 6.0; InfoPath.3; .NET4.0C; .NET4.0E)" 24989
192.168.12.237 - - [17/Feb/2013:06:56:49 +0600] "GET /pause/ajaxPause?pauseConfigId=&admin=0 HTTP/1.1" 200 987 "http://callider/pause/index" "Mozilla/4.0 (compatible; MSIE 7.0; Windows NT 6.1; Trident/5.0; SLCC2; .NET CLR 2.0.50727; .NET CLR 3.5.30729; .NET CLR 3.0.30729; Media Center PC 6.0; InfoPath.3; .NET4.0C; .NET4.0E)" 35173
192.168.74.78 - - [17/Feb/2013:06:56:49 +0600] "GET /pause/ajaxPause?pauseConfigId=&admin=0 HTTP/1.1" 200 986 "http://callider/pause/index" "Mozilla/4.0 (compatible; MSIE 7.0; Windows NT 6.1; WOW64; Trident/5.0; SLCC2; .NET CLR 2.0.50727; .NET CLR 3.5.30729; .NET CLR 3.0.30729; Media Center PC 6.0; InfoPath.3; .NET4.0C; MS-RTC LM 8; .NET4.0E)" 23951
192.168.12.60 - - [17/Feb/2013:06:56:50 +0600] "GET /pause/ajaxPause?pauseConfigId=&admin=0 HTTP/1.1" 200 986 "http://callider/pause/index" "Mozilla/4.0 (compatible; MSIE 8.0; Windows NT 6.1; Trident/4.0; InfoPath.3; .NET4.0C; MS-RTC LM 8; .NET4.0E)" 18390
192.168.12.204 - - [17/Feb/2013:06:56:50 +0600] "GET /pause/ajaxPause?pauseConfigId=&admin=0 HTTP/1.1" 200 986 "http://callider/pause/index" "Mozilla/4.0 (compatible; MSIE 7.0; Windows NT 6.1; WOW64; Trident/4.0; SLCC2; .NET CLR 2.0.50727; .NET CLR 3.5.30729; .NET CLR 3.0.30729; Media Center PC 6.0; InfoPath.3; .NET4.0C; .NET4.0E; .NET CLR 1.1.4322)" 22009
192.168.12.69 - - [17/Feb/2013:06:56:50 +0600] "GET /pause/ajaxPause?pauseConfigId=&admin=0 HTTP/1.1" 200 986 "http://callider/pause/index" "Mozilla/4.0 (compatible; MSIE 7.0; Windows NT 6.1; Trident/5.0; SLCC2; .NET CLR 2.0.50727; .NET CLR 3.5.30729; .NET CLR 3.0.30729; Media Center PC 6.0; InfoPath.3; .NET4.0C; .NET4.0E; Tablet PC 2.0; AskTbFXTV5/5.14.1.20007)" 23040
192.168.74.91 - - [17/Feb/2013:06:56:50 +0600] "GET /pause/ajaxPause?pauseConfigId=&admin=0 HTTP/1.1" 200 986 "http://callider/pause/index" "Mozilla/4.0 (compatible; MSIE 7.0; Windows NT 6.1; WOW64; Trident/5.0; SLCC2; .NET CLR 2.0.50727; .NET CLR 3.5.30729; .NET CLR 3.0.30729; Media Center PC 6.0; InfoPath.3; .NET4.0C; MS-RTC LM 8; .NET4.0E)" 23831
192.168.74.151 - - [17/Feb/2013:06:56:50 +0600] "GET /pause/ajaxPause?pauseConfigId=&admin=0 HTTP/1.1" 200 987 "http://callider.kontur/pause/index" "Mozilla/5.0 (Windows NT 6.1; WOW64; rv:18.0) Gecko/20100101 Firefox/18.0" 18048
192.168.12.210 - - [17/Feb/2013:06:56:50 +0600] "GET /pause/ajaxPause?pauseConfigId=all&admin=1 HTTP/1.1" 200 1047 "http://callider/pause/index" "Mozilla/4.0 (compatible; MSIE 7.0; Windows NT 6.1; WOW64; Trident/5.0; SLCC2; .NET CLR 2.0.50727; .NET CLR 3.5.30729; .NET CLR 3.0.30729; Media Center PC 6.0; InfoPath.3; .NET4.0C; .NET4.0E)" 20135
192.168.65.56 - - [17/Feb/2013:06:56:51 +0600] "GET /pause/ajaxPause?pauseConfigId=all&admin=1 HTTP/1.1" 200 1046 "http://192.168.65.101/pause/index" "Mozilla/5.0 (Windows NT 5.1; rv:15.0) Gecko/20100101 Firefox/15.0" 31671
192.168.65.56 - - [17/Feb/2013:06:56:51 +0600] "GET /tv/useUser HTTP/1.1" 200 431 "http://192.168.65.101/pause/index" "Mozilla/5.0 (Windows NT 5.1; rv:15.0) Gecko/20100101 Firefox/15.0" 11544
192.168.12.61 - - [17/Feb/2013:06:56:53 +0600] "GET /pause/ajaxPause?pauseConfigId=&admin=0 HTTP/1.1" 200 986 "http://callider/pause/index" "Mozilla/4.0 (compatible; MSIE 7.0; Windows NT 6.1; Trident/5.0; SLCC2; .NET CLR 2.0.50727; .NET CLR 3.5.30729; .NET CLR 3.0.30729; Media Center PC 6.0; InfoPath.3; .NET4.0C; .NET4.0E)" 26397
192.168.12.237 - - [17/Feb/2013:06:56:54 +0600] "GET /pause/ajaxPause?pauseConfigId=&admin=0 HTTP/1.1" 200 987 "http://callider/pause/index" "Mozilla/4.0 (compatible; MSIE 7.0; Windows NT 6.1; Trident/5.0; SLCC2; .NET CLR 2.0.50727; .NET CLR 3.5.30729; .NET CLR 3.0.30729; Media Center PC 6.0; InfoPath.3; .NET4.0C; .NET4.0E)" 20333
192.168.74.78 - - [17/Feb/2013:06:56:54 +0600] "GET /pause/ajaxPause?pauseConfigId=&admin=0 HTTP/1.1" 200 986 "http://callider/pause/index" "Mozilla/4.0 (compatible; MSIE 7.0; Windows NT 6.1; WOW64; Trident/5.0; SLCC2; .NET CLR 2.0.50727; .NET CLR 3.5.30729; .NET CLR 3.0.30729; Media Center PC 6.0; InfoPath.3; .NET4.0C; MS-RTC LM 8; .NET4.0E)" 23026
192.168.12.60 - - [17/Feb/2013:06:56:55 +0600] "GET /pause/ajaxPause?pauseConfigId=&admin=0 HTTP/1.1" 200 986 "http://callider/pause/index" "Mozilla/4.0 (compatible; MSIE 8.0; Windows NT 6.1; Trident/4.0; InfoPath.3; .NET4.0C; MS-RTC LM 8; .NET4.0E)" 19825
192.168.12.204 - - [17/Feb/2013:06:56:55 +0600] "GET /pause/ajaxPause?pauseConfigId=&admin=0 HTTP/1.1" 200 986 "http://callider/pause/index" "Mozilla/4.0 (compatible; MSIE 7.0; Windows NT 6.1; WOW64; Trident/4.0; SLCC2; .NET CLR 2.0.50727; .NET CLR 3.5.30729; .NET CLR 3.0.30729; Media Center PC 6.0; InfoPath.3; .NET4.0C; .NET4.0E; .NET CLR 1.1.4322)" 19752
192.168.12.69 - - [17/Feb/2013:06:56:55 +0600] "GET /pause/ajaxPause?pauseConfigId=&admin=0 HTTP/1.1" 200 986 "http://callider/pause/index" "Mozilla/4.0 (compatible; MSIE 7.0; Windows NT 6.1; Trident/5.0; SLCC2; .NET CLR 2.0.50727; .NET CLR 3.5.30729; .NET CLR 3.0.30729; Media Center PC 6.0; InfoPath.3; .NET4.0C; .NET4.0E; Tablet PC 2.0; AskTbFXTV5/5.14.1.20007)" 17715
192.168.74.91 - - [17/Feb/2013:06:56:55 +0600] "GET /pause/ajaxPause?pauseConfigId=&admin=0 HTTP/1.1" 200 986 "http://callider/pause/index" "Mozilla/4.0 (compatible; MSIE 7.0; Windows NT 6.1; WOW64; Trident/5.0; SLCC2; .NET CLR 2.0.50727; .NET CLR 3.5.30729; .NET CLR 3.0.30729; Media Center PC 6.0; InfoPath.3; .NET4.0C; MS-RTC LM 8; .NET4.0E)" 18320
192.168.74.151 - - [17/Feb/2013:06:56:55 +0600] "GET /pause/ajaxPause?pauseConfigId=&admin=0 HTTP/1.1" 200 987 "http://callider.kontur/pause/index" "Mozilla/5.0 (Windows NT 6.1; WOW64; rv:18.0) Gecko/20100101 Firefox/18.0" 17353
192.168.12.210 - - [17/Feb/2013:06:56:55 +0600] "GET /pause/ajaxPause?pauseConfigId=all&admin=1 HTTP/1.1" 200 1047 "http://callider/pause/index" "Mozilla/4.0 (compatible; MSIE 7.0; Windows NT 6.1; WOW64; Trident/5.0; SLCC2; .NET CLR 2.0.50727; .NET CLR 3.5.30729; .NET CLR 3.0.30729; Media Center PC 6.0; InfoPath.3; .NET4.0C; .NET4.0E)" 22958
192.168.65.56 - - [17/Feb/2013:06:56:56 +0600] "GET /pause/ajaxPause?pauseConfigId=all&admin=1 HTTP/1.1" 200 1046 "http://192.168.65.101/pause/index" "Mozilla/5.0 (Windows NT 5.1; rv:15.0) Gecko/20100101 Firefox/15.0" 29145
192.168.12.61 - - [17/Feb/2013:06:56:58 +0600] "GET /pause/ajaxPause?pauseConfigId=&admin=0 HTTP/1.1" 200 985 "http://callider/pause/index" "Mozilla/4.0 (compatible; MSIE 7.0; Windows NT 6.1; Trident/5.0; SLCC2; .NET CLR 2.0.50727; .NET CLR 3.5.30729; .NET CLR 3.0.30729; Media Center PC 6.0; InfoPath.3; .NET4.0C; .NET4.0E)" 20615
192.168.12.237 - - [17/Feb/2013:06:56:59 +0600] "GET /pause/ajaxPause?pauseConfigId=&admin=0 HTTP/1.1" 200 987 "http://callider/pause/index" "Mozilla/4.0 (compatible; MSIE 7.0; Windows NT 6.1; Trident/5.0; SLCC2; .NET CLR 2.0.50727; .NET CLR 3.5.30729; .NET CLR 3.0.30729; Media Center PC 6.0; InfoPath.3; .NET4.0C; .NET4.0E)" 18844
192.168.74.78 - - [17/Feb/2013:06:56:59 +0600] "GET /pause/ajaxPause?pauseConfigId=&admin=0 HTTP/1.1" 200 986 "http://callider/pause/index" "Mozilla/4.0 (compatible; MSIE 7.0; Windows NT 6.1; WOW64; Trident/5.0; SLCC2; .NET CLR 2.0.50727; .NET CLR 3.5.30729; .NET CLR 3.0.30729; Media Center PC 6.0; InfoPath.3; .NET4.0C; MS-RTC LM 8; .NET4.0E)" 18141
192.168.12.60 - - [17/Feb/2013:06:57:00 +0600] "GET /pause/ajaxPause?pauseConfigId=&admin=0 HTTP/1.1" 200 986 "http://callider/pause/index" "Mozilla/4.0 (compatible; MSIE 8.0; Windows NT 6.1; Trident/4.0; InfoPath.3; .NET4.0C; MS-RTC LM 8; .NET4.0E)" 17262
192.168.12.204 - - [17/Feb/2013:06:57:00 +0600] "GET /pause/ajaxPause?pauseConfigId=&admin=0 HTTP/1.1" 200 986 "http://callider/pause/index" "Mozilla/4.0 (compatible; MSIE 7.0; Windows NT 6.1; WOW64; Trident/4.0; SLCC2; .NET CLR 2.0.50727; .NET CLR 3.5.30729; .NET CLR 3.0.30729; Media Center PC 6.0; InfoPath.3; .NET4.0C; .NET4.0E; .NET CLR 1.1.4322)" 17034
192.168.12.69 - - [17/Feb/2013:06:57:00 +0600] "GET /pause/ajaxPause?pauseConfigId=&admin=0 HTTP/1.1" 200 986 "http://callider/pause/index" "Mozilla/4.0 (compatible; MSIE 7.0; Windows NT 6.1; Trident/5.0; SLCC2; .NET CLR 2.0.50727; .NET CLR 3.5.30729; .NET CLR 3.0.30729; Media Center PC 6.0; InfoPath.3; .NET4.0C; .NET4.0E; Tablet PC 2.0; AskTbFXTV5/5.14.1.20007)" 25680
192.168.74.91 - - [17/Feb/2013:06:57:00 +0600] "GET /pause/ajaxPause?pauseConfigId=&admin=0 HTTP/1.1" 200 986 "http://callider/pause/index" "Mozilla/4.0 (compatible; MSIE 7.0; Windows NT 6.1; WOW64; Trident/5.0; SLCC2; .NET CLR 2.0.50727; .NET CLR 3.5.30729; .NET CLR 3.0.30729; Media Center PC 6.0; InfoPath.3; .NET4.0C; MS-RTC LM 8; .NET4.0E)" 19217
192.168.74.151 - - [17/Feb/2013:06:57:00 +0600] "GET /pause/ajaxPause?pauseConfigId=&admin=0 HTTP/1.1" 200 987 "http://callider.kontur/pause/index" "Mozilla/5.0 (Windows NT 6.1; WOW64; rv:18.0) Gecko/20100101 Firefox/18.0" 17460
192.168.12.210 - - [17/Feb/2013:06:57:00 +0600] "GET /pause/ajaxPause?pauseConfigId=all&admin=1 HTTP/1.1" 200 1047 "http://callider/pause/index" "Mozilla/4.0 (compatible; MSIE 7.0; Windows NT 6.1; WOW64; Trident/5.0; SLCC2; .NET CLR 2.0.50727; .NET CLR 3.5.30729; .NET CLR 3.0.30729; Media Center PC 6.0; InfoPath.3; .NET4.0C; .NET4.0E)" 21579
192.168.65.56 - - [17/Feb/2013:06:57:01 +0600] "GET /pause/ajaxPause?pauseConfigId=all&admin=1 HTTP/1.1" 200 1046 "http://192.168.65.101/pause/index" "Mozilla/5.0 (Windows NT 5.1; rv:15.0) Gecko/20100101 Firefox/15.0" 36681
192.168.12.61 - - [17/Feb/2013:06:57:03 +0600] "GET /pause/ajaxPause?pauseConfigId=&admin=0 HTTP/1.1" 200 985 "http://callider/pause/index" "Mozilla/4.0 (compatible; MSIE 7.0; Windows NT 6.1; Trident/5.0; SLCC2; .NET CLR 2.0.50727; .NET CLR 3.5.30729; .NET CLR 3.0.30729; Media Center PC 6.0; InfoPath.3; .NET4.0C; .NET4.0E)" 33707
192.168.12.237 - - [17/Feb/2013:06:57:04 +0600] "GET /pause/ajaxPause?pauseConfigId=&admin=0 HTTP/1.1" 200 987 "http://callider/pause/index" "Mozilla/4.0 (compatible; MSIE 7.0; Windows NT 6.1; Trident/5.0; SLCC2; .NET CLR 2.0.50727; .NET CLR 3.5.30729; .NET CLR 3.0.30729; Media Center PC 6.0; InfoPath.3; .NET4.0C; .NET4.0E)" 25346
192.168.74.78 - - [17/Feb/2013:06:57:04 +0600] "GET /pause/ajaxPause?pauseConfigId=&admin=0 HTTP/1.1" 200 986 "http://callider/pause/index" "Mozilla/4.0 (compatible; MSIE 7.0; Windows NT 6.1; WOW64; Trident/5.0; SLCC2; .NET CLR 2.0.50727; .NET CLR 3.5.30729; .NET CLR 3.0.30729; Media Center PC 6.0; InfoPath.3; .NET4.0C; MS-RTC LM 8; .NET4.0E)" 29847
192.168.12.60 - - [17/Feb/2013:06:57:05 +0600] "GET /pause/ajaxPause?pauseConfigId=&admin=0 HTTP/1.1" 200 986 "http://callider/pause/index" "Mozilla/4.0 (compatible; MSIE 8.0; Windows NT 6.1; Trident/4.0; InfoPath.3; .NET4.0C; MS-RTC LM 8; .NET4.0E)" 27123
192.168.12.204 - - [17/Feb/2013:06:57:05 +0600] "GET /pause/ajaxPause?pauseConfigId=&admin=0 HTTP/1.1" 200 986 "http://callider/pause/index" "Mozilla/4.0 (compatible; MSIE 7.0; Windows NT 6.1; WOW64; Trident/4.0; SLCC2; .NET CLR 2.0.50727; .NET CLR 3.5.30729; .NET CLR 3.0.30729; Media Center PC 6.0; InfoPath.3; .NET4.0C; .NET4.0E; .NET CLR 1.1.4322)" 25801
192.168.12.69 - - [17/Feb/2013:06:57:05 +0600] "GET /pause/ajaxPause?pauseConfigId=&admin=0 HTTP/1.1" 200 986 "http://callider/pause/index" "Mozilla/4.0 (compatible; MSIE 7.0; Windows NT 6.1; Trident/5.0; SLCC2; .NET CLR 2.0.50727; .NET CLR 3.5.30729; .NET CLR 3.0.30729; Media Center PC 6.0; InfoPath.3; .NET4.0C; .NET4.0E; Tablet PC 2.0; AskTbFXTV5/5.14.1.20007)" 26168
192.168.12.61 - - [17/Feb/2013:06:57:05 +0600] "GET /tv/useUser HTTP/1.1" 200 431 "http://callider/pause/index" "Mozilla/4.0 (compatible; MSIE 7.0; Windows NT 6.1; Trident/5.0; SLCC2; .NET CLR 2.0.50727; .NET CLR 3.5.30729; .NET CLR 3.0.30729; Media Center PC 6.0; InfoPath.3; .NET4.0C; .NET4.0E)" 8275
192.168.74.91 - - [17/Feb/2013:06:57:05 +0600] "GET /pause/ajaxPause?pauseConfigId=&admin=0 HTTP/1.1" 200 986 "http://callider/pause/index" "Mozilla/4.0 (compatible; MSIE 7.0; Windows NT 6.1; WOW64; Trident/5.0; SLCC2; .NET CLR 2.0.50727; .NET CLR 3.5.30729; .NET CLR 3.0.30729; Media Center PC 6.0; InfoPath.3; .NET4.0C; MS-RTC LM 8; .NET4.0E)" 27206
192.168.74.151 - - [17/Feb/2013:06:57:05 +0600] "GET /pause/ajaxPause?pauseConfigId=&admin=0 HTTP/1.1" 200 987 "http://callider.kontur/pause/index" "Mozilla/5.0 (Windows NT 6.1; WOW64; rv:18.0) Gecko/20100101 Firefox/18.0" 26795
192.168.12.210 - - [17/Feb/2013:06:57:05 +0600] "GET /pause/ajaxPause?pauseConfigId=all&admin=1 HTTP/1.1" 200 1047 "http://callider/pause/index" "Mozilla/4.0 (compatible; MSIE 7.0; Windows NT 6.1; WOW64; Trident/5.0; SLCC2; .NET CLR 2.0.50727; .NET CLR 3.5.30729; .NET CLR 3.0.30729; Media Center PC 6.0; InfoPath.3; .NET4.0C; .NET4.0E)" 30343
192.168.65.56 - - [17/Feb/2013:06:57:06 +0600] "GET /pause/ajaxPause?pauseConfigId=all&admin=1 HTTP/1.1" 200 1046 "http://192.168.65.101/pause/index" "Mozilla/5.0 (Windows NT 5.1; rv:15.0) Gecko/20100101 Firefox/15.0" 33731
192.168.12.61 - - [17/Feb/2013:06:57:08 +0600] "GET /pause/ajaxPause?pauseConfigId=&admin=0 HTTP/1.1" 200 985 "http://callider/pause/index" "Mozilla/4.0 (compatible; MSIE 7.0; Windows NT 6.1; Trident/5.0; SLCC2; .NET CLR 2.0.50727; .NET CLR 3.5.30729; .NET CLR 3.0.30729; Media Center PC 6.0; InfoPath.3; .NET4.0C; .NET4.0E)" 27928
192.168.12.237 - - [17/Feb/2013:06:57:09 +0600] "GET /pause/ajaxPause?pauseConfigId=&admin=0 HTTP/1.1" 200 987 "http://callider/pause/index" "Mozilla/4.0 (compatible; MSIE 7.0; Windows NT 6.1; Trident/5.0; SLCC2; .NET CLR 2.0.50727; .NET CLR 3.5.30729; .NET CLR 3.0.30729; Media Center PC 6.0; InfoPath.3; .NET4.0C; .NET4.0E)" 18723
192.168.74.78 - - [17/Feb/2013:06:57:09 +0600] "GET /pause/ajaxPause?pauseConfigId=&admin=0 HTTP/1.1" 200 986 "http://callider/pause/index" "Mozilla/4.0 (compatible; MSIE 7.0; Windows NT 6.1; WOW64; Trident/5.0; SLCC2; .NET CLR 2.0.50727; .NET CLR 3.5.30729; .NET CLR 3.0.30729; Media Center PC 6.0; InfoPath.3; .NET4.0C; MS-RTC LM 8; .NET4.0E)" 22070
192.168.12.60 - - [17/Feb/2013:06:57:10 +0600] "GET /pause/ajaxPause?pauseConfigId=&admin=0 HTTP/1.1" 200 986 "http://callider/pause/index" "Mozilla/4.0 (compatible; MSIE 8.0; Windows NT 6.1; Trident/4.0; InfoPath.3; .NET4.0C; MS-RTC LM 8; .NET4.0E)" 124554
192.168.12.204 - - [17/Feb/2013:06:57:10 +0600] "GET /pause/ajaxPause?pauseConfigId=&admin=0 HTTP/1.1" 200 986 "http://callider/pause/index" "Mozilla/4.0 (compatible; MSIE 7.0; Windows NT 6.1; WOW64; Trident/4.0; SLCC2; .NET CLR 2.0.50727; .NET CLR 3.5.30729; .NET CLR 3.0.30729; Media Center PC 6.0; InfoPath.3; .NET4.0C; .NET4.0E; .NET CLR 1.1.4322)" 19193
192.168.12.69 - - [17/Feb/2013:06:57:10 +0600] "GET /pause/ajaxPause?pauseConfigId=&admin=0 HTTP/1.1" 200 986 "http://callider/pause/index" "Mozilla/4.0 (compatible; MSIE 7.0; Windows NT 6.1; Trident/5.0; SLCC2; .NET CLR 2.0.50727; .NET CLR 3.5.30729; .NET CLR 3.0.30729; Media Center PC 6.0; InfoPath.3; .NET4.0C; .NET4.0E; Tablet PC 2.0; AskTbFXTV5/5.14.1.20007)" 19141
192.168.74.91 - - [17/Feb/2013:06:57:10 +0600] "GET /pause/ajaxPause?pauseConfigId=&admin=0 HTTP/1.1" 200 986 "http://callider/pause/index" "Mozilla/4.0 (compatible; MSIE 7.0; Windows NT 6.1; WOW64; Trident/5.0; SLCC2; .NET CLR 2.0.50727; .NET CLR 3.5.30729; .NET CLR 3.0.30729; Media Center PC 6.0; InfoPath.3; .NET4.0C; MS-RTC LM 8; .NET4.0E)" 24068
192.168.74.151 - - [17/Feb/2013:06:57:10 +0600] "GET /pause/ajaxPause?pauseConfigId=&admin=0 HTTP/1.1" 200 987 "http://callider.kontur/pause/index" "Mozilla/5.0 (Windows NT 6.1; WOW64; rv:18.0) Gecko/20100101 Firefox/18.0" 18797
192.168.12.210 - - [17/Feb/2013:06:57:10 +0600] "GET /pause/ajaxPause?pauseConfigId=all&admin=1 HTTP/1.1" 200 1048 "http://callider/pause/index" "Mozilla/4.0 (compatible; MSIE 7.0; Windows NT 6.1; WOW64; Trident/5.0; SLCC2; .NET CLR 2.0.50727; .NET CLR 3.5.30729; .NET CLR 3.0.30729; Media Center PC 6.0; InfoPath.3; .NET4.0C; .NET4.0E)" 30982
192.168.12.42 - - [17/Feb/2013:06:57:11 +0600] "GET /tv/useUser HTTP/1.1" 200 432 "http://callider/graph/personal" "Mozilla/4.0 (compatible; MSIE 7.0; Windows NT 6.1; WOW64; Trident/5.0; SLCC2; .NET CLR 2.0.50727; .NET CLR 3.5.30729; .NET CLR 3.0.30729; Media Center PC 6.0; InfoPath.3; .NET4.0C; .NET4.0E)" 17089
192.168.65.56 - - [17/Feb/2013:06:57:11 +0600] "GET /pause/ajaxPause?pauseConfigId=all&admin=1 HTTP/1.1" 200 1046 "http://192.168.65.101/pause/index" "Mozilla/5.0 (Windows NT 5.1; rv:15.0) Gecko/20100101 Firefox/15.0" 30944
192.168.12.61 - - [17/Feb/2013:06:57:13 +0600] "GET /pause/ajaxPause?pauseConfigId=&admin=0 HTTP/1.1" 200 985 "http://callider/pause/index" "Mozilla/4.0 (compatible; MSIE 7.0; Windows NT 6.1; Trident/5.0; SLCC2; .NET CLR 2.0.50727; .NET CLR 3.5.30729; .NET CLR 3.0.30729; Media Center PC 6.0; InfoPath.3; .NET4.0C; .NET4.0E)" 23390
192.168.74.151 - - [17/Feb/2013:06:57:13 +0600] "GET /tv/useUser HTTP/1.1" 200 431 "http://callider.kontur/graph/general" "Mozilla/5.0 (Windows NT 6.1; WOW64; rv:18.0) Gecko/20100101 Firefox/18.0" 9219
192.168.12.237 - - [17/Feb/2013:06:57:14 +0600] "GET /pause/ajaxPause?pauseConfigId=&admin=0 HTTP/1.1" 200 987 "http://callider/pause/index" "Mozilla/4.0 (compatible; MSIE 7.0; Windows NT 6.1; Trident/5.0; SLCC2; .NET CLR 2.0.50727; .NET CLR 3.5.30729; .NET CLR 3.0.30729; Media Center PC 6.0; InfoPath.3; .NET4.0C; .NET4.0E)" 21456
192.168.74.78 - - [17/Feb/2013:06:57:14 +0600] "GET /pause/ajaxPause?pauseConfigId=&admin=0 HTTP/1.1" 200 986 "http://callider/pause/index" "Mozilla/4.0 (compatible; MSIE 7.0; Windows NT 6.1; WOW64; Trident/5.0; SLCC2; .NET CLR 2.0.50727; .NET CLR 3.5.30729; .NET CLR 3.0.30729; Media Center PC 6.0; InfoPath.3; .NET4.0C; MS-RTC LM 8; .NET4.0E)" 24467
192.168.12.60 - - [17/Feb/2013:06:57:15 +0600] "GET /pause/ajaxPause?pauseConfigId=&admin=0 HTTP/1.1" 200 986 "http://callider/pause/index" "Mozilla/4.0 (compatible; MSIE 8.0; Windows NT 6.1; Trident/4.0; InfoPath.3; .NET4.0C; MS-RTC LM 8; .NET4.0E)" 21235
192.168.12.204 - - [17/Feb/2013:06:57:15 +0600] "GET /pause/ajaxPause?pauseConfigId=&admin=0 HTTP/1.1" 200 986 "http://callider/pause/index" "Mozilla/4.0 (compatible; MSIE 7.0; Windows NT 6.1; WOW64; Trident/4.0; SLCC2; .NET CLR 2.0.50727; .NET CLR 3.5.30729; .NET CLR 3.0.30729; Media Center PC 6.0; InfoPath.3; .NET4.0C; .NET4.0E; .NET CLR 1.1.4322)" 19861
192.168.12.69 - - [17/Feb/2013:06:57:15 +0600] "GET /pause/ajaxPause?pauseConfigId=&admin=0 HTTP/1.1" 200 986 "http://callider/pause/index" "Mozilla/4.0 (compatible; MSIE 7.0; Windows NT 6.1; Trident/5.0; SLCC2; .NET CLR 2.0.50727; .NET CLR 3.5.30729; .NET CLR 3.0.30729; Media Center PC 6.0; InfoPath.3; .NET4.0C; .NET4.0E; Tablet PC 2.0; AskTbFXTV5/5.14.1.20007)" 20784
192.168.74.91 - - [17/Feb/2013:06:57:15 +0600] "GET /pause/ajaxPause?pauseConfigId=&admin=0 HTTP/1.1" 200 986 "http://callider/pause/index" "Mozilla/4.0 (compatible; MSIE 7.0; Windows NT 6.1; WOW64; Trident/5.0; SLCC2; .NET CLR 2.0.50727; .NET CLR 3.5.30729; .NET CLR 3.0.30729; Media Center PC 6.0; InfoPath.3; .NET4.0C; MS-RTC LM 8; .NET4.0E)" 19582
192.168.74.151 - - [17/Feb/2013:06:57:15 +0600] "GET /pause/ajaxPause?pauseConfigId=&admin=0 HTTP/1.1" 200 987 "http://callider.kontur/pause/index" "Mozilla/5.0 (Windows NT 6.1; WOW64; rv:18.0) Gecko/20100101 Firefox/18.0" 18874
192.168.74.151 - - [17/Feb/2013:06:57:15 +0600] "GET /tv/useUser HTTP/1.1" 200 432 "http://callider.kontur/pause/index" "Mozilla/5.0 (Windows NT 6.1; WOW64; rv:18.0) Gecko/20100101 Firefox/18.0" 17030
192.168.12.210 - - [17/Feb/2013:06:57:15 +0600] "GET /pause/ajaxPause?pauseConfigId=all&admin=1 HTTP/1.1" 200 1047 "http://callider/pause/index" "Mozilla/4.0 (compatible; MSIE 7.0; Windows NT 6.1; WOW64; Trident/5.0; SLCC2; .NET CLR 2.0.50727; .NET CLR 3.5.30729; .NET CLR 3.0.30729; Media Center PC 6.0; InfoPath.3; .NET4.0C; .NET4.0E)" 20227
192.168.65.56 - - [17/Feb/2013:06:57:16 +0600] "GET /pause/ajaxPause?pauseConfigId=all&admin=1 HTTP/1.1" 200 1046 "http://192.168.65.101/pause/index" "Mozilla/5.0 (Windows NT 5.1; rv:15.0) Gecko/20100101 Firefox/15.0" 34391
192.168.12.61 - - [17/Feb/2013:06:57:18 +0600] "GET /pause/ajaxPause?pauseConfigId=&admin=0 HTTP/1.1" 200 985 "http://callider/pause/index" "Mozilla/4.0 (compatible; MSIE 7.0; Windows NT 6.1; Trident/5.0; SLCC2; .NET CLR 2.0.50727; .NET CLR 3.5.30729; .NET CLR 3.0.30729; Media Center PC 6.0; InfoPath.3; .NET4.0C; .NET4.0E)" 26084
192.168.74.78 - - [17/Feb/2013:06:57:19 +0600] "GET /pause/ajaxPause?pauseConfigId=&admin=0 HTTP/1.1" 200 986 "http://callider/pause/index" "Mozilla/4.0 (compatible; MSIE 7.0; Windows NT 6.1; WOW64; Trident/5.0; SLCC2; .NET CLR 2.0.50727; .NET CLR 3.5.30729; .NET CLR 3.0.30729; Media Center PC 6.0; InfoPath.3; .NET4.0C; MS-RTC LM 8; .NET4.0E)" 31629
192.168.12.10 - - [17/Feb/2013:06:57:19 +0600] "GET /tv/useUser HTTP/1.1" 200 432 "http://callider/graph/personal" "Mozilla/4.0 (compatible; MSIE 7.0; Windows NT 6.1; Trident/5.0; SLCC2; .NET CLR 2.0.50727; .NET CLR 3.5.30729; .NET CLR 3.0.30729; Media Center PC 6.0; InfoPath.3; .NET4.0C; .NET4.0E; Tablet PC 2.0; MS-RTC LM 8)" 15994
192.168.12.108 - - [17/Feb/2013:06:57:19 +0600] "GET /tv/useUser HTTP/1.1" 200 432 "http://callider/index.php" "Mozilla/4.0 (compatible; MSIE 7.0; Windows NT 6.2; WOW64; Trident/6.0; .NET4.0E; .NET4.0C; InfoPath.3; .NET CLR 3.5.30729; .NET CLR 2.0.50727; .NET CLR 3.0.30729)" 15191
192.168.12.60 - - [17/Feb/2013:06:57:20 +0600] "GET /pause/ajaxPause?pauseConfigId=&admin=0 HTTP/1.1" 200 986 "http://callider/pause/index" "Mozilla/4.0 (compatible; MSIE 8.0; Windows NT 6.1; Trident/4.0; InfoPath.3; .NET4.0C; MS-RTC LM 8; .NET4.0E)" 18497
192.168.12.204 - - [17/Feb/2013:06:57:20 +0600] "GET /pause/ajaxPause?pauseConfigId=&admin=0 HTTP/1.1" 200 986 "http://callider/pause/index" "Mozilla/4.0 (compatible; MSIE 7.0; Windows NT 6.1; WOW64; Trident/4.0; SLCC2; .NET CLR 2.0.50727; .NET CLR 3.5.30729; .NET CLR 3.0.30729; Media Center PC 6.0; InfoPath.3; .NET4.0C; .NET4.0E; .NET CLR 1.1.4322)" 23443
192.168.12.69 - - [17/Feb/2013:06:57:20 +0600] "GET /pause/ajaxPause?pauseConfigId=&admin=0 HTTP/1.1" 200 986 "http://callider/pause/index" "Mozilla/4.0 (compatible; MSIE 7.0; Windows NT 6.1; Trident/5.0; SLCC2; .NET CLR 2.0.50727; .NET CLR 3.5.30729; .NET CLR 3.0.30729; Media Center PC 6.0; InfoPath.3; .NET4.0C; .NET4.0E; Tablet PC 2.0; AskTbFXTV5/5.14.1.20007)" 21090
192.168.74.91 - - [17/Feb/2013:06:57:20 +0600] "GET /pause/ajaxPause?pauseConfigId=&admin=0 HTTP/1.1" 200 986 "http://callider/pause/index" "Mozilla/4.0 (compatible; MSIE 7.0; Windows NT 6.1; WOW64; Trident/5.0; SLCC2; .NET CLR 2.0.50727; .NET CLR 3.5.30729; .NET CLR 3.0.30729; Media Center PC 6.0; InfoPath.3; .NET4.0C; MS-RTC LM 8; .NET4.0E)" 19095
192.168.74.151 - - [17/Feb/2013:06:57:20 +0600] "GET /pause/ajaxPause?pauseConfigId=&admin=0 HTTP/1.1" 200 987 "http://callider.kontur/pause/index" "Mozilla/5.0 (Windows NT 6.1; WOW64; rv:18.0) Gecko/20100101 Firefox/18.0" 24112
192.168.12.210 - - [17/Feb/2013:06:57:20 +0600] "GET /pause/ajaxPause?pauseConfigId=all&admin=1 HTTP/1.1" 200 1047 "http://callider/pause/index" "Mozilla/4.0 (compatible; MSIE 7.0; Windows NT 6.1; WOW64; Trident/5.0; SLCC2; .NET CLR 2.0.50727; .NET CLR 3.5.30729; .NET CLR 3.0.30729; Media Center PC 6.0; InfoPath.3; .NET4.0C; .NET4.0E)" 20240
192.168.65.56 - - [17/Feb/2013:06:57:21 +0600] "GET /pause/ajaxPause?pauseConfigId=all&admin=1 HTTP/1.1" 200 1046 "http://192.168.65.101/pause/index" "Mozilla/5.0 (Windows NT 5.1; rv:15.0) Gecko/20100101 Firefox/15.0" 32024
192.168.12.61 - - [17/Feb/2013:06:57:23 +0600] "GET /pause/ajaxPause?pauseConfigId=&admin=0 HTTP/1.1" 200 985 "http://callider/pause/index" "Mozilla/4.0 (compatible; MSIE 7.0; Windows NT 6.1; Trident/5.0; SLCC2; .NET CLR 2.0.50727; .NET CLR 3.5.30729; .NET CLR 3.0.30729; Media Center PC 6.0; InfoPath.3; .NET4.0C; .NET4.0E)" 22322
192.168.74.78 - - [17/Feb/2013:06:57:24 +0600] "GET /pause/ajaxPause?pauseConfigId=&admin=0 HTTP/1.1" 200 986 "http://callider/pause/index" "Mozilla/4.0 (compatible; MSIE 7.0; Windows NT 6.1; WOW64; Trident/5.0; SLCC2; .NET CLR 2.0.50727; .NET CLR 3.5.30729; .NET CLR 3.0.30729; Media Center PC 6.0; InfoPath.3; .NET4.0C; MS-RTC LM 8; .NET4.0E)" 24062
192.168.12.60 - - [17/Feb/2013:06:57:25 +0600] "GET /pause/ajaxPause?pauseConfigId=&admin=0 HTTP/1.1" 200 986 "http://callider/pause/index" "Mozilla/4.0 (compatible; MSIE 8.0; Windows NT 6.1; Trident/4.0; InfoPath.3; .NET4.0C; MS-RTC LM 8; .NET4.0E)" 156896
192.168.12.204 - - [17/Feb/2013:06:57:25 +0600] "GET /pause/ajaxPause?pauseConfigId=&admin=0 HTTP/1.1" 200 986 "http://callider/pause/index" "Mozilla/4.0 (compatible; MSIE 7.0; Windows NT 6.1; WOW64; Trident/4.0; SLCC2; .NET CLR 2.0.50727; .NET CLR 3.5.30729; .NET CLR 3.0.30729; Media Center PC 6.0; InfoPath.3; .NET4.0C; .NET4.0E; .NET CLR 1.1.4322)" 20441
192.168.12.69 - - [17/Feb/2013:06:57:25 +0600] "GET /pause/ajaxPause?pauseConfigId=&admin=0 HTTP/1.1" 200 986 "http://callider/pause/index" "Mozilla/4.0 (compatible; MSIE 7.0; Windows NT 6.1; Trident/5.0; SLCC2; .NET CLR 2.0.50727; .NET CLR 3.5.30729; .NET CLR 3.0.30729; Media Center PC 6.0; InfoPath.3; .NET4.0C; .NET4.0E; Tablet PC 2.0; AskTbFXTV5/5.14.1.20007)" 21143
192.168.74.91 - - [17/Feb/2013:06:57:25 +0600] "GET /pause/ajaxPause?pauseConfigId=&admin=0 HTTP/1.1" 200 986 "http://callider/pause/index" "Mozilla/4.0 (compatible; MSIE 7.0; Windows NT 6.1; WOW64; Trident/5.0; SLCC2; .NET CLR 2.0.50727; .NET CLR 3.5.30729; .NET CLR 3.0.30729; Media Center PC 6.0; InfoPath.3; .NET4.0C; MS-RTC LM 8; .NET4.0E)" 21141
192.168.74.151 - - [17/Feb/2013:06:57:25 +0600] "GET /pause/ajaxPause?pauseConfigId=&admin=0 HTTP/1.1" 200 987 "http://callider.kontur/pause/index" "Mozilla/5.0 (Windows NT 6.1; WOW64; rv:18.0) Gecko/20100101 Firefox/18.0" 21655
192.168.12.210 - - [17/Feb/2013:06:57:25 +0600] "GET /pause/ajaxPause?pauseConfigId=all&admin=1 HTTP/1.1" 200 1047 "http://callider/pause/index" "Mozilla/4.0 (compatible; MSIE 7.0; Windows NT 6.1; WOW64; Trident/5.0; SLCC2; .NET CLR 2.0.50727; .NET CLR 3.5.30729; .NET CLR 3.0.30729; Media Center PC 6.0; InfoPath.3; .NET4.0C; .NET4.0E)" 19962
192.168.65.56 - - [17/Feb/2013:06:57:26 +0600] "GET /pause/ajaxPause?pauseConfigId=all&admin=1 HTTP/1.1" 200 1046 "http://192.168.65.101/pause/index" "Mozilla/5.0 (Windows NT 5.1; rv:15.0) Gecko/20100101 Firefox/15.0" 31477
192.168.12.61 - - [17/Feb/2013:06:57:28 +0600] "GET /pause/ajaxPause?pauseConfigId=&admin=0 HTTP/1.1" 200 985 "http://callider/pause/index" "Mozilla/4.0 (compatible; MSIE 7.0; Windows NT 6.1; Trident/5.0; SLCC2; .NET CLR 2.0.50727; .NET CLR 3.5.30729; .NET CLR 3.0.30729; Media Center PC 6.0; InfoPath.3; .NET4.0C; .NET4.0E)" 72136
192.168.74.78 - - [17/Feb/2013:06:57:29 +0600] "GET /pause/ajaxPause?pauseConfigId=&admin=0 HTTP/1.1" 200 986 "http://callider/pause/index" "Mozilla/4.0 (compatible; MSIE 7.0; Windows NT 6.1; WOW64; Trident/5.0; SLCC2; .NET CLR 2.0.50727; .NET CLR 3.5.30729; .NET CLR 3.0.30729; Media Center PC 6.0; InfoPath.3; .NET4.0C; MS-RTC LM 8; .NET4.0E)" 23410
192.168.12.60 - - [17/Feb/2013:06:57:30 +0600] "GET /pause/ajaxPause?pauseConfigId=&admin=0 HTTP/1.1" 200 986 "http://callider/pause/index" "Mozilla/4.0 (compatible; MSIE 8.0; Windows NT 6.1; Trident/4.0; InfoPath.3; .NET4.0C; MS-RTC LM 8; .NET4.0E)" 20918
192.168.12.204 - - [17/Feb/2013:06:57:30 +0600] "GET /pause/ajaxPause?pauseConfigId=&admin=0 HTTP/1.1" 200 986 "http://callider/pause/index" "Mozilla/4.0 (compatible; MSIE 7.0; Windows NT 6.1; WOW64; Trident/4.0; SLCC2; .NET CLR 2.0.50727; .NET CLR 3.5.30729; .NET CLR 3.0.30729; Media Center PC 6.0; InfoPath.3; .NET4.0C; .NET4.0E; .NET CLR 1.1.4322)" 23303
192.168.12.69 - - [17/Feb/2013:06:57:30 +0600] "GET /pause/ajaxPause?pauseConfigId=&admin=0 HTTP/1.1" 200 986 "http://callider/pause/index" "Mozilla/4.0 (compatible; MSIE 7.0; Windows NT 6.1; Trident/5.0; SLCC2; .NET CLR 2.0.50727; .NET CLR 3.5.30729; .NET CLR 3.0.30729; Media Center PC 6.0; InfoPath.3; .NET4.0C; .NET4.0E; Tablet PC 2.0; AskTbFXTV5/5.14.1.20007)" 22330
192.168.74.91 - - [17/Feb/2013:06:57:30 +0600] "GET /pause/ajaxPause?pauseConfigId=&admin=0 HTTP/1.1" 200 986 "http://callider/pause/index" "Mozilla/4.0 (compatible; MSIE 7.0; Windows NT 6.1; WOW64; Trident/5.0; SLCC2; .NET CLR 2.0.50727; .NET CLR 3.5.30729; .NET CLR 3.0.30729; Media Center PC 6.0; InfoPath.3; .NET4.0C; MS-RTC LM 8; .NET4.0E)" 21212
192.168.74.151 - - [17/Feb/2013:06:57:30 +0600] "GET /pause/ajaxPause?pauseConfigId=&admin=0 HTTP/1.1" 200 987 "http://callider.kontur/pause/index" "Mozilla/5.0 (Windows NT 6.1; WOW64; rv:18.0) Gecko/20100101 Firefox/18.0" 25743
192.168.12.210 - - [17/Feb/2013:06:57:30 +0600] "GET /pause/ajaxPause?pauseConfigId=all&admin=1 HTTP/1.1" 200 1048 "http://callider/pause/index" "Mozilla/4.0 (compatible; MSIE 7.0; Windows NT 6.1; WOW64; Trident/5.0; SLCC2; .NET CLR 2.0.50727; .NET CLR 3.5.30729; .NET CLR 3.0.30729; Media Center PC 6.0; InfoPath.3; .NET4.0C; .NET4.0E)" 32576
192.168.65.56 - - [17/Feb/2013:06:57:31 +0600] "GET /pause/ajaxPause?pauseConfigId=all&admin=1 HTTP/1.1" 200 1046 "http://192.168.65.101/pause/index" "Mozilla/5.0 (Windows NT 5.1; rv:15.0) Gecko/20100101 Firefox/15.0" 33927
192.168.12.61 - - [17/Feb/2013:06:57:33 +0600] "GET /pause/ajaxPause?pauseConfigId=&admin=0 HTTP/1.1" 200 985 "http://callider/pause/index" "Mozilla/4.0 (compatible; MSIE 7.0; Windows NT 6.1; Trident/5.0; SLCC2; .NET CLR 2.0.50727; .NET CLR 3.5.30729; .NET CLR 3.0.30729; Media Center PC 6.0; InfoPath.3; .NET4.0C; .NET4.0E)" 18805
192.168.74.78 - - [17/Feb/2013:06:57:34 +0600] "GET /pause/ajaxPause?pauseConfigId=&admin=0 HTTP/1.1" 200 986 "http://callider/pause/index" "Mozilla/4.0 (compatible; MSIE 7.0; Windows NT 6.1; WOW64; Trident/5.0; SLCC2; .NET CLR 2.0.50727; .NET CLR 3.5.30729; .NET CLR 3.0.30729; Media Center PC 6.0; InfoPath.3; .NET4.0C; MS-RTC LM 8; .NET4.0E)" 23107
192.168.12.67 - - [17/Feb/2013:06:57:34 +0600] "GET /tv/useUser HTTP/1.1" 200 432 "http://callider/graph/personal" "Mozilla/4.0 (compatible; MSIE 7.0; Windows NT 6.1; Trident/5.0; SLCC2; .NET CLR 2.0.50727; .NET CLR 3.5.30729; .NET CLR 3.0.30729; Media Center PC 6.0; .NET4.0C; .NET4.0E; InfoPath.3; Tablet PC 2.0; MS-RTC LM 8)" 16215
192.168.12.60 - - [17/Feb/2013:06:57:35 +0600] "GET /pause/ajaxPause?pauseConfigId=&admin=0 HTTP/1.1" 200 986 "http://callider/pause/index" "Mozilla/4.0 (compatible; MSIE 8.0; Windows NT 6.1; Trident/4.0; InfoPath.3; .NET4.0C; MS-RTC LM 8; .NET4.0E)" 25660
192.168.12.204 - - [17/Feb/2013:06:57:35 +0600] "GET /pause/ajaxPause?pauseConfigId=&admin=0 HTTP/1.1" 200 986 "http://callider/pause/index" "Mozilla/4.0 (compatible; MSIE 7.0; Windows NT 6.1; WOW64; Trident/4.0; SLCC2; .NET CLR 2.0.50727; .NET CLR 3.5.30729; .NET CLR 3.0.30729; Media Center PC 6.0; InfoPath.3; .NET4.0C; .NET4.0E; .NET CLR 1.1.4322)" 19735
192.168.12.69 - - [17/Feb/2013:06:57:35 +0600] "GET /pause/ajaxPause?pauseConfigId=&admin=0 HTTP/1.1" 200 986 "http://callider/pause/index" "Mozilla/4.0 (compatible; MSIE 7.0; Windows NT 6.1; Trident/5.0; SLCC2; .NET CLR 2.0.50727; .NET CLR 3.5.30729; .NET CLR 3.0.30729; Media Center PC 6.0; InfoPath.3; .NET4.0C; .NET4.0E; Tablet PC 2.0; AskTbFXTV5/5.14.1.20007)" 20529
192.168.74.91 - - [17/Feb/2013:06:57:35 +0600] "GET /pause/ajaxPause?pauseConfigId=&admin=0 HTTP/1.1" 200 986 "http://callider/pause/index" "Mozilla/4.0 (compatible; MSIE 7.0; Windows NT 6.1; WOW64; Trident/5.0; SLCC2; .NET CLR 2.0.50727; .NET CLR 3.5.30729; .NET CLR 3.0.30729; Media Center PC 6.0; InfoPath.3; .NET4.0C; MS-RTC LM 8; .NET4.0E)" 30678
192.168.74.151 - - [17/Feb/2013:06:57:35 +0600] "GET /pause/ajaxPause?pauseConfigId=&admin=0 HTTP/1.1" 200 987 "http://callider.kontur/pause/index" "Mozilla/5.0 (Windows NT 6.1; WOW64; rv:18.0) Gecko/20100101 Firefox/18.0" 20707
192.168.12.210 - - [17/Feb/2013:06:57:35 +0600] "GET /pause/ajaxPause?pauseConfigId=all&admin=1 HTTP/1.1" 200 1047 "http://callider/pause/index" "Mozilla/4.0 (compatible; MSIE 7.0; Windows NT 6.1; WOW64; Trident/5.0; SLCC2; .NET CLR 2.0.50727; .NET CLR 3.5.30729; .NET CLR 3.0.30729; Media Center PC 6.0; InfoPath.3; .NET4.0C; .NET4.0E)" 21410
192.168.65.56 - - [17/Feb/2013:06:57:36 +0600] "GET /pause/ajaxPause?pauseConfigId=all&admin=1 HTTP/1.1" 200 1046 "http://192.168.65.101/pause/index" "Mozilla/5.0 (Windows NT 5.1; rv:15.0) Gecko/20100101 Firefox/15.0" 45960
192.168.74.93 - - [17/Feb/2013:06:57:38 +0600] "GET /tv/useUser HTTP/1.1" 200 432 "http://callider/graph/personal" "Mozilla/4.0 (compatible; MSIE 7.0; Windows NT 6.1; WOW64; Trident/5.0; SLCC2; .NET CLR 2.0.50727; .NET CLR 3.5.30729; .NET CLR 3.0.30729; Media Center PC 6.0; InfoPath.3; .NET4.0C; .NET4.0E)" 17843
192.168.12.61 - - [17/Feb/2013:06:57:38 +0600] "GET /pause/ajaxPause?pauseConfigId=&admin=0 HTTP/1.1" 200 986 "http://callider/pause/index" "Mozilla/4.0 (compatible; MSIE 7.0; Windows NT 6.1; Trident/5.0; SLCC2; .NET CLR 2.0.50727; .NET CLR 3.5.30729; .NET CLR 3.0.30729; Media Center PC 6.0; InfoPath.3; .NET4.0C; .NET4.0E)" 29816
192.168.12.210 - - [17/Feb/2013:06:57:39 +0600] "GET /tv/useUser HTTP/1.1" 200 431 "http://callider/graph/general" "Mozilla/4.0 (compatible; MSIE 7.0; Windows NT 6.1; WOW64; Trident/5.0; SLCC2; .NET CLR 2.0.50727; .NET CLR 3.5.30729; .NET CLR 3.0.30729; Media Center PC 6.0; InfoPath.3; .NET4.0C; .NET4.0E)" 13460
192.168.74.78 - - [17/Feb/2013:06:57:39 +0600] "GET /pause/ajaxPause?pauseConfigId=&admin=0 HTTP/1.1" 200 986 "http://callider/pause/index" "Mozilla/4.0 (compatible; MSIE 7.0; Windows NT 6.1; WOW64; Trident/5.0; SLCC2; .NET CLR 2.0.50727; .NET CLR 3.5.30729; .NET CLR 3.0.30729; Media Center PC 6.0; InfoPath.3; .NET4.0C; MS-RTC LM 8; .NET4.0E)" 18707
192.168.12.60 - - [17/Feb/2013:06:57:40 +0600] "GET /pause/ajaxPause?pauseConfigId=&admin=0 HTTP/1.1" 200 986 "http://callider/pause/index" "Mozilla/4.0 (compatible; MSIE 8.0; Windows NT 6.1; Trident/4.0; InfoPath.3; .NET4.0C; MS-RTC LM 8; .NET4.0E)" 19572
192.168.12.204 - - [17/Feb/2013:06:57:40 +0600] "GET /pause/ajaxPause?pauseConfigId=&admin=0 HTTP/1.1" 200 986 "http://callider/pause/index" "Mozilla/4.0 (compatible; MSIE 7.0; Windows NT 6.1; WOW64; Trident/4.0; SLCC2; .NET CLR 2.0.50727; .NET CLR 3.5.30729; .NET CLR 3.0.30729; Media Center PC 6.0; InfoPath.3; .NET4.0C; .NET4.0E; .NET CLR 1.1.4322)" 24936
192.168.12.69 - - [17/Feb/2013:06:57:40 +0600] "GET /pause/ajaxPause?pauseConfigId=&admin=0 HTTP/1.1" 200 986 "http://callider/pause/index" "Mozilla/4.0 (compatible; MSIE 7.0; Windows NT 6.1; Trident/5.0; SLCC2; .NET CLR 2.0.50727; .NET CLR 3.5.30729; .NET CLR 3.0.30729; Media Center PC 6.0; InfoPath.3; .NET4.0C; .NET4.0E; Tablet PC 2.0; AskTbFXTV5/5.14.1.20007)" 19871
192.168.74.91 - - [17/Feb/2013:06:57:40 +0600] "GET /pause/ajaxPause?pauseConfigId=&admin=0 HTTP/1.1" 200 986 "http://callider/pause/index" "Mozilla/4.0 (compatible; MSIE 7.0; Windows NT 6.1; WOW64; Trident/5.0; SLCC2; .NET CLR 2.0.50727; .NET CLR 3.5.30729; .NET CLR 3.0.30729; Media Center PC 6.0; InfoPath.3; .NET4.0C; MS-RTC LM 8; .NET4.0E)" 25380
192.168.74.151 - - [17/Feb/2013:06:57:40 +0600] "GET /pause/ajaxPause?pauseConfigId=&admin=0 HTTP/1.1" 200 987 "http://callider.kontur/pause/index" "Mozilla/5.0 (Windows NT 6.1; WOW64; rv:18.0) Gecko/20100101 Firefox/18.0" 22841
192.168.12.210 - - [17/Feb/2013:06:57:40 +0600] "GET /pause/ajaxPause?pauseConfigId=all&admin=1 HTTP/1.1" 200 1047 "http://callider/pause/index" "Mozilla/4.0 (compatible; MSIE 7.0; Windows NT 6.1; WOW64; Trident/5.0; SLCC2; .NET CLR 2.0.50727; .NET CLR 3.5.30729; .NET CLR 3.0.30729; Media Center PC 6.0; InfoPath.3; .NET4.0C; .NET4.0E)" 22938
192.168.12.9 - - [17/Feb/2013:06:57:41 +0600] "GET /tv/useUser HTTP/1.1" 200 432 "http://callider.kontur/site/index" "Mozilla/5.0 (Windows NT 6.1; WOW64) AppleWebKit/537.17 (KHTML, like Gecko) Chrome/24.0.1312.57 Safari/537.17" 18719
192.168.65.56 - - [17/Feb/2013:06:57:41 +0600] "GET /pause/ajaxPause?pauseConfigId=all&admin=1 HTTP/1.1" 200 1046 "http://192.168.65.101/pause/index" "Mozilla/5.0 (Windows NT 5.1; rv:15.0) Gecko/20100101 Firefox/15.0" 40516
192.168.12.61 - - [17/Feb/2013:06:57:43 +0600] "GET /pause/ajaxPause?pauseConfigId=&admin=0 HTTP/1.1" 200 985 "http://callider/pause/index" "Mozilla/4.0 (compatible; MSIE 7.0; Windows NT 6.1; Trident/5.0; SLCC2; .NET CLR 2.0.50727; .NET CLR 3.5.30729; .NET CLR 3.0.30729; Media Center PC 6.0; InfoPath.3; .NET4.0C; .NET4.0E)" 126083
192.168.74.78 - - [17/Feb/2013:06:57:44 +0600] "GET /pause/ajaxPause?pauseConfigId=&admin=0 HTTP/1.1" 200 986 "http://callider/pause/index" "Mozilla/4.0 (compatible; MSIE 7.0; Windows NT 6.1; WOW64; Trident/5.0; SLCC2; .NET CLR 2.0.50727; .NET CLR 3.5.30729; .NET CLR 3.0.30729; Media Center PC 6.0; InfoPath.3; .NET4.0C; MS-RTC LM 8; .NET4.0E)" 19797
192.168.12.60 - - [17/Feb/2013:06:57:45 +0600] "GET /pause/ajaxPause?pauseConfigId=&admin=0 HTTP/1.1" 200 986 "http://callider/pause/index" "Mozilla/4.0 (compatible; MSIE 8.0; Windows NT 6.1; Trident/4.0; InfoPath.3; .NET4.0C; MS-RTC LM 8; .NET4.0E)" 21967
192.168.12.204 - - [17/Feb/2013:06:57:45 +0600] "GET /pause/ajaxPause?pauseConfigId=&admin=0 HTTP/1.1" 200 986 "http://callider/pause/index" "Mozilla/4.0 (compatible; MSIE 7.0; Windows NT 6.1; WOW64; Trident/4.0; SLCC2; .NET CLR 2.0.50727; .NET CLR 3.5.30729; .NET CLR 3.0.30729; Media Center PC 6.0; InfoPath.3; .NET4.0C; .NET4.0E; .NET CLR 1.1.4322)" 19728
192.168.12.69 - - [17/Feb/2013:06:57:45 +0600] "GET /pause/ajaxPause?pauseConfigId=&admin=0 HTTP/1.1" 200 986 "http://callider/pause/index" "Mozilla/4.0 (compatible; MSIE 7.0; Windows NT 6.1; Trident/5.0; SLCC2; .NET CLR 2.0.50727; .NET CLR 3.5.30729; .NET CLR 3.0.30729; Media Center PC 6.0; InfoPath.3; .NET4.0C; .NET4.0E; Tablet PC 2.0; AskTbFXTV5/5.14.1.20007)" 18580
192.168.74.91 - - [17/Feb/2013:06:57:45 +0600] "GET /pause/ajaxPause?pauseConfigId=&admin=0 HTTP/1.1" 200 986 "http://callider/pause/index" "Mozilla/4.0 (compatible; MSIE 7.0; Windows NT 6.1; WOW64; Trident/5.0; SLCC2; .NET CLR 2.0.50727; .NET CLR 3.5.30729; .NET CLR 3.0.30729; Media Center PC 6.0; InfoPath.3; .NET4.0C; MS-RTC LM 8; .NET4.0E)" 20128
192.168.74.151 - - [17/Feb/2013:06:57:45 +0600] "GET /pause/ajaxPause?pauseConfigId=&admin=0 HTTP/1.1" 200 987 "http://callider.kontur/pause/index" "Mozilla/5.0 (Windows NT 6.1; WOW64; rv:18.0) Gecko/20100101 Firefox/18.0" 23580
192.168.12.210 - - [17/Feb/2013:06:57:45 +0600] "GET /pause/ajaxPause?pauseConfigId=all&admin=1 HTTP/1.1" 200 1047 "http://callider/pause/index" "Mozilla/4.0 (compatible; MSIE 7.0; Windows NT 6.1; WOW64; Trident/5.0; SLCC2; .NET CLR 2.0.50727; .NET CLR 3.5.30729; .NET CLR 3.0.30729; Media Center PC 6.0; InfoPath.3; .NET4.0C; .NET4.0E)" 18101
192.168.65.56 - - [17/Feb/2013:06:57:46 +0600] "GET /pause/ajaxPause?pauseConfigId=all&admin=1 HTTP/1.1" 200 1046 "http://192.168.65.101/pause/index" "Mozilla/5.0 (Windows NT 5.1; rv:15.0) Gecko/20100101 Firefox/15.0" 30051
192.168.12.61 - - [17/Feb/2013:06:57:48 +0600] "GET /pause/ajaxPause?pauseConfigId=&admin=0 HTTP/1.1" 200 985 "http://callider/pause/index" "Mozilla/4.0 (compatible; MSIE 7.0; Windows NT 6.1; Trident/5.0; SLCC2; .NET CLR 2.0.50727; .NET CLR 3.5.30729; .NET CLR 3.0.30729; Media Center PC 6.0; InfoPath.3; .NET4.0C; .NET4.0E)" 25396
192.168.12.210 - - [17/Feb/2013:06:57:49 +0600] "GET /tv/useUser HTTP/1.1" 200 431 "http://callider/pause/index" "Mozilla/4.0 (compatible; MSIE 7.0; Windows NT 6.1; WOW64; Trident/5.0; SLCC2; .NET CLR 2.0.50727; .NET CLR 3.5.30729; .NET CLR 3.0.30729; Media Center PC 6.0; InfoPath.3; .NET4.0C; .NET4.0E)" 13011
192.168.74.78 - - [17/Feb/2013:06:57:49 +0600] "GET /pause/ajaxPause?pauseConfigId=&admin=0 HTTP/1.1" 200 986 "http://callider/pause/index" "Mozilla/4.0 (compatible; MSIE 7.0; Windows NT 6.1; WOW64; Trident/5.0; SLCC2; .NET CLR 2.0.50727; .NET CLR 3.5.30729; .NET CLR 3.0.30729; Media Center PC 6.0; InfoPath.3; .NET4.0C; MS-RTC LM 8; .NET4.0E)" 22974
192.168.12.60 - - [17/Feb/2013:06:57:50 +0600] "GET /pause/ajaxPause?pauseConfigId=&admin=0 HTTP/1.1" 200 986 "http://callider/pause/index" "Mozilla/4.0 (compatible; MSIE 8.0; Windows NT 6.1; Trident/4.0; InfoPath.3; .NET4.0C; MS-RTC LM 8; .NET4.0E)" 23904
192.168.12.204 - - [17/Feb/2013:06:57:50 +0600] "GET /pause/ajaxPause?pauseConfigId=&admin=0 HTTP/1.1" 200 986 "http://callider/pause/index" "Mozilla/4.0 (compatible; MSIE 7.0; Windows NT 6.1; WOW64; Trident/4.0; SLCC2; .NET CLR 2.0.50727; .NET CLR 3.5.30729; .NET CLR 3.0.30729; Media Center PC 6.0; InfoPath.3; .NET4.0C; .NET4.0E; .NET CLR 1.1.4322)" 22388
192.168.12.69 - - [17/Feb/2013:06:57:50 +0600] "GET /pause/ajaxPause?pauseConfigId=&admin=0 HTTP/1.1" 200 986 "http://callider/pause/index" "Mozilla/4.0 (compatible; MSIE 7.0; Windows NT 6.1; Trident/5.0; SLCC2; .NET CLR 2.0.50727; .NET CLR 3.5.30729; .NET CLR 3.0.30729; Media Center PC 6.0; InfoPath.3; .NET4.0C; .NET4.0E; Tablet PC 2.0; AskTbFXTV5/5.14.1.20007)" 23537
192.168.74.91 - - [17/Feb/2013:06:57:50 +0600] "GET /pause/ajaxPause?pauseConfigId=&admin=0 HTTP/1.1" 200 986 "http://callider/pause/index" "Mozilla/4.0 (compatible; MSIE 7.0; Windows NT 6.1; WOW64; Trident/5.0; SLCC2; .NET CLR 2.0.50727; .NET CLR 3.5.30729; .NET CLR 3.0.30729; Media Center PC 6.0; InfoPath.3; .NET4.0C; MS-RTC LM 8; .NET4.0E)" 18513
192.168.74.151 - - [17/Feb/2013:06:57:50 +0600] "GET /pause/ajaxPause?pauseConfigId=&admin=0 HTTP/1.1" 200 987 "http://callider.kontur/pause/index" "Mozilla/5.0 (Windows NT 6.1; WOW64; rv:18.0) Gecko/20100101 Firefox/18.0" 19581
192.168.12.210 - - [17/Feb/2013:06:57:50 +0600] "GET /pause/ajaxPause?pauseConfigId=all&admin=1 HTTP/1.1" 200 1047 "http://callider/pause/index" "Mozilla/4.0 (compatible; MSIE 7.0; Windows NT 6.1; WOW64; Trident/5.0; SLCC2; .NET CLR 2.0.50727; .NET CLR 3.5.30729; .NET CLR 3.0.30729; Media Center PC 6.0; InfoPath.3; .NET4.0C; .NET4.0E)" 45865
192.168.65.56 - - [17/Feb/2013:06:57:51 +0600] "GET /pause/ajaxPause?pauseConfigId=all&admin=1 HTTP/1.1" 200 1046 "http://192.168.65.101/pause/index" "Mozilla/5.0 (Windows NT 5.1; rv:15.0) Gecko/20100101 Firefox/15.0" 46744
192.168.65.56 - - [17/Feb/2013:06:57:51 +0600] "GET /tv/useUser HTTP/1.1" 200 431 "http://192.168.65.101/pause/index" "Mozilla/5.0 (Windows NT 5.1; rv:15.0) Gecko/20100101 Firefox/15.0" 11075
192.168.12.61 - - [17/Feb/2013:06:57:53 +0600] "GET /pause/ajaxPause?pauseConfigId=&admin=0 HTTP/1.1" 200 985 "http://callider/pause/index" "Mozilla/4.0 (compatible; MSIE 7.0; Windows NT 6.1; Trident/5.0; SLCC2; .NET CLR 2.0.50727; .NET CLR 3.5.30729; .NET CLR 3.0.30729; Media Center PC 6.0; InfoPath.3; .NET4.0C; .NET4.0E)" 23234
192.168.74.78 - - [17/Feb/2013:06:57:54 +0600] "GET /pause/ajaxPause?pauseConfigId=&admin=0 HTTP/1.1" 200 986 "http://callider/pause/index" "Mozilla/4.0 (compatible; MSIE 7.0; Windows NT 6.1; WOW64; Trident/5.0; SLCC2; .NET CLR 2.0.50727; .NET CLR 3.5.30729; .NET CLR 3.0.30729; Media Center PC 6.0; InfoPath.3; .NET4.0C; MS-RTC LM 8; .NET4.0E)" 20788
192.168.12.60 - - [17/Feb/2013:06:57:55 +0600] "GET /pause/ajaxPause?pauseConfigId=&admin=0 HTTP/1.1" 200 986 "http://callider/pause/index" "Mozilla/4.0 (compatible; MSIE 8.0; Windows NT 6.1; Trident/4.0; InfoPath.3; .NET4.0C; MS-RTC LM 8; .NET4.0E)" 20812
192.168.12.204 - - [17/Feb/2013:06:57:55 +0600] "GET /pause/ajaxPause?pauseConfigId=&admin=0 HTTP/1.1" 200 986 "http://callider/pause/index" "Mozilla/4.0 (compatible; MSIE 7.0; Windows NT 6.1; WOW64; Trident/4.0; SLCC2; .NET CLR 2.0.50727; .NET CLR 3.5.30729; .NET CLR 3.0.30729; Media Center PC 6.0; InfoPath.3; .NET4.0C; .NET4.0E; .NET CLR 1.1.4322)" 25146
192.168.12.69 - - [17/Feb/2013:06:57:55 +0600] "GET /pause/ajaxPause?pauseConfigId=&admin=0 HTTP/1.1" 200 986 "http://callider/pause/index" "Mozilla/4.0 (compatible; MSIE 7.0; Windows NT 6.1; Trident/5.0; SLCC2; .NET CLR 2.0.50727; .NET CLR 3.5.30729; .NET CLR 3.0.30729; Media Center PC 6.0; InfoPath.3; .NET4.0C; .NET4.0E; Tablet PC 2.0; AskTbFXTV5/5.14.1.20007)" 22854
192.168.74.151 - - [17/Feb/2013:06:57:55 +0600] "GET /pause/ajaxPause?pauseConfigId=&admin=0 HTTP/1.1" 200 987 "http://callider.kontur/pause/index" "Mozilla/5.0 (Windows NT 6.1; WOW64; rv:18.0) Gecko/20100101 Firefox/18.0" 20815
192.168.74.91 - - [17/Feb/2013:06:57:55 +0600] "GET /pause/ajaxPause?pauseConfigId=&admin=0 HTTP/1.1" 200 986 "http://callider/pause/index" "Mozilla/4.0 (compatible; MSIE 7.0; Windows NT 6.1; WOW64; Trident/5.0; SLCC2; .NET CLR 2.0.50727; .NET CLR 3.5.30729; .NET CLR 3.0.30729; Media Center PC 6.0; InfoPath.3; .NET4.0C; MS-RTC LM 8; .NET4.0E)" 46084
192.168.12.210 - - [17/Feb/2013:06:57:55 +0600] "GET /pause/ajaxPause?pauseConfigId=all&admin=1 HTTP/1.1" 200 1047 "http://callider/pause/index" "Mozilla/4.0 (compatible; MSIE 7.0; Windows NT 6.1; WOW64; Trident/5.0; SLCC2; .NET CLR 2.0.50727; .NET CLR 3.5.30729; .NET CLR 3.0.30729; Media Center PC 6.0; InfoPath.3; .NET4.0C; .NET4.0E)" 18619
192.168.65.56 - - [17/Feb/2013:06:57:56 +0600] "GET /pause/ajaxPause?pauseConfigId=all&admin=1 HTTP/1.1" 200 1046 "http://192.168.65.101/pause/index" "Mozilla/5.0 (Windows NT 5.1; rv:15.0) Gecko/20100101 Firefox/15.0" 33552
192.168.12.61 - - [17/Feb/2013:06:57:58 +0600] "GET /pause/ajaxPause?pauseConfigId=&admin=0 HTTP/1.1" 200 986 "http://callider/pause/index" "Mozilla/4.0 (compatible; MSIE 7.0; Windows NT 6.1; Trident/5.0; SLCC2; .NET CLR 2.0.50727; .NET CLR 3.5.30729; .NET CLR 3.0.30729; Media Center PC 6.0; InfoPath.3; .NET4.0C; .NET4.0E)" 30150
192.168.74.78 - - [17/Feb/2013:06:57:59 +0600] "GET /pause/ajaxPause?pauseConfigId=&admin=0 HTTP/1.1" 200 986 "http://callider/pause/index" "Mozilla/4.0 (compatible; MSIE 7.0; Windows NT 6.1; WOW64; Trident/5.0; SLCC2; .NET CLR 2.0.50727; .NET CLR 3.5.30729; .NET CLR 3.0.30729; Media Center PC 6.0; InfoPath.3; .NET4.0C; MS-RTC LM 8; .NET4.0E)" 153264
192.168.12.60 - - [17/Feb/2013:06:58:00 +0600] "GET /pause/ajaxPause?pauseConfigId=&admin=0 HTTP/1.1" 200 986 "http://callider/pause/index" "Mozilla/4.0 (compatible; MSIE 8.0; Windows NT 6.1; Trident/4.0; InfoPath.3; .NET4.0C; MS-RTC LM 8; .NET4.0E)" 21133
192.168.64.119 - - [17/Feb/2013:06:58:00 +0600] "HEAD / HTTP/1.0" 302 435 "-" "WhatsUp/1.0" 14059
192.168.64.119 - - [17/Feb/2013:06:58:00 +0600] "GET / HTTP/1.1" 302 454 "-" "Mozilla/4.0 (compatible; MSIE 8.0; Windows NT 5.2; Trident/4.0)" 13988
192.168.64.119 - - [17/Feb/2013:06:58:00 +0600] "GET /site/login HTTP/1.1" 200 7423 "-" "Mozilla/4.0 (compatible; MSIE 8.0; Windows NT 5.2; Trident/4.0)" 24790
192.168.12.204 - - [17/Feb/2013:06:58:00 +0600] "GET /pause/ajaxPause?pauseConfigId=&admin=0 HTTP/1.1" 200 986 "http://callider/pause/index" "Mozilla/4.0 (compatible; MSIE 7.0; Windows NT 6.1; WOW64; Trident/4.0; SLCC2; .NET CLR 2.0.50727; .NET CLR 3.5.30729; .NET CLR 3.0.30729; Media Center PC 6.0; InfoPath.3; .NET4.0C; .NET4.0E; .NET CLR 1.1.4322)" 26793
192.168.12.69 - - [17/Feb/2013:06:58:00 +0600] "GET /pause/ajaxPause?pauseConfigId=&admin=0 HTTP/1.1" 200 986 "http://callider/pause/index" "Mozilla/4.0 (compatible; MSIE 7.0; Windows NT 6.1; Trident/5.0; SLCC2; .NET CLR 2.0.50727; .NET CLR 3.5.30729; .NET CLR 3.0.30729; Media Center PC 6.0; InfoPath.3; .NET4.0C; .NET4.0E; Tablet PC 2.0; AskTbFXTV5/5.14.1.20007)" 20265
192.168.74.91 - - [17/Feb/2013:06:58:00 +0600] "GET /pause/ajaxPause?pauseConfigId=&admin=0 HTTP/1.1" 200 986 "http://callider/pause/index" "Mozilla/4.0 (compatible; MSIE 7.0; Windows NT 6.1; WOW64; Trident/5.0; SLCC2; .NET CLR 2.0.50727; .NET CLR 3.5.30729; .NET CLR 3.0.30729; Media Center PC 6.0; InfoPath.3; .NET4.0C; MS-RTC LM 8; .NET4.0E)" 21951
192.168.74.151 - - [17/Feb/2013:06:58:00 +0600] "GET /pause/ajaxPause?pauseConfigId=&admin=0 HTTP/1.1" 200 987 "http://callider.kontur/pause/index" "Mozilla/5.0 (Windows NT 6.1; WOW64; rv:18.0) Gecko/20100101 Firefox/18.0" 18322
192.168.12.210 - - [17/Feb/2013:06:58:00 +0600] "GET /pause/ajaxPause?pauseConfigId=all&admin=1 HTTP/1.1" 200 1047 "http://callider/pause/index" "Mozilla/4.0 (compatible; MSIE 7.0; Windows NT 6.1; WOW64; Trident/5.0; SLCC2; .NET CLR 2.0.50727; .NET CLR 3.5.30729; .NET CLR 3.0.30729; Media Center PC 6.0; InfoPath.3; .NET4.0C; .NET4.0E)" 26041
192.168.65.56 - - [17/Feb/2013:06:58:01 +0600] "GET /pause/ajaxPause?pauseConfigId=all&admin=1 HTTP/1.1" 200 1046 "http://192.168.65.101/pause/index" "Mozilla/5.0 (Windows NT 5.1; rv:15.0) Gecko/20100101 Firefox/15.0" 34518
192.168.12.61 - - [17/Feb/2013:06:58:03 +0600] "GET /pause/ajaxPause?pauseConfigId=&admin=0 HTTP/1.1" 200 985 "http://callider/pause/index" "Mozilla/4.0 (compatible; MSIE 7.0; Windows NT 6.1; Trident/5.0; SLCC2; .NET CLR 2.0.50727; .NET CLR 3.5.30729; .NET CLR 3.0.30729; Media Center PC 6.0; InfoPath.3; .NET4.0C; .NET4.0E)" 24383
192.168.74.78 - - [17/Feb/2013:06:58:04 +0600] "GET /pause/ajaxPause?pauseConfigId=&admin=0 HTTP/1.1" 200 986 "http://callider/pause/index" "Mozilla/4.0 (compatible; MSIE 7.0; Windows NT 6.1; WOW64; Trident/5.0; SLCC2; .NET CLR 2.0.50727; .NET CLR 3.5.30729; .NET CLR 3.0.30729; Media Center PC 6.0; InfoPath.3; .NET4.0C; MS-RTC LM 8; .NET4.0E)" 40207
192.168.12.60 - - [17/Feb/2013:06:58:05 +0600] "GET /pause/ajaxPause?pauseConfigId=&admin=0 HTTP/1.1" 200 986 "http://callider/pause/index" "Mozilla/4.0 (compatible; MSIE 8.0; Windows NT 6.1; Trident/4.0; InfoPath.3; .NET4.0C; MS-RTC LM 8; .NET4.0E)" 20827
192.168.12.204 - - [17/Feb/2013:06:58:05 +0600] "GET /pause/ajaxPause?pauseConfigId=&admin=0 HTTP/1.1" 200 986 "http://callider/pause/index" "Mozilla/4.0 (compatible; MSIE 7.0; Windows NT 6.1; WOW64; Trident/4.0; SLCC2; .NET CLR 2.0.50727; .NET CLR 3.5.30729; .NET CLR 3.0.30729; Media Center PC 6.0; InfoPath.3; .NET4.0C; .NET4.0E; .NET CLR 1.1.4322)" 22655
192.168.12.69 - - [17/Feb/2013:06:58:05 +0600] "GET /pause/ajaxPause?pauseConfigId=&admin=0 HTTP/1.1" 200 986 "http://callider/pause/index" "Mozilla/4.0 (compatible; MSIE 7.0; Windows NT 6.1; Trident/5.0; SLCC2; .NET CLR 2.0.50727; .NET CLR 3.5.30729; .NET CLR 3.0.30729; Media Center PC 6.0; InfoPath.3; .NET4.0C; .NET4.0E; Tablet PC 2.0; AskTbFXTV5/5.14.1.20007)" 22565
192.168.12.61 - - [17/Feb/2013:06:58:05 +0600] "GET /tv/useUser HTTP/1.1" 200 431 "http://callider/pause/index" "Mozilla/4.0 (compatible; MSIE 7.0; Windows NT 6.1; Trident/5.0; SLCC2; .NET CLR 2.0.50727; .NET CLR 3.5.30729; .NET CLR 3.0.30729; Media Center PC 6.0; InfoPath.3; .NET4.0C; .NET4.0E)" 8791
192.168.74.91 - - [17/Feb/2013:06:58:05 +0600] "GET /pause/ajaxPause?pauseConfigId=&admin=0 HTTP/1.1" 200 986 "http://callider/pause/index" "Mozilla/4.0 (compatible; MSIE 7.0; Windows NT 6.1; WOW64; Trident/5.0; SLCC2; .NET CLR 2.0.50727; .NET CLR 3.5.30729; .NET CLR 3.0.30729; Media Center PC 6.0; InfoPath.3; .NET4.0C; MS-RTC LM 8; .NET4.0E)" 22748
192.168.74.151 - - [17/Feb/2013:06:58:05 +0600] "GET /pause/ajaxPause?pauseConfigId=&admin=0 HTTP/1.1" 200 987 "http://callider.kontur/pause/index" "Mozilla/5.0 (Windows NT 6.1; WOW64; rv:18.0) Gecko/20100101 Firefox/18.0" 20986
192.168.12.210 - - [17/Feb/2013:06:58:05 +0600] "GET /pause/ajaxPause?pauseConfigId=all&admin=1 HTTP/1.1" 200 1047 "http://callider/pause/index" "Mozilla/4.0 (compatible; MSIE 7.0; Windows NT 6.1; WOW64; Trident/5.0; SLCC2; .NET CLR 2.0.50727; .NET CLR 3.5.30729; .NET CLR 3.0.30729; Media Center PC 6.0; InfoPath.3; .NET4.0C; .NET4.0E)" 24368
192.168.65.56 - - [17/Feb/2013:06:58:06 +0600] "GET /pause/ajaxPause?pauseConfigId=all&admin=1 HTTP/1.1" 200 1046 "http://192.168.65.101/pause/index" "Mozilla/5.0 (Windows NT 5.1; rv:15.0) Gecko/20100101 Firefox/15.0" 91294
192.168.12.61 - - [17/Feb/2013:06:58:08 +0600] "GET /pause/ajaxPause?pauseConfigId=&admin=0 HTTP/1.1" 200 985 "http://callider/pause/index" "Mozilla/4.0 (compatible; MSIE 7.0; Windows NT 6.1; Trident/5.0; SLCC2; .NET CLR 2.0.50727; .NET CLR 3.5.30729; .NET CLR 3.0.30729; Media Center PC 6.0; InfoPath.3; .NET4.0C; .NET4.0E)" 243402
192.168.74.78 - - [17/Feb/2013:06:58:09 +0600] "GET /pause/ajaxPause?pauseConfigId=&admin=0 HTTP/1.1" 200 986 "http://callider/pause/index" "Mozilla/4.0 (compatible; MSIE 7.0; Windows NT 6.1; WOW64; Trident/5.0; SLCC2; .NET CLR 2.0.50727; .NET CLR 3.5.30729; .NET CLR 3.0.30729; Media Center PC 6.0; InfoPath.3; .NET4.0C; MS-RTC LM 8; .NET4.0E)" 23612
192.168.12.60 - - [17/Feb/2013:06:58:10 +0600] "GET /pause/ajaxPause?pauseConfigId=&admin=0 HTTP/1.1" 200 986 "http://callider/pause/index" "Mozilla/4.0 (compatible; MSIE 8.0; Windows NT 6.1; Trident/4.0; InfoPath.3; .NET4.0C; MS-RTC LM 8; .NET4.0E)" 21880
192.168.12.69 - - [17/Feb/2013:06:58:10 +0600] "GET /pause/ajaxPause?pauseConfigId=&admin=0 HTTP/1.1" 200 986 "http://callider/pause/index" "Mozilla/4.0 (compatible; MSIE 7.0; Windows NT 6.1; Trident/5.0; SLCC2; .NET CLR 2.0.50727; .NET CLR 3.5.30729; .NET CLR 3.0.30729; Media Center PC 6.0; InfoPath.3; .NET4.0C; .NET4.0E; Tablet PC 2.0; AskTbFXTV5/5.14.1.20007)" 23115
192.168.12.204 - - [17/Feb/2013:06:58:10 +0600] "GET /pause/ajaxPause?pauseConfigId=&admin=0 HTTP/1.1" 200 986 "http://callider/pause/index" "Mozilla/4.0 (compatible; MSIE 7.0; Windows NT 6.1; WOW64; Trident/4.0; SLCC2; .NET CLR 2.0.50727; .NET CLR 3.5.30729; .NET CLR 3.0.30729; Media Center PC 6.0; InfoPath.3; .NET4.0C; .NET4.0E; .NET CLR 1.1.4322)" 27862
192.168.74.91 - - [17/Feb/2013:06:58:10 +0600] "GET /pause/ajaxPause?pauseConfigId=&admin=0 HTTP/1.1" 200 986 "http://callider/pause/index" "Mozilla/4.0 (compatible; MSIE 7.0; Windows NT 6.1; WOW64; Trident/5.0; SLCC2; .NET CLR 2.0.50727; .NET CLR 3.5.30729; .NET CLR 3.0.30729; Media Center PC 6.0; InfoPath.3; .NET4.0C; MS-RTC LM 8; .NET4.0E)" 19944
192.168.74.151 - - [17/Feb/2013:06:58:10 +0600] "GET /pause/ajaxPause?pauseConfigId=&admin=0 HTTP/1.1" 200 987 "http://callider.kontur/pause/index" "Mozilla/5.0 (Windows NT 6.1; WOW64; rv:18.0) Gecko/20100101 Firefox/18.0" 21248
192.168.12.210 - - [17/Feb/2013:06:58:10 +0600] "GET /pause/ajaxPause?pauseConfigId=all&admin=1 HTTP/1.1" 200 1047 "http://callider/pause/index" "Mozilla/4.0 (compatible; MSIE 7.0; Windows NT 6.1; WOW64; Trident/5.0; SLCC2; .NET CLR 2.0.50727; .NET CLR 3.5.30729; .NET CLR 3.0.30729; Media Center PC 6.0; InfoPath.3; .NET4.0C; .NET4.0E)" 22161
192.168.12.42 - - [17/Feb/2013:06:58:11 +0600] "GET /tv/useUser HTTP/1.1" 200 432 "http://callider/graph/personal" "Mozilla/4.0 (compatible; MSIE 7.0; Windows NT 6.1; WOW64; Trident/5.0; SLCC2; .NET CLR 2.0.50727; .NET CLR 3.5.30729; .NET CLR 3.0.30729; Media Center PC 6.0; InfoPath.3; .NET4.0C; .NET4.0E)" 19374
192.168.65.56 - - [17/Feb/2013:06:58:11 +0600] "GET /pause/ajaxPause?pauseConfigId=all&admin=1 HTTP/1.1" 200 1046 "http://192.168.65.101/pause/index" "Mozilla/5.0 (Windows NT 5.1; rv:15.0) Gecko/20100101 Firefox/15.0" 33728
192.168.74.151 - - [17/Feb/2013:06:58:13 +0600] "GET /tv/useUser HTTP/1.1" 200 431 "http://callider.kontur/graph/general" "Mozilla/5.0 (Windows NT 6.1; WOW64; rv:18.0) Gecko/20100101 Firefox/18.0" 9885
192.168.12.61 - - [17/Feb/2013:06:58:13 +0600] "GET /pause/ajaxPause?pauseConfigId=&admin=0 HTTP/1.1" 200 985 "http://callider/pause/index" "Mozilla/4.0 (compatible; MSIE 7.0; Windows NT 6.1; Trident/5.0; SLCC2; .NET CLR 2.0.50727; .NET CLR 3.5.30729; .NET CLR 3.0.30729; Media Center PC 6.0; InfoPath.3; .NET4.0C; .NET4.0E)" 21200
192.168.74.78 - - [17/Feb/2013:06:58:14 +0600] "GET /pause/ajaxPause?pauseConfigId=&admin=0 HTTP/1.1" 200 986 "http://callider/pause/index" "Mozilla/4.0 (compatible; MSIE 7.0; Windows NT 6.1; WOW64; Trident/5.0; SLCC2; .NET CLR 2.0.50727; .NET CLR 3.5.30729; .NET CLR 3.0.30729; Media Center PC 6.0; InfoPath.3; .NET4.0C; MS-RTC LM 8; .NET4.0E)" 19605
192.168.12.60 - - [17/Feb/2013:06:58:15 +0600] "GET /pause/ajaxPause?pauseConfigId=&admin=0 HTTP/1.1" 200 986 "http://callider/pause/index" "Mozilla/4.0 (compatible; MSIE 8.0; Windows NT 6.1; Trident/4.0; InfoPath.3; .NET4.0C; MS-RTC LM 8; .NET4.0E)" 20478
192.168.12.69 - - [17/Feb/2013:06:58:15 +0600] "GET /pause/ajaxPause?pauseConfigId=&admin=0 HTTP/1.1" 200 986 "http://callider/pause/index" "Mozilla/4.0 (compatible; MSIE 7.0; Windows NT 6.1; Trident/5.0; SLCC2; .NET CLR 2.0.50727; .NET CLR 3.5.30729; .NET CLR 3.0.30729; Media Center PC 6.0; InfoPath.3; .NET4.0C; .NET4.0E; Tablet PC 2.0; AskTbFXTV5/5.14.1.20007)" 20821
192.168.12.204 - - [17/Feb/2013:06:58:15 +0600] "GET /pause/ajaxPause?pauseConfigId=&admin=0 HTTP/1.1" 200 986 "http://callider/pause/index" "Mozilla/4.0 (compatible; MSIE 7.0; Windows NT 6.1; WOW64; Trident/4.0; SLCC2; .NET CLR 2.0.50727; .NET CLR 3.5.30729; .NET CLR 3.0.30729; Media Center PC 6.0; InfoPath.3; .NET4.0C; .NET4.0E; .NET CLR 1.1.4322)" 18675
192.168.74.91 - - [17/Feb/2013:06:58:15 +0600] "GET /pause/ajaxPause?pauseConfigId=&admin=0 HTTP/1.1" 200 986 "http://callider/pause/index" "Mozilla/4.0 (compatible; MSIE 7.0; Windows NT 6.1; WOW64; Trident/5.0; SLCC2; .NET CLR 2.0.50727; .NET CLR 3.5.30729; .NET CLR 3.0.30729; Media Center PC 6.0; InfoPath.3; .NET4.0C; MS-RTC LM 8; .NET4.0E)" 22869
192.168.74.151 - - [17/Feb/2013:06:58:15 +0600] "GET /pause/ajaxPause?pauseConfigId=&admin=0 HTTP/1.1" 200 987 "http://callider.kontur/pause/index" "Mozilla/5.0 (Windows NT 6.1; WOW64; rv:18.0) Gecko/20100101 Firefox/18.0" 23594
192.168.74.151 - - [17/Feb/2013:06:58:15 +0600] "GET /tv/useUser HTTP/1.1" 200 432 "http://callider.kontur/pause/index" "Mozilla/5.0 (Windows NT 6.1; WOW64; rv:18.0) Gecko/20100101 Firefox/18.0" 17833
192.168.12.210 - - [17/Feb/2013:06:58:15 +0600] "GET /pause/ajaxPause?pauseConfigId=all&admin=1 HTTP/1.1" 200 1047 "http://callider/pause/index" "Mozilla/4.0 (compatible; MSIE 7.0; Windows NT 6.1; WOW64; Trident/5.0; SLCC2; .NET CLR 2.0.50727; .NET CLR 3.5.30729; .NET CLR 3.0.30729; Media Center PC 6.0; InfoPath.3; .NET4.0C; .NET4.0E)" 20786
192.168.65.56 - - [17/Feb/2013:06:58:16 +0600] "GET /pause/ajaxPause?pauseConfigId=all&admin=1 HTTP/1.1" 200 1046 "http://192.168.65.101/pause/index" "Mozilla/5.0 (Windows NT 5.1; rv:15.0) Gecko/20100101 Firefox/15.0" 34073
192.168.12.61 - - [17/Feb/2013:06:58:18 +0600] "GET /pause/ajaxPause?pauseConfigId=&admin=0 HTTP/1.1" 200 986 "http://callider/pause/index" "Mozilla/4.0 (compatible; MSIE 7.0; Windows NT 6.1; Trident/5.0; SLCC2; .NET CLR 2.0.50727; .NET CLR 3.5.30729; .NET CLR 3.0.30729; Media Center PC 6.0; InfoPath.3; .NET4.0C; .NET4.0E)" 45936
192.168.74.78 - - [17/Feb/2013:06:58:19 +0600] "GET /pause/ajaxPause?pauseConfigId=&admin=0 HTTP/1.1" 200 986 "http://callider/pause/index" "Mozilla/4.0 (compatible; MSIE 7.0; Windows NT 6.1; WOW64; Trident/5.0; SLCC2; .NET CLR 2.0.50727; .NET CLR 3.5.30729; .NET CLR 3.0.30729; Media Center PC 6.0; InfoPath.3; .NET4.0C; MS-RTC LM 8; .NET4.0E)" 18012
192.168.12.10 - - [17/Feb/2013:06:58:19 +0600] "GET /tv/useUser HTTP/1.1" 200 432 "http://callider/graph/personal" "Mozilla/4.0 (compatible; MSIE 7.0; Windows NT 6.1; Trident/5.0; SLCC2; .NET CLR 2.0.50727; .NET CLR 3.5.30729; .NET CLR 3.0.30729; Media Center PC 6.0; InfoPath.3; .NET4.0C; .NET4.0E; Tablet PC 2.0; MS-RTC LM 8)" 15266
192.168.12.108 - - [17/Feb/2013:06:58:19 +0600] "GET /tv/useUser HTTP/1.1" 200 432 "http://callider/index.php" "Mozilla/4.0 (compatible; MSIE 7.0; Windows NT 6.2; WOW64; Trident/6.0; .NET4.0E; .NET4.0C; InfoPath.3; .NET CLR 3.5.30729; .NET CLR 2.0.50727; .NET CLR 3.0.30729)" 15513
192.168.12.60 - - [17/Feb/2013:06:58:20 +0600] "GET /pause/ajaxPause?pauseConfigId=&admin=0 HTTP/1.1" 200 986 "http://callider/pause/index" "Mozilla/4.0 (compatible; MSIE 8.0; Windows NT 6.1; Trident/4.0; InfoPath.3; .NET4.0C; MS-RTC LM 8; .NET4.0E)" 19417
192.168.12.69 - - [17/Feb/2013:06:58:20 +0600] "GET /pause/ajaxPause?pauseConfigId=&admin=0 HTTP/1.1" 200 986 "http://callider/pause/index" "Mozilla/4.0 (compatible; MSIE 7.0; Windows NT 6.1; Trident/5.0; SLCC2; .NET CLR 2.0.50727; .NET CLR 3.5.30729; .NET CLR 3.0.30729; Media Center PC 6.0; InfoPath.3; .NET4.0C; .NET4.0E; Tablet PC 2.0; AskTbFXTV5/5.14.1.20007)" 26331
192.168.12.204 - - [17/Feb/2013:06:58:20 +0600] "GET /pause/ajaxPause?pauseConfigId=&admin=0 HTTP/1.1" 200 986 "http://callider/pause/index" "Mozilla/4.0 (compatible; MSIE 7.0; Windows NT 6.1; WOW64; Trident/4.0; SLCC2; .NET CLR 2.0.50727; .NET CLR 3.5.30729; .NET CLR 3.0.30729; Media Center PC 6.0; InfoPath.3; .NET4.0C; .NET4.0E; .NET CLR 1.1.4322)" 20189
192.168.74.91 - - [17/Feb/2013:06:58:20 +0600] "GET /pause/ajaxPause?pauseConfigId=&admin=0 HTTP/1.1" 200 986 "http://callider/pause/index" "Mozilla/4.0 (compatible; MSIE 7.0; Windows NT 6.1; WOW64; Trident/5.0; SLCC2; .NET CLR 2.0.50727; .NET CLR 3.5.30729; .NET CLR 3.0.30729; Media Center PC 6.0; InfoPath.3; .NET4.0C; MS-RTC LM 8; .NET4.0E)" 17511
192.168.74.151 - - [17/Feb/2013:06:58:20 +0600] "GET /pause/ajaxPause?pauseConfigId=&admin=0 HTTP/1.1" 200 987 "http://callider.kontur/pause/index" "Mozilla/5.0 (Windows NT 6.1; WOW64; rv:18.0) Gecko/20100101 Firefox/18.0" 21376
192.168.12.210 - - [17/Feb/2013:06:58:20 +0600] "GET /pause/ajaxPause?pauseConfigId=all&admin=1 HTTP/1.1" 200 1047 "http://callider/pause/index" "Mozilla/4.0 (compatible; MSIE 7.0; Windows NT 6.1; WOW64; Trident/5.0; SLCC2; .NET CLR 2.0.50727; .NET CLR 3.5.30729; .NET CLR 3.0.30729; Media Center PC 6.0; InfoPath.3; .NET4.0C; .NET4.0E)" 19337
192.168.65.56 - - [17/Feb/2013:06:58:21 +0600] "GET /pause/ajaxPause?pauseConfigId=all&admin=1 HTTP/1.1" 200 1046 "http://192.168.65.101/pause/index" "Mozilla/5.0 (Windows NT 5.1; rv:15.0) Gecko/20100101 Firefox/15.0" 37008
192.168.12.61 - - [17/Feb/2013:06:58:23 +0600] "GET /pause/ajaxPause?pauseConfigId=&admin=0 HTTP/1.1" 200 985 "http://callider/pause/index" "Mozilla/4.0 (compatible; MSIE 7.0; Windows NT 6.1; Trident/5.0; SLCC2; .NET CLR 2.0.50727; .NET CLR 3.5.30729; .NET CLR 3.0.30729; Media Center PC 6.0; InfoPath.3; .NET4.0C; .NET4.0E)" 18433
192.168.74.78 - - [17/Feb/2013:06:58:24 +0600] "GET /pause/ajaxPause?pauseConfigId=&admin=0 HTTP/1.1" 200 986 "http://callider/pause/index" "Mozilla/4.0 (compatible; MSIE 7.0; Windows NT 6.1; WOW64; Trident/5.0; SLCC2; .NET CLR 2.0.50727; .NET CLR 3.5.30729; .NET CLR 3.0.30729; Media Center PC 6.0; InfoPath.3; .NET4.0C; MS-RTC LM 8; .NET4.0E)" 26874
192.168.12.60 - - [17/Feb/2013:06:58:25 +0600] "GET /pause/ajaxPause?pauseConfigId=&admin=0 HTTP/1.1" 200 986 "http://callider/pause/index" "Mozilla/4.0 (compatible; MSIE 8.0; Windows NT 6.1; Trident/4.0; InfoPath.3; .NET4.0C; MS-RTC LM 8; .NET4.0E)" 22266
192.168.12.69 - - [17/Feb/2013:06:58:25 +0600] "GET /pause/ajaxPause?pauseConfigId=&admin=0 HTTP/1.1" 200 986 "http://callider/pause/index" "Mozilla/4.0 (compatible; MSIE 7.0; Windows NT 6.1; Trident/5.0; SLCC2; .NET CLR 2.0.50727; .NET CLR 3.5.30729; .NET CLR 3.0.30729; Media Center PC 6.0; InfoPath.3; .NET4.0C; .NET4.0E; Tablet PC 2.0; AskTbFXTV5/5.14.1.20007)" 22582
192.168.12.204 - - [17/Feb/2013:06:58:25 +0600] "GET /pause/ajaxPause?pauseConfigId=&admin=0 HTTP/1.1" 200 986 "http://callider/pause/index" "Mozilla/4.0 (compatible; MSIE 7.0; Windows NT 6.1; WOW64; Trident/4.0; SLCC2; .NET CLR 2.0.50727; .NET CLR 3.5.30729; .NET CLR 3.0.30729; Media Center PC 6.0; InfoPath.3; .NET4.0C; .NET4.0E; .NET CLR 1.1.4322)" 17988
192.168.74.91 - - [17/Feb/2013:06:58:25 +0600] "GET /pause/ajaxPause?pauseConfigId=&admin=0 HTTP/1.1" 200 986 "http://callider/pause/index" "Mozilla/4.0 (compatible; MSIE 7.0; Windows NT 6.1; WOW64; Trident/5.0; SLCC2; .NET CLR 2.0.50727; .NET CLR 3.5.30729; .NET CLR 3.0.30729; Media Center PC 6.0; InfoPath.3; .NET4.0C; MS-RTC LM 8; .NET4.0E)" 19325
192.168.74.151 - - [17/Feb/2013:06:58:25 +0600] "GET /pause/ajaxPause?pauseConfigId=&admin=0 HTTP/1.1" 200 987 "http://callider.kontur/pause/index" "Mozilla/5.0 (Windows NT 6.1; WOW64; rv:18.0) Gecko/20100101 Firefox/18.0" 17379
192.168.12.210 - - [17/Feb/2013:06:58:25 +0600] "GET /pause/ajaxPause?pauseConfigId=all&admin=1 HTTP/1.1" 200 1047 "http://callider/pause/index" "Mozilla/4.0 (compatible; MSIE 7.0; Windows NT 6.1; WOW64; Trident/5.0; SLCC2; .NET CLR 2.0.50727; .NET CLR 3.5.30729; .NET CLR 3.0.30729; Media Center PC 6.0; InfoPath.3; .NET4.0C; .NET4.0E)" 19555
192.168.65.56 - - [17/Feb/2013:06:58:26 +0600] "GET /pause/ajaxPause?pauseConfigId=all&admin=1 HTTP/1.1" 200 1046 "http://192.168.65.101/pause/index" "Mozilla/5.0 (Windows NT 5.1; rv:15.0) Gecko/20100101 Firefox/15.0" 29830
192.168.12.61 - - [17/Feb/2013:06:58:28 +0600] "GET /pause/ajaxPause?pauseConfigId=&admin=0 HTTP/1.1" 200 986 "http://callider/pause/index" "Mozilla/4.0 (compatible; MSIE 7.0; Windows NT 6.1; Trident/5.0; SLCC2; .NET CLR 2.0.50727; .NET CLR 3.5.30729; .NET CLR 3.0.30729; Media Center PC 6.0; InfoPath.3; .NET4.0C; .NET4.0E)" 27474
192.168.74.78 - - [17/Feb/2013:06:58:29 +0600] "GET /pause/ajaxPause?pauseConfigId=&admin=0 HTTP/1.1" 200 986 "http://callider/pause/index" "Mozilla/4.0 (compatible; MSIE 7.0; Windows NT 6.1; WOW64; Trident/5.0; SLCC2; .NET CLR 2.0.50727; .NET CLR 3.5.30729; .NET CLR 3.0.30729; Media Center PC 6.0; InfoPath.3; .NET4.0C; MS-RTC LM 8; .NET4.0E)" 18151
192.168.12.60 - - [17/Feb/2013:06:58:30 +0600] "GET /pause/ajaxPause?pauseConfigId=&admin=0 HTTP/1.1" 200 986 "http://callider/pause/index" "Mozilla/4.0 (compatible; MSIE 8.0; Windows NT 6.1; Trident/4.0; InfoPath.3; .NET4.0C; MS-RTC LM 8; .NET4.0E)" 24016
192.168.12.204 - - [17/Feb/2013:06:58:30 +0600] "GET /pause/ajaxPause?pauseConfigId=&admin=0 HTTP/1.1" 200 986 "http://callider/pause/index" "Mozilla/4.0 (compatible; MSIE 7.0; Windows NT 6.1; WOW64; Trident/4.0; SLCC2; .NET CLR 2.0.50727; .NET CLR 3.5.30729; .NET CLR 3.0.30729; Media Center PC 6.0; InfoPath.3; .NET4.0C; .NET4.0E; .NET CLR 1.1.4322)" 106087
192.168.12.69 - - [17/Feb/2013:06:58:30 +0600] "GET /pause/ajaxPause?pauseConfigId=&admin=0 HTTP/1.1" 200 986 "http://callider/pause/index" "Mozilla/4.0 (compatible; MSIE 7.0; Windows NT 6.1; Trident/5.0; SLCC2; .NET CLR 2.0.50727; .NET CLR 3.5.30729; .NET CLR 3.0.30729; Media Center PC 6.0; InfoPath.3; .NET4.0C; .NET4.0E; Tablet PC 2.0; AskTbFXTV5/5.14.1.20007)" 139621
192.168.74.91 - - [17/Feb/2013:06:58:30 +0600] "GET /pause/ajaxPause?pauseConfigId=&admin=0 HTTP/1.1" 200 986 "http://callider/pause/index" "Mozilla/4.0 (compatible; MSIE 7.0; Windows NT 6.1; WOW64; Trident/5.0; SLCC2; .NET CLR 2.0.50727; .NET CLR 3.5.30729; .NET CLR 3.0.30729; Media Center PC 6.0; InfoPath.3; .NET4.0C; MS-RTC LM 8; .NET4.0E)" 18036
192.168.74.151 - - [17/Feb/2013:06:58:30 +0600] "GET /pause/ajaxPause?pauseConfigId=&admin=0 HTTP/1.1" 200 987 "http://callider.kontur/pause/index" "Mozilla/5.0 (Windows NT 6.1; WOW64; rv:18.0) Gecko/20100101 Firefox/18.0" 21048
192.168.12.210 - - [17/Feb/2013:06:58:30 +0600] "GET /pause/ajaxPause?pauseConfigId=all&admin=1 HTTP/1.1" 200 1047 "http://callider/pause/index" "Mozilla/4.0 (compatible; MSIE 7.0; Windows NT 6.1; WOW64; Trident/5.0; SLCC2; .NET CLR 2.0.50727; .NET CLR 3.5.30729; .NET CLR 3.0.30729; Media Center PC 6.0; InfoPath.3; .NET4.0C; .NET4.0E)" 20827
192.168.65.56 - - [17/Feb/2013:06:58:31 +0600] "GET /pause/ajaxPause?pauseConfigId=all&admin=1 HTTP/1.1" 200 1046 "http://192.168.65.101/pause/index" "Mozilla/5.0 (Windows NT 5.1; rv:15.0) Gecko/20100101 Firefox/15.0" 26999
192.168.12.61 - - [17/Feb/2013:06:58:33 +0600] "GET /pause/ajaxPause?pauseConfigId=&admin=0 HTTP/1.1" 200 985 "http://callider/pause/index" "Mozilla/4.0 (compatible; MSIE 7.0; Windows NT 6.1; Trident/5.0; SLCC2; .NET CLR 2.0.50727; .NET CLR 3.5.30729; .NET CLR 3.0.30729; Media Center PC 6.0; InfoPath.3; .NET4.0C; .NET4.0E)" 20535
192.168.74.78 - - [17/Feb/2013:06:58:34 +0600] "GET /pause/ajaxPause?pauseConfigId=&admin=0 HTTP/1.1" 200 986 "http://callider/pause/index" "Mozilla/4.0 (compatible; MSIE 7.0; Windows NT 6.1; WOW64; Trident/5.0; SLCC2; .NET CLR 2.0.50727; .NET CLR 3.5.30729; .NET CLR 3.0.30729; Media Center PC 6.0; InfoPath.3; .NET4.0C; MS-RTC LM 8; .NET4.0E)" 19639
192.168.12.67 - - [17/Feb/2013:06:58:34 +0600] "GET /tv/useUser HTTP/1.1" 200 432 "http://callider/graph/personal" "Mozilla/4.0 (compatible; MSIE 7.0; Windows NT 6.1; Trident/5.0; SLCC2; .NET CLR 2.0.50727; .NET CLR 3.5.30729; .NET CLR 3.0.30729; Media Center PC 6.0; .NET4.0C; .NET4.0E; InfoPath.3; Tablet PC 2.0; MS-RTC LM 8)" 26821
192.168.12.60 - - [17/Feb/2013:06:58:35 +0600] "GET /pause/ajaxPause?pauseConfigId=&admin=0 HTTP/1.1" 200 986 "http://callider/pause/index" "Mozilla/4.0 (compatible; MSIE 8.0; Windows NT 6.1; Trident/4.0; InfoPath.3; .NET4.0C; MS-RTC LM 8; .NET4.0E)" 19743
192.168.12.69 - - [17/Feb/2013:06:58:35 +0600] "GET /pause/ajaxPause?pauseConfigId=&admin=0 HTTP/1.1" 200 986 "http://callider/pause/index" "Mozilla/4.0 (compatible; MSIE 7.0; Windows NT 6.1; Trident/5.0; SLCC2; .NET CLR 2.0.50727; .NET CLR 3.5.30729; .NET CLR 3.0.30729; Media Center PC 6.0; InfoPath.3; .NET4.0C; .NET4.0E; Tablet PC 2.0; AskTbFXTV5/5.14.1.20007)" 19586
192.168.12.204 - - [17/Feb/2013:06:58:35 +0600] "GET /pause/ajaxPause?pauseConfigId=&admin=0 HTTP/1.1" 200 986 "http://callider/pause/index" "Mozilla/4.0 (compatible; MSIE 7.0; Windows NT 6.1; WOW64; Trident/4.0; SLCC2; .NET CLR 2.0.50727; .NET CLR 3.5.30729; .NET CLR 3.0.30729; Media Center PC 6.0; InfoPath.3; .NET4.0C; .NET4.0E; .NET CLR 1.1.4322)" 17086
192.168.74.91 - - [17/Feb/2013:06:58:35 +0600] "GET /pause/ajaxPause?pauseConfigId=&admin=0 HTTP/1.1" 200 986 "http://callider/pause/index" "Mozilla/4.0 (compatible; MSIE 7.0; Windows NT 6.1; WOW64; Trident/5.0; SLCC2; .NET CLR 2.0.50727; .NET CLR 3.5.30729; .NET CLR 3.0.30729; Media Center PC 6.0; InfoPath.3; .NET4.0C; MS-RTC LM 8; .NET4.0E)" 25987
192.168.74.151 - - [17/Feb/2013:06:58:35 +0600] "GET /pause/ajaxPause?pauseConfigId=&admin=0 HTTP/1.1" 200 987 "http://callider.kontur/pause/index" "Mozilla/5.0 (Windows NT 6.1; WOW64; rv:18.0) Gecko/20100101 Firefox/18.0" 18370
192.168.12.210 - - [17/Feb/2013:06:58:35 +0600] "GET /pause/ajaxPause?pauseConfigId=all&admin=1 HTTP/1.1" 200 1047 "http://callider/pause/index" "Mozilla/4.0 (compatible; MSIE 7.0; Windows NT 6.1; WOW64; Trident/5.0; SLCC2; .NET CLR 2.0.50727; .NET CLR 3.5.30729; .NET CLR 3.0.30729; Media Center PC 6.0; InfoPath.3; .NET4.0C; .NET4.0E)" 27139
192.168.65.56 - - [17/Feb/2013:06:58:36 +0600] "GET /pause/ajaxPause?pauseConfigId=all&admin=1 HTTP/1.1" 200 1046 "http://192.168.65.101/pause/index" "Mozilla/5.0 (Windows NT 5.1; rv:15.0) Gecko/20100101 Firefox/15.0" 27875
192.168.74.93 - - [17/Feb/2013:06:58:38 +0600] "GET /tv/useUser HTTP/1.1" 200 432 "http://callider/graph/personal" "Mozilla/4.0 (compatible; MSIE 7.0; Windows NT 6.1; WOW64; Trident/5.0; SLCC2; .NET CLR 2.0.50727; .NET CLR 3.5.30729; .NET CLR 3.0.30729; Media Center PC 6.0; InfoPath.3; .NET4.0C; .NET4.0E)" 13941
192.168.12.61 - - [17/Feb/2013:06:58:38 +0600] "GET /pause/ajaxPause?pauseConfigId=&admin=0 HTTP/1.1" 200 986 "http://callider/pause/index" "Mozilla/4.0 (compatible; MSIE 7.0; Windows NT 6.1; Trident/5.0; SLCC2; .NET CLR 2.0.50727; .NET CLR 3.5.30729; .NET CLR 3.0.30729; Media Center PC 6.0; InfoPath.3; .NET4.0C; .NET4.0E)" 30675
192.168.12.210 - - [17/Feb/2013:06:58:39 +0600] "GET /tv/useUser HTTP/1.1" 200 431 "http://callider/graph/general" "Mozilla/4.0 (compatible; MSIE 7.0; Windows NT 6.1; WOW64; Trident/5.0; SLCC2; .NET CLR 2.0.50727; .NET CLR 3.5.30729; .NET CLR 3.0.30729; Media Center PC 6.0; InfoPath.3; .NET4.0C; .NET4.0E)" 15421
192.168.74.78 - - [17/Feb/2013:06:58:39 +0600] "GET /pause/ajaxPause?pauseConfigId=&admin=0 HTTP/1.1" 200 986 "http://callider/pause/index" "Mozilla/4.0 (compatible; MSIE 7.0; Windows NT 6.1; WOW64; Trident/5.0; SLCC2; .NET CLR 2.0.50727; .NET CLR 3.5.30729; .NET CLR 3.0.30729; Media Center PC 6.0; InfoPath.3; .NET4.0C; MS-RTC LM 8; .NET4.0E)" 18435
192.168.12.60 - - [17/Feb/2013:06:58:40 +0600] "GET /pause/ajaxPause?pauseConfigId=&admin=0 HTTP/1.1" 200 986 "http://callider/pause/index" "Mozilla/4.0 (compatible; MSIE 8.0; Windows NT 6.1; Trident/4.0; InfoPath.3; .NET4.0C; MS-RTC LM 8; .NET4.0E)" 29092
192.168.12.69 - - [17/Feb/2013:06:58:40 +0600] "GET /pause/ajaxPause?pauseConfigId=&admin=0 HTTP/1.1" 200 986 "http://callider/pause/index" "Mozilla/4.0 (compatible; MSIE 7.0; Windows NT 6.1; Trident/5.0; SLCC2; .NET CLR 2.0.50727; .NET CLR 3.5.30729; .NET CLR 3.0.30729; Media Center PC 6.0; InfoPath.3; .NET4.0C; .NET4.0E; Tablet PC 2.0; AskTbFXTV5/5.14.1.20007)" 19873
192.168.12.204 - - [17/Feb/2013:06:58:40 +0600] "GET /pause/ajaxPause?pauseConfigId=&admin=0 HTTP/1.1" 200 986 "http://callider/pause/index" "Mozilla/4.0 (compatible; MSIE 7.0; Windows NT 6.1; WOW64; Trident/4.0; SLCC2; .NET CLR 2.0.50727; .NET CLR 3.5.30729; .NET CLR 3.0.30729; Media Center PC 6.0; InfoPath.3; .NET4.0C; .NET4.0E; .NET CLR 1.1.4322)" 29370
192.168.74.91 - - [17/Feb/2013:06:58:40 +0600] "GET /pause/ajaxPause?pauseConfigId=&admin=0 HTTP/1.1" 200 986 "http://callider/pause/index" "Mozilla/4.0 (compatible; MSIE 7.0; Windows NT 6.1; WOW64; Trident/5.0; SLCC2; .NET CLR 2.0.50727; .NET CLR 3.5.30729; .NET CLR 3.0.30729; Media Center PC 6.0; InfoPath.3; .NET4.0C; MS-RTC LM 8; .NET4.0E)" 18762
192.168.74.151 - - [17/Feb/2013:06:58:40 +0600] "GET /pause/ajaxPause?pauseConfigId=&admin=0 HTTP/1.1" 200 987 "http://callider.kontur/pause/index" "Mozilla/5.0 (Windows NT 6.1; WOW64; rv:18.0) Gecko/20100101 Firefox/18.0" 17601
192.168.12.210 - - [17/Feb/2013:06:58:40 +0600] "GET /pause/ajaxPause?pauseConfigId=all&admin=1 HTTP/1.1" 200 1047 "http://callider/pause/index" "Mozilla/4.0 (compatible; MSIE 7.0; Windows NT 6.1; WOW64; Trident/5.0; SLCC2; .NET CLR 2.0.50727; .NET CLR 3.5.30729; .NET CLR 3.0.30729; Media Center PC 6.0; InfoPath.3; .NET4.0C; .NET4.0E)" 17566
192.168.12.9 - - [17/Feb/2013:06:58:41 +0600] "GET /tv/useUser HTTP/1.1" 200 432 "http://callider.kontur/site/index" "Mozilla/5.0 (Windows NT 6.1; WOW64) AppleWebKit/537.17 (KHTML, like Gecko) Chrome/24.0.1312.57 Safari/537.17" 16206
192.168.65.56 - - [17/Feb/2013:06:58:41 +0600] "GET /pause/ajaxPause?pauseConfigId=all&admin=1 HTTP/1.1" 200 1046 "http://192.168.65.101/pause/index" "Mozilla/5.0 (Windows NT 5.1; rv:15.0) Gecko/20100101 Firefox/15.0" 39277
192.168.12.61 - - [17/Feb/2013:06:58:43 +0600] "GET /pause/ajaxPause?pauseConfigId=&admin=0 HTTP/1.1" 200 985 "http://callider/pause/index" "Mozilla/4.0 (compatible; MSIE 7.0; Windows NT 6.1; Trident/5.0; SLCC2; .NET CLR 2.0.50727; .NET CLR 3.5.30729; .NET CLR 3.0.30729; Media Center PC 6.0; InfoPath.3; .NET4.0C; .NET4.0E)" 18809
192.168.74.78 - - [17/Feb/2013:06:58:44 +0600] "GET /pause/ajaxPause?pauseConfigId=&admin=0 HTTP/1.1" 200 986 "http://callider/pause/index" "Mozilla/4.0 (compatible; MSIE 7.0; Windows NT 6.1; WOW64; Trident/5.0; SLCC2; .NET CLR 2.0.50727; .NET CLR 3.5.30729; .NET CLR 3.0.30729; Media Center PC 6.0; InfoPath.3; .NET4.0C; MS-RTC LM 8; .NET4.0E)" 18381
192.168.12.60 - - [17/Feb/2013:06:58:45 +0600] "GET /pause/ajaxPause?pauseConfigId=&admin=0 HTTP/1.1" 200 986 "http://callider/pause/index" "Mozilla/4.0 (compatible; MSIE 8.0; Windows NT 6.1; Trident/4.0; InfoPath.3; .NET4.0C; MS-RTC LM 8; .NET4.0E)" 18103
192.168.12.69 - - [17/Feb/2013:06:58:45 +0600] "GET /pause/ajaxPause?pauseConfigId=&admin=0 HTTP/1.1" 200 986 "http://callider/pause/index" "Mozilla/4.0 (compatible; MSIE 7.0; Windows NT 6.1; Trident/5.0; SLCC2; .NET CLR 2.0.50727; .NET CLR 3.5.30729; .NET CLR 3.0.30729; Media Center PC 6.0; InfoPath.3; .NET4.0C; .NET4.0E; Tablet PC 2.0; AskTbFXTV5/5.14.1.20007)" 18034
192.168.12.204 - - [17/Feb/2013:06:58:45 +0600] "GET /pause/ajaxPause?pauseConfigId=&admin=0 HTTP/1.1" 200 986 "http://callider/pause/index" "Mozilla/4.0 (compatible; MSIE 7.0; Windows NT 6.1; WOW64; Trident/4.0; SLCC2; .NET CLR 2.0.50727; .NET CLR 3.5.30729; .NET CLR 3.0.30729; Media Center PC 6.0; InfoPath.3; .NET4.0C; .NET4.0E; .NET CLR 1.1.4322)" 20895
192.168.74.91 - - [17/Feb/2013:06:58:45 +0600] "GET /pause/ajaxPause?pauseConfigId=&admin=0 HTTP/1.1" 200 986 "http://callider/pause/index" "Mozilla/4.0 (compatible; MSIE 7.0; Windows NT 6.1; WOW64; Trident/5.0; SLCC2; .NET CLR 2.0.50727; .NET CLR 3.5.30729; .NET CLR 3.0.30729; Media Center PC 6.0; InfoPath.3; .NET4.0C; MS-RTC LM 8; .NET4.0E)" 17636
192.168.74.151 - - [17/Feb/2013:06:58:45 +0600] "GET /pause/ajaxPause?pauseConfigId=&admin=0 HTTP/1.1" 200 987 "http://callider.kontur/pause/index" "Mozilla/5.0 (Windows NT 6.1; WOW64; rv:18.0) Gecko/20100101 Firefox/18.0" 17933
192.168.12.210 - - [17/Feb/2013:06:58:45 +0600] "GET /pause/ajaxPause?pauseConfigId=all&admin=1 HTTP/1.1" 200 1047 "http://callider/pause/index" "Mozilla/4.0 (compatible; MSIE 7.0; Windows NT 6.1; WOW64; Trident/5.0; SLCC2; .NET CLR 2.0.50727; .NET CLR 3.5.30729; .NET CLR 3.0.30729; Media Center PC 6.0; InfoPath.3; .NET4.0C; .NET4.0E)" 17528
192.168.65.56 - - [17/Feb/2013:06:58:46 +0600] "GET /pause/ajaxPause?pauseConfigId=all&admin=1 HTTP/1.1" 200 1046 "http://192.168.65.101/pause/index" "Mozilla/5.0 (Windows NT 5.1; rv:15.0) Gecko/20100101 Firefox/15.0" 27812
192.168.12.61 - - [17/Feb/2013:06:58:48 +0600] "GET /pause/ajaxPause?pauseConfigId=&admin=0 HTTP/1.1" 200 986 "http://callider/pause/index" "Mozilla/4.0 (compatible; MSIE 7.0; Windows NT 6.1; Trident/5.0; SLCC2; .NET CLR 2.0.50727; .NET CLR 3.5.30729; .NET CLR 3.0.30729; Media Center PC 6.0; InfoPath.3; .NET4.0C; .NET4.0E)" 29196
192.168.12.210 - - [17/Feb/2013:06:58:49 +0600] "GET /tv/useUser HTTP/1.1" 200 431 "http://callider/pause/index" "Mozilla/4.0 (compatible; MSIE 7.0; Windows NT 6.1; WOW64; Trident/5.0; SLCC2; .NET CLR 2.0.50727; .NET CLR 3.5.30729; .NET CLR 3.0.30729; Media Center PC 6.0; InfoPath.3; .NET4.0C; .NET4.0E)" 8669
192.168.74.78 - - [17/Feb/2013:06:58:49 +0600] "GET /pause/ajaxPause?pauseConfigId=&admin=0 HTTP/1.1" 200 986 "http://callider/pause/index" "Mozilla/4.0 (compatible; MSIE 7.0; Windows NT 6.1; WOW64; Trident/5.0; SLCC2; .NET CLR 2.0.50727; .NET CLR 3.5.30729; .NET CLR 3.0.30729; Media Center PC 6.0; InfoPath.3; .NET4.0C; MS-RTC LM 8; .NET4.0E)" 21650
192.168.12.60 - - [17/Feb/2013:06:58:50 +0600] "GET /pause/ajaxPause?pauseConfigId=&admin=0 HTTP/1.1" 200 986 "http://callider/pause/index" "Mozilla/4.0 (compatible; MSIE 8.0; Windows NT 6.1; Trident/4.0; InfoPath.3; .NET4.0C; MS-RTC LM 8; .NET4.0E)" 18132
192.168.12.69 - - [17/Feb/2013:06:58:50 +0600] "GET /pause/ajaxPause?pauseConfigId=&admin=0 HTTP/1.1" 200 986 "http://callider/pause/index" "Mozilla/4.0 (compatible; MSIE 7.0; Windows NT 6.1; Trident/5.0; SLCC2; .NET CLR 2.0.50727; .NET CLR 3.5.30729; .NET CLR 3.0.30729; Media Center PC 6.0; InfoPath.3; .NET4.0C; .NET4.0E; Tablet PC 2.0; AskTbFXTV5/5.14.1.20007)" 23253
192.168.12.204 - - [17/Feb/2013:06:58:50 +0600] "GET /pause/ajaxPause?pauseConfigId=&admin=0 HTTP/1.1" 200 986 "http://callider/pause/index" "Mozilla/4.0 (compatible; MSIE 7.0; Windows NT 6.1; WOW64; Trident/4.0; SLCC2; .NET CLR 2.0.50727; .NET CLR 3.5.30729; .NET CLR 3.0.30729; Media Center PC 6.0; InfoPath.3; .NET4.0C; .NET4.0E; .NET CLR 1.1.4322)" 18737
192.168.74.91 - - [17/Feb/2013:06:58:50 +0600] "GET /pause/ajaxPause?pauseConfigId=&admin=0 HTTP/1.1" 200 986 "http://callider/pause/index" "Mozilla/4.0 (compatible; MSIE 7.0; Windows NT 6.1; WOW64; Trident/5.0; SLCC2; .NET CLR 2.0.50727; .NET CLR 3.5.30729; .NET CLR 3.0.30729; Media Center PC 6.0; InfoPath.3; .NET4.0C; MS-RTC LM 8; .NET4.0E)" 18898
192.168.74.151 - - [17/Feb/2013:06:58:50 +0600] "GET /pause/ajaxPause?pauseConfigId=&admin=0 HTTP/1.1" 200 987 "http://callider.kontur/pause/index" "Mozilla/5.0 (Windows NT 6.1; WOW64; rv:18.0) Gecko/20100101 Firefox/18.0" 18591
192.168.12.210 - - [17/Feb/2013:06:58:50 +0600] "GET /pause/ajaxPause?pauseConfigId=all&admin=1 HTTP/1.1" 200 1047 "http://callider/pause/index" "Mozilla/4.0 (compatible; MSIE 7.0; Windows NT 6.1; WOW64; Trident/5.0; SLCC2; .NET CLR 2.0.50727; .NET CLR 3.5.30729; .NET CLR 3.0.30729; Media Center PC 6.0; InfoPath.3; .NET4.0C; .NET4.0E)" 19021
192.168.65.56 - - [17/Feb/2013:06:58:51 +0600] "GET /pause/ajaxPause?pauseConfigId=all&admin=1 HTTP/1.1" 200 1046 "http://192.168.65.101/pause/index" "Mozilla/5.0 (Windows NT 5.1; rv:15.0) Gecko/20100101 Firefox/15.0" 26785
192.168.65.56 - - [17/Feb/2013:06:58:51 +0600] "GET /tv/useUser HTTP/1.1" 200 431 "http://192.168.65.101/pause/index" "Mozilla/5.0 (Windows NT 5.1; rv:15.0) Gecko/20100101 Firefox/15.0" 14627
192.168.12.61 - - [17/Feb/2013:06:58:53 +0600] "GET /pause/ajaxPause?pauseConfigId=&admin=0 HTTP/1.1" 200 985 "http://callider/pause/index" "Mozilla/4.0 (compatible; MSIE 7.0; Windows NT 6.1; Trident/5.0; SLCC2; .NET CLR 2.0.50727; .NET CLR 3.5.30729; .NET CLR 3.0.30729; Media Center PC 6.0; InfoPath.3; .NET4.0C; .NET4.0E)" 18770
192.168.74.78 - - [17/Feb/2013:06:58:54 +0600] "GET /pause/ajaxPause?pauseConfigId=&admin=0 HTTP/1.1" 200 986 "http://callider/pause/index" "Mozilla/4.0 (compatible; MSIE 7.0; Windows NT 6.1; WOW64; Trident/5.0; SLCC2; .NET CLR 2.0.50727; .NET CLR 3.5.30729; .NET CLR 3.0.30729; Media Center PC 6.0; InfoPath.3; .NET4.0C; MS-RTC LM 8; .NET4.0E)" 17807
192.168.12.60 - - [17/Feb/2013:06:58:55 +0600] "GET /pause/ajaxPause?pauseConfigId=&admin=0 HTTP/1.1" 200 986 "http://callider/pause/index" "Mozilla/4.0 (compatible; MSIE 8.0; Windows NT 6.1; Trident/4.0; InfoPath.3; .NET4.0C; MS-RTC LM 8; .NET4.0E)" 18302
192.168.12.69 - - [17/Feb/2013:06:58:55 +0600] "GET /pause/ajaxPause?pauseConfigId=&admin=0 HTTP/1.1" 200 986 "http://callider/pause/index" "Mozilla/4.0 (compatible; MSIE 7.0; Windows NT 6.1; Trident/5.0; SLCC2; .NET CLR 2.0.50727; .NET CLR 3.5.30729; .NET CLR 3.0.30729; Media Center PC 6.0; InfoPath.3; .NET4.0C; .NET4.0E; Tablet PC 2.0; AskTbFXTV5/5.14.1.20007)" 16705
192.168.12.204 - - [17/Feb/2013:06:58:55 +0600] "GET /pause/ajaxPause?pauseConfigId=&admin=0 HTTP/1.1" 200 986 "http://callider/pause/index" "Mozilla/4.0 (compatible; MSIE 7.0; Windows NT 6.1; WOW64; Trident/4.0; SLCC2; .NET CLR 2.0.50727; .NET CLR 3.5.30729; .NET CLR 3.0.30729; Media Center PC 6.0; InfoPath.3; .NET4.0C; .NET4.0E; .NET CLR 1.1.4322)" 18915
192.168.74.91 - - [17/Feb/2013:06:58:55 +0600] "GET /pause/ajaxPause?pauseConfigId=&admin=0 HTTP/1.1" 200 986 "http://callider/pause/index" "Mozilla/4.0 (compatible; MSIE 7.0; Windows NT 6.1; WOW64; Trident/5.0; SLCC2; .NET CLR 2.0.50727; .NET CLR 3.5.30729; .NET CLR 3.0.30729; Media Center PC 6.0; InfoPath.3; .NET4.0C; MS-RTC LM 8; .NET4.0E)" 19336
192.168.74.151 - - [17/Feb/2013:06:58:55 +0600] "GET /pause/ajaxPause?pauseConfigId=&admin=0 HTTP/1.1" 200 987 "http://callider.kontur/pause/index" "Mozilla/5.0 (Windows NT 6.1; WOW64; rv:18.0) Gecko/20100101 Firefox/18.0" 20207
192.168.12.210 - - [17/Feb/2013:06:58:55 +0600] "GET /pause/ajaxPause?pauseConfigId=all&admin=1 HTTP/1.1" 200 1047 "http://callider/pause/index" "Mozilla/4.0 (compatible; MSIE 7.0; Windows NT 6.1; WOW64; Trident/5.0; SLCC2; .NET CLR 2.0.50727; .NET CLR 3.5.30729; .NET CLR 3.0.30729; Media Center PC 6.0; InfoPath.3; .NET4.0C; .NET4.0E)" 18358
192.168.65.56 - - [17/Feb/2013:06:58:56 +0600] "GET /pause/ajaxPause?pauseConfigId=all&admin=1 HTTP/1.1" 200 1046 "http://192.168.65.101/pause/index" "Mozilla/5.0 (Windows NT 5.1; rv:15.0) Gecko/20100101 Firefox/15.0" 41609
192.168.12.61 - - [17/Feb/2013:06:58:58 +0600] "GET /pause/ajaxPause?pauseConfigId=&admin=0 HTTP/1.1" 200 985 "http://callider/pause/index" "Mozilla/4.0 (compatible; MSIE 7.0; Windows NT 6.1; Trident/5.0; SLCC2; .NET CLR 2.0.50727; .NET CLR 3.5.30729; .NET CLR 3.0.30729; Media Center PC 6.0; InfoPath.3; .NET4.0C; .NET4.0E)" 19733
192.168.74.78 - - [17/Feb/2013:06:58:59 +0600] "GET /pause/ajaxPause?pauseConfigId=&admin=0 HTTP/1.1" 200 986 "http://callider/pause/index" "Mozilla/4.0 (compatible; MSIE 7.0; Windows NT 6.1; WOW64; Trident/5.0; SLCC2; .NET CLR 2.0.50727; .NET CLR 3.5.30729; .NET CLR 3.0.30729; Media Center PC 6.0; InfoPath.3; .NET4.0C; MS-RTC LM 8; .NET4.0E)" 19450
192.168.12.69 - - [17/Feb/2013:06:59:00 +0600] "GET /pause/ajaxPause?pauseConfigId=&admin=0 HTTP/1.1" 200 986 "http://callider/pause/index" "Mozilla/4.0 (compatible; MSIE 7.0; Windows NT 6.1; Trident/5.0; SLCC2; .NET CLR 2.0.50727; .NET CLR 3.5.30729; .NET CLR 3.0.30729; Media Center PC 6.0; InfoPath.3; .NET4.0C; .NET4.0E; Tablet PC 2.0; AskTbFXTV5/5.14.1.20007)" 366134
192.168.12.60 - - [17/Feb/2013:06:59:00 +0600] "GET /pause/ajaxPause?pauseConfigId=&admin=0 HTTP/1.1" 200 986 "http://callider/pause/index" "Mozilla/4.0 (compatible; MSIE 8.0; Windows NT 6.1; Trident/4.0; InfoPath.3; .NET4.0C; MS-RTC LM 8; .NET4.0E)" 522895
192.168.12.204 - - [17/Feb/2013:06:59:00 +0600] "GET /pause/ajaxPause?pauseConfigId=&admin=0 HTTP/1.1" 200 986 "http://callider/pause/index" "Mozilla/4.0 (compatible; MSIE 7.0; Windows NT 6.1; WOW64; Trident/4.0; SLCC2; .NET CLR 2.0.50727; .NET CLR 3.5.30729; .NET CLR 3.0.30729; Media Center PC 6.0; InfoPath.3; .NET4.0C; .NET4.0E; .NET CLR 1.1.4322)" 437182
192.168.74.91 - - [17/Feb/2013:06:59:00 +0600] "GET /pause/ajaxPause?pauseConfigId=&admin=0 HTTP/1.1" 200 986 "http://callider/pause/index" "Mozilla/4.0 (compatible; MSIE 7.0; Windows NT 6.1; WOW64; Trident/5.0; SLCC2; .NET CLR 2.0.50727; .NET CLR 3.5.30729; .NET CLR 3.0.30729; Media Center PC 6.0; InfoPath.3; .NET4.0C; MS-RTC LM 8; .NET4.0E)" 267451
192.168.74.151 - - [17/Feb/2013:06:59:00 +0600] "GET /pause/ajaxPause?pauseConfigId=&admin=0 HTTP/1.1" 200 987 "http://callider.kontur/pause/index" "Mozilla/5.0 (Windows NT 6.1; WOW64; rv:18.0) Gecko/20100101 Firefox/18.0" 241206
192.168.12.210 - - [17/Feb/2013:06:59:00 +0600] "GET /pause/ajaxPause?pauseConfigId=all&admin=1 HTTP/1.1" 200 1047 "http://callider/pause/index" "Mozilla/4.0 (compatible; MSIE 7.0; Windows NT 6.1; WOW64; Trident/5.0; SLCC2; .NET CLR 2.0.50727; .NET CLR 3.5.30729; .NET CLR 3.0.30729; Media Center PC 6.0; InfoPath.3; .NET4.0C; .NET4.0E)" 232650
192.168.65.56 - - [17/Feb/2013:06:59:01 +0600] "GET /pause/ajaxPause?pauseConfigId=all&admin=1 HTTP/1.1" 200 1046 "http://192.168.65.101/pause/index" "Mozilla/5.0 (Windows NT 5.1; rv:15.0) Gecko/20100101 Firefox/15.0" 68986
192.168.12.61 - - [17/Feb/2013:06:59:03 +0600] "GET /pause/ajaxPause?pauseConfigId=&admin=0 HTTP/1.1" 200 985 "http://callider/pause/index" "Mozilla/4.0 (compatible; MSIE 7.0; Windows NT 6.1; Trident/5.0; SLCC2; .NET CLR 2.0.50727; .NET CLR 3.5.30729; .NET CLR 3.0.30729; Media Center PC 6.0; InfoPath.3; .NET4.0C; .NET4.0E)" 15338
192.168.74.78 - - [17/Feb/2013:06:59:04 +0600] "GET /pause/ajaxPause?pauseConfigId=&admin=0 HTTP/1.1" 200 986 "http://callider/pause/index" "Mozilla/4.0 (compatible; MSIE 7.0; Windows NT 6.1; WOW64; Trident/5.0; SLCC2; .NET CLR 2.0.50727; .NET CLR 3.5.30729; .NET CLR 3.0.30729; Media Center PC 6.0; InfoPath.3; .NET4.0C; MS-RTC LM 8; .NET4.0E)" 19252
192.168.12.60 - - [17/Feb/2013:06:59:05 +0600] "GET /pause/ajaxPause?pauseConfigId=&admin=0 HTTP/1.1" 200 986 "http://callider/pause/index" "Mozilla/4.0 (compatible; MSIE 8.0; Windows NT 6.1; Trident/4.0; InfoPath.3; .NET4.0C; MS-RTC LM 8; .NET4.0E)" 21386
192.168.12.69 - - [17/Feb/2013:06:59:05 +0600] "GET /pause/ajaxPause?pauseConfigId=&admin=0 HTTP/1.1" 200 986 "http://callider/pause/index" "Mozilla/4.0 (compatible; MSIE 7.0; Windows NT 6.1; Trident/5.0; SLCC2; .NET CLR 2.0.50727; .NET CLR 3.5.30729; .NET CLR 3.0.30729; Media Center PC 6.0; InfoPath.3; .NET4.0C; .NET4.0E; Tablet PC 2.0; AskTbFXTV5/5.14.1.20007)" 19970
192.168.12.61 - - [17/Feb/2013:06:59:05 +0600] "GET /tv/useUser HTTP/1.1" 200 431 "http://callider/pause/index" "Mozilla/4.0 (compatible; MSIE 7.0; Windows NT 6.1; Trident/5.0; SLCC2; .NET CLR 2.0.50727; .NET CLR 3.5.30729; .NET CLR 3.0.30729; Media Center PC 6.0; InfoPath.3; .NET4.0C; .NET4.0E)" 7921
192.168.12.204 - - [17/Feb/2013:06:59:05 +0600] "GET /pause/ajaxPause?pauseConfigId=&admin=0 HTTP/1.1" 200 986 "http://callider/pause/index" "Mozilla/4.0 (compatible; MSIE 7.0; Windows NT 6.1; WOW64; Trident/4.0; SLCC2; .NET CLR 2.0.50727; .NET CLR 3.5.30729; .NET CLR 3.0.30729; Media Center PC 6.0; InfoPath.3; .NET4.0C; .NET4.0E; .NET CLR 1.1.4322)" 21438
192.168.74.91 - - [17/Feb/2013:06:59:05 +0600] "GET /pause/ajaxPause?pauseConfigId=&admin=0 HTTP/1.1" 200 986 "http://callider/pause/index" "Mozilla/4.0 (compatible; MSIE 7.0; Windows NT 6.1; WOW64; Trident/5.0; SLCC2; .NET CLR 2.0.50727; .NET CLR 3.5.30729; .NET CLR 3.0.30729; Media Center PC 6.0; InfoPath.3; .NET4.0C; MS-RTC LM 8; .NET4.0E)" 19878
192.168.74.151 - - [17/Feb/2013:06:59:05 +0600] "GET /pause/ajaxPause?pauseConfigId=&admin=0 HTTP/1.1" 200 987 "http://callider.kontur/pause/index" "Mozilla/5.0 (Windows NT 6.1; WOW64; rv:18.0) Gecko/20100101 Firefox/18.0" 20860
192.168.12.210 - - [17/Feb/2013:06:59:05 +0600] "GET /pause/ajaxPause?pauseConfigId=all&admin=1 HTTP/1.1" 200 1047 "http://callider/pause/index" "Mozilla/4.0 (compatible; MSIE 7.0; Windows NT 6.1; WOW64; Trident/5.0; SLCC2; .NET CLR 2.0.50727; .NET CLR 3.5.30729; .NET CLR 3.0.30729; Media Center PC 6.0; InfoPath.3; .NET4.0C; .NET4.0E)" 20793
192.168.65.56 - - [17/Feb/2013:06:59:06 +0600] "GET /pause/ajaxPause?pauseConfigId=all&admin=1 HTTP/1.1" 200 1046 "http://192.168.65.101/pause/index" "Mozilla/5.0 (Windows NT 5.1; rv:15.0) Gecko/20100101 Firefox/15.0" 34285
192.168.12.61 - - [17/Feb/2013:06:59:08 +0600] "GET /pause/ajaxPause?pauseConfigId=&admin=0 HTTP/1.1" 200 985 "http://callider/pause/index" "Mozilla/4.0 (compatible; MSIE 7.0; Windows NT 6.1; Trident/5.0; SLCC2; .NET CLR 2.0.50727; .NET CLR 3.5.30729; .NET CLR 3.0.30729; Media Center PC 6.0; InfoPath.3; .NET4.0C; .NET4.0E)" 15946
192.168.74.78 - - [17/Feb/2013:06:59:09 +0600] "GET /pause/ajaxPause?pauseConfigId=&admin=0 HTTP/1.1" 200 986 "http://callider/pause/index" "Mozilla/4.0 (compatible; MSIE 7.0; Windows NT 6.1; WOW64; Trident/5.0; SLCC2; .NET CLR 2.0.50727; .NET CLR 3.5.30729; .NET CLR 3.0.30729; Media Center PC 6.0; InfoPath.3; .NET4.0C; MS-RTC LM 8; .NET4.0E)" 37381
192.168.12.60 - - [17/Feb/2013:06:59:10 +0600] "GET /pause/ajaxPause?pauseConfigId=&admin=0 HTTP/1.1" 200 986 "http://callider/pause/index" "Mozilla/4.0 (compatible; MSIE 8.0; Windows NT 6.1; Trident/4.0; InfoPath.3; .NET4.0C; MS-RTC LM 8; .NET4.0E)" 17934
192.168.12.69 - - [17/Feb/2013:06:59:10 +0600] "GET /pause/ajaxPause?pauseConfigId=&admin=0 HTTP/1.1" 200 986 "http://callider/pause/index" "Mozilla/4.0 (compatible; MSIE 7.0; Windows NT 6.1; Trident/5.0; SLCC2; .NET CLR 2.0.50727; .NET CLR 3.5.30729; .NET CLR 3.0.30729; Media Center PC 6.0; InfoPath.3; .NET4.0C; .NET4.0E; Tablet PC 2.0; AskTbFXTV5/5.14.1.20007)" 23463
192.168.12.204 - - [17/Feb/2013:06:59:10 +0600] "GET /pause/ajaxPause?pauseConfigId=&admin=0 HTTP/1.1" 200 986 "http://callider/pause/index" "Mozilla/4.0 (compatible; MSIE 7.0; Windows NT 6.1; WOW64; Trident/4.0; SLCC2; .NET CLR 2.0.50727; .NET CLR 3.5.30729; .NET CLR 3.0.30729; Media Center PC 6.0; InfoPath.3; .NET4.0C; .NET4.0E; .NET CLR 1.1.4322)" 18259
192.168.74.91 - - [17/Feb/2013:06:59:10 +0600] "GET /pause/ajaxPause?pauseConfigId=&admin=0 HTTP/1.1" 200 986 "http://callider/pause/index" "Mozilla/4.0 (compatible; MSIE 7.0; Windows NT 6.1; WOW64; Trident/5.0; SLCC2; .NET CLR 2.0.50727; .NET CLR 3.5.30729; .NET CLR 3.0.30729; Media Center PC 6.0; InfoPath.3; .NET4.0C; MS-RTC LM 8; .NET4.0E)" 18264
192.168.74.151 - - [17/Feb/2013:06:59:10 +0600] "GET /pause/ajaxPause?pauseConfigId=&admin=0 HTTP/1.1" 200 987 "http://callider.kontur/pause/index" "Mozilla/5.0 (Windows NT 6.1; WOW64; rv:18.0) Gecko/20100101 Firefox/18.0" 18049
192.168.12.210 - - [17/Feb/2013:06:59:10 +0600] "GET /pause/ajaxPause?pauseConfigId=all&admin=1 HTTP/1.1" 200 1047 "http://callider/pause/index" "Mozilla/4.0 (compatible; MSIE 7.0; Windows NT 6.1; WOW64; Trident/5.0; SLCC2; .NET CLR 2.0.50727; .NET CLR 3.5.30729; .NET CLR 3.0.30729; Media Center PC 6.0; InfoPath.3; .NET4.0C; .NET4.0E)" 21185
192.168.12.42 - - [17/Feb/2013:06:59:11 +0600] "GET /tv/useUser HTTP/1.1" 200 432 "http://callider/graph/personal" "Mozilla/4.0 (compatible; MSIE 7.0; Windows NT 6.1; WOW64; Trident/5.0; SLCC2; .NET CLR 2.0.50727; .NET CLR 3.5.30729; .NET CLR 3.0.30729; Media Center PC 6.0; InfoPath.3; .NET4.0C; .NET4.0E)" 17804
192.168.65.56 - - [17/Feb/2013:06:59:11 +0600] "GET /pause/ajaxPause?pauseConfigId=all&admin=1 HTTP/1.1" 200 1046 "http://192.168.65.101/pause/index" "Mozilla/5.0 (Windows NT 5.1; rv:15.0) Gecko/20100101 Firefox/15.0" 26973
192.168.74.151 - - [17/Feb/2013:06:59:13 +0600] "GET /tv/useUser HTTP/1.1" 200 431 "http://callider.kontur/graph/general" "Mozilla/5.0 (Windows NT 6.1; WOW64; rv:18.0) Gecko/20100101 Firefox/18.0" 8820
192.168.12.61 - - [17/Feb/2013:06:59:13 +0600] "GET /pause/ajaxPause?pauseConfigId=&admin=0 HTTP/1.1" 200 985 "http://callider/pause/index" "Mozilla/4.0 (compatible; MSIE 7.0; Windows NT 6.1; Trident/5.0; SLCC2; .NET CLR 2.0.50727; .NET CLR 3.5.30729; .NET CLR 3.0.30729; Media Center PC 6.0; InfoPath.3; .NET4.0C; .NET4.0E)" 23007
192.168.74.78 - - [17/Feb/2013:06:59:14 +0600] "GET /pause/ajaxPause?pauseConfigId=&admin=0 HTTP/1.1" 200 986 "http://callider/pause/index" "Mozilla/4.0 (compatible; MSIE 7.0; Windows NT 6.1; WOW64; Trident/5.0; SLCC2; .NET CLR 2.0.50727; .NET CLR 3.5.30729; .NET CLR 3.0.30729; Media Center PC 6.0; InfoPath.3; .NET4.0C; MS-RTC LM 8; .NET4.0E)" 20186
192.168.12.60 - - [17/Feb/2013:06:59:15 +0600] "GET /pause/ajaxPause?pauseConfigId=&admin=0 HTTP/1.1" 200 986 "http://callider/pause/index" "Mozilla/4.0 (compatible; MSIE 8.0; Windows NT 6.1; Trident/4.0; InfoPath.3; .NET4.0C; MS-RTC LM 8; .NET4.0E)" 19806
192.168.12.69 - - [17/Feb/2013:06:59:15 +0600] "GET /pause/ajaxPause?pauseConfigId=&admin=0 HTTP/1.1" 200 986 "http://callider/pause/index" "Mozilla/4.0 (compatible; MSIE 7.0; Windows NT 6.1; Trident/5.0; SLCC2; .NET CLR 2.0.50727; .NET CLR 3.5.30729; .NET CLR 3.0.30729; Media Center PC 6.0; InfoPath.3; .NET4.0C; .NET4.0E; Tablet PC 2.0; AskTbFXTV5/5.14.1.20007)" 18520
192.168.12.204 - - [17/Feb/2013:06:59:15 +0600] "GET /pause/ajaxPause?pauseConfigId=&admin=0 HTTP/1.1" 200 986 "http://callider/pause/index" "Mozilla/4.0 (compatible; MSIE 7.0; Windows NT 6.1; WOW64; Trident/4.0; SLCC2; .NET CLR 2.0.50727; .NET CLR 3.5.30729; .NET CLR 3.0.30729; Media Center PC 6.0; InfoPath.3; .NET4.0C; .NET4.0E; .NET CLR 1.1.4322)" 20713
192.168.74.91 - - [17/Feb/2013:06:59:15 +0600] "GET /pause/ajaxPause?pauseConfigId=&admin=0 HTTP/1.1" 200 986 "http://callider/pause/index" "Mozilla/4.0 (compatible; MSIE 7.0; Windows NT 6.1; WOW64; Trident/5.0; SLCC2; .NET CLR 2.0.50727; .NET CLR 3.5.30729; .NET CLR 3.0.30729; Media Center PC 6.0; InfoPath.3; .NET4.0C; MS-RTC LM 8; .NET4.0E)" 19172
192.168.74.151 - - [17/Feb/2013:06:59:15 +0600] "GET /pause/ajaxPause?pauseConfigId=&admin=0 HTTP/1.1" 200 987 "http://callider.kontur/pause/index" "Mozilla/5.0 (Windows NT 6.1; WOW64; rv:18.0) Gecko/20100101 Firefox/18.0" 18418
192.168.74.151 - - [17/Feb/2013:06:59:15 +0600] "GET /tv/useUser HTTP/1.1" 200 432 "http://callider.kontur/pause/index" "Mozilla/5.0 (Windows NT 6.1; WOW64; rv:18.0) Gecko/20100101 Firefox/18.0" 14369
192.168.12.210 - - [17/Feb/2013:06:59:15 +0600] "GET /pause/ajaxPause?pauseConfigId=all&admin=1 HTTP/1.1" 200 1047 "http://callider/pause/index" "Mozilla/4.0 (compatible; MSIE 7.0; Windows NT 6.1; WOW64; Trident/5.0; SLCC2; .NET CLR 2.0.50727; .NET CLR 3.5.30729; .NET CLR 3.0.30729; Media Center PC 6.0; InfoPath.3; .NET4.0C; .NET4.0E)" 19867
192.168.65.56 - - [17/Feb/2013:06:59:16 +0600] "GET /pause/ajaxPause?pauseConfigId=all&admin=1 HTTP/1.1" 200 1046 "http://192.168.65.101/pause/index" "Mozilla/5.0 (Windows NT 5.1; rv:15.0) Gecko/20100101 Firefox/15.0" 27063
192.168.12.61 - - [17/Feb/2013:06:59:18 +0600] "GET /pause/ajaxPause?pauseConfigId=&admin=0 HTTP/1.1" 200 985 "http://callider/pause/index" "Mozilla/4.0 (compatible; MSIE 7.0; Windows NT 6.1; Trident/5.0; SLCC2; .NET CLR 2.0.50727; .NET CLR 3.5.30729; .NET CLR 3.0.30729; Media Center PC 6.0; InfoPath.3; .NET4.0C; .NET4.0E)" 16535
192.168.74.78 - - [17/Feb/2013:06:59:19 +0600] "GET /pause/ajaxPause?pauseConfigId=&admin=0 HTTP/1.1" 200 986 "http://callider/pause/index" "Mozilla/4.0 (compatible; MSIE 7.0; Windows NT 6.1; WOW64; Trident/5.0; SLCC2; .NET CLR 2.0.50727; .NET CLR 3.5.30729; .NET CLR 3.0.30729; Media Center PC 6.0; InfoPath.3; .NET4.0C; MS-RTC LM 8; .NET4.0E)" 19750
192.168.12.10 - - [17/Feb/2013:06:59:19 +0600] "GET /tv/useUser HTTP/1.1" 200 432 "http://callider/graph/personal" "Mozilla/4.0 (compatible; MSIE 7.0; Windows NT 6.1; Trident/5.0; SLCC2; .NET CLR 2.0.50727; .NET CLR 3.5.30729; .NET CLR 3.0.30729; Media Center PC 6.0; InfoPath.3; .NET4.0C; .NET4.0E; Tablet PC 2.0; MS-RTC LM 8)" 14561
192.168.12.108 - - [17/Feb/2013:06:59:19 +0600] "GET /tv/useUser HTTP/1.1" 200 432 "http://callider/index.php" "Mozilla/4.0 (compatible; MSIE 7.0; Windows NT 6.2; WOW64; Trident/6.0; .NET4.0E; .NET4.0C; InfoPath.3; .NET CLR 3.5.30729; .NET CLR 2.0.50727; .NET CLR 3.0.30729)" 15730
192.168.12.60 - - [17/Feb/2013:06:59:20 +0600] "GET /pause/ajaxPause?pauseConfigId=&admin=0 HTTP/1.1" 200 986 "http://callider/pause/index" "Mozilla/4.0 (compatible; MSIE 8.0; Windows NT 6.1; Trident/4.0; InfoPath.3; .NET4.0C; MS-RTC LM 8; .NET4.0E)" 22423
192.168.12.69 - - [17/Feb/2013:06:59:20 +0600] "GET /pause/ajaxPause?pauseConfigId=&admin=0 HTTP/1.1" 200 986 "http://callider/pause/index" "Mozilla/4.0 (compatible; MSIE 7.0; Windows NT 6.1; Trident/5.0; SLCC2; .NET CLR 2.0.50727; .NET CLR 3.5.30729; .NET CLR 3.0.30729; Media Center PC 6.0; InfoPath.3; .NET4.0C; .NET4.0E; Tablet PC 2.0; AskTbFXTV5/5.14.1.20007)" 23120
192.168.12.204 - - [17/Feb/2013:06:59:20 +0600] "GET /pause/ajaxPause?pauseConfigId=&admin=0 HTTP/1.1" 200 986 "http://callider/pause/index" "Mozilla/4.0 (compatible; MSIE 7.0; Windows NT 6.1; WOW64; Trident/4.0; SLCC2; .NET CLR 2.0.50727; .NET CLR 3.5.30729; .NET CLR 3.0.30729; Media Center PC 6.0; InfoPath.3; .NET4.0C; .NET4.0E; .NET CLR 1.1.4322)" 22245
192.168.74.91 - - [17/Feb/2013:06:59:20 +0600] "GET /pause/ajaxPause?pauseConfigId=&admin=0 HTTP/1.1" 200 986 "http://callider/pause/index" "Mozilla/4.0 (compatible; MSIE 7.0; Windows NT 6.1; WOW64; Trident/5.0; SLCC2; .NET CLR 2.0.50727; .NET CLR 3.5.30729; .NET CLR 3.0.30729; Media Center PC 6.0; InfoPath.3; .NET4.0C; MS-RTC LM 8; .NET4.0E)" 18128
192.168.74.151 - - [17/Feb/2013:06:59:20 +0600] "GET /pause/ajaxPause?pauseConfigId=&admin=0 HTTP/1.1" 200 987 "http://callider.kontur/pause/index" "Mozilla/5.0 (Windows NT 6.1; WOW64; rv:18.0) Gecko/20100101 Firefox/18.0" 20099
192.168.12.210 - - [17/Feb/2013:06:59:20 +0600] "GET /pause/ajaxPause?pauseConfigId=all&admin=1 HTTP/1.1" 200 1047 "http://callider/pause/index" "Mozilla/4.0 (compatible; MSIE 7.0; Windows NT 6.1; WOW64; Trident/5.0; SLCC2; .NET CLR 2.0.50727; .NET CLR 3.5.30729; .NET CLR 3.0.30729; Media Center PC 6.0; InfoPath.3; .NET4.0C; .NET4.0E)" 20984
192.168.65.56 - - [17/Feb/2013:06:59:21 +0600] "GET /pause/ajaxPause?pauseConfigId=all&admin=1 HTTP/1.1" 200 1046 "http://192.168.65.101/pause/index" "Mozilla/5.0 (Windows NT 5.1; rv:15.0) Gecko/20100101 Firefox/15.0" 28063
192.168.12.61 - - [17/Feb/2013:06:59:23 +0600] "GET /pause/ajaxPause?pauseConfigId=&admin=0 HTTP/1.1" 200 985 "http://callider/pause/index" "Mozilla/4.0 (compatible; MSIE 7.0; Windows NT 6.1; Trident/5.0; SLCC2; .NET CLR 2.0.50727; .NET CLR 3.5.30729; .NET CLR 3.0.30729; Media Center PC 6.0; InfoPath.3; .NET4.0C; .NET4.0E)" 20387
192.168.74.78 - - [17/Feb/2013:06:59:24 +0600] "GET /pause/ajaxPause?pauseConfigId=&admin=0 HTTP/1.1" 200 986 "http://callider/pause/index" "Mozilla/4.0 (compatible; MSIE 7.0; Windows NT 6.1; WOW64; Trident/5.0; SLCC2; .NET CLR 2.0.50727; .NET CLR 3.5.30729; .NET CLR 3.0.30729; Media Center PC 6.0; InfoPath.3; .NET4.0C; MS-RTC LM 8; .NET4.0E)" 19484
192.168.12.60 - - [17/Feb/2013:06:59:25 +0600] "GET /pause/ajaxPause?pauseConfigId=&admin=0 HTTP/1.1" 200 986 "http://callider/pause/index" "Mozilla/4.0 (compatible; MSIE 8.0; Windows NT 6.1; Trident/4.0; InfoPath.3; .NET4.0C; MS-RTC LM 8; .NET4.0E)" 19343
192.168.12.69 - - [17/Feb/2013:06:59:25 +0600] "GET /pause/ajaxPause?pauseConfigId=&admin=0 HTTP/1.1" 200 986 "http://callider/pause/index" "Mozilla/4.0 (compatible; MSIE 7.0; Windows NT 6.1; Trident/5.0; SLCC2; .NET CLR 2.0.50727; .NET CLR 3.5.30729; .NET CLR 3.0.30729; Media Center PC 6.0; InfoPath.3; .NET4.0C; .NET4.0E; Tablet PC 2.0; AskTbFXTV5/5.14.1.20007)" 20620
192.168.12.204 - - [17/Feb/2013:06:59:25 +0600] "GET /pause/ajaxPause?pauseConfigId=&admin=0 HTTP/1.1" 200 986 "http://callider/pause/index" "Mozilla/4.0 (compatible; MSIE 7.0; Windows NT 6.1; WOW64; Trident/4.0; SLCC2; .NET CLR 2.0.50727; .NET CLR 3.5.30729; .NET CLR 3.0.30729; Media Center PC 6.0; InfoPath.3; .NET4.0C; .NET4.0E; .NET CLR 1.1.4322)" 19187
192.168.74.91 - - [17/Feb/2013:06:59:25 +0600] "GET /pause/ajaxPause?pauseConfigId=&admin=0 HTTP/1.1" 200 986 "http://callider/pause/index" "Mozilla/4.0 (compatible; MSIE 7.0; Windows NT 6.1; WOW64; Trident/5.0; SLCC2; .NET CLR 2.0.50727; .NET CLR 3.5.30729; .NET CLR 3.0.30729; Media Center PC 6.0; InfoPath.3; .NET4.0C; MS-RTC LM 8; .NET4.0E)" 20474
192.168.74.151 - - [17/Feb/2013:06:59:25 +0600] "GET /pause/ajaxPause?pauseConfigId=&admin=0 HTTP/1.1" 200 987 "http://callider.kontur/pause/index" "Mozilla/5.0 (Windows NT 6.1; WOW64; rv:18.0) Gecko/20100101 Firefox/18.0" 19451
192.168.12.210 - - [17/Feb/2013:06:59:25 +0600] "GET /pause/ajaxPause?pauseConfigId=all&admin=1 HTTP/1.1" 200 1047 "http://callider/pause/index" "Mozilla/4.0 (compatible; MSIE 7.0; Windows NT 6.1; WOW64; Trident/5.0; SLCC2; .NET CLR 2.0.50727; .NET CLR 3.5.30729; .NET CLR 3.0.30729; Media Center PC 6.0; InfoPath.3; .NET4.0C; .NET4.0E)" 19956
192.168.65.56 - - [17/Feb/2013:06:59:26 +0600] "GET /pause/ajaxPause?pauseConfigId=all&admin=1 HTTP/1.1" 200 1046 "http://192.168.65.101/pause/index" "Mozilla/5.0 (Windows NT 5.1; rv:15.0) Gecko/20100101 Firefox/15.0" 27544
192.168.12.61 - - [17/Feb/2013:06:59:28 +0600] "GET /pause/ajaxPause?pauseConfigId=&admin=0 HTTP/1.1" 200 986 "http://callider/pause/index" "Mozilla/4.0 (compatible; MSIE 7.0; Windows NT 6.1; Trident/5.0; SLCC2; .NET CLR 2.0.50727; .NET CLR 3.5.30729; .NET CLR 3.0.30729; Media Center PC 6.0; InfoPath.3; .NET4.0C; .NET4.0E)" 26214
192.168.74.78 - - [17/Feb/2013:06:59:29 +0600] "GET /pause/ajaxPause?pauseConfigId=&admin=0 HTTP/1.1" 200 986 "http://callider/pause/index" "Mozilla/4.0 (compatible; MSIE 7.0; Windows NT 6.1; WOW64; Trident/5.0; SLCC2; .NET CLR 2.0.50727; .NET CLR 3.5.30729; .NET CLR 3.0.30729; Media Center PC 6.0; InfoPath.3; .NET4.0C; MS-RTC LM 8; .NET4.0E)" 27893
192.168.12.60 - - [17/Feb/2013:06:59:30 +0600] "GET /pause/ajaxPause?pauseConfigId=&admin=0 HTTP/1.1" 200 986 "http://callider/pause/index" "Mozilla/4.0 (compatible; MSIE 8.0; Windows NT 6.1; Trident/4.0; InfoPath.3; .NET4.0C; MS-RTC LM 8; .NET4.0E)" 18951
192.168.12.69 - - [17/Feb/2013:06:59:30 +0600] "GET /pause/ajaxPause?pauseConfigId=&admin=0 HTTP/1.1" 200 986 "http://callider/pause/index" "Mozilla/4.0 (compatible; MSIE 7.0; Windows NT 6.1; Trident/5.0; SLCC2; .NET CLR 2.0.50727; .NET CLR 3.5.30729; .NET CLR 3.0.30729; Media Center PC 6.0; InfoPath.3; .NET4.0C; .NET4.0E; Tablet PC 2.0; AskTbFXTV5/5.14.1.20007)" 20403
192.168.12.204 - - [17/Feb/2013:06:59:30 +0600] "GET /pause/ajaxPause?pauseConfigId=&admin=0 HTTP/1.1" 200 986 "http://callider/pause/index" "Mozilla/4.0 (compatible; MSIE 7.0; Windows NT 6.1; WOW64; Trident/4.0; SLCC2; .NET CLR 2.0.50727; .NET CLR 3.5.30729; .NET CLR 3.0.30729; Media Center PC 6.0; InfoPath.3; .NET4.0C; .NET4.0E; .NET CLR 1.1.4322)" 19500
192.168.74.91 - - [17/Feb/2013:06:59:30 +0600] "GET /pause/ajaxPause?pauseConfigId=&admin=0 HTTP/1.1" 200 986 "http://callider/pause/index" "Mozilla/4.0 (compatible; MSIE 7.0; Windows NT 6.1; WOW64; Trident/5.0; SLCC2; .NET CLR 2.0.50727; .NET CLR 3.5.30729; .NET CLR 3.0.30729; Media Center PC 6.0; InfoPath.3; .NET4.0C; MS-RTC LM 8; .NET4.0E)" 19113
192.168.74.151 - - [17/Feb/2013:06:59:30 +0600] "GET /pause/ajaxPause?pauseConfigId=&admin=0 HTTP/1.1" 200 987 "http://callider.kontur/pause/index" "Mozilla/5.0 (Windows NT 6.1; WOW64; rv:18.0) Gecko/20100101 Firefox/18.0" 18350
192.168.12.210 - - [17/Feb/2013:06:59:30 +0600] "GET /pause/ajaxPause?pauseConfigId=all&admin=1 HTTP/1.1" 200 1047 "http://callider/pause/index" "Mozilla/4.0 (compatible; MSIE 7.0; Windows NT 6.1; WOW64; Trident/5.0; SLCC2; .NET CLR 2.0.50727; .NET CLR 3.5.30729; .NET CLR 3.0.30729; Media Center PC 6.0; InfoPath.3; .NET4.0C; .NET4.0E)" 19246
192.168.65.56 - - [17/Feb/2013:06:59:31 +0600] "GET /pause/ajaxPause?pauseConfigId=all&admin=1 HTTP/1.1" 200 1046 "http://192.168.65.101/pause/index" "Mozilla/5.0 (Windows NT 5.1; rv:15.0) Gecko/20100101 Firefox/15.0" 26314
192.168.12.61 - - [17/Feb/2013:06:59:33 +0600] "GET /pause/ajaxPause?pauseConfigId=&admin=0 HTTP/1.1" 200 985 "http://callider/pause/index" "Mozilla/4.0 (compatible; MSIE 7.0; Windows NT 6.1; Trident/5.0; SLCC2; .NET CLR 2.0.50727; .NET CLR 3.5.30729; .NET CLR 3.0.30729; Media Center PC 6.0; InfoPath.3; .NET4.0C; .NET4.0E)" 18671
192.168.74.78 - - [17/Feb/2013:06:59:34 +0600] "GET /pause/ajaxPause?pauseConfigId=&admin=0 HTTP/1.1" 200 986 "http://callider/pause/index" "Mozilla/4.0 (compatible; MSIE 7.0; Windows NT 6.1; WOW64; Trident/5.0; SLCC2; .NET CLR 2.0.50727; .NET CLR 3.5.30729; .NET CLR 3.0.30729; Media Center PC 6.0; InfoPath.3; .NET4.0C; MS-RTC LM 8; .NET4.0E)" 18837
192.168.12.67 - - [17/Feb/2013:06:59:34 +0600] "GET /tv/useUser HTTP/1.1" 200 432 "http://callider/graph/personal" "Mozilla/4.0 (compatible; MSIE 7.0; Windows NT 6.1; Trident/5.0; SLCC2; .NET CLR 2.0.50727; .NET CLR 3.5.30729; .NET CLR 3.0.30729; Media Center PC 6.0; .NET4.0C; .NET4.0E; InfoPath.3; Tablet PC 2.0; MS-RTC LM 8)" 20931
192.168.12.60 - - [17/Feb/2013:06:59:35 +0600] "GET /pause/ajaxPause?pauseConfigId=&admin=0 HTTP/1.1" 200 986 "http://callider/pause/index" "Mozilla/4.0 (compatible; MSIE 8.0; Windows NT 6.1; Trident/4.0; InfoPath.3; .NET4.0C; MS-RTC LM 8; .NET4.0E)" 17743
192.168.12.69 - - [17/Feb/2013:06:59:35 +0600] "GET /pause/ajaxPause?pauseConfigId=&admin=0 HTTP/1.1" 200 986 "http://callider/pause/index" "Mozilla/4.0 (compatible; MSIE 7.0; Windows NT 6.1; Trident/5.0; SLCC2; .NET CLR 2.0.50727; .NET CLR 3.5.30729; .NET CLR 3.0.30729; Media Center PC 6.0; InfoPath.3; .NET4.0C; .NET4.0E; Tablet PC 2.0; AskTbFXTV5/5.14.1.20007)" 17915
192.168.12.204 - - [17/Feb/2013:06:59:35 +0600] "GET /pause/ajaxPause?pauseConfigId=&admin=0 HTTP/1.1" 200 986 "http://callider/pause/index" "Mozilla/4.0 (compatible; MSIE 7.0; Windows NT 6.1; WOW64; Trident/4.0; SLCC2; .NET CLR 2.0.50727; .NET CLR 3.5.30729; .NET CLR 3.0.30729; Media Center PC 6.0; InfoPath.3; .NET4.0C; .NET4.0E; .NET CLR 1.1.4322)" 19110
192.168.74.91 - - [17/Feb/2013:06:59:35 +0600] "GET /pause/ajaxPause?pauseConfigId=&admin=0 HTTP/1.1" 200 986 "http://callider/pause/index" "Mozilla/4.0 (compatible; MSIE 7.0; Windows NT 6.1; WOW64; Trident/5.0; SLCC2; .NET CLR 2.0.50727; .NET CLR 3.5.30729; .NET CLR 3.0.30729; Media Center PC 6.0; InfoPath.3; .NET4.0C; MS-RTC LM 8; .NET4.0E)" 20136
192.168.74.151 - - [17/Feb/2013:06:59:35 +0600] "GET /pause/ajaxPause?pauseConfigId=&admin=0 HTTP/1.1" 200 987 "http://callider.kontur/pause/index" "Mozilla/5.0 (Windows NT 6.1; WOW64; rv:18.0) Gecko/20100101 Firefox/18.0" 18417
192.168.12.210 - - [17/Feb/2013:06:59:35 +0600] "GET /pause/ajaxPause?pauseConfigId=all&admin=1 HTTP/1.1" 200 1047 "http://callider/pause/index" "Mozilla/4.0 (compatible; MSIE 7.0; Windows NT 6.1; WOW64; Trident/5.0; SLCC2; .NET CLR 2.0.50727; .NET CLR 3.5.30729; .NET CLR 3.0.30729; Media Center PC 6.0; InfoPath.3; .NET4.0C; .NET4.0E)" 19381
192.168.65.56 - - [17/Feb/2013:06:59:36 +0600] "GET /pause/ajaxPause?pauseConfigId=all&admin=1 HTTP/1.1" 200 1046 "http://192.168.65.101/pause/index" "Mozilla/5.0 (Windows NT 5.1; rv:15.0) Gecko/20100101 Firefox/15.0" 34498
192.168.74.93 - - [17/Feb/2013:06:59:38 +0600] "GET /tv/useUser HTTP/1.1" 200 432 "http://callider/graph/personal" "Mozilla/4.0 (compatible; MSIE 7.0; Windows NT 6.1; WOW64; Trident/5.0; SLCC2; .NET CLR 2.0.50727; .NET CLR 3.5.30729; .NET CLR 3.0.30729; Media Center PC 6.0; InfoPath.3; .NET4.0C; .NET4.0E)" 15915
192.168.12.61 - - [17/Feb/2013:06:59:38 +0600] "GET /pause/ajaxPause?pauseConfigId=&admin=0 HTTP/1.1" 200 985 "http://callider/pause/index" "Mozilla/4.0 (compatible; MSIE 7.0; Windows NT 6.1; Trident/5.0; SLCC2; .NET CLR 2.0.50727; .NET CLR 3.5.30729; .NET CLR 3.0.30729; Media Center PC 6.0; InfoPath.3; .NET4.0C; .NET4.0E)" 19590
192.168.12.210 - - [17/Feb/2013:06:59:39 +0600] "GET /tv/useUser HTTP/1.1" 200 431 "http://callider/graph/general" "Mozilla/4.0 (compatible; MSIE 7.0; Windows NT 6.1; WOW64; Trident/5.0; SLCC2; .NET CLR 2.0.50727; .NET CLR 3.5.30729; .NET CLR 3.0.30729; Media Center PC 6.0; InfoPath.3; .NET4.0C; .NET4.0E)" 9827
192.168.74.78 - - [17/Feb/2013:06:59:39 +0600] "GET /pause/ajaxPause?pauseConfigId=&admin=0 HTTP/1.1" 200 986 "http://callider/pause/index" "Mozilla/4.0 (compatible; MSIE 7.0; Windows NT 6.1; WOW64; Trident/5.0; SLCC2; .NET CLR 2.0.50727; .NET CLR 3.5.30729; .NET CLR 3.0.30729; Media Center PC 6.0; InfoPath.3; .NET4.0C; MS-RTC LM 8; .NET4.0E)" 21861
192.168.12.60 - - [17/Feb/2013:06:59:40 +0600] "GET /pause/ajaxPause?pauseConfigId=&admin=0 HTTP/1.1" 200 986 "http://callider/pause/index" "Mozilla/4.0 (compatible; MSIE 8.0; Windows NT 6.1; Trident/4.0; InfoPath.3; .NET4.0C; MS-RTC LM 8; .NET4.0E)" 18158
192.168.12.69 - - [17/Feb/2013:06:59:40 +0600] "GET /pause/ajaxPause?pauseConfigId=&admin=0 HTTP/1.1" 200 986 "http://callider/pause/index" "Mozilla/4.0 (compatible; MSIE 7.0; Windows NT 6.1; Trident/5.0; SLCC2; .NET CLR 2.0.50727; .NET CLR 3.5.30729; .NET CLR 3.0.30729; Media Center PC 6.0; InfoPath.3; .NET4.0C; .NET4.0E; Tablet PC 2.0; AskTbFXTV5/5.14.1.20007)" 21802
192.168.12.204 - - [17/Feb/2013:06:59:40 +0600] "GET /pause/ajaxPause?pauseConfigId=&admin=0 HTTP/1.1" 200 986 "http://callider/pause/index" "Mozilla/4.0 (compatible; MSIE 7.0; Windows NT 6.1; WOW64; Trident/4.0; SLCC2; .NET CLR 2.0.50727; .NET CLR 3.5.30729; .NET CLR 3.0.30729; Media Center PC 6.0; InfoPath.3; .NET4.0C; .NET4.0E; .NET CLR 1.1.4322)" 19167
192.168.74.91 - - [17/Feb/2013:06:59:40 +0600] "GET /pause/ajaxPause?pauseConfigId=&admin=0 HTTP/1.1" 200 986 "http://callider/pause/index" "Mozilla/4.0 (compatible; MSIE 7.0; Windows NT 6.1; WOW64; Trident/5.0; SLCC2; .NET CLR 2.0.50727; .NET CLR 3.5.30729; .NET CLR 3.0.30729; Media Center PC 6.0; InfoPath.3; .NET4.0C; MS-RTC LM 8; .NET4.0E)" 21108
192.168.74.151 - - [17/Feb/2013:06:59:40 +0600] "GET /pause/ajaxPause?pauseConfigId=&admin=0 HTTP/1.1" 200 987 "http://callider.kontur/pause/index" "Mozilla/5.0 (Windows NT 6.1; WOW64; rv:18.0) Gecko/20100101 Firefox/18.0" 19610
192.168.12.210 - - [17/Feb/2013:06:59:40 +0600] "GET /pause/ajaxPause?pauseConfigId=all&admin=1 HTTP/1.1" 200 1047 "http://callider/pause/index" "Mozilla/4.0 (compatible; MSIE 7.0; Windows NT 6.1; WOW64; Trident/5.0; SLCC2; .NET CLR 2.0.50727; .NET CLR 3.5.30729; .NET CLR 3.0.30729; Media Center PC 6.0; InfoPath.3; .NET4.0C; .NET4.0E)" 19711
192.168.12.9 - - [17/Feb/2013:06:59:41 +0600] "GET /tv/useUser HTTP/1.1" 200 432 "http://callider.kontur/site/index" "Mozilla/5.0 (Windows NT 6.1; WOW64) AppleWebKit/537.17 (KHTML, like Gecko) Chrome/24.0.1312.57 Safari/537.17" 16066
192.168.65.56 - - [17/Feb/2013:06:59:41 +0600] "GET /pause/ajaxPause?pauseConfigId=all&admin=1 HTTP/1.1" 200 1046 "http://192.168.65.101/pause/index" "Mozilla/5.0 (Windows NT 5.1; rv:15.0) Gecko/20100101 Firefox/15.0" 33283
192.168.12.61 - - [17/Feb/2013:06:59:43 +0600] "GET /pause/ajaxPause?pauseConfigId=&admin=0 HTTP/1.1" 200 986 "http://callider/pause/index" "Mozilla/4.0 (compatible; MSIE 7.0; Windows NT 6.1; Trident/5.0; SLCC2; .NET CLR 2.0.50727; .NET CLR 3.5.30729; .NET CLR 3.0.30729; Media Center PC 6.0; InfoPath.3; .NET4.0C; .NET4.0E)" 27951
192.168.74.78 - - [17/Feb/2013:06:59:44 +0600] "GET /pause/ajaxPause?pauseConfigId=&admin=0 HTTP/1.1" 200 986 "http://callider/pause/index" "Mozilla/4.0 (compatible; MSIE 7.0; Windows NT 6.1; WOW64; Trident/5.0; SLCC2; .NET CLR 2.0.50727; .NET CLR 3.5.30729; .NET CLR 3.0.30729; Media Center PC 6.0; InfoPath.3; .NET4.0C; MS-RTC LM 8; .NET4.0E)" 18813
192.168.12.60 - - [17/Feb/2013:06:59:45 +0600] "GET /pause/ajaxPause?pauseConfigId=&admin=0 HTTP/1.1" 200 986 "http://callider/pause/index" "Mozilla/4.0 (compatible; MSIE 8.0; Windows NT 6.1; Trident/4.0; InfoPath.3; .NET4.0C; MS-RTC LM 8; .NET4.0E)" 32090
192.168.12.69 - - [17/Feb/2013:06:59:45 +0600] "GET /pause/ajaxPause?pauseConfigId=&admin=0 HTTP/1.1" 200 986 "http://callider/pause/index" "Mozilla/4.0 (compatible; MSIE 7.0; Windows NT 6.1; Trident/5.0; SLCC2; .NET CLR 2.0.50727; .NET CLR 3.5.30729; .NET CLR 3.0.30729; Media Center PC 6.0; InfoPath.3; .NET4.0C; .NET4.0E; Tablet PC 2.0; AskTbFXTV5/5.14.1.20007)" 19112
192.168.12.204 - - [17/Feb/2013:06:59:45 +0600] "GET /pause/ajaxPause?pauseConfigId=&admin=0 HTTP/1.1" 200 986 "http://callider/pause/index" "Mozilla/4.0 (compatible; MSIE 7.0; Windows NT 6.1; WOW64; Trident/4.0; SLCC2; .NET CLR 2.0.50727; .NET CLR 3.5.30729; .NET CLR 3.0.30729; Media Center PC 6.0; InfoPath.3; .NET4.0C; .NET4.0E; .NET CLR 1.1.4322)" 19381
192.168.74.91 - - [17/Feb/2013:06:59:45 +0600] "GET /pause/ajaxPause?pauseConfigId=&admin=0 HTTP/1.1" 200 986 "http://callider/pause/index" "Mozilla/4.0 (compatible; MSIE 7.0; Windows NT 6.1; WOW64; Trident/5.0; SLCC2; .NET CLR 2.0.50727; .NET CLR 3.5.30729; .NET CLR 3.0.30729; Media Center PC 6.0; InfoPath.3; .NET4.0C; MS-RTC LM 8; .NET4.0E)" 18411
192.168.74.151 - - [17/Feb/2013:06:59:45 +0600] "GET /pause/ajaxPause?pauseConfigId=&admin=0 HTTP/1.1" 200 987 "http://callider.kontur/pause/index" "Mozilla/5.0 (Windows NT 6.1; WOW64; rv:18.0) Gecko/20100101 Firefox/18.0" 19641
192.168.12.210 - - [17/Feb/2013:06:59:45 +0600] "GET /pause/ajaxPause?pauseConfigId=all&admin=1 HTTP/1.1" 200 1047 "http://callider/pause/index" "Mozilla/4.0 (compatible; MSIE 7.0; Windows NT 6.1; WOW64; Trident/5.0; SLCC2; .NET CLR 2.0.50727; .NET CLR 3.5.30729; .NET CLR 3.0.30729; Media Center PC 6.0; InfoPath.3; .NET4.0C; .NET4.0E)" 30222
192.168.65.56 - - [17/Feb/2013:06:59:46 +0600] "GET /pause/ajaxPause?pauseConfigId=all&admin=1 HTTP/1.1" 200 1046 "http://192.168.65.101/pause/index" "Mozilla/5.0 (Windows NT 5.1; rv:15.0) Gecko/20100101 Firefox/15.0" 33884
192.168.12.61 - - [17/Feb/2013:06:59:48 +0600] "GET /pause/ajaxPause?pauseConfigId=&admin=0 HTTP/1.1" 200 985 "http://callider/pause/index" "Mozilla/4.0 (compatible; MSIE 7.0; Windows NT 6.1; Trident/5.0; SLCC2; .NET CLR 2.0.50727; .NET CLR 3.5.30729; .NET CLR 3.0.30729; Media Center PC 6.0; InfoPath.3; .NET4.0C; .NET4.0E)" 23686
192.168.12.210 - - [17/Feb/2013:06:59:49 +0600] "GET /tv/useUser HTTP/1.1" 200 431 "http://callider/pause/index" "Mozilla/4.0 (compatible; MSIE 7.0; Windows NT 6.1; WOW64; Trident/5.0; SLCC2; .NET CLR 2.0.50727; .NET CLR 3.5.30729; .NET CLR 3.0.30729; Media Center PC 6.0; InfoPath.3; .NET4.0C; .NET4.0E)" 8732
192.168.74.78 - - [17/Feb/2013:06:59:49 +0600] "GET /pause/ajaxPause?pauseConfigId=&admin=0 HTTP/1.1" 200 986 "http://callider/pause/index" "Mozilla/4.0 (compatible; MSIE 7.0; Windows NT 6.1; WOW64; Trident/5.0; SLCC2; .NET CLR 2.0.50727; .NET CLR 3.5.30729; .NET CLR 3.0.30729; Media Center PC 6.0; InfoPath.3; .NET4.0C; MS-RTC LM 8; .NET4.0E)" 18983
192.168.12.60 - - [17/Feb/2013:06:59:50 +0600] "GET /pause/ajaxPause?pauseConfigId=&admin=0 HTTP/1.1" 200 986 "http://callider/pause/index" "Mozilla/4.0 (compatible; MSIE 8.0; Windows NT 6.1; Trident/4.0; InfoPath.3; .NET4.0C; MS-RTC LM 8; .NET4.0E)" 20992
192.168.12.69 - - [17/Feb/2013:06:59:50 +0600] "GET /pause/ajaxPause?pauseConfigId=&admin=0 HTTP/1.1" 200 986 "http://callider/pause/index" "Mozilla/4.0 (compatible; MSIE 7.0; Windows NT 6.1; Trident/5.0; SLCC2; .NET CLR 2.0.50727; .NET CLR 3.5.30729; .NET CLR 3.0.30729; Media Center PC 6.0; InfoPath.3; .NET4.0C; .NET4.0E; Tablet PC 2.0; AskTbFXTV5/5.14.1.20007)" 24548
192.168.12.204 - - [17/Feb/2013:06:59:50 +0600] "GET /pause/ajaxPause?pauseConfigId=&admin=0 HTTP/1.1" 200 986 "http://callider/pause/index" "Mozilla/4.0 (compatible; MSIE 7.0; Windows NT 6.1; WOW64; Trident/4.0; SLCC2; .NET CLR 2.0.50727; .NET CLR 3.5.30729; .NET CLR 3.0.30729; Media Center PC 6.0; InfoPath.3; .NET4.0C; .NET4.0E; .NET CLR 1.1.4322)" 20595
192.168.74.91 - - [17/Feb/2013:06:59:50 +0600] "GET /pause/ajaxPause?pauseConfigId=&admin=0 HTTP/1.1" 200 986 "http://callider/pause/index" "Mozilla/4.0 (compatible; MSIE 7.0; Windows NT 6.1; WOW64; Trident/5.0; SLCC2; .NET CLR 2.0.50727; .NET CLR 3.5.30729; .NET CLR 3.0.30729; Media Center PC 6.0; InfoPath.3; .NET4.0C; MS-RTC LM 8; .NET4.0E)" 17265
192.168.74.151 - - [17/Feb/2013:06:59:50 +0600] "GET /pause/ajaxPause?pauseConfigId=&admin=0 HTTP/1.1" 200 987 "http://callider.kontur/pause/index" "Mozilla/5.0 (Windows NT 6.1; WOW64; rv:18.0) Gecko/20100101 Firefox/18.0" 18243
192.168.12.210 - - [17/Feb/2013:06:59:50 +0600] "GET /pause/ajaxPause?pauseConfigId=all&admin=1 HTTP/1.1" 200 1047 "http://callider/pause/index" "Mozilla/4.0 (compatible; MSIE 7.0; Windows NT 6.1; WOW64; Trident/5.0; SLCC2; .NET CLR 2.0.50727; .NET CLR 3.5.30729; .NET CLR 3.0.30729; Media Center PC 6.0; InfoPath.3; .NET4.0C; .NET4.0E)" 18071
192.168.65.56 - - [17/Feb/2013:06:59:51 +0600] "GET /pause/ajaxPause?pauseConfigId=all&admin=1 HTTP/1.1" 200 1046 "http://192.168.65.101/pause/index" "Mozilla/5.0 (Windows NT 5.1; rv:15.0) Gecko/20100101 Firefox/15.0" 29782
192.168.65.56 - - [17/Feb/2013:06:59:51 +0600] "GET /tv/useUser HTTP/1.1" 200 431 "http://192.168.65.101/pause/index" "Mozilla/5.0 (Windows NT 5.1; rv:15.0) Gecko/20100101 Firefox/15.0" 10316
192.168.12.61 - - [17/Feb/2013:06:59:53 +0600] "GET /pause/ajaxPause?pauseConfigId=&admin=0 HTTP/1.1" 200 985 "http://callider/pause/index" "Mozilla/4.0 (compatible; MSIE 7.0; Windows NT 6.1; Trident/5.0; SLCC2; .NET CLR 2.0.50727; .NET CLR 3.5.30729; .NET CLR 3.0.30729; Media Center PC 6.0; InfoPath.3; .NET4.0C; .NET4.0E)" 246399
192.168.74.78 - - [17/Feb/2013:06:59:54 +0600] "GET /pause/ajaxPause?pauseConfigId=&admin=0 HTTP/1.1" 200 986 "http://callider/pause/index" "Mozilla/4.0 (compatible; MSIE 7.0; Windows NT 6.1; WOW64; Trident/5.0; SLCC2; .NET CLR 2.0.50727; .NET CLR 3.5.30729; .NET CLR 3.0.30729; Media Center PC 6.0; InfoPath.3; .NET4.0C; MS-RTC LM 8; .NET4.0E)" 18674
192.168.12.60 - - [17/Feb/2013:06:59:55 +0600] "GET /pause/ajaxPause?pauseConfigId=&admin=0 HTTP/1.1" 200 986 "http://callider/pause/index" "Mozilla/4.0 (compatible; MSIE 8.0; Windows NT 6.1; Trident/4.0; InfoPath.3; .NET4.0C; MS-RTC LM 8; .NET4.0E)" 21549
192.168.12.69 - - [17/Feb/2013:06:59:55 +0600] "GET /pause/ajaxPause?pauseConfigId=&admin=0 HTTP/1.1" 200 986 "http://callider/pause/index" "Mozilla/4.0 (compatible; MSIE 7.0; Windows NT 6.1; Trident/5.0; SLCC2; .NET CLR 2.0.50727; .NET CLR 3.5.30729; .NET CLR 3.0.30729; Media Center PC 6.0; InfoPath.3; .NET4.0C; .NET4.0E; Tablet PC 2.0; AskTbFXTV5/5.14.1.20007)" 18926
192.168.12.204 - - [17/Feb/2013:06:59:55 +0600] "GET /pause/ajaxPause?pauseConfigId=&admin=0 HTTP/1.1" 200 986 "http://callider/pause/index" "Mozilla/4.0 (compatible; MSIE 7.0; Windows NT 6.1; WOW64; Trident/4.0; SLCC2; .NET CLR 2.0.50727; .NET CLR 3.5.30729; .NET CLR 3.0.30729; Media Center PC 6.0; InfoPath.3; .NET4.0C; .NET4.0E; .NET CLR 1.1.4322)" 19219
192.168.74.91 - - [17/Feb/2013:06:59:55 +0600] "GET /pause/ajaxPause?pauseConfigId=&admin=0 HTTP/1.1" 200 986 "http://callider/pause/index" "Mozilla/4.0 (compatible; MSIE 7.0; Windows NT 6.1; WOW64; Trident/5.0; SLCC2; .NET CLR 2.0.50727; .NET CLR 3.5.30729; .NET CLR 3.0.30729; Media Center PC 6.0; InfoPath.3; .NET4.0C; MS-RTC LM 8; .NET4.0E)" 18743
192.168.74.151 - - [17/Feb/2013:06:59:55 +0600] "GET /pause/ajaxPause?pauseConfigId=&admin=0 HTTP/1.1" 200 987 "http://callider.kontur/pause/index" "Mozilla/5.0 (Windows NT 6.1; WOW64; rv:18.0) Gecko/20100101 Firefox/18.0" 19525
192.168.12.210 - - [17/Feb/2013:06:59:55 +0600] "GET /pause/ajaxPause?pauseConfigId=all&admin=1 HTTP/1.1" 200 1047 "http://callider/pause/index" "Mozilla/4.0 (compatible; MSIE 7.0; Windows NT 6.1; WOW64; Trident/5.0; SLCC2; .NET CLR 2.0.50727; .NET CLR 3.5.30729; .NET CLR 3.0.30729; Media Center PC 6.0; InfoPath.3; .NET4.0C; .NET4.0E)" 21903
192.168.65.56 - - [17/Feb/2013:06:59:56 +0600] "GET /pause/ajaxPause?pauseConfigId=all&admin=1 HTTP/1.1" 200 1046 "http://192.168.65.101/pause/index" "Mozilla/5.0 (Windows NT 5.1; rv:15.0) Gecko/20100101 Firefox/15.0" 34433
192.168.12.61 - - [17/Feb/2013:06:59:58 +0600] "GET /pause/ajaxPause?pauseConfigId=&admin=0 HTTP/1.1" 200 985 "http://callider/pause/index" "Mozilla/4.0 (compatible; MSIE 7.0; Windows NT 6.1; Trident/5.0; SLCC2; .NET CLR 2.0.50727; .NET CLR 3.5.30729; .NET CLR 3.0.30729; Media Center PC 6.0; InfoPath.3; .NET4.0C; .NET4.0E)" 21340
192.168.74.78 - - [17/Feb/2013:06:59:59 +0600] "GET /pause/ajaxPause?pauseConfigId=&admin=0 HTTP/1.1" 200 986 "http://callider/pause/index" "Mozilla/4.0 (compatible; MSIE 7.0; Windows NT 6.1; WOW64; Trident/5.0; SLCC2; .NET CLR 2.0.50727; .NET CLR 3.5.30729; .NET CLR 3.0.30729; Media Center PC 6.0; InfoPath.3; .NET4.0C; MS-RTC LM 8; .NET4.0E)" 17168
192.168.12.60 - - [17/Feb/2013:07:00:00 +0600] "GET /pause/ajaxPause?pauseConfigId=&admin=0 HTTP/1.1" 200 986 "http://callider/pause/index" "Mozilla/4.0 (compatible; MSIE 8.0; Windows NT 6.1; Trident/4.0; InfoPath.3; .NET4.0C; MS-RTC LM 8; .NET4.0E)" 19298
192.168.12.69 - - [17/Feb/2013:07:00:00 +0600] "GET /pause/ajaxPause?pauseConfigId=&admin=0 HTTP/1.1" 200 986 "http://callider/pause/index" "Mozilla/4.0 (compatible; MSIE 7.0; Windows NT 6.1; Trident/5.0; SLCC2; .NET CLR 2.0.50727; .NET CLR 3.5.30729; .NET CLR 3.0.30729; Media Center PC 6.0; InfoPath.3; .NET4.0C; .NET4.0E; Tablet PC 2.0; AskTbFXTV5/5.14.1.20007)" 21217
192.168.12.204 - - [17/Feb/2013:07:00:00 +0600] "GET /pause/ajaxPause?pauseConfigId=&admin=0 HTTP/1.1" 200 986 "http://callider/pause/index" "Mozilla/4.0 (compatible; MSIE 7.0; Windows NT 6.1; WOW64; Trident/4.0; SLCC2; .NET CLR 2.0.50727; .NET CLR 3.5.30729; .NET CLR 3.0.30729; Media Center PC 6.0; InfoPath.3; .NET4.0C; .NET4.0E; .NET CLR 1.1.4322)" 17225
192.168.74.91 - - [17/Feb/2013:07:00:00 +0600] "GET /pause/ajaxPause?pauseConfigId=&admin=0 HTTP/1.1" 200 986 "http://callider/pause/index" "Mozilla/4.0 (compatible; MSIE 7.0; Windows NT 6.1; WOW64; Trident/5.0; SLCC2; .NET CLR 2.0.50727; .NET CLR 3.5.30729; .NET CLR 3.0.30729; Media Center PC 6.0; InfoPath.3; .NET4.0C; MS-RTC LM 8; .NET4.0E)" 18670
192.168.74.151 - - [17/Feb/2013:07:00:00 +0600] "GET /pause/ajaxPause?pauseConfigId=&admin=0 HTTP/1.1" 200 987 "http://callider.kontur/pause/index" "Mozilla/5.0 (Windows NT 6.1; WOW64; rv:18.0) Gecko/20100101 Firefox/18.0" 18534
192.168.12.210 - - [17/Feb/2013:07:00:00 +0600] "GET /pause/ajaxPause?pauseConfigId=all&admin=1 HTTP/1.1" 200 1047 "http://callider/pause/index" "Mozilla/4.0 (compatible; MSIE 7.0; Windows NT 6.1; WOW64; Trident/5.0; SLCC2; .NET CLR 2.0.50727; .NET CLR 3.5.30729; .NET CLR 3.0.30729; Media Center PC 6.0; InfoPath.3; .NET4.0C; .NET4.0E)" 18641
192.168.65.56 - - [17/Feb/2013:07:00:01 +0600] "GET /pause/ajaxPause?pauseConfigId=all&admin=1 HTTP/1.1" 200 1046 "http://192.168.65.101/pause/index" "Mozilla/5.0 (Windows NT 5.1; rv:15.0) Gecko/20100101 Firefox/15.0" 36609
192.168.12.61 - - [17/Feb/2013:07:00:03 +0600] "GET /pause/ajaxPause?pauseConfigId=&admin=0 HTTP/1.1" 200 985 "http://callider/pause/index" "Mozilla/4.0 (compatible; MSIE 7.0; Windows NT 6.1; Trident/5.0; SLCC2; .NET CLR 2.0.50727; .NET CLR 3.5.30729; .NET CLR 3.0.30729; Media Center PC 6.0; InfoPath.3; .NET4.0C; .NET4.0E)" 23742
192.168.74.78 - - [17/Feb/2013:07:00:04 +0600] "GET /pause/ajaxPause?pauseConfigId=&admin=0 HTTP/1.1" 200 986 "http://callider/pause/index" "Mozilla/4.0 (compatible; MSIE 7.0; Windows NT 6.1; WOW64; Trident/5.0; SLCC2; .NET CLR 2.0.50727; .NET CLR 3.5.30729; .NET CLR 3.0.30729; Media Center PC 6.0; InfoPath.3; .NET4.0C; MS-RTC LM 8; .NET4.0E)" 20280
192.168.12.60 - - [17/Feb/2013:07:00:05 +0600] "GET /pause/ajaxPause?pauseConfigId=&admin=0 HTTP/1.1" 200 986 "http://callider/pause/index" "Mozilla/4.0 (compatible; MSIE 8.0; Windows NT 6.1; Trident/4.0; InfoPath.3; .NET4.0C; MS-RTC LM 8; .NET4.0E)" 18481
192.168.12.69 - - [17/Feb/2013:07:00:05 +0600] "GET /pause/ajaxPause?pauseConfigId=&admin=0 HTTP/1.1" 200 986 "http://callider/pause/index" "Mozilla/4.0 (compatible; MSIE 7.0; Windows NT 6.1; Trident/5.0; SLCC2; .NET CLR 2.0.50727; .NET CLR 3.5.30729; .NET CLR 3.0.30729; Media Center PC 6.0; InfoPath.3; .NET4.0C; .NET4.0E; Tablet PC 2.0; AskTbFXTV5/5.14.1.20007)" 22556
192.168.12.61 - - [17/Feb/2013:07:00:05 +0600] "GET /tv/useUser HTTP/1.1" 200 431 "http://callider/pause/index" "Mozilla/4.0 (compatible; MSIE 7.0; Windows NT 6.1; Trident/5.0; SLCC2; .NET CLR 2.0.50727; .NET CLR 3.5.30729; .NET CLR 3.0.30729; Media Center PC 6.0; InfoPath.3; .NET4.0C; .NET4.0E)" 13303
192.168.12.204 - - [17/Feb/2013:07:00:05 +0600] "GET /pause/ajaxPause?pauseConfigId=&admin=0 HTTP/1.1" 200 986 "http://callider/pause/index" "Mozilla/4.0 (compatible; MSIE 7.0; Windows NT 6.1; WOW64; Trident/4.0; SLCC2; .NET CLR 2.0.50727; .NET CLR 3.5.30729; .NET CLR 3.0.30729; Media Center PC 6.0; InfoPath.3; .NET4.0C; .NET4.0E; .NET CLR 1.1.4322)" 21454
192.168.74.91 - - [17/Feb/2013:07:00:05 +0600] "GET /pause/ajaxPause?pauseConfigId=&admin=0 HTTP/1.1" 200 986 "http://callider/pause/index" "Mozilla/4.0 (compatible; MSIE 7.0; Windows NT 6.1; WOW64; Trident/5.0; SLCC2; .NET CLR 2.0.50727; .NET CLR 3.5.30729; .NET CLR 3.0.30729; Media Center PC 6.0; InfoPath.3; .NET4.0C; MS-RTC LM 8; .NET4.0E)" 19701
192.168.74.151 - - [17/Feb/2013:07:00:05 +0600] "GET /pause/ajaxPause?pauseConfigId=&admin=0 HTTP/1.1" 200 987 "http://callider.kontur/pause/index" "Mozilla/5.0 (Windows NT 6.1; WOW64; rv:18.0) Gecko/20100101 Firefox/18.0" 18839
192.168.12.210 - - [17/Feb/2013:07:00:05 +0600] "GET /pause/ajaxPause?pauseConfigId=all&admin=1 HTTP/1.1" 200 1047 "http://callider/pause/index" "Mozilla/4.0 (compatible; MSIE 7.0; Windows NT 6.1; WOW64; Trident/5.0; SLCC2; .NET CLR 2.0.50727; .NET CLR 3.5.30729; .NET CLR 3.0.30729; Media Center PC 6.0; InfoPath.3; .NET4.0C; .NET4.0E)" 21371
192.168.65.56 - - [17/Feb/2013:07:00:06 +0600] "GET /pause/ajaxPause?pauseConfigId=all&admin=1 HTTP/1.1" 200 1046 "http://192.168.65.101/pause/index" "Mozilla/5.0 (Windows NT 5.1; rv:15.0) Gecko/20100101 Firefox/15.0" 37873
192.168.12.61 - - [17/Feb/2013:07:00:08 +0600] "GET /pause/ajaxPause?pauseConfigId=&admin=0 HTTP/1.1" 200 985 "http://callider/pause/index" "Mozilla/4.0 (compatible; MSIE 7.0; Windows NT 6.1; Trident/5.0; SLCC2; .NET CLR 2.0.50727; .NET CLR 3.5.30729; .NET CLR 3.0.30729; Media Center PC 6.0; InfoPath.3; .NET4.0C; .NET4.0E)" 23561
192.168.74.78 - - [17/Feb/2013:07:00:09 +0600] "GET /pause/ajaxPause?pauseConfigId=&admin=0 HTTP/1.1" 200 986 "http://callider/pause/index" "Mozilla/4.0 (compatible; MSIE 7.0; Windows NT 6.1; WOW64; Trident/5.0; SLCC2; .NET CLR 2.0.50727; .NET CLR 3.5.30729; .NET CLR 3.0.30729; Media Center PC 6.0; InfoPath.3; .NET4.0C; MS-RTC LM 8; .NET4.0E)" 18957
192.168.12.60 - - [17/Feb/2013:07:00:10 +0600] "GET /pause/ajaxPause?pauseConfigId=&admin=0 HTTP/1.1" 200 986 "http://callider/pause/index" "Mozilla/4.0 (compatible; MSIE 8.0; Windows NT 6.1; Trident/4.0; InfoPath.3; .NET4.0C; MS-RTC LM 8; .NET4.0E)" 18334
192.168.12.69 - - [17/Feb/2013:07:00:10 +0600] "GET /pause/ajaxPause?pauseConfigId=&admin=0 HTTP/1.1" 200 986 "http://callider/pause/index" "Mozilla/4.0 (compatible; MSIE 7.0; Windows NT 6.1; Trident/5.0; SLCC2; .NET CLR 2.0.50727; .NET CLR 3.5.30729; .NET CLR 3.0.30729; Media Center PC 6.0; InfoPath.3; .NET4.0C; .NET4.0E; Tablet PC 2.0; AskTbFXTV5/5.14.1.20007)" 25149
192.168.12.204 - - [17/Feb/2013:07:00:10 +0600] "GET /pause/ajaxPause?pauseConfigId=&admin=0 HTTP/1.1" 200 986 "http://callider/pause/index" "Mozilla/4.0 (compatible; MSIE 7.0; Windows NT 6.1; WOW64; Trident/4.0; SLCC2; .NET CLR 2.0.50727; .NET CLR 3.5.30729; .NET CLR 3.0.30729; Media Center PC 6.0; InfoPath.3; .NET4.0C; .NET4.0E; .NET CLR 1.1.4322)" 18326
192.168.74.91 - - [17/Feb/2013:07:00:10 +0600] "GET /pause/ajaxPause?pauseConfigId=&admin=0 HTTP/1.1" 200 986 "http://callider/pause/index" "Mozilla/4.0 (compatible; MSIE 7.0; Windows NT 6.1; WOW64; Trident/5.0; SLCC2; .NET CLR 2.0.50727; .NET CLR 3.5.30729; .NET CLR 3.0.30729; Media Center PC 6.0; InfoPath.3; .NET4.0C; MS-RTC LM 8; .NET4.0E)" 17438
192.168.74.151 - - [17/Feb/2013:07:00:10 +0600] "GET /pause/ajaxPause?pauseConfigId=&admin=0 HTTP/1.1" 200 987 "http://callider.kontur/pause/index" "Mozilla/5.0 (Windows NT 6.1; WOW64; rv:18.0) Gecko/20100101 Firefox/18.0" 18589
192.168.12.210 - - [17/Feb/2013:07:00:10 +0600] "GET /pause/ajaxPause?pauseConfigId=all&admin=1 HTTP/1.1" 200 1047 "http://callider/pause/index" "Mozilla/4.0 (compatible; MSIE 7.0; Windows NT 6.1; WOW64; Trident/5.0; SLCC2; .NET CLR 2.0.50727; .NET CLR 3.5.30729; .NET CLR 3.0.30729; Media Center PC 6.0; InfoPath.3; .NET4.0C; .NET4.0E)" 25962
192.168.12.42 - - [17/Feb/2013:07:00:11 +0600] "GET /tv/useUser HTTP/1.1" 200 432 "http://callider/graph/personal" "Mozilla/4.0 (compatible; MSIE 7.0; Windows NT 6.1; WOW64; Trident/5.0; SLCC2; .NET CLR 2.0.50727; .NET CLR 3.5.30729; .NET CLR 3.0.30729; Media Center PC 6.0; InfoPath.3; .NET4.0C; .NET4.0E)" 17183
192.168.65.56 - - [17/Feb/2013:07:00:11 +0600] "GET /pause/ajaxPause?pauseConfigId=all&admin=1 HTTP/1.1" 200 1046 "http://192.168.65.101/pause/index" "Mozilla/5.0 (Windows NT 5.1; rv:15.0) Gecko/20100101 Firefox/15.0" 31177
192.168.74.151 - - [17/Feb/2013:07:00:13 +0600] "GET /tv/useUser HTTP/1.1" 200 431 "http://callider.kontur/graph/general" "Mozilla/5.0 (Windows NT 6.1; WOW64; rv:18.0) Gecko/20100101 Firefox/18.0" 10013
192.168.12.61 - - [17/Feb/2013:07:00:13 +0600] "GET /pause/ajaxPause?pauseConfigId=&admin=0 HTTP/1.1" 200 985 "http://callider/pause/index" "Mozilla/4.0 (compatible; MSIE 7.0; Windows NT 6.1; Trident/5.0; SLCC2; .NET CLR 2.0.50727; .NET CLR 3.5.30729; .NET CLR 3.0.30729; Media Center PC 6.0; InfoPath.3; .NET4.0C; .NET4.0E)" 22598
192.168.74.78 - - [17/Feb/2013:07:00:14 +0600] "GET /pause/ajaxPause?pauseConfigId=&admin=0 HTTP/1.1" 200 986 "http://callider/pause/index" "Mozilla/4.0 (compatible; MSIE 7.0; Windows NT 6.1; WOW64; Trident/5.0; SLCC2; .NET CLR 2.0.50727; .NET CLR 3.5.30729; .NET CLR 3.0.30729; Media Center PC 6.0; InfoPath.3; .NET4.0C; MS-RTC LM 8; .NET4.0E)" 22071
192.168.12.60 - - [17/Feb/2013:07:00:15 +0600] "GET /pause/ajaxPause?pauseConfigId=&admin=0 HTTP/1.1" 200 987 "http://callider/pause/index" "Mozilla/4.0 (compatible; MSIE 8.0; Windows NT 6.1; Trident/4.0; InfoPath.3; .NET4.0C; MS-RTC LM 8; .NET4.0E)" 32802
192.168.12.69 - - [17/Feb/2013:07:00:15 +0600] "GET /pause/ajaxPause?pauseConfigId=&admin=0 HTTP/1.1" 200 986 "http://callider/pause/index" "Mozilla/4.0 (compatible; MSIE 7.0; Windows NT 6.1; Trident/5.0; SLCC2; .NET CLR 2.0.50727; .NET CLR 3.5.30729; .NET CLR 3.0.30729; Media Center PC 6.0; InfoPath.3; .NET4.0C; .NET4.0E; Tablet PC 2.0; AskTbFXTV5/5.14.1.20007)" 18013
192.168.12.204 - - [17/Feb/2013:07:00:15 +0600] "GET /pause/ajaxPause?pauseConfigId=&admin=0 HTTP/1.1" 200 986 "http://callider/pause/index" "Mozilla/4.0 (compatible; MSIE 7.0; Windows NT 6.1; WOW64; Trident/4.0; SLCC2; .NET CLR 2.0.50727; .NET CLR 3.5.30729; .NET CLR 3.0.30729; Media Center PC 6.0; InfoPath.3; .NET4.0C; .NET4.0E; .NET CLR 1.1.4322)" 20793
192.168.74.91 - - [17/Feb/2013:07:00:15 +0600] "GET /pause/ajaxPause?pauseConfigId=&admin=0 HTTP/1.1" 200 986 "http://callider/pause/index" "Mozilla/4.0 (compatible; MSIE 7.0; Windows NT 6.1; WOW64; Trident/5.0; SLCC2; .NET CLR 2.0.50727; .NET CLR 3.5.30729; .NET CLR 3.0.30729; Media Center PC 6.0; InfoPath.3; .NET4.0C; MS-RTC LM 8; .NET4.0E)" 17753
192.168.74.151 - - [17/Feb/2013:07:00:15 +0600] "GET /pause/ajaxPause?pauseConfigId=&admin=0 HTTP/1.1" 200 987 "http://callider.kontur/pause/index" "Mozilla/5.0 (Windows NT 6.1; WOW64; rv:18.0) Gecko/20100101 Firefox/18.0" 27620
192.168.74.151 - - [17/Feb/2013:07:00:15 +0600] "GET /tv/useUser HTTP/1.1" 200 432 "http://callider.kontur/pause/index" "Mozilla/5.0 (Windows NT 6.1; WOW64; rv:18.0) Gecko/20100101 Firefox/18.0" 28493
192.168.12.210 - - [17/Feb/2013:07:00:15 +0600] "GET /pause/ajaxPause?pauseConfigId=all&admin=1 HTTP/1.1" 200 1047 "http://callider/pause/index" "Mozilla/4.0 (compatible; MSIE 7.0; Windows NT 6.1; WOW64; Trident/5.0; SLCC2; .NET CLR 2.0.50727; .NET CLR 3.5.30729; .NET CLR 3.0.30729; Media Center PC 6.0; InfoPath.3; .NET4.0C; .NET4.0E)" 19740
192.168.65.56 - - [17/Feb/2013:07:00:16 +0600] "GET /pause/ajaxPause?pauseConfigId=all&admin=1 HTTP/1.1" 200 1046 "http://192.168.65.101/pause/index" "Mozilla/5.0 (Windows NT 5.1; rv:15.0) Gecko/20100101 Firefox/15.0" 31233
192.168.12.61 - - [17/Feb/2013:07:00:18 +0600] "GET /pause/ajaxPause?pauseConfigId=&admin=0 HTTP/1.1" 200 985 "http://callider/pause/index" "Mozilla/4.0 (compatible; MSIE 7.0; Windows NT 6.1; Trident/5.0; SLCC2; .NET CLR 2.0.50727; .NET CLR 3.5.30729; .NET CLR 3.0.30729; Media Center PC 6.0; InfoPath.3; .NET4.0C; .NET4.0E)" 32699
192.168.74.78 - - [17/Feb/2013:07:00:19 +0600] "GET /pause/ajaxPause?pauseConfigId=&admin=0 HTTP/1.1" 200 986 "http://callider/pause/index" "Mozilla/4.0 (compatible; MSIE 7.0; Windows NT 6.1; WOW64; Trident/5.0; SLCC2; .NET CLR 2.0.50727; .NET CLR 3.5.30729; .NET CLR 3.0.30729; Media Center PC 6.0; InfoPath.3; .NET4.0C; MS-RTC LM 8; .NET4.0E)" 22083
192.168.12.10 - - [17/Feb/2013:07:00:19 +0600] "GET /tv/useUser HTTP/1.1" 200 432 "http://callider/graph/personal" "Mozilla/4.0 (compatible; MSIE 7.0; Windows NT 6.1; Trident/5.0; SLCC2; .NET CLR 2.0.50727; .NET CLR 3.5.30729; .NET CLR 3.0.30729; Media Center PC 6.0; InfoPath.3; .NET4.0C; .NET4.0E; Tablet PC 2.0; MS-RTC LM 8)" 14352
192.168.12.108 - - [17/Feb/2013:07:00:19 +0600] "GET /tv/useUser HTTP/1.1" 200 432 "http://callider/index.php" "Mozilla/4.0 (compatible; MSIE 7.0; Windows NT 6.2; WOW64; Trident/6.0; .NET4.0E; .NET4.0C; InfoPath.3; .NET CLR 3.5.30729; .NET CLR 2.0.50727; .NET CLR 3.0.30729)" 14536
192.168.12.60 - - [17/Feb/2013:07:00:20 +0600] "GET /pause/ajaxPause?pauseConfigId=&admin=0 HTTP/1.1" 200 986 "http://callider/pause/index" "Mozilla/4.0 (compatible; MSIE 8.0; Windows NT 6.1; Trident/4.0; InfoPath.3; .NET4.0C; MS-RTC LM 8; .NET4.0E)" 19614
192.168.12.69 - - [17/Feb/2013:07:00:20 +0600] "GET /pause/ajaxPause?pauseConfigId=&admin=0 HTTP/1.1" 200 986 "http://callider/pause/index" "Mozilla/4.0 (compatible; MSIE 7.0; Windows NT 6.1; Trident/5.0; SLCC2; .NET CLR 2.0.50727; .NET CLR 3.5.30729; .NET CLR 3.0.30729; Media Center PC 6.0; InfoPath.3; .NET4.0C; .NET4.0E; Tablet PC 2.0; AskTbFXTV5/5.14.1.20007)" 19982
192.168.12.204 - - [17/Feb/2013:07:00:20 +0600] "GET /pause/ajaxPause?pauseConfigId=&admin=0 HTTP/1.1" 200 986 "http://callider/pause/index" "Mozilla/4.0 (compatible; MSIE 7.0; Windows NT 6.1; WOW64; Trident/4.0; SLCC2; .NET CLR 2.0.50727; .NET CLR 3.5.30729; .NET CLR 3.0.30729; Media Center PC 6.0; InfoPath.3; .NET4.0C; .NET4.0E; .NET CLR 1.1.4322)" 20112
192.168.74.91 - - [17/Feb/2013:07:00:20 +0600] "GET /pause/ajaxPause?pauseConfigId=&admin=0 HTTP/1.1" 200 986 "http://callider/pause/index" "Mozilla/4.0 (compatible; MSIE 7.0; Windows NT 6.1; WOW64; Trident/5.0; SLCC2; .NET CLR 2.0.50727; .NET CLR 3.5.30729; .NET CLR 3.0.30729; Media Center PC 6.0; InfoPath.3; .NET4.0C; MS-RTC LM 8; .NET4.0E)" 20810
192.168.74.151 - - [17/Feb/2013:07:00:20 +0600] "GET /pause/ajaxPause?pauseConfigId=&admin=0 HTTP/1.1" 200 987 "http://callider.kontur/pause/index" "Mozilla/5.0 (Windows NT 6.1; WOW64; rv:18.0) Gecko/20100101 Firefox/18.0" 21195
192.168.12.210 - - [17/Feb/2013:07:00:20 +0600] "GET /pause/ajaxPause?pauseConfigId=all&admin=1 HTTP/1.1" 200 1047 "http://callider/pause/index" "Mozilla/4.0 (compatible; MSIE 7.0; Windows NT 6.1; WOW64; Trident/5.0; SLCC2; .NET CLR 2.0.50727; .NET CLR 3.5.30729; .NET CLR 3.0.30729; Media Center PC 6.0; InfoPath.3; .NET4.0C; .NET4.0E)" 17975
192.168.65.56 - - [17/Feb/2013:07:00:21 +0600] "GET /pause/ajaxPause?pauseConfigId=all&admin=1 HTTP/1.1" 200 1046 "http://192.168.65.101/pause/index" "Mozilla/5.0 (Windows NT 5.1; rv:15.0) Gecko/20100101 Firefox/15.0" 30740
192.168.12.61 - - [17/Feb/2013:07:00:23 +0600] "GET /pause/ajaxPause?pauseConfigId=&admin=0 HTTP/1.1" 200 985 "http://callider/pause/index" "Mozilla/4.0 (compatible; MSIE 7.0; Windows NT 6.1; Trident/5.0; SLCC2; .NET CLR 2.0.50727; .NET CLR 3.5.30729; .NET CLR 3.0.30729; Media Center PC 6.0; InfoPath.3; .NET4.0C; .NET4.0E)" 22548
192.168.74.78 - - [17/Feb/2013:07:00:24 +0600] "GET /pause/ajaxPause?pauseConfigId=&admin=0 HTTP/1.1" 200 986 "http://callider/pause/index" "Mozilla/4.0 (compatible; MSIE 7.0; Windows NT 6.1; WOW64; Trident/5.0; SLCC2; .NET CLR 2.0.50727; .NET CLR 3.5.30729; .NET CLR 3.0.30729; Media Center PC 6.0; InfoPath.3; .NET4.0C; MS-RTC LM 8; .NET4.0E)" 26359
192.168.12.60 - - [17/Feb/2013:07:00:25 +0600] "GET /pause/ajaxPause?pauseConfigId=&admin=0 HTTP/1.1" 200 986 "http://callider/pause/index" "Mozilla/4.0 (compatible; MSIE 8.0; Windows NT 6.1; Trident/4.0; InfoPath.3; .NET4.0C; MS-RTC LM 8; .NET4.0E)" 17187
192.168.12.69 - - [17/Feb/2013:07:00:25 +0600] "GET /pause/ajaxPause?pauseConfigId=&admin=0 HTTP/1.1" 200 986 "http://callider/pause/index" "Mozilla/4.0 (compatible; MSIE 7.0; Windows NT 6.1; Trident/5.0; SLCC2; .NET CLR 2.0.50727; .NET CLR 3.5.30729; .NET CLR 3.0.30729; Media Center PC 6.0; InfoPath.3; .NET4.0C; .NET4.0E; Tablet PC 2.0; AskTbFXTV5/5.14.1.20007)" 17652
192.168.12.204 - - [17/Feb/2013:07:00:25 +0600] "GET /pause/ajaxPause?pauseConfigId=&admin=0 HTTP/1.1" 200 986 "http://callider/pause/index" "Mozilla/4.0 (compatible; MSIE 7.0; Windows NT 6.1; WOW64; Trident/4.0; SLCC2; .NET CLR 2.0.50727; .NET CLR 3.5.30729; .NET CLR 3.0.30729; Media Center PC 6.0; InfoPath.3; .NET4.0C; .NET4.0E; .NET CLR 1.1.4322)" 18406
192.168.74.91 - - [17/Feb/2013:07:00:25 +0600] "GET /pause/ajaxPause?pauseConfigId=&admin=0 HTTP/1.1" 200 986 "http://callider/pause/index" "Mozilla/4.0 (compatible; MSIE 7.0; Windows NT 6.1; WOW64; Trident/5.0; SLCC2; .NET CLR 2.0.50727; .NET CLR 3.5.30729; .NET CLR 3.0.30729; Media Center PC 6.0; InfoPath.3; .NET4.0C; MS-RTC LM 8; .NET4.0E)" 18387
192.168.74.151 - - [17/Feb/2013:07:00:25 +0600] "GET /pause/ajaxPause?pauseConfigId=&admin=0 HTTP/1.1" 200 987 "http://callider.kontur/pause/index" "Mozilla/5.0 (Windows NT 6.1; WOW64; rv:18.0) Gecko/20100101 Firefox/18.0" 17681
192.168.12.210 - - [17/Feb/2013:07:00:25 +0600] "GET /pause/ajaxPause?pauseConfigId=all&admin=1 HTTP/1.1" 200 1047 "http://callider/pause/index" "Mozilla/4.0 (compatible; MSIE 7.0; Windows NT 6.1; WOW64; Trident/5.0; SLCC2; .NET CLR 2.0.50727; .NET CLR 3.5.30729; .NET CLR 3.0.30729; Media Center PC 6.0; InfoPath.3; .NET4.0C; .NET4.0E)" 18651
192.168.65.56 - - [17/Feb/2013:07:00:26 +0600] "GET /pause/ajaxPause?pauseConfigId=all&admin=1 HTTP/1.1" 200 1046 "http://192.168.65.101/pause/index" "Mozilla/5.0 (Windows NT 5.1; rv:15.0) Gecko/20100101 Firefox/15.0" 27335
192.168.12.61 - - [17/Feb/2013:07:00:28 +0600] "GET /pause/ajaxPause?pauseConfigId=&admin=0 HTTP/1.1" 200 986 "http://callider/pause/index" "Mozilla/4.0 (compatible; MSIE 7.0; Windows NT 6.1; Trident/5.0; SLCC2; .NET CLR 2.0.50727; .NET CLR 3.5.30729; .NET CLR 3.0.30729; Media Center PC 6.0; InfoPath.3; .NET4.0C; .NET4.0E)" 36526
192.168.74.78 - - [17/Feb/2013:07:00:29 +0600] "GET /pause/ajaxPause?pauseConfigId=&admin=0 HTTP/1.1" 200 986 "http://callider/pause/index" "Mozilla/4.0 (compatible; MSIE 7.0; Windows NT 6.1; WOW64; Trident/5.0; SLCC2; .NET CLR 2.0.50727; .NET CLR 3.5.30729; .NET CLR 3.0.30729; Media Center PC 6.0; InfoPath.3; .NET4.0C; MS-RTC LM 8; .NET4.0E)" 19755
192.168.12.60 - - [17/Feb/2013:07:00:30 +0600] "GET /pause/ajaxPause?pauseConfigId=&admin=0 HTTP/1.1" 200 986 "http://callider/pause/index" "Mozilla/4.0 (compatible; MSIE 8.0; Windows NT 6.1; Trident/4.0; InfoPath.3; .NET4.0C; MS-RTC LM 8; .NET4.0E)" 18725
192.168.12.69 - - [17/Feb/2013:07:00:30 +0600] "GET /pause/ajaxPause?pauseConfigId=&admin=0 HTTP/1.1" 200 986 "http://callider/pause/index" "Mozilla/4.0 (compatible; MSIE 7.0; Windows NT 6.1; Trident/5.0; SLCC2; .NET CLR 2.0.50727; .NET CLR 3.5.30729; .NET CLR 3.0.30729; Media Center PC 6.0; InfoPath.3; .NET4.0C; .NET4.0E; Tablet PC 2.0; AskTbFXTV5/5.14.1.20007)" 18846
192.168.12.204 - - [17/Feb/2013:07:00:30 +0600] "GET /pause/ajaxPause?pauseConfigId=&admin=0 HTTP/1.1" 200 986 "http://callider/pause/index" "Mozilla/4.0 (compatible; MSIE 7.0; Windows NT 6.1; WOW64; Trident/4.0; SLCC2; .NET CLR 2.0.50727; .NET CLR 3.5.30729; .NET CLR 3.0.30729; Media Center PC 6.0; InfoPath.3; .NET4.0C; .NET4.0E; .NET CLR 1.1.4322)" 21780
192.168.74.91 - - [17/Feb/2013:07:00:30 +0600] "GET /pause/ajaxPause?pauseConfigId=&admin=0 HTTP/1.1" 200 986 "http://callider/pause/index" "Mozilla/4.0 (compatible; MSIE 7.0; Windows NT 6.1; WOW64; Trident/5.0; SLCC2; .NET CLR 2.0.50727; .NET CLR 3.5.30729; .NET CLR 3.0.30729; Media Center PC 6.0; InfoPath.3; .NET4.0C; MS-RTC LM 8; .NET4.0E)" 20309
192.168.74.151 - - [17/Feb/2013:07:00:30 +0600] "GET /pause/ajaxPause?pauseConfigId=&admin=0 HTTP/1.1" 200 987 "http://callider.kontur/pause/index" "Mozilla/5.0 (Windows NT 6.1; WOW64; rv:18.0) Gecko/20100101 Firefox/18.0" 20557
192.168.12.210 - - [17/Feb/2013:07:00:30 +0600] "GET /pause/ajaxPause?pauseConfigId=all&admin=1 HTTP/1.1" 200 1047 "http://callider/pause/index" "Mozilla/4.0 (compatible; MSIE 7.0; Windows NT 6.1; WOW64; Trident/5.0; SLCC2; .NET CLR 2.0.50727; .NET CLR 3.5.30729; .NET CLR 3.0.30729; Media Center PC 6.0; InfoPath.3; .NET4.0C; .NET4.0E)" 22425
192.168.65.56 - - [17/Feb/2013:07:00:31 +0600] "GET /pause/ajaxPause?pauseConfigId=all&admin=1 HTTP/1.1" 200 1046 "http://192.168.65.101/pause/index" "Mozilla/5.0 (Windows NT 5.1; rv:15.0) Gecko/20100101 Firefox/15.0" 28673
192.168.12.61 - - [17/Feb/2013:07:00:33 +0600] "GET /pause/ajaxPause?pauseConfigId=&admin=0 HTTP/1.1" 200 985 "http://callider/pause/index" "Mozilla/4.0 (compatible; MSIE 7.0; Windows NT 6.1; Trident/5.0; SLCC2; .NET CLR 2.0.50727; .NET CLR 3.5.30729; .NET CLR 3.0.30729; Media Center PC 6.0; InfoPath.3; .NET4.0C; .NET4.0E)" 21140
192.168.74.78 - - [17/Feb/2013:07:00:34 +0600] "GET /pause/ajaxPause?pauseConfigId=&admin=0 HTTP/1.1" 200 986 "http://callider/pause/index" "Mozilla/4.0 (compatible; MSIE 7.0; Windows NT 6.1; WOW64; Trident/5.0; SLCC2; .NET CLR 2.0.50727; .NET CLR 3.5.30729; .NET CLR 3.0.30729; Media Center PC 6.0; InfoPath.3; .NET4.0C; MS-RTC LM 8; .NET4.0E)" 27926
192.168.12.67 - - [17/Feb/2013:07:00:34 +0600] "GET /tv/useUser HTTP/1.1" 200 432 "http://callider/graph/personal" "Mozilla/4.0 (compatible; MSIE 7.0; Windows NT 6.1; Trident/5.0; SLCC2; .NET CLR 2.0.50727; .NET CLR 3.5.30729; .NET CLR 3.0.30729; Media Center PC 6.0; .NET4.0C; .NET4.0E; InfoPath.3; Tablet PC 2.0; MS-RTC LM 8)" 30910
192.168.12.60 - - [17/Feb/2013:07:00:35 +0600] "GET /pause/ajaxPause?pauseConfigId=&admin=0 HTTP/1.1" 200 986 "http://callider/pause/index" "Mozilla/4.0 (compatible; MSIE 8.0; Windows NT 6.1; Trident/4.0; InfoPath.3; .NET4.0C; MS-RTC LM 8; .NET4.0E)" 23925
192.168.12.69 - - [17/Feb/2013:07:00:35 +0600] "GET /pause/ajaxPause?pauseConfigId=&admin=0 HTTP/1.1" 200 986 "http://callider/pause/index" "Mozilla/4.0 (compatible; MSIE 7.0; Windows NT 6.1; Trident/5.0; SLCC2; .NET CLR 2.0.50727; .NET CLR 3.5.30729; .NET CLR 3.0.30729; Media Center PC 6.0; InfoPath.3; .NET4.0C; .NET4.0E; Tablet PC 2.0; AskTbFXTV5/5.14.1.20007)" 20763
192.168.12.204 - - [17/Feb/2013:07:00:35 +0600] "GET /pause/ajaxPause?pauseConfigId=&admin=0 HTTP/1.1" 200 986 "http://callider/pause/index" "Mozilla/4.0 (compatible; MSIE 7.0; Windows NT 6.1; WOW64; Trident/4.0; SLCC2; .NET CLR 2.0.50727; .NET CLR 3.5.30729; .NET CLR 3.0.30729; Media Center PC 6.0; InfoPath.3; .NET4.0C; .NET4.0E; .NET CLR 1.1.4322)" 21689
192.168.74.91 - - [17/Feb/2013:07:00:35 +0600] "GET /pause/ajaxPause?pauseConfigId=&admin=0 HTTP/1.1" 200 986 "http://callider/pause/index" "Mozilla/4.0 (compatible; MSIE 7.0; Windows NT 6.1; WOW64; Trident/5.0; SLCC2; .NET CLR 2.0.50727; .NET CLR 3.5.30729; .NET CLR 3.0.30729; Media Center PC 6.0; InfoPath.3; .NET4.0C; MS-RTC LM 8; .NET4.0E)" 19238
192.168.74.151 - - [17/Feb/2013:07:00:35 +0600] "GET /pause/ajaxPause?pauseConfigId=&admin=0 HTTP/1.1" 200 987 "http://callider.kontur/pause/index" "Mozilla/5.0 (Windows NT 6.1; WOW64; rv:18.0) Gecko/20100101 Firefox/18.0" 23585
192.168.12.210 - - [17/Feb/2013:07:00:35 +0600] "GET /pause/ajaxPause?pauseConfigId=all&admin=1 HTTP/1.1" 200 1047 "http://callider/pause/index" "Mozilla/4.0 (compatible; MSIE 7.0; Windows NT 6.1; WOW64; Trident/5.0; SLCC2; .NET CLR 2.0.50727; .NET CLR 3.5.30729; .NET CLR 3.0.30729; Media Center PC 6.0; InfoPath.3; .NET4.0C; .NET4.0E)" 26274
192.168.65.56 - - [17/Feb/2013:07:00:36 +0600] "GET /pause/ajaxPause?pauseConfigId=all&admin=1 HTTP/1.1" 200 1046 "http://192.168.65.101/pause/index" "Mozilla/5.0 (Windows NT 5.1; rv:15.0) Gecko/20100101 Firefox/15.0" 31433
192.168.74.93 - - [17/Feb/2013:07:00:38 +0600] "GET /tv/useUser HTTP/1.1" 200 432 "http://callider/graph/personal" "Mozilla/4.0 (compatible; MSIE 7.0; Windows NT 6.1; WOW64; Trident/5.0; SLCC2; .NET CLR 2.0.50727; .NET CLR 3.5.30729; .NET CLR 3.0.30729; Media Center PC 6.0; InfoPath.3; .NET4.0C; .NET4.0E)" 23290
192.168.12.61 - - [17/Feb/2013:07:00:38 +0600] "GET /pause/ajaxPause?pauseConfigId=&admin=0 HTTP/1.1" 200 985 "http://callider/pause/index" "Mozilla/4.0 (compatible; MSIE 7.0; Windows NT 6.1; Trident/5.0; SLCC2; .NET CLR 2.0.50727; .NET CLR 3.5.30729; .NET CLR 3.0.30729; Media Center PC 6.0; InfoPath.3; .NET4.0C; .NET4.0E)" 21279
192.168.12.210 - - [17/Feb/2013:07:00:39 +0600] "GET /tv/useUser HTTP/1.1" 200 431 "http://callider/graph/general" "Mozilla/4.0 (compatible; MSIE 7.0; Windows NT 6.1; WOW64; Trident/5.0; SLCC2; .NET CLR 2.0.50727; .NET CLR 3.5.30729; .NET CLR 3.0.30729; Media Center PC 6.0; InfoPath.3; .NET4.0C; .NET4.0E)" 10022
192.168.74.78 - - [17/Feb/2013:07:00:39 +0600] "GET /pause/ajaxPause?pauseConfigId=&admin=0 HTTP/1.1" 200 986 "http://callider/pause/index" "Mozilla/4.0 (compatible; MSIE 7.0; Windows NT 6.1; WOW64; Trident/5.0; SLCC2; .NET CLR 2.0.50727; .NET CLR 3.5.30729; .NET CLR 3.0.30729; Media Center PC 6.0; InfoPath.3; .NET4.0C; MS-RTC LM 8; .NET4.0E)" 19410
192.168.12.60 - - [17/Feb/2013:07:00:40 +0600] "GET /pause/ajaxPause?pauseConfigId=&admin=0 HTTP/1.1" 200 986 "http://callider/pause/index" "Mozilla/4.0 (compatible; MSIE 8.0; Windows NT 6.1; Trident/4.0; InfoPath.3; .NET4.0C; MS-RTC LM 8; .NET4.0E)" 16338
192.168.12.69 - - [17/Feb/2013:07:00:40 +0600] "GET /pause/ajaxPause?pauseConfigId=&admin=0 HTTP/1.1" 200 986 "http://callider/pause/index" "Mozilla/4.0 (compatible; MSIE 7.0; Windows NT 6.1; Trident/5.0; SLCC2; .NET CLR 2.0.50727; .NET CLR 3.5.30729; .NET CLR 3.0.30729; Media Center PC 6.0; InfoPath.3; .NET4.0C; .NET4.0E; Tablet PC 2.0; AskTbFXTV5/5.14.1.20007)" 27671
192.168.12.204 - - [17/Feb/2013:07:00:40 +0600] "GET /pause/ajaxPause?pauseConfigId=&admin=0 HTTP/1.1" 200 986 "http://callider/pause/index" "Mozilla/4.0 (compatible; MSIE 7.0; Windows NT 6.1; WOW64; Trident/4.0; SLCC2; .NET CLR 2.0.50727; .NET CLR 3.5.30729; .NET CLR 3.0.30729; Media Center PC 6.0; InfoPath.3; .NET4.0C; .NET4.0E; .NET CLR 1.1.4322)" 24398
192.168.74.91 - - [17/Feb/2013:07:00:40 +0600] "GET /pause/ajaxPause?pauseConfigId=&admin=0 HTTP/1.1" 200 986 "http://callider/pause/index" "Mozilla/4.0 (compatible; MSIE 7.0; Windows NT 6.1; WOW64; Trident/5.0; SLCC2; .NET CLR 2.0.50727; .NET CLR 3.5.30729; .NET CLR 3.0.30729; Media Center PC 6.0; InfoPath.3; .NET4.0C; MS-RTC LM 8; .NET4.0E)" 20010
192.168.74.151 - - [17/Feb/2013:07:00:40 +0600] "GET /pause/ajaxPause?pauseConfigId=&admin=0 HTTP/1.1" 200 987 "http://callider.kontur/pause/index" "Mozilla/5.0 (Windows NT 6.1; WOW64; rv:18.0) Gecko/20100101 Firefox/18.0" 17924
192.168.12.210 - - [17/Feb/2013:07:00:40 +0600] "GET /pause/ajaxPause?pauseConfigId=all&admin=1 HTTP/1.1" 200 1047 "http://callider/pause/index" "Mozilla/4.0 (compatible; MSIE 7.0; Windows NT 6.1; WOW64; Trident/5.0; SLCC2; .NET CLR 2.0.50727; .NET CLR 3.5.30729; .NET CLR 3.0.30729; Media Center PC 6.0; InfoPath.3; .NET4.0C; .NET4.0E)" 18830
192.168.12.9 - - [17/Feb/2013:07:00:41 +0600] "GET /tv/useUser HTTP/1.1" 200 432 "http://callider.kontur/site/index" "Mozilla/5.0 (Windows NT 6.1; WOW64) AppleWebKit/537.17 (KHTML, like Gecko) Chrome/24.0.1312.57 Safari/537.17" 15755
192.168.65.56 - - [17/Feb/2013:07:00:41 +0600] "GET /pause/ajaxPause?pauseConfigId=all&admin=1 HTTP/1.1" 200 1046 "http://192.168.65.101/pause/index" "Mozilla/5.0 (Windows NT 5.1; rv:15.0) Gecko/20100101 Firefox/15.0" 28137
192.168.12.61 - - [17/Feb/2013:07:00:43 +0600] "GET /pause/ajaxPause?pauseConfigId=&admin=0 HTTP/1.1" 200 985 "http://callider/pause/index" "Mozilla/4.0 (compatible; MSIE 7.0; Windows NT 6.1; Trident/5.0; SLCC2; .NET CLR 2.0.50727; .NET CLR 3.5.30729; .NET CLR 3.0.30729; Media Center PC 6.0; InfoPath.3; .NET4.0C; .NET4.0E)" 18305
192.168.74.78 - - [17/Feb/2013:07:00:44 +0600] "GET /pause/ajaxPause?pauseConfigId=&admin=0 HTTP/1.1" 200 986 "http://callider/pause/index" "Mozilla/4.0 (compatible; MSIE 7.0; Windows NT 6.1; WOW64; Trident/5.0; SLCC2; .NET CLR 2.0.50727; .NET CLR 3.5.30729; .NET CLR 3.0.30729; Media Center PC 6.0; InfoPath.3; .NET4.0C; MS-RTC LM 8; .NET4.0E)" 19057
192.168.12.69 - - [17/Feb/2013:07:00:45 +0600] "GET /pause/ajaxPause?pauseConfigId=&admin=0 HTTP/1.1" 200 986 "http://callider/pause/index" "Mozilla/4.0 (compatible; MSIE 7.0; Windows NT 6.1; Trident/5.0; SLCC2; .NET CLR 2.0.50727; .NET CLR 3.5.30729; .NET CLR 3.0.30729; Media Center PC 6.0; InfoPath.3; .NET4.0C; .NET4.0E; Tablet PC 2.0; AskTbFXTV5/5.14.1.20007)" 25717
192.168.12.60 - - [17/Feb/2013:07:00:45 +0600] "GET /pause/ajaxPause?pauseConfigId=&admin=0 HTTP/1.1" 200 986 "http://callider/pause/index" "Mozilla/4.0 (compatible; MSIE 8.0; Windows NT 6.1; Trident/4.0; InfoPath.3; .NET4.0C; MS-RTC LM 8; .NET4.0E)" 18131
192.168.12.204 - - [17/Feb/2013:07:00:45 +0600] "GET /pause/ajaxPause?pauseConfigId=&admin=0 HTTP/1.1" 200 986 "http://callider/pause/index" "Mozilla/4.0 (compatible; MSIE 7.0; Windows NT 6.1; WOW64; Trident/4.0; SLCC2; .NET CLR 2.0.50727; .NET CLR 3.5.30729; .NET CLR 3.0.30729; Media Center PC 6.0; InfoPath.3; .NET4.0C; .NET4.0E; .NET CLR 1.1.4322)" 18466
192.168.74.91 - - [17/Feb/2013:07:00:45 +0600] "GET /pause/ajaxPause?pauseConfigId=&admin=0 HTTP/1.1" 200 986 "http://callider/pause/index" "Mozilla/4.0 (compatible; MSIE 7.0; Windows NT 6.1; WOW64; Trident/5.0; SLCC2; .NET CLR 2.0.50727; .NET CLR 3.5.30729; .NET CLR 3.0.30729; Media Center PC 6.0; InfoPath.3; .NET4.0C; MS-RTC LM 8; .NET4.0E)" 23732
192.168.74.151 - - [17/Feb/2013:07:00:45 +0600] "GET /pause/ajaxPause?pauseConfigId=&admin=0 HTTP/1.1" 200 987 "http://callider.kontur/pause/index" "Mozilla/5.0 (Windows NT 6.1; WOW64; rv:18.0) Gecko/20100101 Firefox/18.0" 18226
192.168.12.210 - - [17/Feb/2013:07:00:45 +0600] "GET /pause/ajaxPause?pauseConfigId=all&admin=1 HTTP/1.1" 200 1047 "http://callider/pause/index" "Mozilla/4.0 (compatible; MSIE 7.0; Windows NT 6.1; WOW64; Trident/5.0; SLCC2; .NET CLR 2.0.50727; .NET CLR 3.5.30729; .NET CLR 3.0.30729; Media Center PC 6.0; InfoPath.3; .NET4.0C; .NET4.0E)" 20281
192.168.65.56 - - [17/Feb/2013:07:00:46 +0600] "GET /pause/ajaxPause?pauseConfigId=all&admin=1 HTTP/1.1" 200 1046 "http://192.168.65.101/pause/index" "Mozilla/5.0 (Windows NT 5.1; rv:15.0) Gecko/20100101 Firefox/15.0" 33191
192.168.12.61 - - [17/Feb/2013:07:00:48 +0600] "GET /pause/ajaxPause?pauseConfigId=&admin=0 HTTP/1.1" 200 986 "http://callider/pause/index" "Mozilla/4.0 (compatible; MSIE 7.0; Windows NT 6.1; Trident/5.0; SLCC2; .NET CLR 2.0.50727; .NET CLR 3.5.30729; .NET CLR 3.0.30729; Media Center PC 6.0; InfoPath.3; .NET4.0C; .NET4.0E)" 26372
192.168.12.210 - - [17/Feb/2013:07:00:49 +0600] "GET /tv/useUser HTTP/1.1" 200 431 "http://callider/pause/index" "Mozilla/4.0 (compatible; MSIE 7.0; Windows NT 6.1; WOW64; Trident/5.0; SLCC2; .NET CLR 2.0.50727; .NET CLR 3.5.30729; .NET CLR 3.0.30729; Media Center PC 6.0; InfoPath.3; .NET4.0C; .NET4.0E)" 9796
192.168.74.78 - - [17/Feb/2013:07:00:49 +0600] "GET /pause/ajaxPause?pauseConfigId=&admin=0 HTTP/1.1" 200 986 "http://callider/pause/index" "Mozilla/4.0 (compatible; MSIE 7.0; Windows NT 6.1; WOW64; Trident/5.0; SLCC2; .NET CLR 2.0.50727; .NET CLR 3.5.30729; .NET CLR 3.0.30729; Media Center PC 6.0; InfoPath.3; .NET4.0C; MS-RTC LM 8; .NET4.0E)" 23804
192.168.12.69 - - [17/Feb/2013:07:00:50 +0600] "GET /pause/ajaxPause?pauseConfigId=&admin=0 HTTP/1.1" 200 986 "http://callider/pause/index" "Mozilla/4.0 (compatible; MSIE 7.0; Windows NT 6.1; Trident/5.0; SLCC2; .NET CLR 2.0.50727; .NET CLR 3.5.30729; .NET CLR 3.0.30729; Media Center PC 6.0; InfoPath.3; .NET4.0C; .NET4.0E; Tablet PC 2.0; AskTbFXTV5/5.14.1.20007)" 31892
192.168.12.60 - - [17/Feb/2013:07:00:50 +0600] "GET /pause/ajaxPause?pauseConfigId=&admin=0 HTTP/1.1" 200 986 "http://callider/pause/index" "Mozilla/4.0 (compatible; MSIE 8.0; Windows NT 6.1; Trident/4.0; InfoPath.3; .NET4.0C; MS-RTC LM 8; .NET4.0E)" 27435
192.168.12.204 - - [17/Feb/2013:07:00:50 +0600] "GET /pause/ajaxPause?pauseConfigId=&admin=0 HTTP/1.1" 200 986 "http://callider/pause/index" "Mozilla/4.0 (compatible; MSIE 7.0; Windows NT 6.1; WOW64; Trident/4.0; SLCC2; .NET CLR 2.0.50727; .NET CLR 3.5.30729; .NET CLR 3.0.30729; Media Center PC 6.0; InfoPath.3; .NET4.0C; .NET4.0E; .NET CLR 1.1.4322)" 19468
192.168.74.91 - - [17/Feb/2013:07:00:50 +0600] "GET /pause/ajaxPause?pauseConfigId=&admin=0 HTTP/1.1" 200 986 "http://callider/pause/index" "Mozilla/4.0 (compatible; MSIE 7.0; Windows NT 6.1; WOW64; Trident/5.0; SLCC2; .NET CLR 2.0.50727; .NET CLR 3.5.30729; .NET CLR 3.0.30729; Media Center PC 6.0; InfoPath.3; .NET4.0C; MS-RTC LM 8; .NET4.0E)" 22465
192.168.74.151 - - [17/Feb/2013:07:00:50 +0600] "GET /pause/ajaxPause?pauseConfigId=&admin=0 HTTP/1.1" 200 987 "http://callider.kontur/pause/index" "Mozilla/5.0 (Windows NT 6.1; WOW64; rv:18.0) Gecko/20100101 Firefox/18.0" 17991
192.168.12.210 - - [17/Feb/2013:07:00:50 +0600] "GET /pause/ajaxPause?pauseConfigId=all&admin=1 HTTP/1.1" 200 1047 "http://callider/pause/index" "Mozilla/4.0 (compatible; MSIE 7.0; Windows NT 6.1; WOW64; Trident/5.0; SLCC2; .NET CLR 2.0.50727; .NET CLR 3.5.30729; .NET CLR 3.0.30729; Media Center PC 6.0; InfoPath.3; .NET4.0C; .NET4.0E)" 18505
192.168.65.56 - - [17/Feb/2013:07:00:51 +0600] "GET /pause/ajaxPause?pauseConfigId=all&admin=1 HTTP/1.1" 200 1046 "http://192.168.65.101/pause/index" "Mozilla/5.0 (Windows NT 5.1; rv:15.0) Gecko/20100101 Firefox/15.0" 29417
192.168.65.56 - - [17/Feb/2013:07:00:51 +0600] "GET /tv/useUser HTTP/1.1" 200 431 "http://192.168.65.101/pause/index" "Mozilla/5.0 (Windows NT 5.1; rv:15.0) Gecko/20100101 Firefox/15.0" 10358
192.168.65.93 - - [17/Feb/2013:07:00:52 +0600] "GET / HTTP/1.1" 302 530 "-" "System Center 2012 - Operations Manager 7.0.9538.0" 14310
192.168.65.93 - - [17/Feb/2013:07:00:52 +0600] "GET /site/login HTTP/1.1" 200 2772 "-" "System Center 2012 - Operations Manager 7.0.9538.0" 15315
192.168.12.61 - - [17/Feb/2013:07:00:53 +0600] "GET /pause/ajaxPause?pauseConfigId=&admin=0 HTTP/1.1" 200 985 "http://callider/pause/index" "Mozilla/4.0 (compatible; MSIE 7.0; Windows NT 6.1; Trident/5.0; SLCC2; .NET CLR 2.0.50727; .NET CLR 3.5.30729; .NET CLR 3.0.30729; Media Center PC 6.0; InfoPath.3; .NET4.0C; .NET4.0E)" 20019
192.168.74.78 - - [17/Feb/2013:07:00:54 +0600] "GET /pause/ajaxPause?pauseConfigId=&admin=0 HTTP/1.1" 200 986 "http://callider/pause/index" "Mozilla/4.0 (compatible; MSIE 7.0; Windows NT 6.1; WOW64; Trident/5.0; SLCC2; .NET CLR 2.0.50727; .NET CLR 3.5.30729; .NET CLR 3.0.30729; Media Center PC 6.0; InfoPath.3; .NET4.0C; MS-RTC LM 8; .NET4.0E)" 20705
192.168.12.69 - - [17/Feb/2013:07:00:55 +0600] "GET /pause/ajaxPause?pauseConfigId=&admin=0 HTTP/1.1" 200 986 "http://callider/pause/index" "Mozilla/4.0 (compatible; MSIE 7.0; Windows NT 6.1; Trident/5.0; SLCC2; .NET CLR 2.0.50727; .NET CLR 3.5.30729; .NET CLR 3.0.30729; Media Center PC 6.0; InfoPath.3; .NET4.0C; .NET4.0E; Tablet PC 2.0; AskTbFXTV5/5.14.1.20007)" 21751
192.168.12.60 - - [17/Feb/2013:07:00:55 +0600] "GET /pause/ajaxPause?pauseConfigId=&admin=0 HTTP/1.1" 200 986 "http://callider/pause/index" "Mozilla/4.0 (compatible; MSIE 8.0; Windows NT 6.1; Trident/4.0; InfoPath.3; .NET4.0C; MS-RTC LM 8; .NET4.0E)" 16339
192.168.74.91 - - [17/Feb/2013:07:00:55 +0600] "GET /pause/ajaxPause?pauseConfigId=&admin=0 HTTP/1.1" 200 986 "http://callider/pause/index" "Mozilla/4.0 (compatible; MSIE 7.0; Windows NT 6.1; WOW64; Trident/5.0; SLCC2; .NET CLR 2.0.50727; .NET CLR 3.5.30729; .NET CLR 3.0.30729; Media Center PC 6.0; InfoPath.3; .NET4.0C; MS-RTC LM 8; .NET4.0E)" 21098
192.168.12.204 - - [17/Feb/2013:07:00:55 +0600] "GET /pause/ajaxPause?pauseConfigId=&admin=0 HTTP/1.1" 200 986 "http://callider/pause/index" "Mozilla/4.0 (compatible; MSIE 7.0; Windows NT 6.1; WOW64; Trident/4.0; SLCC2; .NET CLR 2.0.50727; .NET CLR 3.5.30729; .NET CLR 3.0.30729; Media Center PC 6.0; InfoPath.3; .NET4.0C; .NET4.0E; .NET CLR 1.1.4322)" 18642
192.168.74.151 - - [17/Feb/2013:07:00:55 +0600] "GET /pause/ajaxPause?pauseConfigId=&admin=0 HTTP/1.1" 200 987 "http://callider.kontur/pause/index" "Mozilla/5.0 (Windows NT 6.1; WOW64; rv:18.0) Gecko/20100101 Firefox/18.0" 17855
192.168.12.210 - - [17/Feb/2013:07:00:55 +0600] "GET /pause/ajaxPause?pauseConfigId=all&admin=1 HTTP/1.1" 200 1047 "http://callider/pause/index" "Mozilla/4.0 (compatible; MSIE 7.0; Windows NT 6.1; WOW64; Trident/5.0; SLCC2; .NET CLR 2.0.50727; .NET CLR 3.5.30729; .NET CLR 3.0.30729; Media Center PC 6.0; InfoPath.3; .NET4.0C; .NET4.0E)" 19947
192.168.65.56 - - [17/Feb/2013:07:00:56 +0600] "GET /pause/ajaxPause?pauseConfigId=all&admin=1 HTTP/1.1" 200 1046 "http://192.168.65.101/pause/index" "Mozilla/5.0 (Windows NT 5.1; rv:15.0) Gecko/20100101 Firefox/15.0" 28171
192.168.12.61 - - [17/Feb/2013:07:00:58 +0600] "GET /pause/ajaxPause?pauseConfigId=&admin=0 HTTP/1.1" 200 985 "http://callider/pause/index" "Mozilla/4.0 (compatible; MSIE 7.0; Windows NT 6.1; Trident/5.0; SLCC2; .NET CLR 2.0.50727; .NET CLR 3.5.30729; .NET CLR 3.0.30729; Media Center PC 6.0; InfoPath.3; .NET4.0C; .NET4.0E)" 19667
192.168.74.78 - - [17/Feb/2013:07:00:59 +0600] "GET /pause/ajaxPause?pauseConfigId=&admin=0 HTTP/1.1" 200 986 "http://callider/pause/index" "Mozilla/4.0 (compatible; MSIE 7.0; Windows NT 6.1; WOW64; Trident/5.0; SLCC2; .NET CLR 2.0.50727; .NET CLR 3.5.30729; .NET CLR 3.0.30729; Media Center PC 6.0; InfoPath.3; .NET4.0C; MS-RTC LM 8; .NET4.0E)" 24797
192.168.64.119 - - [17/Feb/2013:07:01:00 +0600] "HEAD / HTTP/1.0" 302 435 "-" "WhatsUp/1.0" 13293
192.168.12.69 - - [17/Feb/2013:07:01:00 +0600] "GET /pause/ajaxPause?pauseConfigId=&admin=0 HTTP/1.1" 200 986 "http://callider/pause/index" "Mozilla/4.0 (compatible; MSIE 7.0; Windows NT 6.1; Trident/5.0; SLCC2; .NET CLR 2.0.50727; .NET CLR 3.5.30729; .NET CLR 3.0.30729; Media Center PC 6.0; InfoPath.3; .NET4.0C; .NET4.0E; Tablet PC 2.0; AskTbFXTV5/5.14.1.20007)" 18041
192.168.12.60 - - [17/Feb/2013:07:01:00 +0600] "GET /pause/ajaxPause?pauseConfigId=&admin=0 HTTP/1.1" 200 986 "http://callider/pause/index" "Mozilla/4.0 (compatible; MSIE 8.0; Windows NT 6.1; Trident/4.0; InfoPath.3; .NET4.0C; MS-RTC LM 8; .NET4.0E)" 17601
192.168.74.91 - - [17/Feb/2013:07:01:00 +0600] "GET /pause/ajaxPause?pauseConfigId=&admin=0 HTTP/1.1" 200 986 "http://callider/pause/index" "Mozilla/4.0 (compatible; MSIE 7.0; Windows NT 6.1; WOW64; Trident/5.0; SLCC2; .NET CLR 2.0.50727; .NET CLR 3.5.30729; .NET CLR 3.0.30729; Media Center PC 6.0; InfoPath.3; .NET4.0C; MS-RTC LM 8; .NET4.0E)" 19620
192.168.12.204 - - [17/Feb/2013:07:01:00 +0600] "GET /pause/ajaxPause?pauseConfigId=&admin=0 HTTP/1.1" 200 986 "http://callider/pause/index" "Mozilla/4.0 (compatible; MSIE 7.0; Windows NT 6.1; WOW64; Trident/4.0; SLCC2; .NET CLR 2.0.50727; .NET CLR 3.5.30729; .NET CLR 3.0.30729; Media Center PC 6.0; InfoPath.3; .NET4.0C; .NET4.0E; .NET CLR 1.1.4322)" 21337
192.168.74.151 - - [17/Feb/2013:07:01:00 +0600] "GET /pause/ajaxPause?pauseConfigId=&admin=0 HTTP/1.1" 200 987 "http://callider.kontur/pause/index" "Mozilla/5.0 (Windows NT 6.1; WOW64; rv:18.0) Gecko/20100101 Firefox/18.0" 22946
192.168.12.210 - - [17/Feb/2013:07:01:00 +0600] "GET /pause/ajaxPause?pauseConfigId=all&admin=1 HTTP/1.1" 200 1047 "http://callider/pause/index" "Mozilla/4.0 (compatible; MSIE 7.0; Windows NT 6.1; WOW64; Trident/5.0; SLCC2; .NET CLR 2.0.50727; .NET CLR 3.5.30729; .NET CLR 3.0.30729; Media Center PC 6.0; InfoPath.3; .NET4.0C; .NET4.0E)" 18836
192.168.64.119 - - [17/Feb/2013:07:01:00 +0600] "GET / HTTP/1.1" 302 454 "-" "Mozilla/4.0 (compatible; MSIE 8.0; Windows NT 5.2; Trident/4.0)" 13758
192.168.64.119 - - [17/Feb/2013:07:01:00 +0600] "GET /site/login HTTP/1.1" 200 7423 "-" "Mozilla/4.0 (compatible; MSIE 8.0; Windows NT 5.2; Trident/4.0)" 23247
192.168.65.56 - - [17/Feb/2013:07:01:01 +0600] "GET /pause/ajaxPause?pauseConfigId=all&admin=1 HTTP/1.1" 200 1046 "http://192.168.65.101/pause/index" "Mozilla/5.0 (Windows NT 5.1; rv:15.0) Gecko/20100101 Firefox/15.0" 39009
192.168.12.61 - - [17/Feb/2013:07:01:03 +0600] "GET /pause/ajaxPause?pauseConfigId=&admin=0 HTTP/1.1" 200 985 "http://callider/pause/index" "Mozilla/4.0 (compatible; MSIE 7.0; Windows NT 6.1; Trident/5.0; SLCC2; .NET CLR 2.0.50727; .NET CLR 3.5.30729; .NET CLR 3.0.30729; Media Center PC 6.0; InfoPath.3; .NET4.0C; .NET4.0E)" 28396
192.168.74.78 - - [17/Feb/2013:07:01:04 +0600] "GET /pause/ajaxPause?pauseConfigId=&admin=0 HTTP/1.1" 200 986 "http://callider/pause/index" "Mozilla/4.0 (compatible; MSIE 7.0; Windows NT 6.1; WOW64; Trident/5.0; SLCC2; .NET CLR 2.0.50727; .NET CLR 3.5.30729; .NET CLR 3.0.30729; Media Center PC 6.0; InfoPath.3; .NET4.0C; MS-RTC LM 8; .NET4.0E)" 25761
192.168.12.69 - - [17/Feb/2013:07:01:05 +0600] "GET /pause/ajaxPause?pauseConfigId=&admin=0 HTTP/1.1" 200 986 "http://callider/pause/index" "Mozilla/4.0 (compatible; MSIE 7.0; Windows NT 6.1; Trident/5.0; SLCC2; .NET CLR 2.0.50727; .NET CLR 3.5.30729; .NET CLR 3.0.30729; Media Center PC 6.0; InfoPath.3; .NET4.0C; .NET4.0E; Tablet PC 2.0; AskTbFXTV5/5.14.1.20007)" 23516
192.168.12.60 - - [17/Feb/2013:07:01:05 +0600] "GET /pause/ajaxPause?pauseConfigId=&admin=0 HTTP/1.1" 200 986 "http://callider/pause/index" "Mozilla/4.0 (compatible; MSIE 8.0; Windows NT 6.1; Trident/4.0; InfoPath.3; .NET4.0C; MS-RTC LM 8; .NET4.0E)" 27398
192.168.12.61 - - [17/Feb/2013:07:01:05 +0600] "GET /tv/useUser HTTP/1.1" 200 431 "http://callider/pause/index" "Mozilla/4.0 (compatible; MSIE 7.0; Windows NT 6.1; Trident/5.0; SLCC2; .NET CLR 2.0.50727; .NET CLR 3.5.30729; .NET CLR 3.0.30729; Media Center PC 6.0; InfoPath.3; .NET4.0C; .NET4.0E)" 12673
192.168.74.91 - - [17/Feb/2013:07:01:05 +0600] "GET /pause/ajaxPause?pauseConfigId=&admin=0 HTTP/1.1" 200 986 "http://callider/pause/index" "Mozilla/4.0 (compatible; MSIE 7.0; Windows NT 6.1; WOW64; Trident/5.0; SLCC2; .NET CLR 2.0.50727; .NET CLR 3.5.30729; .NET CLR 3.0.30729; Media Center PC 6.0; InfoPath.3; .NET4.0C; MS-RTC LM 8; .NET4.0E)" 18792
192.168.12.204 - - [17/Feb/2013:07:01:05 +0600] "GET /pause/ajaxPause?pauseConfigId=&admin=0 HTTP/1.1" 200 986 "http://callider/pause/index" "Mozilla/4.0 (compatible; MSIE 7.0; Windows NT 6.1; WOW64; Trident/4.0; SLCC2; .NET CLR 2.0.50727; .NET CLR 3.5.30729; .NET CLR 3.0.30729; Media Center PC 6.0; InfoPath.3; .NET4.0C; .NET4.0E; .NET CLR 1.1.4322)" 27326
192.168.74.151 - - [17/Feb/2013:07:01:05 +0600] "GET /pause/ajaxPause?pauseConfigId=&admin=0 HTTP/1.1" 200 987 "http://callider.kontur/pause/index" "Mozilla/5.0 (Windows NT 6.1; WOW64; rv:18.0) Gecko/20100101 Firefox/18.0" 19475
192.168.12.210 - - [17/Feb/2013:07:01:05 +0600] "GET /pause/ajaxPause?pauseConfigId=all&admin=1 HTTP/1.1" 200 1047 "http://callider/pause/index" "Mozilla/4.0 (compatible; MSIE 7.0; Windows NT 6.1; WOW64; Trident/5.0; SLCC2; .NET CLR 2.0.50727; .NET CLR 3.5.30729; .NET CLR 3.0.30729; Media Center PC 6.0; InfoPath.3; .NET4.0C; .NET4.0E)" 20147
192.168.65.56 - - [17/Feb/2013:07:01:06 +0600] "GET /pause/ajaxPause?pauseConfigId=all&admin=1 HTTP/1.1" 200 1046 "http://192.168.65.101/pause/index" "Mozilla/5.0 (Windows NT 5.1; rv:15.0) Gecko/20100101 Firefox/15.0" 35055
192.168.12.61 - - [17/Feb/2013:07:01:08 +0600] "GET /pause/ajaxPause?pauseConfigId=&admin=0 HTTP/1.1" 200 985 "http://callider/pause/index" "Mozilla/4.0 (compatible; MSIE 7.0; Windows NT 6.1; Trident/5.0; SLCC2; .NET CLR 2.0.50727; .NET CLR 3.5.30729; .NET CLR 3.0.30729; Media Center PC 6.0; InfoPath.3; .NET4.0C; .NET4.0E)" 19928
192.168.74.78 - - [17/Feb/2013:07:01:09 +0600] "GET /pause/ajaxPause?pauseConfigId=&admin=0 HTTP/1.1" 200 986 "http://callider/pause/index" "Mozilla/4.0 (compatible; MSIE 7.0; Windows NT 6.1; WOW64; Trident/5.0; SLCC2; .NET CLR 2.0.50727; .NET CLR 3.5.30729; .NET CLR 3.0.30729; Media Center PC 6.0; InfoPath.3; .NET4.0C; MS-RTC LM 8; .NET4.0E)" 19259
192.168.12.69 - - [17/Feb/2013:07:01:10 +0600] "GET /pause/ajaxPause?pauseConfigId=&admin=0 HTTP/1.1" 200 986 "http://callider/pause/index" "Mozilla/4.0 (compatible; MSIE 7.0; Windows NT 6.1; Trident/5.0; SLCC2; .NET CLR 2.0.50727; .NET CLR 3.5.30729; .NET CLR 3.0.30729; Media Center PC 6.0; InfoPath.3; .NET4.0C; .NET4.0E; Tablet PC 2.0; AskTbFXTV5/5.14.1.20007)" 19092
192.168.12.60 - - [17/Feb/2013:07:01:10 +0600] "GET /pause/ajaxPause?pauseConfigId=&admin=0 HTTP/1.1" 200 986 "http://callider/pause/index" "Mozilla/4.0 (compatible; MSIE 8.0; Windows NT 6.1; Trident/4.0; InfoPath.3; .NET4.0C; MS-RTC LM 8; .NET4.0E)" 21079
192.168.74.91 - - [17/Feb/2013:07:01:10 +0600] "GET /pause/ajaxPause?pauseConfigId=&admin=0 HTTP/1.1" 200 986 "http://callider/pause/index" "Mozilla/4.0 (compatible; MSIE 7.0; Windows NT 6.1; WOW64; Trident/5.0; SLCC2; .NET CLR 2.0.50727; .NET CLR 3.5.30729; .NET CLR 3.0.30729; Media Center PC 6.0; InfoPath.3; .NET4.0C; MS-RTC LM 8; .NET4.0E)" 20949
192.168.74.151 - - [17/Feb/2013:07:01:10 +0600] "GET /pause/ajaxPause?pauseConfigId=&admin=0 HTTP/1.1" 200 987 "http://callider.kontur/pause/index" "Mozilla/5.0 (Windows NT 6.1; WOW64; rv:18.0) Gecko/20100101 Firefox/18.0" 19244
192.168.12.204 - - [17/Feb/2013:07:01:10 +0600] "GET /pause/ajaxPause?pauseConfigId=&admin=0 HTTP/1.1" 200 986 "http://callider/pause/index" "Mozilla/4.0 (compatible; MSIE 7.0; Windows NT 6.1; WOW64; Trident/4.0; SLCC2; .NET CLR 2.0.50727; .NET CLR 3.5.30729; .NET CLR 3.0.30729; Media Center PC 6.0; InfoPath.3; .NET4.0C; .NET4.0E; .NET CLR 1.1.4322)" 22775
192.168.12.210 - - [17/Feb/2013:07:01:10 +0600] "GET /pause/ajaxPause?pauseConfigId=all&admin=1 HTTP/1.1" 200 1047 "http://callider/pause/index" "Mozilla/4.0 (compatible; MSIE 7.0; Windows NT 6.1; WOW64; Trident/5.0; SLCC2; .NET CLR 2.0.50727; .NET CLR 3.5.30729; .NET CLR 3.0.30729; Media Center PC 6.0; InfoPath.3; .NET4.0C; .NET4.0E)" 27901
192.168.12.42 - - [17/Feb/2013:07:01:11 +0600] "GET /tv/useUser HTTP/1.1" 200 432 "http://callider/graph/personal" "Mozilla/4.0 (compatible; MSIE 7.0; Windows NT 6.1; WOW64; Trident/5.0; SLCC2; .NET CLR 2.0.50727; .NET CLR 3.5.30729; .NET CLR 3.0.30729; Media Center PC 6.0; InfoPath.3; .NET4.0C; .NET4.0E)" 19049
192.168.65.56 - - [17/Feb/2013:07:01:11 +0600] "GET /pause/ajaxPause?pauseConfigId=all&admin=1 HTTP/1.1" 200 1046 "http://192.168.65.101/pause/index" "Mozilla/5.0 (Windows NT 5.1; rv:15.0) Gecko/20100101 Firefox/15.0" 32690
192.168.74.151 - - [17/Feb/2013:07:01:13 +0600] "GET /tv/useUser HTTP/1.1" 200 431 "http://callider.kontur/graph/general" "Mozilla/5.0 (Windows NT 6.1; WOW64; rv:18.0) Gecko/20100101 Firefox/18.0" 9221
192.168.12.61 - - [17/Feb/2013:07:01:13 +0600] "GET /pause/ajaxPause?pauseConfigId=&admin=0 HTTP/1.1" 200 985 "http://callider/pause/index" "Mozilla/4.0 (compatible; MSIE 7.0; Windows NT 6.1; Trident/5.0; SLCC2; .NET CLR 2.0.50727; .NET CLR 3.5.30729; .NET CLR 3.0.30729; Media Center PC 6.0; InfoPath.3; .NET4.0C; .NET4.0E)" 21026
192.168.74.78 - - [17/Feb/2013:07:01:14 +0600] "GET /pause/ajaxPause?pauseConfigId=&admin=0 HTTP/1.1" 200 986 "http://callider/pause/index" "Mozilla/4.0 (compatible; MSIE 7.0; Windows NT 6.1; WOW64; Trident/5.0; SLCC2; .NET CLR 2.0.50727; .NET CLR 3.5.30729; .NET CLR 3.0.30729; Media Center PC 6.0; InfoPath.3; .NET4.0C; MS-RTC LM 8; .NET4.0E)" 19446
192.168.12.69 - - [17/Feb/2013:07:01:15 +0600] "GET /pause/ajaxPause?pauseConfigId=&admin=0 HTTP/1.1" 200 986 "http://callider/pause/index" "Mozilla/4.0 (compatible; MSIE 7.0; Windows NT 6.1; Trident/5.0; SLCC2; .NET CLR 2.0.50727; .NET CLR 3.5.30729; .NET CLR 3.0.30729; Media Center PC 6.0; InfoPath.3; .NET4.0C; .NET4.0E; Tablet PC 2.0; AskTbFXTV5/5.14.1.20007)" 20380
192.168.12.60 - - [17/Feb/2013:07:01:15 +0600] "GET /pause/ajaxPause?pauseConfigId=&admin=0 HTTP/1.1" 200 986 "http://callider/pause/index" "Mozilla/4.0 (compatible; MSIE 8.0; Windows NT 6.1; Trident/4.0; InfoPath.3; .NET4.0C; MS-RTC LM 8; .NET4.0E)" 15528
192.168.74.91 - - [17/Feb/2013:07:01:15 +0600] "GET /pause/ajaxPause?pauseConfigId=&admin=0 HTTP/1.1" 200 986 "http://callider/pause/index" "Mozilla/4.0 (compatible; MSIE 7.0; Windows NT 6.1; WOW64; Trident/5.0; SLCC2; .NET CLR 2.0.50727; .NET CLR 3.5.30729; .NET CLR 3.0.30729; Media Center PC 6.0; InfoPath.3; .NET4.0C; MS-RTC LM 8; .NET4.0E)" 18431
192.168.74.151 - - [17/Feb/2013:07:01:15 +0600] "GET /pause/ajaxPause?pauseConfigId=&admin=0 HTTP/1.1" 200 987 "http://callider.kontur/pause/index" "Mozilla/5.0 (Windows NT 6.1; WOW64; rv:18.0) Gecko/20100101 Firefox/18.0" 19716
192.168.74.151 - - [17/Feb/2013:07:01:15 +0600] "GET /tv/useUser HTTP/1.1" 200 432 "http://callider.kontur/pause/index" "Mozilla/5.0 (Windows NT 6.1; WOW64; rv:18.0) Gecko/20100101 Firefox/18.0" 17306
192.168.12.204 - - [17/Feb/2013:07:01:15 +0600] "GET /pause/ajaxPause?pauseConfigId=&admin=0 HTTP/1.1" 200 986 "http://callider/pause/index" "Mozilla/4.0 (compatible; MSIE 7.0; Windows NT 6.1; WOW64; Trident/4.0; SLCC2; .NET CLR 2.0.50727; .NET CLR 3.5.30729; .NET CLR 3.0.30729; Media Center PC 6.0; InfoPath.3; .NET4.0C; .NET4.0E; .NET CLR 1.1.4322)" 19788
192.168.12.210 - - [17/Feb/2013:07:01:15 +0600] "GET /pause/ajaxPause?pauseConfigId=all&admin=1 HTTP/1.1" 200 1047 "http://callider/pause/index" "Mozilla/4.0 (compatible; MSIE 7.0; Windows NT 6.1; WOW64; Trident/5.0; SLCC2; .NET CLR 2.0.50727; .NET CLR 3.5.30729; .NET CLR 3.0.30729; Media Center PC 6.0; InfoPath.3; .NET4.0C; .NET4.0E)" 18222
192.168.65.56 - - [17/Feb/2013:07:01:16 +0600] "GET /pause/ajaxPause?pauseConfigId=all&admin=1 HTTP/1.1" 200 1046 "http://192.168.65.101/pause/index" "Mozilla/5.0 (Windows NT 5.1; rv:15.0) Gecko/20100101 Firefox/15.0" 29229
192.168.12.61 - - [17/Feb/2013:07:01:18 +0600] "GET /pause/ajaxPause?pauseConfigId=&admin=0 HTTP/1.1" 200 986 "http://callider/pause/index" "Mozilla/4.0 (compatible; MSIE 7.0; Windows NT 6.1; Trident/5.0; SLCC2; .NET CLR 2.0.50727; .NET CLR 3.5.30729; .NET CLR 3.0.30729; Media Center PC 6.0; InfoPath.3; .NET4.0C; .NET4.0E)" 25794
192.168.74.78 - - [17/Feb/2013:07:01:19 +0600] "GET /pause/ajaxPause?pauseConfigId=&admin=0 HTTP/1.1" 200 986 "http://callider/pause/index" "Mozilla/4.0 (compatible; MSIE 7.0; Windows NT 6.1; WOW64; Trident/5.0; SLCC2; .NET CLR 2.0.50727; .NET CLR 3.5.30729; .NET CLR 3.0.30729; Media Center PC 6.0; InfoPath.3; .NET4.0C; MS-RTC LM 8; .NET4.0E)" 21553
192.168.12.10 - - [17/Feb/2013:07:01:19 +0600] "GET /tv/useUser HTTP/1.1" 200 432 "http://callider/graph/personal" "Mozilla/4.0 (compatible; MSIE 7.0; Windows NT 6.1; Trident/5.0; SLCC2; .NET CLR 2.0.50727; .NET CLR 3.5.30729; .NET CLR 3.0.30729; Media Center PC 6.0; InfoPath.3; .NET4.0C; .NET4.0E; Tablet PC 2.0; MS-RTC LM 8)" 15794
192.168.12.108 - - [17/Feb/2013:07:01:19 +0600] "GET /tv/useUser HTTP/1.1" 200 432 "http://callider/index.php" "Mozilla/4.0 (compatible; MSIE 7.0; Windows NT 6.2; WOW64; Trident/6.0; .NET4.0E; .NET4.0C; InfoPath.3; .NET CLR 3.5.30729; .NET CLR 2.0.50727; .NET CLR 3.0.30729)" 18587
192.168.12.69 - - [17/Feb/2013:07:01:20 +0600] "GET /pause/ajaxPause?pauseConfigId=&admin=0 HTTP/1.1" 200 986 "http://callider/pause/index" "Mozilla/4.0 (compatible; MSIE 7.0; Windows NT 6.1; Trident/5.0; SLCC2; .NET CLR 2.0.50727; .NET CLR 3.5.30729; .NET CLR 3.0.30729; Media Center PC 6.0; InfoPath.3; .NET4.0C; .NET4.0E; Tablet PC 2.0; AskTbFXTV5/5.14.1.20007)" 19222
192.168.12.60 - - [17/Feb/2013:07:01:20 +0600] "GET /pause/ajaxPause?pauseConfigId=&admin=0 HTTP/1.1" 200 986 "http://callider/pause/index" "Mozilla/4.0 (compatible; MSIE 8.0; Windows NT 6.1; Trident/4.0; InfoPath.3; .NET4.0C; MS-RTC LM 8; .NET4.0E)" 23435
192.168.74.91 - - [17/Feb/2013:07:01:20 +0600] "GET /pause/ajaxPause?pauseConfigId=&admin=0 HTTP/1.1" 200 986 "http://callider/pause/index" "Mozilla/4.0 (compatible; MSIE 7.0; Windows NT 6.1; WOW64; Trident/5.0; SLCC2; .NET CLR 2.0.50727; .NET CLR 3.5.30729; .NET CLR 3.0.30729; Media Center PC 6.0; InfoPath.3; .NET4.0C; MS-RTC LM 8; .NET4.0E)" 24508
192.168.74.151 - - [17/Feb/2013:07:01:20 +0600] "GET /pause/ajaxPause?pauseConfigId=&admin=0 HTTP/1.1" 200 987 "http://callider.kontur/pause/index" "Mozilla/5.0 (Windows NT 6.1; WOW64; rv:18.0) Gecko/20100101 Firefox/18.0" 21768
192.168.12.204 - - [17/Feb/2013:07:01:20 +0600] "GET /pause/ajaxPause?pauseConfigId=&admin=0 HTTP/1.1" 200 986 "http://callider/pause/index" "Mozilla/4.0 (compatible; MSIE 7.0; Windows NT 6.1; WOW64; Trident/4.0; SLCC2; .NET CLR 2.0.50727; .NET CLR 3.5.30729; .NET CLR 3.0.30729; Media Center PC 6.0; InfoPath.3; .NET4.0C; .NET4.0E; .NET CLR 1.1.4322)" 21529
192.168.12.210 - - [17/Feb/2013:07:01:20 +0600] "GET /pause/ajaxPause?pauseConfigId=all&admin=1 HTTP/1.1" 200 1047 "http://callider/pause/index" "Mozilla/4.0 (compatible; MSIE 7.0; Windows NT 6.1; WOW64; Trident/5.0; SLCC2; .NET CLR 2.0.50727; .NET CLR 3.5.30729; .NET CLR 3.0.30729; Media Center PC 6.0; InfoPath.3; .NET4.0C; .NET4.0E)" 19410
192.168.65.56 - - [17/Feb/2013:07:01:21 +0600] "GET /pause/ajaxPause?pauseConfigId=all&admin=1 HTTP/1.1" 200 1046 "http://192.168.65.101/pause/index" "Mozilla/5.0 (Windows NT 5.1; rv:15.0) Gecko/20100101 Firefox/15.0" 26753
192.168.12.61 - - [17/Feb/2013:07:01:23 +0600] "GET /pause/ajaxPause?pauseConfigId=&admin=0 HTTP/1.1" 200 985 "http://callider/pause/index" "Mozilla/4.0 (compatible; MSIE 7.0; Windows NT 6.1; Trident/5.0; SLCC2; .NET CLR 2.0.50727; .NET CLR 3.5.30729; .NET CLR 3.0.30729; Media Center PC 6.0; InfoPath.3; .NET4.0C; .NET4.0E)" 26407
192.168.74.78 - - [17/Feb/2013:07:01:24 +0600] "GET /pause/ajaxPause?pauseConfigId=&admin=0 HTTP/1.1" 200 986 "http://callider/pause/index" "Mozilla/4.0 (compatible; MSIE 7.0; Windows NT 6.1; WOW64; Trident/5.0; SLCC2; .NET CLR 2.0.50727; .NET CLR 3.5.30729; .NET CLR 3.0.30729; Media Center PC 6.0; InfoPath.3; .NET4.0C; MS-RTC LM 8; .NET4.0E)" 26727
192.168.12.69 - - [17/Feb/2013:07:01:25 +0600] "GET /pause/ajaxPause?pauseConfigId=&admin=0 HTTP/1.1" 200 986 "http://callider/pause/index" "Mozilla/4.0 (compatible; MSIE 7.0; Windows NT 6.1; Trident/5.0; SLCC2; .NET CLR 2.0.50727; .NET CLR 3.5.30729; .NET CLR 3.0.30729; Media Center PC 6.0; InfoPath.3; .NET4.0C; .NET4.0E; Tablet PC 2.0; AskTbFXTV5/5.14.1.20007)" 18245
192.168.12.60 - - [17/Feb/2013:07:01:25 +0600] "GET /pause/ajaxPause?pauseConfigId=&admin=0 HTTP/1.1" 200 986 "http://callider/pause/index" "Mozilla/4.0 (compatible; MSIE 8.0; Windows NT 6.1; Trident/4.0; InfoPath.3; .NET4.0C; MS-RTC LM 8; .NET4.0E)" 16621
192.168.74.91 - - [17/Feb/2013:07:01:25 +0600] "GET /pause/ajaxPause?pauseConfigId=&admin=0 HTTP/1.1" 200 986 "http://callider/pause/index" "Mozilla/4.0 (compatible; MSIE 7.0; Windows NT 6.1; WOW64; Trident/5.0; SLCC2; .NET CLR 2.0.50727; .NET CLR 3.5.30729; .NET CLR 3.0.30729; Media Center PC 6.0; InfoPath.3; .NET4.0C; MS-RTC LM 8; .NET4.0E)" 19424
192.168.74.151 - - [17/Feb/2013:07:01:25 +0600] "GET /pause/ajaxPause?pauseConfigId=&admin=0 HTTP/1.1" 200 987 "http://callider.kontur/pause/index" "Mozilla/5.0 (Windows NT 6.1; WOW64; rv:18.0) Gecko/20100101 Firefox/18.0" 22413
192.168.12.204 - - [17/Feb/2013:07:01:25 +0600] "GET /pause/ajaxPause?pauseConfigId=&admin=0 HTTP/1.1" 200 986 "http://callider/pause/index" "Mozilla/4.0 (compatible; MSIE 7.0; Windows NT 6.1; WOW64; Trident/4.0; SLCC2; .NET CLR 2.0.50727; .NET CLR 3.5.30729; .NET CLR 3.0.30729; Media Center PC 6.0; InfoPath.3; .NET4.0C; .NET4.0E; .NET CLR 1.1.4322)" 21841
192.168.12.210 - - [17/Feb/2013:07:01:25 +0600] "GET /pause/ajaxPause?pauseConfigId=all&admin=1 HTTP/1.1" 200 1047 "http://callider/pause/index" "Mozilla/4.0 (compatible; MSIE 7.0; Windows NT 6.1; WOW64; Trident/5.0; SLCC2; .NET CLR 2.0.50727; .NET CLR 3.5.30729; .NET CLR 3.0.30729; Media Center PC 6.0; InfoPath.3; .NET4.0C; .NET4.0E)" 22610
192.168.65.56 - - [17/Feb/2013:07:01:26 +0600] "GET /pause/ajaxPause?pauseConfigId=all&admin=1 HTTP/1.1" 200 1046 "http://192.168.65.101/pause/index" "Mozilla/5.0 (Windows NT 5.1; rv:15.0) Gecko/20100101 Firefox/15.0" 29122
192.168.12.61 - - [17/Feb/2013:07:01:28 +0600] "GET /pause/ajaxPause?pauseConfigId=&admin=0 HTTP/1.1" 200 985 "http://callider/pause/index" "Mozilla/4.0 (compatible; MSIE 7.0; Windows NT 6.1; Trident/5.0; SLCC2; .NET CLR 2.0.50727; .NET CLR 3.5.30729; .NET CLR 3.0.30729; Media Center PC 6.0; InfoPath.3; .NET4.0C; .NET4.0E)" 18982
192.168.74.78 - - [17/Feb/2013:07:01:29 +0600] "GET /pause/ajaxPause?pauseConfigId=&admin=0 HTTP/1.1" 200 986 "http://callider/pause/index" "Mozilla/4.0 (compatible; MSIE 7.0; Windows NT 6.1; WOW64; Trident/5.0; SLCC2; .NET CLR 2.0.50727; .NET CLR 3.5.30729; .NET CLR 3.0.30729; Media Center PC 6.0; InfoPath.3; .NET4.0C; MS-RTC LM 8; .NET4.0E)" 22568
192.168.12.69 - - [17/Feb/2013:07:01:30 +0600] "GET /pause/ajaxPause?pauseConfigId=&admin=0 HTTP/1.1" 200 986 "http://callider/pause/index" "Mozilla/4.0 (compatible; MSIE 7.0; Windows NT 6.1; Trident/5.0; SLCC2; .NET CLR 2.0.50727; .NET CLR 3.5.30729; .NET CLR 3.0.30729; Media Center PC 6.0; InfoPath.3; .NET4.0C; .NET4.0E; Tablet PC 2.0; AskTbFXTV5/5.14.1.20007)" 17973
192.168.12.60 - - [17/Feb/2013:07:01:30 +0600] "GET /pause/ajaxPause?pauseConfigId=&admin=0 HTTP/1.1" 200 986 "http://callider/pause/index" "Mozilla/4.0 (compatible; MSIE 8.0; Windows NT 6.1; Trident/4.0; InfoPath.3; .NET4.0C; MS-RTC LM 8; .NET4.0E)" 17800
192.168.74.91 - - [17/Feb/2013:07:01:30 +0600] "GET /pause/ajaxPause?pauseConfigId=&admin=0 HTTP/1.1" 200 986 "http://callider/pause/index" "Mozilla/4.0 (compatible; MSIE 7.0; Windows NT 6.1; WOW64; Trident/5.0; SLCC2; .NET CLR 2.0.50727; .NET CLR 3.5.30729; .NET CLR 3.0.30729; Media Center PC 6.0; InfoPath.3; .NET4.0C; MS-RTC LM 8; .NET4.0E)" 17694
192.168.74.151 - - [17/Feb/2013:07:01:30 +0600] "GET /pause/ajaxPause?pauseConfigId=&admin=0 HTTP/1.1" 200 987 "http://callider.kontur/pause/index" "Mozilla/5.0 (Windows NT 6.1; WOW64; rv:18.0) Gecko/20100101 Firefox/18.0" 19071
192.168.12.204 - - [17/Feb/2013:07:01:30 +0600] "GET /pause/ajaxPause?pauseConfigId=&admin=0 HTTP/1.1" 200 986 "http://callider/pause/index" "Mozilla/4.0 (compatible; MSIE 7.0; Windows NT 6.1; WOW64; Trident/4.0; SLCC2; .NET CLR 2.0.50727; .NET CLR 3.5.30729; .NET CLR 3.0.30729; Media Center PC 6.0; InfoPath.3; .NET4.0C; .NET4.0E; .NET CLR 1.1.4322)" 20501
192.168.12.210 - - [17/Feb/2013:07:01:30 +0600] "GET /pause/ajaxPause?pauseConfigId=all&admin=1 HTTP/1.1" 200 1047 "http://callider/pause/index" "Mozilla/4.0 (compatible; MSIE 7.0; Windows NT 6.1; WOW64; Trident/5.0; SLCC2; .NET CLR 2.0.50727; .NET CLR 3.5.30729; .NET CLR 3.0.30729; Media Center PC 6.0; InfoPath.3; .NET4.0C; .NET4.0E)" 21516
192.168.65.56 - - [17/Feb/2013:07:01:31 +0600] "GET /pause/ajaxPause?pauseConfigId=all&admin=1 HTTP/1.1" 200 1046 "http://192.168.65.101/pause/index" "Mozilla/5.0 (Windows NT 5.1; rv:15.0) Gecko/20100101 Firefox/15.0" 26806
192.168.12.61 - - [17/Feb/2013:07:01:33 +0600] "GET /pause/ajaxPause?pauseConfigId=&admin=0 HTTP/1.1" 200 985 "http://callider/pause/index" "Mozilla/4.0 (compatible; MSIE 7.0; Windows NT 6.1; Trident/5.0; SLCC2; .NET CLR 2.0.50727; .NET CLR 3.5.30729; .NET CLR 3.0.30729; Media Center PC 6.0; InfoPath.3; .NET4.0C; .NET4.0E)" 19529
192.168.74.78 - - [17/Feb/2013:07:01:34 +0600] "GET /pause/ajaxPause?pauseConfigId=&admin=0 HTTP/1.1" 200 986 "http://callider/pause/index" "Mozilla/4.0 (compatible; MSIE 7.0; Windows NT 6.1; WOW64; Trident/5.0; SLCC2; .NET CLR 2.0.50727; .NET CLR 3.5.30729; .NET CLR 3.0.30729; Media Center PC 6.0; InfoPath.3; .NET4.0C; MS-RTC LM 8; .NET4.0E)" 20094
192.168.12.67 - - [17/Feb/2013:07:01:34 +0600] "GET /tv/useUser HTTP/1.1" 200 432 "http://callider/graph/personal" "Mozilla/4.0 (compatible; MSIE 7.0; Windows NT 6.1; Trident/5.0; SLCC2; .NET CLR 2.0.50727; .NET CLR 3.5.30729; .NET CLR 3.0.30729; Media Center PC 6.0; .NET4.0C; .NET4.0E; InfoPath.3; Tablet PC 2.0; MS-RTC LM 8)" 20128
192.168.12.69 - - [17/Feb/2013:07:01:35 +0600] "GET /pause/ajaxPause?pauseConfigId=&admin=0 HTTP/1.1" 200 986 "http://callider/pause/index" "Mozilla/4.0 (compatible; MSIE 7.0; Windows NT 6.1; Trident/5.0; SLCC2; .NET CLR 2.0.50727; .NET CLR 3.5.30729; .NET CLR 3.0.30729; Media Center PC 6.0; InfoPath.3; .NET4.0C; .NET4.0E; Tablet PC 2.0; AskTbFXTV5/5.14.1.20007)" 18615
192.168.12.60 - - [17/Feb/2013:07:01:35 +0600] "GET /pause/ajaxPause?pauseConfigId=&admin=0 HTTP/1.1" 200 986 "http://callider/pause/index" "Mozilla/4.0 (compatible; MSIE 8.0; Windows NT 6.1; Trident/4.0; InfoPath.3; .NET4.0C; MS-RTC LM 8; .NET4.0E)" 16693
192.168.74.91 - - [17/Feb/2013:07:01:35 +0600] "GET /pause/ajaxPause?pauseConfigId=&admin=0 HTTP/1.1" 200 986 "http://callider/pause/index" "Mozilla/4.0 (compatible; MSIE 7.0; Windows NT 6.1; WOW64; Trident/5.0; SLCC2; .NET CLR 2.0.50727; .NET CLR 3.5.30729; .NET CLR 3.0.30729; Media Center PC 6.0; InfoPath.3; .NET4.0C; MS-RTC LM 8; .NET4.0E)" 18521
192.168.74.151 - - [17/Feb/2013:07:01:35 +0600] "GET /pause/ajaxPause?pauseConfigId=&admin=0 HTTP/1.1" 200 987 "http://callider.kontur/pause/index" "Mozilla/5.0 (Windows NT 6.1; WOW64; rv:18.0) Gecko/20100101 Firefox/18.0" 18640
192.168.12.204 - - [17/Feb/2013:07:01:35 +0600] "GET /pause/ajaxPause?pauseConfigId=&admin=0 HTTP/1.1" 200 986 "http://callider/pause/index" "Mozilla/4.0 (compatible; MSIE 7.0; Windows NT 6.1; WOW64; Trident/4.0; SLCC2; .NET CLR 2.0.50727; .NET CLR 3.5.30729; .NET CLR 3.0.30729; Media Center PC 6.0; InfoPath.3; .NET4.0C; .NET4.0E; .NET CLR 1.1.4322)" 18521
192.168.12.210 - - [17/Feb/2013:07:01:35 +0600] "GET /pause/ajaxPause?pauseConfigId=all&admin=1 HTTP/1.1" 200 1047 "http://callider/pause/index" "Mozilla/4.0 (compatible; MSIE 7.0; Windows NT 6.1; WOW64; Trident/5.0; SLCC2; .NET CLR 2.0.50727; .NET CLR 3.5.30729; .NET CLR 3.0.30729; Media Center PC 6.0; InfoPath.3; .NET4.0C; .NET4.0E)" 19718
192.168.65.56 - - [17/Feb/2013:07:01:36 +0600] "GET /pause/ajaxPause?pauseConfigId=all&admin=1 HTTP/1.1" 200 1046 "http://192.168.65.101/pause/index" "Mozilla/5.0 (Windows NT 5.1; rv:15.0) Gecko/20100101 Firefox/15.0" 27207
192.168.74.93 - - [17/Feb/2013:07:01:38 +0600] "GET /tv/useUser HTTP/1.1" 200 432 "http://callider/graph/personal" "Mozilla/4.0 (compatible; MSIE 7.0; Windows NT 6.1; WOW64; Trident/5.0; SLCC2; .NET CLR 2.0.50727; .NET CLR 3.5.30729; .NET CLR 3.0.30729; Media Center PC 6.0; InfoPath.3; .NET4.0C; .NET4.0E)" 21199
192.168.12.61 - - [17/Feb/2013:07:01:38 +0600] "GET /pause/ajaxPause?pauseConfigId=&admin=0 HTTP/1.1" 200 985 "http://callider/pause/index" "Mozilla/4.0 (compatible; MSIE 7.0; Windows NT 6.1; Trident/5.0; SLCC2; .NET CLR 2.0.50727; .NET CLR 3.5.30729; .NET CLR 3.0.30729; Media Center PC 6.0; InfoPath.3; .NET4.0C; .NET4.0E)" 21613
192.168.12.210 - - [17/Feb/2013:07:01:39 +0600] "GET /tv/useUser HTTP/1.1" 200 431 "http://callider/graph/general" "Mozilla/4.0 (compatible; MSIE 7.0; Windows NT 6.1; WOW64; Trident/5.0; SLCC2; .NET CLR 2.0.50727; .NET CLR 3.5.30729; .NET CLR 3.0.30729; Media Center PC 6.0; InfoPath.3; .NET4.0C; .NET4.0E)" 9567
192.168.74.78 - - [17/Feb/2013:07:01:39 +0600] "GET /pause/ajaxPause?pauseConfigId=&admin=0 HTTP/1.1" 200 986 "http://callider/pause/index" "Mozilla/4.0 (compatible; MSIE 7.0; Windows NT 6.1; WOW64; Trident/5.0; SLCC2; .NET CLR 2.0.50727; .NET CLR 3.5.30729; .NET CLR 3.0.30729; Media Center PC 6.0; InfoPath.3; .NET4.0C; MS-RTC LM 8; .NET4.0E)" 25771
192.168.12.69 - - [17/Feb/2013:07:01:40 +0600] "GET /pause/ajaxPause?pauseConfigId=&admin=0 HTTP/1.1" 200 986 "http://callider/pause/index" "Mozilla/4.0 (compatible; MSIE 7.0; Windows NT 6.1; Trident/5.0; SLCC2; .NET CLR 2.0.50727; .NET CLR 3.5.30729; .NET CLR 3.0.30729; Media Center PC 6.0; InfoPath.3; .NET4.0C; .NET4.0E; Tablet PC 2.0; AskTbFXTV5/5.14.1.20007)" 23180
192.168.12.60 - - [17/Feb/2013:07:01:40 +0600] "GET /pause/ajaxPause?pauseConfigId=&admin=0 HTTP/1.1" 200 986 "http://callider/pause/index" "Mozilla/4.0 (compatible; MSIE 8.0; Windows NT 6.1; Trident/4.0; InfoPath.3; .NET4.0C; MS-RTC LM 8; .NET4.0E)" 19926
192.168.74.91 - - [17/Feb/2013:07:01:40 +0600] "GET /pause/ajaxPause?pauseConfigId=&admin=0 HTTP/1.1" 200 986 "http://callider/pause/index" "Mozilla/4.0 (compatible; MSIE 7.0; Windows NT 6.1; WOW64; Trident/5.0; SLCC2; .NET CLR 2.0.50727; .NET CLR 3.5.30729; .NET CLR 3.0.30729; Media Center PC 6.0; InfoPath.3; .NET4.0C; MS-RTC LM 8; .NET4.0E)" 19600
192.168.74.151 - - [17/Feb/2013:07:01:40 +0600] "GET /pause/ajaxPause?pauseConfigId=&admin=0 HTTP/1.1" 200 987 "http://callider.kontur/pause/index" "Mozilla/5.0 (Windows NT 6.1; WOW64; rv:18.0) Gecko/20100101 Firefox/18.0" 19790
192.168.12.204 - - [17/Feb/2013:07:01:40 +0600] "GET /pause/ajaxPause?pauseConfigId=&admin=0 HTTP/1.1" 200 986 "http://callider/pause/index" "Mozilla/4.0 (compatible; MSIE 7.0; Windows NT 6.1; WOW64; Trident/4.0; SLCC2; .NET CLR 2.0.50727; .NET CLR 3.5.30729; .NET CLR 3.0.30729; Media Center PC 6.0; InfoPath.3; .NET4.0C; .NET4.0E; .NET CLR 1.1.4322)" 30432
192.168.12.210 - - [17/Feb/2013:07:01:40 +0600] "GET /pause/ajaxPause?pauseConfigId=all&admin=1 HTTP/1.1" 200 1047 "http://callider/pause/index" "Mozilla/4.0 (compatible; MSIE 7.0; Windows NT 6.1; WOW64; Trident/5.0; SLCC2; .NET CLR 2.0.50727; .NET CLR 3.5.30729; .NET CLR 3.0.30729; Media Center PC 6.0; InfoPath.3; .NET4.0C; .NET4.0E)" 21131
192.168.12.9 - - [17/Feb/2013:07:01:41 +0600] "GET /tv/useUser HTTP/1.1" 200 432 "http://callider.kontur/site/index" "Mozilla/5.0 (Windows NT 6.1; WOW64) AppleWebKit/537.17 (KHTML, like Gecko) Chrome/24.0.1312.57 Safari/537.17" 22227
192.168.65.56 - - [17/Feb/2013:07:01:41 +0600] "GET /pause/ajaxPause?pauseConfigId=all&admin=1 HTTP/1.1" 200 1046 "http://192.168.65.101/pause/index" "Mozilla/5.0 (Windows NT 5.1; rv:15.0) Gecko/20100101 Firefox/15.0" 33507
192.168.12.61 - - [17/Feb/2013:07:01:43 +0600] "GET /pause/ajaxPause?pauseConfigId=&admin=0 HTTP/1.1" 200 985 "http://callider/pause/index" "Mozilla/4.0 (compatible; MSIE 7.0; Windows NT 6.1; Trident/5.0; SLCC2; .NET CLR 2.0.50727; .NET CLR 3.5.30729; .NET CLR 3.0.30729; Media Center PC 6.0; InfoPath.3; .NET4.0C; .NET4.0E)" 18605
192.168.74.78 - - [17/Feb/2013:07:01:44 +0600] "GET /pause/ajaxPause?pauseConfigId=&admin=0 HTTP/1.1" 200 986 "http://callider/pause/index" "Mozilla/4.0 (compatible; MSIE 7.0; Windows NT 6.1; WOW64; Trident/5.0; SLCC2; .NET CLR 2.0.50727; .NET CLR 3.5.30729; .NET CLR 3.0.30729; Media Center PC 6.0; InfoPath.3; .NET4.0C; MS-RTC LM 8; .NET4.0E)" 19999
192.168.12.69 - - [17/Feb/2013:07:01:45 +0600] "GET /pause/ajaxPause?pauseConfigId=&admin=0 HTTP/1.1" 200 986 "http://callider/pause/index" "Mozilla/4.0 (compatible; MSIE 7.0; Windows NT 6.1; Trident/5.0; SLCC2; .NET CLR 2.0.50727; .NET CLR 3.5.30729; .NET CLR 3.0.30729; Media Center PC 6.0; InfoPath.3; .NET4.0C; .NET4.0E; Tablet PC 2.0; AskTbFXTV5/5.14.1.20007)" 25887
192.168.12.60 - - [17/Feb/2013:07:01:45 +0600] "GET /pause/ajaxPause?pauseConfigId=&admin=0 HTTP/1.1" 200 986 "http://callider/pause/index" "Mozilla/4.0 (compatible; MSIE 8.0; Windows NT 6.1; Trident/4.0; InfoPath.3; .NET4.0C; MS-RTC LM 8; .NET4.0E)" 15769
192.168.74.91 - - [17/Feb/2013:07:01:45 +0600] "GET /pause/ajaxPause?pauseConfigId=&admin=0 HTTP/1.1" 200 986 "http://callider/pause/index" "Mozilla/4.0 (compatible; MSIE 7.0; Windows NT 6.1; WOW64; Trident/5.0; SLCC2; .NET CLR 2.0.50727; .NET CLR 3.5.30729; .NET CLR 3.0.30729; Media Center PC 6.0; InfoPath.3; .NET4.0C; MS-RTC LM 8; .NET4.0E)" 21264
192.168.74.151 - - [17/Feb/2013:07:01:45 +0600] "GET /pause/ajaxPause?pauseConfigId=&admin=0 HTTP/1.1" 200 987 "http://callider.kontur/pause/index" "Mozilla/5.0 (Windows NT 6.1; WOW64; rv:18.0) Gecko/20100101 Firefox/18.0" 18533
192.168.12.204 - - [17/Feb/2013:07:01:45 +0600] "GET /pause/ajaxPause?pauseConfigId=&admin=0 HTTP/1.1" 200 986 "http://callider/pause/index" "Mozilla/4.0 (compatible; MSIE 7.0; Windows NT 6.1; WOW64; Trident/4.0; SLCC2; .NET CLR 2.0.50727; .NET CLR 3.5.30729; .NET CLR 3.0.30729; Media Center PC 6.0; InfoPath.3; .NET4.0C; .NET4.0E; .NET CLR 1.1.4322)" 23455
192.168.12.210 - - [17/Feb/2013:07:01:45 +0600] "GET /pause/ajaxPause?pauseConfigId=all&admin=1 HTTP/1.1" 200 1047 "http://callider/pause/index" "Mozilla/4.0 (compatible; MSIE 7.0; Windows NT 6.1; WOW64; Trident/5.0; SLCC2; .NET CLR 2.0.50727; .NET CLR 3.5.30729; .NET CLR 3.0.30729; Media Center PC 6.0; InfoPath.3; .NET4.0C; .NET4.0E)" 22084
192.168.65.56 - - [17/Feb/2013:07:01:46 +0600] "GET /pause/ajaxPause?pauseConfigId=all&admin=1 HTTP/1.1" 200 1046 "http://192.168.65.101/pause/index" "Mozilla/5.0 (Windows NT 5.1; rv:15.0) Gecko/20100101 Firefox/15.0" 27734
192.168.12.61 - - [17/Feb/2013:07:01:48 +0600] "GET /pause/ajaxPause?pauseConfigId=&admin=0 HTTP/1.1" 200 985 "http://callider/pause/index" "Mozilla/4.0 (compatible; MSIE 7.0; Windows NT 6.1; Trident/5.0; SLCC2; .NET CLR 2.0.50727; .NET CLR 3.5.30729; .NET CLR 3.0.30729; Media Center PC 6.0; InfoPath.3; .NET4.0C; .NET4.0E)" 22161
192.168.12.210 - - [17/Feb/2013:07:01:49 +0600] "GET /tv/useUser HTTP/1.1" 200 431 "http://callider/pause/index" "Mozilla/4.0 (compatible; MSIE 7.0; Windows NT 6.1; WOW64; Trident/5.0; SLCC2; .NET CLR 2.0.50727; .NET CLR 3.5.30729; .NET CLR 3.0.30729; Media Center PC 6.0; InfoPath.3; .NET4.0C; .NET4.0E)" 11846
192.168.74.78 - - [17/Feb/2013:07:01:49 +0600] "GET /pause/ajaxPause?pauseConfigId=&admin=0 HTTP/1.1" 200 986 "http://callider/pause/index" "Mozilla/4.0 (compatible; MSIE 7.0; Windows NT 6.1; WOW64; Trident/5.0; SLCC2; .NET CLR 2.0.50727; .NET CLR 3.5.30729; .NET CLR 3.0.30729; Media Center PC 6.0; InfoPath.3; .NET4.0C; MS-RTC LM 8; .NET4.0E)" 20261
192.168.12.69 - - [17/Feb/2013:07:01:50 +0600] "GET /pause/ajaxPause?pauseConfigId=&admin=0 HTTP/1.1" 200 986 "http://callider/pause/index" "Mozilla/4.0 (compatible; MSIE 7.0; Windows NT 6.1; Trident/5.0; SLCC2; .NET CLR 2.0.50727; .NET CLR 3.5.30729; .NET CLR 3.0.30729; Media Center PC 6.0; InfoPath.3; .NET4.0C; .NET4.0E; Tablet PC 2.0; AskTbFXTV5/5.14.1.20007)" 19529
192.168.12.60 - - [17/Feb/2013:07:01:50 +0600] "GET /pause/ajaxPause?pauseConfigId=&admin=0 HTTP/1.1" 200 986 "http://callider/pause/index" "Mozilla/4.0 (compatible; MSIE 8.0; Windows NT 6.1; Trident/4.0; InfoPath.3; .NET4.0C; MS-RTC LM 8; .NET4.0E)" 16645
192.168.74.91 - - [17/Feb/2013:07:01:50 +0600] "GET /pause/ajaxPause?pauseConfigId=&admin=0 HTTP/1.1" 200 986 "http://callider/pause/index" "Mozilla/4.0 (compatible; MSIE 7.0; Windows NT 6.1; WOW64; Trident/5.0; SLCC2; .NET CLR 2.0.50727; .NET CLR 3.5.30729; .NET CLR 3.0.30729; Media Center PC 6.0; InfoPath.3; .NET4.0C; MS-RTC LM 8; .NET4.0E)" 22718
192.168.74.151 - - [17/Feb/2013:07:01:50 +0600] "GET /pause/ajaxPause?pauseConfigId=&admin=0 HTTP/1.1" 200 987 "http://callider.kontur/pause/index" "Mozilla/5.0 (Windows NT 6.1; WOW64; rv:18.0) Gecko/20100101 Firefox/18.0" 22410
192.168.12.204 - - [17/Feb/2013:07:01:50 +0600] "GET /pause/ajaxPause?pauseConfigId=&admin=0 HTTP/1.1" 200 986 "http://callider/pause/index" "Mozilla/4.0 (compatible; MSIE 7.0; Windows NT 6.1; WOW64; Trident/4.0; SLCC2; .NET CLR 2.0.50727; .NET CLR 3.5.30729; .NET CLR 3.0.30729; Media Center PC 6.0; InfoPath.3; .NET4.0C; .NET4.0E; .NET CLR 1.1.4322)" 23532
192.168.12.210 - - [17/Feb/2013:07:01:50 +0600] "GET /pause/ajaxPause?pauseConfigId=all&admin=1 HTTP/1.1" 200 1047 "http://callider/pause/index" "Mozilla/4.0 (compatible; MSIE 7.0; Windows NT 6.1; WOW64; Trident/5.0; SLCC2; .NET CLR 2.0.50727; .NET CLR 3.5.30729; .NET CLR 3.0.30729; Media Center PC 6.0; InfoPath.3; .NET4.0C; .NET4.0E)" 18877
192.168.65.56 - - [17/Feb/2013:07:01:51 +0600] "GET /pause/ajaxPause?pauseConfigId=all&admin=1 HTTP/1.1" 200 1046 "http://192.168.65.101/pause/index" "Mozilla/5.0 (Windows NT 5.1; rv:15.0) Gecko/20100101 Firefox/15.0" 26604
192.168.65.56 - - [17/Feb/2013:07:01:51 +0600] "GET /tv/useUser HTTP/1.1" 200 431 "http://192.168.65.101/pause/index" "Mozilla/5.0 (Windows NT 5.1; rv:15.0) Gecko/20100101 Firefox/15.0" 13377
192.168.12.61 - - [17/Feb/2013:07:01:53 +0600] "GET /pause/ajaxPause?pauseConfigId=&admin=0 HTTP/1.1" 200 985 "http://callider/pause/index" "Mozilla/4.0 (compatible; MSIE 7.0; Windows NT 6.1; Trident/5.0; SLCC2; .NET CLR 2.0.50727; .NET CLR 3.5.30729; .NET CLR 3.0.30729; Media Center PC 6.0; InfoPath.3; .NET4.0C; .NET4.0E)" 19934
192.168.74.78 - - [17/Feb/2013:07:01:54 +0600] "GET /pause/ajaxPause?pauseConfigId=&admin=0 HTTP/1.1" 200 986 "http://callider/pause/index" "Mozilla/4.0 (compatible; MSIE 7.0; Windows NT 6.1; WOW64; Trident/5.0; SLCC2; .NET CLR 2.0.50727; .NET CLR 3.5.30729; .NET CLR 3.0.30729; Media Center PC 6.0; InfoPath.3; .NET4.0C; MS-RTC LM 8; .NET4.0E)" 19852
192.168.12.69 - - [17/Feb/2013:07:01:55 +0600] "GET /pause/ajaxPause?pauseConfigId=&admin=0 HTTP/1.1" 200 986 "http://callider/pause/index" "Mozilla/4.0 (compatible; MSIE 7.0; Windows NT 6.1; Trident/5.0; SLCC2; .NET CLR 2.0.50727; .NET CLR 3.5.30729; .NET CLR 3.0.30729; Media Center PC 6.0; InfoPath.3; .NET4.0C; .NET4.0E; Tablet PC 2.0; AskTbFXTV5/5.14.1.20007)" 23535
192.168.12.60 - - [17/Feb/2013:07:01:55 +0600] "GET /pause/ajaxPause?pauseConfigId=&admin=0 HTTP/1.1" 200 986 "http://callider/pause/index" "Mozilla/4.0 (compatible; MSIE 8.0; Windows NT 6.1; Trident/4.0; InfoPath.3; .NET4.0C; MS-RTC LM 8; .NET4.0E)" 15935
192.168.74.91 - - [17/Feb/2013:07:01:55 +0600] "GET /pause/ajaxPause?pauseConfigId=&admin=0 HTTP/1.1" 200 986 "http://callider/pause/index" "Mozilla/4.0 (compatible; MSIE 7.0; Windows NT 6.1; WOW64; Trident/5.0; SLCC2; .NET CLR 2.0.50727; .NET CLR 3.5.30729; .NET CLR 3.0.30729; Media Center PC 6.0; InfoPath.3; .NET4.0C; MS-RTC LM 8; .NET4.0E)" 18080
192.168.74.151 - - [17/Feb/2013:07:01:55 +0600] "GET /pause/ajaxPause?pauseConfigId=&admin=0 HTTP/1.1" 200 987 "http://callider.kontur/pause/index" "Mozilla/5.0 (Windows NT 6.1; WOW64; rv:18.0) Gecko/20100101 Firefox/18.0" 19115
192.168.12.204 - - [17/Feb/2013:07:01:55 +0600] "GET /pause/ajaxPause?pauseConfigId=&admin=0 HTTP/1.1" 200 986 "http://callider/pause/index" "Mozilla/4.0 (compatible; MSIE 7.0; Windows NT 6.1; WOW64; Trident/4.0; SLCC2; .NET CLR 2.0.50727; .NET CLR 3.5.30729; .NET CLR 3.0.30729; Media Center PC 6.0; InfoPath.3; .NET4.0C; .NET4.0E; .NET CLR 1.1.4322)" 44122
192.168.12.210 - - [17/Feb/2013:07:01:55 +0600] "GET /pause/ajaxPause?pauseConfigId=all&admin=1 HTTP/1.1" 200 1047 "http://callider/pause/index" "Mozilla/4.0 (compatible; MSIE 7.0; Windows NT 6.1; WOW64; Trident/5.0; SLCC2; .NET CLR 2.0.50727; .NET CLR 3.5.30729; .NET CLR 3.0.30729; Media Center PC 6.0; InfoPath.3; .NET4.0C; .NET4.0E)" 40928
192.168.65.56 - - [17/Feb/2013:07:01:56 +0600] "GET /pause/ajaxPause?pauseConfigId=all&admin=1 HTTP/1.1" 200 1046 "http://192.168.65.101/pause/index" "Mozilla/5.0 (Windows NT 5.1; rv:15.0) Gecko/20100101 Firefox/15.0" 27466
192.168.12.61 - - [17/Feb/2013:07:01:58 +0600] "GET /pause/ajaxPause?pauseConfigId=&admin=0 HTTP/1.1" 200 985 "http://callider/pause/index" "Mozilla/4.0 (compatible; MSIE 7.0; Windows NT 6.1; Trident/5.0; SLCC2; .NET CLR 2.0.50727; .NET CLR 3.5.30729; .NET CLR 3.0.30729; Media Center PC 6.0; InfoPath.3; .NET4.0C; .NET4.0E)" 30151
192.168.74.78 - - [17/Feb/2013:07:01:59 +0600] "GET /pause/ajaxPause?pauseConfigId=&admin=0 HTTP/1.1" 200 986 "http://callider/pause/index" "Mozilla/4.0 (compatible; MSIE 7.0; Windows NT 6.1; WOW64; Trident/5.0; SLCC2; .NET CLR 2.0.50727; .NET CLR 3.5.30729; .NET CLR 3.0.30729; Media Center PC 6.0; InfoPath.3; .NET4.0C; MS-RTC LM 8; .NET4.0E)" 17516
192.168.12.69 - - [17/Feb/2013:07:02:00 +0600] "GET /pause/ajaxPause?pauseConfigId=&admin=0 HTTP/1.1" 200 986 "http://callider/pause/index" "Mozilla/4.0 (compatible; MSIE 7.0; Windows NT 6.1; Trident/5.0; SLCC2; .NET CLR 2.0.50727; .NET CLR 3.5.30729; .NET CLR 3.0.30729; Media Center PC 6.0; InfoPath.3; .NET4.0C; .NET4.0E; Tablet PC 2.0; AskTbFXTV5/5.14.1.20007)" 25524
192.168.12.60 - - [17/Feb/2013:07:02:00 +0600] "GET /pause/ajaxPause?pauseConfigId=&admin=0 HTTP/1.1" 200 986 "http://callider/pause/index" "Mozilla/4.0 (compatible; MSIE 8.0; Windows NT 6.1; Trident/4.0; InfoPath.3; .NET4.0C; MS-RTC LM 8; .NET4.0E)" 19207
192.168.74.91 - - [17/Feb/2013:07:02:00 +0600] "GET /pause/ajaxPause?pauseConfigId=&admin=0 HTTP/1.1" 200 986 "http://callider/pause/index" "Mozilla/4.0 (compatible; MSIE 7.0; Windows NT 6.1; WOW64; Trident/5.0; SLCC2; .NET CLR 2.0.50727; .NET CLR 3.5.30729; .NET CLR 3.0.30729; Media Center PC 6.0; InfoPath.3; .NET4.0C; MS-RTC LM 8; .NET4.0E)" 16783
192.168.74.151 - - [17/Feb/2013:07:02:00 +0600] "GET /pause/ajaxPause?pauseConfigId=&admin=0 HTTP/1.1" 200 987 "http://callider.kontur/pause/index" "Mozilla/5.0 (Windows NT 6.1; WOW64; rv:18.0) Gecko/20100101 Firefox/18.0" 20535
192.168.12.210 - - [17/Feb/2013:07:02:00 +0600] "GET /pause/ajaxPause?pauseConfigId=all&admin=1 HTTP/1.1" 200 1047 "http://callider/pause/index" "Mozilla/4.0 (compatible; MSIE 7.0; Windows NT 6.1; WOW64; Trident/5.0; SLCC2; .NET CLR 2.0.50727; .NET CLR 3.5.30729; .NET CLR 3.0.30729; Media Center PC 6.0; InfoPath.3; .NET4.0C; .NET4.0E)" 22716
192.168.12.204 - - [17/Feb/2013:07:02:00 +0600] "GET /pause/ajaxPause?pauseConfigId=&admin=0 HTTP/1.1" 200 986 "http://callider/pause/index" "Mozilla/4.0 (compatible; MSIE 7.0; Windows NT 6.1; WOW64; Trident/4.0; SLCC2; .NET CLR 2.0.50727; .NET CLR 3.5.30729; .NET CLR 3.0.30729; Media Center PC 6.0; InfoPath.3; .NET4.0C; .NET4.0E; .NET CLR 1.1.4322)" 18093
192.168.65.56 - - [17/Feb/2013:07:02:01 +0600] "GET /pause/ajaxPause?pauseConfigId=all&admin=1 HTTP/1.1" 200 1046 "http://192.168.65.101/pause/index" "Mozilla/5.0 (Windows NT 5.1; rv:15.0) Gecko/20100101 Firefox/15.0" 34753
192.168.12.61 - - [17/Feb/2013:07:02:03 +0600] "GET /pause/ajaxPause?pauseConfigId=&admin=0 HTTP/1.1" 200 985 "http://callider/pause/index" "Mozilla/4.0 (compatible; MSIE 7.0; Windows NT 6.1; Trident/5.0; SLCC2; .NET CLR 2.0.50727; .NET CLR 3.5.30729; .NET CLR 3.0.30729; Media Center PC 6.0; InfoPath.3; .NET4.0C; .NET4.0E)" 18501
192.168.74.78 - - [17/Feb/2013:07:02:04 +0600] "GET /pause/ajaxPause?pauseConfigId=&admin=0 HTTP/1.1" 200 986 "http://callider/pause/index" "Mozilla/4.0 (compatible; MSIE 7.0; Windows NT 6.1; WOW64; Trident/5.0; SLCC2; .NET CLR 2.0.50727; .NET CLR 3.5.30729; .NET CLR 3.0.30729; Media Center PC 6.0; InfoPath.3; .NET4.0C; MS-RTC LM 8; .NET4.0E)" 19723
192.168.12.69 - - [17/Feb/2013:07:02:05 +0600] "GET /pause/ajaxPause?pauseConfigId=&admin=0 HTTP/1.1" 200 986 "http://callider/pause/index" "Mozilla/4.0 (compatible; MSIE 7.0; Windows NT 6.1; Trident/5.0; SLCC2; .NET CLR 2.0.50727; .NET CLR 3.5.30729; .NET CLR 3.0.30729; Media Center PC 6.0; InfoPath.3; .NET4.0C; .NET4.0E; Tablet PC 2.0; AskTbFXTV5/5.14.1.20007)" 26322
192.168.12.61 - - [17/Feb/2013:07:02:05 +0600] "GET /tv/useUser HTTP/1.1" 200 431 "http://callider/pause/index" "Mozilla/4.0 (compatible; MSIE 7.0; Windows NT 6.1; Trident/5.0; SLCC2; .NET CLR 2.0.50727; .NET CLR 3.5.30729; .NET CLR 3.0.30729; Media Center PC 6.0; InfoPath.3; .NET4.0C; .NET4.0E)" 9667
192.168.12.60 - - [17/Feb/2013:07:02:05 +0600] "GET /pause/ajaxPause?pauseConfigId=&admin=0 HTTP/1.1" 200 986 "http://callider/pause/index" "Mozilla/4.0 (compatible; MSIE 8.0; Windows NT 6.1; Trident/4.0; InfoPath.3; .NET4.0C; MS-RTC LM 8; .NET4.0E)" 25904
192.168.74.91 - - [17/Feb/2013:07:02:05 +0600] "GET /pause/ajaxPause?pauseConfigId=&admin=0 HTTP/1.1" 200 986 "http://callider/pause/index" "Mozilla/4.0 (compatible; MSIE 7.0; Windows NT 6.1; WOW64; Trident/5.0; SLCC2; .NET CLR 2.0.50727; .NET CLR 3.5.30729; .NET CLR 3.0.30729; Media Center PC 6.0; InfoPath.3; .NET4.0C; MS-RTC LM 8; .NET4.0E)" 31175
192.168.74.151 - - [17/Feb/2013:07:02:05 +0600] "GET /pause/ajaxPause?pauseConfigId=&admin=0 HTTP/1.1" 200 987 "http://callider.kontur/pause/index" "Mozilla/5.0 (Windows NT 6.1; WOW64; rv:18.0) Gecko/20100101 Firefox/18.0" 20680
192.168.12.210 - - [17/Feb/2013:07:02:05 +0600] "GET /pause/ajaxPause?pauseConfigId=all&admin=1 HTTP/1.1" 200 1047 "http://callider/pause/index" "Mozilla/4.0 (compatible; MSIE 7.0; Windows NT 6.1; WOW64; Trident/5.0; SLCC2; .NET CLR 2.0.50727; .NET CLR 3.5.30729; .NET CLR 3.0.30729; Media Center PC 6.0; InfoPath.3; .NET4.0C; .NET4.0E)" 22662
192.168.12.204 - - [17/Feb/2013:07:02:05 +0600] "GET /pause/ajaxPause?pauseConfigId=&admin=0 HTTP/1.1" 200 986 "http://callider/pause/index" "Mozilla/4.0 (compatible; MSIE 7.0; Windows NT 6.1; WOW64; Trident/4.0; SLCC2; .NET CLR 2.0.50727; .NET CLR 3.5.30729; .NET CLR 3.0.30729; Media Center PC 6.0; InfoPath.3; .NET4.0C; .NET4.0E; .NET CLR 1.1.4322)" 23156
192.168.65.56 - - [17/Feb/2013:07:02:06 +0600] "GET /pause/ajaxPause?pauseConfigId=all&admin=1 HTTP/1.1" 200 1046 "http://192.168.65.101/pause/index" "Mozilla/5.0 (Windows NT 5.1; rv:15.0) Gecko/20100101 Firefox/15.0" 26578
192.168.12.61 - - [17/Feb/2013:07:02:08 +0600] "GET /pause/ajaxPause?pauseConfigId=&admin=0 HTTP/1.1" 200 985 "http://callider/pause/index" "Mozilla/4.0 (compatible; MSIE 7.0; Windows NT 6.1; Trident/5.0; SLCC2; .NET CLR 2.0.50727; .NET CLR 3.5.30729; .NET CLR 3.0.30729; Media Center PC 6.0; InfoPath.3; .NET4.0C; .NET4.0E)" 21577
192.168.74.78 - - [17/Feb/2013:07:02:09 +0600] "GET /pause/ajaxPause?pauseConfigId=&admin=0 HTTP/1.1" 200 986 "http://callider/pause/index" "Mozilla/4.0 (compatible; MSIE 7.0; Windows NT 6.1; WOW64; Trident/5.0; SLCC2; .NET CLR 2.0.50727; .NET CLR 3.5.30729; .NET CLR 3.0.30729; Media Center PC 6.0; InfoPath.3; .NET4.0C; MS-RTC LM 8; .NET4.0E)" 29727
192.168.12.69 - - [17/Feb/2013:07:02:10 +0600] "GET /pause/ajaxPause?pauseConfigId=&admin=0 HTTP/1.1" 200 986 "http://callider/pause/index" "Mozilla/4.0 (compatible; MSIE 7.0; Windows NT 6.1; Trident/5.0; SLCC2; .NET CLR 2.0.50727; .NET CLR 3.5.30729; .NET CLR 3.0.30729; Media Center PC 6.0; InfoPath.3; .NET4.0C; .NET4.0E; Tablet PC 2.0; AskTbFXTV5/5.14.1.20007)" 25866
192.168.12.60 - - [17/Feb/2013:07:02:10 +0600] "GET /pause/ajaxPause?pauseConfigId=&admin=0 HTTP/1.1" 200 986 "http://callider/pause/index" "Mozilla/4.0 (compatible; MSIE 8.0; Windows NT 6.1; Trident/4.0; InfoPath.3; .NET4.0C; MS-RTC LM 8; .NET4.0E)" 23222
192.168.74.91 - - [17/Feb/2013:07:02:10 +0600] "GET /pause/ajaxPause?pauseConfigId=&admin=0 HTTP/1.1" 200 986 "http://callider/pause/index" "Mozilla/4.0 (compatible; MSIE 7.0; Windows NT 6.1; WOW64; Trident/5.0; SLCC2; .NET CLR 2.0.50727; .NET CLR 3.5.30729; .NET CLR 3.0.30729; Media Center PC 6.0; InfoPath.3; .NET4.0C; MS-RTC LM 8; .NET4.0E)" 19342
192.168.74.151 - - [17/Feb/2013:07:02:10 +0600] "GET /pause/ajaxPause?pauseConfigId=&admin=0 HTTP/1.1" 200 987 "http://callider.kontur/pause/index" "Mozilla/5.0 (Windows NT 6.1; WOW64; rv:18.0) Gecko/20100101 Firefox/18.0" 21881
192.168.12.210 - - [17/Feb/2013:07:02:10 +0600] "GET /pause/ajaxPause?pauseConfigId=all&admin=1 HTTP/1.1" 200 1047 "http://callider/pause/index" "Mozilla/4.0 (compatible; MSIE 7.0; Windows NT 6.1; WOW64; Trident/5.0; SLCC2; .NET CLR 2.0.50727; .NET CLR 3.5.30729; .NET CLR 3.0.30729; Media Center PC 6.0; InfoPath.3; .NET4.0C; .NET4.0E)" 22400
192.168.12.204 - - [17/Feb/2013:07:02:10 +0600] "GET /pause/ajaxPause?pauseConfigId=&admin=0 HTTP/1.1" 200 986 "http://callider/pause/index" "Mozilla/4.0 (compatible; MSIE 7.0; Windows NT 6.1; WOW64; Trident/4.0; SLCC2; .NET CLR 2.0.50727; .NET CLR 3.5.30729; .NET CLR 3.0.30729; Media Center PC 6.0; InfoPath.3; .NET4.0C; .NET4.0E; .NET CLR 1.1.4322)" 22271
192.168.12.42 - - [17/Feb/2013:07:02:11 +0600] "GET /tv/useUser HTTP/1.1" 200 432 "http://callider/graph/personal" "Mozilla/4.0 (compatible; MSIE 7.0; Windows NT 6.1; WOW64; Trident/5.0; SLCC2; .NET CLR 2.0.50727; .NET CLR 3.5.30729; .NET CLR 3.0.30729; Media Center PC 6.0; InfoPath.3; .NET4.0C; .NET4.0E)" 21450
192.168.65.56 - - [17/Feb/2013:07:02:11 +0600] "GET /pause/ajaxPause?pauseConfigId=all&admin=1 HTTP/1.1" 200 1046 "http://192.168.65.101/pause/index" "Mozilla/5.0 (Windows NT 5.1; rv:15.0) Gecko/20100101 Firefox/15.0" 36812
192.168.74.151 - - [17/Feb/2013:07:02:13 +0600] "GET /tv/useUser HTTP/1.1" 200 431 "http://callider.kontur/graph/general" "Mozilla/5.0 (Windows NT 6.1; WOW64; rv:18.0) Gecko/20100101 Firefox/18.0" 15559
192.168.12.61 - - [17/Feb/2013:07:02:13 +0600] "GET /pause/ajaxPause?pauseConfigId=&admin=0 HTTP/1.1" 200 985 "http://callider/pause/index" "Mozilla/4.0 (compatible; MSIE 7.0; Windows NT 6.1; Trident/5.0; SLCC2; .NET CLR 2.0.50727; .NET CLR 3.5.30729; .NET CLR 3.0.30729; Media Center PC 6.0; InfoPath.3; .NET4.0C; .NET4.0E)" 20499
192.168.74.78 - - [17/Feb/2013:07:02:14 +0600] "GET /pause/ajaxPause?pauseConfigId=&admin=0 HTTP/1.1" 200 986 "http://callider/pause/index" "Mozilla/4.0 (compatible; MSIE 7.0; Windows NT 6.1; WOW64; Trident/5.0; SLCC2; .NET CLR 2.0.50727; .NET CLR 3.5.30729; .NET CLR 3.0.30729; Media Center PC 6.0; InfoPath.3; .NET4.0C; MS-RTC LM 8; .NET4.0E)" 27051
192.168.12.69 - - [17/Feb/2013:07:02:15 +0600] "GET /pause/ajaxPause?pauseConfigId=&admin=0 HTTP/1.1" 200 986 "http://callider/pause/index" "Mozilla/4.0 (compatible; MSIE 7.0; Windows NT 6.1; Trident/5.0; SLCC2; .NET CLR 2.0.50727; .NET CLR 3.5.30729; .NET CLR 3.0.30729; Media Center PC 6.0; InfoPath.3; .NET4.0C; .NET4.0E; Tablet PC 2.0; AskTbFXTV5/5.14.1.20007)" 23409
192.168.12.60 - - [17/Feb/2013:07:02:15 +0600] "GET /pause/ajaxPause?pauseConfigId=&admin=0 HTTP/1.1" 200 986 "http://callider/pause/index" "Mozilla/4.0 (compatible; MSIE 8.0; Windows NT 6.1; Trident/4.0; InfoPath.3; .NET4.0C; MS-RTC LM 8; .NET4.0E)" 20687
192.168.74.91 - - [17/Feb/2013:07:02:15 +0600] "GET /pause/ajaxPause?pauseConfigId=&admin=0 HTTP/1.1" 200 986 "http://callider/pause/index" "Mozilla/4.0 (compatible; MSIE 7.0; Windows NT 6.1; WOW64; Trident/5.0; SLCC2; .NET CLR 2.0.50727; .NET CLR 3.5.30729; .NET CLR 3.0.30729; Media Center PC 6.0; InfoPath.3; .NET4.0C; MS-RTC LM 8; .NET4.0E)" 20658
192.168.74.151 - - [17/Feb/2013:07:02:15 +0600] "GET /pause/ajaxPause?pauseConfigId=&admin=0 HTTP/1.1" 200 987 "http://callider.kontur/pause/index" "Mozilla/5.0 (Windows NT 6.1; WOW64; rv:18.0) Gecko/20100101 Firefox/18.0" 24680
192.168.74.151 - - [17/Feb/2013:07:02:15 +0600] "GET /tv/useUser HTTP/1.1" 200 432 "http://callider.kontur/pause/index" "Mozilla/5.0 (Windows NT 6.1; WOW64; rv:18.0) Gecko/20100101 Firefox/18.0" 16487
192.168.12.210 - - [17/Feb/2013:07:02:15 +0600] "GET /pause/ajaxPause?pauseConfigId=all&admin=1 HTTP/1.1" 200 1047 "http://callider/pause/index" "Mozilla/4.0 (compatible; MSIE 7.0; Windows NT 6.1; WOW64; Trident/5.0; SLCC2; .NET CLR 2.0.50727; .NET CLR 3.5.30729; .NET CLR 3.0.30729; Media Center PC 6.0; InfoPath.3; .NET4.0C; .NET4.0E)" 22456
192.168.12.204 - - [17/Feb/2013:07:02:15 +0600] "GET /pause/ajaxPause?pauseConfigId=&admin=0 HTTP/1.1" 200 986 "http://callider/pause/index" "Mozilla/4.0 (compatible; MSIE 7.0; Windows NT 6.1; WOW64; Trident/4.0; SLCC2; .NET CLR 2.0.50727; .NET CLR 3.5.30729; .NET CLR 3.0.30729; Media Center PC 6.0; InfoPath.3; .NET4.0C; .NET4.0E; .NET CLR 1.1.4322)" 22445
192.168.65.56 - - [17/Feb/2013:07:02:16 +0600] "GET /pause/ajaxPause?pauseConfigId=all&admin=1 HTTP/1.1" 200 1046 "http://192.168.65.101/pause/index" "Mozilla/5.0 (Windows NT 5.1; rv:15.0) Gecko/20100101 Firefox/15.0" 31241
192.168.12.61 - - [17/Feb/2013:07:02:18 +0600] "GET /pause/ajaxPause?pauseConfigId=&admin=0 HTTP/1.1" 200 985 "http://callider/pause/index" "Mozilla/4.0 (compatible; MSIE 7.0; Windows NT 6.1; Trident/5.0; SLCC2; .NET CLR 2.0.50727; .NET CLR 3.5.30729; .NET CLR 3.0.30729; Media Center PC 6.0; InfoPath.3; .NET4.0C; .NET4.0E)" 31578
192.168.74.78 - - [17/Feb/2013:07:02:19 +0600] "GET /pause/ajaxPause?pauseConfigId=&admin=0 HTTP/1.1" 200 986 "http://callider/pause/index" "Mozilla/4.0 (compatible; MSIE 7.0; Windows NT 6.1; WOW64; Trident/5.0; SLCC2; .NET CLR 2.0.50727; .NET CLR 3.5.30729; .NET CLR 3.0.30729; Media Center PC 6.0; InfoPath.3; .NET4.0C; MS-RTC LM 8; .NET4.0E)" 29388
192.168.12.10 - - [17/Feb/2013:07:02:19 +0600] "GET /tv/useUser HTTP/1.1" 200 432 "http://callider/graph/personal" "Mozilla/4.0 (compatible; MSIE 7.0; Windows NT 6.1; Trident/5.0; SLCC2; .NET CLR 2.0.50727; .NET CLR 3.5.30729; .NET CLR 3.0.30729; Media Center PC 6.0; InfoPath.3; .NET4.0C; .NET4.0E; Tablet PC 2.0; MS-RTC LM 8)" 19506
192.168.12.108 - - [17/Feb/2013:07:02:19 +0600] "GET /tv/useUser HTTP/1.1" 200 432 "http://callider/index.php" "Mozilla/4.0 (compatible; MSIE 7.0; Windows NT 6.2; WOW64; Trident/6.0; .NET4.0E; .NET4.0C; InfoPath.3; .NET CLR 3.5.30729; .NET CLR 2.0.50727; .NET CLR 3.0.30729)" 17888
192.168.12.69 - - [17/Feb/2013:07:02:20 +0600] "GET /pause/ajaxPause?pauseConfigId=&admin=0 HTTP/1.1" 200 986 "http://callider/pause/index" "Mozilla/4.0 (compatible; MSIE 7.0; Windows NT 6.1; Trident/5.0; SLCC2; .NET CLR 2.0.50727; .NET CLR 3.5.30729; .NET CLR 3.0.30729; Media Center PC 6.0; InfoPath.3; .NET4.0C; .NET4.0E; Tablet PC 2.0; AskTbFXTV5/5.14.1.20007)" 37583
192.168.12.60 - - [17/Feb/2013:07:02:20 +0600] "GET /pause/ajaxPause?pauseConfigId=&admin=0 HTTP/1.1" 200 986 "http://callider/pause/index" "Mozilla/4.0 (compatible; MSIE 8.0; Windows NT 6.1; Trident/4.0; InfoPath.3; .NET4.0C; MS-RTC LM 8; .NET4.0E)" 36017
192.168.74.91 - - [17/Feb/2013:07:02:20 +0600] "GET /pause/ajaxPause?pauseConfigId=&admin=0 HTTP/1.1" 200 986 "http://callider/pause/index" "Mozilla/4.0 (compatible; MSIE 7.0; Windows NT 6.1; WOW64; Trident/5.0; SLCC2; .NET CLR 2.0.50727; .NET CLR 3.5.30729; .NET CLR 3.0.30729; Media Center PC 6.0; InfoPath.3; .NET4.0C; MS-RTC LM 8; .NET4.0E)" 34483
192.168.74.151 - - [17/Feb/2013:07:02:20 +0600] "GET /pause/ajaxPause?pauseConfigId=&admin=0 HTTP/1.1" 200 987 "http://callider.kontur/pause/index" "Mozilla/5.0 (Windows NT 6.1; WOW64; rv:18.0) Gecko/20100101 Firefox/18.0" 33879
192.168.12.210 - - [17/Feb/2013:07:02:20 +0600] "GET /pause/ajaxPause?pauseConfigId=all&admin=1 HTTP/1.1" 200 1047 "http://callider/pause/index" "Mozilla/4.0 (compatible; MSIE 7.0; Windows NT 6.1; WOW64; Trident/5.0; SLCC2; .NET CLR 2.0.50727; .NET CLR 3.5.30729; .NET CLR 3.0.30729; Media Center PC 6.0; InfoPath.3; .NET4.0C; .NET4.0E)" 48603
192.168.12.204 - - [17/Feb/2013:07:02:20 +0600] "GET /pause/ajaxPause?pauseConfigId=&admin=0 HTTP/1.1" 200 986 "http://callider/pause/index" "Mozilla/4.0 (compatible; MSIE 7.0; Windows NT 6.1; WOW64; Trident/4.0; SLCC2; .NET CLR 2.0.50727; .NET CLR 3.5.30729; .NET CLR 3.0.30729; Media Center PC 6.0; InfoPath.3; .NET4.0C; .NET4.0E; .NET CLR 1.1.4322)" 31882
192.168.65.56 - - [17/Feb/2013:07:02:21 +0600] "GET /pause/ajaxPause?pauseConfigId=all&admin=1 HTTP/1.1" 200 1046 "http://192.168.65.101/pause/index" "Mozilla/5.0 (Windows NT 5.1; rv:15.0) Gecko/20100101 Firefox/15.0" 42793
192.168.12.61 - - [17/Feb/2013:07:02:23 +0600] "GET /pause/ajaxPause?pauseConfigId=&admin=0 HTTP/1.1" 200 985 "http://callider/pause/index" "Mozilla/4.0 (compatible; MSIE 7.0; Windows NT 6.1; Trident/5.0; SLCC2; .NET CLR 2.0.50727; .NET CLR 3.5.30729; .NET CLR 3.0.30729; Media Center PC 6.0; InfoPath.3; .NET4.0C; .NET4.0E)" 22600
192.168.74.78 - - [17/Feb/2013:07:02:24 +0600] "GET /pause/ajaxPause?pauseConfigId=&admin=0 HTTP/1.1" 200 986 "http://callider/pause/index" "Mozilla/4.0 (compatible; MSIE 7.0; Windows NT 6.1; WOW64; Trident/5.0; SLCC2; .NET CLR 2.0.50727; .NET CLR 3.5.30729; .NET CLR 3.0.30729; Media Center PC 6.0; InfoPath.3; .NET4.0C; MS-RTC LM 8; .NET4.0E)" 21555
192.168.12.69 - - [17/Feb/2013:07:02:25 +0600] "GET /pause/ajaxPause?pauseConfigId=&admin=0 HTTP/1.1" 200 986 "http://callider/pause/index" "Mozilla/4.0 (compatible; MSIE 7.0; Windows NT 6.1; Trident/5.0; SLCC2; .NET CLR 2.0.50727; .NET CLR 3.5.30729; .NET CLR 3.0.30729; Media Center PC 6.0; InfoPath.3; .NET4.0C; .NET4.0E; Tablet PC 2.0; AskTbFXTV5/5.14.1.20007)" 20383
192.168.12.60 - - [17/Feb/2013:07:02:25 +0600] "GET /pause/ajaxPause?pauseConfigId=&admin=0 HTTP/1.1" 200 986 "http://callider/pause/index" "Mozilla/4.0 (compatible; MSIE 8.0; Windows NT 6.1; Trident/4.0; InfoPath.3; .NET4.0C; MS-RTC LM 8; .NET4.0E)" 20147
192.168.74.91 - - [17/Feb/2013:07:02:25 +0600] "GET /pause/ajaxPause?pauseConfigId=&admin=0 HTTP/1.1" 200 986 "http://callider/pause/index" "Mozilla/4.0 (compatible; MSIE 7.0; Windows NT 6.1; WOW64; Trident/5.0; SLCC2; .NET CLR 2.0.50727; .NET CLR 3.5.30729; .NET CLR 3.0.30729; Media Center PC 6.0; InfoPath.3; .NET4.0C; MS-RTC LM 8; .NET4.0E)" 23975
192.168.74.151 - - [17/Feb/2013:07:02:25 +0600] "GET /pause/ajaxPause?pauseConfigId=&admin=0 HTTP/1.1" 200 987 "http://callider.kontur/pause/index" "Mozilla/5.0 (Windows NT 6.1; WOW64; rv:18.0) Gecko/20100101 Firefox/18.0" 20834
192.168.12.210 - - [17/Feb/2013:07:02:25 +0600] "GET /pause/ajaxPause?pauseConfigId=all&admin=1 HTTP/1.1" 200 1047 "http://callider/pause/index" "Mozilla/4.0 (compatible; MSIE 7.0; Windows NT 6.1; WOW64; Trident/5.0; SLCC2; .NET CLR 2.0.50727; .NET CLR 3.5.30729; .NET CLR 3.0.30729; Media Center PC 6.0; InfoPath.3; .NET4.0C; .NET4.0E)" 23939
192.168.12.204 - - [17/Feb/2013:07:02:25 +0600] "GET /pause/ajaxPause?pauseConfigId=&admin=0 HTTP/1.1" 200 986 "http://callider/pause/index" "Mozilla/4.0 (compatible; MSIE 7.0; Windows NT 6.1; WOW64; Trident/4.0; SLCC2; .NET CLR 2.0.50727; .NET CLR 3.5.30729; .NET CLR 3.0.30729; Media Center PC 6.0; InfoPath.3; .NET4.0C; .NET4.0E; .NET CLR 1.1.4322)" 24326
192.168.65.56 - - [17/Feb/2013:07:02:26 +0600] "GET /pause/ajaxPause?pauseConfigId=all&admin=1 HTTP/1.1" 200 1046 "http://192.168.65.101/pause/index" "Mozilla/5.0 (Windows NT 5.1; rv:15.0) Gecko/20100101 Firefox/15.0" 33181
192.168.12.61 - - [17/Feb/2013:07:02:28 +0600] "GET /pause/ajaxPause?pauseConfigId=&admin=0 HTTP/1.1" 200 985 "http://callider/pause/index" "Mozilla/4.0 (compatible; MSIE 7.0; Windows NT 6.1; Trident/5.0; SLCC2; .NET CLR 2.0.50727; .NET CLR 3.5.30729; .NET CLR 3.0.30729; Media Center PC 6.0; InfoPath.3; .NET4.0C; .NET4.0E)" 35367
192.168.74.78 - - [17/Feb/2013:07:02:29 +0600] "GET /pause/ajaxPause?pauseConfigId=&admin=0 HTTP/1.1" 200 986 "http://callider/pause/index" "Mozilla/4.0 (compatible; MSIE 7.0; Windows NT 6.1; WOW64; Trident/5.0; SLCC2; .NET CLR 2.0.50727; .NET CLR 3.5.30729; .NET CLR 3.0.30729; Media Center PC 6.0; InfoPath.3; .NET4.0C; MS-RTC LM 8; .NET4.0E)" 22374
192.168.12.69 - - [17/Feb/2013:07:02:30 +0600] "GET /pause/ajaxPause?pauseConfigId=&admin=0 HTTP/1.1" 200 986 "http://callider/pause/index" "Mozilla/4.0 (compatible; MSIE 7.0; Windows NT 6.1; Trident/5.0; SLCC2; .NET CLR 2.0.50727; .NET CLR 3.5.30729; .NET CLR 3.0.30729; Media Center PC 6.0; InfoPath.3; .NET4.0C; .NET4.0E; Tablet PC 2.0; AskTbFXTV5/5.14.1.20007)" 21312
192.168.12.60 - - [17/Feb/2013:07:02:30 +0600] "GET /pause/ajaxPause?pauseConfigId=&admin=0 HTTP/1.1" 200 986 "http://callider/pause/index" "Mozilla/4.0 (compatible; MSIE 8.0; Windows NT 6.1; Trident/4.0; InfoPath.3; .NET4.0C; MS-RTC LM 8; .NET4.0E)" 16995
192.168.74.91 - - [17/Feb/2013:07:02:30 +0600] "GET /pause/ajaxPause?pauseConfigId=&admin=0 HTTP/1.1" 200 986 "http://callider/pause/index" "Mozilla/4.0 (compatible; MSIE 7.0; Windows NT 6.1; WOW64; Trident/5.0; SLCC2; .NET CLR 2.0.50727; .NET CLR 3.5.30729; .NET CLR 3.0.30729; Media Center PC 6.0; InfoPath.3; .NET4.0C; MS-RTC LM 8; .NET4.0E)" 19557
192.168.74.151 - - [17/Feb/2013:07:02:30 +0600] "GET /pause/ajaxPause?pauseConfigId=&admin=0 HTTP/1.1" 200 987 "http://callider.kontur/pause/index" "Mozilla/5.0 (Windows NT 6.1; WOW64; rv:18.0) Gecko/20100101 Firefox/18.0" 24198
192.168.12.210 - - [17/Feb/2013:07:02:30 +0600] "GET /pause/ajaxPause?pauseConfigId=all&admin=1 HTTP/1.1" 200 1047 "http://callider/pause/index" "Mozilla/4.0 (compatible; MSIE 7.0; Windows NT 6.1; WOW64; Trident/5.0; SLCC2; .NET CLR 2.0.50727; .NET CLR 3.5.30729; .NET CLR 3.0.30729; Media Center PC 6.0; InfoPath.3; .NET4.0C; .NET4.0E)" 22984
192.168.12.204 - - [17/Feb/2013:07:02:30 +0600] "GET /pause/ajaxPause?pauseConfigId=&admin=0 HTTP/1.1" 200 986 "http://callider/pause/index" "Mozilla/4.0 (compatible; MSIE 7.0; Windows NT 6.1; WOW64; Trident/4.0; SLCC2; .NET CLR 2.0.50727; .NET CLR 3.5.30729; .NET CLR 3.0.30729; Media Center PC 6.0; InfoPath.3; .NET4.0C; .NET4.0E; .NET CLR 1.1.4322)" 20725
192.168.65.56 - - [17/Feb/2013:07:02:31 +0600] "GET /pause/ajaxPause?pauseConfigId=all&admin=1 HTTP/1.1" 200 1046 "http://192.168.65.101/pause/index" "Mozilla/5.0 (Windows NT 5.1; rv:15.0) Gecko/20100101 Firefox/15.0" 33468
192.168.12.61 - - [17/Feb/2013:07:02:33 +0600] "GET /pause/ajaxPause?pauseConfigId=&admin=0 HTTP/1.1" 200 985 "http://callider/pause/index" "Mozilla/4.0 (compatible; MSIE 7.0; Windows NT 6.1; Trident/5.0; SLCC2; .NET CLR 2.0.50727; .NET CLR 3.5.30729; .NET CLR 3.0.30729; Media Center PC 6.0; InfoPath.3; .NET4.0C; .NET4.0E)" 24691
192.168.74.78 - - [17/Feb/2013:07:02:34 +0600] "GET /pause/ajaxPause?pauseConfigId=&admin=0 HTTP/1.1" 200 986 "http://callider/pause/index" "Mozilla/4.0 (compatible; MSIE 7.0; Windows NT 6.1; WOW64; Trident/5.0; SLCC2; .NET CLR 2.0.50727; .NET CLR 3.5.30729; .NET CLR 3.0.30729; Media Center PC 6.0; InfoPath.3; .NET4.0C; MS-RTC LM 8; .NET4.0E)" 133565
192.168.12.67 - - [17/Feb/2013:07:02:34 +0600] "GET /tv/useUser HTTP/1.1" 200 432 "http://callider/graph/personal" "Mozilla/4.0 (compatible; MSIE 7.0; Windows NT 6.1; Trident/5.0; SLCC2; .NET CLR 2.0.50727; .NET CLR 3.5.30729; .NET CLR 3.0.30729; Media Center PC 6.0; .NET4.0C; .NET4.0E; InfoPath.3; Tablet PC 2.0; MS-RTC LM 8)" 20070
192.168.12.69 - - [17/Feb/2013:07:02:35 +0600] "GET /pause/ajaxPause?pauseConfigId=&admin=0 HTTP/1.1" 200 986 "http://callider/pause/index" "Mozilla/4.0 (compatible; MSIE 7.0; Windows NT 6.1; Trident/5.0; SLCC2; .NET CLR 2.0.50727; .NET CLR 3.5.30729; .NET CLR 3.0.30729; Media Center PC 6.0; InfoPath.3; .NET4.0C; .NET4.0E; Tablet PC 2.0; AskTbFXTV5/5.14.1.20007)" 36232
192.168.12.60 - - [17/Feb/2013:07:02:35 +0600] "GET /pause/ajaxPause?pauseConfigId=&admin=0 HTTP/1.1" 200 986 "http://callider/pause/index" "Mozilla/4.0 (compatible; MSIE 8.0; Windows NT 6.1; Trident/4.0; InfoPath.3; .NET4.0C; MS-RTC LM 8; .NET4.0E)" 18632
192.168.74.91 - - [17/Feb/2013:07:02:35 +0600] "GET /pause/ajaxPause?pauseConfigId=&admin=0 HTTP/1.1" 200 986 "http://callider/pause/index" "Mozilla/4.0 (compatible; MSIE 7.0; Windows NT 6.1; WOW64; Trident/5.0; SLCC2; .NET CLR 2.0.50727; .NET CLR 3.5.30729; .NET CLR 3.0.30729; Media Center PC 6.0; InfoPath.3; .NET4.0C; MS-RTC LM 8; .NET4.0E)" 43658
192.168.74.151 - - [17/Feb/2013:07:02:35 +0600] "GET /pause/ajaxPause?pauseConfigId=&admin=0 HTTP/1.1" 200 987 "http://callider.kontur/pause/index" "Mozilla/5.0 (Windows NT 6.1; WOW64; rv:18.0) Gecko/20100101 Firefox/18.0" 22527
192.168.12.210 - - [17/Feb/2013:07:02:35 +0600] "GET /pause/ajaxPause?pauseConfigId=all&admin=1 HTTP/1.1" 200 1047 "http://callider/pause/index" "Mozilla/4.0 (compatible; MSIE 7.0; Windows NT 6.1; WOW64; Trident/5.0; SLCC2; .NET CLR 2.0.50727; .NET CLR 3.5.30729; .NET CLR 3.0.30729; Media Center PC 6.0; InfoPath.3; .NET4.0C; .NET4.0E)" 24066
192.168.12.204 - - [17/Feb/2013:07:02:35 +0600] "GET /pause/ajaxPause?pauseConfigId=&admin=0 HTTP/1.1" 200 986 "http://callider/pause/index" "Mozilla/4.0 (compatible; MSIE 7.0; Windows NT 6.1; WOW64; Trident/4.0; SLCC2; .NET CLR 2.0.50727; .NET CLR 3.5.30729; .NET CLR 3.0.30729; Media Center PC 6.0; InfoPath.3; .NET4.0C; .NET4.0E; .NET CLR 1.1.4322)" 21198
192.168.65.56 - - [17/Feb/2013:07:02:36 +0600] "GET /pause/ajaxPause?pauseConfigId=all&admin=1 HTTP/1.1" 200 1047 "http://192.168.65.101/pause/index" "Mozilla/5.0 (Windows NT 5.1; rv:15.0) Gecko/20100101 Firefox/15.0" 46041
192.168.74.93 - - [17/Feb/2013:07:02:38 +0600] "GET /tv/useUser HTTP/1.1" 200 432 "http://callider/graph/personal" "Mozilla/4.0 (compatible; MSIE 7.0; Windows NT 6.1; WOW64; Trident/5.0; SLCC2; .NET CLR 2.0.50727; .NET CLR 3.5.30729; .NET CLR 3.0.30729; Media Center PC 6.0; InfoPath.3; .NET4.0C; .NET4.0E)" 15448
192.168.12.61 - - [17/Feb/2013:07:02:38 +0600] "GET /pause/ajaxPause?pauseConfigId=&admin=0 HTTP/1.1" 200 986 "http://callider/pause/index" "Mozilla/4.0 (compatible; MSIE 7.0; Windows NT 6.1; Trident/5.0; SLCC2; .NET CLR 2.0.50727; .NET CLR 3.5.30729; .NET CLR 3.0.30729; Media Center PC 6.0; InfoPath.3; .NET4.0C; .NET4.0E)" 32204
192.168.12.210 - - [17/Feb/2013:07:02:39 +0600] "GET /tv/useUser HTTP/1.1" 200 431 "http://callider/graph/general" "Mozilla/4.0 (compatible; MSIE 7.0; Windows NT 6.1; WOW64; Trident/5.0; SLCC2; .NET CLR 2.0.50727; .NET CLR 3.5.30729; .NET CLR 3.0.30729; Media Center PC 6.0; InfoPath.3; .NET4.0C; .NET4.0E)" 12045
192.168.74.78 - - [17/Feb/2013:07:02:39 +0600] "GET /pause/ajaxPause?pauseConfigId=&admin=0 HTTP/1.1" 200 986 "http://callider/pause/index" "Mozilla/4.0 (compatible; MSIE 7.0; Windows NT 6.1; WOW64; Trident/5.0; SLCC2; .NET CLR 2.0.50727; .NET CLR 3.5.30729; .NET CLR 3.0.30729; Media Center PC 6.0; InfoPath.3; .NET4.0C; MS-RTC LM 8; .NET4.0E)" 39857
192.168.12.69 - - [17/Feb/2013:07:02:40 +0600] "GET /pause/ajaxPause?pauseConfigId=&admin=0 HTTP/1.1" 200 986 "http://callider/pause/index" "Mozilla/4.0 (compatible; MSIE 7.0; Windows NT 6.1; Trident/5.0; SLCC2; .NET CLR 2.0.50727; .NET CLR 3.5.30729; .NET CLR 3.0.30729; Media Center PC 6.0; InfoPath.3; .NET4.0C; .NET4.0E; Tablet PC 2.0; AskTbFXTV5/5.14.1.20007)" 29468
192.168.12.60 - - [17/Feb/2013:07:02:40 +0600] "GET /pause/ajaxPause?pauseConfigId=&admin=0 HTTP/1.1" 200 986 "http://callider/pause/index" "Mozilla/4.0 (compatible; MSIE 8.0; Windows NT 6.1; Trident/4.0; InfoPath.3; .NET4.0C; MS-RTC LM 8; .NET4.0E)" 21335
192.168.74.91 - - [17/Feb/2013:07:02:40 +0600] "GET /pause/ajaxPause?pauseConfigId=&admin=0 HTTP/1.1" 200 986 "http://callider/pause/index" "Mozilla/4.0 (compatible; MSIE 7.0; Windows NT 6.1; WOW64; Trident/5.0; SLCC2; .NET CLR 2.0.50727; .NET CLR 3.5.30729; .NET CLR 3.0.30729; Media Center PC 6.0; InfoPath.3; .NET4.0C; MS-RTC LM 8; .NET4.0E)" 24315
192.168.74.151 - - [17/Feb/2013:07:02:40 +0600] "GET /pause/ajaxPause?pauseConfigId=&admin=0 HTTP/1.1" 200 987 "http://callider.kontur/pause/index" "Mozilla/5.0 (Windows NT 6.1; WOW64; rv:18.0) Gecko/20100101 Firefox/18.0" 25991
192.168.12.210 - - [17/Feb/2013:07:02:40 +0600] "GET /pause/ajaxPause?pauseConfigId=all&admin=1 HTTP/1.1" 200 1047 "http://callider/pause/index" "Mozilla/4.0 (compatible; MSIE 7.0; Windows NT 6.1; WOW64; Trident/5.0; SLCC2; .NET CLR 2.0.50727; .NET CLR 3.5.30729; .NET CLR 3.0.30729; Media Center PC 6.0; InfoPath.3; .NET4.0C; .NET4.0E)" 28152
192.168.12.204 - - [17/Feb/2013:07:02:40 +0600] "GET /pause/ajaxPause?pauseConfigId=&admin=0 HTTP/1.1" 200 986 "http://callider/pause/index" "Mozilla/4.0 (compatible; MSIE 7.0; Windows NT 6.1; WOW64; Trident/4.0; SLCC2; .NET CLR 2.0.50727; .NET CLR 3.5.30729; .NET CLR 3.0.30729; Media Center PC 6.0; InfoPath.3; .NET4.0C; .NET4.0E; .NET CLR 1.1.4322)" 28186
192.168.12.9 - - [17/Feb/2013:07:02:41 +0600] "GET /tv/useUser HTTP/1.1" 200 432 "http://callider.kontur/site/index" "Mozilla/5.0 (Windows NT 6.1; WOW64) AppleWebKit/537.17 (KHTML, like Gecko) Chrome/24.0.1312.57 Safari/537.17" 18698
192.168.65.56 - - [17/Feb/2013:07:02:41 +0600] "GET /pause/ajaxPause?pauseConfigId=all&admin=1 HTTP/1.1" 200 1046 "http://192.168.65.101/pause/index" "Mozilla/5.0 (Windows NT 5.1; rv:15.0) Gecko/20100101 Firefox/15.0" 39326
192.168.12.61 - - [17/Feb/2013:07:02:43 +0600] "GET /pause/ajaxPause?pauseConfigId=&admin=0 HTTP/1.1" 200 985 "http://callider/pause/index" "Mozilla/4.0 (compatible; MSIE 7.0; Windows NT 6.1; Trident/5.0; SLCC2; .NET CLR 2.0.50727; .NET CLR 3.5.30729; .NET CLR 3.0.30729; Media Center PC 6.0; InfoPath.3; .NET4.0C; .NET4.0E)" 24759
192.168.74.78 - - [17/Feb/2013:07:02:44 +0600] "GET /pause/ajaxPause?pauseConfigId=&admin=0 HTTP/1.1" 200 986 "http://callider/pause/index" "Mozilla/4.0 (compatible; MSIE 7.0; Windows NT 6.1; WOW64; Trident/5.0; SLCC2; .NET CLR 2.0.50727; .NET CLR 3.5.30729; .NET CLR 3.0.30729; Media Center PC 6.0; InfoPath.3; .NET4.0C; MS-RTC LM 8; .NET4.0E)" 32893
192.168.74.91 - - [17/Feb/2013:07:02:45 +0600] "GET /pause/ajaxPause?pauseConfigId=&admin=0 HTTP/1.1" 200 986 "http://callider/pause/index" "Mozilla/4.0 (compatible; MSIE 7.0; Windows NT 6.1; WOW64; Trident/5.0; SLCC2; .NET CLR 2.0.50727; .NET CLR 3.5.30729; .NET CLR 3.0.30729; Media Center PC 6.0; InfoPath.3; .NET4.0C; MS-RTC LM 8; .NET4.0E)" 420338
192.168.12.69 - - [17/Feb/2013:07:02:45 +0600] "GET /pause/ajaxPause?pauseConfigId=&admin=0 HTTP/1.1" 200 986 "http://callider/pause/index" "Mozilla/4.0 (compatible; MSIE 7.0; Windows NT 6.1; Trident/5.0; SLCC2; .NET CLR 2.0.50727; .NET CLR 3.5.30729; .NET CLR 3.0.30729; Media Center PC 6.0; InfoPath.3; .NET4.0C; .NET4.0E; Tablet PC 2.0; AskTbFXTV5/5.14.1.20007)" 665510
192.168.12.60 - - [17/Feb/2013:07:02:45 +0600] "GET /pause/ajaxPause?pauseConfigId=&admin=0 HTTP/1.1" 200 986 "http://callider/pause/index" "Mozilla/4.0 (compatible; MSIE 8.0; Windows NT 6.1; Trident/4.0; InfoPath.3; .NET4.0C; MS-RTC LM 8; .NET4.0E)" 466126
192.168.12.204 - - [17/Feb/2013:07:02:45 +0600] "GET /pause/ajaxPause?pauseConfigId=&admin=0 HTTP/1.1" 200 986 "http://callider/pause/index" "Mozilla/4.0 (compatible; MSIE 7.0; Windows NT 6.1; WOW64; Trident/4.0; SLCC2; .NET CLR 2.0.50727; .NET CLR 3.5.30729; .NET CLR 3.0.30729; Media Center PC 6.0; InfoPath.3; .NET4.0C; .NET4.0E; .NET CLR 1.1.4322)" 233433
192.168.74.151 - - [17/Feb/2013:07:02:45 +0600] "GET /pause/ajaxPause?pauseConfigId=&admin=0 HTTP/1.1" 200 987 "http://callider.kontur/pause/index" "Mozilla/5.0 (Windows NT 6.1; WOW64; rv:18.0) Gecko/20100101 Firefox/18.0" 383543
192.168.12.210 - - [17/Feb/2013:07:02:45 +0600] "GET /pause/ajaxPause?pauseConfigId=all&admin=1 HTTP/1.1" 200 1047 "http://callider/pause/index" "Mozilla/4.0 (compatible; MSIE 7.0; Windows NT 6.1; WOW64; Trident/5.0; SLCC2; .NET CLR 2.0.50727; .NET CLR 3.5.30729; .NET CLR 3.0.30729; Media Center PC 6.0; InfoPath.3; .NET4.0C; .NET4.0E)" 334357
192.168.65.56 - - [17/Feb/2013:07:02:46 +0600] "GET /pause/ajaxPause?pauseConfigId=all&admin=1 HTTP/1.1" 200 1046 "http://192.168.65.101/pause/index" "Mozilla/5.0 (Windows NT 5.1; rv:15.0) Gecko/20100101 Firefox/15.0" 29755
192.168.12.61 - - [17/Feb/2013:07:02:48 +0600] "GET /pause/ajaxPause?pauseConfigId=&admin=0 HTTP/1.1" 200 985 "http://callider/pause/index" "Mozilla/4.0 (compatible; MSIE 7.0; Windows NT 6.1; Trident/5.0; SLCC2; .NET CLR 2.0.50727; .NET CLR 3.5.30729; .NET CLR 3.0.30729; Media Center PC 6.0; InfoPath.3; .NET4.0C; .NET4.0E)" 21024
192.168.12.210 - - [17/Feb/2013:07:02:49 +0600] "GET /tv/useUser HTTP/1.1" 200 431 "http://callider/pause/index" "Mozilla/4.0 (compatible; MSIE 7.0; Windows NT 6.1; WOW64; Trident/5.0; SLCC2; .NET CLR 2.0.50727; .NET CLR 3.5.30729; .NET CLR 3.0.30729; Media Center PC 6.0; InfoPath.3; .NET4.0C; .NET4.0E)" 24286
192.168.74.78 - - [17/Feb/2013:07:02:49 +0600] "GET /pause/ajaxPause?pauseConfigId=&admin=0 HTTP/1.1" 200 986 "http://callider/pause/index" "Mozilla/4.0 (compatible; MSIE 7.0; Windows NT 6.1; WOW64; Trident/5.0; SLCC2; .NET CLR 2.0.50727; .NET CLR 3.5.30729; .NET CLR 3.0.30729; Media Center PC 6.0; InfoPath.3; .NET4.0C; MS-RTC LM 8; .NET4.0E)" 22564
192.168.12.69 - - [17/Feb/2013:07:02:50 +0600] "GET /pause/ajaxPause?pauseConfigId=&admin=0 HTTP/1.1" 200 986 "http://callider/pause/index" "Mozilla/4.0 (compatible; MSIE 7.0; Windows NT 6.1; Trident/5.0; SLCC2; .NET CLR 2.0.50727; .NET CLR 3.5.30729; .NET CLR 3.0.30729; Media Center PC 6.0; InfoPath.3; .NET4.0C; .NET4.0E; Tablet PC 2.0; AskTbFXTV5/5.14.1.20007)" 25406
192.168.12.60 - - [17/Feb/2013:07:02:50 +0600] "GET /pause/ajaxPause?pauseConfigId=&admin=0 HTTP/1.1" 200 986 "http://callider/pause/index" "Mozilla/4.0 (compatible; MSIE 8.0; Windows NT 6.1; Trident/4.0; InfoPath.3; .NET4.0C; MS-RTC LM 8; .NET4.0E)" 18392
192.168.74.91 - - [17/Feb/2013:07:02:50 +0600] "GET /pause/ajaxPause?pauseConfigId=&admin=0 HTTP/1.1" 200 986 "http://callider/pause/index" "Mozilla/4.0 (compatible; MSIE 7.0; Windows NT 6.1; WOW64; Trident/5.0; SLCC2; .NET CLR 2.0.50727; .NET CLR 3.5.30729; .NET CLR 3.0.30729; Media Center PC 6.0; InfoPath.3; .NET4.0C; MS-RTC LM 8; .NET4.0E)" 22661
192.168.74.151 - - [17/Feb/2013:07:02:50 +0600] "GET /pause/ajaxPause?pauseConfigId=&admin=0 HTTP/1.1" 200 987 "http://callider.kontur/pause/index" "Mozilla/5.0 (Windows NT 6.1; WOW64; rv:18.0) Gecko/20100101 Firefox/18.0" 24345
192.168.12.210 - - [17/Feb/2013:07:02:50 +0600] "GET /pause/ajaxPause?pauseConfigId=all&admin=1 HTTP/1.1" 200 1047 "http://callider/pause/index" "Mozilla/4.0 (compatible; MSIE 7.0; Windows NT 6.1; WOW64; Trident/5.0; SLCC2; .NET CLR 2.0.50727; .NET CLR 3.5.30729; .NET CLR 3.0.30729; Media Center PC 6.0; InfoPath.3; .NET4.0C; .NET4.0E)" 23848
192.168.12.204 - - [17/Feb/2013:07:02:50 +0600] "GET /pause/ajaxPause?pauseConfigId=&admin=0 HTTP/1.1" 200 986 "http://callider/pause/index" "Mozilla/4.0 (compatible; MSIE 7.0; Windows NT 6.1; WOW64; Trident/4.0; SLCC2; .NET CLR 2.0.50727; .NET CLR 3.5.30729; .NET CLR 3.0.30729; Media Center PC 6.0; InfoPath.3; .NET4.0C; .NET4.0E; .NET CLR 1.1.4322)" 34880
192.168.65.56 - - [17/Feb/2013:07:02:51 +0600] "GET /pause/ajaxPause?pauseConfigId=all&admin=1 HTTP/1.1" 200 1046 "http://192.168.65.101/pause/index" "Mozilla/5.0 (Windows NT 5.1; rv:15.0) Gecko/20100101 Firefox/15.0" 45193
192.168.65.56 - - [17/Feb/2013:07:02:51 +0600] "GET /tv/useUser HTTP/1.1" 200 431 "http://192.168.65.101/pause/index" "Mozilla/5.0 (Windows NT 5.1; rv:15.0) Gecko/20100101 Firefox/15.0" 13477
192.168.12.61 - - [17/Feb/2013:07:02:53 +0600] "GET /pause/ajaxPause?pauseConfigId=&admin=0 HTTP/1.1" 200 986 "http://callider/pause/index" "Mozilla/4.0 (compatible; MSIE 7.0; Windows NT 6.1; Trident/5.0; SLCC2; .NET CLR 2.0.50727; .NET CLR 3.5.30729; .NET CLR 3.0.30729; Media Center PC 6.0; InfoPath.3; .NET4.0C; .NET4.0E)" 31323
192.168.74.78 - - [17/Feb/2013:07:02:54 +0600] "GET /pause/ajaxPause?pauseConfigId=&admin=0 HTTP/1.1" 200 986 "http://callider/pause/index" "Mozilla/4.0 (compatible; MSIE 7.0; Windows NT 6.1; WOW64; Trident/5.0; SLCC2; .NET CLR 2.0.50727; .NET CLR 3.5.30729; .NET CLR 3.0.30729; Media Center PC 6.0; InfoPath.3; .NET4.0C; MS-RTC LM 8; .NET4.0E)" 19892
192.168.12.69 - - [17/Feb/2013:07:02:55 +0600] "GET /pause/ajaxPause?pauseConfigId=&admin=0 HTTP/1.1" 200 986 "http://callider/pause/index" "Mozilla/4.0 (compatible; MSIE 7.0; Windows NT 6.1; Trident/5.0; SLCC2; .NET CLR 2.0.50727; .NET CLR 3.5.30729; .NET CLR 3.0.30729; Media Center PC 6.0; InfoPath.3; .NET4.0C; .NET4.0E; Tablet PC 2.0; AskTbFXTV5/5.14.1.20007)" 22135
192.168.12.60 - - [17/Feb/2013:07:02:55 +0600] "GET /pause/ajaxPause?pauseConfigId=&admin=0 HTTP/1.1" 200 986 "http://callider/pause/index" "Mozilla/4.0 (compatible; MSIE 8.0; Windows NT 6.1; Trident/4.0; InfoPath.3; .NET4.0C; MS-RTC LM 8; .NET4.0E)" 20645
192.168.74.91 - - [17/Feb/2013:07:02:55 +0600] "GET /pause/ajaxPause?pauseConfigId=&admin=0 HTTP/1.1" 200 986 "http://callider/pause/index" "Mozilla/4.0 (compatible; MSIE 7.0; Windows NT 6.1; WOW64; Trident/5.0; SLCC2; .NET CLR 2.0.50727; .NET CLR 3.5.30729; .NET CLR 3.0.30729; Media Center PC 6.0; InfoPath.3; .NET4.0C; MS-RTC LM 8; .NET4.0E)" 21430
192.168.74.151 - - [17/Feb/2013:07:02:55 +0600] "GET /pause/ajaxPause?pauseConfigId=&admin=0 HTTP/1.1" 200 987 "http://callider.kontur/pause/index" "Mozilla/5.0 (Windows NT 6.1; WOW64; rv:18.0) Gecko/20100101 Firefox/18.0" 22201
192.168.12.210 - - [17/Feb/2013:07:02:55 +0600] "GET /pause/ajaxPause?pauseConfigId=all&admin=1 HTTP/1.1" 200 1047 "http://callider/pause/index" "Mozilla/4.0 (compatible; MSIE 7.0; Windows NT 6.1; WOW64; Trident/5.0; SLCC2; .NET CLR 2.0.50727; .NET CLR 3.5.30729; .NET CLR 3.0.30729; Media Center PC 6.0; InfoPath.3; .NET4.0C; .NET4.0E)" 92423
192.168.12.204 - - [17/Feb/2013:07:02:55 +0600] "GET /pause/ajaxPause?pauseConfigId=&admin=0 HTTP/1.1" 200 986 "http://callider/pause/index" "Mozilla/4.0 (compatible; MSIE 7.0; Windows NT 6.1; WOW64; Trident/4.0; SLCC2; .NET CLR 2.0.50727; .NET CLR 3.5.30729; .NET CLR 3.0.30729; Media Center PC 6.0; InfoPath.3; .NET4.0C; .NET4.0E; .NET CLR 1.1.4322)" 23431
192.168.65.56 - - [17/Feb/2013:07:02:56 +0600] "GET /pause/ajaxPause?pauseConfigId=all&admin=1 HTTP/1.1" 200 1046 "http://192.168.65.101/pause/index" "Mozilla/5.0 (Windows NT 5.1; rv:15.0) Gecko/20100101 Firefox/15.0" 37493
192.168.12.61 - - [17/Feb/2013:07:02:58 +0600] "GET /pause/ajaxPause?pauseConfigId=&admin=0 HTTP/1.1" 200 985 "http://callider/pause/index" "Mozilla/4.0 (compatible; MSIE 7.0; Windows NT 6.1; Trident/5.0; SLCC2; .NET CLR 2.0.50727; .NET CLR 3.5.30729; .NET CLR 3.0.30729; Media Center PC 6.0; InfoPath.3; .NET4.0C; .NET4.0E)" 32651
192.168.74.78 - - [17/Feb/2013:07:02:59 +0600] "GET /pause/ajaxPause?pauseConfigId=&admin=0 HTTP/1.1" 200 986 "http://callider/pause/index" "Mozilla/4.0 (compatible; MSIE 7.0; Windows NT 6.1; WOW64; Trident/5.0; SLCC2; .NET CLR 2.0.50727; .NET CLR 3.5.30729; .NET CLR 3.0.30729; Media Center PC 6.0; InfoPath.3; .NET4.0C; MS-RTC LM 8; .NET4.0E)" 25165
192.168.12.69 - - [17/Feb/2013:07:03:00 +0600] "GET /pause/ajaxPause?pauseConfigId=&admin=0 HTTP/1.1" 200 986 "http://callider/pause/index" "Mozilla/4.0 (compatible; MSIE 7.0; Windows NT 6.1; Trident/5.0; SLCC2; .NET CLR 2.0.50727; .NET CLR 3.5.30729; .NET CLR 3.0.30729; Media Center PC 6.0; InfoPath.3; .NET4.0C; .NET4.0E; Tablet PC 2.0; AskTbFXTV5/5.14.1.20007)" 31930
192.168.12.60 - - [17/Feb/2013:07:03:00 +0600] "GET /pause/ajaxPause?pauseConfigId=&admin=0 HTTP/1.1" 200 986 "http://callider/pause/index" "Mozilla/4.0 (compatible; MSIE 8.0; Windows NT 6.1; Trident/4.0; InfoPath.3; .NET4.0C; MS-RTC LM 8; .NET4.0E)" 23526
192.168.74.91 - - [17/Feb/2013:07:03:00 +0600] "GET /pause/ajaxPause?pauseConfigId=&admin=0 HTTP/1.1" 200 986 "http://callider/pause/index" "Mozilla/4.0 (compatible; MSIE 7.0; Windows NT 6.1; WOW64; Trident/5.0; SLCC2; .NET CLR 2.0.50727; .NET CLR 3.5.30729; .NET CLR 3.0.30729; Media Center PC 6.0; InfoPath.3; .NET4.0C; MS-RTC LM 8; .NET4.0E)" 27488
192.168.74.151 - - [17/Feb/2013:07:03:00 +0600] "GET /pause/ajaxPause?pauseConfigId=&admin=0 HTTP/1.1" 200 987 "http://callider.kontur/pause/index" "Mozilla/5.0 (Windows NT 6.1; WOW64; rv:18.0) Gecko/20100101 Firefox/18.0" 28305
192.168.12.210 - - [17/Feb/2013:07:03:00 +0600] "GET /pause/ajaxPause?pauseConfigId=all&admin=1 HTTP/1.1" 200 1047 "http://callider/pause/index" "Mozilla/4.0 (compatible; MSIE 7.0; Windows NT 6.1; WOW64; Trident/5.0; SLCC2; .NET CLR 2.0.50727; .NET CLR 3.5.30729; .NET CLR 3.0.30729; Media Center PC 6.0; InfoPath.3; .NET4.0C; .NET4.0E)" 28210
192.168.12.204 - - [17/Feb/2013:07:03:00 +0600] "GET /pause/ajaxPause?pauseConfigId=&admin=0 HTTP/1.1" 200 986 "http://callider/pause/index" "Mozilla/4.0 (compatible; MSIE 7.0; Windows NT 6.1; WOW64; Trident/4.0; SLCC2; .NET CLR 2.0.50727; .NET CLR 3.5.30729; .NET CLR 3.0.30729; Media Center PC 6.0; InfoPath.3; .NET4.0C; .NET4.0E; .NET CLR 1.1.4322)" 22039
192.168.65.56 - - [17/Feb/2013:07:03:01 +0600] "GET /pause/ajaxPause?pauseConfigId=all&admin=1 HTTP/1.1" 200 1046 "http://192.168.65.101/pause/index" "Mozilla/5.0 (Windows NT 5.1; rv:15.0) Gecko/20100101 Firefox/15.0" 49875
192.168.12.61 - - [17/Feb/2013:07:03:03 +0600] "GET /pause/ajaxPause?pauseConfigId=&admin=0 HTTP/1.1" 200 985 "http://callider/pause/index" "Mozilla/4.0 (compatible; MSIE 7.0; Windows NT 6.1; Trident/5.0; SLCC2; .NET CLR 2.0.50727; .NET CLR 3.5.30729; .NET CLR 3.0.30729; Media Center PC 6.0; InfoPath.3; .NET4.0C; .NET4.0E)" 20383
192.168.74.78 - - [17/Feb/2013:07:03:04 +0600] "GET /pause/ajaxPause?pauseConfigId=&admin=0 HTTP/1.1" 200 986 "http://callider/pause/index" "Mozilla/4.0 (compatible; MSIE 7.0; Windows NT 6.1; WOW64; Trident/5.0; SLCC2; .NET CLR 2.0.50727; .NET CLR 3.5.30729; .NET CLR 3.0.30729; Media Center PC 6.0; InfoPath.3; .NET4.0C; MS-RTC LM 8; .NET4.0E)" 26951
192.168.12.69 - - [17/Feb/2013:07:03:05 +0600] "GET /pause/ajaxPause?pauseConfigId=&admin=0 HTTP/1.1" 200 986 "http://callider/pause/index" "Mozilla/4.0 (compatible; MSIE 7.0; Windows NT 6.1; Trident/5.0; SLCC2; .NET CLR 2.0.50727; .NET CLR 3.5.30729; .NET CLR 3.0.30729; Media Center PC 6.0; InfoPath.3; .NET4.0C; .NET4.0E; Tablet PC 2.0; AskTbFXTV5/5.14.1.20007)" 114356
192.168.12.61 - - [17/Feb/2013:07:03:05 +0600] "GET /tv/useUser HTTP/1.1" 200 431 "http://callider/pause/index" "Mozilla/4.0 (compatible; MSIE 7.0; Windows NT 6.1; Trident/5.0; SLCC2; .NET CLR 2.0.50727; .NET CLR 3.5.30729; .NET CLR 3.0.30729; Media Center PC 6.0; InfoPath.3; .NET4.0C; .NET4.0E)" 13174
192.168.12.60 - - [17/Feb/2013:07:03:05 +0600] "GET /pause/ajaxPause?pauseConfigId=&admin=0 HTTP/1.1" 200 986 "http://callider/pause/index" "Mozilla/4.0 (compatible; MSIE 8.0; Windows NT 6.1; Trident/4.0; InfoPath.3; .NET4.0C; MS-RTC LM 8; .NET4.0E)" 21833
192.168.74.91 - - [17/Feb/2013:07:03:05 +0600] "GET /pause/ajaxPause?pauseConfigId=&admin=0 HTTP/1.1" 200 986 "http://callider/pause/index" "Mozilla/4.0 (compatible; MSIE 7.0; Windows NT 6.1; WOW64; Trident/5.0; SLCC2; .NET CLR 2.0.50727; .NET CLR 3.5.30729; .NET CLR 3.0.30729; Media Center PC 6.0; InfoPath.3; .NET4.0C; MS-RTC LM 8; .NET4.0E)" 27577
192.168.74.151 - - [17/Feb/2013:07:03:05 +0600] "GET /pause/ajaxPause?pauseConfigId=&admin=0 HTTP/1.1" 200 987 "http://callider.kontur/pause/index" "Mozilla/5.0 (Windows NT 6.1; WOW64; rv:18.0) Gecko/20100101 Firefox/18.0" 40882
192.168.12.210 - - [17/Feb/2013:07:03:05 +0600] "GET /pause/ajaxPause?pauseConfigId=all&admin=1 HTTP/1.1" 200 1047 "http://callider/pause/index" "Mozilla/4.0 (compatible; MSIE 7.0; Windows NT 6.1; WOW64; Trident/5.0; SLCC2; .NET CLR 2.0.50727; .NET CLR 3.5.30729; .NET CLR 3.0.30729; Media Center PC 6.0; InfoPath.3; .NET4.0C; .NET4.0E)" 21679
192.168.12.204 - - [17/Feb/2013:07:03:05 +0600] "GET /pause/ajaxPause?pauseConfigId=&admin=0 HTTP/1.1" 200 986 "http://callider/pause/index" "Mozilla/4.0 (compatible; MSIE 7.0; Windows NT 6.1; WOW64; Trident/4.0; SLCC2; .NET CLR 2.0.50727; .NET CLR 3.5.30729; .NET CLR 3.0.30729; Media Center PC 6.0; InfoPath.3; .NET4.0C; .NET4.0E; .NET CLR 1.1.4322)" 20517
192.168.65.56 - - [17/Feb/2013:07:03:06 +0600] "GET /pause/ajaxPause?pauseConfigId=all&admin=1 HTTP/1.1" 200 1046 "http://192.168.65.101/pause/index" "Mozilla/5.0 (Windows NT 5.1; rv:15.0) Gecko/20100101 Firefox/15.0" 32638
192.168.12.61 - - [17/Feb/2013:07:03:08 +0600] "GET /pause/ajaxPause?pauseConfigId=&admin=0 HTTP/1.1" 200 985 "http://callider/pause/index" "Mozilla/4.0 (compatible; MSIE 7.0; Windows NT 6.1; Trident/5.0; SLCC2; .NET CLR 2.0.50727; .NET CLR 3.5.30729; .NET CLR 3.0.30729; Media Center PC 6.0; InfoPath.3; .NET4.0C; .NET4.0E)" 26022
192.168.74.78 - - [17/Feb/2013:07:03:09 +0600] "GET /pause/ajaxPause?pauseConfigId=&admin=0 HTTP/1.1" 200 986 "http://callider/pause/index" "Mozilla/4.0 (compatible; MSIE 7.0; Windows NT 6.1; WOW64; Trident/5.0; SLCC2; .NET CLR 2.0.50727; .NET CLR 3.5.30729; .NET CLR 3.0.30729; Media Center PC 6.0; InfoPath.3; .NET4.0C; MS-RTC LM 8; .NET4.0E)" 28827
192.168.12.69 - - [17/Feb/2013:07:03:10 +0600] "GET /pause/ajaxPause?pauseConfigId=&admin=0 HTTP/1.1" 200 986 "http://callider/pause/index" "Mozilla/4.0 (compatible; MSIE 7.0; Windows NT 6.1; Trident/5.0; SLCC2; .NET CLR 2.0.50727; .NET CLR 3.5.30729; .NET CLR 3.0.30729; Media Center PC 6.0; InfoPath.3; .NET4.0C; .NET4.0E; Tablet PC 2.0; AskTbFXTV5/5.14.1.20007)" 21243
192.168.12.60 - - [17/Feb/2013:07:03:10 +0600] "GET /pause/ajaxPause?pauseConfigId=&admin=0 HTTP/1.1" 200 986 "http://callider/pause/index" "Mozilla/4.0 (compatible; MSIE 8.0; Windows NT 6.1; Trident/4.0; InfoPath.3; .NET4.0C; MS-RTC LM 8; .NET4.0E)" 20016
192.168.74.91 - - [17/Feb/2013:07:03:10 +0600] "GET /pause/ajaxPause?pauseConfigId=&admin=0 HTTP/1.1" 200 986 "http://callider/pause/index" "Mozilla/4.0 (compatible; MSIE 7.0; Windows NT 6.1; WOW64; Trident/5.0; SLCC2; .NET CLR 2.0.50727; .NET CLR 3.5.30729; .NET CLR 3.0.30729; Media Center PC 6.0; InfoPath.3; .NET4.0C; MS-RTC LM 8; .NET4.0E)" 18456
192.168.74.151 - - [17/Feb/2013:07:03:10 +0600] "GET /pause/ajaxPause?pauseConfigId=&admin=0 HTTP/1.1" 200 987 "http://callider.kontur/pause/index" "Mozilla/5.0 (Windows NT 6.1; WOW64; rv:18.0) Gecko/20100101 Firefox/18.0" 23443
192.168.12.210 - - [17/Feb/2013:07:03:10 +0600] "GET /pause/ajaxPause?pauseConfigId=all&admin=1 HTTP/1.1" 200 1047 "http://callider/pause/index" "Mozilla/4.0 (compatible; MSIE 7.0; Windows NT 6.1; WOW64; Trident/5.0; SLCC2; .NET CLR 2.0.50727; .NET CLR 3.5.30729; .NET CLR 3.0.30729; Media Center PC 6.0; InfoPath.3; .NET4.0C; .NET4.0E)" 19611
192.168.12.204 - - [17/Feb/2013:07:03:10 +0600] "GET /pause/ajaxPause?pauseConfigId=&admin=0 HTTP/1.1" 200 986 "http://callider/pause/index" "Mozilla/4.0 (compatible; MSIE 7.0; Windows NT 6.1; WOW64; Trident/4.0; SLCC2; .NET CLR 2.0.50727; .NET CLR 3.5.30729; .NET CLR 3.0.30729; Media Center PC 6.0; InfoPath.3; .NET4.0C; .NET4.0E; .NET CLR 1.1.4322)" 28703
192.168.12.42 - - [17/Feb/2013:07:03:11 +0600] "GET /tv/useUser HTTP/1.1" 200 432 "http://callider/graph/personal" "Mozilla/4.0 (compatible; MSIE 7.0; Windows NT 6.1; WOW64; Trident/5.0; SLCC2; .NET CLR 2.0.50727; .NET CLR 3.5.30729; .NET CLR 3.0.30729; Media Center PC 6.0; InfoPath.3; .NET4.0C; .NET4.0E)" 20514
192.168.65.56 - - [17/Feb/2013:07:03:11 +0600] "GET /pause/ajaxPause?pauseConfigId=all&admin=1 HTTP/1.1" 200 1046 "http://192.168.65.101/pause/index" "Mozilla/5.0 (Windows NT 5.1; rv:15.0) Gecko/20100101 Firefox/15.0" 29007
192.168.74.151 - - [17/Feb/2013:07:03:13 +0600] "GET /tv/useUser HTTP/1.1" 200 431 "http://callider.kontur/graph/general" "Mozilla/5.0 (Windows NT 6.1; WOW64; rv:18.0) Gecko/20100101 Firefox/18.0" 15720
192.168.12.61 - - [17/Feb/2013:07:03:13 +0600] "GET /pause/ajaxPause?pauseConfigId=&admin=0 HTTP/1.1" 200 985 "http://callider/pause/index" "Mozilla/4.0 (compatible; MSIE 7.0; Windows NT 6.1; Trident/5.0; SLCC2; .NET CLR 2.0.50727; .NET CLR 3.5.30729; .NET CLR 3.0.30729; Media Center PC 6.0; InfoPath.3; .NET4.0C; .NET4.0E)" 29156
192.168.74.78 - - [17/Feb/2013:07:03:14 +0600] "GET /pause/ajaxPause?pauseConfigId=&admin=0 HTTP/1.1" 200 986 "http://callider/pause/index" "Mozilla/4.0 (compatible; MSIE 7.0; Windows NT 6.1; WOW64; Trident/5.0; SLCC2; .NET CLR 2.0.50727; .NET CLR 3.5.30729; .NET CLR 3.0.30729; Media Center PC 6.0; InfoPath.3; .NET4.0C; MS-RTC LM 8; .NET4.0E)" 21302
192.168.12.69 - - [17/Feb/2013:07:03:15 +0600] "GET /pause/ajaxPause?pauseConfigId=&admin=0 HTTP/1.1" 200 986 "http://callider/pause/index" "Mozilla/4.0 (compatible; MSIE 7.0; Windows NT 6.1; Trident/5.0; SLCC2; .NET CLR 2.0.50727; .NET CLR 3.5.30729; .NET CLR 3.0.30729; Media Center PC 6.0; InfoPath.3; .NET4.0C; .NET4.0E; Tablet PC 2.0; AskTbFXTV5/5.14.1.20007)" 23083
192.168.12.60 - - [17/Feb/2013:07:03:15 +0600] "GET /pause/ajaxPause?pauseConfigId=&admin=0 HTTP/1.1" 200 986 "http://callider/pause/index" "Mozilla/4.0 (compatible; MSIE 8.0; Windows NT 6.1; Trident/4.0; InfoPath.3; .NET4.0C; MS-RTC LM 8; .NET4.0E)" 19232
192.168.74.91 - - [17/Feb/2013:07:03:15 +0600] "GET /pause/ajaxPause?pauseConfigId=&admin=0 HTTP/1.1" 200 986 "http://callider/pause/index" "Mozilla/4.0 (compatible; MSIE 7.0; Windows NT 6.1; WOW64; Trident/5.0; SLCC2; .NET CLR 2.0.50727; .NET CLR 3.5.30729; .NET CLR 3.0.30729; Media Center PC 6.0; InfoPath.3; .NET4.0C; MS-RTC LM 8; .NET4.0E)" 21016
192.168.74.151 - - [17/Feb/2013:07:03:15 +0600] "GET /pause/ajaxPause?pauseConfigId=&admin=0 HTTP/1.1" 200 987 "http://callider.kontur/pause/index" "Mozilla/5.0 (Windows NT 6.1; WOW64; rv:18.0) Gecko/20100101 Firefox/18.0" 25710
192.168.74.151 - - [17/Feb/2013:07:03:15 +0600] "GET /tv/useUser HTTP/1.1" 200 432 "http://callider.kontur/pause/index" "Mozilla/5.0 (Windows NT 6.1; WOW64; rv:18.0) Gecko/20100101 Firefox/18.0" 30264
192.168.12.210 - - [17/Feb/2013:07:03:15 +0600] "GET /pause/ajaxPause?pauseConfigId=all&admin=1 HTTP/1.1" 200 1047 "http://callider/pause/index" "Mozilla/4.0 (compatible; MSIE 7.0; Windows NT 6.1; WOW64; Trident/5.0; SLCC2; .NET CLR 2.0.50727; .NET CLR 3.5.30729; .NET CLR 3.0.30729; Media Center PC 6.0; InfoPath.3; .NET4.0C; .NET4.0E)" 25695
192.168.12.204 - - [17/Feb/2013:07:03:15 +0600] "GET /pause/ajaxPause?pauseConfigId=&admin=0 HTTP/1.1" 200 986 "http://callider/pause/index" "Mozilla/4.0 (compatible; MSIE 7.0; Windows NT 6.1; WOW64; Trident/4.0; SLCC2; .NET CLR 2.0.50727; .NET CLR 3.5.30729; .NET CLR 3.0.30729; Media Center PC 6.0; InfoPath.3; .NET4.0C; .NET4.0E; .NET CLR 1.1.4322)" 19629
192.168.65.56 - - [17/Feb/2013:07:03:16 +0600] "GET /pause/ajaxPause?pauseConfigId=all&admin=1 HTTP/1.1" 200 1046 "http://192.168.65.101/pause/index" "Mozilla/5.0 (Windows NT 5.1; rv:15.0) Gecko/20100101 Firefox/15.0" 46557
192.168.12.61 - - [17/Feb/2013:07:03:18 +0600] "GET /pause/ajaxPause?pauseConfigId=&admin=0 HTTP/1.1" 200 985 "http://callider/pause/index" "Mozilla/4.0 (compatible; MSIE 7.0; Windows NT 6.1; Trident/5.0; SLCC2; .NET CLR 2.0.50727; .NET CLR 3.5.30729; .NET CLR 3.0.30729; Media Center PC 6.0; InfoPath.3; .NET4.0C; .NET4.0E)" 23312
192.168.74.78 - - [17/Feb/2013:07:03:19 +0600] "GET /pause/ajaxPause?pauseConfigId=&admin=0 HTTP/1.1" 200 986 "http://callider/pause/index" "Mozilla/4.0 (compatible; MSIE 7.0; Windows NT 6.1; WOW64; Trident/5.0; SLCC2; .NET CLR 2.0.50727; .NET CLR 3.5.30729; .NET CLR 3.0.30729; Media Center PC 6.0; InfoPath.3; .NET4.0C; MS-RTC LM 8; .NET4.0E)" 23111
192.168.12.10 - - [17/Feb/2013:07:03:19 +0600] "GET /tv/useUser HTTP/1.1" 200 432 "http://callider/graph/personal" "Mozilla/4.0 (compatible; MSIE 7.0; Windows NT 6.1; Trident/5.0; SLCC2; .NET CLR 2.0.50727; .NET CLR 3.5.30729; .NET CLR 3.0.30729; Media Center PC 6.0; InfoPath.3; .NET4.0C; .NET4.0E; Tablet PC 2.0; MS-RTC LM 8)" 27345
192.168.12.108 - - [17/Feb/2013:07:03:19 +0600] "GET /tv/useUser HTTP/1.1" 200 432 "http://callider/index.php" "Mozilla/4.0 (compatible; MSIE 7.0; Windows NT 6.2; WOW64; Trident/6.0; .NET4.0E; .NET4.0C; InfoPath.3; .NET CLR 3.5.30729; .NET CLR 2.0.50727; .NET CLR 3.0.30729)" 21903
192.168.12.69 - - [17/Feb/2013:07:03:20 +0600] "GET /pause/ajaxPause?pauseConfigId=&admin=0 HTTP/1.1" 200 986 "http://callider/pause/index" "Mozilla/4.0 (compatible; MSIE 7.0; Windows NT 6.1; Trident/5.0; SLCC2; .NET CLR 2.0.50727; .NET CLR 3.5.30729; .NET CLR 3.0.30729; Media Center PC 6.0; InfoPath.3; .NET4.0C; .NET4.0E; Tablet PC 2.0; AskTbFXTV5/5.14.1.20007)" 21401
192.168.74.91 - - [17/Feb/2013:07:03:20 +0600] "GET /pause/ajaxPause?pauseConfigId=&admin=0 HTTP/1.1" 200 986 "http://callider/pause/index" "Mozilla/4.0 (compatible; MSIE 7.0; Windows NT 6.1; WOW64; Trident/5.0; SLCC2; .NET CLR 2.0.50727; .NET CLR 3.5.30729; .NET CLR 3.0.30729; Media Center PC 6.0; InfoPath.3; .NET4.0C; MS-RTC LM 8; .NET4.0E)" 27911
192.168.12.60 - - [17/Feb/2013:07:03:20 +0600] "GET /pause/ajaxPause?pauseConfigId=&admin=0 HTTP/1.1" 200 986 "http://callider/pause/index" "Mozilla/4.0 (compatible; MSIE 8.0; Windows NT 6.1; Trident/4.0; InfoPath.3; .NET4.0C; MS-RTC LM 8; .NET4.0E)" 23356
192.168.74.151 - - [17/Feb/2013:07:03:20 +0600] "GET /pause/ajaxPause?pauseConfigId=&admin=0 HTTP/1.1" 200 987 "http://callider.kontur/pause/index" "Mozilla/5.0 (Windows NT 6.1; WOW64; rv:18.0) Gecko/20100101 Firefox/18.0" 28668
192.168.12.210 - - [17/Feb/2013:07:03:20 +0600] "GET /pause/ajaxPause?pauseConfigId=all&admin=1 HTTP/1.1" 200 1047 "http://callider/pause/index" "Mozilla/4.0 (compatible; MSIE 7.0; Windows NT 6.1; WOW64; Trident/5.0; SLCC2; .NET CLR 2.0.50727; .NET CLR 3.5.30729; .NET CLR 3.0.30729; Media Center PC 6.0; InfoPath.3; .NET4.0C; .NET4.0E)" 27526
192.168.12.204 - - [17/Feb/2013:07:03:20 +0600] "GET /pause/ajaxPause?pauseConfigId=&admin=0 HTTP/1.1" 200 986 "http://callider/pause/index" "Mozilla/4.0 (compatible; MSIE 7.0; Windows NT 6.1; WOW64; Trident/4.0; SLCC2; .NET CLR 2.0.50727; .NET CLR 3.5.30729; .NET CLR 3.0.30729; Media Center PC 6.0; InfoPath.3; .NET4.0C; .NET4.0E; .NET CLR 1.1.4322)" 18950
192.168.65.56 - - [17/Feb/2013:07:03:21 +0600] "GET /pause/ajaxPause?pauseConfigId=all&admin=1 HTTP/1.1" 200 1046 "http://192.168.65.101/pause/index" "Mozilla/5.0 (Windows NT 5.1; rv:15.0) Gecko/20100101 Firefox/15.0" 30629
192.168.12.61 - - [17/Feb/2013:07:03:23 +0600] "GET /pause/ajaxPause?pauseConfigId=&admin=0 HTTP/1.1" 200 985 "http://callider/pause/index" "Mozilla/4.0 (compatible; MSIE 7.0; Windows NT 6.1; Trident/5.0; SLCC2; .NET CLR 2.0.50727; .NET CLR 3.5.30729; .NET CLR 3.0.30729; Media Center PC 6.0; InfoPath.3; .NET4.0C; .NET4.0E)" 22361
192.168.74.78 - - [17/Feb/2013:07:03:24 +0600] "GET /pause/ajaxPause?pauseConfigId=&admin=0 HTTP/1.1" 200 986 "http://callider/pause/index" "Mozilla/4.0 (compatible; MSIE 7.0; Windows NT 6.1; WOW64; Trident/5.0; SLCC2; .NET CLR 2.0.50727; .NET CLR 3.5.30729; .NET CLR 3.0.30729; Media Center PC 6.0; InfoPath.3; .NET4.0C; MS-RTC LM 8; .NET4.0E)" 26419
192.168.12.69 - - [17/Feb/2013:07:03:25 +0600] "GET /pause/ajaxPause?pauseConfigId=&admin=0 HTTP/1.1" 200 986 "http://callider/pause/index" "Mozilla/4.0 (compatible; MSIE 7.0; Windows NT 6.1; Trident/5.0; SLCC2; .NET CLR 2.0.50727; .NET CLR 3.5.30729; .NET CLR 3.0.30729; Media Center PC 6.0; InfoPath.3; .NET4.0C; .NET4.0E; Tablet PC 2.0; AskTbFXTV5/5.14.1.20007)" 26355
192.168.74.91 - - [17/Feb/2013:07:03:25 +0600] "GET /pause/ajaxPause?pauseConfigId=&admin=0 HTTP/1.1" 200 986 "http://callider/pause/index" "Mozilla/4.0 (compatible; MSIE 7.0; Windows NT 6.1; WOW64; Trident/5.0; SLCC2; .NET CLR 2.0.50727; .NET CLR 3.5.30729; .NET CLR 3.0.30729; Media Center PC 6.0; InfoPath.3; .NET4.0C; MS-RTC LM 8; .NET4.0E)" 31865
192.168.12.60 - - [17/Feb/2013:07:03:25 +0600] "GET /pause/ajaxPause?pauseConfigId=&admin=0 HTTP/1.1" 200 986 "http://callider/pause/index" "Mozilla/4.0 (compatible; MSIE 8.0; Windows NT 6.1; Trident/4.0; InfoPath.3; .NET4.0C; MS-RTC LM 8; .NET4.0E)" 29625
192.168.74.151 - - [17/Feb/2013:07:03:25 +0600] "GET /pause/ajaxPause?pauseConfigId=&admin=0 HTTP/1.1" 200 987 "http://callider.kontur/pause/index" "Mozilla/5.0 (Windows NT 6.1; WOW64; rv:18.0) Gecko/20100101 Firefox/18.0" 21890
192.168.12.210 - - [17/Feb/2013:07:03:25 +0600] "GET /pause/ajaxPause?pauseConfigId=all&admin=1 HTTP/1.1" 200 1047 "http://callider/pause/index" "Mozilla/4.0 (compatible; MSIE 7.0; Windows NT 6.1; WOW64; Trident/5.0; SLCC2; .NET CLR 2.0.50727; .NET CLR 3.5.30729; .NET CLR 3.0.30729; Media Center PC 6.0; InfoPath.3; .NET4.0C; .NET4.0E)" 23042
192.168.12.204 - - [17/Feb/2013:07:03:25 +0600] "GET /pause/ajaxPause?pauseConfigId=&admin=0 HTTP/1.1" 200 986 "http://callider/pause/index" "Mozilla/4.0 (compatible; MSIE 7.0; Windows NT 6.1; WOW64; Trident/4.0; SLCC2; .NET CLR 2.0.50727; .NET CLR 3.5.30729; .NET CLR 3.0.30729; Media Center PC 6.0; InfoPath.3; .NET4.0C; .NET4.0E; .NET CLR 1.1.4322)" 30962
192.168.65.56 - - [17/Feb/2013:07:03:26 +0600] "GET /pause/ajaxPause?pauseConfigId=all&admin=1 HTTP/1.1" 200 1046 "http://192.168.65.101/pause/index" "Mozilla/5.0 (Windows NT 5.1; rv:15.0) Gecko/20100101 Firefox/15.0" 33567
192.168.12.61 - - [17/Feb/2013:07:03:28 +0600] "GET /pause/ajaxPause?pauseConfigId=&admin=0 HTTP/1.1" 200 986 "http://callider/pause/index" "Mozilla/4.0 (compatible; MSIE 7.0; Windows NT 6.1; Trident/5.0; SLCC2; .NET CLR 2.0.50727; .NET CLR 3.5.30729; .NET CLR 3.0.30729; Media Center PC 6.0; InfoPath.3; .NET4.0C; .NET4.0E)" 29060
192.168.74.78 - - [17/Feb/2013:07:03:29 +0600] "GET /pause/ajaxPause?pauseConfigId=&admin=0 HTTP/1.1" 200 986 "http://callider/pause/index" "Mozilla/4.0 (compatible; MSIE 7.0; Windows NT 6.1; WOW64; Trident/5.0; SLCC2; .NET CLR 2.0.50727; .NET CLR 3.5.30729; .NET CLR 3.0.30729; Media Center PC 6.0; InfoPath.3; .NET4.0C; MS-RTC LM 8; .NET4.0E)" 21116
192.168.12.69 - - [17/Feb/2013:07:03:30 +0600] "GET /pause/ajaxPause?pauseConfigId=&admin=0 HTTP/1.1" 200 986 "http://callider/pause/index" "Mozilla/4.0 (compatible; MSIE 7.0; Windows NT 6.1; Trident/5.0; SLCC2; .NET CLR 2.0.50727; .NET CLR 3.5.30729; .NET CLR 3.0.30729; Media Center PC 6.0; InfoPath.3; .NET4.0C; .NET4.0E; Tablet PC 2.0; AskTbFXTV5/5.14.1.20007)" 21995
192.168.74.91 - - [17/Feb/2013:07:03:30 +0600] "GET /pause/ajaxPause?pauseConfigId=&admin=0 HTTP/1.1" 200 986 "http://callider/pause/index" "Mozilla/4.0 (compatible; MSIE 7.0; Windows NT 6.1; WOW64; Trident/5.0; SLCC2; .NET CLR 2.0.50727; .NET CLR 3.5.30729; .NET CLR 3.0.30729; Media Center PC 6.0; InfoPath.3; .NET4.0C; MS-RTC LM 8; .NET4.0E)" 26506
192.168.12.60 - - [17/Feb/2013:07:03:30 +0600] "GET /pause/ajaxPause?pauseConfigId=&admin=0 HTTP/1.1" 200 986 "http://callider/pause/index" "Mozilla/4.0 (compatible; MSIE 8.0; Windows NT 6.1; Trident/4.0; InfoPath.3; .NET4.0C; MS-RTC LM 8; .NET4.0E)" 20716
192.168.74.151 - - [17/Feb/2013:07:03:30 +0600] "GET /pause/ajaxPause?pauseConfigId=&admin=0 HTTP/1.1" 200 987 "http://callider.kontur/pause/index" "Mozilla/5.0 (Windows NT 6.1; WOW64; rv:18.0) Gecko/20100101 Firefox/18.0" 27057
192.168.12.210 - - [17/Feb/2013:07:03:30 +0600] "GET /pause/ajaxPause?pauseConfigId=all&admin=1 HTTP/1.1" 200 1047 "http://callider/pause/index" "Mozilla/4.0 (compatible; MSIE 7.0; Windows NT 6.1; WOW64; Trident/5.0; SLCC2; .NET CLR 2.0.50727; .NET CLR 3.5.30729; .NET CLR 3.0.30729; Media Center PC 6.0; InfoPath.3; .NET4.0C; .NET4.0E)" 30268
192.168.12.204 - - [17/Feb/2013:07:03:30 +0600] "GET /pause/ajaxPause?pauseConfigId=&admin=0 HTTP/1.1" 200 986 "http://callider/pause/index" "Mozilla/4.0 (compatible; MSIE 7.0; Windows NT 6.1; WOW64; Trident/4.0; SLCC2; .NET CLR 2.0.50727; .NET CLR 3.5.30729; .NET CLR 3.0.30729; Media Center PC 6.0; InfoPath.3; .NET4.0C; .NET4.0E; .NET CLR 1.1.4322)" 27230
192.168.65.56 - - [17/Feb/2013:07:03:31 +0600] "GET /pause/ajaxPause?pauseConfigId=all&admin=1 HTTP/1.1" 200 1046 "http://192.168.65.101/pause/index" "Mozilla/5.0 (Windows NT 5.1; rv:15.0) Gecko/20100101 Firefox/15.0" 34553
192.168.12.61 - - [17/Feb/2013:07:03:33 +0600] "GET /pause/ajaxPause?pauseConfigId=&admin=0 HTTP/1.1" 200 985 "http://callider/pause/index" "Mozilla/4.0 (compatible; MSIE 7.0; Windows NT 6.1; Trident/5.0; SLCC2; .NET CLR 2.0.50727; .NET CLR 3.5.30729; .NET CLR 3.0.30729; Media Center PC 6.0; InfoPath.3; .NET4.0C; .NET4.0E)" 25499
192.168.74.78 - - [17/Feb/2013:07:03:34 +0600] "GET /pause/ajaxPause?pauseConfigId=&admin=0 HTTP/1.1" 200 986 "http://callider/pause/index" "Mozilla/4.0 (compatible; MSIE 7.0; Windows NT 6.1; WOW64; Trident/5.0; SLCC2; .NET CLR 2.0.50727; .NET CLR 3.5.30729; .NET CLR 3.0.30729; Media Center PC 6.0; InfoPath.3; .NET4.0C; MS-RTC LM 8; .NET4.0E)" 21443
192.168.12.67 - - [17/Feb/2013:07:03:34 +0600] "GET /tv/useUser HTTP/1.1" 200 432 "http://callider/graph/personal" "Mozilla/4.0 (compatible; MSIE 7.0; Windows NT 6.1; Trident/5.0; SLCC2; .NET CLR 2.0.50727; .NET CLR 3.5.30729; .NET CLR 3.0.30729; Media Center PC 6.0; .NET4.0C; .NET4.0E; InfoPath.3; Tablet PC 2.0; MS-RTC LM 8)" 22997
192.168.12.69 - - [17/Feb/2013:07:03:35 +0600] "GET /pause/ajaxPause?pauseConfigId=&admin=0 HTTP/1.1" 200 986 "http://callider/pause/index" "Mozilla/4.0 (compatible; MSIE 7.0; Windows NT 6.1; Trident/5.0; SLCC2; .NET CLR 2.0.50727; .NET CLR 3.5.30729; .NET CLR 3.0.30729; Media Center PC 6.0; InfoPath.3; .NET4.0C; .NET4.0E; Tablet PC 2.0; AskTbFXTV5/5.14.1.20007)" 24236
192.168.74.91 - - [17/Feb/2013:07:03:35 +0600] "GET /pause/ajaxPause?pauseConfigId=&admin=0 HTTP/1.1" 200 986 "http://callider/pause/index" "Mozilla/4.0 (compatible; MSIE 7.0; Windows NT 6.1; WOW64; Trident/5.0; SLCC2; .NET CLR 2.0.50727; .NET CLR 3.5.30729; .NET CLR 3.0.30729; Media Center PC 6.0; InfoPath.3; .NET4.0C; MS-RTC LM 8; .NET4.0E)" 22124
192.168.12.60 - - [17/Feb/2013:07:03:35 +0600] "GET /pause/ajaxPause?pauseConfigId=&admin=0 HTTP/1.1" 200 986 "http://callider/pause/index" "Mozilla/4.0 (compatible; MSIE 8.0; Windows NT 6.1; Trident/4.0; InfoPath.3; .NET4.0C; MS-RTC LM 8; .NET4.0E)" 30017
192.168.74.151 - - [17/Feb/2013:07:03:35 +0600] "GET /pause/ajaxPause?pauseConfigId=&admin=0 HTTP/1.1" 200 987 "http://callider.kontur/pause/index" "Mozilla/5.0 (Windows NT 6.1; WOW64; rv:18.0) Gecko/20100101 Firefox/18.0" 27411
192.168.12.210 - - [17/Feb/2013:07:03:35 +0600] "GET /pause/ajaxPause?pauseConfigId=all&admin=1 HTTP/1.1" 200 1047 "http://callider/pause/index" "Mozilla/4.0 (compatible; MSIE 7.0; Windows NT 6.1; WOW64; Trident/5.0; SLCC2; .NET CLR 2.0.50727; .NET CLR 3.5.30729; .NET CLR 3.0.30729; Media Center PC 6.0; InfoPath.3; .NET4.0C; .NET4.0E)" 21036
192.168.12.204 - - [17/Feb/2013:07:03:35 +0600] "GET /pause/ajaxPause?pauseConfigId=&admin=0 HTTP/1.1" 200 986 "http://callider/pause/index" "Mozilla/4.0 (compatible; MSIE 7.0; Windows NT 6.1; WOW64; Trident/4.0; SLCC2; .NET CLR 2.0.50727; .NET CLR 3.5.30729; .NET CLR 3.0.30729; Media Center PC 6.0; InfoPath.3; .NET4.0C; .NET4.0E; .NET CLR 1.1.4322)" 20686
192.168.65.56 - - [17/Feb/2013:07:03:36 +0600] "GET /pause/ajaxPause?pauseConfigId=all&admin=1 HTTP/1.1" 200 1046 "http://192.168.65.101/pause/index" "Mozilla/5.0 (Windows NT 5.1; rv:15.0) Gecko/20100101 Firefox/15.0" 35527
192.168.74.93 - - [17/Feb/2013:07:03:38 +0600] "GET /tv/useUser HTTP/1.1" 200 432 "http://callider/graph/personal" "Mozilla/4.0 (compatible; MSIE 7.0; Windows NT 6.1; WOW64; Trident/5.0; SLCC2; .NET CLR 2.0.50727; .NET CLR 3.5.30729; .NET CLR 3.0.30729; Media Center PC 6.0; InfoPath.3; .NET4.0C; .NET4.0E)" 19435
192.168.12.61 - - [17/Feb/2013:07:03:38 +0600] "GET /pause/ajaxPause?pauseConfigId=&admin=0 HTTP/1.1" 200 985 "http://callider/pause/index" "Mozilla/4.0 (compatible; MSIE 7.0; Windows NT 6.1; Trident/5.0; SLCC2; .NET CLR 2.0.50727; .NET CLR 3.5.30729; .NET CLR 3.0.30729; Media Center PC 6.0; InfoPath.3; .NET4.0C; .NET4.0E)" 23775
192.168.12.210 - - [17/Feb/2013:07:03:39 +0600] "GET /tv/useUser HTTP/1.1" 200 431 "http://callider/graph/general" "Mozilla/4.0 (compatible; MSIE 7.0; Windows NT 6.1; WOW64; Trident/5.0; SLCC2; .NET CLR 2.0.50727; .NET CLR 3.5.30729; .NET CLR 3.0.30729; Media Center PC 6.0; InfoPath.3; .NET4.0C; .NET4.0E)" 11831
192.168.74.78 - - [17/Feb/2013:07:03:39 +0600] "GET /pause/ajaxPause?pauseConfigId=&admin=0 HTTP/1.1" 200 986 "http://callider/pause/index" "Mozilla/4.0 (compatible; MSIE 7.0; Windows NT 6.1; WOW64; Trident/5.0; SLCC2; .NET CLR 2.0.50727; .NET CLR 3.5.30729; .NET CLR 3.0.30729; Media Center PC 6.0; InfoPath.3; .NET4.0C; MS-RTC LM 8; .NET4.0E)" 57104
192.168.12.69 - - [17/Feb/2013:07:03:40 +0600] "GET /pause/ajaxPause?pauseConfigId=&admin=0 HTTP/1.1" 200 986 "http://callider/pause/index" "Mozilla/4.0 (compatible; MSIE 7.0; Windows NT 6.1; Trident/5.0; SLCC2; .NET CLR 2.0.50727; .NET CLR 3.5.30729; .NET CLR 3.0.30729; Media Center PC 6.0; InfoPath.3; .NET4.0C; .NET4.0E; Tablet PC 2.0; AskTbFXTV5/5.14.1.20007)" 22951
192.168.74.91 - - [17/Feb/2013:07:03:40 +0600] "GET /pause/ajaxPause?pauseConfigId=&admin=0 HTTP/1.1" 200 986 "http://callider/pause/index" "Mozilla/4.0 (compatible; MSIE 7.0; Windows NT 6.1; WOW64; Trident/5.0; SLCC2; .NET CLR 2.0.50727; .NET CLR 3.5.30729; .NET CLR 3.0.30729; Media Center PC 6.0; InfoPath.3; .NET4.0C; MS-RTC LM 8; .NET4.0E)" 19605
192.168.74.151 - - [17/Feb/2013:07:03:40 +0600] "GET /pause/ajaxPause?pauseConfigId=&admin=0 HTTP/1.1" 200 987 "http://callider.kontur/pause/index" "Mozilla/5.0 (Windows NT 6.1; WOW64; rv:18.0) Gecko/20100101 Firefox/18.0" 19874
192.168.12.60 - - [17/Feb/2013:07:03:40 +0600] "GET /pause/ajaxPause?pauseConfigId=&admin=0 HTTP/1.1" 200 986 "http://callider/pause/index" "Mozilla/4.0 (compatible; MSIE 8.0; Windows NT 6.1; Trident/4.0; InfoPath.3; .NET4.0C; MS-RTC LM 8; .NET4.0E)" 21081
192.168.12.210 - - [17/Feb/2013:07:03:40 +0600] "GET /pause/ajaxPause?pauseConfigId=all&admin=1 HTTP/1.1" 200 1047 "http://callider/pause/index" "Mozilla/4.0 (compatible; MSIE 7.0; Windows NT 6.1; WOW64; Trident/5.0; SLCC2; .NET CLR 2.0.50727; .NET CLR 3.5.30729; .NET CLR 3.0.30729; Media Center PC 6.0; InfoPath.3; .NET4.0C; .NET4.0E)" 21391
192.168.12.204 - - [17/Feb/2013:07:03:40 +0600] "GET /pause/ajaxPause?pauseConfigId=&admin=0 HTTP/1.1" 200 986 "http://callider/pause/index" "Mozilla/4.0 (compatible; MSIE 7.0; Windows NT 6.1; WOW64; Trident/4.0; SLCC2; .NET CLR 2.0.50727; .NET CLR 3.5.30729; .NET CLR 3.0.30729; Media Center PC 6.0; InfoPath.3; .NET4.0C; .NET4.0E; .NET CLR 1.1.4322)" 22438
192.168.12.9 - - [17/Feb/2013:07:03:41 +0600] "GET /tv/useUser HTTP/1.1" 200 432 "http://callider.kontur/site/index" "Mozilla/5.0 (Windows NT 6.1; WOW64) AppleWebKit/537.17 (KHTML, like Gecko) Chrome/24.0.1312.57 Safari/537.17" 19469
192.168.65.56 - - [17/Feb/2013:07:03:41 +0600] "GET /pause/ajaxPause?pauseConfigId=all&admin=1 HTTP/1.1" 200 1046 "http://192.168.65.101/pause/index" "Mozilla/5.0 (Windows NT 5.1; rv:15.0) Gecko/20100101 Firefox/15.0" 36925
192.168.12.61 - - [17/Feb/2013:07:03:43 +0600] "GET /pause/ajaxPause?pauseConfigId=&admin=0 HTTP/1.1" 200 985 "http://callider/pause/index" "Mozilla/4.0 (compatible; MSIE 7.0; Windows NT 6.1; Trident/5.0; SLCC2; .NET CLR 2.0.50727; .NET CLR 3.5.30729; .NET CLR 3.0.30729; Media Center PC 6.0; InfoPath.3; .NET4.0C; .NET4.0E)" 24352
192.168.74.78 - - [17/Feb/2013:07:03:44 +0600] "GET /pause/ajaxPause?pauseConfigId=&admin=0 HTTP/1.1" 200 986 "http://callider/pause/index" "Mozilla/4.0 (compatible; MSIE 7.0; Windows NT 6.1; WOW64; Trident/5.0; SLCC2; .NET CLR 2.0.50727; .NET CLR 3.5.30729; .NET CLR 3.0.30729; Media Center PC 6.0; InfoPath.3; .NET4.0C; MS-RTC LM 8; .NET4.0E)" 22754
192.168.12.69 - - [17/Feb/2013:07:03:45 +0600] "GET /pause/ajaxPause?pauseConfigId=&admin=0 HTTP/1.1" 200 986 "http://callider/pause/index" "Mozilla/4.0 (compatible; MSIE 7.0; Windows NT 6.1; Trident/5.0; SLCC2; .NET CLR 2.0.50727; .NET CLR 3.5.30729; .NET CLR 3.0.30729; Media Center PC 6.0; InfoPath.3; .NET4.0C; .NET4.0E; Tablet PC 2.0; AskTbFXTV5/5.14.1.20007)" 22005
192.168.74.91 - - [17/Feb/2013:07:03:45 +0600] "GET /pause/ajaxPause?pauseConfigId=&admin=0 HTTP/1.1" 200 986 "http://callider/pause/index" "Mozilla/4.0 (compatible; MSIE 7.0; Windows NT 6.1; WOW64; Trident/5.0; SLCC2; .NET CLR 2.0.50727; .NET CLR 3.5.30729; .NET CLR 3.0.30729; Media Center PC 6.0; InfoPath.3; .NET4.0C; MS-RTC LM 8; .NET4.0E)" 23877
192.168.12.60 - - [17/Feb/2013:07:03:45 +0600] "GET /pause/ajaxPause?pauseConfigId=&admin=0 HTTP/1.1" 200 986 "http://callider/pause/index" "Mozilla/4.0 (compatible; MSIE 8.0; Windows NT 6.1; Trident/4.0; InfoPath.3; .NET4.0C; MS-RTC LM 8; .NET4.0E)" 16912
192.168.74.151 - - [17/Feb/2013:07:03:45 +0600] "GET /pause/ajaxPause?pauseConfigId=&admin=0 HTTP/1.1" 200 987 "http://callider.kontur/pause/index" "Mozilla/5.0 (Windows NT 6.1; WOW64; rv:18.0) Gecko/20100101 Firefox/18.0" 24184
192.168.12.210 - - [17/Feb/2013:07:03:45 +0600] "GET /pause/ajaxPause?pauseConfigId=all&admin=1 HTTP/1.1" 200 1047 "http://callider/pause/index" "Mozilla/4.0 (compatible; MSIE 7.0; Windows NT 6.1; WOW64; Trident/5.0; SLCC2; .NET CLR 2.0.50727; .NET CLR 3.5.30729; .NET CLR 3.0.30729; Media Center PC 6.0; InfoPath.3; .NET4.0C; .NET4.0E)" 23530
192.168.12.204 - - [17/Feb/2013:07:03:45 +0600] "GET /pause/ajaxPause?pauseConfigId=&admin=0 HTTP/1.1" 200 986 "http://callider/pause/index" "Mozilla/4.0 (compatible; MSIE 7.0; Windows NT 6.1; WOW64; Trident/4.0; SLCC2; .NET CLR 2.0.50727; .NET CLR 3.5.30729; .NET CLR 3.0.30729; Media Center PC 6.0; InfoPath.3; .NET4.0C; .NET4.0E; .NET CLR 1.1.4322)" 20370
192.168.65.56 - - [17/Feb/2013:07:03:46 +0600] "GET /pause/ajaxPause?pauseConfigId=all&admin=1 HTTP/1.1" 200 1046 "http://192.168.65.101/pause/index" "Mozilla/5.0 (Windows NT 5.1; rv:15.0) Gecko/20100101 Firefox/15.0" 27896
192.168.12.61 - - [17/Feb/2013:07:03:48 +0600] "GET /pause/ajaxPause?pauseConfigId=&admin=0 HTTP/1.1" 200 985 "http://callider/pause/index" "Mozilla/4.0 (compatible; MSIE 7.0; Windows NT 6.1; Trident/5.0; SLCC2; .NET CLR 2.0.50727; .NET CLR 3.5.30729; .NET CLR 3.0.30729; Media Center PC 6.0; InfoPath.3; .NET4.0C; .NET4.0E)" 23863
192.168.12.210 - - [17/Feb/2013:07:03:49 +0600] "GET /tv/useUser HTTP/1.1" 200 431 "http://callider/pause/index" "Mozilla/4.0 (compatible; MSIE 7.0; Windows NT 6.1; WOW64; Trident/5.0; SLCC2; .NET CLR 2.0.50727; .NET CLR 3.5.30729; .NET CLR 3.0.30729; Media Center PC 6.0; InfoPath.3; .NET4.0C; .NET4.0E)" 10927
192.168.74.78 - - [17/Feb/2013:07:03:49 +0600] "GET /pause/ajaxPause?pauseConfigId=&admin=0 HTTP/1.1" 200 986 "http://callider/pause/index" "Mozilla/4.0 (compatible; MSIE 7.0; Windows NT 6.1; WOW64; Trident/5.0; SLCC2; .NET CLR 2.0.50727; .NET CLR 3.5.30729; .NET CLR 3.0.30729; Media Center PC 6.0; InfoPath.3; .NET4.0C; MS-RTC LM 8; .NET4.0E)" 38307
192.168.12.69 - - [17/Feb/2013:07:03:50 +0600] "GET /pause/ajaxPause?pauseConfigId=&admin=0 HTTP/1.1" 200 986 "http://callider/pause/index" "Mozilla/4.0 (compatible; MSIE 7.0; Windows NT 6.1; Trident/5.0; SLCC2; .NET CLR 2.0.50727; .NET CLR 3.5.30729; .NET CLR 3.0.30729; Media Center PC 6.0; InfoPath.3; .NET4.0C; .NET4.0E; Tablet PC 2.0; AskTbFXTV5/5.14.1.20007)" 35743
192.168.74.91 - - [17/Feb/2013:07:03:50 +0600] "GET /pause/ajaxPause?pauseConfigId=&admin=0 HTTP/1.1" 200 986 "http://callider/pause/index" "Mozilla/4.0 (compatible; MSIE 7.0; Windows NT 6.1; WOW64; Trident/5.0; SLCC2; .NET CLR 2.0.50727; .NET CLR 3.5.30729; .NET CLR 3.0.30729; Media Center PC 6.0; InfoPath.3; .NET4.0C; MS-RTC LM 8; .NET4.0E)" 28031
192.168.74.151 - - [17/Feb/2013:07:03:50 +0600] "GET /pause/ajaxPause?pauseConfigId=&admin=0 HTTP/1.1" 200 987 "http://callider.kontur/pause/index" "Mozilla/5.0 (Windows NT 6.1; WOW64; rv:18.0) Gecko/20100101 Firefox/18.0" 21109
192.168.12.60 - - [17/Feb/2013:07:03:50 +0600] "GET /pause/ajaxPause?pauseConfigId=&admin=0 HTTP/1.1" 200 986 "http://callider/pause/index" "Mozilla/4.0 (compatible; MSIE 8.0; Windows NT 6.1; Trident/4.0; InfoPath.3; .NET4.0C; MS-RTC LM 8; .NET4.0E)" 19119
192.168.12.210 - - [17/Feb/2013:07:03:50 +0600] "GET /pause/ajaxPause?pauseConfigId=all&admin=1 HTTP/1.1" 200 1047 "http://callider/pause/index" "Mozilla/4.0 (compatible; MSIE 7.0; Windows NT 6.1; WOW64; Trident/5.0; SLCC2; .NET CLR 2.0.50727; .NET CLR 3.5.30729; .NET CLR 3.0.30729; Media Center PC 6.0; InfoPath.3; .NET4.0C; .NET4.0E)" 25811
192.168.12.204 - - [17/Feb/2013:07:03:50 +0600] "GET /pause/ajaxPause?pauseConfigId=&admin=0 HTTP/1.1" 200 986 "http://callider/pause/index" "Mozilla/4.0 (compatible; MSIE 7.0; Windows NT 6.1; WOW64; Trident/4.0; SLCC2; .NET CLR 2.0.50727; .NET CLR 3.5.30729; .NET CLR 3.0.30729; Media Center PC 6.0; InfoPath.3; .NET4.0C; .NET4.0E; .NET CLR 1.1.4322)" 26396
192.168.65.56 - - [17/Feb/2013:07:03:51 +0600] "GET /pause/ajaxPause?pauseConfigId=all&admin=1 HTTP/1.1" 200 1046 "http://192.168.65.101/pause/index" "Mozilla/5.0 (Windows NT 5.1; rv:15.0) Gecko/20100101 Firefox/15.0" 47058
192.168.65.56 - - [17/Feb/2013:07:03:51 +0600] "GET /tv/useUser HTTP/1.1" 200 431 "http://192.168.65.101/pause/index" "Mozilla/5.0 (Windows NT 5.1; rv:15.0) Gecko/20100101 Firefox/15.0" 13705
192.168.12.61 - - [17/Feb/2013:07:03:53 +0600] "GET /pause/ajaxPause?pauseConfigId=&admin=0 HTTP/1.1" 200 985 "http://callider/pause/index" "Mozilla/4.0 (compatible; MSIE 7.0; Windows NT 6.1; Trident/5.0; SLCC2; .NET CLR 2.0.50727; .NET CLR 3.5.30729; .NET CLR 3.0.30729; Media Center PC 6.0; InfoPath.3; .NET4.0C; .NET4.0E)" 20446
192.168.74.78 - - [17/Feb/2013:07:03:54 +0600] "GET /pause/ajaxPause?pauseConfigId=&admin=0 HTTP/1.1" 200 986 "http://callider/pause/index" "Mozilla/4.0 (compatible; MSIE 7.0; Windows NT 6.1; WOW64; Trident/5.0; SLCC2; .NET CLR 2.0.50727; .NET CLR 3.5.30729; .NET CLR 3.0.30729; Media Center PC 6.0; InfoPath.3; .NET4.0C; MS-RTC LM 8; .NET4.0E)" 21743
192.168.12.69 - - [17/Feb/2013:07:03:55 +0600] "GET /pause/ajaxPause?pauseConfigId=&admin=0 HTTP/1.1" 200 986 "http://callider/pause/index" "Mozilla/4.0 (compatible; MSIE 7.0; Windows NT 6.1; Trident/5.0; SLCC2; .NET CLR 2.0.50727; .NET CLR 3.5.30729; .NET CLR 3.0.30729; Media Center PC 6.0; InfoPath.3; .NET4.0C; .NET4.0E; Tablet PC 2.0; AskTbFXTV5/5.14.1.20007)" 23505
192.168.74.91 - - [17/Feb/2013:07:03:55 +0600] "GET /pause/ajaxPause?pauseConfigId=&admin=0 HTTP/1.1" 200 986 "http://callider/pause/index" "Mozilla/4.0 (compatible; MSIE 7.0; Windows NT 6.1; WOW64; Trident/5.0; SLCC2; .NET CLR 2.0.50727; .NET CLR 3.5.30729; .NET CLR 3.0.30729; Media Center PC 6.0; InfoPath.3; .NET4.0C; MS-RTC LM 8; .NET4.0E)" 20903
192.168.74.151 - - [17/Feb/2013:07:03:55 +0600] "GET /pause/ajaxPause?pauseConfigId=&admin=0 HTTP/1.1" 200 987 "http://callider.kontur/pause/index" "Mozilla/5.0 (Windows NT 6.1; WOW64; rv:18.0) Gecko/20100101 Firefox/18.0" 22796
192.168.12.60 - - [17/Feb/2013:07:03:55 +0600] "GET /pause/ajaxPause?pauseConfigId=&admin=0 HTTP/1.1" 200 986 "http://callider/pause/index" "Mozilla/4.0 (compatible; MSIE 8.0; Windows NT 6.1; Trident/4.0; InfoPath.3; .NET4.0C; MS-RTC LM 8; .NET4.0E)" 27443
192.168.12.210 - - [17/Feb/2013:07:03:55 +0600] "GET /pause/ajaxPause?pauseConfigId=all&admin=1 HTTP/1.1" 200 1047 "http://callider/pause/index" "Mozilla/4.0 (compatible; MSIE 7.0; Windows NT 6.1; WOW64; Trident/5.0; SLCC2; .NET CLR 2.0.50727; .NET CLR 3.5.30729; .NET CLR 3.0.30729; Media Center PC 6.0; InfoPath.3; .NET4.0C; .NET4.0E)" 22930
192.168.12.204 - - [17/Feb/2013:07:03:55 +0600] "GET /pause/ajaxPause?pauseConfigId=&admin=0 HTTP/1.1" 200 986 "http://callider/pause/index" "Mozilla/4.0 (compatible; MSIE 7.0; Windows NT 6.1; WOW64; Trident/4.0; SLCC2; .NET CLR 2.0.50727; .NET CLR 3.5.30729; .NET CLR 3.0.30729; Media Center PC 6.0; InfoPath.3; .NET4.0C; .NET4.0E; .NET CLR 1.1.4322)" 20533
192.168.65.56 - - [17/Feb/2013:07:03:56 +0600] "GET /pause/ajaxPause?pauseConfigId=all&admin=1 HTTP/1.1" 200 1047 "http://192.168.65.101/pause/index" "Mozilla/5.0 (Windows NT 5.1; rv:15.0) Gecko/20100101 Firefox/15.0" 42083
192.168.65.56 - - [17/Feb/2013:07:03:56 +0600] "GET /lib/callider/graph.registr_tel.php?auto=0 HTTP/1.1" 200 18585 "-" "Mozilla/5.0 (Windows NT 5.1; rv:15.0) Gecko/20100101 Firefox/15.0" 2253934
192.168.12.61 - - [17/Feb/2013:07:03:59 +0600] "GET /pause/ajaxPause?pauseConfigId=&admin=0 HTTP/1.1" 200 986 "http://callider/pause/index" "Mozilla/4.0 (compatible; MSIE 7.0; Windows NT 6.1; Trident/5.0; SLCC2; .NET CLR 2.0.50727; .NET CLR 3.5.30729; .NET CLR 3.0.30729; Media Center PC 6.0; InfoPath.3; .NET4.0C; .NET4.0E)" 33129
192.168.65.56 - - [17/Feb/2013:07:03:59 +0600] "GET /lib/timeto.php?timezone=Asia/Yekaterinburg&countto=2013-02-17%2010:00:00&do=r&data=graph.registr_tel.php?auto=1 HTTP/1.1" 200 1366 "http://192.168.65.101/lib/callider/graph.registr_tel.php?auto=0" "Mozilla/5.0 (Windows NT 5.1; rv:15.0) Gecko/20100101 Firefox/15.0" 159921
192.168.65.56 - - [17/Feb/2013:07:03:59 +0600] "GET /images/back.png HTTP/1.1" 304 188 "http://192.168.65.101/lib/callider/graph.registr_tel.php?auto=0" "Mozilla/5.0 (Windows NT 5.1; rv:15.0) Gecko/20100101 Firefox/15.0" 1145
192.168.74.78 - - [17/Feb/2013:07:03:59 +0600] "GET /pause/ajaxPause?pauseConfigId=&admin=0 HTTP/1.1" 200 986 "http://callider/pause/index" "Mozilla/4.0 (compatible; MSIE 7.0; Windows NT 6.1; WOW64; Trident/5.0; SLCC2; .NET CLR 2.0.50727; .NET CLR 3.5.30729; .NET CLR 3.0.30729; Media Center PC 6.0; InfoPath.3; .NET4.0C; MS-RTC LM 8; .NET4.0E)" 26407
192.168.64.119 - - [17/Feb/2013:07:04:00 +0600] "HEAD / HTTP/1.0" 302 435 "-" "WhatsUp/1.0" 16993
192.168.64.119 - - [17/Feb/2013:07:04:00 +0600] "GET / HTTP/1.1" 302 454 "-" "Mozilla/4.0 (compatible; MSIE 8.0; Windows NT 5.2; Trident/4.0)" 33270
192.168.64.119 - - [17/Feb/2013:07:04:00 +0600] "GET /site/login HTTP/1.1" 200 7423 "-" "Mozilla/4.0 (compatible; MSIE 8.0; Windows NT 5.2; Trident/4.0)" 38986
192.168.12.69 - - [17/Feb/2013:07:04:00 +0600] "GET /pause/ajaxPause?pauseConfigId=&admin=0 HTTP/1.1" 200 986 "http://callider/pause/index" "Mozilla/4.0 (compatible; MSIE 7.0; Windows NT 6.1; Trident/5.0; SLCC2; .NET CLR 2.0.50727; .NET CLR 3.5.30729; .NET CLR 3.0.30729; Media Center PC 6.0; InfoPath.3; .NET4.0C; .NET4.0E; Tablet PC 2.0; AskTbFXTV5/5.14.1.20007)" 27411
192.168.74.91 - - [17/Feb/2013:07:04:00 +0600] "GET /pause/ajaxPause?pauseConfigId=&admin=0 HTTP/1.1" 200 986 "http://callider/pause/index" "Mozilla/4.0 (compatible; MSIE 7.0; Windows NT 6.1; WOW64; Trident/5.0; SLCC2; .NET CLR 2.0.50727; .NET CLR 3.5.30729; .NET CLR 3.0.30729; Media Center PC 6.0; InfoPath.3; .NET4.0C; MS-RTC LM 8; .NET4.0E)" 33963
192.168.74.151 - - [17/Feb/2013:07:04:00 +0600] "GET /pause/ajaxPause?pauseConfigId=&admin=0 HTTP/1.1" 200 987 "http://callider.kontur/pause/index" "Mozilla/5.0 (Windows NT 6.1; WOW64; rv:18.0) Gecko/20100101 Firefox/18.0" 24551
192.168.12.60 - - [17/Feb/2013:07:04:00 +0600] "GET /pause/ajaxPause?pauseConfigId=&admin=0 HTTP/1.1" 200 986 "http://callider/pause/index" "Mozilla/4.0 (compatible; MSIE 8.0; Windows NT 6.1; Trident/4.0; InfoPath.3; .NET4.0C; MS-RTC LM 8; .NET4.0E)" 29206
192.168.12.210 - - [17/Feb/2013:07:04:00 +0600] "GET /pause/ajaxPause?pauseConfigId=all&admin=1 HTTP/1.1" 200 1047 "http://callider/pause/index" "Mozilla/4.0 (compatible; MSIE 7.0; Windows NT 6.1; WOW64; Trident/5.0; SLCC2; .NET CLR 2.0.50727; .NET CLR 3.5.30729; .NET CLR 3.0.30729; Media Center PC 6.0; InfoPath.3; .NET4.0C; .NET4.0E)" 27992
192.168.12.204 - - [17/Feb/2013:07:04:00 +0600] "GET /pause/ajaxPause?pauseConfigId=&admin=0 HTTP/1.1" 200 986 "http://callider/pause/index" "Mozilla/4.0 (compatible; MSIE 7.0; Windows NT 6.1; WOW64; Trident/4.0; SLCC2; .NET CLR 2.0.50727; .NET CLR 3.5.30729; .NET CLR 3.0.30729; Media Center PC 6.0; InfoPath.3; .NET4.0C; .NET4.0E; .NET CLR 1.1.4322)" 25138
192.168.65.56 - - [17/Feb/2013:07:04:01 +0600] "GET /pause/ajaxPause?pauseConfigId=all&admin=1 HTTP/1.1" 200 1046 "http://192.168.65.101/pause/index" "Mozilla/5.0 (Windows NT 5.1; rv:15.0) Gecko/20100101 Firefox/15.0" 37249
192.168.12.61 - - [17/Feb/2013:07:04:04 +0600] "GET /pause/ajaxPause?pauseConfigId=&admin=0 HTTP/1.1" 200 985 "http://callider/pause/index" "Mozilla/4.0 (compatible; MSIE 7.0; Windows NT 6.1; Trident/5.0; SLCC2; .NET CLR 2.0.50727; .NET CLR 3.5.30729; .NET CLR 3.0.30729; Media Center PC 6.0; InfoPath.3; .NET4.0C; .NET4.0E)" 26973
192.168.74.78 - - [17/Feb/2013:07:04:04 +0600] "GET /pause/ajaxPause?pauseConfigId=&admin=0 HTTP/1.1" 200 986 "http://callider/pause/index" "Mozilla/4.0 (compatible; MSIE 7.0; Windows NT 6.1; WOW64; Trident/5.0; SLCC2; .NET CLR 2.0.50727; .NET CLR 3.5.30729; .NET CLR 3.0.30729; Media Center PC 6.0; InfoPath.3; .NET4.0C; MS-RTC LM 8; .NET4.0E)" 25294
192.168.12.69 - - [17/Feb/2013:07:04:05 +0600] "GET /pause/ajaxPause?pauseConfigId=&admin=0 HTTP/1.1" 200 986 "http://callider/pause/index" "Mozilla/4.0 (compatible; MSIE 7.0; Windows NT 6.1; Trident/5.0; SLCC2; .NET CLR 2.0.50727; .NET CLR 3.5.30729; .NET CLR 3.0.30729; Media Center PC 6.0; InfoPath.3; .NET4.0C; .NET4.0E; Tablet PC 2.0; AskTbFXTV5/5.14.1.20007)" 29806
192.168.12.61 - - [17/Feb/2013:07:04:05 +0600] "GET /tv/useUser HTTP/1.1" 200 431 "http://callider/pause/index" "Mozilla/4.0 (compatible; MSIE 7.0; Windows NT 6.1; Trident/5.0; SLCC2; .NET CLR 2.0.50727; .NET CLR 3.5.30729; .NET CLR 3.0.30729; Media Center PC 6.0; InfoPath.3; .NET4.0C; .NET4.0E)" 10978
192.168.74.91 - - [17/Feb/2013:07:04:05 +0600] "GET /pause/ajaxPause?pauseConfigId=&admin=0 HTTP/1.1" 200 986 "http://callider/pause/index" "Mozilla/4.0 (compatible; MSIE 7.0; Windows NT 6.1; WOW64; Trident/5.0; SLCC2; .NET CLR 2.0.50727; .NET CLR 3.5.30729; .NET CLR 3.0.30729; Media Center PC 6.0; InfoPath.3; .NET4.0C; MS-RTC LM 8; .NET4.0E)" 33395
192.168.74.151 - - [17/Feb/2013:07:04:05 +0600] "GET /pause/ajaxPause?pauseConfigId=&admin=0 HTTP/1.1" 200 987 "http://callider.kontur/pause/index" "Mozilla/5.0 (Windows NT 6.1; WOW64; rv:18.0) Gecko/20100101 Firefox/18.0" 22274
192.168.12.60 - - [17/Feb/2013:07:04:05 +0600] "GET /pause/ajaxPause?pauseConfigId=&admin=0 HTTP/1.1" 200 986 "http://callider/pause/index" "Mozilla/4.0 (compatible; MSIE 8.0; Windows NT 6.1; Trident/4.0; InfoPath.3; .NET4.0C; MS-RTC LM 8; .NET4.0E)" 28644
192.168.12.210 - - [17/Feb/2013:07:04:05 +0600] "GET /pause/ajaxPause?pauseConfigId=all&admin=1 HTTP/1.1" 200 1047 "http://callider/pause/index" "Mozilla/4.0 (compatible; MSIE 7.0; Windows NT 6.1; WOW64; Trident/5.0; SLCC2; .NET CLR 2.0.50727; .NET CLR 3.5.30729; .NET CLR 3.0.30729; Media Center PC 6.0; InfoPath.3; .NET4.0C; .NET4.0E)" 26598
192.168.12.204 - - [17/Feb/2013:07:04:05 +0600] "GET /pause/ajaxPause?pauseConfigId=&admin=0 HTTP/1.1" 200 987 "http://callider/pause/index" "Mozilla/4.0 (compatible; MSIE 7.0; Windows NT 6.1; WOW64; Trident/4.0; SLCC2; .NET CLR 2.0.50727; .NET CLR 3.5.30729; .NET CLR 3.0.30729; Media Center PC 6.0; InfoPath.3; .NET4.0C; .NET4.0E; .NET CLR 1.1.4322)" 28204
192.168.65.56 - - [17/Feb/2013:07:04:06 +0600] "GET /pause/ajaxPause?pauseConfigId=all&admin=1 HTTP/1.1" 200 1046 "http://192.168.65.101/pause/index" "Mozilla/5.0 (Windows NT 5.1; rv:15.0) Gecko/20100101 Firefox/15.0" 34457
192.168.12.61 - - [17/Feb/2013:07:04:08 +0600] "GET /pause/ajaxPause?pauseConfigId=&admin=0 HTTP/1.1" 200 985 "http://callider/pause/index" "Mozilla/4.0 (compatible; MSIE 7.0; Windows NT 6.1; Trident/5.0; SLCC2; .NET CLR 2.0.50727; .NET CLR 3.5.30729; .NET CLR 3.0.30729; Media Center PC 6.0; InfoPath.3; .NET4.0C; .NET4.0E)" 23263
192.168.74.78 - - [17/Feb/2013:07:04:09 +0600] "GET /pause/ajaxPause?pauseConfigId=&admin=0 HTTP/1.1" 200 986 "http://callider/pause/index" "Mozilla/4.0 (compatible; MSIE 7.0; Windows NT 6.1; WOW64; Trident/5.0; SLCC2; .NET CLR 2.0.50727; .NET CLR 3.5.30729; .NET CLR 3.0.30729; Media Center PC 6.0; InfoPath.3; .NET4.0C; MS-RTC LM 8; .NET4.0E)" 24187
192.168.12.69 - - [17/Feb/2013:07:04:10 +0600] "GET /pause/ajaxPause?pauseConfigId=&admin=0 HTTP/1.1" 200 986 "http://callider/pause/index" "Mozilla/4.0 (compatible; MSIE 7.0; Windows NT 6.1; Trident/5.0; SLCC2; .NET CLR 2.0.50727; .NET CLR 3.5.30729; .NET CLR 3.0.30729; Media Center PC 6.0; InfoPath.3; .NET4.0C; .NET4.0E; Tablet PC 2.0; AskTbFXTV5/5.14.1.20007)" 20360
192.168.74.91 - - [17/Feb/2013:07:04:10 +0600] "GET /pause/ajaxPause?pauseConfigId=&admin=0 HTTP/1.1" 200 986 "http://callider/pause/index" "Mozilla/4.0 (compatible; MSIE 7.0; Windows NT 6.1; WOW64; Trident/5.0; SLCC2; .NET CLR 2.0.50727; .NET CLR 3.5.30729; .NET CLR 3.0.30729; Media Center PC 6.0; InfoPath.3; .NET4.0C; MS-RTC LM 8; .NET4.0E)" 20858
192.168.74.151 - - [17/Feb/2013:07:04:10 +0600] "GET /pause/ajaxPause?pauseConfigId=&admin=0 HTTP/1.1" 200 987 "http://callider.kontur/pause/index" "Mozilla/5.0 (Windows NT 6.1; WOW64; rv:18.0) Gecko/20100101 Firefox/18.0" 20244
192.168.12.60 - - [17/Feb/2013:07:04:10 +0600] "GET /pause/ajaxPause?pauseConfigId=&admin=0 HTTP/1.1" 200 986 "http://callider/pause/index" "Mozilla/4.0 (compatible; MSIE 8.0; Windows NT 6.1; Trident/4.0; InfoPath.3; .NET4.0C; MS-RTC LM 8; .NET4.0E)" 21754
192.168.12.210 - - [17/Feb/2013:07:04:10 +0600] "GET /pause/ajaxPause?pauseConfigId=all&admin=1 HTTP/1.1" 200 1047 "http://callider/pause/index" "Mozilla/4.0 (compatible; MSIE 7.0; Windows NT 6.1; WOW64; Trident/5.0; SLCC2; .NET CLR 2.0.50727; .NET CLR 3.5.30729; .NET CLR 3.0.30729; Media Center PC 6.0; InfoPath.3; .NET4.0C; .NET4.0E)" 26125
192.168.12.204 - - [17/Feb/2013:07:04:10 +0600] "GET /pause/ajaxPause?pauseConfigId=&admin=0 HTTP/1.1" 200 986 "http://callider/pause/index" "Mozilla/4.0 (compatible; MSIE 7.0; Windows NT 6.1; WOW64; Trident/4.0; SLCC2; .NET CLR 2.0.50727; .NET CLR 3.5.30729; .NET CLR 3.0.30729; Media Center PC 6.0; InfoPath.3; .NET4.0C; .NET4.0E; .NET CLR 1.1.4322)" 27770
192.168.12.42 - - [17/Feb/2013:07:04:11 +0600] "GET /tv/useUser HTTP/1.1" 200 432 "http://callider/graph/personal" "Mozilla/4.0 (compatible; MSIE 7.0; Windows NT 6.1; WOW64; Trident/5.0; SLCC2; .NET CLR 2.0.50727; .NET CLR 3.5.30729; .NET CLR 3.0.30729; Media Center PC 6.0; InfoPath.3; .NET4.0C; .NET4.0E)" 20786
192.168.65.56 - - [17/Feb/2013:07:04:11 +0600] "GET /pause/ajaxPause?pauseConfigId=all&admin=1 HTTP/1.1" 200 1046 "http://192.168.65.101/pause/index" "Mozilla/5.0 (Windows NT 5.1; rv:15.0) Gecko/20100101 Firefox/15.0" 34555
192.168.74.151 - - [17/Feb/2013:07:04:13 +0600] "GET /tv/useUser HTTP/1.1" 200 431 "http://callider.kontur/graph/general" "Mozilla/5.0 (Windows NT 6.1; WOW64; rv:18.0) Gecko/20100101 Firefox/18.0" 9333
192.168.12.61 - - [17/Feb/2013:07:04:14 +0600] "GET /pause/ajaxPause?pauseConfigId=&admin=0 HTTP/1.1" 200 986 "http://callider/pause/index" "Mozilla/4.0 (compatible; MSIE 7.0; Windows NT 6.1; Trident/5.0; SLCC2; .NET CLR 2.0.50727; .NET CLR 3.5.30729; .NET CLR 3.0.30729; Media Center PC 6.0; InfoPath.3; .NET4.0C; .NET4.0E)" 39536
192.168.74.78 - - [17/Feb/2013:07:04:14 +0600] "GET /pause/ajaxPause?pauseConfigId=&admin=0 HTTP/1.1" 200 986 "http://callider/pause/index" "Mozilla/4.0 (compatible; MSIE 7.0; Windows NT 6.1; WOW64; Trident/5.0; SLCC2; .NET CLR 2.0.50727; .NET CLR 3.5.30729; .NET CLR 3.0.30729; Media Center PC 6.0; InfoPath.3; .NET4.0C; MS-RTC LM 8; .NET4.0E)" 28016
192.168.12.69 - - [17/Feb/2013:07:04:15 +0600] "GET /pause/ajaxPause?pauseConfigId=&admin=0 HTTP/1.1" 200 986 "http://callider/pause/index" "Mozilla/4.0 (compatible; MSIE 7.0; Windows NT 6.1; Trident/5.0; SLCC2; .NET CLR 2.0.50727; .NET CLR 3.5.30729; .NET CLR 3.0.30729; Media Center PC 6.0; InfoPath.3; .NET4.0C; .NET4.0E; Tablet PC 2.0; AskTbFXTV5/5.14.1.20007)" 23642
192.168.74.91 - - [17/Feb/2013:07:04:15 +0600] "GET /pause/ajaxPause?pauseConfigId=&admin=0 HTTP/1.1" 200 986 "http://callider/pause/index" "Mozilla/4.0 (compatible; MSIE 7.0; Windows NT 6.1; WOW64; Trident/5.0; SLCC2; .NET CLR 2.0.50727; .NET CLR 3.5.30729; .NET CLR 3.0.30729; Media Center PC 6.0; InfoPath.3; .NET4.0C; MS-RTC LM 8; .NET4.0E)" 19648
192.168.74.151 - - [17/Feb/2013:07:04:15 +0600] "GET /pause/ajaxPause?pauseConfigId=&admin=0 HTTP/1.1" 200 987 "http://callider.kontur/pause/index" "Mozilla/5.0 (Windows NT 6.1; WOW64; rv:18.0) Gecko/20100101 Firefox/18.0" 24407
192.168.74.151 - - [17/Feb/2013:07:04:15 +0600] "GET /tv/useUser HTTP/1.1" 200 432 "http://callider.kontur/pause/index" "Mozilla/5.0 (Windows NT 6.1; WOW64; rv:18.0) Gecko/20100101 Firefox/18.0" 18637
192.168.12.60 - - [17/Feb/2013:07:04:15 +0600] "GET /pause/ajaxPause?pauseConfigId=&admin=0 HTTP/1.1" 200 986 "http://callider/pause/index" "Mozilla/4.0 (compatible; MSIE 8.0; Windows NT 6.1; Trident/4.0; InfoPath.3; .NET4.0C; MS-RTC LM 8; .NET4.0E)" 25989
192.168.12.210 - - [17/Feb/2013:07:04:15 +0600] "GET /pause/ajaxPause?pauseConfigId=all&admin=1 HTTP/1.1" 200 1047 "http://callider/pause/index" "Mozilla/4.0 (compatible; MSIE 7.0; Windows NT 6.1; WOW64; Trident/5.0; SLCC2; .NET CLR 2.0.50727; .NET CLR 3.5.30729; .NET CLR 3.0.30729; Media Center PC 6.0; InfoPath.3; .NET4.0C; .NET4.0E)" 27725
192.168.12.204 - - [17/Feb/2013:07:04:15 +0600] "GET /pause/ajaxPause?pauseConfigId=&admin=0 HTTP/1.1" 200 986 "http://callider/pause/index" "Mozilla/4.0 (compatible; MSIE 7.0; Windows NT 6.1; WOW64; Trident/4.0; SLCC2; .NET CLR 2.0.50727; .NET CLR 3.5.30729; .NET CLR 3.0.30729; Media Center PC 6.0; InfoPath.3; .NET4.0C; .NET4.0E; .NET CLR 1.1.4322)" 26905
192.168.65.56 - - [17/Feb/2013:07:04:16 +0600] "GET /pause/ajaxPause?pauseConfigId=all&admin=1 HTTP/1.1" 200 1046 "http://192.168.65.101/pause/index" "Mozilla/5.0 (Windows NT 5.1; rv:15.0) Gecko/20100101 Firefox/15.0" 36853
192.168.12.61 - - [17/Feb/2013:07:04:19 +0600] "GET /pause/ajaxPause?pauseConfigId=&admin=0 HTTP/1.1" 200 985 "http://callider/pause/index" "Mozilla/4.0 (compatible; MSIE 7.0; Windows NT 6.1; Trident/5.0; SLCC2; .NET CLR 2.0.50727; .NET CLR 3.5.30729; .NET CLR 3.0.30729; Media Center PC 6.0; InfoPath.3; .NET4.0C; .NET4.0E)" 33110
192.168.74.78 - - [17/Feb/2013:07:04:19 +0600] "GET /pause/ajaxPause?pauseConfigId=&admin=0 HTTP/1.1" 200 986 "http://callider/pause/index" "Mozilla/4.0 (compatible; MSIE 7.0; Windows NT 6.1; WOW64; Trident/5.0; SLCC2; .NET CLR 2.0.50727; .NET CLR 3.5.30729; .NET CLR 3.0.30729; Media Center PC 6.0; InfoPath.3; .NET4.0C; MS-RTC LM 8; .NET4.0E)" 21849
192.168.12.10 - - [17/Feb/2013:07:04:19 +0600] "GET /tv/useUser HTTP/1.1" 200 432 "http://callider/graph/personal" "Mozilla/4.0 (compatible; MSIE 7.0; Windows NT 6.1; Trident/5.0; SLCC2; .NET CLR 2.0.50727; .NET CLR 3.5.30729; .NET CLR 3.0.30729; Media Center PC 6.0; InfoPath.3; .NET4.0C; .NET4.0E; Tablet PC 2.0; MS-RTC LM 8)" 20114
192.168.12.108 - - [17/Feb/2013:07:04:19 +0600] "GET /tv/useUser HTTP/1.1" 200 432 "http://callider/index.php" "Mozilla/4.0 (compatible; MSIE 7.0; Windows NT 6.2; WOW64; Trident/6.0; .NET4.0E; .NET4.0C; InfoPath.3; .NET CLR 3.5.30729; .NET CLR 2.0.50727; .NET CLR 3.0.30729)" 20266
192.168.12.69 - - [17/Feb/2013:07:04:20 +0600] "GET /pause/ajaxPause?pauseConfigId=&admin=0 HTTP/1.1" 200 986 "http://callider/pause/index" "Mozilla/4.0 (compatible; MSIE 7.0; Windows NT 6.1; Trident/5.0; SLCC2; .NET CLR 2.0.50727; .NET CLR 3.5.30729; .NET CLR 3.0.30729; Media Center PC 6.0; InfoPath.3; .NET4.0C; .NET4.0E; Tablet PC 2.0; AskTbFXTV5/5.14.1.20007)" 25789
192.168.74.91 - - [17/Feb/2013:07:04:20 +0600] "GET /pause/ajaxPause?pauseConfigId=&admin=0 HTTP/1.1" 200 986 "http://callider/pause/index" "Mozilla/4.0 (compatible; MSIE 7.0; Windows NT 6.1; WOW64; Trident/5.0; SLCC2; .NET CLR 2.0.50727; .NET CLR 3.5.30729; .NET CLR 3.0.30729; Media Center PC 6.0; InfoPath.3; .NET4.0C; MS-RTC LM 8; .NET4.0E)" 21523
192.168.74.151 - - [17/Feb/2013:07:04:20 +0600] "GET /pause/ajaxPause?pauseConfigId=&admin=0 HTTP/1.1" 200 987 "http://callider.kontur/pause/index" "Mozilla/5.0 (Windows NT 6.1; WOW64; rv:18.0) Gecko/20100101 Firefox/18.0" 22001
192.168.12.60 - - [17/Feb/2013:07:04:20 +0600] "GET /pause/ajaxPause?pauseConfigId=&admin=0 HTTP/1.1" 200 986 "http://callider/pause/index" "Mozilla/4.0 (compatible; MSIE 8.0; Windows NT 6.1; Trident/4.0; InfoPath.3; .NET4.0C; MS-RTC LM 8; .NET4.0E)" 20538
192.168.12.210 - - [17/Feb/2013:07:04:20 +0600] "GET /pause/ajaxPause?pauseConfigId=all&admin=1 HTTP/1.1" 200 1047 "http://callider/pause/index" "Mozilla/4.0 (compatible; MSIE 7.0; Windows NT 6.1; WOW64; Trident/5.0; SLCC2; .NET CLR 2.0.50727; .NET CLR 3.5.30729; .NET CLR 3.0.30729; Media Center PC 6.0; InfoPath.3; .NET4.0C; .NET4.0E)" 30961
192.168.12.204 - - [17/Feb/2013:07:04:20 +0600] "GET /pause/ajaxPause?pauseConfigId=&admin=0 HTTP/1.1" 200 986 "http://callider/pause/index" "Mozilla/4.0 (compatible; MSIE 7.0; Windows NT 6.1; WOW64; Trident/4.0; SLCC2; .NET CLR 2.0.50727; .NET CLR 3.5.30729; .NET CLR 3.0.30729; Media Center PC 6.0; InfoPath.3; .NET4.0C; .NET4.0E; .NET CLR 1.1.4322)" 31187
192.168.65.56 - - [17/Feb/2013:07:04:21 +0600] "GET /pause/ajaxPause?pauseConfigId=all&admin=1 HTTP/1.1" 200 1046 "http://192.168.65.101/pause/index" "Mozilla/5.0 (Windows NT 5.1; rv:15.0) Gecko/20100101 Firefox/15.0" 48056
192.168.12.61 - - [17/Feb/2013:07:04:24 +0600] "GET /pause/ajaxPause?pauseConfigId=&admin=0 HTTP/1.1" 200 985 "http://callider/pause/index" "Mozilla/4.0 (compatible; MSIE 7.0; Windows NT 6.1; Trident/5.0; SLCC2; .NET CLR 2.0.50727; .NET CLR 3.5.30729; .NET CLR 3.0.30729; Media Center PC 6.0; InfoPath.3; .NET4.0C; .NET4.0E)" 29883
192.168.74.78 - - [17/Feb/2013:07:04:24 +0600] "GET /pause/ajaxPause?pauseConfigId=&admin=0 HTTP/1.1" 200 986 "http://callider/pause/index" "Mozilla/4.0 (compatible; MSIE 7.0; Windows NT 6.1; WOW64; Trident/5.0; SLCC2; .NET CLR 2.0.50727; .NET CLR 3.5.30729; .NET CLR 3.0.30729; Media Center PC 6.0; InfoPath.3; .NET4.0C; MS-RTC LM 8; .NET4.0E)" 21108
192.168.12.69 - - [17/Feb/2013:07:04:25 +0600] "GET /pause/ajaxPause?pauseConfigId=&admin=0 HTTP/1.1" 200 986 "http://callider/pause/index" "Mozilla/4.0 (compatible; MSIE 7.0; Windows NT 6.1; Trident/5.0; SLCC2; .NET CLR 2.0.50727; .NET CLR 3.5.30729; .NET CLR 3.0.30729; Media Center PC 6.0; InfoPath.3; .NET4.0C; .NET4.0E; Tablet PC 2.0; AskTbFXTV5/5.14.1.20007)" 21761
192.168.74.91 - - [17/Feb/2013:07:04:25 +0600] "GET /pause/ajaxPause?pauseConfigId=&admin=0 HTTP/1.1" 200 986 "http://callider/pause/index" "Mozilla/4.0 (compatible; MSIE 7.0; Windows NT 6.1; WOW64; Trident/5.0; SLCC2; .NET CLR 2.0.50727; .NET CLR 3.5.30729; .NET CLR 3.0.30729; Media Center PC 6.0; InfoPath.3; .NET4.0C; MS-RTC LM 8; .NET4.0E)" 25396
192.168.74.151 - - [17/Feb/2013:07:04:25 +0600] "GET /pause/ajaxPause?pauseConfigId=&admin=0 HTTP/1.1" 200 987 "http://callider.kontur/pause/index" "Mozilla/5.0 (Windows NT 6.1; WOW64; rv:18.0) Gecko/20100101 Firefox/18.0" 29393
192.168.12.210 - - [17/Feb/2013:07:04:25 +0600] "GET /pause/ajaxPause?pauseConfigId=all&admin=1 HTTP/1.1" 200 1047 "http://callider/pause/index" "Mozilla/4.0 (compatible; MSIE 7.0; Windows NT 6.1; WOW64; Trident/5.0; SLCC2; .NET CLR 2.0.50727; .NET CLR 3.5.30729; .NET CLR 3.0.30729; Media Center PC 6.0; InfoPath.3; .NET4.0C; .NET4.0E)" 24543
192.168.12.60 - - [17/Feb/2013:07:04:25 +0600] "GET /pause/ajaxPause?pauseConfigId=&admin=0 HTTP/1.1" 200 986 "http://callider/pause/index" "Mozilla/4.0 (compatible; MSIE 8.0; Windows NT 6.1; Trident/4.0; InfoPath.3; .NET4.0C; MS-RTC LM 8; .NET4.0E)" 22147
192.168.12.204 - - [17/Feb/2013:07:04:25 +0600] "GET /pause/ajaxPause?pauseConfigId=&admin=0 HTTP/1.1" 200 986 "http://callider/pause/index" "Mozilla/4.0 (compatible; MSIE 7.0; Windows NT 6.1; WOW64; Trident/4.0; SLCC2; .NET CLR 2.0.50727; .NET CLR 3.5.30729; .NET CLR 3.0.30729; Media Center PC 6.0; InfoPath.3; .NET4.0C; .NET4.0E; .NET CLR 1.1.4322)" 24969
192.168.65.56 - - [17/Feb/2013:07:04:26 +0600] "GET /pause/ajaxPause?pauseConfigId=all&admin=1 HTTP/1.1" 200 1046 "http://192.168.65.101/pause/index" "Mozilla/5.0 (Windows NT 5.1; rv:15.0) Gecko/20100101 Firefox/15.0" 32307
192.168.12.61 - - [17/Feb/2013:07:04:29 +0600] "GET /pause/ajaxPause?pauseConfigId=&admin=0 HTTP/1.1" 200 986 "http://callider/pause/index" "Mozilla/4.0 (compatible; MSIE 7.0; Windows NT 6.1; Trident/5.0; SLCC2; .NET CLR 2.0.50727; .NET CLR 3.5.30729; .NET CLR 3.0.30729; Media Center PC 6.0; InfoPath.3; .NET4.0C; .NET4.0E)" 43469
192.168.74.78 - - [17/Feb/2013:07:04:29 +0600] "GET /pause/ajaxPause?pauseConfigId=&admin=0 HTTP/1.1" 200 986 "http://callider/pause/index" "Mozilla/4.0 (compatible; MSIE 7.0; Windows NT 6.1; WOW64; Trident/5.0; SLCC2; .NET CLR 2.0.50727; .NET CLR 3.5.30729; .NET CLR 3.0.30729; Media Center PC 6.0; InfoPath.3; .NET4.0C; MS-RTC LM 8; .NET4.0E)" 20562
192.168.12.69 - - [17/Feb/2013:07:04:30 +0600] "GET /pause/ajaxPause?pauseConfigId=&admin=0 HTTP/1.1" 200 986 "http://callider/pause/index" "Mozilla/4.0 (compatible; MSIE 7.0; Windows NT 6.1; Trident/5.0; SLCC2; .NET CLR 2.0.50727; .NET CLR 3.5.30729; .NET CLR 3.0.30729; Media Center PC 6.0; InfoPath.3; .NET4.0C; .NET4.0E; Tablet PC 2.0; AskTbFXTV5/5.14.1.20007)" 23838
192.168.74.91 - - [17/Feb/2013:07:04:30 +0600] "GET /pause/ajaxPause?pauseConfigId=&admin=0 HTTP/1.1" 200 986 "http://callider/pause/index" "Mozilla/4.0 (compatible; MSIE 7.0; Windows NT 6.1; WOW64; Trident/5.0; SLCC2; .NET CLR 2.0.50727; .NET CLR 3.5.30729; .NET CLR 3.0.30729; Media Center PC 6.0; InfoPath.3; .NET4.0C; MS-RTC LM 8; .NET4.0E)" 22351
192.168.74.151 - - [17/Feb/2013:07:04:30 +0600] "GET /pause/ajaxPause?pauseConfigId=&admin=0 HTTP/1.1" 200 987 "http://callider.kontur/pause/index" "Mozilla/5.0 (Windows NT 6.1; WOW64; rv:18.0) Gecko/20100101 Firefox/18.0" 20364
192.168.12.210 - - [17/Feb/2013:07:04:30 +0600] "GET /pause/ajaxPause?pauseConfigId=all&admin=1 HTTP/1.1" 200 1047 "http://callider/pause/index" "Mozilla/4.0 (compatible; MSIE 7.0; Windows NT 6.1; WOW64; Trident/5.0; SLCC2; .NET CLR 2.0.50727; .NET CLR 3.5.30729; .NET CLR 3.0.30729; Media Center PC 6.0; InfoPath.3; .NET4.0C; .NET4.0E)" 21709
192.168.12.60 - - [17/Feb/2013:07:04:30 +0600] "GET /pause/ajaxPause?pauseConfigId=&admin=0 HTTP/1.1" 200 986 "http://callider/pause/index" "Mozilla/4.0 (compatible; MSIE 8.0; Windows NT 6.1; Trident/4.0; InfoPath.3; .NET4.0C; MS-RTC LM 8; .NET4.0E)" 20690
192.168.12.204 - - [17/Feb/2013:07:04:30 +0600] "GET /pause/ajaxPause?pauseConfigId=&admin=0 HTTP/1.1" 200 986 "http://callider/pause/index" "Mozilla/4.0 (compatible; MSIE 7.0; Windows NT 6.1; WOW64; Trident/4.0; SLCC2; .NET CLR 2.0.50727; .NET CLR 3.5.30729; .NET CLR 3.0.30729; Media Center PC 6.0; InfoPath.3; .NET4.0C; .NET4.0E; .NET CLR 1.1.4322)" 22718
192.168.65.56 - - [17/Feb/2013:07:04:31 +0600] "GET /pause/ajaxPause?pauseConfigId=all&admin=1 HTTP/1.1" 200 1046 "http://192.168.65.101/pause/index" "Mozilla/5.0 (Windows NT 5.1; rv:15.0) Gecko/20100101 Firefox/15.0" 31134
192.168.12.61 - - [17/Feb/2013:07:04:34 +0600] "GET /pause/ajaxPause?pauseConfigId=&admin=0 HTTP/1.1" 200 985 "http://callider/pause/index" "Mozilla/4.0 (compatible; MSIE 7.0; Windows NT 6.1; Trident/5.0; SLCC2; .NET CLR 2.0.50727; .NET CLR 3.5.30729; .NET CLR 3.0.30729; Media Center PC 6.0; InfoPath.3; .NET4.0C; .NET4.0E)" 20607
192.168.74.78 - - [17/Feb/2013:07:04:34 +0600] "GET /pause/ajaxPause?pauseConfigId=&admin=0 HTTP/1.1" 200 986 "http://callider/pause/index" "Mozilla/4.0 (compatible; MSIE 7.0; Windows NT 6.1; WOW64; Trident/5.0; SLCC2; .NET CLR 2.0.50727; .NET CLR 3.5.30729; .NET CLR 3.0.30729; Media Center PC 6.0; InfoPath.3; .NET4.0C; MS-RTC LM 8; .NET4.0E)" 27917
192.168.12.67 - - [17/Feb/2013:07:04:34 +0600] "GET /tv/useUser HTTP/1.1" 200 432 "http://callider/graph/personal" "Mozilla/4.0 (compatible; MSIE 7.0; Windows NT 6.1; Trident/5.0; SLCC2; .NET CLR 2.0.50727; .NET CLR 3.5.30729; .NET CLR 3.0.30729; Media Center PC 6.0; .NET4.0C; .NET4.0E; InfoPath.3; Tablet PC 2.0; MS-RTC LM 8)" 19355
192.168.12.69 - - [17/Feb/2013:07:04:35 +0600] "GET /pause/ajaxPause?pauseConfigId=&admin=0 HTTP/1.1" 200 986 "http://callider/pause/index" "Mozilla/4.0 (compatible; MSIE 7.0; Windows NT 6.1; Trident/5.0; SLCC2; .NET CLR 2.0.50727; .NET CLR 3.5.30729; .NET CLR 3.0.30729; Media Center PC 6.0; InfoPath.3; .NET4.0C; .NET4.0E; Tablet PC 2.0; AskTbFXTV5/5.14.1.20007)" 23576
192.168.74.91 - - [17/Feb/2013:07:04:35 +0600] "GET /pause/ajaxPause?pauseConfigId=&admin=0 HTTP/1.1" 200 986 "http://callider/pause/index" "Mozilla/4.0 (compatible; MSIE 7.0; Windows NT 6.1; WOW64; Trident/5.0; SLCC2; .NET CLR 2.0.50727; .NET CLR 3.5.30729; .NET CLR 3.0.30729; Media Center PC 6.0; InfoPath.3; .NET4.0C; MS-RTC LM 8; .NET4.0E)" 25736
192.168.74.151 - - [17/Feb/2013:07:04:35 +0600] "GET /pause/ajaxPause?pauseConfigId=&admin=0 HTTP/1.1" 200 987 "http://callider.kontur/pause/index" "Mozilla/5.0 (Windows NT 6.1; WOW64; rv:18.0) Gecko/20100101 Firefox/18.0" 23341
192.168.12.210 - - [17/Feb/2013:07:04:35 +0600] "GET /pause/ajaxPause?pauseConfigId=all&admin=1 HTTP/1.1" 200 1047 "http://callider/pause/index" "Mozilla/4.0 (compatible; MSIE 7.0; Windows NT 6.1; WOW64; Trident/5.0; SLCC2; .NET CLR 2.0.50727; .NET CLR 3.5.30729; .NET CLR 3.0.30729; Media Center PC 6.0; InfoPath.3; .NET4.0C; .NET4.0E)" 33480
192.168.12.60 - - [17/Feb/2013:07:04:35 +0600] "GET /pause/ajaxPause?pauseConfigId=&admin=0 HTTP/1.1" 200 986 "http://callider/pause/index" "Mozilla/4.0 (compatible; MSIE 8.0; Windows NT 6.1; Trident/4.0; InfoPath.3; .NET4.0C; MS-RTC LM 8; .NET4.0E)" 26002
192.168.12.204 - - [17/Feb/2013:07:04:35 +0600] "GET /pause/ajaxPause?pauseConfigId=&admin=0 HTTP/1.1" 200 986 "http://callider/pause/index" "Mozilla/4.0 (compatible; MSIE 7.0; Windows NT 6.1; WOW64; Trident/4.0; SLCC2; .NET CLR 2.0.50727; .NET CLR 3.5.30729; .NET CLR 3.0.30729; Media Center PC 6.0; InfoPath.3; .NET4.0C; .NET4.0E; .NET CLR 1.1.4322)" 22151
192.168.65.56 - - [17/Feb/2013:07:04:36 +0600] "GET /pause/ajaxPause?pauseConfigId=all&admin=1 HTTP/1.1" 200 1046 "http://192.168.65.101/pause/index" "Mozilla/5.0 (Windows NT 5.1; rv:15.0) Gecko/20100101 Firefox/15.0" 41884
192.168.74.93 - - [17/Feb/2013:07:04:38 +0600] "GET /tv/useUser HTTP/1.1" 200 432 "http://callider/graph/personal" "Mozilla/4.0 (compatible; MSIE 7.0; Windows NT 6.1; WOW64; Trident/5.0; SLCC2; .NET CLR 2.0.50727; .NET CLR 3.5.30729; .NET CLR 3.0.30729; Media Center PC 6.0; InfoPath.3; .NET4.0C; .NET4.0E)" 18292
192.168.12.61 - - [17/Feb/2013:07:04:39 +0600] "GET /pause/ajaxPause?pauseConfigId=&admin=0 HTTP/1.1" 200 985 "http://callider/pause/index" "Mozilla/4.0 (compatible; MSIE 7.0; Windows NT 6.1; Trident/5.0; SLCC2; .NET CLR 2.0.50727; .NET CLR 3.5.30729; .NET CLR 3.0.30729; Media Center PC 6.0; InfoPath.3; .NET4.0C; .NET4.0E)" 26593
192.168.12.210 - - [17/Feb/2013:07:04:39 +0600] "GET /tv/useUser HTTP/1.1" 200 431 "http://callider/graph/general" "Mozilla/4.0 (compatible; MSIE 7.0; Windows NT 6.1; WOW64; Trident/5.0; SLCC2; .NET CLR 2.0.50727; .NET CLR 3.5.30729; .NET CLR 3.0.30729; Media Center PC 6.0; InfoPath.3; .NET4.0C; .NET4.0E)" 9720
192.168.74.78 - - [17/Feb/2013:07:04:39 +0600] "GET /pause/ajaxPause?pauseConfigId=&admin=0 HTTP/1.1" 200 986 "http://callider/pause/index" "Mozilla/4.0 (compatible; MSIE 7.0; Windows NT 6.1; WOW64; Trident/5.0; SLCC2; .NET CLR 2.0.50727; .NET CLR 3.5.30729; .NET CLR 3.0.30729; Media Center PC 6.0; InfoPath.3; .NET4.0C; MS-RTC LM 8; .NET4.0E)" 23772
192.168.12.69 - - [17/Feb/2013:07:04:40 +0600] "GET /pause/ajaxPause?pauseConfigId=&admin=0 HTTP/1.1" 200 986 "http://callider/pause/index" "Mozilla/4.0 (compatible; MSIE 7.0; Windows NT 6.1; Trident/5.0; SLCC2; .NET CLR 2.0.50727; .NET CLR 3.5.30729; .NET CLR 3.0.30729; Media Center PC 6.0; InfoPath.3; .NET4.0C; .NET4.0E; Tablet PC 2.0; AskTbFXTV5/5.14.1.20007)" 23271
192.168.74.91 - - [17/Feb/2013:07:04:40 +0600] "GET /pause/ajaxPause?pauseConfigId=&admin=0 HTTP/1.1" 200 986 "http://callider/pause/index" "Mozilla/4.0 (compatible; MSIE 7.0; Windows NT 6.1; WOW64; Trident/5.0; SLCC2; .NET CLR 2.0.50727; .NET CLR 3.5.30729; .NET CLR 3.0.30729; Media Center PC 6.0; InfoPath.3; .NET4.0C; MS-RTC LM 8; .NET4.0E)" 21977
192.168.74.151 - - [17/Feb/2013:07:04:40 +0600] "GET /pause/ajaxPause?pauseConfigId=&admin=0 HTTP/1.1" 200 987 "http://callider.kontur/pause/index" "Mozilla/5.0 (Windows NT 6.1; WOW64; rv:18.0) Gecko/20100101 Firefox/18.0" 25353
192.168.12.210 - - [17/Feb/2013:07:04:40 +0600] "GET /pause/ajaxPause?pauseConfigId=all&admin=1 HTTP/1.1" 200 1047 "http://callider/pause/index" "Mozilla/4.0 (compatible; MSIE 7.0; Windows NT 6.1; WOW64; Trident/5.0; SLCC2; .NET CLR 2.0.50727; .NET CLR 3.5.30729; .NET CLR 3.0.30729; Media Center PC 6.0; InfoPath.3; .NET4.0C; .NET4.0E)" 29715
192.168.12.60 - - [17/Feb/2013:07:04:40 +0600] "GET /pause/ajaxPause?pauseConfigId=&admin=0 HTTP/1.1" 200 986 "http://callider/pause/index" "Mozilla/4.0 (compatible; MSIE 8.0; Windows NT 6.1; Trident/4.0; InfoPath.3; .NET4.0C; MS-RTC LM 8; .NET4.0E)" 17235
192.168.12.204 - - [17/Feb/2013:07:04:40 +0600] "GET /pause/ajaxPause?pauseConfigId=&admin=0 HTTP/1.1" 200 986 "http://callider/pause/index" "Mozilla/4.0 (compatible; MSIE 7.0; Windows NT 6.1; WOW64; Trident/4.0; SLCC2; .NET CLR 2.0.50727; .NET CLR 3.5.30729; .NET CLR 3.0.30729; Media Center PC 6.0; InfoPath.3; .NET4.0C; .NET4.0E; .NET CLR 1.1.4322)" 24367
192.168.12.9 - - [17/Feb/2013:07:04:41 +0600] "GET /tv/useUser HTTP/1.1" 200 432 "http://callider.kontur/site/index" "Mozilla/5.0 (Windows NT 6.1; WOW64) AppleWebKit/537.17 (KHTML, like Gecko) Chrome/24.0.1312.57 Safari/537.17" 20027
192.168.65.56 - - [17/Feb/2013:07:04:41 +0600] "GET /pause/ajaxPause?pauseConfigId=all&admin=1 HTTP/1.1" 200 1046 "http://192.168.65.101/pause/index" "Mozilla/5.0 (Windows NT 5.1; rv:15.0) Gecko/20100101 Firefox/15.0" 46215
192.168.12.61 - - [17/Feb/2013:07:04:44 +0600] "GET /pause/ajaxPause?pauseConfigId=&admin=0 HTTP/1.1" 200 985 "http://callider/pause/index" "Mozilla/4.0 (compatible; MSIE 7.0; Windows NT 6.1; Trident/5.0; SLCC2; .NET CLR 2.0.50727; .NET CLR 3.5.30729; .NET CLR 3.0.30729; Media Center PC 6.0; InfoPath.3; .NET4.0C; .NET4.0E)" 24025
192.168.74.78 - - [17/Feb/2013:07:04:44 +0600] "GET /pause/ajaxPause?pauseConfigId=&admin=0 HTTP/1.1" 200 986 "http://callider/pause/index" "Mozilla/4.0 (compatible; MSIE 7.0; Windows NT 6.1; WOW64; Trident/5.0; SLCC2; .NET CLR 2.0.50727; .NET CLR 3.5.30729; .NET CLR 3.0.30729; Media Center PC 6.0; InfoPath.3; .NET4.0C; MS-RTC LM 8; .NET4.0E)" 21879
192.168.12.69 - - [17/Feb/2013:07:04:45 +0600] "GET /pause/ajaxPause?pauseConfigId=&admin=0 HTTP/1.1" 200 986 "http://callider/pause/index" "Mozilla/4.0 (compatible; MSIE 7.0; Windows NT 6.1; Trident/5.0; SLCC2; .NET CLR 2.0.50727; .NET CLR 3.5.30729; .NET CLR 3.0.30729; Media Center PC 6.0; InfoPath.3; .NET4.0C; .NET4.0E; Tablet PC 2.0; AskTbFXTV5/5.14.1.20007)" 20570
192.168.74.91 - - [17/Feb/2013:07:04:45 +0600] "GET /pause/ajaxPause?pauseConfigId=&admin=0 HTTP/1.1" 200 986 "http://callider/pause/index" "Mozilla/4.0 (compatible; MSIE 7.0; Windows NT 6.1; WOW64; Trident/5.0; SLCC2; .NET CLR 2.0.50727; .NET CLR 3.5.30729; .NET CLR 3.0.30729; Media Center PC 6.0; InfoPath.3; .NET4.0C; MS-RTC LM 8; .NET4.0E)" 27455
192.168.74.151 - - [17/Feb/2013:07:04:45 +0600] "GET /pause/ajaxPause?pauseConfigId=&admin=0 HTTP/1.1" 200 987 "http://callider.kontur/pause/index" "Mozilla/5.0 (Windows NT 6.1; WOW64; rv:18.0) Gecko/20100101 Firefox/18.0" 23517
192.168.12.210 - - [17/Feb/2013:07:04:45 +0600] "GET /pause/ajaxPause?pauseConfigId=all&admin=1 HTTP/1.1" 200 1047 "http://callider/pause/index" "Mozilla/4.0 (compatible; MSIE 7.0; Windows NT 6.1; WOW64; Trident/5.0; SLCC2; .NET CLR 2.0.50727; .NET CLR 3.5.30729; .NET CLR 3.0.30729; Media Center PC 6.0; InfoPath.3; .NET4.0C; .NET4.0E)" 25046
192.168.12.60 - - [17/Feb/2013:07:04:45 +0600] "GET /pause/ajaxPause?pauseConfigId=&admin=0 HTTP/1.1" 200 986 "http://callider/pause/index" "Mozilla/4.0 (compatible; MSIE 8.0; Windows NT 6.1; Trident/4.0; InfoPath.3; .NET4.0C; MS-RTC LM 8; .NET4.0E)" 21647
192.168.12.204 - - [17/Feb/2013:07:04:45 +0600] "GET /pause/ajaxPause?pauseConfigId=&admin=0 HTTP/1.1" 200 986 "http://callider/pause/index" "Mozilla/4.0 (compatible; MSIE 7.0; Windows NT 6.1; WOW64; Trident/4.0; SLCC2; .NET CLR 2.0.50727; .NET CLR 3.5.30729; .NET CLR 3.0.30729; Media Center PC 6.0; InfoPath.3; .NET4.0C; .NET4.0E; .NET CLR 1.1.4322)" 28500
192.168.65.56 - - [17/Feb/2013:07:04:46 +0600] "GET /pause/ajaxPause?pauseConfigId=all&admin=1 HTTP/1.1" 200 1046 "http://192.168.65.101/pause/index" "Mozilla/5.0 (Windows NT 5.1; rv:15.0) Gecko/20100101 Firefox/15.0" 31852
192.168.12.61 - - [17/Feb/2013:07:04:49 +0600] "GET /pause/ajaxPause?pauseConfigId=&admin=0 HTTP/1.1" 200 985 "http://callider/pause/index" "Mozilla/4.0 (compatible; MSIE 7.0; Windows NT 6.1; Trident/5.0; SLCC2; .NET CLR 2.0.50727; .NET CLR 3.5.30729; .NET CLR 3.0.30729; Media Center PC 6.0; InfoPath.3; .NET4.0C; .NET4.0E)" 26424
192.168.12.210 - - [17/Feb/2013:07:04:49 +0600] "GET /tv/useUser HTTP/1.1" 200 431 "http://callider/pause/index" "Mozilla/4.0 (compatible; MSIE 7.0; Windows NT 6.1; WOW64; Trident/5.0; SLCC2; .NET CLR 2.0.50727; .NET CLR 3.5.30729; .NET CLR 3.0.30729; Media Center PC 6.0; InfoPath.3; .NET4.0C; .NET4.0E)" 11150
192.168.74.78 - - [17/Feb/2013:07:04:49 +0600] "GET /pause/ajaxPause?pauseConfigId=&admin=0 HTTP/1.1" 200 986 "http://callider/pause/index" "Mozilla/4.0 (compatible; MSIE 7.0; Windows NT 6.1; WOW64; Trident/5.0; SLCC2; .NET CLR 2.0.50727; .NET CLR 3.5.30729; .NET CLR 3.0.30729; Media Center PC 6.0; InfoPath.3; .NET4.0C; MS-RTC LM 8; .NET4.0E)" 369359
192.168.12.69 - - [17/Feb/2013:07:04:50 +0600] "GET /pause/ajaxPause?pauseConfigId=&admin=0 HTTP/1.1" 200 986 "http://callider/pause/index" "Mozilla/4.0 (compatible; MSIE 7.0; Windows NT 6.1; Trident/5.0; SLCC2; .NET CLR 2.0.50727; .NET CLR 3.5.30729; .NET CLR 3.0.30729; Media Center PC 6.0; InfoPath.3; .NET4.0C; .NET4.0E; Tablet PC 2.0; AskTbFXTV5/5.14.1.20007)" 24546
192.168.74.91 - - [17/Feb/2013:07:04:50 +0600] "GET /pause/ajaxPause?pauseConfigId=&admin=0 HTTP/1.1" 200 986 "http://callider/pause/index" "Mozilla/4.0 (compatible; MSIE 7.0; Windows NT 6.1; WOW64; Trident/5.0; SLCC2; .NET CLR 2.0.50727; .NET CLR 3.5.30729; .NET CLR 3.0.30729; Media Center PC 6.0; InfoPath.3; .NET4.0C; MS-RTC LM 8; .NET4.0E)" 22804
192.168.74.151 - - [17/Feb/2013:07:04:50 +0600] "GET /pause/ajaxPause?pauseConfigId=&admin=0 HTTP/1.1" 200 987 "http://callider.kontur/pause/index" "Mozilla/5.0 (Windows NT 6.1; WOW64; rv:18.0) Gecko/20100101 Firefox/18.0" 25619
192.168.12.210 - - [17/Feb/2013:07:04:50 +0600] "GET /pause/ajaxPause?pauseConfigId=all&admin=1 HTTP/1.1" 200 1047 "http://callider/pause/index" "Mozilla/4.0 (compatible; MSIE 7.0; Windows NT 6.1; WOW64; Trident/5.0; SLCC2; .NET CLR 2.0.50727; .NET CLR 3.5.30729; .NET CLR 3.0.30729; Media Center PC 6.0; InfoPath.3; .NET4.0C; .NET4.0E)" 27756
192.168.12.60 - - [17/Feb/2013:07:04:50 +0600] "GET /pause/ajaxPause?pauseConfigId=&admin=0 HTTP/1.1" 200 986 "http://callider/pause/index" "Mozilla/4.0 (compatible; MSIE 8.0; Windows NT 6.1; Trident/4.0; InfoPath.3; .NET4.0C; MS-RTC LM 8; .NET4.0E)" 99155
192.168.12.204 - - [17/Feb/2013:07:04:50 +0600] "GET /pause/ajaxPause?pauseConfigId=&admin=0 HTTP/1.1" 200 986 "http://callider/pause/index" "Mozilla/4.0 (compatible; MSIE 7.0; Windows NT 6.1; WOW64; Trident/4.0; SLCC2; .NET CLR 2.0.50727; .NET CLR 3.5.30729; .NET CLR 3.0.30729; Media Center PC 6.0; InfoPath.3; .NET4.0C; .NET4.0E; .NET CLR 1.1.4322)" 29806
192.168.65.56 - - [17/Feb/2013:07:04:51 +0600] "GET /pause/ajaxPause?pauseConfigId=all&admin=1 HTTP/1.1" 200 1046 "http://192.168.65.101/pause/index" "Mozilla/5.0 (Windows NT 5.1; rv:15.0) Gecko/20100101 Firefox/15.0" 171207
192.168.65.56 - - [17/Feb/2013:07:04:51 +0600] "GET /tv/useUser HTTP/1.1" 200 432 "http://192.168.65.101/pause/index" "Mozilla/5.0 (Windows NT 5.1; rv:15.0) Gecko/20100101 Firefox/15.0" 197526
192.168.12.61 - - [17/Feb/2013:07:04:54 +0600] "GET /pause/ajaxPause?pauseConfigId=&admin=0 HTTP/1.1" 200 985 "http://callider/pause/index" "Mozilla/4.0 (compatible; MSIE 7.0; Windows NT 6.1; Trident/5.0; SLCC2; .NET CLR 2.0.50727; .NET CLR 3.5.30729; .NET CLR 3.0.30729; Media Center PC 6.0; InfoPath.3; .NET4.0C; .NET4.0E)" 32882
192.168.74.78 - - [17/Feb/2013:07:04:54 +0600] "GET /pause/ajaxPause?pauseConfigId=&admin=0 HTTP/1.1" 200 986 "http://callider/pause/index" "Mozilla/4.0 (compatible; MSIE 7.0; Windows NT 6.1; WOW64; Trident/5.0; SLCC2; .NET CLR 2.0.50727; .NET CLR 3.5.30729; .NET CLR 3.0.30729; Media Center PC 6.0; InfoPath.3; .NET4.0C; MS-RTC LM 8; .NET4.0E)" 25275
192.168.12.69 - - [17/Feb/2013:07:04:55 +0600] "GET /pause/ajaxPause?pauseConfigId=&admin=0 HTTP/1.1" 200 986 "http://callider/pause/index" "Mozilla/4.0 (compatible; MSIE 7.0; Windows NT 6.1; Trident/5.0; SLCC2; .NET CLR 2.0.50727; .NET CLR 3.5.30729; .NET CLR 3.0.30729; Media Center PC 6.0; InfoPath.3; .NET4.0C; .NET4.0E; Tablet PC 2.0; AskTbFXTV5/5.14.1.20007)" 31905
192.168.74.91 - - [17/Feb/2013:07:04:55 +0600] "GET /pause/ajaxPause?pauseConfigId=&admin=0 HTTP/1.1" 200 986 "http://callider/pause/index" "Mozilla/4.0 (compatible; MSIE 7.0; Windows NT 6.1; WOW64; Trident/5.0; SLCC2; .NET CLR 2.0.50727; .NET CLR 3.5.30729; .NET CLR 3.0.30729; Media Center PC 6.0; InfoPath.3; .NET4.0C; MS-RTC LM 8; .NET4.0E)" 224893
192.168.12.60 - - [17/Feb/2013:07:04:55 +0600] "GET /pause/ajaxPause?pauseConfigId=&admin=0 HTTP/1.1" 200 986 "http://callider/pause/index" "Mozilla/4.0 (compatible; MSIE 8.0; Windows NT 6.1; Trident/4.0; InfoPath.3; .NET4.0C; MS-RTC LM 8; .NET4.0E)" 75091
192.168.12.210 - - [17/Feb/2013:07:04:55 +0600] "GET /pause/ajaxPause?pauseConfigId=all&admin=1 HTTP/1.1" 200 1047 "http://callider/pause/index" "Mozilla/4.0 (compatible; MSIE 7.0; Windows NT 6.1; WOW64; Trident/5.0; SLCC2; .NET CLR 2.0.50727; .NET CLR 3.5.30729; .NET CLR 3.0.30729; Media Center PC 6.0; InfoPath.3; .NET4.0C; .NET4.0E)" 132073
192.168.74.151 - - [17/Feb/2013:07:04:55 +0600] "GET /pause/ajaxPause?pauseConfigId=&admin=0 HTTP/1.1" 200 987 "http://callider.kontur/pause/index" "Mozilla/5.0 (Windows NT 6.1; WOW64; rv:18.0) Gecko/20100101 Firefox/18.0" 191485
192.168.12.204 - - [17/Feb/2013:07:04:55 +0600] "GET /pause/ajaxPause?pauseConfigId=&admin=0 HTTP/1.1" 200 986 "http://callider/pause/index" "Mozilla/4.0 (compatible; MSIE 7.0; Windows NT 6.1; WOW64; Trident/4.0; SLCC2; .NET CLR 2.0.50727; .NET CLR 3.5.30729; .NET CLR 3.0.30729; Media Center PC 6.0; InfoPath.3; .NET4.0C; .NET4.0E; .NET CLR 1.1.4322)" 25110
192.168.65.56 - - [17/Feb/2013:07:04:56 +0600] "GET /pause/ajaxPause?pauseConfigId=all&admin=1 HTTP/1.1" 200 1046 "http://192.168.65.101/pause/index" "Mozilla/5.0 (Windows NT 5.1; rv:15.0) Gecko/20100101 Firefox/15.0" 35545
192.168.12.61 - - [17/Feb/2013:07:04:59 +0600] "GET /pause/ajaxPause?pauseConfigId=&admin=0 HTTP/1.1" 200 985 "http://callider/pause/index" "Mozilla/4.0 (compatible; MSIE 7.0; Windows NT 6.1; Trident/5.0; SLCC2; .NET CLR 2.0.50727; .NET CLR 3.5.30729; .NET CLR 3.0.30729; Media Center PC 6.0; InfoPath.3; .NET4.0C; .NET4.0E)" 22813
192.168.74.78 - - [17/Feb/2013:07:04:59 +0600] "GET /pause/ajaxPause?pauseConfigId=&admin=0 HTTP/1.1" 200 986 "http://callider/pause/index" "Mozilla/4.0 (compatible; MSIE 7.0; Windows NT 6.1; WOW64; Trident/5.0; SLCC2; .NET CLR 2.0.50727; .NET CLR 3.5.30729; .NET CLR 3.0.30729; Media Center PC 6.0; InfoPath.3; .NET4.0C; MS-RTC LM 8; .NET4.0E)" 25231
192.168.12.69 - - [17/Feb/2013:07:05:00 +0600] "GET /pause/ajaxPause?pauseConfigId=&admin=0 HTTP/1.1" 200 986 "http://callider/pause/index" "Mozilla/4.0 (compatible; MSIE 7.0; Windows NT 6.1; Trident/5.0; SLCC2; .NET CLR 2.0.50727; .NET CLR 3.5.30729; .NET CLR 3.0.30729; Media Center PC 6.0; InfoPath.3; .NET4.0C; .NET4.0E; Tablet PC 2.0; AskTbFXTV5/5.14.1.20007)" 24918
192.168.74.91 - - [17/Feb/2013:07:05:00 +0600] "GET /pause/ajaxPause?pauseConfigId=&admin=0 HTTP/1.1" 200 986 "http://callider/pause/index" "Mozilla/4.0 (compatible; MSIE 7.0; Windows NT 6.1; WOW64; Trident/5.0; SLCC2; .NET CLR 2.0.50727; .NET CLR 3.5.30729; .NET CLR 3.0.30729; Media Center PC 6.0; InfoPath.3; .NET4.0C; MS-RTC LM 8; .NET4.0E)" 26616
192.168.74.151 - - [17/Feb/2013:07:05:00 +0600] "GET /pause/ajaxPause?pauseConfigId=&admin=0 HTTP/1.1" 200 987 "http://callider.kontur/pause/index" "Mozilla/5.0 (Windows NT 6.1; WOW64; rv:18.0) Gecko/20100101 Firefox/18.0" 26717
192.168.12.210 - - [17/Feb/2013:07:05:00 +0600] "GET /pause/ajaxPause?pauseConfigId=all&admin=1 HTTP/1.1" 200 1047 "http://callider/pause/index" "Mozilla/4.0 (compatible; MSIE 7.0; Windows NT 6.1; WOW64; Trident/5.0; SLCC2; .NET CLR 2.0.50727; .NET CLR 3.5.30729; .NET CLR 3.0.30729; Media Center PC 6.0; InfoPath.3; .NET4.0C; .NET4.0E)" 30049
192.168.12.60 - - [17/Feb/2013:07:05:00 +0600] "GET /pause/ajaxPause?pauseConfigId=&admin=0 HTTP/1.1" 200 986 "http://callider/pause/index" "Mozilla/4.0 (compatible; MSIE 8.0; Windows NT 6.1; Trident/4.0; InfoPath.3; .NET4.0C; MS-RTC LM 8; .NET4.0E)" 19159
192.168.12.204 - - [17/Feb/2013:07:05:00 +0600] "GET /pause/ajaxPause?pauseConfigId=&admin=0 HTTP/1.1" 200 986 "http://callider/pause/index" "Mozilla/4.0 (compatible; MSIE 7.0; Windows NT 6.1; WOW64; Trident/4.0; SLCC2; .NET CLR 2.0.50727; .NET CLR 3.5.30729; .NET CLR 3.0.30729; Media Center PC 6.0; InfoPath.3; .NET4.0C; .NET4.0E; .NET CLR 1.1.4322)" 19096
192.168.65.56 - - [17/Feb/2013:07:05:01 +0600] "GET /pause/ajaxPause?pauseConfigId=all&admin=1 HTTP/1.1" 200 1046 "http://192.168.65.101/pause/index" "Mozilla/5.0 (Windows NT 5.1; rv:15.0) Gecko/20100101 Firefox/15.0" 36772
192.168.12.61 - - [17/Feb/2013:07:05:04 +0600] "GET /pause/ajaxPause?pauseConfigId=&admin=0 HTTP/1.1" 200 985 "http://callider/pause/index" "Mozilla/4.0 (compatible; MSIE 7.0; Windows NT 6.1; Trident/5.0; SLCC2; .NET CLR 2.0.50727; .NET CLR 3.5.30729; .NET CLR 3.0.30729; Media Center PC 6.0; InfoPath.3; .NET4.0C; .NET4.0E)" 23126
192.168.74.78 - - [17/Feb/2013:07:05:04 +0600] "GET /pause/ajaxPause?pauseConfigId=&admin=0 HTTP/1.1" 200 986 "http://callider/pause/index" "Mozilla/4.0 (compatible; MSIE 7.0; Windows NT 6.1; WOW64; Trident/5.0; SLCC2; .NET CLR 2.0.50727; .NET CLR 3.5.30729; .NET CLR 3.0.30729; Media Center PC 6.0; InfoPath.3; .NET4.0C; MS-RTC LM 8; .NET4.0E)" 26810
192.168.12.69 - - [17/Feb/2013:07:05:05 +0600] "GET /pause/ajaxPause?pauseConfigId=&admin=0 HTTP/1.1" 200 986 "http://callider/pause/index" "Mozilla/4.0 (compatible; MSIE 7.0; Windows NT 6.1; Trident/5.0; SLCC2; .NET CLR 2.0.50727; .NET CLR 3.5.30729; .NET CLR 3.0.30729; Media Center PC 6.0; InfoPath.3; .NET4.0C; .NET4.0E; Tablet PC 2.0; AskTbFXTV5/5.14.1.20007)" 21906
192.168.12.61 - - [17/Feb/2013:07:05:05 +0600] "GET /tv/useUser HTTP/1.1" 200 431 "http://callider/pause/index" "Mozilla/4.0 (compatible; MSIE 7.0; Windows NT 6.1; Trident/5.0; SLCC2; .NET CLR 2.0.50727; .NET CLR 3.5.30729; .NET CLR 3.0.30729; Media Center PC 6.0; InfoPath.3; .NET4.0C; .NET4.0E)" 11128
192.168.74.91 - - [17/Feb/2013:07:05:05 +0600] "GET /pause/ajaxPause?pauseConfigId=&admin=0 HTTP/1.1" 200 986 "http://callider/pause/index" "Mozilla/4.0 (compatible; MSIE 7.0; Windows NT 6.1; WOW64; Trident/5.0; SLCC2; .NET CLR 2.0.50727; .NET CLR 3.5.30729; .NET CLR 3.0.30729; Media Center PC 6.0; InfoPath.3; .NET4.0C; MS-RTC LM 8; .NET4.0E)" 25404
192.168.74.151 - - [17/Feb/2013:07:05:05 +0600] "GET /pause/ajaxPause?pauseConfigId=&admin=0 HTTP/1.1" 200 987 "http://callider.kontur/pause/index" "Mozilla/5.0 (Windows NT 6.1; WOW64; rv:18.0) Gecko/20100101 Firefox/18.0" 28789
192.168.12.210 - - [17/Feb/2013:07:05:05 +0600] "GET /pause/ajaxPause?pauseConfigId=all&admin=1 HTTP/1.1" 200 1047 "http://callider/pause/index" "Mozilla/4.0 (compatible; MSIE 7.0; Windows NT 6.1; WOW64; Trident/5.0; SLCC2; .NET CLR 2.0.50727; .NET CLR 3.5.30729; .NET CLR 3.0.30729; Media Center PC 6.0; InfoPath.3; .NET4.0C; .NET4.0E)" 30396
192.168.12.60 - - [17/Feb/2013:07:05:05 +0600] "GET /pause/ajaxPause?pauseConfigId=&admin=0 HTTP/1.1" 200 986 "http://callider/pause/index" "Mozilla/4.0 (compatible; MSIE 8.0; Windows NT 6.1; Trident/4.0; InfoPath.3; .NET4.0C; MS-RTC LM 8; .NET4.0E)" 20558
192.168.12.204 - - [17/Feb/2013:07:05:05 +0600] "GET /pause/ajaxPause?pauseConfigId=&admin=0 HTTP/1.1" 200 986 "http://callider/pause/index" "Mozilla/4.0 (compatible; MSIE 7.0; Windows NT 6.1; WOW64; Trident/4.0; SLCC2; .NET CLR 2.0.50727; .NET CLR 3.5.30729; .NET CLR 3.0.30729; Media Center PC 6.0; InfoPath.3; .NET4.0C; .NET4.0E; .NET CLR 1.1.4322)" 33407
192.168.65.56 - - [17/Feb/2013:07:05:06 +0600] "GET /pause/ajaxPause?pauseConfigId=all&admin=1 HTTP/1.1" 200 1046 "http://192.168.65.101/pause/index" "Mozilla/5.0 (Windows NT 5.1; rv:15.0) Gecko/20100101 Firefox/15.0" 31301
192.168.12.61 - - [17/Feb/2013:07:05:09 +0600] "GET /pause/ajaxPause?pauseConfigId=&admin=0 HTTP/1.1" 200 985 "http://callider/pause/index" "Mozilla/4.0 (compatible; MSIE 7.0; Windows NT 6.1; Trident/5.0; SLCC2; .NET CLR 2.0.50727; .NET CLR 3.5.30729; .NET CLR 3.0.30729; Media Center PC 6.0; InfoPath.3; .NET4.0C; .NET4.0E)" 22005
192.168.74.78 - - [17/Feb/2013:07:05:09 +0600] "GET /pause/ajaxPause?pauseConfigId=&admin=0 HTTP/1.1" 200 986 "http://callider/pause/index" "Mozilla/4.0 (compatible; MSIE 7.0; Windows NT 6.1; WOW64; Trident/5.0; SLCC2; .NET CLR 2.0.50727; .NET CLR 3.5.30729; .NET CLR 3.0.30729; Media Center PC 6.0; InfoPath.3; .NET4.0C; MS-RTC LM 8; .NET4.0E)" 23552
192.168.12.69 - - [17/Feb/2013:07:05:10 +0600] "GET /pause/ajaxPause?pauseConfigId=&admin=0 HTTP/1.1" 200 986 "http://callider/pause/index" "Mozilla/4.0 (compatible; MSIE 7.0; Windows NT 6.1; Trident/5.0; SLCC2; .NET CLR 2.0.50727; .NET CLR 3.5.30729; .NET CLR 3.0.30729; Media Center PC 6.0; InfoPath.3; .NET4.0C; .NET4.0E; Tablet PC 2.0; AskTbFXTV5/5.14.1.20007)" 20690
192.168.74.91 - - [17/Feb/2013:07:05:10 +0600] "GET /pause/ajaxPause?pauseConfigId=&admin=0 HTTP/1.1" 200 986 "http://callider/pause/index" "Mozilla/4.0 (compatible; MSIE 7.0; Windows NT 6.1; WOW64; Trident/5.0; SLCC2; .NET CLR 2.0.50727; .NET CLR 3.5.30729; .NET CLR 3.0.30729; Media Center PC 6.0; InfoPath.3; .NET4.0C; MS-RTC LM 8; .NET4.0E)" 22638
192.168.74.151 - - [17/Feb/2013:07:05:10 +0600] "GET /pause/ajaxPause?pauseConfigId=&admin=0 HTTP/1.1" 200 987 "http://callider.kontur/pause/index" "Mozilla/5.0 (Windows NT 6.1; WOW64; rv:18.0) Gecko/20100101 Firefox/18.0" 20000
192.168.12.210 - - [17/Feb/2013:07:05:10 +0600] "GET /pause/ajaxPause?pauseConfigId=all&admin=1 HTTP/1.1" 200 1047 "http://callider/pause/index" "Mozilla/4.0 (compatible; MSIE 7.0; Windows NT 6.1; WOW64; Trident/5.0; SLCC2; .NET CLR 2.0.50727; .NET CLR 3.5.30729; .NET CLR 3.0.30729; Media Center PC 6.0; InfoPath.3; .NET4.0C; .NET4.0E)" 26802
192.168.12.60 - - [17/Feb/2013:07:05:10 +0600] "GET /pause/ajaxPause?pauseConfigId=&admin=0 HTTP/1.1" 200 986 "http://callider/pause/index" "Mozilla/4.0 (compatible; MSIE 8.0; Windows NT 6.1; Trident/4.0; InfoPath.3; .NET4.0C; MS-RTC LM 8; .NET4.0E)" 20034
192.168.12.204 - - [17/Feb/2013:07:05:11 +0600] "GET /pause/ajaxPause?pauseConfigId=&admin=0 HTTP/1.1" 200 986 "http://callider/pause/index" "Mozilla/4.0 (compatible; MSIE 7.0; Windows NT 6.1; WOW64; Trident/4.0; SLCC2; .NET CLR 2.0.50727; .NET CLR 3.5.30729; .NET CLR 3.0.30729; Media Center PC 6.0; InfoPath.3; .NET4.0C; .NET4.0E; .NET CLR 1.1.4322)" 28729
192.168.12.42 - - [17/Feb/2013:07:05:11 +0600] "GET /tv/useUser HTTP/1.1" 200 432 "http://callider/graph/personal" "Mozilla/4.0 (compatible; MSIE 7.0; Windows NT 6.1; WOW64; Trident/5.0; SLCC2; .NET CLR 2.0.50727; .NET CLR 3.5.30729; .NET CLR 3.0.30729; Media Center PC 6.0; InfoPath.3; .NET4.0C; .NET4.0E)" 19209
192.168.65.56 - - [17/Feb/2013:07:05:11 +0600] "GET /pause/ajaxPause?pauseConfigId=all&admin=1 HTTP/1.1" 200 1046 "http://192.168.65.101/pause/index" "Mozilla/5.0 (Windows NT 5.1; rv:15.0) Gecko/20100101 Firefox/15.0" 32192
192.168.74.151 - - [17/Feb/2013:07:05:13 +0600] "GET /tv/useUser HTTP/1.1" 200 431 "http://callider.kontur/graph/general" "Mozilla/5.0 (Windows NT 6.1; WOW64; rv:18.0) Gecko/20100101 Firefox/18.0" 9852
192.168.12.61 - - [17/Feb/2013:07:05:14 +0600] "GET /pause/ajaxPause?pauseConfigId=&admin=0 HTTP/1.1" 200 986 "http://callider/pause/index" "Mozilla/4.0 (compatible; MSIE 7.0; Windows NT 6.1; Trident/5.0; SLCC2; .NET CLR 2.0.50727; .NET CLR 3.5.30729; .NET CLR 3.0.30729; Media Center PC 6.0; InfoPath.3; .NET4.0C; .NET4.0E)" 31968
192.168.74.78 - - [17/Feb/2013:07:05:14 +0600] "GET /pause/ajaxPause?pauseConfigId=&admin=0 HTTP/1.1" 200 986 "http://callider/pause/index" "Mozilla/4.0 (compatible; MSIE 7.0; Windows NT 6.1; WOW64; Trident/5.0; SLCC2; .NET CLR 2.0.50727; .NET CLR 3.5.30729; .NET CLR 3.0.30729; Media Center PC 6.0; InfoPath.3; .NET4.0C; MS-RTC LM 8; .NET4.0E)" 25152
192.168.12.69 - - [17/Feb/2013:07:05:15 +0600] "GET /pause/ajaxPause?pauseConfigId=&admin=0 HTTP/1.1" 200 986 "http://callider/pause/index" "Mozilla/4.0 (compatible; MSIE 7.0; Windows NT 6.1; Trident/5.0; SLCC2; .NET CLR 2.0.50727; .NET CLR 3.5.30729; .NET CLR 3.0.30729; Media Center PC 6.0; InfoPath.3; .NET4.0C; .NET4.0E; Tablet PC 2.0; AskTbFXTV5/5.14.1.20007)" 22288
192.168.74.91 - - [17/Feb/2013:07:05:15 +0600] "GET /pause/ajaxPause?pauseConfigId=&admin=0 HTTP/1.1" 200 986 "http://callider/pause/index" "Mozilla/4.0 (compatible; MSIE 7.0; Windows NT 6.1; WOW64; Trident/5.0; SLCC2; .NET CLR 2.0.50727; .NET CLR 3.5.30729; .NET CLR 3.0.30729; Media Center PC 6.0; InfoPath.3; .NET4.0C; MS-RTC LM 8; .NET4.0E)" 28533
192.168.74.151 - - [17/Feb/2013:07:05:15 +0600] "GET /pause/ajaxPause?pauseConfigId=&admin=0 HTTP/1.1" 200 987 "http://callider.kontur/pause/index" "Mozilla/5.0 (Windows NT 6.1; WOW64; rv:18.0) Gecko/20100101 Firefox/18.0" 22960
192.168.74.151 - - [17/Feb/2013:07:05:15 +0600] "GET /tv/useUser HTTP/1.1" 200 432 "http://callider.kontur/pause/index" "Mozilla/5.0 (Windows NT 6.1; WOW64; rv:18.0) Gecko/20100101 Firefox/18.0" 18881
192.168.12.210 - - [17/Feb/2013:07:05:15 +0600] "GET /pause/ajaxPause?pauseConfigId=all&admin=1 HTTP/1.1" 200 1047 "http://callider/pause/index" "Mozilla/4.0 (compatible; MSIE 7.0; Windows NT 6.1; WOW64; Trident/5.0; SLCC2; .NET CLR 2.0.50727; .NET CLR 3.5.30729; .NET CLR 3.0.30729; Media Center PC 6.0; InfoPath.3; .NET4.0C; .NET4.0E)" 22685
192.168.12.60 - - [17/Feb/2013:07:05:15 +0600] "GET /pause/ajaxPause?pauseConfigId=&admin=0 HTTP/1.1" 200 986 "http://callider/pause/index" "Mozilla/4.0 (compatible; MSIE 8.0; Windows NT 6.1; Trident/4.0; InfoPath.3; .NET4.0C; MS-RTC LM 8; .NET4.0E)" 18590
192.168.12.204 - - [17/Feb/2013:07:05:16 +0600] "GET /pause/ajaxPause?pauseConfigId=&admin=0 HTTP/1.1" 200 986 "http://callider/pause/index" "Mozilla/4.0 (compatible; MSIE 7.0; Windows NT 6.1; WOW64; Trident/4.0; SLCC2; .NET CLR 2.0.50727; .NET CLR 3.5.30729; .NET CLR 3.0.30729; Media Center PC 6.0; InfoPath.3; .NET4.0C; .NET4.0E; .NET CLR 1.1.4322)" 27162
192.168.65.56 - - [17/Feb/2013:07:05:16 +0600] "GET /pause/ajaxPause?pauseConfigId=all&admin=1 HTTP/1.1" 200 1046 "http://192.168.65.101/pause/index" "Mozilla/5.0 (Windows NT 5.1; rv:15.0) Gecko/20100101 Firefox/15.0" 41013
192.168.12.61 - - [17/Feb/2013:07:05:19 +0600] "GET /pause/ajaxPause?pauseConfigId=&admin=0 HTTP/1.1" 200 985 "http://callider/pause/index" "Mozilla/4.0 (compatible; MSIE 7.0; Windows NT 6.1; Trident/5.0; SLCC2; .NET CLR 2.0.50727; .NET CLR 3.5.30729; .NET CLR 3.0.30729; Media Center PC 6.0; InfoPath.3; .NET4.0C; .NET4.0E)" 23036
192.168.74.78 - - [17/Feb/2013:07:05:19 +0600] "GET /pause/ajaxPause?pauseConfigId=&admin=0 HTTP/1.1" 200 986 "http://callider/pause/index" "Mozilla/4.0 (compatible; MSIE 7.0; Windows NT 6.1; WOW64; Trident/5.0; SLCC2; .NET CLR 2.0.50727; .NET CLR 3.5.30729; .NET CLR 3.0.30729; Media Center PC 6.0; InfoPath.3; .NET4.0C; MS-RTC LM 8; .NET4.0E)" 20302
192.168.12.10 - - [17/Feb/2013:07:05:19 +0600] "GET /tv/useUser HTTP/1.1" 200 432 "http://callider/graph/personal" "Mozilla/4.0 (compatible; MSIE 7.0; Windows NT 6.1; Trident/5.0; SLCC2; .NET CLR 2.0.50727; .NET CLR 3.5.30729; .NET CLR 3.0.30729; Media Center PC 6.0; InfoPath.3; .NET4.0C; .NET4.0E; Tablet PC 2.0; MS-RTC LM 8)" 16793
192.168.12.108 - - [17/Feb/2013:07:05:19 +0600] "GET /tv/useUser HTTP/1.1" 200 432 "http://callider/index.php" "Mozilla/4.0 (compatible; MSIE 7.0; Windows NT 6.2; WOW64; Trident/6.0; .NET4.0E; .NET4.0C; InfoPath.3; .NET CLR 3.5.30729; .NET CLR 2.0.50727; .NET CLR 3.0.30729)" 17779
192.168.12.69 - - [17/Feb/2013:07:05:20 +0600] "GET /pause/ajaxPause?pauseConfigId=&admin=0 HTTP/1.1" 200 986 "http://callider/pause/index" "Mozilla/4.0 (compatible; MSIE 7.0; Windows NT 6.1; Trident/5.0; SLCC2; .NET CLR 2.0.50727; .NET CLR 3.5.30729; .NET CLR 3.0.30729; Media Center PC 6.0; InfoPath.3; .NET4.0C; .NET4.0E; Tablet PC 2.0; AskTbFXTV5/5.14.1.20007)" 32710
192.168.74.91 - - [17/Feb/2013:07:05:20 +0600] "GET /pause/ajaxPause?pauseConfigId=&admin=0 HTTP/1.1" 200 986 "http://callider/pause/index" "Mozilla/4.0 (compatible; MSIE 7.0; Windows NT 6.1; WOW64; Trident/5.0; SLCC2; .NET CLR 2.0.50727; .NET CLR 3.5.30729; .NET CLR 3.0.30729; Media Center PC 6.0; InfoPath.3; .NET4.0C; MS-RTC LM 8; .NET4.0E)" 26744
192.168.74.151 - - [17/Feb/2013:07:05:20 +0600] "GET /pause/ajaxPause?pauseConfigId=&admin=0 HTTP/1.1" 200 987 "http://callider.kontur/pause/index" "Mozilla/5.0 (Windows NT 6.1; WOW64; rv:18.0) Gecko/20100101 Firefox/18.0" 21707
192.168.12.210 - - [17/Feb/2013:07:05:20 +0600] "GET /pause/ajaxPause?pauseConfigId=all&admin=1 HTTP/1.1" 200 1047 "http://callider/pause/index" "Mozilla/4.0 (compatible; MSIE 7.0; Windows NT 6.1; WOW64; Trident/5.0; SLCC2; .NET CLR 2.0.50727; .NET CLR 3.5.30729; .NET CLR 3.0.30729; Media Center PC 6.0; InfoPath.3; .NET4.0C; .NET4.0E)" 32279
192.168.12.60 - - [17/Feb/2013:07:05:20 +0600] "GET /pause/ajaxPause?pauseConfigId=&admin=0 HTTP/1.1" 200 986 "http://callider/pause/index" "Mozilla/4.0 (compatible; MSIE 8.0; Windows NT 6.1; Trident/4.0; InfoPath.3; .NET4.0C; MS-RTC LM 8; .NET4.0E)" 19805
192.168.12.204 - - [17/Feb/2013:07:05:21 +0600] "GET /pause/ajaxPause?pauseConfigId=&admin=0 HTTP/1.1" 200 986 "http://callider/pause/index" "Mozilla/4.0 (compatible; MSIE 7.0; Windows NT 6.1; WOW64; Trident/4.0; SLCC2; .NET CLR 2.0.50727; .NET CLR 3.5.30729; .NET CLR 3.0.30729; Media Center PC 6.0; InfoPath.3; .NET4.0C; .NET4.0E; .NET CLR 1.1.4322)" 535437
192.168.65.56 - - [17/Feb/2013:07:05:21 +0600] "GET /pause/ajaxPause?pauseConfigId=all&admin=1 HTTP/1.1" 200 1046 "http://192.168.65.101/pause/index" "Mozilla/5.0 (Windows NT 5.1; rv:15.0) Gecko/20100101 Firefox/15.0" 34626
192.168.12.61 - - [17/Feb/2013:07:05:24 +0600] "GET /pause/ajaxPause?pauseConfigId=&admin=0 HTTP/1.1" 200 985 "http://callider/pause/index" "Mozilla/4.0 (compatible; MSIE 7.0; Windows NT 6.1; Trident/5.0; SLCC2; .NET CLR 2.0.50727; .NET CLR 3.5.30729; .NET CLR 3.0.30729; Media Center PC 6.0; InfoPath.3; .NET4.0C; .NET4.0E)" 24220
192.168.74.78 - - [17/Feb/2013:07:05:24 +0600] "GET /pause/ajaxPause?pauseConfigId=&admin=0 HTTP/1.1" 200 986 "http://callider/pause/index" "Mozilla/4.0 (compatible; MSIE 7.0; Windows NT 6.1; WOW64; Trident/5.0; SLCC2; .NET CLR 2.0.50727; .NET CLR 3.5.30729; .NET CLR 3.0.30729; Media Center PC 6.0; InfoPath.3; .NET4.0C; MS-RTC LM 8; .NET4.0E)" 23949
192.168.12.69 - - [17/Feb/2013:07:05:25 +0600] "GET /pause/ajaxPause?pauseConfigId=&admin=0 HTTP/1.1" 200 986 "http://callider/pause/index" "Mozilla/4.0 (compatible; MSIE 7.0; Windows NT 6.1; Trident/5.0; SLCC2; .NET CLR 2.0.50727; .NET CLR 3.5.30729; .NET CLR 3.0.30729; Media Center PC 6.0; InfoPath.3; .NET4.0C; .NET4.0E; Tablet PC 2.0; AskTbFXTV5/5.14.1.20007)" 24553
192.168.74.91 - - [17/Feb/2013:07:05:25 +0600] "GET /pause/ajaxPause?pauseConfigId=&admin=0 HTTP/1.1" 200 986 "http://callider/pause/index" "Mozilla/4.0 (compatible; MSIE 7.0; Windows NT 6.1; WOW64; Trident/5.0; SLCC2; .NET CLR 2.0.50727; .NET CLR 3.5.30729; .NET CLR 3.0.30729; Media Center PC 6.0; InfoPath.3; .NET4.0C; MS-RTC LM 8; .NET4.0E)" 22866
192.168.74.151 - - [17/Feb/2013:07:05:25 +0600] "GET /pause/ajaxPause?pauseConfigId=&admin=0 HTTP/1.1" 200 987 "http://callider.kontur/pause/index" "Mozilla/5.0 (Windows NT 6.1; WOW64; rv:18.0) Gecko/20100101 Firefox/18.0" 20025
192.168.12.210 - - [17/Feb/2013:07:05:25 +0600] "GET /pause/ajaxPause?pauseConfigId=all&admin=1 HTTP/1.1" 200 1047 "http://callider/pause/index" "Mozilla/4.0 (compatible; MSIE 7.0; Windows NT 6.1; WOW64; Trident/5.0; SLCC2; .NET CLR 2.0.50727; .NET CLR 3.5.30729; .NET CLR 3.0.30729; Media Center PC 6.0; InfoPath.3; .NET4.0C; .NET4.0E)" 68387
192.168.12.60 - - [17/Feb/2013:07:05:25 +0600] "GET /pause/ajaxPause?pauseConfigId=&admin=0 HTTP/1.1" 200 986 "http://callider/pause/index" "Mozilla/4.0 (compatible; MSIE 8.0; Windows NT 6.1; Trident/4.0; InfoPath.3; .NET4.0C; MS-RTC LM 8; .NET4.0E)" 21577
192.168.12.204 - - [17/Feb/2013:07:05:26 +0600] "GET /pause/ajaxPause?pauseConfigId=&admin=0 HTTP/1.1" 200 986 "http://callider/pause/index" "Mozilla/4.0 (compatible; MSIE 7.0; Windows NT 6.1; WOW64; Trident/4.0; SLCC2; .NET CLR 2.0.50727; .NET CLR 3.5.30729; .NET CLR 3.0.30729; Media Center PC 6.0; InfoPath.3; .NET4.0C; .NET4.0E; .NET CLR 1.1.4322)" 31889
192.168.65.56 - - [17/Feb/2013:07:05:26 +0600] "GET /pause/ajaxPause?pauseConfigId=all&admin=1 HTTP/1.1" 200 1046 "http://192.168.65.101/pause/index" "Mozilla/5.0 (Windows NT 5.1; rv:15.0) Gecko/20100101 Firefox/15.0" 168835
192.168.12.61 - - [17/Feb/2013:07:05:29 +0600] "GET /pause/ajaxPause?pauseConfigId=&admin=0 HTTP/1.1" 200 986 "http://callider/pause/index" "Mozilla/4.0 (compatible; MSIE 7.0; Windows NT 6.1; Trident/5.0; SLCC2; .NET CLR 2.0.50727; .NET CLR 3.5.30729; .NET CLR 3.0.30729; Media Center PC 6.0; InfoPath.3; .NET4.0C; .NET4.0E)" 41254
192.168.74.78 - - [17/Feb/2013:07:05:29 +0600] "GET /pause/ajaxPause?pauseConfigId=&admin=0 HTTP/1.1" 200 986 "http://callider/pause/index" "Mozilla/4.0 (compatible; MSIE 7.0; Windows NT 6.1; WOW64; Trident/5.0; SLCC2; .NET CLR 2.0.50727; .NET CLR 3.5.30729; .NET CLR 3.0.30729; Media Center PC 6.0; InfoPath.3; .NET4.0C; MS-RTC LM 8; .NET4.0E)" 29206
192.168.12.69 - - [17/Feb/2013:07:05:30 +0600] "GET /pause/ajaxPause?pauseConfigId=&admin=0 HTTP/1.1" 200 986 "http://callider/pause/index" "Mozilla/4.0 (compatible; MSIE 7.0; Windows NT 6.1; Trident/5.0; SLCC2; .NET CLR 2.0.50727; .NET CLR 3.5.30729; .NET CLR 3.0.30729; Media Center PC 6.0; InfoPath.3; .NET4.0C; .NET4.0E; Tablet PC 2.0; AskTbFXTV5/5.14.1.20007)" 71648
192.168.74.91 - - [17/Feb/2013:07:05:30 +0600] "GET /pause/ajaxPause?pauseConfigId=&admin=0 HTTP/1.1" 200 986 "http://callider/pause/index" "Mozilla/4.0 (compatible; MSIE 7.0; Windows NT 6.1; WOW64; Trident/5.0; SLCC2; .NET CLR 2.0.50727; .NET CLR 3.5.30729; .NET CLR 3.0.30729; Media Center PC 6.0; InfoPath.3; .NET4.0C; MS-RTC LM 8; .NET4.0E)" 50670
192.168.74.151 - - [17/Feb/2013:07:05:30 +0600] "GET /pause/ajaxPause?pauseConfigId=&admin=0 HTTP/1.1" 200 987 "http://callider.kontur/pause/index" "Mozilla/5.0 (Windows NT 6.1; WOW64; rv:18.0) Gecko/20100101 Firefox/18.0" 35039
192.168.12.210 - - [17/Feb/2013:07:05:30 +0600] "GET /pause/ajaxPause?pauseConfigId=all&admin=1 HTTP/1.1" 200 1047 "http://callider/pause/index" "Mozilla/4.0 (compatible; MSIE 7.0; Windows NT 6.1; WOW64; Trident/5.0; SLCC2; .NET CLR 2.0.50727; .NET CLR 3.5.30729; .NET CLR 3.0.30729; Media Center PC 6.0; InfoPath.3; .NET4.0C; .NET4.0E)" 23786
192.168.12.60 - - [17/Feb/2013:07:05:30 +0600] "GET /pause/ajaxPause?pauseConfigId=&admin=0 HTTP/1.1" 200 986 "http://callider/pause/index" "Mozilla/4.0 (compatible; MSIE 8.0; Windows NT 6.1; Trident/4.0; InfoPath.3; .NET4.0C; MS-RTC LM 8; .NET4.0E)" 17106
192.168.12.204 - - [17/Feb/2013:07:05:31 +0600] "GET /pause/ajaxPause?pauseConfigId=&admin=0 HTTP/1.1" 200 986 "http://callider/pause/index" "Mozilla/4.0 (compatible; MSIE 7.0; Windows NT 6.1; WOW64; Trident/4.0; SLCC2; .NET CLR 2.0.50727; .NET CLR 3.5.30729; .NET CLR 3.0.30729; Media Center PC 6.0; InfoPath.3; .NET4.0C; .NET4.0E; .NET CLR 1.1.4322)" 23166
192.168.65.56 - - [17/Feb/2013:07:05:31 +0600] "GET /pause/ajaxPause?pauseConfigId=all&admin=1 HTTP/1.1" 200 1046 "http://192.168.65.101/pause/index" "Mozilla/5.0 (Windows NT 5.1; rv:15.0) Gecko/20100101 Firefox/15.0" 34281
192.168.12.61 - - [17/Feb/2013:07:05:34 +0600] "GET /pause/ajaxPause?pauseConfigId=&admin=0 HTTP/1.1" 200 985 "http://callider/pause/index" "Mozilla/4.0 (compatible; MSIE 7.0; Windows NT 6.1; Trident/5.0; SLCC2; .NET CLR 2.0.50727; .NET CLR 3.5.30729; .NET CLR 3.0.30729; Media Center PC 6.0; InfoPath.3; .NET4.0C; .NET4.0E)" 18207
192.168.74.78 - - [17/Feb/2013:07:05:34 +0600] "GET /pause/ajaxPause?pauseConfigId=&admin=0 HTTP/1.1" 200 986 "http://callider/pause/index" "Mozilla/4.0 (compatible; MSIE 7.0; Windows NT 6.1; WOW64; Trident/5.0; SLCC2; .NET CLR 2.0.50727; .NET CLR 3.5.30729; .NET CLR 3.0.30729; Media Center PC 6.0; InfoPath.3; .NET4.0C; MS-RTC LM 8; .NET4.0E)" 20429
192.168.12.67 - - [17/Feb/2013:07:05:34 +0600] "GET /tv/useUser HTTP/1.1" 200 432 "http://callider/graph/personal" "Mozilla/4.0 (compatible; MSIE 7.0; Windows NT 6.1; Trident/5.0; SLCC2; .NET CLR 2.0.50727; .NET CLR 3.5.30729; .NET CLR 3.0.30729; Media Center PC 6.0; .NET4.0C; .NET4.0E; InfoPath.3; Tablet PC 2.0; MS-RTC LM 8)" 18786
192.168.12.69 - - [17/Feb/2013:07:05:35 +0600] "GET /pause/ajaxPause?pauseConfigId=&admin=0 HTTP/1.1" 200 986 "http://callider/pause/index" "Mozilla/4.0 (compatible; MSIE 7.0; Windows NT 6.1; Trident/5.0; SLCC2; .NET CLR 2.0.50727; .NET CLR 3.5.30729; .NET CLR 3.0.30729; Media Center PC 6.0; InfoPath.3; .NET4.0C; .NET4.0E; Tablet PC 2.0; AskTbFXTV5/5.14.1.20007)" 21550
192.168.74.91 - - [17/Feb/2013:07:05:35 +0600] "GET /pause/ajaxPause?pauseConfigId=&admin=0 HTTP/1.1" 200 986 "http://callider/pause/index" "Mozilla/4.0 (compatible; MSIE 7.0; Windows NT 6.1; WOW64; Trident/5.0; SLCC2; .NET CLR 2.0.50727; .NET CLR 3.5.30729; .NET CLR 3.0.30729; Media Center PC 6.0; InfoPath.3; .NET4.0C; MS-RTC LM 8; .NET4.0E)" 30730
192.168.74.151 - - [17/Feb/2013:07:05:35 +0600] "GET /pause/ajaxPause?pauseConfigId=&admin=0 HTTP/1.1" 200 987 "http://callider.kontur/pause/index" "Mozilla/5.0 (Windows NT 6.1; WOW64; rv:18.0) Gecko/20100101 Firefox/18.0" 22652
192.168.12.210 - - [17/Feb/2013:07:05:35 +0600] "GET /pause/ajaxPause?pauseConfigId=all&admin=1 HTTP/1.1" 200 1047 "http://callider/pause/index" "Mozilla/4.0 (compatible; MSIE 7.0; Windows NT 6.1; WOW64; Trident/5.0; SLCC2; .NET CLR 2.0.50727; .NET CLR 3.5.30729; .NET CLR 3.0.30729; Media Center PC 6.0; InfoPath.3; .NET4.0C; .NET4.0E)" 24345
192.168.12.60 - - [17/Feb/2013:07:05:35 +0600] "GET /pause/ajaxPause?pauseConfigId=&admin=0 HTTP/1.1" 200 986 "http://callider/pause/index" "Mozilla/4.0 (compatible; MSIE 8.0; Windows NT 6.1; Trident/4.0; InfoPath.3; .NET4.0C; MS-RTC LM 8; .NET4.0E)" 42263
192.168.12.204 - - [17/Feb/2013:07:05:36 +0600] "GET /pause/ajaxPause?pauseConfigId=&admin=0 HTTP/1.1" 200 986 "http://callider/pause/index" "Mozilla/4.0 (compatible; MSIE 7.0; Windows NT 6.1; WOW64; Trident/4.0; SLCC2; .NET CLR 2.0.50727; .NET CLR 3.5.30729; .NET CLR 3.0.30729; Media Center PC 6.0; InfoPath.3; .NET4.0C; .NET4.0E; .NET CLR 1.1.4322)" 21871
192.168.65.56 - - [17/Feb/2013:07:05:36 +0600] "GET /pause/ajaxPause?pauseConfigId=all&admin=1 HTTP/1.1" 200 1046 "http://192.168.65.101/pause/index" "Mozilla/5.0 (Windows NT 5.1; rv:15.0) Gecko/20100101 Firefox/15.0" 39043
192.168.74.93 - - [17/Feb/2013:07:05:38 +0600] "GET /tv/useUser HTTP/1.1" 200 432 "http://callider/graph/personal" "Mozilla/4.0 (compatible; MSIE 7.0; Windows NT 6.1; WOW64; Trident/5.0; SLCC2; .NET CLR 2.0.50727; .NET CLR 3.5.30729; .NET CLR 3.0.30729; Media Center PC 6.0; InfoPath.3; .NET4.0C; .NET4.0E)" 15269
192.168.12.61 - - [17/Feb/2013:07:05:39 +0600] "GET /pause/ajaxPause?pauseConfigId=&admin=0 HTTP/1.1" 200 985 "http://callider/pause/index" "Mozilla/4.0 (compatible; MSIE 7.0; Windows NT 6.1; Trident/5.0; SLCC2; .NET CLR 2.0.50727; .NET CLR 3.5.30729; .NET CLR 3.0.30729; Media Center PC 6.0; InfoPath.3; .NET4.0C; .NET4.0E)" 21751
192.168.12.210 - - [17/Feb/2013:07:05:39 +0600] "GET /tv/useUser HTTP/1.1" 200 431 "http://callider/graph/general" "Mozilla/4.0 (compatible; MSIE 7.0; Windows NT 6.1; WOW64; Trident/5.0; SLCC2; .NET CLR 2.0.50727; .NET CLR 3.5.30729; .NET CLR 3.0.30729; Media Center PC 6.0; InfoPath.3; .NET4.0C; .NET4.0E)" 12197
192.168.74.78 - - [17/Feb/2013:07:05:39 +0600] "GET /pause/ajaxPause?pauseConfigId=&admin=0 HTTP/1.1" 200 986 "http://callider/pause/index" "Mozilla/4.0 (compatible; MSIE 7.0; Windows NT 6.1; WOW64; Trident/5.0; SLCC2; .NET CLR 2.0.50727; .NET CLR 3.5.30729; .NET CLR 3.0.30729; Media Center PC 6.0; InfoPath.3; .NET4.0C; MS-RTC LM 8; .NET4.0E)" 24518
192.168.12.69 - - [17/Feb/2013:07:05:40 +0600] "GET /pause/ajaxPause?pauseConfigId=&admin=0 HTTP/1.1" 200 986 "http://callider/pause/index" "Mozilla/4.0 (compatible; MSIE 7.0; Windows NT 6.1; Trident/5.0; SLCC2; .NET CLR 2.0.50727; .NET CLR 3.5.30729; .NET CLR 3.0.30729; Media Center PC 6.0; InfoPath.3; .NET4.0C; .NET4.0E; Tablet PC 2.0; AskTbFXTV5/5.14.1.20007)" 27294
192.168.74.91 - - [17/Feb/2013:07:05:40 +0600] "GET /pause/ajaxPause?pauseConfigId=&admin=0 HTTP/1.1" 200 986 "http://callider/pause/index" "Mozilla/4.0 (compatible; MSIE 7.0; Windows NT 6.1; WOW64; Trident/5.0; SLCC2; .NET CLR 2.0.50727; .NET CLR 3.5.30729; .NET CLR 3.0.30729; Media Center PC 6.0; InfoPath.3; .NET4.0C; MS-RTC LM 8; .NET4.0E)" 21182
192.168.74.151 - - [17/Feb/2013:07:05:40 +0600] "GET /pause/ajaxPause?pauseConfigId=&admin=0 HTTP/1.1" 200 987 "http://callider.kontur/pause/index" "Mozilla/5.0 (Windows NT 6.1; WOW64; rv:18.0) Gecko/20100101 Firefox/18.0" 19340
192.168.12.210 - - [17/Feb/2013:07:05:40 +0600] "GET /pause/ajaxPause?pauseConfigId=all&admin=1 HTTP/1.1" 200 1047 "http://callider/pause/index" "Mozilla/4.0 (compatible; MSIE 7.0; Windows NT 6.1; WOW64; Trident/5.0; SLCC2; .NET CLR 2.0.50727; .NET CLR 3.5.30729; .NET CLR 3.0.30729; Media Center PC 6.0; InfoPath.3; .NET4.0C; .NET4.0E)" 35858
192.168.12.60 - - [17/Feb/2013:07:05:40 +0600] "GET /pause/ajaxPause?pauseConfigId=&admin=0 HTTP/1.1" 200 986 "http://callider/pause/index" "Mozilla/4.0 (compatible; MSIE 8.0; Windows NT 6.1; Trident/4.0; InfoPath.3; .NET4.0C; MS-RTC LM 8; .NET4.0E)" 20464
192.168.12.204 - - [17/Feb/2013:07:05:41 +0600] "GET /pause/ajaxPause?pauseConfigId=&admin=0 HTTP/1.1" 200 986 "http://callider/pause/index" "Mozilla/4.0 (compatible; MSIE 7.0; Windows NT 6.1; WOW64; Trident/4.0; SLCC2; .NET CLR 2.0.50727; .NET CLR 3.5.30729; .NET CLR 3.0.30729; Media Center PC 6.0; InfoPath.3; .NET4.0C; .NET4.0E; .NET CLR 1.1.4322)" 28646
192.168.12.9 - - [17/Feb/2013:07:05:41 +0600] "GET /tv/useUser HTTP/1.1" 200 432 "http://callider.kontur/site/index" "Mozilla/5.0 (Windows NT 6.1; WOW64) AppleWebKit/537.17 (KHTML, like Gecko) Chrome/24.0.1312.57 Safari/537.17" 17253
192.168.65.56 - - [17/Feb/2013:07:05:41 +0600] "GET /pause/ajaxPause?pauseConfigId=all&admin=1 HTTP/1.1" 200 1046 "http://192.168.65.101/pause/index" "Mozilla/5.0 (Windows NT 5.1; rv:15.0) Gecko/20100101 Firefox/15.0" 44677
192.168.12.61 - - [17/Feb/2013:07:05:44 +0600] "GET /pause/ajaxPause?pauseConfigId=&admin=0 HTTP/1.1" 200 985 "http://callider/pause/index" "Mozilla/4.0 (compatible; MSIE 7.0; Windows NT 6.1; Trident/5.0; SLCC2; .NET CLR 2.0.50727; .NET CLR 3.5.30729; .NET CLR 3.0.30729; Media Center PC 6.0; InfoPath.3; .NET4.0C; .NET4.0E)" 19279
192.168.74.78 - - [17/Feb/2013:07:05:44 +0600] "GET /pause/ajaxPause?pauseConfigId=&admin=0 HTTP/1.1" 200 986 "http://callider/pause/index" "Mozilla/4.0 (compatible; MSIE 7.0; Windows NT 6.1; WOW64; Trident/5.0; SLCC2; .NET CLR 2.0.50727; .NET CLR 3.5.30729; .NET CLR 3.0.30729; Media Center PC 6.0; InfoPath.3; .NET4.0C; MS-RTC LM 8; .NET4.0E)" 22098
192.168.12.69 - - [17/Feb/2013:07:05:45 +0600] "GET /pause/ajaxPause?pauseConfigId=&admin=0 HTTP/1.1" 200 986 "http://callider/pause/index" "Mozilla/4.0 (compatible; MSIE 7.0; Windows NT 6.1; Trident/5.0; SLCC2; .NET CLR 2.0.50727; .NET CLR 3.5.30729; .NET CLR 3.0.30729; Media Center PC 6.0; InfoPath.3; .NET4.0C; .NET4.0E; Tablet PC 2.0; AskTbFXTV5/5.14.1.20007)" 28641
192.168.74.91 - - [17/Feb/2013:07:05:45 +0600] "GET /pause/ajaxPause?pauseConfigId=&admin=0 HTTP/1.1" 200 986 "http://callider/pause/index" "Mozilla/4.0 (compatible; MSIE 7.0; Windows NT 6.1; WOW64; Trident/5.0; SLCC2; .NET CLR 2.0.50727; .NET CLR 3.5.30729; .NET CLR 3.0.30729; Media Center PC 6.0; InfoPath.3; .NET4.0C; MS-RTC LM 8; .NET4.0E)" 35355
192.168.74.151 - - [17/Feb/2013:07:05:45 +0600] "GET /pause/ajaxPause?pauseConfigId=&admin=0 HTTP/1.1" 200 987 "http://callider.kontur/pause/index" "Mozilla/5.0 (Windows NT 6.1; WOW64; rv:18.0) Gecko/20100101 Firefox/18.0" 27308
192.168.12.210 - - [17/Feb/2013:07:05:45 +0600] "GET /pause/ajaxPause?pauseConfigId=all&admin=1 HTTP/1.1" 200 1047 "http://callider/pause/index" "Mozilla/4.0 (compatible; MSIE 7.0; Windows NT 6.1; WOW64; Trident/5.0; SLCC2; .NET CLR 2.0.50727; .NET CLR 3.5.30729; .NET CLR 3.0.30729; Media Center PC 6.0; InfoPath.3; .NET4.0C; .NET4.0E)" 27091
192.168.12.60 - - [17/Feb/2013:07:05:45 +0600] "GET /pause/ajaxPause?pauseConfigId=&admin=0 HTTP/1.1" 200 986 "http://callider/pause/index" "Mozilla/4.0 (compatible; MSIE 8.0; Windows NT 6.1; Trident/4.0; InfoPath.3; .NET4.0C; MS-RTC LM 8; .NET4.0E)" 18632
192.168.12.204 - - [17/Feb/2013:07:05:46 +0600] "GET /pause/ajaxPause?pauseConfigId=&admin=0 HTTP/1.1" 200 986 "http://callider/pause/index" "Mozilla/4.0 (compatible; MSIE 7.0; Windows NT 6.1; WOW64; Trident/4.0; SLCC2; .NET CLR 2.0.50727; .NET CLR 3.5.30729; .NET CLR 3.0.30729; Media Center PC 6.0; InfoPath.3; .NET4.0C; .NET4.0E; .NET CLR 1.1.4322)" 24022
192.168.65.56 - - [17/Feb/2013:07:05:46 +0600] "GET /pause/ajaxPause?pauseConfigId=all&admin=1 HTTP/1.1" 200 1046 "http://192.168.65.101/pause/index" "Mozilla/5.0 (Windows NT 5.1; rv:15.0) Gecko/20100101 Firefox/15.0" 39307
192.168.12.61 - - [17/Feb/2013:07:05:49 +0600] "GET /pause/ajaxPause?pauseConfigId=&admin=0 HTTP/1.1" 200 985 "http://callider/pause/index" "Mozilla/4.0 (compatible; MSIE 7.0; Windows NT 6.1; Trident/5.0; SLCC2; .NET CLR 2.0.50727; .NET CLR 3.5.30729; .NET CLR 3.0.30729; Media Center PC 6.0; InfoPath.3; .NET4.0C; .NET4.0E)" 28848
192.168.12.210 - - [17/Feb/2013:07:05:49 +0600] "GET /tv/useUser HTTP/1.1" 200 431 "http://callider/pause/index" "Mozilla/4.0 (compatible; MSIE 7.0; Windows NT 6.1; WOW64; Trident/5.0; SLCC2; .NET CLR 2.0.50727; .NET CLR 3.5.30729; .NET CLR 3.0.30729; Media Center PC 6.0; InfoPath.3; .NET4.0C; .NET4.0E)" 15486
192.168.74.78 - - [17/Feb/2013:07:05:49 +0600] "GET /pause/ajaxPause?pauseConfigId=&admin=0 HTTP/1.1" 200 986 "http://callider/pause/index" "Mozilla/4.0 (compatible; MSIE 7.0; Windows NT 6.1; WOW64; Trident/5.0; SLCC2; .NET CLR 2.0.50727; .NET CLR 3.5.30729; .NET CLR 3.0.30729; Media Center PC 6.0; InfoPath.3; .NET4.0C; MS-RTC LM 8; .NET4.0E)" 22835
192.168.12.69 - - [17/Feb/2013:07:05:50 +0600] "GET /pause/ajaxPause?pauseConfigId=&admin=0 HTTP/1.1" 200 986 "http://callider/pause/index" "Mozilla/4.0 (compatible; MSIE 7.0; Windows NT 6.1; Trident/5.0; SLCC2; .NET CLR 2.0.50727; .NET CLR 3.5.30729; .NET CLR 3.0.30729; Media Center PC 6.0; InfoPath.3; .NET4.0C; .NET4.0E; Tablet PC 2.0; AskTbFXTV5/5.14.1.20007)" 21046
192.168.74.91 - - [17/Feb/2013:07:05:50 +0600] "GET /pause/ajaxPause?pauseConfigId=&admin=0 HTTP/1.1" 200 986 "http://callider/pause/index" "Mozilla/4.0 (compatible; MSIE 7.0; Windows NT 6.1; WOW64; Trident/5.0; SLCC2; .NET CLR 2.0.50727; .NET CLR 3.5.30729; .NET CLR 3.0.30729; Media Center PC 6.0; InfoPath.3; .NET4.0C; MS-RTC LM 8; .NET4.0E)" 24778
192.168.74.151 - - [17/Feb/2013:07:05:50 +0600] "GET /pause/ajaxPause?pauseConfigId=&admin=0 HTTP/1.1" 200 987 "http://callider.kontur/pause/index" "Mozilla/5.0 (Windows NT 6.1; WOW64; rv:18.0) Gecko/20100101 Firefox/18.0" 22019
192.168.12.210 - - [17/Feb/2013:07:05:50 +0600] "GET /pause/ajaxPause?pauseConfigId=all&admin=1 HTTP/1.1" 200 1047 "http://callider/pause/index" "Mozilla/4.0 (compatible; MSIE 7.0; Windows NT 6.1; WOW64; Trident/5.0; SLCC2; .NET CLR 2.0.50727; .NET CLR 3.5.30729; .NET CLR 3.0.30729; Media Center PC 6.0; InfoPath.3; .NET4.0C; .NET4.0E)" 33883
192.168.12.60 - - [17/Feb/2013:07:05:50 +0600] "GET /pause/ajaxPause?pauseConfigId=&admin=0 HTTP/1.1" 200 986 "http://callider/pause/index" "Mozilla/4.0 (compatible; MSIE 8.0; Windows NT 6.1; Trident/4.0; InfoPath.3; .NET4.0C; MS-RTC LM 8; .NET4.0E)" 27548
192.168.12.204 - - [17/Feb/2013:07:05:51 +0600] "GET /pause/ajaxPause?pauseConfigId=&admin=0 HTTP/1.1" 200 986 "http://callider/pause/index" "Mozilla/4.0 (compatible; MSIE 7.0; Windows NT 6.1; WOW64; Trident/4.0; SLCC2; .NET CLR 2.0.50727; .NET CLR 3.5.30729; .NET CLR 3.0.30729; Media Center PC 6.0; InfoPath.3; .NET4.0C; .NET4.0E; .NET CLR 1.1.4322)" 23965
192.168.65.56 - - [17/Feb/2013:07:05:51 +0600] "GET /pause/ajaxPause?pauseConfigId=all&admin=1 HTTP/1.1" 200 1046 "http://192.168.65.101/pause/index" "Mozilla/5.0 (Windows NT 5.1; rv:15.0) Gecko/20100101 Firefox/15.0" 62336
192.168.65.56 - - [17/Feb/2013:07:05:51 +0600] "GET /tv/useUser HTTP/1.1" 200 431 "http://192.168.65.101/pause/index" "Mozilla/5.0 (Windows NT 5.1; rv:15.0) Gecko/20100101 Firefox/15.0" 23134
192.168.65.93 - - [17/Feb/2013:07:05:52 +0600] "GET / HTTP/1.1" 302 530 "-" "System Center 2012 - Operations Manager 7.0.9538.0" 16627
192.168.65.93 - - [17/Feb/2013:07:05:52 +0600] "GET /site/login HTTP/1.1" 200 2771 "-" "System Center 2012 - Operations Manager 7.0.9538.0" 17543
192.168.12.61 - - [17/Feb/2013:07:05:54 +0600] "GET /pause/ajaxPause?pauseConfigId=&admin=0 HTTP/1.1" 200 985 "http://callider/pause/index" "Mozilla/4.0 (compatible; MSIE 7.0; Windows NT 6.1; Trident/5.0; SLCC2; .NET CLR 2.0.50727; .NET CLR 3.5.30729; .NET CLR 3.0.30729; Media Center PC 6.0; InfoPath.3; .NET4.0C; .NET4.0E)" 25643
192.168.74.78 - - [17/Feb/2013:07:05:54 +0600] "GET /pause/ajaxPause?pauseConfigId=&admin=0 HTTP/1.1" 200 986 "http://callider/pause/index" "Mozilla/4.0 (compatible; MSIE 7.0; Windows NT 6.1; WOW64; Trident/5.0; SLCC2; .NET CLR 2.0.50727; .NET CLR 3.5.30729; .NET CLR 3.0.30729; Media Center PC 6.0; InfoPath.3; .NET4.0C; MS-RTC LM 8; .NET4.0E)" 20699
192.168.12.69 - - [17/Feb/2013:07:05:55 +0600] "GET /pause/ajaxPause?pauseConfigId=&admin=0 HTTP/1.1" 200 986 "http://callider/pause/index" "Mozilla/4.0 (compatible; MSIE 7.0; Windows NT 6.1; Trident/5.0; SLCC2; .NET CLR 2.0.50727; .NET CLR 3.5.30729; .NET CLR 3.0.30729; Media Center PC 6.0; InfoPath.3; .NET4.0C; .NET4.0E; Tablet PC 2.0; AskTbFXTV5/5.14.1.20007)" 22769
192.168.74.91 - - [17/Feb/2013:07:05:55 +0600] "GET /pause/ajaxPause?pauseConfigId=&admin=0 HTTP/1.1" 200 986 "http://callider/pause/index" "Mozilla/4.0 (compatible; MSIE 7.0; Windows NT 6.1; WOW64; Trident/5.0; SLCC2; .NET CLR 2.0.50727; .NET CLR 3.5.30729; .NET CLR 3.0.30729; Media Center PC 6.0; InfoPath.3; .NET4.0C; MS-RTC LM 8; .NET4.0E)" 30666
192.168.74.151 - - [17/Feb/2013:07:05:55 +0600] "GET /pause/ajaxPause?pauseConfigId=&admin=0 HTTP/1.1" 200 987 "http://callider.kontur/pause/index" "Mozilla/5.0 (Windows NT 6.1; WOW64; rv:18.0) Gecko/20100101 Firefox/18.0" 21033
192.168.12.210 - - [17/Feb/2013:07:05:55 +0600] "GET /pause/ajaxPause?pauseConfigId=all&admin=1 HTTP/1.1" 200 1047 "http://callider/pause/index" "Mozilla/4.0 (compatible; MSIE 7.0; Windows NT 6.1; WOW64; Trident/5.0; SLCC2; .NET CLR 2.0.50727; .NET CLR 3.5.30729; .NET CLR 3.0.30729; Media Center PC 6.0; InfoPath.3; .NET4.0C; .NET4.0E)" 23852
192.168.12.60 - - [17/Feb/2013:07:05:55 +0600] "GET /pause/ajaxPause?pauseConfigId=&admin=0 HTTP/1.1" 200 986 "http://callider/pause/index" "Mozilla/4.0 (compatible; MSIE 8.0; Windows NT 6.1; Trident/4.0; InfoPath.3; .NET4.0C; MS-RTC LM 8; .NET4.0E)" 16464
192.168.12.204 - - [17/Feb/2013:07:05:56 +0600] "GET /pause/ajaxPause?pauseConfigId=&admin=0 HTTP/1.1" 200 986 "http://callider/pause/index" "Mozilla/4.0 (compatible; MSIE 7.0; Windows NT 6.1; WOW64; Trident/4.0; SLCC2; .NET CLR 2.0.50727; .NET CLR 3.5.30729; .NET CLR 3.0.30729; Media Center PC 6.0; InfoPath.3; .NET4.0C; .NET4.0E; .NET CLR 1.1.4322)" 20314
192.168.65.56 - - [17/Feb/2013:07:05:56 +0600] "GET /pause/ajaxPause?pauseConfigId=all&admin=1 HTTP/1.1" 200 1046 "http://192.168.65.101/pause/index" "Mozilla/5.0 (Windows NT 5.1; rv:15.0) Gecko/20100101 Firefox/15.0" 44849
192.168.12.61 - - [17/Feb/2013:07:05:59 +0600] "GET /pause/ajaxPause?pauseConfigId=&admin=0 HTTP/1.1" 200 986 "http://callider/pause/index" "Mozilla/4.0 (compatible; MSIE 7.0; Windows NT 6.1; Trident/5.0; SLCC2; .NET CLR 2.0.50727; .NET CLR 3.5.30729; .NET CLR 3.0.30729; Media Center PC 6.0; InfoPath.3; .NET4.0C; .NET4.0E)" 42744
192.168.74.78 - - [17/Feb/2013:07:05:59 +0600] "GET /pause/ajaxPause?pauseConfigId=&admin=0 HTTP/1.1" 200 986 "http://callider/pause/index" "Mozilla/4.0 (compatible; MSIE 7.0; Windows NT 6.1; WOW64; Trident/5.0; SLCC2; .NET CLR 2.0.50727; .NET CLR 3.5.30729; .NET CLR 3.0.30729; Media Center PC 6.0; InfoPath.3; .NET4.0C; MS-RTC LM 8; .NET4.0E)" 136635
192.168.12.69 - - [17/Feb/2013:07:06:00 +0600] "GET /pause/ajaxPause?pauseConfigId=&admin=0 HTTP/1.1" 200 986 "http://callider/pause/index" "Mozilla/4.0 (compatible; MSIE 7.0; Windows NT 6.1; Trident/5.0; SLCC2; .NET CLR 2.0.50727; .NET CLR 3.5.30729; .NET CLR 3.0.30729; Media Center PC 6.0; InfoPath.3; .NET4.0C; .NET4.0E; Tablet PC 2.0; AskTbFXTV5/5.14.1.20007)" 23512
192.168.74.91 - - [17/Feb/2013:07:06:00 +0600] "GET /pause/ajaxPause?pauseConfigId=&admin=0 HTTP/1.1" 200 986 "http://callider/pause/index" "Mozilla/4.0 (compatible; MSIE 7.0; Windows NT 6.1; WOW64; Trident/5.0; SLCC2; .NET CLR 2.0.50727; .NET CLR 3.5.30729; .NET CLR 3.0.30729; Media Center PC 6.0; InfoPath.3; .NET4.0C; MS-RTC LM 8; .NET4.0E)" 24518
192.168.74.151 - - [17/Feb/2013:07:06:00 +0600] "GET /pause/ajaxPause?pauseConfigId=&admin=0 HTTP/1.1" 200 987 "http://callider.kontur/pause/index" "Mozilla/5.0 (Windows NT 6.1; WOW64; rv:18.0) Gecko/20100101 Firefox/18.0" 30501
192.168.12.210 - - [17/Feb/2013:07:06:00 +0600] "GET /pause/ajaxPause?pauseConfigId=all&admin=1 HTTP/1.1" 200 1047 "http://callider/pause/index" "Mozilla/4.0 (compatible; MSIE 7.0; Windows NT 6.1; WOW64; Trident/5.0; SLCC2; .NET CLR 2.0.50727; .NET CLR 3.5.30729; .NET CLR 3.0.30729; Media Center PC 6.0; InfoPath.3; .NET4.0C; .NET4.0E)" 25449
192.168.12.60 - - [17/Feb/2013:07:06:00 +0600] "GET /pause/ajaxPause?pauseConfigId=&admin=0 HTTP/1.1" 200 986 "http://callider/pause/index" "Mozilla/4.0 (compatible; MSIE 8.0; Windows NT 6.1; Trident/4.0; InfoPath.3; .NET4.0C; MS-RTC LM 8; .NET4.0E)" 19737
192.168.12.204 - - [17/Feb/2013:07:06:01 +0600] "GET /pause/ajaxPause?pauseConfigId=&admin=0 HTTP/1.1" 200 986 "http://callider/pause/index" "Mozilla/4.0 (compatible; MSIE 7.0; Windows NT 6.1; WOW64; Trident/4.0; SLCC2; .NET CLR 2.0.50727; .NET CLR 3.5.30729; .NET CLR 3.0.30729; Media Center PC 6.0; InfoPath.3; .NET4.0C; .NET4.0E; .NET CLR 1.1.4322)" 27776
192.168.65.56 - - [17/Feb/2013:07:06:01 +0600] "GET /pause/ajaxPause?pauseConfigId=all&admin=1 HTTP/1.1" 200 1046 "http://192.168.65.101/pause/index" "Mozilla/5.0 (Windows NT 5.1; rv:15.0) Gecko/20100101 Firefox/15.0" 77675
192.168.12.61 - - [17/Feb/2013:07:06:04 +0600] "GET /pause/ajaxPause?pauseConfigId=&admin=0 HTTP/1.1" 200 985 "http://callider/pause/index" "Mozilla/4.0 (compatible; MSIE 7.0; Windows NT 6.1; Trident/5.0; SLCC2; .NET CLR 2.0.50727; .NET CLR 3.5.30729; .NET CLR 3.0.30729; Media Center PC 6.0; InfoPath.3; .NET4.0C; .NET4.0E)" 24385
192.168.74.78 - - [17/Feb/2013:07:06:04 +0600] "GET /pause/ajaxPause?pauseConfigId=&admin=0 HTTP/1.1" 200 986 "http://callider/pause/index" "Mozilla/4.0 (compatible; MSIE 7.0; Windows NT 6.1; WOW64; Trident/5.0; SLCC2; .NET CLR 2.0.50727; .NET CLR 3.5.30729; .NET CLR 3.0.30729; Media Center PC 6.0; InfoPath.3; .NET4.0C; MS-RTC LM 8; .NET4.0E)" 22502
192.168.12.69 - - [17/Feb/2013:07:06:05 +0600] "GET /pause/ajaxPause?pauseConfigId=&admin=0 HTTP/1.1" 200 986 "http://callider/pause/index" "Mozilla/4.0 (compatible; MSIE 7.0; Windows NT 6.1; Trident/5.0; SLCC2; .NET CLR 2.0.50727; .NET CLR 3.5.30729; .NET CLR 3.0.30729; Media Center PC 6.0; InfoPath.3; .NET4.0C; .NET4.0E; Tablet PC 2.0; AskTbFXTV5/5.14.1.20007)" 21695
192.168.12.61 - - [17/Feb/2013:07:06:05 +0600] "GET /tv/useUser HTTP/1.1" 200 431 "http://callider/pause/index" "Mozilla/4.0 (compatible; MSIE 7.0; Windows NT 6.1; Trident/5.0; SLCC2; .NET CLR 2.0.50727; .NET CLR 3.5.30729; .NET CLR 3.0.30729; Media Center PC 6.0; InfoPath.3; .NET4.0C; .NET4.0E)" 9316
192.168.74.91 - - [17/Feb/2013:07:06:05 +0600] "GET /pause/ajaxPause?pauseConfigId=&admin=0 HTTP/1.1" 200 986 "http://callider/pause/index" "Mozilla/4.0 (compatible; MSIE 7.0; Windows NT 6.1; WOW64; Trident/5.0; SLCC2; .NET CLR 2.0.50727; .NET CLR 3.5.30729; .NET CLR 3.0.30729; Media Center PC 6.0; InfoPath.3; .NET4.0C; MS-RTC LM 8; .NET4.0E)" 30089
192.168.74.151 - - [17/Feb/2013:07:06:05 +0600] "GET /pause/ajaxPause?pauseConfigId=&admin=0 HTTP/1.1" 200 987 "http://callider.kontur/pause/index" "Mozilla/5.0 (Windows NT 6.1; WOW64; rv:18.0) Gecko/20100101 Firefox/18.0" 22910
192.168.12.210 - - [17/Feb/2013:07:06:05 +0600] "GET /pause/ajaxPause?pauseConfigId=all&admin=1 HTTP/1.1" 200 1047 "http://callider/pause/index" "Mozilla/4.0 (compatible; MSIE 7.0; Windows NT 6.1; WOW64; Trident/5.0; SLCC2; .NET CLR 2.0.50727; .NET CLR 3.5.30729; .NET CLR 3.0.30729; Media Center PC 6.0; InfoPath.3; .NET4.0C; .NET4.0E)" 24765
192.168.12.60 - - [17/Feb/2013:07:06:05 +0600] "GET /pause/ajaxPause?pauseConfigId=&admin=0 HTTP/1.1" 200 986 "http://callider/pause/index" "Mozilla/4.0 (compatible; MSIE 8.0; Windows NT 6.1; Trident/4.0; InfoPath.3; .NET4.0C; MS-RTC LM 8; .NET4.0E)" 20060
192.168.12.204 - - [17/Feb/2013:07:06:06 +0600] "GET /pause/ajaxPause?pauseConfigId=&admin=0 HTTP/1.1" 200 986 "http://callider/pause/index" "Mozilla/4.0 (compatible; MSIE 7.0; Windows NT 6.1; WOW64; Trident/4.0; SLCC2; .NET CLR 2.0.50727; .NET CLR 3.5.30729; .NET CLR 3.0.30729; Media Center PC 6.0; InfoPath.3; .NET4.0C; .NET4.0E; .NET CLR 1.1.4322)" 20854
192.168.65.56 - - [17/Feb/2013:07:06:06 +0600] "GET /pause/ajaxPause?pauseConfigId=all&admin=1 HTTP/1.1" 200 1046 "http://192.168.65.101/pause/index" "Mozilla/5.0 (Windows NT 5.1; rv:15.0) Gecko/20100101 Firefox/15.0" 40279
192.168.12.61 - - [17/Feb/2013:07:06:09 +0600] "GET /pause/ajaxPause?pauseConfigId=&admin=0 HTTP/1.1" 200 985 "http://callider/pause/index" "Mozilla/4.0 (compatible; MSIE 7.0; Windows NT 6.1; Trident/5.0; SLCC2; .NET CLR 2.0.50727; .NET CLR 3.5.30729; .NET CLR 3.0.30729; Media Center PC 6.0; InfoPath.3; .NET4.0C; .NET4.0E)" 22445
192.168.74.78 - - [17/Feb/2013:07:06:09 +0600] "GET /pause/ajaxPause?pauseConfigId=&admin=0 HTTP/1.1" 200 986 "http://callider/pause/index" "Mozilla/4.0 (compatible; MSIE 7.0; Windows NT 6.1; WOW64; Trident/5.0; SLCC2; .NET CLR 2.0.50727; .NET CLR 3.5.30729; .NET CLR 3.0.30729; Media Center PC 6.0; InfoPath.3; .NET4.0C; MS-RTC LM 8; .NET4.0E)" 22615
192.168.12.69 - - [17/Feb/2013:07:06:10 +0600] "GET /pause/ajaxPause?pauseConfigId=&admin=0 HTTP/1.1" 200 986 "http://callider/pause/index" "Mozilla/4.0 (compatible; MSIE 7.0; Windows NT 6.1; Trident/5.0; SLCC2; .NET CLR 2.0.50727; .NET CLR 3.5.30729; .NET CLR 3.0.30729; Media Center PC 6.0; InfoPath.3; .NET4.0C; .NET4.0E; Tablet PC 2.0; AskTbFXTV5/5.14.1.20007)" 32194
192.168.74.91 - - [17/Feb/2013:07:06:10 +0600] "GET /pause/ajaxPause?pauseConfigId=&admin=0 HTTP/1.1" 200 986 "http://callider/pause/index" "Mozilla/4.0 (compatible; MSIE 7.0; Windows NT 6.1; WOW64; Trident/5.0; SLCC2; .NET CLR 2.0.50727; .NET CLR 3.5.30729; .NET CLR 3.0.30729; Media Center PC 6.0; InfoPath.3; .NET4.0C; MS-RTC LM 8; .NET4.0E)" 19325
192.168.74.151 - - [17/Feb/2013:07:06:10 +0600] "GET /pause/ajaxPause?pauseConfigId=&admin=0 HTTP/1.1" 200 987 "http://callider.kontur/pause/index" "Mozilla/5.0 (Windows NT 6.1; WOW64; rv:18.0) Gecko/20100101 Firefox/18.0" 180769
192.168.12.210 - - [17/Feb/2013:07:06:10 +0600] "GET /pause/ajaxPause?pauseConfigId=all&admin=1 HTTP/1.1" 200 1047 "http://callider/pause/index" "Mozilla/4.0 (compatible; MSIE 7.0; Windows NT 6.1; WOW64; Trident/5.0; SLCC2; .NET CLR 2.0.50727; .NET CLR 3.5.30729; .NET CLR 3.0.30729; Media Center PC 6.0; InfoPath.3; .NET4.0C; .NET4.0E)" 108000
192.168.12.60 - - [17/Feb/2013:07:06:10 +0600] "GET /pause/ajaxPause?pauseConfigId=&admin=0 HTTP/1.1" 200 986 "http://callider/pause/index" "Mozilla/4.0 (compatible; MSIE 8.0; Windows NT 6.1; Trident/4.0; InfoPath.3; .NET4.0C; MS-RTC LM 8; .NET4.0E)" 17916
192.168.12.204 - - [17/Feb/2013:07:06:11 +0600] "GET /pause/ajaxPause?pauseConfigId=&admin=0 HTTP/1.1" 200 986 "http://callider/pause/index" "Mozilla/4.0 (compatible; MSIE 7.0; Windows NT 6.1; WOW64; Trident/4.0; SLCC2; .NET CLR 2.0.50727; .NET CLR 3.5.30729; .NET CLR 3.0.30729; Media Center PC 6.0; InfoPath.3; .NET4.0C; .NET4.0E; .NET CLR 1.1.4322)" 21459
192.168.12.42 - - [17/Feb/2013:07:06:11 +0600] "GET /tv/useUser HTTP/1.1" 200 432 "http://callider/graph/personal" "Mozilla/4.0 (compatible; MSIE 7.0; Windows NT 6.1; WOW64; Trident/5.0; SLCC2; .NET CLR 2.0.50727; .NET CLR 3.5.30729; .NET CLR 3.0.30729; Media Center PC 6.0; InfoPath.3; .NET4.0C; .NET4.0E)" 19659
192.168.65.56 - - [17/Feb/2013:07:06:11 +0600] "GET /pause/ajaxPause?pauseConfigId=all&admin=1 HTTP/1.1" 200 1046 "http://192.168.65.101/pause/index" "Mozilla/5.0 (Windows NT 5.1; rv:15.0) Gecko/20100101 Firefox/15.0" 318269
192.168.74.151 - - [17/Feb/2013:07:06:13 +0600] "GET /tv/useUser HTTP/1.1" 200 431 "http://callider.kontur/graph/general" "Mozilla/5.0 (Windows NT 6.1; WOW64; rv:18.0) Gecko/20100101 Firefox/18.0" 11777
192.168.12.61 - - [17/Feb/2013:07:06:14 +0600] "GET /pause/ajaxPause?pauseConfigId=&admin=0 HTTP/1.1" 200 986 "http://callider/pause/index" "Mozilla/4.0 (compatible; MSIE 7.0; Windows NT 6.1; Trident/5.0; SLCC2; .NET CLR 2.0.50727; .NET CLR 3.5.30729; .NET CLR 3.0.30729; Media Center PC 6.0; InfoPath.3; .NET4.0C; .NET4.0E)" 32731
192.168.74.78 - - [17/Feb/2013:07:06:14 +0600] "GET /pause/ajaxPause?pauseConfigId=&admin=0 HTTP/1.1" 200 986 "http://callider/pause/index" "Mozilla/4.0 (compatible; MSIE 7.0; Windows NT 6.1; WOW64; Trident/5.0; SLCC2; .NET CLR 2.0.50727; .NET CLR 3.5.30729; .NET CLR 3.0.30729; Media Center PC 6.0; InfoPath.3; .NET4.0C; MS-RTC LM 8; .NET4.0E)" 111022
192.168.12.69 - - [17/Feb/2013:07:06:15 +0600] "GET /pause/ajaxPause?pauseConfigId=&admin=0 HTTP/1.1" 200 986 "http://callider/pause/index" "Mozilla/4.0 (compatible; MSIE 7.0; Windows NT 6.1; Trident/5.0; SLCC2; .NET CLR 2.0.50727; .NET CLR 3.5.30729; .NET CLR 3.0.30729; Media Center PC 6.0; InfoPath.3; .NET4.0C; .NET4.0E; Tablet PC 2.0; AskTbFXTV5/5.14.1.20007)" 21737
192.168.74.91 - - [17/Feb/2013:07:06:15 +0600] "GET /pause/ajaxPause?pauseConfigId=&admin=0 HTTP/1.1" 200 986 "http://callider/pause/index" "Mozilla/4.0 (compatible; MSIE 7.0; Windows NT 6.1; WOW64; Trident/5.0; SLCC2; .NET CLR 2.0.50727; .NET CLR 3.5.30729; .NET CLR 3.0.30729; Media Center PC 6.0; InfoPath.3; .NET4.0C; MS-RTC LM 8; .NET4.0E)" 24101
192.168.74.151 - - [17/Feb/2013:07:06:15 +0600] "GET /pause/ajaxPause?pauseConfigId=&admin=0 HTTP/1.1" 200 987 "http://callider.kontur/pause/index" "Mozilla/5.0 (Windows NT 6.1; WOW64; rv:18.0) Gecko/20100101 Firefox/18.0" 27944
192.168.74.151 - - [17/Feb/2013:07:06:15 +0600] "GET /tv/useUser HTTP/1.1" 200 432 "http://callider.kontur/pause/index" "Mozilla/5.0 (Windows NT 6.1; WOW64; rv:18.0) Gecko/20100101 Firefox/18.0" 19211
192.168.12.210 - - [17/Feb/2013:07:06:15 +0600] "GET /pause/ajaxPause?pauseConfigId=all&admin=1 HTTP/1.1" 200 1047 "http://callider/pause/index" "Mozilla/4.0 (compatible; MSIE 7.0; Windows NT 6.1; WOW64; Trident/5.0; SLCC2; .NET CLR 2.0.50727; .NET CLR 3.5.30729; .NET CLR 3.0.30729; Media Center PC 6.0; InfoPath.3; .NET4.0C; .NET4.0E)" 25419
192.168.12.60 - - [17/Feb/2013:07:06:15 +0600] "GET /pause/ajaxPause?pauseConfigId=&admin=0 HTTP/1.1" 200 986 "http://callider/pause/index" "Mozilla/4.0 (compatible; MSIE 8.0; Windows NT 6.1; Trident/4.0; InfoPath.3; .NET4.0C; MS-RTC LM 8; .NET4.0E)" 19253
192.168.12.204 - - [17/Feb/2013:07:06:16 +0600] "GET /pause/ajaxPause?pauseConfigId=&admin=0 HTTP/1.1" 200 986 "http://callider/pause/index" "Mozilla/4.0 (compatible; MSIE 7.0; Windows NT 6.1; WOW64; Trident/4.0; SLCC2; .NET CLR 2.0.50727; .NET CLR 3.5.30729; .NET CLR 3.0.30729; Media Center PC 6.0; InfoPath.3; .NET4.0C; .NET4.0E; .NET CLR 1.1.4322)" 76725
192.168.65.56 - - [17/Feb/2013:07:06:16 +0600] "GET /pause/ajaxPause?pauseConfigId=all&admin=1 HTTP/1.1" 200 1046 "http://192.168.65.101/pause/index" "Mozilla/5.0 (Windows NT 5.1; rv:15.0) Gecko/20100101 Firefox/15.0" 32655
192.168.12.61 - - [17/Feb/2013:07:06:19 +0600] "GET /pause/ajaxPause?pauseConfigId=&admin=0 HTTP/1.1" 200 985 "http://callider/pause/index" "Mozilla/4.0 (compatible; MSIE 7.0; Windows NT 6.1; Trident/5.0; SLCC2; .NET CLR 2.0.50727; .NET CLR 3.5.30729; .NET CLR 3.0.30729; Media Center PC 6.0; InfoPath.3; .NET4.0C; .NET4.0E)" 32546
192.168.74.78 - - [17/Feb/2013:07:06:19 +0600] "GET /pause/ajaxPause?pauseConfigId=&admin=0 HTTP/1.1" 200 986 "http://callider/pause/index" "Mozilla/4.0 (compatible; MSIE 7.0; Windows NT 6.1; WOW64; Trident/5.0; SLCC2; .NET CLR 2.0.50727; .NET CLR 3.5.30729; .NET CLR 3.0.30729; Media Center PC 6.0; InfoPath.3; .NET4.0C; MS-RTC LM 8; .NET4.0E)" 23245
192.168.12.10 - - [17/Feb/2013:07:06:19 +0600] "GET /tv/useUser HTTP/1.1" 200 432 "http://callider/graph/personal" "Mozilla/4.0 (compatible; MSIE 7.0; Windows NT 6.1; Trident/5.0; SLCC2; .NET CLR 2.0.50727; .NET CLR 3.5.30729; .NET CLR 3.0.30729; Media Center PC 6.0; InfoPath.3; .NET4.0C; .NET4.0E; Tablet PC 2.0; MS-RTC LM 8)" 20630
192.168.12.108 - - [17/Feb/2013:07:06:19 +0600] "GET /tv/useUser HTTP/1.1" 200 432 "http://callider/index.php" "Mozilla/4.0 (compatible; MSIE 7.0; Windows NT 6.2; WOW64; Trident/6.0; .NET4.0E; .NET4.0C; InfoPath.3; .NET CLR 3.5.30729; .NET CLR 2.0.50727; .NET CLR 3.0.30729)" 18856
192.168.12.69 - - [17/Feb/2013:07:06:20 +0600] "GET /pause/ajaxPause?pauseConfigId=&admin=0 HTTP/1.1" 200 986 "http://callider/pause/index" "Mozilla/4.0 (compatible; MSIE 7.0; Windows NT 6.1; Trident/5.0; SLCC2; .NET CLR 2.0.50727; .NET CLR 3.5.30729; .NET CLR 3.0.30729; Media Center PC 6.0; InfoPath.3; .NET4.0C; .NET4.0E; Tablet PC 2.0; AskTbFXTV5/5.14.1.20007)" 28210
192.168.74.91 - - [17/Feb/2013:07:06:20 +0600] "GET /pause/ajaxPause?pauseConfigId=&admin=0 HTTP/1.1" 200 986 "http://callider/pause/index" "Mozilla/4.0 (compatible; MSIE 7.0; Windows NT 6.1; WOW64; Trident/5.0; SLCC2; .NET CLR 2.0.50727; .NET CLR 3.5.30729; .NET CLR 3.0.30729; Media Center PC 6.0; InfoPath.3; .NET4.0C; MS-RTC LM 8; .NET4.0E)" 22168
192.168.74.151 - - [17/Feb/2013:07:06:20 +0600] "GET /pause/ajaxPause?pauseConfigId=&admin=0 HTTP/1.1" 200 987 "http://callider.kontur/pause/index" "Mozilla/5.0 (Windows NT 6.1; WOW64; rv:18.0) Gecko/20100101 Firefox/18.0" 23450
192.168.12.210 - - [17/Feb/2013:07:06:20 +0600] "GET /pause/ajaxPause?pauseConfigId=all&admin=1 HTTP/1.1" 200 1047 "http://callider/pause/index" "Mozilla/4.0 (compatible; MSIE 7.0; Windows NT 6.1; WOW64; Trident/5.0; SLCC2; .NET CLR 2.0.50727; .NET CLR 3.5.30729; .NET CLR 3.0.30729; Media Center PC 6.0; InfoPath.3; .NET4.0C; .NET4.0E)" 30224
192.168.12.60 - - [17/Feb/2013:07:06:20 +0600] "GET /pause/ajaxPause?pauseConfigId=&admin=0 HTTP/1.1" 200 986 "http://callider/pause/index" "Mozilla/4.0 (compatible; MSIE 8.0; Windows NT 6.1; Trident/4.0; InfoPath.3; .NET4.0C; MS-RTC LM 8; .NET4.0E)" 22181
192.168.12.204 - - [17/Feb/2013:07:06:21 +0600] "GET /pause/ajaxPause?pauseConfigId=&admin=0 HTTP/1.1" 200 986 "http://callider/pause/index" "Mozilla/4.0 (compatible; MSIE 7.0; Windows NT 6.1; WOW64; Trident/4.0; SLCC2; .NET CLR 2.0.50727; .NET CLR 3.5.30729; .NET CLR 3.0.30729; Media Center PC 6.0; InfoPath.3; .NET4.0C; .NET4.0E; .NET CLR 1.1.4322)" 23176
192.168.65.56 - - [17/Feb/2013:07:06:21 +0600] "GET /pause/ajaxPause?pauseConfigId=all&admin=1 HTTP/1.1" 200 1046 "http://192.168.65.101/pause/index" "Mozilla/5.0 (Windows NT 5.1; rv:15.0) Gecko/20100101 Firefox/15.0" 35897
192.168.12.61 - - [17/Feb/2013:07:06:24 +0600] "GET /pause/ajaxPause?pauseConfigId=&admin=0 HTTP/1.1" 200 985 "http://callider/pause/index" "Mozilla/4.0 (compatible; MSIE 7.0; Windows NT 6.1; Trident/5.0; SLCC2; .NET CLR 2.0.50727; .NET CLR 3.5.30729; .NET CLR 3.0.30729; Media Center PC 6.0; InfoPath.3; .NET4.0C; .NET4.0E)" 23268
192.168.74.78 - - [17/Feb/2013:07:06:24 +0600] "GET /pause/ajaxPause?pauseConfigId=&admin=0 HTTP/1.1" 200 986 "http://callider/pause/index" "Mozilla/4.0 (compatible; MSIE 7.0; Windows NT 6.1; WOW64; Trident/5.0; SLCC2; .NET CLR 2.0.50727; .NET CLR 3.5.30729; .NET CLR 3.0.30729; Media Center PC 6.0; InfoPath.3; .NET4.0C; MS-RTC LM 8; .NET4.0E)" 23442
192.168.12.69 - - [17/Feb/2013:07:06:25 +0600] "GET /pause/ajaxPause?pauseConfigId=&admin=0 HTTP/1.1" 200 986 "http://callider/pause/index" "Mozilla/4.0 (compatible; MSIE 7.0; Windows NT 6.1; Trident/5.0; SLCC2; .NET CLR 2.0.50727; .NET CLR 3.5.30729; .NET CLR 3.0.30729; Media Center PC 6.0; InfoPath.3; .NET4.0C; .NET4.0E; Tablet PC 2.0; AskTbFXTV5/5.14.1.20007)" 22787
192.168.74.91 - - [17/Feb/2013:07:06:25 +0600] "GET /pause/ajaxPause?pauseConfigId=&admin=0 HTTP/1.1" 200 986 "http://callider/pause/index" "Mozilla/4.0 (compatible; MSIE 7.0; Windows NT 6.1; WOW64; Trident/5.0; SLCC2; .NET CLR 2.0.50727; .NET CLR 3.5.30729; .NET CLR 3.0.30729; Media Center PC 6.0; InfoPath.3; .NET4.0C; MS-RTC LM 8; .NET4.0E)" 25059
192.168.74.151 - - [17/Feb/2013:07:06:25 +0600] "GET /pause/ajaxPause?pauseConfigId=&admin=0 HTTP/1.1" 200 987 "http://callider.kontur/pause/index" "Mozilla/5.0 (Windows NT 6.1; WOW64; rv:18.0) Gecko/20100101 Firefox/18.0" 20343
192.168.12.210 - - [17/Feb/2013:07:06:25 +0600] "GET /pause/ajaxPause?pauseConfigId=all&admin=1 HTTP/1.1" 200 1047 "http://callider/pause/index" "Mozilla/4.0 (compatible; MSIE 7.0; Windows NT 6.1; WOW64; Trident/5.0; SLCC2; .NET CLR 2.0.50727; .NET CLR 3.5.30729; .NET CLR 3.0.30729; Media Center PC 6.0; InfoPath.3; .NET4.0C; .NET4.0E)" 22886
192.168.12.60 - - [17/Feb/2013:07:06:25 +0600] "GET /pause/ajaxPause?pauseConfigId=&admin=0 HTTP/1.1" 200 986 "http://callider/pause/index" "Mozilla/4.0 (compatible; MSIE 8.0; Windows NT 6.1; Trident/4.0; InfoPath.3; .NET4.0C; MS-RTC LM 8; .NET4.0E)" 25872
192.168.12.204 - - [17/Feb/2013:07:06:26 +0600] "GET /pause/ajaxPause?pauseConfigId=&admin=0 HTTP/1.1" 200 986 "http://callider/pause/index" "Mozilla/4.0 (compatible; MSIE 7.0; Windows NT 6.1; WOW64; Trident/4.0; SLCC2; .NET CLR 2.0.50727; .NET CLR 3.5.30729; .NET CLR 3.0.30729; Media Center PC 6.0; InfoPath.3; .NET4.0C; .NET4.0E; .NET CLR 1.1.4322)" 29673
192.168.65.56 - - [17/Feb/2013:07:06:26 +0600] "GET /pause/ajaxPause?pauseConfigId=all&admin=1 HTTP/1.1" 200 1046 "http://192.168.65.101/pause/index" "Mozilla/5.0 (Windows NT 5.1; rv:15.0) Gecko/20100101 Firefox/15.0" 31837
192.168.12.61 - - [17/Feb/2013:07:06:29 +0600] "GET /pause/ajaxPause?pauseConfigId=&admin=0 HTTP/1.1" 200 985 "http://callider/pause/index" "Mozilla/4.0 (compatible; MSIE 7.0; Windows NT 6.1; Trident/5.0; SLCC2; .NET CLR 2.0.50727; .NET CLR 3.5.30729; .NET CLR 3.0.30729; Media Center PC 6.0; InfoPath.3; .NET4.0C; .NET4.0E)" 19545
192.168.74.78 - - [17/Feb/2013:07:06:29 +0600] "GET /pause/ajaxPause?pauseConfigId=&admin=0 HTTP/1.1" 200 986 "http://callider/pause/index" "Mozilla/4.0 (compatible; MSIE 7.0; Windows NT 6.1; WOW64; Trident/5.0; SLCC2; .NET CLR 2.0.50727; .NET CLR 3.5.30729; .NET CLR 3.0.30729; Media Center PC 6.0; InfoPath.3; .NET4.0C; MS-RTC LM 8; .NET4.0E)" 24252
192.168.12.69 - - [17/Feb/2013:07:06:30 +0600] "GET /pause/ajaxPause?pauseConfigId=&admin=0 HTTP/1.1" 200 986 "http://callider/pause/index" "Mozilla/4.0 (compatible; MSIE 7.0; Windows NT 6.1; Trident/5.0; SLCC2; .NET CLR 2.0.50727; .NET CLR 3.5.30729; .NET CLR 3.0.30729; Media Center PC 6.0; InfoPath.3; .NET4.0C; .NET4.0E; Tablet PC 2.0; AskTbFXTV5/5.14.1.20007)" 28224
192.168.74.91 - - [17/Feb/2013:07:06:30 +0600] "GET /pause/ajaxPause?pauseConfigId=&admin=0 HTTP/1.1" 200 986 "http://callider/pause/index" "Mozilla/4.0 (compatible; MSIE 7.0; Windows NT 6.1; WOW64; Trident/5.0; SLCC2; .NET CLR 2.0.50727; .NET CLR 3.5.30729; .NET CLR 3.0.30729; Media Center PC 6.0; InfoPath.3; .NET4.0C; MS-RTC LM 8; .NET4.0E)" 20185
192.168.74.151 - - [17/Feb/2013:07:06:30 +0600] "GET /pause/ajaxPause?pauseConfigId=&admin=0 HTTP/1.1" 200 987 "http://callider.kontur/pause/index" "Mozilla/5.0 (Windows NT 6.1; WOW64; rv:18.0) Gecko/20100101 Firefox/18.0" 23149
192.168.12.210 - - [17/Feb/2013:07:06:30 +0600] "GET /pause/ajaxPause?pauseConfigId=all&admin=1 HTTP/1.1" 200 1047 "http://callider/pause/index" "Mozilla/4.0 (compatible; MSIE 7.0; Windows NT 6.1; WOW64; Trident/5.0; SLCC2; .NET CLR 2.0.50727; .NET CLR 3.5.30729; .NET CLR 3.0.30729; Media Center PC 6.0; InfoPath.3; .NET4.0C; .NET4.0E)" 35317
192.168.12.60 - - [17/Feb/2013:07:06:30 +0600] "GET /pause/ajaxPause?pauseConfigId=&admin=0 HTTP/1.1" 200 986 "http://callider/pause/index" "Mozilla/4.0 (compatible; MSIE 8.0; Windows NT 6.1; Trident/4.0; InfoPath.3; .NET4.0C; MS-RTC LM 8; .NET4.0E)" 21421
192.168.12.204 - - [17/Feb/2013:07:06:31 +0600] "GET /pause/ajaxPause?pauseConfigId=&admin=0 HTTP/1.1" 200 986 "http://callider/pause/index" "Mozilla/4.0 (compatible; MSIE 7.0; Windows NT 6.1; WOW64; Trident/4.0; SLCC2; .NET CLR 2.0.50727; .NET CLR 3.5.30729; .NET CLR 3.0.30729; Media Center PC 6.0; InfoPath.3; .NET4.0C; .NET4.0E; .NET CLR 1.1.4322)" 23013
192.168.65.56 - - [17/Feb/2013:07:06:31 +0600] "GET /pause/ajaxPause?pauseConfigId=all&admin=1 HTTP/1.1" 200 1046 "http://192.168.65.101/pause/index" "Mozilla/5.0 (Windows NT 5.1; rv:15.0) Gecko/20100101 Firefox/15.0" 31811
192.168.12.61 - - [17/Feb/2013:07:06:34 +0600] "GET /pause/ajaxPause?pauseConfigId=&admin=0 HTTP/1.1" 200 985 "http://callider/pause/index" "Mozilla/4.0 (compatible; MSIE 7.0; Windows NT 6.1; Trident/5.0; SLCC2; .NET CLR 2.0.50727; .NET CLR 3.5.30729; .NET CLR 3.0.30729; Media Center PC 6.0; InfoPath.3; .NET4.0C; .NET4.0E)" 21980
192.168.74.78 - - [17/Feb/2013:07:06:34 +0600] "GET /pause/ajaxPause?pauseConfigId=&admin=0 HTTP/1.1" 200 986 "http://callider/pause/index" "Mozilla/4.0 (compatible; MSIE 7.0; Windows NT 6.1; WOW64; Trident/5.0; SLCC2; .NET CLR 2.0.50727; .NET CLR 3.5.30729; .NET CLR 3.0.30729; Media Center PC 6.0; InfoPath.3; .NET4.0C; MS-RTC LM 8; .NET4.0E)" 21805
192.168.12.67 - - [17/Feb/2013:07:06:34 +0600] "GET /tv/useUser HTTP/1.1" 200 432 "http://callider/graph/personal" "Mozilla/4.0 (compatible; MSIE 7.0; Windows NT 6.1; Trident/5.0; SLCC2; .NET CLR 2.0.50727; .NET CLR 3.5.30729; .NET CLR 3.0.30729; Media Center PC 6.0; .NET4.0C; .NET4.0E; InfoPath.3; Tablet PC 2.0; MS-RTC LM 8)" 24056
192.168.12.69 - - [17/Feb/2013:07:06:35 +0600] "GET /pause/ajaxPause?pauseConfigId=&admin=0 HTTP/1.1" 200 986 "http://callider/pause/index" "Mozilla/4.0 (compatible; MSIE 7.0; Windows NT 6.1; Trident/5.0; SLCC2; .NET CLR 2.0.50727; .NET CLR 3.5.30729; .NET CLR 3.0.30729; Media Center PC 6.0; InfoPath.3; .NET4.0C; .NET4.0E; Tablet PC 2.0; AskTbFXTV5/5.14.1.20007)" 28554
192.168.74.91 - - [17/Feb/2013:07:06:35 +0600] "GET /pause/ajaxPause?pauseConfigId=&admin=0 HTTP/1.1" 200 986 "http://callider/pause/index" "Mozilla/4.0 (compatible; MSIE 7.0; Windows NT 6.1; WOW64; Trident/5.0; SLCC2; .NET CLR 2.0.50727; .NET CLR 3.5.30729; .NET CLR 3.0.30729; Media Center PC 6.0; InfoPath.3; .NET4.0C; MS-RTC LM 8; .NET4.0E)" 94570
192.168.74.151 - - [17/Feb/2013:07:06:35 +0600] "GET /pause/ajaxPause?pauseConfigId=&admin=0 HTTP/1.1" 200 987 "http://callider.kontur/pause/index" "Mozilla/5.0 (Windows NT 6.1; WOW64; rv:18.0) Gecko/20100101 Firefox/18.0" 54461
192.168.12.210 - - [17/Feb/2013:07:06:35 +0600] "GET /pause/ajaxPause?pauseConfigId=all&admin=1 HTTP/1.1" 200 1047 "http://callider/pause/index" "Mozilla/4.0 (compatible; MSIE 7.0; Windows NT 6.1; WOW64; Trident/5.0; SLCC2; .NET CLR 2.0.50727; .NET CLR 3.5.30729; .NET CLR 3.0.30729; Media Center PC 6.0; InfoPath.3; .NET4.0C; .NET4.0E)" 25231
192.168.12.60 - - [17/Feb/2013:07:06:35 +0600] "GET /pause/ajaxPause?pauseConfigId=&admin=0 HTTP/1.1" 200 986 "http://callider/pause/index" "Mozilla/4.0 (compatible; MSIE 8.0; Windows NT 6.1; Trident/4.0; InfoPath.3; .NET4.0C; MS-RTC LM 8; .NET4.0E)" 44251
192.168.12.204 - - [17/Feb/2013:07:06:36 +0600] "GET /pause/ajaxPause?pauseConfigId=&admin=0 HTTP/1.1" 200 986 "http://callider/pause/index" "Mozilla/4.0 (compatible; MSIE 7.0; Windows NT 6.1; WOW64; Trident/4.0; SLCC2; .NET CLR 2.0.50727; .NET CLR 3.5.30729; .NET CLR 3.0.30729; Media Center PC 6.0; InfoPath.3; .NET4.0C; .NET4.0E; .NET CLR 1.1.4322)" 24509
192.168.65.56 - - [17/Feb/2013:07:06:36 +0600] "GET /pause/ajaxPause?pauseConfigId=all&admin=1 HTTP/1.1" 200 1046 "http://192.168.65.101/pause/index" "Mozilla/5.0 (Windows NT 5.1; rv:15.0) Gecko/20100101 Firefox/15.0" 39461
192.168.74.93 - - [17/Feb/2013:07:06:38 +0600] "GET /tv/useUser HTTP/1.1" 200 432 "http://callider/graph/personal" "Mozilla/4.0 (compatible; MSIE 7.0; Windows NT 6.1; WOW64; Trident/5.0; SLCC2; .NET CLR 2.0.50727; .NET CLR 3.5.30729; .NET CLR 3.0.30729; Media Center PC 6.0; InfoPath.3; .NET4.0C; .NET4.0E)" 17147
192.168.12.61 - - [17/Feb/2013:07:06:39 +0600] "GET /pause/ajaxPause?pauseConfigId=&admin=0 HTTP/1.1" 200 985 "http://callider/pause/index" "Mozilla/4.0 (compatible; MSIE 7.0; Windows NT 6.1; Trident/5.0; SLCC2; .NET CLR 2.0.50727; .NET CLR 3.5.30729; .NET CLR 3.0.30729; Media Center PC 6.0; InfoPath.3; .NET4.0C; .NET4.0E)" 23993
192.168.12.210 - - [17/Feb/2013:07:06:39 +0600] "GET /tv/useUser HTTP/1.1" 200 431 "http://callider/graph/general" "Mozilla/4.0 (compatible; MSIE 7.0; Windows NT 6.1; WOW64; Trident/5.0; SLCC2; .NET CLR 2.0.50727; .NET CLR 3.5.30729; .NET CLR 3.0.30729; Media Center PC 6.0; InfoPath.3; .NET4.0C; .NET4.0E)" 9425
192.168.74.78 - - [17/Feb/2013:07:06:39 +0600] "GET /pause/ajaxPause?pauseConfigId=&admin=0 HTTP/1.1" 200 986 "http://callider/pause/index" "Mozilla/4.0 (compatible; MSIE 7.0; Windows NT 6.1; WOW64; Trident/5.0; SLCC2; .NET CLR 2.0.50727; .NET CLR 3.5.30729; .NET CLR 3.0.30729; Media Center PC 6.0; InfoPath.3; .NET4.0C; MS-RTC LM 8; .NET4.0E)" 20760
192.168.12.69 - - [17/Feb/2013:07:06:40 +0600] "GET /pause/ajaxPause?pauseConfigId=&admin=0 HTTP/1.1" 200 986 "http://callider/pause/index" "Mozilla/4.0 (compatible; MSIE 7.0; Windows NT 6.1; Trident/5.0; SLCC2; .NET CLR 2.0.50727; .NET CLR 3.5.30729; .NET CLR 3.0.30729; Media Center PC 6.0; InfoPath.3; .NET4.0C; .NET4.0E; Tablet PC 2.0; AskTbFXTV5/5.14.1.20007)" 33976
192.168.74.91 - - [17/Feb/2013:07:06:40 +0600] "GET /pause/ajaxPause?pauseConfigId=&admin=0 HTTP/1.1" 200 986 "http://callider/pause/index" "Mozilla/4.0 (compatible; MSIE 7.0; Windows NT 6.1; WOW64; Trident/5.0; SLCC2; .NET CLR 2.0.50727; .NET CLR 3.5.30729; .NET CLR 3.0.30729; Media Center PC 6.0; InfoPath.3; .NET4.0C; MS-RTC LM 8; .NET4.0E)" 25550
192.168.74.151 - - [17/Feb/2013:07:06:40 +0600] "GET /pause/ajaxPause?pauseConfigId=&admin=0 HTTP/1.1" 200 987 "http://callider.kontur/pause/index" "Mozilla/5.0 (Windows NT 6.1; WOW64; rv:18.0) Gecko/20100101 Firefox/18.0" 21137
192.168.12.210 - - [17/Feb/2013:07:06:40 +0600] "GET /pause/ajaxPause?pauseConfigId=all&admin=1 HTTP/1.1" 200 1047 "http://callider/pause/index" "Mozilla/4.0 (compatible; MSIE 7.0; Windows NT 6.1; WOW64; Trident/5.0; SLCC2; .NET CLR 2.0.50727; .NET CLR 3.5.30729; .NET CLR 3.0.30729; Media Center PC 6.0; InfoPath.3; .NET4.0C; .NET4.0E)" 23371
192.168.12.60 - - [17/Feb/2013:07:06:40 +0600] "GET /pause/ajaxPause?pauseConfigId=&admin=0 HTTP/1.1" 200 986 "http://callider/pause/index" "Mozilla/4.0 (compatible; MSIE 8.0; Windows NT 6.1; Trident/4.0; InfoPath.3; .NET4.0C; MS-RTC LM 8; .NET4.0E)" 21764
192.168.12.9 - - [17/Feb/2013:07:06:41 +0600] "GET /tv/useUser HTTP/1.1" 200 432 "http://callider.kontur/site/index" "Mozilla/5.0 (Windows NT 6.1; WOW64) AppleWebKit/537.17 (KHTML, like Gecko) Chrome/24.0.1312.57 Safari/537.17" 25531
192.168.12.204 - - [17/Feb/2013:07:06:41 +0600] "GET /pause/ajaxPause?pauseConfigId=&admin=0 HTTP/1.1" 200 986 "http://callider/pause/index" "Mozilla/4.0 (compatible; MSIE 7.0; Windows NT 6.1; WOW64; Trident/4.0; SLCC2; .NET CLR 2.0.50727; .NET CLR 3.5.30729; .NET CLR 3.0.30729; Media Center PC 6.0; InfoPath.3; .NET4.0C; .NET4.0E; .NET CLR 1.1.4322)" 31034
192.168.65.56 - - [17/Feb/2013:07:06:41 +0600] "GET /pause/ajaxPause?pauseConfigId=all&admin=1 HTTP/1.1" 200 1046 "http://192.168.65.101/pause/index" "Mozilla/5.0 (Windows NT 5.1; rv:15.0) Gecko/20100101 Firefox/15.0" 34780
192.168.12.61 - - [17/Feb/2013:07:06:44 +0600] "GET /pause/ajaxPause?pauseConfigId=&admin=0 HTTP/1.1" 200 985 "http://callider/pause/index" "Mozilla/4.0 (compatible; MSIE 7.0; Windows NT 6.1; Trident/5.0; SLCC2; .NET CLR 2.0.50727; .NET CLR 3.5.30729; .NET CLR 3.0.30729; Media Center PC 6.0; InfoPath.3; .NET4.0C; .NET4.0E)" 20499
192.168.74.78 - - [17/Feb/2013:07:06:44 +0600] "GET /pause/ajaxPause?pauseConfigId=&admin=0 HTTP/1.1" 200 986 "http://callider/pause/index" "Mozilla/4.0 (compatible; MSIE 7.0; Windows NT 6.1; WOW64; Trident/5.0; SLCC2; .NET CLR 2.0.50727; .NET CLR 3.5.30729; .NET CLR 3.0.30729; Media Center PC 6.0; InfoPath.3; .NET4.0C; MS-RTC LM 8; .NET4.0E)" 18297
192.168.12.69 - - [17/Feb/2013:07:06:45 +0600] "GET /pause/ajaxPause?pauseConfigId=&admin=0 HTTP/1.1" 200 986 "http://callider/pause/index" "Mozilla/4.0 (compatible; MSIE 7.0; Windows NT 6.1; Trident/5.0; SLCC2; .NET CLR 2.0.50727; .NET CLR 3.5.30729; .NET CLR 3.0.30729; Media Center PC 6.0; InfoPath.3; .NET4.0C; .NET4.0E; Tablet PC 2.0; AskTbFXTV5/5.14.1.20007)" 27151
192.168.74.91 - - [17/Feb/2013:07:06:45 +0600] "GET /pause/ajaxPause?pauseConfigId=&admin=0 HTTP/1.1" 200 986 "http://callider/pause/index" "Mozilla/4.0 (compatible; MSIE 7.0; Windows NT 6.1; WOW64; Trident/5.0; SLCC2; .NET CLR 2.0.50727; .NET CLR 3.5.30729; .NET CLR 3.0.30729; Media Center PC 6.0; InfoPath.3; .NET4.0C; MS-RTC LM 8; .NET4.0E)" 21243
192.168.74.151 - - [17/Feb/2013:07:06:45 +0600] "GET /pause/ajaxPause?pauseConfigId=&admin=0 HTTP/1.1" 200 987 "http://callider.kontur/pause/index" "Mozilla/5.0 (Windows NT 6.1; WOW64; rv:18.0) Gecko/20100101 Firefox/18.0" 21372
192.168.12.210 - - [17/Feb/2013:07:06:45 +0600] "GET /pause/ajaxPause?pauseConfigId=all&admin=1 HTTP/1.1" 200 1047 "http://callider/pause/index" "Mozilla/4.0 (compatible; MSIE 7.0; Windows NT 6.1; WOW64; Trident/5.0; SLCC2; .NET CLR 2.0.50727; .NET CLR 3.5.30729; .NET CLR 3.0.30729; Media Center PC 6.0; InfoPath.3; .NET4.0C; .NET4.0E)" 29533
192.168.12.60 - - [17/Feb/2013:07:06:45 +0600] "GET /pause/ajaxPause?pauseConfigId=&admin=0 HTTP/1.1" 200 986 "http://callider/pause/index" "Mozilla/4.0 (compatible; MSIE 8.0; Windows NT 6.1; Trident/4.0; InfoPath.3; .NET4.0C; MS-RTC LM 8; .NET4.0E)" 17819
192.168.12.204 - - [17/Feb/2013:07:06:46 +0600] "GET /pause/ajaxPause?pauseConfigId=&admin=0 HTTP/1.1" 200 986 "http://callider/pause/index" "Mozilla/4.0 (compatible; MSIE 7.0; Windows NT 6.1; WOW64; Trident/4.0; SLCC2; .NET CLR 2.0.50727; .NET CLR 3.5.30729; .NET CLR 3.0.30729; Media Center PC 6.0; InfoPath.3; .NET4.0C; .NET4.0E; .NET CLR 1.1.4322)" 30338
192.168.65.56 - - [17/Feb/2013:07:06:46 +0600] "GET /pause/ajaxPause?pauseConfigId=all&admin=1 HTTP/1.1" 200 1046 "http://192.168.65.101/pause/index" "Mozilla/5.0 (Windows NT 5.1; rv:15.0) Gecko/20100101 Firefox/15.0" 58032
192.168.12.210 - - [17/Feb/2013:07:06:49 +0600] "GET /tv/useUser HTTP/1.1" 200 431 "http://callider/pause/index" "Mozilla/4.0 (compatible; MSIE 7.0; Windows NT 6.1; WOW64; Trident/5.0; SLCC2; .NET CLR 2.0.50727; .NET CLR 3.5.30729; .NET CLR 3.0.30729; Media Center PC 6.0; InfoPath.3; .NET4.0C; .NET4.0E)" 11783
192.168.12.61 - - [17/Feb/2013:07:06:49 +0600] "GET /pause/ajaxPause?pauseConfigId=&admin=0 HTTP/1.1" 200 986 "http://callider/pause/index" "Mozilla/4.0 (compatible; MSIE 7.0; Windows NT 6.1; Trident/5.0; SLCC2; .NET CLR 2.0.50727; .NET CLR 3.5.30729; .NET CLR 3.0.30729; Media Center PC 6.0; InfoPath.3; .NET4.0C; .NET4.0E)" 32966
192.168.74.78 - - [17/Feb/2013:07:06:49 +0600] "GET /pause/ajaxPause?pauseConfigId=&admin=0 HTTP/1.1" 200 986 "http://callider/pause/index" "Mozilla/4.0 (compatible; MSIE 7.0; Windows NT 6.1; WOW64; Trident/5.0; SLCC2; .NET CLR 2.0.50727; .NET CLR 3.5.30729; .NET CLR 3.0.30729; Media Center PC 6.0; InfoPath.3; .NET4.0C; MS-RTC LM 8; .NET4.0E)" 23677
192.168.12.69 - - [17/Feb/2013:07:06:50 +0600] "GET /pause/ajaxPause?pauseConfigId=&admin=0 HTTP/1.1" 200 986 "http://callider/pause/index" "Mozilla/4.0 (compatible; MSIE 7.0; Windows NT 6.1; Trident/5.0; SLCC2; .NET CLR 2.0.50727; .NET CLR 3.5.30729; .NET CLR 3.0.30729; Media Center PC 6.0; InfoPath.3; .NET4.0C; .NET4.0E; Tablet PC 2.0; AskTbFXTV5/5.14.1.20007)" 23043
192.168.74.91 - - [17/Feb/2013:07:06:50 +0600] "GET /pause/ajaxPause?pauseConfigId=&admin=0 HTTP/1.1" 200 986 "http://callider/pause/index" "Mozilla/4.0 (compatible; MSIE 7.0; Windows NT 6.1; WOW64; Trident/5.0; SLCC2; .NET CLR 2.0.50727; .NET CLR 3.5.30729; .NET CLR 3.0.30729; Media Center PC 6.0; InfoPath.3; .NET4.0C; MS-RTC LM 8; .NET4.0E)" 32303
192.168.74.151 - - [17/Feb/2013:07:06:50 +0600] "GET /pause/ajaxPause?pauseConfigId=&admin=0 HTTP/1.1" 200 987 "http://callider.kontur/pause/index" "Mozilla/5.0 (Windows NT 6.1; WOW64; rv:18.0) Gecko/20100101 Firefox/18.0" 19460
192.168.12.210 - - [17/Feb/2013:07:06:50 +0600] "GET /pause/ajaxPause?pauseConfigId=all&admin=1 HTTP/1.1" 200 1047 "http://callider/pause/index" "Mozilla/4.0 (compatible; MSIE 7.0; Windows NT 6.1; WOW64; Trident/5.0; SLCC2; .NET CLR 2.0.50727; .NET CLR 3.5.30729; .NET CLR 3.0.30729; Media Center PC 6.0; InfoPath.3; .NET4.0C; .NET4.0E)" 21786
192.168.12.60 - - [17/Feb/2013:07:06:50 +0600] "GET /pause/ajaxPause?pauseConfigId=&admin=0 HTTP/1.1" 200 986 "http://callider/pause/index" "Mozilla/4.0 (compatible; MSIE 8.0; Windows NT 6.1; Trident/4.0; InfoPath.3; .NET4.0C; MS-RTC LM 8; .NET4.0E)" 23414
192.168.12.204 - - [17/Feb/2013:07:06:51 +0600] "GET /pause/ajaxPause?pauseConfigId=&admin=0 HTTP/1.1" 200 986 "http://callider/pause/index" "Mozilla/4.0 (compatible; MSIE 7.0; Windows NT 6.1; WOW64; Trident/4.0; SLCC2; .NET CLR 2.0.50727; .NET CLR 3.5.30729; .NET CLR 3.0.30729; Media Center PC 6.0; InfoPath.3; .NET4.0C; .NET4.0E; .NET CLR 1.1.4322)" 30910
192.168.65.56 - - [17/Feb/2013:07:06:51 +0600] "GET /pause/ajaxPause?pauseConfigId=all&admin=1 HTTP/1.1" 200 1046 "http://192.168.65.101/pause/index" "Mozilla/5.0 (Windows NT 5.1; rv:15.0) Gecko/20100101 Firefox/15.0" 35080
192.168.65.56 - - [17/Feb/2013:07:06:51 +0600] "GET /tv/useUser HTTP/1.1" 200 431 "http://192.168.65.101/pause/index" "Mozilla/5.0 (Windows NT 5.1; rv:15.0) Gecko/20100101 Firefox/15.0" 14542
192.168.12.61 - - [17/Feb/2013:07:06:54 +0600] "GET /pause/ajaxPause?pauseConfigId=&admin=0 HTTP/1.1" 200 985 "http://callider/pause/index" "Mozilla/4.0 (compatible; MSIE 7.0; Windows NT 6.1; Trident/5.0; SLCC2; .NET CLR 2.0.50727; .NET CLR 3.5.30729; .NET CLR 3.0.30729; Media Center PC 6.0; InfoPath.3; .NET4.0C; .NET4.0E)" 21453
192.168.74.78 - - [17/Feb/2013:07:06:54 +0600] "GET /pause/ajaxPause?pauseConfigId=&admin=0 HTTP/1.1" 200 986 "http://callider/pause/index" "Mozilla/4.0 (compatible; MSIE 7.0; Windows NT 6.1; WOW64; Trident/5.0; SLCC2; .NET CLR 2.0.50727; .NET CLR 3.5.30729; .NET CLR 3.0.30729; Media Center PC 6.0; InfoPath.3; .NET4.0C; MS-RTC LM 8; .NET4.0E)" 25861
192.168.12.69 - - [17/Feb/2013:07:06:55 +0600] "GET /pause/ajaxPause?pauseConfigId=&admin=0 HTTP/1.1" 200 986 "http://callider/pause/index" "Mozilla/4.0 (compatible; MSIE 7.0; Windows NT 6.1; Trident/5.0; SLCC2; .NET CLR 2.0.50727; .NET CLR 3.5.30729; .NET CLR 3.0.30729; Media Center PC 6.0; InfoPath.3; .NET4.0C; .NET4.0E; Tablet PC 2.0; AskTbFXTV5/5.14.1.20007)" 24160
192.168.74.91 - - [17/Feb/2013:07:06:55 +0600] "GET /pause/ajaxPause?pauseConfigId=&admin=0 HTTP/1.1" 200 986 "http://callider/pause/index" "Mozilla/4.0 (compatible; MSIE 7.0; Windows NT 6.1; WOW64; Trident/5.0; SLCC2; .NET CLR 2.0.50727; .NET CLR 3.5.30729; .NET CLR 3.0.30729; Media Center PC 6.0; InfoPath.3; .NET4.0C; MS-RTC LM 8; .NET4.0E)" 18320
192.168.74.151 - - [17/Feb/2013:07:06:55 +0600] "GET /pause/ajaxPause?pauseConfigId=&admin=0 HTTP/1.1" 200 987 "http://callider.kontur/pause/index" "Mozilla/5.0 (Windows NT 6.1; WOW64; rv:18.0) Gecko/20100101 Firefox/18.0" 20958
192.168.12.210 - - [17/Feb/2013:07:06:55 +0600] "GET /pause/ajaxPause?pauseConfigId=all&admin=1 HTTP/1.1" 200 1047 "http://callider/pause/index" "Mozilla/4.0 (compatible; MSIE 7.0; Windows NT 6.1; WOW64; Trident/5.0; SLCC2; .NET CLR 2.0.50727; .NET CLR 3.5.30729; .NET CLR 3.0.30729; Media Center PC 6.0; InfoPath.3; .NET4.0C; .NET4.0E)" 21011
192.168.12.60 - - [17/Feb/2013:07:06:55 +0600] "GET /pause/ajaxPause?pauseConfigId=&admin=0 HTTP/1.1" 200 986 "http://callider/pause/index" "Mozilla/4.0 (compatible; MSIE 8.0; Windows NT 6.1; Trident/4.0; InfoPath.3; .NET4.0C; MS-RTC LM 8; .NET4.0E)" 16395
192.168.12.204 - - [17/Feb/2013:07:06:56 +0600] "GET /pause/ajaxPause?pauseConfigId=&admin=0 HTTP/1.1" 200 986 "http://callider/pause/index" "Mozilla/4.0 (compatible; MSIE 7.0; Windows NT 6.1; WOW64; Trident/4.0; SLCC2; .NET CLR 2.0.50727; .NET CLR 3.5.30729; .NET CLR 3.0.30729; Media Center PC 6.0; InfoPath.3; .NET4.0C; .NET4.0E; .NET CLR 1.1.4322)" 19580
192.168.65.56 - - [17/Feb/2013:07:06:56 +0600] "GET /pause/ajaxPause?pauseConfigId=all&admin=1 HTTP/1.1" 200 1046 "http://192.168.65.101/pause/index" "Mozilla/5.0 (Windows NT 5.1; rv:15.0) Gecko/20100101 Firefox/15.0" 30687
192.168.12.61 - - [17/Feb/2013:07:06:59 +0600] "GET /pause/ajaxPause?pauseConfigId=&admin=0 HTTP/1.1" 200 985 "http://callider/pause/index" "Mozilla/4.0 (compatible; MSIE 7.0; Windows NT 6.1; Trident/5.0; SLCC2; .NET CLR 2.0.50727; .NET CLR 3.5.30729; .NET CLR 3.0.30729; Media Center PC 6.0; InfoPath.3; .NET4.0C; .NET4.0E)" 17725
192.168.74.78 - - [17/Feb/2013:07:06:59 +0600] "GET /pause/ajaxPause?pauseConfigId=&admin=0 HTTP/1.1" 200 986 "http://callider/pause/index" "Mozilla/4.0 (compatible; MSIE 7.0; Windows NT 6.1; WOW64; Trident/5.0; SLCC2; .NET CLR 2.0.50727; .NET CLR 3.5.30729; .NET CLR 3.0.30729; Media Center PC 6.0; InfoPath.3; .NET4.0C; MS-RTC LM 8; .NET4.0E)" 22387
192.168.12.69 - - [17/Feb/2013:07:07:00 +0600] "GET /pause/ajaxPause?pauseConfigId=&admin=0 HTTP/1.1" 200 986 "http://callider/pause/index" "Mozilla/4.0 (compatible; MSIE 7.0; Windows NT 6.1; Trident/5.0; SLCC2; .NET CLR 2.0.50727; .NET CLR 3.5.30729; .NET CLR 3.0.30729; Media Center PC 6.0; InfoPath.3; .NET4.0C; .NET4.0E; Tablet PC 2.0; AskTbFXTV5/5.14.1.20007)" 21112
192.168.74.91 - - [17/Feb/2013:07:07:00 +0600] "GET /pause/ajaxPause?pauseConfigId=&admin=0 HTTP/1.1" 200 986 "http://callider/pause/index" "Mozilla/4.0 (compatible; MSIE 7.0; Windows NT 6.1; WOW64; Trident/5.0; SLCC2; .NET CLR 2.0.50727; .NET CLR 3.5.30729; .NET CLR 3.0.30729; Media Center PC 6.0; InfoPath.3; .NET4.0C; MS-RTC LM 8; .NET4.0E)" 18123
192.168.74.151 - - [17/Feb/2013:07:07:00 +0600] "GET /pause/ajaxPause?pauseConfigId=&admin=0 HTTP/1.1" 200 987 "http://callider.kontur/pause/index" "Mozilla/5.0 (Windows NT 6.1; WOW64; rv:18.0) Gecko/20100101 Firefox/18.0" 19991
192.168.12.210 - - [17/Feb/2013:07:07:00 +0600] "GET /pause/ajaxPause?pauseConfigId=all&admin=1 HTTP/1.1" 200 1047 "http://callider/pause/index" "Mozilla/4.0 (compatible; MSIE 7.0; Windows NT 6.1; WOW64; Trident/5.0; SLCC2; .NET CLR 2.0.50727; .NET CLR 3.5.30729; .NET CLR 3.0.30729; Media Center PC 6.0; InfoPath.3; .NET4.0C; .NET4.0E)" 20341
192.168.12.60 - - [17/Feb/2013:07:07:00 +0600] "GET /pause/ajaxPause?pauseConfigId=&admin=0 HTTP/1.1" 200 986 "http://callider/pause/index" "Mozilla/4.0 (compatible; MSIE 8.0; Windows NT 6.1; Trident/4.0; InfoPath.3; .NET4.0C; MS-RTC LM 8; .NET4.0E)" 15455
192.168.64.119 - - [17/Feb/2013:07:07:01 +0600] "HEAD / HTTP/1.0" 302 435 "-" "WhatsUp/1.0" 18854
192.168.12.204 - - [17/Feb/2013:07:07:01 +0600] "GET /pause/ajaxPause?pauseConfigId=&admin=0 HTTP/1.1" 200 986 "http://callider/pause/index" "Mozilla/4.0 (compatible; MSIE 7.0; Windows NT 6.1; WOW64; Trident/4.0; SLCC2; .NET CLR 2.0.50727; .NET CLR 3.5.30729; .NET CLR 3.0.30729; Media Center PC 6.0; InfoPath.3; .NET4.0C; .NET4.0E; .NET CLR 1.1.4322)" 20931
192.168.64.119 - - [17/Feb/2013:07:07:01 +0600] "GET / HTTP/1.1" 302 454 "-" "Mozilla/4.0 (compatible; MSIE 8.0; Windows NT 5.2; Trident/4.0)" 13242
192.168.64.119 - - [17/Feb/2013:07:07:01 +0600] "GET /site/login HTTP/1.1" 200 7423 "-" "Mozilla/4.0 (compatible; MSIE 8.0; Windows NT 5.2; Trident/4.0)" 23180
192.168.65.56 - - [17/Feb/2013:07:07:01 +0600] "GET /pause/ajaxPause?pauseConfigId=all&admin=1 HTTP/1.1" 200 1046 "http://192.168.65.101/pause/index" "Mozilla/5.0 (Windows NT 5.1; rv:15.0) Gecko/20100101 Firefox/15.0" 36703
192.168.12.61 - - [17/Feb/2013:07:07:04 +0600] "GET /pause/ajaxPause?pauseConfigId=&admin=0 HTTP/1.1" 200 985 "http://callider/pause/index" "Mozilla/4.0 (compatible; MSIE 7.0; Windows NT 6.1; Trident/5.0; SLCC2; .NET CLR 2.0.50727; .NET CLR 3.5.30729; .NET CLR 3.0.30729; Media Center PC 6.0; InfoPath.3; .NET4.0C; .NET4.0E)" 21252
192.168.74.78 - - [17/Feb/2013:07:07:04 +0600] "GET /pause/ajaxPause?pauseConfigId=&admin=0 HTTP/1.1" 200 986 "http://callider/pause/index" "Mozilla/4.0 (compatible; MSIE 7.0; Windows NT 6.1; WOW64; Trident/5.0; SLCC2; .NET CLR 2.0.50727; .NET CLR 3.5.30729; .NET CLR 3.0.30729; Media Center PC 6.0; InfoPath.3; .NET4.0C; MS-RTC LM 8; .NET4.0E)" 20901
192.168.12.69 - - [17/Feb/2013:07:07:05 +0600] "GET /pause/ajaxPause?pauseConfigId=&admin=0 HTTP/1.1" 200 986 "http://callider/pause/index" "Mozilla/4.0 (compatible; MSIE 7.0; Windows NT 6.1; Trident/5.0; SLCC2; .NET CLR 2.0.50727; .NET CLR 3.5.30729; .NET CLR 3.0.30729; Media Center PC 6.0; InfoPath.3; .NET4.0C; .NET4.0E; Tablet PC 2.0; AskTbFXTV5/5.14.1.20007)" 19334
192.168.12.61 - - [17/Feb/2013:07:07:05 +0600] "GET /tv/useUser HTTP/1.1" 200 431 "http://callider/pause/index" "Mozilla/4.0 (compatible; MSIE 7.0; Windows NT 6.1; Trident/5.0; SLCC2; .NET CLR 2.0.50727; .NET CLR 3.5.30729; .NET CLR 3.0.30729; Media Center PC 6.0; InfoPath.3; .NET4.0C; .NET4.0E)" 14088
192.168.74.91 - - [17/Feb/2013:07:07:05 +0600] "GET /pause/ajaxPause?pauseConfigId=&admin=0 HTTP/1.1" 200 986 "http://callider/pause/index" "Mozilla/4.0 (compatible; MSIE 7.0; Windows NT 6.1; WOW64; Trident/5.0; SLCC2; .NET CLR 2.0.50727; .NET CLR 3.5.30729; .NET CLR 3.0.30729; Media Center PC 6.0; InfoPath.3; .NET4.0C; MS-RTC LM 8; .NET4.0E)" 19234
192.168.74.151 - - [17/Feb/2013:07:07:05 +0600] "GET /pause/ajaxPause?pauseConfigId=&admin=0 HTTP/1.1" 200 987 "http://callider.kontur/pause/index" "Mozilla/5.0 (Windows NT 6.1; WOW64; rv:18.0) Gecko/20100101 Firefox/18.0" 20531
192.168.12.210 - - [17/Feb/2013:07:07:05 +0600] "GET /pause/ajaxPause?pauseConfigId=all&admin=1 HTTP/1.1" 200 1047 "http://callider/pause/index" "Mozilla/4.0 (compatible; MSIE 7.0; Windows NT 6.1; WOW64; Trident/5.0; SLCC2; .NET CLR 2.0.50727; .NET CLR 3.5.30729; .NET CLR 3.0.30729; Media Center PC 6.0; InfoPath.3; .NET4.0C; .NET4.0E)" 21871
192.168.12.60 - - [17/Feb/2013:07:07:05 +0600] "GET /pause/ajaxPause?pauseConfigId=&admin=0 HTTP/1.1" 200 986 "http://callider/pause/index" "Mozilla/4.0 (compatible; MSIE 8.0; Windows NT 6.1; Trident/4.0; InfoPath.3; .NET4.0C; MS-RTC LM 8; .NET4.0E)" 21670
192.168.12.204 - - [17/Feb/2013:07:07:06 +0600] "GET /pause/ajaxPause?pauseConfigId=&admin=0 HTTP/1.1" 200 986 "http://callider/pause/index" "Mozilla/4.0 (compatible; MSIE 7.0; Windows NT 6.1; WOW64; Trident/4.0; SLCC2; .NET CLR 2.0.50727; .NET CLR 3.5.30729; .NET CLR 3.0.30729; Media Center PC 6.0; InfoPath.3; .NET4.0C; .NET4.0E; .NET CLR 1.1.4322)" 25135
192.168.65.56 - - [17/Feb/2013:07:07:06 +0600] "GET /pause/ajaxPause?pauseConfigId=all&admin=1 HTTP/1.1" 200 1046 "http://192.168.65.101/pause/index" "Mozilla/5.0 (Windows NT 5.1; rv:15.0) Gecko/20100101 Firefox/15.0" 32830
192.168.12.61 - - [17/Feb/2013:07:07:09 +0600] "GET /pause/ajaxPause?pauseConfigId=&admin=0 HTTP/1.1" 200 985 "http://callider/pause/index" "Mozilla/4.0 (compatible; MSIE 7.0; Windows NT 6.1; Trident/5.0; SLCC2; .NET CLR 2.0.50727; .NET CLR 3.5.30729; .NET CLR 3.0.30729; Media Center PC 6.0; InfoPath.3; .NET4.0C; .NET4.0E)" 33262
192.168.74.78 - - [17/Feb/2013:07:07:09 +0600] "GET /pause/ajaxPause?pauseConfigId=&admin=0 HTTP/1.1" 200 986 "http://callider/pause/index" "Mozilla/4.0 (compatible; MSIE 7.0; Windows NT 6.1; WOW64; Trident/5.0; SLCC2; .NET CLR 2.0.50727; .NET CLR 3.5.30729; .NET CLR 3.0.30729; Media Center PC 6.0; InfoPath.3; .NET4.0C; MS-RTC LM 8; .NET4.0E)" 21500
192.168.12.69 - - [17/Feb/2013:07:07:10 +0600] "GET /pause/ajaxPause?pauseConfigId=&admin=0 HTTP/1.1" 200 986 "http://callider/pause/index" "Mozilla/4.0 (compatible; MSIE 7.0; Windows NT 6.1; Trident/5.0; SLCC2; .NET CLR 2.0.50727; .NET CLR 3.5.30729; .NET CLR 3.0.30729; Media Center PC 6.0; InfoPath.3; .NET4.0C; .NET4.0E; Tablet PC 2.0; AskTbFXTV5/5.14.1.20007)" 18927
192.168.74.91 - - [17/Feb/2013:07:07:10 +0600] "GET /pause/ajaxPause?pauseConfigId=&admin=0 HTTP/1.1" 200 986 "http://callider/pause/index" "Mozilla/4.0 (compatible; MSIE 7.0; Windows NT 6.1; WOW64; Trident/5.0; SLCC2; .NET CLR 2.0.50727; .NET CLR 3.5.30729; .NET CLR 3.0.30729; Media Center PC 6.0; InfoPath.3; .NET4.0C; MS-RTC LM 8; .NET4.0E)" 20109
192.168.74.151 - - [17/Feb/2013:07:07:10 +0600] "GET /pause/ajaxPause?pauseConfigId=&admin=0 HTTP/1.1" 200 987 "http://callider.kontur/pause/index" "Mozilla/5.0 (Windows NT 6.1; WOW64; rv:18.0) Gecko/20100101 Firefox/18.0" 17825
192.168.12.210 - - [17/Feb/2013:07:07:10 +0600] "GET /pause/ajaxPause?pauseConfigId=all&admin=1 HTTP/1.1" 200 1047 "http://callider/pause/index" "Mozilla/4.0 (compatible; MSIE 7.0; Windows NT 6.1; WOW64; Trident/5.0; SLCC2; .NET CLR 2.0.50727; .NET CLR 3.5.30729; .NET CLR 3.0.30729; Media Center PC 6.0; InfoPath.3; .NET4.0C; .NET4.0E)" 21942
192.168.12.60 - - [17/Feb/2013:07:07:10 +0600] "GET /pause/ajaxPause?pauseConfigId=&admin=0 HTTP/1.1" 200 986 "http://callider/pause/index" "Mozilla/4.0 (compatible; MSIE 8.0; Windows NT 6.1; Trident/4.0; InfoPath.3; .NET4.0C; MS-RTC LM 8; .NET4.0E)" 15689
192.168.12.204 - - [17/Feb/2013:07:07:11 +0600] "GET /pause/ajaxPause?pauseConfigId=&admin=0 HTTP/1.1" 200 986 "http://callider/pause/index" "Mozilla/4.0 (compatible; MSIE 7.0; Windows NT 6.1; WOW64; Trident/4.0; SLCC2; .NET CLR 2.0.50727; .NET CLR 3.5.30729; .NET CLR 3.0.30729; Media Center PC 6.0; InfoPath.3; .NET4.0C; .NET4.0E; .NET CLR 1.1.4322)" 20270
192.168.12.42 - - [17/Feb/2013:07:07:11 +0600] "GET /tv/useUser HTTP/1.1" 200 432 "http://callider/graph/personal" "Mozilla/4.0 (compatible; MSIE 7.0; Windows NT 6.1; WOW64; Trident/5.0; SLCC2; .NET CLR 2.0.50727; .NET CLR 3.5.30729; .NET CLR 3.0.30729; Media Center PC 6.0; InfoPath.3; .NET4.0C; .NET4.0E)" 20107
192.168.65.56 - - [17/Feb/2013:07:07:11 +0600] "GET /pause/ajaxPause?pauseConfigId=all&admin=1 HTTP/1.1" 200 1046 "http://192.168.65.101/pause/index" "Mozilla/5.0 (Windows NT 5.1; rv:15.0) Gecko/20100101 Firefox/15.0" 31928
192.168.74.151 - - [17/Feb/2013:07:07:13 +0600] "GET /tv/useUser HTTP/1.1" 200 431 "http://callider.kontur/graph/general" "Mozilla/5.0 (Windows NT 6.1; WOW64; rv:18.0) Gecko/20100101 Firefox/18.0" 12268
192.168.12.61 - - [17/Feb/2013:07:07:14 +0600] "GET /pause/ajaxPause?pauseConfigId=&admin=0 HTTP/1.1" 200 985 "http://callider/pause/index" "Mozilla/4.0 (compatible; MSIE 7.0; Windows NT 6.1; Trident/5.0; SLCC2; .NET CLR 2.0.50727; .NET CLR 3.5.30729; .NET CLR 3.0.30729; Media Center PC 6.0; InfoPath.3; .NET4.0C; .NET4.0E)" 18208
192.168.74.78 - - [17/Feb/2013:07:07:14 +0600] "GET /pause/ajaxPause?pauseConfigId=&admin=0 HTTP/1.1" 200 986 "http://callider/pause/index" "Mozilla/4.0 (compatible; MSIE 7.0; Windows NT 6.1; WOW64; Trident/5.0; SLCC2; .NET CLR 2.0.50727; .NET CLR 3.5.30729; .NET CLR 3.0.30729; Media Center PC 6.0; InfoPath.3; .NET4.0C; MS-RTC LM 8; .NET4.0E)" 20787
192.168.12.69 - - [17/Feb/2013:07:07:15 +0600] "GET /pause/ajaxPause?pauseConfigId=&admin=0 HTTP/1.1" 200 986 "http://callider/pause/index" "Mozilla/4.0 (compatible; MSIE 7.0; Windows NT 6.1; Trident/5.0; SLCC2; .NET CLR 2.0.50727; .NET CLR 3.5.30729; .NET CLR 3.0.30729; Media Center PC 6.0; InfoPath.3; .NET4.0C; .NET4.0E; Tablet PC 2.0; AskTbFXTV5/5.14.1.20007)" 18239
192.168.74.91 - - [17/Feb/2013:07:07:15 +0600] "GET /pause/ajaxPause?pauseConfigId=&admin=0 HTTP/1.1" 200 986 "http://callider/pause/index" "Mozilla/4.0 (compatible; MSIE 7.0; Windows NT 6.1; WOW64; Trident/5.0; SLCC2; .NET CLR 2.0.50727; .NET CLR 3.5.30729; .NET CLR 3.0.30729; Media Center PC 6.0; InfoPath.3; .NET4.0C; MS-RTC LM 8; .NET4.0E)" 21082
192.168.74.151 - - [17/Feb/2013:07:07:15 +0600] "GET /pause/ajaxPause?pauseConfigId=&admin=0 HTTP/1.1" 200 987 "http://callider.kontur/pause/index" "Mozilla/5.0 (Windows NT 6.1; WOW64; rv:18.0) Gecko/20100101 Firefox/18.0" 22395
192.168.74.151 - - [17/Feb/2013:07:07:15 +0600] "GET /tv/useUser HTTP/1.1" 200 432 "http://callider.kontur/pause/index" "Mozilla/5.0 (Windows NT 6.1; WOW64; rv:18.0) Gecko/20100101 Firefox/18.0" 14277
192.168.12.210 - - [17/Feb/2013:07:07:15 +0600] "GET /pause/ajaxPause?pauseConfigId=all&admin=1 HTTP/1.1" 200 1047 "http://callider/pause/index" "Mozilla/4.0 (compatible; MSIE 7.0; Windows NT 6.1; WOW64; Trident/5.0; SLCC2; .NET CLR 2.0.50727; .NET CLR 3.5.30729; .NET CLR 3.0.30729; Media Center PC 6.0; InfoPath.3; .NET4.0C; .NET4.0E)" 19094
192.168.12.60 - - [17/Feb/2013:07:07:15 +0600] "GET /pause/ajaxPause?pauseConfigId=&admin=0 HTTP/1.1" 200 986 "http://callider/pause/index" "Mozilla/4.0 (compatible; MSIE 8.0; Windows NT 6.1; Trident/4.0; InfoPath.3; .NET4.0C; MS-RTC LM 8; .NET4.0E)" 15083
192.168.12.204 - - [17/Feb/2013:07:07:16 +0600] "GET /pause/ajaxPause?pauseConfigId=&admin=0 HTTP/1.1" 200 986 "http://callider/pause/index" "Mozilla/4.0 (compatible; MSIE 7.0; Windows NT 6.1; WOW64; Trident/4.0; SLCC2; .NET CLR 2.0.50727; .NET CLR 3.5.30729; .NET CLR 3.0.30729; Media Center PC 6.0; InfoPath.3; .NET4.0C; .NET4.0E; .NET CLR 1.1.4322)" 26483
192.168.65.56 - - [17/Feb/2013:07:07:16 +0600] "GET /pause/ajaxPause?pauseConfigId=all&admin=1 HTTP/1.1" 200 1046 "http://192.168.65.101/pause/index" "Mozilla/5.0 (Windows NT 5.1; rv:15.0) Gecko/20100101 Firefox/15.0" 32420
192.168.12.61 - - [17/Feb/2013:07:07:19 +0600] "GET /pause/ajaxPause?pauseConfigId=&admin=0 HTTP/1.1" 200 985 "http://callider/pause/index" "Mozilla/4.0 (compatible; MSIE 7.0; Windows NT 6.1; Trident/5.0; SLCC2; .NET CLR 2.0.50727; .NET CLR 3.5.30729; .NET CLR 3.0.30729; Media Center PC 6.0; InfoPath.3; .NET4.0C; .NET4.0E)" 21443
192.168.74.78 - - [17/Feb/2013:07:07:19 +0600] "GET /pause/ajaxPause?pauseConfigId=&admin=0 HTTP/1.1" 200 986 "http://callider/pause/index" "Mozilla/4.0 (compatible; MSIE 7.0; Windows NT 6.1; WOW64; Trident/5.0; SLCC2; .NET CLR 2.0.50727; .NET CLR 3.5.30729; .NET CLR 3.0.30729; Media Center PC 6.0; InfoPath.3; .NET4.0C; MS-RTC LM 8; .NET4.0E)" 19193
192.168.12.10 - - [17/Feb/2013:07:07:19 +0600] "GET /tv/useUser HTTP/1.1" 200 432 "http://callider/graph/personal" "Mozilla/4.0 (compatible; MSIE 7.0; Windows NT 6.1; Trident/5.0; SLCC2; .NET CLR 2.0.50727; .NET CLR 3.5.30729; .NET CLR 3.0.30729; Media Center PC 6.0; InfoPath.3; .NET4.0C; .NET4.0E; Tablet PC 2.0; MS-RTC LM 8)" 16710
192.168.12.108 - - [17/Feb/2013:07:07:19 +0600] "GET /tv/useUser HTTP/1.1" 200 432 "http://callider/index.php" "Mozilla/4.0 (compatible; MSIE 7.0; Windows NT 6.2; WOW64; Trident/6.0; .NET4.0E; .NET4.0C; InfoPath.3; .NET CLR 3.5.30729; .NET CLR 2.0.50727; .NET CLR 3.0.30729)" 14628
192.168.12.69 - - [17/Feb/2013:07:07:20 +0600] "GET /pause/ajaxPause?pauseConfigId=&admin=0 HTTP/1.1" 200 986 "http://callider/pause/index" "Mozilla/4.0 (compatible; MSIE 7.0; Windows NT 6.1; Trident/5.0; SLCC2; .NET CLR 2.0.50727; .NET CLR 3.5.30729; .NET CLR 3.0.30729; Media Center PC 6.0; InfoPath.3; .NET4.0C; .NET4.0E; Tablet PC 2.0; AskTbFXTV5/5.14.1.20007)" 21636
192.168.74.91 - - [17/Feb/2013:07:07:20 +0600] "GET /pause/ajaxPause?pauseConfigId=&admin=0 HTTP/1.1" 200 986 "http://callider/pause/index" "Mozilla/4.0 (compatible; MSIE 7.0; Windows NT 6.1; WOW64; Trident/5.0; SLCC2; .NET CLR 2.0.50727; .NET CLR 3.5.30729; .NET CLR 3.0.30729; Media Center PC 6.0; InfoPath.3; .NET4.0C; MS-RTC LM 8; .NET4.0E)" 18309
192.168.74.151 - - [17/Feb/2013:07:07:20 +0600] "GET /pause/ajaxPause?pauseConfigId=&admin=0 HTTP/1.1" 200 987 "http://callider.kontur/pause/index" "Mozilla/5.0 (Windows NT 6.1; WOW64; rv:18.0) Gecko/20100101 Firefox/18.0" 19917
192.168.12.210 - - [17/Feb/2013:07:07:20 +0600] "GET /pause/ajaxPause?pauseConfigId=all&admin=1 HTTP/1.1" 200 1047 "http://callider/pause/index" "Mozilla/4.0 (compatible; MSIE 7.0; Windows NT 6.1; WOW64; Trident/5.0; SLCC2; .NET CLR 2.0.50727; .NET CLR 3.5.30729; .NET CLR 3.0.30729; Media Center PC 6.0; InfoPath.3; .NET4.0C; .NET4.0E)" 28056
192.168.12.60 - - [17/Feb/2013:07:07:20 +0600] "GET /pause/ajaxPause?pauseConfigId=&admin=0 HTTP/1.1" 200 986 "http://callider/pause/index" "Mozilla/4.0 (compatible; MSIE 8.0; Windows NT 6.1; Trident/4.0; InfoPath.3; .NET4.0C; MS-RTC LM 8; .NET4.0E)" 18975
192.168.12.204 - - [17/Feb/2013:07:07:21 +0600] "GET /pause/ajaxPause?pauseConfigId=&admin=0 HTTP/1.1" 200 986 "http://callider/pause/index" "Mozilla/4.0 (compatible; MSIE 7.0; Windows NT 6.1; WOW64; Trident/4.0; SLCC2; .NET CLR 2.0.50727; .NET CLR 3.5.30729; .NET CLR 3.0.30729; Media Center PC 6.0; InfoPath.3; .NET4.0C; .NET4.0E; .NET CLR 1.1.4322)" 24888
192.168.65.56 - - [17/Feb/2013:07:07:21 +0600] "GET /pause/ajaxPause?pauseConfigId=all&admin=1 HTTP/1.1" 200 1046 "http://192.168.65.101/pause/index" "Mozilla/5.0 (Windows NT 5.1; rv:15.0) Gecko/20100101 Firefox/15.0" 32991
192.168.12.61 - - [17/Feb/2013:07:07:24 +0600] "GET /pause/ajaxPause?pauseConfigId=&admin=0 HTTP/1.1" 200 986 "http://callider/pause/index" "Mozilla/4.0 (compatible; MSIE 7.0; Windows NT 6.1; Trident/5.0; SLCC2; .NET CLR 2.0.50727; .NET CLR 3.5.30729; .NET CLR 3.0.30729; Media Center PC 6.0; InfoPath.3; .NET4.0C; .NET4.0E)" 25258
192.168.74.78 - - [17/Feb/2013:07:07:24 +0600] "GET /pause/ajaxPause?pauseConfigId=&admin=0 HTTP/1.1" 200 986 "http://callider/pause/index" "Mozilla/4.0 (compatible; MSIE 7.0; Windows NT 6.1; WOW64; Trident/5.0; SLCC2; .NET CLR 2.0.50727; .NET CLR 3.5.30729; .NET CLR 3.0.30729; Media Center PC 6.0; InfoPath.3; .NET4.0C; MS-RTC LM 8; .NET4.0E)" 19533
192.168.12.69 - - [17/Feb/2013:07:07:25 +0600] "GET /pause/ajaxPause?pauseConfigId=&admin=0 HTTP/1.1" 200 986 "http://callider/pause/index" "Mozilla/4.0 (compatible; MSIE 7.0; Windows NT 6.1; Trident/5.0; SLCC2; .NET CLR 2.0.50727; .NET CLR 3.5.30729; .NET CLR 3.0.30729; Media Center PC 6.0; InfoPath.3; .NET4.0C; .NET4.0E; Tablet PC 2.0; AskTbFXTV5/5.14.1.20007)" 26578
192.168.74.91 - - [17/Feb/2013:07:07:25 +0600] "GET /pause/ajaxPause?pauseConfigId=&admin=0 HTTP/1.1" 200 986 "http://callider/pause/index" "Mozilla/4.0 (compatible; MSIE 7.0; Windows NT 6.1; WOW64; Trident/5.0; SLCC2; .NET CLR 2.0.50727; .NET CLR 3.5.30729; .NET CLR 3.0.30729; Media Center PC 6.0; InfoPath.3; .NET4.0C; MS-RTC LM 8; .NET4.0E)" 20350
192.168.74.151 - - [17/Feb/2013:07:07:25 +0600] "GET /pause/ajaxPause?pauseConfigId=&admin=0 HTTP/1.1" 200 987 "http://callider.kontur/pause/index" "Mozilla/5.0 (Windows NT 6.1; WOW64; rv:18.0) Gecko/20100101 Firefox/18.0" 20684
192.168.12.210 - - [17/Feb/2013:07:07:25 +0600] "GET /pause/ajaxPause?pauseConfigId=all&admin=1 HTTP/1.1" 200 1047 "http://callider/pause/index" "Mozilla/4.0 (compatible; MSIE 7.0; Windows NT 6.1; WOW64; Trident/5.0; SLCC2; .NET CLR 2.0.50727; .NET CLR 3.5.30729; .NET CLR 3.0.30729; Media Center PC 6.0; InfoPath.3; .NET4.0C; .NET4.0E)" 20743
192.168.12.60 - - [17/Feb/2013:07:07:25 +0600] "GET /pause/ajaxPause?pauseConfigId=&admin=0 HTTP/1.1" 200 986 "http://callider/pause/index" "Mozilla/4.0 (compatible; MSIE 8.0; Windows NT 6.1; Trident/4.0; InfoPath.3; .NET4.0C; MS-RTC LM 8; .NET4.0E)" 17863
192.168.12.204 - - [17/Feb/2013:07:07:26 +0600] "GET /pause/ajaxPause?pauseConfigId=&admin=0 HTTP/1.1" 200 986 "http://callider/pause/index" "Mozilla/4.0 (compatible; MSIE 7.0; Windows NT 6.1; WOW64; Trident/4.0; SLCC2; .NET CLR 2.0.50727; .NET CLR 3.5.30729; .NET CLR 3.0.30729; Media Center PC 6.0; InfoPath.3; .NET4.0C; .NET4.0E; .NET CLR 1.1.4322)" 19623
192.168.65.56 - - [17/Feb/2013:07:07:26 +0600] "GET /pause/ajaxPause?pauseConfigId=all&admin=1 HTTP/1.1" 200 1046 "http://192.168.65.101/pause/index" "Mozilla/5.0 (Windows NT 5.1; rv:15.0) Gecko/20100101 Firefox/15.0" 33684
192.168.12.61 - - [17/Feb/2013:07:07:29 +0600] "GET /pause/ajaxPause?pauseConfigId=&admin=0 HTTP/1.1" 200 985 "http://callider/pause/index" "Mozilla/4.0 (compatible; MSIE 7.0; Windows NT 6.1; Trident/5.0; SLCC2; .NET CLR 2.0.50727; .NET CLR 3.5.30729; .NET CLR 3.0.30729; Media Center PC 6.0; InfoPath.3; .NET4.0C; .NET4.0E)" 21045
192.168.74.78 - - [17/Feb/2013:07:07:29 +0600] "GET /pause/ajaxPause?pauseConfigId=&admin=0 HTTP/1.1" 200 986 "http://callider/pause/index" "Mozilla/4.0 (compatible; MSIE 7.0; Windows NT 6.1; WOW64; Trident/5.0; SLCC2; .NET CLR 2.0.50727; .NET CLR 3.5.30729; .NET CLR 3.0.30729; Media Center PC 6.0; InfoPath.3; .NET4.0C; MS-RTC LM 8; .NET4.0E)" 18258
192.168.12.69 - - [17/Feb/2013:07:07:30 +0600] "GET /pause/ajaxPause?pauseConfigId=&admin=0 HTTP/1.1" 200 986 "http://callider/pause/index" "Mozilla/4.0 (compatible; MSIE 7.0; Windows NT 6.1; Trident/5.0; SLCC2; .NET CLR 2.0.50727; .NET CLR 3.5.30729; .NET CLR 3.0.30729; Media Center PC 6.0; InfoPath.3; .NET4.0C; .NET4.0E; Tablet PC 2.0; AskTbFXTV5/5.14.1.20007)" 24604
192.168.74.91 - - [17/Feb/2013:07:07:30 +0600] "GET /pause/ajaxPause?pauseConfigId=&admin=0 HTTP/1.1" 200 986 "http://callider/pause/index" "Mozilla/4.0 (compatible; MSIE 7.0; Windows NT 6.1; WOW64; Trident/5.0; SLCC2; .NET CLR 2.0.50727; .NET CLR 3.5.30729; .NET CLR 3.0.30729; Media Center PC 6.0; InfoPath.3; .NET4.0C; MS-RTC LM 8; .NET4.0E)" 18496
192.168.74.151 - - [17/Feb/2013:07:07:30 +0600] "GET /pause/ajaxPause?pauseConfigId=&admin=0 HTTP/1.1" 200 987 "http://callider.kontur/pause/index" "Mozilla/5.0 (Windows NT 6.1; WOW64; rv:18.0) Gecko/20100101 Firefox/18.0" 19382
192.168.12.210 - - [17/Feb/2013:07:07:30 +0600] "GET /pause/ajaxPause?pauseConfigId=all&admin=1 HTTP/1.1" 200 1047 "http://callider/pause/index" "Mozilla/4.0 (compatible; MSIE 7.0; Windows NT 6.1; WOW64; Trident/5.0; SLCC2; .NET CLR 2.0.50727; .NET CLR 3.5.30729; .NET CLR 3.0.30729; Media Center PC 6.0; InfoPath.3; .NET4.0C; .NET4.0E)" 22776
192.168.12.60 - - [17/Feb/2013:07:07:30 +0600] "GET /pause/ajaxPause?pauseConfigId=&admin=0 HTTP/1.1" 200 986 "http://callider/pause/index" "Mozilla/4.0 (compatible; MSIE 8.0; Windows NT 6.1; Trident/4.0; InfoPath.3; .NET4.0C; MS-RTC LM 8; .NET4.0E)" 14983
192.168.12.204 - - [17/Feb/2013:07:07:31 +0600] "GET /pause/ajaxPause?pauseConfigId=&admin=0 HTTP/1.1" 200 986 "http://callider/pause/index" "Mozilla/4.0 (compatible; MSIE 7.0; Windows NT 6.1; WOW64; Trident/4.0; SLCC2; .NET CLR 2.0.50727; .NET CLR 3.5.30729; .NET CLR 3.0.30729; Media Center PC 6.0; InfoPath.3; .NET4.0C; .NET4.0E; .NET CLR 1.1.4322)" 20733
192.168.65.56 - - [17/Feb/2013:07:07:31 +0600] "GET /pause/ajaxPause?pauseConfigId=all&admin=1 HTTP/1.1" 200 1046 "http://192.168.65.101/pause/index" "Mozilla/5.0 (Windows NT 5.1; rv:15.0) Gecko/20100101 Firefox/15.0" 34161
192.168.12.61 - - [17/Feb/2013:07:07:34 +0600] "GET /pause/ajaxPause?pauseConfigId=&admin=0 HTTP/1.1" 200 985 "http://callider/pause/index" "Mozilla/4.0 (compatible; MSIE 7.0; Windows NT 6.1; Trident/5.0; SLCC2; .NET CLR 2.0.50727; .NET CLR 3.5.30729; .NET CLR 3.0.30729; Media Center PC 6.0; InfoPath.3; .NET4.0C; .NET4.0E)" 24063
192.168.74.78 - - [17/Feb/2013:07:07:34 +0600] "GET /pause/ajaxPause?pauseConfigId=&admin=0 HTTP/1.1" 200 986 "http://callider/pause/index" "Mozilla/4.0 (compatible; MSIE 7.0; Windows NT 6.1; WOW64; Trident/5.0; SLCC2; .NET CLR 2.0.50727; .NET CLR 3.5.30729; .NET CLR 3.0.30729; Media Center PC 6.0; InfoPath.3; .NET4.0C; MS-RTC LM 8; .NET4.0E)" 19846
192.168.12.67 - - [17/Feb/2013:07:07:34 +0600] "GET /tv/useUser HTTP/1.1" 200 432 "http://callider/graph/personal" "Mozilla/4.0 (compatible; MSIE 7.0; Windows NT 6.1; Trident/5.0; SLCC2; .NET CLR 2.0.50727; .NET CLR 3.5.30729; .NET CLR 3.0.30729; Media Center PC 6.0; .NET4.0C; .NET4.0E; InfoPath.3; Tablet PC 2.0; MS-RTC LM 8)" 18293
192.168.12.69 - - [17/Feb/2013:07:07:35 +0600] "GET /pause/ajaxPause?pauseConfigId=&admin=0 HTTP/1.1" 200 986 "http://callider/pause/index" "Mozilla/4.0 (compatible; MSIE 7.0; Windows NT 6.1; Trident/5.0; SLCC2; .NET CLR 2.0.50727; .NET CLR 3.5.30729; .NET CLR 3.0.30729; Media Center PC 6.0; InfoPath.3; .NET4.0C; .NET4.0E; Tablet PC 2.0; AskTbFXTV5/5.14.1.20007)" 19667
192.168.74.91 - - [17/Feb/2013:07:07:35 +0600] "GET /pause/ajaxPause?pauseConfigId=&admin=0 HTTP/1.1" 200 986 "http://callider/pause/index" "Mozilla/4.0 (compatible; MSIE 7.0; Windows NT 6.1; WOW64; Trident/5.0; SLCC2; .NET CLR 2.0.50727; .NET CLR 3.5.30729; .NET CLR 3.0.30729; Media Center PC 6.0; InfoPath.3; .NET4.0C; MS-RTC LM 8; .NET4.0E)" 18378
192.168.74.151 - - [17/Feb/2013:07:07:35 +0600] "GET /pause/ajaxPause?pauseConfigId=&admin=0 HTTP/1.1" 200 987 "http://callider.kontur/pause/index" "Mozilla/5.0 (Windows NT 6.1; WOW64; rv:18.0) Gecko/20100101 Firefox/18.0" 16232
192.168.12.210 - - [17/Feb/2013:07:07:35 +0600] "GET /pause/ajaxPause?pauseConfigId=all&admin=1 HTTP/1.1" 200 1047 "http://callider/pause/index" "Mozilla/4.0 (compatible; MSIE 7.0; Windows NT 6.1; WOW64; Trident/5.0; SLCC2; .NET CLR 2.0.50727; .NET CLR 3.5.30729; .NET CLR 3.0.30729; Media Center PC 6.0; InfoPath.3; .NET4.0C; .NET4.0E)" 20622
192.168.12.60 - - [17/Feb/2013:07:07:35 +0600] "GET /pause/ajaxPause?pauseConfigId=&admin=0 HTTP/1.1" 200 986 "http://callider/pause/index" "Mozilla/4.0 (compatible; MSIE 8.0; Windows NT 6.1; Trident/4.0; InfoPath.3; .NET4.0C; MS-RTC LM 8; .NET4.0E)" 17969
192.168.12.204 - - [17/Feb/2013:07:07:36 +0600] "GET /pause/ajaxPause?pauseConfigId=&admin=0 HTTP/1.1" 200 986 "http://callider/pause/index" "Mozilla/4.0 (compatible; MSIE 7.0; Windows NT 6.1; WOW64; Trident/4.0; SLCC2; .NET CLR 2.0.50727; .NET CLR 3.5.30729; .NET CLR 3.0.30729; Media Center PC 6.0; InfoPath.3; .NET4.0C; .NET4.0E; .NET CLR 1.1.4322)" 17682
192.168.65.56 - - [17/Feb/2013:07:07:36 +0600] "GET /pause/ajaxPause?pauseConfigId=all&admin=1 HTTP/1.1" 200 1046 "http://192.168.65.101/pause/index" "Mozilla/5.0 (Windows NT 5.1; rv:15.0) Gecko/20100101 Firefox/15.0" 32313
192.168.74.93 - - [17/Feb/2013:07:07:38 +0600] "GET /tv/useUser HTTP/1.1" 200 432 "http://callider/graph/personal" "Mozilla/4.0 (compatible; MSIE 7.0; Windows NT 6.1; WOW64; Trident/5.0; SLCC2; .NET CLR 2.0.50727; .NET CLR 3.5.30729; .NET CLR 3.0.30729; Media Center PC 6.0; InfoPath.3; .NET4.0C; .NET4.0E)" 14887
192.168.12.210 - - [17/Feb/2013:07:07:39 +0600] "GET /tv/useUser HTTP/1.1" 200 431 "http://callider/graph/general" "Mozilla/4.0 (compatible; MSIE 7.0; Windows NT 6.1; WOW64; Trident/5.0; SLCC2; .NET CLR 2.0.50727; .NET CLR 3.5.30729; .NET CLR 3.0.30729; Media Center PC 6.0; InfoPath.3; .NET4.0C; .NET4.0E)" 8706
192.168.12.61 - - [17/Feb/2013:07:07:39 +0600] "GET /pause/ajaxPause?pauseConfigId=&admin=0 HTTP/1.1" 200 985 "http://callider/pause/index" "Mozilla/4.0 (compatible; MSIE 7.0; Windows NT 6.1; Trident/5.0; SLCC2; .NET CLR 2.0.50727; .NET CLR 3.5.30729; .NET CLR 3.0.30729; Media Center PC 6.0; InfoPath.3; .NET4.0C; .NET4.0E)" 17843
192.168.74.78 - - [17/Feb/2013:07:07:39 +0600] "GET /pause/ajaxPause?pauseConfigId=&admin=0 HTTP/1.1" 200 986 "http://callider/pause/index" "Mozilla/4.0 (compatible; MSIE 7.0; Windows NT 6.1; WOW64; Trident/5.0; SLCC2; .NET CLR 2.0.50727; .NET CLR 3.5.30729; .NET CLR 3.0.30729; Media Center PC 6.0; InfoPath.3; .NET4.0C; MS-RTC LM 8; .NET4.0E)" 16790
192.168.12.69 - - [17/Feb/2013:07:07:40 +0600] "GET /pause/ajaxPause?pauseConfigId=&admin=0 HTTP/1.1" 200 986 "http://callider/pause/index" "Mozilla/4.0 (compatible; MSIE 7.0; Windows NT 6.1; Trident/5.0; SLCC2; .NET CLR 2.0.50727; .NET CLR 3.5.30729; .NET CLR 3.0.30729; Media Center PC 6.0; InfoPath.3; .NET4.0C; .NET4.0E; Tablet PC 2.0; AskTbFXTV5/5.14.1.20007)" 18465
192.168.74.91 - - [17/Feb/2013:07:07:40 +0600] "GET /pause/ajaxPause?pauseConfigId=&admin=0 HTTP/1.1" 200 986 "http://callider/pause/index" "Mozilla/4.0 (compatible; MSIE 7.0; Windows NT 6.1; WOW64; Trident/5.0; SLCC2; .NET CLR 2.0.50727; .NET CLR 3.5.30729; .NET CLR 3.0.30729; Media Center PC 6.0; InfoPath.3; .NET4.0C; MS-RTC LM 8; .NET4.0E)" 19960
192.168.74.151 - - [17/Feb/2013:07:07:40 +0600] "GET /pause/ajaxPause?pauseConfigId=&admin=0 HTTP/1.1" 200 987 "http://callider.kontur/pause/index" "Mozilla/5.0 (Windows NT 6.1; WOW64; rv:18.0) Gecko/20100101 Firefox/18.0" 17276
192.168.12.210 - - [17/Feb/2013:07:07:40 +0600] "GET /pause/ajaxPause?pauseConfigId=all&admin=1 HTTP/1.1" 200 1047 "http://callider/pause/index" "Mozilla/4.0 (compatible; MSIE 7.0; Windows NT 6.1; WOW64; Trident/5.0; SLCC2; .NET CLR 2.0.50727; .NET CLR 3.5.30729; .NET CLR 3.0.30729; Media Center PC 6.0; InfoPath.3; .NET4.0C; .NET4.0E)" 20314
192.168.12.60 - - [17/Feb/2013:07:07:40 +0600] "GET /pause/ajaxPause?pauseConfigId=&admin=0 HTTP/1.1" 200 986 "http://callider/pause/index" "Mozilla/4.0 (compatible; MSIE 8.0; Windows NT 6.1; Trident/4.0; InfoPath.3; .NET4.0C; MS-RTC LM 8; .NET4.0E)" 16479
192.168.12.9 - - [17/Feb/2013:07:07:41 +0600] "GET /tv/useUser HTTP/1.1" 200 432 "http://callider.kontur/site/index" "Mozilla/5.0 (Windows NT 6.1; WOW64) AppleWebKit/537.17 (KHTML, like Gecko) Chrome/24.0.1312.57 Safari/537.17" 18901
192.168.12.204 - - [17/Feb/2013:07:07:41 +0600] "GET /pause/ajaxPause?pauseConfigId=&admin=0 HTTP/1.1" 200 986 "http://callider/pause/index" "Mozilla/4.0 (compatible; MSIE 7.0; Windows NT 6.1; WOW64; Trident/4.0; SLCC2; .NET CLR 2.0.50727; .NET CLR 3.5.30729; .NET CLR 3.0.30729; Media Center PC 6.0; InfoPath.3; .NET4.0C; .NET4.0E; .NET CLR 1.1.4322)" 25034
192.168.65.56 - - [17/Feb/2013:07:07:41 +0600] "GET /pause/ajaxPause?pauseConfigId=all&admin=1 HTTP/1.1" 200 1046 "http://192.168.65.101/pause/index" "Mozilla/5.0 (Windows NT 5.1; rv:15.0) Gecko/20100101 Firefox/15.0" 37947
192.168.12.61 - - [17/Feb/2013:07:07:44 +0600] "GET /pause/ajaxPause?pauseConfigId=&admin=0 HTTP/1.1" 200 985 "http://callider/pause/index" "Mozilla/4.0 (compatible; MSIE 7.0; Windows NT 6.1; Trident/5.0; SLCC2; .NET CLR 2.0.50727; .NET CLR 3.5.30729; .NET CLR 3.0.30729; Media Center PC 6.0; InfoPath.3; .NET4.0C; .NET4.0E)" 31544
192.168.74.78 - - [17/Feb/2013:07:07:44 +0600] "GET /pause/ajaxPause?pauseConfigId=&admin=0 HTTP/1.1" 200 986 "http://callider/pause/index" "Mozilla/4.0 (compatible; MSIE 7.0; Windows NT 6.1; WOW64; Trident/5.0; SLCC2; .NET CLR 2.0.50727; .NET CLR 3.5.30729; .NET CLR 3.0.30729; Media Center PC 6.0; InfoPath.3; .NET4.0C; MS-RTC LM 8; .NET4.0E)" 23868
192.168.12.69 - - [17/Feb/2013:07:07:45 +0600] "GET /pause/ajaxPause?pauseConfigId=&admin=0 HTTP/1.1" 200 986 "http://callider/pause/index" "Mozilla/4.0 (compatible; MSIE 7.0; Windows NT 6.1; Trident/5.0; SLCC2; .NET CLR 2.0.50727; .NET CLR 3.5.30729; .NET CLR 3.0.30729; Media Center PC 6.0; InfoPath.3; .NET4.0C; .NET4.0E; Tablet PC 2.0; AskTbFXTV5/5.14.1.20007)" 19138
192.168.74.91 - - [17/Feb/2013:07:07:45 +0600] "GET /pause/ajaxPause?pauseConfigId=&admin=0 HTTP/1.1" 200 986 "http://callider/pause/index" "Mozilla/4.0 (compatible; MSIE 7.0; Windows NT 6.1; WOW64; Trident/5.0; SLCC2; .NET CLR 2.0.50727; .NET CLR 3.5.30729; .NET CLR 3.0.30729; Media Center PC 6.0; InfoPath.3; .NET4.0C; MS-RTC LM 8; .NET4.0E)" 25948
192.168.74.151 - - [17/Feb/2013:07:07:45 +0600] "GET /pause/ajaxPause?pauseConfigId=&admin=0 HTTP/1.1" 200 987 "http://callider.kontur/pause/index" "Mozilla/5.0 (Windows NT 6.1; WOW64; rv:18.0) Gecko/20100101 Firefox/18.0" 19686
192.168.12.210 - - [17/Feb/2013:07:07:45 +0600] "GET /pause/ajaxPause?pauseConfigId=all&admin=1 HTTP/1.1" 200 1047 "http://callider/pause/index" "Mozilla/4.0 (compatible; MSIE 7.0; Windows NT 6.1; WOW64; Trident/5.0; SLCC2; .NET CLR 2.0.50727; .NET CLR 3.5.30729; .NET CLR 3.0.30729; Media Center PC 6.0; InfoPath.3; .NET4.0C; .NET4.0E)" 106069
192.168.12.60 - - [17/Feb/2013:07:07:45 +0600] "GET /pause/ajaxPause?pauseConfigId=&admin=0 HTTP/1.1" 200 986 "http://callider/pause/index" "Mozilla/4.0 (compatible; MSIE 8.0; Windows NT 6.1; Trident/4.0; InfoPath.3; .NET4.0C; MS-RTC LM 8; .NET4.0E)" 26119
192.168.12.204 - - [17/Feb/2013:07:07:46 +0600] "GET /pause/ajaxPause?pauseConfigId=&admin=0 HTTP/1.1" 200 986 "http://callider/pause/index" "Mozilla/4.0 (compatible; MSIE 7.0; Windows NT 6.1; WOW64; Trident/4.0; SLCC2; .NET CLR 2.0.50727; .NET CLR 3.5.30729; .NET CLR 3.0.30729; Media Center PC 6.0; InfoPath.3; .NET4.0C; .NET4.0E; .NET CLR 1.1.4322)" 20175
192.168.65.56 - - [17/Feb/2013:07:07:46 +0600] "GET /pause/ajaxPause?pauseConfigId=all&admin=1 HTTP/1.1" 200 1046 "http://192.168.65.101/pause/index" "Mozilla/5.0 (Windows NT 5.1; rv:15.0) Gecko/20100101 Firefox/15.0" 30413
192.168.12.210 - - [17/Feb/2013:07:07:49 +0600] "GET /tv/useUser HTTP/1.1" 200 431 "http://callider/pause/index" "Mozilla/4.0 (compatible; MSIE 7.0; Windows NT 6.1; WOW64; Trident/5.0; SLCC2; .NET CLR 2.0.50727; .NET CLR 3.5.30729; .NET CLR 3.0.30729; Media Center PC 6.0; InfoPath.3; .NET4.0C; .NET4.0E)" 12256
192.168.12.61 - - [17/Feb/2013:07:07:49 +0600] "GET /pause/ajaxPause?pauseConfigId=&admin=0 HTTP/1.1" 200 985 "http://callider/pause/index" "Mozilla/4.0 (compatible; MSIE 7.0; Windows NT 6.1; Trident/5.0; SLCC2; .NET CLR 2.0.50727; .NET CLR 3.5.30729; .NET CLR 3.0.30729; Media Center PC 6.0; InfoPath.3; .NET4.0C; .NET4.0E)" 23448
192.168.74.78 - - [17/Feb/2013:07:07:49 +0600] "GET /pause/ajaxPause?pauseConfigId=&admin=0 HTTP/1.1" 200 986 "http://callider/pause/index" "Mozilla/4.0 (compatible; MSIE 7.0; Windows NT 6.1; WOW64; Trident/5.0; SLCC2; .NET CLR 2.0.50727; .NET CLR 3.5.30729; .NET CLR 3.0.30729; Media Center PC 6.0; InfoPath.3; .NET4.0C; MS-RTC LM 8; .NET4.0E)" 20655
192.168.12.69 - - [17/Feb/2013:07:07:50 +0600] "GET /pause/ajaxPause?pauseConfigId=&admin=0 HTTP/1.1" 200 986 "http://callider/pause/index" "Mozilla/4.0 (compatible; MSIE 7.0; Windows NT 6.1; Trident/5.0; SLCC2; .NET CLR 2.0.50727; .NET CLR 3.5.30729; .NET CLR 3.0.30729; Media Center PC 6.0; InfoPath.3; .NET4.0C; .NET4.0E; Tablet PC 2.0; AskTbFXTV5/5.14.1.20007)" 27723
192.168.74.91 - - [17/Feb/2013:07:07:50 +0600] "GET /pause/ajaxPause?pauseConfigId=&admin=0 HTTP/1.1" 200 986 "http://callider/pause/index" "Mozilla/4.0 (compatible; MSIE 7.0; Windows NT 6.1; WOW64; Trident/5.0; SLCC2; .NET CLR 2.0.50727; .NET CLR 3.5.30729; .NET CLR 3.0.30729; Media Center PC 6.0; InfoPath.3; .NET4.0C; MS-RTC LM 8; .NET4.0E)" 19934
192.168.74.151 - - [17/Feb/2013:07:07:50 +0600] "GET /pause/ajaxPause?pauseConfigId=&admin=0 HTTP/1.1" 200 987 "http://callider.kontur/pause/index" "Mozilla/5.0 (Windows NT 6.1; WOW64; rv:18.0) Gecko/20100101 Firefox/18.0" 17882
192.168.12.210 - - [17/Feb/2013:07:07:50 +0600] "GET /pause/ajaxPause?pauseConfigId=all&admin=1 HTTP/1.1" 200 1047 "http://callider/pause/index" "Mozilla/4.0 (compatible; MSIE 7.0; Windows NT 6.1; WOW64; Trident/5.0; SLCC2; .NET CLR 2.0.50727; .NET CLR 3.5.30729; .NET CLR 3.0.30729; Media Center PC 6.0; InfoPath.3; .NET4.0C; .NET4.0E)" 20505
192.168.12.60 - - [17/Feb/2013:07:07:51 +0600] "GET /pause/ajaxPause?pauseConfigId=&admin=0 HTTP/1.1" 200 986 "http://callider/pause/index" "Mozilla/4.0 (compatible; MSIE 8.0; Windows NT 6.1; Trident/4.0; InfoPath.3; .NET4.0C; MS-RTC LM 8; .NET4.0E)" 15727
192.168.12.204 - - [17/Feb/2013:07:07:51 +0600] "GET /pause/ajaxPause?pauseConfigId=&admin=0 HTTP/1.1" 200 986 "http://callider/pause/index" "Mozilla/4.0 (compatible; MSIE 7.0; Windows NT 6.1; WOW64; Trident/4.0; SLCC2; .NET CLR 2.0.50727; .NET CLR 3.5.30729; .NET CLR 3.0.30729; Media Center PC 6.0; InfoPath.3; .NET4.0C; .NET4.0E; .NET CLR 1.1.4322)" 21868
192.168.65.56 - - [17/Feb/2013:07:07:51 +0600] "GET /pause/ajaxPause?pauseConfigId=all&admin=1 HTTP/1.1" 200 1046 "http://192.168.65.101/pause/index" "Mozilla/5.0 (Windows NT 5.1; rv:15.0) Gecko/20100101 Firefox/15.0" 40803
192.168.65.56 - - [17/Feb/2013:07:07:51 +0600] "GET /tv/useUser HTTP/1.1" 200 431 "http://192.168.65.101/pause/index" "Mozilla/5.0 (Windows NT 5.1; rv:15.0) Gecko/20100101 Firefox/15.0" 11999
192.168.74.78 - - [17/Feb/2013:07:07:54 +0600] "GET /pause/ajaxPause?pauseConfigId=&admin=0 HTTP/1.1" 200 986 "http://callider/pause/index" "Mozilla/4.0 (compatible; MSIE 7.0; Windows NT 6.1; WOW64; Trident/5.0; SLCC2; .NET CLR 2.0.50727; .NET CLR 3.5.30729; .NET CLR 3.0.30729; Media Center PC 6.0; InfoPath.3; .NET4.0C; MS-RTC LM 8; .NET4.0E)" 19944
192.168.12.61 - - [17/Feb/2013:07:07:54 +0600] "GET /pause/ajaxPause?pauseConfigId=&admin=0 HTTP/1.1" 200 986 "http://callider/pause/index" "Mozilla/4.0 (compatible; MSIE 7.0; Windows NT 6.1; Trident/5.0; SLCC2; .NET CLR 2.0.50727; .NET CLR 3.5.30729; .NET CLR 3.0.30729; Media Center PC 6.0; InfoPath.3; .NET4.0C; .NET4.0E)" 32132
192.168.12.69 - - [17/Feb/2013:07:07:55 +0600] "GET /pause/ajaxPause?pauseConfigId=&admin=0 HTTP/1.1" 200 986 "http://callider/pause/index" "Mozilla/4.0 (compatible; MSIE 7.0; Windows NT 6.1; Trident/5.0; SLCC2; .NET CLR 2.0.50727; .NET CLR 3.5.30729; .NET CLR 3.0.30729; Media Center PC 6.0; InfoPath.3; .NET4.0C; .NET4.0E; Tablet PC 2.0; AskTbFXTV5/5.14.1.20007)" 263838
192.168.74.91 - - [17/Feb/2013:07:07:55 +0600] "GET /pause/ajaxPause?pauseConfigId=&admin=0 HTTP/1.1" 200 986 "http://callider/pause/index" "Mozilla/4.0 (compatible; MSIE 7.0; Windows NT 6.1; WOW64; Trident/5.0; SLCC2; .NET CLR 2.0.50727; .NET CLR 3.5.30729; .NET CLR 3.0.30729; Media Center PC 6.0; InfoPath.3; .NET4.0C; MS-RTC LM 8; .NET4.0E)" 27803
192.168.74.151 - - [17/Feb/2013:07:07:55 +0600] "GET /pause/ajaxPause?pauseConfigId=&admin=0 HTTP/1.1" 200 987 "http://callider.kontur/pause/index" "Mozilla/5.0 (Windows NT 6.1; WOW64; rv:18.0) Gecko/20100101 Firefox/18.0" 18978
192.168.12.210 - - [17/Feb/2013:07:07:55 +0600] "GET /pause/ajaxPause?pauseConfigId=all&admin=1 HTTP/1.1" 200 1047 "http://callider/pause/index" "Mozilla/4.0 (compatible; MSIE 7.0; Windows NT 6.1; WOW64; Trident/5.0; SLCC2; .NET CLR 2.0.50727; .NET CLR 3.5.30729; .NET CLR 3.0.30729; Media Center PC 6.0; InfoPath.3; .NET4.0C; .NET4.0E)" 22351
192.168.12.60 - - [17/Feb/2013:07:07:56 +0600] "GET /pause/ajaxPause?pauseConfigId=&admin=0 HTTP/1.1" 200 986 "http://callider/pause/index" "Mozilla/4.0 (compatible; MSIE 8.0; Windows NT 6.1; Trident/4.0; InfoPath.3; .NET4.0C; MS-RTC LM 8; .NET4.0E)" 16158
192.168.12.204 - - [17/Feb/2013:07:07:56 +0600] "GET /pause/ajaxPause?pauseConfigId=&admin=0 HTTP/1.1" 200 986 "http://callider/pause/index" "Mozilla/4.0 (compatible; MSIE 7.0; Windows NT 6.1; WOW64; Trident/4.0; SLCC2; .NET CLR 2.0.50727; .NET CLR 3.5.30729; .NET CLR 3.0.30729; Media Center PC 6.0; InfoPath.3; .NET4.0C; .NET4.0E; .NET CLR 1.1.4322)" 19348
192.168.65.56 - - [17/Feb/2013:07:07:56 +0600] "GET /pause/ajaxPause?pauseConfigId=all&admin=1 HTTP/1.1" 200 1046 "http://192.168.65.101/pause/index" "Mozilla/5.0 (Windows NT 5.1; rv:15.0) Gecko/20100101 Firefox/15.0" 29717
192.168.12.61 - - [17/Feb/2013:07:07:59 +0600] "GET /pause/ajaxPause?pauseConfigId=&admin=0 HTTP/1.1" 200 985 "http://callider/pause/index" "Mozilla/4.0 (compatible; MSIE 7.0; Windows NT 6.1; Trident/5.0; SLCC2; .NET CLR 2.0.50727; .NET CLR 3.5.30729; .NET CLR 3.0.30729; Media Center PC 6.0; InfoPath.3; .NET4.0C; .NET4.0E)" 26608
192.168.74.78 - - [17/Feb/2013:07:07:59 +0600] "GET /pause/ajaxPause?pauseConfigId=&admin=0 HTTP/1.1" 200 986 "http://callider/pause/index" "Mozilla/4.0 (compatible; MSIE 7.0; Windows NT 6.1; WOW64; Trident/5.0; SLCC2; .NET CLR 2.0.50727; .NET CLR 3.5.30729; .NET CLR 3.0.30729; Media Center PC 6.0; InfoPath.3; .NET4.0C; MS-RTC LM 8; .NET4.0E)" 18752
192.168.12.69 - - [17/Feb/2013:07:08:00 +0600] "GET /pause/ajaxPause?pauseConfigId=&admin=0 HTTP/1.1" 200 986 "http://callider/pause/index" "Mozilla/4.0 (compatible; MSIE 7.0; Windows NT 6.1; Trident/5.0; SLCC2; .NET CLR 2.0.50727; .NET CLR 3.5.30729; .NET CLR 3.0.30729; Media Center PC 6.0; InfoPath.3; .NET4.0C; .NET4.0E; Tablet PC 2.0; AskTbFXTV5/5.14.1.20007)" 21719
192.168.74.91 - - [17/Feb/2013:07:08:00 +0600] "GET /pause/ajaxPause?pauseConfigId=&admin=0 HTTP/1.1" 200 986 "http://callider/pause/index" "Mozilla/4.0 (compatible; MSIE 7.0; Windows NT 6.1; WOW64; Trident/5.0; SLCC2; .NET CLR 2.0.50727; .NET CLR 3.5.30729; .NET CLR 3.0.30729; Media Center PC 6.0; InfoPath.3; .NET4.0C; MS-RTC LM 8; .NET4.0E)" 17095
192.168.74.151 - - [17/Feb/2013:07:08:00 +0600] "GET /pause/ajaxPause?pauseConfigId=&admin=0 HTTP/1.1" 200 987 "http://callider.kontur/pause/index" "Mozilla/5.0 (Windows NT 6.1; WOW64; rv:18.0) Gecko/20100101 Firefox/18.0" 24295
192.168.12.210 - - [17/Feb/2013:07:08:00 +0600] "GET /pause/ajaxPause?pauseConfigId=all&admin=1 HTTP/1.1" 200 1047 "http://callider/pause/index" "Mozilla/4.0 (compatible; MSIE 7.0; Windows NT 6.1; WOW64; Trident/5.0; SLCC2; .NET CLR 2.0.50727; .NET CLR 3.5.30729; .NET CLR 3.0.30729; Media Center PC 6.0; InfoPath.3; .NET4.0C; .NET4.0E)" 21233
192.168.12.60 - - [17/Feb/2013:07:08:01 +0600] "GET /pause/ajaxPause?pauseConfigId=&admin=0 HTTP/1.1" 200 986 "http://callider/pause/index" "Mozilla/4.0 (compatible; MSIE 8.0; Windows NT 6.1; Trident/4.0; InfoPath.3; .NET4.0C; MS-RTC LM 8; .NET4.0E)" 20423
192.168.12.204 - - [17/Feb/2013:07:08:01 +0600] "GET /pause/ajaxPause?pauseConfigId=&admin=0 HTTP/1.1" 200 986 "http://callider/pause/index" "Mozilla/4.0 (compatible; MSIE 7.0; Windows NT 6.1; WOW64; Trident/4.0; SLCC2; .NET CLR 2.0.50727; .NET CLR 3.5.30729; .NET CLR 3.0.30729; Media Center PC 6.0; InfoPath.3; .NET4.0C; .NET4.0E; .NET CLR 1.1.4322)" 20866
192.168.65.56 - - [17/Feb/2013:07:08:01 +0600] "GET /pause/ajaxPause?pauseConfigId=all&admin=1 HTTP/1.1" 200 1046 "http://192.168.65.101/pause/index" "Mozilla/5.0 (Windows NT 5.1; rv:15.0) Gecko/20100101 Firefox/15.0" 151571
192.168.74.78 - - [17/Feb/2013:07:08:04 +0600] "GET /pause/ajaxPause?pauseConfigId=&admin=0 HTTP/1.1" 200 986 "http://callider/pause/index" "Mozilla/4.0 (compatible; MSIE 7.0; Windows NT 6.1; WOW64; Trident/5.0; SLCC2; .NET CLR 2.0.50727; .NET CLR 3.5.30729; .NET CLR 3.0.30729; Media Center PC 6.0; InfoPath.3; .NET4.0C; MS-RTC LM 8; .NET4.0E)" 20911
192.168.12.61 - - [17/Feb/2013:07:08:04 +0600] "GET /pause/ajaxPause?pauseConfigId=&admin=0 HTTP/1.1" 200 986 "http://callider/pause/index" "Mozilla/4.0 (compatible; MSIE 7.0; Windows NT 6.1; Trident/5.0; SLCC2; .NET CLR 2.0.50727; .NET CLR 3.5.30729; .NET CLR 3.0.30729; Media Center PC 6.0; InfoPath.3; .NET4.0C; .NET4.0E)" 31916
192.168.12.69 - - [17/Feb/2013:07:08:05 +0600] "GET /pause/ajaxPause?pauseConfigId=&admin=0 HTTP/1.1" 200 986 "http://callider/pause/index" "Mozilla/4.0 (compatible; MSIE 7.0; Windows NT 6.1; Trident/5.0; SLCC2; .NET CLR 2.0.50727; .NET CLR 3.5.30729; .NET CLR 3.0.30729; Media Center PC 6.0; InfoPath.3; .NET4.0C; .NET4.0E; Tablet PC 2.0; AskTbFXTV5/5.14.1.20007)" 21522
192.168.12.61 - - [17/Feb/2013:07:08:05 +0600] "GET /tv/useUser HTTP/1.1" 200 431 "http://callider/pause/index" "Mozilla/4.0 (compatible; MSIE 7.0; Windows NT 6.1; Trident/5.0; SLCC2; .NET CLR 2.0.50727; .NET CLR 3.5.30729; .NET CLR 3.0.30729; Media Center PC 6.0; InfoPath.3; .NET4.0C; .NET4.0E)" 8544
192.168.74.91 - - [17/Feb/2013:07:08:05 +0600] "GET /pause/ajaxPause?pauseConfigId=&admin=0 HTTP/1.1" 200 986 "http://callider/pause/index" "Mozilla/4.0 (compatible; MSIE 7.0; Windows NT 6.1; WOW64; Trident/5.0; SLCC2; .NET CLR 2.0.50727; .NET CLR 3.5.30729; .NET CLR 3.0.30729; Media Center PC 6.0; InfoPath.3; .NET4.0C; MS-RTC LM 8; .NET4.0E)" 18744
192.168.74.151 - - [17/Feb/2013:07:08:05 +0600] "GET /pause/ajaxPause?pauseConfigId=&admin=0 HTTP/1.1" 200 987 "http://callider.kontur/pause/index" "Mozilla/5.0 (Windows NT 6.1; WOW64; rv:18.0) Gecko/20100101 Firefox/18.0" 18719
192.168.12.210 - - [17/Feb/2013:07:08:05 +0600] "GET /pause/ajaxPause?pauseConfigId=all&admin=1 HTTP/1.1" 200 1047 "http://callider/pause/index" "Mozilla/4.0 (compatible; MSIE 7.0; Windows NT 6.1; WOW64; Trident/5.0; SLCC2; .NET CLR 2.0.50727; .NET CLR 3.5.30729; .NET CLR 3.0.30729; Media Center PC 6.0; InfoPath.3; .NET4.0C; .NET4.0E)" 19958
192.168.12.60 - - [17/Feb/2013:07:08:06 +0600] "GET /pause/ajaxPause?pauseConfigId=&admin=0 HTTP/1.1" 200 986 "http://callider/pause/index" "Mozilla/4.0 (compatible; MSIE 8.0; Windows NT 6.1; Trident/4.0; InfoPath.3; .NET4.0C; MS-RTC LM 8; .NET4.0E)" 16021
192.168.12.204 - - [17/Feb/2013:07:08:06 +0600] "GET /pause/ajaxPause?pauseConfigId=&admin=0 HTTP/1.1" 200 986 "http://callider/pause/index" "Mozilla/4.0 (compatible; MSIE 7.0; Windows NT 6.1; WOW64; Trident/4.0; SLCC2; .NET CLR 2.0.50727; .NET CLR 3.5.30729; .NET CLR 3.0.30729; Media Center PC 6.0; InfoPath.3; .NET4.0C; .NET4.0E; .NET CLR 1.1.4322)" 88530
192.168.65.56 - - [17/Feb/2013:07:08:06 +0600] "GET /pause/ajaxPause?pauseConfigId=all&admin=1 HTTP/1.1" 200 1046 "http://192.168.65.101/pause/index" "Mozilla/5.0 (Windows NT 5.1; rv:15.0) Gecko/20100101 Firefox/15.0" 31157
192.168.12.61 - - [17/Feb/2013:07:08:09 +0600] "GET /pause/ajaxPause?pauseConfigId=&admin=0 HTTP/1.1" 200 985 "http://callider/pause/index" "Mozilla/4.0 (compatible; MSIE 7.0; Windows NT 6.1; Trident/5.0; SLCC2; .NET CLR 2.0.50727; .NET CLR 3.5.30729; .NET CLR 3.0.30729; Media Center PC 6.0; InfoPath.3; .NET4.0C; .NET4.0E)" 20701
192.168.74.78 - - [17/Feb/2013:07:08:09 +0600] "GET /pause/ajaxPause?pauseConfigId=&admin=0 HTTP/1.1" 200 986 "http://callider/pause/index" "Mozilla/4.0 (compatible; MSIE 7.0; Windows NT 6.1; WOW64; Trident/5.0; SLCC2; .NET CLR 2.0.50727; .NET CLR 3.5.30729; .NET CLR 3.0.30729; Media Center PC 6.0; InfoPath.3; .NET4.0C; MS-RTC LM 8; .NET4.0E)" 20533
192.168.12.69 - - [17/Feb/2013:07:08:10 +0600] "GET /pause/ajaxPause?pauseConfigId=&admin=0 HTTP/1.1" 200 986 "http://callider/pause/index" "Mozilla/4.0 (compatible; MSIE 7.0; Windows NT 6.1; Trident/5.0; SLCC2; .NET CLR 2.0.50727; .NET CLR 3.5.30729; .NET CLR 3.0.30729; Media Center PC 6.0; InfoPath.3; .NET4.0C; .NET4.0E; Tablet PC 2.0; AskTbFXTV5/5.14.1.20007)" 22091
192.168.74.91 - - [17/Feb/2013:07:08:10 +0600] "GET /pause/ajaxPause?pauseConfigId=&admin=0 HTTP/1.1" 200 986 "http://callider/pause/index" "Mozilla/4.0 (compatible; MSIE 7.0; Windows NT 6.1; WOW64; Trident/5.0; SLCC2; .NET CLR 2.0.50727; .NET CLR 3.5.30729; .NET CLR 3.0.30729; Media Center PC 6.0; InfoPath.3; .NET4.0C; MS-RTC LM 8; .NET4.0E)" 113628
192.168.74.151 - - [17/Feb/2013:07:08:10 +0600] "GET /pause/ajaxPause?pauseConfigId=&admin=0 HTTP/1.1" 200 987 "http://callider.kontur/pause/index" "Mozilla/5.0 (Windows NT 6.1; WOW64; rv:18.0) Gecko/20100101 Firefox/18.0" 74315
192.168.12.210 - - [17/Feb/2013:07:08:10 +0600] "GET /pause/ajaxPause?pauseConfigId=all&admin=1 HTTP/1.1" 200 1047 "http://callider/pause/index" "Mozilla/4.0 (compatible; MSIE 7.0; Windows NT 6.1; WOW64; Trident/5.0; SLCC2; .NET CLR 2.0.50727; .NET CLR 3.5.30729; .NET CLR 3.0.30729; Media Center PC 6.0; InfoPath.3; .NET4.0C; .NET4.0E)" 19729
192.168.12.60 - - [17/Feb/2013:07:08:11 +0600] "GET /pause/ajaxPause?pauseConfigId=&admin=0 HTTP/1.1" 200 986 "http://callider/pause/index" "Mozilla/4.0 (compatible; MSIE 8.0; Windows NT 6.1; Trident/4.0; InfoPath.3; .NET4.0C; MS-RTC LM 8; .NET4.0E)" 16013
192.168.12.42 - - [17/Feb/2013:07:08:11 +0600] "GET /tv/useUser HTTP/1.1" 200 432 "http://callider/graph/personal" "Mozilla/4.0 (compatible; MSIE 7.0; Windows NT 6.1; WOW64; Trident/5.0; SLCC2; .NET CLR 2.0.50727; .NET CLR 3.5.30729; .NET CLR 3.0.30729; Media Center PC 6.0; InfoPath.3; .NET4.0C; .NET4.0E)" 17114
192.168.12.204 - - [17/Feb/2013:07:08:11 +0600] "GET /pause/ajaxPause?pauseConfigId=&admin=0 HTTP/1.1" 200 986 "http://callider/pause/index" "Mozilla/4.0 (compatible; MSIE 7.0; Windows NT 6.1; WOW64; Trident/4.0; SLCC2; .NET CLR 2.0.50727; .NET CLR 3.5.30729; .NET CLR 3.0.30729; Media Center PC 6.0; InfoPath.3; .NET4.0C; .NET4.0E; .NET CLR 1.1.4322)" 19174
192.168.65.56 - - [17/Feb/2013:07:08:11 +0600] "GET /pause/ajaxPause?pauseConfigId=all&admin=1 HTTP/1.1" 200 1046 "http://192.168.65.101/pause/index" "Mozilla/5.0 (Windows NT 5.1; rv:15.0) Gecko/20100101 Firefox/15.0" 29299
192.168.74.151 - - [17/Feb/2013:07:08:13 +0600] "GET /tv/useUser HTTP/1.1" 200 431 "http://callider.kontur/graph/general" "Mozilla/5.0 (Windows NT 6.1; WOW64; rv:18.0) Gecko/20100101 Firefox/18.0" 9210
192.168.74.78 - - [17/Feb/2013:07:08:14 +0600] "GET /pause/ajaxPause?pauseConfigId=&admin=0 HTTP/1.1" 200 986 "http://callider/pause/index" "Mozilla/4.0 (compatible; MSIE 7.0; Windows NT 6.1; WOW64; Trident/5.0; SLCC2; .NET CLR 2.0.50727; .NET CLR 3.5.30729; .NET CLR 3.0.30729; Media Center PC 6.0; InfoPath.3; .NET4.0C; MS-RTC LM 8; .NET4.0E)" 21394
192.168.12.61 - - [17/Feb/2013:07:08:14 +0600] "GET /pause/ajaxPause?pauseConfigId=&admin=0 HTTP/1.1" 200 986 "http://callider/pause/index" "Mozilla/4.0 (compatible; MSIE 7.0; Windows NT 6.1; Trident/5.0; SLCC2; .NET CLR 2.0.50727; .NET CLR 3.5.30729; .NET CLR 3.0.30729; Media Center PC 6.0; InfoPath.3; .NET4.0C; .NET4.0E)" 30853
192.168.74.91 - - [17/Feb/2013:07:08:15 +0600] "GET /pause/ajaxPause?pauseConfigId=&admin=0 HTTP/1.1" 200 986 "http://callider/pause/index" "Mozilla/4.0 (compatible; MSIE 7.0; Windows NT 6.1; WOW64; Trident/5.0; SLCC2; .NET CLR 2.0.50727; .NET CLR 3.5.30729; .NET CLR 3.0.30729; Media Center PC 6.0; InfoPath.3; .NET4.0C; MS-RTC LM 8; .NET4.0E)" 32365
192.168.12.69 - - [17/Feb/2013:07:08:15 +0600] "GET /pause/ajaxPause?pauseConfigId=&admin=0 HTTP/1.1" 200 986 "http://callider/pause/index" "Mozilla/4.0 (compatible; MSIE 7.0; Windows NT 6.1; Trident/5.0; SLCC2; .NET CLR 2.0.50727; .NET CLR 3.5.30729; .NET CLR 3.0.30729; Media Center PC 6.0; InfoPath.3; .NET4.0C; .NET4.0E; Tablet PC 2.0; AskTbFXTV5/5.14.1.20007)" 282163
192.168.74.151 - - [17/Feb/2013:07:08:15 +0600] "GET /pause/ajaxPause?pauseConfigId=&admin=0 HTTP/1.1" 200 987 "http://callider.kontur/pause/index" "Mozilla/5.0 (Windows NT 6.1; WOW64; rv:18.0) Gecko/20100101 Firefox/18.0" 20792
192.168.74.151 - - [17/Feb/2013:07:08:15 +0600] "GET /tv/useUser HTTP/1.1" 200 432 "http://callider.kontur/pause/index" "Mozilla/5.0 (Windows NT 6.1; WOW64; rv:18.0) Gecko/20100101 Firefox/18.0" 14428
192.168.12.210 - - [17/Feb/2013:07:08:15 +0600] "GET /pause/ajaxPause?pauseConfigId=all&admin=1 HTTP/1.1" 200 1047 "http://callider/pause/index" "Mozilla/4.0 (compatible; MSIE 7.0; Windows NT 6.1; WOW64; Trident/5.0; SLCC2; .NET CLR 2.0.50727; .NET CLR 3.5.30729; .NET CLR 3.0.30729; Media Center PC 6.0; InfoPath.3; .NET4.0C; .NET4.0E)" 22020
192.168.12.60 - - [17/Feb/2013:07:08:16 +0600] "GET /pause/ajaxPause?pauseConfigId=&admin=0 HTTP/1.1" 200 986 "http://callider/pause/index" "Mozilla/4.0 (compatible; MSIE 8.0; Windows NT 6.1; Trident/4.0; InfoPath.3; .NET4.0C; MS-RTC LM 8; .NET4.0E)" 16446
192.168.12.204 - - [17/Feb/2013:07:08:16 +0600] "GET /pause/ajaxPause?pauseConfigId=&admin=0 HTTP/1.1" 200 986 "http://callider/pause/index" "Mozilla/4.0 (compatible; MSIE 7.0; Windows NT 6.1; WOW64; Trident/4.0; SLCC2; .NET CLR 2.0.50727; .NET CLR 3.5.30729; .NET CLR 3.0.30729; Media Center PC 6.0; InfoPath.3; .NET4.0C; .NET4.0E; .NET CLR 1.1.4322)" 20248
192.168.65.56 - - [17/Feb/2013:07:08:16 +0600] "GET /pause/ajaxPause?pauseConfigId=all&admin=1 HTTP/1.1" 200 1046 "http://192.168.65.101/pause/index" "Mozilla/5.0 (Windows NT 5.1; rv:15.0) Gecko/20100101 Firefox/15.0" 38397
192.168.12.61 - - [17/Feb/2013:07:08:19 +0600] "GET /pause/ajaxPause?pauseConfigId=&admin=0 HTTP/1.1" 200 985 "http://callider/pause/index" "Mozilla/4.0 (compatible; MSIE 7.0; Windows NT 6.1; Trident/5.0; SLCC2; .NET CLR 2.0.50727; .NET CLR 3.5.30729; .NET CLR 3.0.30729; Media Center PC 6.0; InfoPath.3; .NET4.0C; .NET4.0E)" 19921
192.168.74.78 - - [17/Feb/2013:07:08:19 +0600] "GET /pause/ajaxPause?pauseConfigId=&admin=0 HTTP/1.1" 200 986 "http://callider/pause/index" "Mozilla/4.0 (compatible; MSIE 7.0; Windows NT 6.1; WOW64; Trident/5.0; SLCC2; .NET CLR 2.0.50727; .NET CLR 3.5.30729; .NET CLR 3.0.30729; Media Center PC 6.0; InfoPath.3; .NET4.0C; MS-RTC LM 8; .NET4.0E)" 19602
192.168.12.10 - - [17/Feb/2013:07:08:19 +0600] "GET /tv/useUser HTTP/1.1" 200 432 "http://callider/graph/personal" "Mozilla/4.0 (compatible; MSIE 7.0; Windows NT 6.1; Trident/5.0; SLCC2; .NET CLR 2.0.50727; .NET CLR 3.5.30729; .NET CLR 3.0.30729; Media Center PC 6.0; InfoPath.3; .NET4.0C; .NET4.0E; Tablet PC 2.0; MS-RTC LM 8)" 14177
192.168.12.108 - - [17/Feb/2013:07:08:19 +0600] "GET /tv/useUser HTTP/1.1" 200 432 "http://callider/index.php" "Mozilla/4.0 (compatible; MSIE 7.0; Windows NT 6.2; WOW64; Trident/6.0; .NET4.0E; .NET4.0C; InfoPath.3; .NET CLR 3.5.30729; .NET CLR 2.0.50727; .NET CLR 3.0.30729)" 15452
192.168.12.69 - - [17/Feb/2013:07:08:20 +0600] "GET /pause/ajaxPause?pauseConfigId=&admin=0 HTTP/1.1" 200 986 "http://callider/pause/index" "Mozilla/4.0 (compatible; MSIE 7.0; Windows NT 6.1; Trident/5.0; SLCC2; .NET CLR 2.0.50727; .NET CLR 3.5.30729; .NET CLR 3.0.30729; Media Center PC 6.0; InfoPath.3; .NET4.0C; .NET4.0E; Tablet PC 2.0; AskTbFXTV5/5.14.1.20007)" 29287
192.168.74.91 - - [17/Feb/2013:07:08:20 +0600] "GET /pause/ajaxPause?pauseConfigId=&admin=0 HTTP/1.1" 200 986 "http://callider/pause/index" "Mozilla/4.0 (compatible; MSIE 7.0; Windows NT 6.1; WOW64; Trident/5.0; SLCC2; .NET CLR 2.0.50727; .NET CLR 3.5.30729; .NET CLR 3.0.30729; Media Center PC 6.0; InfoPath.3; .NET4.0C; MS-RTC LM 8; .NET4.0E)" 20132
192.168.74.151 - - [17/Feb/2013:07:08:20 +0600] "GET /pause/ajaxPause?pauseConfigId=&admin=0 HTTP/1.1" 200 987 "http://callider.kontur/pause/index" "Mozilla/5.0 (Windows NT 6.1; WOW64; rv:18.0) Gecko/20100101 Firefox/18.0" 22970
192.168.12.210 - - [17/Feb/2013:07:08:20 +0600] "GET /pause/ajaxPause?pauseConfigId=all&admin=1 HTTP/1.1" 200 1047 "http://callider/pause/index" "Mozilla/4.0 (compatible; MSIE 7.0; Windows NT 6.1; WOW64; Trident/5.0; SLCC2; .NET CLR 2.0.50727; .NET CLR 3.5.30729; .NET CLR 3.0.30729; Media Center PC 6.0; InfoPath.3; .NET4.0C; .NET4.0E)" 22887
192.168.12.60 - - [17/Feb/2013:07:08:21 +0600] "GET /pause/ajaxPause?pauseConfigId=&admin=0 HTTP/1.1" 200 986 "http://callider/pause/index" "Mozilla/4.0 (compatible; MSIE 8.0; Windows NT 6.1; Trident/4.0; InfoPath.3; .NET4.0C; MS-RTC LM 8; .NET4.0E)" 17041
192.168.12.204 - - [17/Feb/2013:07:08:21 +0600] "GET /pause/ajaxPause?pauseConfigId=&admin=0 HTTP/1.1" 200 986 "http://callider/pause/index" "Mozilla/4.0 (compatible; MSIE 7.0; Windows NT 6.1; WOW64; Trident/4.0; SLCC2; .NET CLR 2.0.50727; .NET CLR 3.5.30729; .NET CLR 3.0.30729; Media Center PC 6.0; InfoPath.3; .NET4.0C; .NET4.0E; .NET CLR 1.1.4322)" 24764
192.168.65.56 - - [17/Feb/2013:07:08:21 +0600] "GET /pause/ajaxPause?pauseConfigId=all&admin=1 HTTP/1.1" 200 1046 "http://192.168.65.101/pause/index" "Mozilla/5.0 (Windows NT 5.1; rv:15.0) Gecko/20100101 Firefox/15.0" 32948
192.168.74.78 - - [17/Feb/2013:07:08:24 +0600] "GET /pause/ajaxPause?pauseConfigId=&admin=0 HTTP/1.1" 200 986 "http://callider/pause/index" "Mozilla/4.0 (compatible; MSIE 7.0; Windows NT 6.1; WOW64; Trident/5.0; SLCC2; .NET CLR 2.0.50727; .NET CLR 3.5.30729; .NET CLR 3.0.30729; Media Center PC 6.0; InfoPath.3; .NET4.0C; MS-RTC LM 8; .NET4.0E)" 22581
192.168.12.61 - - [17/Feb/2013:07:08:24 +0600] "GET /pause/ajaxPause?pauseConfigId=&admin=0 HTTP/1.1" 200 986 "http://callider/pause/index" "Mozilla/4.0 (compatible; MSIE 7.0; Windows NT 6.1; Trident/5.0; SLCC2; .NET CLR 2.0.50727; .NET CLR 3.5.30729; .NET CLR 3.0.30729; Media Center PC 6.0; InfoPath.3; .NET4.0C; .NET4.0E)" 35187
192.168.12.69 - - [17/Feb/2013:07:08:25 +0600] "GET /pause/ajaxPause?pauseConfigId=&admin=0 HTTP/1.1" 200 986 "http://callider/pause/index" "Mozilla/4.0 (compatible; MSIE 7.0; Windows NT 6.1; Trident/5.0; SLCC2; .NET CLR 2.0.50727; .NET CLR 3.5.30729; .NET CLR 3.0.30729; Media Center PC 6.0; InfoPath.3; .NET4.0C; .NET4.0E; Tablet PC 2.0; AskTbFXTV5/5.14.1.20007)" 66171
192.168.74.91 - - [17/Feb/2013:07:08:25 +0600] "GET /pause/ajaxPause?pauseConfigId=&admin=0 HTTP/1.1" 200 986 "http://callider/pause/index" "Mozilla/4.0 (compatible; MSIE 7.0; Windows NT 6.1; WOW64; Trident/5.0; SLCC2; .NET CLR 2.0.50727; .NET CLR 3.5.30729; .NET CLR 3.0.30729; Media Center PC 6.0; InfoPath.3; .NET4.0C; MS-RTC LM 8; .NET4.0E)" 21097
192.168.74.151 - - [17/Feb/2013:07:08:25 +0600] "GET /pause/ajaxPause?pauseConfigId=&admin=0 HTTP/1.1" 200 987 "http://callider.kontur/pause/index" "Mozilla/5.0 (Windows NT 6.1; WOW64; rv:18.0) Gecko/20100101 Firefox/18.0" 20507
192.168.12.210 - - [17/Feb/2013:07:08:25 +0600] "GET /pause/ajaxPause?pauseConfigId=all&admin=1 HTTP/1.1" 200 1047 "http://callider/pause/index" "Mozilla/4.0 (compatible; MSIE 7.0; Windows NT 6.1; WOW64; Trident/5.0; SLCC2; .NET CLR 2.0.50727; .NET CLR 3.5.30729; .NET CLR 3.0.30729; Media Center PC 6.0; InfoPath.3; .NET4.0C; .NET4.0E)" 73840
192.168.12.60 - - [17/Feb/2013:07:08:26 +0600] "GET /pause/ajaxPause?pauseConfigId=&admin=0 HTTP/1.1" 200 986 "http://callider/pause/index" "Mozilla/4.0 (compatible; MSIE 8.0; Windows NT 6.1; Trident/4.0; InfoPath.3; .NET4.0C; MS-RTC LM 8; .NET4.0E)" 18221
192.168.12.204 - - [17/Feb/2013:07:08:26 +0600] "GET /pause/ajaxPause?pauseConfigId=&admin=0 HTTP/1.1" 200 986 "http://callider/pause/index" "Mozilla/4.0 (compatible; MSIE 7.0; Windows NT 6.1; WOW64; Trident/4.0; SLCC2; .NET CLR 2.0.50727; .NET CLR 3.5.30729; .NET CLR 3.0.30729; Media Center PC 6.0; InfoPath.3; .NET4.0C; .NET4.0E; .NET CLR 1.1.4322)" 20744
192.168.65.56 - - [17/Feb/2013:07:08:26 +0600] "GET /pause/ajaxPause?pauseConfigId=all&admin=1 HTTP/1.1" 200 1046 "http://192.168.65.101/pause/index" "Mozilla/5.0 (Windows NT 5.1; rv:15.0) Gecko/20100101 Firefox/15.0" 59427
192.168.74.78 - - [17/Feb/2013:07:08:29 +0600] "GET /pause/ajaxPause?pauseConfigId=&admin=0 HTTP/1.1" 200 986 "http://callider/pause/index" "Mozilla/4.0 (compatible; MSIE 7.0; Windows NT 6.1; WOW64; Trident/5.0; SLCC2; .NET CLR 2.0.50727; .NET CLR 3.5.30729; .NET CLR 3.0.30729; Media Center PC 6.0; InfoPath.3; .NET4.0C; MS-RTC LM 8; .NET4.0E)" 45229
192.168.12.61 - - [17/Feb/2013:07:08:29 +0600] "GET /pause/ajaxPause?pauseConfigId=&admin=0 HTTP/1.1" 200 985 "http://callider/pause/index" "Mozilla/4.0 (compatible; MSIE 7.0; Windows NT 6.1; Trident/5.0; SLCC2; .NET CLR 2.0.50727; .NET CLR 3.5.30729; .NET CLR 3.0.30729; Media Center PC 6.0; InfoPath.3; .NET4.0C; .NET4.0E)" 19555
192.168.12.69 - - [17/Feb/2013:07:08:30 +0600] "GET /pause/ajaxPause?pauseConfigId=&admin=0 HTTP/1.1" 200 986 "http://callider/pause/index" "Mozilla/4.0 (compatible; MSIE 7.0; Windows NT 6.1; Trident/5.0; SLCC2; .NET CLR 2.0.50727; .NET CLR 3.5.30729; .NET CLR 3.0.30729; Media Center PC 6.0; InfoPath.3; .NET4.0C; .NET4.0E; Tablet PC 2.0; AskTbFXTV5/5.14.1.20007)" 18988
192.168.74.91 - - [17/Feb/2013:07:08:30 +0600] "GET /pause/ajaxPause?pauseConfigId=&admin=0 HTTP/1.1" 200 986 "http://callider/pause/index" "Mozilla/4.0 (compatible; MSIE 7.0; Windows NT 6.1; WOW64; Trident/5.0; SLCC2; .NET CLR 2.0.50727; .NET CLR 3.5.30729; .NET CLR 3.0.30729; Media Center PC 6.0; InfoPath.3; .NET4.0C; MS-RTC LM 8; .NET4.0E)" 21818
192.168.74.151 - - [17/Feb/2013:07:08:30 +0600] "GET /pause/ajaxPause?pauseConfigId=&admin=0 HTTP/1.1" 200 987 "http://callider.kontur/pause/index" "Mozilla/5.0 (Windows NT 6.1; WOW64; rv:18.0) Gecko/20100101 Firefox/18.0" 20402
192.168.12.210 - - [17/Feb/2013:07:08:30 +0600] "GET /pause/ajaxPause?pauseConfigId=all&admin=1 HTTP/1.1" 200 1047 "http://callider/pause/index" "Mozilla/4.0 (compatible; MSIE 7.0; Windows NT 6.1; WOW64; Trident/5.0; SLCC2; .NET CLR 2.0.50727; .NET CLR 3.5.30729; .NET CLR 3.0.30729; Media Center PC 6.0; InfoPath.3; .NET4.0C; .NET4.0E)" 26841
192.168.12.60 - - [17/Feb/2013:07:08:31 +0600] "GET /pause/ajaxPause?pauseConfigId=&admin=0 HTTP/1.1" 200 986 "http://callider/pause/index" "Mozilla/4.0 (compatible; MSIE 8.0; Windows NT 6.1; Trident/4.0; InfoPath.3; .NET4.0C; MS-RTC LM 8; .NET4.0E)" 22230
192.168.12.204 - - [17/Feb/2013:07:08:31 +0600] "GET /pause/ajaxPause?pauseConfigId=&admin=0 HTTP/1.1" 200 986 "http://callider/pause/index" "Mozilla/4.0 (compatible; MSIE 7.0; Windows NT 6.1; WOW64; Trident/4.0; SLCC2; .NET CLR 2.0.50727; .NET CLR 3.5.30729; .NET CLR 3.0.30729; Media Center PC 6.0; InfoPath.3; .NET4.0C; .NET4.0E; .NET CLR 1.1.4322)" 19819
192.168.65.56 - - [17/Feb/2013:07:08:31 +0600] "GET /pause/ajaxPause?pauseConfigId=all&admin=1 HTTP/1.1" 200 1046 "http://192.168.65.101/pause/index" "Mozilla/5.0 (Windows NT 5.1; rv:15.0) Gecko/20100101 Firefox/15.0" 32064
192.168.74.78 - - [17/Feb/2013:07:08:34 +0600] "GET /pause/ajaxPause?pauseConfigId=&admin=0 HTTP/1.1" 200 986 "http://callider/pause/index" "Mozilla/4.0 (compatible; MSIE 7.0; Windows NT 6.1; WOW64; Trident/5.0; SLCC2; .NET CLR 2.0.50727; .NET CLR 3.5.30729; .NET CLR 3.0.30729; Media Center PC 6.0; InfoPath.3; .NET4.0C; MS-RTC LM 8; .NET4.0E)" 21752
192.168.12.61 - - [17/Feb/2013:07:08:34 +0600] "GET /pause/ajaxPause?pauseConfigId=&admin=0 HTTP/1.1" 200 985 "http://callider/pause/index" "Mozilla/4.0 (compatible; MSIE 7.0; Windows NT 6.1; Trident/5.0; SLCC2; .NET CLR 2.0.50727; .NET CLR 3.5.30729; .NET CLR 3.0.30729; Media Center PC 6.0; InfoPath.3; .NET4.0C; .NET4.0E)" 17392
192.168.12.67 - - [17/Feb/2013:07:08:34 +0600] "GET /tv/useUser HTTP/1.1" 200 432 "http://callider/graph/personal" "Mozilla/4.0 (compatible; MSIE 7.0; Windows NT 6.1; Trident/5.0; SLCC2; .NET CLR 2.0.50727; .NET CLR 3.5.30729; .NET CLR 3.0.30729; Media Center PC 6.0; .NET4.0C; .NET4.0E; InfoPath.3; Tablet PC 2.0; MS-RTC LM 8)" 16655
192.168.12.69 - - [17/Feb/2013:07:08:35 +0600] "GET /pause/ajaxPause?pauseConfigId=&admin=0 HTTP/1.1" 200 986 "http://callider/pause/index" "Mozilla/4.0 (compatible; MSIE 7.0; Windows NT 6.1; Trident/5.0; SLCC2; .NET CLR 2.0.50727; .NET CLR 3.5.30729; .NET CLR 3.0.30729; Media Center PC 6.0; InfoPath.3; .NET4.0C; .NET4.0E; Tablet PC 2.0; AskTbFXTV5/5.14.1.20007)" 224606
192.168.74.91 - - [17/Feb/2013:07:08:35 +0600] "GET /pause/ajaxPause?pauseConfigId=&admin=0 HTTP/1.1" 200 986 "http://callider/pause/index" "Mozilla/4.0 (compatible; MSIE 7.0; Windows NT 6.1; WOW64; Trident/5.0; SLCC2; .NET CLR 2.0.50727; .NET CLR 3.5.30729; .NET CLR 3.0.30729; Media Center PC 6.0; InfoPath.3; .NET4.0C; MS-RTC LM 8; .NET4.0E)" 19588
192.168.74.151 - - [17/Feb/2013:07:08:35 +0600] "GET /pause/ajaxPause?pauseConfigId=&admin=0 HTTP/1.1" 200 987 "http://callider.kontur/pause/index" "Mozilla/5.0 (Windows NT 6.1; WOW64; rv:18.0) Gecko/20100101 Firefox/18.0" 17491
192.168.12.210 - - [17/Feb/2013:07:08:35 +0600] "GET /pause/ajaxPause?pauseConfigId=all&admin=1 HTTP/1.1" 200 1047 "http://callider/pause/index" "Mozilla/4.0 (compatible; MSIE 7.0; Windows NT 6.1; WOW64; Trident/5.0; SLCC2; .NET CLR 2.0.50727; .NET CLR 3.5.30729; .NET CLR 3.0.30729; Media Center PC 6.0; InfoPath.3; .NET4.0C; .NET4.0E)" 22750
192.168.12.60 - - [17/Feb/2013:07:08:36 +0600] "GET /pause/ajaxPause?pauseConfigId=&admin=0 HTTP/1.1" 200 986 "http://callider/pause/index" "Mozilla/4.0 (compatible; MSIE 8.0; Windows NT 6.1; Trident/4.0; InfoPath.3; .NET4.0C; MS-RTC LM 8; .NET4.0E)" 16351
192.168.12.204 - - [17/Feb/2013:07:08:36 +0600] "GET /pause/ajaxPause?pauseConfigId=&admin=0 HTTP/1.1" 200 986 "http://callider/pause/index" "Mozilla/4.0 (compatible; MSIE 7.0; Windows NT 6.1; WOW64; Trident/4.0; SLCC2; .NET CLR 2.0.50727; .NET CLR 3.5.30729; .NET CLR 3.0.30729; Media Center PC 6.0; InfoPath.3; .NET4.0C; .NET4.0E; .NET CLR 1.1.4322)" 18935
192.168.65.56 - - [17/Feb/2013:07:08:36 +0600] "GET /pause/ajaxPause?pauseConfigId=all&admin=1 HTTP/1.1" 200 1046 "http://192.168.65.101/pause/index" "Mozilla/5.0 (Windows NT 5.1; rv:15.0) Gecko/20100101 Firefox/15.0" 33392
192.168.74.93 - - [17/Feb/2013:07:08:38 +0600] "GET /tv/useUser HTTP/1.1" 200 432 "http://callider/graph/personal" "Mozilla/4.0 (compatible; MSIE 7.0; Windows NT 6.1; WOW64; Trident/5.0; SLCC2; .NET CLR 2.0.50727; .NET CLR 3.5.30729; .NET CLR 3.0.30729; Media Center PC 6.0; InfoPath.3; .NET4.0C; .NET4.0E)" 14565
192.168.12.210 - - [17/Feb/2013:07:08:39 +0600] "GET /tv/useUser HTTP/1.1" 200 431 "http://callider/graph/general" "Mozilla/4.0 (compatible; MSIE 7.0; Windows NT 6.1; WOW64; Trident/5.0; SLCC2; .NET CLR 2.0.50727; .NET CLR 3.5.30729; .NET CLR 3.0.30729; Media Center PC 6.0; InfoPath.3; .NET4.0C; .NET4.0E)" 13880
192.168.74.78 - - [17/Feb/2013:07:08:39 +0600] "GET /pause/ajaxPause?pauseConfigId=&admin=0 HTTP/1.1" 200 986 "http://callider/pause/index" "Mozilla/4.0 (compatible; MSIE 7.0; Windows NT 6.1; WOW64; Trident/5.0; SLCC2; .NET CLR 2.0.50727; .NET CLR 3.5.30729; .NET CLR 3.0.30729; Media Center PC 6.0; InfoPath.3; .NET4.0C; MS-RTC LM 8; .NET4.0E)" 19662
192.168.12.61 - - [17/Feb/2013:07:08:39 +0600] "GET /pause/ajaxPause?pauseConfigId=&admin=0 HTTP/1.1" 200 986 "http://callider/pause/index" "Mozilla/4.0 (compatible; MSIE 7.0; Windows NT 6.1; Trident/5.0; SLCC2; .NET CLR 2.0.50727; .NET CLR 3.5.30729; .NET CLR 3.0.30729; Media Center PC 6.0; InfoPath.3; .NET4.0C; .NET4.0E)" 43994
192.168.12.69 - - [17/Feb/2013:07:08:40 +0600] "GET /pause/ajaxPause?pauseConfigId=&admin=0 HTTP/1.1" 200 986 "http://callider/pause/index" "Mozilla/4.0 (compatible; MSIE 7.0; Windows NT 6.1; Trident/5.0; SLCC2; .NET CLR 2.0.50727; .NET CLR 3.5.30729; .NET CLR 3.0.30729; Media Center PC 6.0; InfoPath.3; .NET4.0C; .NET4.0E; Tablet PC 2.0; AskTbFXTV5/5.14.1.20007)" 21121
192.168.74.91 - - [17/Feb/2013:07:08:40 +0600] "GET /pause/ajaxPause?pauseConfigId=&admin=0 HTTP/1.1" 200 986 "http://callider/pause/index" "Mozilla/4.0 (compatible; MSIE 7.0; Windows NT 6.1; WOW64; Trident/5.0; SLCC2; .NET CLR 2.0.50727; .NET CLR 3.5.30729; .NET CLR 3.0.30729; Media Center PC 6.0; InfoPath.3; .NET4.0C; MS-RTC LM 8; .NET4.0E)" 19948
192.168.74.151 - - [17/Feb/2013:07:08:40 +0600] "GET /pause/ajaxPause?pauseConfigId=&admin=0 HTTP/1.1" 200 987 "http://callider.kontur/pause/index" "Mozilla/5.0 (Windows NT 6.1; WOW64; rv:18.0) Gecko/20100101 Firefox/18.0" 17041
192.168.12.210 - - [17/Feb/2013:07:08:40 +0600] "GET /pause/ajaxPause?pauseConfigId=all&admin=1 HTTP/1.1" 200 1047 "http://callider/pause/index" "Mozilla/4.0 (compatible; MSIE 7.0; Windows NT 6.1; WOW64; Trident/5.0; SLCC2; .NET CLR 2.0.50727; .NET CLR 3.5.30729; .NET CLR 3.0.30729; Media Center PC 6.0; InfoPath.3; .NET4.0C; .NET4.0E)" 34872
192.168.12.9 - - [17/Feb/2013:07:08:41 +0600] "GET /tv/useUser HTTP/1.1" 200 432 "http://callider.kontur/site/index" "Mozilla/5.0 (Windows NT 6.1; WOW64) AppleWebKit/537.17 (KHTML, like Gecko) Chrome/24.0.1312.57 Safari/537.17" 17551
192.168.12.60 - - [17/Feb/2013:07:08:41 +0600] "GET /pause/ajaxPause?pauseConfigId=&admin=0 HTTP/1.1" 200 986 "http://callider/pause/index" "Mozilla/4.0 (compatible; MSIE 8.0; Windows NT 6.1; Trident/4.0; InfoPath.3; .NET4.0C; MS-RTC LM 8; .NET4.0E)" 46166
192.168.12.204 - - [17/Feb/2013:07:08:41 +0600] "GET /pause/ajaxPause?pauseConfigId=&admin=0 HTTP/1.1" 200 986 "http://callider/pause/index" "Mozilla/4.0 (compatible; MSIE 7.0; Windows NT 6.1; WOW64; Trident/4.0; SLCC2; .NET CLR 2.0.50727; .NET CLR 3.5.30729; .NET CLR 3.0.30729; Media Center PC 6.0; InfoPath.3; .NET4.0C; .NET4.0E; .NET CLR 1.1.4322)" 20000
192.168.65.56 - - [17/Feb/2013:07:08:41 +0600] "GET /pause/ajaxPause?pauseConfigId=all&admin=1 HTTP/1.1" 200 1046 "http://192.168.65.101/pause/index" "Mozilla/5.0 (Windows NT 5.1; rv:15.0) Gecko/20100101 Firefox/15.0" 34365
192.168.74.78 - - [17/Feb/2013:07:08:44 +0600] "GET /pause/ajaxPause?pauseConfigId=&admin=0 HTTP/1.1" 200 986 "http://callider/pause/index" "Mozilla/4.0 (compatible; MSIE 7.0; Windows NT 6.1; WOW64; Trident/5.0; SLCC2; .NET CLR 2.0.50727; .NET CLR 3.5.30729; .NET CLR 3.0.30729; Media Center PC 6.0; InfoPath.3; .NET4.0C; MS-RTC LM 8; .NET4.0E)" 21535
192.168.12.61 - - [17/Feb/2013:07:08:44 +0600] "GET /pause/ajaxPause?pauseConfigId=&admin=0 HTTP/1.1" 200 985 "http://callider/pause/index" "Mozilla/4.0 (compatible; MSIE 7.0; Windows NT 6.1; Trident/5.0; SLCC2; .NET CLR 2.0.50727; .NET CLR 3.5.30729; .NET CLR 3.0.30729; Media Center PC 6.0; InfoPath.3; .NET4.0C; .NET4.0E)" 22143
192.168.12.69 - - [17/Feb/2013:07:08:45 +0600] "GET /pause/ajaxPause?pauseConfigId=&admin=0 HTTP/1.1" 200 986 "http://callider/pause/index" "Mozilla/4.0 (compatible; MSIE 7.0; Windows NT 6.1; Trident/5.0; SLCC2; .NET CLR 2.0.50727; .NET CLR 3.5.30729; .NET CLR 3.0.30729; Media Center PC 6.0; InfoPath.3; .NET4.0C; .NET4.0E; Tablet PC 2.0; AskTbFXTV5/5.14.1.20007)" 21373
192.168.74.91 - - [17/Feb/2013:07:08:45 +0600] "GET /pause/ajaxPause?pauseConfigId=&admin=0 HTTP/1.1" 200 986 "http://callider/pause/index" "Mozilla/4.0 (compatible; MSIE 7.0; Windows NT 6.1; WOW64; Trident/5.0; SLCC2; .NET CLR 2.0.50727; .NET CLR 3.5.30729; .NET CLR 3.0.30729; Media Center PC 6.0; InfoPath.3; .NET4.0C; MS-RTC LM 8; .NET4.0E)" 21832
192.168.74.151 - - [17/Feb/2013:07:08:45 +0600] "GET /pause/ajaxPause?pauseConfigId=&admin=0 HTTP/1.1" 200 987 "http://callider.kontur/pause/index" "Mozilla/5.0 (Windows NT 6.1; WOW64; rv:18.0) Gecko/20100101 Firefox/18.0" 20195
192.168.12.210 - - [17/Feb/2013:07:08:45 +0600] "GET /pause/ajaxPause?pauseConfigId=all&admin=1 HTTP/1.1" 200 1047 "http://callider/pause/index" "Mozilla/4.0 (compatible; MSIE 7.0; Windows NT 6.1; WOW64; Trident/5.0; SLCC2; .NET CLR 2.0.50727; .NET CLR 3.5.30729; .NET CLR 3.0.30729; Media Center PC 6.0; InfoPath.3; .NET4.0C; .NET4.0E)" 21724
192.168.12.60 - - [17/Feb/2013:07:08:46 +0600] "GET /pause/ajaxPause?pauseConfigId=&admin=0 HTTP/1.1" 200 986 "http://callider/pause/index" "Mozilla/4.0 (compatible; MSIE 8.0; Windows NT 6.1; Trident/4.0; InfoPath.3; .NET4.0C; MS-RTC LM 8; .NET4.0E)" 19218
192.168.12.204 - - [17/Feb/2013:07:08:46 +0600] "GET /pause/ajaxPause?pauseConfigId=&admin=0 HTTP/1.1" 200 986 "http://callider/pause/index" "Mozilla/4.0 (compatible; MSIE 7.0; Windows NT 6.1; WOW64; Trident/4.0; SLCC2; .NET CLR 2.0.50727; .NET CLR 3.5.30729; .NET CLR 3.0.30729; Media Center PC 6.0; InfoPath.3; .NET4.0C; .NET4.0E; .NET CLR 1.1.4322)" 21670
192.168.65.56 - - [17/Feb/2013:07:08:46 +0600] "GET /pause/ajaxPause?pauseConfigId=all&admin=1 HTTP/1.1" 200 1046 "http://192.168.65.101/pause/index" "Mozilla/5.0 (Windows NT 5.1; rv:15.0) Gecko/20100101 Firefox/15.0" 31793
192.168.12.210 - - [17/Feb/2013:07:08:49 +0600] "GET /tv/useUser HTTP/1.1" 200 431 "http://callider/pause/index" "Mozilla/4.0 (compatible; MSIE 7.0; Windows NT 6.1; WOW64; Trident/5.0; SLCC2; .NET CLR 2.0.50727; .NET CLR 3.5.30729; .NET CLR 3.0.30729; Media Center PC 6.0; InfoPath.3; .NET4.0C; .NET4.0E)" 10343
192.168.74.78 - - [17/Feb/2013:07:08:49 +0600] "GET /pause/ajaxPause?pauseConfigId=&admin=0 HTTP/1.1" 200 986 "http://callider/pause/index" "Mozilla/4.0 (compatible; MSIE 7.0; Windows NT 6.1; WOW64; Trident/5.0; SLCC2; .NET CLR 2.0.50727; .NET CLR 3.5.30729; .NET CLR 3.0.30729; Media Center PC 6.0; InfoPath.3; .NET4.0C; MS-RTC LM 8; .NET4.0E)" 44340
192.168.12.61 - - [17/Feb/2013:07:08:49 +0600] "GET /pause/ajaxPause?pauseConfigId=&admin=0 HTTP/1.1" 200 986 "http://callider/pause/index" "Mozilla/4.0 (compatible; MSIE 7.0; Windows NT 6.1; Trident/5.0; SLCC2; .NET CLR 2.0.50727; .NET CLR 3.5.30729; .NET CLR 3.0.30729; Media Center PC 6.0; InfoPath.3; .NET4.0C; .NET4.0E)" 25921
192.168.12.69 - - [17/Feb/2013:07:08:50 +0600] "GET /pause/ajaxPause?pauseConfigId=&admin=0 HTTP/1.1" 200 986 "http://callider/pause/index" "Mozilla/4.0 (compatible; MSIE 7.0; Windows NT 6.1; Trident/5.0; SLCC2; .NET CLR 2.0.50727; .NET CLR 3.5.30729; .NET CLR 3.0.30729; Media Center PC 6.0; InfoPath.3; .NET4.0C; .NET4.0E; Tablet PC 2.0; AskTbFXTV5/5.14.1.20007)" 20383
192.168.74.91 - - [17/Feb/2013:07:08:50 +0600] "GET /pause/ajaxPause?pauseConfigId=&admin=0 HTTP/1.1" 200 986 "http://callider/pause/index" "Mozilla/4.0 (compatible; MSIE 7.0; Windows NT 6.1; WOW64; Trident/5.0; SLCC2; .NET CLR 2.0.50727; .NET CLR 3.5.30729; .NET CLR 3.0.30729; Media Center PC 6.0; InfoPath.3; .NET4.0C; MS-RTC LM 8; .NET4.0E)" 21412
192.168.74.151 - - [17/Feb/2013:07:08:50 +0600] "GET /pause/ajaxPause?pauseConfigId=&admin=0 HTTP/1.1" 200 987 "http://callider.kontur/pause/index" "Mozilla/5.0 (Windows NT 6.1; WOW64; rv:18.0) Gecko/20100101 Firefox/18.0" 23547
192.168.12.210 - - [17/Feb/2013:07:08:50 +0600] "GET /pause/ajaxPause?pauseConfigId=all&admin=1 HTTP/1.1" 200 1047 "http://callider/pause/index" "Mozilla/4.0 (compatible; MSIE 7.0; Windows NT 6.1; WOW64; Trident/5.0; SLCC2; .NET CLR 2.0.50727; .NET CLR 3.5.30729; .NET CLR 3.0.30729; Media Center PC 6.0; InfoPath.3; .NET4.0C; .NET4.0E)" 22069
192.168.12.60 - - [17/Feb/2013:07:08:51 +0600] "GET /pause/ajaxPause?pauseConfigId=&admin=0 HTTP/1.1" 200 986 "http://callider/pause/index" "Mozilla/4.0 (compatible; MSIE 8.0; Windows NT 6.1; Trident/4.0; InfoPath.3; .NET4.0C; MS-RTC LM 8; .NET4.0E)" 17552
192.168.12.204 - - [17/Feb/2013:07:08:51 +0600] "GET /pause/ajaxPause?pauseConfigId=&admin=0 HTTP/1.1" 200 986 "http://callider/pause/index" "Mozilla/4.0 (compatible; MSIE 7.0; Windows NT 6.1; WOW64; Trident/4.0; SLCC2; .NET CLR 2.0.50727; .NET CLR 3.5.30729; .NET CLR 3.0.30729; Media Center PC 6.0; InfoPath.3; .NET4.0C; .NET4.0E; .NET CLR 1.1.4322)" 20709
192.168.65.56 - - [17/Feb/2013:07:08:51 +0600] "GET /pause/ajaxPause?pauseConfigId=all&admin=1 HTTP/1.1" 200 1046 "http://192.168.65.101/pause/index" "Mozilla/5.0 (Windows NT 5.1; rv:15.0) Gecko/20100101 Firefox/15.0" 40289
192.168.65.56 - - [17/Feb/2013:07:08:51 +0600] "GET /tv/useUser HTTP/1.1" 200 431 "http://192.168.65.101/pause/index" "Mozilla/5.0 (Windows NT 5.1; rv:15.0) Gecko/20100101 Firefox/15.0" 11520
192.168.74.78 - - [17/Feb/2013:07:08:54 +0600] "GET /pause/ajaxPause?pauseConfigId=&admin=0 HTTP/1.1" 200 986 "http://callider/pause/index" "Mozilla/4.0 (compatible; MSIE 7.0; Windows NT 6.1; WOW64; Trident/5.0; SLCC2; .NET CLR 2.0.50727; .NET CLR 3.5.30729; .NET CLR 3.0.30729; Media Center PC 6.0; InfoPath.3; .NET4.0C; MS-RTC LM 8; .NET4.0E)" 19492
192.168.12.61 - - [17/Feb/2013:07:08:54 +0600] "GET /pause/ajaxPause?pauseConfigId=&admin=0 HTTP/1.1" 200 985 "http://callider/pause/index" "Mozilla/4.0 (compatible; MSIE 7.0; Windows NT 6.1; Trident/5.0; SLCC2; .NET CLR 2.0.50727; .NET CLR 3.5.30729; .NET CLR 3.0.30729; Media Center PC 6.0; InfoPath.3; .NET4.0C; .NET4.0E)" 176602
192.168.12.69 - - [17/Feb/2013:07:08:55 +0600] "GET /pause/ajaxPause?pauseConfigId=&admin=0 HTTP/1.1" 200 986 "http://callider/pause/index" "Mozilla/4.0 (compatible; MSIE 7.0; Windows NT 6.1; Trident/5.0; SLCC2; .NET CLR 2.0.50727; .NET CLR 3.5.30729; .NET CLR 3.0.30729; Media Center PC 6.0; InfoPath.3; .NET4.0C; .NET4.0E; Tablet PC 2.0; AskTbFXTV5/5.14.1.20007)" 18303
192.168.74.151 - - [17/Feb/2013:07:08:55 +0600] "GET /pause/ajaxPause?pauseConfigId=&admin=0 HTTP/1.1" 200 987 "http://callider.kontur/pause/index" "Mozilla/5.0 (Windows NT 6.1; WOW64; rv:18.0) Gecko/20100101 Firefox/18.0" 74590
192.168.74.91 - - [17/Feb/2013:07:08:55 +0600] "GET /pause/ajaxPause?pauseConfigId=&admin=0 HTTP/1.1" 200 986 "http://callider/pause/index" "Mozilla/4.0 (compatible; MSIE 7.0; Windows NT 6.1; WOW64; Trident/5.0; SLCC2; .NET CLR 2.0.50727; .NET CLR 3.5.30729; .NET CLR 3.0.30729; Media Center PC 6.0; InfoPath.3; .NET4.0C; MS-RTC LM 8; .NET4.0E)" 129027
192.168.12.210 - - [17/Feb/2013:07:08:55 +0600] "GET /pause/ajaxPause?pauseConfigId=all&admin=1 HTTP/1.1" 200 1047 "http://callider/pause/index" "Mozilla/4.0 (compatible; MSIE 7.0; Windows NT 6.1; WOW64; Trident/5.0; SLCC2; .NET CLR 2.0.50727; .NET CLR 3.5.30729; .NET CLR 3.0.30729; Media Center PC 6.0; InfoPath.3; .NET4.0C; .NET4.0E)" 32836
192.168.12.60 - - [17/Feb/2013:07:08:56 +0600] "GET /pause/ajaxPause?pauseConfigId=&admin=0 HTTP/1.1" 200 986 "http://callider/pause/index" "Mozilla/4.0 (compatible; MSIE 8.0; Windows NT 6.1; Trident/4.0; InfoPath.3; .NET4.0C; MS-RTC LM 8; .NET4.0E)" 17605
192.168.12.204 - - [17/Feb/2013:07:08:56 +0600] "GET /pause/ajaxPause?pauseConfigId=&admin=0 HTTP/1.1" 200 986 "http://callider/pause/index" "Mozilla/4.0 (compatible; MSIE 7.0; Windows NT 6.1; WOW64; Trident/4.0; SLCC2; .NET CLR 2.0.50727; .NET CLR 3.5.30729; .NET CLR 3.0.30729; Media Center PC 6.0; InfoPath.3; .NET4.0C; .NET4.0E; .NET CLR 1.1.4322)" 19883
192.168.65.56 - - [17/Feb/2013:07:08:56 +0600] "GET /pause/ajaxPause?pauseConfigId=all&admin=1 HTTP/1.1" 200 1046 "http://192.168.65.101/pause/index" "Mozilla/5.0 (Windows NT 5.1; rv:15.0) Gecko/20100101 Firefox/15.0" 354547
192.168.74.78 - - [17/Feb/2013:07:08:59 +0600] "GET /pause/ajaxPause?pauseConfigId=&admin=0 HTTP/1.1" 200 986 "http://callider/pause/index" "Mozilla/4.0 (compatible; MSIE 7.0; Windows NT 6.1; WOW64; Trident/5.0; SLCC2; .NET CLR 2.0.50727; .NET CLR 3.5.30729; .NET CLR 3.0.30729; Media Center PC 6.0; InfoPath.3; .NET4.0C; MS-RTC LM 8; .NET4.0E)" 21294
192.168.12.61 - - [17/Feb/2013:07:08:59 +0600] "GET /pause/ajaxPause?pauseConfigId=&admin=0 HTTP/1.1" 200 985 "http://callider/pause/index" "Mozilla/4.0 (compatible; MSIE 7.0; Windows NT 6.1; Trident/5.0; SLCC2; .NET CLR 2.0.50727; .NET CLR 3.5.30729; .NET CLR 3.0.30729; Media Center PC 6.0; InfoPath.3; .NET4.0C; .NET4.0E)" 18668
192.168.12.69 - - [17/Feb/2013:07:09:00 +0600] "GET /pause/ajaxPause?pauseConfigId=&admin=0 HTTP/1.1" 200 986 "http://callider/pause/index" "Mozilla/4.0 (compatible; MSIE 7.0; Windows NT 6.1; Trident/5.0; SLCC2; .NET CLR 2.0.50727; .NET CLR 3.5.30729; .NET CLR 3.0.30729; Media Center PC 6.0; InfoPath.3; .NET4.0C; .NET4.0E; Tablet PC 2.0; AskTbFXTV5/5.14.1.20007)" 20581
192.168.74.91 - - [17/Feb/2013:07:09:00 +0600] "GET /pause/ajaxPause?pauseConfigId=&admin=0 HTTP/1.1" 200 986 "http://callider/pause/index" "Mozilla/4.0 (compatible; MSIE 7.0; Windows NT 6.1; WOW64; Trident/5.0; SLCC2; .NET CLR 2.0.50727; .NET CLR 3.5.30729; .NET CLR 3.0.30729; Media Center PC 6.0; InfoPath.3; .NET4.0C; MS-RTC LM 8; .NET4.0E)" 22855
192.168.74.151 - - [17/Feb/2013:07:09:00 +0600] "GET /pause/ajaxPause?pauseConfigId=&admin=0 HTTP/1.1" 200 987 "http://callider.kontur/pause/index" "Mozilla/5.0 (Windows NT 6.1; WOW64; rv:18.0) Gecko/20100101 Firefox/18.0" 18358
192.168.12.210 - - [17/Feb/2013:07:09:00 +0600] "GET /pause/ajaxPause?pauseConfigId=all&admin=1 HTTP/1.1" 200 1047 "http://callider/pause/index" "Mozilla/4.0 (compatible; MSIE 7.0; Windows NT 6.1; WOW64; Trident/5.0; SLCC2; .NET CLR 2.0.50727; .NET CLR 3.5.30729; .NET CLR 3.0.30729; Media Center PC 6.0; InfoPath.3; .NET4.0C; .NET4.0E)" 21202
192.168.12.60 - - [17/Feb/2013:07:09:01 +0600] "GET /pause/ajaxPause?pauseConfigId=&admin=0 HTTP/1.1" 200 986 "http://callider/pause/index" "Mozilla/4.0 (compatible; MSIE 8.0; Windows NT 6.1; Trident/4.0; InfoPath.3; .NET4.0C; MS-RTC LM 8; .NET4.0E)" 18206
192.168.12.204 - - [17/Feb/2013:07:09:01 +0600] "GET /pause/ajaxPause?pauseConfigId=&admin=0 HTTP/1.1" 200 986 "http://callider/pause/index" "Mozilla/4.0 (compatible; MSIE 7.0; Windows NT 6.1; WOW64; Trident/4.0; SLCC2; .NET CLR 2.0.50727; .NET CLR 3.5.30729; .NET CLR 3.0.30729; Media Center PC 6.0; InfoPath.3; .NET4.0C; .NET4.0E; .NET CLR 1.1.4322)" 23449
192.168.65.56 - - [17/Feb/2013:07:09:01 +0600] "GET /pause/ajaxPause?pauseConfigId=all&admin=1 HTTP/1.1" 200 1046 "http://192.168.65.101/pause/index" "Mozilla/5.0 (Windows NT 5.1; rv:15.0) Gecko/20100101 Firefox/15.0" 41134
192.168.74.78 - - [17/Feb/2013:07:09:04 +0600] "GET /pause/ajaxPause?pauseConfigId=&admin=0 HTTP/1.1" 200 986 "http://callider/pause/index" "Mozilla/4.0 (compatible; MSIE 7.0; Windows NT 6.1; WOW64; Trident/5.0; SLCC2; .NET CLR 2.0.50727; .NET CLR 3.5.30729; .NET CLR 3.0.30729; Media Center PC 6.0; InfoPath.3; .NET4.0C; MS-RTC LM 8; .NET4.0E)" 19599
192.168.12.61 - - [17/Feb/2013:07:09:04 +0600] "GET /pause/ajaxPause?pauseConfigId=&admin=0 HTTP/1.1" 200 985 "http://callider/pause/index" "Mozilla/4.0 (compatible; MSIE 7.0; Windows NT 6.1; Trident/5.0; SLCC2; .NET CLR 2.0.50727; .NET CLR 3.5.30729; .NET CLR 3.0.30729; Media Center PC 6.0; InfoPath.3; .NET4.0C; .NET4.0E)" 25694
192.168.12.69 - - [17/Feb/2013:07:09:05 +0600] "GET /pause/ajaxPause?pauseConfigId=&admin=0 HTTP/1.1" 200 986 "http://callider/pause/index" "Mozilla/4.0 (compatible; MSIE 7.0; Windows NT 6.1; Trident/5.0; SLCC2; .NET CLR 2.0.50727; .NET CLR 3.5.30729; .NET CLR 3.0.30729; Media Center PC 6.0; InfoPath.3; .NET4.0C; .NET4.0E; Tablet PC 2.0; AskTbFXTV5/5.14.1.20007)" 29599
192.168.12.61 - - [17/Feb/2013:07:09:05 +0600] "GET /tv/useUser HTTP/1.1" 200 431 "http://callider/pause/index" "Mozilla/4.0 (compatible; MSIE 7.0; Windows NT 6.1; Trident/5.0; SLCC2; .NET CLR 2.0.50727; .NET CLR 3.5.30729; .NET CLR 3.0.30729; Media Center PC 6.0; InfoPath.3; .NET4.0C; .NET4.0E)" 9160
192.168.74.91 - - [17/Feb/2013:07:09:05 +0600] "GET /pause/ajaxPause?pauseConfigId=&admin=0 HTTP/1.1" 200 986 "http://callider/pause/index" "Mozilla/4.0 (compatible; MSIE 7.0; Windows NT 6.1; WOW64; Trident/5.0; SLCC2; .NET CLR 2.0.50727; .NET CLR 3.5.30729; .NET CLR 3.0.30729; Media Center PC 6.0; InfoPath.3; .NET4.0C; MS-RTC LM 8; .NET4.0E)" 21221
192.168.74.151 - - [17/Feb/2013:07:09:05 +0600] "GET /pause/ajaxPause?pauseConfigId=&admin=0 HTTP/1.1" 200 987 "http://callider.kontur/pause/index" "Mozilla/5.0 (Windows NT 6.1; WOW64; rv:18.0) Gecko/20100101 Firefox/18.0" 57262
192.168.12.210 - - [17/Feb/2013:07:09:05 +0600] "GET /pause/ajaxPause?pauseConfigId=all&admin=1 HTTP/1.1" 200 1047 "http://callider/pause/index" "Mozilla/4.0 (compatible; MSIE 7.0; Windows NT 6.1; WOW64; Trident/5.0; SLCC2; .NET CLR 2.0.50727; .NET CLR 3.5.30729; .NET CLR 3.0.30729; Media Center PC 6.0; InfoPath.3; .NET4.0C; .NET4.0E)" 22746
192.168.12.60 - - [17/Feb/2013:07:09:06 +0600] "GET /pause/ajaxPause?pauseConfigId=&admin=0 HTTP/1.1" 200 986 "http://callider/pause/index" "Mozilla/4.0 (compatible; MSIE 8.0; Windows NT 6.1; Trident/4.0; InfoPath.3; .NET4.0C; MS-RTC LM 8; .NET4.0E)" 17389
192.168.12.204 - - [17/Feb/2013:07:09:06 +0600] "GET /pause/ajaxPause?pauseConfigId=&admin=0 HTTP/1.1" 200 986 "http://callider/pause/index" "Mozilla/4.0 (compatible; MSIE 7.0; Windows NT 6.1; WOW64; Trident/4.0; SLCC2; .NET CLR 2.0.50727; .NET CLR 3.5.30729; .NET CLR 3.0.30729; Media Center PC 6.0; InfoPath.3; .NET4.0C; .NET4.0E; .NET CLR 1.1.4322)" 24006
192.168.65.56 - - [17/Feb/2013:07:09:06 +0600] "GET /pause/ajaxPause?pauseConfigId=all&admin=1 HTTP/1.1" 200 1046 "http://192.168.65.101/pause/index" "Mozilla/5.0 (Windows NT 5.1; rv:15.0) Gecko/20100101 Firefox/15.0" 35467
192.168.74.78 - - [17/Feb/2013:07:09:09 +0600] "GET /pause/ajaxPause?pauseConfigId=&admin=0 HTTP/1.1" 200 986 "http://callider/pause/index" "Mozilla/4.0 (compatible; MSIE 7.0; Windows NT 6.1; WOW64; Trident/5.0; SLCC2; .NET CLR 2.0.50727; .NET CLR 3.5.30729; .NET CLR 3.0.30729; Media Center PC 6.0; InfoPath.3; .NET4.0C; MS-RTC LM 8; .NET4.0E)" 18024
192.168.12.61 - - [17/Feb/2013:07:09:09 +0600] "GET /pause/ajaxPause?pauseConfigId=&admin=0 HTTP/1.1" 200 985 "http://callider/pause/index" "Mozilla/4.0 (compatible; MSIE 7.0; Windows NT 6.1; Trident/5.0; SLCC2; .NET CLR 2.0.50727; .NET CLR 3.5.30729; .NET CLR 3.0.30729; Media Center PC 6.0; InfoPath.3; .NET4.0C; .NET4.0E)" 23533
192.168.12.69 - - [17/Feb/2013:07:09:10 +0600] "GET /pause/ajaxPause?pauseConfigId=&admin=0 HTTP/1.1" 200 986 "http://callider/pause/index" "Mozilla/4.0 (compatible; MSIE 7.0; Windows NT 6.1; Trident/5.0; SLCC2; .NET CLR 2.0.50727; .NET CLR 3.5.30729; .NET CLR 3.0.30729; Media Center PC 6.0; InfoPath.3; .NET4.0C; .NET4.0E; Tablet PC 2.0; AskTbFXTV5/5.14.1.20007)" 19518
192.168.74.91 - - [17/Feb/2013:07:09:10 +0600] "GET /pause/ajaxPause?pauseConfigId=&admin=0 HTTP/1.1" 200 986 "http://callider/pause/index" "Mozilla/4.0 (compatible; MSIE 7.0; Windows NT 6.1; WOW64; Trident/5.0; SLCC2; .NET CLR 2.0.50727; .NET CLR 3.5.30729; .NET CLR 3.0.30729; Media Center PC 6.0; InfoPath.3; .NET4.0C; MS-RTC LM 8; .NET4.0E)" 19562
192.168.74.151 - - [17/Feb/2013:07:09:10 +0600] "GET /pause/ajaxPause?pauseConfigId=&admin=0 HTTP/1.1" 200 987 "http://callider.kontur/pause/index" "Mozilla/5.0 (Windows NT 6.1; WOW64; rv:18.0) Gecko/20100101 Firefox/18.0" 17712
192.168.12.210 - - [17/Feb/2013:07:09:10 +0600] "GET /pause/ajaxPause?pauseConfigId=all&admin=1 HTTP/1.1" 200 1047 "http://callider/pause/index" "Mozilla/4.0 (compatible; MSIE 7.0; Windows NT 6.1; WOW64; Trident/5.0; SLCC2; .NET CLR 2.0.50727; .NET CLR 3.5.30729; .NET CLR 3.0.30729; Media Center PC 6.0; InfoPath.3; .NET4.0C; .NET4.0E)" 21995
192.168.12.60 - - [17/Feb/2013:07:09:11 +0600] "GET /pause/ajaxPause?pauseConfigId=&admin=0 HTTP/1.1" 200 986 "http://callider/pause/index" "Mozilla/4.0 (compatible; MSIE 8.0; Windows NT 6.1; Trident/4.0; InfoPath.3; .NET4.0C; MS-RTC LM 8; .NET4.0E)" 16960
192.168.12.42 - - [17/Feb/2013:07:09:11 +0600] "GET /tv/useUser HTTP/1.1" 200 432 "http://callider/graph/personal" "Mozilla/4.0 (compatible; MSIE 7.0; Windows NT 6.1; WOW64; Trident/5.0; SLCC2; .NET CLR 2.0.50727; .NET CLR 3.5.30729; .NET CLR 3.0.30729; Media Center PC 6.0; InfoPath.3; .NET4.0C; .NET4.0E)" 17177
192.168.12.204 - - [17/Feb/2013:07:09:11 +0600] "GET /pause/ajaxPause?pauseConfigId=&admin=0 HTTP/1.1" 200 986 "http://callider/pause/index" "Mozilla/4.0 (compatible; MSIE 7.0; Windows NT 6.1; WOW64; Trident/4.0; SLCC2; .NET CLR 2.0.50727; .NET CLR 3.5.30729; .NET CLR 3.0.30729; Media Center PC 6.0; InfoPath.3; .NET4.0C; .NET4.0E; .NET CLR 1.1.4322)" 18571
192.168.65.56 - - [17/Feb/2013:07:09:11 +0600] "GET /pause/ajaxPause?pauseConfigId=all&admin=1 HTTP/1.1" 200 1046 "http://192.168.65.101/pause/index" "Mozilla/5.0 (Windows NT 5.1; rv:15.0) Gecko/20100101 Firefox/15.0" 29155
192.168.74.151 - - [17/Feb/2013:07:09:13 +0600] "GET /tv/useUser HTTP/1.1" 200 431 "http://callider.kontur/graph/general" "Mozilla/5.0 (Windows NT 6.1; WOW64; rv:18.0) Gecko/20100101 Firefox/18.0" 14369
192.168.74.78 - - [17/Feb/2013:07:09:14 +0600] "GET /pause/ajaxPause?pauseConfigId=&admin=0 HTTP/1.1" 200 986 "http://callider/pause/index" "Mozilla/4.0 (compatible; MSIE 7.0; Windows NT 6.1; WOW64; Trident/5.0; SLCC2; .NET CLR 2.0.50727; .NET CLR 3.5.30729; .NET CLR 3.0.30729; Media Center PC 6.0; InfoPath.3; .NET4.0C; MS-RTC LM 8; .NET4.0E)" 19310
192.168.12.61 - - [17/Feb/2013:07:09:14 +0600] "GET /pause/ajaxPause?pauseConfigId=&admin=0 HTTP/1.1" 200 985 "http://callider/pause/index" "Mozilla/4.0 (compatible; MSIE 7.0; Windows NT 6.1; Trident/5.0; SLCC2; .NET CLR 2.0.50727; .NET CLR 3.5.30729; .NET CLR 3.0.30729; Media Center PC 6.0; InfoPath.3; .NET4.0C; .NET4.0E)" 17355
192.168.12.69 - - [17/Feb/2013:07:09:15 +0600] "GET /pause/ajaxPause?pauseConfigId=&admin=0 HTTP/1.1" 200 986 "http://callider/pause/index" "Mozilla/4.0 (compatible; MSIE 7.0; Windows NT 6.1; Trident/5.0; SLCC2; .NET CLR 2.0.50727; .NET CLR 3.5.30729; .NET CLR 3.0.30729; Media Center PC 6.0; InfoPath.3; .NET4.0C; .NET4.0E; Tablet PC 2.0; AskTbFXTV5/5.14.1.20007)" 19063
192.168.74.91 - - [17/Feb/2013:07:09:15 +0600] "GET /pause/ajaxPause?pauseConfigId=&admin=0 HTTP/1.1" 200 986 "http://callider/pause/index" "Mozilla/4.0 (compatible; MSIE 7.0; Windows NT 6.1; WOW64; Trident/5.0; SLCC2; .NET CLR 2.0.50727; .NET CLR 3.5.30729; .NET CLR 3.0.30729; Media Center PC 6.0; InfoPath.3; .NET4.0C; MS-RTC LM 8; .NET4.0E)" 19122
192.168.74.151 - - [17/Feb/2013:07:09:15 +0600] "GET /pause/ajaxPause?pauseConfigId=&admin=0 HTTP/1.1" 200 987 "http://callider.kontur/pause/index" "Mozilla/5.0 (Windows NT 6.1; WOW64; rv:18.0) Gecko/20100101 Firefox/18.0" 18780
192.168.74.151 - - [17/Feb/2013:07:09:15 +0600] "GET /tv/useUser HTTP/1.1" 200 431 "http://callider.kontur/pause/index" "Mozilla/5.0 (Windows NT 6.1; WOW64; rv:18.0) Gecko/20100101 Firefox/18.0" 10324
192.168.12.210 - - [17/Feb/2013:07:09:15 +0600] "GET /pause/ajaxPause?pauseConfigId=all&admin=1 HTTP/1.1" 200 1047 "http://callider/pause/index" "Mozilla/4.0 (compatible; MSIE 7.0; Windows NT 6.1; WOW64; Trident/5.0; SLCC2; .NET CLR 2.0.50727; .NET CLR 3.5.30729; .NET CLR 3.0.30729; Media Center PC 6.0; InfoPath.3; .NET4.0C; .NET4.0E)" 20497
192.168.12.60 - - [17/Feb/2013:07:09:16 +0600] "GET /pause/ajaxPause?pauseConfigId=&admin=0 HTTP/1.1" 200 986 "http://callider/pause/index" "Mozilla/4.0 (compatible; MSIE 8.0; Windows NT 6.1; Trident/4.0; InfoPath.3; .NET4.0C; MS-RTC LM 8; .NET4.0E)" 16767
192.168.12.204 - - [17/Feb/2013:07:09:16 +0600] "GET /pause/ajaxPause?pauseConfigId=&admin=0 HTTP/1.1" 200 986 "http://callider/pause/index" "Mozilla/4.0 (compatible; MSIE 7.0; Windows NT 6.1; WOW64; Trident/4.0; SLCC2; .NET CLR 2.0.50727; .NET CLR 3.5.30729; .NET CLR 3.0.30729; Media Center PC 6.0; InfoPath.3; .NET4.0C; .NET4.0E; .NET CLR 1.1.4322)" 19011
192.168.65.56 - - [17/Feb/2013:07:09:16 +0600] "GET /pause/ajaxPause?pauseConfigId=all&admin=1 HTTP/1.1" 200 1046 "http://192.168.65.101/pause/index" "Mozilla/5.0 (Windows NT 5.1; rv:15.0) Gecko/20100101 Firefox/15.0" 30298
192.168.74.78 - - [17/Feb/2013:07:09:19 +0600] "GET /pause/ajaxPause?pauseConfigId=&admin=0 HTTP/1.1" 200 986 "http://callider/pause/index" "Mozilla/4.0 (compatible; MSIE 7.0; Windows NT 6.1; WOW64; Trident/5.0; SLCC2; .NET CLR 2.0.50727; .NET CLR 3.5.30729; .NET CLR 3.0.30729; Media Center PC 6.0; InfoPath.3; .NET4.0C; MS-RTC LM 8; .NET4.0E)" 20181
192.168.12.61 - - [17/Feb/2013:07:09:19 +0600] "GET /pause/ajaxPause?pauseConfigId=&admin=0 HTTP/1.1" 200 985 "http://callider/pause/index" "Mozilla/4.0 (compatible; MSIE 7.0; Windows NT 6.1; Trident/5.0; SLCC2; .NET CLR 2.0.50727; .NET CLR 3.5.30729; .NET CLR 3.0.30729; Media Center PC 6.0; InfoPath.3; .NET4.0C; .NET4.0E)" 20482
192.168.12.10 - - [17/Feb/2013:07:09:19 +0600] "GET /tv/useUser HTTP/1.1" 200 432 "http://callider/graph/personal" "Mozilla/4.0 (compatible; MSIE 7.0; Windows NT 6.1; Trident/5.0; SLCC2; .NET CLR 2.0.50727; .NET CLR 3.5.30729; .NET CLR 3.0.30729; Media Center PC 6.0; InfoPath.3; .NET4.0C; .NET4.0E; Tablet PC 2.0; MS-RTC LM 8)" 15521
192.168.12.108 - - [17/Feb/2013:07:09:19 +0600] "GET /tv/useUser HTTP/1.1" 200 432 "http://callider/index.php" "Mozilla/4.0 (compatible; MSIE 7.0; Windows NT 6.2; WOW64; Trident/6.0; .NET4.0E; .NET4.0C; InfoPath.3; .NET CLR 3.5.30729; .NET CLR 2.0.50727; .NET CLR 3.0.30729)" 14149
192.168.12.69 - - [17/Feb/2013:07:09:20 +0600] "GET /pause/ajaxPause?pauseConfigId=&admin=0 HTTP/1.1" 200 986 "http://callider/pause/index" "Mozilla/4.0 (compatible; MSIE 7.0; Windows NT 6.1; Trident/5.0; SLCC2; .NET CLR 2.0.50727; .NET CLR 3.5.30729; .NET CLR 3.0.30729; Media Center PC 6.0; InfoPath.3; .NET4.0C; .NET4.0E; Tablet PC 2.0; AskTbFXTV5/5.14.1.20007)" 18020
192.168.74.91 - - [17/Feb/2013:07:09:20 +0600] "GET /pause/ajaxPause?pauseConfigId=&admin=0 HTTP/1.1" 200 986 "http://callider/pause/index" "Mozilla/4.0 (compatible; MSIE 7.0; Windows NT 6.1; WOW64; Trident/5.0; SLCC2; .NET CLR 2.0.50727; .NET CLR 3.5.30729; .NET CLR 3.0.30729; Media Center PC 6.0; InfoPath.3; .NET4.0C; MS-RTC LM 8; .NET4.0E)" 24102
192.168.74.151 - - [17/Feb/2013:07:09:20 +0600] "GET /pause/ajaxPause?pauseConfigId=&admin=0 HTTP/1.1" 200 987 "http://callider.kontur/pause/index" "Mozilla/5.0 (Windows NT 6.1; WOW64; rv:18.0) Gecko/20100101 Firefox/18.0" 19274
192.168.12.210 - - [17/Feb/2013:07:09:20 +0600] "GET /pause/ajaxPause?pauseConfigId=all&admin=1 HTTP/1.1" 200 1047 "http://callider/pause/index" "Mozilla/4.0 (compatible; MSIE 7.0; Windows NT 6.1; WOW64; Trident/5.0; SLCC2; .NET CLR 2.0.50727; .NET CLR 3.5.30729; .NET CLR 3.0.30729; Media Center PC 6.0; InfoPath.3; .NET4.0C; .NET4.0E)" 22357
192.168.12.60 - - [17/Feb/2013:07:09:21 +0600] "GET /pause/ajaxPause?pauseConfigId=&admin=0 HTTP/1.1" 200 986 "http://callider/pause/index" "Mozilla/4.0 (compatible; MSIE 8.0; Windows NT 6.1; Trident/4.0; InfoPath.3; .NET4.0C; MS-RTC LM 8; .NET4.0E)" 25227
192.168.12.204 - - [17/Feb/2013:07:09:21 +0600] "GET /pause/ajaxPause?pauseConfigId=&admin=0 HTTP/1.1" 200 986 "http://callider/pause/index" "Mozilla/4.0 (compatible; MSIE 7.0; Windows NT 6.1; WOW64; Trident/4.0; SLCC2; .NET CLR 2.0.50727; .NET CLR 3.5.30729; .NET CLR 3.0.30729; Media Center PC 6.0; InfoPath.3; .NET4.0C; .NET4.0E; .NET CLR 1.1.4322)" 29440
192.168.65.56 - - [17/Feb/2013:07:09:21 +0600] "GET /pause/ajaxPause?pauseConfigId=all&admin=1 HTTP/1.1" 200 1046 "http://192.168.65.101/pause/index" "Mozilla/5.0 (Windows NT 5.1; rv:15.0) Gecko/20100101 Firefox/15.0" 30584
192.168.74.78 - - [17/Feb/2013:07:09:24 +0600] "GET /pause/ajaxPause?pauseConfigId=&admin=0 HTTP/1.1" 200 986 "http://callider/pause/index" "Mozilla/4.0 (compatible; MSIE 7.0; Windows NT 6.1; WOW64; Trident/5.0; SLCC2; .NET CLR 2.0.50727; .NET CLR 3.5.30729; .NET CLR 3.0.30729; Media Center PC 6.0; InfoPath.3; .NET4.0C; MS-RTC LM 8; .NET4.0E)" 18220
192.168.12.61 - - [17/Feb/2013:07:09:24 +0600] "GET /pause/ajaxPause?pauseConfigId=&admin=0 HTTP/1.1" 200 985 "http://callider/pause/index" "Mozilla/4.0 (compatible; MSIE 7.0; Windows NT 6.1; Trident/5.0; SLCC2; .NET CLR 2.0.50727; .NET CLR 3.5.30729; .NET CLR 3.0.30729; Media Center PC 6.0; InfoPath.3; .NET4.0C; .NET4.0E)" 17352
192.168.12.69 - - [17/Feb/2013:07:09:25 +0600] "GET /pause/ajaxPause?pauseConfigId=&admin=0 HTTP/1.1" 200 986 "http://callider/pause/index" "Mozilla/4.0 (compatible; MSIE 7.0; Windows NT 6.1; Trident/5.0; SLCC2; .NET CLR 2.0.50727; .NET CLR 3.5.30729; .NET CLR 3.0.30729; Media Center PC 6.0; InfoPath.3; .NET4.0C; .NET4.0E; Tablet PC 2.0; AskTbFXTV5/5.14.1.20007)" 18350
192.168.74.91 - - [17/Feb/2013:07:09:25 +0600] "GET /pause/ajaxPause?pauseConfigId=&admin=0 HTTP/1.1" 200 986 "http://callider/pause/index" "Mozilla/4.0 (compatible; MSIE 7.0; Windows NT 6.1; WOW64; Trident/5.0; SLCC2; .NET CLR 2.0.50727; .NET CLR 3.5.30729; .NET CLR 3.0.30729; Media Center PC 6.0; InfoPath.3; .NET4.0C; MS-RTC LM 8; .NET4.0E)" 19420
192.168.74.151 - - [17/Feb/2013:07:09:25 +0600] "GET /pause/ajaxPause?pauseConfigId=&admin=0 HTTP/1.1" 200 987 "http://callider.kontur/pause/index" "Mozilla/5.0 (Windows NT 6.1; WOW64; rv:18.0) Gecko/20100101 Firefox/18.0" 18815
192.168.12.210 - - [17/Feb/2013:07:09:25 +0600] "GET /pause/ajaxPause?pauseConfigId=all&admin=1 HTTP/1.1" 200 1047 "http://callider/pause/index" "Mozilla/4.0 (compatible; MSIE 7.0; Windows NT 6.1; WOW64; Trident/5.0; SLCC2; .NET CLR 2.0.50727; .NET CLR 3.5.30729; .NET CLR 3.0.30729; Media Center PC 6.0; InfoPath.3; .NET4.0C; .NET4.0E)" 23694
192.168.12.60 - - [17/Feb/2013:07:09:26 +0600] "GET /pause/ajaxPause?pauseConfigId=&admin=0 HTTP/1.1" 200 986 "http://callider/pause/index" "Mozilla/4.0 (compatible; MSIE 8.0; Windows NT 6.1; Trident/4.0; InfoPath.3; .NET4.0C; MS-RTC LM 8; .NET4.0E)" 15685
192.168.12.204 - - [17/Feb/2013:07:09:26 +0600] "GET /pause/ajaxPause?pauseConfigId=&admin=0 HTTP/1.1" 200 986 "http://callider/pause/index" "Mozilla/4.0 (compatible; MSIE 7.0; Windows NT 6.1; WOW64; Trident/4.0; SLCC2; .NET CLR 2.0.50727; .NET CLR 3.5.30729; .NET CLR 3.0.30729; Media Center PC 6.0; InfoPath.3; .NET4.0C; .NET4.0E; .NET CLR 1.1.4322)" 21687
192.168.65.56 - - [17/Feb/2013:07:09:26 +0600] "GET /pause/ajaxPause?pauseConfigId=all&admin=1 HTTP/1.1" 200 1046 "http://192.168.65.101/pause/index" "Mozilla/5.0 (Windows NT 5.1; rv:15.0) Gecko/20100101 Firefox/15.0" 30610
192.168.74.78 - - [17/Feb/2013:07:09:29 +0600] "GET /pause/ajaxPause?pauseConfigId=&admin=0 HTTP/1.1" 200 986 "http://callider/pause/index" "Mozilla/4.0 (compatible; MSIE 7.0; Windows NT 6.1; WOW64; Trident/5.0; SLCC2; .NET CLR 2.0.50727; .NET CLR 3.5.30729; .NET CLR 3.0.30729; Media Center PC 6.0; InfoPath.3; .NET4.0C; MS-RTC LM 8; .NET4.0E)" 23402
192.168.12.61 - - [17/Feb/2013:07:09:29 +0600] "GET /pause/ajaxPause?pauseConfigId=&admin=0 HTTP/1.1" 200 986 "http://callider/pause/index" "Mozilla/4.0 (compatible; MSIE 7.0; Windows NT 6.1; Trident/5.0; SLCC2; .NET CLR 2.0.50727; .NET CLR 3.5.30729; .NET CLR 3.0.30729; Media Center PC 6.0; InfoPath.3; .NET4.0C; .NET4.0E)" 25404
192.168.12.69 - - [17/Feb/2013:07:09:30 +0600] "GET /pause/ajaxPause?pauseConfigId=&admin=0 HTTP/1.1" 200 986 "http://callider/pause/index" "Mozilla/4.0 (compatible; MSIE 7.0; Windows NT 6.1; Trident/5.0; SLCC2; .NET CLR 2.0.50727; .NET CLR 3.5.30729; .NET CLR 3.0.30729; Media Center PC 6.0; InfoPath.3; .NET4.0C; .NET4.0E; Tablet PC 2.0; AskTbFXTV5/5.14.1.20007)" 20877
192.168.74.91 - - [17/Feb/2013:07:09:30 +0600] "GET /pause/ajaxPause?pauseConfigId=&admin=0 HTTP/1.1" 200 986 "http://callider/pause/index" "Mozilla/4.0 (compatible; MSIE 7.0; Windows NT 6.1; WOW64; Trident/5.0; SLCC2; .NET CLR 2.0.50727; .NET CLR 3.5.30729; .NET CLR 3.0.30729; Media Center PC 6.0; InfoPath.3; .NET4.0C; MS-RTC LM 8; .NET4.0E)" 18129
192.168.74.151 - - [17/Feb/2013:07:09:30 +0600] "GET /pause/ajaxPause?pauseConfigId=&admin=0 HTTP/1.1" 200 987 "http://callider.kontur/pause/index" "Mozilla/5.0 (Windows NT 6.1; WOW64; rv:18.0) Gecko/20100101 Firefox/18.0" 17741
192.168.12.210 - - [17/Feb/2013:07:09:30 +0600] "GET /pause/ajaxPause?pauseConfigId=all&admin=1 HTTP/1.1" 200 1047 "http://callider/pause/index" "Mozilla/4.0 (compatible; MSIE 7.0; Windows NT 6.1; WOW64; Trident/5.0; SLCC2; .NET CLR 2.0.50727; .NET CLR 3.5.30729; .NET CLR 3.0.30729; Media Center PC 6.0; InfoPath.3; .NET4.0C; .NET4.0E)" 123833
192.168.12.60 - - [17/Feb/2013:07:09:31 +0600] "GET /pause/ajaxPause?pauseConfigId=&admin=0 HTTP/1.1" 200 986 "http://callider/pause/index" "Mozilla/4.0 (compatible; MSIE 8.0; Windows NT 6.1; Trident/4.0; InfoPath.3; .NET4.0C; MS-RTC LM 8; .NET4.0E)" 31062
192.168.12.204 - - [17/Feb/2013:07:09:31 +0600] "GET /pause/ajaxPause?pauseConfigId=&admin=0 HTTP/1.1" 200 986 "http://callider/pause/index" "Mozilla/4.0 (compatible; MSIE 7.0; Windows NT 6.1; WOW64; Trident/4.0; SLCC2; .NET CLR 2.0.50727; .NET CLR 3.5.30729; .NET CLR 3.0.30729; Media Center PC 6.0; InfoPath.3; .NET4.0C; .NET4.0E; .NET CLR 1.1.4322)" 18715
192.168.65.56 - - [17/Feb/2013:07:09:31 +0600] "GET /pause/ajaxPause?pauseConfigId=all&admin=1 HTTP/1.1" 200 1046 "http://192.168.65.101/pause/index" "Mozilla/5.0 (Windows NT 5.1; rv:15.0) Gecko/20100101 Firefox/15.0" 32740
192.168.74.78 - - [17/Feb/2013:07:09:34 +0600] "GET /pause/ajaxPause?pauseConfigId=&admin=0 HTTP/1.1" 200 986 "http://callider/pause/index" "Mozilla/4.0 (compatible; MSIE 7.0; Windows NT 6.1; WOW64; Trident/5.0; SLCC2; .NET CLR 2.0.50727; .NET CLR 3.5.30729; .NET CLR 3.0.30729; Media Center PC 6.0; InfoPath.3; .NET4.0C; MS-RTC LM 8; .NET4.0E)" 25276
192.168.12.61 - - [17/Feb/2013:07:09:34 +0600] "GET /pause/ajaxPause?pauseConfigId=&admin=0 HTTP/1.1" 200 985 "http://callider/pause/index" "Mozilla/4.0 (compatible; MSIE 7.0; Windows NT 6.1; Trident/5.0; SLCC2; .NET CLR 2.0.50727; .NET CLR 3.5.30729; .NET CLR 3.0.30729; Media Center PC 6.0; InfoPath.3; .NET4.0C; .NET4.0E)" 21839
192.168.12.67 - - [17/Feb/2013:07:09:34 +0600] "GET /tv/useUser HTTP/1.1" 200 432 "http://callider/graph/personal" "Mozilla/4.0 (compatible; MSIE 7.0; Windows NT 6.1; Trident/5.0; SLCC2; .NET CLR 2.0.50727; .NET CLR 3.5.30729; .NET CLR 3.0.30729; Media Center PC 6.0; .NET4.0C; .NET4.0E; InfoPath.3; Tablet PC 2.0; MS-RTC LM 8)" 17550
192.168.12.69 - - [17/Feb/2013:07:09:35 +0600] "GET /pause/ajaxPause?pauseConfigId=&admin=0 HTTP/1.1" 200 986 "http://callider/pause/index" "Mozilla/4.0 (compatible; MSIE 7.0; Windows NT 6.1; Trident/5.0; SLCC2; .NET CLR 2.0.50727; .NET CLR 3.5.30729; .NET CLR 3.0.30729; Media Center PC 6.0; InfoPath.3; .NET4.0C; .NET4.0E; Tablet PC 2.0; AskTbFXTV5/5.14.1.20007)" 18962
192.168.74.91 - - [17/Feb/2013:07:09:35 +0600] "GET /pause/ajaxPause?pauseConfigId=&admin=0 HTTP/1.1" 200 986 "http://callider/pause/index" "Mozilla/4.0 (compatible; MSIE 7.0; Windows NT 6.1; WOW64; Trident/5.0; SLCC2; .NET CLR 2.0.50727; .NET CLR 3.5.30729; .NET CLR 3.0.30729; Media Center PC 6.0; InfoPath.3; .NET4.0C; MS-RTC LM 8; .NET4.0E)" 18746
192.168.74.151 - - [17/Feb/2013:07:09:35 +0600] "GET /pause/ajaxPause?pauseConfigId=&admin=0 HTTP/1.1" 200 987 "http://callider.kontur/pause/index" "Mozilla/5.0 (Windows NT 6.1; WOW64; rv:18.0) Gecko/20100101 Firefox/18.0" 23725
192.168.12.210 - - [17/Feb/2013:07:09:35 +0600] "GET /pause/ajaxPause?pauseConfigId=all&admin=1 HTTP/1.1" 200 1047 "http://callider/pause/index" "Mozilla/4.0 (compatible; MSIE 7.0; Windows NT 6.1; WOW64; Trident/5.0; SLCC2; .NET CLR 2.0.50727; .NET CLR 3.5.30729; .NET CLR 3.0.30729; Media Center PC 6.0; InfoPath.3; .NET4.0C; .NET4.0E)" 21537
192.168.12.60 - - [17/Feb/2013:07:09:36 +0600] "GET /pause/ajaxPause?pauseConfigId=&admin=0 HTTP/1.1" 200 986 "http://callider/pause/index" "Mozilla/4.0 (compatible; MSIE 8.0; Windows NT 6.1; Trident/4.0; InfoPath.3; .NET4.0C; MS-RTC LM 8; .NET4.0E)" 16290
192.168.12.204 - - [17/Feb/2013:07:09:36 +0600] "GET /pause/ajaxPause?pauseConfigId=&admin=0 HTTP/1.1" 200 986 "http://callider/pause/index" "Mozilla/4.0 (compatible; MSIE 7.0; Windows NT 6.1; WOW64; Trident/4.0; SLCC2; .NET CLR 2.0.50727; .NET CLR 3.5.30729; .NET CLR 3.0.30729; Media Center PC 6.0; InfoPath.3; .NET4.0C; .NET4.0E; .NET CLR 1.1.4322)" 18418
192.168.65.56 - - [17/Feb/2013:07:09:36 +0600] "GET /pause/ajaxPause?pauseConfigId=all&admin=1 HTTP/1.1" 200 1046 "http://192.168.65.101/pause/index" "Mozilla/5.0 (Windows NT 5.1; rv:15.0) Gecko/20100101 Firefox/15.0" 28908
192.168.74.93 - - [17/Feb/2013:07:09:38 +0600] "GET /tv/useUser HTTP/1.1" 200 432 "http://callider/graph/personal" "Mozilla/4.0 (compatible; MSIE 7.0; Windows NT 6.1; WOW64; Trident/5.0; SLCC2; .NET CLR 2.0.50727; .NET CLR 3.5.30729; .NET CLR 3.0.30729; Media Center PC 6.0; InfoPath.3; .NET4.0C; .NET4.0E)" 24087
192.168.12.210 - - [17/Feb/2013:07:09:39 +0600] "GET /tv/useUser HTTP/1.1" 200 431 "http://callider/graph/general" "Mozilla/4.0 (compatible; MSIE 7.0; Windows NT 6.1; WOW64; Trident/5.0; SLCC2; .NET CLR 2.0.50727; .NET CLR 3.5.30729; .NET CLR 3.0.30729; Media Center PC 6.0; InfoPath.3; .NET4.0C; .NET4.0E)" 9496
192.168.74.78 - - [17/Feb/2013:07:09:39 +0600] "GET /pause/ajaxPause?pauseConfigId=&admin=0 HTTP/1.1" 200 986 "http://callider/pause/index" "Mozilla/4.0 (compatible; MSIE 7.0; Windows NT 6.1; WOW64; Trident/5.0; SLCC2; .NET CLR 2.0.50727; .NET CLR 3.5.30729; .NET CLR 3.0.30729; Media Center PC 6.0; InfoPath.3; .NET4.0C; MS-RTC LM 8; .NET4.0E)" 33210
192.168.12.61 - - [17/Feb/2013:07:09:39 +0600] "GET /pause/ajaxPause?pauseConfigId=&admin=0 HTTP/1.1" 200 986 "http://callider/pause/index" "Mozilla/4.0 (compatible; MSIE 7.0; Windows NT 6.1; Trident/5.0; SLCC2; .NET CLR 2.0.50727; .NET CLR 3.5.30729; .NET CLR 3.0.30729; Media Center PC 6.0; InfoPath.3; .NET4.0C; .NET4.0E)" 28112
192.168.12.69 - - [17/Feb/2013:07:09:40 +0600] "GET /pause/ajaxPause?pauseConfigId=&admin=0 HTTP/1.1" 200 986 "http://callider/pause/index" "Mozilla/4.0 (compatible; MSIE 7.0; Windows NT 6.1; Trident/5.0; SLCC2; .NET CLR 2.0.50727; .NET CLR 3.5.30729; .NET CLR 3.0.30729; Media Center PC 6.0; InfoPath.3; .NET4.0C; .NET4.0E; Tablet PC 2.0; AskTbFXTV5/5.14.1.20007)" 19492
192.168.74.91 - - [17/Feb/2013:07:09:40 +0600] "GET /pause/ajaxPause?pauseConfigId=&admin=0 HTTP/1.1" 200 986 "http://callider/pause/index" "Mozilla/4.0 (compatible; MSIE 7.0; Windows NT 6.1; WOW64; Trident/5.0; SLCC2; .NET CLR 2.0.50727; .NET CLR 3.5.30729; .NET CLR 3.0.30729; Media Center PC 6.0; InfoPath.3; .NET4.0C; MS-RTC LM 8; .NET4.0E)" 19290
192.168.74.151 - - [17/Feb/2013:07:09:40 +0600] "GET /pause/ajaxPause?pauseConfigId=&admin=0 HTTP/1.1" 200 987 "http://callider.kontur/pause/index" "Mozilla/5.0 (Windows NT 6.1; WOW64; rv:18.0) Gecko/20100101 Firefox/18.0" 19045
192.168.12.210 - - [17/Feb/2013:07:09:40 +0600] "GET /pause/ajaxPause?pauseConfigId=all&admin=1 HTTP/1.1" 200 1047 "http://callider/pause/index" "Mozilla/4.0 (compatible; MSIE 7.0; Windows NT 6.1; WOW64; Trident/5.0; SLCC2; .NET CLR 2.0.50727; .NET CLR 3.5.30729; .NET CLR 3.0.30729; Media Center PC 6.0; InfoPath.3; .NET4.0C; .NET4.0E)" 23776
192.168.12.9 - - [17/Feb/2013:07:09:41 +0600] "GET /tv/useUser HTTP/1.1" 200 432 "http://callider.kontur/site/index" "Mozilla/5.0 (Windows NT 6.1; WOW64) AppleWebKit/537.17 (KHTML, like Gecko) Chrome/24.0.1312.57 Safari/537.17" 15667
192.168.12.60 - - [17/Feb/2013:07:09:41 +0600] "GET /pause/ajaxPause?pauseConfigId=&admin=0 HTTP/1.1" 200 986 "http://callider/pause/index" "Mozilla/4.0 (compatible; MSIE 8.0; Windows NT 6.1; Trident/4.0; InfoPath.3; .NET4.0C; MS-RTC LM 8; .NET4.0E)" 17223
192.168.12.204 - - [17/Feb/2013:07:09:41 +0600] "GET /pause/ajaxPause?pauseConfigId=&admin=0 HTTP/1.1" 200 986 "http://callider/pause/index" "Mozilla/4.0 (compatible; MSIE 7.0; Windows NT 6.1; WOW64; Trident/4.0; SLCC2; .NET CLR 2.0.50727; .NET CLR 3.5.30729; .NET CLR 3.0.30729; Media Center PC 6.0; InfoPath.3; .NET4.0C; .NET4.0E; .NET CLR 1.1.4322)" 35128
192.168.65.56 - - [17/Feb/2013:07:09:41 +0600] "GET /pause/ajaxPause?pauseConfigId=all&admin=1 HTTP/1.1" 200 1046 "http://192.168.65.101/pause/index" "Mozilla/5.0 (Windows NT 5.1; rv:15.0) Gecko/20100101 Firefox/15.0" 31828
192.168.74.78 - - [17/Feb/2013:07:09:44 +0600] "GET /pause/ajaxPause?pauseConfigId=&admin=0 HTTP/1.1" 200 986 "http://callider/pause/index" "Mozilla/4.0 (compatible; MSIE 7.0; Windows NT 6.1; WOW64; Trident/5.0; SLCC2; .NET CLR 2.0.50727; .NET CLR 3.5.30729; .NET CLR 3.0.30729; Media Center PC 6.0; InfoPath.3; .NET4.0C; MS-RTC LM 8; .NET4.0E)" 18402
192.168.12.61 - - [17/Feb/2013:07:09:44 +0600] "GET /pause/ajaxPause?pauseConfigId=&admin=0 HTTP/1.1" 200 985 "http://callider/pause/index" "Mozilla/4.0 (compatible; MSIE 7.0; Windows NT 6.1; Trident/5.0; SLCC2; .NET CLR 2.0.50727; .NET CLR 3.5.30729; .NET CLR 3.0.30729; Media Center PC 6.0; InfoPath.3; .NET4.0C; .NET4.0E)" 20073
192.168.12.69 - - [17/Feb/2013:07:09:45 +0600] "GET /pause/ajaxPause?pauseConfigId=&admin=0 HTTP/1.1" 200 986 "http://callider/pause/index" "Mozilla/4.0 (compatible; MSIE 7.0; Windows NT 6.1; Trident/5.0; SLCC2; .NET CLR 2.0.50727; .NET CLR 3.5.30729; .NET CLR 3.0.30729; Media Center PC 6.0; InfoPath.3; .NET4.0C; .NET4.0E; Tablet PC 2.0; AskTbFXTV5/5.14.1.20007)" 23706
192.168.74.91 - - [17/Feb/2013:07:09:45 +0600] "GET /pause/ajaxPause?pauseConfigId=&admin=0 HTTP/1.1" 200 986 "http://callider/pause/index" "Mozilla/4.0 (compatible; MSIE 7.0; Windows NT 6.1; WOW64; Trident/5.0; SLCC2; .NET CLR 2.0.50727; .NET CLR 3.5.30729; .NET CLR 3.0.30729; Media Center PC 6.0; InfoPath.3; .NET4.0C; MS-RTC LM 8; .NET4.0E)" 18886
192.168.74.151 - - [17/Feb/2013:07:09:45 +0600] "GET /pause/ajaxPause?pauseConfigId=&admin=0 HTTP/1.1" 200 987 "http://callider.kontur/pause/index" "Mozilla/5.0 (Windows NT 6.1; WOW64; rv:18.0) Gecko/20100101 Firefox/18.0" 19709
192.168.12.210 - - [17/Feb/2013:07:09:45 +0600] "GET /pause/ajaxPause?pauseConfigId=all&admin=1 HTTP/1.1" 200 1047 "http://callider/pause/index" "Mozilla/4.0 (compatible; MSIE 7.0; Windows NT 6.1; WOW64; Trident/5.0; SLCC2; .NET CLR 2.0.50727; .NET CLR 3.5.30729; .NET CLR 3.0.30729; Media Center PC 6.0; InfoPath.3; .NET4.0C; .NET4.0E)" 23282
192.168.12.60 - - [17/Feb/2013:07:09:46 +0600] "GET /pause/ajaxPause?pauseConfigId=&admin=0 HTTP/1.1" 200 986 "http://callider/pause/index" "Mozilla/4.0 (compatible; MSIE 8.0; Windows NT 6.1; Trident/4.0; InfoPath.3; .NET4.0C; MS-RTC LM 8; .NET4.0E)" 17221
192.168.12.204 - - [17/Feb/2013:07:09:46 +0600] "GET /pause/ajaxPause?pauseConfigId=&admin=0 HTTP/1.1" 200 986 "http://callider/pause/index" "Mozilla/4.0 (compatible; MSIE 7.0; Windows NT 6.1; WOW64; Trident/4.0; SLCC2; .NET CLR 2.0.50727; .NET CLR 3.5.30729; .NET CLR 3.0.30729; Media Center PC 6.0; InfoPath.3; .NET4.0C; .NET4.0E; .NET CLR 1.1.4322)" 18458
192.168.65.56 - - [17/Feb/2013:07:09:46 +0600] "GET /pause/ajaxPause?pauseConfigId=all&admin=1 HTTP/1.1" 200 1046 "http://192.168.65.101/pause/index" "Mozilla/5.0 (Windows NT 5.1; rv:15.0) Gecko/20100101 Firefox/15.0" 51187
192.168.12.210 - - [17/Feb/2013:07:09:49 +0600] "GET /tv/useUser HTTP/1.1" 200 431 "http://callider/pause/index" "Mozilla/4.0 (compatible; MSIE 7.0; Windows NT 6.1; WOW64; Trident/5.0; SLCC2; .NET CLR 2.0.50727; .NET CLR 3.5.30729; .NET CLR 3.0.30729; Media Center PC 6.0; InfoPath.3; .NET4.0C; .NET4.0E)" 8381
192.168.74.78 - - [17/Feb/2013:07:09:49 +0600] "GET /pause/ajaxPause?pauseConfigId=&admin=0 HTTP/1.1" 200 986 "http://callider/pause/index" "Mozilla/4.0 (compatible; MSIE 7.0; Windows NT 6.1; WOW64; Trident/5.0; SLCC2; .NET CLR 2.0.50727; .NET CLR 3.5.30729; .NET CLR 3.0.30729; Media Center PC 6.0; InfoPath.3; .NET4.0C; MS-RTC LM 8; .NET4.0E)" 21381
192.168.12.61 - - [17/Feb/2013:07:09:49 +0600] "GET /pause/ajaxPause?pauseConfigId=&admin=0 HTTP/1.1" 200 985 "http://callider/pause/index" "Mozilla/4.0 (compatible; MSIE 7.0; Windows NT 6.1; Trident/5.0; SLCC2; .NET CLR 2.0.50727; .NET CLR 3.5.30729; .NET CLR 3.0.30729; Media Center PC 6.0; InfoPath.3; .NET4.0C; .NET4.0E)" 20878
192.168.12.69 - - [17/Feb/2013:07:09:50 +0600] "GET /pause/ajaxPause?pauseConfigId=&admin=0 HTTP/1.1" 200 986 "http://callider/pause/index" "Mozilla/4.0 (compatible; MSIE 7.0; Windows NT 6.1; Trident/5.0; SLCC2; .NET CLR 2.0.50727; .NET CLR 3.5.30729; .NET CLR 3.0.30729; Media Center PC 6.0; InfoPath.3; .NET4.0C; .NET4.0E; Tablet PC 2.0; AskTbFXTV5/5.14.1.20007)" 19664
192.168.74.91 - - [17/Feb/2013:07:09:50 +0600] "GET /pause/ajaxPause?pauseConfigId=&admin=0 HTTP/1.1" 200 986 "http://callider/pause/index" "Mozilla/4.0 (compatible; MSIE 7.0; Windows NT 6.1; WOW64; Trident/5.0; SLCC2; .NET CLR 2.0.50727; .NET CLR 3.5.30729; .NET CLR 3.0.30729; Media Center PC 6.0; InfoPath.3; .NET4.0C; MS-RTC LM 8; .NET4.0E)" 28302
192.168.74.151 - - [17/Feb/2013:07:09:50 +0600] "GET /pause/ajaxPause?pauseConfigId=&admin=0 HTTP/1.1" 200 987 "http://callider.kontur/pause/index" "Mozilla/5.0 (Windows NT 6.1; WOW64; rv:18.0) Gecko/20100101 Firefox/18.0" 23174
192.168.12.210 - - [17/Feb/2013:07:09:50 +0600] "GET /pause/ajaxPause?pauseConfigId=all&admin=1 HTTP/1.1" 200 1047 "http://callider/pause/index" "Mozilla/4.0 (compatible; MSIE 7.0; Windows NT 6.1; WOW64; Trident/5.0; SLCC2; .NET CLR 2.0.50727; .NET CLR 3.5.30729; .NET CLR 3.0.30729; Media Center PC 6.0; InfoPath.3; .NET4.0C; .NET4.0E)" 21386
192.168.12.60 - - [17/Feb/2013:07:09:51 +0600] "GET /pause/ajaxPause?pauseConfigId=&admin=0 HTTP/1.1" 200 986 "http://callider/pause/index" "Mozilla/4.0 (compatible; MSIE 8.0; Windows NT 6.1; Trident/4.0; InfoPath.3; .NET4.0C; MS-RTC LM 8; .NET4.0E)" 17132
192.168.12.204 - - [17/Feb/2013:07:09:51 +0600] "GET /pause/ajaxPause?pauseConfigId=&admin=0 HTTP/1.1" 200 986 "http://callider/pause/index" "Mozilla/4.0 (compatible; MSIE 7.0; Windows NT 6.1; WOW64; Trident/4.0; SLCC2; .NET CLR 2.0.50727; .NET CLR 3.5.30729; .NET CLR 3.0.30729; Media Center PC 6.0; InfoPath.3; .NET4.0C; .NET4.0E; .NET CLR 1.1.4322)" 26351
192.168.65.56 - - [17/Feb/2013:07:09:51 +0600] "GET /pause/ajaxPause?pauseConfigId=all&admin=1 HTTP/1.1" 200 1046 "http://192.168.65.101/pause/index" "Mozilla/5.0 (Windows NT 5.1; rv:15.0) Gecko/20100101 Firefox/15.0" 39442
192.168.65.56 - - [17/Feb/2013:07:09:51 +0600] "GET /tv/useUser HTTP/1.1" 200 431 "http://192.168.65.101/pause/index" "Mozilla/5.0 (Windows NT 5.1; rv:15.0) Gecko/20100101 Firefox/15.0" 13088
192.168.74.78 - - [17/Feb/2013:07:09:54 +0600] "GET /pause/ajaxPause?pauseConfigId=&admin=0 HTTP/1.1" 200 986 "http://callider/pause/index" "Mozilla/4.0 (compatible; MSIE 7.0; Windows NT 6.1; WOW64; Trident/5.0; SLCC2; .NET CLR 2.0.50727; .NET CLR 3.5.30729; .NET CLR 3.0.30729; Media Center PC 6.0; InfoPath.3; .NET4.0C; MS-RTC LM 8; .NET4.0E)" 20897
192.168.12.61 - - [17/Feb/2013:07:09:54 +0600] "GET /pause/ajaxPause?pauseConfigId=&admin=0 HTTP/1.1" 200 986 "http://callider/pause/index" "Mozilla/4.0 (compatible; MSIE 7.0; Windows NT 6.1; Trident/5.0; SLCC2; .NET CLR 2.0.50727; .NET CLR 3.5.30729; .NET CLR 3.0.30729; Media Center PC 6.0; InfoPath.3; .NET4.0C; .NET4.0E)" 28266
192.168.12.69 - - [17/Feb/2013:07:09:55 +0600] "GET /pause/ajaxPause?pauseConfigId=&admin=0 HTTP/1.1" 200 986 "http://callider/pause/index" "Mozilla/4.0 (compatible; MSIE 7.0; Windows NT 6.1; Trident/5.0; SLCC2; .NET CLR 2.0.50727; .NET CLR 3.5.30729; .NET CLR 3.0.30729; Media Center PC 6.0; InfoPath.3; .NET4.0C; .NET4.0E; Tablet PC 2.0; AskTbFXTV5/5.14.1.20007)" 25141
192.168.74.91 - - [17/Feb/2013:07:09:55 +0600] "GET /pause/ajaxPause?pauseConfigId=&admin=0 HTTP/1.1" 200 986 "http://callider/pause/index" "Mozilla/4.0 (compatible; MSIE 7.0; Windows NT 6.1; WOW64; Trident/5.0; SLCC2; .NET CLR 2.0.50727; .NET CLR 3.5.30729; .NET CLR 3.0.30729; Media Center PC 6.0; InfoPath.3; .NET4.0C; MS-RTC LM 8; .NET4.0E)" 17372
192.168.74.151 - - [17/Feb/2013:07:09:55 +0600] "GET /pause/ajaxPause?pauseConfigId=&admin=0 HTTP/1.1" 200 987 "http://callider.kontur/pause/index" "Mozilla/5.0 (Windows NT 6.1; WOW64; rv:18.0) Gecko/20100101 Firefox/18.0" 23099
192.168.12.210 - - [17/Feb/2013:07:09:55 +0600] "GET /pause/ajaxPause?pauseConfigId=all&admin=1 HTTP/1.1" 200 1047 "http://callider/pause/index" "Mozilla/4.0 (compatible; MSIE 7.0; Windows NT 6.1; WOW64; Trident/5.0; SLCC2; .NET CLR 2.0.50727; .NET CLR 3.5.30729; .NET CLR 3.0.30729; Media Center PC 6.0; InfoPath.3; .NET4.0C; .NET4.0E)" 18557
192.168.12.60 - - [17/Feb/2013:07:09:56 +0600] "GET /pause/ajaxPause?pauseConfigId=&admin=0 HTTP/1.1" 200 986 "http://callider/pause/index" "Mozilla/4.0 (compatible; MSIE 8.0; Windows NT 6.1; Trident/4.0; InfoPath.3; .NET4.0C; MS-RTC LM 8; .NET4.0E)" 16513
192.168.12.204 - - [17/Feb/2013:07:09:56 +0600] "GET /pause/ajaxPause?pauseConfigId=&admin=0 HTTP/1.1" 200 986 "http://callider/pause/index" "Mozilla/4.0 (compatible; MSIE 7.0; Windows NT 6.1; WOW64; Trident/4.0; SLCC2; .NET CLR 2.0.50727; .NET CLR 3.5.30729; .NET CLR 3.0.30729; Media Center PC 6.0; InfoPath.3; .NET4.0C; .NET4.0E; .NET CLR 1.1.4322)" 19752
192.168.65.56 - - [17/Feb/2013:07:09:56 +0600] "GET /pause/ajaxPause?pauseConfigId=all&admin=1 HTTP/1.1" 200 1046 "http://192.168.65.101/pause/index" "Mozilla/5.0 (Windows NT 5.1; rv:15.0) Gecko/20100101 Firefox/15.0" 34220
192.168.74.78 - - [17/Feb/2013:07:09:59 +0600] "GET /pause/ajaxPause?pauseConfigId=&admin=0 HTTP/1.1" 200 986 "http://callider/pause/index" "Mozilla/4.0 (compatible; MSIE 7.0; Windows NT 6.1; WOW64; Trident/5.0; SLCC2; .NET CLR 2.0.50727; .NET CLR 3.5.30729; .NET CLR 3.0.30729; Media Center PC 6.0; InfoPath.3; .NET4.0C; MS-RTC LM 8; .NET4.0E)" 20105
192.168.12.61 - - [17/Feb/2013:07:09:59 +0600] "GET /pause/ajaxPause?pauseConfigId=&admin=0 HTTP/1.1" 200 985 "http://callider/pause/index" "Mozilla/4.0 (compatible; MSIE 7.0; Windows NT 6.1; Trident/5.0; SLCC2; .NET CLR 2.0.50727; .NET CLR 3.5.30729; .NET CLR 3.0.30729; Media Center PC 6.0; InfoPath.3; .NET4.0C; .NET4.0E)" 20623
192.168.64.119 - - [17/Feb/2013:07:10:00 +0600] "HEAD / HTTP/1.0" 302 435 "-" "WhatsUp/1.0" 13320
192.168.12.69 - - [17/Feb/2013:07:10:00 +0600] "GET /pause/ajaxPause?pauseConfigId=&admin=0 HTTP/1.1" 200 986 "http://callider/pause/index" "Mozilla/4.0 (compatible; MSIE 7.0; Windows NT 6.1; Trident/5.0; SLCC2; .NET CLR 2.0.50727; .NET CLR 3.5.30729; .NET CLR 3.0.30729; Media Center PC 6.0; InfoPath.3; .NET4.0C; .NET4.0E; Tablet PC 2.0; AskTbFXTV5/5.14.1.20007)" 21782
192.168.64.119 - - [17/Feb/2013:07:10:00 +0600] "GET / HTTP/1.1" 302 454 "-" "Mozilla/4.0 (compatible; MSIE 8.0; Windows NT 5.2; Trident/4.0)" 13891
192.168.64.119 - - [17/Feb/2013:07:10:00 +0600] "GET /site/login HTTP/1.1" 200 7421 "-" "Mozilla/4.0 (compatible; MSIE 8.0; Windows NT 5.2; Trident/4.0)" 22489
192.168.74.91 - - [17/Feb/2013:07:10:00 +0600] "GET /pause/ajaxPause?pauseConfigId=&admin=0 HTTP/1.1" 200 986 "http://callider/pause/index" "Mozilla/4.0 (compatible; MSIE 7.0; Windows NT 6.1; WOW64; Trident/5.0; SLCC2; .NET CLR 2.0.50727; .NET CLR 3.5.30729; .NET CLR 3.0.30729; Media Center PC 6.0; InfoPath.3; .NET4.0C; MS-RTC LM 8; .NET4.0E)" 20289
192.168.74.151 - - [17/Feb/2013:07:10:00 +0600] "GET /pause/ajaxPause?pauseConfigId=&admin=0 HTTP/1.1" 200 987 "http://callider.kontur/pause/index" "Mozilla/5.0 (Windows NT 6.1; WOW64; rv:18.0) Gecko/20100101 Firefox/18.0" 19624
192.168.12.210 - - [17/Feb/2013:07:10:00 +0600] "GET /pause/ajaxPause?pauseConfigId=all&admin=1 HTTP/1.1" 200 1047 "http://callider/pause/index" "Mozilla/4.0 (compatible; MSIE 7.0; Windows NT 6.1; WOW64; Trident/5.0; SLCC2; .NET CLR 2.0.50727; .NET CLR 3.5.30729; .NET CLR 3.0.30729; Media Center PC 6.0; InfoPath.3; .NET4.0C; .NET4.0E)" 25919
192.168.12.60 - - [17/Feb/2013:07:10:01 +0600] "GET /pause/ajaxPause?pauseConfigId=&admin=0 HTTP/1.1" 200 986 "http://callider/pause/index" "Mozilla/4.0 (compatible; MSIE 8.0; Windows NT 6.1; Trident/4.0; InfoPath.3; .NET4.0C; MS-RTC LM 8; .NET4.0E)" 17090
192.168.12.204 - - [17/Feb/2013:07:10:01 +0600] "GET /pause/ajaxPause?pauseConfigId=&admin=0 HTTP/1.1" 200 986 "http://callider/pause/index" "Mozilla/4.0 (compatible; MSIE 7.0; Windows NT 6.1; WOW64; Trident/4.0; SLCC2; .NET CLR 2.0.50727; .NET CLR 3.5.30729; .NET CLR 3.0.30729; Media Center PC 6.0; InfoPath.3; .NET4.0C; .NET4.0E; .NET CLR 1.1.4322)" 29784
192.168.65.56 - - [17/Feb/2013:07:10:01 +0600] "GET /pause/ajaxPause?pauseConfigId=all&admin=1 HTTP/1.1" 200 1046 "http://192.168.65.101/pause/index" "Mozilla/5.0 (Windows NT 5.1; rv:15.0) Gecko/20100101 Firefox/15.0" 34589
192.168.74.78 - - [17/Feb/2013:07:10:04 +0600] "GET /pause/ajaxPause?pauseConfigId=&admin=0 HTTP/1.1" 200 986 "http://callider/pause/index" "Mozilla/4.0 (compatible; MSIE 7.0; Windows NT 6.1; WOW64; Trident/5.0; SLCC2; .NET CLR 2.0.50727; .NET CLR 3.5.30729; .NET CLR 3.0.30729; Media Center PC 6.0; InfoPath.3; .NET4.0C; MS-RTC LM 8; .NET4.0E)" 19447
192.168.12.61 - - [17/Feb/2013:07:10:04 +0600] "GET /pause/ajaxPause?pauseConfigId=&admin=0 HTTP/1.1" 200 986 "http://callider/pause/index" "Mozilla/4.0 (compatible; MSIE 7.0; Windows NT 6.1; Trident/5.0; SLCC2; .NET CLR 2.0.50727; .NET CLR 3.5.30729; .NET CLR 3.0.30729; Media Center PC 6.0; InfoPath.3; .NET4.0C; .NET4.0E)" 27009
192.168.12.69 - - [17/Feb/2013:07:10:05 +0600] "GET /pause/ajaxPause?pauseConfigId=&admin=0 HTTP/1.1" 200 986 "http://callider/pause/index" "Mozilla/4.0 (compatible; MSIE 7.0; Windows NT 6.1; Trident/5.0; SLCC2; .NET CLR 2.0.50727; .NET CLR 3.5.30729; .NET CLR 3.0.30729; Media Center PC 6.0; InfoPath.3; .NET4.0C; .NET4.0E; Tablet PC 2.0; AskTbFXTV5/5.14.1.20007)" 20211
192.168.12.61 - - [17/Feb/2013:07:10:05 +0600] "GET /tv/useUser HTTP/1.1" 200 431 "http://callider/pause/index" "Mozilla/4.0 (compatible; MSIE 7.0; Windows NT 6.1; Trident/5.0; SLCC2; .NET CLR 2.0.50727; .NET CLR 3.5.30729; .NET CLR 3.0.30729; Media Center PC 6.0; InfoPath.3; .NET4.0C; .NET4.0E)" 9112
192.168.74.91 - - [17/Feb/2013:07:10:05 +0600] "GET /pause/ajaxPause?pauseConfigId=&admin=0 HTTP/1.1" 200 986 "http://callider/pause/index" "Mozilla/4.0 (compatible; MSIE 7.0; Windows NT 6.1; WOW64; Trident/5.0; SLCC2; .NET CLR 2.0.50727; .NET CLR 3.5.30729; .NET CLR 3.0.30729; Media Center PC 6.0; InfoPath.3; .NET4.0C; MS-RTC LM 8; .NET4.0E)" 25194
192.168.74.151 - - [17/Feb/2013:07:10:05 +0600] "GET /pause/ajaxPause?pauseConfigId=&admin=0 HTTP/1.1" 200 987 "http://callider.kontur/pause/index" "Mozilla/5.0 (Windows NT 6.1; WOW64; rv:18.0) Gecko/20100101 Firefox/18.0" 18943
192.168.12.210 - - [17/Feb/2013:07:10:05 +0600] "GET /pause/ajaxPause?pauseConfigId=all&admin=1 HTTP/1.1" 200 1047 "http://callider/pause/index" "Mozilla/4.0 (compatible; MSIE 7.0; Windows NT 6.1; WOW64; Trident/5.0; SLCC2; .NET CLR 2.0.50727; .NET CLR 3.5.30729; .NET CLR 3.0.30729; Media Center PC 6.0; InfoPath.3; .NET4.0C; .NET4.0E)" 21054
192.168.12.60 - - [17/Feb/2013:07:10:06 +0600] "GET /pause/ajaxPause?pauseConfigId=&admin=0 HTTP/1.1" 200 986 "http://callider/pause/index" "Mozilla/4.0 (compatible; MSIE 8.0; Windows NT 6.1; Trident/4.0; InfoPath.3; .NET4.0C; MS-RTC LM 8; .NET4.0E)" 25517
192.168.12.204 - - [17/Feb/2013:07:10:06 +0600] "GET /pause/ajaxPause?pauseConfigId=&admin=0 HTTP/1.1" 200 986 "http://callider/pause/index" "Mozilla/4.0 (compatible; MSIE 7.0; Windows NT 6.1; WOW64; Trident/4.0; SLCC2; .NET CLR 2.0.50727; .NET CLR 3.5.30729; .NET CLR 3.0.30729; Media Center PC 6.0; InfoPath.3; .NET4.0C; .NET4.0E; .NET CLR 1.1.4322)" 22310
192.168.12.77 - - [17/Feb/2013:07:10:06 +0600] "GET /pause/ajaxPause?pauseConfigId=&admin=0 HTTP/1.1" 200 1040 "http://callider/pause/index" "Mozilla/4.0 (compatible; MSIE 7.0; Windows NT 6.1; Trident/5.0; SLCC2; .NET CLR 2.0.50727; .NET CLR 3.5.30729; .NET CLR 3.0.30729; Media Center PC 6.0; Tablet PC 2.0; InfoPath.3; .NET4.0C; .NET4.0E; MS-RTC LM 8)" 23871
192.168.12.38 - - [17/Feb/2013:07:10:06 +0600] "GET /pause/ajaxPause?pauseConfigId=&admin=0 HTTP/1.1" 200 1041 "http://callider/pause/index" "Mozilla/4.0 (compatible; MSIE 7.0; Windows NT 6.1; WOW64; Trident/5.0; SLCC2; .NET CLR 2.0.50727; .NET CLR 3.5.30729; .NET CLR 3.0.30729; Media Center PC 6.0; InfoPath.3; .NET4.0C; .NET4.0E)" 22190
192.168.65.56 - - [17/Feb/2013:07:10:06 +0600] "GET /pause/ajaxPause?pauseConfigId=all&admin=1 HTTP/1.1" 200 1046 "http://192.168.65.101/pause/index" "Mozilla/5.0 (Windows NT 5.1; rv:15.0) Gecko/20100101 Firefox/15.0" 30811
192.168.74.78 - - [17/Feb/2013:07:10:09 +0600] "GET /pause/ajaxPause?pauseConfigId=&admin=0 HTTP/1.1" 200 986 "http://callider/pause/index" "Mozilla/4.0 (compatible; MSIE 7.0; Windows NT 6.1; WOW64; Trident/5.0; SLCC2; .NET CLR 2.0.50727; .NET CLR 3.5.30729; .NET CLR 3.0.30729; Media Center PC 6.0; InfoPath.3; .NET4.0C; MS-RTC LM 8; .NET4.0E)" 18646
192.168.12.61 - - [17/Feb/2013:07:10:09 +0600] "GET /pause/ajaxPause?pauseConfigId=&admin=0 HTTP/1.1" 200 985 "http://callider/pause/index" "Mozilla/4.0 (compatible; MSIE 7.0; Windows NT 6.1; Trident/5.0; SLCC2; .NET CLR 2.0.50727; .NET CLR 3.5.30729; .NET CLR 3.0.30729; Media Center PC 6.0; InfoPath.3; .NET4.0C; .NET4.0E)" 19933
192.168.12.69 - - [17/Feb/2013:07:10:10 +0600] "GET /pause/ajaxPause?pauseConfigId=&admin=0 HTTP/1.1" 200 986 "http://callider/pause/index" "Mozilla/4.0 (compatible; MSIE 7.0; Windows NT 6.1; Trident/5.0; SLCC2; .NET CLR 2.0.50727; .NET CLR 3.5.30729; .NET CLR 3.0.30729; Media Center PC 6.0; InfoPath.3; .NET4.0C; .NET4.0E; Tablet PC 2.0; AskTbFXTV5/5.14.1.20007)" 19295
192.168.74.91 - - [17/Feb/2013:07:10:10 +0600] "GET /pause/ajaxPause?pauseConfigId=&admin=0 HTTP/1.1" 200 986 "http://callider/pause/index" "Mozilla/4.0 (compatible; MSIE 7.0; Windows NT 6.1; WOW64; Trident/5.0; SLCC2; .NET CLR 2.0.50727; .NET CLR 3.5.30729; .NET CLR 3.0.30729; Media Center PC 6.0; InfoPath.3; .NET4.0C; MS-RTC LM 8; .NET4.0E)" 18056
192.168.74.151 - - [17/Feb/2013:07:10:10 +0600] "GET /pause/ajaxPause?pauseConfigId=&admin=0 HTTP/1.1" 200 987 "http://callider.kontur/pause/index" "Mozilla/5.0 (Windows NT 6.1; WOW64; rv:18.0) Gecko/20100101 Firefox/18.0" 17597
192.168.12.210 - - [17/Feb/2013:07:10:10 +0600] "GET /pause/ajaxPause?pauseConfigId=all&admin=1 HTTP/1.1" 200 1047 "http://callider/pause/index" "Mozilla/4.0 (compatible; MSIE 7.0; Windows NT 6.1; WOW64; Trident/5.0; SLCC2; .NET CLR 2.0.50727; .NET CLR 3.5.30729; .NET CLR 3.0.30729; Media Center PC 6.0; InfoPath.3; .NET4.0C; .NET4.0E)" 176421
192.168.12.60 - - [17/Feb/2013:07:10:11 +0600] "GET /pause/ajaxPause?pauseConfigId=&admin=0 HTTP/1.1" 200 986 "http://callider/pause/index" "Mozilla/4.0 (compatible; MSIE 8.0; Windows NT 6.1; Trident/4.0; InfoPath.3; .NET4.0C; MS-RTC LM 8; .NET4.0E)" 23440
192.168.12.42 - - [17/Feb/2013:07:10:11 +0600] "GET /tv/useUser HTTP/1.1" 200 432 "http://callider/graph/personal" "Mozilla/4.0 (compatible; MSIE 7.0; Windows NT 6.1; WOW64; Trident/5.0; SLCC2; .NET CLR 2.0.50727; .NET CLR 3.5.30729; .NET CLR 3.0.30729; Media Center PC 6.0; InfoPath.3; .NET4.0C; .NET4.0E)" 18738
192.168.12.204 - - [17/Feb/2013:07:10:11 +0600] "GET /pause/ajaxPause?pauseConfigId=&admin=0 HTTP/1.1" 200 986 "http://callider/pause/index" "Mozilla/4.0 (compatible; MSIE 7.0; Windows NT 6.1; WOW64; Trident/4.0; SLCC2; .NET CLR 2.0.50727; .NET CLR 3.5.30729; .NET CLR 3.0.30729; Media Center PC 6.0; InfoPath.3; .NET4.0C; .NET4.0E; .NET CLR 1.1.4322)" 23713
192.168.12.77 - - [17/Feb/2013:07:10:11 +0600] "GET /pause/ajaxPause?pauseConfigId=&admin=0 HTTP/1.1" 200 1039 "http://callider/pause/index" "Mozilla/4.0 (compatible; MSIE 7.0; Windows NT 6.1; Trident/5.0; SLCC2; .NET CLR 2.0.50727; .NET CLR 3.5.30729; .NET CLR 3.0.30729; Media Center PC 6.0; Tablet PC 2.0; InfoPath.3; .NET4.0C; .NET4.0E; MS-RTC LM 8)" 16248
192.168.12.38 - - [17/Feb/2013:07:10:11 +0600] "GET /pause/ajaxPause?pauseConfigId=&admin=0 HTTP/1.1" 200 1040 "http://callider/pause/index" "Mozilla/4.0 (compatible; MSIE 7.0; Windows NT 6.1; WOW64; Trident/5.0; SLCC2; .NET CLR 2.0.50727; .NET CLR 3.5.30729; .NET CLR 3.0.30729; Media Center PC 6.0; InfoPath.3; .NET4.0C; .NET4.0E)" 21841
192.168.65.56 - - [17/Feb/2013:07:10:11 +0600] "GET /pause/ajaxPause?pauseConfigId=all&admin=1 HTTP/1.1" 200 1046 "http://192.168.65.101/pause/index" "Mozilla/5.0 (Windows NT 5.1; rv:15.0) Gecko/20100101 Firefox/15.0" 117575
192.168.74.151 - - [17/Feb/2013:07:10:13 +0600] "GET /tv/useUser HTTP/1.1" 200 431 "http://callider.kontur/graph/general" "Mozilla/5.0 (Windows NT 6.1; WOW64; rv:18.0) Gecko/20100101 Firefox/18.0" 8641
192.168.74.78 - - [17/Feb/2013:07:10:14 +0600] "GET /pause/ajaxPause?pauseConfigId=&admin=0 HTTP/1.1" 200 986 "http://callider/pause/index" "Mozilla/4.0 (compatible; MSIE 7.0; Windows NT 6.1; WOW64; Trident/5.0; SLCC2; .NET CLR 2.0.50727; .NET CLR 3.5.30729; .NET CLR 3.0.30729; Media Center PC 6.0; InfoPath.3; .NET4.0C; MS-RTC LM 8; .NET4.0E)" 19443
192.168.12.61 - - [17/Feb/2013:07:10:14 +0600] "GET /pause/ajaxPause?pauseConfigId=&admin=0 HTTP/1.1" 200 986 "http://callider/pause/index" "Mozilla/4.0 (compatible; MSIE 7.0; Windows NT 6.1; Trident/5.0; SLCC2; .NET CLR 2.0.50727; .NET CLR 3.5.30729; .NET CLR 3.0.30729; Media Center PC 6.0; InfoPath.3; .NET4.0C; .NET4.0E)" 28161
192.168.12.69 - - [17/Feb/2013:07:10:15 +0600] "GET /pause/ajaxPause?pauseConfigId=&admin=0 HTTP/1.1" 200 986 "http://callider/pause/index" "Mozilla/4.0 (compatible; MSIE 7.0; Windows NT 6.1; Trident/5.0; SLCC2; .NET CLR 2.0.50727; .NET CLR 3.5.30729; .NET CLR 3.0.30729; Media Center PC 6.0; InfoPath.3; .NET4.0C; .NET4.0E; Tablet PC 2.0; AskTbFXTV5/5.14.1.20007)" 38574
192.168.74.151 - - [17/Feb/2013:07:10:15 +0600] "GET /pause/ajaxPause?pauseConfigId=&admin=0 HTTP/1.1" 200 987 "http://callider.kontur/pause/index" "Mozilla/5.0 (Windows NT 6.1; WOW64; rv:18.0) Gecko/20100101 Firefox/18.0" 31094
192.168.74.91 - - [17/Feb/2013:07:10:15 +0600] "GET /pause/ajaxPause?pauseConfigId=&admin=0 HTTP/1.1" 200 986 "http://callider/pause/index" "Mozilla/4.0 (compatible; MSIE 7.0; Windows NT 6.1; WOW64; Trident/5.0; SLCC2; .NET CLR 2.0.50727; .NET CLR 3.5.30729; .NET CLR 3.0.30729; Media Center PC 6.0; InfoPath.3; .NET4.0C; MS-RTC LM 8; .NET4.0E)" 64931
192.168.74.151 - - [17/Feb/2013:07:10:15 +0600] "GET /tv/useUser HTTP/1.1" 200 432 "http://callider.kontur/pause/index" "Mozilla/5.0 (Windows NT 6.1; WOW64; rv:18.0) Gecko/20100101 Firefox/18.0" 14761
192.168.12.210 - - [17/Feb/2013:07:10:15 +0600] "GET /pause/ajaxPause?pauseConfigId=all&admin=1 HTTP/1.1" 200 1047 "http://callider/pause/index" "Mozilla/4.0 (compatible; MSIE 7.0; Windows NT 6.1; WOW64; Trident/5.0; SLCC2; .NET CLR 2.0.50727; .NET CLR 3.5.30729; .NET CLR 3.0.30729; Media Center PC 6.0; InfoPath.3; .NET4.0C; .NET4.0E)" 22070
192.168.12.60 - - [17/Feb/2013:07:10:16 +0600] "GET /pause/ajaxPause?pauseConfigId=&admin=0 HTTP/1.1" 200 986 "http://callider/pause/index" "Mozilla/4.0 (compatible; MSIE 8.0; Windows NT 6.1; Trident/4.0; InfoPath.3; .NET4.0C; MS-RTC LM 8; .NET4.0E)" 14996
192.168.12.204 - - [17/Feb/2013:07:10:16 +0600] "GET /pause/ajaxPause?pauseConfigId=&admin=0 HTTP/1.1" 200 986 "http://callider/pause/index" "Mozilla/4.0 (compatible; MSIE 7.0; Windows NT 6.1; WOW64; Trident/4.0; SLCC2; .NET CLR 2.0.50727; .NET CLR 3.5.30729; .NET CLR 3.0.30729; Media Center PC 6.0; InfoPath.3; .NET4.0C; .NET4.0E; .NET CLR 1.1.4322)" 20956
192.168.12.77 - - [17/Feb/2013:07:10:16 +0600] "GET /pause/ajaxPause?pauseConfigId=&admin=0 HTTP/1.1" 200 1039 "http://callider/pause/index" "Mozilla/4.0 (compatible; MSIE 7.0; Windows NT 6.1; Trident/5.0; SLCC2; .NET CLR 2.0.50727; .NET CLR 3.5.30729; .NET CLR 3.0.30729; Media Center PC 6.0; Tablet PC 2.0; InfoPath.3; .NET4.0C; .NET4.0E; MS-RTC LM 8)" 14657
192.168.12.38 - - [17/Feb/2013:07:10:16 +0600] "GET /pause/ajaxPause?pauseConfigId=&admin=0 HTTP/1.1" 200 1040 "http://callider/pause/index" "Mozilla/4.0 (compatible; MSIE 7.0; Windows NT 6.1; WOW64; Trident/5.0; SLCC2; .NET CLR 2.0.50727; .NET CLR 3.5.30729; .NET CLR 3.0.30729; Media Center PC 6.0; InfoPath.3; .NET4.0C; .NET4.0E)" 16246
192.168.65.56 - - [17/Feb/2013:07:10:16 +0600] "GET /pause/ajaxPause?pauseConfigId=all&admin=1 HTTP/1.1" 200 1046 "http://192.168.65.101/pause/index" "Mozilla/5.0 (Windows NT 5.1; rv:15.0) Gecko/20100101 Firefox/15.0" 213439
192.168.74.78 - - [17/Feb/2013:07:10:19 +0600] "GET /pause/ajaxPause?pauseConfigId=&admin=0 HTTP/1.1" 200 986 "http://callider/pause/index" "Mozilla/4.0 (compatible; MSIE 7.0; Windows NT 6.1; WOW64; Trident/5.0; SLCC2; .NET CLR 2.0.50727; .NET CLR 3.5.30729; .NET CLR 3.0.30729; Media Center PC 6.0; InfoPath.3; .NET4.0C; MS-RTC LM 8; .NET4.0E)" 20376
192.168.12.61 - - [17/Feb/2013:07:10:19 +0600] "GET /pause/ajaxPause?pauseConfigId=&admin=0 HTTP/1.1" 200 985 "http://callider/pause/index" "Mozilla/4.0 (compatible; MSIE 7.0; Windows NT 6.1; Trident/5.0; SLCC2; .NET CLR 2.0.50727; .NET CLR 3.5.30729; .NET CLR 3.0.30729; Media Center PC 6.0; InfoPath.3; .NET4.0C; .NET4.0E)" 18636
192.168.12.10 - - [17/Feb/2013:07:10:19 +0600] "GET /tv/useUser HTTP/1.1" 200 432 "http://callider/graph/personal" "Mozilla/4.0 (compatible; MSIE 7.0; Windows NT 6.1; Trident/5.0; SLCC2; .NET CLR 2.0.50727; .NET CLR 3.5.30729; .NET CLR 3.0.30729; Media Center PC 6.0; InfoPath.3; .NET4.0C; .NET4.0E; Tablet PC 2.0; MS-RTC LM 8)" 15563
192.168.12.108 - - [17/Feb/2013:07:10:19 +0600] "GET /tv/useUser HTTP/1.1" 200 432 "http://callider/index.php" "Mozilla/4.0 (compatible; MSIE 7.0; Windows NT 6.2; WOW64; Trident/6.0; .NET4.0E; .NET4.0C; InfoPath.3; .NET CLR 3.5.30729; .NET CLR 2.0.50727; .NET CLR 3.0.30729)" 16566
192.168.12.69 - - [17/Feb/2013:07:10:20 +0600] "GET /pause/ajaxPause?pauseConfigId=&admin=0 HTTP/1.1" 200 986 "http://callider/pause/index" "Mozilla/4.0 (compatible; MSIE 7.0; Windows NT 6.1; Trident/5.0; SLCC2; .NET CLR 2.0.50727; .NET CLR 3.5.30729; .NET CLR 3.0.30729; Media Center PC 6.0; InfoPath.3; .NET4.0C; .NET4.0E; Tablet PC 2.0; AskTbFXTV5/5.14.1.20007)" 20864
192.168.74.91 - - [17/Feb/2013:07:10:20 +0600] "GET /pause/ajaxPause?pauseConfigId=&admin=0 HTTP/1.1" 200 986 "http://callider/pause/index" "Mozilla/4.0 (compatible; MSIE 7.0; Windows NT 6.1; WOW64; Trident/5.0; SLCC2; .NET CLR 2.0.50727; .NET CLR 3.5.30729; .NET CLR 3.0.30729; Media Center PC 6.0; InfoPath.3; .NET4.0C; MS-RTC LM 8; .NET4.0E)" 21268
192.168.74.151 - - [17/Feb/2013:07:10:20 +0600] "GET /pause/ajaxPause?pauseConfigId=&admin=0 HTTP/1.1" 200 987 "http://callider.kontur/pause/index" "Mozilla/5.0 (Windows NT 6.1; WOW64; rv:18.0) Gecko/20100101 Firefox/18.0" 20558
192.168.12.210 - - [17/Feb/2013:07:10:20 +0600] "GET /pause/ajaxPause?pauseConfigId=all&admin=1 HTTP/1.1" 200 1047 "http://callider/pause/index" "Mozilla/4.0 (compatible; MSIE 7.0; Windows NT 6.1; WOW64; Trident/5.0; SLCC2; .NET CLR 2.0.50727; .NET CLR 3.5.30729; .NET CLR 3.0.30729; Media Center PC 6.0; InfoPath.3; .NET4.0C; .NET4.0E)" 22449
192.168.12.60 - - [17/Feb/2013:07:10:21 +0600] "GET /pause/ajaxPause?pauseConfigId=&admin=0 HTTP/1.1" 200 986 "http://callider/pause/index" "Mozilla/4.0 (compatible; MSIE 8.0; Windows NT 6.1; Trident/4.0; InfoPath.3; .NET4.0C; MS-RTC LM 8; .NET4.0E)" 26672
192.168.12.204 - - [17/Feb/2013:07:10:21 +0600] "GET /pause/ajaxPause?pauseConfigId=&admin=0 HTTP/1.1" 200 986 "http://callider/pause/index" "Mozilla/4.0 (compatible; MSIE 7.0; Windows NT 6.1; WOW64; Trident/4.0; SLCC2; .NET CLR 2.0.50727; .NET CLR 3.5.30729; .NET CLR 3.0.30729; Media Center PC 6.0; InfoPath.3; .NET4.0C; .NET4.0E; .NET CLR 1.1.4322)" 23528
192.168.12.77 - - [17/Feb/2013:07:10:21 +0600] "GET /pause/ajaxPause?pauseConfigId=&admin=0 HTTP/1.1" 200 1039 "http://callider/pause/index" "Mozilla/4.0 (compatible; MSIE 7.0; Windows NT 6.1; Trident/5.0; SLCC2; .NET CLR 2.0.50727; .NET CLR 3.5.30729; .NET CLR 3.0.30729; Media Center PC 6.0; Tablet PC 2.0; InfoPath.3; .NET4.0C; .NET4.0E; MS-RTC LM 8)" 16889
192.168.12.38 - - [17/Feb/2013:07:10:21 +0600] "GET /pause/ajaxPause?pauseConfigId=&admin=0 HTTP/1.1" 200 1040 "http://callider/pause/index" "Mozilla/4.0 (compatible; MSIE 7.0; Windows NT 6.1; WOW64; Trident/5.0; SLCC2; .NET CLR 2.0.50727; .NET CLR 3.5.30729; .NET CLR 3.0.30729; Media Center PC 6.0; InfoPath.3; .NET4.0C; .NET4.0E)" 18048
192.168.65.56 - - [17/Feb/2013:07:10:21 +0600] "GET /pause/ajaxPause?pauseConfigId=all&admin=1 HTTP/1.1" 200 1046 "http://192.168.65.101/pause/index" "Mozilla/5.0 (Windows NT 5.1; rv:15.0) Gecko/20100101 Firefox/15.0" 32347
192.168.74.78 - - [17/Feb/2013:07:10:24 +0600] "GET /pause/ajaxPause?pauseConfigId=&admin=0 HTTP/1.1" 200 986 "http://callider/pause/index" "Mozilla/4.0 (compatible; MSIE 7.0; Windows NT 6.1; WOW64; Trident/5.0; SLCC2; .NET CLR 2.0.50727; .NET CLR 3.5.30729; .NET CLR 3.0.30729; Media Center PC 6.0; InfoPath.3; .NET4.0C; MS-RTC LM 8; .NET4.0E)" 18851
192.168.12.61 - - [17/Feb/2013:07:10:24 +0600] "GET /pause/ajaxPause?pauseConfigId=&admin=0 HTTP/1.1" 200 985 "http://callider/pause/index" "Mozilla/4.0 (compatible; MSIE 7.0; Windows NT 6.1; Trident/5.0; SLCC2; .NET CLR 2.0.50727; .NET CLR 3.5.30729; .NET CLR 3.0.30729; Media Center PC 6.0; InfoPath.3; .NET4.0C; .NET4.0E)" 18807
192.168.12.69 - - [17/Feb/2013:07:10:25 +0600] "GET /pause/ajaxPause?pauseConfigId=&admin=0 HTTP/1.1" 200 986 "http://callider/pause/index" "Mozilla/4.0 (compatible; MSIE 7.0; Windows NT 6.1; Trident/5.0; SLCC2; .NET CLR 2.0.50727; .NET CLR 3.5.30729; .NET CLR 3.0.30729; Media Center PC 6.0; InfoPath.3; .NET4.0C; .NET4.0E; Tablet PC 2.0; AskTbFXTV5/5.14.1.20007)" 20988
192.168.74.91 - - [17/Feb/2013:07:10:25 +0600] "GET /pause/ajaxPause?pauseConfigId=&admin=0 HTTP/1.1" 200 986 "http://callider/pause/index" "Mozilla/4.0 (compatible; MSIE 7.0; Windows NT 6.1; WOW64; Trident/5.0; SLCC2; .NET CLR 2.0.50727; .NET CLR 3.5.30729; .NET CLR 3.0.30729; Media Center PC 6.0; InfoPath.3; .NET4.0C; MS-RTC LM 8; .NET4.0E)" 18239
192.168.74.151 - - [17/Feb/2013:07:10:25 +0600] "GET /pause/ajaxPause?pauseConfigId=&admin=0 HTTP/1.1" 200 987 "http://callider.kontur/pause/index" "Mozilla/5.0 (Windows NT 6.1; WOW64; rv:18.0) Gecko/20100101 Firefox/18.0" 17999
192.168.12.210 - - [17/Feb/2013:07:10:25 +0600] "GET /pause/ajaxPause?pauseConfigId=all&admin=1 HTTP/1.1" 200 1047 "http://callider/pause/index" "Mozilla/4.0 (compatible; MSIE 7.0; Windows NT 6.1; WOW64; Trident/5.0; SLCC2; .NET CLR 2.0.50727; .NET CLR 3.5.30729; .NET CLR 3.0.30729; Media Center PC 6.0; InfoPath.3; .NET4.0C; .NET4.0E)" 21276
192.168.12.60 - - [17/Feb/2013:07:10:26 +0600] "GET /pause/ajaxPause?pauseConfigId=&admin=0 HTTP/1.1" 200 986 "http://callider/pause/index" "Mozilla/4.0 (compatible; MSIE 8.0; Windows NT 6.1; Trident/4.0; InfoPath.3; .NET4.0C; MS-RTC LM 8; .NET4.0E)" 17447
192.168.12.204 - - [17/Feb/2013:07:10:26 +0600] "GET /pause/ajaxPause?pauseConfigId=&admin=0 HTTP/1.1" 200 986 "http://callider/pause/index" "Mozilla/4.0 (compatible; MSIE 7.0; Windows NT 6.1; WOW64; Trident/4.0; SLCC2; .NET CLR 2.0.50727; .NET CLR 3.5.30729; .NET CLR 3.0.30729; Media Center PC 6.0; InfoPath.3; .NET4.0C; .NET4.0E; .NET CLR 1.1.4322)" 176590
192.168.12.77 - - [17/Feb/2013:07:10:26 +0600] "GET /pause/ajaxPause?pauseConfigId=&admin=0 HTTP/1.1" 200 1039 "http://callider/pause/index" "Mozilla/4.0 (compatible; MSIE 7.0; Windows NT 6.1; Trident/5.0; SLCC2; .NET CLR 2.0.50727; .NET CLR 3.5.30729; .NET CLR 3.0.30729; Media Center PC 6.0; Tablet PC 2.0; InfoPath.3; .NET4.0C; .NET4.0E; MS-RTC LM 8)" 15123
192.168.12.38 - - [17/Feb/2013:07:10:26 +0600] "GET /pause/ajaxPause?pauseConfigId=&admin=0 HTTP/1.1" 200 1040 "http://callider/pause/index" "Mozilla/4.0 (compatible; MSIE 7.0; Windows NT 6.1; WOW64; Trident/5.0; SLCC2; .NET CLR 2.0.50727; .NET CLR 3.5.30729; .NET CLR 3.0.30729; Media Center PC 6.0; InfoPath.3; .NET4.0C; .NET4.0E)" 16845
192.168.65.56 - - [17/Feb/2013:07:10:26 +0600] "GET /pause/ajaxPause?pauseConfigId=all&admin=1 HTTP/1.1" 200 1046 "http://192.168.65.101/pause/index" "Mozilla/5.0 (Windows NT 5.1; rv:15.0) Gecko/20100101 Firefox/15.0" 31498
192.168.74.78 - - [17/Feb/2013:07:10:29 +0600] "GET /pause/ajaxPause?pauseConfigId=&admin=0 HTTP/1.1" 200 986 "http://callider/pause/index" "Mozilla/4.0 (compatible; MSIE 7.0; Windows NT 6.1; WOW64; Trident/5.0; SLCC2; .NET CLR 2.0.50727; .NET CLR 3.5.30729; .NET CLR 3.0.30729; Media Center PC 6.0; InfoPath.3; .NET4.0C; MS-RTC LM 8; .NET4.0E)" 29093
192.168.12.61 - - [17/Feb/2013:07:10:29 +0600] "GET /pause/ajaxPause?pauseConfigId=&admin=0 HTTP/1.1" 200 986 "http://callider/pause/index" "Mozilla/4.0 (compatible; MSIE 7.0; Windows NT 6.1; Trident/5.0; SLCC2; .NET CLR 2.0.50727; .NET CLR 3.5.30729; .NET CLR 3.0.30729; Media Center PC 6.0; InfoPath.3; .NET4.0C; .NET4.0E)" 25186
192.168.12.69 - - [17/Feb/2013:07:10:30 +0600] "GET /pause/ajaxPause?pauseConfigId=&admin=0 HTTP/1.1" 200 986 "http://callider/pause/index" "Mozilla/4.0 (compatible; MSIE 7.0; Windows NT 6.1; Trident/5.0; SLCC2; .NET CLR 2.0.50727; .NET CLR 3.5.30729; .NET CLR 3.0.30729; Media Center PC 6.0; InfoPath.3; .NET4.0C; .NET4.0E; Tablet PC 2.0; AskTbFXTV5/5.14.1.20007)" 28828
192.168.74.91 - - [17/Feb/2013:07:10:30 +0600] "GET /pause/ajaxPause?pauseConfigId=&admin=0 HTTP/1.1" 200 986 "http://callider/pause/index" "Mozilla/4.0 (compatible; MSIE 7.0; Windows NT 6.1; WOW64; Trident/5.0; SLCC2; .NET CLR 2.0.50727; .NET CLR 3.5.30729; .NET CLR 3.0.30729; Media Center PC 6.0; InfoPath.3; .NET4.0C; MS-RTC LM 8; .NET4.0E)" 19138
192.168.74.151 - - [17/Feb/2013:07:10:30 +0600] "GET /pause/ajaxPause?pauseConfigId=&admin=0 HTTP/1.1" 200 987 "http://callider.kontur/pause/index" "Mozilla/5.0 (Windows NT 6.1; WOW64; rv:18.0) Gecko/20100101 Firefox/18.0" 18352
192.168.12.210 - - [17/Feb/2013:07:10:30 +0600] "GET /pause/ajaxPause?pauseConfigId=all&admin=1 HTTP/1.1" 200 1047 "http://callider/pause/index" "Mozilla/4.0 (compatible; MSIE 7.0; Windows NT 6.1; WOW64; Trident/5.0; SLCC2; .NET CLR 2.0.50727; .NET CLR 3.5.30729; .NET CLR 3.0.30729; Media Center PC 6.0; InfoPath.3; .NET4.0C; .NET4.0E)" 20909
192.168.12.60 - - [17/Feb/2013:07:10:31 +0600] "GET /pause/ajaxPause?pauseConfigId=&admin=0 HTTP/1.1" 200 986 "http://callider/pause/index" "Mozilla/4.0 (compatible; MSIE 8.0; Windows NT 6.1; Trident/4.0; InfoPath.3; .NET4.0C; MS-RTC LM 8; .NET4.0E)" 18320
192.168.12.204 - - [17/Feb/2013:07:10:31 +0600] "GET /pause/ajaxPause?pauseConfigId=&admin=0 HTTP/1.1" 200 986 "http://callider/pause/index" "Mozilla/4.0 (compatible; MSIE 7.0; Windows NT 6.1; WOW64; Trident/4.0; SLCC2; .NET CLR 2.0.50727; .NET CLR 3.5.30729; .NET CLR 3.0.30729; Media Center PC 6.0; InfoPath.3; .NET4.0C; .NET4.0E; .NET CLR 1.1.4322)" 27035
192.168.12.77 - - [17/Feb/2013:07:10:31 +0600] "GET /pause/ajaxPause?pauseConfigId=&admin=0 HTTP/1.1" 200 1039 "http://callider/pause/index" "Mozilla/4.0 (compatible; MSIE 7.0; Windows NT 6.1; Trident/5.0; SLCC2; .NET CLR 2.0.50727; .NET CLR 3.5.30729; .NET CLR 3.0.30729; Media Center PC 6.0; Tablet PC 2.0; InfoPath.3; .NET4.0C; .NET4.0E; MS-RTC LM 8)" 12991
192.168.12.38 - - [17/Feb/2013:07:10:31 +0600] "GET /pause/ajaxPause?pauseConfigId=&admin=0 HTTP/1.1" 200 1040 "http://callider/pause/index" "Mozilla/4.0 (compatible; MSIE 7.0; Windows NT 6.1; WOW64; Trident/5.0; SLCC2; .NET CLR 2.0.50727; .NET CLR 3.5.30729; .NET CLR 3.0.30729; Media Center PC 6.0; InfoPath.3; .NET4.0C; .NET4.0E)" 16286
192.168.65.56 - - [17/Feb/2013:07:10:31 +0600] "GET /pause/ajaxPause?pauseConfigId=all&admin=1 HTTP/1.1" 200 1046 "http://192.168.65.101/pause/index" "Mozilla/5.0 (Windows NT 5.1; rv:15.0) Gecko/20100101 Firefox/15.0" 29961
192.168.74.78 - - [17/Feb/2013:07:10:34 +0600] "GET /pause/ajaxPause?pauseConfigId=&admin=0 HTTP/1.1" 200 986 "http://callider/pause/index" "Mozilla/4.0 (compatible; MSIE 7.0; Windows NT 6.1; WOW64; Trident/5.0; SLCC2; .NET CLR 2.0.50727; .NET CLR 3.5.30729; .NET CLR 3.0.30729; Media Center PC 6.0; InfoPath.3; .NET4.0C; MS-RTC LM 8; .NET4.0E)" 19938
192.168.12.61 - - [17/Feb/2013:07:10:34 +0600] "GET /pause/ajaxPause?pauseConfigId=&admin=0 HTTP/1.1" 200 985 "http://callider/pause/index" "Mozilla/4.0 (compatible; MSIE 7.0; Windows NT 6.1; Trident/5.0; SLCC2; .NET CLR 2.0.50727; .NET CLR 3.5.30729; .NET CLR 3.0.30729; Media Center PC 6.0; InfoPath.3; .NET4.0C; .NET4.0E)" 16658
192.168.12.67 - - [17/Feb/2013:07:10:34 +0600] "GET /tv/useUser HTTP/1.1" 200 432 "http://callider/graph/personal" "Mozilla/4.0 (compatible; MSIE 7.0; Windows NT 6.1; Trident/5.0; SLCC2; .NET CLR 2.0.50727; .NET CLR 3.5.30729; .NET CLR 3.0.30729; Media Center PC 6.0; .NET4.0C; .NET4.0E; InfoPath.3; Tablet PC 2.0; MS-RTC LM 8)" 16904
192.168.12.69 - - [17/Feb/2013:07:10:35 +0600] "GET /pause/ajaxPause?pauseConfigId=&admin=0 HTTP/1.1" 200 986 "http://callider/pause/index" "Mozilla/4.0 (compatible; MSIE 7.0; Windows NT 6.1; Trident/5.0; SLCC2; .NET CLR 2.0.50727; .NET CLR 3.5.30729; .NET CLR 3.0.30729; Media Center PC 6.0; InfoPath.3; .NET4.0C; .NET4.0E; Tablet PC 2.0; AskTbFXTV5/5.14.1.20007)" 19131
192.168.74.91 - - [17/Feb/2013:07:10:35 +0600] "GET /pause/ajaxPause?pauseConfigId=&admin=0 HTTP/1.1" 200 986 "http://callider/pause/index" "Mozilla/4.0 (compatible; MSIE 7.0; Windows NT 6.1; WOW64; Trident/5.0; SLCC2; .NET CLR 2.0.50727; .NET CLR 3.5.30729; .NET CLR 3.0.30729; Media Center PC 6.0; InfoPath.3; .NET4.0C; MS-RTC LM 8; .NET4.0E)" 56980
192.168.74.151 - - [17/Feb/2013:07:10:35 +0600] "GET /pause/ajaxPause?pauseConfigId=&admin=0 HTTP/1.1" 200 987 "http://callider.kontur/pause/index" "Mozilla/5.0 (Windows NT 6.1; WOW64; rv:18.0) Gecko/20100101 Firefox/18.0" 19337
192.168.12.210 - - [17/Feb/2013:07:10:35 +0600] "GET /pause/ajaxPause?pauseConfigId=all&admin=1 HTTP/1.1" 200 1047 "http://callider/pause/index" "Mozilla/4.0 (compatible; MSIE 7.0; Windows NT 6.1; WOW64; Trident/5.0; SLCC2; .NET CLR 2.0.50727; .NET CLR 3.5.30729; .NET CLR 3.0.30729; Media Center PC 6.0; InfoPath.3; .NET4.0C; .NET4.0E)" 20599
192.168.12.60 - - [17/Feb/2013:07:10:36 +0600] "GET /pause/ajaxPause?pauseConfigId=&admin=0 HTTP/1.1" 200 986 "http://callider/pause/index" "Mozilla/4.0 (compatible; MSIE 8.0; Windows NT 6.1; Trident/4.0; InfoPath.3; .NET4.0C; MS-RTC LM 8; .NET4.0E)" 22548
192.168.12.204 - - [17/Feb/2013:07:10:36 +0600] "GET /pause/ajaxPause?pauseConfigId=&admin=0 HTTP/1.1" 200 986 "http://callider/pause/index" "Mozilla/4.0 (compatible; MSIE 7.0; Windows NT 6.1; WOW64; Trident/4.0; SLCC2; .NET CLR 2.0.50727; .NET CLR 3.5.30729; .NET CLR 3.0.30729; Media Center PC 6.0; InfoPath.3; .NET4.0C; .NET4.0E; .NET CLR 1.1.4322)" 22172
192.168.12.77 - - [17/Feb/2013:07:10:36 +0600] "GET /pause/ajaxPause?pauseConfigId=&admin=0 HTTP/1.1" 200 1039 "http://callider/pause/index" "Mozilla/4.0 (compatible; MSIE 7.0; Windows NT 6.1; Trident/5.0; SLCC2; .NET CLR 2.0.50727; .NET CLR 3.5.30729; .NET CLR 3.0.30729; Media Center PC 6.0; Tablet PC 2.0; InfoPath.3; .NET4.0C; .NET4.0E; MS-RTC LM 8)" 19050
192.168.12.38 - - [17/Feb/2013:07:10:36 +0600] "GET /pause/ajaxPause?pauseConfigId=&admin=0 HTTP/1.1" 200 1040 "http://callider/pause/index" "Mozilla/4.0 (compatible; MSIE 7.0; Windows NT 6.1; WOW64; Trident/5.0; SLCC2; .NET CLR 2.0.50727; .NET CLR 3.5.30729; .NET CLR 3.0.30729; Media Center PC 6.0; InfoPath.3; .NET4.0C; .NET4.0E)" 16540
192.168.65.56 - - [17/Feb/2013:07:10:36 +0600] "GET /pause/ajaxPause?pauseConfigId=all&admin=1 HTTP/1.1" 200 1046 "http://192.168.65.101/pause/index" "Mozilla/5.0 (Windows NT 5.1; rv:15.0) Gecko/20100101 Firefox/15.0" 36691
192.168.74.93 - - [17/Feb/2013:07:10:38 +0600] "GET /tv/useUser HTTP/1.1" 200 432 "http://callider/graph/personal" "Mozilla/4.0 (compatible; MSIE 7.0; Windows NT 6.1; WOW64; Trident/5.0; SLCC2; .NET CLR 2.0.50727; .NET CLR 3.5.30729; .NET CLR 3.0.30729; Media Center PC 6.0; InfoPath.3; .NET4.0C; .NET4.0E)" 14902
192.168.12.210 - - [17/Feb/2013:07:10:39 +0600] "GET /tv/useUser HTTP/1.1" 200 431 "http://callider/graph/general" "Mozilla/4.0 (compatible; MSIE 7.0; Windows NT 6.1; WOW64; Trident/5.0; SLCC2; .NET CLR 2.0.50727; .NET CLR 3.5.30729; .NET CLR 3.0.30729; Media Center PC 6.0; InfoPath.3; .NET4.0C; .NET4.0E)" 11296
192.168.74.78 - - [17/Feb/2013:07:10:39 +0600] "GET /pause/ajaxPause?pauseConfigId=&admin=0 HTTP/1.1" 200 986 "http://callider/pause/index" "Mozilla/4.0 (compatible; MSIE 7.0; Windows NT 6.1; WOW64; Trident/5.0; SLCC2; .NET CLR 2.0.50727; .NET CLR 3.5.30729; .NET CLR 3.0.30729; Media Center PC 6.0; InfoPath.3; .NET4.0C; MS-RTC LM 8; .NET4.0E)" 20063
192.168.12.61 - - [17/Feb/2013:07:10:39 +0600] "GET /pause/ajaxPause?pauseConfigId=&admin=0 HTTP/1.1" 200 985 "http://callider/pause/index" "Mozilla/4.0 (compatible; MSIE 7.0; Windows NT 6.1; Trident/5.0; SLCC2; .NET CLR 2.0.50727; .NET CLR 3.5.30729; .NET CLR 3.0.30729; Media Center PC 6.0; InfoPath.3; .NET4.0C; .NET4.0E)" 17300
192.168.12.69 - - [17/Feb/2013:07:10:40 +0600] "GET /pause/ajaxPause?pauseConfigId=&admin=0 HTTP/1.1" 200 986 "http://callider/pause/index" "Mozilla/4.0 (compatible; MSIE 7.0; Windows NT 6.1; Trident/5.0; SLCC2; .NET CLR 2.0.50727; .NET CLR 3.5.30729; .NET CLR 3.0.30729; Media Center PC 6.0; InfoPath.3; .NET4.0C; .NET4.0E; Tablet PC 2.0; AskTbFXTV5/5.14.1.20007)" 21765
192.168.74.91 - - [17/Feb/2013:07:10:40 +0600] "GET /pause/ajaxPause?pauseConfigId=&admin=0 HTTP/1.1" 200 986 "http://callider/pause/index" "Mozilla/4.0 (compatible; MSIE 7.0; Windows NT 6.1; WOW64; Trident/5.0; SLCC2; .NET CLR 2.0.50727; .NET CLR 3.5.30729; .NET CLR 3.0.30729; Media Center PC 6.0; InfoPath.3; .NET4.0C; MS-RTC LM 8; .NET4.0E)" 18267
192.168.74.151 - - [17/Feb/2013:07:10:40 +0600] "GET /pause/ajaxPause?pauseConfigId=&admin=0 HTTP/1.1" 200 987 "http://callider.kontur/pause/index" "Mozilla/5.0 (Windows NT 6.1; WOW64; rv:18.0) Gecko/20100101 Firefox/18.0" 18527
192.168.12.210 - - [17/Feb/2013:07:10:40 +0600] "GET /pause/ajaxPause?pauseConfigId=all&admin=1 HTTP/1.1" 200 1047 "http://callider/pause/index" "Mozilla/4.0 (compatible; MSIE 7.0; Windows NT 6.1; WOW64; Trident/5.0; SLCC2; .NET CLR 2.0.50727; .NET CLR 3.5.30729; .NET CLR 3.0.30729; Media Center PC 6.0; InfoPath.3; .NET4.0C; .NET4.0E)" 17727
192.168.12.9 - - [17/Feb/2013:07:10:41 +0600] "GET /tv/useUser HTTP/1.1" 200 432 "http://callider.kontur/site/index" "Mozilla/5.0 (Windows NT 6.1; WOW64) AppleWebKit/537.17 (KHTML, like Gecko) Chrome/24.0.1312.57 Safari/537.17" 14316
192.168.12.60 - - [17/Feb/2013:07:10:41 +0600] "GET /pause/ajaxPause?pauseConfigId=&admin=0 HTTP/1.1" 200 987 "http://callider/pause/index" "Mozilla/4.0 (compatible; MSIE 8.0; Windows NT 6.1; Trident/4.0; InfoPath.3; .NET4.0C; MS-RTC LM 8; .NET4.0E)" 41215
192.168.12.204 - - [17/Feb/2013:07:10:41 +0600] "GET /pause/ajaxPause?pauseConfigId=&admin=0 HTTP/1.1" 200 986 "http://callider/pause/index" "Mozilla/4.0 (compatible; MSIE 7.0; Windows NT 6.1; WOW64; Trident/4.0; SLCC2; .NET CLR 2.0.50727; .NET CLR 3.5.30729; .NET CLR 3.0.30729; Media Center PC 6.0; InfoPath.3; .NET4.0C; .NET4.0E; .NET CLR 1.1.4322)" 22198
192.168.12.77 - - [17/Feb/2013:07:10:41 +0600] "GET /pause/ajaxPause?pauseConfigId=&admin=0 HTTP/1.1" 200 1039 "http://callider/pause/index" "Mozilla/4.0 (compatible; MSIE 7.0; Windows NT 6.1; Trident/5.0; SLCC2; .NET CLR 2.0.50727; .NET CLR 3.5.30729; .NET CLR 3.0.30729; Media Center PC 6.0; Tablet PC 2.0; InfoPath.3; .NET4.0C; .NET4.0E; MS-RTC LM 8)" 14216
192.168.12.38 - - [17/Feb/2013:07:10:41 +0600] "GET /pause/ajaxPause?pauseConfigId=&admin=0 HTTP/1.1" 200 1040 "http://callider/pause/index" "Mozilla/4.0 (compatible; MSIE 7.0; Windows NT 6.1; WOW64; Trident/5.0; SLCC2; .NET CLR 2.0.50727; .NET CLR 3.5.30729; .NET CLR 3.0.30729; Media Center PC 6.0; InfoPath.3; .NET4.0C; .NET4.0E)" 15479
192.168.65.56 - - [17/Feb/2013:07:10:41 +0600] "GET /pause/ajaxPause?pauseConfigId=all&admin=1 HTTP/1.1" 200 1046 "http://192.168.65.101/pause/index" "Mozilla/5.0 (Windows NT 5.1; rv:15.0) Gecko/20100101 Firefox/15.0" 34812
192.168.74.78 - - [17/Feb/2013:07:10:44 +0600] "GET /pause/ajaxPause?pauseConfigId=&admin=0 HTTP/1.1" 200 986 "http://callider/pause/index" "Mozilla/4.0 (compatible; MSIE 7.0; Windows NT 6.1; WOW64; Trident/5.0; SLCC2; .NET CLR 2.0.50727; .NET CLR 3.5.30729; .NET CLR 3.0.30729; Media Center PC 6.0; InfoPath.3; .NET4.0C; MS-RTC LM 8; .NET4.0E)" 20827
192.168.12.61 - - [17/Feb/2013:07:10:44 +0600] "GET /pause/ajaxPause?pauseConfigId=&admin=0 HTTP/1.1" 200 985 "http://callider/pause/index" "Mozilla/4.0 (compatible; MSIE 7.0; Windows NT 6.1; Trident/5.0; SLCC2; .NET CLR 2.0.50727; .NET CLR 3.5.30729; .NET CLR 3.0.30729; Media Center PC 6.0; InfoPath.3; .NET4.0C; .NET4.0E)" 16035
192.168.12.69 - - [17/Feb/2013:07:10:45 +0600] "GET /pause/ajaxPause?pauseConfigId=&admin=0 HTTP/1.1" 200 986 "http://callider/pause/index" "Mozilla/4.0 (compatible; MSIE 7.0; Windows NT 6.1; Trident/5.0; SLCC2; .NET CLR 2.0.50727; .NET CLR 3.5.30729; .NET CLR 3.0.30729; Media Center PC 6.0; InfoPath.3; .NET4.0C; .NET4.0E; Tablet PC 2.0; AskTbFXTV5/5.14.1.20007)" 26701
192.168.74.91 - - [17/Feb/2013:07:10:45 +0600] "GET /pause/ajaxPause?pauseConfigId=&admin=0 HTTP/1.1" 200 986 "http://callider/pause/index" "Mozilla/4.0 (compatible; MSIE 7.0; Windows NT 6.1; WOW64; Trident/5.0; SLCC2; .NET CLR 2.0.50727; .NET CLR 3.5.30729; .NET CLR 3.0.30729; Media Center PC 6.0; InfoPath.3; .NET4.0C; MS-RTC LM 8; .NET4.0E)" 21313
192.168.74.151 - - [17/Feb/2013:07:10:45 +0600] "GET /pause/ajaxPause?pauseConfigId=&admin=0 HTTP/1.1" 200 987 "http://callider.kontur/pause/index" "Mozilla/5.0 (Windows NT 6.1; WOW64; rv:18.0) Gecko/20100101 Firefox/18.0" 22382
192.168.12.210 - - [17/Feb/2013:07:10:45 +0600] "GET /pause/ajaxPause?pauseConfigId=all&admin=1 HTTP/1.1" 200 1047 "http://callider/pause/index" "Mozilla/4.0 (compatible; MSIE 7.0; Windows NT 6.1; WOW64; Trident/5.0; SLCC2; .NET CLR 2.0.50727; .NET CLR 3.5.30729; .NET CLR 3.0.30729; Media Center PC 6.0; InfoPath.3; .NET4.0C; .NET4.0E)" 23824
192.168.12.60 - - [17/Feb/2013:07:10:46 +0600] "GET /pause/ajaxPause?pauseConfigId=&admin=0 HTTP/1.1" 200 986 "http://callider/pause/index" "Mozilla/4.0 (compatible; MSIE 8.0; Windows NT 6.1; Trident/4.0; InfoPath.3; .NET4.0C; MS-RTC LM 8; .NET4.0E)" 23653
192.168.12.204 - - [17/Feb/2013:07:10:46 +0600] "GET /pause/ajaxPause?pauseConfigId=&admin=0 HTTP/1.1" 200 986 "http://callider/pause/index" "Mozilla/4.0 (compatible; MSIE 7.0; Windows NT 6.1; WOW64; Trident/4.0; SLCC2; .NET CLR 2.0.50727; .NET CLR 3.5.30729; .NET CLR 3.0.30729; Media Center PC 6.0; InfoPath.3; .NET4.0C; .NET4.0E; .NET CLR 1.1.4322)" 19648
192.168.12.77 - - [17/Feb/2013:07:10:46 +0600] "GET /pause/ajaxPause?pauseConfigId=&admin=0 HTTP/1.1" 200 1039 "http://callider/pause/index" "Mozilla/4.0 (compatible; MSIE 7.0; Windows NT 6.1; Trident/5.0; SLCC2; .NET CLR 2.0.50727; .NET CLR 3.5.30729; .NET CLR 3.0.30729; Media Center PC 6.0; Tablet PC 2.0; InfoPath.3; .NET4.0C; .NET4.0E; MS-RTC LM 8)" 13487
192.168.12.38 - - [17/Feb/2013:07:10:46 +0600] "GET /pause/ajaxPause?pauseConfigId=&admin=0 HTTP/1.1" 200 1040 "http://callider/pause/index" "Mozilla/4.0 (compatible; MSIE 7.0; Windows NT 6.1; WOW64; Trident/5.0; SLCC2; .NET CLR 2.0.50727; .NET CLR 3.5.30729; .NET CLR 3.0.30729; Media Center PC 6.0; InfoPath.3; .NET4.0C; .NET4.0E)" 15456
192.168.65.56 - - [17/Feb/2013:07:10:46 +0600] "GET /pause/ajaxPause?pauseConfigId=all&admin=1 HTTP/1.1" 200 1046 "http://192.168.65.101/pause/index" "Mozilla/5.0 (Windows NT 5.1; rv:15.0) Gecko/20100101 Firefox/15.0" 36135
192.168.12.210 - - [17/Feb/2013:07:10:49 +0600] "GET /tv/useUser HTTP/1.1" 200 431 "http://callider/pause/index" "Mozilla/4.0 (compatible; MSIE 7.0; Windows NT 6.1; WOW64; Trident/5.0; SLCC2; .NET CLR 2.0.50727; .NET CLR 3.5.30729; .NET CLR 3.0.30729; Media Center PC 6.0; InfoPath.3; .NET4.0C; .NET4.0E)" 15102
192.168.74.78 - - [17/Feb/2013:07:10:49 +0600] "GET /pause/ajaxPause?pauseConfigId=&admin=0 HTTP/1.1" 200 986 "http://callider/pause/index" "Mozilla/4.0 (compatible; MSIE 7.0; Windows NT 6.1; WOW64; Trident/5.0; SLCC2; .NET CLR 2.0.50727; .NET CLR 3.5.30729; .NET CLR 3.0.30729; Media Center PC 6.0; InfoPath.3; .NET4.0C; MS-RTC LM 8; .NET4.0E)" 27837
192.168.12.61 - - [17/Feb/2013:07:10:49 +0600] "GET /pause/ajaxPause?pauseConfigId=&admin=0 HTTP/1.1" 200 986 "http://callider/pause/index" "Mozilla/4.0 (compatible; MSIE 7.0; Windows NT 6.1; Trident/5.0; SLCC2; .NET CLR 2.0.50727; .NET CLR 3.5.30729; .NET CLR 3.0.30729; Media Center PC 6.0; InfoPath.3; .NET4.0C; .NET4.0E)" 26724
192.168.12.69 - - [17/Feb/2013:07:10:50 +0600] "GET /pause/ajaxPause?pauseConfigId=&admin=0 HTTP/1.1" 200 986 "http://callider/pause/index" "Mozilla/4.0 (compatible; MSIE 7.0; Windows NT 6.1; Trident/5.0; SLCC2; .NET CLR 2.0.50727; .NET CLR 3.5.30729; .NET CLR 3.0.30729; Media Center PC 6.0; InfoPath.3; .NET4.0C; .NET4.0E; Tablet PC 2.0; AskTbFXTV5/5.14.1.20007)" 31948
192.168.74.91 - - [17/Feb/2013:07:10:50 +0600] "GET /pause/ajaxPause?pauseConfigId=&admin=0 HTTP/1.1" 200 986 "http://callider/pause/index" "Mozilla/4.0 (compatible; MSIE 7.0; Windows NT 6.1; WOW64; Trident/5.0; SLCC2; .NET CLR 2.0.50727; .NET CLR 3.5.30729; .NET CLR 3.0.30729; Media Center PC 6.0; InfoPath.3; .NET4.0C; MS-RTC LM 8; .NET4.0E)" 26376
192.168.74.151 - - [17/Feb/2013:07:10:50 +0600] "GET /pause/ajaxPause?pauseConfigId=&admin=0 HTTP/1.1" 200 987 "http://callider.kontur/pause/index" "Mozilla/5.0 (Windows NT 6.1; WOW64; rv:18.0) Gecko/20100101 Firefox/18.0" 24964
192.168.12.210 - - [17/Feb/2013:07:10:50 +0600] "GET /pause/ajaxPause?pauseConfigId=all&admin=1 HTTP/1.1" 200 1047 "http://callider/pause/index" "Mozilla/4.0 (compatible; MSIE 7.0; Windows NT 6.1; WOW64; Trident/5.0; SLCC2; .NET CLR 2.0.50727; .NET CLR 3.5.30729; .NET CLR 3.0.30729; Media Center PC 6.0; InfoPath.3; .NET4.0C; .NET4.0E)" 22188
192.168.12.60 - - [17/Feb/2013:07:10:51 +0600] "GET /pause/ajaxPause?pauseConfigId=&admin=0 HTTP/1.1" 200 986 "http://callider/pause/index" "Mozilla/4.0 (compatible; MSIE 8.0; Windows NT 6.1; Trident/4.0; InfoPath.3; .NET4.0C; MS-RTC LM 8; .NET4.0E)" 24524
192.168.12.204 - - [17/Feb/2013:07:10:51 +0600] "GET /pause/ajaxPause?pauseConfigId=&admin=0 HTTP/1.1" 200 986 "http://callider/pause/index" "Mozilla/4.0 (compatible; MSIE 7.0; Windows NT 6.1; WOW64; Trident/4.0; SLCC2; .NET CLR 2.0.50727; .NET CLR 3.5.30729; .NET CLR 3.0.30729; Media Center PC 6.0; InfoPath.3; .NET4.0C; .NET4.0E; .NET CLR 1.1.4322)" 28614
192.168.12.77 - - [17/Feb/2013:07:10:51 +0600] "GET /pause/ajaxPause?pauseConfigId=&admin=0 HTTP/1.1" 200 1039 "http://callider/pause/index" "Mozilla/4.0 (compatible; MSIE 7.0; Windows NT 6.1; Trident/5.0; SLCC2; .NET CLR 2.0.50727; .NET CLR 3.5.30729; .NET CLR 3.0.30729; Media Center PC 6.0; Tablet PC 2.0; InfoPath.3; .NET4.0C; .NET4.0E; MS-RTC LM 8)" 24067
192.168.12.38 - - [17/Feb/2013:07:10:51 +0600] "GET /pause/ajaxPause?pauseConfigId=&admin=0 HTTP/1.1" 200 1040 "http://callider/pause/index" "Mozilla/4.0 (compatible; MSIE 7.0; Windows NT 6.1; WOW64; Trident/5.0; SLCC2; .NET CLR 2.0.50727; .NET CLR 3.5.30729; .NET CLR 3.0.30729; Media Center PC 6.0; InfoPath.3; .NET4.0C; .NET4.0E)" 22583
192.168.65.56 - - [17/Feb/2013:07:10:51 +0600] "GET /pause/ajaxPause?pauseConfigId=all&admin=1 HTTP/1.1" 200 1046 "http://192.168.65.101/pause/index" "Mozilla/5.0 (Windows NT 5.1; rv:15.0) Gecko/20100101 Firefox/15.0" 39737
192.168.65.56 - - [17/Feb/2013:07:10:51 +0600] "GET /tv/useUser HTTP/1.1" 200 431 "http://192.168.65.101/pause/index" "Mozilla/5.0 (Windows NT 5.1; rv:15.0) Gecko/20100101 Firefox/15.0" 20038
192.168.65.93 - - [17/Feb/2013:07:10:52 +0600] "GET / HTTP/1.1" 302 530 "-" "System Center 2012 - Operations Manager 7.0.9538.0" 14099
192.168.65.93 - - [17/Feb/2013:07:10:52 +0600] "GET /site/login HTTP/1.1" 200 2771 "-" "System Center 2012 - Operations Manager 7.0.9538.0" 15225
192.168.74.78 - - [17/Feb/2013:07:10:54 +0600] "GET /pause/ajaxPause?pauseConfigId=&admin=0 HTTP/1.1" 200 986 "http://callider/pause/index" "Mozilla/4.0 (compatible; MSIE 7.0; Windows NT 6.1; WOW64; Trident/5.0; SLCC2; .NET CLR 2.0.50727; .NET CLR 3.5.30729; .NET CLR 3.0.30729; Media Center PC 6.0; InfoPath.3; .NET4.0C; MS-RTC LM 8; .NET4.0E)" 28995
192.168.12.61 - - [17/Feb/2013:07:10:54 +0600] "GET /pause/ajaxPause?pauseConfigId=&admin=0 HTTP/1.1" 200 985 "http://callider/pause/index" "Mozilla/4.0 (compatible; MSIE 7.0; Windows NT 6.1; Trident/5.0; SLCC2; .NET CLR 2.0.50727; .NET CLR 3.5.30729; .NET CLR 3.0.30729; Media Center PC 6.0; InfoPath.3; .NET4.0C; .NET4.0E)" 19578
192.168.12.69 - - [17/Feb/2013:07:10:55 +0600] "GET /pause/ajaxPause?pauseConfigId=&admin=0 HTTP/1.1" 200 986 "http://callider/pause/index" "Mozilla/4.0 (compatible; MSIE 7.0; Windows NT 6.1; Trident/5.0; SLCC2; .NET CLR 2.0.50727; .NET CLR 3.5.30729; .NET CLR 3.0.30729; Media Center PC 6.0; InfoPath.3; .NET4.0C; .NET4.0E; Tablet PC 2.0; AskTbFXTV5/5.14.1.20007)" 26289
192.168.74.91 - - [17/Feb/2013:07:10:55 +0600] "GET /pause/ajaxPause?pauseConfigId=&admin=0 HTTP/1.1" 200 986 "http://callider/pause/index" "Mozilla/4.0 (compatible; MSIE 7.0; Windows NT 6.1; WOW64; Trident/5.0; SLCC2; .NET CLR 2.0.50727; .NET CLR 3.5.30729; .NET CLR 3.0.30729; Media Center PC 6.0; InfoPath.3; .NET4.0C; MS-RTC LM 8; .NET4.0E)" 18530
192.168.74.151 - - [17/Feb/2013:07:10:55 +0600] "GET /pause/ajaxPause?pauseConfigId=&admin=0 HTTP/1.1" 200 987 "http://callider.kontur/pause/index" "Mozilla/5.0 (Windows NT 6.1; WOW64; rv:18.0) Gecko/20100101 Firefox/18.0" 16674
192.168.12.210 - - [17/Feb/2013:07:10:55 +0600] "GET /pause/ajaxPause?pauseConfigId=all&admin=1 HTTP/1.1" 200 1047 "http://callider/pause/index" "Mozilla/4.0 (compatible; MSIE 7.0; Windows NT 6.1; WOW64; Trident/5.0; SLCC2; .NET CLR 2.0.50727; .NET CLR 3.5.30729; .NET CLR 3.0.30729; Media Center PC 6.0; InfoPath.3; .NET4.0C; .NET4.0E)" 19273
192.168.12.60 - - [17/Feb/2013:07:10:56 +0600] "GET /pause/ajaxPause?pauseConfigId=&admin=0 HTTP/1.1" 200 986 "http://callider/pause/index" "Mozilla/4.0 (compatible; MSIE 8.0; Windows NT 6.1; Trident/4.0; InfoPath.3; .NET4.0C; MS-RTC LM 8; .NET4.0E)" 26757
192.168.12.204 - - [17/Feb/2013:07:10:56 +0600] "GET /pause/ajaxPause?pauseConfigId=&admin=0 HTTP/1.1" 200 986 "http://callider/pause/index" "Mozilla/4.0 (compatible; MSIE 7.0; Windows NT 6.1; WOW64; Trident/4.0; SLCC2; .NET CLR 2.0.50727; .NET CLR 3.5.30729; .NET CLR 3.0.30729; Media Center PC 6.0; InfoPath.3; .NET4.0C; .NET4.0E; .NET CLR 1.1.4322)" 22095
192.168.12.77 - - [17/Feb/2013:07:10:56 +0600] "GET /pause/ajaxPause?pauseConfigId=&admin=0 HTTP/1.1" 200 1039 "http://callider/pause/index" "Mozilla/4.0 (compatible; MSIE 7.0; Windows NT 6.1; Trident/5.0; SLCC2; .NET CLR 2.0.50727; .NET CLR 3.5.30729; .NET CLR 3.0.30729; Media Center PC 6.0; Tablet PC 2.0; InfoPath.3; .NET4.0C; .NET4.0E; MS-RTC LM 8)" 15681
192.168.12.38 - - [17/Feb/2013:07:10:56 +0600] "GET /pause/ajaxPause?pauseConfigId=&admin=0 HTTP/1.1" 200 1040 "http://callider/pause/index" "Mozilla/4.0 (compatible; MSIE 7.0; Windows NT 6.1; WOW64; Trident/5.0; SLCC2; .NET CLR 2.0.50727; .NET CLR 3.5.30729; .NET CLR 3.0.30729; Media Center PC 6.0; InfoPath.3; .NET4.0C; .NET4.0E)" 17163
192.168.65.56 - - [17/Feb/2013:07:10:56 +0600] "GET /pause/ajaxPause?pauseConfigId=all&admin=1 HTTP/1.1" 200 1046 "http://192.168.65.101/pause/index" "Mozilla/5.0 (Windows NT 5.1; rv:15.0) Gecko/20100101 Firefox/15.0" 34249
192.168.74.78 - - [17/Feb/2013:07:10:59 +0600] "GET /pause/ajaxPause?pauseConfigId=&admin=0 HTTP/1.1" 200 986 "http://callider/pause/index" "Mozilla/4.0 (compatible; MSIE 7.0; Windows NT 6.1; WOW64; Trident/5.0; SLCC2; .NET CLR 2.0.50727; .NET CLR 3.5.30729; .NET CLR 3.0.30729; Media Center PC 6.0; InfoPath.3; .NET4.0C; MS-RTC LM 8; .NET4.0E)" 21833
192.168.12.61 - - [17/Feb/2013:07:10:59 +0600] "GET /pause/ajaxPause?pauseConfigId=&admin=0 HTTP/1.1" 200 985 "http://callider/pause/index" "Mozilla/4.0 (compatible; MSIE 7.0; Windows NT 6.1; Trident/5.0; SLCC2; .NET CLR 2.0.50727; .NET CLR 3.5.30729; .NET CLR 3.0.30729; Media Center PC 6.0; InfoPath.3; .NET4.0C; .NET4.0E)" 25999
192.168.12.69 - - [17/Feb/2013:07:11:00 +0600] "GET /pause/ajaxPause?pauseConfigId=&admin=0 HTTP/1.1" 200 986 "http://callider/pause/index" "Mozilla/4.0 (compatible; MSIE 7.0; Windows NT 6.1; Trident/5.0; SLCC2; .NET CLR 2.0.50727; .NET CLR 3.5.30729; .NET CLR 3.0.30729; Media Center PC 6.0; InfoPath.3; .NET4.0C; .NET4.0E; Tablet PC 2.0; AskTbFXTV5/5.14.1.20007)" 23286
192.168.74.91 - - [17/Feb/2013:07:11:00 +0600] "GET /pause/ajaxPause?pauseConfigId=&admin=0 HTTP/1.1" 200 986 "http://callider/pause/index" "Mozilla/4.0 (compatible; MSIE 7.0; Windows NT 6.1; WOW64; Trident/5.0; SLCC2; .NET CLR 2.0.50727; .NET CLR 3.5.30729; .NET CLR 3.0.30729; Media Center PC 6.0; InfoPath.3; .NET4.0C; MS-RTC LM 8; .NET4.0E)" 23767
192.168.74.151 - - [17/Feb/2013:07:11:00 +0600] "GET /pause/ajaxPause?pauseConfigId=&admin=0 HTTP/1.1" 200 987 "http://callider.kontur/pause/index" "Mozilla/5.0 (Windows NT 6.1; WOW64; rv:18.0) Gecko/20100101 Firefox/18.0" 23801
192.168.12.210 - - [17/Feb/2013:07:11:00 +0600] "GET /pause/ajaxPause?pauseConfigId=all&admin=1 HTTP/1.1" 200 1047 "http://callider/pause/index" "Mozilla/4.0 (compatible; MSIE 7.0; Windows NT 6.1; WOW64; Trident/5.0; SLCC2; .NET CLR 2.0.50727; .NET CLR 3.5.30729; .NET CLR 3.0.30729; Media Center PC 6.0; InfoPath.3; .NET4.0C; .NET4.0E)" 21000
192.168.12.60 - - [17/Feb/2013:07:11:01 +0600] "GET /pause/ajaxPause?pauseConfigId=&admin=0 HTTP/1.1" 200 986 "http://callider/pause/index" "Mozilla/4.0 (compatible; MSIE 8.0; Windows NT 6.1; Trident/4.0; InfoPath.3; .NET4.0C; MS-RTC LM 8; .NET4.0E)" 28808
192.168.12.204 - - [17/Feb/2013:07:11:01 +0600] "GET /pause/ajaxPause?pauseConfigId=&admin=0 HTTP/1.1" 200 986 "http://callider/pause/index" "Mozilla/4.0 (compatible; MSIE 7.0; Windows NT 6.1; WOW64; Trident/4.0; SLCC2; .NET CLR 2.0.50727; .NET CLR 3.5.30729; .NET CLR 3.0.30729; Media Center PC 6.0; InfoPath.3; .NET4.0C; .NET4.0E; .NET CLR 1.1.4322)" 21524
192.168.12.77 - - [17/Feb/2013:07:11:01 +0600] "GET /pause/ajaxPause?pauseConfigId=&admin=0 HTTP/1.1" 200 1039 "http://callider/pause/index" "Mozilla/4.0 (compatible; MSIE 7.0; Windows NT 6.1; Trident/5.0; SLCC2; .NET CLR 2.0.50727; .NET CLR 3.5.30729; .NET CLR 3.0.30729; Media Center PC 6.0; Tablet PC 2.0; InfoPath.3; .NET4.0C; .NET4.0E; MS-RTC LM 8)" 18314
192.168.12.38 - - [17/Feb/2013:07:11:01 +0600] "GET /pause/ajaxPause?pauseConfigId=&admin=0 HTTP/1.1" 200 1040 "http://callider/pause/index" "Mozilla/4.0 (compatible; MSIE 7.0; Windows NT 6.1; WOW64; Trident/5.0; SLCC2; .NET CLR 2.0.50727; .NET CLR 3.5.30729; .NET CLR 3.0.30729; Media Center PC 6.0; InfoPath.3; .NET4.0C; .NET4.0E)" 19471
192.168.65.56 - - [17/Feb/2013:07:11:01 +0600] "GET /pause/ajaxPause?pauseConfigId=all&admin=1 HTTP/1.1" 200 1046 "http://192.168.65.101/pause/index" "Mozilla/5.0 (Windows NT 5.1; rv:15.0) Gecko/20100101 Firefox/15.0" 54426
192.168.74.78 - - [17/Feb/2013:07:11:04 +0600] "GET /pause/ajaxPause?pauseConfigId=&admin=0 HTTP/1.1" 200 986 "http://callider/pause/index" "Mozilla/4.0 (compatible; MSIE 7.0; Windows NT 6.1; WOW64; Trident/5.0; SLCC2; .NET CLR 2.0.50727; .NET CLR 3.5.30729; .NET CLR 3.0.30729; Media Center PC 6.0; InfoPath.3; .NET4.0C; MS-RTC LM 8; .NET4.0E)" 19380
192.168.12.61 - - [17/Feb/2013:07:11:04 +0600] "GET /pause/ajaxPause?pauseConfigId=&admin=0 HTTP/1.1" 200 986 "http://callider/pause/index" "Mozilla/4.0 (compatible; MSIE 7.0; Windows NT 6.1; Trident/5.0; SLCC2; .NET CLR 2.0.50727; .NET CLR 3.5.30729; .NET CLR 3.0.30729; Media Center PC 6.0; InfoPath.3; .NET4.0C; .NET4.0E)" 24744
192.168.12.69 - - [17/Feb/2013:07:11:05 +0600] "GET /pause/ajaxPause?pauseConfigId=&admin=0 HTTP/1.1" 200 986 "http://callider/pause/index" "Mozilla/4.0 (compatible; MSIE 7.0; Windows NT 6.1; Trident/5.0; SLCC2; .NET CLR 2.0.50727; .NET CLR 3.5.30729; .NET CLR 3.0.30729; Media Center PC 6.0; InfoPath.3; .NET4.0C; .NET4.0E; Tablet PC 2.0; AskTbFXTV5/5.14.1.20007)" 27072
192.168.12.61 - - [17/Feb/2013:07:11:05 +0600] "GET /tv/useUser HTTP/1.1" 200 431 "http://callider/pause/index" "Mozilla/4.0 (compatible; MSIE 7.0; Windows NT 6.1; Trident/5.0; SLCC2; .NET CLR 2.0.50727; .NET CLR 3.5.30729; .NET CLR 3.0.30729; Media Center PC 6.0; InfoPath.3; .NET4.0C; .NET4.0E)" 9049
192.168.74.91 - - [17/Feb/2013:07:11:05 +0600] "GET /pause/ajaxPause?pauseConfigId=&admin=0 HTTP/1.1" 200 986 "http://callider/pause/index" "Mozilla/4.0 (compatible; MSIE 7.0; Windows NT 6.1; WOW64; Trident/5.0; SLCC2; .NET CLR 2.0.50727; .NET CLR 3.5.30729; .NET CLR 3.0.30729; Media Center PC 6.0; InfoPath.3; .NET4.0C; MS-RTC LM 8; .NET4.0E)" 22514
192.168.74.151 - - [17/Feb/2013:07:11:05 +0600] "GET /pause/ajaxPause?pauseConfigId=&admin=0 HTTP/1.1" 200 987 "http://callider.kontur/pause/index" "Mozilla/5.0 (Windows NT 6.1; WOW64; rv:18.0) Gecko/20100101 Firefox/18.0" 69857
192.168.12.210 - - [17/Feb/2013:07:11:05 +0600] "GET /pause/ajaxPause?pauseConfigId=all&admin=1 HTTP/1.1" 200 1047 "http://callider/pause/index" "Mozilla/4.0 (compatible; MSIE 7.0; Windows NT 6.1; WOW64; Trident/5.0; SLCC2; .NET CLR 2.0.50727; .NET CLR 3.5.30729; .NET CLR 3.0.30729; Media Center PC 6.0; InfoPath.3; .NET4.0C; .NET4.0E)" 18944
192.168.12.60 - - [17/Feb/2013:07:11:06 +0600] "GET /pause/ajaxPause?pauseConfigId=&admin=0 HTTP/1.1" 200 986 "http://callider/pause/index" "Mozilla/4.0 (compatible; MSIE 8.0; Windows NT 6.1; Trident/4.0; InfoPath.3; .NET4.0C; MS-RTC LM 8; .NET4.0E)" 20580
192.168.12.204 - - [17/Feb/2013:07:11:06 +0600] "GET /pause/ajaxPause?pauseConfigId=&admin=0 HTTP/1.1" 200 986 "http://callider/pause/index" "Mozilla/4.0 (compatible; MSIE 7.0; Windows NT 6.1; WOW64; Trident/4.0; SLCC2; .NET CLR 2.0.50727; .NET CLR 3.5.30729; .NET CLR 3.0.30729; Media Center PC 6.0; InfoPath.3; .NET4.0C; .NET4.0E; .NET CLR 1.1.4322)" 21683
192.168.12.77 - - [17/Feb/2013:07:11:06 +0600] "GET /pause/ajaxPause?pauseConfigId=&admin=0 HTTP/1.1" 200 1039 "http://callider/pause/index" "Mozilla/4.0 (compatible; MSIE 7.0; Windows NT 6.1; Trident/5.0; SLCC2; .NET CLR 2.0.50727; .NET CLR 3.5.30729; .NET CLR 3.0.30729; Media Center PC 6.0; Tablet PC 2.0; InfoPath.3; .NET4.0C; .NET4.0E; MS-RTC LM 8)" 15569
192.168.12.38 - - [17/Feb/2013:07:11:06 +0600] "GET /pause/ajaxPause?pauseConfigId=&admin=0 HTTP/1.1" 200 1040 "http://callider/pause/index" "Mozilla/4.0 (compatible; MSIE 7.0; Windows NT 6.1; WOW64; Trident/5.0; SLCC2; .NET CLR 2.0.50727; .NET CLR 3.5.30729; .NET CLR 3.0.30729; Media Center PC 6.0; InfoPath.3; .NET4.0C; .NET4.0E)" 15251
192.168.65.56 - - [17/Feb/2013:07:11:06 +0600] "GET /pause/ajaxPause?pauseConfigId=all&admin=1 HTTP/1.1" 200 1046 "http://192.168.65.101/pause/index" "Mozilla/5.0 (Windows NT 5.1; rv:15.0) Gecko/20100101 Firefox/15.0" 32179
192.168.74.78 - - [17/Feb/2013:07:11:09 +0600] "GET /pause/ajaxPause?pauseConfigId=&admin=0 HTTP/1.1" 200 986 "http://callider/pause/index" "Mozilla/4.0 (compatible; MSIE 7.0; Windows NT 6.1; WOW64; Trident/5.0; SLCC2; .NET CLR 2.0.50727; .NET CLR 3.5.30729; .NET CLR 3.0.30729; Media Center PC 6.0; InfoPath.3; .NET4.0C; MS-RTC LM 8; .NET4.0E)" 20373
192.168.12.61 - - [17/Feb/2013:07:11:09 +0600] "GET /pause/ajaxPause?pauseConfigId=&admin=0 HTTP/1.1" 200 985 "http://callider/pause/index" "Mozilla/4.0 (compatible; MSIE 7.0; Windows NT 6.1; Trident/5.0; SLCC2; .NET CLR 2.0.50727; .NET CLR 3.5.30729; .NET CLR 3.0.30729; Media Center PC 6.0; InfoPath.3; .NET4.0C; .NET4.0E)" 21690
192.168.12.69 - - [17/Feb/2013:07:11:10 +0600] "GET /pause/ajaxPause?pauseConfigId=&admin=0 HTTP/1.1" 200 986 "http://callider/pause/index" "Mozilla/4.0 (compatible; MSIE 7.0; Windows NT 6.1; Trident/5.0; SLCC2; .NET CLR 2.0.50727; .NET CLR 3.5.30729; .NET CLR 3.0.30729; Media Center PC 6.0; InfoPath.3; .NET4.0C; .NET4.0E; Tablet PC 2.0; AskTbFXTV5/5.14.1.20007)" 18901
192.168.74.91 - - [17/Feb/2013:07:11:10 +0600] "GET /pause/ajaxPause?pauseConfigId=&admin=0 HTTP/1.1" 200 986 "http://callider/pause/index" "Mozilla/4.0 (compatible; MSIE 7.0; Windows NT 6.1; WOW64; Trident/5.0; SLCC2; .NET CLR 2.0.50727; .NET CLR 3.5.30729; .NET CLR 3.0.30729; Media Center PC 6.0; InfoPath.3; .NET4.0C; MS-RTC LM 8; .NET4.0E)" 17768
192.168.74.151 - - [17/Feb/2013:07:11:10 +0600] "GET /pause/ajaxPause?pauseConfigId=&admin=0 HTTP/1.1" 200 987 "http://callider.kontur/pause/index" "Mozilla/5.0 (Windows NT 6.1; WOW64; rv:18.0) Gecko/20100101 Firefox/18.0" 16902
192.168.12.210 - - [17/Feb/2013:07:11:10 +0600] "GET /pause/ajaxPause?pauseConfigId=all&admin=1 HTTP/1.1" 200 1047 "http://callider/pause/index" "Mozilla/4.0 (compatible; MSIE 7.0; Windows NT 6.1; WOW64; Trident/5.0; SLCC2; .NET CLR 2.0.50727; .NET CLR 3.5.30729; .NET CLR 3.0.30729; Media Center PC 6.0; InfoPath.3; .NET4.0C; .NET4.0E)" 22785
192.168.12.42 - - [17/Feb/2013:07:11:11 +0600] "GET /tv/useUser HTTP/1.1" 200 432 "http://callider/graph/personal" "Mozilla/4.0 (compatible; MSIE 7.0; Windows NT 6.1; WOW64; Trident/5.0; SLCC2; .NET CLR 2.0.50727; .NET CLR 3.5.30729; .NET CLR 3.0.30729; Media Center PC 6.0; InfoPath.3; .NET4.0C; .NET4.0E)" 18606
192.168.12.60 - - [17/Feb/2013:07:11:11 +0600] "GET /pause/ajaxPause?pauseConfigId=&admin=0 HTTP/1.1" 200 986 "http://callider/pause/index" "Mozilla/4.0 (compatible; MSIE 8.0; Windows NT 6.1; Trident/4.0; InfoPath.3; .NET4.0C; MS-RTC LM 8; .NET4.0E)" 19818
192.168.12.204 - - [17/Feb/2013:07:11:11 +0600] "GET /pause/ajaxPause?pauseConfigId=&admin=0 HTTP/1.1" 200 986 "http://callider/pause/index" "Mozilla/4.0 (compatible; MSIE 7.0; Windows NT 6.1; WOW64; Trident/4.0; SLCC2; .NET CLR 2.0.50727; .NET CLR 3.5.30729; .NET CLR 3.0.30729; Media Center PC 6.0; InfoPath.3; .NET4.0C; .NET4.0E; .NET CLR 1.1.4322)" 21690
192.168.12.77 - - [17/Feb/2013:07:11:11 +0600] "GET /pause/ajaxPause?pauseConfigId=&admin=0 HTTP/1.1" 200 1039 "http://callider/pause/index" "Mozilla/4.0 (compatible; MSIE 7.0; Windows NT 6.1; Trident/5.0; SLCC2; .NET CLR 2.0.50727; .NET CLR 3.5.30729; .NET CLR 3.0.30729; Media Center PC 6.0; Tablet PC 2.0; InfoPath.3; .NET4.0C; .NET4.0E; MS-RTC LM 8)" 13376
192.168.12.38 - - [17/Feb/2013:07:11:11 +0600] "GET /pause/ajaxPause?pauseConfigId=&admin=0 HTTP/1.1" 200 1040 "http://callider/pause/index" "Mozilla/4.0 (compatible; MSIE 7.0; Windows NT 6.1; WOW64; Trident/5.0; SLCC2; .NET CLR 2.0.50727; .NET CLR 3.5.30729; .NET CLR 3.0.30729; Media Center PC 6.0; InfoPath.3; .NET4.0C; .NET4.0E)" 17571
192.168.65.56 - - [17/Feb/2013:07:11:11 +0600] "GET /pause/ajaxPause?pauseConfigId=all&admin=1 HTTP/1.1" 200 1046 "http://192.168.65.101/pause/index" "Mozilla/5.0 (Windows NT 5.1; rv:15.0) Gecko/20100101 Firefox/15.0" 32887
192.168.74.151 - - [17/Feb/2013:07:11:13 +0600] "GET /tv/useUser HTTP/1.1" 200 431 "http://callider.kontur/graph/general" "Mozilla/5.0 (Windows NT 6.1; WOW64; rv:18.0) Gecko/20100101 Firefox/18.0" 8216
192.168.74.78 - - [17/Feb/2013:07:11:14 +0600] "GET /pause/ajaxPause?pauseConfigId=&admin=0 HTTP/1.1" 200 986 "http://callider/pause/index" "Mozilla/4.0 (compatible; MSIE 7.0; Windows NT 6.1; WOW64; Trident/5.0; SLCC2; .NET CLR 2.0.50727; .NET CLR 3.5.30729; .NET CLR 3.0.30729; Media Center PC 6.0; InfoPath.3; .NET4.0C; MS-RTC LM 8; .NET4.0E)" 20606
192.168.12.61 - - [17/Feb/2013:07:11:14 +0600] "GET /pause/ajaxPause?pauseConfigId=&admin=0 HTTP/1.1" 200 985 "http://callider/pause/index" "Mozilla/4.0 (compatible; MSIE 7.0; Windows NT 6.1; Trident/5.0; SLCC2; .NET CLR 2.0.50727; .NET CLR 3.5.30729; .NET CLR 3.0.30729; Media Center PC 6.0; InfoPath.3; .NET4.0C; .NET4.0E)" 18580
192.168.12.69 - - [17/Feb/2013:07:11:15 +0600] "GET /pause/ajaxPause?pauseConfigId=&admin=0 HTTP/1.1" 200 986 "http://callider/pause/index" "Mozilla/4.0 (compatible; MSIE 7.0; Windows NT 6.1; Trident/5.0; SLCC2; .NET CLR 2.0.50727; .NET CLR 3.5.30729; .NET CLR 3.0.30729; Media Center PC 6.0; InfoPath.3; .NET4.0C; .NET4.0E; Tablet PC 2.0; AskTbFXTV5/5.14.1.20007)" 20644
192.168.74.91 - - [17/Feb/2013:07:11:15 +0600] "GET /pause/ajaxPause?pauseConfigId=&admin=0 HTTP/1.1" 200 986 "http://callider/pause/index" "Mozilla/4.0 (compatible; MSIE 7.0; Windows NT 6.1; WOW64; Trident/5.0; SLCC2; .NET CLR 2.0.50727; .NET CLR 3.5.30729; .NET CLR 3.0.30729; Media Center PC 6.0; InfoPath.3; .NET4.0C; MS-RTC LM 8; .NET4.0E)" 17967
192.168.74.151 - - [17/Feb/2013:07:11:15 +0600] "GET /pause/ajaxPause?pauseConfigId=&admin=0 HTTP/1.1" 200 987 "http://callider.kontur/pause/index" "Mozilla/5.0 (Windows NT 6.1; WOW64; rv:18.0) Gecko/20100101 Firefox/18.0" 21307
192.168.74.151 - - [17/Feb/2013:07:11:15 +0600] "GET /tv/useUser HTTP/1.1" 200 432 "http://callider.kontur/pause/index" "Mozilla/5.0 (Windows NT 6.1; WOW64; rv:18.0) Gecko/20100101 Firefox/18.0" 16214
192.168.12.210 - - [17/Feb/2013:07:11:15 +0600] "GET /pause/ajaxPause?pauseConfigId=all&admin=1 HTTP/1.1" 200 1047 "http://callider/pause/index" "Mozilla/4.0 (compatible; MSIE 7.0; Windows NT 6.1; WOW64; Trident/5.0; SLCC2; .NET CLR 2.0.50727; .NET CLR 3.5.30729; .NET CLR 3.0.30729; Media Center PC 6.0; InfoPath.3; .NET4.0C; .NET4.0E)" 21281
192.168.12.60 - - [17/Feb/2013:07:11:16 +0600] "GET /pause/ajaxPause?pauseConfigId=&admin=0 HTTP/1.1" 200 986 "http://callider/pause/index" "Mozilla/4.0 (compatible; MSIE 8.0; Windows NT 6.1; Trident/4.0; InfoPath.3; .NET4.0C; MS-RTC LM 8; .NET4.0E)" 19941
192.168.12.204 - - [17/Feb/2013:07:11:16 +0600] "GET /pause/ajaxPause?pauseConfigId=&admin=0 HTTP/1.1" 200 986 "http://callider/pause/index" "Mozilla/4.0 (compatible; MSIE 7.0; Windows NT 6.1; WOW64; Trident/4.0; SLCC2; .NET CLR 2.0.50727; .NET CLR 3.5.30729; .NET CLR 3.0.30729; Media Center PC 6.0; InfoPath.3; .NET4.0C; .NET4.0E; .NET CLR 1.1.4322)" 20255
192.168.12.77 - - [17/Feb/2013:07:11:16 +0600] "GET /pause/ajaxPause?pauseConfigId=&admin=0 HTTP/1.1" 200 1039 "http://callider/pause/index" "Mozilla/4.0 (compatible; MSIE 7.0; Windows NT 6.1; Trident/5.0; SLCC2; .NET CLR 2.0.50727; .NET CLR 3.5.30729; .NET CLR 3.0.30729; Media Center PC 6.0; Tablet PC 2.0; InfoPath.3; .NET4.0C; .NET4.0E; MS-RTC LM 8)" 13668
192.168.12.38 - - [17/Feb/2013:07:11:16 +0600] "GET /pause/ajaxPause?pauseConfigId=&admin=0 HTTP/1.1" 200 1040 "http://callider/pause/index" "Mozilla/4.0 (compatible; MSIE 7.0; Windows NT 6.1; WOW64; Trident/5.0; SLCC2; .NET CLR 2.0.50727; .NET CLR 3.5.30729; .NET CLR 3.0.30729; Media Center PC 6.0; InfoPath.3; .NET4.0C; .NET4.0E)" 16944
192.168.65.56 - - [17/Feb/2013:07:11:16 +0600] "GET /pause/ajaxPause?pauseConfigId=all&admin=1 HTTP/1.1" 200 1046 "http://192.168.65.101/pause/index" "Mozilla/5.0 (Windows NT 5.1; rv:15.0) Gecko/20100101 Firefox/15.0" 32947
192.168.74.78 - - [17/Feb/2013:07:11:19 +0600] "GET /pause/ajaxPause?pauseConfigId=&admin=0 HTTP/1.1" 200 986 "http://callider/pause/index" "Mozilla/4.0 (compatible; MSIE 7.0; Windows NT 6.1; WOW64; Trident/5.0; SLCC2; .NET CLR 2.0.50727; .NET CLR 3.5.30729; .NET CLR 3.0.30729; Media Center PC 6.0; InfoPath.3; .NET4.0C; MS-RTC LM 8; .NET4.0E)" 27250
192.168.12.61 - - [17/Feb/2013:07:11:19 +0600] "GET /pause/ajaxPause?pauseConfigId=&admin=0 HTTP/1.1" 200 985 "http://callider/pause/index" "Mozilla/4.0 (compatible; MSIE 7.0; Windows NT 6.1; Trident/5.0; SLCC2; .NET CLR 2.0.50727; .NET CLR 3.5.30729; .NET CLR 3.0.30729; Media Center PC 6.0; InfoPath.3; .NET4.0C; .NET4.0E)" 22588
192.168.12.10 - - [17/Feb/2013:07:11:19 +0600] "GET /tv/useUser HTTP/1.1" 200 432 "http://callider/graph/personal" "Mozilla/4.0 (compatible; MSIE 7.0; Windows NT 6.1; Trident/5.0; SLCC2; .NET CLR 2.0.50727; .NET CLR 3.5.30729; .NET CLR 3.0.30729; Media Center PC 6.0; InfoPath.3; .NET4.0C; .NET4.0E; Tablet PC 2.0; MS-RTC LM 8)" 15594
192.168.12.108 - - [17/Feb/2013:07:11:19 +0600] "GET /tv/useUser HTTP/1.1" 200 432 "http://callider/index.php" "Mozilla/4.0 (compatible; MSIE 7.0; Windows NT 6.2; WOW64; Trident/6.0; .NET4.0E; .NET4.0C; InfoPath.3; .NET CLR 3.5.30729; .NET CLR 2.0.50727; .NET CLR 3.0.30729)" 15188
192.168.12.69 - - [17/Feb/2013:07:11:20 +0600] "GET /pause/ajaxPause?pauseConfigId=&admin=0 HTTP/1.1" 200 986 "http://callider/pause/index" "Mozilla/4.0 (compatible; MSIE 7.0; Windows NT 6.1; Trident/5.0; SLCC2; .NET CLR 2.0.50727; .NET CLR 3.5.30729; .NET CLR 3.0.30729; Media Center PC 6.0; InfoPath.3; .NET4.0C; .NET4.0E; Tablet PC 2.0; AskTbFXTV5/5.14.1.20007)" 18986
192.168.74.91 - - [17/Feb/2013:07:11:20 +0600] "GET /pause/ajaxPause?pauseConfigId=&admin=0 HTTP/1.1" 200 986 "http://callider/pause/index" "Mozilla/4.0 (compatible; MSIE 7.0; Windows NT 6.1; WOW64; Trident/5.0; SLCC2; .NET CLR 2.0.50727; .NET CLR 3.5.30729; .NET CLR 3.0.30729; Media Center PC 6.0; InfoPath.3; .NET4.0C; MS-RTC LM 8; .NET4.0E)" 18814
192.168.74.151 - - [17/Feb/2013:07:11:20 +0600] "GET /pause/ajaxPause?pauseConfigId=&admin=0 HTTP/1.1" 200 987 "http://callider.kontur/pause/index" "Mozilla/5.0 (Windows NT 6.1; WOW64; rv:18.0) Gecko/20100101 Firefox/18.0" 18754
192.168.12.210 - - [17/Feb/2013:07:11:20 +0600] "GET /pause/ajaxPause?pauseConfigId=all&admin=1 HTTP/1.1" 200 1047 "http://callider/pause/index" "Mozilla/4.0 (compatible; MSIE 7.0; Windows NT 6.1; WOW64; Trident/5.0; SLCC2; .NET CLR 2.0.50727; .NET CLR 3.5.30729; .NET CLR 3.0.30729; Media Center PC 6.0; InfoPath.3; .NET4.0C; .NET4.0E)" 20209
192.168.12.60 - - [17/Feb/2013:07:11:21 +0600] "GET /pause/ajaxPause?pauseConfigId=&admin=0 HTTP/1.1" 200 986 "http://callider/pause/index" "Mozilla/4.0 (compatible; MSIE 8.0; Windows NT 6.1; Trident/4.0; InfoPath.3; .NET4.0C; MS-RTC LM 8; .NET4.0E)" 39633
192.168.12.204 - - [17/Feb/2013:07:11:21 +0600] "GET /pause/ajaxPause?pauseConfigId=&admin=0 HTTP/1.1" 200 986 "http://callider/pause/index" "Mozilla/4.0 (compatible; MSIE 7.0; Windows NT 6.1; WOW64; Trident/4.0; SLCC2; .NET CLR 2.0.50727; .NET CLR 3.5.30729; .NET CLR 3.0.30729; Media Center PC 6.0; InfoPath.3; .NET4.0C; .NET4.0E; .NET CLR 1.1.4322)" 25034
192.168.12.77 - - [17/Feb/2013:07:11:21 +0600] "GET /pause/ajaxPause?pauseConfigId=&admin=0 HTTP/1.1" 200 1039 "http://callider/pause/index" "Mozilla/4.0 (compatible; MSIE 7.0; Windows NT 6.1; Trident/5.0; SLCC2; .NET CLR 2.0.50727; .NET CLR 3.5.30729; .NET CLR 3.0.30729; Media Center PC 6.0; Tablet PC 2.0; InfoPath.3; .NET4.0C; .NET4.0E; MS-RTC LM 8)" 14076
192.168.12.38 - - [17/Feb/2013:07:11:21 +0600] "GET /pause/ajaxPause?pauseConfigId=&admin=0 HTTP/1.1" 200 1040 "http://callider/pause/index" "Mozilla/4.0 (compatible; MSIE 7.0; Windows NT 6.1; WOW64; Trident/5.0; SLCC2; .NET CLR 2.0.50727; .NET CLR 3.5.30729; .NET CLR 3.0.30729; Media Center PC 6.0; InfoPath.3; .NET4.0C; .NET4.0E)" 15220
192.168.65.56 - - [17/Feb/2013:07:11:21 +0600] "GET /pause/ajaxPause?pauseConfigId=all&admin=1 HTTP/1.1" 200 1046 "http://192.168.65.101/pause/index" "Mozilla/5.0 (Windows NT 5.1; rv:15.0) Gecko/20100101 Firefox/15.0" 34278
192.168.74.78 - - [17/Feb/2013:07:11:24 +0600] "GET /pause/ajaxPause?pauseConfigId=&admin=0 HTTP/1.1" 200 986 "http://callider/pause/index" "Mozilla/4.0 (compatible; MSIE 7.0; Windows NT 6.1; WOW64; Trident/5.0; SLCC2; .NET CLR 2.0.50727; .NET CLR 3.5.30729; .NET CLR 3.0.30729; Media Center PC 6.0; InfoPath.3; .NET4.0C; MS-RTC LM 8; .NET4.0E)" 18502
192.168.12.61 - - [17/Feb/2013:07:11:24 +0600] "GET /pause/ajaxPause?pauseConfigId=&admin=0 HTTP/1.1" 200 985 "http://callider/pause/index" "Mozilla/4.0 (compatible; MSIE 7.0; Windows NT 6.1; Trident/5.0; SLCC2; .NET CLR 2.0.50727; .NET CLR 3.5.30729; .NET CLR 3.0.30729; Media Center PC 6.0; InfoPath.3; .NET4.0C; .NET4.0E)" 17615
192.168.12.69 - - [17/Feb/2013:07:11:25 +0600] "GET /pause/ajaxPause?pauseConfigId=&admin=0 HTTP/1.1" 200 986 "http://callider/pause/index" "Mozilla/4.0 (compatible; MSIE 7.0; Windows NT 6.1; Trident/5.0; SLCC2; .NET CLR 2.0.50727; .NET CLR 3.5.30729; .NET CLR 3.0.30729; Media Center PC 6.0; InfoPath.3; .NET4.0C; .NET4.0E; Tablet PC 2.0; AskTbFXTV5/5.14.1.20007)" 23301
192.168.74.91 - - [17/Feb/2013:07:11:25 +0600] "GET /pause/ajaxPause?pauseConfigId=&admin=0 HTTP/1.1" 200 986 "http://callider/pause/index" "Mozilla/4.0 (compatible; MSIE 7.0; Windows NT 6.1; WOW64; Trident/5.0; SLCC2; .NET CLR 2.0.50727; .NET CLR 3.5.30729; .NET CLR 3.0.30729; Media Center PC 6.0; InfoPath.3; .NET4.0C; MS-RTC LM 8; .NET4.0E)" 20773
192.168.74.151 - - [17/Feb/2013:07:11:25 +0600] "GET /pause/ajaxPause?pauseConfigId=&admin=0 HTTP/1.1" 200 987 "http://callider.kontur/pause/index" "Mozilla/5.0 (Windows NT 6.1; WOW64; rv:18.0) Gecko/20100101 Firefox/18.0" 17012
192.168.12.210 - - [17/Feb/2013:07:11:25 +0600] "GET /pause/ajaxPause?pauseConfigId=all&admin=1 HTTP/1.1" 200 1047 "http://callider/pause/index" "Mozilla/4.0 (compatible; MSIE 7.0; Windows NT 6.1; WOW64; Trident/5.0; SLCC2; .NET CLR 2.0.50727; .NET CLR 3.5.30729; .NET CLR 3.0.30729; Media Center PC 6.0; InfoPath.3; .NET4.0C; .NET4.0E)" 20909
192.168.12.60 - - [17/Feb/2013:07:11:26 +0600] "GET /pause/ajaxPause?pauseConfigId=&admin=0 HTTP/1.1" 200 986 "http://callider/pause/index" "Mozilla/4.0 (compatible; MSIE 8.0; Windows NT 6.1; Trident/4.0; InfoPath.3; .NET4.0C; MS-RTC LM 8; .NET4.0E)" 22034
192.168.12.204 - - [17/Feb/2013:07:11:26 +0600] "GET /pause/ajaxPause?pauseConfigId=&admin=0 HTTP/1.1" 200 986 "http://callider/pause/index" "Mozilla/4.0 (compatible; MSIE 7.0; Windows NT 6.1; WOW64; Trident/4.0; SLCC2; .NET CLR 2.0.50727; .NET CLR 3.5.30729; .NET CLR 3.0.30729; Media Center PC 6.0; InfoPath.3; .NET4.0C; .NET4.0E; .NET CLR 1.1.4322)" 21348
192.168.12.77 - - [17/Feb/2013:07:11:26 +0600] "GET /pause/ajaxPause?pauseConfigId=&admin=0 HTTP/1.1" 200 1039 "http://callider/pause/index" "Mozilla/4.0 (compatible; MSIE 7.0; Windows NT 6.1; Trident/5.0; SLCC2; .NET CLR 2.0.50727; .NET CLR 3.5.30729; .NET CLR 3.0.30729; Media Center PC 6.0; Tablet PC 2.0; InfoPath.3; .NET4.0C; .NET4.0E; MS-RTC LM 8)" 15792
192.168.12.38 - - [17/Feb/2013:07:11:26 +0600] "GET /pause/ajaxPause?pauseConfigId=&admin=0 HTTP/1.1" 200 1040 "http://callider/pause/index" "Mozilla/4.0 (compatible; MSIE 7.0; Windows NT 6.1; WOW64; Trident/5.0; SLCC2; .NET CLR 2.0.50727; .NET CLR 3.5.30729; .NET CLR 3.0.30729; Media Center PC 6.0; InfoPath.3; .NET4.0C; .NET4.0E)" 16006
192.168.65.56 - - [17/Feb/2013:07:11:26 +0600] "GET /pause/ajaxPause?pauseConfigId=all&admin=1 HTTP/1.1" 200 1046 "http://192.168.65.101/pause/index" "Mozilla/5.0 (Windows NT 5.1; rv:15.0) Gecko/20100101 Firefox/15.0" 35275
192.168.74.78 - - [17/Feb/2013:07:11:29 +0600] "GET /pause/ajaxPause?pauseConfigId=&admin=0 HTTP/1.1" 200 986 "http://callider/pause/index" "Mozilla/4.0 (compatible; MSIE 7.0; Windows NT 6.1; WOW64; Trident/5.0; SLCC2; .NET CLR 2.0.50727; .NET CLR 3.5.30729; .NET CLR 3.0.30729; Media Center PC 6.0; InfoPath.3; .NET4.0C; MS-RTC LM 8; .NET4.0E)" 17985
192.168.12.61 - - [17/Feb/2013:07:11:29 +0600] "GET /pause/ajaxPause?pauseConfigId=&admin=0 HTTP/1.1" 200 985 "http://callider/pause/index" "Mozilla/4.0 (compatible; MSIE 7.0; Windows NT 6.1; Trident/5.0; SLCC2; .NET CLR 2.0.50727; .NET CLR 3.5.30729; .NET CLR 3.0.30729; Media Center PC 6.0; InfoPath.3; .NET4.0C; .NET4.0E)" 17851
192.168.12.69 - - [17/Feb/2013:07:11:30 +0600] "GET /pause/ajaxPause?pauseConfigId=&admin=0 HTTP/1.1" 200 986 "http://callider/pause/index" "Mozilla/4.0 (compatible; MSIE 7.0; Windows NT 6.1; Trident/5.0; SLCC2; .NET CLR 2.0.50727; .NET CLR 3.5.30729; .NET CLR 3.0.30729; Media Center PC 6.0; InfoPath.3; .NET4.0C; .NET4.0E; Tablet PC 2.0; AskTbFXTV5/5.14.1.20007)" 19983
192.168.74.91 - - [17/Feb/2013:07:11:30 +0600] "GET /pause/ajaxPause?pauseConfigId=&admin=0 HTTP/1.1" 200 986 "http://callider/pause/index" "Mozilla/4.0 (compatible; MSIE 7.0; Windows NT 6.1; WOW64; Trident/5.0; SLCC2; .NET CLR 2.0.50727; .NET CLR 3.5.30729; .NET CLR 3.0.30729; Media Center PC 6.0; InfoPath.3; .NET4.0C; MS-RTC LM 8; .NET4.0E)" 21264
192.168.74.151 - - [17/Feb/2013:07:11:30 +0600] "GET /pause/ajaxPause?pauseConfigId=&admin=0 HTTP/1.1" 200 987 "http://callider.kontur/pause/index" "Mozilla/5.0 (Windows NT 6.1; WOW64; rv:18.0) Gecko/20100101 Firefox/18.0" 18742
192.168.12.210 - - [17/Feb/2013:07:11:30 +0600] "GET /pause/ajaxPause?pauseConfigId=all&admin=1 HTTP/1.1" 200 1047 "http://callider/pause/index" "Mozilla/4.0 (compatible; MSIE 7.0; Windows NT 6.1; WOW64; Trident/5.0; SLCC2; .NET CLR 2.0.50727; .NET CLR 3.5.30729; .NET CLR 3.0.30729; Media Center PC 6.0; InfoPath.3; .NET4.0C; .NET4.0E)" 17631
192.168.12.60 - - [17/Feb/2013:07:11:31 +0600] "GET /pause/ajaxPause?pauseConfigId=&admin=0 HTTP/1.1" 200 986 "http://callider/pause/index" "Mozilla/4.0 (compatible; MSIE 8.0; Windows NT 6.1; Trident/4.0; InfoPath.3; .NET4.0C; MS-RTC LM 8; .NET4.0E)" 18750
192.168.12.204 - - [17/Feb/2013:07:11:31 +0600] "GET /pause/ajaxPause?pauseConfigId=&admin=0 HTTP/1.1" 200 986 "http://callider/pause/index" "Mozilla/4.0 (compatible; MSIE 7.0; Windows NT 6.1; WOW64; Trident/4.0; SLCC2; .NET CLR 2.0.50727; .NET CLR 3.5.30729; .NET CLR 3.0.30729; Media Center PC 6.0; InfoPath.3; .NET4.0C; .NET4.0E; .NET CLR 1.1.4322)" 20104
192.168.12.77 - - [17/Feb/2013:07:11:31 +0600] "GET /pause/ajaxPause?pauseConfigId=&admin=0 HTTP/1.1" 200 1039 "http://callider/pause/index" "Mozilla/4.0 (compatible; MSIE 7.0; Windows NT 6.1; Trident/5.0; SLCC2; .NET CLR 2.0.50727; .NET CLR 3.5.30729; .NET CLR 3.0.30729; Media Center PC 6.0; Tablet PC 2.0; InfoPath.3; .NET4.0C; .NET4.0E; MS-RTC LM 8)" 13160
192.168.12.38 - - [17/Feb/2013:07:11:31 +0600] "GET /pause/ajaxPause?pauseConfigId=&admin=0 HTTP/1.1" 200 1040 "http://callider/pause/index" "Mozilla/4.0 (compatible; MSIE 7.0; Windows NT 6.1; WOW64; Trident/5.0; SLCC2; .NET CLR 2.0.50727; .NET CLR 3.5.30729; .NET CLR 3.0.30729; Media Center PC 6.0; InfoPath.3; .NET4.0C; .NET4.0E)" 15591
192.168.65.56 - - [17/Feb/2013:07:11:31 +0600] "GET /pause/ajaxPause?pauseConfigId=all&admin=1 HTTP/1.1" 200 1046 "http://192.168.65.101/pause/index" "Mozilla/5.0 (Windows NT 5.1; rv:15.0) Gecko/20100101 Firefox/15.0" 33942
192.168.74.78 - - [17/Feb/2013:07:11:34 +0600] "GET /pause/ajaxPause?pauseConfigId=&admin=0 HTTP/1.1" 200 986 "http://callider/pause/index" "Mozilla/4.0 (compatible; MSIE 7.0; Windows NT 6.1; WOW64; Trident/5.0; SLCC2; .NET CLR 2.0.50727; .NET CLR 3.5.30729; .NET CLR 3.0.30729; Media Center PC 6.0; InfoPath.3; .NET4.0C; MS-RTC LM 8; .NET4.0E)" 20960
192.168.12.61 - - [17/Feb/2013:07:11:34 +0600] "GET /pause/ajaxPause?pauseConfigId=&admin=0 HTTP/1.1" 200 985 "http://callider/pause/index" "Mozilla/4.0 (compatible; MSIE 7.0; Windows NT 6.1; Trident/5.0; SLCC2; .NET CLR 2.0.50727; .NET CLR 3.5.30729; .NET CLR 3.0.30729; Media Center PC 6.0; InfoPath.3; .NET4.0C; .NET4.0E)" 20356
192.168.12.67 - - [17/Feb/2013:07:11:34 +0600] "GET /tv/useUser HTTP/1.1" 200 432 "http://callider/graph/personal" "Mozilla/4.0 (compatible; MSIE 7.0; Windows NT 6.1; Trident/5.0; SLCC2; .NET CLR 2.0.50727; .NET CLR 3.5.30729; .NET CLR 3.0.30729; Media Center PC 6.0; .NET4.0C; .NET4.0E; InfoPath.3; Tablet PC 2.0; MS-RTC LM 8)" 18248
192.168.12.69 - - [17/Feb/2013:07:11:35 +0600] "GET /pause/ajaxPause?pauseConfigId=&admin=0 HTTP/1.1" 200 986 "http://callider/pause/index" "Mozilla/4.0 (compatible; MSIE 7.0; Windows NT 6.1; Trident/5.0; SLCC2; .NET CLR 2.0.50727; .NET CLR 3.5.30729; .NET CLR 3.0.30729; Media Center PC 6.0; InfoPath.3; .NET4.0C; .NET4.0E; Tablet PC 2.0; AskTbFXTV5/5.14.1.20007)" 27338
192.168.74.91 - - [17/Feb/2013:07:11:35 +0600] "GET /pause/ajaxPause?pauseConfigId=&admin=0 HTTP/1.1" 200 986 "http://callider/pause/index" "Mozilla/4.0 (compatible; MSIE 7.0; Windows NT 6.1; WOW64; Trident/5.0; SLCC2; .NET CLR 2.0.50727; .NET CLR 3.5.30729; .NET CLR 3.0.30729; Media Center PC 6.0; InfoPath.3; .NET4.0C; MS-RTC LM 8; .NET4.0E)" 18051
192.168.74.151 - - [17/Feb/2013:07:11:35 +0600] "GET /pause/ajaxPause?pauseConfigId=&admin=0 HTTP/1.1" 200 987 "http://callider.kontur/pause/index" "Mozilla/5.0 (Windows NT 6.1; WOW64; rv:18.0) Gecko/20100101 Firefox/18.0" 17361
192.168.12.210 - - [17/Feb/2013:07:11:35 +0600] "GET /pause/ajaxPause?pauseConfigId=all&admin=1 HTTP/1.1" 200 1047 "http://callider/pause/index" "Mozilla/4.0 (compatible; MSIE 7.0; Windows NT 6.1; WOW64; Trident/5.0; SLCC2; .NET CLR 2.0.50727; .NET CLR 3.5.30729; .NET CLR 3.0.30729; Media Center PC 6.0; InfoPath.3; .NET4.0C; .NET4.0E)" 21064
192.168.12.60 - - [17/Feb/2013:07:11:36 +0600] "GET /pause/ajaxPause?pauseConfigId=&admin=0 HTTP/1.1" 200 986 "http://callider/pause/index" "Mozilla/4.0 (compatible; MSIE 8.0; Windows NT 6.1; Trident/4.0; InfoPath.3; .NET4.0C; MS-RTC LM 8; .NET4.0E)" 18096
192.168.12.204 - - [17/Feb/2013:07:11:36 +0600] "GET /pause/ajaxPause?pauseConfigId=&admin=0 HTTP/1.1" 200 986 "http://callider/pause/index" "Mozilla/4.0 (compatible; MSIE 7.0; Windows NT 6.1; WOW64; Trident/4.0; SLCC2; .NET CLR 2.0.50727; .NET CLR 3.5.30729; .NET CLR 3.0.30729; Media Center PC 6.0; InfoPath.3; .NET4.0C; .NET4.0E; .NET CLR 1.1.4322)" 18984
192.168.12.77 - - [17/Feb/2013:07:11:36 +0600] "GET /pause/ajaxPause?pauseConfigId=&admin=0 HTTP/1.1" 200 1039 "http://callider/pause/index" "Mozilla/4.0 (compatible; MSIE 7.0; Windows NT 6.1; Trident/5.0; SLCC2; .NET CLR 2.0.50727; .NET CLR 3.5.30729; .NET CLR 3.0.30729; Media Center PC 6.0; Tablet PC 2.0; InfoPath.3; .NET4.0C; .NET4.0E; MS-RTC LM 8)" 18726
192.168.12.38 - - [17/Feb/2013:07:11:36 +0600] "GET /pause/ajaxPause?pauseConfigId=&admin=0 HTTP/1.1" 200 1040 "http://callider/pause/index" "Mozilla/4.0 (compatible; MSIE 7.0; Windows NT 6.1; WOW64; Trident/5.0; SLCC2; .NET CLR 2.0.50727; .NET CLR 3.5.30729; .NET CLR 3.0.30729; Media Center PC 6.0; InfoPath.3; .NET4.0C; .NET4.0E)" 20504
192.168.65.56 - - [17/Feb/2013:07:11:36 +0600] "GET /pause/ajaxPause?pauseConfigId=all&admin=1 HTTP/1.1" 200 1046 "http://192.168.65.101/pause/index" "Mozilla/5.0 (Windows NT 5.1; rv:15.0) Gecko/20100101 Firefox/15.0" 32930
192.168.74.93 - - [17/Feb/2013:07:11:38 +0600] "GET /tv/useUser HTTP/1.1" 200 432 "http://callider/graph/personal" "Mozilla/4.0 (compatible; MSIE 7.0; Windows NT 6.1; WOW64; Trident/5.0; SLCC2; .NET CLR 2.0.50727; .NET CLR 3.5.30729; .NET CLR 3.0.30729; Media Center PC 6.0; InfoPath.3; .NET4.0C; .NET4.0E)" 14201
192.168.12.210 - - [17/Feb/2013:07:11:39 +0600] "GET /tv/useUser HTTP/1.1" 200 431 "http://callider/graph/general" "Mozilla/4.0 (compatible; MSIE 7.0; Windows NT 6.1; WOW64; Trident/5.0; SLCC2; .NET CLR 2.0.50727; .NET CLR 3.5.30729; .NET CLR 3.0.30729; Media Center PC 6.0; InfoPath.3; .NET4.0C; .NET4.0E)" 8072
192.168.74.78 - - [17/Feb/2013:07:11:39 +0600] "GET /pause/ajaxPause?pauseConfigId=&admin=0 HTTP/1.1" 200 986 "http://callider/pause/index" "Mozilla/4.0 (compatible; MSIE 7.0; Windows NT 6.1; WOW64; Trident/5.0; SLCC2; .NET CLR 2.0.50727; .NET CLR 3.5.30729; .NET CLR 3.0.30729; Media Center PC 6.0; InfoPath.3; .NET4.0C; MS-RTC LM 8; .NET4.0E)" 19680
192.168.12.61 - - [17/Feb/2013:07:11:39 +0600] "GET /pause/ajaxPause?pauseConfigId=&admin=0 HTTP/1.1" 200 986 "http://callider/pause/index" "Mozilla/4.0 (compatible; MSIE 7.0; Windows NT 6.1; Trident/5.0; SLCC2; .NET CLR 2.0.50727; .NET CLR 3.5.30729; .NET CLR 3.0.30729; Media Center PC 6.0; InfoPath.3; .NET4.0C; .NET4.0E)" 29289
192.168.12.69 - - [17/Feb/2013:07:11:40 +0600] "GET /pause/ajaxPause?pauseConfigId=&admin=0 HTTP/1.1" 200 986 "http://callider/pause/index" "Mozilla/4.0 (compatible; MSIE 7.0; Windows NT 6.1; Trident/5.0; SLCC2; .NET CLR 2.0.50727; .NET CLR 3.5.30729; .NET CLR 3.0.30729; Media Center PC 6.0; InfoPath.3; .NET4.0C; .NET4.0E; Tablet PC 2.0; AskTbFXTV5/5.14.1.20007)" 17276
192.168.74.91 - - [17/Feb/2013:07:11:40 +0600] "GET /pause/ajaxPause?pauseConfigId=&admin=0 HTTP/1.1" 200 986 "http://callider/pause/index" "Mozilla/4.0 (compatible; MSIE 7.0; Windows NT 6.1; WOW64; Trident/5.0; SLCC2; .NET CLR 2.0.50727; .NET CLR 3.5.30729; .NET CLR 3.0.30729; Media Center PC 6.0; InfoPath.3; .NET4.0C; MS-RTC LM 8; .NET4.0E)" 17248
192.168.74.151 - - [17/Feb/2013:07:11:40 +0600] "GET /pause/ajaxPause?pauseConfigId=&admin=0 HTTP/1.1" 200 987 "http://callider.kontur/pause/index" "Mozilla/5.0 (Windows NT 6.1; WOW64; rv:18.0) Gecko/20100101 Firefox/18.0" 17208
192.168.12.210 - - [17/Feb/2013:07:11:40 +0600] "GET /pause/ajaxPause?pauseConfigId=all&admin=1 HTTP/1.1" 200 1047 "http://callider/pause/index" "Mozilla/4.0 (compatible; MSIE 7.0; Windows NT 6.1; WOW64; Trident/5.0; SLCC2; .NET CLR 2.0.50727; .NET CLR 3.5.30729; .NET CLR 3.0.30729; Media Center PC 6.0; InfoPath.3; .NET4.0C; .NET4.0E)" 18876
192.168.12.9 - - [17/Feb/2013:07:11:41 +0600] "GET /tv/useUser HTTP/1.1" 200 432 "http://callider.kontur/site/index" "Mozilla/5.0 (Windows NT 6.1; WOW64) AppleWebKit/537.17 (KHTML, like Gecko) Chrome/24.0.1312.57 Safari/537.17" 16276
192.168.12.60 - - [17/Feb/2013:07:11:41 +0600] "GET /pause/ajaxPause?pauseConfigId=&admin=0 HTTP/1.1" 200 986 "http://callider/pause/index" "Mozilla/4.0 (compatible; MSIE 8.0; Windows NT 6.1; Trident/4.0; InfoPath.3; .NET4.0C; MS-RTC LM 8; .NET4.0E)" 20256
192.168.12.204 - - [17/Feb/2013:07:11:41 +0600] "GET /pause/ajaxPause?pauseConfigId=&admin=0 HTTP/1.1" 200 986 "http://callider/pause/index" "Mozilla/4.0 (compatible; MSIE 7.0; Windows NT 6.1; WOW64; Trident/4.0; SLCC2; .NET CLR 2.0.50727; .NET CLR 3.5.30729; .NET CLR 3.0.30729; Media Center PC 6.0; InfoPath.3; .NET4.0C; .NET4.0E; .NET CLR 1.1.4322)" 20864
192.168.12.77 - - [17/Feb/2013:07:11:41 +0600] "GET /pause/ajaxPause?pauseConfigId=&admin=0 HTTP/1.1" 200 1039 "http://callider/pause/index" "Mozilla/4.0 (compatible; MSIE 7.0; Windows NT 6.1; Trident/5.0; SLCC2; .NET CLR 2.0.50727; .NET CLR 3.5.30729; .NET CLR 3.0.30729; Media Center PC 6.0; Tablet PC 2.0; InfoPath.3; .NET4.0C; .NET4.0E; MS-RTC LM 8)" 13607
192.168.12.38 - - [17/Feb/2013:07:11:41 +0600] "GET /pause/ajaxPause?pauseConfigId=&admin=0 HTTP/1.1" 200 1040 "http://callider/pause/index" "Mozilla/4.0 (compatible; MSIE 7.0; Windows NT 6.1; WOW64; Trident/5.0; SLCC2; .NET CLR 2.0.50727; .NET CLR 3.5.30729; .NET CLR 3.0.30729; Media Center PC 6.0; InfoPath.3; .NET4.0C; .NET4.0E)" 21199
192.168.65.56 - - [17/Feb/2013:07:11:41 +0600] "GET /pause/ajaxPause?pauseConfigId=all&admin=1 HTTP/1.1" 200 1046 "http://192.168.65.101/pause/index" "Mozilla/5.0 (Windows NT 5.1; rv:15.0) Gecko/20100101 Firefox/15.0" 32711
192.168.74.78 - - [17/Feb/2013:07:11:44 +0600] "GET /pause/ajaxPause?pauseConfigId=&admin=0 HTTP/1.1" 200 986 "http://callider/pause/index" "Mozilla/4.0 (compatible; MSIE 7.0; Windows NT 6.1; WOW64; Trident/5.0; SLCC2; .NET CLR 2.0.50727; .NET CLR 3.5.30729; .NET CLR 3.0.30729; Media Center PC 6.0; InfoPath.3; .NET4.0C; MS-RTC LM 8; .NET4.0E)" 20842
192.168.12.61 - - [17/Feb/2013:07:11:44 +0600] "GET /pause/ajaxPause?pauseConfigId=&admin=0 HTTP/1.1" 200 985 "http://callider/pause/index" "Mozilla/4.0 (compatible; MSIE 7.0; Windows NT 6.1; Trident/5.0; SLCC2; .NET CLR 2.0.50727; .NET CLR 3.5.30729; .NET CLR 3.0.30729; Media Center PC 6.0; InfoPath.3; .NET4.0C; .NET4.0E)" 17990
192.168.12.69 - - [17/Feb/2013:07:11:45 +0600] "GET /pause/ajaxPause?pauseConfigId=&admin=0 HTTP/1.1" 200 986 "http://callider/pause/index" "Mozilla/4.0 (compatible; MSIE 7.0; Windows NT 6.1; Trident/5.0; SLCC2; .NET CLR 2.0.50727; .NET CLR 3.5.30729; .NET CLR 3.0.30729; Media Center PC 6.0; InfoPath.3; .NET4.0C; .NET4.0E; Tablet PC 2.0; AskTbFXTV5/5.14.1.20007)" 20311
192.168.74.91 - - [17/Feb/2013:07:11:45 +0600] "GET /pause/ajaxPause?pauseConfigId=&admin=0 HTTP/1.1" 200 986 "http://callider/pause/index" "Mozilla/4.0 (compatible; MSIE 7.0; Windows NT 6.1; WOW64; Trident/5.0; SLCC2; .NET CLR 2.0.50727; .NET CLR 3.5.30729; .NET CLR 3.0.30729; Media Center PC 6.0; InfoPath.3; .NET4.0C; MS-RTC LM 8; .NET4.0E)" 27632
192.168.74.151 - - [17/Feb/2013:07:11:45 +0600] "GET /pause/ajaxPause?pauseConfigId=&admin=0 HTTP/1.1" 200 987 "http://callider.kontur/pause/index" "Mozilla/5.0 (Windows NT 6.1; WOW64; rv:18.0) Gecko/20100101 Firefox/18.0" 20462
192.168.12.210 - - [17/Feb/2013:07:11:45 +0600] "GET /pause/ajaxPause?pauseConfigId=all&admin=1 HTTP/1.1" 200 1047 "http://callider/pause/index" "Mozilla/4.0 (compatible; MSIE 7.0; Windows NT 6.1; WOW64; Trident/5.0; SLCC2; .NET CLR 2.0.50727; .NET CLR 3.5.30729; .NET CLR 3.0.30729; Media Center PC 6.0; InfoPath.3; .NET4.0C; .NET4.0E)" 20357
192.168.12.60 - - [17/Feb/2013:07:11:46 +0600] "GET /pause/ajaxPause?pauseConfigId=&admin=0 HTTP/1.1" 200 986 "http://callider/pause/index" "Mozilla/4.0 (compatible; MSIE 8.0; Windows NT 6.1; Trident/4.0; InfoPath.3; .NET4.0C; MS-RTC LM 8; .NET4.0E)" 19130
192.168.12.204 - - [17/Feb/2013:07:11:46 +0600] "GET /pause/ajaxPause?pauseConfigId=&admin=0 HTTP/1.1" 200 986 "http://callider/pause/index" "Mozilla/4.0 (compatible; MSIE 7.0; Windows NT 6.1; WOW64; Trident/4.0; SLCC2; .NET CLR 2.0.50727; .NET CLR 3.5.30729; .NET CLR 3.0.30729; Media Center PC 6.0; InfoPath.3; .NET4.0C; .NET4.0E; .NET CLR 1.1.4322)" 19316
192.168.12.77 - - [17/Feb/2013:07:11:46 +0600] "GET /pause/ajaxPause?pauseConfigId=&admin=0 HTTP/1.1" 200 1039 "http://callider/pause/index" "Mozilla/4.0 (compatible; MSIE 7.0; Windows NT 6.1; Trident/5.0; SLCC2; .NET CLR 2.0.50727; .NET CLR 3.5.30729; .NET CLR 3.0.30729; Media Center PC 6.0; Tablet PC 2.0; InfoPath.3; .NET4.0C; .NET4.0E; MS-RTC LM 8)" 17691
192.168.12.38 - - [17/Feb/2013:07:11:46 +0600] "GET /pause/ajaxPause?pauseConfigId=&admin=0 HTTP/1.1" 200 1040 "http://callider/pause/index" "Mozilla/4.0 (compatible; MSIE 7.0; Windows NT 6.1; WOW64; Trident/5.0; SLCC2; .NET CLR 2.0.50727; .NET CLR 3.5.30729; .NET CLR 3.0.30729; Media Center PC 6.0; InfoPath.3; .NET4.0C; .NET4.0E)" 14642
192.168.65.56 - - [17/Feb/2013:07:11:46 +0600] "GET /pause/ajaxPause?pauseConfigId=all&admin=1 HTTP/1.1" 200 1046 "http://192.168.65.101/pause/index" "Mozilla/5.0 (Windows NT 5.1; rv:15.0) Gecko/20100101 Firefox/15.0" 35838
192.168.12.210 - - [17/Feb/2013:07:11:49 +0600] "GET /tv/useUser HTTP/1.1" 200 431 "http://callider/pause/index" "Mozilla/4.0 (compatible; MSIE 7.0; Windows NT 6.1; WOW64; Trident/5.0; SLCC2; .NET CLR 2.0.50727; .NET CLR 3.5.30729; .NET CLR 3.0.30729; Media Center PC 6.0; InfoPath.3; .NET4.0C; .NET4.0E)" 15599
192.168.74.78 - - [17/Feb/2013:07:11:49 +0600] "GET /pause/ajaxPause?pauseConfigId=&admin=0 HTTP/1.1" 200 986 "http://callider/pause/index" "Mozilla/4.0 (compatible; MSIE 7.0; Windows NT 6.1; WOW64; Trident/5.0; SLCC2; .NET CLR 2.0.50727; .NET CLR 3.5.30729; .NET CLR 3.0.30729; Media Center PC 6.0; InfoPath.3; .NET4.0C; MS-RTC LM 8; .NET4.0E)" 26665
192.168.12.61 - - [17/Feb/2013:07:11:49 +0600] "GET /pause/ajaxPause?pauseConfigId=&admin=0 HTTP/1.1" 200 986 "http://callider/pause/index" "Mozilla/4.0 (compatible; MSIE 7.0; Windows NT 6.1; Trident/5.0; SLCC2; .NET CLR 2.0.50727; .NET CLR 3.5.30729; .NET CLR 3.0.30729; Media Center PC 6.0; InfoPath.3; .NET4.0C; .NET4.0E)" 27686
192.168.12.69 - - [17/Feb/2013:07:11:50 +0600] "GET /pause/ajaxPause?pauseConfigId=&admin=0 HTTP/1.1" 200 986 "http://callider/pause/index" "Mozilla/4.0 (compatible; MSIE 7.0; Windows NT 6.1; Trident/5.0; SLCC2; .NET CLR 2.0.50727; .NET CLR 3.5.30729; .NET CLR 3.0.30729; Media Center PC 6.0; InfoPath.3; .NET4.0C; .NET4.0E; Tablet PC 2.0; AskTbFXTV5/5.14.1.20007)" 20399
192.168.74.91 - - [17/Feb/2013:07:11:50 +0600] "GET /pause/ajaxPause?pauseConfigId=&admin=0 HTTP/1.1" 200 986 "http://callider/pause/index" "Mozilla/4.0 (compatible; MSIE 7.0; Windows NT 6.1; WOW64; Trident/5.0; SLCC2; .NET CLR 2.0.50727; .NET CLR 3.5.30729; .NET CLR 3.0.30729; Media Center PC 6.0; InfoPath.3; .NET4.0C; MS-RTC LM 8; .NET4.0E)" 21032
192.168.74.151 - - [17/Feb/2013:07:11:50 +0600] "GET /pause/ajaxPause?pauseConfigId=&admin=0 HTTP/1.1" 200 987 "http://callider.kontur/pause/index" "Mozilla/5.0 (Windows NT 6.1; WOW64; rv:18.0) Gecko/20100101 Firefox/18.0" 17862
192.168.12.210 - - [17/Feb/2013:07:11:50 +0600] "GET /pause/ajaxPause?pauseConfigId=all&admin=1 HTTP/1.1" 200 1047 "http://callider/pause/index" "Mozilla/4.0 (compatible; MSIE 7.0; Windows NT 6.1; WOW64; Trident/5.0; SLCC2; .NET CLR 2.0.50727; .NET CLR 3.5.30729; .NET CLR 3.0.30729; Media Center PC 6.0; InfoPath.3; .NET4.0C; .NET4.0E)" 53612
192.168.12.60 - - [17/Feb/2013:07:11:51 +0600] "GET /pause/ajaxPause?pauseConfigId=&admin=0 HTTP/1.1" 200 986 "http://callider/pause/index" "Mozilla/4.0 (compatible; MSIE 8.0; Windows NT 6.1; Trident/4.0; InfoPath.3; .NET4.0C; MS-RTC LM 8; .NET4.0E)" 27632
192.168.12.204 - - [17/Feb/2013:07:11:51 +0600] "GET /pause/ajaxPause?pauseConfigId=&admin=0 HTTP/1.1" 200 986 "http://callider/pause/index" "Mozilla/4.0 (compatible; MSIE 7.0; Windows NT 6.1; WOW64; Trident/4.0; SLCC2; .NET CLR 2.0.50727; .NET CLR 3.5.30729; .NET CLR 3.0.30729; Media Center PC 6.0; InfoPath.3; .NET4.0C; .NET4.0E; .NET CLR 1.1.4322)" 21395
192.168.12.77 - - [17/Feb/2013:07:11:51 +0600] "GET /pause/ajaxPause?pauseConfigId=&admin=0 HTTP/1.1" 200 1039 "http://callider/pause/index" "Mozilla/4.0 (compatible; MSIE 7.0; Windows NT 6.1; Trident/5.0; SLCC2; .NET CLR 2.0.50727; .NET CLR 3.5.30729; .NET CLR 3.0.30729; Media Center PC 6.0; Tablet PC 2.0; InfoPath.3; .NET4.0C; .NET4.0E; MS-RTC LM 8)" 12161
192.168.12.38 - - [17/Feb/2013:07:11:51 +0600] "GET /pause/ajaxPause?pauseConfigId=&admin=0 HTTP/1.1" 200 1040 "http://callider/pause/index" "Mozilla/4.0 (compatible; MSIE 7.0; Windows NT 6.1; WOW64; Trident/5.0; SLCC2; .NET CLR 2.0.50727; .NET CLR 3.5.30729; .NET CLR 3.0.30729; Media Center PC 6.0; InfoPath.3; .NET4.0C; .NET4.0E)" 14447
192.168.65.56 - - [17/Feb/2013:07:11:51 +0600] "GET /pause/ajaxPause?pauseConfigId=all&admin=1 HTTP/1.1" 200 1046 "http://192.168.65.101/pause/index" "Mozilla/5.0 (Windows NT 5.1; rv:15.0) Gecko/20100101 Firefox/15.0" 31652
192.168.65.56 - - [17/Feb/2013:07:11:51 +0600] "GET /tv/useUser HTTP/1.1" 200 431 "http://192.168.65.101/pause/index" "Mozilla/5.0 (Windows NT 5.1; rv:15.0) Gecko/20100101 Firefox/15.0" 16821
192.168.74.78 - - [17/Feb/2013:07:11:54 +0600] "GET /pause/ajaxPause?pauseConfigId=&admin=0 HTTP/1.1" 200 986 "http://callider/pause/index" "Mozilla/4.0 (compatible; MSIE 7.0; Windows NT 6.1; WOW64; Trident/5.0; SLCC2; .NET CLR 2.0.50727; .NET CLR 3.5.30729; .NET CLR 3.0.30729; Media Center PC 6.0; InfoPath.3; .NET4.0C; MS-RTC LM 8; .NET4.0E)" 24582
192.168.12.61 - - [17/Feb/2013:07:11:54 +0600] "GET /pause/ajaxPause?pauseConfigId=&admin=0 HTTP/1.1" 200 985 "http://callider/pause/index" "Mozilla/4.0 (compatible; MSIE 7.0; Windows NT 6.1; Trident/5.0; SLCC2; .NET CLR 2.0.50727; .NET CLR 3.5.30729; .NET CLR 3.0.30729; Media Center PC 6.0; InfoPath.3; .NET4.0C; .NET4.0E)" 18181
192.168.12.69 - - [17/Feb/2013:07:11:55 +0600] "GET /pause/ajaxPause?pauseConfigId=&admin=0 HTTP/1.1" 200 986 "http://callider/pause/index" "Mozilla/4.0 (compatible; MSIE 7.0; Windows NT 6.1; Trident/5.0; SLCC2; .NET CLR 2.0.50727; .NET CLR 3.5.30729; .NET CLR 3.0.30729; Media Center PC 6.0; InfoPath.3; .NET4.0C; .NET4.0E; Tablet PC 2.0; AskTbFXTV5/5.14.1.20007)" 18812
192.168.74.91 - - [17/Feb/2013:07:11:55 +0600] "GET /pause/ajaxPause?pauseConfigId=&admin=0 HTTP/1.1" 200 986 "http://callider/pause/index" "Mozilla/4.0 (compatible; MSIE 7.0; Windows NT 6.1; WOW64; Trident/5.0; SLCC2; .NET CLR 2.0.50727; .NET CLR 3.5.30729; .NET CLR 3.0.30729; Media Center PC 6.0; InfoPath.3; .NET4.0C; MS-RTC LM 8; .NET4.0E)" 18526
192.168.74.151 - - [17/Feb/2013:07:11:55 +0600] "GET /pause/ajaxPause?pauseConfigId=&admin=0 HTTP/1.1" 200 987 "http://callider.kontur/pause/index" "Mozilla/5.0 (Windows NT 6.1; WOW64; rv:18.0) Gecko/20100101 Firefox/18.0" 18421
192.168.12.210 - - [17/Feb/2013:07:11:55 +0600] "GET /pause/ajaxPause?pauseConfigId=all&admin=1 HTTP/1.1" 200 1047 "http://callider/pause/index" "Mozilla/4.0 (compatible; MSIE 7.0; Windows NT 6.1; WOW64; Trident/5.0; SLCC2; .NET CLR 2.0.50727; .NET CLR 3.5.30729; .NET CLR 3.0.30729; Media Center PC 6.0; InfoPath.3; .NET4.0C; .NET4.0E)" 19371
192.168.12.60 - - [17/Feb/2013:07:11:56 +0600] "GET /pause/ajaxPause?pauseConfigId=&admin=0 HTTP/1.1" 200 986 "http://callider/pause/index" "Mozilla/4.0 (compatible; MSIE 8.0; Windows NT 6.1; Trident/4.0; InfoPath.3; .NET4.0C; MS-RTC LM 8; .NET4.0E)" 18902
192.168.12.204 - - [17/Feb/2013:07:11:56 +0600] "GET /pause/ajaxPause?pauseConfigId=&admin=0 HTTP/1.1" 200 986 "http://callider/pause/index" "Mozilla/4.0 (compatible; MSIE 7.0; Windows NT 6.1; WOW64; Trident/4.0; SLCC2; .NET CLR 2.0.50727; .NET CLR 3.5.30729; .NET CLR 3.0.30729; Media Center PC 6.0; InfoPath.3; .NET4.0C; .NET4.0E; .NET CLR 1.1.4322)" 18899
192.168.12.77 - - [17/Feb/2013:07:11:56 +0600] "GET /pause/ajaxPause?pauseConfigId=&admin=0 HTTP/1.1" 200 1039 "http://callider/pause/index" "Mozilla/4.0 (compatible; MSIE 7.0; Windows NT 6.1; Trident/5.0; SLCC2; .NET CLR 2.0.50727; .NET CLR 3.5.30729; .NET CLR 3.0.30729; Media Center PC 6.0; Tablet PC 2.0; InfoPath.3; .NET4.0C; .NET4.0E; MS-RTC LM 8)" 17074
192.168.12.38 - - [17/Feb/2013:07:11:56 +0600] "GET /pause/ajaxPause?pauseConfigId=&admin=0 HTTP/1.1" 200 1040 "http://callider/pause/index" "Mozilla/4.0 (compatible; MSIE 7.0; Windows NT 6.1; WOW64; Trident/5.0; SLCC2; .NET CLR 2.0.50727; .NET CLR 3.5.30729; .NET CLR 3.0.30729; Media Center PC 6.0; InfoPath.3; .NET4.0C; .NET4.0E)" 19317
192.168.65.56 - - [17/Feb/2013:07:11:56 +0600] "GET /pause/ajaxPause?pauseConfigId=all&admin=1 HTTP/1.1" 200 1046 "http://192.168.65.101/pause/index" "Mozilla/5.0 (Windows NT 5.1; rv:15.0) Gecko/20100101 Firefox/15.0" 37035
192.168.74.78 - - [17/Feb/2013:07:11:59 +0600] "GET /pause/ajaxPause?pauseConfigId=&admin=0 HTTP/1.1" 200 986 "http://callider/pause/index" "Mozilla/4.0 (compatible; MSIE 7.0; Windows NT 6.1; WOW64; Trident/5.0; SLCC2; .NET CLR 2.0.50727; .NET CLR 3.5.30729; .NET CLR 3.0.30729; Media Center PC 6.0; InfoPath.3; .NET4.0C; MS-RTC LM 8; .NET4.0E)" 21620
192.168.12.61 - - [17/Feb/2013:07:11:59 +0600] "GET /pause/ajaxPause?pauseConfigId=&admin=0 HTTP/1.1" 200 985 "http://callider/pause/index" "Mozilla/4.0 (compatible; MSIE 7.0; Windows NT 6.1; Trident/5.0; SLCC2; .NET CLR 2.0.50727; .NET CLR 3.5.30729; .NET CLR 3.0.30729; Media Center PC 6.0; InfoPath.3; .NET4.0C; .NET4.0E)" 18723
192.168.12.69 - - [17/Feb/2013:07:12:00 +0600] "GET /pause/ajaxPause?pauseConfigId=&admin=0 HTTP/1.1" 200 986 "http://callider/pause/index" "Mozilla/4.0 (compatible; MSIE 7.0; Windows NT 6.1; Trident/5.0; SLCC2; .NET CLR 2.0.50727; .NET CLR 3.5.30729; .NET CLR 3.0.30729; Media Center PC 6.0; InfoPath.3; .NET4.0C; .NET4.0E; Tablet PC 2.0; AskTbFXTV5/5.14.1.20007)" 18706
192.168.74.91 - - [17/Feb/2013:07:12:00 +0600] "GET /pause/ajaxPause?pauseConfigId=&admin=0 HTTP/1.1" 200 986 "http://callider/pause/index" "Mozilla/4.0 (compatible; MSIE 7.0; Windows NT 6.1; WOW64; Trident/5.0; SLCC2; .NET CLR 2.0.50727; .NET CLR 3.5.30729; .NET CLR 3.0.30729; Media Center PC 6.0; InfoPath.3; .NET4.0C; MS-RTC LM 8; .NET4.0E)" 20848
192.168.74.151 - - [17/Feb/2013:07:12:00 +0600] "GET /pause/ajaxPause?pauseConfigId=&admin=0 HTTP/1.1" 200 987 "http://callider.kontur/pause/index" "Mozilla/5.0 (Windows NT 6.1; WOW64; rv:18.0) Gecko/20100101 Firefox/18.0" 18885
192.168.12.210 - - [17/Feb/2013:07:12:00 +0600] "GET /pause/ajaxPause?pauseConfigId=all&admin=1 HTTP/1.1" 200 1047 "http://callider/pause/index" "Mozilla/4.0 (compatible; MSIE 7.0; Windows NT 6.1; WOW64; Trident/5.0; SLCC2; .NET CLR 2.0.50727; .NET CLR 3.5.30729; .NET CLR 3.0.30729; Media Center PC 6.0; InfoPath.3; .NET4.0C; .NET4.0E)" 45848
192.168.12.60 - - [17/Feb/2013:07:12:01 +0600] "GET /pause/ajaxPause?pauseConfigId=&admin=0 HTTP/1.1" 200 986 "http://callider/pause/index" "Mozilla/4.0 (compatible; MSIE 8.0; Windows NT 6.1; Trident/4.0; InfoPath.3; .NET4.0C; MS-RTC LM 8; .NET4.0E)" 20696
192.168.12.204 - - [17/Feb/2013:07:12:01 +0600] "GET /pause/ajaxPause?pauseConfigId=&admin=0 HTTP/1.1" 200 986 "http://callider/pause/index" "Mozilla/4.0 (compatible; MSIE 7.0; Windows NT 6.1; WOW64; Trident/4.0; SLCC2; .NET CLR 2.0.50727; .NET CLR 3.5.30729; .NET CLR 3.0.30729; Media Center PC 6.0; InfoPath.3; .NET4.0C; .NET4.0E; .NET CLR 1.1.4322)" 20853
192.168.12.77 - - [17/Feb/2013:07:12:01 +0600] "GET /pause/ajaxPause?pauseConfigId=&admin=0 HTTP/1.1" 200 1039 "http://callider/pause/index" "Mozilla/4.0 (compatible; MSIE 7.0; Windows NT 6.1; Trident/5.0; SLCC2; .NET CLR 2.0.50727; .NET CLR 3.5.30729; .NET CLR 3.0.30729; Media Center PC 6.0; Tablet PC 2.0; InfoPath.3; .NET4.0C; .NET4.0E; MS-RTC LM 8)" 12637
192.168.12.38 - - [17/Feb/2013:07:12:01 +0600] "GET /pause/ajaxPause?pauseConfigId=&admin=0 HTTP/1.1" 200 1040 "http://callider/pause/index" "Mozilla/4.0 (compatible; MSIE 7.0; Windows NT 6.1; WOW64; Trident/5.0; SLCC2; .NET CLR 2.0.50727; .NET CLR 3.5.30729; .NET CLR 3.0.30729; Media Center PC 6.0; InfoPath.3; .NET4.0C; .NET4.0E)" 15113
192.168.65.56 - - [17/Feb/2013:07:12:01 +0600] "GET /pause/ajaxPause?pauseConfigId=all&admin=1 HTTP/1.1" 200 1046 "http://192.168.65.101/pause/index" "Mozilla/5.0 (Windows NT 5.1; rv:15.0) Gecko/20100101 Firefox/15.0" 32222
192.168.74.78 - - [17/Feb/2013:07:12:04 +0600] "GET /pause/ajaxPause?pauseConfigId=&admin=0 HTTP/1.1" 200 986 "http://callider/pause/index" "Mozilla/4.0 (compatible; MSIE 7.0; Windows NT 6.1; WOW64; Trident/5.0; SLCC2; .NET CLR 2.0.50727; .NET CLR 3.5.30729; .NET CLR 3.0.30729; Media Center PC 6.0; InfoPath.3; .NET4.0C; MS-RTC LM 8; .NET4.0E)" 19703
192.168.12.61 - - [17/Feb/2013:07:12:04 +0600] "GET /pause/ajaxPause?pauseConfigId=&admin=0 HTTP/1.1" 200 986 "http://callider/pause/index" "Mozilla/4.0 (compatible; MSIE 7.0; Windows NT 6.1; Trident/5.0; SLCC2; .NET CLR 2.0.50727; .NET CLR 3.5.30729; .NET CLR 3.0.30729; Media Center PC 6.0; InfoPath.3; .NET4.0C; .NET4.0E)" 27606
192.168.12.69 - - [17/Feb/2013:07:12:05 +0600] "GET /pause/ajaxPause?pauseConfigId=&admin=0 HTTP/1.1" 200 986 "http://callider/pause/index" "Mozilla/4.0 (compatible; MSIE 7.0; Windows NT 6.1; Trident/5.0; SLCC2; .NET CLR 2.0.50727; .NET CLR 3.5.30729; .NET CLR 3.0.30729; Media Center PC 6.0; InfoPath.3; .NET4.0C; .NET4.0E; Tablet PC 2.0; AskTbFXTV5/5.14.1.20007)" 41864
192.168.12.61 - - [17/Feb/2013:07:12:05 +0600] "GET /tv/useUser HTTP/1.1" 200 431 "http://callider/pause/index" "Mozilla/4.0 (compatible; MSIE 7.0; Windows NT 6.1; Trident/5.0; SLCC2; .NET CLR 2.0.50727; .NET CLR 3.5.30729; .NET CLR 3.0.30729; Media Center PC 6.0; InfoPath.3; .NET4.0C; .NET4.0E)" 8840
192.168.74.91 - - [17/Feb/2013:07:12:05 +0600] "GET /pause/ajaxPause?pauseConfigId=&admin=0 HTTP/1.1" 200 986 "http://callider/pause/index" "Mozilla/4.0 (compatible; MSIE 7.0; Windows NT 6.1; WOW64; Trident/5.0; SLCC2; .NET CLR 2.0.50727; .NET CLR 3.5.30729; .NET CLR 3.0.30729; Media Center PC 6.0; InfoPath.3; .NET4.0C; MS-RTC LM 8; .NET4.0E)" 22080
192.168.74.151 - - [17/Feb/2013:07:12:05 +0600] "GET /pause/ajaxPause?pauseConfigId=&admin=0 HTTP/1.1" 200 987 "http://callider.kontur/pause/index" "Mozilla/5.0 (Windows NT 6.1; WOW64; rv:18.0) Gecko/20100101 Firefox/18.0" 17968
192.168.12.210 - - [17/Feb/2013:07:12:05 +0600] "GET /pause/ajaxPause?pauseConfigId=all&admin=1 HTTP/1.1" 200 1047 "http://callider/pause/index" "Mozilla/4.0 (compatible; MSIE 7.0; Windows NT 6.1; WOW64; Trident/5.0; SLCC2; .NET CLR 2.0.50727; .NET CLR 3.5.30729; .NET CLR 3.0.30729; Media Center PC 6.0; InfoPath.3; .NET4.0C; .NET4.0E)" 23076
192.168.12.60 - - [17/Feb/2013:07:12:06 +0600] "GET /pause/ajaxPause?pauseConfigId=&admin=0 HTTP/1.1" 200 986 "http://callider/pause/index" "Mozilla/4.0 (compatible; MSIE 8.0; Windows NT 6.1; Trident/4.0; InfoPath.3; .NET4.0C; MS-RTC LM 8; .NET4.0E)" 20429
192.168.12.204 - - [17/Feb/2013:07:12:06 +0600] "GET /pause/ajaxPause?pauseConfigId=&admin=0 HTTP/1.1" 200 986 "http://callider/pause/index" "Mozilla/4.0 (compatible; MSIE 7.0; Windows NT 6.1; WOW64; Trident/4.0; SLCC2; .NET CLR 2.0.50727; .NET CLR 3.5.30729; .NET CLR 3.0.30729; Media Center PC 6.0; InfoPath.3; .NET4.0C; .NET4.0E; .NET CLR 1.1.4322)" 18682
192.168.12.77 - - [17/Feb/2013:07:12:06 +0600] "GET /pause/ajaxPause?pauseConfigId=&admin=0 HTTP/1.1" 200 1039 "http://callider/pause/index" "Mozilla/4.0 (compatible; MSIE 7.0; Windows NT 6.1; Trident/5.0; SLCC2; .NET CLR 2.0.50727; .NET CLR 3.5.30729; .NET CLR 3.0.30729; Media Center PC 6.0; Tablet PC 2.0; InfoPath.3; .NET4.0C; .NET4.0E; MS-RTC LM 8)" 14930
192.168.12.38 - - [17/Feb/2013:07:12:06 +0600] "GET /pause/ajaxPause?pauseConfigId=&admin=0 HTTP/1.1" 200 1040 "http://callider/pause/index" "Mozilla/4.0 (compatible; MSIE 7.0; Windows NT 6.1; WOW64; Trident/5.0; SLCC2; .NET CLR 2.0.50727; .NET CLR 3.5.30729; .NET CLR 3.0.30729; Media Center PC 6.0; InfoPath.3; .NET4.0C; .NET4.0E)" 15077
192.168.65.56 - - [17/Feb/2013:07:12:06 +0600] "GET /pause/ajaxPause?pauseConfigId=all&admin=1 HTTP/1.1" 200 1046 "http://192.168.65.101/pause/index" "Mozilla/5.0 (Windows NT 5.1; rv:15.0) Gecko/20100101 Firefox/15.0" 32104
192.168.74.78 - - [17/Feb/2013:07:12:09 +0600] "GET /pause/ajaxPause?pauseConfigId=&admin=0 HTTP/1.1" 200 986 "http://callider/pause/index" "Mozilla/4.0 (compatible; MSIE 7.0; Windows NT 6.1; WOW64; Trident/5.0; SLCC2; .NET CLR 2.0.50727; .NET CLR 3.5.30729; .NET CLR 3.0.30729; Media Center PC 6.0; InfoPath.3; .NET4.0C; MS-RTC LM 8; .NET4.0E)" 24476
192.168.12.61 - - [17/Feb/2013:07:12:09 +0600] "GET /pause/ajaxPause?pauseConfigId=&admin=0 HTTP/1.1" 200 985 "http://callider/pause/index" "Mozilla/4.0 (compatible; MSIE 7.0; Windows NT 6.1; Trident/5.0; SLCC2; .NET CLR 2.0.50727; .NET CLR 3.5.30729; .NET CLR 3.0.30729; Media Center PC 6.0; InfoPath.3; .NET4.0C; .NET4.0E)" 20790
192.168.12.69 - - [17/Feb/2013:07:12:10 +0600] "GET /pause/ajaxPause?pauseConfigId=&admin=0 HTTP/1.1" 200 986 "http://callider/pause/index" "Mozilla/4.0 (compatible; MSIE 7.0; Windows NT 6.1; Trident/5.0; SLCC2; .NET CLR 2.0.50727; .NET CLR 3.5.30729; .NET CLR 3.0.30729; Media Center PC 6.0; InfoPath.3; .NET4.0C; .NET4.0E; Tablet PC 2.0; AskTbFXTV5/5.14.1.20007)" 18001
192.168.74.91 - - [17/Feb/2013:07:12:10 +0600] "GET /pause/ajaxPause?pauseConfigId=&admin=0 HTTP/1.1" 200 986 "http://callider/pause/index" "Mozilla/4.0 (compatible; MSIE 7.0; Windows NT 6.1; WOW64; Trident/5.0; SLCC2; .NET CLR 2.0.50727; .NET CLR 3.5.30729; .NET CLR 3.0.30729; Media Center PC 6.0; InfoPath.3; .NET4.0C; MS-RTC LM 8; .NET4.0E)" 76098
192.168.74.151 - - [17/Feb/2013:07:12:10 +0600] "GET /pause/ajaxPause?pauseConfigId=&admin=0 HTTP/1.1" 200 987 "http://callider.kontur/pause/index" "Mozilla/5.0 (Windows NT 6.1; WOW64; rv:18.0) Gecko/20100101 Firefox/18.0" 39732
192.168.12.210 - - [17/Feb/2013:07:12:10 +0600] "GET /pause/ajaxPause?pauseConfigId=all&admin=1 HTTP/1.1" 200 1047 "http://callider/pause/index" "Mozilla/4.0 (compatible; MSIE 7.0; Windows NT 6.1; WOW64; Trident/5.0; SLCC2; .NET CLR 2.0.50727; .NET CLR 3.5.30729; .NET CLR 3.0.30729; Media Center PC 6.0; InfoPath.3; .NET4.0C; .NET4.0E)" 17603
192.168.12.42 - - [17/Feb/2013:07:12:11 +0600] "GET /tv/useUser HTTP/1.1" 200 432 "http://callider/graph/personal" "Mozilla/4.0 (compatible; MSIE 7.0; Windows NT 6.1; WOW64; Trident/5.0; SLCC2; .NET CLR 2.0.50727; .NET CLR 3.5.30729; .NET CLR 3.0.30729; Media Center PC 6.0; InfoPath.3; .NET4.0C; .NET4.0E)" 22442
192.168.12.60 - - [17/Feb/2013:07:12:11 +0600] "GET /pause/ajaxPause?pauseConfigId=&admin=0 HTTP/1.1" 200 986 "http://callider/pause/index" "Mozilla/4.0 (compatible; MSIE 8.0; Windows NT 6.1; Trident/4.0; InfoPath.3; .NET4.0C; MS-RTC LM 8; .NET4.0E)" 18285
192.168.12.77 - - [17/Feb/2013:07:12:11 +0600] "GET /pause/ajaxPause?pauseConfigId=&admin=0 HTTP/1.1" 200 1039 "http://callider/pause/index" "Mozilla/4.0 (compatible; MSIE 7.0; Windows NT 6.1; Trident/5.0; SLCC2; .NET CLR 2.0.50727; .NET CLR 3.5.30729; .NET CLR 3.0.30729; Media Center PC 6.0; Tablet PC 2.0; InfoPath.3; .NET4.0C; .NET4.0E; MS-RTC LM 8)" 13042
192.168.12.38 - - [17/Feb/2013:07:12:11 +0600] "GET /pause/ajaxPause?pauseConfigId=&admin=0 HTTP/1.1" 200 1040 "http://callider/pause/index" "Mozilla/4.0 (compatible; MSIE 7.0; Windows NT 6.1; WOW64; Trident/5.0; SLCC2; .NET CLR 2.0.50727; .NET CLR 3.5.30729; .NET CLR 3.0.30729; Media Center PC 6.0; InfoPath.3; .NET4.0C; .NET4.0E)" 15999
192.168.12.204 - - [17/Feb/2013:07:12:11 +0600] "GET /pause/ajaxPause?pauseConfigId=&admin=0 HTTP/1.1" 200 986 "http://callider/pause/index" "Mozilla/4.0 (compatible; MSIE 7.0; Windows NT 6.1; WOW64; Trident/4.0; SLCC2; .NET CLR 2.0.50727; .NET CLR 3.5.30729; .NET CLR 3.0.30729; Media Center PC 6.0; InfoPath.3; .NET4.0C; .NET4.0E; .NET CLR 1.1.4322)" 163712
192.168.65.56 - - [17/Feb/2013:07:12:11 +0600] "GET /pause/ajaxPause?pauseConfigId=all&admin=1 HTTP/1.1" 200 1046 "http://192.168.65.101/pause/index" "Mozilla/5.0 (Windows NT 5.1; rv:15.0) Gecko/20100101 Firefox/15.0" 31681
192.168.74.151 - - [17/Feb/2013:07:12:13 +0600] "GET /tv/useUser HTTP/1.1" 200 431 "http://callider.kontur/graph/general" "Mozilla/5.0 (Windows NT 6.1; WOW64; rv:18.0) Gecko/20100101 Firefox/18.0" 8491
192.168.74.78 - - [17/Feb/2013:07:12:14 +0600] "GET /pause/ajaxPause?pauseConfigId=&admin=0 HTTP/1.1" 200 986 "http://callider/pause/index" "Mozilla/4.0 (compatible; MSIE 7.0; Windows NT 6.1; WOW64; Trident/5.0; SLCC2; .NET CLR 2.0.50727; .NET CLR 3.5.30729; .NET CLR 3.0.30729; Media Center PC 6.0; InfoPath.3; .NET4.0C; MS-RTC LM 8; .NET4.0E)" 18063
192.168.12.61 - - [17/Feb/2013:07:12:14 +0600] "GET /pause/ajaxPause?pauseConfigId=&admin=0 HTTP/1.1" 200 985 "http://callider/pause/index" "Mozilla/4.0 (compatible; MSIE 7.0; Windows NT 6.1; Trident/5.0; SLCC2; .NET CLR 2.0.50727; .NET CLR 3.5.30729; .NET CLR 3.0.30729; Media Center PC 6.0; InfoPath.3; .NET4.0C; .NET4.0E)" 19994
192.168.12.69 - - [17/Feb/2013:07:12:15 +0600] "GET /pause/ajaxPause?pauseConfigId=&admin=0 HTTP/1.1" 200 986 "http://callider/pause/index" "Mozilla/4.0 (compatible; MSIE 7.0; Windows NT 6.1; Trident/5.0; SLCC2; .NET CLR 2.0.50727; .NET CLR 3.5.30729; .NET CLR 3.0.30729; Media Center PC 6.0; InfoPath.3; .NET4.0C; .NET4.0E; Tablet PC 2.0; AskTbFXTV5/5.14.1.20007)" 17979
192.168.74.91 - - [17/Feb/2013:07:12:15 +0600] "GET /pause/ajaxPause?pauseConfigId=&admin=0 HTTP/1.1" 200 986 "http://callider/pause/index" "Mozilla/4.0 (compatible; MSIE 7.0; Windows NT 6.1; WOW64; Trident/5.0; SLCC2; .NET CLR 2.0.50727; .NET CLR 3.5.30729; .NET CLR 3.0.30729; Media Center PC 6.0; InfoPath.3; .NET4.0C; MS-RTC LM 8; .NET4.0E)" 20376
192.168.74.151 - - [17/Feb/2013:07:12:15 +0600] "GET /pause/ajaxPause?pauseConfigId=&admin=0 HTTP/1.1" 200 987 "http://callider.kontur/pause/index" "Mozilla/5.0 (Windows NT 6.1; WOW64; rv:18.0) Gecko/20100101 Firefox/18.0" 22948
192.168.74.151 - - [17/Feb/2013:07:12:15 +0600] "GET /tv/useUser HTTP/1.1" 200 432 "http://callider.kontur/pause/index" "Mozilla/5.0 (Windows NT 6.1; WOW64; rv:18.0) Gecko/20100101 Firefox/18.0" 16415
192.168.12.210 - - [17/Feb/2013:07:12:15 +0600] "GET /pause/ajaxPause?pauseConfigId=all&admin=1 HTTP/1.1" 200 1047 "http://callider/pause/index" "Mozilla/4.0 (compatible; MSIE 7.0; Windows NT 6.1; WOW64; Trident/5.0; SLCC2; .NET CLR 2.0.50727; .NET CLR 3.5.30729; .NET CLR 3.0.30729; Media Center PC 6.0; InfoPath.3; .NET4.0C; .NET4.0E)" 21370
192.168.12.60 - - [17/Feb/2013:07:12:16 +0600] "GET /pause/ajaxPause?pauseConfigId=&admin=0 HTTP/1.1" 200 986 "http://callider/pause/index" "Mozilla/4.0 (compatible; MSIE 8.0; Windows NT 6.1; Trident/4.0; InfoPath.3; .NET4.0C; MS-RTC LM 8; .NET4.0E)" 108129
192.168.12.204 - - [17/Feb/2013:07:12:16 +0600] "GET /pause/ajaxPause?pauseConfigId=&admin=0 HTTP/1.1" 200 986 "http://callider/pause/index" "Mozilla/4.0 (compatible; MSIE 7.0; Windows NT 6.1; WOW64; Trident/4.0; SLCC2; .NET CLR 2.0.50727; .NET CLR 3.5.30729; .NET CLR 3.0.30729; Media Center PC 6.0; InfoPath.3; .NET4.0C; .NET4.0E; .NET CLR 1.1.4322)" 21681
192.168.12.77 - - [17/Feb/2013:07:12:16 +0600] "GET /pause/ajaxPause?pauseConfigId=&admin=0 HTTP/1.1" 200 1039 "http://callider/pause/index" "Mozilla/4.0 (compatible; MSIE 7.0; Windows NT 6.1; Trident/5.0; SLCC2; .NET CLR 2.0.50727; .NET CLR 3.5.30729; .NET CLR 3.0.30729; Media Center PC 6.0; Tablet PC 2.0; InfoPath.3; .NET4.0C; .NET4.0E; MS-RTC LM 8)" 13185
192.168.12.38 - - [17/Feb/2013:07:12:16 +0600] "GET /pause/ajaxPause?pauseConfigId=&admin=0 HTTP/1.1" 200 1040 "http://callider/pause/index" "Mozilla/4.0 (compatible; MSIE 7.0; Windows NT 6.1; WOW64; Trident/5.0; SLCC2; .NET CLR 2.0.50727; .NET CLR 3.5.30729; .NET CLR 3.0.30729; Media Center PC 6.0; InfoPath.3; .NET4.0C; .NET4.0E)" 17321
192.168.65.56 - - [17/Feb/2013:07:12:16 +0600] "GET /pause/ajaxPause?pauseConfigId=all&admin=1 HTTP/1.1" 200 1046 "http://192.168.65.101/pause/index" "Mozilla/5.0 (Windows NT 5.1; rv:15.0) Gecko/20100101 Firefox/15.0" 36730
192.168.74.78 - - [17/Feb/2013:07:12:19 +0600] "GET /pause/ajaxPause?pauseConfigId=&admin=0 HTTP/1.1" 200 986 "http://callider/pause/index" "Mozilla/4.0 (compatible; MSIE 7.0; Windows NT 6.1; WOW64; Trident/5.0; SLCC2; .NET CLR 2.0.50727; .NET CLR 3.5.30729; .NET CLR 3.0.30729; Media Center PC 6.0; InfoPath.3; .NET4.0C; MS-RTC LM 8; .NET4.0E)" 18949
192.168.12.10 - - [17/Feb/2013:07:12:19 +0600] "GET /tv/useUser HTTP/1.1" 200 432 "http://callider/graph/personal" "Mozilla/4.0 (compatible; MSIE 7.0; Windows NT 6.1; Trident/5.0; SLCC2; .NET CLR 2.0.50727; .NET CLR 3.5.30729; .NET CLR 3.0.30729; Media Center PC 6.0; InfoPath.3; .NET4.0C; .NET4.0E; Tablet PC 2.0; MS-RTC LM 8)" 14526
192.168.12.61 - - [17/Feb/2013:07:12:19 +0600] "GET /pause/ajaxPause?pauseConfigId=&admin=0 HTTP/1.1" 200 985 "http://callider/pause/index" "Mozilla/4.0 (compatible; MSIE 7.0; Windows NT 6.1; Trident/5.0; SLCC2; .NET CLR 2.0.50727; .NET CLR 3.5.30729; .NET CLR 3.0.30729; Media Center PC 6.0; InfoPath.3; .NET4.0C; .NET4.0E)" 18328
192.168.12.108 - - [17/Feb/2013:07:12:19 +0600] "GET /tv/useUser HTTP/1.1" 200 432 "http://callider/index.php" "Mozilla/4.0 (compatible; MSIE 7.0; Windows NT 6.2; WOW64; Trident/6.0; .NET4.0E; .NET4.0C; InfoPath.3; .NET CLR 3.5.30729; .NET CLR 2.0.50727; .NET CLR 3.0.30729)" 14186
192.168.12.69 - - [17/Feb/2013:07:12:20 +0600] "GET /pause/ajaxPause?pauseConfigId=&admin=0 HTTP/1.1" 200 986 "http://callider/pause/index" "Mozilla/4.0 (compatible; MSIE 7.0; Windows NT 6.1; Trident/5.0; SLCC2; .NET CLR 2.0.50727; .NET CLR 3.5.30729; .NET CLR 3.0.30729; Media Center PC 6.0; InfoPath.3; .NET4.0C; .NET4.0E; Tablet PC 2.0; AskTbFXTV5/5.14.1.20007)" 20268
192.168.74.91 - - [17/Feb/2013:07:12:20 +0600] "GET /pause/ajaxPause?pauseConfigId=&admin=0 HTTP/1.1" 200 986 "http://callider/pause/index" "Mozilla/4.0 (compatible; MSIE 7.0; Windows NT 6.1; WOW64; Trident/5.0; SLCC2; .NET CLR 2.0.50727; .NET CLR 3.5.30729; .NET CLR 3.0.30729; Media Center PC 6.0; InfoPath.3; .NET4.0C; MS-RTC LM 8; .NET4.0E)" 20432
192.168.74.151 - - [17/Feb/2013:07:12:20 +0600] "GET /pause/ajaxPause?pauseConfigId=&admin=0 HTTP/1.1" 200 987 "http://callider.kontur/pause/index" "Mozilla/5.0 (Windows NT 6.1; WOW64; rv:18.0) Gecko/20100101 Firefox/18.0" 27954
192.168.12.210 - - [17/Feb/2013:07:12:20 +0600] "GET /pause/ajaxPause?pauseConfigId=all&admin=1 HTTP/1.1" 200 1047 "http://callider/pause/index" "Mozilla/4.0 (compatible; MSIE 7.0; Windows NT 6.1; WOW64; Trident/5.0; SLCC2; .NET CLR 2.0.50727; .NET CLR 3.5.30729; .NET CLR 3.0.30729; Media Center PC 6.0; InfoPath.3; .NET4.0C; .NET4.0E)" 23456
192.168.12.60 - - [17/Feb/2013:07:12:21 +0600] "GET /pause/ajaxPause?pauseConfigId=&admin=0 HTTP/1.1" 200 986 "http://callider/pause/index" "Mozilla/4.0 (compatible; MSIE 8.0; Windows NT 6.1; Trident/4.0; InfoPath.3; .NET4.0C; MS-RTC LM 8; .NET4.0E)" 23844
192.168.12.204 - - [17/Feb/2013:07:12:21 +0600] "GET /pause/ajaxPause?pauseConfigId=&admin=0 HTTP/1.1" 200 986 "http://callider/pause/index" "Mozilla/4.0 (compatible; MSIE 7.0; Windows NT 6.1; WOW64; Trident/4.0; SLCC2; .NET CLR 2.0.50727; .NET CLR 3.5.30729; .NET CLR 3.0.30729; Media Center PC 6.0; InfoPath.3; .NET4.0C; .NET4.0E; .NET CLR 1.1.4322)" 19922
192.168.12.77 - - [17/Feb/2013:07:12:21 +0600] "GET /pause/ajaxPause?pauseConfigId=&admin=0 HTTP/1.1" 200 1039 "http://callider/pause/index" "Mozilla/4.0 (compatible; MSIE 7.0; Windows NT 6.1; Trident/5.0; SLCC2; .NET CLR 2.0.50727; .NET CLR 3.5.30729; .NET CLR 3.0.30729; Media Center PC 6.0; Tablet PC 2.0; InfoPath.3; .NET4.0C; .NET4.0E; MS-RTC LM 8)" 14007
192.168.12.38 - - [17/Feb/2013:07:12:21 +0600] "GET /pause/ajaxPause?pauseConfigId=&admin=0 HTTP/1.1" 200 1040 "http://callider/pause/index" "Mozilla/4.0 (compatible; MSIE 7.0; Windows NT 6.1; WOW64; Trident/5.0; SLCC2; .NET CLR 2.0.50727; .NET CLR 3.5.30729; .NET CLR 3.0.30729; Media Center PC 6.0; InfoPath.3; .NET4.0C; .NET4.0E)" 16741
192.168.65.56 - - [17/Feb/2013:07:12:21 +0600] "GET /pause/ajaxPause?pauseConfigId=all&admin=1 HTTP/1.1" 200 1046 "http://192.168.65.101/pause/index" "Mozilla/5.0 (Windows NT 5.1; rv:15.0) Gecko/20100101 Firefox/15.0" 31067
192.168.74.78 - - [17/Feb/2013:07:12:24 +0600] "GET /pause/ajaxPause?pauseConfigId=&admin=0 HTTP/1.1" 200 986 "http://callider/pause/index" "Mozilla/4.0 (compatible; MSIE 7.0; Windows NT 6.1; WOW64; Trident/5.0; SLCC2; .NET CLR 2.0.50727; .NET CLR 3.5.30729; .NET CLR 3.0.30729; Media Center PC 6.0; InfoPath.3; .NET4.0C; MS-RTC LM 8; .NET4.0E)" 18025
192.168.12.61 - - [17/Feb/2013:07:12:24 +0600] "GET /pause/ajaxPause?pauseConfigId=&admin=0 HTTP/1.1" 200 985 "http://callider/pause/index" "Mozilla/4.0 (compatible; MSIE 7.0; Windows NT 6.1; Trident/5.0; SLCC2; .NET CLR 2.0.50727; .NET CLR 3.5.30729; .NET CLR 3.0.30729; Media Center PC 6.0; InfoPath.3; .NET4.0C; .NET4.0E)" 19604
192.168.12.69 - - [17/Feb/2013:07:12:25 +0600] "GET /pause/ajaxPause?pauseConfigId=&admin=0 HTTP/1.1" 200 986 "http://callider/pause/index" "Mozilla/4.0 (compatible; MSIE 7.0; Windows NT 6.1; Trident/5.0; SLCC2; .NET CLR 2.0.50727; .NET CLR 3.5.30729; .NET CLR 3.0.30729; Media Center PC 6.0; InfoPath.3; .NET4.0C; .NET4.0E; Tablet PC 2.0; AskTbFXTV5/5.14.1.20007)" 34715
192.168.74.91 - - [17/Feb/2013:07:12:25 +0600] "GET /pause/ajaxPause?pauseConfigId=&admin=0 HTTP/1.1" 200 986 "http://callider/pause/index" "Mozilla/4.0 (compatible; MSIE 7.0; Windows NT 6.1; WOW64; Trident/5.0; SLCC2; .NET CLR 2.0.50727; .NET CLR 3.5.30729; .NET CLR 3.0.30729; Media Center PC 6.0; InfoPath.3; .NET4.0C; MS-RTC LM 8; .NET4.0E)" 22217
192.168.74.151 - - [17/Feb/2013:07:12:25 +0600] "GET /pause/ajaxPause?pauseConfigId=&admin=0 HTTP/1.1" 200 987 "http://callider.kontur/pause/index" "Mozilla/5.0 (Windows NT 6.1; WOW64; rv:18.0) Gecko/20100101 Firefox/18.0" 22716
192.168.12.210 - - [17/Feb/2013:07:12:25 +0600] "GET /pause/ajaxPause?pauseConfigId=all&admin=1 HTTP/1.1" 200 1047 "http://callider/pause/index" "Mozilla/4.0 (compatible; MSIE 7.0; Windows NT 6.1; WOW64; Trident/5.0; SLCC2; .NET CLR 2.0.50727; .NET CLR 3.5.30729; .NET CLR 3.0.30729; Media Center PC 6.0; InfoPath.3; .NET4.0C; .NET4.0E)" 18063
192.168.12.60 - - [17/Feb/2013:07:12:26 +0600] "GET /pause/ajaxPause?pauseConfigId=&admin=0 HTTP/1.1" 200 986 "http://callider/pause/index" "Mozilla/4.0 (compatible; MSIE 8.0; Windows NT 6.1; Trident/4.0; InfoPath.3; .NET4.0C; MS-RTC LM 8; .NET4.0E)" 30114
192.168.12.204 - - [17/Feb/2013:07:12:26 +0600] "GET /pause/ajaxPause?pauseConfigId=&admin=0 HTTP/1.1" 200 986 "http://callider/pause/index" "Mozilla/4.0 (compatible; MSIE 7.0; Windows NT 6.1; WOW64; Trident/4.0; SLCC2; .NET CLR 2.0.50727; .NET CLR 3.5.30729; .NET CLR 3.0.30729; Media Center PC 6.0; InfoPath.3; .NET4.0C; .NET4.0E; .NET CLR 1.1.4322)" 20900
192.168.12.77 - - [17/Feb/2013:07:12:26 +0600] "GET /pause/ajaxPause?pauseConfigId=&admin=0 HTTP/1.1" 200 1039 "http://callider/pause/index" "Mozilla/4.0 (compatible; MSIE 7.0; Windows NT 6.1; Trident/5.0; SLCC2; .NET CLR 2.0.50727; .NET CLR 3.5.30729; .NET CLR 3.0.30729; Media Center PC 6.0; Tablet PC 2.0; InfoPath.3; .NET4.0C; .NET4.0E; MS-RTC LM 8)" 14733
192.168.12.38 - - [17/Feb/2013:07:12:26 +0600] "GET /pause/ajaxPause?pauseConfigId=&admin=0 HTTP/1.1" 200 1040 "http://callider/pause/index" "Mozilla/4.0 (compatible; MSIE 7.0; Windows NT 6.1; WOW64; Trident/5.0; SLCC2; .NET CLR 2.0.50727; .NET CLR 3.5.30729; .NET CLR 3.0.30729; Media Center PC 6.0; InfoPath.3; .NET4.0C; .NET4.0E)" 17031
192.168.65.56 - - [17/Feb/2013:07:12:26 +0600] "GET /pause/ajaxPause?pauseConfigId=all&admin=1 HTTP/1.1" 200 1046 "http://192.168.65.101/pause/index" "Mozilla/5.0 (Windows NT 5.1; rv:15.0) Gecko/20100101 Firefox/15.0" 35635
192.168.74.78 - - [17/Feb/2013:07:12:29 +0600] "GET /pause/ajaxPause?pauseConfigId=&admin=0 HTTP/1.1" 200 986 "http://callider/pause/index" "Mozilla/4.0 (compatible; MSIE 7.0; Windows NT 6.1; WOW64; Trident/5.0; SLCC2; .NET CLR 2.0.50727; .NET CLR 3.5.30729; .NET CLR 3.0.30729; Media Center PC 6.0; InfoPath.3; .NET4.0C; MS-RTC LM 8; .NET4.0E)" 19912
192.168.12.61 - - [17/Feb/2013:07:12:29 +0600] "GET /pause/ajaxPause?pauseConfigId=&admin=0 HTTP/1.1" 200 985 "http://callider/pause/index" "Mozilla/4.0 (compatible; MSIE 7.0; Windows NT 6.1; Trident/5.0; SLCC2; .NET CLR 2.0.50727; .NET CLR 3.5.30729; .NET CLR 3.0.30729; Media Center PC 6.0; InfoPath.3; .NET4.0C; .NET4.0E)" 18250
192.168.12.69 - - [17/Feb/2013:07:12:30 +0600] "GET /pause/ajaxPause?pauseConfigId=&admin=0 HTTP/1.1" 200 986 "http://callider/pause/index" "Mozilla/4.0 (compatible; MSIE 7.0; Windows NT 6.1; Trident/5.0; SLCC2; .NET CLR 2.0.50727; .NET CLR 3.5.30729; .NET CLR 3.0.30729; Media Center PC 6.0; InfoPath.3; .NET4.0C; .NET4.0E; Tablet PC 2.0; AskTbFXTV5/5.14.1.20007)" 18225
192.168.74.91 - - [17/Feb/2013:07:12:30 +0600] "GET /pause/ajaxPause?pauseConfigId=&admin=0 HTTP/1.1" 200 986 "http://callider/pause/index" "Mozilla/4.0 (compatible; MSIE 7.0; Windows NT 6.1; WOW64; Trident/5.0; SLCC2; .NET CLR 2.0.50727; .NET CLR 3.5.30729; .NET CLR 3.0.30729; Media Center PC 6.0; InfoPath.3; .NET4.0C; MS-RTC LM 8; .NET4.0E)" 18166
192.168.74.151 - - [17/Feb/2013:07:12:30 +0600] "GET /pause/ajaxPause?pauseConfigId=&admin=0 HTTP/1.1" 200 987 "http://callider.kontur/pause/index" "Mozilla/5.0 (Windows NT 6.1; WOW64; rv:18.0) Gecko/20100101 Firefox/18.0" 18443
192.168.12.210 - - [17/Feb/2013:07:12:30 +0600] "GET /pause/ajaxPause?pauseConfigId=all&admin=1 HTTP/1.1" 200 1047 "http://callider/pause/index" "Mozilla/4.0 (compatible; MSIE 7.0; Windows NT 6.1; WOW64; Trident/5.0; SLCC2; .NET CLR 2.0.50727; .NET CLR 3.5.30729; .NET CLR 3.0.30729; Media Center PC 6.0; InfoPath.3; .NET4.0C; .NET4.0E)" 22689
192.168.12.60 - - [17/Feb/2013:07:12:31 +0600] "GET /pause/ajaxPause?pauseConfigId=&admin=0 HTTP/1.1" 200 986 "http://callider/pause/index" "Mozilla/4.0 (compatible; MSIE 8.0; Windows NT 6.1; Trident/4.0; InfoPath.3; .NET4.0C; MS-RTC LM 8; .NET4.0E)" 18044
192.168.12.204 - - [17/Feb/2013:07:12:31 +0600] "GET /pause/ajaxPause?pauseConfigId=&admin=0 HTTP/1.1" 200 986 "http://callider/pause/index" "Mozilla/4.0 (compatible; MSIE 7.0; Windows NT 6.1; WOW64; Trident/4.0; SLCC2; .NET CLR 2.0.50727; .NET CLR 3.5.30729; .NET CLR 3.0.30729; Media Center PC 6.0; InfoPath.3; .NET4.0C; .NET4.0E; .NET CLR 1.1.4322)" 23886
192.168.12.77 - - [17/Feb/2013:07:12:31 +0600] "GET /pause/ajaxPause?pauseConfigId=&admin=0 HTTP/1.1" 200 1039 "http://callider/pause/index" "Mozilla/4.0 (compatible; MSIE 7.0; Windows NT 6.1; Trident/5.0; SLCC2; .NET CLR 2.0.50727; .NET CLR 3.5.30729; .NET CLR 3.0.30729; Media Center PC 6.0; Tablet PC 2.0; InfoPath.3; .NET4.0C; .NET4.0E; MS-RTC LM 8)" 15507
192.168.12.38 - - [17/Feb/2013:07:12:31 +0600] "GET /pause/ajaxPause?pauseConfigId=&admin=0 HTTP/1.1" 200 1040 "http://callider/pause/index" "Mozilla/4.0 (compatible; MSIE 7.0; Windows NT 6.1; WOW64; Trident/5.0; SLCC2; .NET CLR 2.0.50727; .NET CLR 3.5.30729; .NET CLR 3.0.30729; Media Center PC 6.0; InfoPath.3; .NET4.0C; .NET4.0E)" 15378
192.168.65.56 - - [17/Feb/2013:07:12:31 +0600] "GET /pause/ajaxPause?pauseConfigId=all&admin=1 HTTP/1.1" 200 1046 "http://192.168.65.101/pause/index" "Mozilla/5.0 (Windows NT 5.1; rv:15.0) Gecko/20100101 Firefox/15.0" 30851
192.168.74.78 - - [17/Feb/2013:07:12:34 +0600] "GET /pause/ajaxPause?pauseConfigId=&admin=0 HTTP/1.1" 200 986 "http://callider/pause/index" "Mozilla/4.0 (compatible; MSIE 7.0; Windows NT 6.1; WOW64; Trident/5.0; SLCC2; .NET CLR 2.0.50727; .NET CLR 3.5.30729; .NET CLR 3.0.30729; Media Center PC 6.0; InfoPath.3; .NET4.0C; MS-RTC LM 8; .NET4.0E)" 18783
192.168.12.67 - - [17/Feb/2013:07:12:34 +0600] "GET /tv/useUser HTTP/1.1" 200 432 "http://callider/graph/personal" "Mozilla/4.0 (compatible; MSIE 7.0; Windows NT 6.1; Trident/5.0; SLCC2; .NET CLR 2.0.50727; .NET CLR 3.5.30729; .NET CLR 3.0.30729; Media Center PC 6.0; .NET4.0C; .NET4.0E; InfoPath.3; Tablet PC 2.0; MS-RTC LM 8)" 18162
192.168.12.61 - - [17/Feb/2013:07:12:34 +0600] "GET /pause/ajaxPause?pauseConfigId=&admin=0 HTTP/1.1" 200 986 "http://callider/pause/index" "Mozilla/4.0 (compatible; MSIE 7.0; Windows NT 6.1; Trident/5.0; SLCC2; .NET CLR 2.0.50727; .NET CLR 3.5.30729; .NET CLR 3.0.30729; Media Center PC 6.0; InfoPath.3; .NET4.0C; .NET4.0E)" 26823
192.168.12.69 - - [17/Feb/2013:07:12:35 +0600] "GET /pause/ajaxPause?pauseConfigId=&admin=0 HTTP/1.1" 200 986 "http://callider/pause/index" "Mozilla/4.0 (compatible; MSIE 7.0; Windows NT 6.1; Trident/5.0; SLCC2; .NET CLR 2.0.50727; .NET CLR 3.5.30729; .NET CLR 3.0.30729; Media Center PC 6.0; InfoPath.3; .NET4.0C; .NET4.0E; Tablet PC 2.0; AskTbFXTV5/5.14.1.20007)" 17532
192.168.74.91 - - [17/Feb/2013:07:12:35 +0600] "GET /pause/ajaxPause?pauseConfigId=&admin=0 HTTP/1.1" 200 986 "http://callider/pause/index" "Mozilla/4.0 (compatible; MSIE 7.0; Windows NT 6.1; WOW64; Trident/5.0; SLCC2; .NET CLR 2.0.50727; .NET CLR 3.5.30729; .NET CLR 3.0.30729; Media Center PC 6.0; InfoPath.3; .NET4.0C; MS-RTC LM 8; .NET4.0E)" 22391
192.168.74.151 - - [17/Feb/2013:07:12:35 +0600] "GET /pause/ajaxPause?pauseConfigId=&admin=0 HTTP/1.1" 200 987 "http://callider.kontur/pause/index" "Mozilla/5.0 (Windows NT 6.1; WOW64; rv:18.0) Gecko/20100101 Firefox/18.0" 19340
192.168.12.210 - - [17/Feb/2013:07:12:35 +0600] "GET /pause/ajaxPause?pauseConfigId=all&admin=1 HTTP/1.1" 200 1047 "http://callider/pause/index" "Mozilla/4.0 (compatible; MSIE 7.0; Windows NT 6.1; WOW64; Trident/5.0; SLCC2; .NET CLR 2.0.50727; .NET CLR 3.5.30729; .NET CLR 3.0.30729; Media Center PC 6.0; InfoPath.3; .NET4.0C; .NET4.0E)" 18729
192.168.12.60 - - [17/Feb/2013:07:12:36 +0600] "GET /pause/ajaxPause?pauseConfigId=&admin=0 HTTP/1.1" 200 986 "http://callider/pause/index" "Mozilla/4.0 (compatible; MSIE 8.0; Windows NT 6.1; Trident/4.0; InfoPath.3; .NET4.0C; MS-RTC LM 8; .NET4.0E)" 21292
192.168.12.204 - - [17/Feb/2013:07:12:36 +0600] "GET /pause/ajaxPause?pauseConfigId=&admin=0 HTTP/1.1" 200 986 "http://callider/pause/index" "Mozilla/4.0 (compatible; MSIE 7.0; Windows NT 6.1; WOW64; Trident/4.0; SLCC2; .NET CLR 2.0.50727; .NET CLR 3.5.30729; .NET CLR 3.0.30729; Media Center PC 6.0; InfoPath.3; .NET4.0C; .NET4.0E; .NET CLR 1.1.4322)" 18557
192.168.12.77 - - [17/Feb/2013:07:12:36 +0600] "GET /pause/ajaxPause?pauseConfigId=&admin=0 HTTP/1.1" 200 1039 "http://callider/pause/index" "Mozilla/4.0 (compatible; MSIE 7.0; Windows NT 6.1; Trident/5.0; SLCC2; .NET CLR 2.0.50727; .NET CLR 3.5.30729; .NET CLR 3.0.30729; Media Center PC 6.0; Tablet PC 2.0; InfoPath.3; .NET4.0C; .NET4.0E; MS-RTC LM 8)" 13973
192.168.12.38 - - [17/Feb/2013:07:12:36 +0600] "GET /pause/ajaxPause?pauseConfigId=&admin=0 HTTP/1.1" 200 1040 "http://callider/pause/index" "Mozilla/4.0 (compatible; MSIE 7.0; Windows NT 6.1; WOW64; Trident/5.0; SLCC2; .NET CLR 2.0.50727; .NET CLR 3.5.30729; .NET CLR 3.0.30729; Media Center PC 6.0; InfoPath.3; .NET4.0C; .NET4.0E)" 15010
192.168.65.56 - - [17/Feb/2013:07:12:36 +0600] "GET /pause/ajaxPause?pauseConfigId=all&admin=1 HTTP/1.1" 200 1046 "http://192.168.65.101/pause/index" "Mozilla/5.0 (Windows NT 5.1; rv:15.0) Gecko/20100101 Firefox/15.0" 29846
192.168.74.93 - - [17/Feb/2013:07:12:38 +0600] "GET /tv/useUser HTTP/1.1" 200 432 "http://callider/graph/personal" "Mozilla/4.0 (compatible; MSIE 7.0; Windows NT 6.1; WOW64; Trident/5.0; SLCC2; .NET CLR 2.0.50727; .NET CLR 3.5.30729; .NET CLR 3.0.30729; Media Center PC 6.0; InfoPath.3; .NET4.0C; .NET4.0E)" 13900
192.168.12.210 - - [17/Feb/2013:07:12:39 +0600] "GET /tv/useUser HTTP/1.1" 200 431 "http://callider/graph/general" "Mozilla/4.0 (compatible; MSIE 7.0; Windows NT 6.1; WOW64; Trident/5.0; SLCC2; .NET CLR 2.0.50727; .NET CLR 3.5.30729; .NET CLR 3.0.30729; Media Center PC 6.0; InfoPath.3; .NET4.0C; .NET4.0E)" 7991
192.168.74.78 - - [17/Feb/2013:07:12:39 +0600] "GET /pause/ajaxPause?pauseConfigId=&admin=0 HTTP/1.1" 200 986 "http://callider/pause/index" "Mozilla/4.0 (compatible; MSIE 7.0; Windows NT 6.1; WOW64; Trident/5.0; SLCC2; .NET CLR 2.0.50727; .NET CLR 3.5.30729; .NET CLR 3.0.30729; Media Center PC 6.0; InfoPath.3; .NET4.0C; MS-RTC LM 8; .NET4.0E)" 20656
192.168.12.61 - - [17/Feb/2013:07:12:39 +0600] "GET /pause/ajaxPause?pauseConfigId=&admin=0 HTTP/1.1" 200 985 "http://callider/pause/index" "Mozilla/4.0 (compatible; MSIE 7.0; Windows NT 6.1; Trident/5.0; SLCC2; .NET CLR 2.0.50727; .NET CLR 3.5.30729; .NET CLR 3.0.30729; Media Center PC 6.0; InfoPath.3; .NET4.0C; .NET4.0E)" 18470
192.168.12.69 - - [17/Feb/2013:07:12:40 +0600] "GET /pause/ajaxPause?pauseConfigId=&admin=0 HTTP/1.1" 200 986 "http://callider/pause/index" "Mozilla/4.0 (compatible; MSIE 7.0; Windows NT 6.1; Trident/5.0; SLCC2; .NET CLR 2.0.50727; .NET CLR 3.5.30729; .NET CLR 3.0.30729; Media Center PC 6.0; InfoPath.3; .NET4.0C; .NET4.0E; Tablet PC 2.0; AskTbFXTV5/5.14.1.20007)" 25403
192.168.74.91 - - [17/Feb/2013:07:12:40 +0600] "GET /pause/ajaxPause?pauseConfigId=&admin=0 HTTP/1.1" 200 986 "http://callider/pause/index" "Mozilla/4.0 (compatible; MSIE 7.0; Windows NT 6.1; WOW64; Trident/5.0; SLCC2; .NET CLR 2.0.50727; .NET CLR 3.5.30729; .NET CLR 3.0.30729; Media Center PC 6.0; InfoPath.3; .NET4.0C; MS-RTC LM 8; .NET4.0E)" 27610
192.168.74.151 - - [17/Feb/2013:07:12:40 +0600] "GET /pause/ajaxPause?pauseConfigId=&admin=0 HTTP/1.1" 200 987 "http://callider.kontur/pause/index" "Mozilla/5.0 (Windows NT 6.1; WOW64; rv:18.0) Gecko/20100101 Firefox/18.0" 43107
192.168.12.210 - - [17/Feb/2013:07:12:40 +0600] "GET /pause/ajaxPause?pauseConfigId=all&admin=1 HTTP/1.1" 200 1047 "http://callider/pause/index" "Mozilla/4.0 (compatible; MSIE 7.0; Windows NT 6.1; WOW64; Trident/5.0; SLCC2; .NET CLR 2.0.50727; .NET CLR 3.5.30729; .NET CLR 3.0.30729; Media Center PC 6.0; InfoPath.3; .NET4.0C; .NET4.0E)" 19044
192.168.12.9 - - [17/Feb/2013:07:12:41 +0600] "GET /tv/useUser HTTP/1.1" 200 432 "http://callider.kontur/site/index" "Mozilla/5.0 (Windows NT 6.1; WOW64) AppleWebKit/537.17 (KHTML, like Gecko) Chrome/24.0.1312.57 Safari/537.17" 14587
192.168.12.60 - - [17/Feb/2013:07:12:41 +0600] "GET /pause/ajaxPause?pauseConfigId=&admin=0 HTTP/1.1" 200 986 "http://callider/pause/index" "Mozilla/4.0 (compatible; MSIE 8.0; Windows NT 6.1; Trident/4.0; InfoPath.3; .NET4.0C; MS-RTC LM 8; .NET4.0E)" 24293
192.168.12.77 - - [17/Feb/2013:07:12:41 +0600] "GET /pause/ajaxPause?pauseConfigId=&admin=0 HTTP/1.1" 200 1039 "http://callider/pause/index" "Mozilla/4.0 (compatible; MSIE 7.0; Windows NT 6.1; Trident/5.0; SLCC2; .NET CLR 2.0.50727; .NET CLR 3.5.30729; .NET CLR 3.0.30729; Media Center PC 6.0; Tablet PC 2.0; InfoPath.3; .NET4.0C; .NET4.0E; MS-RTC LM 8)" 20639
192.168.12.38 - - [17/Feb/2013:07:12:41 +0600] "GET /pause/ajaxPause?pauseConfigId=&admin=0 HTTP/1.1" 200 1040 "http://callider/pause/index" "Mozilla/4.0 (compatible; MSIE 7.0; Windows NT 6.1; WOW64; Trident/5.0; SLCC2; .NET CLR 2.0.50727; .NET CLR 3.5.30729; .NET CLR 3.0.30729; Media Center PC 6.0; InfoPath.3; .NET4.0C; .NET4.0E)" 16605
192.168.12.204 - - [17/Feb/2013:07:12:41 +0600] "GET /pause/ajaxPause?pauseConfigId=&admin=0 HTTP/1.1" 200 986 "http://callider/pause/index" "Mozilla/4.0 (compatible; MSIE 7.0; Windows NT 6.1; WOW64; Trident/4.0; SLCC2; .NET CLR 2.0.50727; .NET CLR 3.5.30729; .NET CLR 3.0.30729; Media Center PC 6.0; InfoPath.3; .NET4.0C; .NET4.0E; .NET CLR 1.1.4322)" 80658
192.168.65.56 - - [17/Feb/2013:07:12:41 +0600] "GET /pause/ajaxPause?pauseConfigId=all&admin=1 HTTP/1.1" 200 1046 "http://192.168.65.101/pause/index" "Mozilla/5.0 (Windows NT 5.1; rv:15.0) Gecko/20100101 Firefox/15.0" 31523
192.168.74.78 - - [17/Feb/2013:07:12:44 +0600] "GET /pause/ajaxPause?pauseConfigId=&admin=0 HTTP/1.1" 200 986 "http://callider/pause/index" "Mozilla/4.0 (compatible; MSIE 7.0; Windows NT 6.1; WOW64; Trident/5.0; SLCC2; .NET CLR 2.0.50727; .NET CLR 3.5.30729; .NET CLR 3.0.30729; Media Center PC 6.0; InfoPath.3; .NET4.0C; MS-RTC LM 8; .NET4.0E)" 30271
192.168.12.61 - - [17/Feb/2013:07:12:44 +0600] "GET /pause/ajaxPause?pauseConfigId=&admin=0 HTTP/1.1" 200 985 "http://callider/pause/index" "Mozilla/4.0 (compatible; MSIE 7.0; Windows NT 6.1; Trident/5.0; SLCC2; .NET CLR 2.0.50727; .NET CLR 3.5.30729; .NET CLR 3.0.30729; Media Center PC 6.0; InfoPath.3; .NET4.0C; .NET4.0E)" 21024
192.168.12.69 - - [17/Feb/2013:07:12:45 +0600] "GET /pause/ajaxPause?pauseConfigId=&admin=0 HTTP/1.1" 200 986 "http://callider/pause/index" "Mozilla/4.0 (compatible; MSIE 7.0; Windows NT 6.1; Trident/5.0; SLCC2; .NET CLR 2.0.50727; .NET CLR 3.5.30729; .NET CLR 3.0.30729; Media Center PC 6.0; InfoPath.3; .NET4.0C; .NET4.0E; Tablet PC 2.0; AskTbFXTV5/5.14.1.20007)" 19151
192.168.74.91 - - [17/Feb/2013:07:12:45 +0600] "GET /pause/ajaxPause?pauseConfigId=&admin=0 HTTP/1.1" 200 986 "http://callider/pause/index" "Mozilla/4.0 (compatible; MSIE 7.0; Windows NT 6.1; WOW64; Trident/5.0; SLCC2; .NET CLR 2.0.50727; .NET CLR 3.5.30729; .NET CLR 3.0.30729; Media Center PC 6.0; InfoPath.3; .NET4.0C; MS-RTC LM 8; .NET4.0E)" 22139
192.168.74.151 - - [17/Feb/2013:07:12:45 +0600] "GET /pause/ajaxPause?pauseConfigId=&admin=0 HTTP/1.1" 200 987 "http://callider.kontur/pause/index" "Mozilla/5.0 (Windows NT 6.1; WOW64; rv:18.0) Gecko/20100101 Firefox/18.0" 18754
192.168.12.210 - - [17/Feb/2013:07:12:45 +0600] "GET /pause/ajaxPause?pauseConfigId=all&admin=1 HTTP/1.1" 200 1047 "http://callider/pause/index" "Mozilla/4.0 (compatible; MSIE 7.0; Windows NT 6.1; WOW64; Trident/5.0; SLCC2; .NET CLR 2.0.50727; .NET CLR 3.5.30729; .NET CLR 3.0.30729; Media Center PC 6.0; InfoPath.3; .NET4.0C; .NET4.0E)" 17990
192.168.12.60 - - [17/Feb/2013:07:12:46 +0600] "GET /pause/ajaxPause?pauseConfigId=&admin=0 HTTP/1.1" 200 986 "http://callider/pause/index" "Mozilla/4.0 (compatible; MSIE 8.0; Windows NT 6.1; Trident/4.0; InfoPath.3; .NET4.0C; MS-RTC LM 8; .NET4.0E)" 17741
192.168.12.204 - - [17/Feb/2013:07:12:46 +0600] "GET /pause/ajaxPause?pauseConfigId=&admin=0 HTTP/1.1" 200 986 "http://callider/pause/index" "Mozilla/4.0 (compatible; MSIE 7.0; Windows NT 6.1; WOW64; Trident/4.0; SLCC2; .NET CLR 2.0.50727; .NET CLR 3.5.30729; .NET CLR 3.0.30729; Media Center PC 6.0; InfoPath.3; .NET4.0C; .NET4.0E; .NET CLR 1.1.4322)" 23107
192.168.12.77 - - [17/Feb/2013:07:12:46 +0600] "GET /pause/ajaxPause?pauseConfigId=&admin=0 HTTP/1.1" 200 1039 "http://callider/pause/index" "Mozilla/4.0 (compatible; MSIE 7.0; Windows NT 6.1; Trident/5.0; SLCC2; .NET CLR 2.0.50727; .NET CLR 3.5.30729; .NET CLR 3.0.30729; Media Center PC 6.0; Tablet PC 2.0; InfoPath.3; .NET4.0C; .NET4.0E; MS-RTC LM 8)" 13612
192.168.12.38 - - [17/Feb/2013:07:12:46 +0600] "GET /pause/ajaxPause?pauseConfigId=&admin=0 HTTP/1.1" 200 1040 "http://callider/pause/index" "Mozilla/4.0 (compatible; MSIE 7.0; Windows NT 6.1; WOW64; Trident/5.0; SLCC2; .NET CLR 2.0.50727; .NET CLR 3.5.30729; .NET CLR 3.0.30729; Media Center PC 6.0; InfoPath.3; .NET4.0C; .NET4.0E)" 14987
192.168.65.56 - - [17/Feb/2013:07:12:46 +0600] "GET /pause/ajaxPause?pauseConfigId=all&admin=1 HTTP/1.1" 200 1046 "http://192.168.65.101/pause/index" "Mozilla/5.0 (Windows NT 5.1; rv:15.0) Gecko/20100101 Firefox/15.0" 30409
192.168.12.210 - - [17/Feb/2013:07:12:49 +0600] "GET /tv/useUser HTTP/1.1" 200 431 "http://callider/pause/index" "Mozilla/4.0 (compatible; MSIE 7.0; Windows NT 6.1; WOW64; Trident/5.0; SLCC2; .NET CLR 2.0.50727; .NET CLR 3.5.30729; .NET CLR 3.0.30729; Media Center PC 6.0; InfoPath.3; .NET4.0C; .NET4.0E)" 9338
192.168.74.78 - - [17/Feb/2013:07:12:49 +0600] "GET /pause/ajaxPause?pauseConfigId=&admin=0 HTTP/1.1" 200 986 "http://callider/pause/index" "Mozilla/4.0 (compatible; MSIE 7.0; Windows NT 6.1; WOW64; Trident/5.0; SLCC2; .NET CLR 2.0.50727; .NET CLR 3.5.30729; .NET CLR 3.0.30729; Media Center PC 6.0; InfoPath.3; .NET4.0C; MS-RTC LM 8; .NET4.0E)" 19313
192.168.12.61 - - [17/Feb/2013:07:12:49 +0600] "GET /pause/ajaxPause?pauseConfigId=&admin=0 HTTP/1.1" 200 986 "http://callider/pause/index" "Mozilla/4.0 (compatible; MSIE 7.0; Windows NT 6.1; Trident/5.0; SLCC2; .NET CLR 2.0.50727; .NET CLR 3.5.30729; .NET CLR 3.0.30729; Media Center PC 6.0; InfoPath.3; .NET4.0C; .NET4.0E)" 29935
192.168.12.69 - - [17/Feb/2013:07:12:50 +0600] "GET /pause/ajaxPause?pauseConfigId=&admin=0 HTTP/1.1" 200 986 "http://callider/pause/index" "Mozilla/4.0 (compatible; MSIE 7.0; Windows NT 6.1; Trident/5.0; SLCC2; .NET CLR 2.0.50727; .NET CLR 3.5.30729; .NET CLR 3.0.30729; Media Center PC 6.0; InfoPath.3; .NET4.0C; .NET4.0E; Tablet PC 2.0; AskTbFXTV5/5.14.1.20007)" 22100
192.168.74.91 - - [17/Feb/2013:07:12:50 +0600] "GET /pause/ajaxPause?pauseConfigId=&admin=0 HTTP/1.1" 200 986 "http://callider/pause/index" "Mozilla/4.0 (compatible; MSIE 7.0; Windows NT 6.1; WOW64; Trident/5.0; SLCC2; .NET CLR 2.0.50727; .NET CLR 3.5.30729; .NET CLR 3.0.30729; Media Center PC 6.0; InfoPath.3; .NET4.0C; MS-RTC LM 8; .NET4.0E)" 18553
192.168.74.151 - - [17/Feb/2013:07:12:50 +0600] "GET /pause/ajaxPause?pauseConfigId=&admin=0 HTTP/1.1" 200 987 "http://callider.kontur/pause/index" "Mozilla/5.0 (Windows NT 6.1; WOW64; rv:18.0) Gecko/20100101 Firefox/18.0" 18233
192.168.12.210 - - [17/Feb/2013:07:12:50 +0600] "GET /pause/ajaxPause?pauseConfigId=all&admin=1 HTTP/1.1" 200 1047 "http://callider/pause/index" "Mozilla/4.0 (compatible; MSIE 7.0; Windows NT 6.1; WOW64; Trident/5.0; SLCC2; .NET CLR 2.0.50727; .NET CLR 3.5.30729; .NET CLR 3.0.30729; Media Center PC 6.0; InfoPath.3; .NET4.0C; .NET4.0E)" 21019
192.168.12.60 - - [17/Feb/2013:07:12:51 +0600] "GET /pause/ajaxPause?pauseConfigId=&admin=0 HTTP/1.1" 200 987 "http://callider/pause/index" "Mozilla/4.0 (compatible; MSIE 8.0; Windows NT 6.1; Trident/4.0; InfoPath.3; .NET4.0C; MS-RTC LM 8; .NET4.0E)" 26917
192.168.12.77 - - [17/Feb/2013:07:12:51 +0600] "GET /pause/ajaxPause?pauseConfigId=&admin=0 HTTP/1.1" 200 1039 "http://callider/pause/index" "Mozilla/4.0 (compatible; MSIE 7.0; Windows NT 6.1; Trident/5.0; SLCC2; .NET CLR 2.0.50727; .NET CLR 3.5.30729; .NET CLR 3.0.30729; Media Center PC 6.0; Tablet PC 2.0; InfoPath.3; .NET4.0C; .NET4.0E; MS-RTC LM 8)" 14425
192.168.12.204 - - [17/Feb/2013:07:12:51 +0600] "GET /pause/ajaxPause?pauseConfigId=&admin=0 HTTP/1.1" 200 986 "http://callider/pause/index" "Mozilla/4.0 (compatible; MSIE 7.0; Windows NT 6.1; WOW64; Trident/4.0; SLCC2; .NET CLR 2.0.50727; .NET CLR 3.5.30729; .NET CLR 3.0.30729; Media Center PC 6.0; InfoPath.3; .NET4.0C; .NET4.0E; .NET CLR 1.1.4322)" 23996
192.168.12.38 - - [17/Feb/2013:07:12:51 +0600] "GET /pause/ajaxPause?pauseConfigId=&admin=0 HTTP/1.1" 200 1040 "http://callider/pause/index" "Mozilla/4.0 (compatible; MSIE 7.0; Windows NT 6.1; WOW64; Trident/5.0; SLCC2; .NET CLR 2.0.50727; .NET CLR 3.5.30729; .NET CLR 3.0.30729; Media Center PC 6.0; InfoPath.3; .NET4.0C; .NET4.0E)" 14435
192.168.65.56 - - [17/Feb/2013:07:12:51 +0600] "GET /pause/ajaxPause?pauseConfigId=all&admin=1 HTTP/1.1" 200 1046 "http://192.168.65.101/pause/index" "Mozilla/5.0 (Windows NT 5.1; rv:15.0) Gecko/20100101 Firefox/15.0" 35575
192.168.65.56 - - [17/Feb/2013:07:12:51 +0600] "GET /tv/useUser HTTP/1.1" 200 431 "http://192.168.65.101/pause/index" "Mozilla/5.0 (Windows NT 5.1; rv:15.0) Gecko/20100101 Firefox/15.0" 11250
192.168.74.78 - - [17/Feb/2013:07:12:54 +0600] "GET /pause/ajaxPause?pauseConfigId=&admin=0 HTTP/1.1" 200 986 "http://callider/pause/index" "Mozilla/4.0 (compatible; MSIE 7.0; Windows NT 6.1; WOW64; Trident/5.0; SLCC2; .NET CLR 2.0.50727; .NET CLR 3.5.30729; .NET CLR 3.0.30729; Media Center PC 6.0; InfoPath.3; .NET4.0C; MS-RTC LM 8; .NET4.0E)" 21532
192.168.12.61 - - [17/Feb/2013:07:12:54 +0600] "GET /pause/ajaxPause?pauseConfigId=&admin=0 HTTP/1.1" 200 985 "http://callider/pause/index" "Mozilla/4.0 (compatible; MSIE 7.0; Windows NT 6.1; Trident/5.0; SLCC2; .NET CLR 2.0.50727; .NET CLR 3.5.30729; .NET CLR 3.0.30729; Media Center PC 6.0; InfoPath.3; .NET4.0C; .NET4.0E)" 22083
192.168.12.69 - - [17/Feb/2013:07:12:55 +0600] "GET /pause/ajaxPause?pauseConfigId=&admin=0 HTTP/1.1" 200 986 "http://callider/pause/index" "Mozilla/4.0 (compatible; MSIE 7.0; Windows NT 6.1; Trident/5.0; SLCC2; .NET CLR 2.0.50727; .NET CLR 3.5.30729; .NET CLR 3.0.30729; Media Center PC 6.0; InfoPath.3; .NET4.0C; .NET4.0E; Tablet PC 2.0; AskTbFXTV5/5.14.1.20007)" 18982
192.168.74.91 - - [17/Feb/2013:07:12:55 +0600] "GET /pause/ajaxPause?pauseConfigId=&admin=0 HTTP/1.1" 200 986 "http://callider/pause/index" "Mozilla/4.0 (compatible; MSIE 7.0; Windows NT 6.1; WOW64; Trident/5.0; SLCC2; .NET CLR 2.0.50727; .NET CLR 3.5.30729; .NET CLR 3.0.30729; Media Center PC 6.0; InfoPath.3; .NET4.0C; MS-RTC LM 8; .NET4.0E)" 18683
192.168.74.151 - - [17/Feb/2013:07:12:55 +0600] "GET /pause/ajaxPause?pauseConfigId=&admin=0 HTTP/1.1" 200 987 "http://callider.kontur/pause/index" "Mozilla/5.0 (Windows NT 6.1; WOW64; rv:18.0) Gecko/20100101 Firefox/18.0" 19008
192.168.12.210 - - [17/Feb/2013:07:12:55 +0600] "GET /pause/ajaxPause?pauseConfigId=all&admin=1 HTTP/1.1" 200 1047 "http://callider/pause/index" "Mozilla/4.0 (compatible; MSIE 7.0; Windows NT 6.1; WOW64; Trident/5.0; SLCC2; .NET CLR 2.0.50727; .NET CLR 3.5.30729; .NET CLR 3.0.30729; Media Center PC 6.0; InfoPath.3; .NET4.0C; .NET4.0E)" 18524
192.168.12.60 - - [17/Feb/2013:07:12:56 +0600] "GET /pause/ajaxPause?pauseConfigId=&admin=0 HTTP/1.1" 200 986 "http://callider/pause/index" "Mozilla/4.0 (compatible; MSIE 8.0; Windows NT 6.1; Trident/4.0; InfoPath.3; .NET4.0C; MS-RTC LM 8; .NET4.0E)" 18398
192.168.12.77 - - [17/Feb/2013:07:12:56 +0600] "GET /pause/ajaxPause?pauseConfigId=&admin=0 HTTP/1.1" 200 1039 "http://callider/pause/index" "Mozilla/4.0 (compatible; MSIE 7.0; Windows NT 6.1; Trident/5.0; SLCC2; .NET CLR 2.0.50727; .NET CLR 3.5.30729; .NET CLR 3.0.30729; Media Center PC 6.0; Tablet PC 2.0; InfoPath.3; .NET4.0C; .NET4.0E; MS-RTC LM 8)" 14387
192.168.12.204 - - [17/Feb/2013:07:12:56 +0600] "GET /pause/ajaxPause?pauseConfigId=&admin=0 HTTP/1.1" 200 986 "http://callider/pause/index" "Mozilla/4.0 (compatible; MSIE 7.0; Windows NT 6.1; WOW64; Trident/4.0; SLCC2; .NET CLR 2.0.50727; .NET CLR 3.5.30729; .NET CLR 3.0.30729; Media Center PC 6.0; InfoPath.3; .NET4.0C; .NET4.0E; .NET CLR 1.1.4322)" 19597
192.168.12.38 - - [17/Feb/2013:07:12:56 +0600] "GET /pause/ajaxPause?pauseConfigId=&admin=0 HTTP/1.1" 200 1040 "http://callider/pause/index" "Mozilla/4.0 (compatible; MSIE 7.0; Windows NT 6.1; WOW64; Trident/5.0; SLCC2; .NET CLR 2.0.50727; .NET CLR 3.5.30729; .NET CLR 3.0.30729; Media Center PC 6.0; InfoPath.3; .NET4.0C; .NET4.0E)" 18307
192.168.65.56 - - [17/Feb/2013:07:12:56 +0600] "GET /pause/ajaxPause?pauseConfigId=all&admin=1 HTTP/1.1" 200 1046 "http://192.168.65.101/pause/index" "Mozilla/5.0 (Windows NT 5.1; rv:15.0) Gecko/20100101 Firefox/15.0" 35505
192.168.74.78 - - [17/Feb/2013:07:12:59 +0600] "GET /pause/ajaxPause?pauseConfigId=&admin=0 HTTP/1.1" 200 986 "http://callider/pause/index" "Mozilla/4.0 (compatible; MSIE 7.0; Windows NT 6.1; WOW64; Trident/5.0; SLCC2; .NET CLR 2.0.50727; .NET CLR 3.5.30729; .NET CLR 3.0.30729; Media Center PC 6.0; InfoPath.3; .NET4.0C; MS-RTC LM 8; .NET4.0E)" 26418
192.168.12.61 - - [17/Feb/2013:07:12:59 +0600] "GET /pause/ajaxPause?pauseConfigId=&admin=0 HTTP/1.1" 200 986 "http://callider/pause/index" "Mozilla/4.0 (compatible; MSIE 7.0; Windows NT 6.1; Trident/5.0; SLCC2; .NET CLR 2.0.50727; .NET CLR 3.5.30729; .NET CLR 3.0.30729; Media Center PC 6.0; InfoPath.3; .NET4.0C; .NET4.0E)" 26002
192.168.64.119 - - [17/Feb/2013:07:13:00 +0600] "HEAD / HTTP/1.0" 302 435 "-" "WhatsUp/1.0" 13630
192.168.12.69 - - [17/Feb/2013:07:13:00 +0600] "GET /pause/ajaxPause?pauseConfigId=&admin=0 HTTP/1.1" 200 986 "http://callider/pause/index" "Mozilla/4.0 (compatible; MSIE 7.0; Windows NT 6.1; Trident/5.0; SLCC2; .NET CLR 2.0.50727; .NET CLR 3.5.30729; .NET CLR 3.0.30729; Media Center PC 6.0; InfoPath.3; .NET4.0C; .NET4.0E; Tablet PC 2.0; AskTbFXTV5/5.14.1.20007)" 20007
192.168.74.91 - - [17/Feb/2013:07:13:00 +0600] "GET /pause/ajaxPause?pauseConfigId=&admin=0 HTTP/1.1" 200 986 "http://callider/pause/index" "Mozilla/4.0 (compatible; MSIE 7.0; Windows NT 6.1; WOW64; Trident/5.0; SLCC2; .NET CLR 2.0.50727; .NET CLR 3.5.30729; .NET CLR 3.0.30729; Media Center PC 6.0; InfoPath.3; .NET4.0C; MS-RTC LM 8; .NET4.0E)" 18611
192.168.74.151 - - [17/Feb/2013:07:13:00 +0600] "GET /pause/ajaxPause?pauseConfigId=&admin=0 HTTP/1.1" 200 987 "http://callider.kontur/pause/index" "Mozilla/5.0 (Windows NT 6.1; WOW64; rv:18.0) Gecko/20100101 Firefox/18.0" 17012
192.168.12.210 - - [17/Feb/2013:07:13:00 +0600] "GET /pause/ajaxPause?pauseConfigId=all&admin=1 HTTP/1.1" 200 1047 "http://callider/pause/index" "Mozilla/4.0 (compatible; MSIE 7.0; Windows NT 6.1; WOW64; Trident/5.0; SLCC2; .NET CLR 2.0.50727; .NET CLR 3.5.30729; .NET CLR 3.0.30729; Media Center PC 6.0; InfoPath.3; .NET4.0C; .NET4.0E)" 18143
192.168.64.119 - - [17/Feb/2013:07:13:01 +0600] "GET / HTTP/1.1" 302 454 "-" "Mozilla/4.0 (compatible; MSIE 8.0; Windows NT 5.2; Trident/4.0)" 12549
192.168.64.119 - - [17/Feb/2013:07:13:01 +0600] "GET /site/login HTTP/1.1" 200 7423 "-" "Mozilla/4.0 (compatible; MSIE 8.0; Windows NT 5.2; Trident/4.0)" 25128
192.168.12.60 - - [17/Feb/2013:07:13:01 +0600] "GET /pause/ajaxPause?pauseConfigId=&admin=0 HTTP/1.1" 200 986 "http://callider/pause/index" "Mozilla/4.0 (compatible; MSIE 8.0; Windows NT 6.1; Trident/4.0; InfoPath.3; .NET4.0C; MS-RTC LM 8; .NET4.0E)" 20670
192.168.12.77 - - [17/Feb/2013:07:13:01 +0600] "GET /pause/ajaxPause?pauseConfigId=&admin=0 HTTP/1.1" 200 1039 "http://callider/pause/index" "Mozilla/4.0 (compatible; MSIE 7.0; Windows NT 6.1; Trident/5.0; SLCC2; .NET CLR 2.0.50727; .NET CLR 3.5.30729; .NET CLR 3.0.30729; Media Center PC 6.0; Tablet PC 2.0; InfoPath.3; .NET4.0C; .NET4.0E; MS-RTC LM 8)" 13251
192.168.12.204 - - [17/Feb/2013:07:13:01 +0600] "GET /pause/ajaxPause?pauseConfigId=&admin=0 HTTP/1.1" 200 986 "http://callider/pause/index" "Mozilla/4.0 (compatible; MSIE 7.0; Windows NT 6.1; WOW64; Trident/4.0; SLCC2; .NET CLR 2.0.50727; .NET CLR 3.5.30729; .NET CLR 3.0.30729; Media Center PC 6.0; InfoPath.3; .NET4.0C; .NET4.0E; .NET CLR 1.1.4322)" 26420
192.168.12.38 - - [17/Feb/2013:07:13:01 +0600] "GET /pause/ajaxPause?pauseConfigId=&admin=0 HTTP/1.1" 200 1040 "http://callider/pause/index" "Mozilla/4.0 (compatible; MSIE 7.0; Windows NT 6.1; WOW64; Trident/5.0; SLCC2; .NET CLR 2.0.50727; .NET CLR 3.5.30729; .NET CLR 3.0.30729; Media Center PC 6.0; InfoPath.3; .NET4.0C; .NET4.0E)" 18588
192.168.65.56 - - [17/Feb/2013:07:13:01 +0600] "GET /pause/ajaxPause?pauseConfigId=all&admin=1 HTTP/1.1" 200 1046 "http://192.168.65.101/pause/index" "Mozilla/5.0 (Windows NT 5.1; rv:15.0) Gecko/20100101 Firefox/15.0" 33222
192.168.74.78 - - [17/Feb/2013:07:13:04 +0600] "GET /pause/ajaxPause?pauseConfigId=&admin=0 HTTP/1.1" 200 986 "http://callider/pause/index" "Mozilla/4.0 (compatible; MSIE 7.0; Windows NT 6.1; WOW64; Trident/5.0; SLCC2; .NET CLR 2.0.50727; .NET CLR 3.5.30729; .NET CLR 3.0.30729; Media Center PC 6.0; InfoPath.3; .NET4.0C; MS-RTC LM 8; .NET4.0E)" 18341
192.168.12.61 - - [17/Feb/2013:07:13:04 +0600] "GET /pause/ajaxPause?pauseConfigId=&admin=0 HTTP/1.1" 200 985 "http://callider/pause/index" "Mozilla/4.0 (compatible; MSIE 7.0; Windows NT 6.1; Trident/5.0; SLCC2; .NET CLR 2.0.50727; .NET CLR 3.5.30729; .NET CLR 3.0.30729; Media Center PC 6.0; InfoPath.3; .NET4.0C; .NET4.0E)" 19473
192.168.12.69 - - [17/Feb/2013:07:13:05 +0600] "GET /pause/ajaxPause?pauseConfigId=&admin=0 HTTP/1.1" 200 986 "http://callider/pause/index" "Mozilla/4.0 (compatible; MSIE 7.0; Windows NT 6.1; Trident/5.0; SLCC2; .NET CLR 2.0.50727; .NET CLR 3.5.30729; .NET CLR 3.0.30729; Media Center PC 6.0; InfoPath.3; .NET4.0C; .NET4.0E; Tablet PC 2.0; AskTbFXTV5/5.14.1.20007)" 18010
192.168.12.61 - - [17/Feb/2013:07:13:05 +0600] "GET /tv/useUser HTTP/1.1" 200 431 "http://callider/pause/index" "Mozilla/4.0 (compatible; MSIE 7.0; Windows NT 6.1; Trident/5.0; SLCC2; .NET CLR 2.0.50727; .NET CLR 3.5.30729; .NET CLR 3.0.30729; Media Center PC 6.0; InfoPath.3; .NET4.0C; .NET4.0E)" 11603
192.168.74.91 - - [17/Feb/2013:07:13:05 +0600] "GET /pause/ajaxPause?pauseConfigId=&admin=0 HTTP/1.1" 200 986 "http://callider/pause/index" "Mozilla/4.0 (compatible; MSIE 7.0; Windows NT 6.1; WOW64; Trident/5.0; SLCC2; .NET CLR 2.0.50727; .NET CLR 3.5.30729; .NET CLR 3.0.30729; Media Center PC 6.0; InfoPath.3; .NET4.0C; MS-RTC LM 8; .NET4.0E)" 17271
192.168.74.151 - - [17/Feb/2013:07:13:05 +0600] "GET /pause/ajaxPause?pauseConfigId=&admin=0 HTTP/1.1" 200 987 "http://callider.kontur/pause/index" "Mozilla/5.0 (Windows NT 6.1; WOW64; rv:18.0) Gecko/20100101 Firefox/18.0" 19618
192.168.12.210 - - [17/Feb/2013:07:13:05 +0600] "GET /pause/ajaxPause?pauseConfigId=all&admin=1 HTTP/1.1" 200 1047 "http://callider/pause/index" "Mozilla/4.0 (compatible; MSIE 7.0; Windows NT 6.1; WOW64; Trident/5.0; SLCC2; .NET CLR 2.0.50727; .NET CLR 3.5.30729; .NET CLR 3.0.30729; Media Center PC 6.0; InfoPath.3; .NET4.0C; .NET4.0E)" 28493
192.168.12.60 - - [17/Feb/2013:07:13:06 +0600] "GET /pause/ajaxPause?pauseConfigId=&admin=0 HTTP/1.1" 200 986 "http://callider/pause/index" "Mozilla/4.0 (compatible; MSIE 8.0; Windows NT 6.1; Trident/4.0; InfoPath.3; .NET4.0C; MS-RTC LM 8; .NET4.0E)" 19559
192.168.12.77 - - [17/Feb/2013:07:13:06 +0600] "GET /pause/ajaxPause?pauseConfigId=&admin=0 HTTP/1.1" 200 1039 "http://callider/pause/index" "Mozilla/4.0 (compatible; MSIE 7.0; Windows NT 6.1; Trident/5.0; SLCC2; .NET CLR 2.0.50727; .NET CLR 3.5.30729; .NET CLR 3.0.30729; Media Center PC 6.0; Tablet PC 2.0; InfoPath.3; .NET4.0C; .NET4.0E; MS-RTC LM 8)" 16888
192.168.12.204 - - [17/Feb/2013:07:13:06 +0600] "GET /pause/ajaxPause?pauseConfigId=&admin=0 HTTP/1.1" 200 986 "http://callider/pause/index" "Mozilla/4.0 (compatible; MSIE 7.0; Windows NT 6.1; WOW64; Trident/4.0; SLCC2; .NET CLR 2.0.50727; .NET CLR 3.5.30729; .NET CLR 3.0.30729; Media Center PC 6.0; InfoPath.3; .NET4.0C; .NET4.0E; .NET CLR 1.1.4322)" 27782
192.168.12.38 - - [17/Feb/2013:07:13:06 +0600] "GET /pause/ajaxPause?pauseConfigId=&admin=0 HTTP/1.1" 200 1040 "http://callider/pause/index" "Mozilla/4.0 (compatible; MSIE 7.0; Windows NT 6.1; WOW64; Trident/5.0; SLCC2; .NET CLR 2.0.50727; .NET CLR 3.5.30729; .NET CLR 3.0.30729; Media Center PC 6.0; InfoPath.3; .NET4.0C; .NET4.0E)" 17803
192.168.65.56 - - [17/Feb/2013:07:13:06 +0600] "GET /pause/ajaxPause?pauseConfigId=all&admin=1 HTTP/1.1" 200 1046 "http://192.168.65.101/pause/index" "Mozilla/5.0 (Windows NT 5.1; rv:15.0) Gecko/20100101 Firefox/15.0" 34655
192.168.74.78 - - [17/Feb/2013:07:13:09 +0600] "GET /pause/ajaxPause?pauseConfigId=&admin=0 HTTP/1.1" 200 986 "http://callider/pause/index" "Mozilla/4.0 (compatible; MSIE 7.0; Windows NT 6.1; WOW64; Trident/5.0; SLCC2; .NET CLR 2.0.50727; .NET CLR 3.5.30729; .NET CLR 3.0.30729; Media Center PC 6.0; InfoPath.3; .NET4.0C; MS-RTC LM 8; .NET4.0E)" 19526
192.168.12.61 - - [17/Feb/2013:07:13:09 +0600] "GET /pause/ajaxPause?pauseConfigId=&admin=0 HTTP/1.1" 200 985 "http://callider/pause/index" "Mozilla/4.0 (compatible; MSIE 7.0; Windows NT 6.1; Trident/5.0; SLCC2; .NET CLR 2.0.50727; .NET CLR 3.5.30729; .NET CLR 3.0.30729; Media Center PC 6.0; InfoPath.3; .NET4.0C; .NET4.0E)" 20056
192.168.12.69 - - [17/Feb/2013:07:13:10 +0600] "GET /pause/ajaxPause?pauseConfigId=&admin=0 HTTP/1.1" 200 986 "http://callider/pause/index" "Mozilla/4.0 (compatible; MSIE 7.0; Windows NT 6.1; Trident/5.0; SLCC2; .NET CLR 2.0.50727; .NET CLR 3.5.30729; .NET CLR 3.0.30729; Media Center PC 6.0; InfoPath.3; .NET4.0C; .NET4.0E; Tablet PC 2.0; AskTbFXTV5/5.14.1.20007)" 18827
192.168.74.91 - - [17/Feb/2013:07:13:10 +0600] "GET /pause/ajaxPause?pauseConfigId=&admin=0 HTTP/1.1" 200 986 "http://callider/pause/index" "Mozilla/4.0 (compatible; MSIE 7.0; Windows NT 6.1; WOW64; Trident/5.0; SLCC2; .NET CLR 2.0.50727; .NET CLR 3.5.30729; .NET CLR 3.0.30729; Media Center PC 6.0; InfoPath.3; .NET4.0C; MS-RTC LM 8; .NET4.0E)" 17896
192.168.74.151 - - [17/Feb/2013:07:13:10 +0600] "GET /pause/ajaxPause?pauseConfigId=&admin=0 HTTP/1.1" 200 987 "http://callider.kontur/pause/index" "Mozilla/5.0 (Windows NT 6.1; WOW64; rv:18.0) Gecko/20100101 Firefox/18.0" 18104
192.168.12.210 - - [17/Feb/2013:07:13:10 +0600] "GET /pause/ajaxPause?pauseConfigId=all&admin=1 HTTP/1.1" 200 1047 "http://callider/pause/index" "Mozilla/4.0 (compatible; MSIE 7.0; Windows NT 6.1; WOW64; Trident/5.0; SLCC2; .NET CLR 2.0.50727; .NET CLR 3.5.30729; .NET CLR 3.0.30729; Media Center PC 6.0; InfoPath.3; .NET4.0C; .NET4.0E)" 18656
192.168.12.42 - - [17/Feb/2013:07:13:11 +0600] "GET /tv/useUser HTTP/1.1" 200 432 "http://callider/graph/personal" "Mozilla/4.0 (compatible; MSIE 7.0; Windows NT 6.1; WOW64; Trident/5.0; SLCC2; .NET CLR 2.0.50727; .NET CLR 3.5.30729; .NET CLR 3.0.30729; Media Center PC 6.0; InfoPath.3; .NET4.0C; .NET4.0E)" 20811
192.168.12.60 - - [17/Feb/2013:07:13:11 +0600] "GET /pause/ajaxPause?pauseConfigId=&admin=0 HTTP/1.1" 200 986 "http://callider/pause/index" "Mozilla/4.0 (compatible; MSIE 8.0; Windows NT 6.1; Trident/4.0; InfoPath.3; .NET4.0C; MS-RTC LM 8; .NET4.0E)" 45652
192.168.12.77 - - [17/Feb/2013:07:13:11 +0600] "GET /pause/ajaxPause?pauseConfigId=&admin=0 HTTP/1.1" 200 1039 "http://callider/pause/index" "Mozilla/4.0 (compatible; MSIE 7.0; Windows NT 6.1; Trident/5.0; SLCC2; .NET CLR 2.0.50727; .NET CLR 3.5.30729; .NET CLR 3.0.30729; Media Center PC 6.0; Tablet PC 2.0; InfoPath.3; .NET4.0C; .NET4.0E; MS-RTC LM 8)" 23868
192.168.12.38 - - [17/Feb/2013:07:13:11 +0600] "GET /pause/ajaxPause?pauseConfigId=&admin=0 HTTP/1.1" 200 1040 "http://callider/pause/index" "Mozilla/4.0 (compatible; MSIE 7.0; Windows NT 6.1; WOW64; Trident/5.0; SLCC2; .NET CLR 2.0.50727; .NET CLR 3.5.30729; .NET CLR 3.0.30729; Media Center PC 6.0; InfoPath.3; .NET4.0C; .NET4.0E)" 43012
192.168.12.204 - - [17/Feb/2013:07:13:11 +0600] "GET /pause/ajaxPause?pauseConfigId=&admin=0 HTTP/1.1" 200 986 "http://callider/pause/index" "Mozilla/4.0 (compatible; MSIE 7.0; Windows NT 6.1; WOW64; Trident/4.0; SLCC2; .NET CLR 2.0.50727; .NET CLR 3.5.30729; .NET CLR 3.0.30729; Media Center PC 6.0; InfoPath.3; .NET4.0C; .NET4.0E; .NET CLR 1.1.4322)" 49617
192.168.65.56 - - [17/Feb/2013:07:13:11 +0600] "GET /pause/ajaxPause?pauseConfigId=all&admin=1 HTTP/1.1" 200 1046 "http://192.168.65.101/pause/index" "Mozilla/5.0 (Windows NT 5.1; rv:15.0) Gecko/20100101 Firefox/15.0" 39100
192.168.74.151 - - [17/Feb/2013:07:13:13 +0600] "GET /tv/useUser HTTP/1.1" 200 431 "http://callider.kontur/graph/general" "Mozilla/5.0 (Windows NT 6.1; WOW64; rv:18.0) Gecko/20100101 Firefox/18.0" 14072
192.168.74.78 - - [17/Feb/2013:07:13:14 +0600] "GET /pause/ajaxPause?pauseConfigId=&admin=0 HTTP/1.1" 200 986 "http://callider/pause/index" "Mozilla/4.0 (compatible; MSIE 7.0; Windows NT 6.1; WOW64; Trident/5.0; SLCC2; .NET CLR 2.0.50727; .NET CLR 3.5.30729; .NET CLR 3.0.30729; Media Center PC 6.0; InfoPath.3; .NET4.0C; MS-RTC LM 8; .NET4.0E)" 28633
192.168.12.61 - - [17/Feb/2013:07:13:14 +0600] "GET /pause/ajaxPause?pauseConfigId=&admin=0 HTTP/1.1" 200 986 "http://callider/pause/index" "Mozilla/4.0 (compatible; MSIE 7.0; Windows NT 6.1; Trident/5.0; SLCC2; .NET CLR 2.0.50727; .NET CLR 3.5.30729; .NET CLR 3.0.30729; Media Center PC 6.0; InfoPath.3; .NET4.0C; .NET4.0E)" 25621
192.168.12.69 - - [17/Feb/2013:07:13:15 +0600] "GET /pause/ajaxPause?pauseConfigId=&admin=0 HTTP/1.1" 200 986 "http://callider/pause/index" "Mozilla/4.0 (compatible; MSIE 7.0; Windows NT 6.1; Trident/5.0; SLCC2; .NET CLR 2.0.50727; .NET CLR 3.5.30729; .NET CLR 3.0.30729; Media Center PC 6.0; InfoPath.3; .NET4.0C; .NET4.0E; Tablet PC 2.0; AskTbFXTV5/5.14.1.20007)" 38719
192.168.74.91 - - [17/Feb/2013:07:13:15 +0600] "GET /pause/ajaxPause?pauseConfigId=&admin=0 HTTP/1.1" 200 986 "http://callider/pause/index" "Mozilla/4.0 (compatible; MSIE 7.0; Windows NT 6.1; WOW64; Trident/5.0; SLCC2; .NET CLR 2.0.50727; .NET CLR 3.5.30729; .NET CLR 3.0.30729; Media Center PC 6.0; InfoPath.3; .NET4.0C; MS-RTC LM 8; .NET4.0E)" 28929
192.168.74.151 - - [17/Feb/2013:07:13:15 +0600] "GET /pause/ajaxPause?pauseConfigId=&admin=0 HTTP/1.1" 200 987 "http://callider.kontur/pause/index" "Mozilla/5.0 (Windows NT 6.1; WOW64; rv:18.0) Gecko/20100101 Firefox/18.0" 20799
192.168.74.151 - - [17/Feb/2013:07:13:15 +0600] "GET /tv/useUser HTTP/1.1" 200 431 "http://callider.kontur/pause/index" "Mozilla/5.0 (Windows NT 6.1; WOW64; rv:18.0) Gecko/20100101 Firefox/18.0" 10495
192.168.12.210 - - [17/Feb/2013:07:13:15 +0600] "GET /pause/ajaxPause?pauseConfigId=all&admin=1 HTTP/1.1" 200 1047 "http://callider/pause/index" "Mozilla/4.0 (compatible; MSIE 7.0; Windows NT 6.1; WOW64; Trident/5.0; SLCC2; .NET CLR 2.0.50727; .NET CLR 3.5.30729; .NET CLR 3.0.30729; Media Center PC 6.0; InfoPath.3; .NET4.0C; .NET4.0E)" 27898
192.168.12.60 - - [17/Feb/2013:07:13:16 +0600] "GET /pause/ajaxPause?pauseConfigId=&admin=0 HTTP/1.1" 200 986 "http://callider/pause/index" "Mozilla/4.0 (compatible; MSIE 8.0; Windows NT 6.1; Trident/4.0; InfoPath.3; .NET4.0C; MS-RTC LM 8; .NET4.0E)" 19791
192.168.12.77 - - [17/Feb/2013:07:13:16 +0600] "GET /pause/ajaxPause?pauseConfigId=&admin=0 HTTP/1.1" 200 1039 "http://callider/pause/index" "Mozilla/4.0 (compatible; MSIE 7.0; Windows NT 6.1; Trident/5.0; SLCC2; .NET CLR 2.0.50727; .NET CLR 3.5.30729; .NET CLR 3.0.30729; Media Center PC 6.0; Tablet PC 2.0; InfoPath.3; .NET4.0C; .NET4.0E; MS-RTC LM 8)" 13846
192.168.12.38 - - [17/Feb/2013:07:13:16 +0600] "GET /pause/ajaxPause?pauseConfigId=&admin=0 HTTP/1.1" 200 1040 "http://callider/pause/index" "Mozilla/4.0 (compatible; MSIE 7.0; Windows NT 6.1; WOW64; Trident/5.0; SLCC2; .NET CLR 2.0.50727; .NET CLR 3.5.30729; .NET CLR 3.0.30729; Media Center PC 6.0; InfoPath.3; .NET4.0C; .NET4.0E)" 20857
192.168.12.204 - - [17/Feb/2013:07:13:16 +0600] "GET /pause/ajaxPause?pauseConfigId=&admin=0 HTTP/1.1" 200 986 "http://callider/pause/index" "Mozilla/4.0 (compatible; MSIE 7.0; Windows NT 6.1; WOW64; Trident/4.0; SLCC2; .NET CLR 2.0.50727; .NET CLR 3.5.30729; .NET CLR 3.0.30729; Media Center PC 6.0; InfoPath.3; .NET4.0C; .NET4.0E; .NET CLR 1.1.4322)" 19252
192.168.65.56 - - [17/Feb/2013:07:13:16 +0600] "GET /pause/ajaxPause?pauseConfigId=all&admin=1 HTTP/1.1" 200 1046 "http://192.168.65.101/pause/index" "Mozilla/5.0 (Windows NT 5.1; rv:15.0) Gecko/20100101 Firefox/15.0" 111030
192.168.74.78 - - [17/Feb/2013:07:13:19 +0600] "GET /pause/ajaxPause?pauseConfigId=&admin=0 HTTP/1.1" 200 986 "http://callider/pause/index" "Mozilla/4.0 (compatible; MSIE 7.0; Windows NT 6.1; WOW64; Trident/5.0; SLCC2; .NET CLR 2.0.50727; .NET CLR 3.5.30729; .NET CLR 3.0.30729; Media Center PC 6.0; InfoPath.3; .NET4.0C; MS-RTC LM 8; .NET4.0E)" 19529
192.168.12.10 - - [17/Feb/2013:07:13:19 +0600] "GET /tv/useUser HTTP/1.1" 200 432 "http://callider/graph/personal" "Mozilla/4.0 (compatible; MSIE 7.0; Windows NT 6.1; Trident/5.0; SLCC2; .NET CLR 2.0.50727; .NET CLR 3.5.30729; .NET CLR 3.0.30729; Media Center PC 6.0; InfoPath.3; .NET4.0C; .NET4.0E; Tablet PC 2.0; MS-RTC LM 8)" 14445
192.168.12.61 - - [17/Feb/2013:07:13:19 +0600] "GET /pause/ajaxPause?pauseConfigId=&admin=0 HTTP/1.1" 200 985 "http://callider/pause/index" "Mozilla/4.0 (compatible; MSIE 7.0; Windows NT 6.1; Trident/5.0; SLCC2; .NET CLR 2.0.50727; .NET CLR 3.5.30729; .NET CLR 3.0.30729; Media Center PC 6.0; InfoPath.3; .NET4.0C; .NET4.0E)" 22163
192.168.12.108 - - [17/Feb/2013:07:13:19 +0600] "GET /tv/useUser HTTP/1.1" 200 432 "http://callider/index.php" "Mozilla/4.0 (compatible; MSIE 7.0; Windows NT 6.2; WOW64; Trident/6.0; .NET4.0E; .NET4.0C; InfoPath.3; .NET CLR 3.5.30729; .NET CLR 2.0.50727; .NET CLR 3.0.30729)" 15425
192.168.12.69 - - [17/Feb/2013:07:13:20 +0600] "GET /pause/ajaxPause?pauseConfigId=&admin=0 HTTP/1.1" 200 986 "http://callider/pause/index" "Mozilla/4.0 (compatible; MSIE 7.0; Windows NT 6.1; Trident/5.0; SLCC2; .NET CLR 2.0.50727; .NET CLR 3.5.30729; .NET CLR 3.0.30729; Media Center PC 6.0; InfoPath.3; .NET4.0C; .NET4.0E; Tablet PC 2.0; AskTbFXTV5/5.14.1.20007)" 28012
192.168.74.91 - - [17/Feb/2013:07:13:20 +0600] "GET /pause/ajaxPause?pauseConfigId=&admin=0 HTTP/1.1" 200 986 "http://callider/pause/index" "Mozilla/4.0 (compatible; MSIE 7.0; Windows NT 6.1; WOW64; Trident/5.0; SLCC2; .NET CLR 2.0.50727; .NET CLR 3.5.30729; .NET CLR 3.0.30729; Media Center PC 6.0; InfoPath.3; .NET4.0C; MS-RTC LM 8; .NET4.0E)" 21890
192.168.74.151 - - [17/Feb/2013:07:13:20 +0600] "GET /pause/ajaxPause?pauseConfigId=&admin=0 HTTP/1.1" 200 987 "http://callider.kontur/pause/index" "Mozilla/5.0 (Windows NT 6.1; WOW64; rv:18.0) Gecko/20100101 Firefox/18.0" 18957
192.168.12.210 - - [17/Feb/2013:07:13:20 +0600] "GET /pause/ajaxPause?pauseConfigId=all&admin=1 HTTP/1.1" 200 1047 "http://callider/pause/index" "Mozilla/4.0 (compatible; MSIE 7.0; Windows NT 6.1; WOW64; Trident/5.0; SLCC2; .NET CLR 2.0.50727; .NET CLR 3.5.30729; .NET CLR 3.0.30729; Media Center PC 6.0; InfoPath.3; .NET4.0C; .NET4.0E)" 19546
192.168.12.60 - - [17/Feb/2013:07:13:21 +0600] "GET /pause/ajaxPause?pauseConfigId=&admin=0 HTTP/1.1" 200 986 "http://callider/pause/index" "Mozilla/4.0 (compatible; MSIE 8.0; Windows NT 6.1; Trident/4.0; InfoPath.3; .NET4.0C; MS-RTC LM 8; .NET4.0E)" 22630
192.168.12.77 - - [17/Feb/2013:07:13:21 +0600] "GET /pause/ajaxPause?pauseConfigId=&admin=0 HTTP/1.1" 200 1039 "http://callider/pause/index" "Mozilla/4.0 (compatible; MSIE 7.0; Windows NT 6.1; Trident/5.0; SLCC2; .NET CLR 2.0.50727; .NET CLR 3.5.30729; .NET CLR 3.0.30729; Media Center PC 6.0; Tablet PC 2.0; InfoPath.3; .NET4.0C; .NET4.0E; MS-RTC LM 8)" 25699
192.168.12.38 - - [17/Feb/2013:07:13:21 +0600] "GET /pause/ajaxPause?pauseConfigId=&admin=0 HTTP/1.1" 200 1040 "http://callider/pause/index" "Mozilla/4.0 (compatible; MSIE 7.0; Windows NT 6.1; WOW64; Trident/5.0; SLCC2; .NET CLR 2.0.50727; .NET CLR 3.5.30729; .NET CLR 3.0.30729; Media Center PC 6.0; InfoPath.3; .NET4.0C; .NET4.0E)" 28993
192.168.12.204 - - [17/Feb/2013:07:13:21 +0600] "GET /pause/ajaxPause?pauseConfigId=&admin=0 HTTP/1.1" 200 986 "http://callider/pause/index" "Mozilla/4.0 (compatible; MSIE 7.0; Windows NT 6.1; WOW64; Trident/4.0; SLCC2; .NET CLR 2.0.50727; .NET CLR 3.5.30729; .NET CLR 3.0.30729; Media Center PC 6.0; InfoPath.3; .NET4.0C; .NET4.0E; .NET CLR 1.1.4322)" 21212
192.168.65.56 - - [17/Feb/2013:07:13:21 +0600] "GET /pause/ajaxPause?pauseConfigId=all&admin=1 HTTP/1.1" 200 1046 "http://192.168.65.101/pause/index" "Mozilla/5.0 (Windows NT 5.1; rv:15.0) Gecko/20100101 Firefox/15.0" 33083
192.168.74.78 - - [17/Feb/2013:07:13:24 +0600] "GET /pause/ajaxPause?pauseConfigId=&admin=0 HTTP/1.1" 200 986 "http://callider/pause/index" "Mozilla/4.0 (compatible; MSIE 7.0; Windows NT 6.1; WOW64; Trident/5.0; SLCC2; .NET CLR 2.0.50727; .NET CLR 3.5.30729; .NET CLR 3.0.30729; Media Center PC 6.0; InfoPath.3; .NET4.0C; MS-RTC LM 8; .NET4.0E)" 25801
192.168.12.61 - - [17/Feb/2013:07:13:24 +0600] "GET /pause/ajaxPause?pauseConfigId=&admin=0 HTTP/1.1" 200 985 "http://callider/pause/index" "Mozilla/4.0 (compatible; MSIE 7.0; Windows NT 6.1; Trident/5.0; SLCC2; .NET CLR 2.0.50727; .NET CLR 3.5.30729; .NET CLR 3.0.30729; Media Center PC 6.0; InfoPath.3; .NET4.0C; .NET4.0E)" 19076
192.168.12.69 - - [17/Feb/2013:07:13:25 +0600] "GET /pause/ajaxPause?pauseConfigId=&admin=0 HTTP/1.1" 200 986 "http://callider/pause/index" "Mozilla/4.0 (compatible; MSIE 7.0; Windows NT 6.1; Trident/5.0; SLCC2; .NET CLR 2.0.50727; .NET CLR 3.5.30729; .NET CLR 3.0.30729; Media Center PC 6.0; InfoPath.3; .NET4.0C; .NET4.0E; Tablet PC 2.0; AskTbFXTV5/5.14.1.20007)" 17854
192.168.74.91 - - [17/Feb/2013:07:13:25 +0600] "GET /pause/ajaxPause?pauseConfigId=&admin=0 HTTP/1.1" 200 986 "http://callider/pause/index" "Mozilla/4.0 (compatible; MSIE 7.0; Windows NT 6.1; WOW64; Trident/5.0; SLCC2; .NET CLR 2.0.50727; .NET CLR 3.5.30729; .NET CLR 3.0.30729; Media Center PC 6.0; InfoPath.3; .NET4.0C; MS-RTC LM 8; .NET4.0E)" 19281
192.168.74.151 - - [17/Feb/2013:07:13:25 +0600] "GET /pause/ajaxPause?pauseConfigId=&admin=0 HTTP/1.1" 200 987 "http://callider.kontur/pause/index" "Mozilla/5.0 (Windows NT 6.1; WOW64; rv:18.0) Gecko/20100101 Firefox/18.0" 26875
192.168.12.210 - - [17/Feb/2013:07:13:25 +0600] "GET /pause/ajaxPause?pauseConfigId=all&admin=1 HTTP/1.1" 200 1047 "http://callider/pause/index" "Mozilla/4.0 (compatible; MSIE 7.0; Windows NT 6.1; WOW64; Trident/5.0; SLCC2; .NET CLR 2.0.50727; .NET CLR 3.5.30729; .NET CLR 3.0.30729; Media Center PC 6.0; InfoPath.3; .NET4.0C; .NET4.0E)" 28882
192.168.12.60 - - [17/Feb/2013:07:13:26 +0600] "GET /pause/ajaxPause?pauseConfigId=&admin=0 HTTP/1.1" 200 986 "http://callider/pause/index" "Mozilla/4.0 (compatible; MSIE 8.0; Windows NT 6.1; Trident/4.0; InfoPath.3; .NET4.0C; MS-RTC LM 8; .NET4.0E)" 27051
192.168.12.77 - - [17/Feb/2013:07:13:26 +0600] "GET /pause/ajaxPause?pauseConfigId=&admin=0 HTTP/1.1" 200 1039 "http://callider/pause/index" "Mozilla/4.0 (compatible; MSIE 7.0; Windows NT 6.1; Trident/5.0; SLCC2; .NET CLR 2.0.50727; .NET CLR 3.5.30729; .NET CLR 3.0.30729; Media Center PC 6.0; Tablet PC 2.0; InfoPath.3; .NET4.0C; .NET4.0E; MS-RTC LM 8)" 18606
192.168.12.38 - - [17/Feb/2013:07:13:26 +0600] "GET /pause/ajaxPause?pauseConfigId=&admin=0 HTTP/1.1" 200 1040 "http://callider/pause/index" "Mozilla/4.0 (compatible; MSIE 7.0; Windows NT 6.1; WOW64; Trident/5.0; SLCC2; .NET CLR 2.0.50727; .NET CLR 3.5.30729; .NET CLR 3.0.30729; Media Center PC 6.0; InfoPath.3; .NET4.0C; .NET4.0E)" 15719
192.168.12.204 - - [17/Feb/2013:07:13:26 +0600] "GET /pause/ajaxPause?pauseConfigId=&admin=0 HTTP/1.1" 200 986 "http://callider/pause/index" "Mozilla/4.0 (compatible; MSIE 7.0; Windows NT 6.1; WOW64; Trident/4.0; SLCC2; .NET CLR 2.0.50727; .NET CLR 3.5.30729; .NET CLR 3.0.30729; Media Center PC 6.0; InfoPath.3; .NET4.0C; .NET4.0E; .NET CLR 1.1.4322)" 18106
192.168.65.56 - - [17/Feb/2013:07:13:26 +0600] "GET /pause/ajaxPause?pauseConfigId=all&admin=1 HTTP/1.1" 200 1046 "http://192.168.65.101/pause/index" "Mozilla/5.0 (Windows NT 5.1; rv:15.0) Gecko/20100101 Firefox/15.0" 31648
192.168.74.78 - - [17/Feb/2013:07:13:29 +0600] "GET /pause/ajaxPause?pauseConfigId=&admin=0 HTTP/1.1" 200 986 "http://callider/pause/index" "Mozilla/4.0 (compatible; MSIE 7.0; Windows NT 6.1; WOW64; Trident/5.0; SLCC2; .NET CLR 2.0.50727; .NET CLR 3.5.30729; .NET CLR 3.0.30729; Media Center PC 6.0; InfoPath.3; .NET4.0C; MS-RTC LM 8; .NET4.0E)" 20772
192.168.12.61 - - [17/Feb/2013:07:13:29 +0600] "GET /pause/ajaxPause?pauseConfigId=&admin=0 HTTP/1.1" 200 985 "http://callider/pause/index" "Mozilla/4.0 (compatible; MSIE 7.0; Windows NT 6.1; Trident/5.0; SLCC2; .NET CLR 2.0.50727; .NET CLR 3.5.30729; .NET CLR 3.0.30729; Media Center PC 6.0; InfoPath.3; .NET4.0C; .NET4.0E)" 22243
192.168.12.69 - - [17/Feb/2013:07:13:30 +0600] "GET /pause/ajaxPause?pauseConfigId=&admin=0 HTTP/1.1" 200 986 "http://callider/pause/index" "Mozilla/4.0 (compatible; MSIE 7.0; Windows NT 6.1; Trident/5.0; SLCC2; .NET CLR 2.0.50727; .NET CLR 3.5.30729; .NET CLR 3.0.30729; Media Center PC 6.0; InfoPath.3; .NET4.0C; .NET4.0E; Tablet PC 2.0; AskTbFXTV5/5.14.1.20007)" 20848
192.168.74.91 - - [17/Feb/2013:07:13:30 +0600] "GET /pause/ajaxPause?pauseConfigId=&admin=0 HTTP/1.1" 200 986 "http://callider/pause/index" "Mozilla/4.0 (compatible; MSIE 7.0; Windows NT 6.1; WOW64; Trident/5.0; SLCC2; .NET CLR 2.0.50727; .NET CLR 3.5.30729; .NET CLR 3.0.30729; Media Center PC 6.0; InfoPath.3; .NET4.0C; MS-RTC LM 8; .NET4.0E)" 21496
192.168.74.151 - - [17/Feb/2013:07:13:30 +0600] "GET /pause/ajaxPause?pauseConfigId=&admin=0 HTTP/1.1" 200 987 "http://callider.kontur/pause/index" "Mozilla/5.0 (Windows NT 6.1; WOW64; rv:18.0) Gecko/20100101 Firefox/18.0" 17861
192.168.12.210 - - [17/Feb/2013:07:13:30 +0600] "GET /pause/ajaxPause?pauseConfigId=all&admin=1 HTTP/1.1" 200 1047 "http://callider/pause/index" "Mozilla/4.0 (compatible; MSIE 7.0; Windows NT 6.1; WOW64; Trident/5.0; SLCC2; .NET CLR 2.0.50727; .NET CLR 3.5.30729; .NET CLR 3.0.30729; Media Center PC 6.0; InfoPath.3; .NET4.0C; .NET4.0E)" 17748
192.168.12.60 - - [17/Feb/2013:07:13:31 +0600] "GET /pause/ajaxPause?pauseConfigId=&admin=0 HTTP/1.1" 200 986 "http://callider/pause/index" "Mozilla/4.0 (compatible; MSIE 8.0; Windows NT 6.1; Trident/4.0; InfoPath.3; .NET4.0C; MS-RTC LM 8; .NET4.0E)" 30500
192.168.12.77 - - [17/Feb/2013:07:13:31 +0600] "GET /pause/ajaxPause?pauseConfigId=&admin=0 HTTP/1.1" 200 1039 "http://callider/pause/index" "Mozilla/4.0 (compatible; MSIE 7.0; Windows NT 6.1; Trident/5.0; SLCC2; .NET CLR 2.0.50727; .NET CLR 3.5.30729; .NET CLR 3.0.30729; Media Center PC 6.0; Tablet PC 2.0; InfoPath.3; .NET4.0C; .NET4.0E; MS-RTC LM 8)" 13492
192.168.12.38 - - [17/Feb/2013:07:13:31 +0600] "GET /pause/ajaxPause?pauseConfigId=&admin=0 HTTP/1.1" 200 1040 "http://callider/pause/index" "Mozilla/4.0 (compatible; MSIE 7.0; Windows NT 6.1; WOW64; Trident/5.0; SLCC2; .NET CLR 2.0.50727; .NET CLR 3.5.30729; .NET CLR 3.0.30729; Media Center PC 6.0; InfoPath.3; .NET4.0C; .NET4.0E)" 14593
192.168.12.204 - - [17/Feb/2013:07:13:31 +0600] "GET /pause/ajaxPause?pauseConfigId=&admin=0 HTTP/1.1" 200 986 "http://callider/pause/index" "Mozilla/4.0 (compatible; MSIE 7.0; Windows NT 6.1; WOW64; Trident/4.0; SLCC2; .NET CLR 2.0.50727; .NET CLR 3.5.30729; .NET CLR 3.0.30729; Media Center PC 6.0; InfoPath.3; .NET4.0C; .NET4.0E; .NET CLR 1.1.4322)" 21517
192.168.65.56 - - [17/Feb/2013:07:13:31 +0600] "GET /pause/ajaxPause?pauseConfigId=all&admin=1 HTTP/1.1" 200 1046 "http://192.168.65.101/pause/index" "Mozilla/5.0 (Windows NT 5.1; rv:15.0) Gecko/20100101 Firefox/15.0" 30771
192.168.74.78 - - [17/Feb/2013:07:13:34 +0600] "GET /pause/ajaxPause?pauseConfigId=&admin=0 HTTP/1.1" 200 986 "http://callider/pause/index" "Mozilla/4.0 (compatible; MSIE 7.0; Windows NT 6.1; WOW64; Trident/5.0; SLCC2; .NET CLR 2.0.50727; .NET CLR 3.5.30729; .NET CLR 3.0.30729; Media Center PC 6.0; InfoPath.3; .NET4.0C; MS-RTC LM 8; .NET4.0E)" 20721
192.168.12.67 - - [17/Feb/2013:07:13:34 +0600] "GET /tv/useUser HTTP/1.1" 200 432 "http://callider/graph/personal" "Mozilla/4.0 (compatible; MSIE 7.0; Windows NT 6.1; Trident/5.0; SLCC2; .NET CLR 2.0.50727; .NET CLR 3.5.30729; .NET CLR 3.0.30729; Media Center PC 6.0; .NET4.0C; .NET4.0E; InfoPath.3; Tablet PC 2.0; MS-RTC LM 8)" 17071
192.168.12.61 - - [17/Feb/2013:07:13:34 +0600] "GET /pause/ajaxPause?pauseConfigId=&admin=0 HTTP/1.1" 200 985 "http://callider/pause/index" "Mozilla/4.0 (compatible; MSIE 7.0; Windows NT 6.1; Trident/5.0; SLCC2; .NET CLR 2.0.50727; .NET CLR 3.5.30729; .NET CLR 3.0.30729; Media Center PC 6.0; InfoPath.3; .NET4.0C; .NET4.0E)" 23788
192.168.12.69 - - [17/Feb/2013:07:13:35 +0600] "GET /pause/ajaxPause?pauseConfigId=&admin=0 HTTP/1.1" 200 986 "http://callider/pause/index" "Mozilla/4.0 (compatible; MSIE 7.0; Windows NT 6.1; Trident/5.0; SLCC2; .NET CLR 2.0.50727; .NET CLR 3.5.30729; .NET CLR 3.0.30729; Media Center PC 6.0; InfoPath.3; .NET4.0C; .NET4.0E; Tablet PC 2.0; AskTbFXTV5/5.14.1.20007)" 18344
192.168.74.91 - - [17/Feb/2013:07:13:35 +0600] "GET /pause/ajaxPause?pauseConfigId=&admin=0 HTTP/1.1" 200 986 "http://callider/pause/index" "Mozilla/4.0 (compatible; MSIE 7.0; Windows NT 6.1; WOW64; Trident/5.0; SLCC2; .NET CLR 2.0.50727; .NET CLR 3.5.30729; .NET CLR 3.0.30729; Media Center PC 6.0; InfoPath.3; .NET4.0C; MS-RTC LM 8; .NET4.0E)" 25337
192.168.74.151 - - [17/Feb/2013:07:13:35 +0600] "GET /pause/ajaxPause?pauseConfigId=&admin=0 HTTP/1.1" 200 987 "http://callider.kontur/pause/index" "Mozilla/5.0 (Windows NT 6.1; WOW64; rv:18.0) Gecko/20100101 Firefox/18.0" 20097
192.168.12.210 - - [17/Feb/2013:07:13:35 +0600] "GET /pause/ajaxPause?pauseConfigId=all&admin=1 HTTP/1.1" 200 1047 "http://callider/pause/index" "Mozilla/4.0 (compatible; MSIE 7.0; Windows NT 6.1; WOW64; Trident/5.0; SLCC2; .NET CLR 2.0.50727; .NET CLR 3.5.30729; .NET CLR 3.0.30729; Media Center PC 6.0; InfoPath.3; .NET4.0C; .NET4.0E)" 21070
192.168.12.60 - - [17/Feb/2013:07:13:36 +0600] "GET /pause/ajaxPause?pauseConfigId=&admin=0 HTTP/1.1" 200 986 "http://callider/pause/index" "Mozilla/4.0 (compatible; MSIE 8.0; Windows NT 6.1; Trident/4.0; InfoPath.3; .NET4.0C; MS-RTC LM 8; .NET4.0E)" 26490
192.168.12.77 - - [17/Feb/2013:07:13:36 +0600] "GET /pause/ajaxPause?pauseConfigId=&admin=0 HTTP/1.1" 200 1039 "http://callider/pause/index" "Mozilla/4.0 (compatible; MSIE 7.0; Windows NT 6.1; Trident/5.0; SLCC2; .NET CLR 2.0.50727; .NET CLR 3.5.30729; .NET CLR 3.0.30729; Media Center PC 6.0; Tablet PC 2.0; InfoPath.3; .NET4.0C; .NET4.0E; MS-RTC LM 8)" 17747
192.168.12.38 - - [17/Feb/2013:07:13:36 +0600] "GET /pause/ajaxPause?pauseConfigId=&admin=0 HTTP/1.1" 200 1040 "http://callider/pause/index" "Mozilla/4.0 (compatible; MSIE 7.0; Windows NT 6.1; WOW64; Trident/5.0; SLCC2; .NET CLR 2.0.50727; .NET CLR 3.5.30729; .NET CLR 3.0.30729; Media Center PC 6.0; InfoPath.3; .NET4.0C; .NET4.0E)" 19021
192.168.12.204 - - [17/Feb/2013:07:13:36 +0600] "GET /pause/ajaxPause?pauseConfigId=&admin=0 HTTP/1.1" 200 986 "http://callider/pause/index" "Mozilla/4.0 (compatible; MSIE 7.0; Windows NT 6.1; WOW64; Trident/4.0; SLCC2; .NET CLR 2.0.50727; .NET CLR 3.5.30729; .NET CLR 3.0.30729; Media Center PC 6.0; InfoPath.3; .NET4.0C; .NET4.0E; .NET CLR 1.1.4322)" 27840
192.168.65.56 - - [17/Feb/2013:07:13:36 +0600] "GET /pause/ajaxPause?pauseConfigId=all&admin=1 HTTP/1.1" 200 1046 "http://192.168.65.101/pause/index" "Mozilla/5.0 (Windows NT 5.1; rv:15.0) Gecko/20100101 Firefox/15.0" 29689
192.168.74.93 - - [17/Feb/2013:07:13:38 +0600] "GET /tv/useUser HTTP/1.1" 200 432 "http://callider/graph/personal" "Mozilla/4.0 (compatible; MSIE 7.0; Windows NT 6.1; WOW64; Trident/5.0; SLCC2; .NET CLR 2.0.50727; .NET CLR 3.5.30729; .NET CLR 3.0.30729; Media Center PC 6.0; InfoPath.3; .NET4.0C; .NET4.0E)" 18220
192.168.12.210 - - [17/Feb/2013:07:13:39 +0600] "GET /tv/useUser HTTP/1.1" 200 431 "http://callider/graph/general" "Mozilla/4.0 (compatible; MSIE 7.0; Windows NT 6.1; WOW64; Trident/5.0; SLCC2; .NET CLR 2.0.50727; .NET CLR 3.5.30729; .NET CLR 3.0.30729; Media Center PC 6.0; InfoPath.3; .NET4.0C; .NET4.0E)" 10435
192.168.74.78 - - [17/Feb/2013:07:13:39 +0600] "GET /pause/ajaxPause?pauseConfigId=&admin=0 HTTP/1.1" 200 986 "http://callider/pause/index" "Mozilla/4.0 (compatible; MSIE 7.0; Windows NT 6.1; WOW64; Trident/5.0; SLCC2; .NET CLR 2.0.50727; .NET CLR 3.5.30729; .NET CLR 3.0.30729; Media Center PC 6.0; InfoPath.3; .NET4.0C; MS-RTC LM 8; .NET4.0E)" 21568
192.168.12.61 - - [17/Feb/2013:07:13:39 +0600] "GET /pause/ajaxPause?pauseConfigId=&admin=0 HTTP/1.1" 200 985 "http://callider/pause/index" "Mozilla/4.0 (compatible; MSIE 7.0; Windows NT 6.1; Trident/5.0; SLCC2; .NET CLR 2.0.50727; .NET CLR 3.5.30729; .NET CLR 3.0.30729; Media Center PC 6.0; InfoPath.3; .NET4.0C; .NET4.0E)" 20327
192.168.12.69 - - [17/Feb/2013:07:13:40 +0600] "GET /pause/ajaxPause?pauseConfigId=&admin=0 HTTP/1.1" 200 986 "http://callider/pause/index" "Mozilla/4.0 (compatible; MSIE 7.0; Windows NT 6.1; Trident/5.0; SLCC2; .NET CLR 2.0.50727; .NET CLR 3.5.30729; .NET CLR 3.0.30729; Media Center PC 6.0; InfoPath.3; .NET4.0C; .NET4.0E; Tablet PC 2.0; AskTbFXTV5/5.14.1.20007)" 22980
192.168.74.91 - - [17/Feb/2013:07:13:40 +0600] "GET /pause/ajaxPause?pauseConfigId=&admin=0 HTTP/1.1" 200 986 "http://callider/pause/index" "Mozilla/4.0 (compatible; MSIE 7.0; Windows NT 6.1; WOW64; Trident/5.0; SLCC2; .NET CLR 2.0.50727; .NET CLR 3.5.30729; .NET CLR 3.0.30729; Media Center PC 6.0; InfoPath.3; .NET4.0C; MS-RTC LM 8; .NET4.0E)" 46485
192.168.74.151 - - [17/Feb/2013:07:13:40 +0600] "GET /pause/ajaxPause?pauseConfigId=&admin=0 HTTP/1.1" 200 987 "http://callider.kontur/pause/index" "Mozilla/5.0 (Windows NT 6.1; WOW64; rv:18.0) Gecko/20100101 Firefox/18.0" 26789
192.168.12.210 - - [17/Feb/2013:07:13:40 +0600] "GET /pause/ajaxPause?pauseConfigId=all&admin=1 HTTP/1.1" 200 1047 "http://callider/pause/index" "Mozilla/4.0 (compatible; MSIE 7.0; Windows NT 6.1; WOW64; Trident/5.0; SLCC2; .NET CLR 2.0.50727; .NET CLR 3.5.30729; .NET CLR 3.0.30729; Media Center PC 6.0; InfoPath.3; .NET4.0C; .NET4.0E)" 80208
192.168.12.9 - - [17/Feb/2013:07:13:41 +0600] "GET /tv/useUser HTTP/1.1" 200 432 "http://callider.kontur/site/index" "Mozilla/5.0 (Windows NT 6.1; WOW64) AppleWebKit/537.17 (KHTML, like Gecko) Chrome/24.0.1312.57 Safari/537.17" 20732
192.168.12.60 - - [17/Feb/2013:07:13:41 +0600] "GET /pause/ajaxPause?pauseConfigId=&admin=0 HTTP/1.1" 200 986 "http://callider/pause/index" "Mozilla/4.0 (compatible; MSIE 8.0; Windows NT 6.1; Trident/4.0; InfoPath.3; .NET4.0C; MS-RTC LM 8; .NET4.0E)" 20423
192.168.12.77 - - [17/Feb/2013:07:13:41 +0600] "GET /pause/ajaxPause?pauseConfigId=&admin=0 HTTP/1.1" 200 1039 "http://callider/pause/index" "Mozilla/4.0 (compatible; MSIE 7.0; Windows NT 6.1; Trident/5.0; SLCC2; .NET CLR 2.0.50727; .NET CLR 3.5.30729; .NET CLR 3.0.30729; Media Center PC 6.0; Tablet PC 2.0; InfoPath.3; .NET4.0C; .NET4.0E; MS-RTC LM 8)" 13360
192.168.12.38 - - [17/Feb/2013:07:13:41 +0600] "GET /pause/ajaxPause?pauseConfigId=&admin=0 HTTP/1.1" 200 1040 "http://callider/pause/index" "Mozilla/4.0 (compatible; MSIE 7.0; Windows NT 6.1; WOW64; Trident/5.0; SLCC2; .NET CLR 2.0.50727; .NET CLR 3.5.30729; .NET CLR 3.0.30729; Media Center PC 6.0; InfoPath.3; .NET4.0C; .NET4.0E)" 16062
192.168.12.204 - - [17/Feb/2013:07:13:41 +0600] "GET /pause/ajaxPause?pauseConfigId=&admin=0 HTTP/1.1" 200 986 "http://callider/pause/index" "Mozilla/4.0 (compatible; MSIE 7.0; Windows NT 6.1; WOW64; Trident/4.0; SLCC2; .NET CLR 2.0.50727; .NET CLR 3.5.30729; .NET CLR 3.0.30729; Media Center PC 6.0; InfoPath.3; .NET4.0C; .NET4.0E; .NET CLR 1.1.4322)" 42459
192.168.65.56 - - [17/Feb/2013:07:13:41 +0600] "GET /pause/ajaxPause?pauseConfigId=all&admin=1 HTTP/1.1" 200 1046 "http://192.168.65.101/pause/index" "Mozilla/5.0 (Windows NT 5.1; rv:15.0) Gecko/20100101 Firefox/15.0" 36178
192.168.74.78 - - [17/Feb/2013:07:13:44 +0600] "GET /pause/ajaxPause?pauseConfigId=&admin=0 HTTP/1.1" 200 986 "http://callider/pause/index" "Mozilla/4.0 (compatible; MSIE 7.0; Windows NT 6.1; WOW64; Trident/5.0; SLCC2; .NET CLR 2.0.50727; .NET CLR 3.5.30729; .NET CLR 3.0.30729; Media Center PC 6.0; InfoPath.3; .NET4.0C; MS-RTC LM 8; .NET4.0E)" 26902
192.168.12.61 - - [17/Feb/2013:07:13:44 +0600] "GET /pause/ajaxPause?pauseConfigId=&admin=0 HTTP/1.1" 200 986 "http://callider/pause/index" "Mozilla/4.0 (compatible; MSIE 7.0; Windows NT 6.1; Trident/5.0; SLCC2; .NET CLR 2.0.50727; .NET CLR 3.5.30729; .NET CLR 3.0.30729; Media Center PC 6.0; InfoPath.3; .NET4.0C; .NET4.0E)" 30447
192.168.12.69 - - [17/Feb/2013:07:13:45 +0600] "GET /pause/ajaxPause?pauseConfigId=&admin=0 HTTP/1.1" 200 986 "http://callider/pause/index" "Mozilla/4.0 (compatible; MSIE 7.0; Windows NT 6.1; Trident/5.0; SLCC2; .NET CLR 2.0.50727; .NET CLR 3.5.30729; .NET CLR 3.0.30729; Media Center PC 6.0; InfoPath.3; .NET4.0C; .NET4.0E; Tablet PC 2.0; AskTbFXTV5/5.14.1.20007)" 26783
192.168.74.91 - - [17/Feb/2013:07:13:45 +0600] "GET /pause/ajaxPause?pauseConfigId=&admin=0 HTTP/1.1" 200 986 "http://callider/pause/index" "Mozilla/4.0 (compatible; MSIE 7.0; Windows NT 6.1; WOW64; Trident/5.0; SLCC2; .NET CLR 2.0.50727; .NET CLR 3.5.30729; .NET CLR 3.0.30729; Media Center PC 6.0; InfoPath.3; .NET4.0C; MS-RTC LM 8; .NET4.0E)" 19388
192.168.74.151 - - [17/Feb/2013:07:13:45 +0600] "GET /pause/ajaxPause?pauseConfigId=&admin=0 HTTP/1.1" 200 987 "http://callider.kontur/pause/index" "Mozilla/5.0 (Windows NT 6.1; WOW64; rv:18.0) Gecko/20100101 Firefox/18.0" 27085
192.168.12.210 - - [17/Feb/2013:07:13:45 +0600] "GET /pause/ajaxPause?pauseConfigId=all&admin=1 HTTP/1.1" 200 1047 "http://callider/pause/index" "Mozilla/4.0 (compatible; MSIE 7.0; Windows NT 6.1; WOW64; Trident/5.0; SLCC2; .NET CLR 2.0.50727; .NET CLR 3.5.30729; .NET CLR 3.0.30729; Media Center PC 6.0; InfoPath.3; .NET4.0C; .NET4.0E)" 18560
192.168.12.60 - - [17/Feb/2013:07:13:46 +0600] "GET /pause/ajaxPause?pauseConfigId=&admin=0 HTTP/1.1" 200 986 "http://callider/pause/index" "Mozilla/4.0 (compatible; MSIE 8.0; Windows NT 6.1; Trident/4.0; InfoPath.3; .NET4.0C; MS-RTC LM 8; .NET4.0E)" 20861
192.168.12.77 - - [17/Feb/2013:07:13:46 +0600] "GET /pause/ajaxPause?pauseConfigId=&admin=0 HTTP/1.1" 200 1039 "http://callider/pause/index" "Mozilla/4.0 (compatible; MSIE 7.0; Windows NT 6.1; Trident/5.0; SLCC2; .NET CLR 2.0.50727; .NET CLR 3.5.30729; .NET CLR 3.0.30729; Media Center PC 6.0; Tablet PC 2.0; InfoPath.3; .NET4.0C; .NET4.0E; MS-RTC LM 8)" 13562
192.168.12.38 - - [17/Feb/2013:07:13:46 +0600] "GET /pause/ajaxPause?pauseConfigId=&admin=0 HTTP/1.1" 200 1040 "http://callider/pause/index" "Mozilla/4.0 (compatible; MSIE 7.0; Windows NT 6.1; WOW64; Trident/5.0; SLCC2; .NET CLR 2.0.50727; .NET CLR 3.5.30729; .NET CLR 3.0.30729; Media Center PC 6.0; InfoPath.3; .NET4.0C; .NET4.0E)" 16903
192.168.12.204 - - [17/Feb/2013:07:13:46 +0600] "GET /pause/ajaxPause?pauseConfigId=&admin=0 HTTP/1.1" 200 986 "http://callider/pause/index" "Mozilla/4.0 (compatible; MSIE 7.0; Windows NT 6.1; WOW64; Trident/4.0; SLCC2; .NET CLR 2.0.50727; .NET CLR 3.5.30729; .NET CLR 3.0.30729; Media Center PC 6.0; InfoPath.3; .NET4.0C; .NET4.0E; .NET CLR 1.1.4322)" 21506
192.168.65.56 - - [17/Feb/2013:07:13:46 +0600] "GET /pause/ajaxPause?pauseConfigId=all&admin=1 HTTP/1.1" 200 1046 "http://192.168.65.101/pause/index" "Mozilla/5.0 (Windows NT 5.1; rv:15.0) Gecko/20100101 Firefox/15.0" 51330
192.168.12.210 - - [17/Feb/2013:07:13:49 +0600] "GET /tv/useUser HTTP/1.1" 200 431 "http://callider/pause/index" "Mozilla/4.0 (compatible; MSIE 7.0; Windows NT 6.1; WOW64; Trident/5.0; SLCC2; .NET CLR 2.0.50727; .NET CLR 3.5.30729; .NET CLR 3.0.30729; Media Center PC 6.0; InfoPath.3; .NET4.0C; .NET4.0E)" 10334
192.168.74.78 - - [17/Feb/2013:07:13:49 +0600] "GET /pause/ajaxPause?pauseConfigId=&admin=0 HTTP/1.1" 200 986 "http://callider/pause/index" "Mozilla/4.0 (compatible; MSIE 7.0; Windows NT 6.1; WOW64; Trident/5.0; SLCC2; .NET CLR 2.0.50727; .NET CLR 3.5.30729; .NET CLR 3.0.30729; Media Center PC 6.0; InfoPath.3; .NET4.0C; MS-RTC LM 8; .NET4.0E)" 27733
192.168.12.61 - - [17/Feb/2013:07:13:49 +0600] "GET /pause/ajaxPause?pauseConfigId=&admin=0 HTTP/1.1" 200 985 "http://callider/pause/index" "Mozilla/4.0 (compatible; MSIE 7.0; Windows NT 6.1; Trident/5.0; SLCC2; .NET CLR 2.0.50727; .NET CLR 3.5.30729; .NET CLR 3.0.30729; Media Center PC 6.0; InfoPath.3; .NET4.0C; .NET4.0E)" 22210
192.168.12.69 - - [17/Feb/2013:07:13:50 +0600] "GET /pause/ajaxPause?pauseConfigId=&admin=0 HTTP/1.1" 200 986 "http://callider/pause/index" "Mozilla/4.0 (compatible; MSIE 7.0; Windows NT 6.1; Trident/5.0; SLCC2; .NET CLR 2.0.50727; .NET CLR 3.5.30729; .NET CLR 3.0.30729; Media Center PC 6.0; InfoPath.3; .NET4.0C; .NET4.0E; Tablet PC 2.0; AskTbFXTV5/5.14.1.20007)" 20718
192.168.74.91 - - [17/Feb/2013:07:13:50 +0600] "GET /pause/ajaxPause?pauseConfigId=&admin=0 HTTP/1.1" 200 986 "http://callider/pause/index" "Mozilla/4.0 (compatible; MSIE 7.0; Windows NT 6.1; WOW64; Trident/5.0; SLCC2; .NET CLR 2.0.50727; .NET CLR 3.5.30729; .NET CLR 3.0.30729; Media Center PC 6.0; InfoPath.3; .NET4.0C; MS-RTC LM 8; .NET4.0E)" 21407
192.168.74.151 - - [17/Feb/2013:07:13:50 +0600] "GET /pause/ajaxPause?pauseConfigId=&admin=0 HTTP/1.1" 200 987 "http://callider.kontur/pause/index" "Mozilla/5.0 (Windows NT 6.1; WOW64; rv:18.0) Gecko/20100101 Firefox/18.0" 18902
192.168.12.210 - - [17/Feb/2013:07:13:50 +0600] "GET /pause/ajaxPause?pauseConfigId=all&admin=1 HTTP/1.1" 200 1047 "http://callider/pause/index" "Mozilla/4.0 (compatible; MSIE 7.0; Windows NT 6.1; WOW64; Trident/5.0; SLCC2; .NET CLR 2.0.50727; .NET CLR 3.5.30729; .NET CLR 3.0.30729; Media Center PC 6.0; InfoPath.3; .NET4.0C; .NET4.0E)" 21966
192.168.12.60 - - [17/Feb/2013:07:13:51 +0600] "GET /pause/ajaxPause?pauseConfigId=&admin=0 HTTP/1.1" 200 986 "http://callider/pause/index" "Mozilla/4.0 (compatible; MSIE 8.0; Windows NT 6.1; Trident/4.0; InfoPath.3; .NET4.0C; MS-RTC LM 8; .NET4.0E)" 22455
192.168.12.77 - - [17/Feb/2013:07:13:51 +0600] "GET /pause/ajaxPause?pauseConfigId=&admin=0 HTTP/1.1" 200 1039 "http://callider/pause/index" "Mozilla/4.0 (compatible; MSIE 7.0; Windows NT 6.1; Trident/5.0; SLCC2; .NET CLR 2.0.50727; .NET CLR 3.5.30729; .NET CLR 3.0.30729; Media Center PC 6.0; Tablet PC 2.0; InfoPath.3; .NET4.0C; .NET4.0E; MS-RTC LM 8)" 14870
192.168.12.38 - - [17/Feb/2013:07:13:51 +0600] "GET /pause/ajaxPause?pauseConfigId=&admin=0 HTTP/1.1" 200 1040 "http://callider/pause/index" "Mozilla/4.0 (compatible; MSIE 7.0; Windows NT 6.1; WOW64; Trident/5.0; SLCC2; .NET CLR 2.0.50727; .NET CLR 3.5.30729; .NET CLR 3.0.30729; Media Center PC 6.0; InfoPath.3; .NET4.0C; .NET4.0E)" 19022
192.168.12.204 - - [17/Feb/2013:07:13:51 +0600] "GET /pause/ajaxPause?pauseConfigId=&admin=0 HTTP/1.1" 200 986 "http://callider/pause/index" "Mozilla/4.0 (compatible; MSIE 7.0; Windows NT 6.1; WOW64; Trident/4.0; SLCC2; .NET CLR 2.0.50727; .NET CLR 3.5.30729; .NET CLR 3.0.30729; Media Center PC 6.0; InfoPath.3; .NET4.0C; .NET4.0E; .NET CLR 1.1.4322)" 20189
192.168.65.56 - - [17/Feb/2013:07:13:51 +0600] "GET /pause/ajaxPause?pauseConfigId=all&admin=1 HTTP/1.1" 200 1046 "http://192.168.65.101/pause/index" "Mozilla/5.0 (Windows NT 5.1; rv:15.0) Gecko/20100101 Firefox/15.0" 42822
192.168.65.56 - - [17/Feb/2013:07:13:51 +0600] "GET /tv/useUser HTTP/1.1" 200 431 "http://192.168.65.101/pause/index" "Mozilla/5.0 (Windows NT 5.1; rv:15.0) Gecko/20100101 Firefox/15.0" 13855
192.168.65.56 - - [17/Feb/2013:07:13:51 +0600] "GET /lib/icq/icq.php HTTP/1.1" 200 595 "-" "Mozilla/5.0 (Windows NT 5.1; rv:15.0) Gecko/20100101 Firefox/15.0" 92471
192.168.74.78 - - [17/Feb/2013:07:13:54 +0600] "GET /pause/ajaxPause?pauseConfigId=&admin=0 HTTP/1.1" 200 986 "http://callider/pause/index" "Mozilla/4.0 (compatible; MSIE 7.0; Windows NT 6.1; WOW64; Trident/5.0; SLCC2; .NET CLR 2.0.50727; .NET CLR 3.5.30729; .NET CLR 3.0.30729; Media Center PC 6.0; InfoPath.3; .NET4.0C; MS-RTC LM 8; .NET4.0E)" 52337
192.168.12.61 - - [17/Feb/2013:07:13:54 +0600] "GET /pause/ajaxPause?pauseConfigId=&admin=0 HTTP/1.1" 200 985 "http://callider/pause/index" "Mozilla/4.0 (compatible; MSIE 7.0; Windows NT 6.1; Trident/5.0; SLCC2; .NET CLR 2.0.50727; .NET CLR 3.5.30729; .NET CLR 3.0.30729; Media Center PC 6.0; InfoPath.3; .NET4.0C; .NET4.0E)" 22580
192.168.12.69 - - [17/Feb/2013:07:13:55 +0600] "GET /pause/ajaxPause?pauseConfigId=&admin=0 HTTP/1.1" 200 986 "http://callider/pause/index" "Mozilla/4.0 (compatible; MSIE 7.0; Windows NT 6.1; Trident/5.0; SLCC2; .NET CLR 2.0.50727; .NET CLR 3.5.30729; .NET CLR 3.0.30729; Media Center PC 6.0; InfoPath.3; .NET4.0C; .NET4.0E; Tablet PC 2.0; AskTbFXTV5/5.14.1.20007)" 170971
192.168.12.210 - - [17/Feb/2013:07:13:55 +0600] "GET /pause/ajaxPause?pauseConfigId=all&admin=1 HTTP/1.1" 200 1047 "http://callider/pause/index" "Mozilla/4.0 (compatible; MSIE 7.0; Windows NT 6.1; WOW64; Trident/5.0; SLCC2; .NET CLR 2.0.50727; .NET CLR 3.5.30729; .NET CLR 3.0.30729; Media Center PC 6.0; InfoPath.3; .NET4.0C; .NET4.0E)" 203054
192.168.74.151 - - [17/Feb/2013:07:13:55 +0600] "GET /pause/ajaxPause?pauseConfigId=&admin=0 HTTP/1.1" 200 987 "http://callider.kontur/pause/index" "Mozilla/5.0 (Windows NT 6.1; WOW64; rv:18.0) Gecko/20100101 Firefox/18.0" 283530
192.168.74.91 - - [17/Feb/2013:07:13:55 +0600] "GET /pause/ajaxPause?pauseConfigId=&admin=0 HTTP/1.1" 200 986 "http://callider/pause/index" "Mozilla/4.0 (compatible; MSIE 7.0; Windows NT 6.1; WOW64; Trident/5.0; SLCC2; .NET CLR 2.0.50727; .NET CLR 3.5.30729; .NET CLR 3.0.30729; Media Center PC 6.0; InfoPath.3; .NET4.0C; MS-RTC LM 8; .NET4.0E)" 327954
192.168.12.60 - - [17/Feb/2013:07:13:56 +0600] "GET /pause/ajaxPause?pauseConfigId=&admin=0 HTTP/1.1" 200 986 "http://callider/pause/index" "Mozilla/4.0 (compatible; MSIE 8.0; Windows NT 6.1; Trident/4.0; InfoPath.3; .NET4.0C; MS-RTC LM 8; .NET4.0E)" 22085
192.168.12.77 - - [17/Feb/2013:07:13:56 +0600] "GET /pause/ajaxPause?pauseConfigId=&admin=0 HTTP/1.1" 200 1039 "http://callider/pause/index" "Mozilla/4.0 (compatible; MSIE 7.0; Windows NT 6.1; Trident/5.0; SLCC2; .NET CLR 2.0.50727; .NET CLR 3.5.30729; .NET CLR 3.0.30729; Media Center PC 6.0; Tablet PC 2.0; InfoPath.3; .NET4.0C; .NET4.0E; MS-RTC LM 8)" 20534
192.168.12.38 - - [17/Feb/2013:07:13:56 +0600] "GET /pause/ajaxPause?pauseConfigId=&admin=0 HTTP/1.1" 200 1040 "http://callider/pause/index" "Mozilla/4.0 (compatible; MSIE 7.0; Windows NT 6.1; WOW64; Trident/5.0; SLCC2; .NET CLR 2.0.50727; .NET CLR 3.5.30729; .NET CLR 3.0.30729; Media Center PC 6.0; InfoPath.3; .NET4.0C; .NET4.0E)" 16503
192.168.12.204 - - [17/Feb/2013:07:13:56 +0600] "GET /pause/ajaxPause?pauseConfigId=&admin=0 HTTP/1.1" 200 986 "http://callider/pause/index" "Mozilla/4.0 (compatible; MSIE 7.0; Windows NT 6.1; WOW64; Trident/4.0; SLCC2; .NET CLR 2.0.50727; .NET CLR 3.5.30729; .NET CLR 3.0.30729; Media Center PC 6.0; InfoPath.3; .NET4.0C; .NET4.0E; .NET CLR 1.1.4322)" 19784
192.168.65.56 - - [17/Feb/2013:07:13:56 +0600] "GET /pause/ajaxPause?pauseConfigId=all&admin=1 HTTP/1.1" 200 1047 "http://192.168.65.101/pause/index" "Mozilla/5.0 (Windows NT 5.1; rv:15.0) Gecko/20100101 Firefox/15.0" 36974
192.168.74.78 - - [17/Feb/2013:07:13:59 +0600] "GET /pause/ajaxPause?pauseConfigId=&admin=0 HTTP/1.1" 200 986 "http://callider/pause/index" "Mozilla/4.0 (compatible; MSIE 7.0; Windows NT 6.1; WOW64; Trident/5.0; SLCC2; .NET CLR 2.0.50727; .NET CLR 3.5.30729; .NET CLR 3.0.30729; Media Center PC 6.0; InfoPath.3; .NET4.0C; MS-RTC LM 8; .NET4.0E)" 20439
192.168.12.61 - - [17/Feb/2013:07:13:59 +0600] "GET /pause/ajaxPause?pauseConfigId=&admin=0 HTTP/1.1" 200 985 "http://callider/pause/index" "Mozilla/4.0 (compatible; MSIE 7.0; Windows NT 6.1; Trident/5.0; SLCC2; .NET CLR 2.0.50727; .NET CLR 3.5.30729; .NET CLR 3.0.30729; Media Center PC 6.0; InfoPath.3; .NET4.0C; .NET4.0E)" 20454
192.168.12.69 - - [17/Feb/2013:07:14:00 +0600] "GET /pause/ajaxPause?pauseConfigId=&admin=0 HTTP/1.1" 200 986 "http://callider/pause/index" "Mozilla/4.0 (compatible; MSIE 7.0; Windows NT 6.1; Trident/5.0; SLCC2; .NET CLR 2.0.50727; .NET CLR 3.5.30729; .NET CLR 3.0.30729; Media Center PC 6.0; InfoPath.3; .NET4.0C; .NET4.0E; Tablet PC 2.0; AskTbFXTV5/5.14.1.20007)" 19664
192.168.74.91 - - [17/Feb/2013:07:14:00 +0600] "GET /pause/ajaxPause?pauseConfigId=&admin=0 HTTP/1.1" 200 986 "http://callider/pause/index" "Mozilla/4.0 (compatible; MSIE 7.0; Windows NT 6.1; WOW64; Trident/5.0; SLCC2; .NET CLR 2.0.50727; .NET CLR 3.5.30729; .NET CLR 3.0.30729; Media Center PC 6.0; InfoPath.3; .NET4.0C; MS-RTC LM 8; .NET4.0E)" 21537
192.168.74.151 - - [17/Feb/2013:07:14:00 +0600] "GET /pause/ajaxPause?pauseConfigId=&admin=0 HTTP/1.1" 200 987 "http://callider.kontur/pause/index" "Mozilla/5.0 (Windows NT 6.1; WOW64; rv:18.0) Gecko/20100101 Firefox/18.0" 21216
192.168.12.210 - - [17/Feb/2013:07:14:00 +0600] "GET /pause/ajaxPause?pauseConfigId=all&admin=1 HTTP/1.1" 200 1047 "http://callider/pause/index" "Mozilla/4.0 (compatible; MSIE 7.0; Windows NT 6.1; WOW64; Trident/5.0; SLCC2; .NET CLR 2.0.50727; .NET CLR 3.5.30729; .NET CLR 3.0.30729; Media Center PC 6.0; InfoPath.3; .NET4.0C; .NET4.0E)" 53754
192.168.12.60 - - [17/Feb/2013:07:14:01 +0600] "GET /pause/ajaxPause?pauseConfigId=&admin=0 HTTP/1.1" 200 986 "http://callider/pause/index" "Mozilla/4.0 (compatible; MSIE 8.0; Windows NT 6.1; Trident/4.0; InfoPath.3; .NET4.0C; MS-RTC LM 8; .NET4.0E)" 20221
192.168.12.77 - - [17/Feb/2013:07:14:01 +0600] "GET /pause/ajaxPause?pauseConfigId=&admin=0 HTTP/1.1" 200 1039 "http://callider/pause/index" "Mozilla/4.0 (compatible; MSIE 7.0; Windows NT 6.1; Trident/5.0; SLCC2; .NET CLR 2.0.50727; .NET CLR 3.5.30729; .NET CLR 3.0.30729; Media Center PC 6.0; Tablet PC 2.0; InfoPath.3; .NET4.0C; .NET4.0E; MS-RTC LM 8)" 14324
192.168.12.38 - - [17/Feb/2013:07:14:01 +0600] "GET /pause/ajaxPause?pauseConfigId=&admin=0 HTTP/1.1" 200 1040 "http://callider/pause/index" "Mozilla/4.0 (compatible; MSIE 7.0; Windows NT 6.1; WOW64; Trident/5.0; SLCC2; .NET CLR 2.0.50727; .NET CLR 3.5.30729; .NET CLR 3.0.30729; Media Center PC 6.0; InfoPath.3; .NET4.0C; .NET4.0E)" 23490
192.168.12.204 - - [17/Feb/2013:07:14:01 +0600] "GET /pause/ajaxPause?pauseConfigId=&admin=0 HTTP/1.1" 200 986 "http://callider/pause/index" "Mozilla/4.0 (compatible; MSIE 7.0; Windows NT 6.1; WOW64; Trident/4.0; SLCC2; .NET CLR 2.0.50727; .NET CLR 3.5.30729; .NET CLR 3.0.30729; Media Center PC 6.0; InfoPath.3; .NET4.0C; .NET4.0E; .NET CLR 1.1.4322)" 138544
192.168.65.56 - - [17/Feb/2013:07:14:01 +0600] "GET /pause/ajaxPause?pauseConfigId=all&admin=1 HTTP/1.1" 200 1046 "http://192.168.65.101/pause/index" "Mozilla/5.0 (Windows NT 5.1; rv:15.0) Gecko/20100101 Firefox/15.0" 90375
192.168.74.78 - - [17/Feb/2013:07:14:04 +0600] "GET /pause/ajaxPause?pauseConfigId=&admin=0 HTTP/1.1" 200 986 "http://callider/pause/index" "Mozilla/4.0 (compatible; MSIE 7.0; Windows NT 6.1; WOW64; Trident/5.0; SLCC2; .NET CLR 2.0.50727; .NET CLR 3.5.30729; .NET CLR 3.0.30729; Media Center PC 6.0; InfoPath.3; .NET4.0C; MS-RTC LM 8; .NET4.0E)" 20188
192.168.12.61 - - [17/Feb/2013:07:14:04 +0600] "GET /pause/ajaxPause?pauseConfigId=&admin=0 HTTP/1.1" 200 985 "http://callider/pause/index" "Mozilla/4.0 (compatible; MSIE 7.0; Windows NT 6.1; Trident/5.0; SLCC2; .NET CLR 2.0.50727; .NET CLR 3.5.30729; .NET CLR 3.0.30729; Media Center PC 6.0; InfoPath.3; .NET4.0C; .NET4.0E)" 34016
192.168.12.69 - - [17/Feb/2013:07:14:05 +0600] "GET /pause/ajaxPause?pauseConfigId=&admin=0 HTTP/1.1" 200 986 "http://callider/pause/index" "Mozilla/4.0 (compatible; MSIE 7.0; Windows NT 6.1; Trident/5.0; SLCC2; .NET CLR 2.0.50727; .NET CLR 3.5.30729; .NET CLR 3.0.30729; Media Center PC 6.0; InfoPath.3; .NET4.0C; .NET4.0E; Tablet PC 2.0; AskTbFXTV5/5.14.1.20007)" 31599
192.168.12.61 - - [17/Feb/2013:07:14:05 +0600] "GET /tv/useUser HTTP/1.1" 200 431 "http://callider/pause/index" "Mozilla/4.0 (compatible; MSIE 7.0; Windows NT 6.1; Trident/5.0; SLCC2; .NET CLR 2.0.50727; .NET CLR 3.5.30729; .NET CLR 3.0.30729; Media Center PC 6.0; InfoPath.3; .NET4.0C; .NET4.0E)" 12782
192.168.74.91 - - [17/Feb/2013:07:14:05 +0600] "GET /pause/ajaxPause?pauseConfigId=&admin=0 HTTP/1.1" 200 986 "http://callider/pause/index" "Mozilla/4.0 (compatible; MSIE 7.0; Windows NT 6.1; WOW64; Trident/5.0; SLCC2; .NET CLR 2.0.50727; .NET CLR 3.5.30729; .NET CLR 3.0.30729; Media Center PC 6.0; InfoPath.3; .NET4.0C; MS-RTC LM 8; .NET4.0E)" 23081
192.168.74.151 - - [17/Feb/2013:07:14:05 +0600] "GET /pause/ajaxPause?pauseConfigId=&admin=0 HTTP/1.1" 200 987 "http://callider.kontur/pause/index" "Mozilla/5.0 (Windows NT 6.1; WOW64; rv:18.0) Gecko/20100101 Firefox/18.0" 23925
192.168.12.210 - - [17/Feb/2013:07:14:05 +0600] "GET /pause/ajaxPause?pauseConfigId=all&admin=1 HTTP/1.1" 200 1047 "http://callider/pause/index" "Mozilla/4.0 (compatible; MSIE 7.0; Windows NT 6.1; WOW64; Trident/5.0; SLCC2; .NET CLR 2.0.50727; .NET CLR 3.5.30729; .NET CLR 3.0.30729; Media Center PC 6.0; InfoPath.3; .NET4.0C; .NET4.0E)" 17567
192.168.12.60 - - [17/Feb/2013:07:14:06 +0600] "GET /pause/ajaxPause?pauseConfigId=&admin=0 HTTP/1.1" 200 986 "http://callider/pause/index" "Mozilla/4.0 (compatible; MSIE 8.0; Windows NT 6.1; Trident/4.0; InfoPath.3; .NET4.0C; MS-RTC LM 8; .NET4.0E)" 23551
192.168.12.77 - - [17/Feb/2013:07:14:06 +0600] "GET /pause/ajaxPause?pauseConfigId=&admin=0 HTTP/1.1" 200 1039 "http://callider/pause/index" "Mozilla/4.0 (compatible; MSIE 7.0; Windows NT 6.1; Trident/5.0; SLCC2; .NET CLR 2.0.50727; .NET CLR 3.5.30729; .NET CLR 3.0.30729; Media Center PC 6.0; Tablet PC 2.0; InfoPath.3; .NET4.0C; .NET4.0E; MS-RTC LM 8)" 17030
192.168.12.38 - - [17/Feb/2013:07:14:06 +0600] "GET /pause/ajaxPause?pauseConfigId=&admin=0 HTTP/1.1" 200 1040 "http://callider/pause/index" "Mozilla/4.0 (compatible; MSIE 7.0; Windows NT 6.1; WOW64; Trident/5.0; SLCC2; .NET CLR 2.0.50727; .NET CLR 3.5.30729; .NET CLR 3.0.30729; Media Center PC 6.0; InfoPath.3; .NET4.0C; .NET4.0E)" 16705
192.168.12.204 - - [17/Feb/2013:07:14:06 +0600] "GET /pause/ajaxPause?pauseConfigId=&admin=0 HTTP/1.1" 200 986 "http://callider/pause/index" "Mozilla/4.0 (compatible; MSIE 7.0; Windows NT 6.1; WOW64; Trident/4.0; SLCC2; .NET CLR 2.0.50727; .NET CLR 3.5.30729; .NET CLR 3.0.30729; Media Center PC 6.0; InfoPath.3; .NET4.0C; .NET4.0E; .NET CLR 1.1.4322)" 19206
192.168.65.56 - - [17/Feb/2013:07:14:06 +0600] "GET /pause/ajaxPause?pauseConfigId=all&admin=1 HTTP/1.1" 200 1046 "http://192.168.65.101/pause/index" "Mozilla/5.0 (Windows NT 5.1; rv:15.0) Gecko/20100101 Firefox/15.0" 25284
192.168.74.78 - - [17/Feb/2013:07:14:09 +0600] "GET /pause/ajaxPause?pauseConfigId=&admin=0 HTTP/1.1" 200 986 "http://callider/pause/index" "Mozilla/4.0 (compatible; MSIE 7.0; Windows NT 6.1; WOW64; Trident/5.0; SLCC2; .NET CLR 2.0.50727; .NET CLR 3.5.30729; .NET CLR 3.0.30729; Media Center PC 6.0; InfoPath.3; .NET4.0C; MS-RTC LM 8; .NET4.0E)" 24080
192.168.12.61 - - [17/Feb/2013:07:14:09 +0600] "GET /pause/ajaxPause?pauseConfigId=&admin=0 HTTP/1.1" 200 985 "http://callider/pause/index" "Mozilla/4.0 (compatible; MSIE 7.0; Windows NT 6.1; Trident/5.0; SLCC2; .NET CLR 2.0.50727; .NET CLR 3.5.30729; .NET CLR 3.0.30729; Media Center PC 6.0; InfoPath.3; .NET4.0C; .NET4.0E)" 19586
192.168.12.69 - - [17/Feb/2013:07:14:10 +0600] "GET /pause/ajaxPause?pauseConfigId=&admin=0 HTTP/1.1" 200 986 "http://callider/pause/index" "Mozilla/4.0 (compatible; MSIE 7.0; Windows NT 6.1; Trident/5.0; SLCC2; .NET CLR 2.0.50727; .NET CLR 3.5.30729; .NET CLR 3.0.30729; Media Center PC 6.0; InfoPath.3; .NET4.0C; .NET4.0E; Tablet PC 2.0; AskTbFXTV5/5.14.1.20007)" 21800
192.168.74.91 - - [17/Feb/2013:07:14:10 +0600] "GET /pause/ajaxPause?pauseConfigId=&admin=0 HTTP/1.1" 200 986 "http://callider/pause/index" "Mozilla/4.0 (compatible; MSIE 7.0; Windows NT 6.1; WOW64; Trident/5.0; SLCC2; .NET CLR 2.0.50727; .NET CLR 3.5.30729; .NET CLR 3.0.30729; Media Center PC 6.0; InfoPath.3; .NET4.0C; MS-RTC LM 8; .NET4.0E)" 18595
192.168.74.151 - - [17/Feb/2013:07:14:10 +0600] "GET /pause/ajaxPause?pauseConfigId=&admin=0 HTTP/1.1" 200 987 "http://callider.kontur/pause/index" "Mozilla/5.0 (Windows NT 6.1; WOW64; rv:18.0) Gecko/20100101 Firefox/18.0" 18563
192.168.12.210 - - [17/Feb/2013:07:14:10 +0600] "GET /pause/ajaxPause?pauseConfigId=all&admin=1 HTTP/1.1" 200 1047 "http://callider/pause/index" "Mozilla/4.0 (compatible; MSIE 7.0; Windows NT 6.1; WOW64; Trident/5.0; SLCC2; .NET CLR 2.0.50727; .NET CLR 3.5.30729; .NET CLR 3.0.30729; Media Center PC 6.0; InfoPath.3; .NET4.0C; .NET4.0E)" 20092
192.168.12.42 - - [17/Feb/2013:07:14:11 +0600] "GET /tv/useUser HTTP/1.1" 200 432 "http://callider/graph/personal" "Mozilla/4.0 (compatible; MSIE 7.0; Windows NT 6.1; WOW64; Trident/5.0; SLCC2; .NET CLR 2.0.50727; .NET CLR 3.5.30729; .NET CLR 3.0.30729; Media Center PC 6.0; InfoPath.3; .NET4.0C; .NET4.0E)" 17785
192.168.12.60 - - [17/Feb/2013:07:14:11 +0600] "GET /pause/ajaxPause?pauseConfigId=&admin=0 HTTP/1.1" 200 986 "http://callider/pause/index" "Mozilla/4.0 (compatible; MSIE 8.0; Windows NT 6.1; Trident/4.0; InfoPath.3; .NET4.0C; MS-RTC LM 8; .NET4.0E)" 21553
192.168.12.77 - - [17/Feb/2013:07:14:11 +0600] "GET /pause/ajaxPause?pauseConfigId=&admin=0 HTTP/1.1" 200 1039 "http://callider/pause/index" "Mozilla/4.0 (compatible; MSIE 7.0; Windows NT 6.1; Trident/5.0; SLCC2; .NET CLR 2.0.50727; .NET CLR 3.5.30729; .NET CLR 3.0.30729; Media Center PC 6.0; Tablet PC 2.0; InfoPath.3; .NET4.0C; .NET4.0E; MS-RTC LM 8)" 13936
192.168.12.38 - - [17/Feb/2013:07:14:11 +0600] "GET /pause/ajaxPause?pauseConfigId=&admin=0 HTTP/1.1" 200 1040 "http://callider/pause/index" "Mozilla/4.0 (compatible; MSIE 7.0; Windows NT 6.1; WOW64; Trident/5.0; SLCC2; .NET CLR 2.0.50727; .NET CLR 3.5.30729; .NET CLR 3.0.30729; Media Center PC 6.0; InfoPath.3; .NET4.0C; .NET4.0E)" 15664
192.168.12.204 - - [17/Feb/2013:07:14:11 +0600] "GET /pause/ajaxPause?pauseConfigId=&admin=0 HTTP/1.1" 200 986 "http://callider/pause/index" "Mozilla/4.0 (compatible; MSIE 7.0; Windows NT 6.1; WOW64; Trident/4.0; SLCC2; .NET CLR 2.0.50727; .NET CLR 3.5.30729; .NET CLR 3.0.30729; Media Center PC 6.0; InfoPath.3; .NET4.0C; .NET4.0E; .NET CLR 1.1.4322)" 19873
192.168.65.56 - - [17/Feb/2013:07:14:11 +0600] "GET /pause/ajaxPause?pauseConfigId=all&admin=1 HTTP/1.1" 200 1046 "http://192.168.65.101/pause/index" "Mozilla/5.0 (Windows NT 5.1; rv:15.0) Gecko/20100101 Firefox/15.0" 25792
192.168.74.151 - - [17/Feb/2013:07:14:13 +0600] "GET /tv/useUser HTTP/1.1" 200 431 "http://callider.kontur/graph/general" "Mozilla/5.0 (Windows NT 6.1; WOW64; rv:18.0) Gecko/20100101 Firefox/18.0" 9515
192.168.74.78 - - [17/Feb/2013:07:14:14 +0600] "GET /pause/ajaxPause?pauseConfigId=&admin=0 HTTP/1.1" 200 986 "http://callider/pause/index" "Mozilla/4.0 (compatible; MSIE 7.0; Windows NT 6.1; WOW64; Trident/5.0; SLCC2; .NET CLR 2.0.50727; .NET CLR 3.5.30729; .NET CLR 3.0.30729; Media Center PC 6.0; InfoPath.3; .NET4.0C; MS-RTC LM 8; .NET4.0E)" 17722
192.168.12.61 - - [17/Feb/2013:07:14:14 +0600] "GET /pause/ajaxPause?pauseConfigId=&admin=0 HTTP/1.1" 200 985 "http://callider/pause/index" "Mozilla/4.0 (compatible; MSIE 7.0; Windows NT 6.1; Trident/5.0; SLCC2; .NET CLR 2.0.50727; .NET CLR 3.5.30729; .NET CLR 3.0.30729; Media Center PC 6.0; InfoPath.3; .NET4.0C; .NET4.0E)" 21140
192.168.12.69 - - [17/Feb/2013:07:14:15 +0600] "GET /pause/ajaxPause?pauseConfigId=&admin=0 HTTP/1.1" 200 986 "http://callider/pause/index" "Mozilla/4.0 (compatible; MSIE 7.0; Windows NT 6.1; Trident/5.0; SLCC2; .NET CLR 2.0.50727; .NET CLR 3.5.30729; .NET CLR 3.0.30729; Media Center PC 6.0; InfoPath.3; .NET4.0C; .NET4.0E; Tablet PC 2.0; AskTbFXTV5/5.14.1.20007)" 18504
192.168.74.91 - - [17/Feb/2013:07:14:15 +0600] "GET /pause/ajaxPause?pauseConfigId=&admin=0 HTTP/1.1" 200 986 "http://callider/pause/index" "Mozilla/4.0 (compatible; MSIE 7.0; Windows NT 6.1; WOW64; Trident/5.0; SLCC2; .NET CLR 2.0.50727; .NET CLR 3.5.30729; .NET CLR 3.0.30729; Media Center PC 6.0; InfoPath.3; .NET4.0C; MS-RTC LM 8; .NET4.0E)" 19522
192.168.74.151 - - [17/Feb/2013:07:14:15 +0600] "GET /pause/ajaxPause?pauseConfigId=&admin=0 HTTP/1.1" 200 987 "http://callider.kontur/pause/index" "Mozilla/5.0 (Windows NT 6.1; WOW64; rv:18.0) Gecko/20100101 Firefox/18.0" 19653
192.168.74.151 - - [17/Feb/2013:07:14:15 +0600] "GET /tv/useUser HTTP/1.1" 200 432 "http://callider.kontur/pause/index" "Mozilla/5.0 (Windows NT 6.1; WOW64; rv:18.0) Gecko/20100101 Firefox/18.0" 20185
192.168.12.210 - - [17/Feb/2013:07:14:15 +0600] "GET /pause/ajaxPause?pauseConfigId=all&admin=1 HTTP/1.1" 200 1047 "http://callider/pause/index" "Mozilla/4.0 (compatible; MSIE 7.0; Windows NT 6.1; WOW64; Trident/5.0; SLCC2; .NET CLR 2.0.50727; .NET CLR 3.5.30729; .NET CLR 3.0.30729; Media Center PC 6.0; InfoPath.3; .NET4.0C; .NET4.0E)" 18976
192.168.12.60 - - [17/Feb/2013:07:14:16 +0600] "GET /pause/ajaxPause?pauseConfigId=&admin=0 HTTP/1.1" 200 986 "http://callider/pause/index" "Mozilla/4.0 (compatible; MSIE 8.0; Windows NT 6.1; Trident/4.0; InfoPath.3; .NET4.0C; MS-RTC LM 8; .NET4.0E)" 20442
192.168.12.77 - - [17/Feb/2013:07:14:16 +0600] "GET /pause/ajaxPause?pauseConfigId=&admin=0 HTTP/1.1" 200 1039 "http://callider/pause/index" "Mozilla/4.0 (compatible; MSIE 7.0; Windows NT 6.1; Trident/5.0; SLCC2; .NET CLR 2.0.50727; .NET CLR 3.5.30729; .NET CLR 3.0.30729; Media Center PC 6.0; Tablet PC 2.0; InfoPath.3; .NET4.0C; .NET4.0E; MS-RTC LM 8)" 15037
192.168.12.38 - - [17/Feb/2013:07:14:16 +0600] "GET /pause/ajaxPause?pauseConfigId=&admin=0 HTTP/1.1" 200 1040 "http://callider/pause/index" "Mozilla/4.0 (compatible; MSIE 7.0; Windows NT 6.1; WOW64; Trident/5.0; SLCC2; .NET CLR 2.0.50727; .NET CLR 3.5.30729; .NET CLR 3.0.30729; Media Center PC 6.0; InfoPath.3; .NET4.0C; .NET4.0E)" 18125
192.168.12.204 - - [17/Feb/2013:07:14:16 +0600] "GET /pause/ajaxPause?pauseConfigId=&admin=0 HTTP/1.1" 200 986 "http://callider/pause/index" "Mozilla/4.0 (compatible; MSIE 7.0; Windows NT 6.1; WOW64; Trident/4.0; SLCC2; .NET CLR 2.0.50727; .NET CLR 3.5.30729; .NET CLR 3.0.30729; Media Center PC 6.0; InfoPath.3; .NET4.0C; .NET4.0E; .NET CLR 1.1.4322)" 20655
192.168.65.56 - - [17/Feb/2013:07:14:16 +0600] "GET /pause/ajaxPause?pauseConfigId=all&admin=1 HTTP/1.1" 200 1046 "http://192.168.65.101/pause/index" "Mozilla/5.0 (Windows NT 5.1; rv:15.0) Gecko/20100101 Firefox/15.0" 25443
192.168.74.78 - - [17/Feb/2013:07:14:19 +0600] "GET /pause/ajaxPause?pauseConfigId=&admin=0 HTTP/1.1" 200 986 "http://callider/pause/index" "Mozilla/4.0 (compatible; MSIE 7.0; Windows NT 6.1; WOW64; Trident/5.0; SLCC2; .NET CLR 2.0.50727; .NET CLR 3.5.30729; .NET CLR 3.0.30729; Media Center PC 6.0; InfoPath.3; .NET4.0C; MS-RTC LM 8; .NET4.0E)" 21596
192.168.12.10 - - [17/Feb/2013:07:14:19 +0600] "GET /tv/useUser HTTP/1.1" 200 432 "http://callider/graph/personal" "Mozilla/4.0 (compatible; MSIE 7.0; Windows NT 6.1; Trident/5.0; SLCC2; .NET CLR 2.0.50727; .NET CLR 3.5.30729; .NET CLR 3.0.30729; Media Center PC 6.0; InfoPath.3; .NET4.0C; .NET4.0E; Tablet PC 2.0; MS-RTC LM 8)" 21973
192.168.12.108 - - [17/Feb/2013:07:14:19 +0600] "GET /tv/useUser HTTP/1.1" 200 432 "http://callider/index.php" "Mozilla/4.0 (compatible; MSIE 7.0; Windows NT 6.2; WOW64; Trident/6.0; .NET4.0E; .NET4.0C; InfoPath.3; .NET CLR 3.5.30729; .NET CLR 2.0.50727; .NET CLR 3.0.30729)" 21319
192.168.12.61 - - [17/Feb/2013:07:14:19 +0600] "GET /pause/ajaxPause?pauseConfigId=&admin=0 HTTP/1.1" 200 985 "http://callider/pause/index" "Mozilla/4.0 (compatible; MSIE 7.0; Windows NT 6.1; Trident/5.0; SLCC2; .NET CLR 2.0.50727; .NET CLR 3.5.30729; .NET CLR 3.0.30729; Media Center PC 6.0; InfoPath.3; .NET4.0C; .NET4.0E)" 20542
192.168.12.69 - - [17/Feb/2013:07:14:20 +0600] "GET /pause/ajaxPause?pauseConfigId=&admin=0 HTTP/1.1" 200 986 "http://callider/pause/index" "Mozilla/4.0 (compatible; MSIE 7.0; Windows NT 6.1; Trident/5.0; SLCC2; .NET CLR 2.0.50727; .NET CLR 3.5.30729; .NET CLR 3.0.30729; Media Center PC 6.0; InfoPath.3; .NET4.0C; .NET4.0E; Tablet PC 2.0; AskTbFXTV5/5.14.1.20007)" 18823
192.168.74.91 - - [17/Feb/2013:07:14:20 +0600] "GET /pause/ajaxPause?pauseConfigId=&admin=0 HTTP/1.1" 200 986 "http://callider/pause/index" "Mozilla/4.0 (compatible; MSIE 7.0; Windows NT 6.1; WOW64; Trident/5.0; SLCC2; .NET CLR 2.0.50727; .NET CLR 3.5.30729; .NET CLR 3.0.30729; Media Center PC 6.0; InfoPath.3; .NET4.0C; MS-RTC LM 8; .NET4.0E)" 20232
192.168.74.151 - - [17/Feb/2013:07:14:20 +0600] "GET /pause/ajaxPause?pauseConfigId=&admin=0 HTTP/1.1" 200 987 "http://callider.kontur/pause/index" "Mozilla/5.0 (Windows NT 6.1; WOW64; rv:18.0) Gecko/20100101 Firefox/18.0" 17647
192.168.12.210 - - [17/Feb/2013:07:14:20 +0600] "GET /pause/ajaxPause?pauseConfigId=all&admin=1 HTTP/1.1" 200 1047 "http://callider/pause/index" "Mozilla/4.0 (compatible; MSIE 7.0; Windows NT 6.1; WOW64; Trident/5.0; SLCC2; .NET CLR 2.0.50727; .NET CLR 3.5.30729; .NET CLR 3.0.30729; Media Center PC 6.0; InfoPath.3; .NET4.0C; .NET4.0E)" 19483
192.168.12.60 - - [17/Feb/2013:07:14:21 +0600] "GET /pause/ajaxPause?pauseConfigId=&admin=0 HTTP/1.1" 200 986 "http://callider/pause/index" "Mozilla/4.0 (compatible; MSIE 8.0; Windows NT 6.1; Trident/4.0; InfoPath.3; .NET4.0C; MS-RTC LM 8; .NET4.0E)" 25523
192.168.12.77 - - [17/Feb/2013:07:14:21 +0600] "GET /pause/ajaxPause?pauseConfigId=&admin=0 HTTP/1.1" 200 1039 "http://callider/pause/index" "Mozilla/4.0 (compatible; MSIE 7.0; Windows NT 6.1; Trident/5.0; SLCC2; .NET CLR 2.0.50727; .NET CLR 3.5.30729; .NET CLR 3.0.30729; Media Center PC 6.0; Tablet PC 2.0; InfoPath.3; .NET4.0C; .NET4.0E; MS-RTC LM 8)" 14549
192.168.12.38 - - [17/Feb/2013:07:14:21 +0600] "GET /pause/ajaxPause?pauseConfigId=&admin=0 HTTP/1.1" 200 1040 "http://callider/pause/index" "Mozilla/4.0 (compatible; MSIE 7.0; Windows NT 6.1; WOW64; Trident/5.0; SLCC2; .NET CLR 2.0.50727; .NET CLR 3.5.30729; .NET CLR 3.0.30729; Media Center PC 6.0; InfoPath.3; .NET4.0C; .NET4.0E)" 19726
192.168.12.204 - - [17/Feb/2013:07:14:21 +0600] "GET /pause/ajaxPause?pauseConfigId=&admin=0 HTTP/1.1" 200 986 "http://callider/pause/index" "Mozilla/4.0 (compatible; MSIE 7.0; Windows NT 6.1; WOW64; Trident/4.0; SLCC2; .NET CLR 2.0.50727; .NET CLR 3.5.30729; .NET CLR 3.0.30729; Media Center PC 6.0; InfoPath.3; .NET4.0C; .NET4.0E; .NET CLR 1.1.4322)" 21963
192.168.65.56 - - [17/Feb/2013:07:14:21 +0600] "GET /pause/ajaxPause?pauseConfigId=all&admin=1 HTTP/1.1" 200 1046 "http://192.168.65.101/pause/index" "Mozilla/5.0 (Windows NT 5.1; rv:15.0) Gecko/20100101 Firefox/15.0" 27085
192.168.74.78 - - [17/Feb/2013:07:14:24 +0600] "GET /pause/ajaxPause?pauseConfigId=&admin=0 HTTP/1.1" 200 986 "http://callider/pause/index" "Mozilla/4.0 (compatible; MSIE 7.0; Windows NT 6.1; WOW64; Trident/5.0; SLCC2; .NET CLR 2.0.50727; .NET CLR 3.5.30729; .NET CLR 3.0.30729; Media Center PC 6.0; InfoPath.3; .NET4.0C; MS-RTC LM 8; .NET4.0E)" 19263
192.168.12.61 - - [17/Feb/2013:07:14:25 +0600] "GET /pause/ajaxPause?pauseConfigId=&admin=0 HTTP/1.1" 200 986 "http://callider/pause/index" "Mozilla/4.0 (compatible; MSIE 7.0; Windows NT 6.1; Trident/5.0; SLCC2; .NET CLR 2.0.50727; .NET CLR 3.5.30729; .NET CLR 3.0.30729; Media Center PC 6.0; InfoPath.3; .NET4.0C; .NET4.0E)" 24761
192.168.12.69 - - [17/Feb/2013:07:14:25 +0600] "GET /pause/ajaxPause?pauseConfigId=&admin=0 HTTP/1.1" 200 986 "http://callider/pause/index" "Mozilla/4.0 (compatible; MSIE 7.0; Windows NT 6.1; Trident/5.0; SLCC2; .NET CLR 2.0.50727; .NET CLR 3.5.30729; .NET CLR 3.0.30729; Media Center PC 6.0; InfoPath.3; .NET4.0C; .NET4.0E; Tablet PC 2.0; AskTbFXTV5/5.14.1.20007)" 22275
192.168.74.91 - - [17/Feb/2013:07:14:25 +0600] "GET /pause/ajaxPause?pauseConfigId=&admin=0 HTTP/1.1" 200 986 "http://callider/pause/index" "Mozilla/4.0 (compatible; MSIE 7.0; Windows NT 6.1; WOW64; Trident/5.0; SLCC2; .NET CLR 2.0.50727; .NET CLR 3.5.30729; .NET CLR 3.0.30729; Media Center PC 6.0; InfoPath.3; .NET4.0C; MS-RTC LM 8; .NET4.0E)" 17172
192.168.74.151 - - [17/Feb/2013:07:14:25 +0600] "GET /pause/ajaxPause?pauseConfigId=&admin=0 HTTP/1.1" 200 987 "http://callider.kontur/pause/index" "Mozilla/5.0 (Windows NT 6.1; WOW64; rv:18.0) Gecko/20100101 Firefox/18.0" 17831
192.168.12.210 - - [17/Feb/2013:07:14:25 +0600] "GET /pause/ajaxPause?pauseConfigId=all&admin=1 HTTP/1.1" 200 1047 "http://callider/pause/index" "Mozilla/4.0 (compatible; MSIE 7.0; Windows NT 6.1; WOW64; Trident/5.0; SLCC2; .NET CLR 2.0.50727; .NET CLR 3.5.30729; .NET CLR 3.0.30729; Media Center PC 6.0; InfoPath.3; .NET4.0C; .NET4.0E)" 18593
192.168.12.60 - - [17/Feb/2013:07:14:26 +0600] "GET /pause/ajaxPause?pauseConfigId=&admin=0 HTTP/1.1" 200 986 "http://callider/pause/index" "Mozilla/4.0 (compatible; MSIE 8.0; Windows NT 6.1; Trident/4.0; InfoPath.3; .NET4.0C; MS-RTC LM 8; .NET4.0E)" 19320
192.168.12.77 - - [17/Feb/2013:07:14:26 +0600] "GET /pause/ajaxPause?pauseConfigId=&admin=0 HTTP/1.1" 200 1039 "http://callider/pause/index" "Mozilla/4.0 (compatible; MSIE 7.0; Windows NT 6.1; Trident/5.0; SLCC2; .NET CLR 2.0.50727; .NET CLR 3.5.30729; .NET CLR 3.0.30729; Media Center PC 6.0; Tablet PC 2.0; InfoPath.3; .NET4.0C; .NET4.0E; MS-RTC LM 8)" 14459
192.168.12.38 - - [17/Feb/2013:07:14:26 +0600] "GET /pause/ajaxPause?pauseConfigId=&admin=0 HTTP/1.1" 200 1040 "http://callider/pause/index" "Mozilla/4.0 (compatible; MSIE 7.0; Windows NT 6.1; WOW64; Trident/5.0; SLCC2; .NET CLR 2.0.50727; .NET CLR 3.5.30729; .NET CLR 3.0.30729; Media Center PC 6.0; InfoPath.3; .NET4.0C; .NET4.0E)" 17961
192.168.12.204 - - [17/Feb/2013:07:14:26 +0600] "GET /pause/ajaxPause?pauseConfigId=&admin=0 HTTP/1.1" 200 986 "http://callider/pause/index" "Mozilla/4.0 (compatible; MSIE 7.0; Windows NT 6.1; WOW64; Trident/4.0; SLCC2; .NET CLR 2.0.50727; .NET CLR 3.5.30729; .NET CLR 3.0.30729; Media Center PC 6.0; InfoPath.3; .NET4.0C; .NET4.0E; .NET CLR 1.1.4322)" 25793
192.168.65.56 - - [17/Feb/2013:07:14:26 +0600] "GET /pause/ajaxPause?pauseConfigId=all&admin=1 HTTP/1.1" 200 1046 "http://192.168.65.101/pause/index" "Mozilla/5.0 (Windows NT 5.1; rv:15.0) Gecko/20100101 Firefox/15.0" 24934
192.168.74.78 - - [17/Feb/2013:07:14:29 +0600] "GET /pause/ajaxPause?pauseConfigId=&admin=0 HTTP/1.1" 200 986 "http://callider/pause/index" "Mozilla/4.0 (compatible; MSIE 7.0; Windows NT 6.1; WOW64; Trident/5.0; SLCC2; .NET CLR 2.0.50727; .NET CLR 3.5.30729; .NET CLR 3.0.30729; Media Center PC 6.0; InfoPath.3; .NET4.0C; MS-RTC LM 8; .NET4.0E)" 25874
192.168.12.61 - - [17/Feb/2013:07:14:29 +0600] "GET /pause/ajaxPause?pauseConfigId=&admin=0 HTTP/1.1" 200 985 "http://callider/pause/index" "Mozilla/4.0 (compatible; MSIE 7.0; Windows NT 6.1; Trident/5.0; SLCC2; .NET CLR 2.0.50727; .NET CLR 3.5.30729; .NET CLR 3.0.30729; Media Center PC 6.0; InfoPath.3; .NET4.0C; .NET4.0E)" 35032
192.168.12.69 - - [17/Feb/2013:07:14:30 +0600] "GET /pause/ajaxPause?pauseConfigId=&admin=0 HTTP/1.1" 200 986 "http://callider/pause/index" "Mozilla/4.0 (compatible; MSIE 7.0; Windows NT 6.1; Trident/5.0; SLCC2; .NET CLR 2.0.50727; .NET CLR 3.5.30729; .NET CLR 3.0.30729; Media Center PC 6.0; InfoPath.3; .NET4.0C; .NET4.0E; Tablet PC 2.0; AskTbFXTV5/5.14.1.20007)" 23740
192.168.74.91 - - [17/Feb/2013:07:14:30 +0600] "GET /pause/ajaxPause?pauseConfigId=&admin=0 HTTP/1.1" 200 986 "http://callider/pause/index" "Mozilla/4.0 (compatible; MSIE 7.0; Windows NT 6.1; WOW64; Trident/5.0; SLCC2; .NET CLR 2.0.50727; .NET CLR 3.5.30729; .NET CLR 3.0.30729; Media Center PC 6.0; InfoPath.3; .NET4.0C; MS-RTC LM 8; .NET4.0E)" 17570
192.168.74.151 - - [17/Feb/2013:07:14:30 +0600] "GET /pause/ajaxPause?pauseConfigId=&admin=0 HTTP/1.1" 200 987 "http://callider.kontur/pause/index" "Mozilla/5.0 (Windows NT 6.1; WOW64; rv:18.0) Gecko/20100101 Firefox/18.0" 21265
192.168.12.210 - - [17/Feb/2013:07:14:30 +0600] "GET /pause/ajaxPause?pauseConfigId=all&admin=1 HTTP/1.1" 200 1047 "http://callider/pause/index" "Mozilla/4.0 (compatible; MSIE 7.0; Windows NT 6.1; WOW64; Trident/5.0; SLCC2; .NET CLR 2.0.50727; .NET CLR 3.5.30729; .NET CLR 3.0.30729; Media Center PC 6.0; InfoPath.3; .NET4.0C; .NET4.0E)" 18288
192.168.12.60 - - [17/Feb/2013:07:14:31 +0600] "GET /pause/ajaxPause?pauseConfigId=&admin=0 HTTP/1.1" 200 986 "http://callider/pause/index" "Mozilla/4.0 (compatible; MSIE 8.0; Windows NT 6.1; Trident/4.0; InfoPath.3; .NET4.0C; MS-RTC LM 8; .NET4.0E)" 19829
192.168.12.77 - - [17/Feb/2013:07:14:31 +0600] "GET /pause/ajaxPause?pauseConfigId=&admin=0 HTTP/1.1" 200 1039 "http://callider/pause/index" "Mozilla/4.0 (compatible; MSIE 7.0; Windows NT 6.1; Trident/5.0; SLCC2; .NET CLR 2.0.50727; .NET CLR 3.5.30729; .NET CLR 3.0.30729; Media Center PC 6.0; Tablet PC 2.0; InfoPath.3; .NET4.0C; .NET4.0E; MS-RTC LM 8)" 12338
192.168.12.38 - - [17/Feb/2013:07:14:31 +0600] "GET /pause/ajaxPause?pauseConfigId=&admin=0 HTTP/1.1" 200 1040 "http://callider/pause/index" "Mozilla/4.0 (compatible; MSIE 7.0; Windows NT 6.1; WOW64; Trident/5.0; SLCC2; .NET CLR 2.0.50727; .NET CLR 3.5.30729; .NET CLR 3.0.30729; Media Center PC 6.0; InfoPath.3; .NET4.0C; .NET4.0E)" 14822
192.168.12.204 - - [17/Feb/2013:07:14:31 +0600] "GET /pause/ajaxPause?pauseConfigId=&admin=0 HTTP/1.1" 200 986 "http://callider/pause/index" "Mozilla/4.0 (compatible; MSIE 7.0; Windows NT 6.1; WOW64; Trident/4.0; SLCC2; .NET CLR 2.0.50727; .NET CLR 3.5.30729; .NET CLR 3.0.30729; Media Center PC 6.0; InfoPath.3; .NET4.0C; .NET4.0E; .NET CLR 1.1.4322)" 22781
192.168.65.56 - - [17/Feb/2013:07:14:31 +0600] "GET /pause/ajaxPause?pauseConfigId=all&admin=1 HTTP/1.1" 200 1046 "http://192.168.65.101/pause/index" "Mozilla/5.0 (Windows NT 5.1; rv:15.0) Gecko/20100101 Firefox/15.0" 25569
192.168.74.78 - - [17/Feb/2013:07:14:34 +0600] "GET /pause/ajaxPause?pauseConfigId=&admin=0 HTTP/1.1" 200 986 "http://callider/pause/index" "Mozilla/4.0 (compatible; MSIE 7.0; Windows NT 6.1; WOW64; Trident/5.0; SLCC2; .NET CLR 2.0.50727; .NET CLR 3.5.30729; .NET CLR 3.0.30729; Media Center PC 6.0; InfoPath.3; .NET4.0C; MS-RTC LM 8; .NET4.0E)" 19789
192.168.12.67 - - [17/Feb/2013:07:14:34 +0600] "GET /tv/useUser HTTP/1.1" 200 432 "http://callider/graph/personal" "Mozilla/4.0 (compatible; MSIE 7.0; Windows NT 6.1; Trident/5.0; SLCC2; .NET CLR 2.0.50727; .NET CLR 3.5.30729; .NET CLR 3.0.30729; Media Center PC 6.0; .NET4.0C; .NET4.0E; InfoPath.3; Tablet PC 2.0; MS-RTC LM 8)" 17031
192.168.12.61 - - [17/Feb/2013:07:14:34 +0600] "GET /pause/ajaxPause?pauseConfigId=&admin=0 HTTP/1.1" 200 985 "http://callider/pause/index" "Mozilla/4.0 (compatible; MSIE 7.0; Windows NT 6.1; Trident/5.0; SLCC2; .NET CLR 2.0.50727; .NET CLR 3.5.30729; .NET CLR 3.0.30729; Media Center PC 6.0; InfoPath.3; .NET4.0C; .NET4.0E)" 18233
192.168.12.69 - - [17/Feb/2013:07:14:35 +0600] "GET /pause/ajaxPause?pauseConfigId=&admin=0 HTTP/1.1" 200 986 "http://callider/pause/index" "Mozilla/4.0 (compatible; MSIE 7.0; Windows NT 6.1; Trident/5.0; SLCC2; .NET CLR 2.0.50727; .NET CLR 3.5.30729; .NET CLR 3.0.30729; Media Center PC 6.0; InfoPath.3; .NET4.0C; .NET4.0E; Tablet PC 2.0; AskTbFXTV5/5.14.1.20007)" 25047
192.168.74.91 - - [17/Feb/2013:07:14:35 +0600] "GET /pause/ajaxPause?pauseConfigId=&admin=0 HTTP/1.1" 200 986 "http://callider/pause/index" "Mozilla/4.0 (compatible; MSIE 7.0; Windows NT 6.1; WOW64; Trident/5.0; SLCC2; .NET CLR 2.0.50727; .NET CLR 3.5.30729; .NET CLR 3.0.30729; Media Center PC 6.0; InfoPath.3; .NET4.0C; MS-RTC LM 8; .NET4.0E)" 16844
192.168.74.151 - - [17/Feb/2013:07:14:35 +0600] "GET /pause/ajaxPause?pauseConfigId=&admin=0 HTTP/1.1" 200 987 "http://callider.kontur/pause/index" "Mozilla/5.0 (Windows NT 6.1; WOW64; rv:18.0) Gecko/20100101 Firefox/18.0" 17660
192.168.12.210 - - [17/Feb/2013:07:14:35 +0600] "GET /pause/ajaxPause?pauseConfigId=all&admin=1 HTTP/1.1" 200 1047 "http://callider/pause/index" "Mozilla/4.0 (compatible; MSIE 7.0; Windows NT 6.1; WOW64; Trident/5.0; SLCC2; .NET CLR 2.0.50727; .NET CLR 3.5.30729; .NET CLR 3.0.30729; Media Center PC 6.0; InfoPath.3; .NET4.0C; .NET4.0E)" 19402
192.168.12.60 - - [17/Feb/2013:07:14:36 +0600] "GET /pause/ajaxPause?pauseConfigId=&admin=0 HTTP/1.1" 200 986 "http://callider/pause/index" "Mozilla/4.0 (compatible; MSIE 8.0; Windows NT 6.1; Trident/4.0; InfoPath.3; .NET4.0C; MS-RTC LM 8; .NET4.0E)" 25683
192.168.12.77 - - [17/Feb/2013:07:14:36 +0600] "GET /pause/ajaxPause?pauseConfigId=&admin=0 HTTP/1.1" 200 1039 "http://callider/pause/index" "Mozilla/4.0 (compatible; MSIE 7.0; Windows NT 6.1; Trident/5.0; SLCC2; .NET CLR 2.0.50727; .NET CLR 3.5.30729; .NET CLR 3.0.30729; Media Center PC 6.0; Tablet PC 2.0; InfoPath.3; .NET4.0C; .NET4.0E; MS-RTC LM 8)" 13078
192.168.12.38 - - [17/Feb/2013:07:14:36 +0600] "GET /pause/ajaxPause?pauseConfigId=&admin=0 HTTP/1.1" 200 1040 "http://callider/pause/index" "Mozilla/4.0 (compatible; MSIE 7.0; Windows NT 6.1; WOW64; Trident/5.0; SLCC2; .NET CLR 2.0.50727; .NET CLR 3.5.30729; .NET CLR 3.0.30729; Media Center PC 6.0; InfoPath.3; .NET4.0C; .NET4.0E)" 16232
192.168.65.56 - - [17/Feb/2013:07:14:36 +0600] "GET /pause/ajaxPause?pauseConfigId=all&admin=1 HTTP/1.1" 200 1046 "http://192.168.65.101/pause/index" "Mozilla/5.0 (Windows NT 5.1; rv:15.0) Gecko/20100101 Firefox/15.0" 30610
192.168.12.204 - - [17/Feb/2013:07:14:36 +0600] "GET /pause/ajaxPause?pauseConfigId=&admin=0 HTTP/1.1" 200 986 "http://callider/pause/index" "Mozilla/4.0 (compatible; MSIE 7.0; Windows NT 6.1; WOW64; Trident/4.0; SLCC2; .NET CLR 2.0.50727; .NET CLR 3.5.30729; .NET CLR 3.0.30729; Media Center PC 6.0; InfoPath.3; .NET4.0C; .NET4.0E; .NET CLR 1.1.4322)" 20480
192.168.74.93 - - [17/Feb/2013:07:14:38 +0600] "GET /tv/useUser HTTP/1.1" 200 432 "http://callider/graph/personal" "Mozilla/4.0 (compatible; MSIE 7.0; Windows NT 6.1; WOW64; Trident/5.0; SLCC2; .NET CLR 2.0.50727; .NET CLR 3.5.30729; .NET CLR 3.0.30729; Media Center PC 6.0; InfoPath.3; .NET4.0C; .NET4.0E)" 17978
192.168.12.210 - - [17/Feb/2013:07:14:39 +0600] "GET /tv/useUser HTTP/1.1" 200 431 "http://callider/graph/general" "Mozilla/4.0 (compatible; MSIE 7.0; Windows NT 6.1; WOW64; Trident/5.0; SLCC2; .NET CLR 2.0.50727; .NET CLR 3.5.30729; .NET CLR 3.0.30729; Media Center PC 6.0; InfoPath.3; .NET4.0C; .NET4.0E)" 8159
192.168.74.78 - - [17/Feb/2013:07:14:39 +0600] "GET /pause/ajaxPause?pauseConfigId=&admin=0 HTTP/1.1" 200 986 "http://callider/pause/index" "Mozilla/4.0 (compatible; MSIE 7.0; Windows NT 6.1; WOW64; Trident/5.0; SLCC2; .NET CLR 2.0.50727; .NET CLR 3.5.30729; .NET CLR 3.0.30729; Media Center PC 6.0; InfoPath.3; .NET4.0C; MS-RTC LM 8; .NET4.0E)" 30565
192.168.12.61 - - [17/Feb/2013:07:14:39 +0600] "GET /pause/ajaxPause?pauseConfigId=&admin=0 HTTP/1.1" 200 986 "http://callider/pause/index" "Mozilla/4.0 (compatible; MSIE 7.0; Windows NT 6.1; Trident/5.0; SLCC2; .NET CLR 2.0.50727; .NET CLR 3.5.30729; .NET CLR 3.0.30729; Media Center PC 6.0; InfoPath.3; .NET4.0C; .NET4.0E)" 23585
192.168.12.69 - - [17/Feb/2013:07:14:40 +0600] "GET /pause/ajaxPause?pauseConfigId=&admin=0 HTTP/1.1" 200 986 "http://callider/pause/index" "Mozilla/4.0 (compatible; MSIE 7.0; Windows NT 6.1; Trident/5.0; SLCC2; .NET CLR 2.0.50727; .NET CLR 3.5.30729; .NET CLR 3.0.30729; Media Center PC 6.0; InfoPath.3; .NET4.0C; .NET4.0E; Tablet PC 2.0; AskTbFXTV5/5.14.1.20007)" 20353
192.168.74.91 - - [17/Feb/2013:07:14:40 +0600] "GET /pause/ajaxPause?pauseConfigId=&admin=0 HTTP/1.1" 200 986 "http://callider/pause/index" "Mozilla/4.0 (compatible; MSIE 7.0; Windows NT 6.1; WOW64; Trident/5.0; SLCC2; .NET CLR 2.0.50727; .NET CLR 3.5.30729; .NET CLR 3.0.30729; Media Center PC 6.0; InfoPath.3; .NET4.0C; MS-RTC LM 8; .NET4.0E)" 18998
192.168.74.151 - - [17/Feb/2013:07:14:40 +0600] "GET /pause/ajaxPause?pauseConfigId=&admin=0 HTTP/1.1" 200 987 "http://callider.kontur/pause/index" "Mozilla/5.0 (Windows NT 6.1; WOW64; rv:18.0) Gecko/20100101 Firefox/18.0" 73661
192.168.12.210 - - [17/Feb/2013:07:14:40 +0600] "GET /pause/ajaxPause?pauseConfigId=all&admin=1 HTTP/1.1" 200 1047 "http://callider/pause/index" "Mozilla/4.0 (compatible; MSIE 7.0; Windows NT 6.1; WOW64; Trident/5.0; SLCC2; .NET CLR 2.0.50727; .NET CLR 3.5.30729; .NET CLR 3.0.30729; Media Center PC 6.0; InfoPath.3; .NET4.0C; .NET4.0E)" 45745
192.168.12.9 - - [17/Feb/2013:07:14:41 +0600] "GET /tv/useUser HTTP/1.1" 200 432 "http://callider.kontur/site/index" "Mozilla/5.0 (Windows NT 6.1; WOW64) AppleWebKit/537.17 (KHTML, like Gecko) Chrome/24.0.1312.57 Safari/537.17" 17361
192.168.12.60 - - [17/Feb/2013:07:14:41 +0600] "GET /pause/ajaxPause?pauseConfigId=&admin=0 HTTP/1.1" 200 986 "http://callider/pause/index" "Mozilla/4.0 (compatible; MSIE 8.0; Windows NT 6.1; Trident/4.0; InfoPath.3; .NET4.0C; MS-RTC LM 8; .NET4.0E)" 19421
192.168.12.77 - - [17/Feb/2013:07:14:41 +0600] "GET /pause/ajaxPause?pauseConfigId=&admin=0 HTTP/1.1" 200 1039 "http://callider/pause/index" "Mozilla/4.0 (compatible; MSIE 7.0; Windows NT 6.1; Trident/5.0; SLCC2; .NET CLR 2.0.50727; .NET CLR 3.5.30729; .NET CLR 3.0.30729; Media Center PC 6.0; Tablet PC 2.0; InfoPath.3; .NET4.0C; .NET4.0E; MS-RTC LM 8)" 16591
192.168.12.38 - - [17/Feb/2013:07:14:41 +0600] "GET /pause/ajaxPause?pauseConfigId=&admin=0 HTTP/1.1" 200 1040 "http://callider/pause/index" "Mozilla/4.0 (compatible; MSIE 7.0; Windows NT 6.1; WOW64; Trident/5.0; SLCC2; .NET CLR 2.0.50727; .NET CLR 3.5.30729; .NET CLR 3.0.30729; Media Center PC 6.0; InfoPath.3; .NET4.0C; .NET4.0E)" 27575
192.168.12.204 - - [17/Feb/2013:07:14:41 +0600] "GET /pause/ajaxPause?pauseConfigId=&admin=0 HTTP/1.1" 200 986 "http://callider/pause/index" "Mozilla/4.0 (compatible; MSIE 7.0; Windows NT 6.1; WOW64; Trident/4.0; SLCC2; .NET CLR 2.0.50727; .NET CLR 3.5.30729; .NET CLR 3.0.30729; Media Center PC 6.0; InfoPath.3; .NET4.0C; .NET4.0E; .NET CLR 1.1.4322)" 22544
192.168.65.56 - - [17/Feb/2013:07:14:41 +0600] "GET /pause/ajaxPause?pauseConfigId=all&admin=1 HTTP/1.1" 200 1046 "http://192.168.65.101/pause/index" "Mozilla/5.0 (Windows NT 5.1; rv:15.0) Gecko/20100101 Firefox/15.0" 36360
192.168.74.78 - - [17/Feb/2013:07:14:44 +0600] "GET /pause/ajaxPause?pauseConfigId=&admin=0 HTTP/1.1" 200 986 "http://callider/pause/index" "Mozilla/4.0 (compatible; MSIE 7.0; Windows NT 6.1; WOW64; Trident/5.0; SLCC2; .NET CLR 2.0.50727; .NET CLR 3.5.30729; .NET CLR 3.0.30729; Media Center PC 6.0; InfoPath.3; .NET4.0C; MS-RTC LM 8; .NET4.0E)" 19982
192.168.12.61 - - [17/Feb/2013:07:14:44 +0600] "GET /pause/ajaxPause?pauseConfigId=&admin=0 HTTP/1.1" 200 985 "http://callider/pause/index" "Mozilla/4.0 (compatible; MSIE 7.0; Windows NT 6.1; Trident/5.0; SLCC2; .NET CLR 2.0.50727; .NET CLR 3.5.30729; .NET CLR 3.0.30729; Media Center PC 6.0; InfoPath.3; .NET4.0C; .NET4.0E)" 16461
192.168.12.69 - - [17/Feb/2013:07:14:45 +0600] "GET /pause/ajaxPause?pauseConfigId=&admin=0 HTTP/1.1" 200 986 "http://callider/pause/index" "Mozilla/4.0 (compatible; MSIE 7.0; Windows NT 6.1; Trident/5.0; SLCC2; .NET CLR 2.0.50727; .NET CLR 3.5.30729; .NET CLR 3.0.30729; Media Center PC 6.0; InfoPath.3; .NET4.0C; .NET4.0E; Tablet PC 2.0; AskTbFXTV5/5.14.1.20007)" 18639
192.168.74.91 - - [17/Feb/2013:07:14:45 +0600] "GET /pause/ajaxPause?pauseConfigId=&admin=0 HTTP/1.1" 200 986 "http://callider/pause/index" "Mozilla/4.0 (compatible; MSIE 7.0; Windows NT 6.1; WOW64; Trident/5.0; SLCC2; .NET CLR 2.0.50727; .NET CLR 3.5.30729; .NET CLR 3.0.30729; Media Center PC 6.0; InfoPath.3; .NET4.0C; MS-RTC LM 8; .NET4.0E)" 19101
192.168.74.151 - - [17/Feb/2013:07:14:45 +0600] "GET /pause/ajaxPause?pauseConfigId=&admin=0 HTTP/1.1" 200 987 "http://callider.kontur/pause/index" "Mozilla/5.0 (Windows NT 6.1; WOW64; rv:18.0) Gecko/20100101 Firefox/18.0" 18757
192.168.12.210 - - [17/Feb/2013:07:14:45 +0600] "GET /pause/ajaxPause?pauseConfigId=all&admin=1 HTTP/1.1" 200 1047 "http://callider/pause/index" "Mozilla/4.0 (compatible; MSIE 7.0; Windows NT 6.1; WOW64; Trident/5.0; SLCC2; .NET CLR 2.0.50727; .NET CLR 3.5.30729; .NET CLR 3.0.30729; Media Center PC 6.0; InfoPath.3; .NET4.0C; .NET4.0E)" 18968
192.168.12.60 - - [17/Feb/2013:07:14:46 +0600] "GET /pause/ajaxPause?pauseConfigId=&admin=0 HTTP/1.1" 200 986 "http://callider/pause/index" "Mozilla/4.0 (compatible; MSIE 8.0; Windows NT 6.1; Trident/4.0; InfoPath.3; .NET4.0C; MS-RTC LM 8; .NET4.0E)" 19711
192.168.12.77 - - [17/Feb/2013:07:14:46 +0600] "GET /pause/ajaxPause?pauseConfigId=&admin=0 HTTP/1.1" 200 1039 "http://callider/pause/index" "Mozilla/4.0 (compatible; MSIE 7.0; Windows NT 6.1; Trident/5.0; SLCC2; .NET CLR 2.0.50727; .NET CLR 3.5.30729; .NET CLR 3.0.30729; Media Center PC 6.0; Tablet PC 2.0; InfoPath.3; .NET4.0C; .NET4.0E; MS-RTC LM 8)" 12780
192.168.12.38 - - [17/Feb/2013:07:14:46 +0600] "GET /pause/ajaxPause?pauseConfigId=&admin=0 HTTP/1.1" 200 1040 "http://callider/pause/index" "Mozilla/4.0 (compatible; MSIE 7.0; Windows NT 6.1; WOW64; Trident/5.0; SLCC2; .NET CLR 2.0.50727; .NET CLR 3.5.30729; .NET CLR 3.0.30729; Media Center PC 6.0; InfoPath.3; .NET4.0C; .NET4.0E)" 17293
192.168.65.56 - - [17/Feb/2013:07:14:46 +0600] "GET /pause/ajaxPause?pauseConfigId=all&admin=1 HTTP/1.1" 200 1046 "http://192.168.65.101/pause/index" "Mozilla/5.0 (Windows NT 5.1; rv:15.0) Gecko/20100101 Firefox/15.0" 36386
192.168.12.204 - - [17/Feb/2013:07:14:46 +0600] "GET /pause/ajaxPause?pauseConfigId=&admin=0 HTTP/1.1" 200 986 "http://callider/pause/index" "Mozilla/4.0 (compatible; MSIE 7.0; Windows NT 6.1; WOW64; Trident/4.0; SLCC2; .NET CLR 2.0.50727; .NET CLR 3.5.30729; .NET CLR 3.0.30729; Media Center PC 6.0; InfoPath.3; .NET4.0C; .NET4.0E; .NET CLR 1.1.4322)" 20676
192.168.12.210 - - [17/Feb/2013:07:14:49 +0600] "GET /tv/useUser HTTP/1.1" 200 431 "http://callider/pause/index" "Mozilla/4.0 (compatible; MSIE 7.0; Windows NT 6.1; WOW64; Trident/5.0; SLCC2; .NET CLR 2.0.50727; .NET CLR 3.5.30729; .NET CLR 3.0.30729; Media Center PC 6.0; InfoPath.3; .NET4.0C; .NET4.0E)" 8557
192.168.74.78 - - [17/Feb/2013:07:14:49 +0600] "GET /pause/ajaxPause?pauseConfigId=&admin=0 HTTP/1.1" 200 986 "http://callider/pause/index" "Mozilla/4.0 (compatible; MSIE 7.0; Windows NT 6.1; WOW64; Trident/5.0; SLCC2; .NET CLR 2.0.50727; .NET CLR 3.5.30729; .NET CLR 3.0.30729; Media Center PC 6.0; InfoPath.3; .NET4.0C; MS-RTC LM 8; .NET4.0E)" 22876
192.168.12.61 - - [17/Feb/2013:07:14:49 +0600] "GET /pause/ajaxPause?pauseConfigId=&admin=0 HTTP/1.1" 200 986 "http://callider/pause/index" "Mozilla/4.0 (compatible; MSIE 7.0; Windows NT 6.1; Trident/5.0; SLCC2; .NET CLR 2.0.50727; .NET CLR 3.5.30729; .NET CLR 3.0.30729; Media Center PC 6.0; InfoPath.3; .NET4.0C; .NET4.0E)" 26495
192.168.12.69 - - [17/Feb/2013:07:14:50 +0600] "GET /pause/ajaxPause?pauseConfigId=&admin=0 HTTP/1.1" 200 986 "http://callider/pause/index" "Mozilla/4.0 (compatible; MSIE 7.0; Windows NT 6.1; Trident/5.0; SLCC2; .NET CLR 2.0.50727; .NET CLR 3.5.30729; .NET CLR 3.0.30729; Media Center PC 6.0; InfoPath.3; .NET4.0C; .NET4.0E; Tablet PC 2.0; AskTbFXTV5/5.14.1.20007)" 18981
192.168.74.91 - - [17/Feb/2013:07:14:50 +0600] "GET /pause/ajaxPause?pauseConfigId=&admin=0 HTTP/1.1" 200 986 "http://callider/pause/index" "Mozilla/4.0 (compatible; MSIE 7.0; Windows NT 6.1; WOW64; Trident/5.0; SLCC2; .NET CLR 2.0.50727; .NET CLR 3.5.30729; .NET CLR 3.0.30729; Media Center PC 6.0; InfoPath.3; .NET4.0C; MS-RTC LM 8; .NET4.0E)" 18890
192.168.74.151 - - [17/Feb/2013:07:14:50 +0600] "GET /pause/ajaxPause?pauseConfigId=&admin=0 HTTP/1.1" 200 987 "http://callider.kontur/pause/index" "Mozilla/5.0 (Windows NT 6.1; WOW64; rv:18.0) Gecko/20100101 Firefox/18.0" 18590
192.168.12.210 - - [17/Feb/2013:07:14:50 +0600] "GET /pause/ajaxPause?pauseConfigId=all&admin=1 HTTP/1.1" 200 1047 "http://callider/pause/index" "Mozilla/4.0 (compatible; MSIE 7.0; Windows NT 6.1; WOW64; Trident/5.0; SLCC2; .NET CLR 2.0.50727; .NET CLR 3.5.30729; .NET CLR 3.0.30729; Media Center PC 6.0; InfoPath.3; .NET4.0C; .NET4.0E)" 17778
192.168.12.60 - - [17/Feb/2013:07:14:51 +0600] "GET /pause/ajaxPause?pauseConfigId=&admin=0 HTTP/1.1" 200 986 "http://callider/pause/index" "Mozilla/4.0 (compatible; MSIE 8.0; Windows NT 6.1; Trident/4.0; InfoPath.3; .NET4.0C; MS-RTC LM 8; .NET4.0E)" 18717
192.168.12.77 - - [17/Feb/2013:07:14:51 +0600] "GET /pause/ajaxPause?pauseConfigId=&admin=0 HTTP/1.1" 200 1039 "http://callider/pause/index" "Mozilla/4.0 (compatible; MSIE 7.0; Windows NT 6.1; Trident/5.0; SLCC2; .NET CLR 2.0.50727; .NET CLR 3.5.30729; .NET CLR 3.0.30729; Media Center PC 6.0; Tablet PC 2.0; InfoPath.3; .NET4.0C; .NET4.0E; MS-RTC LM 8)" 13235
192.168.12.38 - - [17/Feb/2013:07:14:51 +0600] "GET /pause/ajaxPause?pauseConfigId=&admin=0 HTTP/1.1" 200 1040 "http://callider/pause/index" "Mozilla/4.0 (compatible; MSIE 7.0; Windows NT 6.1; WOW64; Trident/5.0; SLCC2; .NET CLR 2.0.50727; .NET CLR 3.5.30729; .NET CLR 3.0.30729; Media Center PC 6.0; InfoPath.3; .NET4.0C; .NET4.0E)" 21792
192.168.65.56 - - [17/Feb/2013:07:14:51 +0600] "GET /pause/ajaxPause?pauseConfigId=all&admin=1 HTTP/1.1" 200 1046 "http://192.168.65.101/pause/index" "Mozilla/5.0 (Windows NT 5.1; rv:15.0) Gecko/20100101 Firefox/15.0" 26663
192.168.12.204 - - [17/Feb/2013:07:14:51 +0600] "GET /pause/ajaxPause?pauseConfigId=&admin=0 HTTP/1.1" 200 986 "http://callider/pause/index" "Mozilla/4.0 (compatible; MSIE 7.0; Windows NT 6.1; WOW64; Trident/4.0; SLCC2; .NET CLR 2.0.50727; .NET CLR 3.5.30729; .NET CLR 3.0.30729; Media Center PC 6.0; InfoPath.3; .NET4.0C; .NET4.0E; .NET CLR 1.1.4322)" 30982
192.168.65.56 - - [17/Feb/2013:07:14:51 +0600] "GET /tv/useUser HTTP/1.1" 200 431 "http://192.168.65.101/pause/index" "Mozilla/5.0 (Windows NT 5.1; rv:15.0) Gecko/20100101 Firefox/15.0" 12243
192.168.74.78 - - [17/Feb/2013:07:14:54 +0600] "GET /pause/ajaxPause?pauseConfigId=&admin=0 HTTP/1.1" 200 986 "http://callider/pause/index" "Mozilla/4.0 (compatible; MSIE 7.0; Windows NT 6.1; WOW64; Trident/5.0; SLCC2; .NET CLR 2.0.50727; .NET CLR 3.5.30729; .NET CLR 3.0.30729; Media Center PC 6.0; InfoPath.3; .NET4.0C; MS-RTC LM 8; .NET4.0E)" 18668
192.168.12.61 - - [17/Feb/2013:07:14:54 +0600] "GET /pause/ajaxPause?pauseConfigId=&admin=0 HTTP/1.1" 200 985 "http://callider/pause/index" "Mozilla/4.0 (compatible; MSIE 7.0; Windows NT 6.1; Trident/5.0; SLCC2; .NET CLR 2.0.50727; .NET CLR 3.5.30729; .NET CLR 3.0.30729; Media Center PC 6.0; InfoPath.3; .NET4.0C; .NET4.0E)" 21325
192.168.12.69 - - [17/Feb/2013:07:14:55 +0600] "GET /pause/ajaxPause?pauseConfigId=&admin=0 HTTP/1.1" 200 986 "http://callider/pause/index" "Mozilla/4.0 (compatible; MSIE 7.0; Windows NT 6.1; Trident/5.0; SLCC2; .NET CLR 2.0.50727; .NET CLR 3.5.30729; .NET CLR 3.0.30729; Media Center PC 6.0; InfoPath.3; .NET4.0C; .NET4.0E; Tablet PC 2.0; AskTbFXTV5/5.14.1.20007)" 26826
192.168.74.91 - - [17/Feb/2013:07:14:55 +0600] "GET /pause/ajaxPause?pauseConfigId=&admin=0 HTTP/1.1" 200 986 "http://callider/pause/index" "Mozilla/4.0 (compatible; MSIE 7.0; Windows NT 6.1; WOW64; Trident/5.0; SLCC2; .NET CLR 2.0.50727; .NET CLR 3.5.30729; .NET CLR 3.0.30729; Media Center PC 6.0; InfoPath.3; .NET4.0C; MS-RTC LM 8; .NET4.0E)" 23620
192.168.74.151 - - [17/Feb/2013:07:14:55 +0600] "GET /pause/ajaxPause?pauseConfigId=&admin=0 HTTP/1.1" 200 987 "http://callider.kontur/pause/index" "Mozilla/5.0 (Windows NT 6.1; WOW64; rv:18.0) Gecko/20100101 Firefox/18.0" 18530
192.168.12.210 - - [17/Feb/2013:07:14:55 +0600] "GET /pause/ajaxPause?pauseConfigId=all&admin=1 HTTP/1.1" 200 1047 "http://callider/pause/index" "Mozilla/4.0 (compatible; MSIE 7.0; Windows NT 6.1; WOW64; Trident/5.0; SLCC2; .NET CLR 2.0.50727; .NET CLR 3.5.30729; .NET CLR 3.0.30729; Media Center PC 6.0; InfoPath.3; .NET4.0C; .NET4.0E)" 17337
192.168.12.60 - - [17/Feb/2013:07:14:56 +0600] "GET /pause/ajaxPause?pauseConfigId=&admin=0 HTTP/1.1" 200 986 "http://callider/pause/index" "Mozilla/4.0 (compatible; MSIE 8.0; Windows NT 6.1; Trident/4.0; InfoPath.3; .NET4.0C; MS-RTC LM 8; .NET4.0E)" 19201
192.168.12.77 - - [17/Feb/2013:07:14:56 +0600] "GET /pause/ajaxPause?pauseConfigId=&admin=0 HTTP/1.1" 200 1039 "http://callider/pause/index" "Mozilla/4.0 (compatible; MSIE 7.0; Windows NT 6.1; Trident/5.0; SLCC2; .NET CLR 2.0.50727; .NET CLR 3.5.30729; .NET CLR 3.0.30729; Media Center PC 6.0; Tablet PC 2.0; InfoPath.3; .NET4.0C; .NET4.0E; MS-RTC LM 8)" 13078
192.168.12.38 - - [17/Feb/2013:07:14:56 +0600] "GET /pause/ajaxPause?pauseConfigId=&admin=0 HTTP/1.1" 200 1040 "http://callider/pause/index" "Mozilla/4.0 (compatible; MSIE 7.0; Windows NT 6.1; WOW64; Trident/5.0; SLCC2; .NET CLR 2.0.50727; .NET CLR 3.5.30729; .NET CLR 3.0.30729; Media Center PC 6.0; InfoPath.3; .NET4.0C; .NET4.0E)" 16484
192.168.12.204 - - [17/Feb/2013:07:14:56 +0600] "GET /pause/ajaxPause?pauseConfigId=&admin=0 HTTP/1.1" 200 986 "http://callider/pause/index" "Mozilla/4.0 (compatible; MSIE 7.0; Windows NT 6.1; WOW64; Trident/4.0; SLCC2; .NET CLR 2.0.50727; .NET CLR 3.5.30729; .NET CLR 3.0.30729; Media Center PC 6.0; InfoPath.3; .NET4.0C; .NET4.0E; .NET CLR 1.1.4322)" 18585
192.168.65.56 - - [17/Feb/2013:07:14:56 +0600] "GET /pause/ajaxPause?pauseConfigId=all&admin=1 HTTP/1.1" 200 1046 "http://192.168.65.101/pause/index" "Mozilla/5.0 (Windows NT 5.1; rv:15.0) Gecko/20100101 Firefox/15.0" 26503
192.168.74.78 - - [17/Feb/2013:07:14:59 +0600] "GET /pause/ajaxPause?pauseConfigId=&admin=0 HTTP/1.1" 200 986 "http://callider/pause/index" "Mozilla/4.0 (compatible; MSIE 7.0; Windows NT 6.1; WOW64; Trident/5.0; SLCC2; .NET CLR 2.0.50727; .NET CLR 3.5.30729; .NET CLR 3.0.30729; Media Center PC 6.0; InfoPath.3; .NET4.0C; MS-RTC LM 8; .NET4.0E)" 19275
192.168.12.61 - - [17/Feb/2013:07:14:59 +0600] "GET /pause/ajaxPause?pauseConfigId=&admin=0 HTTP/1.1" 200 985 "http://callider/pause/index" "Mozilla/4.0 (compatible; MSIE 7.0; Windows NT 6.1; Trident/5.0; SLCC2; .NET CLR 2.0.50727; .NET CLR 3.5.30729; .NET CLR 3.0.30729; Media Center PC 6.0; InfoPath.3; .NET4.0C; .NET4.0E)" 19797
192.168.12.69 - - [17/Feb/2013:07:15:00 +0600] "GET /pause/ajaxPause?pauseConfigId=&admin=0 HTTP/1.1" 200 986 "http://callider/pause/index" "Mozilla/4.0 (compatible; MSIE 7.0; Windows NT 6.1; Trident/5.0; SLCC2; .NET CLR 2.0.50727; .NET CLR 3.5.30729; .NET CLR 3.0.30729; Media Center PC 6.0; InfoPath.3; .NET4.0C; .NET4.0E; Tablet PC 2.0; AskTbFXTV5/5.14.1.20007)" 21612
192.168.74.91 - - [17/Feb/2013:07:15:00 +0600] "GET /pause/ajaxPause?pauseConfigId=&admin=0 HTTP/1.1" 200 986 "http://callider/pause/index" "Mozilla/4.0 (compatible; MSIE 7.0; Windows NT 6.1; WOW64; Trident/5.0; SLCC2; .NET CLR 2.0.50727; .NET CLR 3.5.30729; .NET CLR 3.0.30729; Media Center PC 6.0; InfoPath.3; .NET4.0C; MS-RTC LM 8; .NET4.0E)" 17024
192.168.74.151 - - [17/Feb/2013:07:15:00 +0600] "GET /pause/ajaxPause?pauseConfigId=&admin=0 HTTP/1.1" 200 987 "http://callider.kontur/pause/index" "Mozilla/5.0 (Windows NT 6.1; WOW64; rv:18.0) Gecko/20100101 Firefox/18.0" 20732
192.168.12.210 - - [17/Feb/2013:07:15:00 +0600] "GET /pause/ajaxPause?pauseConfigId=all&admin=1 HTTP/1.1" 200 1047 "http://callider/pause/index" "Mozilla/4.0 (compatible; MSIE 7.0; Windows NT 6.1; WOW64; Trident/5.0; SLCC2; .NET CLR 2.0.50727; .NET CLR 3.5.30729; .NET CLR 3.0.30729; Media Center PC 6.0; InfoPath.3; .NET4.0C; .NET4.0E)" 21494
192.168.12.60 - - [17/Feb/2013:07:15:01 +0600] "GET /pause/ajaxPause?pauseConfigId=&admin=0 HTTP/1.1" 200 986 "http://callider/pause/index" "Mozilla/4.0 (compatible; MSIE 8.0; Windows NT 6.1; Trident/4.0; InfoPath.3; .NET4.0C; MS-RTC LM 8; .NET4.0E)" 20446
192.168.12.77 - - [17/Feb/2013:07:15:01 +0600] "GET /pause/ajaxPause?pauseConfigId=&admin=0 HTTP/1.1" 200 1039 "http://callider/pause/index" "Mozilla/4.0 (compatible; MSIE 7.0; Windows NT 6.1; Trident/5.0; SLCC2; .NET CLR 2.0.50727; .NET CLR 3.5.30729; .NET CLR 3.0.30729; Media Center PC 6.0; Tablet PC 2.0; InfoPath.3; .NET4.0C; .NET4.0E; MS-RTC LM 8)" 15009
192.168.12.38 - - [17/Feb/2013:07:15:01 +0600] "GET /pause/ajaxPause?pauseConfigId=&admin=0 HTTP/1.1" 200 1040 "http://callider/pause/index" "Mozilla/4.0 (compatible; MSIE 7.0; Windows NT 6.1; WOW64; Trident/5.0; SLCC2; .NET CLR 2.0.50727; .NET CLR 3.5.30729; .NET CLR 3.0.30729; Media Center PC 6.0; InfoPath.3; .NET4.0C; .NET4.0E)" 18181
192.168.65.56 - - [17/Feb/2013:07:15:01 +0600] "GET /pause/ajaxPause?pauseConfigId=all&admin=1 HTTP/1.1" 200 1046 "http://192.168.65.101/pause/index" "Mozilla/5.0 (Windows NT 5.1; rv:15.0) Gecko/20100101 Firefox/15.0" 101317
192.168.12.204 - - [17/Feb/2013:07:15:01 +0600] "GET /pause/ajaxPause?pauseConfigId=&admin=0 HTTP/1.1" 200 986 "http://callider/pause/index" "Mozilla/4.0 (compatible; MSIE 7.0; Windows NT 6.1; WOW64; Trident/4.0; SLCC2; .NET CLR 2.0.50727; .NET CLR 3.5.30729; .NET CLR 3.0.30729; Media Center PC 6.0; InfoPath.3; .NET4.0C; .NET4.0E; .NET CLR 1.1.4322)" 72807
192.168.74.78 - - [17/Feb/2013:07:15:04 +0600] "GET /pause/ajaxPause?pauseConfigId=&admin=0 HTTP/1.1" 200 986 "http://callider/pause/index" "Mozilla/4.0 (compatible; MSIE 7.0; Windows NT 6.1; WOW64; Trident/5.0; SLCC2; .NET CLR 2.0.50727; .NET CLR 3.5.30729; .NET CLR 3.0.30729; Media Center PC 6.0; InfoPath.3; .NET4.0C; MS-RTC LM 8; .NET4.0E)" 19161
192.168.12.61 - - [17/Feb/2013:07:15:04 +0600] "GET /pause/ajaxPause?pauseConfigId=&admin=0 HTTP/1.1" 200 986 "http://callider/pause/index" "Mozilla/4.0 (compatible; MSIE 7.0; Windows NT 6.1; Trident/5.0; SLCC2; .NET CLR 2.0.50727; .NET CLR 3.5.30729; .NET CLR 3.0.30729; Media Center PC 6.0; InfoPath.3; .NET4.0C; .NET4.0E)" 26772
192.168.12.69 - - [17/Feb/2013:07:15:05 +0600] "GET /pause/ajaxPause?pauseConfigId=&admin=0 HTTP/1.1" 200 986 "http://callider/pause/index" "Mozilla/4.0 (compatible; MSIE 7.0; Windows NT 6.1; Trident/5.0; SLCC2; .NET CLR 2.0.50727; .NET CLR 3.5.30729; .NET CLR 3.0.30729; Media Center PC 6.0; InfoPath.3; .NET4.0C; .NET4.0E; Tablet PC 2.0; AskTbFXTV5/5.14.1.20007)" 21600
192.168.12.61 - - [17/Feb/2013:07:15:05 +0600] "GET /tv/useUser HTTP/1.1" 200 431 "http://callider/pause/index" "Mozilla/4.0 (compatible; MSIE 7.0; Windows NT 6.1; Trident/5.0; SLCC2; .NET CLR 2.0.50727; .NET CLR 3.5.30729; .NET CLR 3.0.30729; Media Center PC 6.0; InfoPath.3; .NET4.0C; .NET4.0E)" 8858
192.168.74.91 - - [17/Feb/2013:07:15:05 +0600] "GET /pause/ajaxPause?pauseConfigId=&admin=0 HTTP/1.1" 200 986 "http://callider/pause/index" "Mozilla/4.0 (compatible; MSIE 7.0; Windows NT 6.1; WOW64; Trident/5.0; SLCC2; .NET CLR 2.0.50727; .NET CLR 3.5.30729; .NET CLR 3.0.30729; Media Center PC 6.0; InfoPath.3; .NET4.0C; MS-RTC LM 8; .NET4.0E)" 18437
192.168.74.151 - - [17/Feb/2013:07:15:05 +0600] "GET /pause/ajaxPause?pauseConfigId=&admin=0 HTTP/1.1" 200 987 "http://callider.kontur/pause/index" "Mozilla/5.0 (Windows NT 6.1; WOW64; rv:18.0) Gecko/20100101 Firefox/18.0" 19578
192.168.12.210 - - [17/Feb/2013:07:15:05 +0600] "GET /pause/ajaxPause?pauseConfigId=all&admin=1 HTTP/1.1" 200 1047 "http://callider/pause/index" "Mozilla/4.0 (compatible; MSIE 7.0; Windows NT 6.1; WOW64; Trident/5.0; SLCC2; .NET CLR 2.0.50727; .NET CLR 3.5.30729; .NET CLR 3.0.30729; Media Center PC 6.0; InfoPath.3; .NET4.0C; .NET4.0E)" 19576
192.168.12.60 - - [17/Feb/2013:07:15:06 +0600] "GET /pause/ajaxPause?pauseConfigId=&admin=0 HTTP/1.1" 200 986 "http://callider/pause/index" "Mozilla/4.0 (compatible; MSIE 8.0; Windows NT 6.1; Trident/4.0; InfoPath.3; .NET4.0C; MS-RTC LM 8; .NET4.0E)" 21372
192.168.12.77 - - [17/Feb/2013:07:15:06 +0600] "GET /pause/ajaxPause?pauseConfigId=&admin=0 HTTP/1.1" 200 1039 "http://callider/pause/index" "Mozilla/4.0 (compatible; MSIE 7.0; Windows NT 6.1; Trident/5.0; SLCC2; .NET CLR 2.0.50727; .NET CLR 3.5.30729; .NET CLR 3.0.30729; Media Center PC 6.0; Tablet PC 2.0; InfoPath.3; .NET4.0C; .NET4.0E; MS-RTC LM 8)" 15866
192.168.12.38 - - [17/Feb/2013:07:15:06 +0600] "GET /pause/ajaxPause?pauseConfigId=&admin=0 HTTP/1.1" 200 1040 "http://callider/pause/index" "Mozilla/4.0 (compatible; MSIE 7.0; Windows NT 6.1; WOW64; Trident/5.0; SLCC2; .NET CLR 2.0.50727; .NET CLR 3.5.30729; .NET CLR 3.0.30729; Media Center PC 6.0; InfoPath.3; .NET4.0C; .NET4.0E)" 18254
192.168.65.56 - - [17/Feb/2013:07:15:06 +0600] "GET /pause/ajaxPause?pauseConfigId=all&admin=1 HTTP/1.1" 200 1046 "http://192.168.65.101/pause/index" "Mozilla/5.0 (Windows NT 5.1; rv:15.0) Gecko/20100101 Firefox/15.0" 27332
192.168.12.204 - - [17/Feb/2013:07:15:06 +0600] "GET /pause/ajaxPause?pauseConfigId=&admin=0 HTTP/1.1" 200 986 "http://callider/pause/index" "Mozilla/4.0 (compatible; MSIE 7.0; Windows NT 6.1; WOW64; Trident/4.0; SLCC2; .NET CLR 2.0.50727; .NET CLR 3.5.30729; .NET CLR 3.0.30729; Media Center PC 6.0; InfoPath.3; .NET4.0C; .NET4.0E; .NET CLR 1.1.4322)" 20755
192.168.74.78 - - [17/Feb/2013:07:15:09 +0600] "GET /pause/ajaxPause?pauseConfigId=&admin=0 HTTP/1.1" 200 986 "http://callider/pause/index" "Mozilla/4.0 (compatible; MSIE 7.0; Windows NT 6.1; WOW64; Trident/5.0; SLCC2; .NET CLR 2.0.50727; .NET CLR 3.5.30729; .NET CLR 3.0.30729; Media Center PC 6.0; InfoPath.3; .NET4.0C; MS-RTC LM 8; .NET4.0E)" 20632
192.168.12.61 - - [17/Feb/2013:07:15:09 +0600] "GET /pause/ajaxPause?pauseConfigId=&admin=0 HTTP/1.1" 200 985 "http://callider/pause/index" "Mozilla/4.0 (compatible; MSIE 7.0; Windows NT 6.1; Trident/5.0; SLCC2; .NET CLR 2.0.50727; .NET CLR 3.5.30729; .NET CLR 3.0.30729; Media Center PC 6.0; InfoPath.3; .NET4.0C; .NET4.0E)" 16897
192.168.12.69 - - [17/Feb/2013:07:15:10 +0600] "GET /pause/ajaxPause?pauseConfigId=&admin=0 HTTP/1.1" 200 986 "http://callider/pause/index" "Mozilla/4.0 (compatible; MSIE 7.0; Windows NT 6.1; Trident/5.0; SLCC2; .NET CLR 2.0.50727; .NET CLR 3.5.30729; .NET CLR 3.0.30729; Media Center PC 6.0; InfoPath.3; .NET4.0C; .NET4.0E; Tablet PC 2.0; AskTbFXTV5/5.14.1.20007)" 20229
192.168.74.91 - - [17/Feb/2013:07:15:10 +0600] "GET /pause/ajaxPause?pauseConfigId=&admin=0 HTTP/1.1" 200 986 "http://callider/pause/index" "Mozilla/4.0 (compatible; MSIE 7.0; Windows NT 6.1; WOW64; Trident/5.0; SLCC2; .NET CLR 2.0.50727; .NET CLR 3.5.30729; .NET CLR 3.0.30729; Media Center PC 6.0; InfoPath.3; .NET4.0C; MS-RTC LM 8; .NET4.0E)" 19723
192.168.74.151 - - [17/Feb/2013:07:15:10 +0600] "GET /pause/ajaxPause?pauseConfigId=&admin=0 HTTP/1.1" 200 987 "http://callider.kontur/pause/index" "Mozilla/5.0 (Windows NT 6.1; WOW64; rv:18.0) Gecko/20100101 Firefox/18.0" 17346
192.168.12.210 - - [17/Feb/2013:07:15:10 +0600] "GET /pause/ajaxPause?pauseConfigId=all&admin=1 HTTP/1.1" 200 1047 "http://callider/pause/index" "Mozilla/4.0 (compatible; MSIE 7.0; Windows NT 6.1; WOW64; Trident/5.0; SLCC2; .NET CLR 2.0.50727; .NET CLR 3.5.30729; .NET CLR 3.0.30729; Media Center PC 6.0; InfoPath.3; .NET4.0C; .NET4.0E)" 19240
192.168.12.42 - - [17/Feb/2013:07:15:11 +0600] "GET /tv/useUser HTTP/1.1" 200 432 "http://callider/graph/personal" "Mozilla/4.0 (compatible; MSIE 7.0; Windows NT 6.1; WOW64; Trident/5.0; SLCC2; .NET CLR 2.0.50727; .NET CLR 3.5.30729; .NET CLR 3.0.30729; Media Center PC 6.0; InfoPath.3; .NET4.0C; .NET4.0E)" 16570
192.168.12.60 - - [17/Feb/2013:07:15:11 +0600] "GET /pause/ajaxPause?pauseConfigId=&admin=0 HTTP/1.1" 200 986 "http://callider/pause/index" "Mozilla/4.0 (compatible; MSIE 8.0; Windows NT 6.1; Trident/4.0; InfoPath.3; .NET4.0C; MS-RTC LM 8; .NET4.0E)" 27080
192.168.12.77 - - [17/Feb/2013:07:15:11 +0600] "GET /pause/ajaxPause?pauseConfigId=&admin=0 HTTP/1.1" 200 1039 "http://callider/pause/index" "Mozilla/4.0 (compatible; MSIE 7.0; Windows NT 6.1; Trident/5.0; SLCC2; .NET CLR 2.0.50727; .NET CLR 3.5.30729; .NET CLR 3.0.30729; Media Center PC 6.0; Tablet PC 2.0; InfoPath.3; .NET4.0C; .NET4.0E; MS-RTC LM 8)" 13112
192.168.12.38 - - [17/Feb/2013:07:15:11 +0600] "GET /pause/ajaxPause?pauseConfigId=&admin=0 HTTP/1.1" 200 1040 "http://callider/pause/index" "Mozilla/4.0 (compatible; MSIE 7.0; Windows NT 6.1; WOW64; Trident/5.0; SLCC2; .NET CLR 2.0.50727; .NET CLR 3.5.30729; .NET CLR 3.0.30729; Media Center PC 6.0; InfoPath.3; .NET4.0C; .NET4.0E)" 15366
192.168.65.56 - - [17/Feb/2013:07:15:11 +0600] "GET /pause/ajaxPause?pauseConfigId=all&admin=1 HTTP/1.1" 200 1046 "http://192.168.65.101/pause/index" "Mozilla/5.0 (Windows NT 5.1; rv:15.0) Gecko/20100101 Firefox/15.0" 26054
192.168.12.204 - - [17/Feb/2013:07:15:11 +0600] "GET /pause/ajaxPause?pauseConfigId=&admin=0 HTTP/1.1" 200 986 "http://callider/pause/index" "Mozilla/4.0 (compatible; MSIE 7.0; Windows NT 6.1; WOW64; Trident/4.0; SLCC2; .NET CLR 2.0.50727; .NET CLR 3.5.30729; .NET CLR 3.0.30729; Media Center PC 6.0; InfoPath.3; .NET4.0C; .NET4.0E; .NET CLR 1.1.4322)" 18949
192.168.74.151 - - [17/Feb/2013:07:15:13 +0600] "GET /tv/useUser HTTP/1.1" 200 431 "http://callider.kontur/graph/general" "Mozilla/5.0 (Windows NT 6.1; WOW64; rv:18.0) Gecko/20100101 Firefox/18.0" 193366
192.168.74.78 - - [17/Feb/2013:07:15:14 +0600] "GET /pause/ajaxPause?pauseConfigId=&admin=0 HTTP/1.1" 200 986 "http://callider/pause/index" "Mozilla/4.0 (compatible; MSIE 7.0; Windows NT 6.1; WOW64; Trident/5.0; SLCC2; .NET CLR 2.0.50727; .NET CLR 3.5.30729; .NET CLR 3.0.30729; Media Center PC 6.0; InfoPath.3; .NET4.0C; MS-RTC LM 8; .NET4.0E)" 19967
192.168.12.61 - - [17/Feb/2013:07:15:14 +0600] "GET /pause/ajaxPause?pauseConfigId=&admin=0 HTTP/1.1" 200 985 "http://callider/pause/index" "Mozilla/4.0 (compatible; MSIE 7.0; Windows NT 6.1; Trident/5.0; SLCC2; .NET CLR 2.0.50727; .NET CLR 3.5.30729; .NET CLR 3.0.30729; Media Center PC 6.0; InfoPath.3; .NET4.0C; .NET4.0E)" 17917
192.168.12.69 - - [17/Feb/2013:07:15:15 +0600] "GET /pause/ajaxPause?pauseConfigId=&admin=0 HTTP/1.1" 200 986 "http://callider/pause/index" "Mozilla/4.0 (compatible; MSIE 7.0; Windows NT 6.1; Trident/5.0; SLCC2; .NET CLR 2.0.50727; .NET CLR 3.5.30729; .NET CLR 3.0.30729; Media Center PC 6.0; InfoPath.3; .NET4.0C; .NET4.0E; Tablet PC 2.0; AskTbFXTV5/5.14.1.20007)" 166509
192.168.74.91 - - [17/Feb/2013:07:15:15 +0600] "GET /pause/ajaxPause?pauseConfigId=&admin=0 HTTP/1.1" 200 986 "http://callider/pause/index" "Mozilla/4.0 (compatible; MSIE 7.0; Windows NT 6.1; WOW64; Trident/5.0; SLCC2; .NET CLR 2.0.50727; .NET CLR 3.5.30729; .NET CLR 3.0.30729; Media Center PC 6.0; InfoPath.3; .NET4.0C; MS-RTC LM 8; .NET4.0E)" 21248
192.168.74.151 - - [17/Feb/2013:07:15:15 +0600] "GET /pause/ajaxPause?pauseConfigId=&admin=0 HTTP/1.1" 200 987 "http://callider.kontur/pause/index" "Mozilla/5.0 (Windows NT 6.1; WOW64; rv:18.0) Gecko/20100101 Firefox/18.0" 21449
192.168.74.151 - - [17/Feb/2013:07:15:15 +0600] "GET /tv/useUser HTTP/1.1" 200 432 "http://callider.kontur/pause/index" "Mozilla/5.0 (Windows NT 6.1; WOW64; rv:18.0) Gecko/20100101 Firefox/18.0" 16154
192.168.12.210 - - [17/Feb/2013:07:15:15 +0600] "GET /pause/ajaxPause?pauseConfigId=all&admin=1 HTTP/1.1" 200 1047 "http://callider/pause/index" "Mozilla/4.0 (compatible; MSIE 7.0; Windows NT 6.1; WOW64; Trident/5.0; SLCC2; .NET CLR 2.0.50727; .NET CLR 3.5.30729; .NET CLR 3.0.30729; Media Center PC 6.0; InfoPath.3; .NET4.0C; .NET4.0E)" 22062
192.168.12.60 - - [17/Feb/2013:07:15:16 +0600] "GET /pause/ajaxPause?pauseConfigId=&admin=0 HTTP/1.1" 200 986 "http://callider/pause/index" "Mozilla/4.0 (compatible; MSIE 8.0; Windows NT 6.1; Trident/4.0; InfoPath.3; .NET4.0C; MS-RTC LM 8; .NET4.0E)" 18153
192.168.12.77 - - [17/Feb/2013:07:15:16 +0600] "GET /pause/ajaxPause?pauseConfigId=&admin=0 HTTP/1.1" 200 1039 "http://callider/pause/index" "Mozilla/4.0 (compatible; MSIE 7.0; Windows NT 6.1; Trident/5.0; SLCC2; .NET CLR 2.0.50727; .NET CLR 3.5.30729; .NET CLR 3.0.30729; Media Center PC 6.0; Tablet PC 2.0; InfoPath.3; .NET4.0C; .NET4.0E; MS-RTC LM 8)" 12854
192.168.12.38 - - [17/Feb/2013:07:15:16 +0600] "GET /pause/ajaxPause?pauseConfigId=&admin=0 HTTP/1.1" 200 1040 "http://callider/pause/index" "Mozilla/4.0 (compatible; MSIE 7.0; Windows NT 6.1; WOW64; Trident/5.0; SLCC2; .NET CLR 2.0.50727; .NET CLR 3.5.30729; .NET CLR 3.0.30729; Media Center PC 6.0; InfoPath.3; .NET4.0C; .NET4.0E)" 15647
192.168.65.56 - - [17/Feb/2013:07:15:16 +0600] "GET /pause/ajaxPause?pauseConfigId=all&admin=1 HTTP/1.1" 200 1046 "http://192.168.65.101/pause/index" "Mozilla/5.0 (Windows NT 5.1; rv:15.0) Gecko/20100101 Firefox/15.0" 25332
192.168.12.204 - - [17/Feb/2013:07:15:16 +0600] "GET /pause/ajaxPause?pauseConfigId=&admin=0 HTTP/1.1" 200 986 "http://callider/pause/index" "Mozilla/4.0 (compatible; MSIE 7.0; Windows NT 6.1; WOW64; Trident/4.0; SLCC2; .NET CLR 2.0.50727; .NET CLR 3.5.30729; .NET CLR 3.0.30729; Media Center PC 6.0; InfoPath.3; .NET4.0C; .NET4.0E; .NET CLR 1.1.4322)" 19021
192.168.74.78 - - [17/Feb/2013:07:15:19 +0600] "GET /pause/ajaxPause?pauseConfigId=&admin=0 HTTP/1.1" 200 986 "http://callider/pause/index" "Mozilla/4.0 (compatible; MSIE 7.0; Windows NT 6.1; WOW64; Trident/5.0; SLCC2; .NET CLR 2.0.50727; .NET CLR 3.5.30729; .NET CLR 3.0.30729; Media Center PC 6.0; InfoPath.3; .NET4.0C; MS-RTC LM 8; .NET4.0E)" 21390
192.168.12.10 - - [17/Feb/2013:07:15:19 +0600] "GET /tv/useUser HTTP/1.1" 200 432 "http://callider/graph/personal" "Mozilla/4.0 (compatible; MSIE 7.0; Windows NT 6.1; Trident/5.0; SLCC2; .NET CLR 2.0.50727; .NET CLR 3.5.30729; .NET CLR 3.0.30729; Media Center PC 6.0; InfoPath.3; .NET4.0C; .NET4.0E; Tablet PC 2.0; MS-RTC LM 8)" 14190
192.168.12.108 - - [17/Feb/2013:07:15:19 +0600] "GET /tv/useUser HTTP/1.1" 200 432 "http://callider/index.php" "Mozilla/4.0 (compatible; MSIE 7.0; Windows NT 6.2; WOW64; Trident/6.0; .NET4.0E; .NET4.0C; InfoPath.3; .NET CLR 3.5.30729; .NET CLR 2.0.50727; .NET CLR 3.0.30729)" 17123
192.168.12.61 - - [17/Feb/2013:07:15:19 +0600] "GET /pause/ajaxPause?pauseConfigId=&admin=0 HTTP/1.1" 200 985 "http://callider/pause/index" "Mozilla/4.0 (compatible; MSIE 7.0; Windows NT 6.1; Trident/5.0; SLCC2; .NET CLR 2.0.50727; .NET CLR 3.5.30729; .NET CLR 3.0.30729; Media Center PC 6.0; InfoPath.3; .NET4.0C; .NET4.0E)" 15501
192.168.12.69 - - [17/Feb/2013:07:15:20 +0600] "GET /pause/ajaxPause?pauseConfigId=&admin=0 HTTP/1.1" 200 986 "http://callider/pause/index" "Mozilla/4.0 (compatible; MSIE 7.0; Windows NT 6.1; Trident/5.0; SLCC2; .NET CLR 2.0.50727; .NET CLR 3.5.30729; .NET CLR 3.0.30729; Media Center PC 6.0; InfoPath.3; .NET4.0C; .NET4.0E; Tablet PC 2.0; AskTbFXTV5/5.14.1.20007)" 22713
192.168.74.91 - - [17/Feb/2013:07:15:20 +0600] "GET /pause/ajaxPause?pauseConfigId=&admin=0 HTTP/1.1" 200 986 "http://callider/pause/index" "Mozilla/4.0 (compatible; MSIE 7.0; Windows NT 6.1; WOW64; Trident/5.0; SLCC2; .NET CLR 2.0.50727; .NET CLR 3.5.30729; .NET CLR 3.0.30729; Media Center PC 6.0; InfoPath.3; .NET4.0C; MS-RTC LM 8; .NET4.0E)" 21657
192.168.74.151 - - [17/Feb/2013:07:15:20 +0600] "GET /pause/ajaxPause?pauseConfigId=&admin=0 HTTP/1.1" 200 987 "http://callider.kontur/pause/index" "Mozilla/5.0 (Windows NT 6.1; WOW64; rv:18.0) Gecko/20100101 Firefox/18.0" 19843
192.168.12.210 - - [17/Feb/2013:07:15:20 +0600] "GET /pause/ajaxPause?pauseConfigId=all&admin=1 HTTP/1.1" 200 1047 "http://callider/pause/index" "Mozilla/4.0 (compatible; MSIE 7.0; Windows NT 6.1; WOW64; Trident/5.0; SLCC2; .NET CLR 2.0.50727; .NET CLR 3.5.30729; .NET CLR 3.0.30729; Media Center PC 6.0; InfoPath.3; .NET4.0C; .NET4.0E)" 90760
192.168.12.77 - - [17/Feb/2013:07:15:21 +0600] "GET /pause/ajaxPause?pauseConfigId=&admin=0 HTTP/1.1" 200 1039 "http://callider/pause/index" "Mozilla/4.0 (compatible; MSIE 7.0; Windows NT 6.1; Trident/5.0; SLCC2; .NET CLR 2.0.50727; .NET CLR 3.5.30729; .NET CLR 3.0.30729; Media Center PC 6.0; Tablet PC 2.0; InfoPath.3; .NET4.0C; .NET4.0E; MS-RTC LM 8)" 13889
192.168.12.60 - - [17/Feb/2013:07:15:21 +0600] "GET /pause/ajaxPause?pauseConfigId=&admin=0 HTTP/1.1" 200 986 "http://callider/pause/index" "Mozilla/4.0 (compatible; MSIE 8.0; Windows NT 6.1; Trident/4.0; InfoPath.3; .NET4.0C; MS-RTC LM 8; .NET4.0E)" 28057
192.168.12.38 - - [17/Feb/2013:07:15:21 +0600] "GET /pause/ajaxPause?pauseConfigId=&admin=0 HTTP/1.1" 200 1040 "http://callider/pause/index" "Mozilla/4.0 (compatible; MSIE 7.0; Windows NT 6.1; WOW64; Trident/5.0; SLCC2; .NET CLR 2.0.50727; .NET CLR 3.5.30729; .NET CLR 3.0.30729; Media Center PC 6.0; InfoPath.3; .NET4.0C; .NET4.0E)" 18728
192.168.65.56 - - [17/Feb/2013:07:15:21 +0600] "GET /pause/ajaxPause?pauseConfigId=all&admin=1 HTTP/1.1" 200 1047 "http://192.168.65.101/pause/index" "Mozilla/5.0 (Windows NT 5.1; rv:15.0) Gecko/20100101 Firefox/15.0" 43638
192.168.12.204 - - [17/Feb/2013:07:15:21 +0600] "GET /pause/ajaxPause?pauseConfigId=&admin=0 HTTP/1.1" 200 986 "http://callider/pause/index" "Mozilla/4.0 (compatible; MSIE 7.0; Windows NT 6.1; WOW64; Trident/4.0; SLCC2; .NET CLR 2.0.50727; .NET CLR 3.5.30729; .NET CLR 3.0.30729; Media Center PC 6.0; InfoPath.3; .NET4.0C; .NET4.0E; .NET CLR 1.1.4322)" 25580
192.168.74.78 - - [17/Feb/2013:07:15:24 +0600] "GET /pause/ajaxPause?pauseConfigId=&admin=0 HTTP/1.1" 200 986 "http://callider/pause/index" "Mozilla/4.0 (compatible; MSIE 7.0; Windows NT 6.1; WOW64; Trident/5.0; SLCC2; .NET CLR 2.0.50727; .NET CLR 3.5.30729; .NET CLR 3.0.30729; Media Center PC 6.0; InfoPath.3; .NET4.0C; MS-RTC LM 8; .NET4.0E)" 27561
192.168.12.61 - - [17/Feb/2013:07:15:24 +0600] "GET /pause/ajaxPause?pauseConfigId=&admin=0 HTTP/1.1" 200 985 "http://callider/pause/index" "Mozilla/4.0 (compatible; MSIE 7.0; Windows NT 6.1; Trident/5.0; SLCC2; .NET CLR 2.0.50727; .NET CLR 3.5.30729; .NET CLR 3.0.30729; Media Center PC 6.0; InfoPath.3; .NET4.0C; .NET4.0E)" 22170
192.168.12.69 - - [17/Feb/2013:07:15:25 +0600] "GET /pause/ajaxPause?pauseConfigId=&admin=0 HTTP/1.1" 200 986 "http://callider/pause/index" "Mozilla/4.0 (compatible; MSIE 7.0; Windows NT 6.1; Trident/5.0; SLCC2; .NET CLR 2.0.50727; .NET CLR 3.5.30729; .NET CLR 3.0.30729; Media Center PC 6.0; InfoPath.3; .NET4.0C; .NET4.0E; Tablet PC 2.0; AskTbFXTV5/5.14.1.20007)" 21493
192.168.74.91 - - [17/Feb/2013:07:15:25 +0600] "GET /pause/ajaxPause?pauseConfigId=&admin=0 HTTP/1.1" 200 986 "http://callider/pause/index" "Mozilla/4.0 (compatible; MSIE 7.0; Windows NT 6.1; WOW64; Trident/5.0; SLCC2; .NET CLR 2.0.50727; .NET CLR 3.5.30729; .NET CLR 3.0.30729; Media Center PC 6.0; InfoPath.3; .NET4.0C; MS-RTC LM 8; .NET4.0E)" 18960
192.168.74.151 - - [17/Feb/2013:07:15:25 +0600] "GET /pause/ajaxPause?pauseConfigId=&admin=0 HTTP/1.1" 200 987 "http://callider.kontur/pause/index" "Mozilla/5.0 (Windows NT 6.1; WOW64; rv:18.0) Gecko/20100101 Firefox/18.0" 21999
192.168.12.210 - - [17/Feb/2013:07:15:25 +0600] "GET /pause/ajaxPause?pauseConfigId=all&admin=1 HTTP/1.1" 200 1047 "http://callider/pause/index" "Mozilla/4.0 (compatible; MSIE 7.0; Windows NT 6.1; WOW64; Trident/5.0; SLCC2; .NET CLR 2.0.50727; .NET CLR 3.5.30729; .NET CLR 3.0.30729; Media Center PC 6.0; InfoPath.3; .NET4.0C; .NET4.0E)" 18073
192.168.12.60 - - [17/Feb/2013:07:15:26 +0600] "GET /pause/ajaxPause?pauseConfigId=&admin=0 HTTP/1.1" 200 986 "http://callider/pause/index" "Mozilla/4.0 (compatible; MSIE 8.0; Windows NT 6.1; Trident/4.0; InfoPath.3; .NET4.0C; MS-RTC LM 8; .NET4.0E)" 23593
192.168.12.77 - - [17/Feb/2013:07:15:26 +0600] "GET /pause/ajaxPause?pauseConfigId=&admin=0 HTTP/1.1" 200 1039 "http://callider/pause/index" "Mozilla/4.0 (compatible; MSIE 7.0; Windows NT 6.1; Trident/5.0; SLCC2; .NET CLR 2.0.50727; .NET CLR 3.5.30729; .NET CLR 3.0.30729; Media Center PC 6.0; Tablet PC 2.0; InfoPath.3; .NET4.0C; .NET4.0E; MS-RTC LM 8)" 23316
192.168.12.38 - - [17/Feb/2013:07:15:26 +0600] "GET /pause/ajaxPause?pauseConfigId=&admin=0 HTTP/1.1" 200 1040 "http://callider/pause/index" "Mozilla/4.0 (compatible; MSIE 7.0; Windows NT 6.1; WOW64; Trident/5.0; SLCC2; .NET CLR 2.0.50727; .NET CLR 3.5.30729; .NET CLR 3.0.30729; Media Center PC 6.0; InfoPath.3; .NET4.0C; .NET4.0E)" 19393
192.168.65.56 - - [17/Feb/2013:07:15:26 +0600] "GET /pause/ajaxPause?pauseConfigId=all&admin=1 HTTP/1.1" 200 1046 "http://192.168.65.101/pause/index" "Mozilla/5.0 (Windows NT 5.1; rv:15.0) Gecko/20100101 Firefox/15.0" 26990
192.168.12.204 - - [17/Feb/2013:07:15:26 +0600] "GET /pause/ajaxPause?pauseConfigId=&admin=0 HTTP/1.1" 200 986 "http://callider/pause/index" "Mozilla/4.0 (compatible; MSIE 7.0; Windows NT 6.1; WOW64; Trident/4.0; SLCC2; .NET CLR 2.0.50727; .NET CLR 3.5.30729; .NET CLR 3.0.30729; Media Center PC 6.0; InfoPath.3; .NET4.0C; .NET4.0E; .NET CLR 1.1.4322)" 21827
192.168.74.78 - - [17/Feb/2013:07:15:29 +0600] "GET /pause/ajaxPause?pauseConfigId=&admin=0 HTTP/1.1" 200 986 "http://callider/pause/index" "Mozilla/4.0 (compatible; MSIE 7.0; Windows NT 6.1; WOW64; Trident/5.0; SLCC2; .NET CLR 2.0.50727; .NET CLR 3.5.30729; .NET CLR 3.0.30729; Media Center PC 6.0; InfoPath.3; .NET4.0C; MS-RTC LM 8; .NET4.0E)" 26802
192.168.12.61 - - [17/Feb/2013:07:15:29 +0600] "GET /pause/ajaxPause?pauseConfigId=&admin=0 HTTP/1.1" 200 985 "http://callider/pause/index" "Mozilla/4.0 (compatible; MSIE 7.0; Windows NT 6.1; Trident/5.0; SLCC2; .NET CLR 2.0.50727; .NET CLR 3.5.30729; .NET CLR 3.0.30729; Media Center PC 6.0; InfoPath.3; .NET4.0C; .NET4.0E)" 16500
192.168.12.69 - - [17/Feb/2013:07:15:30 +0600] "GET /pause/ajaxPause?pauseConfigId=&admin=0 HTTP/1.1" 200 986 "http://callider/pause/index" "Mozilla/4.0 (compatible; MSIE 7.0; Windows NT 6.1; Trident/5.0; SLCC2; .NET CLR 2.0.50727; .NET CLR 3.5.30729; .NET CLR 3.0.30729; Media Center PC 6.0; InfoPath.3; .NET4.0C; .NET4.0E; Tablet PC 2.0; AskTbFXTV5/5.14.1.20007)" 18396
192.168.74.91 - - [17/Feb/2013:07:15:30 +0600] "GET /pause/ajaxPause?pauseConfigId=&admin=0 HTTP/1.1" 200 986 "http://callider/pause/index" "Mozilla/4.0 (compatible; MSIE 7.0; Windows NT 6.1; WOW64; Trident/5.0; SLCC2; .NET CLR 2.0.50727; .NET CLR 3.5.30729; .NET CLR 3.0.30729; Media Center PC 6.0; InfoPath.3; .NET4.0C; MS-RTC LM 8; .NET4.0E)" 20095
192.168.74.151 - - [17/Feb/2013:07:15:30 +0600] "GET /pause/ajaxPause?pauseConfigId=&admin=0 HTTP/1.1" 200 987 "http://callider.kontur/pause/index" "Mozilla/5.0 (Windows NT 6.1; WOW64; rv:18.0) Gecko/20100101 Firefox/18.0" 25448
192.168.12.210 - - [17/Feb/2013:07:15:30 +0600] "GET /pause/ajaxPause?pauseConfigId=all&admin=1 HTTP/1.1" 200 1047 "http://callider/pause/index" "Mozilla/4.0 (compatible; MSIE 7.0; Windows NT 6.1; WOW64; Trident/5.0; SLCC2; .NET CLR 2.0.50727; .NET CLR 3.5.30729; .NET CLR 3.0.30729; Media Center PC 6.0; InfoPath.3; .NET4.0C; .NET4.0E)" 19594
192.168.12.77 - - [17/Feb/2013:07:15:31 +0600] "GET /pause/ajaxPause?pauseConfigId=&admin=0 HTTP/1.1" 200 1039 "http://callider/pause/index" "Mozilla/4.0 (compatible; MSIE 7.0; Windows NT 6.1; Trident/5.0; SLCC2; .NET CLR 2.0.50727; .NET CLR 3.5.30729; .NET CLR 3.0.30729; Media Center PC 6.0; Tablet PC 2.0; InfoPath.3; .NET4.0C; .NET4.0E; MS-RTC LM 8)" 17922
192.168.12.60 - - [17/Feb/2013:07:15:31 +0600] "GET /pause/ajaxPause?pauseConfigId=&admin=0 HTTP/1.1" 200 986 "http://callider/pause/index" "Mozilla/4.0 (compatible; MSIE 8.0; Windows NT 6.1; Trident/4.0; InfoPath.3; .NET4.0C; MS-RTC LM 8; .NET4.0E)" 24976
192.168.12.38 - - [17/Feb/2013:07:15:31 +0600] "GET /pause/ajaxPause?pauseConfigId=&admin=0 HTTP/1.1" 200 1040 "http://callider/pause/index" "Mozilla/4.0 (compatible; MSIE 7.0; Windows NT 6.1; WOW64; Trident/5.0; SLCC2; .NET CLR 2.0.50727; .NET CLR 3.5.30729; .NET CLR 3.0.30729; Media Center PC 6.0; InfoPath.3; .NET4.0C; .NET4.0E)" 18175
192.168.65.56 - - [17/Feb/2013:07:15:31 +0600] "GET /pause/ajaxPause?pauseConfigId=all&admin=1 HTTP/1.1" 200 1046 "http://192.168.65.101/pause/index" "Mozilla/5.0 (Windows NT 5.1; rv:15.0) Gecko/20100101 Firefox/15.0" 26842
192.168.12.204 - - [17/Feb/2013:07:15:31 +0600] "GET /pause/ajaxPause?pauseConfigId=&admin=0 HTTP/1.1" 200 986 "http://callider/pause/index" "Mozilla/4.0 (compatible; MSIE 7.0; Windows NT 6.1; WOW64; Trident/4.0; SLCC2; .NET CLR 2.0.50727; .NET CLR 3.5.30729; .NET CLR 3.0.30729; Media Center PC 6.0; InfoPath.3; .NET4.0C; .NET4.0E; .NET CLR 1.1.4322)" 18921
192.168.74.78 - - [17/Feb/2013:07:15:34 +0600] "GET /pause/ajaxPause?pauseConfigId=&admin=0 HTTP/1.1" 200 986 "http://callider/pause/index" "Mozilla/4.0 (compatible; MSIE 7.0; Windows NT 6.1; WOW64; Trident/5.0; SLCC2; .NET CLR 2.0.50727; .NET CLR 3.5.30729; .NET CLR 3.0.30729; Media Center PC 6.0; InfoPath.3; .NET4.0C; MS-RTC LM 8; .NET4.0E)" 18746
192.168.12.67 - - [17/Feb/2013:07:15:34 +0600] "GET /tv/useUser HTTP/1.1" 200 432 "http://callider/graph/personal" "Mozilla/4.0 (compatible; MSIE 7.0; Windows NT 6.1; Trident/5.0; SLCC2; .NET CLR 2.0.50727; .NET CLR 3.5.30729; .NET CLR 3.0.30729; Media Center PC 6.0; .NET4.0C; .NET4.0E; InfoPath.3; Tablet PC 2.0; MS-RTC LM 8)" 18624
192.168.12.61 - - [17/Feb/2013:07:15:34 +0600] "GET /pause/ajaxPause?pauseConfigId=&admin=0 HTTP/1.1" 200 985 "http://callider/pause/index" "Mozilla/4.0 (compatible; MSIE 7.0; Windows NT 6.1; Trident/5.0; SLCC2; .NET CLR 2.0.50727; .NET CLR 3.5.30729; .NET CLR 3.0.30729; Media Center PC 6.0; InfoPath.3; .NET4.0C; .NET4.0E)" 18584
192.168.12.69 - - [17/Feb/2013:07:15:35 +0600] "GET /pause/ajaxPause?pauseConfigId=&admin=0 HTTP/1.1" 200 986 "http://callider/pause/index" "Mozilla/4.0 (compatible; MSIE 7.0; Windows NT 6.1; Trident/5.0; SLCC2; .NET CLR 2.0.50727; .NET CLR 3.5.30729; .NET CLR 3.0.30729; Media Center PC 6.0; InfoPath.3; .NET4.0C; .NET4.0E; Tablet PC 2.0; AskTbFXTV5/5.14.1.20007)" 131261
192.168.74.91 - - [17/Feb/2013:07:15:35 +0600] "GET /pause/ajaxPause?pauseConfigId=&admin=0 HTTP/1.1" 200 986 "http://callider/pause/index" "Mozilla/4.0 (compatible; MSIE 7.0; Windows NT 6.1; WOW64; Trident/5.0; SLCC2; .NET CLR 2.0.50727; .NET CLR 3.5.30729; .NET CLR 3.0.30729; Media Center PC 6.0; InfoPath.3; .NET4.0C; MS-RTC LM 8; .NET4.0E)" 86051
192.168.74.151 - - [17/Feb/2013:07:15:35 +0600] "GET /pause/ajaxPause?pauseConfigId=&admin=0 HTTP/1.1" 200 987 "http://callider.kontur/pause/index" "Mozilla/5.0 (Windows NT 6.1; WOW64; rv:18.0) Gecko/20100101 Firefox/18.0" 38482
192.168.12.210 - - [17/Feb/2013:07:15:35 +0600] "GET /pause/ajaxPause?pauseConfigId=all&admin=1 HTTP/1.1" 200 1047 "http://callider/pause/index" "Mozilla/4.0 (compatible; MSIE 7.0; Windows NT 6.1; WOW64; Trident/5.0; SLCC2; .NET CLR 2.0.50727; .NET CLR 3.5.30729; .NET CLR 3.0.30729; Media Center PC 6.0; InfoPath.3; .NET4.0C; .NET4.0E)" 18318
192.168.12.77 - - [17/Feb/2013:07:15:36 +0600] "GET /pause/ajaxPause?pauseConfigId=&admin=0 HTTP/1.1" 200 1039 "http://callider/pause/index" "Mozilla/4.0 (compatible; MSIE 7.0; Windows NT 6.1; Trident/5.0; SLCC2; .NET CLR 2.0.50727; .NET CLR 3.5.30729; .NET CLR 3.0.30729; Media Center PC 6.0; Tablet PC 2.0; InfoPath.3; .NET4.0C; .NET4.0E; MS-RTC LM 8)" 12282
192.168.12.60 - - [17/Feb/2013:07:15:36 +0600] "GET /pause/ajaxPause?pauseConfigId=&admin=0 HTTP/1.1" 200 986 "http://callider/pause/index" "Mozilla/4.0 (compatible; MSIE 8.0; Windows NT 6.1; Trident/4.0; InfoPath.3; .NET4.0C; MS-RTC LM 8; .NET4.0E)" 17598
192.168.12.38 - - [17/Feb/2013:07:15:36 +0600] "GET /pause/ajaxPause?pauseConfigId=&admin=0 HTTP/1.1" 200 1040 "http://callider/pause/index" "Mozilla/4.0 (compatible; MSIE 7.0; Windows NT 6.1; WOW64; Trident/5.0; SLCC2; .NET CLR 2.0.50727; .NET CLR 3.5.30729; .NET CLR 3.0.30729; Media Center PC 6.0; InfoPath.3; .NET4.0C; .NET4.0E)" 20150
192.168.65.56 - - [17/Feb/2013:07:15:36 +0600] "GET /pause/ajaxPause?pauseConfigId=all&admin=1 HTTP/1.1" 200 1046 "http://192.168.65.101/pause/index" "Mozilla/5.0 (Windows NT 5.1; rv:15.0) Gecko/20100101 Firefox/15.0" 25893
192.168.12.204 - - [17/Feb/2013:07:15:36 +0600] "GET /pause/ajaxPause?pauseConfigId=&admin=0 HTTP/1.1" 200 986 "http://callider/pause/index" "Mozilla/4.0 (compatible; MSIE 7.0; Windows NT 6.1; WOW64; Trident/4.0; SLCC2; .NET CLR 2.0.50727; .NET CLR 3.5.30729; .NET CLR 3.0.30729; Media Center PC 6.0; InfoPath.3; .NET4.0C; .NET4.0E; .NET CLR 1.1.4322)" 113519
192.168.74.93 - - [17/Feb/2013:07:15:38 +0600] "GET /tv/useUser HTTP/1.1" 200 432 "http://callider/graph/personal" "Mozilla/4.0 (compatible; MSIE 7.0; Windows NT 6.1; WOW64; Trident/5.0; SLCC2; .NET CLR 2.0.50727; .NET CLR 3.5.30729; .NET CLR 3.0.30729; Media Center PC 6.0; InfoPath.3; .NET4.0C; .NET4.0E)" 16709
192.168.12.210 - - [17/Feb/2013:07:15:39 +0600] "GET /tv/useUser HTTP/1.1" 200 431 "http://callider/graph/general" "Mozilla/4.0 (compatible; MSIE 7.0; Windows NT 6.1; WOW64; Trident/5.0; SLCC2; .NET CLR 2.0.50727; .NET CLR 3.5.30729; .NET CLR 3.0.30729; Media Center PC 6.0; InfoPath.3; .NET4.0C; .NET4.0E)" 8640
192.168.74.78 - - [17/Feb/2013:07:15:39 +0600] "GET /pause/ajaxPause?pauseConfigId=&admin=0 HTTP/1.1" 200 986 "http://callider/pause/index" "Mozilla/4.0 (compatible; MSIE 7.0; Windows NT 6.1; WOW64; Trident/5.0; SLCC2; .NET CLR 2.0.50727; .NET CLR 3.5.30729; .NET CLR 3.0.30729; Media Center PC 6.0; InfoPath.3; .NET4.0C; MS-RTC LM 8; .NET4.0E)" 20073
192.168.12.61 - - [17/Feb/2013:07:15:40 +0600] "GET /pause/ajaxPause?pauseConfigId=&admin=0 HTTP/1.1" 200 985 "http://callider/pause/index" "Mozilla/4.0 (compatible; MSIE 7.0; Windows NT 6.1; Trident/5.0; SLCC2; .NET CLR 2.0.50727; .NET CLR 3.5.30729; .NET CLR 3.0.30729; Media Center PC 6.0; InfoPath.3; .NET4.0C; .NET4.0E)" 16006
192.168.12.69 - - [17/Feb/2013:07:15:40 +0600] "GET /pause/ajaxPause?pauseConfigId=&admin=0 HTTP/1.1" 200 986 "http://callider/pause/index" "Mozilla/4.0 (compatible; MSIE 7.0; Windows NT 6.1; Trident/5.0; SLCC2; .NET CLR 2.0.50727; .NET CLR 3.5.30729; .NET CLR 3.0.30729; Media Center PC 6.0; InfoPath.3; .NET4.0C; .NET4.0E; Tablet PC 2.0; AskTbFXTV5/5.14.1.20007)" 19556
192.168.74.91 - - [17/Feb/2013:07:15:40 +0600] "GET /pause/ajaxPause?pauseConfigId=&admin=0 HTTP/1.1" 200 986 "http://callider/pause/index" "Mozilla/4.0 (compatible; MSIE 7.0; Windows NT 6.1; WOW64; Trident/5.0; SLCC2; .NET CLR 2.0.50727; .NET CLR 3.5.30729; .NET CLR 3.0.30729; Media Center PC 6.0; InfoPath.3; .NET4.0C; MS-RTC LM 8; .NET4.0E)" 18939
192.168.74.151 - - [17/Feb/2013:07:15:40 +0600] "GET /pause/ajaxPause?pauseConfigId=&admin=0 HTTP/1.1" 200 987 "http://callider.kontur/pause/index" "Mozilla/5.0 (Windows NT 6.1; WOW64; rv:18.0) Gecko/20100101 Firefox/18.0" 17917
192.168.12.210 - - [17/Feb/2013:07:15:40 +0600] "GET /pause/ajaxPause?pauseConfigId=all&admin=1 HTTP/1.1" 200 1047 "http://callider/pause/index" "Mozilla/4.0 (compatible; MSIE 7.0; Windows NT 6.1; WOW64; Trident/5.0; SLCC2; .NET CLR 2.0.50727; .NET CLR 3.5.30729; .NET CLR 3.0.30729; Media Center PC 6.0; InfoPath.3; .NET4.0C; .NET4.0E)" 20764
192.168.12.9 - - [17/Feb/2013:07:15:41 +0600] "GET /tv/useUser HTTP/1.1" 200 432 "http://callider.kontur/site/index" "Mozilla/5.0 (Windows NT 6.1; WOW64) AppleWebKit/537.17 (KHTML, like Gecko) Chrome/24.0.1312.57 Safari/537.17" 15446
192.168.12.77 - - [17/Feb/2013:07:15:41 +0600] "GET /pause/ajaxPause?pauseConfigId=&admin=0 HTTP/1.1" 200 1039 "http://callider/pause/index" "Mozilla/4.0 (compatible; MSIE 7.0; Windows NT 6.1; Trident/5.0; SLCC2; .NET CLR 2.0.50727; .NET CLR 3.5.30729; .NET CLR 3.0.30729; Media Center PC 6.0; Tablet PC 2.0; InfoPath.3; .NET4.0C; .NET4.0E; MS-RTC LM 8)" 13288
192.168.12.38 - - [17/Feb/2013:07:15:41 +0600] "GET /pause/ajaxPause?pauseConfigId=&admin=0 HTTP/1.1" 200 1040 "http://callider/pause/index" "Mozilla/4.0 (compatible; MSIE 7.0; Windows NT 6.1; WOW64; Trident/5.0; SLCC2; .NET CLR 2.0.50727; .NET CLR 3.5.30729; .NET CLR 3.0.30729; Media Center PC 6.0; InfoPath.3; .NET4.0C; .NET4.0E)" 26054
192.168.12.60 - - [17/Feb/2013:07:15:41 +0600] "GET /pause/ajaxPause?pauseConfigId=&admin=0 HTTP/1.1" 200 986 "http://callider/pause/index" "Mozilla/4.0 (compatible; MSIE 8.0; Windows NT 6.1; Trident/4.0; InfoPath.3; .NET4.0C; MS-RTC LM 8; .NET4.0E)" 24393
192.168.65.56 - - [17/Feb/2013:07:15:41 +0600] "GET /pause/ajaxPause?pauseConfigId=all&admin=1 HTTP/1.1" 200 1047 "http://192.168.65.101/pause/index" "Mozilla/5.0 (Windows NT 5.1; rv:15.0) Gecko/20100101 Firefox/15.0" 36935
192.168.12.204 - - [17/Feb/2013:07:15:41 +0600] "GET /pause/ajaxPause?pauseConfigId=&admin=0 HTTP/1.1" 200 986 "http://callider/pause/index" "Mozilla/4.0 (compatible; MSIE 7.0; Windows NT 6.1; WOW64; Trident/4.0; SLCC2; .NET CLR 2.0.50727; .NET CLR 3.5.30729; .NET CLR 3.0.30729; Media Center PC 6.0; InfoPath.3; .NET4.0C; .NET4.0E; .NET CLR 1.1.4322)" 24887
192.168.74.78 - - [17/Feb/2013:07:15:44 +0600] "GET /pause/ajaxPause?pauseConfigId=&admin=0 HTTP/1.1" 200 986 "http://callider/pause/index" "Mozilla/4.0 (compatible; MSIE 7.0; Windows NT 6.1; WOW64; Trident/5.0; SLCC2; .NET CLR 2.0.50727; .NET CLR 3.5.30729; .NET CLR 3.0.30729; Media Center PC 6.0; InfoPath.3; .NET4.0C; MS-RTC LM 8; .NET4.0E)" 20570
192.168.12.61 - - [17/Feb/2013:07:15:45 +0600] "GET /pause/ajaxPause?pauseConfigId=&admin=0 HTTP/1.1" 200 986 "http://callider/pause/index" "Mozilla/4.0 (compatible; MSIE 7.0; Windows NT 6.1; Trident/5.0; SLCC2; .NET CLR 2.0.50727; .NET CLR 3.5.30729; .NET CLR 3.0.30729; Media Center PC 6.0; InfoPath.3; .NET4.0C; .NET4.0E)" 31988
192.168.12.69 - - [17/Feb/2013:07:15:45 +0600] "GET /pause/ajaxPause?pauseConfigId=&admin=0 HTTP/1.1" 200 986 "http://callider/pause/index" "Mozilla/4.0 (compatible; MSIE 7.0; Windows NT 6.1; Trident/5.0; SLCC2; .NET CLR 2.0.50727; .NET CLR 3.5.30729; .NET CLR 3.0.30729; Media Center PC 6.0; InfoPath.3; .NET4.0C; .NET4.0E; Tablet PC 2.0; AskTbFXTV5/5.14.1.20007)" 17731
192.168.74.91 - - [17/Feb/2013:07:15:45 +0600] "GET /pause/ajaxPause?pauseConfigId=&admin=0 HTTP/1.1" 200 986 "http://callider/pause/index" "Mozilla/4.0 (compatible; MSIE 7.0; Windows NT 6.1; WOW64; Trident/5.0; SLCC2; .NET CLR 2.0.50727; .NET CLR 3.5.30729; .NET CLR 3.0.30729; Media Center PC 6.0; InfoPath.3; .NET4.0C; MS-RTC LM 8; .NET4.0E)" 17651
192.168.74.151 - - [17/Feb/2013:07:15:45 +0600] "GET /pause/ajaxPause?pauseConfigId=&admin=0 HTTP/1.1" 200 987 "http://callider.kontur/pause/index" "Mozilla/5.0 (Windows NT 6.1; WOW64; rv:18.0) Gecko/20100101 Firefox/18.0" 18733
192.168.12.210 - - [17/Feb/2013:07:15:45 +0600] "GET /pause/ajaxPause?pauseConfigId=all&admin=1 HTTP/1.1" 200 1047 "http://callider/pause/index" "Mozilla/4.0 (compatible; MSIE 7.0; Windows NT 6.1; WOW64; Trident/5.0; SLCC2; .NET CLR 2.0.50727; .NET CLR 3.5.30729; .NET CLR 3.0.30729; Media Center PC 6.0; InfoPath.3; .NET4.0C; .NET4.0E)" 20793
192.168.12.77 - - [17/Feb/2013:07:15:46 +0600] "GET /pause/ajaxPause?pauseConfigId=&admin=0 HTTP/1.1" 200 1039 "http://callider/pause/index" "Mozilla/4.0 (compatible; MSIE 7.0; Windows NT 6.1; Trident/5.0; SLCC2; .NET CLR 2.0.50727; .NET CLR 3.5.30729; .NET CLR 3.0.30729; Media Center PC 6.0; Tablet PC 2.0; InfoPath.3; .NET4.0C; .NET4.0E; MS-RTC LM 8)" 22357
192.168.12.38 - - [17/Feb/2013:07:15:46 +0600] "GET /pause/ajaxPause?pauseConfigId=&admin=0 HTTP/1.1" 200 1040 "http://callider/pause/index" "Mozilla/4.0 (compatible; MSIE 7.0; Windows NT 6.1; WOW64; Trident/5.0; SLCC2; .NET CLR 2.0.50727; .NET CLR 3.5.30729; .NET CLR 3.0.30729; Media Center PC 6.0; InfoPath.3; .NET4.0C; .NET4.0E)" 23327
192.168.12.60 - - [17/Feb/2013:07:15:46 +0600] "GET /pause/ajaxPause?pauseConfigId=&admin=0 HTTP/1.1" 200 986 "http://callider/pause/index" "Mozilla/4.0 (compatible; MSIE 8.0; Windows NT 6.1; Trident/4.0; InfoPath.3; .NET4.0C; MS-RTC LM 8; .NET4.0E)" 24877
192.168.65.56 - - [17/Feb/2013:07:15:46 +0600] "GET /pause/ajaxPause?pauseConfigId=all&admin=1 HTTP/1.1" 200 1046 "http://192.168.65.101/pause/index" "Mozilla/5.0 (Windows NT 5.1; rv:15.0) Gecko/20100101 Firefox/15.0" 29380
192.168.12.204 - - [17/Feb/2013:07:15:46 +0600] "GET /pause/ajaxPause?pauseConfigId=&admin=0 HTTP/1.1" 200 986 "http://callider/pause/index" "Mozilla/4.0 (compatible; MSIE 7.0; Windows NT 6.1; WOW64; Trident/4.0; SLCC2; .NET CLR 2.0.50727; .NET CLR 3.5.30729; .NET CLR 3.0.30729; Media Center PC 6.0; InfoPath.3; .NET4.0C; .NET4.0E; .NET CLR 1.1.4322)" 23331
192.168.12.210 - - [17/Feb/2013:07:15:49 +0600] "GET /tv/useUser HTTP/1.1" 200 431 "http://callider/pause/index" "Mozilla/4.0 (compatible; MSIE 7.0; Windows NT 6.1; WOW64; Trident/5.0; SLCC2; .NET CLR 2.0.50727; .NET CLR 3.5.30729; .NET CLR 3.0.30729; Media Center PC 6.0; InfoPath.3; .NET4.0C; .NET4.0E)" 10221
192.168.74.78 - - [17/Feb/2013:07:15:49 +0600] "GET /pause/ajaxPause?pauseConfigId=&admin=0 HTTP/1.1" 200 986 "http://callider/pause/index" "Mozilla/4.0 (compatible; MSIE 7.0; Windows NT 6.1; WOW64; Trident/5.0; SLCC2; .NET CLR 2.0.50727; .NET CLR 3.5.30729; .NET CLR 3.0.30729; Media Center PC 6.0; InfoPath.3; .NET4.0C; MS-RTC LM 8; .NET4.0E)" 22287
192.168.12.61 - - [17/Feb/2013:07:15:50 +0600] "GET /pause/ajaxPause?pauseConfigId=&admin=0 HTTP/1.1" 200 985 "http://callider/pause/index" "Mozilla/4.0 (compatible; MSIE 7.0; Windows NT 6.1; Trident/5.0; SLCC2; .NET CLR 2.0.50727; .NET CLR 3.5.30729; .NET CLR 3.0.30729; Media Center PC 6.0; InfoPath.3; .NET4.0C; .NET4.0E)" 19592
192.168.12.69 - - [17/Feb/2013:07:15:50 +0600] "GET /pause/ajaxPause?pauseConfigId=&admin=0 HTTP/1.1" 200 986 "http://callider/pause/index" "Mozilla/4.0 (compatible; MSIE 7.0; Windows NT 6.1; Trident/5.0; SLCC2; .NET CLR 2.0.50727; .NET CLR 3.5.30729; .NET CLR 3.0.30729; Media Center PC 6.0; InfoPath.3; .NET4.0C; .NET4.0E; Tablet PC 2.0; AskTbFXTV5/5.14.1.20007)" 22735
192.168.74.91 - - [17/Feb/2013:07:15:50 +0600] "GET /pause/ajaxPause?pauseConfigId=&admin=0 HTTP/1.1" 200 986 "http://callider/pause/index" "Mozilla/4.0 (compatible; MSIE 7.0; Windows NT 6.1; WOW64; Trident/5.0; SLCC2; .NET CLR 2.0.50727; .NET CLR 3.5.30729; .NET CLR 3.0.30729; Media Center PC 6.0; InfoPath.3; .NET4.0C; MS-RTC LM 8; .NET4.0E)" 19238
192.168.74.151 - - [17/Feb/2013:07:15:50 +0600] "GET /pause/ajaxPause?pauseConfigId=&admin=0 HTTP/1.1" 200 987 "http://callider.kontur/pause/index" "Mozilla/5.0 (Windows NT 6.1; WOW64; rv:18.0) Gecko/20100101 Firefox/18.0" 19028
192.168.12.210 - - [17/Feb/2013:07:15:50 +0600] "GET /pause/ajaxPause?pauseConfigId=all&admin=1 HTTP/1.1" 200 1047 "http://callider/pause/index" "Mozilla/4.0 (compatible; MSIE 7.0; Windows NT 6.1; WOW64; Trident/5.0; SLCC2; .NET CLR 2.0.50727; .NET CLR 3.5.30729; .NET CLR 3.0.30729; Media Center PC 6.0; InfoPath.3; .NET4.0C; .NET4.0E)" 19180
192.168.12.77 - - [17/Feb/2013:07:15:51 +0600] "GET /pause/ajaxPause?pauseConfigId=&admin=0 HTTP/1.1" 200 1039 "http://callider/pause/index" "Mozilla/4.0 (compatible; MSIE 7.0; Windows NT 6.1; Trident/5.0; SLCC2; .NET CLR 2.0.50727; .NET CLR 3.5.30729; .NET CLR 3.0.30729; Media Center PC 6.0; Tablet PC 2.0; InfoPath.3; .NET4.0C; .NET4.0E; MS-RTC LM 8)" 14702
192.168.12.38 - - [17/Feb/2013:07:15:51 +0600] "GET /pause/ajaxPause?pauseConfigId=&admin=0 HTTP/1.1" 200 1040 "http://callider/pause/index" "Mozilla/4.0 (compatible; MSIE 7.0; Windows NT 6.1; WOW64; Trident/5.0; SLCC2; .NET CLR 2.0.50727; .NET CLR 3.5.30729; .NET CLR 3.0.30729; Media Center PC 6.0; InfoPath.3; .NET4.0C; .NET4.0E)" 20751
192.168.12.60 - - [17/Feb/2013:07:15:51 +0600] "GET /pause/ajaxPause?pauseConfigId=&admin=0 HTTP/1.1" 200 986 "http://callider/pause/index" "Mozilla/4.0 (compatible; MSIE 8.0; Windows NT 6.1; Trident/4.0; InfoPath.3; .NET4.0C; MS-RTC LM 8; .NET4.0E)" 20876
192.168.65.56 - - [17/Feb/2013:07:15:51 +0600] "GET /pause/ajaxPause?pauseConfigId=all&admin=1 HTTP/1.1" 200 1046 "http://192.168.65.101/pause/index" "Mozilla/5.0 (Windows NT 5.1; rv:15.0) Gecko/20100101 Firefox/15.0" 28502
192.168.65.56 - - [17/Feb/2013:07:15:51 +0600] "GET /tv/useUser HTTP/1.1" 200 431 "http://192.168.65.101/pause/index" "Mozilla/5.0 (Windows NT 5.1; rv:15.0) Gecko/20100101 Firefox/15.0" 10214
192.168.12.204 - - [17/Feb/2013:07:15:51 +0600] "GET /pause/ajaxPause?pauseConfigId=&admin=0 HTTP/1.1" 200 986 "http://callider/pause/index" "Mozilla/4.0 (compatible; MSIE 7.0; Windows NT 6.1; WOW64; Trident/4.0; SLCC2; .NET CLR 2.0.50727; .NET CLR 3.5.30729; .NET CLR 3.0.30729; Media Center PC 6.0; InfoPath.3; .NET4.0C; .NET4.0E; .NET CLR 1.1.4322)" 19497
192.168.65.93 - - [17/Feb/2013:07:15:52 +0600] "GET / HTTP/1.1" 302 530 "-" "System Center 2012 - Operations Manager 7.0.9538.0" 14162
192.168.65.93 - - [17/Feb/2013:07:15:52 +0600] "GET /site/login HTTP/1.1" 200 2770 "-" "System Center 2012 - Operations Manager 7.0.9538.0" 16295
192.168.74.78 - - [17/Feb/2013:07:15:54 +0600] "GET /pause/ajaxPause?pauseConfigId=&admin=0 HTTP/1.1" 200 986 "http://callider/pause/index" "Mozilla/4.0 (compatible; MSIE 7.0; Windows NT 6.1; WOW64; Trident/5.0; SLCC2; .NET CLR 2.0.50727; .NET CLR 3.5.30729; .NET CLR 3.0.30729; Media Center PC 6.0; InfoPath.3; .NET4.0C; MS-RTC LM 8; .NET4.0E)" 25083
192.168.12.61 - - [17/Feb/2013:07:15:55 +0600] "GET /pause/ajaxPause?pauseConfigId=&admin=0 HTTP/1.1" 200 985 "http://callider/pause/index" "Mozilla/4.0 (compatible; MSIE 7.0; Windows NT 6.1; Trident/5.0; SLCC2; .NET CLR 2.0.50727; .NET CLR 3.5.30729; .NET CLR 3.0.30729; Media Center PC 6.0; InfoPath.3; .NET4.0C; .NET4.0E)" 24936
192.168.12.69 - - [17/Feb/2013:07:15:55 +0600] "GET /pause/ajaxPause?pauseConfigId=&admin=0 HTTP/1.1" 200 986 "http://callider/pause/index" "Mozilla/4.0 (compatible; MSIE 7.0; Windows NT 6.1; Trident/5.0; SLCC2; .NET CLR 2.0.50727; .NET CLR 3.5.30729; .NET CLR 3.0.30729; Media Center PC 6.0; InfoPath.3; .NET4.0C; .NET4.0E; Tablet PC 2.0; AskTbFXTV5/5.14.1.20007)" 24195
192.168.74.91 - - [17/Feb/2013:07:15:55 +0600] "GET /pause/ajaxPause?pauseConfigId=&admin=0 HTTP/1.1" 200 986 "http://callider/pause/index" "Mozilla/4.0 (compatible; MSIE 7.0; Windows NT 6.1; WOW64; Trident/5.0; SLCC2; .NET CLR 2.0.50727; .NET CLR 3.5.30729; .NET CLR 3.0.30729; Media Center PC 6.0; InfoPath.3; .NET4.0C; MS-RTC LM 8; .NET4.0E)" 18278
192.168.74.151 - - [17/Feb/2013:07:15:55 +0600] "GET /pause/ajaxPause?pauseConfigId=&admin=0 HTTP/1.1" 200 987 "http://callider.kontur/pause/index" "Mozilla/5.0 (Windows NT 6.1; WOW64; rv:18.0) Gecko/20100101 Firefox/18.0" 17711
192.168.12.210 - - [17/Feb/2013:07:15:55 +0600] "GET /pause/ajaxPause?pauseConfigId=all&admin=1 HTTP/1.1" 200 1047 "http://callider/pause/index" "Mozilla/4.0 (compatible; MSIE 7.0; Windows NT 6.1; WOW64; Trident/5.0; SLCC2; .NET CLR 2.0.50727; .NET CLR 3.5.30729; .NET CLR 3.0.30729; Media Center PC 6.0; InfoPath.3; .NET4.0C; .NET4.0E)" 18292
192.168.12.77 - - [17/Feb/2013:07:15:56 +0600] "GET /pause/ajaxPause?pauseConfigId=&admin=0 HTTP/1.1" 200 1039 "http://callider/pause/index" "Mozilla/4.0 (compatible; MSIE 7.0; Windows NT 6.1; Trident/5.0; SLCC2; .NET CLR 2.0.50727; .NET CLR 3.5.30729; .NET CLR 3.0.30729; Media Center PC 6.0; Tablet PC 2.0; InfoPath.3; .NET4.0C; .NET4.0E; MS-RTC LM 8)" 12500
192.168.12.38 - - [17/Feb/2013:07:15:56 +0600] "GET /pause/ajaxPause?pauseConfigId=&admin=0 HTTP/1.1" 200 1040 "http://callider/pause/index" "Mozilla/4.0 (compatible; MSIE 7.0; Windows NT 6.1; WOW64; Trident/5.0; SLCC2; .NET CLR 2.0.50727; .NET CLR 3.5.30729; .NET CLR 3.0.30729; Media Center PC 6.0; InfoPath.3; .NET4.0C; .NET4.0E)" 19218
192.168.12.60 - - [17/Feb/2013:07:15:56 +0600] "GET /pause/ajaxPause?pauseConfigId=&admin=0 HTTP/1.1" 200 986 "http://callider/pause/index" "Mozilla/4.0 (compatible; MSIE 8.0; Windows NT 6.1; Trident/4.0; InfoPath.3; .NET4.0C; MS-RTC LM 8; .NET4.0E)" 22417
192.168.65.56 - - [17/Feb/2013:07:15:56 +0600] "GET /pause/ajaxPause?pauseConfigId=all&admin=1 HTTP/1.1" 200 1046 "http://192.168.65.101/pause/index" "Mozilla/5.0 (Windows NT 5.1; rv:15.0) Gecko/20100101 Firefox/15.0" 26335
192.168.12.204 - - [17/Feb/2013:07:15:56 +0600] "GET /pause/ajaxPause?pauseConfigId=&admin=0 HTTP/1.1" 200 986 "http://callider/pause/index" "Mozilla/4.0 (compatible; MSIE 7.0; Windows NT 6.1; WOW64; Trident/4.0; SLCC2; .NET CLR 2.0.50727; .NET CLR 3.5.30729; .NET CLR 3.0.30729; Media Center PC 6.0; InfoPath.3; .NET4.0C; .NET4.0E; .NET CLR 1.1.4322)" 21056
192.168.74.78 - - [17/Feb/2013:07:15:59 +0600] "GET /pause/ajaxPause?pauseConfigId=&admin=0 HTTP/1.1" 200 986 "http://callider/pause/index" "Mozilla/4.0 (compatible; MSIE 7.0; Windows NT 6.1; WOW64; Trident/5.0; SLCC2; .NET CLR 2.0.50727; .NET CLR 3.5.30729; .NET CLR 3.0.30729; Media Center PC 6.0; InfoPath.3; .NET4.0C; MS-RTC LM 8; .NET4.0E)" 21523
192.168.12.61 - - [17/Feb/2013:07:15:59 +0600] "GET /pause/ajaxPause?pauseConfigId=&admin=0 HTTP/1.1" 200 985 "http://callider/pause/index" "Mozilla/4.0 (compatible; MSIE 7.0; Windows NT 6.1; Trident/5.0; SLCC2; .NET CLR 2.0.50727; .NET CLR 3.5.30729; .NET CLR 3.0.30729; Media Center PC 6.0; InfoPath.3; .NET4.0C; .NET4.0E)" 17917
192.168.12.69 - - [17/Feb/2013:07:16:00 +0600] "GET /pause/ajaxPause?pauseConfigId=&admin=0 HTTP/1.1" 200 986 "http://callider/pause/index" "Mozilla/4.0 (compatible; MSIE 7.0; Windows NT 6.1; Trident/5.0; SLCC2; .NET CLR 2.0.50727; .NET CLR 3.5.30729; .NET CLR 3.0.30729; Media Center PC 6.0; InfoPath.3; .NET4.0C; .NET4.0E; Tablet PC 2.0; AskTbFXTV5/5.14.1.20007)" 21904
192.168.74.91 - - [17/Feb/2013:07:16:00 +0600] "GET /pause/ajaxPause?pauseConfigId=&admin=0 HTTP/1.1" 200 986 "http://callider/pause/index" "Mozilla/4.0 (compatible; MSIE 7.0; Windows NT 6.1; WOW64; Trident/5.0; SLCC2; .NET CLR 2.0.50727; .NET CLR 3.5.30729; .NET CLR 3.0.30729; Media Center PC 6.0; InfoPath.3; .NET4.0C; MS-RTC LM 8; .NET4.0E)" 18360
192.168.74.151 - - [17/Feb/2013:07:16:00 +0600] "GET /pause/ajaxPause?pauseConfigId=&admin=0 HTTP/1.1" 200 987 "http://callider.kontur/pause/index" "Mozilla/5.0 (Windows NT 6.1; WOW64; rv:18.0) Gecko/20100101 Firefox/18.0" 18509
192.168.12.210 - - [17/Feb/2013:07:16:00 +0600] "GET /pause/ajaxPause?pauseConfigId=all&admin=1 HTTP/1.1" 200 1047 "http://callider/pause/index" "Mozilla/4.0 (compatible; MSIE 7.0; Windows NT 6.1; WOW64; Trident/5.0; SLCC2; .NET CLR 2.0.50727; .NET CLR 3.5.30729; .NET CLR 3.0.30729; Media Center PC 6.0; InfoPath.3; .NET4.0C; .NET4.0E)" 18244
192.168.64.119 - - [17/Feb/2013:07:16:00 +0600] "HEAD / HTTP/1.0" 302 435 "-" "WhatsUp/1.0" 13907
192.168.64.119 - - [17/Feb/2013:07:16:01 +0600] "GET / HTTP/1.1" 302 454 "-" "Mozilla/4.0 (compatible; MSIE 8.0; Windows NT 5.2; Trident/4.0)" 13530
192.168.64.119 - - [17/Feb/2013:07:16:01 +0600] "GET /site/login HTTP/1.1" 200 7423 "-" "Mozilla/4.0 (compatible; MSIE 8.0; Windows NT 5.2; Trident/4.0)" 25379
192.168.12.77 - - [17/Feb/2013:07:16:01 +0600] "GET /pause/ajaxPause?pauseConfigId=&admin=0 HTTP/1.1" 200 1039 "http://callider/pause/index" "Mozilla/4.0 (compatible; MSIE 7.0; Windows NT 6.1; Trident/5.0; SLCC2; .NET CLR 2.0.50727; .NET CLR 3.5.30729; .NET CLR 3.0.30729; Media Center PC 6.0; Tablet PC 2.0; InfoPath.3; .NET4.0C; .NET4.0E; MS-RTC LM 8)" 43923
192.168.12.38 - - [17/Feb/2013:07:16:01 +0600] "GET /pause/ajaxPause?pauseConfigId=&admin=0 HTTP/1.1" 200 1040 "http://callider/pause/index" "Mozilla/4.0 (compatible; MSIE 7.0; Windows NT 6.1; WOW64; Trident/5.0; SLCC2; .NET CLR 2.0.50727; .NET CLR 3.5.30729; .NET CLR 3.0.30729; Media Center PC 6.0; InfoPath.3; .NET4.0C; .NET4.0E)" 32400
192.168.12.60 - - [17/Feb/2013:07:16:01 +0600] "GET /pause/ajaxPause?pauseConfigId=&admin=0 HTTP/1.1" 200 986 "http://callider/pause/index" "Mozilla/4.0 (compatible; MSIE 8.0; Windows NT 6.1; Trident/4.0; InfoPath.3; .NET4.0C; MS-RTC LM 8; .NET4.0E)" 33940
192.168.65.56 - - [17/Feb/2013:07:16:01 +0600] "GET /pause/ajaxPause?pauseConfigId=all&admin=1 HTTP/1.1" 200 1046 "http://192.168.65.101/pause/index" "Mozilla/5.0 (Windows NT 5.1; rv:15.0) Gecko/20100101 Firefox/15.0" 60067
192.168.12.204 - - [17/Feb/2013:07:16:01 +0600] "GET /pause/ajaxPause?pauseConfigId=&admin=0 HTTP/1.1" 200 986 "http://callider/pause/index" "Mozilla/4.0 (compatible; MSIE 7.0; Windows NT 6.1; WOW64; Trident/4.0; SLCC2; .NET CLR 2.0.50727; .NET CLR 3.5.30729; .NET CLR 3.0.30729; Media Center PC 6.0; InfoPath.3; .NET4.0C; .NET4.0E; .NET CLR 1.1.4322)" 32909
192.168.74.78 - - [17/Feb/2013:07:16:04 +0600] "GET /pause/ajaxPause?pauseConfigId=&admin=0 HTTP/1.1" 200 986 "http://callider/pause/index" "Mozilla/4.0 (compatible; MSIE 7.0; Windows NT 6.1; WOW64; Trident/5.0; SLCC2; .NET CLR 2.0.50727; .NET CLR 3.5.30729; .NET CLR 3.0.30729; Media Center PC 6.0; InfoPath.3; .NET4.0C; MS-RTC LM 8; .NET4.0E)" 25507
192.168.12.61 - - [17/Feb/2013:07:16:05 +0600] "GET /pause/ajaxPause?pauseConfigId=&admin=0 HTTP/1.1" 200 986 "http://callider/pause/index" "Mozilla/4.0 (compatible; MSIE 7.0; Windows NT 6.1; Trident/5.0; SLCC2; .NET CLR 2.0.50727; .NET CLR 3.5.30729; .NET CLR 3.0.30729; Media Center PC 6.0; InfoPath.3; .NET4.0C; .NET4.0E)" 25435
192.168.12.69 - - [17/Feb/2013:07:16:05 +0600] "GET /pause/ajaxPause?pauseConfigId=&admin=0 HTTP/1.1" 200 986 "http://callider/pause/index" "Mozilla/4.0 (compatible; MSIE 7.0; Windows NT 6.1; Trident/5.0; SLCC2; .NET CLR 2.0.50727; .NET CLR 3.5.30729; .NET CLR 3.0.30729; Media Center PC 6.0; InfoPath.3; .NET4.0C; .NET4.0E; Tablet PC 2.0; AskTbFXTV5/5.14.1.20007)" 31139
192.168.12.61 - - [17/Feb/2013:07:16:05 +0600] "GET /tv/useUser HTTP/1.1" 200 431 "http://callider/pause/index" "Mozilla/4.0 (compatible; MSIE 7.0; Windows NT 6.1; Trident/5.0; SLCC2; .NET CLR 2.0.50727; .NET CLR 3.5.30729; .NET CLR 3.0.30729; Media Center PC 6.0; InfoPath.3; .NET4.0C; .NET4.0E)" 17426
192.168.74.91 - - [17/Feb/2013:07:16:05 +0600] "GET /pause/ajaxPause?pauseConfigId=&admin=0 HTTP/1.1" 200 986 "http://callider/pause/index" "Mozilla/4.0 (compatible; MSIE 7.0; Windows NT 6.1; WOW64; Trident/5.0; SLCC2; .NET CLR 2.0.50727; .NET CLR 3.5.30729; .NET CLR 3.0.30729; Media Center PC 6.0; InfoPath.3; .NET4.0C; MS-RTC LM 8; .NET4.0E)" 32654
192.168.74.151 - - [17/Feb/2013:07:16:05 +0600] "GET /pause/ajaxPause?pauseConfigId=&admin=0 HTTP/1.1" 200 987 "http://callider.kontur/pause/index" "Mozilla/5.0 (Windows NT 6.1; WOW64; rv:18.0) Gecko/20100101 Firefox/18.0" 40589
192.168.12.210 - - [17/Feb/2013:07:16:05 +0600] "GET /pause/ajaxPause?pauseConfigId=all&admin=1 HTTP/1.1" 200 1047 "http://callider/pause/index" "Mozilla/4.0 (compatible; MSIE 7.0; Windows NT 6.1; WOW64; Trident/5.0; SLCC2; .NET CLR 2.0.50727; .NET CLR 3.5.30729; .NET CLR 3.0.30729; Media Center PC 6.0; InfoPath.3; .NET4.0C; .NET4.0E)" 26181
192.168.12.77 - - [17/Feb/2013:07:16:06 +0600] "GET /pause/ajaxPause?pauseConfigId=&admin=0 HTTP/1.1" 200 1039 "http://callider/pause/index" "Mozilla/4.0 (compatible; MSIE 7.0; Windows NT 6.1; Trident/5.0; SLCC2; .NET CLR 2.0.50727; .NET CLR 3.5.30729; .NET CLR 3.0.30729; Media Center PC 6.0; Tablet PC 2.0; InfoPath.3; .NET4.0C; .NET4.0E; MS-RTC LM 8)" 15879
192.168.12.38 - - [17/Feb/2013:07:16:06 +0600] "GET /pause/ajaxPause?pauseConfigId=&admin=0 HTTP/1.1" 200 1040 "http://callider/pause/index" "Mozilla/4.0 (compatible; MSIE 7.0; Windows NT 6.1; WOW64; Trident/5.0; SLCC2; .NET CLR 2.0.50727; .NET CLR 3.5.30729; .NET CLR 3.0.30729; Media Center PC 6.0; InfoPath.3; .NET4.0C; .NET4.0E)" 24166
192.168.12.60 - - [17/Feb/2013:07:16:06 +0600] "GET /pause/ajaxPause?pauseConfigId=&admin=0 HTTP/1.1" 200 986 "http://callider/pause/index" "Mozilla/4.0 (compatible; MSIE 8.0; Windows NT 6.1; Trident/4.0; InfoPath.3; .NET4.0C; MS-RTC LM 8; .NET4.0E)" 33415
192.168.65.56 - - [17/Feb/2013:07:16:06 +0600] "GET /pause/ajaxPause?pauseConfigId=all&admin=1 HTTP/1.1" 200 1046 "http://192.168.65.101/pause/index" "Mozilla/5.0 (Windows NT 5.1; rv:15.0) Gecko/20100101 Firefox/15.0" 30931
192.168.12.204 - - [17/Feb/2013:07:16:06 +0600] "GET /pause/ajaxPause?pauseConfigId=&admin=0 HTTP/1.1" 200 986 "http://callider/pause/index" "Mozilla/4.0 (compatible; MSIE 7.0; Windows NT 6.1; WOW64; Trident/4.0; SLCC2; .NET CLR 2.0.50727; .NET CLR 3.5.30729; .NET CLR 3.0.30729; Media Center PC 6.0; InfoPath.3; .NET4.0C; .NET4.0E; .NET CLR 1.1.4322)" 20169
192.168.74.78 - - [17/Feb/2013:07:16:09 +0600] "GET /pause/ajaxPause?pauseConfigId=&admin=0 HTTP/1.1" 200 986 "http://callider/pause/index" "Mozilla/4.0 (compatible; MSIE 7.0; Windows NT 6.1; WOW64; Trident/5.0; SLCC2; .NET CLR 2.0.50727; .NET CLR 3.5.30729; .NET CLR 3.0.30729; Media Center PC 6.0; InfoPath.3; .NET4.0C; MS-RTC LM 8; .NET4.0E)" 20272
192.168.12.61 - - [17/Feb/2013:07:16:10 +0600] "GET /pause/ajaxPause?pauseConfigId=&admin=0 HTTP/1.1" 200 985 "http://callider/pause/index" "Mozilla/4.0 (compatible; MSIE 7.0; Windows NT 6.1; Trident/5.0; SLCC2; .NET CLR 2.0.50727; .NET CLR 3.5.30729; .NET CLR 3.0.30729; Media Center PC 6.0; InfoPath.3; .NET4.0C; .NET4.0E)" 144575
192.168.12.69 - - [17/Feb/2013:07:16:10 +0600] "GET /pause/ajaxPause?pauseConfigId=&admin=0 HTTP/1.1" 200 986 "http://callider/pause/index" "Mozilla/4.0 (compatible; MSIE 7.0; Windows NT 6.1; Trident/5.0; SLCC2; .NET CLR 2.0.50727; .NET CLR 3.5.30729; .NET CLR 3.0.30729; Media Center PC 6.0; InfoPath.3; .NET4.0C; .NET4.0E; Tablet PC 2.0; AskTbFXTV5/5.14.1.20007)" 20590
192.168.74.91 - - [17/Feb/2013:07:16:10 +0600] "GET /pause/ajaxPause?pauseConfigId=&admin=0 HTTP/1.1" 200 986 "http://callider/pause/index" "Mozilla/4.0 (compatible; MSIE 7.0; Windows NT 6.1; WOW64; Trident/5.0; SLCC2; .NET CLR 2.0.50727; .NET CLR 3.5.30729; .NET CLR 3.0.30729; Media Center PC 6.0; InfoPath.3; .NET4.0C; MS-RTC LM 8; .NET4.0E)" 21424
192.168.74.151 - - [17/Feb/2013:07:16:10 +0600] "GET /pause/ajaxPause?pauseConfigId=&admin=0 HTTP/1.1" 200 987 "http://callider.kontur/pause/index" "Mozilla/5.0 (Windows NT 6.1; WOW64; rv:18.0) Gecko/20100101 Firefox/18.0" 20483
192.168.12.210 - - [17/Feb/2013:07:16:10 +0600] "GET /pause/ajaxPause?pauseConfigId=all&admin=1 HTTP/1.1" 200 1047 "http://callider/pause/index" "Mozilla/4.0 (compatible; MSIE 7.0; Windows NT 6.1; WOW64; Trident/5.0; SLCC2; .NET CLR 2.0.50727; .NET CLR 3.5.30729; .NET CLR 3.0.30729; Media Center PC 6.0; InfoPath.3; .NET4.0C; .NET4.0E)" 31538
192.168.12.42 - - [17/Feb/2013:07:16:11 +0600] "GET /tv/useUser HTTP/1.1" 200 432 "http://callider/graph/personal" "Mozilla/4.0 (compatible; MSIE 7.0; Windows NT 6.1; WOW64; Trident/5.0; SLCC2; .NET CLR 2.0.50727; .NET CLR 3.5.30729; .NET CLR 3.0.30729; Media Center PC 6.0; InfoPath.3; .NET4.0C; .NET4.0E)" 21011
192.168.12.77 - - [17/Feb/2013:07:16:11 +0600] "GET /pause/ajaxPause?pauseConfigId=&admin=0 HTTP/1.1" 200 1039 "http://callider/pause/index" "Mozilla/4.0 (compatible; MSIE 7.0; Windows NT 6.1; Trident/5.0; SLCC2; .NET CLR 2.0.50727; .NET CLR 3.5.30729; .NET CLR 3.0.30729; Media Center PC 6.0; Tablet PC 2.0; InfoPath.3; .NET4.0C; .NET4.0E; MS-RTC LM 8)" 19908
192.168.12.38 - - [17/Feb/2013:07:16:11 +0600] "GET /pause/ajaxPause?pauseConfigId=&admin=0 HTTP/1.1" 200 1040 "http://callider/pause/index" "Mozilla/4.0 (compatible; MSIE 7.0; Windows NT 6.1; WOW64; Trident/5.0; SLCC2; .NET CLR 2.0.50727; .NET CLR 3.5.30729; .NET CLR 3.0.30729; Media Center PC 6.0; InfoPath.3; .NET4.0C; .NET4.0E)" 20386
192.168.12.60 - - [17/Feb/2013:07:16:11 +0600] "GET /pause/ajaxPause?pauseConfigId=&admin=0 HTTP/1.1" 200 986 "http://callider/pause/index" "Mozilla/4.0 (compatible; MSIE 8.0; Windows NT 6.1; Trident/4.0; InfoPath.3; .NET4.0C; MS-RTC LM 8; .NET4.0E)" 27441
192.168.65.56 - - [17/Feb/2013:07:16:11 +0600] "GET /pause/ajaxPause?pauseConfigId=all&admin=1 HTTP/1.1" 200 1046 "http://192.168.65.101/pause/index" "Mozilla/5.0 (Windows NT 5.1; rv:15.0) Gecko/20100101 Firefox/15.0" 30794
192.168.12.204 - - [17/Feb/2013:07:16:11 +0600] "GET /pause/ajaxPause?pauseConfigId=&admin=0 HTTP/1.1" 200 986 "http://callider/pause/index" "Mozilla/4.0 (compatible; MSIE 7.0; Windows NT 6.1; WOW64; Trident/4.0; SLCC2; .NET CLR 2.0.50727; .NET CLR 3.5.30729; .NET CLR 3.0.30729; Media Center PC 6.0; InfoPath.3; .NET4.0C; .NET4.0E; .NET CLR 1.1.4322)" 19973
192.168.74.151 - - [17/Feb/2013:07:16:13 +0600] "GET /tv/useUser HTTP/1.1" 200 431 "http://callider.kontur/graph/general" "Mozilla/5.0 (Windows NT 6.1; WOW64; rv:18.0) Gecko/20100101 Firefox/18.0" 8338
192.168.74.78 - - [17/Feb/2013:07:16:14 +0600] "GET /pause/ajaxPause?pauseConfigId=&admin=0 HTTP/1.1" 200 986 "http://callider/pause/index" "Mozilla/4.0 (compatible; MSIE 7.0; Windows NT 6.1; WOW64; Trident/5.0; SLCC2; .NET CLR 2.0.50727; .NET CLR 3.5.30729; .NET CLR 3.0.30729; Media Center PC 6.0; InfoPath.3; .NET4.0C; MS-RTC LM 8; .NET4.0E)" 21862
192.168.12.61 - - [17/Feb/2013:07:16:15 +0600] "GET /pause/ajaxPause?pauseConfigId=&admin=0 HTTP/1.1" 200 985 "http://callider/pause/index" "Mozilla/4.0 (compatible; MSIE 7.0; Windows NT 6.1; Trident/5.0; SLCC2; .NET CLR 2.0.50727; .NET CLR 3.5.30729; .NET CLR 3.0.30729; Media Center PC 6.0; InfoPath.3; .NET4.0C; .NET4.0E)" 31203
192.168.12.69 - - [17/Feb/2013:07:16:15 +0600] "GET /pause/ajaxPause?pauseConfigId=&admin=0 HTTP/1.1" 200 986 "http://callider/pause/index" "Mozilla/4.0 (compatible; MSIE 7.0; Windows NT 6.1; Trident/5.0; SLCC2; .NET CLR 2.0.50727; .NET CLR 3.5.30729; .NET CLR 3.0.30729; Media Center PC 6.0; InfoPath.3; .NET4.0C; .NET4.0E; Tablet PC 2.0; AskTbFXTV5/5.14.1.20007)" 25814
192.168.74.91 - - [17/Feb/2013:07:16:15 +0600] "GET /pause/ajaxPause?pauseConfigId=&admin=0 HTTP/1.1" 200 986 "http://callider/pause/index" "Mozilla/4.0 (compatible; MSIE 7.0; Windows NT 6.1; WOW64; Trident/5.0; SLCC2; .NET CLR 2.0.50727; .NET CLR 3.5.30729; .NET CLR 3.0.30729; Media Center PC 6.0; InfoPath.3; .NET4.0C; MS-RTC LM 8; .NET4.0E)" 18723
192.168.74.151 - - [17/Feb/2013:07:16:15 +0600] "GET /pause/ajaxPause?pauseConfigId=&admin=0 HTTP/1.1" 200 987 "http://callider.kontur/pause/index" "Mozilla/5.0 (Windows NT 6.1; WOW64; rv:18.0) Gecko/20100101 Firefox/18.0" 18514
192.168.74.151 - - [17/Feb/2013:07:16:15 +0600] "GET /tv/useUser HTTP/1.1" 200 431 "http://callider.kontur/pause/index" "Mozilla/5.0 (Windows NT 6.1; WOW64; rv:18.0) Gecko/20100101 Firefox/18.0" 9997
192.168.12.210 - - [17/Feb/2013:07:16:15 +0600] "GET /pause/ajaxPause?pauseConfigId=all&admin=1 HTTP/1.1" 200 1047 "http://callider/pause/index" "Mozilla/4.0 (compatible; MSIE 7.0; Windows NT 6.1; WOW64; Trident/5.0; SLCC2; .NET CLR 2.0.50727; .NET CLR 3.5.30729; .NET CLR 3.0.30729; Media Center PC 6.0; InfoPath.3; .NET4.0C; .NET4.0E)" 18391
192.168.12.77 - - [17/Feb/2013:07:16:16 +0600] "GET /pause/ajaxPause?pauseConfigId=&admin=0 HTTP/1.1" 200 1039 "http://callider/pause/index" "Mozilla/4.0 (compatible; MSIE 7.0; Windows NT 6.1; Trident/5.0; SLCC2; .NET CLR 2.0.50727; .NET CLR 3.5.30729; .NET CLR 3.0.30729; Media Center PC 6.0; Tablet PC 2.0; InfoPath.3; .NET4.0C; .NET4.0E; MS-RTC LM 8)" 15824
192.168.12.38 - - [17/Feb/2013:07:16:16 +0600] "GET /pause/ajaxPause?pauseConfigId=&admin=0 HTTP/1.1" 200 1040 "http://callider/pause/index" "Mozilla/4.0 (compatible; MSIE 7.0; Windows NT 6.1; WOW64; Trident/5.0; SLCC2; .NET CLR 2.0.50727; .NET CLR 3.5.30729; .NET CLR 3.0.30729; Media Center PC 6.0; InfoPath.3; .NET4.0C; .NET4.0E)" 16246
192.168.12.60 - - [17/Feb/2013:07:16:16 +0600] "GET /pause/ajaxPause?pauseConfigId=&admin=0 HTTP/1.1" 200 986 "http://callider/pause/index" "Mozilla/4.0 (compatible; MSIE 8.0; Windows NT 6.1; Trident/4.0; InfoPath.3; .NET4.0C; MS-RTC LM 8; .NET4.0E)" 18665
192.168.65.56 - - [17/Feb/2013:07:16:16 +0600] "GET /pause/ajaxPause?pauseConfigId=all&admin=1 HTTP/1.1" 200 1046 "http://192.168.65.101/pause/index" "Mozilla/5.0 (Windows NT 5.1; rv:15.0) Gecko/20100101 Firefox/15.0" 29774
192.168.12.204 - - [17/Feb/2013:07:16:16 +0600] "GET /pause/ajaxPause?pauseConfigId=&admin=0 HTTP/1.1" 200 986 "http://callider/pause/index" "Mozilla/4.0 (compatible; MSIE 7.0; Windows NT 6.1; WOW64; Trident/4.0; SLCC2; .NET CLR 2.0.50727; .NET CLR 3.5.30729; .NET CLR 3.0.30729; Media Center PC 6.0; InfoPath.3; .NET4.0C; .NET4.0E; .NET CLR 1.1.4322)" 18672
192.168.74.78 - - [17/Feb/2013:07:16:19 +0600] "GET /pause/ajaxPause?pauseConfigId=&admin=0 HTTP/1.1" 200 986 "http://callider/pause/index" "Mozilla/4.0 (compatible; MSIE 7.0; Windows NT 6.1; WOW64; Trident/5.0; SLCC2; .NET CLR 2.0.50727; .NET CLR 3.5.30729; .NET CLR 3.0.30729; Media Center PC 6.0; InfoPath.3; .NET4.0C; MS-RTC LM 8; .NET4.0E)" 31411
192.168.12.10 - - [17/Feb/2013:07:16:19 +0600] "GET /tv/useUser HTTP/1.1" 200 432 "http://callider/graph/personal" "Mozilla/4.0 (compatible; MSIE 7.0; Windows NT 6.1; Trident/5.0; SLCC2; .NET CLR 2.0.50727; .NET CLR 3.5.30729; .NET CLR 3.0.30729; Media Center PC 6.0; InfoPath.3; .NET4.0C; .NET4.0E; Tablet PC 2.0; MS-RTC LM 8)" 15471
192.168.12.108 - - [17/Feb/2013:07:16:19 +0600] "GET /tv/useUser HTTP/1.1" 200 432 "http://callider/index.php" "Mozilla/4.0 (compatible; MSIE 7.0; Windows NT 6.2; WOW64; Trident/6.0; .NET4.0E; .NET4.0C; InfoPath.3; .NET CLR 3.5.30729; .NET CLR 2.0.50727; .NET CLR 3.0.30729)" 15666
192.168.12.61 - - [17/Feb/2013:07:16:20 +0600] "GET /pause/ajaxPause?pauseConfigId=&admin=0 HTTP/1.1" 200 985 "http://callider/pause/index" "Mozilla/4.0 (compatible; MSIE 7.0; Windows NT 6.1; Trident/5.0; SLCC2; .NET CLR 2.0.50727; .NET CLR 3.5.30729; .NET CLR 3.0.30729; Media Center PC 6.0; InfoPath.3; .NET4.0C; .NET4.0E)" 19175
192.168.12.69 - - [17/Feb/2013:07:16:20 +0600] "GET /pause/ajaxPause?pauseConfigId=&admin=0 HTTP/1.1" 200 986 "http://callider/pause/index" "Mozilla/4.0 (compatible; MSIE 7.0; Windows NT 6.1; Trident/5.0; SLCC2; .NET CLR 2.0.50727; .NET CLR 3.5.30729; .NET CLR 3.0.30729; Media Center PC 6.0; InfoPath.3; .NET4.0C; .NET4.0E; Tablet PC 2.0; AskTbFXTV5/5.14.1.20007)" 19525
192.168.74.91 - - [17/Feb/2013:07:16:20 +0600] "GET /pause/ajaxPause?pauseConfigId=&admin=0 HTTP/1.1" 200 986 "http://callider/pause/index" "Mozilla/4.0 (compatible; MSIE 7.0; Windows NT 6.1; WOW64; Trident/5.0; SLCC2; .NET CLR 2.0.50727; .NET CLR 3.5.30729; .NET CLR 3.0.30729; Media Center PC 6.0; InfoPath.3; .NET4.0C; MS-RTC LM 8; .NET4.0E)" 19558
192.168.74.151 - - [17/Feb/2013:07:16:20 +0600] "GET /pause/ajaxPause?pauseConfigId=&admin=0 HTTP/1.1" 200 987 "http://callider.kontur/pause/index" "Mozilla/5.0 (Windows NT 6.1; WOW64; rv:18.0) Gecko/20100101 Firefox/18.0" 17457
192.168.12.210 - - [17/Feb/2013:07:16:20 +0600] "GET /pause/ajaxPause?pauseConfigId=all&admin=1 HTTP/1.1" 200 1047 "http://callider/pause/index" "Mozilla/4.0 (compatible; MSIE 7.0; Windows NT 6.1; WOW64; Trident/5.0; SLCC2; .NET CLR 2.0.50727; .NET CLR 3.5.30729; .NET CLR 3.0.30729; Media Center PC 6.0; InfoPath.3; .NET4.0C; .NET4.0E)" 21314
192.168.12.77 - - [17/Feb/2013:07:16:21 +0600] "GET /pause/ajaxPause?pauseConfigId=&admin=0 HTTP/1.1" 200 1039 "http://callider/pause/index" "Mozilla/4.0 (compatible; MSIE 7.0; Windows NT 6.1; Trident/5.0; SLCC2; .NET CLR 2.0.50727; .NET CLR 3.5.30729; .NET CLR 3.0.30729; Media Center PC 6.0; Tablet PC 2.0; InfoPath.3; .NET4.0C; .NET4.0E; MS-RTC LM 8)" 14201
192.168.12.38 - - [17/Feb/2013:07:16:21 +0600] "GET /pause/ajaxPause?pauseConfigId=&admin=0 HTTP/1.1" 200 1040 "http://callider/pause/index" "Mozilla/4.0 (compatible; MSIE 7.0; Windows NT 6.1; WOW64; Trident/5.0; SLCC2; .NET CLR 2.0.50727; .NET CLR 3.5.30729; .NET CLR 3.0.30729; Media Center PC 6.0; InfoPath.3; .NET4.0C; .NET4.0E)" 17609
192.168.12.60 - - [17/Feb/2013:07:16:21 +0600] "GET /pause/ajaxPause?pauseConfigId=&admin=0 HTTP/1.1" 200 986 "http://callider/pause/index" "Mozilla/4.0 (compatible; MSIE 8.0; Windows NT 6.1; Trident/4.0; InfoPath.3; .NET4.0C; MS-RTC LM 8; .NET4.0E)" 18594
192.168.65.56 - - [17/Feb/2013:07:16:21 +0600] "GET /pause/ajaxPause?pauseConfigId=all&admin=1 HTTP/1.1" 200 1046 "http://192.168.65.101/pause/index" "Mozilla/5.0 (Windows NT 5.1; rv:15.0) Gecko/20100101 Firefox/15.0" 28604
192.168.12.204 - - [17/Feb/2013:07:16:21 +0600] "GET /pause/ajaxPause?pauseConfigId=&admin=0 HTTP/1.1" 200 986 "http://callider/pause/index" "Mozilla/4.0 (compatible; MSIE 7.0; Windows NT 6.1; WOW64; Trident/4.0; SLCC2; .NET CLR 2.0.50727; .NET CLR 3.5.30729; .NET CLR 3.0.30729; Media Center PC 6.0; InfoPath.3; .NET4.0C; .NET4.0E; .NET CLR 1.1.4322)" 19178
192.168.74.78 - - [17/Feb/2013:07:16:24 +0600] "GET /pause/ajaxPause?pauseConfigId=&admin=0 HTTP/1.1" 200 986 "http://callider/pause/index" "Mozilla/4.0 (compatible; MSIE 7.0; Windows NT 6.1; WOW64; Trident/5.0; SLCC2; .NET CLR 2.0.50727; .NET CLR 3.5.30729; .NET CLR 3.0.30729; Media Center PC 6.0; InfoPath.3; .NET4.0C; MS-RTC LM 8; .NET4.0E)" 21193
192.168.12.61 - - [17/Feb/2013:07:16:25 +0600] "GET /pause/ajaxPause?pauseConfigId=&admin=0 HTTP/1.1" 200 986 "http://callider/pause/index" "Mozilla/4.0 (compatible; MSIE 7.0; Windows NT 6.1; Trident/5.0; SLCC2; .NET CLR 2.0.50727; .NET CLR 3.5.30729; .NET CLR 3.0.30729; Media Center PC 6.0; InfoPath.3; .NET4.0C; .NET4.0E)" 26898
192.168.12.69 - - [17/Feb/2013:07:16:25 +0600] "GET /pause/ajaxPause?pauseConfigId=&admin=0 HTTP/1.1" 200 986 "http://callider/pause/index" "Mozilla/4.0 (compatible; MSIE 7.0; Windows NT 6.1; Trident/5.0; SLCC2; .NET CLR 2.0.50727; .NET CLR 3.5.30729; .NET CLR 3.0.30729; Media Center PC 6.0; InfoPath.3; .NET4.0C; .NET4.0E; Tablet PC 2.0; AskTbFXTV5/5.14.1.20007)" 20486
192.168.74.91 - - [17/Feb/2013:07:16:25 +0600] "GET /pause/ajaxPause?pauseConfigId=&admin=0 HTTP/1.1" 200 986 "http://callider/pause/index" "Mozilla/4.0 (compatible; MSIE 7.0; Windows NT 6.1; WOW64; Trident/5.0; SLCC2; .NET CLR 2.0.50727; .NET CLR 3.5.30729; .NET CLR 3.0.30729; Media Center PC 6.0; InfoPath.3; .NET4.0C; MS-RTC LM 8; .NET4.0E)" 17961
192.168.74.151 - - [17/Feb/2013:07:16:25 +0600] "GET /pause/ajaxPause?pauseConfigId=&admin=0 HTTP/1.1" 200 987 "http://callider.kontur/pause/index" "Mozilla/5.0 (Windows NT 6.1; WOW64; rv:18.0) Gecko/20100101 Firefox/18.0" 19329
192.168.12.210 - - [17/Feb/2013:07:16:25 +0600] "GET /pause/ajaxPause?pauseConfigId=all&admin=1 HTTP/1.1" 200 1047 "http://callider/pause/index" "Mozilla/4.0 (compatible; MSIE 7.0; Windows NT 6.1; WOW64; Trident/5.0; SLCC2; .NET CLR 2.0.50727; .NET CLR 3.5.30729; .NET CLR 3.0.30729; Media Center PC 6.0; InfoPath.3; .NET4.0C; .NET4.0E)" 19078
192.168.12.77 - - [17/Feb/2013:07:16:26 +0600] "GET /pause/ajaxPause?pauseConfigId=&admin=0 HTTP/1.1" 200 1039 "http://callider/pause/index" "Mozilla/4.0 (compatible; MSIE 7.0; Windows NT 6.1; Trident/5.0; SLCC2; .NET CLR 2.0.50727; .NET CLR 3.5.30729; .NET CLR 3.0.30729; Media Center PC 6.0; Tablet PC 2.0; InfoPath.3; .NET4.0C; .NET4.0E; MS-RTC LM 8)" 22372
192.168.12.38 - - [17/Feb/2013:07:16:26 +0600] "GET /pause/ajaxPause?pauseConfigId=&admin=0 HTTP/1.1" 200 1040 "http://callider/pause/index" "Mozilla/4.0 (compatible; MSIE 7.0; Windows NT 6.1; WOW64; Trident/5.0; SLCC2; .NET CLR 2.0.50727; .NET CLR 3.5.30729; .NET CLR 3.0.30729; Media Center PC 6.0; InfoPath.3; .NET4.0C; .NET4.0E)" 19790
192.168.12.60 - - [17/Feb/2013:07:16:26 +0600] "GET /pause/ajaxPause?pauseConfigId=&admin=0 HTTP/1.1" 200 986 "http://callider/pause/index" "Mozilla/4.0 (compatible; MSIE 8.0; Windows NT 6.1; Trident/4.0; InfoPath.3; .NET4.0C; MS-RTC LM 8; .NET4.0E)" 26155
192.168.65.56 - - [17/Feb/2013:07:16:26 +0600] "GET /pause/ajaxPause?pauseConfigId=all&admin=1 HTTP/1.1" 200 1046 "http://192.168.65.101/pause/index" "Mozilla/5.0 (Windows NT 5.1; rv:15.0) Gecko/20100101 Firefox/15.0" 35781
192.168.12.204 - - [17/Feb/2013:07:16:27 +0600] "GET /pause/ajaxPause?pauseConfigId=&admin=0 HTTP/1.1" 200 986 "http://callider/pause/index" "Mozilla/4.0 (compatible; MSIE 7.0; Windows NT 6.1; WOW64; Trident/4.0; SLCC2; .NET CLR 2.0.50727; .NET CLR 3.5.30729; .NET CLR 3.0.30729; Media Center PC 6.0; InfoPath.3; .NET4.0C; .NET4.0E; .NET CLR 1.1.4322)" 18715
192.168.74.78 - - [17/Feb/2013:07:16:29 +0600] "GET /pause/ajaxPause?pauseConfigId=&admin=0 HTTP/1.1" 200 986 "http://callider/pause/index" "Mozilla/4.0 (compatible; MSIE 7.0; Windows NT 6.1; WOW64; Trident/5.0; SLCC2; .NET CLR 2.0.50727; .NET CLR 3.5.30729; .NET CLR 3.0.30729; Media Center PC 6.0; InfoPath.3; .NET4.0C; MS-RTC LM 8; .NET4.0E)" 20432
192.168.12.61 - - [17/Feb/2013:07:16:30 +0600] "GET /pause/ajaxPause?pauseConfigId=&admin=0 HTTP/1.1" 200 985 "http://callider/pause/index" "Mozilla/4.0 (compatible; MSIE 7.0; Windows NT 6.1; Trident/5.0; SLCC2; .NET CLR 2.0.50727; .NET CLR 3.5.30729; .NET CLR 3.0.30729; Media Center PC 6.0; InfoPath.3; .NET4.0C; .NET4.0E)" 19758
192.168.12.69 - - [17/Feb/2013:07:16:30 +0600] "GET /pause/ajaxPause?pauseConfigId=&admin=0 HTTP/1.1" 200 986 "http://callider/pause/index" "Mozilla/4.0 (compatible; MSIE 7.0; Windows NT 6.1; Trident/5.0; SLCC2; .NET CLR 2.0.50727; .NET CLR 3.5.30729; .NET CLR 3.0.30729; Media Center PC 6.0; InfoPath.3; .NET4.0C; .NET4.0E; Tablet PC 2.0; AskTbFXTV5/5.14.1.20007)" 20835
192.168.74.91 - - [17/Feb/2013:07:16:30 +0600] "GET /pause/ajaxPause?pauseConfigId=&admin=0 HTTP/1.1" 200 986 "http://callider/pause/index" "Mozilla/4.0 (compatible; MSIE 7.0; Windows NT 6.1; WOW64; Trident/5.0; SLCC2; .NET CLR 2.0.50727; .NET CLR 3.5.30729; .NET CLR 3.0.30729; Media Center PC 6.0; InfoPath.3; .NET4.0C; MS-RTC LM 8; .NET4.0E)" 18422
192.168.74.151 - - [17/Feb/2013:07:16:30 +0600] "GET /pause/ajaxPause?pauseConfigId=&admin=0 HTTP/1.1" 200 987 "http://callider.kontur/pause/index" "Mozilla/5.0 (Windows NT 6.1; WOW64; rv:18.0) Gecko/20100101 Firefox/18.0" 18257
192.168.12.210 - - [17/Feb/2013:07:16:30 +0600] "GET /pause/ajaxPause?pauseConfigId=all&admin=1 HTTP/1.1" 200 1047 "http://callider/pause/index" "Mozilla/4.0 (compatible; MSIE 7.0; Windows NT 6.1; WOW64; Trident/5.0; SLCC2; .NET CLR 2.0.50727; .NET CLR 3.5.30729; .NET CLR 3.0.30729; Media Center PC 6.0; InfoPath.3; .NET4.0C; .NET4.0E)" 20213
192.168.12.77 - - [17/Feb/2013:07:16:31 +0600] "GET /pause/ajaxPause?pauseConfigId=&admin=0 HTTP/1.1" 200 1039 "http://callider/pause/index" "Mozilla/4.0 (compatible; MSIE 7.0; Windows NT 6.1; Trident/5.0; SLCC2; .NET CLR 2.0.50727; .NET CLR 3.5.30729; .NET CLR 3.0.30729; Media Center PC 6.0; Tablet PC 2.0; InfoPath.3; .NET4.0C; .NET4.0E; MS-RTC LM 8)" 14144
192.168.12.38 - - [17/Feb/2013:07:16:31 +0600] "GET /pause/ajaxPause?pauseConfigId=&admin=0 HTTP/1.1" 200 1040 "http://callider/pause/index" "Mozilla/4.0 (compatible; MSIE 7.0; Windows NT 6.1; WOW64; Trident/5.0; SLCC2; .NET CLR 2.0.50727; .NET CLR 3.5.30729; .NET CLR 3.0.30729; Media Center PC 6.0; InfoPath.3; .NET4.0C; .NET4.0E)" 15539
192.168.12.60 - - [17/Feb/2013:07:16:31 +0600] "GET /pause/ajaxPause?pauseConfigId=&admin=0 HTTP/1.1" 200 986 "http://callider/pause/index" "Mozilla/4.0 (compatible; MSIE 8.0; Windows NT 6.1; Trident/4.0; InfoPath.3; .NET4.0C; MS-RTC LM 8; .NET4.0E)" 18037
192.168.65.56 - - [17/Feb/2013:07:16:31 +0600] "GET /pause/ajaxPause?pauseConfigId=all&admin=1 HTTP/1.1" 200 1046 "http://192.168.65.101/pause/index" "Mozilla/5.0 (Windows NT 5.1; rv:15.0) Gecko/20100101 Firefox/15.0" 27528
192.168.12.204 - - [17/Feb/2013:07:16:32 +0600] "GET /pause/ajaxPause?pauseConfigId=&admin=0 HTTP/1.1" 200 986 "http://callider/pause/index" "Mozilla/4.0 (compatible; MSIE 7.0; Windows NT 6.1; WOW64; Trident/4.0; SLCC2; .NET CLR 2.0.50727; .NET CLR 3.5.30729; .NET CLR 3.0.30729; Media Center PC 6.0; InfoPath.3; .NET4.0C; .NET4.0E; .NET CLR 1.1.4322)" 18328
192.168.74.78 - - [17/Feb/2013:07:16:34 +0600] "GET /pause/ajaxPause?pauseConfigId=&admin=0 HTTP/1.1" 200 986 "http://callider/pause/index" "Mozilla/4.0 (compatible; MSIE 7.0; Windows NT 6.1; WOW64; Trident/5.0; SLCC2; .NET CLR 2.0.50727; .NET CLR 3.5.30729; .NET CLR 3.0.30729; Media Center PC 6.0; InfoPath.3; .NET4.0C; MS-RTC LM 8; .NET4.0E)" 18700
192.168.12.67 - - [17/Feb/2013:07:16:34 +0600] "GET /tv/useUser HTTP/1.1" 200 432 "http://callider/graph/personal" "Mozilla/4.0 (compatible; MSIE 7.0; Windows NT 6.1; Trident/5.0; SLCC2; .NET CLR 2.0.50727; .NET CLR 3.5.30729; .NET CLR 3.0.30729; Media Center PC 6.0; .NET4.0C; .NET4.0E; InfoPath.3; Tablet PC 2.0; MS-RTC LM 8)" 18114
192.168.12.61 - - [17/Feb/2013:07:16:35 +0600] "GET /pause/ajaxPause?pauseConfigId=&admin=0 HTTP/1.1" 200 985 "http://callider/pause/index" "Mozilla/4.0 (compatible; MSIE 7.0; Windows NT 6.1; Trident/5.0; SLCC2; .NET CLR 2.0.50727; .NET CLR 3.5.30729; .NET CLR 3.0.30729; Media Center PC 6.0; InfoPath.3; .NET4.0C; .NET4.0E)" 26239
192.168.12.69 - - [17/Feb/2013:07:16:35 +0600] "GET /pause/ajaxPause?pauseConfigId=&admin=0 HTTP/1.1" 200 986 "http://callider/pause/index" "Mozilla/4.0 (compatible; MSIE 7.0; Windows NT 6.1; Trident/5.0; SLCC2; .NET CLR 2.0.50727; .NET CLR 3.5.30729; .NET CLR 3.0.30729; Media Center PC 6.0; InfoPath.3; .NET4.0C; .NET4.0E; Tablet PC 2.0; AskTbFXTV5/5.14.1.20007)" 20817
192.168.74.91 - - [17/Feb/2013:07:16:35 +0600] "GET /pause/ajaxPause?pauseConfigId=&admin=0 HTTP/1.1" 200 986 "http://callider/pause/index" "Mozilla/4.0 (compatible; MSIE 7.0; Windows NT 6.1; WOW64; Trident/5.0; SLCC2; .NET CLR 2.0.50727; .NET CLR 3.5.30729; .NET CLR 3.0.30729; Media Center PC 6.0; InfoPath.3; .NET4.0C; MS-RTC LM 8; .NET4.0E)" 18548
192.168.74.151 - - [17/Feb/2013:07:16:35 +0600] "GET /pause/ajaxPause?pauseConfigId=&admin=0 HTTP/1.1" 200 987 "http://callider.kontur/pause/index" "Mozilla/5.0 (Windows NT 6.1; WOW64; rv:18.0) Gecko/20100101 Firefox/18.0" 19826
192.168.12.210 - - [17/Feb/2013:07:16:35 +0600] "GET /pause/ajaxPause?pauseConfigId=all&admin=1 HTTP/1.1" 200 1047 "http://callider/pause/index" "Mozilla/4.0 (compatible; MSIE 7.0; Windows NT 6.1; WOW64; Trident/5.0; SLCC2; .NET CLR 2.0.50727; .NET CLR 3.5.30729; .NET CLR 3.0.30729; Media Center PC 6.0; InfoPath.3; .NET4.0C; .NET4.0E)" 20564
192.168.12.77 - - [17/Feb/2013:07:16:36 +0600] "GET /pause/ajaxPause?pauseConfigId=&admin=0 HTTP/1.1" 200 1039 "http://callider/pause/index" "Mozilla/4.0 (compatible; MSIE 7.0; Windows NT 6.1; Trident/5.0; SLCC2; .NET CLR 2.0.50727; .NET CLR 3.5.30729; .NET CLR 3.0.30729; Media Center PC 6.0; Tablet PC 2.0; InfoPath.3; .NET4.0C; .NET4.0E; MS-RTC LM 8)" 14017
192.168.12.38 - - [17/Feb/2013:07:16:36 +0600] "GET /pause/ajaxPause?pauseConfigId=&admin=0 HTTP/1.1" 200 1040 "http://callider/pause/index" "Mozilla/4.0 (compatible; MSIE 7.0; Windows NT 6.1; WOW64; Trident/5.0; SLCC2; .NET CLR 2.0.50727; .NET CLR 3.5.30729; .NET CLR 3.0.30729; Media Center PC 6.0; InfoPath.3; .NET4.0C; .NET4.0E)" 27703
192.168.12.60 - - [17/Feb/2013:07:16:36 +0600] "GET /pause/ajaxPause?pauseConfigId=&admin=0 HTTP/1.1" 200 986 "http://callider/pause/index" "Mozilla/4.0 (compatible; MSIE 8.0; Windows NT 6.1; Trident/4.0; InfoPath.3; .NET4.0C; MS-RTC LM 8; .NET4.0E)" 18787
192.168.65.56 - - [17/Feb/2013:07:16:36 +0600] "GET /pause/ajaxPause?pauseConfigId=all&admin=1 HTTP/1.1" 200 1046 "http://192.168.65.101/pause/index" "Mozilla/5.0 (Windows NT 5.1; rv:15.0) Gecko/20100101 Firefox/15.0" 26420
192.168.12.204 - - [17/Feb/2013:07:16:37 +0600] "GET /pause/ajaxPause?pauseConfigId=&admin=0 HTTP/1.1" 200 986 "http://callider/pause/index" "Mozilla/4.0 (compatible; MSIE 7.0; Windows NT 6.1; WOW64; Trident/4.0; SLCC2; .NET CLR 2.0.50727; .NET CLR 3.5.30729; .NET CLR 3.0.30729; Media Center PC 6.0; InfoPath.3; .NET4.0C; .NET4.0E; .NET CLR 1.1.4322)" 20365
192.168.74.93 - - [17/Feb/2013:07:16:38 +0600] "GET /tv/useUser HTTP/1.1" 200 432 "http://callider/graph/personal" "Mozilla/4.0 (compatible; MSIE 7.0; Windows NT 6.1; WOW64; Trident/5.0; SLCC2; .NET CLR 2.0.50727; .NET CLR 3.5.30729; .NET CLR 3.0.30729; Media Center PC 6.0; InfoPath.3; .NET4.0C; .NET4.0E)" 15238
192.168.12.210 - - [17/Feb/2013:07:16:39 +0600] "GET /tv/useUser HTTP/1.1" 200 431 "http://callider/graph/general" "Mozilla/4.0 (compatible; MSIE 7.0; Windows NT 6.1; WOW64; Trident/5.0; SLCC2; .NET CLR 2.0.50727; .NET CLR 3.5.30729; .NET CLR 3.0.30729; Media Center PC 6.0; InfoPath.3; .NET4.0C; .NET4.0E)" 8962
192.168.74.78 - - [17/Feb/2013:07:16:39 +0600] "GET /pause/ajaxPause?pauseConfigId=&admin=0 HTTP/1.1" 200 986 "http://callider/pause/index" "Mozilla/4.0 (compatible; MSIE 7.0; Windows NT 6.1; WOW64; Trident/5.0; SLCC2; .NET CLR 2.0.50727; .NET CLR 3.5.30729; .NET CLR 3.0.30729; Media Center PC 6.0; InfoPath.3; .NET4.0C; MS-RTC LM 8; .NET4.0E)" 21150
192.168.12.61 - - [17/Feb/2013:07:16:40 +0600] "GET /pause/ajaxPause?pauseConfigId=&admin=0 HTTP/1.1" 200 985 "http://callider/pause/index" "Mozilla/4.0 (compatible; MSIE 7.0; Windows NT 6.1; Trident/5.0; SLCC2; .NET CLR 2.0.50727; .NET CLR 3.5.30729; .NET CLR 3.0.30729; Media Center PC 6.0; InfoPath.3; .NET4.0C; .NET4.0E)" 23627
192.168.12.69 - - [17/Feb/2013:07:16:40 +0600] "GET /pause/ajaxPause?pauseConfigId=&admin=0 HTTP/1.1" 200 986 "http://callider/pause/index" "Mozilla/4.0 (compatible; MSIE 7.0; Windows NT 6.1; Trident/5.0; SLCC2; .NET CLR 2.0.50727; .NET CLR 3.5.30729; .NET CLR 3.0.30729; Media Center PC 6.0; InfoPath.3; .NET4.0C; .NET4.0E; Tablet PC 2.0; AskTbFXTV5/5.14.1.20007)" 261319
192.168.74.91 - - [17/Feb/2013:07:16:40 +0600] "GET /pause/ajaxPause?pauseConfigId=&admin=0 HTTP/1.1" 200 986 "http://callider/pause/index" "Mozilla/4.0 (compatible; MSIE 7.0; Windows NT 6.1; WOW64; Trident/5.0; SLCC2; .NET CLR 2.0.50727; .NET CLR 3.5.30729; .NET CLR 3.0.30729; Media Center PC 6.0; InfoPath.3; .NET4.0C; MS-RTC LM 8; .NET4.0E)" 185312
192.168.74.151 - - [17/Feb/2013:07:16:40 +0600] "GET /pause/ajaxPause?pauseConfigId=&admin=0 HTTP/1.1" 200 987 "http://callider.kontur/pause/index" "Mozilla/5.0 (Windows NT 6.1; WOW64; rv:18.0) Gecko/20100101 Firefox/18.0" 147233
192.168.12.210 - - [17/Feb/2013:07:16:40 +0600] "GET /pause/ajaxPause?pauseConfigId=all&admin=1 HTTP/1.1" 200 1047 "http://callider/pause/index" "Mozilla/4.0 (compatible; MSIE 7.0; Windows NT 6.1; WOW64; Trident/5.0; SLCC2; .NET CLR 2.0.50727; .NET CLR 3.5.30729; .NET CLR 3.0.30729; Media Center PC 6.0; InfoPath.3; .NET4.0C; .NET4.0E)" 80797
192.168.12.9 - - [17/Feb/2013:07:16:41 +0600] "GET /tv/useUser HTTP/1.1" 200 432 "http://callider.kontur/site/index" "Mozilla/5.0 (Windows NT 6.1; WOW64) AppleWebKit/537.17 (KHTML, like Gecko) Chrome/24.0.1312.57 Safari/537.17" 20461
192.168.12.77 - - [17/Feb/2013:07:16:41 +0600] "GET /pause/ajaxPause?pauseConfigId=&admin=0 HTTP/1.1" 200 1039 "http://callider/pause/index" "Mozilla/4.0 (compatible; MSIE 7.0; Windows NT 6.1; Trident/5.0; SLCC2; .NET CLR 2.0.50727; .NET CLR 3.5.30729; .NET CLR 3.0.30729; Media Center PC 6.0; Tablet PC 2.0; InfoPath.3; .NET4.0C; .NET4.0E; MS-RTC LM 8)" 13776
192.168.12.38 - - [17/Feb/2013:07:16:41 +0600] "GET /pause/ajaxPause?pauseConfigId=&admin=0 HTTP/1.1" 200 1040 "http://callider/pause/index" "Mozilla/4.0 (compatible; MSIE 7.0; Windows NT 6.1; WOW64; Trident/5.0; SLCC2; .NET CLR 2.0.50727; .NET CLR 3.5.30729; .NET CLR 3.0.30729; Media Center PC 6.0; InfoPath.3; .NET4.0C; .NET4.0E)" 23937
192.168.12.60 - - [17/Feb/2013:07:16:41 +0600] "GET /pause/ajaxPause?pauseConfigId=&admin=0 HTTP/1.1" 200 986 "http://callider/pause/index" "Mozilla/4.0 (compatible; MSIE 8.0; Windows NT 6.1; Trident/4.0; InfoPath.3; .NET4.0C; MS-RTC LM 8; .NET4.0E)" 23668
192.168.65.56 - - [17/Feb/2013:07:16:41 +0600] "GET /pause/ajaxPause?pauseConfigId=all&admin=1 HTTP/1.1" 200 1046 "http://192.168.65.101/pause/index" "Mozilla/5.0 (Windows NT 5.1; rv:15.0) Gecko/20100101 Firefox/15.0" 29240
192.168.12.204 - - [17/Feb/2013:07:16:42 +0600] "GET /pause/ajaxPause?pauseConfigId=&admin=0 HTTP/1.1" 200 986 "http://callider/pause/index" "Mozilla/4.0 (compatible; MSIE 7.0; Windows NT 6.1; WOW64; Trident/4.0; SLCC2; .NET CLR 2.0.50727; .NET CLR 3.5.30729; .NET CLR 3.0.30729; Media Center PC 6.0; InfoPath.3; .NET4.0C; .NET4.0E; .NET CLR 1.1.4322)" 26312
192.168.74.78 - - [17/Feb/2013:07:16:44 +0600] "GET /pause/ajaxPause?pauseConfigId=&admin=0 HTTP/1.1" 200 986 "http://callider/pause/index" "Mozilla/4.0 (compatible; MSIE 7.0; Windows NT 6.1; WOW64; Trident/5.0; SLCC2; .NET CLR 2.0.50727; .NET CLR 3.5.30729; .NET CLR 3.0.30729; Media Center PC 6.0; InfoPath.3; .NET4.0C; MS-RTC LM 8; .NET4.0E)" 19849
192.168.12.61 - - [17/Feb/2013:07:16:45 +0600] "GET /pause/ajaxPause?pauseConfigId=&admin=0 HTTP/1.1" 200 985 "http://callider/pause/index" "Mozilla/4.0 (compatible; MSIE 7.0; Windows NT 6.1; Trident/5.0; SLCC2; .NET CLR 2.0.50727; .NET CLR 3.5.30729; .NET CLR 3.0.30729; Media Center PC 6.0; InfoPath.3; .NET4.0C; .NET4.0E)" 19294
192.168.12.69 - - [17/Feb/2013:07:16:45 +0600] "GET /pause/ajaxPause?pauseConfigId=&admin=0 HTTP/1.1" 200 986 "http://callider/pause/index" "Mozilla/4.0 (compatible; MSIE 7.0; Windows NT 6.1; Trident/5.0; SLCC2; .NET CLR 2.0.50727; .NET CLR 3.5.30729; .NET CLR 3.0.30729; Media Center PC 6.0; InfoPath.3; .NET4.0C; .NET4.0E; Tablet PC 2.0; AskTbFXTV5/5.14.1.20007)" 22311
192.168.12.210 - - [17/Feb/2013:07:16:45 +0600] "GET /pause/ajaxPause?pauseConfigId=all&admin=1 HTTP/1.1" 200 1047 "http://callider/pause/index" "Mozilla/4.0 (compatible; MSIE 7.0; Windows NT 6.1; WOW64; Trident/5.0; SLCC2; .NET CLR 2.0.50727; .NET CLR 3.5.30729; .NET CLR 3.0.30729; Media Center PC 6.0; InfoPath.3; .NET4.0C; .NET4.0E)" 33641
192.168.74.91 - - [17/Feb/2013:07:16:45 +0600] "GET /pause/ajaxPause?pauseConfigId=&admin=0 HTTP/1.1" 200 986 "http://callider/pause/index" "Mozilla/4.0 (compatible; MSIE 7.0; Windows NT 6.1; WOW64; Trident/5.0; SLCC2; .NET CLR 2.0.50727; .NET CLR 3.5.30729; .NET CLR 3.0.30729; Media Center PC 6.0; InfoPath.3; .NET4.0C; MS-RTC LM 8; .NET4.0E)" 150212
192.168.74.151 - - [17/Feb/2013:07:16:45 +0600] "GET /pause/ajaxPause?pauseConfigId=&admin=0 HTTP/1.1" 200 987 "http://callider.kontur/pause/index" "Mozilla/5.0 (Windows NT 6.1; WOW64; rv:18.0) Gecko/20100101 Firefox/18.0" 113861
192.168.12.77 - - [17/Feb/2013:07:16:46 +0600] "GET /pause/ajaxPause?pauseConfigId=&admin=0 HTTP/1.1" 200 1039 "http://callider/pause/index" "Mozilla/4.0 (compatible; MSIE 7.0; Windows NT 6.1; Trident/5.0; SLCC2; .NET CLR 2.0.50727; .NET CLR 3.5.30729; .NET CLR 3.0.30729; Media Center PC 6.0; Tablet PC 2.0; InfoPath.3; .NET4.0C; .NET4.0E; MS-RTC LM 8)" 17053
192.168.12.38 - - [17/Feb/2013:07:16:46 +0600] "GET /pause/ajaxPause?pauseConfigId=&admin=0 HTTP/1.1" 200 1040 "http://callider/pause/index" "Mozilla/4.0 (compatible; MSIE 7.0; Windows NT 6.1; WOW64; Trident/5.0; SLCC2; .NET CLR 2.0.50727; .NET CLR 3.5.30729; .NET CLR 3.0.30729; Media Center PC 6.0; InfoPath.3; .NET4.0C; .NET4.0E)" 16246
192.168.12.60 - - [17/Feb/2013:07:16:46 +0600] "GET /pause/ajaxPause?pauseConfigId=&admin=0 HTTP/1.1" 200 986 "http://callider/pause/index" "Mozilla/4.0 (compatible; MSIE 8.0; Windows NT 6.1; Trident/4.0; InfoPath.3; .NET4.0C; MS-RTC LM 8; .NET4.0E)" 37089
192.168.65.56 - - [17/Feb/2013:07:16:46 +0600] "GET /pause/ajaxPause?pauseConfigId=all&admin=1 HTTP/1.1" 200 1046 "http://192.168.65.101/pause/index" "Mozilla/5.0 (Windows NT 5.1; rv:15.0) Gecko/20100101 Firefox/15.0" 32814
192.168.12.204 - - [17/Feb/2013:07:16:47 +0600] "GET /pause/ajaxPause?pauseConfigId=&admin=0 HTTP/1.1" 200 986 "http://callider/pause/index" "Mozilla/4.0 (compatible; MSIE 7.0; Windows NT 6.1; WOW64; Trident/4.0; SLCC2; .NET CLR 2.0.50727; .NET CLR 3.5.30729; .NET CLR 3.0.30729; Media Center PC 6.0; InfoPath.3; .NET4.0C; .NET4.0E; .NET CLR 1.1.4322)" 20143
192.168.12.210 - - [17/Feb/2013:07:16:49 +0600] "GET /tv/useUser HTTP/1.1" 200 431 "http://callider/pause/index" "Mozilla/4.0 (compatible; MSIE 7.0; Windows NT 6.1; WOW64; Trident/5.0; SLCC2; .NET CLR 2.0.50727; .NET CLR 3.5.30729; .NET CLR 3.0.30729; Media Center PC 6.0; InfoPath.3; .NET4.0C; .NET4.0E)" 9584
192.168.74.78 - - [17/Feb/2013:07:16:49 +0600] "GET /pause/ajaxPause?pauseConfigId=&admin=0 HTTP/1.1" 200 986 "http://callider/pause/index" "Mozilla/4.0 (compatible; MSIE 7.0; Windows NT 6.1; WOW64; Trident/5.0; SLCC2; .NET CLR 2.0.50727; .NET CLR 3.5.30729; .NET CLR 3.0.30729; Media Center PC 6.0; InfoPath.3; .NET4.0C; MS-RTC LM 8; .NET4.0E)" 21080
192.168.12.61 - - [17/Feb/2013:07:16:50 +0600] "GET /pause/ajaxPause?pauseConfigId=&admin=0 HTTP/1.1" 200 985 "http://callider/pause/index" "Mozilla/4.0 (compatible; MSIE 7.0; Windows NT 6.1; Trident/5.0; SLCC2; .NET CLR 2.0.50727; .NET CLR 3.5.30729; .NET CLR 3.0.30729; Media Center PC 6.0; InfoPath.3; .NET4.0C; .NET4.0E)" 22199
192.168.12.69 - - [17/Feb/2013:07:16:50 +0600] "GET /pause/ajaxPause?pauseConfigId=&admin=0 HTTP/1.1" 200 986 "http://callider/pause/index" "Mozilla/4.0 (compatible; MSIE 7.0; Windows NT 6.1; Trident/5.0; SLCC2; .NET CLR 2.0.50727; .NET CLR 3.5.30729; .NET CLR 3.0.30729; Media Center PC 6.0; InfoPath.3; .NET4.0C; .NET4.0E; Tablet PC 2.0; AskTbFXTV5/5.14.1.20007)" 20419
192.168.74.91 - - [17/Feb/2013:07:16:50 +0600] "GET /pause/ajaxPause?pauseConfigId=&admin=0 HTTP/1.1" 200 986 "http://callider/pause/index" "Mozilla/4.0 (compatible; MSIE 7.0; Windows NT 6.1; WOW64; Trident/5.0; SLCC2; .NET CLR 2.0.50727; .NET CLR 3.5.30729; .NET CLR 3.0.30729; Media Center PC 6.0; InfoPath.3; .NET4.0C; MS-RTC LM 8; .NET4.0E)" 18225
192.168.74.151 - - [17/Feb/2013:07:16:50 +0600] "GET /pause/ajaxPause?pauseConfigId=&admin=0 HTTP/1.1" 200 987 "http://callider.kontur/pause/index" "Mozilla/5.0 (Windows NT 6.1; WOW64; rv:18.0) Gecko/20100101 Firefox/18.0" 22351
192.168.12.210 - - [17/Feb/2013:07:16:50 +0600] "GET /pause/ajaxPause?pauseConfigId=all&admin=1 HTTP/1.1" 200 1047 "http://callider/pause/index" "Mozilla/4.0 (compatible; MSIE 7.0; Windows NT 6.1; WOW64; Trident/5.0; SLCC2; .NET CLR 2.0.50727; .NET CLR 3.5.30729; .NET CLR 3.0.30729; Media Center PC 6.0; InfoPath.3; .NET4.0C; .NET4.0E)" 26047
192.168.12.77 - - [17/Feb/2013:07:16:51 +0600] "GET /pause/ajaxPause?pauseConfigId=&admin=0 HTTP/1.1" 200 1039 "http://callider/pause/index" "Mozilla/4.0 (compatible; MSIE 7.0; Windows NT 6.1; Trident/5.0; SLCC2; .NET CLR 2.0.50727; .NET CLR 3.5.30729; .NET CLR 3.0.30729; Media Center PC 6.0; Tablet PC 2.0; InfoPath.3; .NET4.0C; .NET4.0E; MS-RTC LM 8)" 24616
192.168.12.38 - - [17/Feb/2013:07:16:51 +0600] "GET /pause/ajaxPause?pauseConfigId=&admin=0 HTTP/1.1" 200 1040 "http://callider/pause/index" "Mozilla/4.0 (compatible; MSIE 7.0; Windows NT 6.1; WOW64; Trident/5.0; SLCC2; .NET CLR 2.0.50727; .NET CLR 3.5.30729; .NET CLR 3.0.30729; Media Center PC 6.0; InfoPath.3; .NET4.0C; .NET4.0E)" 20250
192.168.12.60 - - [17/Feb/2013:07:16:51 +0600] "GET /pause/ajaxPause?pauseConfigId=&admin=0 HTTP/1.1" 200 986 "http://callider/pause/index" "Mozilla/4.0 (compatible; MSIE 8.0; Windows NT 6.1; Trident/4.0; InfoPath.3; .NET4.0C; MS-RTC LM 8; .NET4.0E)" 25621
192.168.65.56 - - [17/Feb/2013:07:16:51 +0600] "GET /pause/ajaxPause?pauseConfigId=all&admin=1 HTTP/1.1" 200 1046 "http://192.168.65.101/pause/index" "Mozilla/5.0 (Windows NT 5.1; rv:15.0) Gecko/20100101 Firefox/15.0" 28649
192.168.65.56 - - [17/Feb/2013:07:16:51 +0600] "GET /tv/useUser HTTP/1.1" 200 431 "http://192.168.65.101/pause/index" "Mozilla/5.0 (Windows NT 5.1; rv:15.0) Gecko/20100101 Firefox/15.0" 10625
192.168.12.204 - - [17/Feb/2013:07:16:52 +0600] "GET /pause/ajaxPause?pauseConfigId=&admin=0 HTTP/1.1" 200 986 "http://callider/pause/index" "Mozilla/4.0 (compatible; MSIE 7.0; Windows NT 6.1; WOW64; Trident/4.0; SLCC2; .NET CLR 2.0.50727; .NET CLR 3.5.30729; .NET CLR 3.0.30729; Media Center PC 6.0; InfoPath.3; .NET4.0C; .NET4.0E; .NET CLR 1.1.4322)" 18082
192.168.74.78 - - [17/Feb/2013:07:16:54 +0600] "GET /pause/ajaxPause?pauseConfigId=&admin=0 HTTP/1.1" 200 986 "http://callider/pause/index" "Mozilla/4.0 (compatible; MSIE 7.0; Windows NT 6.1; WOW64; Trident/5.0; SLCC2; .NET CLR 2.0.50727; .NET CLR 3.5.30729; .NET CLR 3.0.30729; Media Center PC 6.0; InfoPath.3; .NET4.0C; MS-RTC LM 8; .NET4.0E)" 21795
192.168.12.61 - - [17/Feb/2013:07:16:55 +0600] "GET /pause/ajaxPause?pauseConfigId=&admin=0 HTTP/1.1" 200 986 "http://callider/pause/index" "Mozilla/4.0 (compatible; MSIE 7.0; Windows NT 6.1; Trident/5.0; SLCC2; .NET CLR 2.0.50727; .NET CLR 3.5.30729; .NET CLR 3.0.30729; Media Center PC 6.0; InfoPath.3; .NET4.0C; .NET4.0E)" 29844
192.168.12.69 - - [17/Feb/2013:07:16:55 +0600] "GET /pause/ajaxPause?pauseConfigId=&admin=0 HTTP/1.1" 200 986 "http://callider/pause/index" "Mozilla/4.0 (compatible; MSIE 7.0; Windows NT 6.1; Trident/5.0; SLCC2; .NET CLR 2.0.50727; .NET CLR 3.5.30729; .NET CLR 3.0.30729; Media Center PC 6.0; InfoPath.3; .NET4.0C; .NET4.0E; Tablet PC 2.0; AskTbFXTV5/5.14.1.20007)" 19007
192.168.74.91 - - [17/Feb/2013:07:16:55 +0600] "GET /pause/ajaxPause?pauseConfigId=&admin=0 HTTP/1.1" 200 986 "http://callider/pause/index" "Mozilla/4.0 (compatible; MSIE 7.0; Windows NT 6.1; WOW64; Trident/5.0; SLCC2; .NET CLR 2.0.50727; .NET CLR 3.5.30729; .NET CLR 3.0.30729; Media Center PC 6.0; InfoPath.3; .NET4.0C; MS-RTC LM 8; .NET4.0E)" 21675
192.168.74.151 - - [17/Feb/2013:07:16:55 +0600] "GET /pause/ajaxPause?pauseConfigId=&admin=0 HTTP/1.1" 200 987 "http://callider.kontur/pause/index" "Mozilla/5.0 (Windows NT 6.1; WOW64; rv:18.0) Gecko/20100101 Firefox/18.0" 21591
192.168.12.210 - - [17/Feb/2013:07:16:55 +0600] "GET /pause/ajaxPause?pauseConfigId=all&admin=1 HTTP/1.1" 200 1047 "http://callider/pause/index" "Mozilla/4.0 (compatible; MSIE 7.0; Windows NT 6.1; WOW64; Trident/5.0; SLCC2; .NET CLR 2.0.50727; .NET CLR 3.5.30729; .NET CLR 3.0.30729; Media Center PC 6.0; InfoPath.3; .NET4.0C; .NET4.0E)" 18424
192.168.12.77 - - [17/Feb/2013:07:16:56 +0600] "GET /pause/ajaxPause?pauseConfigId=&admin=0 HTTP/1.1" 200 1039 "http://callider/pause/index" "Mozilla/4.0 (compatible; MSIE 7.0; Windows NT 6.1; Trident/5.0; SLCC2; .NET CLR 2.0.50727; .NET CLR 3.5.30729; .NET CLR 3.0.30729; Media Center PC 6.0; Tablet PC 2.0; InfoPath.3; .NET4.0C; .NET4.0E; MS-RTC LM 8)" 13895
192.168.12.38 - - [17/Feb/2013:07:16:56 +0600] "GET /pause/ajaxPause?pauseConfigId=&admin=0 HTTP/1.1" 200 1040 "http://callider/pause/index" "Mozilla/4.0 (compatible; MSIE 7.0; Windows NT 6.1; WOW64; Trident/5.0; SLCC2; .NET CLR 2.0.50727; .NET CLR 3.5.30729; .NET CLR 3.0.30729; Media Center PC 6.0; InfoPath.3; .NET4.0C; .NET4.0E)" 14872
192.168.12.60 - - [17/Feb/2013:07:16:56 +0600] "GET /pause/ajaxPause?pauseConfigId=&admin=0 HTTP/1.1" 200 986 "http://callider/pause/index" "Mozilla/4.0 (compatible; MSIE 8.0; Windows NT 6.1; Trident/4.0; InfoPath.3; .NET4.0C; MS-RTC LM 8; .NET4.0E)" 17999
192.168.65.56 - - [17/Feb/2013:07:16:56 +0600] "GET /pause/ajaxPause?pauseConfigId=all&admin=1 HTTP/1.1" 200 1046 "http://192.168.65.101/pause/index" "Mozilla/5.0 (Windows NT 5.1; rv:15.0) Gecko/20100101 Firefox/15.0" 26696
192.168.12.204 - - [17/Feb/2013:07:16:57 +0600] "GET /pause/ajaxPause?pauseConfigId=&admin=0 HTTP/1.1" 200 986 "http://callider/pause/index" "Mozilla/4.0 (compatible; MSIE 7.0; Windows NT 6.1; WOW64; Trident/4.0; SLCC2; .NET CLR 2.0.50727; .NET CLR 3.5.30729; .NET CLR 3.0.30729; Media Center PC 6.0; InfoPath.3; .NET4.0C; .NET4.0E; .NET CLR 1.1.4322)" 19137
192.168.74.78 - - [17/Feb/2013:07:16:59 +0600] "GET /pause/ajaxPause?pauseConfigId=&admin=0 HTTP/1.1" 200 986 "http://callider/pause/index" "Mozilla/4.0 (compatible; MSIE 7.0; Windows NT 6.1; WOW64; Trident/5.0; SLCC2; .NET CLR 2.0.50727; .NET CLR 3.5.30729; .NET CLR 3.0.30729; Media Center PC 6.0; InfoPath.3; .NET4.0C; MS-RTC LM 8; .NET4.0E)" 17583
192.168.12.61 - - [17/Feb/2013:07:17:00 +0600] "GET /pause/ajaxPause?pauseConfigId=&admin=0 HTTP/1.1" 200 985 "http://callider/pause/index" "Mozilla/4.0 (compatible; MSIE 7.0; Windows NT 6.1; Trident/5.0; SLCC2; .NET CLR 2.0.50727; .NET CLR 3.5.30729; .NET CLR 3.0.30729; Media Center PC 6.0; InfoPath.3; .NET4.0C; .NET4.0E)" 20054
192.168.12.69 - - [17/Feb/2013:07:17:00 +0600] "GET /pause/ajaxPause?pauseConfigId=&admin=0 HTTP/1.1" 200 986 "http://callider/pause/index" "Mozilla/4.0 (compatible; MSIE 7.0; Windows NT 6.1; Trident/5.0; SLCC2; .NET CLR 2.0.50727; .NET CLR 3.5.30729; .NET CLR 3.0.30729; Media Center PC 6.0; InfoPath.3; .NET4.0C; .NET4.0E; Tablet PC 2.0; AskTbFXTV5/5.14.1.20007)" 19676
192.168.74.91 - - [17/Feb/2013:07:17:00 +0600] "GET /pause/ajaxPause?pauseConfigId=&admin=0 HTTP/1.1" 200 986 "http://callider/pause/index" "Mozilla/4.0 (compatible; MSIE 7.0; Windows NT 6.1; WOW64; Trident/5.0; SLCC2; .NET CLR 2.0.50727; .NET CLR 3.5.30729; .NET CLR 3.0.30729; Media Center PC 6.0; InfoPath.3; .NET4.0C; MS-RTC LM 8; .NET4.0E)" 18082
192.168.74.151 - - [17/Feb/2013:07:17:00 +0600] "GET /pause/ajaxPause?pauseConfigId=&admin=0 HTTP/1.1" 200 987 "http://callider.kontur/pause/index" "Mozilla/5.0 (Windows NT 6.1; WOW64; rv:18.0) Gecko/20100101 Firefox/18.0" 24217
192.168.12.210 - - [17/Feb/2013:07:17:00 +0600] "GET /pause/ajaxPause?pauseConfigId=all&admin=1 HTTP/1.1" 200 1047 "http://callider/pause/index" "Mozilla/4.0 (compatible; MSIE 7.0; Windows NT 6.1; WOW64; Trident/5.0; SLCC2; .NET CLR 2.0.50727; .NET CLR 3.5.30729; .NET CLR 3.0.30729; Media Center PC 6.0; InfoPath.3; .NET4.0C; .NET4.0E)" 23801
192.168.12.77 - - [17/Feb/2013:07:17:01 +0600] "GET /pause/ajaxPause?pauseConfigId=&admin=0 HTTP/1.1" 200 1039 "http://callider/pause/index" "Mozilla/4.0 (compatible; MSIE 7.0; Windows NT 6.1; Trident/5.0; SLCC2; .NET CLR 2.0.50727; .NET CLR 3.5.30729; .NET CLR 3.0.30729; Media Center PC 6.0; Tablet PC 2.0; InfoPath.3; .NET4.0C; .NET4.0E; MS-RTC LM 8)" 13960
192.168.12.38 - - [17/Feb/2013:07:17:01 +0600] "GET /pause/ajaxPause?pauseConfigId=&admin=0 HTTP/1.1" 200 1040 "http://callider/pause/index" "Mozilla/4.0 (compatible; MSIE 7.0; Windows NT 6.1; WOW64; Trident/5.0; SLCC2; .NET CLR 2.0.50727; .NET CLR 3.5.30729; .NET CLR 3.0.30729; Media Center PC 6.0; InfoPath.3; .NET4.0C; .NET4.0E)" 16837
192.168.12.60 - - [17/Feb/2013:07:17:01 +0600] "GET /pause/ajaxPause?pauseConfigId=&admin=0 HTTP/1.1" 200 986 "http://callider/pause/index" "Mozilla/4.0 (compatible; MSIE 8.0; Windows NT 6.1; Trident/4.0; InfoPath.3; .NET4.0C; MS-RTC LM 8; .NET4.0E)" 20555
192.168.65.56 - - [17/Feb/2013:07:17:01 +0600] "GET /pause/ajaxPause?pauseConfigId=all&admin=1 HTTP/1.1" 200 1046 "http://192.168.65.101/pause/index" "Mozilla/5.0 (Windows NT 5.1; rv:15.0) Gecko/20100101 Firefox/15.0" 27211
192.168.12.204 - - [17/Feb/2013:07:17:02 +0600] "GET /pause/ajaxPause?pauseConfigId=&admin=0 HTTP/1.1" 200 986 "http://callider/pause/index" "Mozilla/4.0 (compatible; MSIE 7.0; Windows NT 6.1; WOW64; Trident/4.0; SLCC2; .NET CLR 2.0.50727; .NET CLR 3.5.30729; .NET CLR 3.0.30729; Media Center PC 6.0; InfoPath.3; .NET4.0C; .NET4.0E; .NET CLR 1.1.4322)" 25983
192.168.74.78 - - [17/Feb/2013:07:17:04 +0600] "GET /pause/ajaxPause?pauseConfigId=&admin=0 HTTP/1.1" 200 986 "http://callider/pause/index" "Mozilla/4.0 (compatible; MSIE 7.0; Windows NT 6.1; WOW64; Trident/5.0; SLCC2; .NET CLR 2.0.50727; .NET CLR 3.5.30729; .NET CLR 3.0.30729; Media Center PC 6.0; InfoPath.3; .NET4.0C; MS-RTC LM 8; .NET4.0E)" 20627
192.168.12.61 - - [17/Feb/2013:07:17:05 +0600] "GET /pause/ajaxPause?pauseConfigId=&admin=0 HTTP/1.1" 200 986 "http://callider/pause/index" "Mozilla/4.0 (compatible; MSIE 7.0; Windows NT 6.1; Trident/5.0; SLCC2; .NET CLR 2.0.50727; .NET CLR 3.5.30729; .NET CLR 3.0.30729; Media Center PC 6.0; InfoPath.3; .NET4.0C; .NET4.0E)" 27828
192.168.12.69 - - [17/Feb/2013:07:17:05 +0600] "GET /pause/ajaxPause?pauseConfigId=&admin=0 HTTP/1.1" 200 986 "http://callider/pause/index" "Mozilla/4.0 (compatible; MSIE 7.0; Windows NT 6.1; Trident/5.0; SLCC2; .NET CLR 2.0.50727; .NET CLR 3.5.30729; .NET CLR 3.0.30729; Media Center PC 6.0; InfoPath.3; .NET4.0C; .NET4.0E; Tablet PC 2.0; AskTbFXTV5/5.14.1.20007)" 33823
192.168.12.61 - - [17/Feb/2013:07:17:05 +0600] "GET /tv/useUser HTTP/1.1" 200 431 "http://callider/pause/index" "Mozilla/4.0 (compatible; MSIE 7.0; Windows NT 6.1; Trident/5.0; SLCC2; .NET CLR 2.0.50727; .NET CLR 3.5.30729; .NET CLR 3.0.30729; Media Center PC 6.0; InfoPath.3; .NET4.0C; .NET4.0E)" 9486
192.168.74.91 - - [17/Feb/2013:07:17:05 +0600] "GET /pause/ajaxPause?pauseConfigId=&admin=0 HTTP/1.1" 200 986 "http://callider/pause/index" "Mozilla/4.0 (compatible; MSIE 7.0; Windows NT 6.1; WOW64; Trident/5.0; SLCC2; .NET CLR 2.0.50727; .NET CLR 3.5.30729; .NET CLR 3.0.30729; Media Center PC 6.0; InfoPath.3; .NET4.0C; MS-RTC LM 8; .NET4.0E)" 87190
192.168.74.151 - - [17/Feb/2013:07:17:05 +0600] "GET /pause/ajaxPause?pauseConfigId=&admin=0 HTTP/1.1" 200 987 "http://callider.kontur/pause/index" "Mozilla/5.0 (Windows NT 6.1; WOW64; rv:18.0) Gecko/20100101 Firefox/18.0" 42806
192.168.12.210 - - [17/Feb/2013:07:17:05 +0600] "GET /pause/ajaxPause?pauseConfigId=all&admin=1 HTTP/1.1" 200 1047 "http://callider/pause/index" "Mozilla/4.0 (compatible; MSIE 7.0; Windows NT 6.1; WOW64; Trident/5.0; SLCC2; .NET CLR 2.0.50727; .NET CLR 3.5.30729; .NET CLR 3.0.30729; Media Center PC 6.0; InfoPath.3; .NET4.0C; .NET4.0E)" 21660
192.168.12.77 - - [17/Feb/2013:07:17:06 +0600] "GET /pause/ajaxPause?pauseConfigId=&admin=0 HTTP/1.1" 200 1039 "http://callider/pause/index" "Mozilla/4.0 (compatible; MSIE 7.0; Windows NT 6.1; Trident/5.0; SLCC2; .NET CLR 2.0.50727; .NET CLR 3.5.30729; .NET CLR 3.0.30729; Media Center PC 6.0; Tablet PC 2.0; InfoPath.3; .NET4.0C; .NET4.0E; MS-RTC LM 8)" 21233
192.168.12.38 - - [17/Feb/2013:07:17:06 +0600] "GET /pause/ajaxPause?pauseConfigId=&admin=0 HTTP/1.1" 200 1040 "http://callider/pause/index" "Mozilla/4.0 (compatible; MSIE 7.0; Windows NT 6.1; WOW64; Trident/5.0; SLCC2; .NET CLR 2.0.50727; .NET CLR 3.5.30729; .NET CLR 3.0.30729; Media Center PC 6.0; InfoPath.3; .NET4.0C; .NET4.0E)" 16336
192.168.12.60 - - [17/Feb/2013:07:17:06 +0600] "GET /pause/ajaxPause?pauseConfigId=&admin=0 HTTP/1.1" 200 986 "http://callider/pause/index" "Mozilla/4.0 (compatible; MSIE 8.0; Windows NT 6.1; Trident/4.0; InfoPath.3; .NET4.0C; MS-RTC LM 8; .NET4.0E)" 24527
192.168.65.56 - - [17/Feb/2013:07:17:06 +0600] "GET /pause/ajaxPause?pauseConfigId=all&admin=1 HTTP/1.1" 200 1046 "http://192.168.65.101/pause/index" "Mozilla/5.0 (Windows NT 5.1; rv:15.0) Gecko/20100101 Firefox/15.0" 39454
192.168.12.204 - - [17/Feb/2013:07:17:07 +0600] "GET /pause/ajaxPause?pauseConfigId=&admin=0 HTTP/1.1" 200 986 "http://callider/pause/index" "Mozilla/4.0 (compatible; MSIE 7.0; Windows NT 6.1; WOW64; Trident/4.0; SLCC2; .NET CLR 2.0.50727; .NET CLR 3.5.30729; .NET CLR 3.0.30729; Media Center PC 6.0; InfoPath.3; .NET4.0C; .NET4.0E; .NET CLR 1.1.4322)" 34437
192.168.74.78 - - [17/Feb/2013:07:17:09 +0600] "GET /pause/ajaxPause?pauseConfigId=&admin=0 HTTP/1.1" 200 986 "http://callider/pause/index" "Mozilla/4.0 (compatible; MSIE 7.0; Windows NT 6.1; WOW64; Trident/5.0; SLCC2; .NET CLR 2.0.50727; .NET CLR 3.5.30729; .NET CLR 3.0.30729; Media Center PC 6.0; InfoPath.3; .NET4.0C; MS-RTC LM 8; .NET4.0E)" 20036
192.168.12.61 - - [17/Feb/2013:07:17:10 +0600] "GET /pause/ajaxPause?pauseConfigId=&admin=0 HTTP/1.1" 200 985 "http://callider/pause/index" "Mozilla/4.0 (compatible; MSIE 7.0; Windows NT 6.1; Trident/5.0; SLCC2; .NET CLR 2.0.50727; .NET CLR 3.5.30729; .NET CLR 3.0.30729; Media Center PC 6.0; InfoPath.3; .NET4.0C; .NET4.0E)" 24055
192.168.12.69 - - [17/Feb/2013:07:17:10 +0600] "GET /pause/ajaxPause?pauseConfigId=&admin=0 HTTP/1.1" 200 986 "http://callider/pause/index" "Mozilla/4.0 (compatible; MSIE 7.0; Windows NT 6.1; Trident/5.0; SLCC2; .NET CLR 2.0.50727; .NET CLR 3.5.30729; .NET CLR 3.0.30729; Media Center PC 6.0; InfoPath.3; .NET4.0C; .NET4.0E; Tablet PC 2.0; AskTbFXTV5/5.14.1.20007)" 24434
192.168.74.91 - - [17/Feb/2013:07:17:10 +0600] "GET /pause/ajaxPause?pauseConfigId=&admin=0 HTTP/1.1" 200 986 "http://callider/pause/index" "Mozilla/4.0 (compatible; MSIE 7.0; Windows NT 6.1; WOW64; Trident/5.0; SLCC2; .NET CLR 2.0.50727; .NET CLR 3.5.30729; .NET CLR 3.0.30729; Media Center PC 6.0; InfoPath.3; .NET4.0C; MS-RTC LM 8; .NET4.0E)" 19524
192.168.74.151 - - [17/Feb/2013:07:17:10 +0600] "GET /pause/ajaxPause?pauseConfigId=&admin=0 HTTP/1.1" 200 987 "http://callider.kontur/pause/index" "Mozilla/5.0 (Windows NT 6.1; WOW64; rv:18.0) Gecko/20100101 Firefox/18.0" 19435
192.168.12.210 - - [17/Feb/2013:07:17:10 +0600] "GET /pause/ajaxPause?pauseConfigId=all&admin=1 HTTP/1.1" 200 1047 "http://callider/pause/index" "Mozilla/4.0 (compatible; MSIE 7.0; Windows NT 6.1; WOW64; Trident/5.0; SLCC2; .NET CLR 2.0.50727; .NET CLR 3.5.30729; .NET CLR 3.0.30729; Media Center PC 6.0; InfoPath.3; .NET4.0C; .NET4.0E)" 19519
192.168.12.42 - - [17/Feb/2013:07:17:11 +0600] "GET /tv/useUser HTTP/1.1" 200 432 "http://callider/graph/personal" "Mozilla/4.0 (compatible; MSIE 7.0; Windows NT 6.1; WOW64; Trident/5.0; SLCC2; .NET CLR 2.0.50727; .NET CLR 3.5.30729; .NET CLR 3.0.30729; Media Center PC 6.0; InfoPath.3; .NET4.0C; .NET4.0E)" 17556
192.168.12.77 - - [17/Feb/2013:07:17:11 +0600] "GET /pause/ajaxPause?pauseConfigId=&admin=0 HTTP/1.1" 200 1039 "http://callider/pause/index" "Mozilla/4.0 (compatible; MSIE 7.0; Windows NT 6.1; Trident/5.0; SLCC2; .NET CLR 2.0.50727; .NET CLR 3.5.30729; .NET CLR 3.0.30729; Media Center PC 6.0; Tablet PC 2.0; InfoPath.3; .NET4.0C; .NET4.0E; MS-RTC LM 8)" 14115
192.168.12.38 - - [17/Feb/2013:07:17:11 +0600] "GET /pause/ajaxPause?pauseConfigId=&admin=0 HTTP/1.1" 200 1040 "http://callider/pause/index" "Mozilla/4.0 (compatible; MSIE 7.0; Windows NT 6.1; WOW64; Trident/5.0; SLCC2; .NET CLR 2.0.50727; .NET CLR 3.5.30729; .NET CLR 3.0.30729; Media Center PC 6.0; InfoPath.3; .NET4.0C; .NET4.0E)" 19560
192.168.12.60 - - [17/Feb/2013:07:17:11 +0600] "GET /pause/ajaxPause?pauseConfigId=&admin=0 HTTP/1.1" 200 986 "http://callider/pause/index" "Mozilla/4.0 (compatible; MSIE 8.0; Windows NT 6.1; Trident/4.0; InfoPath.3; .NET4.0C; MS-RTC LM 8; .NET4.0E)" 19200
192.168.65.56 - - [17/Feb/2013:07:17:11 +0600] "GET /pause/ajaxPause?pauseConfigId=all&admin=1 HTTP/1.1" 200 1046 "http://192.168.65.101/pause/index" "Mozilla/5.0 (Windows NT 5.1; rv:15.0) Gecko/20100101 Firefox/15.0" 31889
192.168.12.204 - - [17/Feb/2013:07:17:12 +0600] "GET /pause/ajaxPause?pauseConfigId=&admin=0 HTTP/1.1" 200 986 "http://callider/pause/index" "Mozilla/4.0 (compatible; MSIE 7.0; Windows NT 6.1; WOW64; Trident/4.0; SLCC2; .NET CLR 2.0.50727; .NET CLR 3.5.30729; .NET CLR 3.0.30729; Media Center PC 6.0; InfoPath.3; .NET4.0C; .NET4.0E; .NET CLR 1.1.4322)" 19449
192.168.74.151 - - [17/Feb/2013:07:17:13 +0600] "GET /tv/useUser HTTP/1.1" 200 431 "http://callider.kontur/graph/general" "Mozilla/5.0 (Windows NT 6.1; WOW64; rv:18.0) Gecko/20100101 Firefox/18.0" 8599
192.168.74.78 - - [17/Feb/2013:07:17:14 +0600] "GET /pause/ajaxPause?pauseConfigId=&admin=0 HTTP/1.1" 200 986 "http://callider/pause/index" "Mozilla/4.0 (compatible; MSIE 7.0; Windows NT 6.1; WOW64; Trident/5.0; SLCC2; .NET CLR 2.0.50727; .NET CLR 3.5.30729; .NET CLR 3.0.30729; Media Center PC 6.0; InfoPath.3; .NET4.0C; MS-RTC LM 8; .NET4.0E)" 19681
192.168.12.61 - - [17/Feb/2013:07:17:15 +0600] "GET /pause/ajaxPause?pauseConfigId=&admin=0 HTTP/1.1" 200 985 "http://callider/pause/index" "Mozilla/4.0 (compatible; MSIE 7.0; Windows NT 6.1; Trident/5.0; SLCC2; .NET CLR 2.0.50727; .NET CLR 3.5.30729; .NET CLR 3.0.30729; Media Center PC 6.0; InfoPath.3; .NET4.0C; .NET4.0E)" 22117
192.168.12.69 - - [17/Feb/2013:07:17:15 +0600] "GET /pause/ajaxPause?pauseConfigId=&admin=0 HTTP/1.1" 200 986 "http://callider/pause/index" "Mozilla/4.0 (compatible; MSIE 7.0; Windows NT 6.1; Trident/5.0; SLCC2; .NET CLR 2.0.50727; .NET CLR 3.5.30729; .NET CLR 3.0.30729; Media Center PC 6.0; InfoPath.3; .NET4.0C; .NET4.0E; Tablet PC 2.0; AskTbFXTV5/5.14.1.20007)" 20404
192.168.74.91 - - [17/Feb/2013:07:17:15 +0600] "GET /pause/ajaxPause?pauseConfigId=&admin=0 HTTP/1.1" 200 986 "http://callider/pause/index" "Mozilla/4.0 (compatible; MSIE 7.0; Windows NT 6.1; WOW64; Trident/5.0; SLCC2; .NET CLR 2.0.50727; .NET CLR 3.5.30729; .NET CLR 3.0.30729; Media Center PC 6.0; InfoPath.3; .NET4.0C; MS-RTC LM 8; .NET4.0E)" 18565
192.168.74.151 - - [17/Feb/2013:07:17:15 +0600] "GET /pause/ajaxPause?pauseConfigId=&admin=0 HTTP/1.1" 200 987 "http://callider.kontur/pause/index" "Mozilla/5.0 (Windows NT 6.1; WOW64; rv:18.0) Gecko/20100101 Firefox/18.0" 21185
192.168.74.151 - - [17/Feb/2013:07:17:15 +0600] "GET /tv/useUser HTTP/1.1" 200 432 "http://callider.kontur/pause/index" "Mozilla/5.0 (Windows NT 6.1; WOW64; rv:18.0) Gecko/20100101 Firefox/18.0" 27467
192.168.12.210 - - [17/Feb/2013:07:17:15 +0600] "GET /pause/ajaxPause?pauseConfigId=all&admin=1 HTTP/1.1" 200 1047 "http://callider/pause/index" "Mozilla/4.0 (compatible; MSIE 7.0; Windows NT 6.1; WOW64; Trident/5.0; SLCC2; .NET CLR 2.0.50727; .NET CLR 3.5.30729; .NET CLR 3.0.30729; Media Center PC 6.0; InfoPath.3; .NET4.0C; .NET4.0E)" 20669
192.168.12.77 - - [17/Feb/2013:07:17:16 +0600] "GET /pause/ajaxPause?pauseConfigId=&admin=0 HTTP/1.1" 200 1039 "http://callider/pause/index" "Mozilla/4.0 (compatible; MSIE 7.0; Windows NT 6.1; Trident/5.0; SLCC2; .NET CLR 2.0.50727; .NET CLR 3.5.30729; .NET CLR 3.0.30729; Media Center PC 6.0; Tablet PC 2.0; InfoPath.3; .NET4.0C; .NET4.0E; MS-RTC LM 8)" 14834
192.168.12.38 - - [17/Feb/2013:07:17:16 +0600] "GET /pause/ajaxPause?pauseConfigId=&admin=0 HTTP/1.1" 200 1040 "http://callider/pause/index" "Mozilla/4.0 (compatible; MSIE 7.0; Windows NT 6.1; WOW64; Trident/5.0; SLCC2; .NET CLR 2.0.50727; .NET CLR 3.5.30729; .NET CLR 3.0.30729; Media Center PC 6.0; InfoPath.3; .NET4.0C; .NET4.0E)" 16938
192.168.12.60 - - [17/Feb/2013:07:17:16 +0600] "GET /pause/ajaxPause?pauseConfigId=&admin=0 HTTP/1.1" 200 986 "http://callider/pause/index" "Mozilla/4.0 (compatible; MSIE 8.0; Windows NT 6.1; Trident/4.0; InfoPath.3; .NET4.0C; MS-RTC LM 8; .NET4.0E)" 27256
192.168.65.56 - - [17/Feb/2013:07:17:16 +0600] "GET /pause/ajaxPause?pauseConfigId=all&admin=1 HTTP/1.1" 200 1046 "http://192.168.65.101/pause/index" "Mozilla/5.0 (Windows NT 5.1; rv:15.0) Gecko/20100101 Firefox/15.0" 29851
192.168.12.204 - - [17/Feb/2013:07:17:17 +0600] "GET /pause/ajaxPause?pauseConfigId=&admin=0 HTTP/1.1" 200 986 "http://callider/pause/index" "Mozilla/4.0 (compatible; MSIE 7.0; Windows NT 6.1; WOW64; Trident/4.0; SLCC2; .NET CLR 2.0.50727; .NET CLR 3.5.30729; .NET CLR 3.0.30729; Media Center PC 6.0; InfoPath.3; .NET4.0C; .NET4.0E; .NET CLR 1.1.4322)" 19769
192.168.74.78 - - [17/Feb/2013:07:17:19 +0600] "GET /pause/ajaxPause?pauseConfigId=&admin=0 HTTP/1.1" 200 986 "http://callider/pause/index" "Mozilla/4.0 (compatible; MSIE 7.0; Windows NT 6.1; WOW64; Trident/5.0; SLCC2; .NET CLR 2.0.50727; .NET CLR 3.5.30729; .NET CLR 3.0.30729; Media Center PC 6.0; InfoPath.3; .NET4.0C; MS-RTC LM 8; .NET4.0E)" 20639
192.168.12.10 - - [17/Feb/2013:07:17:19 +0600] "GET /tv/useUser HTTP/1.1" 200 432 "http://callider/graph/personal" "Mozilla/4.0 (compatible; MSIE 7.0; Windows NT 6.1; Trident/5.0; SLCC2; .NET CLR 2.0.50727; .NET CLR 3.5.30729; .NET CLR 3.0.30729; Media Center PC 6.0; InfoPath.3; .NET4.0C; .NET4.0E; Tablet PC 2.0; MS-RTC LM 8)" 15199
192.168.12.108 - - [17/Feb/2013:07:17:19 +0600] "GET /tv/useUser HTTP/1.1" 200 432 "http://callider/index.php" "Mozilla/4.0 (compatible; MSIE 7.0; Windows NT 6.2; WOW64; Trident/6.0; .NET4.0E; .NET4.0C; InfoPath.3; .NET CLR 3.5.30729; .NET CLR 2.0.50727; .NET CLR 3.0.30729)" 15825
192.168.12.61 - - [17/Feb/2013:07:17:20 +0600] "GET /pause/ajaxPause?pauseConfigId=&admin=0 HTTP/1.1" 200 985 "http://callider/pause/index" "Mozilla/4.0 (compatible; MSIE 7.0; Windows NT 6.1; Trident/5.0; SLCC2; .NET CLR 2.0.50727; .NET CLR 3.5.30729; .NET CLR 3.0.30729; Media Center PC 6.0; InfoPath.3; .NET4.0C; .NET4.0E)" 24934
192.168.12.69 - - [17/Feb/2013:07:17:20 +0600] "GET /pause/ajaxPause?pauseConfigId=&admin=0 HTTP/1.1" 200 986 "http://callider/pause/index" "Mozilla/4.0 (compatible; MSIE 7.0; Windows NT 6.1; Trident/5.0; SLCC2; .NET CLR 2.0.50727; .NET CLR 3.5.30729; .NET CLR 3.0.30729; Media Center PC 6.0; InfoPath.3; .NET4.0C; .NET4.0E; Tablet PC 2.0; AskTbFXTV5/5.14.1.20007)" 21999
192.168.74.91 - - [17/Feb/2013:07:17:20 +0600] "GET /pause/ajaxPause?pauseConfigId=&admin=0 HTTP/1.1" 200 986 "http://callider/pause/index" "Mozilla/4.0 (compatible; MSIE 7.0; Windows NT 6.1; WOW64; Trident/5.0; SLCC2; .NET CLR 2.0.50727; .NET CLR 3.5.30729; .NET CLR 3.0.30729; Media Center PC 6.0; InfoPath.3; .NET4.0C; MS-RTC LM 8; .NET4.0E)" 19879
192.168.74.151 - - [17/Feb/2013:07:17:20 +0600] "GET /pause/ajaxPause?pauseConfigId=&admin=0 HTTP/1.1" 200 987 "http://callider.kontur/pause/index" "Mozilla/5.0 (Windows NT 6.1; WOW64; rv:18.0) Gecko/20100101 Firefox/18.0" 22218
192.168.12.210 - - [17/Feb/2013:07:17:20 +0600] "GET /pause/ajaxPause?pauseConfigId=all&admin=1 HTTP/1.1" 200 1047 "http://callider/pause/index" "Mozilla/4.0 (compatible; MSIE 7.0; Windows NT 6.1; WOW64; Trident/5.0; SLCC2; .NET CLR 2.0.50727; .NET CLR 3.5.30729; .NET CLR 3.0.30729; Media Center PC 6.0; InfoPath.3; .NET4.0C; .NET4.0E)" 22293
192.168.12.77 - - [17/Feb/2013:07:17:21 +0600] "GET /pause/ajaxPause?pauseConfigId=&admin=0 HTTP/1.1" 200 1039 "http://callider/pause/index" "Mozilla/4.0 (compatible; MSIE 7.0; Windows NT 6.1; Trident/5.0; SLCC2; .NET CLR 2.0.50727; .NET CLR 3.5.30729; .NET CLR 3.0.30729; Media Center PC 6.0; Tablet PC 2.0; InfoPath.3; .NET4.0C; .NET4.0E; MS-RTC LM 8)" 20694
192.168.12.38 - - [17/Feb/2013:07:17:21 +0600] "GET /pause/ajaxPause?pauseConfigId=&admin=0 HTTP/1.1" 200 1040 "http://callider/pause/index" "Mozilla/4.0 (compatible; MSIE 7.0; Windows NT 6.1; WOW64; Trident/5.0; SLCC2; .NET CLR 2.0.50727; .NET CLR 3.5.30729; .NET CLR 3.0.30729; Media Center PC 6.0; InfoPath.3; .NET4.0C; .NET4.0E)" 17427
192.168.65.56 - - [17/Feb/2013:07:17:21 +0600] "GET /pause/ajaxPause?pauseConfigId=all&admin=1 HTTP/1.1" 200 1046 "http://192.168.65.101/pause/index" "Mozilla/5.0 (Windows NT 5.1; rv:15.0) Gecko/20100101 Firefox/15.0" 29673
192.168.12.60 - - [17/Feb/2013:07:17:21 +0600] "GET /pause/ajaxPause?pauseConfigId=&admin=0 HTTP/1.1" 200 986 "http://callider/pause/index" "Mozilla/4.0 (compatible; MSIE 8.0; Windows NT 6.1; Trident/4.0; InfoPath.3; .NET4.0C; MS-RTC LM 8; .NET4.0E)" 22087
192.168.12.204 - - [17/Feb/2013:07:17:22 +0600] "GET /pause/ajaxPause?pauseConfigId=&admin=0 HTTP/1.1" 200 986 "http://callider/pause/index" "Mozilla/4.0 (compatible; MSIE 7.0; Windows NT 6.1; WOW64; Trident/4.0; SLCC2; .NET CLR 2.0.50727; .NET CLR 3.5.30729; .NET CLR 3.0.30729; Media Center PC 6.0; InfoPath.3; .NET4.0C; .NET4.0E; .NET CLR 1.1.4322)" 22345
192.168.74.78 - - [17/Feb/2013:07:17:24 +0600] "GET /pause/ajaxPause?pauseConfigId=&admin=0 HTTP/1.1" 200 986 "http://callider/pause/index" "Mozilla/4.0 (compatible; MSIE 7.0; Windows NT 6.1; WOW64; Trident/5.0; SLCC2; .NET CLR 2.0.50727; .NET CLR 3.5.30729; .NET CLR 3.0.30729; Media Center PC 6.0; InfoPath.3; .NET4.0C; MS-RTC LM 8; .NET4.0E)" 27307
192.168.12.61 - - [17/Feb/2013:07:17:25 +0600] "GET /pause/ajaxPause?pauseConfigId=&admin=0 HTTP/1.1" 200 985 "http://callider/pause/index" "Mozilla/4.0 (compatible; MSIE 7.0; Windows NT 6.1; Trident/5.0; SLCC2; .NET CLR 2.0.50727; .NET CLR 3.5.30729; .NET CLR 3.0.30729; Media Center PC 6.0; InfoPath.3; .NET4.0C; .NET4.0E)" 53632
192.168.12.69 - - [17/Feb/2013:07:17:25 +0600] "GET /pause/ajaxPause?pauseConfigId=&admin=0 HTTP/1.1" 200 986 "http://callider/pause/index" "Mozilla/4.0 (compatible; MSIE 7.0; Windows NT 6.1; Trident/5.0; SLCC2; .NET CLR 2.0.50727; .NET CLR 3.5.30729; .NET CLR 3.0.30729; Media Center PC 6.0; InfoPath.3; .NET4.0C; .NET4.0E; Tablet PC 2.0; AskTbFXTV5/5.14.1.20007)" 20118
192.168.74.91 - - [17/Feb/2013:07:17:25 +0600] "GET /pause/ajaxPause?pauseConfigId=&admin=0 HTTP/1.1" 200 986 "http://callider/pause/index" "Mozilla/4.0 (compatible; MSIE 7.0; Windows NT 6.1; WOW64; Trident/5.0; SLCC2; .NET CLR 2.0.50727; .NET CLR 3.5.30729; .NET CLR 3.0.30729; Media Center PC 6.0; InfoPath.3; .NET4.0C; MS-RTC LM 8; .NET4.0E)" 21355
192.168.74.151 - - [17/Feb/2013:07:17:25 +0600] "GET /pause/ajaxPause?pauseConfigId=&admin=0 HTTP/1.1" 200 987 "http://callider.kontur/pause/index" "Mozilla/5.0 (Windows NT 6.1; WOW64; rv:18.0) Gecko/20100101 Firefox/18.0" 26282
192.168.12.210 - - [17/Feb/2013:07:17:25 +0600] "GET /pause/ajaxPause?pauseConfigId=all&admin=1 HTTP/1.1" 200 1047 "http://callider/pause/index" "Mozilla/4.0 (compatible; MSIE 7.0; Windows NT 6.1; WOW64; Trident/5.0; SLCC2; .NET CLR 2.0.50727; .NET CLR 3.5.30729; .NET CLR 3.0.30729; Media Center PC 6.0; InfoPath.3; .NET4.0C; .NET4.0E)" 19910
192.168.12.77 - - [17/Feb/2013:07:17:26 +0600] "GET /pause/ajaxPause?pauseConfigId=&admin=0 HTTP/1.1" 200 1039 "http://callider/pause/index" "Mozilla/4.0 (compatible; MSIE 7.0; Windows NT 6.1; Trident/5.0; SLCC2; .NET CLR 2.0.50727; .NET CLR 3.5.30729; .NET CLR 3.0.30729; Media Center PC 6.0; Tablet PC 2.0; InfoPath.3; .NET4.0C; .NET4.0E; MS-RTC LM 8)" 12541
192.168.12.38 - - [17/Feb/2013:07:17:26 +0600] "GET /pause/ajaxPause?pauseConfigId=&admin=0 HTTP/1.1" 200 1040 "http://callider/pause/index" "Mozilla/4.0 (compatible; MSIE 7.0; Windows NT 6.1; WOW64; Trident/5.0; SLCC2; .NET CLR 2.0.50727; .NET CLR 3.5.30729; .NET CLR 3.0.30729; Media Center PC 6.0; InfoPath.3; .NET4.0C; .NET4.0E)" 16923
192.168.65.56 - - [17/Feb/2013:07:17:26 +0600] "GET /pause/ajaxPause?pauseConfigId=all&admin=1 HTTP/1.1" 200 1046 "http://192.168.65.101/pause/index" "Mozilla/5.0 (Windows NT 5.1; rv:15.0) Gecko/20100101 Firefox/15.0" 28933
192.168.12.60 - - [17/Feb/2013:07:17:26 +0600] "GET /pause/ajaxPause?pauseConfigId=&admin=0 HTTP/1.1" 200 986 "http://callider/pause/index" "Mozilla/4.0 (compatible; MSIE 8.0; Windows NT 6.1; Trident/4.0; InfoPath.3; .NET4.0C; MS-RTC LM 8; .NET4.0E)" 19621
192.168.12.204 - - [17/Feb/2013:07:17:27 +0600] "GET /pause/ajaxPause?pauseConfigId=&admin=0 HTTP/1.1" 200 986 "http://callider/pause/index" "Mozilla/4.0 (compatible; MSIE 7.0; Windows NT 6.1; WOW64; Trident/4.0; SLCC2; .NET CLR 2.0.50727; .NET CLR 3.5.30729; .NET CLR 3.0.30729; Media Center PC 6.0; InfoPath.3; .NET4.0C; .NET4.0E; .NET CLR 1.1.4322)" 23664
192.168.74.78 - - [17/Feb/2013:07:17:29 +0600] "GET /pause/ajaxPause?pauseConfigId=&admin=0 HTTP/1.1" 200 986 "http://callider/pause/index" "Mozilla/4.0 (compatible; MSIE 7.0; Windows NT 6.1; WOW64; Trident/5.0; SLCC2; .NET CLR 2.0.50727; .NET CLR 3.5.30729; .NET CLR 3.0.30729; Media Center PC 6.0; InfoPath.3; .NET4.0C; MS-RTC LM 8; .NET4.0E)" 21352
192.168.12.61 - - [17/Feb/2013:07:17:30 +0600] "GET /pause/ajaxPause?pauseConfigId=&admin=0 HTTP/1.1" 200 985 "http://callider/pause/index" "Mozilla/4.0 (compatible; MSIE 7.0; Windows NT 6.1; Trident/5.0; SLCC2; .NET CLR 2.0.50727; .NET CLR 3.5.30729; .NET CLR 3.0.30729; Media Center PC 6.0; InfoPath.3; .NET4.0C; .NET4.0E)" 33744
192.168.12.69 - - [17/Feb/2013:07:17:30 +0600] "GET /pause/ajaxPause?pauseConfigId=&admin=0 HTTP/1.1" 200 986 "http://callider/pause/index" "Mozilla/4.0 (compatible; MSIE 7.0; Windows NT 6.1; Trident/5.0; SLCC2; .NET CLR 2.0.50727; .NET CLR 3.5.30729; .NET CLR 3.0.30729; Media Center PC 6.0; InfoPath.3; .NET4.0C; .NET4.0E; Tablet PC 2.0; AskTbFXTV5/5.14.1.20007)" 18257
192.168.74.91 - - [17/Feb/2013:07:17:30 +0600] "GET /pause/ajaxPause?pauseConfigId=&admin=0 HTTP/1.1" 200 986 "http://callider/pause/index" "Mozilla/4.0 (compatible; MSIE 7.0; Windows NT 6.1; WOW64; Trident/5.0; SLCC2; .NET CLR 2.0.50727; .NET CLR 3.5.30729; .NET CLR 3.0.30729; Media Center PC 6.0; InfoPath.3; .NET4.0C; MS-RTC LM 8; .NET4.0E)" 19472
192.168.74.151 - - [17/Feb/2013:07:17:30 +0600] "GET /pause/ajaxPause?pauseConfigId=&admin=0 HTTP/1.1" 200 987 "http://callider.kontur/pause/index" "Mozilla/5.0 (Windows NT 6.1; WOW64; rv:18.0) Gecko/20100101 Firefox/18.0" 20094
192.168.12.210 - - [17/Feb/2013:07:17:30 +0600] "GET /pause/ajaxPause?pauseConfigId=all&admin=1 HTTP/1.1" 200 1047 "http://callider/pause/index" "Mozilla/4.0 (compatible; MSIE 7.0; Windows NT 6.1; WOW64; Trident/5.0; SLCC2; .NET CLR 2.0.50727; .NET CLR 3.5.30729; .NET CLR 3.0.30729; Media Center PC 6.0; InfoPath.3; .NET4.0C; .NET4.0E)" 22628
192.168.12.77 - - [17/Feb/2013:07:17:31 +0600] "GET /pause/ajaxPause?pauseConfigId=&admin=0 HTTP/1.1" 200 1039 "http://callider/pause/index" "Mozilla/4.0 (compatible; MSIE 7.0; Windows NT 6.1; Trident/5.0; SLCC2; .NET CLR 2.0.50727; .NET CLR 3.5.30729; .NET CLR 3.0.30729; Media Center PC 6.0; Tablet PC 2.0; InfoPath.3; .NET4.0C; .NET4.0E; MS-RTC LM 8)" 18827
192.168.12.38 - - [17/Feb/2013:07:17:31 +0600] "GET /pause/ajaxPause?pauseConfigId=&admin=0 HTTP/1.1" 200 1040 "http://callider/pause/index" "Mozilla/4.0 (compatible; MSIE 7.0; Windows NT 6.1; WOW64; Trident/5.0; SLCC2; .NET CLR 2.0.50727; .NET CLR 3.5.30729; .NET CLR 3.0.30729; Media Center PC 6.0; InfoPath.3; .NET4.0C; .NET4.0E)" 15387
192.168.65.56 - - [17/Feb/2013:07:17:31 +0600] "GET /pause/ajaxPause?pauseConfigId=all&admin=1 HTTP/1.1" 200 1046 "http://192.168.65.101/pause/index" "Mozilla/5.0 (Windows NT 5.1; rv:15.0) Gecko/20100101 Firefox/15.0" 30019
192.168.12.60 - - [17/Feb/2013:07:17:31 +0600] "GET /pause/ajaxPause?pauseConfigId=&admin=0 HTTP/1.1" 200 986 "http://callider/pause/index" "Mozilla/4.0 (compatible; MSIE 8.0; Windows NT 6.1; Trident/4.0; InfoPath.3; .NET4.0C; MS-RTC LM 8; .NET4.0E)" 21013
192.168.12.204 - - [17/Feb/2013:07:17:32 +0600] "GET /pause/ajaxPause?pauseConfigId=&admin=0 HTTP/1.1" 200 986 "http://callider/pause/index" "Mozilla/4.0 (compatible; MSIE 7.0; Windows NT 6.1; WOW64; Trident/4.0; SLCC2; .NET CLR 2.0.50727; .NET CLR 3.5.30729; .NET CLR 3.0.30729; Media Center PC 6.0; InfoPath.3; .NET4.0C; .NET4.0E; .NET CLR 1.1.4322)" 23065
192.168.74.78 - - [17/Feb/2013:07:17:34 +0600] "GET /pause/ajaxPause?pauseConfigId=&admin=0 HTTP/1.1" 200 986 "http://callider/pause/index" "Mozilla/4.0 (compatible; MSIE 7.0; Windows NT 6.1; WOW64; Trident/5.0; SLCC2; .NET CLR 2.0.50727; .NET CLR 3.5.30729; .NET CLR 3.0.30729; Media Center PC 6.0; InfoPath.3; .NET4.0C; MS-RTC LM 8; .NET4.0E)" 17799
192.168.12.67 - - [17/Feb/2013:07:17:34 +0600] "GET /tv/useUser HTTP/1.1" 200 432 "http://callider/graph/personal" "Mozilla/4.0 (compatible; MSIE 7.0; Windows NT 6.1; Trident/5.0; SLCC2; .NET CLR 2.0.50727; .NET CLR 3.5.30729; .NET CLR 3.0.30729; Media Center PC 6.0; .NET4.0C; .NET4.0E; InfoPath.3; Tablet PC 2.0; MS-RTC LM 8)" 17239
192.168.12.61 - - [17/Feb/2013:07:17:35 +0600] "GET /pause/ajaxPause?pauseConfigId=&admin=0 HTTP/1.1" 200 985 "http://callider/pause/index" "Mozilla/4.0 (compatible; MSIE 7.0; Windows NT 6.1; Trident/5.0; SLCC2; .NET CLR 2.0.50727; .NET CLR 3.5.30729; .NET CLR 3.0.30729; Media Center PC 6.0; InfoPath.3; .NET4.0C; .NET4.0E)" 24184
192.168.12.69 - - [17/Feb/2013:07:17:35 +0600] "GET /pause/ajaxPause?pauseConfigId=&admin=0 HTTP/1.1" 200 986 "http://callider/pause/index" "Mozilla/4.0 (compatible; MSIE 7.0; Windows NT 6.1; Trident/5.0; SLCC2; .NET CLR 2.0.50727; .NET CLR 3.5.30729; .NET CLR 3.0.30729; Media Center PC 6.0; InfoPath.3; .NET4.0C; .NET4.0E; Tablet PC 2.0; AskTbFXTV5/5.14.1.20007)" 22559
192.168.74.91 - - [17/Feb/2013:07:17:35 +0600] "GET /pause/ajaxPause?pauseConfigId=&admin=0 HTTP/1.1" 200 986 "http://callider/pause/index" "Mozilla/4.0 (compatible; MSIE 7.0; Windows NT 6.1; WOW64; Trident/5.0; SLCC2; .NET CLR 2.0.50727; .NET CLR 3.5.30729; .NET CLR 3.0.30729; Media Center PC 6.0; InfoPath.3; .NET4.0C; MS-RTC LM 8; .NET4.0E)" 17450
192.168.74.151 - - [17/Feb/2013:07:17:35 +0600] "GET /pause/ajaxPause?pauseConfigId=&admin=0 HTTP/1.1" 200 987 "http://callider.kontur/pause/index" "Mozilla/5.0 (Windows NT 6.1; WOW64; rv:18.0) Gecko/20100101 Firefox/18.0" 17327
192.168.12.210 - - [17/Feb/2013:07:17:35 +0600] "GET /pause/ajaxPause?pauseConfigId=all&admin=1 HTTP/1.1" 200 1047 "http://callider/pause/index" "Mozilla/4.0 (compatible; MSIE 7.0; Windows NT 6.1; WOW64; Trident/5.0; SLCC2; .NET CLR 2.0.50727; .NET CLR 3.5.30729; .NET CLR 3.0.30729; Media Center PC 6.0; InfoPath.3; .NET4.0C; .NET4.0E)" 18002
192.168.12.77 - - [17/Feb/2013:07:17:36 +0600] "GET /pause/ajaxPause?pauseConfigId=&admin=0 HTTP/1.1" 200 1039 "http://callider/pause/index" "Mozilla/4.0 (compatible; MSIE 7.0; Windows NT 6.1; Trident/5.0; SLCC2; .NET CLR 2.0.50727; .NET CLR 3.5.30729; .NET CLR 3.0.30729; Media Center PC 6.0; Tablet PC 2.0; InfoPath.3; .NET4.0C; .NET4.0E; MS-RTC LM 8)" 14707
192.168.12.38 - - [17/Feb/2013:07:17:36 +0600] "GET /pause/ajaxPause?pauseConfigId=&admin=0 HTTP/1.1" 200 1040 "http://callider/pause/index" "Mozilla/4.0 (compatible; MSIE 7.0; Windows NT 6.1; WOW64; Trident/5.0; SLCC2; .NET CLR 2.0.50727; .NET CLR 3.5.30729; .NET CLR 3.0.30729; Media Center PC 6.0; InfoPath.3; .NET4.0C; .NET4.0E)" 15913
192.168.65.56 - - [17/Feb/2013:07:17:36 +0600] "GET /pause/ajaxPause?pauseConfigId=all&admin=1 HTTP/1.1" 200 1046 "http://192.168.65.101/pause/index" "Mozilla/5.0 (Windows NT 5.1; rv:15.0) Gecko/20100101 Firefox/15.0" 26954
192.168.12.60 - - [17/Feb/2013:07:17:36 +0600] "GET /pause/ajaxPause?pauseConfigId=&admin=0 HTTP/1.1" 200 986 "http://callider/pause/index" "Mozilla/4.0 (compatible; MSIE 8.0; Windows NT 6.1; Trident/4.0; InfoPath.3; .NET4.0C; MS-RTC LM 8; .NET4.0E)" 24235
192.168.12.204 - - [17/Feb/2013:07:17:37 +0600] "GET /pause/ajaxPause?pauseConfigId=&admin=0 HTTP/1.1" 200 986 "http://callider/pause/index" "Mozilla/4.0 (compatible; MSIE 7.0; Windows NT 6.1; WOW64; Trident/4.0; SLCC2; .NET CLR 2.0.50727; .NET CLR 3.5.30729; .NET CLR 3.0.30729; Media Center PC 6.0; InfoPath.3; .NET4.0C; .NET4.0E; .NET CLR 1.1.4322)" 25816
192.168.74.93 - - [17/Feb/2013:07:17:38 +0600] "GET /tv/useUser HTTP/1.1" 200 432 "http://callider/graph/personal" "Mozilla/4.0 (compatible; MSIE 7.0; Windows NT 6.1; WOW64; Trident/5.0; SLCC2; .NET CLR 2.0.50727; .NET CLR 3.5.30729; .NET CLR 3.0.30729; Media Center PC 6.0; InfoPath.3; .NET4.0C; .NET4.0E)" 15320
192.168.12.210 - - [17/Feb/2013:07:17:39 +0600] "GET /tv/useUser HTTP/1.1" 200 431 "http://callider/graph/general" "Mozilla/4.0 (compatible; MSIE 7.0; Windows NT 6.1; WOW64; Trident/5.0; SLCC2; .NET CLR 2.0.50727; .NET CLR 3.5.30729; .NET CLR 3.0.30729; Media Center PC 6.0; InfoPath.3; .NET4.0C; .NET4.0E)" 9058
192.168.74.78 - - [17/Feb/2013:07:17:39 +0600] "GET /pause/ajaxPause?pauseConfigId=&admin=0 HTTP/1.1" 200 986 "http://callider/pause/index" "Mozilla/4.0 (compatible; MSIE 7.0; Windows NT 6.1; WOW64; Trident/5.0; SLCC2; .NET CLR 2.0.50727; .NET CLR 3.5.30729; .NET CLR 3.0.30729; Media Center PC 6.0; InfoPath.3; .NET4.0C; MS-RTC LM 8; .NET4.0E)" 19959
192.168.12.61 - - [17/Feb/2013:07:17:40 +0600] "GET /pause/ajaxPause?pauseConfigId=&admin=0 HTTP/1.1" 200 985 "http://callider/pause/index" "Mozilla/4.0 (compatible; MSIE 7.0; Windows NT 6.1; Trident/5.0; SLCC2; .NET CLR 2.0.50727; .NET CLR 3.5.30729; .NET CLR 3.0.30729; Media Center PC 6.0; InfoPath.3; .NET4.0C; .NET4.0E)" 26394
192.168.12.69 - - [17/Feb/2013:07:17:40 +0600] "GET /pause/ajaxPause?pauseConfigId=&admin=0 HTTP/1.1" 200 986 "http://callider/pause/index" "Mozilla/4.0 (compatible; MSIE 7.0; Windows NT 6.1; Trident/5.0; SLCC2; .NET CLR 2.0.50727; .NET CLR 3.5.30729; .NET CLR 3.0.30729; Media Center PC 6.0; InfoPath.3; .NET4.0C; .NET4.0E; Tablet PC 2.0; AskTbFXTV5/5.14.1.20007)" 20679
192.168.74.151 - - [17/Feb/2013:07:17:40 +0600] "GET /pause/ajaxPause?pauseConfigId=&admin=0 HTTP/1.1" 200 987 "http://callider.kontur/pause/index" "Mozilla/5.0 (Windows NT 6.1; WOW64; rv:18.0) Gecko/20100101 Firefox/18.0" 120662
192.168.74.91 - - [17/Feb/2013:07:17:40 +0600] "GET /pause/ajaxPause?pauseConfigId=&admin=0 HTTP/1.1" 200 986 "http://callider/pause/index" "Mozilla/4.0 (compatible; MSIE 7.0; Windows NT 6.1; WOW64; Trident/5.0; SLCC2; .NET CLR 2.0.50727; .NET CLR 3.5.30729; .NET CLR 3.0.30729; Media Center PC 6.0; InfoPath.3; .NET4.0C; MS-RTC LM 8; .NET4.0E)" 158573
192.168.12.210 - - [17/Feb/2013:07:17:40 +0600] "GET /pause/ajaxPause?pauseConfigId=all&admin=1 HTTP/1.1" 200 1047 "http://callider/pause/index" "Mozilla/4.0 (compatible; MSIE 7.0; Windows NT 6.1; WOW64; Trident/5.0; SLCC2; .NET CLR 2.0.50727; .NET CLR 3.5.30729; .NET CLR 3.0.30729; Media Center PC 6.0; InfoPath.3; .NET4.0C; .NET4.0E)" 60589
192.168.12.9 - - [17/Feb/2013:07:17:41 +0600] "GET /tv/useUser HTTP/1.1" 200 432 "http://callider.kontur/site/index" "Mozilla/5.0 (Windows NT 6.1; WOW64) AppleWebKit/537.17 (KHTML, like Gecko) Chrome/24.0.1312.57 Safari/537.17" 28430
192.168.12.38 - - [17/Feb/2013:07:17:41 +0600] "GET /pause/ajaxPause?pauseConfigId=&admin=0 HTTP/1.1" 200 1040 "http://callider/pause/index" "Mozilla/4.0 (compatible; MSIE 7.0; Windows NT 6.1; WOW64; Trident/5.0; SLCC2; .NET CLR 2.0.50727; .NET CLR 3.5.30729; .NET CLR 3.0.30729; Media Center PC 6.0; InfoPath.3; .NET4.0C; .NET4.0E)" 28041
192.168.12.77 - - [17/Feb/2013:07:17:41 +0600] "GET /pause/ajaxPause?pauseConfigId=&admin=0 HTTP/1.1" 200 1039 "http://callider/pause/index" "Mozilla/4.0 (compatible; MSIE 7.0; Windows NT 6.1; Trident/5.0; SLCC2; .NET CLR 2.0.50727; .NET CLR 3.5.30729; .NET CLR 3.0.30729; Media Center PC 6.0; Tablet PC 2.0; InfoPath.3; .NET4.0C; .NET4.0E; MS-RTC LM 8)" 25693
192.168.65.56 - - [17/Feb/2013:07:17:41 +0600] "GET /pause/ajaxPause?pauseConfigId=all&admin=1 HTTP/1.1" 200 1046 "http://192.168.65.101/pause/index" "Mozilla/5.0 (Windows NT 5.1; rv:15.0) Gecko/20100101 Firefox/15.0" 26585
192.168.12.60 - - [17/Feb/2013:07:17:41 +0600] "GET /pause/ajaxPause?pauseConfigId=&admin=0 HTTP/1.1" 200 986 "http://callider/pause/index" "Mozilla/4.0 (compatible; MSIE 8.0; Windows NT 6.1; Trident/4.0; InfoPath.3; .NET4.0C; MS-RTC LM 8; .NET4.0E)" 18548
192.168.12.204 - - [17/Feb/2013:07:17:42 +0600] "GET /pause/ajaxPause?pauseConfigId=&admin=0 HTTP/1.1" 200 986 "http://callider/pause/index" "Mozilla/4.0 (compatible; MSIE 7.0; Windows NT 6.1; WOW64; Trident/4.0; SLCC2; .NET CLR 2.0.50727; .NET CLR 3.5.30729; .NET CLR 3.0.30729; Media Center PC 6.0; InfoPath.3; .NET4.0C; .NET4.0E; .NET CLR 1.1.4322)" 18946
192.168.74.78 - - [17/Feb/2013:07:17:44 +0600] "GET /pause/ajaxPause?pauseConfigId=&admin=0 HTTP/1.1" 200 986 "http://callider/pause/index" "Mozilla/4.0 (compatible; MSIE 7.0; Windows NT 6.1; WOW64; Trident/5.0; SLCC2; .NET CLR 2.0.50727; .NET CLR 3.5.30729; .NET CLR 3.0.30729; Media Center PC 6.0; InfoPath.3; .NET4.0C; MS-RTC LM 8; .NET4.0E)" 23650
192.168.12.61 - - [17/Feb/2013:07:17:45 +0600] "GET /pause/ajaxPause?pauseConfigId=&admin=0 HTTP/1.1" 200 985 "http://callider/pause/index" "Mozilla/4.0 (compatible; MSIE 7.0; Windows NT 6.1; Trident/5.0; SLCC2; .NET CLR 2.0.50727; .NET CLR 3.5.30729; .NET CLR 3.0.30729; Media Center PC 6.0; InfoPath.3; .NET4.0C; .NET4.0E)" 17369
192.168.12.69 - - [17/Feb/2013:07:17:45 +0600] "GET /pause/ajaxPause?pauseConfigId=&admin=0 HTTP/1.1" 200 986 "http://callider/pause/index" "Mozilla/4.0 (compatible; MSIE 7.0; Windows NT 6.1; Trident/5.0; SLCC2; .NET CLR 2.0.50727; .NET CLR 3.5.30729; .NET CLR 3.0.30729; Media Center PC 6.0; InfoPath.3; .NET4.0C; .NET4.0E; Tablet PC 2.0; AskTbFXTV5/5.14.1.20007)" 17931
192.168.74.91 - - [17/Feb/2013:07:17:45 +0600] "GET /pause/ajaxPause?pauseConfigId=&admin=0 HTTP/1.1" 200 986 "http://callider/pause/index" "Mozilla/4.0 (compatible; MSIE 7.0; Windows NT 6.1; WOW64; Trident/5.0; SLCC2; .NET CLR 2.0.50727; .NET CLR 3.5.30729; .NET CLR 3.0.30729; Media Center PC 6.0; InfoPath.3; .NET4.0C; MS-RTC LM 8; .NET4.0E)" 18982
192.168.74.151 - - [17/Feb/2013:07:17:45 +0600] "GET /pause/ajaxPause?pauseConfigId=&admin=0 HTTP/1.1" 200 987 "http://callider.kontur/pause/index" "Mozilla/5.0 (Windows NT 6.1; WOW64; rv:18.0) Gecko/20100101 Firefox/18.0" 19866
192.168.12.210 - - [17/Feb/2013:07:17:45 +0600] "GET /pause/ajaxPause?pauseConfigId=all&admin=1 HTTP/1.1" 200 1047 "http://callider/pause/index" "Mozilla/4.0 (compatible; MSIE 7.0; Windows NT 6.1; WOW64; Trident/5.0; SLCC2; .NET CLR 2.0.50727; .NET CLR 3.5.30729; .NET CLR 3.0.30729; Media Center PC 6.0; InfoPath.3; .NET4.0C; .NET4.0E)" 18278
192.168.12.38 - - [17/Feb/2013:07:17:46 +0600] "GET /pause/ajaxPause?pauseConfigId=&admin=0 HTTP/1.1" 200 1040 "http://callider/pause/index" "Mozilla/4.0 (compatible; MSIE 7.0; Windows NT 6.1; WOW64; Trident/5.0; SLCC2; .NET CLR 2.0.50727; .NET CLR 3.5.30729; .NET CLR 3.0.30729; Media Center PC 6.0; InfoPath.3; .NET4.0C; .NET4.0E)" 20988
192.168.12.77 - - [17/Feb/2013:07:17:46 +0600] "GET /pause/ajaxPause?pauseConfigId=&admin=0 HTTP/1.1" 200 1039 "http://callider/pause/index" "Mozilla/4.0 (compatible; MSIE 7.0; Windows NT 6.1; Trident/5.0; SLCC2; .NET CLR 2.0.50727; .NET CLR 3.5.30729; .NET CLR 3.0.30729; Media Center PC 6.0; Tablet PC 2.0; InfoPath.3; .NET4.0C; .NET4.0E; MS-RTC LM 8)" 20014
192.168.65.56 - - [17/Feb/2013:07:17:46 +0600] "GET /pause/ajaxPause?pauseConfigId=all&admin=1 HTTP/1.1" 200 1046 "http://192.168.65.101/pause/index" "Mozilla/5.0 (Windows NT 5.1; rv:15.0) Gecko/20100101 Firefox/15.0" 28534
192.168.12.60 - - [17/Feb/2013:07:17:46 +0600] "GET /pause/ajaxPause?pauseConfigId=&admin=0 HTTP/1.1" 200 986 "http://callider/pause/index" "Mozilla/4.0 (compatible; MSIE 8.0; Windows NT 6.1; Trident/4.0; InfoPath.3; .NET4.0C; MS-RTC LM 8; .NET4.0E)" 20407
192.168.12.204 - - [17/Feb/2013:07:17:47 +0600] "GET /pause/ajaxPause?pauseConfigId=&admin=0 HTTP/1.1" 200 986 "http://callider/pause/index" "Mozilla/4.0 (compatible; MSIE 7.0; Windows NT 6.1; WOW64; Trident/4.0; SLCC2; .NET CLR 2.0.50727; .NET CLR 3.5.30729; .NET CLR 3.0.30729; Media Center PC 6.0; InfoPath.3; .NET4.0C; .NET4.0E; .NET CLR 1.1.4322)" 19766
192.168.12.210 - - [17/Feb/2013:07:17:49 +0600] "GET /tv/useUser HTTP/1.1" 200 431 "http://callider/pause/index" "Mozilla/4.0 (compatible; MSIE 7.0; Windows NT 6.1; WOW64; Trident/5.0; SLCC2; .NET CLR 2.0.50727; .NET CLR 3.5.30729; .NET CLR 3.0.30729; Media Center PC 6.0; InfoPath.3; .NET4.0C; .NET4.0E)" 8890
192.168.74.78 - - [17/Feb/2013:07:17:49 +0600] "GET /pause/ajaxPause?pauseConfigId=&admin=0 HTTP/1.1" 200 986 "http://callider/pause/index" "Mozilla/4.0 (compatible; MSIE 7.0; Windows NT 6.1; WOW64; Trident/5.0; SLCC2; .NET CLR 2.0.50727; .NET CLR 3.5.30729; .NET CLR 3.0.30729; Media Center PC 6.0; InfoPath.3; .NET4.0C; MS-RTC LM 8; .NET4.0E)" 24745
192.168.12.61 - - [17/Feb/2013:07:17:50 +0600] "GET /pause/ajaxPause?pauseConfigId=&admin=0 HTTP/1.1" 200 986 "http://callider/pause/index" "Mozilla/4.0 (compatible; MSIE 7.0; Windows NT 6.1; Trident/5.0; SLCC2; .NET CLR 2.0.50727; .NET CLR 3.5.30729; .NET CLR 3.0.30729; Media Center PC 6.0; InfoPath.3; .NET4.0C; .NET4.0E)" 26981
192.168.12.69 - - [17/Feb/2013:07:17:50 +0600] "GET /pause/ajaxPause?pauseConfigId=&admin=0 HTTP/1.1" 200 986 "http://callider/pause/index" "Mozilla/4.0 (compatible; MSIE 7.0; Windows NT 6.1; Trident/5.0; SLCC2; .NET CLR 2.0.50727; .NET CLR 3.5.30729; .NET CLR 3.0.30729; Media Center PC 6.0; InfoPath.3; .NET4.0C; .NET4.0E; Tablet PC 2.0; AskTbFXTV5/5.14.1.20007)" 28817
192.168.74.91 - - [17/Feb/2013:07:17:50 +0600] "GET /pause/ajaxPause?pauseConfigId=&admin=0 HTTP/1.1" 200 986 "http://callider/pause/index" "Mozilla/4.0 (compatible; MSIE 7.0; Windows NT 6.1; WOW64; Trident/5.0; SLCC2; .NET CLR 2.0.50727; .NET CLR 3.5.30729; .NET CLR 3.0.30729; Media Center PC 6.0; InfoPath.3; .NET4.0C; MS-RTC LM 8; .NET4.0E)" 18357
192.168.74.151 - - [17/Feb/2013:07:17:50 +0600] "GET /pause/ajaxPause?pauseConfigId=&admin=0 HTTP/1.1" 200 987 "http://callider.kontur/pause/index" "Mozilla/5.0 (Windows NT 6.1; WOW64; rv:18.0) Gecko/20100101 Firefox/18.0" 20519
192.168.12.210 - - [17/Feb/2013:07:17:50 +0600] "GET /pause/ajaxPause?pauseConfigId=all&admin=1 HTTP/1.1" 200 1047 "http://callider/pause/index" "Mozilla/4.0 (compatible; MSIE 7.0; Windows NT 6.1; WOW64; Trident/5.0; SLCC2; .NET CLR 2.0.50727; .NET CLR 3.5.30729; .NET CLR 3.0.30729; Media Center PC 6.0; InfoPath.3; .NET4.0C; .NET4.0E)" 18533
192.168.12.77 - - [17/Feb/2013:07:17:51 +0600] "GET /pause/ajaxPause?pauseConfigId=&admin=0 HTTP/1.1" 200 1039 "http://callider/pause/index" "Mozilla/4.0 (compatible; MSIE 7.0; Windows NT 6.1; Trident/5.0; SLCC2; .NET CLR 2.0.50727; .NET CLR 3.5.30729; .NET CLR 3.0.30729; Media Center PC 6.0; Tablet PC 2.0; InfoPath.3; .NET4.0C; .NET4.0E; MS-RTC LM 8)" 16912
192.168.12.38 - - [17/Feb/2013:07:17:51 +0600] "GET /pause/ajaxPause?pauseConfigId=&admin=0 HTTP/1.1" 200 1040 "http://callider/pause/index" "Mozilla/4.0 (compatible; MSIE 7.0; Windows NT 6.1; WOW64; Trident/5.0; SLCC2; .NET CLR 2.0.50727; .NET CLR 3.5.30729; .NET CLR 3.0.30729; Media Center PC 6.0; InfoPath.3; .NET4.0C; .NET4.0E)" 16212
192.168.65.56 - - [17/Feb/2013:07:17:51 +0600] "GET /pause/ajaxPause?pauseConfigId=all&admin=1 HTTP/1.1" 200 1046 "http://192.168.65.101/pause/index" "Mozilla/5.0 (Windows NT 5.1; rv:15.0) Gecko/20100101 Firefox/15.0" 30335
192.168.12.60 - - [17/Feb/2013:07:17:51 +0600] "GET /pause/ajaxPause?pauseConfigId=&admin=0 HTTP/1.1" 200 986 "http://callider/pause/index" "Mozilla/4.0 (compatible; MSIE 8.0; Windows NT 6.1; Trident/4.0; InfoPath.3; .NET4.0C; MS-RTC LM 8; .NET4.0E)" 21380
192.168.65.56 - - [17/Feb/2013:07:17:51 +0600] "GET /tv/useUser HTTP/1.1" 200 431 "http://192.168.65.101/pause/index" "Mozilla/5.0 (Windows NT 5.1; rv:15.0) Gecko/20100101 Firefox/15.0" 9164
192.168.12.204 - - [17/Feb/2013:07:17:52 +0600] "GET /pause/ajaxPause?pauseConfigId=&admin=0 HTTP/1.1" 200 986 "http://callider/pause/index" "Mozilla/4.0 (compatible; MSIE 7.0; Windows NT 6.1; WOW64; Trident/4.0; SLCC2; .NET CLR 2.0.50727; .NET CLR 3.5.30729; .NET CLR 3.0.30729; Media Center PC 6.0; InfoPath.3; .NET4.0C; .NET4.0E; .NET CLR 1.1.4322)" 18710
192.168.74.78 - - [17/Feb/2013:07:17:54 +0600] "GET /pause/ajaxPause?pauseConfigId=&admin=0 HTTP/1.1" 200 986 "http://callider/pause/index" "Mozilla/4.0 (compatible; MSIE 7.0; Windows NT 6.1; WOW64; Trident/5.0; SLCC2; .NET CLR 2.0.50727; .NET CLR 3.5.30729; .NET CLR 3.0.30729; Media Center PC 6.0; InfoPath.3; .NET4.0C; MS-RTC LM 8; .NET4.0E)" 18766
192.168.12.61 - - [17/Feb/2013:07:17:55 +0600] "GET /pause/ajaxPause?pauseConfigId=&admin=0 HTTP/1.1" 200 985 "http://callider/pause/index" "Mozilla/4.0 (compatible; MSIE 7.0; Windows NT 6.1; Trident/5.0; SLCC2; .NET CLR 2.0.50727; .NET CLR 3.5.30729; .NET CLR 3.0.30729; Media Center PC 6.0; InfoPath.3; .NET4.0C; .NET4.0E)" 20127
192.168.12.69 - - [17/Feb/2013:07:17:55 +0600] "GET /pause/ajaxPause?pauseConfigId=&admin=0 HTTP/1.1" 200 986 "http://callider/pause/index" "Mozilla/4.0 (compatible; MSIE 7.0; Windows NT 6.1; Trident/5.0; SLCC2; .NET CLR 2.0.50727; .NET CLR 3.5.30729; .NET CLR 3.0.30729; Media Center PC 6.0; InfoPath.3; .NET4.0C; .NET4.0E; Tablet PC 2.0; AskTbFXTV5/5.14.1.20007)" 18254
192.168.74.91 - - [17/Feb/2013:07:17:55 +0600] "GET /pause/ajaxPause?pauseConfigId=&admin=0 HTTP/1.1" 200 986 "http://callider/pause/index" "Mozilla/4.0 (compatible; MSIE 7.0; Windows NT 6.1; WOW64; Trident/5.0; SLCC2; .NET CLR 2.0.50727; .NET CLR 3.5.30729; .NET CLR 3.0.30729; Media Center PC 6.0; InfoPath.3; .NET4.0C; MS-RTC LM 8; .NET4.0E)" 18989
192.168.74.151 - - [17/Feb/2013:07:17:55 +0600] "GET /pause/ajaxPause?pauseConfigId=&admin=0 HTTP/1.1" 200 987 "http://callider.kontur/pause/index" "Mozilla/5.0 (Windows NT 6.1; WOW64; rv:18.0) Gecko/20100101 Firefox/18.0" 21690
192.168.12.210 - - [17/Feb/2013:07:17:55 +0600] "GET /pause/ajaxPause?pauseConfigId=all&admin=1 HTTP/1.1" 200 1047 "http://callider/pause/index" "Mozilla/4.0 (compatible; MSIE 7.0; Windows NT 6.1; WOW64; Trident/5.0; SLCC2; .NET CLR 2.0.50727; .NET CLR 3.5.30729; .NET CLR 3.0.30729; Media Center PC 6.0; InfoPath.3; .NET4.0C; .NET4.0E)" 20229
192.168.12.77 - - [17/Feb/2013:07:17:56 +0600] "GET /pause/ajaxPause?pauseConfigId=&admin=0 HTTP/1.1" 200 1039 "http://callider/pause/index" "Mozilla/4.0 (compatible; MSIE 7.0; Windows NT 6.1; Trident/5.0; SLCC2; .NET CLR 2.0.50727; .NET CLR 3.5.30729; .NET CLR 3.0.30729; Media Center PC 6.0; Tablet PC 2.0; InfoPath.3; .NET4.0C; .NET4.0E; MS-RTC LM 8)" 23425
192.168.12.38 - - [17/Feb/2013:07:17:56 +0600] "GET /pause/ajaxPause?pauseConfigId=&admin=0 HTTP/1.1" 200 1040 "http://callider/pause/index" "Mozilla/4.0 (compatible; MSIE 7.0; Windows NT 6.1; WOW64; Trident/5.0; SLCC2; .NET CLR 2.0.50727; .NET CLR 3.5.30729; .NET CLR 3.0.30729; Media Center PC 6.0; InfoPath.3; .NET4.0C; .NET4.0E)" 22580
192.168.65.56 - - [17/Feb/2013:07:17:56 +0600] "GET /pause/ajaxPause?pauseConfigId=all&admin=1 HTTP/1.1" 200 1046 "http://192.168.65.101/pause/index" "Mozilla/5.0 (Windows NT 5.1; rv:15.0) Gecko/20100101 Firefox/15.0" 37988
192.168.12.60 - - [17/Feb/2013:07:17:56 +0600] "GET /pause/ajaxPause?pauseConfigId=&admin=0 HTTP/1.1" 200 986 "http://callider/pause/index" "Mozilla/4.0 (compatible; MSIE 8.0; Windows NT 6.1; Trident/4.0; InfoPath.3; .NET4.0C; MS-RTC LM 8; .NET4.0E)" 20636
192.168.12.204 - - [17/Feb/2013:07:17:57 +0600] "GET /pause/ajaxPause?pauseConfigId=&admin=0 HTTP/1.1" 200 986 "http://callider/pause/index" "Mozilla/4.0 (compatible; MSIE 7.0; Windows NT 6.1; WOW64; Trident/4.0; SLCC2; .NET CLR 2.0.50727; .NET CLR 3.5.30729; .NET CLR 3.0.30729; Media Center PC 6.0; InfoPath.3; .NET4.0C; .NET4.0E; .NET CLR 1.1.4322)" 28425
192.168.74.78 - - [17/Feb/2013:07:17:59 +0600] "GET /pause/ajaxPause?pauseConfigId=&admin=0 HTTP/1.1" 200 986 "http://callider/pause/index" "Mozilla/4.0 (compatible; MSIE 7.0; Windows NT 6.1; WOW64; Trident/5.0; SLCC2; .NET CLR 2.0.50727; .NET CLR 3.5.30729; .NET CLR 3.0.30729; Media Center PC 6.0; InfoPath.3; .NET4.0C; MS-RTC LM 8; .NET4.0E)" 18668
192.168.12.61 - - [17/Feb/2013:07:18:00 +0600] "GET /pause/ajaxPause?pauseConfigId=&admin=0 HTTP/1.1" 200 985 "http://callider/pause/index" "Mozilla/4.0 (compatible; MSIE 7.0; Windows NT 6.1; Trident/5.0; SLCC2; .NET CLR 2.0.50727; .NET CLR 3.5.30729; .NET CLR 3.0.30729; Media Center PC 6.0; InfoPath.3; .NET4.0C; .NET4.0E)" 18871
192.168.12.69 - - [17/Feb/2013:07:18:00 +0600] "GET /pause/ajaxPause?pauseConfigId=&admin=0 HTTP/1.1" 200 986 "http://callider/pause/index" "Mozilla/4.0 (compatible; MSIE 7.0; Windows NT 6.1; Trident/5.0; SLCC2; .NET CLR 2.0.50727; .NET CLR 3.5.30729; .NET CLR 3.0.30729; Media Center PC 6.0; InfoPath.3; .NET4.0C; .NET4.0E; Tablet PC 2.0; AskTbFXTV5/5.14.1.20007)" 20571
192.168.74.91 - - [17/Feb/2013:07:18:00 +0600] "GET /pause/ajaxPause?pauseConfigId=&admin=0 HTTP/1.1" 200 986 "http://callider/pause/index" "Mozilla/4.0 (compatible; MSIE 7.0; Windows NT 6.1; WOW64; Trident/5.0; SLCC2; .NET CLR 2.0.50727; .NET CLR 3.5.30729; .NET CLR 3.0.30729; Media Center PC 6.0; InfoPath.3; .NET4.0C; MS-RTC LM 8; .NET4.0E)" 19920
192.168.74.151 - - [17/Feb/2013:07:18:00 +0600] "GET /pause/ajaxPause?pauseConfigId=&admin=0 HTTP/1.1" 200 987 "http://callider.kontur/pause/index" "Mozilla/5.0 (Windows NT 6.1; WOW64; rv:18.0) Gecko/20100101 Firefox/18.0" 21380
192.168.12.210 - - [17/Feb/2013:07:18:00 +0600] "GET /pause/ajaxPause?pauseConfigId=all&admin=1 HTTP/1.1" 200 1047 "http://callider/pause/index" "Mozilla/4.0 (compatible; MSIE 7.0; Windows NT 6.1; WOW64; Trident/5.0; SLCC2; .NET CLR 2.0.50727; .NET CLR 3.5.30729; .NET CLR 3.0.30729; Media Center PC 6.0; InfoPath.3; .NET4.0C; .NET4.0E)" 18529
192.168.12.38 - - [17/Feb/2013:07:18:01 +0600] "GET /pause/ajaxPause?pauseConfigId=&admin=0 HTTP/1.1" 200 1040 "http://callider/pause/index" "Mozilla/4.0 (compatible; MSIE 7.0; Windows NT 6.1; WOW64; Trident/5.0; SLCC2; .NET CLR 2.0.50727; .NET CLR 3.5.30729; .NET CLR 3.0.30729; Media Center PC 6.0; InfoPath.3; .NET4.0C; .NET4.0E)" 20736
192.168.12.77 - - [17/Feb/2013:07:18:01 +0600] "GET /pause/ajaxPause?pauseConfigId=&admin=0 HTTP/1.1" 200 1039 "http://callider/pause/index" "Mozilla/4.0 (compatible; MSIE 7.0; Windows NT 6.1; Trident/5.0; SLCC2; .NET CLR 2.0.50727; .NET CLR 3.5.30729; .NET CLR 3.0.30729; Media Center PC 6.0; Tablet PC 2.0; InfoPath.3; .NET4.0C; .NET4.0E; MS-RTC LM 8)" 15237
192.168.65.56 - - [17/Feb/2013:07:18:01 +0600] "GET /pause/ajaxPause?pauseConfigId=all&admin=1 HTTP/1.1" 200 1046 "http://192.168.65.101/pause/index" "Mozilla/5.0 (Windows NT 5.1; rv:15.0) Gecko/20100101 Firefox/15.0" 33544
192.168.12.60 - - [17/Feb/2013:07:18:01 +0600] "GET /pause/ajaxPause?pauseConfigId=&admin=0 HTTP/1.1" 200 986 "http://callider/pause/index" "Mozilla/4.0 (compatible; MSIE 8.0; Windows NT 6.1; Trident/4.0; InfoPath.3; .NET4.0C; MS-RTC LM 8; .NET4.0E)" 20242
192.168.12.204 - - [17/Feb/2013:07:18:02 +0600] "GET /pause/ajaxPause?pauseConfigId=&admin=0 HTTP/1.1" 200 986 "http://callider/pause/index" "Mozilla/4.0 (compatible; MSIE 7.0; Windows NT 6.1; WOW64; Trident/4.0; SLCC2; .NET CLR 2.0.50727; .NET CLR 3.5.30729; .NET CLR 3.0.30729; Media Center PC 6.0; InfoPath.3; .NET4.0C; .NET4.0E; .NET CLR 1.1.4322)" 19613
192.168.74.78 - - [17/Feb/2013:07:18:04 +0600] "GET /pause/ajaxPause?pauseConfigId=&admin=0 HTTP/1.1" 200 986 "http://callider/pause/index" "Mozilla/4.0 (compatible; MSIE 7.0; Windows NT 6.1; WOW64; Trident/5.0; SLCC2; .NET CLR 2.0.50727; .NET CLR 3.5.30729; .NET CLR 3.0.30729; Media Center PC 6.0; InfoPath.3; .NET4.0C; MS-RTC LM 8; .NET4.0E)" 20610
192.168.12.61 - - [17/Feb/2013:07:18:05 +0600] "GET /pause/ajaxPause?pauseConfigId=&admin=0 HTTP/1.1" 200 985 "http://callider/pause/index" "Mozilla/4.0 (compatible; MSIE 7.0; Windows NT 6.1; Trident/5.0; SLCC2; .NET CLR 2.0.50727; .NET CLR 3.5.30729; .NET CLR 3.0.30729; Media Center PC 6.0; InfoPath.3; .NET4.0C; .NET4.0E)" 18220
192.168.12.69 - - [17/Feb/2013:07:18:05 +0600] "GET /pause/ajaxPause?pauseConfigId=&admin=0 HTTP/1.1" 200 986 "http://callider/pause/index" "Mozilla/4.0 (compatible; MSIE 7.0; Windows NT 6.1; Trident/5.0; SLCC2; .NET CLR 2.0.50727; .NET CLR 3.5.30729; .NET CLR 3.0.30729; Media Center PC 6.0; InfoPath.3; .NET4.0C; .NET4.0E; Tablet PC 2.0; AskTbFXTV5/5.14.1.20007)" 19899
192.168.12.61 - - [17/Feb/2013:07:18:05 +0600] "GET /tv/useUser HTTP/1.1" 200 431 "http://callider/pause/index" "Mozilla/4.0 (compatible; MSIE 7.0; Windows NT 6.1; Trident/5.0; SLCC2; .NET CLR 2.0.50727; .NET CLR 3.5.30729; .NET CLR 3.0.30729; Media Center PC 6.0; InfoPath.3; .NET4.0C; .NET4.0E)" 8303
192.168.74.91 - - [17/Feb/2013:07:18:05 +0600] "GET /pause/ajaxPause?pauseConfigId=&admin=0 HTTP/1.1" 200 986 "http://callider/pause/index" "Mozilla/4.0 (compatible; MSIE 7.0; Windows NT 6.1; WOW64; Trident/5.0; SLCC2; .NET CLR 2.0.50727; .NET CLR 3.5.30729; .NET CLR 3.0.30729; Media Center PC 6.0; InfoPath.3; .NET4.0C; MS-RTC LM 8; .NET4.0E)" 20263
192.168.74.151 - - [17/Feb/2013:07:18:05 +0600] "GET /pause/ajaxPause?pauseConfigId=&admin=0 HTTP/1.1" 200 987 "http://callider.kontur/pause/index" "Mozilla/5.0 (Windows NT 6.1; WOW64; rv:18.0) Gecko/20100101 Firefox/18.0" 18696
192.168.12.210 - - [17/Feb/2013:07:18:05 +0600] "GET /pause/ajaxPause?pauseConfigId=all&admin=1 HTTP/1.1" 200 1047 "http://callider/pause/index" "Mozilla/4.0 (compatible; MSIE 7.0; Windows NT 6.1; WOW64; Trident/5.0; SLCC2; .NET CLR 2.0.50727; .NET CLR 3.5.30729; .NET CLR 3.0.30729; Media Center PC 6.0; InfoPath.3; .NET4.0C; .NET4.0E)" 18147
192.168.12.38 - - [17/Feb/2013:07:18:06 +0600] "GET /pause/ajaxPause?pauseConfigId=&admin=0 HTTP/1.1" 200 1040 "http://callider/pause/index" "Mozilla/4.0 (compatible; MSIE 7.0; Windows NT 6.1; WOW64; Trident/5.0; SLCC2; .NET CLR 2.0.50727; .NET CLR 3.5.30729; .NET CLR 3.0.30729; Media Center PC 6.0; InfoPath.3; .NET4.0C; .NET4.0E)" 22773
192.168.12.77 - - [17/Feb/2013:07:18:06 +0600] "GET /pause/ajaxPause?pauseConfigId=&admin=0 HTTP/1.1" 200 1039 "http://callider/pause/index" "Mozilla/4.0 (compatible; MSIE 7.0; Windows NT 6.1; Trident/5.0; SLCC2; .NET CLR 2.0.50727; .NET CLR 3.5.30729; .NET CLR 3.0.30729; Media Center PC 6.0; Tablet PC 2.0; InfoPath.3; .NET4.0C; .NET4.0E; MS-RTC LM 8)" 14760
192.168.65.56 - - [17/Feb/2013:07:18:06 +0600] "GET /pause/ajaxPause?pauseConfigId=all&admin=1 HTTP/1.1" 200 1046 "http://192.168.65.101/pause/index" "Mozilla/5.0 (Windows NT 5.1; rv:15.0) Gecko/20100101 Firefox/15.0" 30799
192.168.12.60 - - [17/Feb/2013:07:18:06 +0600] "GET /pause/ajaxPause?pauseConfigId=&admin=0 HTTP/1.1" 200 986 "http://callider/pause/index" "Mozilla/4.0 (compatible; MSIE 8.0; Windows NT 6.1; Trident/4.0; InfoPath.3; .NET4.0C; MS-RTC LM 8; .NET4.0E)" 20328
192.168.12.204 - - [17/Feb/2013:07:18:07 +0600] "GET /pause/ajaxPause?pauseConfigId=&admin=0 HTTP/1.1" 200 986 "http://callider/pause/index" "Mozilla/4.0 (compatible; MSIE 7.0; Windows NT 6.1; WOW64; Trident/4.0; SLCC2; .NET CLR 2.0.50727; .NET CLR 3.5.30729; .NET CLR 3.0.30729; Media Center PC 6.0; InfoPath.3; .NET4.0C; .NET4.0E; .NET CLR 1.1.4322)" 21507
192.168.74.78 - - [17/Feb/2013:07:18:09 +0600] "GET /pause/ajaxPause?pauseConfigId=&admin=0 HTTP/1.1" 200 986 "http://callider/pause/index" "Mozilla/4.0 (compatible; MSIE 7.0; Windows NT 6.1; WOW64; Trident/5.0; SLCC2; .NET CLR 2.0.50727; .NET CLR 3.5.30729; .NET CLR 3.0.30729; Media Center PC 6.0; InfoPath.3; .NET4.0C; MS-RTC LM 8; .NET4.0E)" 17957
192.168.12.61 - - [17/Feb/2013:07:18:10 +0600] "GET /pause/ajaxPause?pauseConfigId=&admin=0 HTTP/1.1" 200 985 "http://callider/pause/index" "Mozilla/4.0 (compatible; MSIE 7.0; Windows NT 6.1; Trident/5.0; SLCC2; .NET CLR 2.0.50727; .NET CLR 3.5.30729; .NET CLR 3.0.30729; Media Center PC 6.0; InfoPath.3; .NET4.0C; .NET4.0E)" 33499
192.168.12.69 - - [17/Feb/2013:07:18:10 +0600] "GET /pause/ajaxPause?pauseConfigId=&admin=0 HTTP/1.1" 200 986 "http://callider/pause/index" "Mozilla/4.0 (compatible; MSIE 7.0; Windows NT 6.1; Trident/5.0; SLCC2; .NET CLR 2.0.50727; .NET CLR 3.5.30729; .NET CLR 3.0.30729; Media Center PC 6.0; InfoPath.3; .NET4.0C; .NET4.0E; Tablet PC 2.0; AskTbFXTV5/5.14.1.20007)" 21885
192.168.74.91 - - [17/Feb/2013:07:18:10 +0600] "GET /pause/ajaxPause?pauseConfigId=&admin=0 HTTP/1.1" 200 986 "http://callider/pause/index" "Mozilla/4.0 (compatible; MSIE 7.0; Windows NT 6.1; WOW64; Trident/5.0; SLCC2; .NET CLR 2.0.50727; .NET CLR 3.5.30729; .NET CLR 3.0.30729; Media Center PC 6.0; InfoPath.3; .NET4.0C; MS-RTC LM 8; .NET4.0E)" 18040
192.168.74.151 - - [17/Feb/2013:07:18:10 +0600] "GET /pause/ajaxPause?pauseConfigId=&admin=0 HTTP/1.1" 200 987 "http://callider.kontur/pause/index" "Mozilla/5.0 (Windows NT 6.1; WOW64; rv:18.0) Gecko/20100101 Firefox/18.0" 18526
192.168.12.210 - - [17/Feb/2013:07:18:10 +0600] "GET /pause/ajaxPause?pauseConfigId=all&admin=1 HTTP/1.1" 200 1047 "http://callider/pause/index" "Mozilla/4.0 (compatible; MSIE 7.0; Windows NT 6.1; WOW64; Trident/5.0; SLCC2; .NET CLR 2.0.50727; .NET CLR 3.5.30729; .NET CLR 3.0.30729; Media Center PC 6.0; InfoPath.3; .NET4.0C; .NET4.0E)" 19944
192.168.12.42 - - [17/Feb/2013:07:18:11 +0600] "GET /tv/useUser HTTP/1.1" 200 432 "http://callider/graph/personal" "Mozilla/4.0 (compatible; MSIE 7.0; Windows NT 6.1; WOW64; Trident/5.0; SLCC2; .NET CLR 2.0.50727; .NET CLR 3.5.30729; .NET CLR 3.0.30729; Media Center PC 6.0; InfoPath.3; .NET4.0C; .NET4.0E)" 17954
192.168.12.77 - - [17/Feb/2013:07:18:11 +0600] "GET /pause/ajaxPause?pauseConfigId=&admin=0 HTTP/1.1" 200 1039 "http://callider/pause/index" "Mozilla/4.0 (compatible; MSIE 7.0; Windows NT 6.1; Trident/5.0; SLCC2; .NET CLR 2.0.50727; .NET CLR 3.5.30729; .NET CLR 3.0.30729; Media Center PC 6.0; Tablet PC 2.0; InfoPath.3; .NET4.0C; .NET4.0E; MS-RTC LM 8)" 14095
192.168.12.38 - - [17/Feb/2013:07:18:11 +0600] "GET /pause/ajaxPause?pauseConfigId=&admin=0 HTTP/1.1" 200 1040 "http://callider/pause/index" "Mozilla/4.0 (compatible; MSIE 7.0; Windows NT 6.1; WOW64; Trident/5.0; SLCC2; .NET CLR 2.0.50727; .NET CLR 3.5.30729; .NET CLR 3.0.30729; Media Center PC 6.0; InfoPath.3; .NET4.0C; .NET4.0E)" 21833
192.168.65.56 - - [17/Feb/2013:07:18:11 +0600] "GET /pause/ajaxPause?pauseConfigId=all&admin=1 HTTP/1.1" 200 1046 "http://192.168.65.101/pause/index" "Mozilla/5.0 (Windows NT 5.1; rv:15.0) Gecko/20100101 Firefox/15.0" 27659
192.168.12.60 - - [17/Feb/2013:07:18:11 +0600] "GET /pause/ajaxPause?pauseConfigId=&admin=0 HTTP/1.1" 200 986 "http://callider/pause/index" "Mozilla/4.0 (compatible; MSIE 8.0; Windows NT 6.1; Trident/4.0; InfoPath.3; .NET4.0C; MS-RTC LM 8; .NET4.0E)" 22214
192.168.12.204 - - [17/Feb/2013:07:18:12 +0600] "GET /pause/ajaxPause?pauseConfigId=&admin=0 HTTP/1.1" 200 986 "http://callider/pause/index" "Mozilla/4.0 (compatible; MSIE 7.0; Windows NT 6.1; WOW64; Trident/4.0; SLCC2; .NET CLR 2.0.50727; .NET CLR 3.5.30729; .NET CLR 3.0.30729; Media Center PC 6.0; InfoPath.3; .NET4.0C; .NET4.0E; .NET CLR 1.1.4322)" 26826
192.168.74.151 - - [17/Feb/2013:07:18:13 +0600] "GET /tv/useUser HTTP/1.1" 200 431 "http://callider.kontur/graph/general" "Mozilla/5.0 (Windows NT 6.1; WOW64; rv:18.0) Gecko/20100101 Firefox/18.0" 8038
192.168.74.78 - - [17/Feb/2013:07:18:14 +0600] "GET /pause/ajaxPause?pauseConfigId=&admin=0 HTTP/1.1" 200 986 "http://callider/pause/index" "Mozilla/4.0 (compatible; MSIE 7.0; Windows NT 6.1; WOW64; Trident/5.0; SLCC2; .NET CLR 2.0.50727; .NET CLR 3.5.30729; .NET CLR 3.0.30729; Media Center PC 6.0; InfoPath.3; .NET4.0C; MS-RTC LM 8; .NET4.0E)" 20219
192.168.12.61 - - [17/Feb/2013:07:18:15 +0600] "GET /pause/ajaxPause?pauseConfigId=&admin=0 HTTP/1.1" 200 986 "http://callider/pause/index" "Mozilla/4.0 (compatible; MSIE 7.0; Windows NT 6.1; Trident/5.0; SLCC2; .NET CLR 2.0.50727; .NET CLR 3.5.30729; .NET CLR 3.0.30729; Media Center PC 6.0; InfoPath.3; .NET4.0C; .NET4.0E)" 29672
192.168.12.69 - - [17/Feb/2013:07:18:15 +0600] "GET /pause/ajaxPause?pauseConfigId=&admin=0 HTTP/1.1" 200 986 "http://callider/pause/index" "Mozilla/4.0 (compatible; MSIE 7.0; Windows NT 6.1; Trident/5.0; SLCC2; .NET CLR 2.0.50727; .NET CLR 3.5.30729; .NET CLR 3.0.30729; Media Center PC 6.0; InfoPath.3; .NET4.0C; .NET4.0E; Tablet PC 2.0; AskTbFXTV5/5.14.1.20007)" 18937
192.168.74.91 - - [17/Feb/2013:07:18:15 +0600] "GET /pause/ajaxPause?pauseConfigId=&admin=0 HTTP/1.1" 200 986 "http://callider/pause/index" "Mozilla/4.0 (compatible; MSIE 7.0; Windows NT 6.1; WOW64; Trident/5.0; SLCC2; .NET CLR 2.0.50727; .NET CLR 3.5.30729; .NET CLR 3.0.30729; Media Center PC 6.0; InfoPath.3; .NET4.0C; MS-RTC LM 8; .NET4.0E)" 17071
192.168.74.151 - - [17/Feb/2013:07:18:15 +0600] "GET /pause/ajaxPause?pauseConfigId=&admin=0 HTTP/1.1" 200 987 "http://callider.kontur/pause/index" "Mozilla/5.0 (Windows NT 6.1; WOW64; rv:18.0) Gecko/20100101 Firefox/18.0" 20572
192.168.74.151 - - [17/Feb/2013:07:18:15 +0600] "GET /tv/useUser HTTP/1.1" 200 432 "http://callider.kontur/pause/index" "Mozilla/5.0 (Windows NT 6.1; WOW64; rv:18.0) Gecko/20100101 Firefox/18.0" 15724
192.168.12.210 - - [17/Feb/2013:07:18:15 +0600] "GET /pause/ajaxPause?pauseConfigId=all&admin=1 HTTP/1.1" 200 1047 "http://callider/pause/index" "Mozilla/4.0 (compatible; MSIE 7.0; Windows NT 6.1; WOW64; Trident/5.0; SLCC2; .NET CLR 2.0.50727; .NET CLR 3.5.30729; .NET CLR 3.0.30729; Media Center PC 6.0; InfoPath.3; .NET4.0C; .NET4.0E)" 24493
192.168.12.77 - - [17/Feb/2013:07:18:16 +0600] "GET /pause/ajaxPause?pauseConfigId=&admin=0 HTTP/1.1" 200 1039 "http://callider/pause/index" "Mozilla/4.0 (compatible; MSIE 7.0; Windows NT 6.1; Trident/5.0; SLCC2; .NET CLR 2.0.50727; .NET CLR 3.5.30729; .NET CLR 3.0.30729; Media Center PC 6.0; Tablet PC 2.0; InfoPath.3; .NET4.0C; .NET4.0E; MS-RTC LM 8)" 13426
192.168.12.38 - - [17/Feb/2013:07:18:16 +0600] "GET /pause/ajaxPause?pauseConfigId=&admin=0 HTTP/1.1" 200 1040 "http://callider/pause/index" "Mozilla/4.0 (compatible; MSIE 7.0; Windows NT 6.1; WOW64; Trident/5.0; SLCC2; .NET CLR 2.0.50727; .NET CLR 3.5.30729; .NET CLR 3.0.30729; Media Center PC 6.0; InfoPath.3; .NET4.0C; .NET4.0E)" 21774
192.168.65.56 - - [17/Feb/2013:07:18:16 +0600] "GET /pause/ajaxPause?pauseConfigId=all&admin=1 HTTP/1.1" 200 1046 "http://192.168.65.101/pause/index" "Mozilla/5.0 (Windows NT 5.1; rv:15.0) Gecko/20100101 Firefox/15.0" 26755
192.168.12.60 - - [17/Feb/2013:07:18:16 +0600] "GET /pause/ajaxPause?pauseConfigId=&admin=0 HTTP/1.1" 200 986 "http://callider/pause/index" "Mozilla/4.0 (compatible; MSIE 8.0; Windows NT 6.1; Trident/4.0; InfoPath.3; .NET4.0C; MS-RTC LM 8; .NET4.0E)" 17777
192.168.12.204 - - [17/Feb/2013:07:18:17 +0600] "GET /pause/ajaxPause?pauseConfigId=&admin=0 HTTP/1.1" 200 986 "http://callider/pause/index" "Mozilla/4.0 (compatible; MSIE 7.0; Windows NT 6.1; WOW64; Trident/4.0; SLCC2; .NET CLR 2.0.50727; .NET CLR 3.5.30729; .NET CLR 3.0.30729; Media Center PC 6.0; InfoPath.3; .NET4.0C; .NET4.0E; .NET CLR 1.1.4322)" 19894
192.168.74.78 - - [17/Feb/2013:07:18:19 +0600] "GET /pause/ajaxPause?pauseConfigId=&admin=0 HTTP/1.1" 200 986 "http://callider/pause/index" "Mozilla/4.0 (compatible; MSIE 7.0; Windows NT 6.1; WOW64; Trident/5.0; SLCC2; .NET CLR 2.0.50727; .NET CLR 3.5.30729; .NET CLR 3.0.30729; Media Center PC 6.0; InfoPath.3; .NET4.0C; MS-RTC LM 8; .NET4.0E)" 19159
192.168.12.10 - - [17/Feb/2013:07:18:19 +0600] "GET /tv/useUser HTTP/1.1" 200 432 "http://callider/graph/personal" "Mozilla/4.0 (compatible; MSIE 7.0; Windows NT 6.1; Trident/5.0; SLCC2; .NET CLR 2.0.50727; .NET CLR 3.5.30729; .NET CLR 3.0.30729; Media Center PC 6.0; InfoPath.3; .NET4.0C; .NET4.0E; Tablet PC 2.0; MS-RTC LM 8)" 15443
192.168.12.108 - - [17/Feb/2013:07:18:19 +0600] "GET /tv/useUser HTTP/1.1" 200 432 "http://callider/index.php" "Mozilla/4.0 (compatible; MSIE 7.0; Windows NT 6.2; WOW64; Trident/6.0; .NET4.0E; .NET4.0C; InfoPath.3; .NET CLR 3.5.30729; .NET CLR 2.0.50727; .NET CLR 3.0.30729)" 17999
192.168.12.61 - - [17/Feb/2013:07:18:20 +0600] "GET /pause/ajaxPause?pauseConfigId=&admin=0 HTTP/1.1" 200 985 "http://callider/pause/index" "Mozilla/4.0 (compatible; MSIE 7.0; Windows NT 6.1; Trident/5.0; SLCC2; .NET CLR 2.0.50727; .NET CLR 3.5.30729; .NET CLR 3.0.30729; Media Center PC 6.0; InfoPath.3; .NET4.0C; .NET4.0E)" 19798
192.168.12.69 - - [17/Feb/2013:07:18:20 +0600] "GET /pause/ajaxPause?pauseConfigId=&admin=0 HTTP/1.1" 200 986 "http://callider/pause/index" "Mozilla/4.0 (compatible; MSIE 7.0; Windows NT 6.1; Trident/5.0; SLCC2; .NET CLR 2.0.50727; .NET CLR 3.5.30729; .NET CLR 3.0.30729; Media Center PC 6.0; InfoPath.3; .NET4.0C; .NET4.0E; Tablet PC 2.0; AskTbFXTV5/5.14.1.20007)" 18528
192.168.74.91 - - [17/Feb/2013:07:18:20 +0600] "GET /pause/ajaxPause?pauseConfigId=&admin=0 HTTP/1.1" 200 986 "http://callider/pause/index" "Mozilla/4.0 (compatible; MSIE 7.0; Windows NT 6.1; WOW64; Trident/5.0; SLCC2; .NET CLR 2.0.50727; .NET CLR 3.5.30729; .NET CLR 3.0.30729; Media Center PC 6.0; InfoPath.3; .NET4.0C; MS-RTC LM 8; .NET4.0E)" 20040
192.168.74.151 - - [17/Feb/2013:07:18:20 +0600] "GET /pause/ajaxPause?pauseConfigId=&admin=0 HTTP/1.1" 200 987 "http://callider.kontur/pause/index" "Mozilla/5.0 (Windows NT 6.1; WOW64; rv:18.0) Gecko/20100101 Firefox/18.0" 20566
192.168.12.210 - - [17/Feb/2013:07:18:20 +0600] "GET /pause/ajaxPause?pauseConfigId=all&admin=1 HTTP/1.1" 200 1047 "http://callider/pause/index" "Mozilla/4.0 (compatible; MSIE 7.0; Windows NT 6.1; WOW64; Trident/5.0; SLCC2; .NET CLR 2.0.50727; .NET CLR 3.5.30729; .NET CLR 3.0.30729; Media Center PC 6.0; InfoPath.3; .NET4.0C; .NET4.0E)" 21176
192.168.12.77 - - [17/Feb/2013:07:18:21 +0600] "GET /pause/ajaxPause?pauseConfigId=&admin=0 HTTP/1.1" 200 1039 "http://callider/pause/index" "Mozilla/4.0 (compatible; MSIE 7.0; Windows NT 6.1; Trident/5.0; SLCC2; .NET CLR 2.0.50727; .NET CLR 3.5.30729; .NET CLR 3.0.30729; Media Center PC 6.0; Tablet PC 2.0; InfoPath.3; .NET4.0C; .NET4.0E; MS-RTC LM 8)" 14135
192.168.12.38 - - [17/Feb/2013:07:18:21 +0600] "GET /pause/ajaxPause?pauseConfigId=&admin=0 HTTP/1.1" 200 1040 "http://callider/pause/index" "Mozilla/4.0 (compatible; MSIE 7.0; Windows NT 6.1; WOW64; Trident/5.0; SLCC2; .NET CLR 2.0.50727; .NET CLR 3.5.30729; .NET CLR 3.0.30729; Media Center PC 6.0; InfoPath.3; .NET4.0C; .NET4.0E)" 23706
192.168.65.56 - - [17/Feb/2013:07:18:21 +0600] "GET /pause/ajaxPause?pauseConfigId=all&admin=1 HTTP/1.1" 200 1046 "http://192.168.65.101/pause/index" "Mozilla/5.0 (Windows NT 5.1; rv:15.0) Gecko/20100101 Firefox/15.0" 26003
192.168.12.60 - - [17/Feb/2013:07:18:21 +0600] "GET /pause/ajaxPause?pauseConfigId=&admin=0 HTTP/1.1" 200 986 "http://callider/pause/index" "Mozilla/4.0 (compatible; MSIE 8.0; Windows NT 6.1; Trident/4.0; InfoPath.3; .NET4.0C; MS-RTC LM 8; .NET4.0E)" 18516
192.168.12.204 - - [17/Feb/2013:07:18:22 +0600] "GET /pause/ajaxPause?pauseConfigId=&admin=0 HTTP/1.1" 200 986 "http://callider/pause/index" "Mozilla/4.0 (compatible; MSIE 7.0; Windows NT 6.1; WOW64; Trident/4.0; SLCC2; .NET CLR 2.0.50727; .NET CLR 3.5.30729; .NET CLR 3.0.30729; Media Center PC 6.0; InfoPath.3; .NET4.0C; .NET4.0E; .NET CLR 1.1.4322)" 22003
192.168.74.78 - - [17/Feb/2013:07:18:24 +0600] "GET /pause/ajaxPause?pauseConfigId=&admin=0 HTTP/1.1" 200 986 "http://callider/pause/index" "Mozilla/4.0 (compatible; MSIE 7.0; Windows NT 6.1; WOW64; Trident/5.0; SLCC2; .NET CLR 2.0.50727; .NET CLR 3.5.30729; .NET CLR 3.0.30729; Media Center PC 6.0; InfoPath.3; .NET4.0C; MS-RTC LM 8; .NET4.0E)" 34267
192.168.12.61 - - [17/Feb/2013:07:18:25 +0600] "GET /pause/ajaxPause?pauseConfigId=&admin=0 HTTP/1.1" 200 985 "http://callider/pause/index" "Mozilla/4.0 (compatible; MSIE 7.0; Windows NT 6.1; Trident/5.0; SLCC2; .NET CLR 2.0.50727; .NET CLR 3.5.30729; .NET CLR 3.0.30729; Media Center PC 6.0; InfoPath.3; .NET4.0C; .NET4.0E)" 20566
192.168.12.69 - - [17/Feb/2013:07:18:25 +0600] "GET /pause/ajaxPause?pauseConfigId=&admin=0 HTTP/1.1" 200 986 "http://callider/pause/index" "Mozilla/4.0 (compatible; MSIE 7.0; Windows NT 6.1; Trident/5.0; SLCC2; .NET CLR 2.0.50727; .NET CLR 3.5.30729; .NET CLR 3.0.30729; Media Center PC 6.0; InfoPath.3; .NET4.0C; .NET4.0E; Tablet PC 2.0; AskTbFXTV5/5.14.1.20007)" 17861
192.168.74.91 - - [17/Feb/2013:07:18:25 +0600] "GET /pause/ajaxPause?pauseConfigId=&admin=0 HTTP/1.1" 200 986 "http://callider/pause/index" "Mozilla/4.0 (compatible; MSIE 7.0; Windows NT 6.1; WOW64; Trident/5.0; SLCC2; .NET CLR 2.0.50727; .NET CLR 3.5.30729; .NET CLR 3.0.30729; Media Center PC 6.0; InfoPath.3; .NET4.0C; MS-RTC LM 8; .NET4.0E)" 21707
192.168.74.151 - - [17/Feb/2013:07:18:25 +0600] "GET /pause/ajaxPause?pauseConfigId=&admin=0 HTTP/1.1" 200 987 "http://callider.kontur/pause/index" "Mozilla/5.0 (Windows NT 6.1; WOW64; rv:18.0) Gecko/20100101 Firefox/18.0" 20401
192.168.12.210 - - [17/Feb/2013:07:18:25 +0600] "GET /pause/ajaxPause?pauseConfigId=all&admin=1 HTTP/1.1" 200 1047 "http://callider/pause/index" "Mozilla/4.0 (compatible; MSIE 7.0; Windows NT 6.1; WOW64; Trident/5.0; SLCC2; .NET CLR 2.0.50727; .NET CLR 3.5.30729; .NET CLR 3.0.30729; Media Center PC 6.0; InfoPath.3; .NET4.0C; .NET4.0E)" 28014
192.168.12.38 - - [17/Feb/2013:07:18:26 +0600] "GET /pause/ajaxPause?pauseConfigId=&admin=0 HTTP/1.1" 200 1040 "http://callider/pause/index" "Mozilla/4.0 (compatible; MSIE 7.0; Windows NT 6.1; WOW64; Trident/5.0; SLCC2; .NET CLR 2.0.50727; .NET CLR 3.5.30729; .NET CLR 3.0.30729; Media Center PC 6.0; InfoPath.3; .NET4.0C; .NET4.0E)" 21764
192.168.12.77 - - [17/Feb/2013:07:18:26 +0600] "GET /pause/ajaxPause?pauseConfigId=&admin=0 HTTP/1.1" 200 1039 "http://callider/pause/index" "Mozilla/4.0 (compatible; MSIE 7.0; Windows NT 6.1; Trident/5.0; SLCC2; .NET CLR 2.0.50727; .NET CLR 3.5.30729; .NET CLR 3.0.30729; Media Center PC 6.0; Tablet PC 2.0; InfoPath.3; .NET4.0C; .NET4.0E; MS-RTC LM 8)" 17025
192.168.65.56 - - [17/Feb/2013:07:18:26 +0600] "GET /pause/ajaxPause?pauseConfigId=all&admin=1 HTTP/1.1" 200 1046 "http://192.168.65.101/pause/index" "Mozilla/5.0 (Windows NT 5.1; rv:15.0) Gecko/20100101 Firefox/15.0" 28578
192.168.12.60 - - [17/Feb/2013:07:18:26 +0600] "GET /pause/ajaxPause?pauseConfigId=&admin=0 HTTP/1.1" 200 986 "http://callider/pause/index" "Mozilla/4.0 (compatible; MSIE 8.0; Windows NT 6.1; Trident/4.0; InfoPath.3; .NET4.0C; MS-RTC LM 8; .NET4.0E)" 18754
192.168.12.204 - - [17/Feb/2013:07:18:27 +0600] "GET /pause/ajaxPause?pauseConfigId=&admin=0 HTTP/1.1" 200 986 "http://callider/pause/index" "Mozilla/4.0 (compatible; MSIE 7.0; Windows NT 6.1; WOW64; Trident/4.0; SLCC2; .NET CLR 2.0.50727; .NET CLR 3.5.30729; .NET CLR 3.0.30729; Media Center PC 6.0; InfoPath.3; .NET4.0C; .NET4.0E; .NET CLR 1.1.4322)" 19633
192.168.74.78 - - [17/Feb/2013:07:18:29 +0600] "GET /pause/ajaxPause?pauseConfigId=&admin=0 HTTP/1.1" 200 986 "http://callider/pause/index" "Mozilla/4.0 (compatible; MSIE 7.0; Windows NT 6.1; WOW64; Trident/5.0; SLCC2; .NET CLR 2.0.50727; .NET CLR 3.5.30729; .NET CLR 3.0.30729; Media Center PC 6.0; InfoPath.3; .NET4.0C; MS-RTC LM 8; .NET4.0E)" 37545
192.168.12.69 - - [17/Feb/2013:07:18:30 +0600] "GET /pause/ajaxPause?pauseConfigId=&admin=0 HTTP/1.1" 200 986 "http://callider/pause/index" "Mozilla/4.0 (compatible; MSIE 7.0; Windows NT 6.1; Trident/5.0; SLCC2; .NET CLR 2.0.50727; .NET CLR 3.5.30729; .NET CLR 3.0.30729; Media Center PC 6.0; InfoPath.3; .NET4.0C; .NET4.0E; Tablet PC 2.0; AskTbFXTV5/5.14.1.20007)" 26437
192.168.12.61 - - [17/Feb/2013:07:18:30 +0600] "GET /pause/ajaxPause?pauseConfigId=&admin=0 HTTP/1.1" 200 986 "http://callider/pause/index" "Mozilla/4.0 (compatible; MSIE 7.0; Windows NT 6.1; Trident/5.0; SLCC2; .NET CLR 2.0.50727; .NET CLR 3.5.30729; .NET CLR 3.0.30729; Media Center PC 6.0; InfoPath.3; .NET4.0C; .NET4.0E)" 26373
192.168.74.91 - - [17/Feb/2013:07:18:30 +0600] "GET /pause/ajaxPause?pauseConfigId=&admin=0 HTTP/1.1" 200 986 "http://callider/pause/index" "Mozilla/4.0 (compatible; MSIE 7.0; Windows NT 6.1; WOW64; Trident/5.0; SLCC2; .NET CLR 2.0.50727; .NET CLR 3.5.30729; .NET CLR 3.0.30729; Media Center PC 6.0; InfoPath.3; .NET4.0C; MS-RTC LM 8; .NET4.0E)" 20649
192.168.74.151 - - [17/Feb/2013:07:18:30 +0600] "GET /pause/ajaxPause?pauseConfigId=&admin=0 HTTP/1.1" 200 987 "http://callider.kontur/pause/index" "Mozilla/5.0 (Windows NT 6.1; WOW64; rv:18.0) Gecko/20100101 Firefox/18.0" 17622
192.168.12.210 - - [17/Feb/2013:07:18:30 +0600] "GET /pause/ajaxPause?pauseConfigId=all&admin=1 HTTP/1.1" 200 1047 "http://callider/pause/index" "Mozilla/4.0 (compatible; MSIE 7.0; Windows NT 6.1; WOW64; Trident/5.0; SLCC2; .NET CLR 2.0.50727; .NET CLR 3.5.30729; .NET CLR 3.0.30729; Media Center PC 6.0; InfoPath.3; .NET4.0C; .NET4.0E)" 22861
192.168.12.38 - - [17/Feb/2013:07:18:31 +0600] "GET /pause/ajaxPause?pauseConfigId=&admin=0 HTTP/1.1" 200 1040 "http://callider/pause/index" "Mozilla/4.0 (compatible; MSIE 7.0; Windows NT 6.1; WOW64; Trident/5.0; SLCC2; .NET CLR 2.0.50727; .NET CLR 3.5.30729; .NET CLR 3.0.30729; Media Center PC 6.0; InfoPath.3; .NET4.0C; .NET4.0E)" 19811
192.168.12.77 - - [17/Feb/2013:07:18:31 +0600] "GET /pause/ajaxPause?pauseConfigId=&admin=0 HTTP/1.1" 200 1039 "http://callider/pause/index" "Mozilla/4.0 (compatible; MSIE 7.0; Windows NT 6.1; Trident/5.0; SLCC2; .NET CLR 2.0.50727; .NET CLR 3.5.30729; .NET CLR 3.0.30729; Media Center PC 6.0; Tablet PC 2.0; InfoPath.3; .NET4.0C; .NET4.0E; MS-RTC LM 8)" 15592
192.168.65.56 - - [17/Feb/2013:07:18:31 +0600] "GET /pause/ajaxPause?pauseConfigId=all&admin=1 HTTP/1.1" 200 1046 "http://192.168.65.101/pause/index" "Mozilla/5.0 (Windows NT 5.1; rv:15.0) Gecko/20100101 Firefox/15.0" 29807
192.168.12.60 - - [17/Feb/2013:07:18:31 +0600] "GET /pause/ajaxPause?pauseConfigId=&admin=0 HTTP/1.1" 200 986 "http://callider/pause/index" "Mozilla/4.0 (compatible; MSIE 8.0; Windows NT 6.1; Trident/4.0; InfoPath.3; .NET4.0C; MS-RTC LM 8; .NET4.0E)" 19120
192.168.12.204 - - [17/Feb/2013:07:18:32 +0600] "GET /pause/ajaxPause?pauseConfigId=&admin=0 HTTP/1.1" 200 986 "http://callider/pause/index" "Mozilla/4.0 (compatible; MSIE 7.0; Windows NT 6.1; WOW64; Trident/4.0; SLCC2; .NET CLR 2.0.50727; .NET CLR 3.5.30729; .NET CLR 3.0.30729; Media Center PC 6.0; InfoPath.3; .NET4.0C; .NET4.0E; .NET CLR 1.1.4322)" 17270
192.168.74.78 - - [17/Feb/2013:07:18:34 +0600] "GET /pause/ajaxPause?pauseConfigId=&admin=0 HTTP/1.1" 200 986 "http://callider/pause/index" "Mozilla/4.0 (compatible; MSIE 7.0; Windows NT 6.1; WOW64; Trident/5.0; SLCC2; .NET CLR 2.0.50727; .NET CLR 3.5.30729; .NET CLR 3.0.30729; Media Center PC 6.0; InfoPath.3; .NET4.0C; MS-RTC LM 8; .NET4.0E)" 24308
192.168.12.67 - - [17/Feb/2013:07:18:34 +0600] "GET /tv/useUser HTTP/1.1" 200 432 "http://callider/graph/personal" "Mozilla/4.0 (compatible; MSIE 7.0; Windows NT 6.1; Trident/5.0; SLCC2; .NET CLR 2.0.50727; .NET CLR 3.5.30729; .NET CLR 3.0.30729; Media Center PC 6.0; .NET4.0C; .NET4.0E; InfoPath.3; Tablet PC 2.0; MS-RTC LM 8)" 18055
192.168.12.69 - - [17/Feb/2013:07:18:35 +0600] "GET /pause/ajaxPause?pauseConfigId=&admin=0 HTTP/1.1" 200 986 "http://callider/pause/index" "Mozilla/4.0 (compatible; MSIE 7.0; Windows NT 6.1; Trident/5.0; SLCC2; .NET CLR 2.0.50727; .NET CLR 3.5.30729; .NET CLR 3.0.30729; Media Center PC 6.0; InfoPath.3; .NET4.0C; .NET4.0E; Tablet PC 2.0; AskTbFXTV5/5.14.1.20007)" 21407
192.168.12.61 - - [17/Feb/2013:07:18:35 +0600] "GET /pause/ajaxPause?pauseConfigId=&admin=0 HTTP/1.1" 200 985 "http://callider/pause/index" "Mozilla/4.0 (compatible; MSIE 7.0; Windows NT 6.1; Trident/5.0; SLCC2; .NET CLR 2.0.50727; .NET CLR 3.5.30729; .NET CLR 3.0.30729; Media Center PC 6.0; InfoPath.3; .NET4.0C; .NET4.0E)" 19965
192.168.74.91 - - [17/Feb/2013:07:18:35 +0600] "GET /pause/ajaxPause?pauseConfigId=&admin=0 HTTP/1.1" 200 986 "http://callider/pause/index" "Mozilla/4.0 (compatible; MSIE 7.0; Windows NT 6.1; WOW64; Trident/5.0; SLCC2; .NET CLR 2.0.50727; .NET CLR 3.5.30729; .NET CLR 3.0.30729; Media Center PC 6.0; InfoPath.3; .NET4.0C; MS-RTC LM 8; .NET4.0E)" 30076
192.168.74.151 - - [17/Feb/2013:07:18:35 +0600] "GET /pause/ajaxPause?pauseConfigId=&admin=0 HTTP/1.1" 200 987 "http://callider.kontur/pause/index" "Mozilla/5.0 (Windows NT 6.1; WOW64; rv:18.0) Gecko/20100101 Firefox/18.0" 21247
192.168.12.210 - - [17/Feb/2013:07:18:35 +0600] "GET /pause/ajaxPause?pauseConfigId=all&admin=1 HTTP/1.1" 200 1047 "http://callider/pause/index" "Mozilla/4.0 (compatible; MSIE 7.0; Windows NT 6.1; WOW64; Trident/5.0; SLCC2; .NET CLR 2.0.50727; .NET CLR 3.5.30729; .NET CLR 3.0.30729; Media Center PC 6.0; InfoPath.3; .NET4.0C; .NET4.0E)" 18874
192.168.12.38 - - [17/Feb/2013:07:18:36 +0600] "GET /pause/ajaxPause?pauseConfigId=&admin=0 HTTP/1.1" 200 1040 "http://callider/pause/index" "Mozilla/4.0 (compatible; MSIE 7.0; Windows NT 6.1; WOW64; Trident/5.0; SLCC2; .NET CLR 2.0.50727; .NET CLR 3.5.30729; .NET CLR 3.0.30729; Media Center PC 6.0; InfoPath.3; .NET4.0C; .NET4.0E)" 15641
192.168.12.77 - - [17/Feb/2013:07:18:36 +0600] "GET /pause/ajaxPause?pauseConfigId=&admin=0 HTTP/1.1" 200 1039 "http://callider/pause/index" "Mozilla/4.0 (compatible; MSIE 7.0; Windows NT 6.1; Trident/5.0; SLCC2; .NET CLR 2.0.50727; .NET CLR 3.5.30729; .NET CLR 3.0.30729; Media Center PC 6.0; Tablet PC 2.0; InfoPath.3; .NET4.0C; .NET4.0E; MS-RTC LM 8)" 13430
192.168.65.56 - - [17/Feb/2013:07:18:36 +0600] "GET /pause/ajaxPause?pauseConfigId=all&admin=1 HTTP/1.1" 200 1046 "http://192.168.65.101/pause/index" "Mozilla/5.0 (Windows NT 5.1; rv:15.0) Gecko/20100101 Firefox/15.0" 38327
192.168.12.60 - - [17/Feb/2013:07:18:36 +0600] "GET /pause/ajaxPause?pauseConfigId=&admin=0 HTTP/1.1" 200 986 "http://callider/pause/index" "Mozilla/4.0 (compatible; MSIE 8.0; Windows NT 6.1; Trident/4.0; InfoPath.3; .NET4.0C; MS-RTC LM 8; .NET4.0E)" 70896
192.168.12.204 - - [17/Feb/2013:07:18:37 +0600] "GET /pause/ajaxPause?pauseConfigId=&admin=0 HTTP/1.1" 200 986 "http://callider/pause/index" "Mozilla/4.0 (compatible; MSIE 7.0; Windows NT 6.1; WOW64; Trident/4.0; SLCC2; .NET CLR 2.0.50727; .NET CLR 3.5.30729; .NET CLR 3.0.30729; Media Center PC 6.0; InfoPath.3; .NET4.0C; .NET4.0E; .NET CLR 1.1.4322)" 20602
192.168.74.93 - - [17/Feb/2013:07:18:38 +0600] "GET /tv/useUser HTTP/1.1" 200 432 "http://callider/graph/personal" "Mozilla/4.0 (compatible; MSIE 7.0; Windows NT 6.1; WOW64; Trident/5.0; SLCC2; .NET CLR 2.0.50727; .NET CLR 3.5.30729; .NET CLR 3.0.30729; Media Center PC 6.0; InfoPath.3; .NET4.0C; .NET4.0E)" 14398
192.168.12.210 - - [17/Feb/2013:07:18:39 +0600] "GET /tv/useUser HTTP/1.1" 200 431 "http://callider/graph/general" "Mozilla/4.0 (compatible; MSIE 7.0; Windows NT 6.1; WOW64; Trident/5.0; SLCC2; .NET CLR 2.0.50727; .NET CLR 3.5.30729; .NET CLR 3.0.30729; Media Center PC 6.0; InfoPath.3; .NET4.0C; .NET4.0E)" 19360
192.168.74.78 - - [17/Feb/2013:07:18:39 +0600] "GET /pause/ajaxPause?pauseConfigId=&admin=0 HTTP/1.1" 200 986 "http://callider/pause/index" "Mozilla/4.0 (compatible; MSIE 7.0; Windows NT 6.1; WOW64; Trident/5.0; SLCC2; .NET CLR 2.0.50727; .NET CLR 3.5.30729; .NET CLR 3.0.30729; Media Center PC 6.0; InfoPath.3; .NET4.0C; MS-RTC LM 8; .NET4.0E)" 20333
192.168.12.61 - - [17/Feb/2013:07:18:40 +0600] "GET /pause/ajaxPause?pauseConfigId=&admin=0 HTTP/1.1" 200 985 "http://callider/pause/index" "Mozilla/4.0 (compatible; MSIE 7.0; Windows NT 6.1; Trident/5.0; SLCC2; .NET CLR 2.0.50727; .NET CLR 3.5.30729; .NET CLR 3.0.30729; Media Center PC 6.0; InfoPath.3; .NET4.0C; .NET4.0E)" 20508
192.168.12.69 - - [17/Feb/2013:07:18:40 +0600] "GET /pause/ajaxPause?pauseConfigId=&admin=0 HTTP/1.1" 200 986 "http://callider/pause/index" "Mozilla/4.0 (compatible; MSIE 7.0; Windows NT 6.1; Trident/5.0; SLCC2; .NET CLR 2.0.50727; .NET CLR 3.5.30729; .NET CLR 3.0.30729; Media Center PC 6.0; InfoPath.3; .NET4.0C; .NET4.0E; Tablet PC 2.0; AskTbFXTV5/5.14.1.20007)" 18641
192.168.74.91 - - [17/Feb/2013:07:18:40 +0600] "GET /pause/ajaxPause?pauseConfigId=&admin=0 HTTP/1.1" 200 986 "http://callider/pause/index" "Mozilla/4.0 (compatible; MSIE 7.0; Windows NT 6.1; WOW64; Trident/5.0; SLCC2; .NET CLR 2.0.50727; .NET CLR 3.5.30729; .NET CLR 3.0.30729; Media Center PC 6.0; InfoPath.3; .NET4.0C; MS-RTC LM 8; .NET4.0E)" 16949
192.168.74.151 - - [17/Feb/2013:07:18:40 +0600] "GET /pause/ajaxPause?pauseConfigId=&admin=0 HTTP/1.1" 200 987 "http://callider.kontur/pause/index" "Mozilla/5.0 (Windows NT 6.1; WOW64; rv:18.0) Gecko/20100101 Firefox/18.0" 23098
192.168.12.210 - - [17/Feb/2013:07:18:40 +0600] "GET /pause/ajaxPause?pauseConfigId=all&admin=1 HTTP/1.1" 200 1047 "http://callider/pause/index" "Mozilla/4.0 (compatible; MSIE 7.0; Windows NT 6.1; WOW64; Trident/5.0; SLCC2; .NET CLR 2.0.50727; .NET CLR 3.5.30729; .NET CLR 3.0.30729; Media Center PC 6.0; InfoPath.3; .NET4.0C; .NET4.0E)" 17913
192.168.12.9 - - [17/Feb/2013:07:18:41 +0600] "GET /tv/useUser HTTP/1.1" 200 432 "http://callider.kontur/site/index" "Mozilla/5.0 (Windows NT 6.1; WOW64) AppleWebKit/537.17 (KHTML, like Gecko) Chrome/24.0.1312.57 Safari/537.17" 17722
192.168.12.38 - - [17/Feb/2013:07:18:41 +0600] "GET /pause/ajaxPause?pauseConfigId=&admin=0 HTTP/1.1" 200 1040 "http://callider/pause/index" "Mozilla/4.0 (compatible; MSIE 7.0; Windows NT 6.1; WOW64; Trident/5.0; SLCC2; .NET CLR 2.0.50727; .NET CLR 3.5.30729; .NET CLR 3.0.30729; Media Center PC 6.0; InfoPath.3; .NET4.0C; .NET4.0E)" 22291
192.168.12.77 - - [17/Feb/2013:07:18:41 +0600] "GET /pause/ajaxPause?pauseConfigId=&admin=0 HTTP/1.1" 200 1039 "http://callider/pause/index" "Mozilla/4.0 (compatible; MSIE 7.0; Windows NT 6.1; Trident/5.0; SLCC2; .NET CLR 2.0.50727; .NET CLR 3.5.30729; .NET CLR 3.0.30729; Media Center PC 6.0; Tablet PC 2.0; InfoPath.3; .NET4.0C; .NET4.0E; MS-RTC LM 8)" 13569
192.168.65.56 - - [17/Feb/2013:07:18:41 +0600] "GET /pause/ajaxPause?pauseConfigId=all&admin=1 HTTP/1.1" 200 1046 "http://192.168.65.101/pause/index" "Mozilla/5.0 (Windows NT 5.1; rv:15.0) Gecko/20100101 Firefox/15.0" 28016
192.168.12.60 - - [17/Feb/2013:07:18:41 +0600] "GET /pause/ajaxPause?pauseConfigId=&admin=0 HTTP/1.1" 200 986 "http://callider/pause/index" "Mozilla/4.0 (compatible; MSIE 8.0; Windows NT 6.1; Trident/4.0; InfoPath.3; .NET4.0C; MS-RTC LM 8; .NET4.0E)" 23837
192.168.12.204 - - [17/Feb/2013:07:18:42 +0600] "GET /pause/ajaxPause?pauseConfigId=&admin=0 HTTP/1.1" 200 986 "http://callider/pause/index" "Mozilla/4.0 (compatible; MSIE 7.0; Windows NT 6.1; WOW64; Trident/4.0; SLCC2; .NET CLR 2.0.50727; .NET CLR 3.5.30729; .NET CLR 3.0.30729; Media Center PC 6.0; InfoPath.3; .NET4.0C; .NET4.0E; .NET CLR 1.1.4322)" 22255
192.168.74.78 - - [17/Feb/2013:07:18:44 +0600] "GET /pause/ajaxPause?pauseConfigId=&admin=0 HTTP/1.1" 200 987 "http://callider/pause/index" "Mozilla/4.0 (compatible; MSIE 7.0; Windows NT 6.1; WOW64; Trident/5.0; SLCC2; .NET CLR 2.0.50727; .NET CLR 3.5.30729; .NET CLR 3.0.30729; Media Center PC 6.0; InfoPath.3; .NET4.0C; MS-RTC LM 8; .NET4.0E)" 41230
192.168.12.69 - - [17/Feb/2013:07:18:45 +0600] "GET /pause/ajaxPause?pauseConfigId=&admin=0 HTTP/1.1" 200 986 "http://callider/pause/index" "Mozilla/4.0 (compatible; MSIE 7.0; Windows NT 6.1; Trident/5.0; SLCC2; .NET CLR 2.0.50727; .NET CLR 3.5.30729; .NET CLR 3.0.30729; Media Center PC 6.0; InfoPath.3; .NET4.0C; .NET4.0E; Tablet PC 2.0; AskTbFXTV5/5.14.1.20007)" 174525
192.168.12.61 - - [17/Feb/2013:07:18:45 +0600] "GET /pause/ajaxPause?pauseConfigId=&admin=0 HTTP/1.1" 200 985 "http://callider/pause/index" "Mozilla/4.0 (compatible; MSIE 7.0; Windows NT 6.1; Trident/5.0; SLCC2; .NET CLR 2.0.50727; .NET CLR 3.5.30729; .NET CLR 3.0.30729; Media Center PC 6.0; InfoPath.3; .NET4.0C; .NET4.0E)" 191320
192.168.74.91 - - [17/Feb/2013:07:18:45 +0600] "GET /pause/ajaxPause?pauseConfigId=&admin=0 HTTP/1.1" 200 986 "http://callider/pause/index" "Mozilla/4.0 (compatible; MSIE 7.0; Windows NT 6.1; WOW64; Trident/5.0; SLCC2; .NET CLR 2.0.50727; .NET CLR 3.5.30729; .NET CLR 3.0.30729; Media Center PC 6.0; InfoPath.3; .NET4.0C; MS-RTC LM 8; .NET4.0E)" 17957
192.168.74.151 - - [17/Feb/2013:07:18:45 +0600] "GET /pause/ajaxPause?pauseConfigId=&admin=0 HTTP/1.1" 200 987 "http://callider.kontur/pause/index" "Mozilla/5.0 (Windows NT 6.1; WOW64; rv:18.0) Gecko/20100101 Firefox/18.0" 21547
192.168.12.210 - - [17/Feb/2013:07:18:45 +0600] "GET /pause/ajaxPause?pauseConfigId=all&admin=1 HTTP/1.1" 200 1047 "http://callider/pause/index" "Mozilla/4.0 (compatible; MSIE 7.0; Windows NT 6.1; WOW64; Trident/5.0; SLCC2; .NET CLR 2.0.50727; .NET CLR 3.5.30729; .NET CLR 3.0.30729; Media Center PC 6.0; InfoPath.3; .NET4.0C; .NET4.0E)" 20993
192.168.12.38 - - [17/Feb/2013:07:18:46 +0600] "GET /pause/ajaxPause?pauseConfigId=&admin=0 HTTP/1.1" 200 1040 "http://callider/pause/index" "Mozilla/4.0 (compatible; MSIE 7.0; Windows NT 6.1; WOW64; Trident/5.0; SLCC2; .NET CLR 2.0.50727; .NET CLR 3.5.30729; .NET CLR 3.0.30729; Media Center PC 6.0; InfoPath.3; .NET4.0C; .NET4.0E)" 17792
192.168.12.77 - - [17/Feb/2013:07:18:46 +0600] "GET /pause/ajaxPause?pauseConfigId=&admin=0 HTTP/1.1" 200 1039 "http://callider/pause/index" "Mozilla/4.0 (compatible; MSIE 7.0; Windows NT 6.1; Trident/5.0; SLCC2; .NET CLR 2.0.50727; .NET CLR 3.5.30729; .NET CLR 3.0.30729; Media Center PC 6.0; Tablet PC 2.0; InfoPath.3; .NET4.0C; .NET4.0E; MS-RTC LM 8)" 14591
192.168.65.56 - - [17/Feb/2013:07:18:46 +0600] "GET /pause/ajaxPause?pauseConfigId=all&admin=1 HTTP/1.1" 200 1046 "http://192.168.65.101/pause/index" "Mozilla/5.0 (Windows NT 5.1; rv:15.0) Gecko/20100101 Firefox/15.0" 27875
192.168.12.60 - - [17/Feb/2013:07:18:46 +0600] "GET /pause/ajaxPause?pauseConfigId=&admin=0 HTTP/1.1" 200 986 "http://callider/pause/index" "Mozilla/4.0 (compatible; MSIE 8.0; Windows NT 6.1; Trident/4.0; InfoPath.3; .NET4.0C; MS-RTC LM 8; .NET4.0E)" 21007
192.168.12.204 - - [17/Feb/2013:07:18:47 +0600] "GET /pause/ajaxPause?pauseConfigId=&admin=0 HTTP/1.1" 200 986 "http://callider/pause/index" "Mozilla/4.0 (compatible; MSIE 7.0; Windows NT 6.1; WOW64; Trident/4.0; SLCC2; .NET CLR 2.0.50727; .NET CLR 3.5.30729; .NET CLR 3.0.30729; Media Center PC 6.0; InfoPath.3; .NET4.0C; .NET4.0E; .NET CLR 1.1.4322)" 19766
192.168.12.210 - - [17/Feb/2013:07:18:49 +0600] "GET /tv/useUser HTTP/1.1" 200 431 "http://callider/pause/index" "Mozilla/4.0 (compatible; MSIE 7.0; Windows NT 6.1; WOW64; Trident/5.0; SLCC2; .NET CLR 2.0.50727; .NET CLR 3.5.30729; .NET CLR 3.0.30729; Media Center PC 6.0; InfoPath.3; .NET4.0C; .NET4.0E)" 8336
192.168.74.78 - - [17/Feb/2013:07:18:49 +0600] "GET /pause/ajaxPause?pauseConfigId=&admin=0 HTTP/1.1" 200 986 "http://callider/pause/index" "Mozilla/4.0 (compatible; MSIE 7.0; Windows NT 6.1; WOW64; Trident/5.0; SLCC2; .NET CLR 2.0.50727; .NET CLR 3.5.30729; .NET CLR 3.0.30729; Media Center PC 6.0; InfoPath.3; .NET4.0C; MS-RTC LM 8; .NET4.0E)" 22733
192.168.12.69 - - [17/Feb/2013:07:18:50 +0600] "GET /pause/ajaxPause?pauseConfigId=&admin=0 HTTP/1.1" 200 986 "http://callider/pause/index" "Mozilla/4.0 (compatible; MSIE 7.0; Windows NT 6.1; Trident/5.0; SLCC2; .NET CLR 2.0.50727; .NET CLR 3.5.30729; .NET CLR 3.0.30729; Media Center PC 6.0; InfoPath.3; .NET4.0C; .NET4.0E; Tablet PC 2.0; AskTbFXTV5/5.14.1.20007)" 29672
192.168.12.61 - - [17/Feb/2013:07:18:50 +0600] "GET /pause/ajaxPause?pauseConfigId=&admin=0 HTTP/1.1" 200 985 "http://callider/pause/index" "Mozilla/4.0 (compatible; MSIE 7.0; Windows NT 6.1; Trident/5.0; SLCC2; .NET CLR 2.0.50727; .NET CLR 3.5.30729; .NET CLR 3.0.30729; Media Center PC 6.0; InfoPath.3; .NET4.0C; .NET4.0E)" 19356
192.168.74.91 - - [17/Feb/2013:07:18:50 +0600] "GET /pause/ajaxPause?pauseConfigId=&admin=0 HTTP/1.1" 200 986 "http://callider/pause/index" "Mozilla/4.0 (compatible; MSIE 7.0; Windows NT 6.1; WOW64; Trident/5.0; SLCC2; .NET CLR 2.0.50727; .NET CLR 3.5.30729; .NET CLR 3.0.30729; Media Center PC 6.0; InfoPath.3; .NET4.0C; MS-RTC LM 8; .NET4.0E)" 18820
192.168.74.151 - - [17/Feb/2013:07:18:50 +0600] "GET /pause/ajaxPause?pauseConfigId=&admin=0 HTTP/1.1" 200 987 "http://callider.kontur/pause/index" "Mozilla/5.0 (Windows NT 6.1; WOW64; rv:18.0) Gecko/20100101 Firefox/18.0" 18566
192.168.12.210 - - [17/Feb/2013:07:18:50 +0600] "GET /pause/ajaxPause?pauseConfigId=all&admin=1 HTTP/1.1" 200 1047 "http://callider/pause/index" "Mozilla/4.0 (compatible; MSIE 7.0; Windows NT 6.1; WOW64; Trident/5.0; SLCC2; .NET CLR 2.0.50727; .NET CLR 3.5.30729; .NET CLR 3.0.30729; Media Center PC 6.0; InfoPath.3; .NET4.0C; .NET4.0E)" 17386
192.168.12.38 - - [17/Feb/2013:07:18:51 +0600] "GET /pause/ajaxPause?pauseConfigId=&admin=0 HTTP/1.1" 200 1040 "http://callider/pause/index" "Mozilla/4.0 (compatible; MSIE 7.0; Windows NT 6.1; WOW64; Trident/5.0; SLCC2; .NET CLR 2.0.50727; .NET CLR 3.5.30729; .NET CLR 3.0.30729; Media Center PC 6.0; InfoPath.3; .NET4.0C; .NET4.0E)" 33533
192.168.12.77 - - [17/Feb/2013:07:18:51 +0600] "GET /pause/ajaxPause?pauseConfigId=&admin=0 HTTP/1.1" 200 1039 "http://callider/pause/index" "Mozilla/4.0 (compatible; MSIE 7.0; Windows NT 6.1; Trident/5.0; SLCC2; .NET CLR 2.0.50727; .NET CLR 3.5.30729; .NET CLR 3.0.30729; Media Center PC 6.0; Tablet PC 2.0; InfoPath.3; .NET4.0C; .NET4.0E; MS-RTC LM 8)" 13902
192.168.65.56 - - [17/Feb/2013:07:18:51 +0600] "GET /pause/ajaxPause?pauseConfigId=all&admin=1 HTTP/1.1" 200 1046 "http://192.168.65.101/pause/index" "Mozilla/5.0 (Windows NT 5.1; rv:15.0) Gecko/20100101 Firefox/15.0" 39384
192.168.65.56 - - [17/Feb/2013:07:18:51 +0600] "GET /tv/useUser HTTP/1.1" 200 431 "http://192.168.65.101/pause/index" "Mozilla/5.0 (Windows NT 5.1; rv:15.0) Gecko/20100101 Firefox/15.0" 9815
192.168.12.60 - - [17/Feb/2013:07:18:51 +0600] "GET /pause/ajaxPause?pauseConfigId=&admin=0 HTTP/1.1" 200 986 "http://callider/pause/index" "Mozilla/4.0 (compatible; MSIE 8.0; Windows NT 6.1; Trident/4.0; InfoPath.3; .NET4.0C; MS-RTC LM 8; .NET4.0E)" 18820
192.168.12.204 - - [17/Feb/2013:07:18:52 +0600] "GET /pause/ajaxPause?pauseConfigId=&admin=0 HTTP/1.1" 200 986 "http://callider/pause/index" "Mozilla/4.0 (compatible; MSIE 7.0; Windows NT 6.1; WOW64; Trident/4.0; SLCC2; .NET CLR 2.0.50727; .NET CLR 3.5.30729; .NET CLR 3.0.30729; Media Center PC 6.0; InfoPath.3; .NET4.0C; .NET4.0E; .NET CLR 1.1.4322)" 19137
192.168.74.78 - - [17/Feb/2013:07:18:54 +0600] "GET /pause/ajaxPause?pauseConfigId=&admin=0 HTTP/1.1" 200 986 "http://callider/pause/index" "Mozilla/4.0 (compatible; MSIE 7.0; Windows NT 6.1; WOW64; Trident/5.0; SLCC2; .NET CLR 2.0.50727; .NET CLR 3.5.30729; .NET CLR 3.0.30729; Media Center PC 6.0; InfoPath.3; .NET4.0C; MS-RTC LM 8; .NET4.0E)" 23577
192.168.12.69 - - [17/Feb/2013:07:18:55 +0600] "GET /pause/ajaxPause?pauseConfigId=&admin=0 HTTP/1.1" 200 986 "http://callider/pause/index" "Mozilla/4.0 (compatible; MSIE 7.0; Windows NT 6.1; Trident/5.0; SLCC2; .NET CLR 2.0.50727; .NET CLR 3.5.30729; .NET CLR 3.0.30729; Media Center PC 6.0; InfoPath.3; .NET4.0C; .NET4.0E; Tablet PC 2.0; AskTbFXTV5/5.14.1.20007)" 19824
192.168.12.61 - - [17/Feb/2013:07:18:55 +0600] "GET /pause/ajaxPause?pauseConfigId=&admin=0 HTTP/1.1" 200 985 "http://callider/pause/index" "Mozilla/4.0 (compatible; MSIE 7.0; Windows NT 6.1; Trident/5.0; SLCC2; .NET CLR 2.0.50727; .NET CLR 3.5.30729; .NET CLR 3.0.30729; Media Center PC 6.0; InfoPath.3; .NET4.0C; .NET4.0E)" 18870
192.168.74.91 - - [17/Feb/2013:07:18:55 +0600] "GET /pause/ajaxPause?pauseConfigId=&admin=0 HTTP/1.1" 200 986 "http://callider/pause/index" "Mozilla/4.0 (compatible; MSIE 7.0; Windows NT 6.1; WOW64; Trident/5.0; SLCC2; .NET CLR 2.0.50727; .NET CLR 3.5.30729; .NET CLR 3.0.30729; Media Center PC 6.0; InfoPath.3; .NET4.0C; MS-RTC LM 8; .NET4.0E)" 19674
192.168.74.151 - - [17/Feb/2013:07:18:55 +0600] "GET /pause/ajaxPause?pauseConfigId=&admin=0 HTTP/1.1" 200 987 "http://callider.kontur/pause/index" "Mozilla/5.0 (Windows NT 6.1; WOW64; rv:18.0) Gecko/20100101 Firefox/18.0" 18150
192.168.12.210 - - [17/Feb/2013:07:18:55 +0600] "GET /pause/ajaxPause?pauseConfigId=all&admin=1 HTTP/1.1" 200 1047 "http://callider/pause/index" "Mozilla/4.0 (compatible; MSIE 7.0; Windows NT 6.1; WOW64; Trident/5.0; SLCC2; .NET CLR 2.0.50727; .NET CLR 3.5.30729; .NET CLR 3.0.30729; Media Center PC 6.0; InfoPath.3; .NET4.0C; .NET4.0E)" 19092
192.168.12.77 - - [17/Feb/2013:07:18:56 +0600] "GET /pause/ajaxPause?pauseConfigId=&admin=0 HTTP/1.1" 200 1039 "http://callider/pause/index" "Mozilla/4.0 (compatible; MSIE 7.0; Windows NT 6.1; Trident/5.0; SLCC2; .NET CLR 2.0.50727; .NET CLR 3.5.30729; .NET CLR 3.0.30729; Media Center PC 6.0; Tablet PC 2.0; InfoPath.3; .NET4.0C; .NET4.0E; MS-RTC LM 8)" 13187
192.168.12.38 - - [17/Feb/2013:07:18:56 +0600] "GET /pause/ajaxPause?pauseConfigId=&admin=0 HTTP/1.1" 200 1040 "http://callider/pause/index" "Mozilla/4.0 (compatible; MSIE 7.0; Windows NT 6.1; WOW64; Trident/5.0; SLCC2; .NET CLR 2.0.50727; .NET CLR 3.5.30729; .NET CLR 3.0.30729; Media Center PC 6.0; InfoPath.3; .NET4.0C; .NET4.0E)" 20815
192.168.65.56 - - [17/Feb/2013:07:18:56 +0600] "GET /pause/ajaxPause?pauseConfigId=all&admin=1 HTTP/1.1" 200 1046 "http://192.168.65.101/pause/index" "Mozilla/5.0 (Windows NT 5.1; rv:15.0) Gecko/20100101 Firefox/15.0" 42353
192.168.12.60 - - [17/Feb/2013:07:18:56 +0600] "GET /pause/ajaxPause?pauseConfigId=&admin=0 HTTP/1.1" 200 986 "http://callider/pause/index" "Mozilla/4.0 (compatible; MSIE 8.0; Windows NT 6.1; Trident/4.0; InfoPath.3; .NET4.0C; MS-RTC LM 8; .NET4.0E)" 18532
192.168.12.204 - - [17/Feb/2013:07:18:57 +0600] "GET /pause/ajaxPause?pauseConfigId=&admin=0 HTTP/1.1" 200 986 "http://callider/pause/index" "Mozilla/4.0 (compatible; MSIE 7.0; Windows NT 6.1; WOW64; Trident/4.0; SLCC2; .NET CLR 2.0.50727; .NET CLR 3.5.30729; .NET CLR 3.0.30729; Media Center PC 6.0; InfoPath.3; .NET4.0C; .NET4.0E; .NET CLR 1.1.4322)" 20266
192.168.74.78 - - [17/Feb/2013:07:18:59 +0600] "GET /pause/ajaxPause?pauseConfigId=&admin=0 HTTP/1.1" 200 986 "http://callider/pause/index" "Mozilla/4.0 (compatible; MSIE 7.0; Windows NT 6.1; WOW64; Trident/5.0; SLCC2; .NET CLR 2.0.50727; .NET CLR 3.5.30729; .NET CLR 3.0.30729; Media Center PC 6.0; InfoPath.3; .NET4.0C; MS-RTC LM 8; .NET4.0E)" 28750
192.168.12.69 - - [17/Feb/2013:07:19:00 +0600] "GET /pause/ajaxPause?pauseConfigId=&admin=0 HTTP/1.1" 200 986 "http://callider/pause/index" "Mozilla/4.0 (compatible; MSIE 7.0; Windows NT 6.1; Trident/5.0; SLCC2; .NET CLR 2.0.50727; .NET CLR 3.5.30729; .NET CLR 3.0.30729; Media Center PC 6.0; InfoPath.3; .NET4.0C; .NET4.0E; Tablet PC 2.0; AskTbFXTV5/5.14.1.20007)" 27807
192.168.12.61 - - [17/Feb/2013:07:19:00 +0600] "GET /pause/ajaxPause?pauseConfigId=&admin=0 HTTP/1.1" 200 985 "http://callider/pause/index" "Mozilla/4.0 (compatible; MSIE 7.0; Windows NT 6.1; Trident/5.0; SLCC2; .NET CLR 2.0.50727; .NET CLR 3.5.30729; .NET CLR 3.0.30729; Media Center PC 6.0; InfoPath.3; .NET4.0C; .NET4.0E)" 30694
192.168.74.91 - - [17/Feb/2013:07:19:00 +0600] "GET /pause/ajaxPause?pauseConfigId=&admin=0 HTTP/1.1" 200 986 "http://callider/pause/index" "Mozilla/4.0 (compatible; MSIE 7.0; Windows NT 6.1; WOW64; Trident/5.0; SLCC2; .NET CLR 2.0.50727; .NET CLR 3.5.30729; .NET CLR 3.0.30729; Media Center PC 6.0; InfoPath.3; .NET4.0C; MS-RTC LM 8; .NET4.0E)" 21846
192.168.74.151 - - [17/Feb/2013:07:19:00 +0600] "GET /pause/ajaxPause?pauseConfigId=&admin=0 HTTP/1.1" 200 987 "http://callider.kontur/pause/index" "Mozilla/5.0 (Windows NT 6.1; WOW64; rv:18.0) Gecko/20100101 Firefox/18.0" 51410
192.168.12.210 - - [17/Feb/2013:07:19:00 +0600] "GET /pause/ajaxPause?pauseConfigId=all&admin=1 HTTP/1.1" 200 1047 "http://callider/pause/index" "Mozilla/4.0 (compatible; MSIE 7.0; Windows NT 6.1; WOW64; Trident/5.0; SLCC2; .NET CLR 2.0.50727; .NET CLR 3.5.30729; .NET CLR 3.0.30729; Media Center PC 6.0; InfoPath.3; .NET4.0C; .NET4.0E)" 18630
192.168.64.119 - - [17/Feb/2013:07:19:00 +0600] "HEAD / HTTP/1.0" 302 435 "-" "WhatsUp/1.0" 13534
192.168.64.119 - - [17/Feb/2013:07:19:00 +0600] "GET / HTTP/1.1" 302 454 "-" "Mozilla/4.0 (compatible; MSIE 8.0; Windows NT 5.2; Trident/4.0)" 13915
192.168.64.119 - - [17/Feb/2013:07:19:00 +0600] "GET /site/login HTTP/1.1" 200 7423 "-" "Mozilla/4.0 (compatible; MSIE 8.0; Windows NT 5.2; Trident/4.0)" 21814
192.168.12.77 - - [17/Feb/2013:07:19:01 +0600] "GET /pause/ajaxPause?pauseConfigId=&admin=0 HTTP/1.1" 200 1039 "http://callider/pause/index" "Mozilla/4.0 (compatible; MSIE 7.0; Windows NT 6.1; Trident/5.0; SLCC2; .NET CLR 2.0.50727; .NET CLR 3.5.30729; .NET CLR 3.0.30729; Media Center PC 6.0; Tablet PC 2.0; InfoPath.3; .NET4.0C; .NET4.0E; MS-RTC LM 8)" 26813
192.168.12.38 - - [17/Feb/2013:07:19:01 +0600] "GET /pause/ajaxPause?pauseConfigId=&admin=0 HTTP/1.1" 200 1040 "http://callider/pause/index" "Mozilla/4.0 (compatible; MSIE 7.0; Windows NT 6.1; WOW64; Trident/5.0; SLCC2; .NET CLR 2.0.50727; .NET CLR 3.5.30729; .NET CLR 3.0.30729; Media Center PC 6.0; InfoPath.3; .NET4.0C; .NET4.0E)" 35588
192.168.65.56 - - [17/Feb/2013:07:19:01 +0600] "GET /pause/ajaxPause?pauseConfigId=all&admin=1 HTTP/1.1" 200 1046 "http://192.168.65.101/pause/index" "Mozilla/5.0 (Windows NT 5.1; rv:15.0) Gecko/20100101 Firefox/15.0" 39405
192.168.12.60 - - [17/Feb/2013:07:19:01 +0600] "GET /pause/ajaxPause?pauseConfigId=&admin=0 HTTP/1.1" 200 986 "http://callider/pause/index" "Mozilla/4.0 (compatible; MSIE 8.0; Windows NT 6.1; Trident/4.0; InfoPath.3; .NET4.0C; MS-RTC LM 8; .NET4.0E)" 28981
192.168.12.204 - - [17/Feb/2013:07:19:02 +0600] "GET /pause/ajaxPause?pauseConfigId=&admin=0 HTTP/1.1" 200 986 "http://callider/pause/index" "Mozilla/4.0 (compatible; MSIE 7.0; Windows NT 6.1; WOW64; Trident/4.0; SLCC2; .NET CLR 2.0.50727; .NET CLR 3.5.30729; .NET CLR 3.0.30729; Media Center PC 6.0; InfoPath.3; .NET4.0C; .NET4.0E; .NET CLR 1.1.4322)" 30378
192.168.74.78 - - [17/Feb/2013:07:19:04 +0600] "GET /pause/ajaxPause?pauseConfigId=&admin=0 HTTP/1.1" 200 986 "http://callider/pause/index" "Mozilla/4.0 (compatible; MSIE 7.0; Windows NT 6.1; WOW64; Trident/5.0; SLCC2; .NET CLR 2.0.50727; .NET CLR 3.5.30729; .NET CLR 3.0.30729; Media Center PC 6.0; InfoPath.3; .NET4.0C; MS-RTC LM 8; .NET4.0E)" 35661
192.168.12.69 - - [17/Feb/2013:07:19:05 +0600] "GET /pause/ajaxPause?pauseConfigId=&admin=0 HTTP/1.1" 200 986 "http://callider/pause/index" "Mozilla/4.0 (compatible; MSIE 7.0; Windows NT 6.1; Trident/5.0; SLCC2; .NET CLR 2.0.50727; .NET CLR 3.5.30729; .NET CLR 3.0.30729; Media Center PC 6.0; InfoPath.3; .NET4.0C; .NET4.0E; Tablet PC 2.0; AskTbFXTV5/5.14.1.20007)" 34155
192.168.12.61 - - [17/Feb/2013:07:19:05 +0600] "GET /pause/ajaxPause?pauseConfigId=&admin=0 HTTP/1.1" 200 985 "http://callider/pause/index" "Mozilla/4.0 (compatible; MSIE 7.0; Windows NT 6.1; Trident/5.0; SLCC2; .NET CLR 2.0.50727; .NET CLR 3.5.30729; .NET CLR 3.0.30729; Media Center PC 6.0; InfoPath.3; .NET4.0C; .NET4.0E)" 32981
192.168.12.61 - - [17/Feb/2013:07:19:05 +0600] "GET /tv/useUser HTTP/1.1" 200 431 "http://callider/pause/index" "Mozilla/4.0 (compatible; MSIE 7.0; Windows NT 6.1; Trident/5.0; SLCC2; .NET CLR 2.0.50727; .NET CLR 3.5.30729; .NET CLR 3.0.30729; Media Center PC 6.0; InfoPath.3; .NET4.0C; .NET4.0E)" 8899
192.168.74.91 - - [17/Feb/2013:07:19:05 +0600] "GET /pause/ajaxPause?pauseConfigId=&admin=0 HTTP/1.1" 200 986 "http://callider/pause/index" "Mozilla/4.0 (compatible; MSIE 7.0; Windows NT 6.1; WOW64; Trident/5.0; SLCC2; .NET CLR 2.0.50727; .NET CLR 3.5.30729; .NET CLR 3.0.30729; Media Center PC 6.0; InfoPath.3; .NET4.0C; MS-RTC LM 8; .NET4.0E)" 27997
192.168.74.151 - - [17/Feb/2013:07:19:05 +0600] "GET /pause/ajaxPause?pauseConfigId=&admin=0 HTTP/1.1" 200 987 "http://callider.kontur/pause/index" "Mozilla/5.0 (Windows NT 6.1; WOW64; rv:18.0) Gecko/20100101 Firefox/18.0" 26455
192.168.12.210 - - [17/Feb/2013:07:19:05 +0600] "GET /pause/ajaxPause?pauseConfigId=all&admin=1 HTTP/1.1" 200 1047 "http://callider/pause/index" "Mozilla/4.0 (compatible; MSIE 7.0; Windows NT 6.1; WOW64; Trident/5.0; SLCC2; .NET CLR 2.0.50727; .NET CLR 3.5.30729; .NET CLR 3.0.30729; Media Center PC 6.0; InfoPath.3; .NET4.0C; .NET4.0E)" 30515
192.168.12.77 - - [17/Feb/2013:07:19:06 +0600] "GET /pause/ajaxPause?pauseConfigId=&admin=0 HTTP/1.1" 200 1039 "http://callider/pause/index" "Mozilla/4.0 (compatible; MSIE 7.0; Windows NT 6.1; Trident/5.0; SLCC2; .NET CLR 2.0.50727; .NET CLR 3.5.30729; .NET CLR 3.0.30729; Media Center PC 6.0; Tablet PC 2.0; InfoPath.3; .NET4.0C; .NET4.0E; MS-RTC LM 8)" 14005
192.168.12.38 - - [17/Feb/2013:07:19:06 +0600] "GET /pause/ajaxPause?pauseConfigId=&admin=0 HTTP/1.1" 200 1040 "http://callider/pause/index" "Mozilla/4.0 (compatible; MSIE 7.0; Windows NT 6.1; WOW64; Trident/5.0; SLCC2; .NET CLR 2.0.50727; .NET CLR 3.5.30729; .NET CLR 3.0.30729; Media Center PC 6.0; InfoPath.3; .NET4.0C; .NET4.0E)" 23072
192.168.65.56 - - [17/Feb/2013:07:19:06 +0600] "GET /pause/ajaxPause?pauseConfigId=all&admin=1 HTTP/1.1" 200 1046 "http://192.168.65.101/pause/index" "Mozilla/5.0 (Windows NT 5.1; rv:15.0) Gecko/20100101 Firefox/15.0" 49094
192.168.12.60 - - [17/Feb/2013:07:19:07 +0600] "GET /pause/ajaxPause?pauseConfigId=&admin=0 HTTP/1.1" 200 986 "http://callider/pause/index" "Mozilla/4.0 (compatible; MSIE 8.0; Windows NT 6.1; Trident/4.0; InfoPath.3; .NET4.0C; MS-RTC LM 8; .NET4.0E)" 25494
192.168.12.204 - - [17/Feb/2013:07:19:07 +0600] "GET /pause/ajaxPause?pauseConfigId=&admin=0 HTTP/1.1" 200 986 "http://callider/pause/index" "Mozilla/4.0 (compatible; MSIE 7.0; Windows NT 6.1; WOW64; Trident/4.0; SLCC2; .NET CLR 2.0.50727; .NET CLR 3.5.30729; .NET CLR 3.0.30729; Media Center PC 6.0; InfoPath.3; .NET4.0C; .NET4.0E; .NET CLR 1.1.4322)" 22962
192.168.74.78 - - [17/Feb/2013:07:19:09 +0600] "GET /pause/ajaxPause?pauseConfigId=&admin=0 HTTP/1.1" 200 986 "http://callider/pause/index" "Mozilla/4.0 (compatible; MSIE 7.0; Windows NT 6.1; WOW64; Trident/5.0; SLCC2; .NET CLR 2.0.50727; .NET CLR 3.5.30729; .NET CLR 3.0.30729; Media Center PC 6.0; InfoPath.3; .NET4.0C; MS-RTC LM 8; .NET4.0E)" 22483
192.168.12.69 - - [17/Feb/2013:07:19:10 +0600] "GET /pause/ajaxPause?pauseConfigId=&admin=0 HTTP/1.1" 200 986 "http://callider/pause/index" "Mozilla/4.0 (compatible; MSIE 7.0; Windows NT 6.1; Trident/5.0; SLCC2; .NET CLR 2.0.50727; .NET CLR 3.5.30729; .NET CLR 3.0.30729; Media Center PC 6.0; InfoPath.3; .NET4.0C; .NET4.0E; Tablet PC 2.0; AskTbFXTV5/5.14.1.20007)" 19798
192.168.12.61 - - [17/Feb/2013:07:19:10 +0600] "GET /pause/ajaxPause?pauseConfigId=&admin=0 HTTP/1.1" 200 985 "http://callider/pause/index" "Mozilla/4.0 (compatible; MSIE 7.0; Windows NT 6.1; Trident/5.0; SLCC2; .NET CLR 2.0.50727; .NET CLR 3.5.30729; .NET CLR 3.0.30729; Media Center PC 6.0; InfoPath.3; .NET4.0C; .NET4.0E)" 20268
192.168.74.91 - - [17/Feb/2013:07:19:10 +0600] "GET /pause/ajaxPause?pauseConfigId=&admin=0 HTTP/1.1" 200 986 "http://callider/pause/index" "Mozilla/4.0 (compatible; MSIE 7.0; Windows NT 6.1; WOW64; Trident/5.0; SLCC2; .NET CLR 2.0.50727; .NET CLR 3.5.30729; .NET CLR 3.0.30729; Media Center PC 6.0; InfoPath.3; .NET4.0C; MS-RTC LM 8; .NET4.0E)" 17801
192.168.74.151 - - [17/Feb/2013:07:19:10 +0600] "GET /pause/ajaxPause?pauseConfigId=&admin=0 HTTP/1.1" 200 987 "http://callider.kontur/pause/index" "Mozilla/5.0 (Windows NT 6.1; WOW64; rv:18.0) Gecko/20100101 Firefox/18.0" 19311
192.168.12.210 - - [17/Feb/2013:07:19:10 +0600] "GET /pause/ajaxPause?pauseConfigId=all&admin=1 HTTP/1.1" 200 1047 "http://callider/pause/index" "Mozilla/4.0 (compatible; MSIE 7.0; Windows NT 6.1; WOW64; Trident/5.0; SLCC2; .NET CLR 2.0.50727; .NET CLR 3.5.30729; .NET CLR 3.0.30729; Media Center PC 6.0; InfoPath.3; .NET4.0C; .NET4.0E)" 22140
192.168.12.42 - - [17/Feb/2013:07:19:11 +0600] "GET /tv/useUser HTTP/1.1" 200 432 "http://callider/graph/personal" "Mozilla/4.0 (compatible; MSIE 7.0; Windows NT 6.1; WOW64; Trident/5.0; SLCC2; .NET CLR 2.0.50727; .NET CLR 3.5.30729; .NET CLR 3.0.30729; Media Center PC 6.0; InfoPath.3; .NET4.0C; .NET4.0E)" 24161
192.168.12.38 - - [17/Feb/2013:07:19:11 +0600] "GET /pause/ajaxPause?pauseConfigId=&admin=0 HTTP/1.1" 200 1040 "http://callider/pause/index" "Mozilla/4.0 (compatible; MSIE 7.0; Windows NT 6.1; WOW64; Trident/5.0; SLCC2; .NET CLR 2.0.50727; .NET CLR 3.5.30729; .NET CLR 3.0.30729; Media Center PC 6.0; InfoPath.3; .NET4.0C; .NET4.0E)" 19094
192.168.12.77 - - [17/Feb/2013:07:19:11 +0600] "GET /pause/ajaxPause?pauseConfigId=&admin=0 HTTP/1.1" 200 1039 "http://callider/pause/index" "Mozilla/4.0 (compatible; MSIE 7.0; Windows NT 6.1; Trident/5.0; SLCC2; .NET CLR 2.0.50727; .NET CLR 3.5.30729; .NET CLR 3.0.30729; Media Center PC 6.0; Tablet PC 2.0; InfoPath.3; .NET4.0C; .NET4.0E; MS-RTC LM 8)" 15877
192.168.65.56 - - [17/Feb/2013:07:19:11 +0600] "GET /pause/ajaxPause?pauseConfigId=all&admin=1 HTTP/1.1" 200 1046 "http://192.168.65.101/pause/index" "Mozilla/5.0 (Windows NT 5.1; rv:15.0) Gecko/20100101 Firefox/15.0" 36289
192.168.12.60 - - [17/Feb/2013:07:19:12 +0600] "GET /pause/ajaxPause?pauseConfigId=&admin=0 HTTP/1.1" 200 986 "http://callider/pause/index" "Mozilla/4.0 (compatible; MSIE 8.0; Windows NT 6.1; Trident/4.0; InfoPath.3; .NET4.0C; MS-RTC LM 8; .NET4.0E)" 26842
192.168.12.204 - - [17/Feb/2013:07:19:12 +0600] "GET /pause/ajaxPause?pauseConfigId=&admin=0 HTTP/1.1" 200 986 "http://callider/pause/index" "Mozilla/4.0 (compatible; MSIE 7.0; Windows NT 6.1; WOW64; Trident/4.0; SLCC2; .NET CLR 2.0.50727; .NET CLR 3.5.30729; .NET CLR 3.0.30729; Media Center PC 6.0; InfoPath.3; .NET4.0C; .NET4.0E; .NET CLR 1.1.4322)" 19274
192.168.74.151 - - [17/Feb/2013:07:19:13 +0600] "GET /tv/useUser HTTP/1.1" 200 431 "http://callider.kontur/graph/general" "Mozilla/5.0 (Windows NT 6.1; WOW64; rv:18.0) Gecko/20100101 Firefox/18.0" 9792
192.168.74.78 - - [17/Feb/2013:07:19:14 +0600] "GET /pause/ajaxPause?pauseConfigId=&admin=0 HTTP/1.1" 200 986 "http://callider/pause/index" "Mozilla/4.0 (compatible; MSIE 7.0; Windows NT 6.1; WOW64; Trident/5.0; SLCC2; .NET CLR 2.0.50727; .NET CLR 3.5.30729; .NET CLR 3.0.30729; Media Center PC 6.0; InfoPath.3; .NET4.0C; MS-RTC LM 8; .NET4.0E)" 21327
192.168.12.69 - - [17/Feb/2013:07:19:15 +0600] "GET /pause/ajaxPause?pauseConfigId=&admin=0 HTTP/1.1" 200 986 "http://callider/pause/index" "Mozilla/4.0 (compatible; MSIE 7.0; Windows NT 6.1; Trident/5.0; SLCC2; .NET CLR 2.0.50727; .NET CLR 3.5.30729; .NET CLR 3.0.30729; Media Center PC 6.0; InfoPath.3; .NET4.0C; .NET4.0E; Tablet PC 2.0; AskTbFXTV5/5.14.1.20007)" 18377
192.168.12.61 - - [17/Feb/2013:07:19:15 +0600] "GET /pause/ajaxPause?pauseConfigId=&admin=0 HTTP/1.1" 200 985 "http://callider/pause/index" "Mozilla/4.0 (compatible; MSIE 7.0; Windows NT 6.1; Trident/5.0; SLCC2; .NET CLR 2.0.50727; .NET CLR 3.5.30729; .NET CLR 3.0.30729; Media Center PC 6.0; InfoPath.3; .NET4.0C; .NET4.0E)" 19407
192.168.74.91 - - [17/Feb/2013:07:19:15 +0600] "GET /pause/ajaxPause?pauseConfigId=&admin=0 HTTP/1.1" 200 986 "http://callider/pause/index" "Mozilla/4.0 (compatible; MSIE 7.0; Windows NT 6.1; WOW64; Trident/5.0; SLCC2; .NET CLR 2.0.50727; .NET CLR 3.5.30729; .NET CLR 3.0.30729; Media Center PC 6.0; InfoPath.3; .NET4.0C; MS-RTC LM 8; .NET4.0E)" 21826
192.168.74.151 - - [17/Feb/2013:07:19:15 +0600] "GET /pause/ajaxPause?pauseConfigId=&admin=0 HTTP/1.1" 200 987 "http://callider.kontur/pause/index" "Mozilla/5.0 (Windows NT 6.1; WOW64; rv:18.0) Gecko/20100101 Firefox/18.0" 19466
192.168.74.151 - - [17/Feb/2013:07:19:15 +0600] "GET /tv/useUser HTTP/1.1" 200 432 "http://callider.kontur/pause/index" "Mozilla/5.0 (Windows NT 6.1; WOW64; rv:18.0) Gecko/20100101 Firefox/18.0" 14955
192.168.12.210 - - [17/Feb/2013:07:19:15 +0600] "GET /pause/ajaxPause?pauseConfigId=all&admin=1 HTTP/1.1" 200 1047 "http://callider/pause/index" "Mozilla/4.0 (compatible; MSIE 7.0; Windows NT 6.1; WOW64; Trident/5.0; SLCC2; .NET CLR 2.0.50727; .NET CLR 3.5.30729; .NET CLR 3.0.30729; Media Center PC 6.0; InfoPath.3; .NET4.0C; .NET4.0E)" 19563
192.168.12.38 - - [17/Feb/2013:07:19:16 +0600] "GET /pause/ajaxPause?pauseConfigId=&admin=0 HTTP/1.1" 200 1040 "http://callider/pause/index" "Mozilla/4.0 (compatible; MSIE 7.0; Windows NT 6.1; WOW64; Trident/5.0; SLCC2; .NET CLR 2.0.50727; .NET CLR 3.5.30729; .NET CLR 3.0.30729; Media Center PC 6.0; InfoPath.3; .NET4.0C; .NET4.0E)" 18448
192.168.12.77 - - [17/Feb/2013:07:19:16 +0600] "GET /pause/ajaxPause?pauseConfigId=&admin=0 HTTP/1.1" 200 1039 "http://callider/pause/index" "Mozilla/4.0 (compatible; MSIE 7.0; Windows NT 6.1; Trident/5.0; SLCC2; .NET CLR 2.0.50727; .NET CLR 3.5.30729; .NET CLR 3.0.30729; Media Center PC 6.0; Tablet PC 2.0; InfoPath.3; .NET4.0C; .NET4.0E; MS-RTC LM 8)" 13347
192.168.65.56 - - [17/Feb/2013:07:19:16 +0600] "GET /pause/ajaxPause?pauseConfigId=all&admin=1 HTTP/1.1" 200 1046 "http://192.168.65.101/pause/index" "Mozilla/5.0 (Windows NT 5.1; rv:15.0) Gecko/20100101 Firefox/15.0" 28770
192.168.12.60 - - [17/Feb/2013:07:19:17 +0600] "GET /pause/ajaxPause?pauseConfigId=&admin=0 HTTP/1.1" 200 986 "http://callider/pause/index" "Mozilla/4.0 (compatible; MSIE 8.0; Windows NT 6.1; Trident/4.0; InfoPath.3; .NET4.0C; MS-RTC LM 8; .NET4.0E)" 27461
192.168.12.204 - - [17/Feb/2013:07:19:17 +0600] "GET /pause/ajaxPause?pauseConfigId=&admin=0 HTTP/1.1" 200 986 "http://callider/pause/index" "Mozilla/4.0 (compatible; MSIE 7.0; Windows NT 6.1; WOW64; Trident/4.0; SLCC2; .NET CLR 2.0.50727; .NET CLR 3.5.30729; .NET CLR 3.0.30729; Media Center PC 6.0; InfoPath.3; .NET4.0C; .NET4.0E; .NET CLR 1.1.4322)" 21383
192.168.74.78 - - [17/Feb/2013:07:19:19 +0600] "GET /pause/ajaxPause?pauseConfigId=&admin=0 HTTP/1.1" 200 986 "http://callider/pause/index" "Mozilla/4.0 (compatible; MSIE 7.0; Windows NT 6.1; WOW64; Trident/5.0; SLCC2; .NET CLR 2.0.50727; .NET CLR 3.5.30729; .NET CLR 3.0.30729; Media Center PC 6.0; InfoPath.3; .NET4.0C; MS-RTC LM 8; .NET4.0E)" 21060
192.168.12.10 - - [17/Feb/2013:07:19:19 +0600] "GET /tv/useUser HTTP/1.1" 200 432 "http://callider/graph/personal" "Mozilla/4.0 (compatible; MSIE 7.0; Windows NT 6.1; Trident/5.0; SLCC2; .NET CLR 2.0.50727; .NET CLR 3.5.30729; .NET CLR 3.0.30729; Media Center PC 6.0; InfoPath.3; .NET4.0C; .NET4.0E; Tablet PC 2.0; MS-RTC LM 8)" 16664
192.168.12.108 - - [17/Feb/2013:07:19:19 +0600] "GET /tv/useUser HTTP/1.1" 200 432 "http://callider/index.php" "Mozilla/4.0 (compatible; MSIE 7.0; Windows NT 6.2; WOW64; Trident/6.0; .NET4.0E; .NET4.0C; InfoPath.3; .NET CLR 3.5.30729; .NET CLR 2.0.50727; .NET CLR 3.0.30729)" 16226
192.168.12.69 - - [17/Feb/2013:07:19:20 +0600] "GET /pause/ajaxPause?pauseConfigId=&admin=0 HTTP/1.1" 200 986 "http://callider/pause/index" "Mozilla/4.0 (compatible; MSIE 7.0; Windows NT 6.1; Trident/5.0; SLCC2; .NET CLR 2.0.50727; .NET CLR 3.5.30729; .NET CLR 3.0.30729; Media Center PC 6.0; InfoPath.3; .NET4.0C; .NET4.0E; Tablet PC 2.0; AskTbFXTV5/5.14.1.20007)" 32165
192.168.12.61 - - [17/Feb/2013:07:19:20 +0600] "GET /pause/ajaxPause?pauseConfigId=&admin=0 HTTP/1.1" 200 985 "http://callider/pause/index" "Mozilla/4.0 (compatible; MSIE 7.0; Windows NT 6.1; Trident/5.0; SLCC2; .NET CLR 2.0.50727; .NET CLR 3.5.30729; .NET CLR 3.0.30729; Media Center PC 6.0; InfoPath.3; .NET4.0C; .NET4.0E)" 31766
192.168.74.91 - - [17/Feb/2013:07:19:20 +0600] "GET /pause/ajaxPause?pauseConfigId=&admin=0 HTTP/1.1" 200 986 "http://callider/pause/index" "Mozilla/4.0 (compatible; MSIE 7.0; Windows NT 6.1; WOW64; Trident/5.0; SLCC2; .NET CLR 2.0.50727; .NET CLR 3.5.30729; .NET CLR 3.0.30729; Media Center PC 6.0; InfoPath.3; .NET4.0C; MS-RTC LM 8; .NET4.0E)" 25508
192.168.74.151 - - [17/Feb/2013:07:19:20 +0600] "GET /pause/ajaxPause?pauseConfigId=&admin=0 HTTP/1.1" 200 987 "http://callider.kontur/pause/index" "Mozilla/5.0 (Windows NT 6.1; WOW64; rv:18.0) Gecko/20100101 Firefox/18.0" 21793
192.168.12.210 - - [17/Feb/2013:07:19:20 +0600] "GET /pause/ajaxPause?pauseConfigId=all&admin=1 HTTP/1.1" 200 1047 "http://callider/pause/index" "Mozilla/4.0 (compatible; MSIE 7.0; Windows NT 6.1; WOW64; Trident/5.0; SLCC2; .NET CLR 2.0.50727; .NET CLR 3.5.30729; .NET CLR 3.0.30729; Media Center PC 6.0; InfoPath.3; .NET4.0C; .NET4.0E)" 19666
192.168.12.77 - - [17/Feb/2013:07:19:21 +0600] "GET /pause/ajaxPause?pauseConfigId=&admin=0 HTTP/1.1" 200 1039 "http://callider/pause/index" "Mozilla/4.0 (compatible; MSIE 7.0; Windows NT 6.1; Trident/5.0; SLCC2; .NET CLR 2.0.50727; .NET CLR 3.5.30729; .NET CLR 3.0.30729; Media Center PC 6.0; Tablet PC 2.0; InfoPath.3; .NET4.0C; .NET4.0E; MS-RTC LM 8)" 13293
192.168.12.38 - - [17/Feb/2013:07:19:21 +0600] "GET /pause/ajaxPause?pauseConfigId=&admin=0 HTTP/1.1" 200 1040 "http://callider/pause/index" "Mozilla/4.0 (compatible; MSIE 7.0; Windows NT 6.1; WOW64; Trident/5.0; SLCC2; .NET CLR 2.0.50727; .NET CLR 3.5.30729; .NET CLR 3.0.30729; Media Center PC 6.0; InfoPath.3; .NET4.0C; .NET4.0E)" 20537
192.168.65.56 - - [17/Feb/2013:07:19:21 +0600] "GET /pause/ajaxPause?pauseConfigId=all&admin=1 HTTP/1.1" 200 1046 "http://192.168.65.101/pause/index" "Mozilla/5.0 (Windows NT 5.1; rv:15.0) Gecko/20100101 Firefox/15.0" 33286
192.168.12.60 - - [17/Feb/2013:07:19:22 +0600] "GET /pause/ajaxPause?pauseConfigId=&admin=0 HTTP/1.1" 200 986 "http://callider/pause/index" "Mozilla/4.0 (compatible; MSIE 8.0; Windows NT 6.1; Trident/4.0; InfoPath.3; .NET4.0C; MS-RTC LM 8; .NET4.0E)" 21834
192.168.12.204 - - [17/Feb/2013:07:19:22 +0600] "GET /pause/ajaxPause?pauseConfigId=&admin=0 HTTP/1.1" 200 986 "http://callider/pause/index" "Mozilla/4.0 (compatible; MSIE 7.0; Windows NT 6.1; WOW64; Trident/4.0; SLCC2; .NET CLR 2.0.50727; .NET CLR 3.5.30729; .NET CLR 3.0.30729; Media Center PC 6.0; InfoPath.3; .NET4.0C; .NET4.0E; .NET CLR 1.1.4322)" 29594
192.168.74.78 - - [17/Feb/2013:07:19:24 +0600] "GET /pause/ajaxPause?pauseConfigId=&admin=0 HTTP/1.1" 200 986 "http://callider/pause/index" "Mozilla/4.0 (compatible; MSIE 7.0; Windows NT 6.1; WOW64; Trident/5.0; SLCC2; .NET CLR 2.0.50727; .NET CLR 3.5.30729; .NET CLR 3.0.30729; Media Center PC 6.0; InfoPath.3; .NET4.0C; MS-RTC LM 8; .NET4.0E)" 25755
192.168.12.69 - - [17/Feb/2013:07:19:25 +0600] "GET /pause/ajaxPause?pauseConfigId=&admin=0 HTTP/1.1" 200 986 "http://callider/pause/index" "Mozilla/4.0 (compatible; MSIE 7.0; Windows NT 6.1; Trident/5.0; SLCC2; .NET CLR 2.0.50727; .NET CLR 3.5.30729; .NET CLR 3.0.30729; Media Center PC 6.0; InfoPath.3; .NET4.0C; .NET4.0E; Tablet PC 2.0; AskTbFXTV5/5.14.1.20007)" 19944
192.168.12.61 - - [17/Feb/2013:07:19:25 +0600] "GET /pause/ajaxPause?pauseConfigId=&admin=0 HTTP/1.1" 200 985 "http://callider/pause/index" "Mozilla/4.0 (compatible; MSIE 7.0; Windows NT 6.1; Trident/5.0; SLCC2; .NET CLR 2.0.50727; .NET CLR 3.5.30729; .NET CLR 3.0.30729; Media Center PC 6.0; InfoPath.3; .NET4.0C; .NET4.0E)" 19036
192.168.74.91 - - [17/Feb/2013:07:19:25 +0600] "GET /pause/ajaxPause?pauseConfigId=&admin=0 HTTP/1.1" 200 986 "http://callider/pause/index" "Mozilla/4.0 (compatible; MSIE 7.0; Windows NT 6.1; WOW64; Trident/5.0; SLCC2; .NET CLR 2.0.50727; .NET CLR 3.5.30729; .NET CLR 3.0.30729; Media Center PC 6.0; InfoPath.3; .NET4.0C; MS-RTC LM 8; .NET4.0E)" 21806
192.168.74.151 - - [17/Feb/2013:07:19:25 +0600] "GET /pause/ajaxPause?pauseConfigId=&admin=0 HTTP/1.1" 200 987 "http://callider.kontur/pause/index" "Mozilla/5.0 (Windows NT 6.1; WOW64; rv:18.0) Gecko/20100101 Firefox/18.0" 19390
192.168.12.210 - - [17/Feb/2013:07:19:25 +0600] "GET /pause/ajaxPause?pauseConfigId=all&admin=1 HTTP/1.1" 200 1047 "http://callider/pause/index" "Mozilla/4.0 (compatible; MSIE 7.0; Windows NT 6.1; WOW64; Trident/5.0; SLCC2; .NET CLR 2.0.50727; .NET CLR 3.5.30729; .NET CLR 3.0.30729; Media Center PC 6.0; InfoPath.3; .NET4.0C; .NET4.0E)" 18041
192.168.12.38 - - [17/Feb/2013:07:19:26 +0600] "GET /pause/ajaxPause?pauseConfigId=&admin=0 HTTP/1.1" 200 1040 "http://callider/pause/index" "Mozilla/4.0 (compatible; MSIE 7.0; Windows NT 6.1; WOW64; Trident/5.0; SLCC2; .NET CLR 2.0.50727; .NET CLR 3.5.30729; .NET CLR 3.0.30729; Media Center PC 6.0; InfoPath.3; .NET4.0C; .NET4.0E)" 18339
192.168.12.77 - - [17/Feb/2013:07:19:26 +0600] "GET /pause/ajaxPause?pauseConfigId=&admin=0 HTTP/1.1" 200 1039 "http://callider/pause/index" "Mozilla/4.0 (compatible; MSIE 7.0; Windows NT 6.1; Trident/5.0; SLCC2; .NET CLR 2.0.50727; .NET CLR 3.5.30729; .NET CLR 3.0.30729; Media Center PC 6.0; Tablet PC 2.0; InfoPath.3; .NET4.0C; .NET4.0E; MS-RTC LM 8)" 14224
192.168.65.56 - - [17/Feb/2013:07:19:26 +0600] "GET /pause/ajaxPause?pauseConfigId=all&admin=1 HTTP/1.1" 200 1046 "http://192.168.65.101/pause/index" "Mozilla/5.0 (Windows NT 5.1; rv:15.0) Gecko/20100101 Firefox/15.0" 29330
192.168.12.60 - - [17/Feb/2013:07:19:27 +0600] "GET /pause/ajaxPause?pauseConfigId=&admin=0 HTTP/1.1" 200 986 "http://callider/pause/index" "Mozilla/4.0 (compatible; MSIE 8.0; Windows NT 6.1; Trident/4.0; InfoPath.3; .NET4.0C; MS-RTC LM 8; .NET4.0E)" 19522
192.168.12.204 - - [17/Feb/2013:07:19:27 +0600] "GET /pause/ajaxPause?pauseConfigId=&admin=0 HTTP/1.1" 200 986 "http://callider/pause/index" "Mozilla/4.0 (compatible; MSIE 7.0; Windows NT 6.1; WOW64; Trident/4.0; SLCC2; .NET CLR 2.0.50727; .NET CLR 3.5.30729; .NET CLR 3.0.30729; Media Center PC 6.0; InfoPath.3; .NET4.0C; .NET4.0E; .NET CLR 1.1.4322)" 25002
192.168.74.78 - - [17/Feb/2013:07:19:29 +0600] "GET /pause/ajaxPause?pauseConfigId=&admin=0 HTTP/1.1" 200 986 "http://callider/pause/index" "Mozilla/4.0 (compatible; MSIE 7.0; Windows NT 6.1; WOW64; Trident/5.0; SLCC2; .NET CLR 2.0.50727; .NET CLR 3.5.30729; .NET CLR 3.0.30729; Media Center PC 6.0; InfoPath.3; .NET4.0C; MS-RTC LM 8; .NET4.0E)" 21055
192.168.12.69 - - [17/Feb/2013:07:19:30 +0600] "GET /pause/ajaxPause?pauseConfigId=&admin=0 HTTP/1.1" 200 986 "http://callider/pause/index" "Mozilla/4.0 (compatible; MSIE 7.0; Windows NT 6.1; Trident/5.0; SLCC2; .NET CLR 2.0.50727; .NET CLR 3.5.30729; .NET CLR 3.0.30729; Media Center PC 6.0; InfoPath.3; .NET4.0C; .NET4.0E; Tablet PC 2.0; AskTbFXTV5/5.14.1.20007)" 20323
192.168.12.61 - - [17/Feb/2013:07:19:30 +0600] "GET /pause/ajaxPause?pauseConfigId=&admin=0 HTTP/1.1" 200 985 "http://callider/pause/index" "Mozilla/4.0 (compatible; MSIE 7.0; Windows NT 6.1; Trident/5.0; SLCC2; .NET CLR 2.0.50727; .NET CLR 3.5.30729; .NET CLR 3.0.30729; Media Center PC 6.0; InfoPath.3; .NET4.0C; .NET4.0E)" 27176
192.168.74.91 - - [17/Feb/2013:07:19:30 +0600] "GET /pause/ajaxPause?pauseConfigId=&admin=0 HTTP/1.1" 200 986 "http://callider/pause/index" "Mozilla/4.0 (compatible; MSIE 7.0; Windows NT 6.1; WOW64; Trident/5.0; SLCC2; .NET CLR 2.0.50727; .NET CLR 3.5.30729; .NET CLR 3.0.30729; Media Center PC 6.0; InfoPath.3; .NET4.0C; MS-RTC LM 8; .NET4.0E)" 21550
192.168.74.151 - - [17/Feb/2013:07:19:30 +0600] "GET /pause/ajaxPause?pauseConfigId=&admin=0 HTTP/1.1" 200 987 "http://callider.kontur/pause/index" "Mozilla/5.0 (Windows NT 6.1; WOW64; rv:18.0) Gecko/20100101 Firefox/18.0" 17906
192.168.12.210 - - [17/Feb/2013:07:19:30 +0600] "GET /pause/ajaxPause?pauseConfigId=all&admin=1 HTTP/1.1" 200 1047 "http://callider/pause/index" "Mozilla/4.0 (compatible; MSIE 7.0; Windows NT 6.1; WOW64; Trident/5.0; SLCC2; .NET CLR 2.0.50727; .NET CLR 3.5.30729; .NET CLR 3.0.30729; Media Center PC 6.0; InfoPath.3; .NET4.0C; .NET4.0E)" 20612
192.168.12.38 - - [17/Feb/2013:07:19:31 +0600] "GET /pause/ajaxPause?pauseConfigId=&admin=0 HTTP/1.1" 200 1040 "http://callider/pause/index" "Mozilla/4.0 (compatible; MSIE 7.0; Windows NT 6.1; WOW64; Trident/5.0; SLCC2; .NET CLR 2.0.50727; .NET CLR 3.5.30729; .NET CLR 3.0.30729; Media Center PC 6.0; InfoPath.3; .NET4.0C; .NET4.0E)" 15547
192.168.12.77 - - [17/Feb/2013:07:19:31 +0600] "GET /pause/ajaxPause?pauseConfigId=&admin=0 HTTP/1.1" 200 1039 "http://callider/pause/index" "Mozilla/4.0 (compatible; MSIE 7.0; Windows NT 6.1; Trident/5.0; SLCC2; .NET CLR 2.0.50727; .NET CLR 3.5.30729; .NET CLR 3.0.30729; Media Center PC 6.0; Tablet PC 2.0; InfoPath.3; .NET4.0C; .NET4.0E; MS-RTC LM 8)" 13651
192.168.65.56 - - [17/Feb/2013:07:19:31 +0600] "GET /pause/ajaxPause?pauseConfigId=all&admin=1 HTTP/1.1" 200 1046 "http://192.168.65.101/pause/index" "Mozilla/5.0 (Windows NT 5.1; rv:15.0) Gecko/20100101 Firefox/15.0" 34941
192.168.12.60 - - [17/Feb/2013:07:19:32 +0600] "GET /pause/ajaxPause?pauseConfigId=&admin=0 HTTP/1.1" 200 986 "http://callider/pause/index" "Mozilla/4.0 (compatible; MSIE 8.0; Windows NT 6.1; Trident/4.0; InfoPath.3; .NET4.0C; MS-RTC LM 8; .NET4.0E)" 65497
192.168.12.204 - - [17/Feb/2013:07:19:32 +0600] "GET /pause/ajaxPause?pauseConfigId=&admin=0 HTTP/1.1" 200 986 "http://callider/pause/index" "Mozilla/4.0 (compatible; MSIE 7.0; Windows NT 6.1; WOW64; Trident/4.0; SLCC2; .NET CLR 2.0.50727; .NET CLR 3.5.30729; .NET CLR 3.0.30729; Media Center PC 6.0; InfoPath.3; .NET4.0C; .NET4.0E; .NET CLR 1.1.4322)" 23866
192.168.74.78 - - [17/Feb/2013:07:19:34 +0600] "GET /pause/ajaxPause?pauseConfigId=&admin=0 HTTP/1.1" 200 986 "http://callider/pause/index" "Mozilla/4.0 (compatible; MSIE 7.0; Windows NT 6.1; WOW64; Trident/5.0; SLCC2; .NET CLR 2.0.50727; .NET CLR 3.5.30729; .NET CLR 3.0.30729; Media Center PC 6.0; InfoPath.3; .NET4.0C; MS-RTC LM 8; .NET4.0E)" 28892
192.168.12.67 - - [17/Feb/2013:07:19:34 +0600] "GET /tv/useUser HTTP/1.1" 200 432 "http://callider/graph/personal" "Mozilla/4.0 (compatible; MSIE 7.0; Windows NT 6.1; Trident/5.0; SLCC2; .NET CLR 2.0.50727; .NET CLR 3.5.30729; .NET CLR 3.0.30729; Media Center PC 6.0; .NET4.0C; .NET4.0E; InfoPath.3; Tablet PC 2.0; MS-RTC LM 8)" 18752
192.168.12.69 - - [17/Feb/2013:07:19:35 +0600] "GET /pause/ajaxPause?pauseConfigId=&admin=0 HTTP/1.1" 200 986 "http://callider/pause/index" "Mozilla/4.0 (compatible; MSIE 7.0; Windows NT 6.1; Trident/5.0; SLCC2; .NET CLR 2.0.50727; .NET CLR 3.5.30729; .NET CLR 3.0.30729; Media Center PC 6.0; InfoPath.3; .NET4.0C; .NET4.0E; Tablet PC 2.0; AskTbFXTV5/5.14.1.20007)" 21235
192.168.12.61 - - [17/Feb/2013:07:19:35 +0600] "GET /pause/ajaxPause?pauseConfigId=&admin=0 HTTP/1.1" 200 985 "http://callider/pause/index" "Mozilla/4.0 (compatible; MSIE 7.0; Windows NT 6.1; Trident/5.0; SLCC2; .NET CLR 2.0.50727; .NET CLR 3.5.30729; .NET CLR 3.0.30729; Media Center PC 6.0; InfoPath.3; .NET4.0C; .NET4.0E)" 21910
192.168.74.91 - - [17/Feb/2013:07:19:35 +0600] "GET /pause/ajaxPause?pauseConfigId=&admin=0 HTTP/1.1" 200 986 "http://callider/pause/index" "Mozilla/4.0 (compatible; MSIE 7.0; Windows NT 6.1; WOW64; Trident/5.0; SLCC2; .NET CLR 2.0.50727; .NET CLR 3.5.30729; .NET CLR 3.0.30729; Media Center PC 6.0; InfoPath.3; .NET4.0C; MS-RTC LM 8; .NET4.0E)" 24379
192.168.74.151 - - [17/Feb/2013:07:19:35 +0600] "GET /pause/ajaxPause?pauseConfigId=&admin=0 HTTP/1.1" 200 987 "http://callider.kontur/pause/index" "Mozilla/5.0 (Windows NT 6.1; WOW64; rv:18.0) Gecko/20100101 Firefox/18.0" 18918
192.168.12.210 - - [17/Feb/2013:07:19:35 +0600] "GET /pause/ajaxPause?pauseConfigId=all&admin=1 HTTP/1.1" 200 1047 "http://callider/pause/index" "Mozilla/4.0 (compatible; MSIE 7.0; Windows NT 6.1; WOW64; Trident/5.0; SLCC2; .NET CLR 2.0.50727; .NET CLR 3.5.30729; .NET CLR 3.0.30729; Media Center PC 6.0; InfoPath.3; .NET4.0C; .NET4.0E)" 18413
192.168.12.77 - - [17/Feb/2013:07:19:36 +0600] "GET /pause/ajaxPause?pauseConfigId=&admin=0 HTTP/1.1" 200 1039 "http://callider/pause/index" "Mozilla/4.0 (compatible; MSIE 7.0; Windows NT 6.1; Trident/5.0; SLCC2; .NET CLR 2.0.50727; .NET CLR 3.5.30729; .NET CLR 3.0.30729; Media Center PC 6.0; Tablet PC 2.0; InfoPath.3; .NET4.0C; .NET4.0E; MS-RTC LM 8)" 14359
192.168.12.38 - - [17/Feb/2013:07:19:36 +0600] "GET /pause/ajaxPause?pauseConfigId=&admin=0 HTTP/1.1" 200 1040 "http://callider/pause/index" "Mozilla/4.0 (compatible; MSIE 7.0; Windows NT 6.1; WOW64; Trident/5.0; SLCC2; .NET CLR 2.0.50727; .NET CLR 3.5.30729; .NET CLR 3.0.30729; Media Center PC 6.0; InfoPath.3; .NET4.0C; .NET4.0E)" 15353
192.168.65.56 - - [17/Feb/2013:07:19:36 +0600] "GET /pause/ajaxPause?pauseConfigId=all&admin=1 HTTP/1.1" 200 1046 "http://192.168.65.101/pause/index" "Mozilla/5.0 (Windows NT 5.1; rv:15.0) Gecko/20100101 Firefox/15.0" 27487
192.168.12.60 - - [17/Feb/2013:07:19:37 +0600] "GET /pause/ajaxPause?pauseConfigId=&admin=0 HTTP/1.1" 200 986 "http://callider/pause/index" "Mozilla/4.0 (compatible; MSIE 8.0; Windows NT 6.1; Trident/4.0; InfoPath.3; .NET4.0C; MS-RTC LM 8; .NET4.0E)" 17654
192.168.12.204 - - [17/Feb/2013:07:19:37 +0600] "GET /pause/ajaxPause?pauseConfigId=&admin=0 HTTP/1.1" 200 986 "http://callider/pause/index" "Mozilla/4.0 (compatible; MSIE 7.0; Windows NT 6.1; WOW64; Trident/4.0; SLCC2; .NET CLR 2.0.50727; .NET CLR 3.5.30729; .NET CLR 3.0.30729; Media Center PC 6.0; InfoPath.3; .NET4.0C; .NET4.0E; .NET CLR 1.1.4322)" 30863
192.168.74.93 - - [17/Feb/2013:07:19:38 +0600] "GET /tv/useUser HTTP/1.1" 200 432 "http://callider/graph/personal" "Mozilla/4.0 (compatible; MSIE 7.0; Windows NT 6.1; WOW64; Trident/5.0; SLCC2; .NET CLR 2.0.50727; .NET CLR 3.5.30729; .NET CLR 3.0.30729; Media Center PC 6.0; InfoPath.3; .NET4.0C; .NET4.0E)" 14646
192.168.12.210 - - [17/Feb/2013:07:19:39 +0600] "GET /tv/useUser HTTP/1.1" 200 431 "http://callider/graph/general" "Mozilla/4.0 (compatible; MSIE 7.0; Windows NT 6.1; WOW64; Trident/5.0; SLCC2; .NET CLR 2.0.50727; .NET CLR 3.5.30729; .NET CLR 3.0.30729; Media Center PC 6.0; InfoPath.3; .NET4.0C; .NET4.0E)" 14217
192.168.74.78 - - [17/Feb/2013:07:19:39 +0600] "GET /pause/ajaxPause?pauseConfigId=&admin=0 HTTP/1.1" 200 986 "http://callider/pause/index" "Mozilla/4.0 (compatible; MSIE 7.0; Windows NT 6.1; WOW64; Trident/5.0; SLCC2; .NET CLR 2.0.50727; .NET CLR 3.5.30729; .NET CLR 3.0.30729; Media Center PC 6.0; InfoPath.3; .NET4.0C; MS-RTC LM 8; .NET4.0E)" 30512
192.168.12.69 - - [17/Feb/2013:07:19:40 +0600] "GET /pause/ajaxPause?pauseConfigId=&admin=0 HTTP/1.1" 200 986 "http://callider/pause/index" "Mozilla/4.0 (compatible; MSIE 7.0; Windows NT 6.1; Trident/5.0; SLCC2; .NET CLR 2.0.50727; .NET CLR 3.5.30729; .NET CLR 3.0.30729; Media Center PC 6.0; InfoPath.3; .NET4.0C; .NET4.0E; Tablet PC 2.0; AskTbFXTV5/5.14.1.20007)" 21986
192.168.12.61 - - [17/Feb/2013:07:19:40 +0600] "GET /pause/ajaxPause?pauseConfigId=&admin=0 HTTP/1.1" 200 986 "http://callider/pause/index" "Mozilla/4.0 (compatible; MSIE 7.0; Windows NT 6.1; Trident/5.0; SLCC2; .NET CLR 2.0.50727; .NET CLR 3.5.30729; .NET CLR 3.0.30729; Media Center PC 6.0; InfoPath.3; .NET4.0C; .NET4.0E)" 36101
192.168.74.91 - - [17/Feb/2013:07:19:40 +0600] "GET /pause/ajaxPause?pauseConfigId=&admin=0 HTTP/1.1" 200 986 "http://callider/pause/index" "Mozilla/4.0 (compatible; MSIE 7.0; Windows NT 6.1; WOW64; Trident/5.0; SLCC2; .NET CLR 2.0.50727; .NET CLR 3.5.30729; .NET CLR 3.0.30729; Media Center PC 6.0; InfoPath.3; .NET4.0C; MS-RTC LM 8; .NET4.0E)" 20248
192.168.74.151 - - [17/Feb/2013:07:19:40 +0600] "GET /pause/ajaxPause?pauseConfigId=&admin=0 HTTP/1.1" 200 987 "http://callider.kontur/pause/index" "Mozilla/5.0 (Windows NT 6.1; WOW64; rv:18.0) Gecko/20100101 Firefox/18.0" 18258
192.168.12.210 - - [17/Feb/2013:07:19:40 +0600] "GET /pause/ajaxPause?pauseConfigId=all&admin=1 HTTP/1.1" 200 1047 "http://callider/pause/index" "Mozilla/4.0 (compatible; MSIE 7.0; Windows NT 6.1; WOW64; Trident/5.0; SLCC2; .NET CLR 2.0.50727; .NET CLR 3.5.30729; .NET CLR 3.0.30729; Media Center PC 6.0; InfoPath.3; .NET4.0C; .NET4.0E)" 20751
192.168.12.9 - - [17/Feb/2013:07:19:40 +0600] "GET /tv/useUser HTTP/1.1" 200 432 "http://callider.kontur/site/index" "Mozilla/5.0 (Windows NT 6.1; WOW64) AppleWebKit/537.17 (KHTML, like Gecko) Chrome/24.0.1312.57 Safari/537.17" 14816
192.168.12.38 - - [17/Feb/2013:07:19:41 +0600] "GET /pause/ajaxPause?pauseConfigId=&admin=0 HTTP/1.1" 200 1040 "http://callider/pause/index" "Mozilla/4.0 (compatible; MSIE 7.0; Windows NT 6.1; WOW64; Trident/5.0; SLCC2; .NET CLR 2.0.50727; .NET CLR 3.5.30729; .NET CLR 3.0.30729; Media Center PC 6.0; InfoPath.3; .NET4.0C; .NET4.0E)" 18807
192.168.12.77 - - [17/Feb/2013:07:19:41 +0600] "GET /pause/ajaxPause?pauseConfigId=&admin=0 HTTP/1.1" 200 1039 "http://callider/pause/index" "Mozilla/4.0 (compatible; MSIE 7.0; Windows NT 6.1; Trident/5.0; SLCC2; .NET CLR 2.0.50727; .NET CLR 3.5.30729; .NET CLR 3.0.30729; Media Center PC 6.0; Tablet PC 2.0; InfoPath.3; .NET4.0C; .NET4.0E; MS-RTC LM 8)" 13095
192.168.65.56 - - [17/Feb/2013:07:19:41 +0600] "GET /pause/ajaxPause?pauseConfigId=all&admin=1 HTTP/1.1" 200 1046 "http://192.168.65.101/pause/index" "Mozilla/5.0 (Windows NT 5.1; rv:15.0) Gecko/20100101 Firefox/15.0" 28760
192.168.12.60 - - [17/Feb/2013:07:19:42 +0600] "GET /pause/ajaxPause?pauseConfigId=&admin=0 HTTP/1.1" 200 986 "http://callider/pause/index" "Mozilla/4.0 (compatible; MSIE 8.0; Windows NT 6.1; Trident/4.0; InfoPath.3; .NET4.0C; MS-RTC LM 8; .NET4.0E)" 21231
192.168.12.204 - - [17/Feb/2013:07:19:42 +0600] "GET /pause/ajaxPause?pauseConfigId=&admin=0 HTTP/1.1" 200 986 "http://callider/pause/index" "Mozilla/4.0 (compatible; MSIE 7.0; Windows NT 6.1; WOW64; Trident/4.0; SLCC2; .NET CLR 2.0.50727; .NET CLR 3.5.30729; .NET CLR 3.0.30729; Media Center PC 6.0; InfoPath.3; .NET4.0C; .NET4.0E; .NET CLR 1.1.4322)" 30273
192.168.74.78 - - [17/Feb/2013:07:19:44 +0600] "GET /pause/ajaxPause?pauseConfigId=&admin=0 HTTP/1.1" 200 986 "http://callider/pause/index" "Mozilla/4.0 (compatible; MSIE 7.0; Windows NT 6.1; WOW64; Trident/5.0; SLCC2; .NET CLR 2.0.50727; .NET CLR 3.5.30729; .NET CLR 3.0.30729; Media Center PC 6.0; InfoPath.3; .NET4.0C; MS-RTC LM 8; .NET4.0E)" 33022
192.168.12.69 - - [17/Feb/2013:07:19:45 +0600] "GET /pause/ajaxPause?pauseConfigId=&admin=0 HTTP/1.1" 200 986 "http://callider/pause/index" "Mozilla/4.0 (compatible; MSIE 7.0; Windows NT 6.1; Trident/5.0; SLCC2; .NET CLR 2.0.50727; .NET CLR 3.5.30729; .NET CLR 3.0.30729; Media Center PC 6.0; InfoPath.3; .NET4.0C; .NET4.0E; Tablet PC 2.0; AskTbFXTV5/5.14.1.20007)" 22656
192.168.12.61 - - [17/Feb/2013:07:19:45 +0600] "GET /pause/ajaxPause?pauseConfigId=&admin=0 HTTP/1.1" 200 985 "http://callider/pause/index" "Mozilla/4.0 (compatible; MSIE 7.0; Windows NT 6.1; Trident/5.0; SLCC2; .NET CLR 2.0.50727; .NET CLR 3.5.30729; .NET CLR 3.0.30729; Media Center PC 6.0; InfoPath.3; .NET4.0C; .NET4.0E)" 19670
192.168.74.91 - - [17/Feb/2013:07:19:45 +0600] "GET /pause/ajaxPause?pauseConfigId=&admin=0 HTTP/1.1" 200 986 "http://callider/pause/index" "Mozilla/4.0 (compatible; MSIE 7.0; Windows NT 6.1; WOW64; Trident/5.0; SLCC2; .NET CLR 2.0.50727; .NET CLR 3.5.30729; .NET CLR 3.0.30729; Media Center PC 6.0; InfoPath.3; .NET4.0C; MS-RTC LM 8; .NET4.0E)" 18794
192.168.74.151 - - [17/Feb/2013:07:19:45 +0600] "GET /pause/ajaxPause?pauseConfigId=&admin=0 HTTP/1.1" 200 987 "http://callider.kontur/pause/index" "Mozilla/5.0 (Windows NT 6.1; WOW64; rv:18.0) Gecko/20100101 Firefox/18.0" 22148
192.168.12.210 - - [17/Feb/2013:07:19:45 +0600] "GET /pause/ajaxPause?pauseConfigId=all&admin=1 HTTP/1.1" 200 1047 "http://callider/pause/index" "Mozilla/4.0 (compatible; MSIE 7.0; Windows NT 6.1; WOW64; Trident/5.0; SLCC2; .NET CLR 2.0.50727; .NET CLR 3.5.30729; .NET CLR 3.0.30729; Media Center PC 6.0; InfoPath.3; .NET4.0C; .NET4.0E)" 20158
192.168.12.38 - - [17/Feb/2013:07:19:46 +0600] "GET /pause/ajaxPause?pauseConfigId=&admin=0 HTTP/1.1" 200 1040 "http://callider/pause/index" "Mozilla/4.0 (compatible; MSIE 7.0; Windows NT 6.1; WOW64; Trident/5.0; SLCC2; .NET CLR 2.0.50727; .NET CLR 3.5.30729; .NET CLR 3.0.30729; Media Center PC 6.0; InfoPath.3; .NET4.0C; .NET4.0E)" 28532
192.168.12.77 - - [17/Feb/2013:07:19:46 +0600] "GET /pause/ajaxPause?pauseConfigId=&admin=0 HTTP/1.1" 200 1039 "http://callider/pause/index" "Mozilla/4.0 (compatible; MSIE 7.0; Windows NT 6.1; Trident/5.0; SLCC2; .NET CLR 2.0.50727; .NET CLR 3.5.30729; .NET CLR 3.0.30729; Media Center PC 6.0; Tablet PC 2.0; InfoPath.3; .NET4.0C; .NET4.0E; MS-RTC LM 8)" 17540
192.168.65.56 - - [17/Feb/2013:07:19:46 +0600] "GET /pause/ajaxPause?pauseConfigId=all&admin=1 HTTP/1.1" 200 1046 "http://192.168.65.101/pause/index" "Mozilla/5.0 (Windows NT 5.1; rv:15.0) Gecko/20100101 Firefox/15.0" 28298
192.168.12.60 - - [17/Feb/2013:07:19:47 +0600] "GET /pause/ajaxPause?pauseConfigId=&admin=0 HTTP/1.1" 200 986 "http://callider/pause/index" "Mozilla/4.0 (compatible; MSIE 8.0; Windows NT 6.1; Trident/4.0; InfoPath.3; .NET4.0C; MS-RTC LM 8; .NET4.0E)" 21070
192.168.12.204 - - [17/Feb/2013:07:19:47 +0600] "GET /pause/ajaxPause?pauseConfigId=&admin=0 HTTP/1.1" 200 986 "http://callider/pause/index" "Mozilla/4.0 (compatible; MSIE 7.0; Windows NT 6.1; WOW64; Trident/4.0; SLCC2; .NET CLR 2.0.50727; .NET CLR 3.5.30729; .NET CLR 3.0.30729; Media Center PC 6.0; InfoPath.3; .NET4.0C; .NET4.0E; .NET CLR 1.1.4322)" 28124
192.168.12.210 - - [17/Feb/2013:07:19:49 +0600] "GET /tv/useUser HTTP/1.1" 200 431 "http://callider/pause/index" "Mozilla/4.0 (compatible; MSIE 7.0; Windows NT 6.1; WOW64; Trident/5.0; SLCC2; .NET CLR 2.0.50727; .NET CLR 3.5.30729; .NET CLR 3.0.30729; Media Center PC 6.0; InfoPath.3; .NET4.0C; .NET4.0E)" 9314
192.168.74.78 - - [17/Feb/2013:07:19:49 +0600] "GET /pause/ajaxPause?pauseConfigId=&admin=0 HTTP/1.1" 200 986 "http://callider/pause/index" "Mozilla/4.0 (compatible; MSIE 7.0; Windows NT 6.1; WOW64; Trident/5.0; SLCC2; .NET CLR 2.0.50727; .NET CLR 3.5.30729; .NET CLR 3.0.30729; Media Center PC 6.0; InfoPath.3; .NET4.0C; MS-RTC LM 8; .NET4.0E)" 26410
192.168.12.69 - - [17/Feb/2013:07:19:50 +0600] "GET /pause/ajaxPause?pauseConfigId=&admin=0 HTTP/1.1" 200 986 "http://callider/pause/index" "Mozilla/4.0 (compatible; MSIE 7.0; Windows NT 6.1; Trident/5.0; SLCC2; .NET CLR 2.0.50727; .NET CLR 3.5.30729; .NET CLR 3.0.30729; Media Center PC 6.0; InfoPath.3; .NET4.0C; .NET4.0E; Tablet PC 2.0; AskTbFXTV5/5.14.1.20007)" 39961
192.168.12.61 - - [17/Feb/2013:07:19:50 +0600] "GET /pause/ajaxPause?pauseConfigId=&admin=0 HTTP/1.1" 200 985 "http://callider/pause/index" "Mozilla/4.0 (compatible; MSIE 7.0; Windows NT 6.1; Trident/5.0; SLCC2; .NET CLR 2.0.50727; .NET CLR 3.5.30729; .NET CLR 3.0.30729; Media Center PC 6.0; InfoPath.3; .NET4.0C; .NET4.0E)" 25403
192.168.74.91 - - [17/Feb/2013:07:19:50 +0600] "GET /pause/ajaxPause?pauseConfigId=&admin=0 HTTP/1.1" 200 986 "http://callider/pause/index" "Mozilla/4.0 (compatible; MSIE 7.0; Windows NT 6.1; WOW64; Trident/5.0; SLCC2; .NET CLR 2.0.50727; .NET CLR 3.5.30729; .NET CLR 3.0.30729; Media Center PC 6.0; InfoPath.3; .NET4.0C; MS-RTC LM 8; .NET4.0E)" 24149
192.168.12.210 - - [17/Feb/2013:07:19:50 +0600] "GET /pause/ajaxPause?pauseConfigId=all&admin=1 HTTP/1.1" 200 1047 "http://callider/pause/index" "Mozilla/4.0 (compatible; MSIE 7.0; Windows NT 6.1; WOW64; Trident/5.0; SLCC2; .NET CLR 2.0.50727; .NET CLR 3.5.30729; .NET CLR 3.0.30729; Media Center PC 6.0; InfoPath.3; .NET4.0C; .NET4.0E)" 55415
192.168.74.151 - - [17/Feb/2013:07:19:50 +0600] "GET /pause/ajaxPause?pauseConfigId=&admin=0 HTTP/1.1" 200 987 "http://callider.kontur/pause/index" "Mozilla/5.0 (Windows NT 6.1; WOW64; rv:18.0) Gecko/20100101 Firefox/18.0" 142064
192.168.12.77 - - [17/Feb/2013:07:19:51 +0600] "GET /pause/ajaxPause?pauseConfigId=&admin=0 HTTP/1.1" 200 1039 "http://callider/pause/index" "Mozilla/4.0 (compatible; MSIE 7.0; Windows NT 6.1; Trident/5.0; SLCC2; .NET CLR 2.0.50727; .NET CLR 3.5.30729; .NET CLR 3.0.30729; Media Center PC 6.0; Tablet PC 2.0; InfoPath.3; .NET4.0C; .NET4.0E; MS-RTC LM 8)" 16575
192.168.12.38 - - [17/Feb/2013:07:19:51 +0600] "GET /pause/ajaxPause?pauseConfigId=&admin=0 HTTP/1.1" 200 1040 "http://callider/pause/index" "Mozilla/4.0 (compatible; MSIE 7.0; Windows NT 6.1; WOW64; Trident/5.0; SLCC2; .NET CLR 2.0.50727; .NET CLR 3.5.30729; .NET CLR 3.0.30729; Media Center PC 6.0; InfoPath.3; .NET4.0C; .NET4.0E)" 23544
192.168.65.56 - - [17/Feb/2013:07:19:51 +0600] "GET /pause/ajaxPause?pauseConfigId=all&admin=1 HTTP/1.1" 200 1046 "http://192.168.65.101/pause/index" "Mozilla/5.0 (Windows NT 5.1; rv:15.0) Gecko/20100101 Firefox/15.0" 29166
192.168.65.56 - - [17/Feb/2013:07:19:51 +0600] "GET /tv/useUser HTTP/1.1" 200 431 "http://192.168.65.101/pause/index" "Mozilla/5.0 (Windows NT 5.1; rv:15.0) Gecko/20100101 Firefox/15.0" 11817
192.168.12.60 - - [17/Feb/2013:07:19:52 +0600] "GET /pause/ajaxPause?pauseConfigId=&admin=0 HTTP/1.1" 200 986 "http://callider/pause/index" "Mozilla/4.0 (compatible; MSIE 8.0; Windows NT 6.1; Trident/4.0; InfoPath.3; .NET4.0C; MS-RTC LM 8; .NET4.0E)" 18534
192.168.12.204 - - [17/Feb/2013:07:19:52 +0600] "GET /pause/ajaxPause?pauseConfigId=&admin=0 HTTP/1.1" 200 986 "http://callider/pause/index" "Mozilla/4.0 (compatible; MSIE 7.0; Windows NT 6.1; WOW64; Trident/4.0; SLCC2; .NET CLR 2.0.50727; .NET CLR 3.5.30729; .NET CLR 3.0.30729; Media Center PC 6.0; InfoPath.3; .NET4.0C; .NET4.0E; .NET CLR 1.1.4322)" 20641
192.168.74.78 - - [17/Feb/2013:07:19:54 +0600] "GET /pause/ajaxPause?pauseConfigId=&admin=0 HTTP/1.1" 200 986 "http://callider/pause/index" "Mozilla/4.0 (compatible; MSIE 7.0; Windows NT 6.1; WOW64; Trident/5.0; SLCC2; .NET CLR 2.0.50727; .NET CLR 3.5.30729; .NET CLR 3.0.30729; Media Center PC 6.0; InfoPath.3; .NET4.0C; MS-RTC LM 8; .NET4.0E)" 22147
192.168.12.69 - - [17/Feb/2013:07:19:55 +0600] "GET /pause/ajaxPause?pauseConfigId=&admin=0 HTTP/1.1" 200 986 "http://callider/pause/index" "Mozilla/4.0 (compatible; MSIE 7.0; Windows NT 6.1; Trident/5.0; SLCC2; .NET CLR 2.0.50727; .NET CLR 3.5.30729; .NET CLR 3.0.30729; Media Center PC 6.0; InfoPath.3; .NET4.0C; .NET4.0E; Tablet PC 2.0; AskTbFXTV5/5.14.1.20007)" 19567
192.168.12.61 - - [17/Feb/2013:07:19:55 +0600] "GET /pause/ajaxPause?pauseConfigId=&admin=0 HTTP/1.1" 200 985 "http://callider/pause/index" "Mozilla/4.0 (compatible; MSIE 7.0; Windows NT 6.1; Trident/5.0; SLCC2; .NET CLR 2.0.50727; .NET CLR 3.5.30729; .NET CLR 3.0.30729; Media Center PC 6.0; InfoPath.3; .NET4.0C; .NET4.0E)" 20874
192.168.74.91 - - [17/Feb/2013:07:19:55 +0600] "GET /pause/ajaxPause?pauseConfigId=&admin=0 HTTP/1.1" 200 986 "http://callider/pause/index" "Mozilla/4.0 (compatible; MSIE 7.0; Windows NT 6.1; WOW64; Trident/5.0; SLCC2; .NET CLR 2.0.50727; .NET CLR 3.5.30729; .NET CLR 3.0.30729; Media Center PC 6.0; InfoPath.3; .NET4.0C; MS-RTC LM 8; .NET4.0E)" 21479
192.168.74.151 - - [17/Feb/2013:07:19:55 +0600] "GET /pause/ajaxPause?pauseConfigId=&admin=0 HTTP/1.1" 200 987 "http://callider.kontur/pause/index" "Mozilla/5.0 (Windows NT 6.1; WOW64; rv:18.0) Gecko/20100101 Firefox/18.0" 20581
192.168.12.210 - - [17/Feb/2013:07:19:55 +0600] "GET /pause/ajaxPause?pauseConfigId=all&admin=1 HTTP/1.1" 200 1047 "http://callider/pause/index" "Mozilla/4.0 (compatible; MSIE 7.0; Windows NT 6.1; WOW64; Trident/5.0; SLCC2; .NET CLR 2.0.50727; .NET CLR 3.5.30729; .NET CLR 3.0.30729; Media Center PC 6.0; InfoPath.3; .NET4.0C; .NET4.0E)" 19751
192.168.12.77 - - [17/Feb/2013:07:19:56 +0600] "GET /pause/ajaxPause?pauseConfigId=&admin=0 HTTP/1.1" 200 1039 "http://callider/pause/index" "Mozilla/4.0 (compatible; MSIE 7.0; Windows NT 6.1; Trident/5.0; SLCC2; .NET CLR 2.0.50727; .NET CLR 3.5.30729; .NET CLR 3.0.30729; Media Center PC 6.0; Tablet PC 2.0; InfoPath.3; .NET4.0C; .NET4.0E; MS-RTC LM 8)" 14864
192.168.12.38 - - [17/Feb/2013:07:19:56 +0600] "GET /pause/ajaxPause?pauseConfigId=&admin=0 HTTP/1.1" 200 1040 "http://callider/pause/index" "Mozilla/4.0 (compatible; MSIE 7.0; Windows NT 6.1; WOW64; Trident/5.0; SLCC2; .NET CLR 2.0.50727; .NET CLR 3.5.30729; .NET CLR 3.0.30729; Media Center PC 6.0; InfoPath.3; .NET4.0C; .NET4.0E)" 22748
192.168.65.56 - - [17/Feb/2013:07:19:56 +0600] "GET /pause/ajaxPause?pauseConfigId=all&admin=1 HTTP/1.1" 200 1046 "http://192.168.65.101/pause/index" "Mozilla/5.0 (Windows NT 5.1; rv:15.0) Gecko/20100101 Firefox/15.0" 31683
192.168.12.60 - - [17/Feb/2013:07:19:57 +0600] "GET /pause/ajaxPause?pauseConfigId=&admin=0 HTTP/1.1" 200 986 "http://callider/pause/index" "Mozilla/4.0 (compatible; MSIE 8.0; Windows NT 6.1; Trident/4.0; InfoPath.3; .NET4.0C; MS-RTC LM 8; .NET4.0E)" 21969
192.168.12.204 - - [17/Feb/2013:07:19:57 +0600] "GET /pause/ajaxPause?pauseConfigId=&admin=0 HTTP/1.1" 200 986 "http://callider/pause/index" "Mozilla/4.0 (compatible; MSIE 7.0; Windows NT 6.1; WOW64; Trident/4.0; SLCC2; .NET CLR 2.0.50727; .NET CLR 3.5.30729; .NET CLR 3.0.30729; Media Center PC 6.0; InfoPath.3; .NET4.0C; .NET4.0E; .NET CLR 1.1.4322)" 22865
192.168.74.78 - - [17/Feb/2013:07:19:59 +0600] "GET /pause/ajaxPause?pauseConfigId=&admin=0 HTTP/1.1" 200 986 "http://callider/pause/index" "Mozilla/4.0 (compatible; MSIE 7.0; Windows NT 6.1; WOW64; Trident/5.0; SLCC2; .NET CLR 2.0.50727; .NET CLR 3.5.30729; .NET CLR 3.0.30729; Media Center PC 6.0; InfoPath.3; .NET4.0C; MS-RTC LM 8; .NET4.0E)" 19726
192.168.12.69 - - [17/Feb/2013:07:20:00 +0600] "GET /pause/ajaxPause?pauseConfigId=&admin=0 HTTP/1.1" 200 986 "http://callider/pause/index" "Mozilla/4.0 (compatible; MSIE 7.0; Windows NT 6.1; Trident/5.0; SLCC2; .NET CLR 2.0.50727; .NET CLR 3.5.30729; .NET CLR 3.0.30729; Media Center PC 6.0; InfoPath.3; .NET4.0C; .NET4.0E; Tablet PC 2.0; AskTbFXTV5/5.14.1.20007)" 18665
192.168.12.61 - - [17/Feb/2013:07:20:00 +0600] "GET /pause/ajaxPause?pauseConfigId=&admin=0 HTTP/1.1" 200 985 "http://callider/pause/index" "Mozilla/4.0 (compatible; MSIE 7.0; Windows NT 6.1; Trident/5.0; SLCC2; .NET CLR 2.0.50727; .NET CLR 3.5.30729; .NET CLR 3.0.30729; Media Center PC 6.0; InfoPath.3; .NET4.0C; .NET4.0E)" 19500
192.168.74.91 - - [17/Feb/2013:07:20:00 +0600] "GET /pause/ajaxPause?pauseConfigId=&admin=0 HTTP/1.1" 200 986 "http://callider/pause/index" "Mozilla/4.0 (compatible; MSIE 7.0; Windows NT 6.1; WOW64; Trident/5.0; SLCC2; .NET CLR 2.0.50727; .NET CLR 3.5.30729; .NET CLR 3.0.30729; Media Center PC 6.0; InfoPath.3; .NET4.0C; MS-RTC LM 8; .NET4.0E)" 20843
192.168.74.151 - - [17/Feb/2013:07:20:00 +0600] "GET /pause/ajaxPause?pauseConfigId=&admin=0 HTTP/1.1" 200 987 "http://callider.kontur/pause/index" "Mozilla/5.0 (Windows NT 6.1; WOW64; rv:18.0) Gecko/20100101 Firefox/18.0" 19444
192.168.12.210 - - [17/Feb/2013:07:20:00 +0600] "GET /pause/ajaxPause?pauseConfigId=all&admin=1 HTTP/1.1" 200 1047 "http://callider/pause/index" "Mozilla/4.0 (compatible; MSIE 7.0; Windows NT 6.1; WOW64; Trident/5.0; SLCC2; .NET CLR 2.0.50727; .NET CLR 3.5.30729; .NET CLR 3.0.30729; Media Center PC 6.0; InfoPath.3; .NET4.0C; .NET4.0E)" 17806
192.168.12.38 - - [17/Feb/2013:07:20:01 +0600] "GET /pause/ajaxPause?pauseConfigId=&admin=0 HTTP/1.1" 200 1040 "http://callider/pause/index" "Mozilla/4.0 (compatible; MSIE 7.0; Windows NT 6.1; WOW64; Trident/5.0; SLCC2; .NET CLR 2.0.50727; .NET CLR 3.5.30729; .NET CLR 3.0.30729; Media Center PC 6.0; InfoPath.3; .NET4.0C; .NET4.0E)" 17182
192.168.12.77 - - [17/Feb/2013:07:20:01 +0600] "GET /pause/ajaxPause?pauseConfigId=&admin=0 HTTP/1.1" 200 1039 "http://callider/pause/index" "Mozilla/4.0 (compatible; MSIE 7.0; Windows NT 6.1; Trident/5.0; SLCC2; .NET CLR 2.0.50727; .NET CLR 3.5.30729; .NET CLR 3.0.30729; Media Center PC 6.0; Tablet PC 2.0; InfoPath.3; .NET4.0C; .NET4.0E; MS-RTC LM 8)" 14489
192.168.65.56 - - [17/Feb/2013:07:20:01 +0600] "GET /pause/ajaxPause?pauseConfigId=all&admin=1 HTTP/1.1" 200 1046 "http://192.168.65.101/pause/index" "Mozilla/5.0 (Windows NT 5.1; rv:15.0) Gecko/20100101 Firefox/15.0" 37790
192.168.12.60 - - [17/Feb/2013:07:20:02 +0600] "GET /pause/ajaxPause?pauseConfigId=&admin=0 HTTP/1.1" 200 986 "http://callider/pause/index" "Mozilla/4.0 (compatible; MSIE 8.0; Windows NT 6.1; Trident/4.0; InfoPath.3; .NET4.0C; MS-RTC LM 8; .NET4.0E)" 18952
192.168.12.204 - - [17/Feb/2013:07:20:02 +0600] "GET /pause/ajaxPause?pauseConfigId=&admin=0 HTTP/1.1" 200 986 "http://callider/pause/index" "Mozilla/4.0 (compatible; MSIE 7.0; Windows NT 6.1; WOW64; Trident/4.0; SLCC2; .NET CLR 2.0.50727; .NET CLR 3.5.30729; .NET CLR 3.0.30729; Media Center PC 6.0; InfoPath.3; .NET4.0C; .NET4.0E; .NET CLR 1.1.4322)" 23045
192.168.74.78 - - [17/Feb/2013:07:20:04 +0600] "GET /pause/ajaxPause?pauseConfigId=&admin=0 HTTP/1.1" 200 986 "http://callider/pause/index" "Mozilla/4.0 (compatible; MSIE 7.0; Windows NT 6.1; WOW64; Trident/5.0; SLCC2; .NET CLR 2.0.50727; .NET CLR 3.5.30729; .NET CLR 3.0.30729; Media Center PC 6.0; InfoPath.3; .NET4.0C; MS-RTC LM 8; .NET4.0E)" 23416
192.168.12.69 - - [17/Feb/2013:07:20:05 +0600] "GET /pause/ajaxPause?pauseConfigId=&admin=0 HTTP/1.1" 200 986 "http://callider/pause/index" "Mozilla/4.0 (compatible; MSIE 7.0; Windows NT 6.1; Trident/5.0; SLCC2; .NET CLR 2.0.50727; .NET CLR 3.5.30729; .NET CLR 3.0.30729; Media Center PC 6.0; InfoPath.3; .NET4.0C; .NET4.0E; Tablet PC 2.0; AskTbFXTV5/5.14.1.20007)" 18621
192.168.12.61 - - [17/Feb/2013:07:20:05 +0600] "GET /pause/ajaxPause?pauseConfigId=&admin=0 HTTP/1.1" 200 986 "http://callider/pause/index" "Mozilla/4.0 (compatible; MSIE 7.0; Windows NT 6.1; Trident/5.0; SLCC2; .NET CLR 2.0.50727; .NET CLR 3.5.30729; .NET CLR 3.0.30729; Media Center PC 6.0; InfoPath.3; .NET4.0C; .NET4.0E)" 24544
192.168.12.61 - - [17/Feb/2013:07:20:05 +0600] "GET /tv/useUser HTTP/1.1" 200 431 "http://callider/pause/index" "Mozilla/4.0 (compatible; MSIE 7.0; Windows NT 6.1; Trident/5.0; SLCC2; .NET CLR 2.0.50727; .NET CLR 3.5.30729; .NET CLR 3.0.30729; Media Center PC 6.0; InfoPath.3; .NET4.0C; .NET4.0E)" 9017
192.168.74.91 - - [17/Feb/2013:07:20:05 +0600] "GET /pause/ajaxPause?pauseConfigId=&admin=0 HTTP/1.1" 200 986 "http://callider/pause/index" "Mozilla/4.0 (compatible; MSIE 7.0; Windows NT 6.1; WOW64; Trident/5.0; SLCC2; .NET CLR 2.0.50727; .NET CLR 3.5.30729; .NET CLR 3.0.30729; Media Center PC 6.0; InfoPath.3; .NET4.0C; MS-RTC LM 8; .NET4.0E)" 19657
192.168.74.151 - - [17/Feb/2013:07:20:05 +0600] "GET /pause/ajaxPause?pauseConfigId=&admin=0 HTTP/1.1" 200 987 "http://callider.kontur/pause/index" "Mozilla/5.0 (Windows NT 6.1; WOW64; rv:18.0) Gecko/20100101 Firefox/18.0" 18385
192.168.12.210 - - [17/Feb/2013:07:20:05 +0600] "GET /pause/ajaxPause?pauseConfigId=all&admin=1 HTTP/1.1" 200 1047 "http://callider/pause/index" "Mozilla/4.0 (compatible; MSIE 7.0; Windows NT 6.1; WOW64; Trident/5.0; SLCC2; .NET CLR 2.0.50727; .NET CLR 3.5.30729; .NET CLR 3.0.30729; Media Center PC 6.0; InfoPath.3; .NET4.0C; .NET4.0E)" 18792
192.168.12.38 - - [17/Feb/2013:07:20:06 +0600] "GET /pause/ajaxPause?pauseConfigId=&admin=0 HTTP/1.1" 200 1040 "http://callider/pause/index" "Mozilla/4.0 (compatible; MSIE 7.0; Windows NT 6.1; WOW64; Trident/5.0; SLCC2; .NET CLR 2.0.50727; .NET CLR 3.5.30729; .NET CLR 3.0.30729; Media Center PC 6.0; InfoPath.3; .NET4.0C; .NET4.0E)" 21734
192.168.12.77 - - [17/Feb/2013:07:20:06 +0600] "GET /pause/ajaxPause?pauseConfigId=&admin=0 HTTP/1.1" 200 1039 "http://callider/pause/index" "Mozilla/4.0 (compatible; MSIE 7.0; Windows NT 6.1; Trident/5.0; SLCC2; .NET CLR 2.0.50727; .NET CLR 3.5.30729; .NET CLR 3.0.30729; Media Center PC 6.0; Tablet PC 2.0; InfoPath.3; .NET4.0C; .NET4.0E; MS-RTC LM 8)" 20727
192.168.65.56 - - [17/Feb/2013:07:20:06 +0600] "GET /pause/ajaxPause?pauseConfigId=all&admin=1 HTTP/1.1" 200 1046 "http://192.168.65.101/pause/index" "Mozilla/5.0 (Windows NT 5.1; rv:15.0) Gecko/20100101 Firefox/15.0" 36357
192.168.12.60 - - [17/Feb/2013:07:20:07 +0600] "GET /pause/ajaxPause?pauseConfigId=&admin=0 HTTP/1.1" 200 986 "http://callider/pause/index" "Mozilla/4.0 (compatible; MSIE 8.0; Windows NT 6.1; Trident/4.0; InfoPath.3; .NET4.0C; MS-RTC LM 8; .NET4.0E)" 19434
192.168.12.204 - - [17/Feb/2013:07:20:07 +0600] "GET /pause/ajaxPause?pauseConfigId=&admin=0 HTTP/1.1" 200 986 "http://callider/pause/index" "Mozilla/4.0 (compatible; MSIE 7.0; Windows NT 6.1; WOW64; Trident/4.0; SLCC2; .NET CLR 2.0.50727; .NET CLR 3.5.30729; .NET CLR 3.0.30729; Media Center PC 6.0; InfoPath.3; .NET4.0C; .NET4.0E; .NET CLR 1.1.4322)" 21173
192.168.74.78 - - [17/Feb/2013:07:20:09 +0600] "GET /pause/ajaxPause?pauseConfigId=&admin=0 HTTP/1.1" 200 986 "http://callider/pause/index" "Mozilla/4.0 (compatible; MSIE 7.0; Windows NT 6.1; WOW64; Trident/5.0; SLCC2; .NET CLR 2.0.50727; .NET CLR 3.5.30729; .NET CLR 3.0.30729; Media Center PC 6.0; InfoPath.3; .NET4.0C; MS-RTC LM 8; .NET4.0E)" 18839
192.168.12.69 - - [17/Feb/2013:07:20:10 +0600] "GET /pause/ajaxPause?pauseConfigId=&admin=0 HTTP/1.1" 200 986 "http://callider/pause/index" "Mozilla/4.0 (compatible; MSIE 7.0; Windows NT 6.1; Trident/5.0; SLCC2; .NET CLR 2.0.50727; .NET CLR 3.5.30729; .NET CLR 3.0.30729; Media Center PC 6.0; InfoPath.3; .NET4.0C; .NET4.0E; Tablet PC 2.0; AskTbFXTV5/5.14.1.20007)" 21250
192.168.12.61 - - [17/Feb/2013:07:20:10 +0600] "GET /pause/ajaxPause?pauseConfigId=&admin=0 HTTP/1.1" 200 985 "http://callider/pause/index" "Mozilla/4.0 (compatible; MSIE 7.0; Windows NT 6.1; Trident/5.0; SLCC2; .NET CLR 2.0.50727; .NET CLR 3.5.30729; .NET CLR 3.0.30729; Media Center PC 6.0; InfoPath.3; .NET4.0C; .NET4.0E)" 25567
192.168.74.91 - - [17/Feb/2013:07:20:10 +0600] "GET /pause/ajaxPause?pauseConfigId=&admin=0 HTTP/1.1" 200 986 "http://callider/pause/index" "Mozilla/4.0 (compatible; MSIE 7.0; Windows NT 6.1; WOW64; Trident/5.0; SLCC2; .NET CLR 2.0.50727; .NET CLR 3.5.30729; .NET CLR 3.0.30729; Media Center PC 6.0; InfoPath.3; .NET4.0C; MS-RTC LM 8; .NET4.0E)" 21183
192.168.74.151 - - [17/Feb/2013:07:20:10 +0600] "GET /pause/ajaxPause?pauseConfigId=&admin=0 HTTP/1.1" 200 987 "http://callider.kontur/pause/index" "Mozilla/5.0 (Windows NT 6.1; WOW64; rv:18.0) Gecko/20100101 Firefox/18.0" 17335
192.168.12.210 - - [17/Feb/2013:07:20:10 +0600] "GET /pause/ajaxPause?pauseConfigId=all&admin=1 HTTP/1.1" 200 1047 "http://callider/pause/index" "Mozilla/4.0 (compatible; MSIE 7.0; Windows NT 6.1; WOW64; Trident/5.0; SLCC2; .NET CLR 2.0.50727; .NET CLR 3.5.30729; .NET CLR 3.0.30729; Media Center PC 6.0; InfoPath.3; .NET4.0C; .NET4.0E)" 19031
192.168.12.42 - - [17/Feb/2013:07:20:11 +0600] "GET /tv/useUser HTTP/1.1" 200 432 "http://callider/graph/personal" "Mozilla/4.0 (compatible; MSIE 7.0; Windows NT 6.1; WOW64; Trident/5.0; SLCC2; .NET CLR 2.0.50727; .NET CLR 3.5.30729; .NET CLR 3.0.30729; Media Center PC 6.0; InfoPath.3; .NET4.0C; .NET4.0E)" 16296
192.168.12.38 - - [17/Feb/2013:07:20:11 +0600] "GET /pause/ajaxPause?pauseConfigId=&admin=0 HTTP/1.1" 200 1040 "http://callider/pause/index" "Mozilla/4.0 (compatible; MSIE 7.0; Windows NT 6.1; WOW64; Trident/5.0; SLCC2; .NET CLR 2.0.50727; .NET CLR 3.5.30729; .NET CLR 3.0.30729; Media Center PC 6.0; InfoPath.3; .NET4.0C; .NET4.0E)" 14451
192.168.12.77 - - [17/Feb/2013:07:20:11 +0600] "GET /pause/ajaxPause?pauseConfigId=&admin=0 HTTP/1.1" 200 1039 "http://callider/pause/index" "Mozilla/4.0 (compatible; MSIE 7.0; Windows NT 6.1; Trident/5.0; SLCC2; .NET CLR 2.0.50727; .NET CLR 3.5.30729; .NET CLR 3.0.30729; Media Center PC 6.0; Tablet PC 2.0; InfoPath.3; .NET4.0C; .NET4.0E; MS-RTC LM 8)" 14013
192.168.65.56 - - [17/Feb/2013:07:20:11 +0600] "GET /pause/ajaxPause?pauseConfigId=all&admin=1 HTTP/1.1" 200 1046 "http://192.168.65.101/pause/index" "Mozilla/5.0 (Windows NT 5.1; rv:15.0) Gecko/20100101 Firefox/15.0" 29852
192.168.12.60 - - [17/Feb/2013:07:20:12 +0600] "GET /pause/ajaxPause?pauseConfigId=&admin=0 HTTP/1.1" 200 986 "http://callider/pause/index" "Mozilla/4.0 (compatible; MSIE 8.0; Windows NT 6.1; Trident/4.0; InfoPath.3; .NET4.0C; MS-RTC LM 8; .NET4.0E)" 20373
192.168.12.204 - - [17/Feb/2013:07:20:12 +0600] "GET /pause/ajaxPause?pauseConfigId=&admin=0 HTTP/1.1" 200 986 "http://callider/pause/index" "Mozilla/4.0 (compatible; MSIE 7.0; Windows NT 6.1; WOW64; Trident/4.0; SLCC2; .NET CLR 2.0.50727; .NET CLR 3.5.30729; .NET CLR 3.0.30729; Media Center PC 6.0; InfoPath.3; .NET4.0C; .NET4.0E; .NET CLR 1.1.4322)" 20347
192.168.74.151 - - [17/Feb/2013:07:20:13 +0600] "GET /tv/useUser HTTP/1.1" 200 431 "http://callider.kontur/graph/general" "Mozilla/5.0 (Windows NT 6.1; WOW64; rv:18.0) Gecko/20100101 Firefox/18.0" 8042
192.168.74.78 - - [17/Feb/2013:07:20:14 +0600] "GET /pause/ajaxPause?pauseConfigId=&admin=0 HTTP/1.1" 200 986 "http://callider/pause/index" "Mozilla/4.0 (compatible; MSIE 7.0; Windows NT 6.1; WOW64; Trident/5.0; SLCC2; .NET CLR 2.0.50727; .NET CLR 3.5.30729; .NET CLR 3.0.30729; Media Center PC 6.0; InfoPath.3; .NET4.0C; MS-RTC LM 8; .NET4.0E)" 25706
192.168.12.69 - - [17/Feb/2013:07:20:15 +0600] "GET /pause/ajaxPause?pauseConfigId=&admin=0 HTTP/1.1" 200 986 "http://callider/pause/index" "Mozilla/4.0 (compatible; MSIE 7.0; Windows NT 6.1; Trident/5.0; SLCC2; .NET CLR 2.0.50727; .NET CLR 3.5.30729; .NET CLR 3.0.30729; Media Center PC 6.0; InfoPath.3; .NET4.0C; .NET4.0E; Tablet PC 2.0; AskTbFXTV5/5.14.1.20007)" 18899
192.168.12.61 - - [17/Feb/2013:07:20:15 +0600] "GET /pause/ajaxPause?pauseConfigId=&admin=0 HTTP/1.1" 200 985 "http://callider/pause/index" "Mozilla/4.0 (compatible; MSIE 7.0; Windows NT 6.1; Trident/5.0; SLCC2; .NET CLR 2.0.50727; .NET CLR 3.5.30729; .NET CLR 3.0.30729; Media Center PC 6.0; InfoPath.3; .NET4.0C; .NET4.0E)" 18433
192.168.74.91 - - [17/Feb/2013:07:20:15 +0600] "GET /pause/ajaxPause?pauseConfigId=&admin=0 HTTP/1.1" 200 986 "http://callider/pause/index" "Mozilla/4.0 (compatible; MSIE 7.0; Windows NT 6.1; WOW64; Trident/5.0; SLCC2; .NET CLR 2.0.50727; .NET CLR 3.5.30729; .NET CLR 3.0.30729; Media Center PC 6.0; InfoPath.3; .NET4.0C; MS-RTC LM 8; .NET4.0E)" 21610
192.168.74.151 - - [17/Feb/2013:07:20:15 +0600] "GET /pause/ajaxPause?pauseConfigId=&admin=0 HTTP/1.1" 200 987 "http://callider.kontur/pause/index" "Mozilla/5.0 (Windows NT 6.1; WOW64; rv:18.0) Gecko/20100101 Firefox/18.0" 17693
192.168.74.151 - - [17/Feb/2013:07:20:15 +0600] "GET /tv/useUser HTTP/1.1" 200 431 "http://callider.kontur/pause/index" "Mozilla/5.0 (Windows NT 6.1; WOW64; rv:18.0) Gecko/20100101 Firefox/18.0" 10056
192.168.12.210 - - [17/Feb/2013:07:20:15 +0600] "GET /pause/ajaxPause?pauseConfigId=all&admin=1 HTTP/1.1" 200 1047 "http://callider/pause/index" "Mozilla/4.0 (compatible; MSIE 7.0; Windows NT 6.1; WOW64; Trident/5.0; SLCC2; .NET CLR 2.0.50727; .NET CLR 3.5.30729; .NET CLR 3.0.30729; Media Center PC 6.0; InfoPath.3; .NET4.0C; .NET4.0E)" 17309
192.168.12.38 - - [17/Feb/2013:07:20:16 +0600] "GET /pause/ajaxPause?pauseConfigId=&admin=0 HTTP/1.1" 200 1040 "http://callider/pause/index" "Mozilla/4.0 (compatible; MSIE 7.0; Windows NT 6.1; WOW64; Trident/5.0; SLCC2; .NET CLR 2.0.50727; .NET CLR 3.5.30729; .NET CLR 3.0.30729; Media Center PC 6.0; InfoPath.3; .NET4.0C; .NET4.0E)" 19944
192.168.12.77 - - [17/Feb/2013:07:20:16 +0600] "GET /pause/ajaxPause?pauseConfigId=&admin=0 HTTP/1.1" 200 1039 "http://callider/pause/index" "Mozilla/4.0 (compatible; MSIE 7.0; Windows NT 6.1; Trident/5.0; SLCC2; .NET CLR 2.0.50727; .NET CLR 3.5.30729; .NET CLR 3.0.30729; Media Center PC 6.0; Tablet PC 2.0; InfoPath.3; .NET4.0C; .NET4.0E; MS-RTC LM 8)" 16219
192.168.65.56 - - [17/Feb/2013:07:20:16 +0600] "GET /pause/ajaxPause?pauseConfigId=all&admin=1 HTTP/1.1" 200 1046 "http://192.168.65.101/pause/index" "Mozilla/5.0 (Windows NT 5.1; rv:15.0) Gecko/20100101 Firefox/15.0" 27795
192.168.12.60 - - [17/Feb/2013:07:20:17 +0600] "GET /pause/ajaxPause?pauseConfigId=&admin=0 HTTP/1.1" 200 986 "http://callider/pause/index" "Mozilla/4.0 (compatible; MSIE 8.0; Windows NT 6.1; Trident/4.0; InfoPath.3; .NET4.0C; MS-RTC LM 8; .NET4.0E)" 22482
192.168.12.204 - - [17/Feb/2013:07:20:17 +0600] "GET /pause/ajaxPause?pauseConfigId=&admin=0 HTTP/1.1" 200 986 "http://callider/pause/index" "Mozilla/4.0 (compatible; MSIE 7.0; Windows NT 6.1; WOW64; Trident/4.0; SLCC2; .NET CLR 2.0.50727; .NET CLR 3.5.30729; .NET CLR 3.0.30729; Media Center PC 6.0; InfoPath.3; .NET4.0C; .NET4.0E; .NET CLR 1.1.4322)" 24318
192.168.74.78 - - [17/Feb/2013:07:20:19 +0600] "GET /pause/ajaxPause?pauseConfigId=&admin=0 HTTP/1.1" 200 986 "http://callider/pause/index" "Mozilla/4.0 (compatible; MSIE 7.0; Windows NT 6.1; WOW64; Trident/5.0; SLCC2; .NET CLR 2.0.50727; .NET CLR 3.5.30729; .NET CLR 3.0.30729; Media Center PC 6.0; InfoPath.3; .NET4.0C; MS-RTC LM 8; .NET4.0E)" 19014
192.168.12.10 - - [17/Feb/2013:07:20:19 +0600] "GET /tv/useUser HTTP/1.1" 200 432 "http://callider/graph/personal" "Mozilla/4.0 (compatible; MSIE 7.0; Windows NT 6.1; Trident/5.0; SLCC2; .NET CLR 2.0.50727; .NET CLR 3.5.30729; .NET CLR 3.0.30729; Media Center PC 6.0; InfoPath.3; .NET4.0C; .NET4.0E; Tablet PC 2.0; MS-RTC LM 8)" 17986
192.168.12.108 - - [17/Feb/2013:07:20:19 +0600] "GET /tv/useUser HTTP/1.1" 200 432 "http://callider/index.php" "Mozilla/4.0 (compatible; MSIE 7.0; Windows NT 6.2; WOW64; Trident/6.0; .NET4.0E; .NET4.0C; InfoPath.3; .NET CLR 3.5.30729; .NET CLR 2.0.50727; .NET CLR 3.0.30729)" 16447
192.168.12.69 - - [17/Feb/2013:07:20:20 +0600] "GET /pause/ajaxPause?pauseConfigId=&admin=0 HTTP/1.1" 200 986 "http://callider/pause/index" "Mozilla/4.0 (compatible; MSIE 7.0; Windows NT 6.1; Trident/5.0; SLCC2; .NET CLR 2.0.50727; .NET CLR 3.5.30729; .NET CLR 3.0.30729; Media Center PC 6.0; InfoPath.3; .NET4.0C; .NET4.0E; Tablet PC 2.0; AskTbFXTV5/5.14.1.20007)" 20674
192.168.12.61 - - [17/Feb/2013:07:20:20 +0600] "GET /pause/ajaxPause?pauseConfigId=&admin=0 HTTP/1.1" 200 986 "http://callider/pause/index" "Mozilla/4.0 (compatible; MSIE 7.0; Windows NT 6.1; Trident/5.0; SLCC2; .NET CLR 2.0.50727; .NET CLR 3.5.30729; .NET CLR 3.0.30729; Media Center PC 6.0; InfoPath.3; .NET4.0C; .NET4.0E)" 35259
192.168.74.91 - - [17/Feb/2013:07:20:20 +0600] "GET /pause/ajaxPause?pauseConfigId=&admin=0 HTTP/1.1" 200 986 "http://callider/pause/index" "Mozilla/4.0 (compatible; MSIE 7.0; Windows NT 6.1; WOW64; Trident/5.0; SLCC2; .NET CLR 2.0.50727; .NET CLR 3.5.30729; .NET CLR 3.0.30729; Media Center PC 6.0; InfoPath.3; .NET4.0C; MS-RTC LM 8; .NET4.0E)" 19861
192.168.74.151 - - [17/Feb/2013:07:20:20 +0600] "GET /pause/ajaxPause?pauseConfigId=&admin=0 HTTP/1.1" 200 987 "http://callider.kontur/pause/index" "Mozilla/5.0 (Windows NT 6.1; WOW64; rv:18.0) Gecko/20100101 Firefox/18.0" 19784
192.168.12.210 - - [17/Feb/2013:07:20:20 +0600] "GET /pause/ajaxPause?pauseConfigId=all&admin=1 HTTP/1.1" 200 1047 "http://callider/pause/index" "Mozilla/4.0 (compatible; MSIE 7.0; Windows NT 6.1; WOW64; Trident/5.0; SLCC2; .NET CLR 2.0.50727; .NET CLR 3.5.30729; .NET CLR 3.0.30729; Media Center PC 6.0; InfoPath.3; .NET4.0C; .NET4.0E)" 17897
192.168.12.38 - - [17/Feb/2013:07:20:21 +0600] "GET /pause/ajaxPause?pauseConfigId=&admin=0 HTTP/1.1" 200 1040 "http://callider/pause/index" "Mozilla/4.0 (compatible; MSIE 7.0; Windows NT 6.1; WOW64; Trident/5.0; SLCC2; .NET CLR 2.0.50727; .NET CLR 3.5.30729; .NET CLR 3.0.30729; Media Center PC 6.0; InfoPath.3; .NET4.0C; .NET4.0E)" 17002
192.168.12.77 - - [17/Feb/2013:07:20:21 +0600] "GET /pause/ajaxPause?pauseConfigId=&admin=0 HTTP/1.1" 200 1039 "http://callider/pause/index" "Mozilla/4.0 (compatible; MSIE 7.0; Windows NT 6.1; Trident/5.0; SLCC2; .NET CLR 2.0.50727; .NET CLR 3.5.30729; .NET CLR 3.0.30729; Media Center PC 6.0; Tablet PC 2.0; InfoPath.3; .NET4.0C; .NET4.0E; MS-RTC LM 8)" 13987
192.168.65.56 - - [17/Feb/2013:07:20:21 +0600] "GET /pause/ajaxPause?pauseConfigId=all&admin=1 HTTP/1.1" 200 1046 "http://192.168.65.101/pause/index" "Mozilla/5.0 (Windows NT 5.1; rv:15.0) Gecko/20100101 Firefox/15.0" 28240
192.168.12.60 - - [17/Feb/2013:07:20:22 +0600] "GET /pause/ajaxPause?pauseConfigId=&admin=0 HTTP/1.1" 200 986 "http://callider/pause/index" "Mozilla/4.0 (compatible; MSIE 8.0; Windows NT 6.1; Trident/4.0; InfoPath.3; .NET4.0C; MS-RTC LM 8; .NET4.0E)" 181086
192.168.12.204 - - [17/Feb/2013:07:20:22 +0600] "GET /pause/ajaxPause?pauseConfigId=&admin=0 HTTP/1.1" 200 986 "http://callider/pause/index" "Mozilla/4.0 (compatible; MSIE 7.0; Windows NT 6.1; WOW64; Trident/4.0; SLCC2; .NET CLR 2.0.50727; .NET CLR 3.5.30729; .NET CLR 3.0.30729; Media Center PC 6.0; InfoPath.3; .NET4.0C; .NET4.0E; .NET CLR 1.1.4322)" 26169
192.168.74.78 - - [17/Feb/2013:07:20:24 +0600] "GET /pause/ajaxPause?pauseConfigId=&admin=0 HTTP/1.1" 200 986 "http://callider/pause/index" "Mozilla/4.0 (compatible; MSIE 7.0; Windows NT 6.1; WOW64; Trident/5.0; SLCC2; .NET CLR 2.0.50727; .NET CLR 3.5.30729; .NET CLR 3.0.30729; Media Center PC 6.0; InfoPath.3; .NET4.0C; MS-RTC LM 8; .NET4.0E)" 19736
192.168.12.69 - - [17/Feb/2013:07:20:25 +0600] "GET /pause/ajaxPause?pauseConfigId=&admin=0 HTTP/1.1" 200 986 "http://callider/pause/index" "Mozilla/4.0 (compatible; MSIE 7.0; Windows NT 6.1; Trident/5.0; SLCC2; .NET CLR 2.0.50727; .NET CLR 3.5.30729; .NET CLR 3.0.30729; Media Center PC 6.0; InfoPath.3; .NET4.0C; .NET4.0E; Tablet PC 2.0; AskTbFXTV5/5.14.1.20007)" 19692
192.168.12.61 - - [17/Feb/2013:07:20:25 +0600] "GET /pause/ajaxPause?pauseConfigId=&admin=0 HTTP/1.1" 200 985 "http://callider/pause/index" "Mozilla/4.0 (compatible; MSIE 7.0; Windows NT 6.1; Trident/5.0; SLCC2; .NET CLR 2.0.50727; .NET CLR 3.5.30729; .NET CLR 3.0.30729; Media Center PC 6.0; InfoPath.3; .NET4.0C; .NET4.0E)" 17223
192.168.12.210 - - [17/Feb/2013:07:20:25 +0600] "GET /pause/ajaxPause?pauseConfigId=all&admin=1 HTTP/1.1" 200 1047 "http://callider/pause/index" "Mozilla/4.0 (compatible; MSIE 7.0; Windows NT 6.1; WOW64; Trident/5.0; SLCC2; .NET CLR 2.0.50727; .NET CLR 3.5.30729; .NET CLR 3.0.30729; Media Center PC 6.0; InfoPath.3; .NET4.0C; .NET4.0E)" 19201
192.168.74.91 - - [17/Feb/2013:07:20:25 +0600] "GET /pause/ajaxPause?pauseConfigId=&admin=0 HTTP/1.1" 200 986 "http://callider/pause/index" "Mozilla/4.0 (compatible; MSIE 7.0; Windows NT 6.1; WOW64; Trident/5.0; SLCC2; .NET CLR 2.0.50727; .NET CLR 3.5.30729; .NET CLR 3.0.30729; Media Center PC 6.0; InfoPath.3; .NET4.0C; MS-RTC LM 8; .NET4.0E)" 154643
192.168.74.151 - - [17/Feb/2013:07:20:25 +0600] "GET /pause/ajaxPause?pauseConfigId=&admin=0 HTTP/1.1" 200 987 "http://callider.kontur/pause/index" "Mozilla/5.0 (Windows NT 6.1; WOW64; rv:18.0) Gecko/20100101 Firefox/18.0" 104689
192.168.12.38 - - [17/Feb/2013:07:20:26 +0600] "GET /pause/ajaxPause?pauseConfigId=&admin=0 HTTP/1.1" 200 1040 "http://callider/pause/index" "Mozilla/4.0 (compatible; MSIE 7.0; Windows NT 6.1; WOW64; Trident/5.0; SLCC2; .NET CLR 2.0.50727; .NET CLR 3.5.30729; .NET CLR 3.0.30729; Media Center PC 6.0; InfoPath.3; .NET4.0C; .NET4.0E)" 15492
192.168.12.77 - - [17/Feb/2013:07:20:26 +0600] "GET /pause/ajaxPause?pauseConfigId=&admin=0 HTTP/1.1" 200 1039 "http://callider/pause/index" "Mozilla/4.0 (compatible; MSIE 7.0; Windows NT 6.1; Trident/5.0; SLCC2; .NET CLR 2.0.50727; .NET CLR 3.5.30729; .NET CLR 3.0.30729; Media Center PC 6.0; Tablet PC 2.0; InfoPath.3; .NET4.0C; .NET4.0E; MS-RTC LM 8)" 16554
192.168.65.56 - - [17/Feb/2013:07:20:26 +0600] "GET /pause/ajaxPause?pauseConfigId=all&admin=1 HTTP/1.1" 200 1046 "http://192.168.65.101/pause/index" "Mozilla/5.0 (Windows NT 5.1; rv:15.0) Gecko/20100101 Firefox/15.0" 32836
192.168.12.60 - - [17/Feb/2013:07:20:27 +0600] "GET /pause/ajaxPause?pauseConfigId=&admin=0 HTTP/1.1" 200 986 "http://callider/pause/index" "Mozilla/4.0 (compatible; MSIE 8.0; Windows NT 6.1; Trident/4.0; InfoPath.3; .NET4.0C; MS-RTC LM 8; .NET4.0E)" 19939
192.168.12.204 - - [17/Feb/2013:07:20:27 +0600] "GET /pause/ajaxPause?pauseConfigId=&admin=0 HTTP/1.1" 200 986 "http://callider/pause/index" "Mozilla/4.0 (compatible; MSIE 7.0; Windows NT 6.1; WOW64; Trident/4.0; SLCC2; .NET CLR 2.0.50727; .NET CLR 3.5.30729; .NET CLR 3.0.30729; Media Center PC 6.0; InfoPath.3; .NET4.0C; .NET4.0E; .NET CLR 1.1.4322)" 19607
192.168.74.78 - - [17/Feb/2013:07:20:29 +0600] "GET /pause/ajaxPause?pauseConfigId=&admin=0 HTTP/1.1" 200 986 "http://callider/pause/index" "Mozilla/4.0 (compatible; MSIE 7.0; Windows NT 6.1; WOW64; Trident/5.0; SLCC2; .NET CLR 2.0.50727; .NET CLR 3.5.30729; .NET CLR 3.0.30729; Media Center PC 6.0; InfoPath.3; .NET4.0C; MS-RTC LM 8; .NET4.0E)" 21899
192.168.12.69 - - [17/Feb/2013:07:20:30 +0600] "GET /pause/ajaxPause?pauseConfigId=&admin=0 HTTP/1.1" 200 986 "http://callider/pause/index" "Mozilla/4.0 (compatible; MSIE 7.0; Windows NT 6.1; Trident/5.0; SLCC2; .NET CLR 2.0.50727; .NET CLR 3.5.30729; .NET CLR 3.0.30729; Media Center PC 6.0; InfoPath.3; .NET4.0C; .NET4.0E; Tablet PC 2.0; AskTbFXTV5/5.14.1.20007)" 31814
192.168.12.61 - - [17/Feb/2013:07:20:30 +0600] "GET /pause/ajaxPause?pauseConfigId=&admin=0 HTTP/1.1" 200 985 "http://callider/pause/index" "Mozilla/4.0 (compatible; MSIE 7.0; Windows NT 6.1; Trident/5.0; SLCC2; .NET CLR 2.0.50727; .NET CLR 3.5.30729; .NET CLR 3.0.30729; Media Center PC 6.0; InfoPath.3; .NET4.0C; .NET4.0E)" 18045
192.168.74.91 - - [17/Feb/2013:07:20:30 +0600] "GET /pause/ajaxPause?pauseConfigId=&admin=0 HTTP/1.1" 200 986 "http://callider/pause/index" "Mozilla/4.0 (compatible; MSIE 7.0; Windows NT 6.1; WOW64; Trident/5.0; SLCC2; .NET CLR 2.0.50727; .NET CLR 3.5.30729; .NET CLR 3.0.30729; Media Center PC 6.0; InfoPath.3; .NET4.0C; MS-RTC LM 8; .NET4.0E)" 18956
192.168.74.151 - - [17/Feb/2013:07:20:30 +0600] "GET /pause/ajaxPause?pauseConfigId=&admin=0 HTTP/1.1" 200 987 "http://callider.kontur/pause/index" "Mozilla/5.0 (Windows NT 6.1; WOW64; rv:18.0) Gecko/20100101 Firefox/18.0" 19133
192.168.12.210 - - [17/Feb/2013:07:20:30 +0600] "GET /pause/ajaxPause?pauseConfigId=all&admin=1 HTTP/1.1" 200 1047 "http://callider/pause/index" "Mozilla/4.0 (compatible; MSIE 7.0; Windows NT 6.1; WOW64; Trident/5.0; SLCC2; .NET CLR 2.0.50727; .NET CLR 3.5.30729; .NET CLR 3.0.30729; Media Center PC 6.0; InfoPath.3; .NET4.0C; .NET4.0E)" 20640
192.168.12.38 - - [17/Feb/2013:07:20:31 +0600] "GET /pause/ajaxPause?pauseConfigId=&admin=0 HTTP/1.1" 200 1040 "http://callider/pause/index" "Mozilla/4.0 (compatible; MSIE 7.0; Windows NT 6.1; WOW64; Trident/5.0; SLCC2; .NET CLR 2.0.50727; .NET CLR 3.5.30729; .NET CLR 3.0.30729; Media Center PC 6.0; InfoPath.3; .NET4.0C; .NET4.0E)" 17771
192.168.12.77 - - [17/Feb/2013:07:20:31 +0600] "GET /pause/ajaxPause?pauseConfigId=&admin=0 HTTP/1.1" 200 1039 "http://callider/pause/index" "Mozilla/4.0 (compatible; MSIE 7.0; Windows NT 6.1; Trident/5.0; SLCC2; .NET CLR 2.0.50727; .NET CLR 3.5.30729; .NET CLR 3.0.30729; Media Center PC 6.0; Tablet PC 2.0; InfoPath.3; .NET4.0C; .NET4.0E; MS-RTC LM 8)" 15322
192.168.65.56 - - [17/Feb/2013:07:20:31 +0600] "GET /pause/ajaxPause?pauseConfigId=all&admin=1 HTTP/1.1" 200 1046 "http://192.168.65.101/pause/index" "Mozilla/5.0 (Windows NT 5.1; rv:15.0) Gecko/20100101 Firefox/15.0" 30891
192.168.12.60 - - [17/Feb/2013:07:20:32 +0600] "GET /pause/ajaxPause?pauseConfigId=&admin=0 HTTP/1.1" 200 986 "http://callider/pause/index" "Mozilla/4.0 (compatible; MSIE 8.0; Windows NT 6.1; Trident/4.0; InfoPath.3; .NET4.0C; MS-RTC LM 8; .NET4.0E)" 19532
192.168.12.204 - - [17/Feb/2013:07:20:32 +0600] "GET /pause/ajaxPause?pauseConfigId=&admin=0 HTTP/1.1" 200 986 "http://callider/pause/index" "Mozilla/4.0 (compatible; MSIE 7.0; Windows NT 6.1; WOW64; Trident/4.0; SLCC2; .NET CLR 2.0.50727; .NET CLR 3.5.30729; .NET CLR 3.0.30729; Media Center PC 6.0; InfoPath.3; .NET4.0C; .NET4.0E; .NET CLR 1.1.4322)" 140253
192.168.74.78 - - [17/Feb/2013:07:20:34 +0600] "GET /pause/ajaxPause?pauseConfigId=&admin=0 HTTP/1.1" 200 986 "http://callider/pause/index" "Mozilla/4.0 (compatible; MSIE 7.0; Windows NT 6.1; WOW64; Trident/5.0; SLCC2; .NET CLR 2.0.50727; .NET CLR 3.5.30729; .NET CLR 3.0.30729; Media Center PC 6.0; InfoPath.3; .NET4.0C; MS-RTC LM 8; .NET4.0E)" 23203
192.168.12.67 - - [17/Feb/2013:07:20:34 +0600] "GET /tv/useUser HTTP/1.1" 200 432 "http://callider/graph/personal" "Mozilla/4.0 (compatible; MSIE 7.0; Windows NT 6.1; Trident/5.0; SLCC2; .NET CLR 2.0.50727; .NET CLR 3.5.30729; .NET CLR 3.0.30729; Media Center PC 6.0; .NET4.0C; .NET4.0E; InfoPath.3; Tablet PC 2.0; MS-RTC LM 8)" 15383
192.168.12.69 - - [17/Feb/2013:07:20:35 +0600] "GET /pause/ajaxPause?pauseConfigId=&admin=0 HTTP/1.1" 200 986 "http://callider/pause/index" "Mozilla/4.0 (compatible; MSIE 7.0; Windows NT 6.1; Trident/5.0; SLCC2; .NET CLR 2.0.50727; .NET CLR 3.5.30729; .NET CLR 3.0.30729; Media Center PC 6.0; InfoPath.3; .NET4.0C; .NET4.0E; Tablet PC 2.0; AskTbFXTV5/5.14.1.20007)" 19779
192.168.12.61 - - [17/Feb/2013:07:20:35 +0600] "GET /pause/ajaxPause?pauseConfigId=&admin=0 HTTP/1.1" 200 985 "http://callider/pause/index" "Mozilla/4.0 (compatible; MSIE 7.0; Windows NT 6.1; Trident/5.0; SLCC2; .NET CLR 2.0.50727; .NET CLR 3.5.30729; .NET CLR 3.0.30729; Media Center PC 6.0; InfoPath.3; .NET4.0C; .NET4.0E)" 18987
192.168.74.91 - - [17/Feb/2013:07:20:35 +0600] "GET /pause/ajaxPause?pauseConfigId=&admin=0 HTTP/1.1" 200 986 "http://callider/pause/index" "Mozilla/4.0 (compatible; MSIE 7.0; Windows NT 6.1; WOW64; Trident/5.0; SLCC2; .NET CLR 2.0.50727; .NET CLR 3.5.30729; .NET CLR 3.0.30729; Media Center PC 6.0; InfoPath.3; .NET4.0C; MS-RTC LM 8; .NET4.0E)" 24853
192.168.74.151 - - [17/Feb/2013:07:20:35 +0600] "GET /pause/ajaxPause?pauseConfigId=&admin=0 HTTP/1.1" 200 987 "http://callider.kontur/pause/index" "Mozilla/5.0 (Windows NT 6.1; WOW64; rv:18.0) Gecko/20100101 Firefox/18.0" 41494
192.168.12.210 - - [17/Feb/2013:07:20:35 +0600] "GET /pause/ajaxPause?pauseConfigId=all&admin=1 HTTP/1.1" 200 1047 "http://callider/pause/index" "Mozilla/4.0 (compatible; MSIE 7.0; Windows NT 6.1; WOW64; Trident/5.0; SLCC2; .NET CLR 2.0.50727; .NET CLR 3.5.30729; .NET CLR 3.0.30729; Media Center PC 6.0; InfoPath.3; .NET4.0C; .NET4.0E)" 18619
192.168.12.38 - - [17/Feb/2013:07:20:36 +0600] "GET /pause/ajaxPause?pauseConfigId=&admin=0 HTTP/1.1" 200 1040 "http://callider/pause/index" "Mozilla/4.0 (compatible; MSIE 7.0; Windows NT 6.1; WOW64; Trident/5.0; SLCC2; .NET CLR 2.0.50727; .NET CLR 3.5.30729; .NET CLR 3.0.30729; Media Center PC 6.0; InfoPath.3; .NET4.0C; .NET4.0E)" 14405
192.168.12.77 - - [17/Feb/2013:07:20:36 +0600] "GET /pause/ajaxPause?pauseConfigId=&admin=0 HTTP/1.1" 200 1039 "http://callider/pause/index" "Mozilla/4.0 (compatible; MSIE 7.0; Windows NT 6.1; Trident/5.0; SLCC2; .NET CLR 2.0.50727; .NET CLR 3.5.30729; .NET CLR 3.0.30729; Media Center PC 6.0; Tablet PC 2.0; InfoPath.3; .NET4.0C; .NET4.0E; MS-RTC LM 8)" 13649
192.168.65.56 - - [17/Feb/2013:07:20:36 +0600] "GET /pause/ajaxPause?pauseConfigId=all&admin=1 HTTP/1.1" 200 1046 "http://192.168.65.101/pause/index" "Mozilla/5.0 (Windows NT 5.1; rv:15.0) Gecko/20100101 Firefox/15.0" 31386
192.168.12.60 - - [17/Feb/2013:07:20:37 +0600] "GET /pause/ajaxPause?pauseConfigId=&admin=0 HTTP/1.1" 200 986 "http://callider/pause/index" "Mozilla/4.0 (compatible; MSIE 8.0; Windows NT 6.1; Trident/4.0; InfoPath.3; .NET4.0C; MS-RTC LM 8; .NET4.0E)" 17262
192.168.12.204 - - [17/Feb/2013:07:20:37 +0600] "GET /pause/ajaxPause?pauseConfigId=&admin=0 HTTP/1.1" 200 986 "http://callider/pause/index" "Mozilla/4.0 (compatible; MSIE 7.0; Windows NT 6.1; WOW64; Trident/4.0; SLCC2; .NET CLR 2.0.50727; .NET CLR 3.5.30729; .NET CLR 3.0.30729; Media Center PC 6.0; InfoPath.3; .NET4.0C; .NET4.0E; .NET CLR 1.1.4322)" 20488
192.168.74.93 - - [17/Feb/2013:07:20:38 +0600] "GET /tv/useUser HTTP/1.1" 200 432 "http://callider/graph/personal" "Mozilla/4.0 (compatible; MSIE 7.0; Windows NT 6.1; WOW64; Trident/5.0; SLCC2; .NET CLR 2.0.50727; .NET CLR 3.5.30729; .NET CLR 3.0.30729; Media Center PC 6.0; InfoPath.3; .NET4.0C; .NET4.0E)" 14771
192.168.12.210 - - [17/Feb/2013:07:20:39 +0600] "GET /tv/useUser HTTP/1.1" 200 431 "http://callider/graph/general" "Mozilla/4.0 (compatible; MSIE 7.0; Windows NT 6.1; WOW64; Trident/5.0; SLCC2; .NET CLR 2.0.50727; .NET CLR 3.5.30729; .NET CLR 3.0.30729; Media Center PC 6.0; InfoPath.3; .NET4.0C; .NET4.0E)" 11270
192.168.74.78 - - [17/Feb/2013:07:20:39 +0600] "GET /pause/ajaxPause?pauseConfigId=&admin=0 HTTP/1.1" 200 986 "http://callider/pause/index" "Mozilla/4.0 (compatible; MSIE 7.0; Windows NT 6.1; WOW64; Trident/5.0; SLCC2; .NET CLR 2.0.50727; .NET CLR 3.5.30729; .NET CLR 3.0.30729; Media Center PC 6.0; InfoPath.3; .NET4.0C; MS-RTC LM 8; .NET4.0E)" 27894
192.168.12.69 - - [17/Feb/2013:07:20:40 +0600] "GET /pause/ajaxPause?pauseConfigId=&admin=0 HTTP/1.1" 200 986 "http://callider/pause/index" "Mozilla/4.0 (compatible; MSIE 7.0; Windows NT 6.1; Trident/5.0; SLCC2; .NET CLR 2.0.50727; .NET CLR 3.5.30729; .NET CLR 3.0.30729; Media Center PC 6.0; InfoPath.3; .NET4.0C; .NET4.0E; Tablet PC 2.0; AskTbFXTV5/5.14.1.20007)" 18720
192.168.12.61 - - [17/Feb/2013:07:20:40 +0600] "GET /pause/ajaxPause?pauseConfigId=&admin=0 HTTP/1.1" 200 985 "http://callider/pause/index" "Mozilla/4.0 (compatible; MSIE 7.0; Windows NT 6.1; Trident/5.0; SLCC2; .NET CLR 2.0.50727; .NET CLR 3.5.30729; .NET CLR 3.0.30729; Media Center PC 6.0; InfoPath.3; .NET4.0C; .NET4.0E)" 17684
192.168.74.91 - - [17/Feb/2013:07:20:40 +0600] "GET /pause/ajaxPause?pauseConfigId=&admin=0 HTTP/1.1" 200 986 "http://callider/pause/index" "Mozilla/4.0 (compatible; MSIE 7.0; Windows NT 6.1; WOW64; Trident/5.0; SLCC2; .NET CLR 2.0.50727; .NET CLR 3.5.30729; .NET CLR 3.0.30729; Media Center PC 6.0; InfoPath.3; .NET4.0C; MS-RTC LM 8; .NET4.0E)" 17295
192.168.74.151 - - [17/Feb/2013:07:20:40 +0600] "GET /pause/ajaxPause?pauseConfigId=&admin=0 HTTP/1.1" 200 987 "http://callider.kontur/pause/index" "Mozilla/5.0 (Windows NT 6.1; WOW64; rv:18.0) Gecko/20100101 Firefox/18.0" 21950
192.168.12.210 - - [17/Feb/2013:07:20:40 +0600] "GET /pause/ajaxPause?pauseConfigId=all&admin=1 HTTP/1.1" 200 1047 "http://callider/pause/index" "Mozilla/4.0 (compatible; MSIE 7.0; Windows NT 6.1; WOW64; Trident/5.0; SLCC2; .NET CLR 2.0.50727; .NET CLR 3.5.30729; .NET CLR 3.0.30729; Media Center PC 6.0; InfoPath.3; .NET4.0C; .NET4.0E)" 19420
192.168.12.9 - - [17/Feb/2013:07:20:40 +0600] "GET /tv/useUser HTTP/1.1" 200 432 "http://callider.kontur/site/index" "Mozilla/5.0 (Windows NT 6.1; WOW64) AppleWebKit/537.17 (KHTML, like Gecko) Chrome/24.0.1312.57 Safari/537.17" 14182
192.168.12.38 - - [17/Feb/2013:07:20:41 +0600] "GET /pause/ajaxPause?pauseConfigId=&admin=0 HTTP/1.1" 200 1040 "http://callider/pause/index" "Mozilla/4.0 (compatible; MSIE 7.0; Windows NT 6.1; WOW64; Trident/5.0; SLCC2; .NET CLR 2.0.50727; .NET CLR 3.5.30729; .NET CLR 3.0.30729; Media Center PC 6.0; InfoPath.3; .NET4.0C; .NET4.0E)" 16168
192.168.12.77 - - [17/Feb/2013:07:20:41 +0600] "GET /pause/ajaxPause?pauseConfigId=&admin=0 HTTP/1.1" 200 1039 "http://callider/pause/index" "Mozilla/4.0 (compatible; MSIE 7.0; Windows NT 6.1; Trident/5.0; SLCC2; .NET CLR 2.0.50727; .NET CLR 3.5.30729; .NET CLR 3.0.30729; Media Center PC 6.0; Tablet PC 2.0; InfoPath.3; .NET4.0C; .NET4.0E; MS-RTC LM 8)" 12679
192.168.65.56 - - [17/Feb/2013:07:20:41 +0600] "GET /pause/ajaxPause?pauseConfigId=all&admin=1 HTTP/1.1" 200 1046 "http://192.168.65.101/pause/index" "Mozilla/5.0 (Windows NT 5.1; rv:15.0) Gecko/20100101 Firefox/15.0" 30544
192.168.12.60 - - [17/Feb/2013:07:20:42 +0600] "GET /pause/ajaxPause?pauseConfigId=&admin=0 HTTP/1.1" 200 986 "http://callider/pause/index" "Mozilla/4.0 (compatible; MSIE 8.0; Windows NT 6.1; Trident/4.0; InfoPath.3; .NET4.0C; MS-RTC LM 8; .NET4.0E)" 19779
192.168.12.204 - - [17/Feb/2013:07:20:42 +0600] "GET /pause/ajaxPause?pauseConfigId=&admin=0 HTTP/1.1" 200 986 "http://callider/pause/index" "Mozilla/4.0 (compatible; MSIE 7.0; Windows NT 6.1; WOW64; Trident/4.0; SLCC2; .NET CLR 2.0.50727; .NET CLR 3.5.30729; .NET CLR 3.0.30729; Media Center PC 6.0; InfoPath.3; .NET4.0C; .NET4.0E; .NET CLR 1.1.4322)" 30414
192.168.74.78 - - [17/Feb/2013:07:20:44 +0600] "GET /pause/ajaxPause?pauseConfigId=&admin=0 HTTP/1.1" 200 986 "http://callider/pause/index" "Mozilla/4.0 (compatible; MSIE 7.0; Windows NT 6.1; WOW64; Trident/5.0; SLCC2; .NET CLR 2.0.50727; .NET CLR 3.5.30729; .NET CLR 3.0.30729; Media Center PC 6.0; InfoPath.3; .NET4.0C; MS-RTC LM 8; .NET4.0E)" 21051
192.168.12.69 - - [17/Feb/2013:07:20:45 +0600] "GET /pause/ajaxPause?pauseConfigId=&admin=0 HTTP/1.1" 200 986 "http://callider/pause/index" "Mozilla/4.0 (compatible; MSIE 7.0; Windows NT 6.1; Trident/5.0; SLCC2; .NET CLR 2.0.50727; .NET CLR 3.5.30729; .NET CLR 3.0.30729; Media Center PC 6.0; InfoPath.3; .NET4.0C; .NET4.0E; Tablet PC 2.0; AskTbFXTV5/5.14.1.20007)" 18283
192.168.12.61 - - [17/Feb/2013:07:20:45 +0600] "GET /pause/ajaxPause?pauseConfigId=&admin=0 HTTP/1.1" 200 985 "http://callider/pause/index" "Mozilla/4.0 (compatible; MSIE 7.0; Windows NT 6.1; Trident/5.0; SLCC2; .NET CLR 2.0.50727; .NET CLR 3.5.30729; .NET CLR 3.0.30729; Media Center PC 6.0; InfoPath.3; .NET4.0C; .NET4.0E)" 25424
192.168.74.91 - - [17/Feb/2013:07:20:45 +0600] "GET /pause/ajaxPause?pauseConfigId=&admin=0 HTTP/1.1" 200 986 "http://callider/pause/index" "Mozilla/4.0 (compatible; MSIE 7.0; Windows NT 6.1; WOW64; Trident/5.0; SLCC2; .NET CLR 2.0.50727; .NET CLR 3.5.30729; .NET CLR 3.0.30729; Media Center PC 6.0; InfoPath.3; .NET4.0C; MS-RTC LM 8; .NET4.0E)" 19572
192.168.74.151 - - [17/Feb/2013:07:20:45 +0600] "GET /pause/ajaxPause?pauseConfigId=&admin=0 HTTP/1.1" 200 987 "http://callider.kontur/pause/index" "Mozilla/5.0 (Windows NT 6.1; WOW64; rv:18.0) Gecko/20100101 Firefox/18.0" 23030
192.168.12.210 - - [17/Feb/2013:07:20:45 +0600] "GET /pause/ajaxPause?pauseConfigId=all&admin=1 HTTP/1.1" 200 1047 "http://callider/pause/index" "Mozilla/4.0 (compatible; MSIE 7.0; Windows NT 6.1; WOW64; Trident/5.0; SLCC2; .NET CLR 2.0.50727; .NET CLR 3.5.30729; .NET CLR 3.0.30729; Media Center PC 6.0; InfoPath.3; .NET4.0C; .NET4.0E)" 20402
192.168.12.38 - - [17/Feb/2013:07:20:46 +0600] "GET /pause/ajaxPause?pauseConfigId=&admin=0 HTTP/1.1" 200 1040 "http://callider/pause/index" "Mozilla/4.0 (compatible; MSIE 7.0; Windows NT 6.1; WOW64; Trident/5.0; SLCC2; .NET CLR 2.0.50727; .NET CLR 3.5.30729; .NET CLR 3.0.30729; Media Center PC 6.0; InfoPath.3; .NET4.0C; .NET4.0E)" 23562
192.168.12.77 - - [17/Feb/2013:07:20:46 +0600] "GET /pause/ajaxPause?pauseConfigId=&admin=0 HTTP/1.1" 200 1039 "http://callider/pause/index" "Mozilla/4.0 (compatible; MSIE 7.0; Windows NT 6.1; Trident/5.0; SLCC2; .NET CLR 2.0.50727; .NET CLR 3.5.30729; .NET CLR 3.0.30729; Media Center PC 6.0; Tablet PC 2.0; InfoPath.3; .NET4.0C; .NET4.0E; MS-RTC LM 8)" 16640
192.168.65.56 - - [17/Feb/2013:07:20:46 +0600] "GET /pause/ajaxPause?pauseConfigId=all&admin=1 HTTP/1.1" 200 1046 "http://192.168.65.101/pause/index" "Mozilla/5.0 (Windows NT 5.1; rv:15.0) Gecko/20100101 Firefox/15.0" 26622
192.168.12.60 - - [17/Feb/2013:07:20:47 +0600] "GET /pause/ajaxPause?pauseConfigId=&admin=0 HTTP/1.1" 200 986 "http://callider/pause/index" "Mozilla/4.0 (compatible; MSIE 8.0; Windows NT 6.1; Trident/4.0; InfoPath.3; .NET4.0C; MS-RTC LM 8; .NET4.0E)" 26068
192.168.12.204 - - [17/Feb/2013:07:20:47 +0600] "GET /pause/ajaxPause?pauseConfigId=&admin=0 HTTP/1.1" 200 986 "http://callider/pause/index" "Mozilla/4.0 (compatible; MSIE 7.0; Windows NT 6.1; WOW64; Trident/4.0; SLCC2; .NET CLR 2.0.50727; .NET CLR 3.5.30729; .NET CLR 3.0.30729; Media Center PC 6.0; InfoPath.3; .NET4.0C; .NET4.0E; .NET CLR 1.1.4322)" 18901
192.168.12.210 - - [17/Feb/2013:07:20:49 +0600] "GET /tv/useUser HTTP/1.1" 200 431 "http://callider/pause/index" "Mozilla/4.0 (compatible; MSIE 7.0; Windows NT 6.1; WOW64; Trident/5.0; SLCC2; .NET CLR 2.0.50727; .NET CLR 3.5.30729; .NET CLR 3.0.30729; Media Center PC 6.0; InfoPath.3; .NET4.0C; .NET4.0E)" 9336
192.168.74.78 - - [17/Feb/2013:07:20:49 +0600] "GET /pause/ajaxPause?pauseConfigId=&admin=0 HTTP/1.1" 200 986 "http://callider/pause/index" "Mozilla/4.0 (compatible; MSIE 7.0; Windows NT 6.1; WOW64; Trident/5.0; SLCC2; .NET CLR 2.0.50727; .NET CLR 3.5.30729; .NET CLR 3.0.30729; Media Center PC 6.0; InfoPath.3; .NET4.0C; MS-RTC LM 8; .NET4.0E)" 21963
192.168.12.69 - - [17/Feb/2013:07:20:50 +0600] "GET /pause/ajaxPause?pauseConfigId=&admin=0 HTTP/1.1" 200 986 "http://callider/pause/index" "Mozilla/4.0 (compatible; MSIE 7.0; Windows NT 6.1; Trident/5.0; SLCC2; .NET CLR 2.0.50727; .NET CLR 3.5.30729; .NET CLR 3.0.30729; Media Center PC 6.0; InfoPath.3; .NET4.0C; .NET4.0E; Tablet PC 2.0; AskTbFXTV5/5.14.1.20007)" 21671
192.168.12.61 - - [17/Feb/2013:07:20:50 +0600] "GET /pause/ajaxPause?pauseConfigId=&admin=0 HTTP/1.1" 200 986 "http://callider/pause/index" "Mozilla/4.0 (compatible; MSIE 7.0; Windows NT 6.1; Trident/5.0; SLCC2; .NET CLR 2.0.50727; .NET CLR 3.5.30729; .NET CLR 3.0.30729; Media Center PC 6.0; InfoPath.3; .NET4.0C; .NET4.0E)" 33293
192.168.74.91 - - [17/Feb/2013:07:20:50 +0600] "GET /pause/ajaxPause?pauseConfigId=&admin=0 HTTP/1.1" 200 986 "http://callider/pause/index" "Mozilla/4.0 (compatible; MSIE 7.0; Windows NT 6.1; WOW64; Trident/5.0; SLCC2; .NET CLR 2.0.50727; .NET CLR 3.5.30729; .NET CLR 3.0.30729; Media Center PC 6.0; InfoPath.3; .NET4.0C; MS-RTC LM 8; .NET4.0E)" 19854
192.168.74.151 - - [17/Feb/2013:07:20:50 +0600] "GET /pause/ajaxPause?pauseConfigId=&admin=0 HTTP/1.1" 200 987 "http://callider.kontur/pause/index" "Mozilla/5.0 (Windows NT 6.1; WOW64; rv:18.0) Gecko/20100101 Firefox/18.0" 19669
192.168.12.210 - - [17/Feb/2013:07:20:50 +0600] "GET /pause/ajaxPause?pauseConfigId=all&admin=1 HTTP/1.1" 200 1047 "http://callider/pause/index" "Mozilla/4.0 (compatible; MSIE 7.0; Windows NT 6.1; WOW64; Trident/5.0; SLCC2; .NET CLR 2.0.50727; .NET CLR 3.5.30729; .NET CLR 3.0.30729; Media Center PC 6.0; InfoPath.3; .NET4.0C; .NET4.0E)" 18962
192.168.12.38 - - [17/Feb/2013:07:20:51 +0600] "GET /pause/ajaxPause?pauseConfigId=&admin=0 HTTP/1.1" 200 1040 "http://callider/pause/index" "Mozilla/4.0 (compatible; MSIE 7.0; Windows NT 6.1; WOW64; Trident/5.0; SLCC2; .NET CLR 2.0.50727; .NET CLR 3.5.30729; .NET CLR 3.0.30729; Media Center PC 6.0; InfoPath.3; .NET4.0C; .NET4.0E)" 14812
192.168.12.77 - - [17/Feb/2013:07:20:51 +0600] "GET /pause/ajaxPause?pauseConfigId=&admin=0 HTTP/1.1" 200 1039 "http://callider/pause/index" "Mozilla/4.0 (compatible; MSIE 7.0; Windows NT 6.1; Trident/5.0; SLCC2; .NET CLR 2.0.50727; .NET CLR 3.5.30729; .NET CLR 3.0.30729; Media Center PC 6.0; Tablet PC 2.0; InfoPath.3; .NET4.0C; .NET4.0E; MS-RTC LM 8)" 13487
192.168.65.56 - - [17/Feb/2013:07:20:51 +0600] "GET /pause/ajaxPause?pauseConfigId=all&admin=1 HTTP/1.1" 200 1046 "http://192.168.65.101/pause/index" "Mozilla/5.0 (Windows NT 5.1; rv:15.0) Gecko/20100101 Firefox/15.0" 28638
192.168.65.56 - - [17/Feb/2013:07:20:51 +0600] "GET /tv/useUser HTTP/1.1" 200 431 "http://192.168.65.101/pause/index" "Mozilla/5.0 (Windows NT 5.1; rv:15.0) Gecko/20100101 Firefox/15.0" 11665
192.168.65.93 - - [17/Feb/2013:07:20:52 +0600] "GET / HTTP/1.1" 302 530 "-" "System Center 2012 - Operations Manager 7.0.9538.0" 17463
192.168.12.60 - - [17/Feb/2013:07:20:52 +0600] "GET /pause/ajaxPause?pauseConfigId=&admin=0 HTTP/1.1" 200 986 "http://callider/pause/index" "Mozilla/4.0 (compatible; MSIE 8.0; Windows NT 6.1; Trident/4.0; InfoPath.3; .NET4.0C; MS-RTC LM 8; .NET4.0E)" 25453
192.168.65.93 - - [17/Feb/2013:07:20:52 +0600] "GET /site/login HTTP/1.1" 200 2768 "-" "System Center 2012 - Operations Manager 7.0.9538.0" 17977
192.168.12.204 - - [17/Feb/2013:07:20:52 +0600] "GET /pause/ajaxPause?pauseConfigId=&admin=0 HTTP/1.1" 200 986 "http://callider/pause/index" "Mozilla/4.0 (compatible; MSIE 7.0; Windows NT 6.1; WOW64; Trident/4.0; SLCC2; .NET CLR 2.0.50727; .NET CLR 3.5.30729; .NET CLR 3.0.30729; Media Center PC 6.0; InfoPath.3; .NET4.0C; .NET4.0E; .NET CLR 1.1.4322)" 18889
192.168.74.78 - - [17/Feb/2013:07:20:54 +0600] "GET /pause/ajaxPause?pauseConfigId=&admin=0 HTTP/1.1" 200 986 "http://callider/pause/index" "Mozilla/4.0 (compatible; MSIE 7.0; Windows NT 6.1; WOW64; Trident/5.0; SLCC2; .NET CLR 2.0.50727; .NET CLR 3.5.30729; .NET CLR 3.0.30729; Media Center PC 6.0; InfoPath.3; .NET4.0C; MS-RTC LM 8; .NET4.0E)" 25987
192.168.12.69 - - [17/Feb/2013:07:20:55 +0600] "GET /pause/ajaxPause?pauseConfigId=&admin=0 HTTP/1.1" 200 986 "http://callider/pause/index" "Mozilla/4.0 (compatible; MSIE 7.0; Windows NT 6.1; Trident/5.0; SLCC2; .NET CLR 2.0.50727; .NET CLR 3.5.30729; .NET CLR 3.0.30729; Media Center PC 6.0; InfoPath.3; .NET4.0C; .NET4.0E; Tablet PC 2.0; AskTbFXTV5/5.14.1.20007)" 29681
192.168.12.61 - - [17/Feb/2013:07:20:55 +0600] "GET /pause/ajaxPause?pauseConfigId=&admin=0 HTTP/1.1" 200 985 "http://callider/pause/index" "Mozilla/4.0 (compatible; MSIE 7.0; Windows NT 6.1; Trident/5.0; SLCC2; .NET CLR 2.0.50727; .NET CLR 3.5.30729; .NET CLR 3.0.30729; Media Center PC 6.0; InfoPath.3; .NET4.0C; .NET4.0E)" 23644
192.168.74.91 - - [17/Feb/2013:07:20:55 +0600] "GET /pause/ajaxPause?pauseConfigId=&admin=0 HTTP/1.1" 200 986 "http://callider/pause/index" "Mozilla/4.0 (compatible; MSIE 7.0; Windows NT 6.1; WOW64; Trident/5.0; SLCC2; .NET CLR 2.0.50727; .NET CLR 3.5.30729; .NET CLR 3.0.30729; Media Center PC 6.0; InfoPath.3; .NET4.0C; MS-RTC LM 8; .NET4.0E)" 26210
192.168.74.151 - - [17/Feb/2013:07:20:55 +0600] "GET /pause/ajaxPause?pauseConfigId=&admin=0 HTTP/1.1" 200 987 "http://callider.kontur/pause/index" "Mozilla/5.0 (Windows NT 6.1; WOW64; rv:18.0) Gecko/20100101 Firefox/18.0" 22500
192.168.12.210 - - [17/Feb/2013:07:20:55 +0600] "GET /pause/ajaxPause?pauseConfigId=all&admin=1 HTTP/1.1" 200 1047 "http://callider/pause/index" "Mozilla/4.0 (compatible; MSIE 7.0; Windows NT 6.1; WOW64; Trident/5.0; SLCC2; .NET CLR 2.0.50727; .NET CLR 3.5.30729; .NET CLR 3.0.30729; Media Center PC 6.0; InfoPath.3; .NET4.0C; .NET4.0E)" 17677
192.168.12.38 - - [17/Feb/2013:07:20:56 +0600] "GET /pause/ajaxPause?pauseConfigId=&admin=0 HTTP/1.1" 200 1040 "http://callider/pause/index" "Mozilla/4.0 (compatible; MSIE 7.0; Windows NT 6.1; WOW64; Trident/5.0; SLCC2; .NET CLR 2.0.50727; .NET CLR 3.5.30729; .NET CLR 3.0.30729; Media Center PC 6.0; InfoPath.3; .NET4.0C; .NET4.0E)" 14790
192.168.12.77 - - [17/Feb/2013:07:20:56 +0600] "GET /pause/ajaxPause?pauseConfigId=&admin=0 HTTP/1.1" 200 1039 "http://callider/pause/index" "Mozilla/4.0 (compatible; MSIE 7.0; Windows NT 6.1; Trident/5.0; SLCC2; .NET CLR 2.0.50727; .NET CLR 3.5.30729; .NET CLR 3.0.30729; Media Center PC 6.0; Tablet PC 2.0; InfoPath.3; .NET4.0C; .NET4.0E; MS-RTC LM 8)" 14793
192.168.65.56 - - [17/Feb/2013:07:20:56 +0600] "GET /pause/ajaxPause?pauseConfigId=all&admin=1 HTTP/1.1" 200 1046 "http://192.168.65.101/pause/index" "Mozilla/5.0 (Windows NT 5.1; rv:15.0) Gecko/20100101 Firefox/15.0" 27887
192.168.12.60 - - [17/Feb/2013:07:20:57 +0600] "GET /pause/ajaxPause?pauseConfigId=&admin=0 HTTP/1.1" 200 986 "http://callider/pause/index" "Mozilla/4.0 (compatible; MSIE 8.0; Windows NT 6.1; Trident/4.0; InfoPath.3; .NET4.0C; MS-RTC LM 8; .NET4.0E)" 19262
192.168.12.204 - - [17/Feb/2013:07:20:57 +0600] "GET /pause/ajaxPause?pauseConfigId=&admin=0 HTTP/1.1" 200 986 "http://callider/pause/index" "Mozilla/4.0 (compatible; MSIE 7.0; Windows NT 6.1; WOW64; Trident/4.0; SLCC2; .NET CLR 2.0.50727; .NET CLR 3.5.30729; .NET CLR 3.0.30729; Media Center PC 6.0; InfoPath.3; .NET4.0C; .NET4.0E; .NET CLR 1.1.4322)" 19938
192.168.74.78 - - [17/Feb/2013:07:20:59 +0600] "GET /pause/ajaxPause?pauseConfigId=&admin=0 HTTP/1.1" 200 986 "http://callider/pause/index" "Mozilla/4.0 (compatible; MSIE 7.0; Windows NT 6.1; WOW64; Trident/5.0; SLCC2; .NET CLR 2.0.50727; .NET CLR 3.5.30729; .NET CLR 3.0.30729; Media Center PC 6.0; InfoPath.3; .NET4.0C; MS-RTC LM 8; .NET4.0E)" 22043
192.168.12.69 - - [17/Feb/2013:07:21:00 +0600] "GET /pause/ajaxPause?pauseConfigId=&admin=0 HTTP/1.1" 200 986 "http://callider/pause/index" "Mozilla/4.0 (compatible; MSIE 7.0; Windows NT 6.1; Trident/5.0; SLCC2; .NET CLR 2.0.50727; .NET CLR 3.5.30729; .NET CLR 3.0.30729; Media Center PC 6.0; InfoPath.3; .NET4.0C; .NET4.0E; Tablet PC 2.0; AskTbFXTV5/5.14.1.20007)" 18743
192.168.12.61 - - [17/Feb/2013:07:21:00 +0600] "GET /pause/ajaxPause?pauseConfigId=&admin=0 HTTP/1.1" 200 986 "http://callider/pause/index" "Mozilla/4.0 (compatible; MSIE 7.0; Windows NT 6.1; Trident/5.0; SLCC2; .NET CLR 2.0.50727; .NET CLR 3.5.30729; .NET CLR 3.0.30729; Media Center PC 6.0; InfoPath.3; .NET4.0C; .NET4.0E)" 37045
192.168.74.91 - - [17/Feb/2013:07:21:00 +0600] "GET /pause/ajaxPause?pauseConfigId=&admin=0 HTTP/1.1" 200 986 "http://callider/pause/index" "Mozilla/4.0 (compatible; MSIE 7.0; Windows NT 6.1; WOW64; Trident/5.0; SLCC2; .NET CLR 2.0.50727; .NET CLR 3.5.30729; .NET CLR 3.0.30729; Media Center PC 6.0; InfoPath.3; .NET4.0C; MS-RTC LM 8; .NET4.0E)" 22457
192.168.74.151 - - [17/Feb/2013:07:21:00 +0600] "GET /pause/ajaxPause?pauseConfigId=&admin=0 HTTP/1.1" 200 987 "http://callider.kontur/pause/index" "Mozilla/5.0 (Windows NT 6.1; WOW64; rv:18.0) Gecko/20100101 Firefox/18.0" 19627
192.168.12.210 - - [17/Feb/2013:07:21:00 +0600] "GET /pause/ajaxPause?pauseConfigId=all&admin=1 HTTP/1.1" 200 1047 "http://callider/pause/index" "Mozilla/4.0 (compatible; MSIE 7.0; Windows NT 6.1; WOW64; Trident/5.0; SLCC2; .NET CLR 2.0.50727; .NET CLR 3.5.30729; .NET CLR 3.0.30729; Media Center PC 6.0; InfoPath.3; .NET4.0C; .NET4.0E)" 21787
192.168.12.38 - - [17/Feb/2013:07:21:01 +0600] "GET /pause/ajaxPause?pauseConfigId=&admin=0 HTTP/1.1" 200 1040 "http://callider/pause/index" "Mozilla/4.0 (compatible; MSIE 7.0; Windows NT 6.1; WOW64; Trident/5.0; SLCC2; .NET CLR 2.0.50727; .NET CLR 3.5.30729; .NET CLR 3.0.30729; Media Center PC 6.0; InfoPath.3; .NET4.0C; .NET4.0E)" 17272
192.168.12.77 - - [17/Feb/2013:07:21:01 +0600] "GET /pause/ajaxPause?pauseConfigId=&admin=0 HTTP/1.1" 200 1039 "http://callider/pause/index" "Mozilla/4.0 (compatible; MSIE 7.0; Windows NT 6.1; Trident/5.0; SLCC2; .NET CLR 2.0.50727; .NET CLR 3.5.30729; .NET CLR 3.0.30729; Media Center PC 6.0; Tablet PC 2.0; InfoPath.3; .NET4.0C; .NET4.0E; MS-RTC LM 8)" 17061
192.168.65.56 - - [17/Feb/2013:07:21:01 +0600] "GET /pause/ajaxPause?pauseConfigId=all&admin=1 HTTP/1.1" 200 1046 "http://192.168.65.101/pause/index" "Mozilla/5.0 (Windows NT 5.1; rv:15.0) Gecko/20100101 Firefox/15.0" 28160
192.168.12.60 - - [17/Feb/2013:07:21:02 +0600] "GET /pause/ajaxPause?pauseConfigId=&admin=0 HTTP/1.1" 200 986 "http://callider/pause/index" "Mozilla/4.0 (compatible; MSIE 8.0; Windows NT 6.1; Trident/4.0; InfoPath.3; .NET4.0C; MS-RTC LM 8; .NET4.0E)" 19682
192.168.12.204 - - [17/Feb/2013:07:21:02 +0600] "GET /pause/ajaxPause?pauseConfigId=&admin=0 HTTP/1.1" 200 986 "http://callider/pause/index" "Mozilla/4.0 (compatible; MSIE 7.0; Windows NT 6.1; WOW64; Trident/4.0; SLCC2; .NET CLR 2.0.50727; .NET CLR 3.5.30729; .NET CLR 3.0.30729; Media Center PC 6.0; InfoPath.3; .NET4.0C; .NET4.0E; .NET CLR 1.1.4322)" 24115
192.168.74.78 - - [17/Feb/2013:07:21:04 +0600] "GET /pause/ajaxPause?pauseConfigId=&admin=0 HTTP/1.1" 200 986 "http://callider/pause/index" "Mozilla/4.0 (compatible; MSIE 7.0; Windows NT 6.1; WOW64; Trident/5.0; SLCC2; .NET CLR 2.0.50727; .NET CLR 3.5.30729; .NET CLR 3.0.30729; Media Center PC 6.0; InfoPath.3; .NET4.0C; MS-RTC LM 8; .NET4.0E)" 20619
192.168.12.69 - - [17/Feb/2013:07:21:05 +0600] "GET /pause/ajaxPause?pauseConfigId=&admin=0 HTTP/1.1" 200 986 "http://callider/pause/index" "Mozilla/4.0 (compatible; MSIE 7.0; Windows NT 6.1; Trident/5.0; SLCC2; .NET CLR 2.0.50727; .NET CLR 3.5.30729; .NET CLR 3.0.30729; Media Center PC 6.0; InfoPath.3; .NET4.0C; .NET4.0E; Tablet PC 2.0; AskTbFXTV5/5.14.1.20007)" 24355
192.168.12.61 - - [17/Feb/2013:07:21:05 +0600] "GET /tv/useUser HTTP/1.1" 200 431 "http://callider/pause/index" "Mozilla/4.0 (compatible; MSIE 7.0; Windows NT 6.1; Trident/5.0; SLCC2; .NET CLR 2.0.50727; .NET CLR 3.5.30729; .NET CLR 3.0.30729; Media Center PC 6.0; InfoPath.3; .NET4.0C; .NET4.0E)" 10204
192.168.12.61 - - [17/Feb/2013:07:21:05 +0600] "GET /pause/ajaxPause?pauseConfigId=&admin=0 HTTP/1.1" 200 986 "http://callider/pause/index" "Mozilla/4.0 (compatible; MSIE 7.0; Windows NT 6.1; Trident/5.0; SLCC2; .NET CLR 2.0.50727; .NET CLR 3.5.30729; .NET CLR 3.0.30729; Media Center PC 6.0; InfoPath.3; .NET4.0C; .NET4.0E)" 28085
192.168.74.91 - - [17/Feb/2013:07:21:05 +0600] "GET /pause/ajaxPause?pauseConfigId=&admin=0 HTTP/1.1" 200 986 "http://callider/pause/index" "Mozilla/4.0 (compatible; MSIE 7.0; Windows NT 6.1; WOW64; Trident/5.0; SLCC2; .NET CLR 2.0.50727; .NET CLR 3.5.30729; .NET CLR 3.0.30729; Media Center PC 6.0; InfoPath.3; .NET4.0C; MS-RTC LM 8; .NET4.0E)" 21946
192.168.74.151 - - [17/Feb/2013:07:21:05 +0600] "GET /pause/ajaxPause?pauseConfigId=&admin=0 HTTP/1.1" 200 987 "http://callider.kontur/pause/index" "Mozilla/5.0 (Windows NT 6.1; WOW64; rv:18.0) Gecko/20100101 Firefox/18.0" 18684
192.168.12.210 - - [17/Feb/2013:07:21:05 +0600] "GET /pause/ajaxPause?pauseConfigId=all&admin=1 HTTP/1.1" 200 1047 "http://callider/pause/index" "Mozilla/4.0 (compatible; MSIE 7.0; Windows NT 6.1; WOW64; Trident/5.0; SLCC2; .NET CLR 2.0.50727; .NET CLR 3.5.30729; .NET CLR 3.0.30729; Media Center PC 6.0; InfoPath.3; .NET4.0C; .NET4.0E)" 18784
192.168.12.38 - - [17/Feb/2013:07:21:06 +0600] "GET /pause/ajaxPause?pauseConfigId=&admin=0 HTTP/1.1" 200 1040 "http://callider/pause/index" "Mozilla/4.0 (compatible; MSIE 7.0; Windows NT 6.1; WOW64; Trident/5.0; SLCC2; .NET CLR 2.0.50727; .NET CLR 3.5.30729; .NET CLR 3.0.30729; Media Center PC 6.0; InfoPath.3; .NET4.0C; .NET4.0E)" 16001
192.168.12.77 - - [17/Feb/2013:07:21:06 +0600] "GET /pause/ajaxPause?pauseConfigId=&admin=0 HTTP/1.1" 200 1039 "http://callider/pause/index" "Mozilla/4.0 (compatible; MSIE 7.0; Windows NT 6.1; Trident/5.0; SLCC2; .NET CLR 2.0.50727; .NET CLR 3.5.30729; .NET CLR 3.0.30729; Media Center PC 6.0; Tablet PC 2.0; InfoPath.3; .NET4.0C; .NET4.0E; MS-RTC LM 8)" 13691
192.168.65.56 - - [17/Feb/2013:07:21:06 +0600] "GET /pause/ajaxPause?pauseConfigId=all&admin=1 HTTP/1.1" 200 1046 "http://192.168.65.101/pause/index" "Mozilla/5.0 (Windows NT 5.1; rv:15.0) Gecko/20100101 Firefox/15.0" 27448
192.168.12.60 - - [17/Feb/2013:07:21:07 +0600] "GET /pause/ajaxPause?pauseConfigId=&admin=0 HTTP/1.1" 200 986 "http://callider/pause/index" "Mozilla/4.0 (compatible; MSIE 8.0; Windows NT 6.1; Trident/4.0; InfoPath.3; .NET4.0C; MS-RTC LM 8; .NET4.0E)" 20673
192.168.12.204 - - [17/Feb/2013:07:21:07 +0600] "GET /pause/ajaxPause?pauseConfigId=&admin=0 HTTP/1.1" 200 986 "http://callider/pause/index" "Mozilla/4.0 (compatible; MSIE 7.0; Windows NT 6.1; WOW64; Trident/4.0; SLCC2; .NET CLR 2.0.50727; .NET CLR 3.5.30729; .NET CLR 3.0.30729; Media Center PC 6.0; InfoPath.3; .NET4.0C; .NET4.0E; .NET CLR 1.1.4322)" 21682
192.168.74.78 - - [17/Feb/2013:07:21:09 +0600] "GET /pause/ajaxPause?pauseConfigId=&admin=0 HTTP/1.1" 200 986 "http://callider/pause/index" "Mozilla/4.0 (compatible; MSIE 7.0; Windows NT 6.1; WOW64; Trident/5.0; SLCC2; .NET CLR 2.0.50727; .NET CLR 3.5.30729; .NET CLR 3.0.30729; Media Center PC 6.0; InfoPath.3; .NET4.0C; MS-RTC LM 8; .NET4.0E)" 20238
192.168.12.69 - - [17/Feb/2013:07:21:10 +0600] "GET /pause/ajaxPause?pauseConfigId=&admin=0 HTTP/1.1" 200 986 "http://callider/pause/index" "Mozilla/4.0 (compatible; MSIE 7.0; Windows NT 6.1; Trident/5.0; SLCC2; .NET CLR 2.0.50727; .NET CLR 3.5.30729; .NET CLR 3.0.30729; Media Center PC 6.0; InfoPath.3; .NET4.0C; .NET4.0E; Tablet PC 2.0; AskTbFXTV5/5.14.1.20007)" 17934
192.168.74.91 - - [17/Feb/2013:07:21:10 +0600] "GET /pause/ajaxPause?pauseConfigId=&admin=0 HTTP/1.1" 200 986 "http://callider/pause/index" "Mozilla/4.0 (compatible; MSIE 7.0; Windows NT 6.1; WOW64; Trident/5.0; SLCC2; .NET CLR 2.0.50727; .NET CLR 3.5.30729; .NET CLR 3.0.30729; Media Center PC 6.0; InfoPath.3; .NET4.0C; MS-RTC LM 8; .NET4.0E)" 19623
192.168.12.61 - - [17/Feb/2013:07:21:10 +0600] "GET /pause/ajaxPause?pauseConfigId=&admin=0 HTTP/1.1" 200 985 "http://callider/pause/index" "Mozilla/4.0 (compatible; MSIE 7.0; Windows NT 6.1; Trident/5.0; SLCC2; .NET CLR 2.0.50727; .NET CLR 3.5.30729; .NET CLR 3.0.30729; Media Center PC 6.0; InfoPath.3; .NET4.0C; .NET4.0E)" 19432
192.168.74.151 - - [17/Feb/2013:07:21:10 +0600] "GET /pause/ajaxPause?pauseConfigId=&admin=0 HTTP/1.1" 200 987 "http://callider.kontur/pause/index" "Mozilla/5.0 (Windows NT 6.1; WOW64; rv:18.0) Gecko/20100101 Firefox/18.0" 18063
192.168.12.210 - - [17/Feb/2013:07:21:10 +0600] "GET /pause/ajaxPause?pauseConfigId=all&admin=1 HTTP/1.1" 200 1047 "http://callider/pause/index" "Mozilla/4.0 (compatible; MSIE 7.0; Windows NT 6.1; WOW64; Trident/5.0; SLCC2; .NET CLR 2.0.50727; .NET CLR 3.5.30729; .NET CLR 3.0.30729; Media Center PC 6.0; InfoPath.3; .NET4.0C; .NET4.0E)" 43639
192.168.12.42 - - [17/Feb/2013:07:21:11 +0600] "GET /tv/useUser HTTP/1.1" 200 432 "http://callider/graph/personal" "Mozilla/4.0 (compatible; MSIE 7.0; Windows NT 6.1; WOW64; Trident/5.0; SLCC2; .NET CLR 2.0.50727; .NET CLR 3.5.30729; .NET CLR 3.0.30729; Media Center PC 6.0; InfoPath.3; .NET4.0C; .NET4.0E)" 16912
192.168.12.38 - - [17/Feb/2013:07:21:11 +0600] "GET /pause/ajaxPause?pauseConfigId=&admin=0 HTTP/1.1" 200 1040 "http://callider/pause/index" "Mozilla/4.0 (compatible; MSIE 7.0; Windows NT 6.1; WOW64; Trident/5.0; SLCC2; .NET CLR 2.0.50727; .NET CLR 3.5.30729; .NET CLR 3.0.30729; Media Center PC 6.0; InfoPath.3; .NET4.0C; .NET4.0E)" 21224
192.168.12.77 - - [17/Feb/2013:07:21:11 +0600] "GET /pause/ajaxPause?pauseConfigId=&admin=0 HTTP/1.1" 200 1039 "http://callider/pause/index" "Mozilla/4.0 (compatible; MSIE 7.0; Windows NT 6.1; Trident/5.0; SLCC2; .NET CLR 2.0.50727; .NET CLR 3.5.30729; .NET CLR 3.0.30729; Media Center PC 6.0; Tablet PC 2.0; InfoPath.3; .NET4.0C; .NET4.0E; MS-RTC LM 8)" 13134
192.168.65.56 - - [17/Feb/2013:07:21:11 +0600] "GET /pause/ajaxPause?pauseConfigId=all&admin=1 HTTP/1.1" 200 1046 "http://192.168.65.101/pause/index" "Mozilla/5.0 (Windows NT 5.1; rv:15.0) Gecko/20100101 Firefox/15.0" 30311
192.168.12.60 - - [17/Feb/2013:07:21:12 +0600] "GET /pause/ajaxPause?pauseConfigId=&admin=0 HTTP/1.1" 200 986 "http://callider/pause/index" "Mozilla/4.0 (compatible; MSIE 8.0; Windows NT 6.1; Trident/4.0; InfoPath.3; .NET4.0C; MS-RTC LM 8; .NET4.0E)" 19592
192.168.12.204 - - [17/Feb/2013:07:21:12 +0600] "GET /pause/ajaxPause?pauseConfigId=&admin=0 HTTP/1.1" 200 986 "http://callider/pause/index" "Mozilla/4.0 (compatible; MSIE 7.0; Windows NT 6.1; WOW64; Trident/4.0; SLCC2; .NET CLR 2.0.50727; .NET CLR 3.5.30729; .NET CLR 3.0.30729; Media Center PC 6.0; InfoPath.3; .NET4.0C; .NET4.0E; .NET CLR 1.1.4322)" 18008
192.168.74.151 - - [17/Feb/2013:07:21:13 +0600] "GET /tv/useUser HTTP/1.1" 200 431 "http://callider.kontur/graph/general" "Mozilla/5.0 (Windows NT 6.1; WOW64; rv:18.0) Gecko/20100101 Firefox/18.0" 8449
192.168.74.78 - - [17/Feb/2013:07:21:14 +0600] "GET /pause/ajaxPause?pauseConfigId=&admin=0 HTTP/1.1" 200 986 "http://callider/pause/index" "Mozilla/4.0 (compatible; MSIE 7.0; Windows NT 6.1; WOW64; Trident/5.0; SLCC2; .NET CLR 2.0.50727; .NET CLR 3.5.30729; .NET CLR 3.0.30729; Media Center PC 6.0; InfoPath.3; .NET4.0C; MS-RTC LM 8; .NET4.0E)" 20518
192.168.12.69 - - [17/Feb/2013:07:21:15 +0600] "GET /pause/ajaxPause?pauseConfigId=&admin=0 HTTP/1.1" 200 986 "http://callider/pause/index" "Mozilla/4.0 (compatible; MSIE 7.0; Windows NT 6.1; Trident/5.0; SLCC2; .NET CLR 2.0.50727; .NET CLR 3.5.30729; .NET CLR 3.0.30729; Media Center PC 6.0; InfoPath.3; .NET4.0C; .NET4.0E; Tablet PC 2.0; AskTbFXTV5/5.14.1.20007)" 21060
192.168.12.61 - - [17/Feb/2013:07:21:15 +0600] "GET /pause/ajaxPause?pauseConfigId=&admin=0 HTTP/1.1" 200 985 "http://callider/pause/index" "Mozilla/4.0 (compatible; MSIE 7.0; Windows NT 6.1; Trident/5.0; SLCC2; .NET CLR 2.0.50727; .NET CLR 3.5.30729; .NET CLR 3.0.30729; Media Center PC 6.0; InfoPath.3; .NET4.0C; .NET4.0E)" 24630
192.168.74.91 - - [17/Feb/2013:07:21:15 +0600] "GET /pause/ajaxPause?pauseConfigId=&admin=0 HTTP/1.1" 200 986 "http://callider/pause/index" "Mozilla/4.0 (compatible; MSIE 7.0; Windows NT 6.1; WOW64; Trident/5.0; SLCC2; .NET CLR 2.0.50727; .NET CLR 3.5.30729; .NET CLR 3.0.30729; Media Center PC 6.0; InfoPath.3; .NET4.0C; MS-RTC LM 8; .NET4.0E)" 19787
192.168.74.151 - - [17/Feb/2013:07:21:15 +0600] "GET /pause/ajaxPause?pauseConfigId=&admin=0 HTTP/1.1" 200 987 "http://callider.kontur/pause/index" "Mozilla/5.0 (Windows NT 6.1; WOW64; rv:18.0) Gecko/20100101 Firefox/18.0" 21159
192.168.74.151 - - [17/Feb/2013:07:21:15 +0600] "GET /tv/useUser HTTP/1.1" 200 431 "http://callider.kontur/pause/index" "Mozilla/5.0 (Windows NT 6.1; WOW64; rv:18.0) Gecko/20100101 Firefox/18.0" 10097
192.168.12.210 - - [17/Feb/2013:07:21:15 +0600] "GET /pause/ajaxPause?pauseConfigId=all&admin=1 HTTP/1.1" 200 1047 "http://callider/pause/index" "Mozilla/4.0 (compatible; MSIE 7.0; Windows NT 6.1; WOW64; Trident/5.0; SLCC2; .NET CLR 2.0.50727; .NET CLR 3.5.30729; .NET CLR 3.0.30729; Media Center PC 6.0; InfoPath.3; .NET4.0C; .NET4.0E)" 18996
192.168.12.38 - - [17/Feb/2013:07:21:16 +0600] "GET /pause/ajaxPause?pauseConfigId=&admin=0 HTTP/1.1" 200 1040 "http://callider/pause/index" "Mozilla/4.0 (compatible; MSIE 7.0; Windows NT 6.1; WOW64; Trident/5.0; SLCC2; .NET CLR 2.0.50727; .NET CLR 3.5.30729; .NET CLR 3.0.30729; Media Center PC 6.0; InfoPath.3; .NET4.0C; .NET4.0E)" 20677
192.168.12.77 - - [17/Feb/2013:07:21:16 +0600] "GET /pause/ajaxPause?pauseConfigId=&admin=0 HTTP/1.1" 200 1039 "http://callider/pause/index" "Mozilla/4.0 (compatible; MSIE 7.0; Windows NT 6.1; Trident/5.0; SLCC2; .NET CLR 2.0.50727; .NET CLR 3.5.30729; .NET CLR 3.0.30729; Media Center PC 6.0; Tablet PC 2.0; InfoPath.3; .NET4.0C; .NET4.0E; MS-RTC LM 8)" 13616
192.168.65.56 - - [17/Feb/2013:07:21:16 +0600] "GET /pause/ajaxPause?pauseConfigId=all&admin=1 HTTP/1.1" 200 1046 "http://192.168.65.101/pause/index" "Mozilla/5.0 (Windows NT 5.1; rv:15.0) Gecko/20100101 Firefox/15.0" 36297
192.168.12.60 - - [17/Feb/2013:07:21:17 +0600] "GET /pause/ajaxPause?pauseConfigId=&admin=0 HTTP/1.1" 200 986 "http://callider/pause/index" "Mozilla/4.0 (compatible; MSIE 8.0; Windows NT 6.1; Trident/4.0; InfoPath.3; .NET4.0C; MS-RTC LM 8; .NET4.0E)" 18634
192.168.12.204 - - [17/Feb/2013:07:21:17 +0600] "GET /pause/ajaxPause?pauseConfigId=&admin=0 HTTP/1.1" 200 986 "http://callider/pause/index" "Mozilla/4.0 (compatible; MSIE 7.0; Windows NT 6.1; WOW64; Trident/4.0; SLCC2; .NET CLR 2.0.50727; .NET CLR 3.5.30729; .NET CLR 3.0.30729; Media Center PC 6.0; InfoPath.3; .NET4.0C; .NET4.0E; .NET CLR 1.1.4322)" 21017
192.168.74.78 - - [17/Feb/2013:07:21:19 +0600] "GET /pause/ajaxPause?pauseConfigId=&admin=0 HTTP/1.1" 200 986 "http://callider/pause/index" "Mozilla/4.0 (compatible; MSIE 7.0; Windows NT 6.1; WOW64; Trident/5.0; SLCC2; .NET CLR 2.0.50727; .NET CLR 3.5.30729; .NET CLR 3.0.30729; Media Center PC 6.0; InfoPath.3; .NET4.0C; MS-RTC LM 8; .NET4.0E)" 19915
192.168.12.10 - - [17/Feb/2013:07:21:19 +0600] "GET /tv/useUser HTTP/1.1" 200 432 "http://callider/graph/personal" "Mozilla/4.0 (compatible; MSIE 7.0; Windows NT 6.1; Trident/5.0; SLCC2; .NET CLR 2.0.50727; .NET CLR 3.5.30729; .NET CLR 3.0.30729; Media Center PC 6.0; InfoPath.3; .NET4.0C; .NET4.0E; Tablet PC 2.0; MS-RTC LM 8)" 14858
192.168.12.108 - - [17/Feb/2013:07:21:19 +0600] "GET /tv/useUser HTTP/1.1" 200 432 "http://callider/index.php" "Mozilla/4.0 (compatible; MSIE 7.0; Windows NT 6.2; WOW64; Trident/6.0; .NET4.0E; .NET4.0C; InfoPath.3; .NET CLR 3.5.30729; .NET CLR 2.0.50727; .NET CLR 3.0.30729)" 15845
192.168.12.69 - - [17/Feb/2013:07:21:20 +0600] "GET /pause/ajaxPause?pauseConfigId=&admin=0 HTTP/1.1" 200 986 "http://callider/pause/index" "Mozilla/4.0 (compatible; MSIE 7.0; Windows NT 6.1; Trident/5.0; SLCC2; .NET CLR 2.0.50727; .NET CLR 3.5.30729; .NET CLR 3.0.30729; Media Center PC 6.0; InfoPath.3; .NET4.0C; .NET4.0E; Tablet PC 2.0; AskTbFXTV5/5.14.1.20007)" 19720
192.168.12.61 - - [17/Feb/2013:07:21:20 +0600] "GET /pause/ajaxPause?pauseConfigId=&admin=0 HTTP/1.1" 200 985 "http://callider/pause/index" "Mozilla/4.0 (compatible; MSIE 7.0; Windows NT 6.1; Trident/5.0; SLCC2; .NET CLR 2.0.50727; .NET CLR 3.5.30729; .NET CLR 3.0.30729; Media Center PC 6.0; InfoPath.3; .NET4.0C; .NET4.0E)" 37835
192.168.74.91 - - [17/Feb/2013:07:21:20 +0600] "GET /pause/ajaxPause?pauseConfigId=&admin=0 HTTP/1.1" 200 986 "http://callider/pause/index" "Mozilla/4.0 (compatible; MSIE 7.0; Windows NT 6.1; WOW64; Trident/5.0; SLCC2; .NET CLR 2.0.50727; .NET CLR 3.5.30729; .NET CLR 3.0.30729; Media Center PC 6.0; InfoPath.3; .NET4.0C; MS-RTC LM 8; .NET4.0E)" 32104
192.168.74.151 - - [17/Feb/2013:07:21:20 +0600] "GET /pause/ajaxPause?pauseConfigId=&admin=0 HTTP/1.1" 200 987 "http://callider.kontur/pause/index" "Mozilla/5.0 (Windows NT 6.1; WOW64; rv:18.0) Gecko/20100101 Firefox/18.0" 18736
192.168.12.210 - - [17/Feb/2013:07:21:20 +0600] "GET /pause/ajaxPause?pauseConfigId=all&admin=1 HTTP/1.1" 200 1047 "http://callider/pause/index" "Mozilla/4.0 (compatible; MSIE 7.0; Windows NT 6.1; WOW64; Trident/5.0; SLCC2; .NET CLR 2.0.50727; .NET CLR 3.5.30729; .NET CLR 3.0.30729; Media Center PC 6.0; InfoPath.3; .NET4.0C; .NET4.0E)" 19795
192.168.12.38 - - [17/Feb/2013:07:21:21 +0600] "GET /pause/ajaxPause?pauseConfigId=&admin=0 HTTP/1.1" 200 1040 "http://callider/pause/index" "Mozilla/4.0 (compatible; MSIE 7.0; Windows NT 6.1; WOW64; Trident/5.0; SLCC2; .NET CLR 2.0.50727; .NET CLR 3.5.30729; .NET CLR 3.0.30729; Media Center PC 6.0; InfoPath.3; .NET4.0C; .NET4.0E)" 20124
192.168.12.77 - - [17/Feb/2013:07:21:21 +0600] "GET /pause/ajaxPause?pauseConfigId=&admin=0 HTTP/1.1" 200 1039 "http://callider/pause/index" "Mozilla/4.0 (compatible; MSIE 7.0; Windows NT 6.1; Trident/5.0; SLCC2; .NET CLR 2.0.50727; .NET CLR 3.5.30729; .NET CLR 3.0.30729; Media Center PC 6.0; Tablet PC 2.0; InfoPath.3; .NET4.0C; .NET4.0E; MS-RTC LM 8)" 14619
192.168.65.56 - - [17/Feb/2013:07:21:21 +0600] "GET /pause/ajaxPause?pauseConfigId=all&admin=1 HTTP/1.1" 200 1046 "http://192.168.65.101/pause/index" "Mozilla/5.0 (Windows NT 5.1; rv:15.0) Gecko/20100101 Firefox/15.0" 29969
192.168.12.60 - - [17/Feb/2013:07:21:22 +0600] "GET /pause/ajaxPause?pauseConfigId=&admin=0 HTTP/1.1" 200 986 "http://callider/pause/index" "Mozilla/4.0 (compatible; MSIE 8.0; Windows NT 6.1; Trident/4.0; InfoPath.3; .NET4.0C; MS-RTC LM 8; .NET4.0E)" 132785
192.168.12.204 - - [17/Feb/2013:07:21:22 +0600] "GET /pause/ajaxPause?pauseConfigId=&admin=0 HTTP/1.1" 200 986 "http://callider/pause/index" "Mozilla/4.0 (compatible; MSIE 7.0; Windows NT 6.1; WOW64; Trident/4.0; SLCC2; .NET CLR 2.0.50727; .NET CLR 3.5.30729; .NET CLR 3.0.30729; Media Center PC 6.0; InfoPath.3; .NET4.0C; .NET4.0E; .NET CLR 1.1.4322)" 50666
192.168.74.78 - - [17/Feb/2013:07:21:24 +0600] "GET /pause/ajaxPause?pauseConfigId=&admin=0 HTTP/1.1" 200 986 "http://callider/pause/index" "Mozilla/4.0 (compatible; MSIE 7.0; Windows NT 6.1; WOW64; Trident/5.0; SLCC2; .NET CLR 2.0.50727; .NET CLR 3.5.30729; .NET CLR 3.0.30729; Media Center PC 6.0; InfoPath.3; .NET4.0C; MS-RTC LM 8; .NET4.0E)" 19751
192.168.12.69 - - [17/Feb/2013:07:21:25 +0600] "GET /pause/ajaxPause?pauseConfigId=&admin=0 HTTP/1.1" 200 986 "http://callider/pause/index" "Mozilla/4.0 (compatible; MSIE 7.0; Windows NT 6.1; Trident/5.0; SLCC2; .NET CLR 2.0.50727; .NET CLR 3.5.30729; .NET CLR 3.0.30729; Media Center PC 6.0; InfoPath.3; .NET4.0C; .NET4.0E; Tablet PC 2.0; AskTbFXTV5/5.14.1.20007)" 20400
192.168.12.61 - - [17/Feb/2013:07:21:25 +0600] "GET /pause/ajaxPause?pauseConfigId=&admin=0 HTTP/1.1" 200 985 "http://callider/pause/index" "Mozilla/4.0 (compatible; MSIE 7.0; Windows NT 6.1; Trident/5.0; SLCC2; .NET CLR 2.0.50727; .NET CLR 3.5.30729; .NET CLR 3.0.30729; Media Center PC 6.0; InfoPath.3; .NET4.0C; .NET4.0E)" 22873
192.168.74.91 - - [17/Feb/2013:07:21:25 +0600] "GET /pause/ajaxPause?pauseConfigId=&admin=0 HTTP/1.1" 200 986 "http://callider/pause/index" "Mozilla/4.0 (compatible; MSIE 7.0; Windows NT 6.1; WOW64; Trident/5.0; SLCC2; .NET CLR 2.0.50727; .NET CLR 3.5.30729; .NET CLR 3.0.30729; Media Center PC 6.0; InfoPath.3; .NET4.0C; MS-RTC LM 8; .NET4.0E)" 18480
192.168.74.151 - - [17/Feb/2013:07:21:25 +0600] "GET /pause/ajaxPause?pauseConfigId=&admin=0 HTTP/1.1" 200 987 "http://callider.kontur/pause/index" "Mozilla/5.0 (Windows NT 6.1; WOW64; rv:18.0) Gecko/20100101 Firefox/18.0" 19712
192.168.12.210 - - [17/Feb/2013:07:21:25 +0600] "GET /pause/ajaxPause?pauseConfigId=all&admin=1 HTTP/1.1" 200 1047 "http://callider/pause/index" "Mozilla/4.0 (compatible; MSIE 7.0; Windows NT 6.1; WOW64; Trident/5.0; SLCC2; .NET CLR 2.0.50727; .NET CLR 3.5.30729; .NET CLR 3.0.30729; Media Center PC 6.0; InfoPath.3; .NET4.0C; .NET4.0E)" 17709
192.168.12.38 - - [17/Feb/2013:07:21:26 +0600] "GET /pause/ajaxPause?pauseConfigId=&admin=0 HTTP/1.1" 200 1040 "http://callider/pause/index" "Mozilla/4.0 (compatible; MSIE 7.0; Windows NT 6.1; WOW64; Trident/5.0; SLCC2; .NET CLR 2.0.50727; .NET CLR 3.5.30729; .NET CLR 3.0.30729; Media Center PC 6.0; InfoPath.3; .NET4.0C; .NET4.0E)" 17672
192.168.12.77 - - [17/Feb/2013:07:21:26 +0600] "GET /pause/ajaxPause?pauseConfigId=&admin=0 HTTP/1.1" 200 1039 "http://callider/pause/index" "Mozilla/4.0 (compatible; MSIE 7.0; Windows NT 6.1; Trident/5.0; SLCC2; .NET CLR 2.0.50727; .NET CLR 3.5.30729; .NET CLR 3.0.30729; Media Center PC 6.0; Tablet PC 2.0; InfoPath.3; .NET4.0C; .NET4.0E; MS-RTC LM 8)" 14079
192.168.65.56 - - [17/Feb/2013:07:21:26 +0600] "GET /pause/ajaxPause?pauseConfigId=all&admin=1 HTTP/1.1" 200 1046 "http://192.168.65.101/pause/index" "Mozilla/5.0 (Windows NT 5.1; rv:15.0) Gecko/20100101 Firefox/15.0" 29435
192.168.12.60 - - [17/Feb/2013:07:21:27 +0600] "GET /pause/ajaxPause?pauseConfigId=&admin=0 HTTP/1.1" 200 986 "http://callider/pause/index" "Mozilla/4.0 (compatible; MSIE 8.0; Windows NT 6.1; Trident/4.0; InfoPath.3; .NET4.0C; MS-RTC LM 8; .NET4.0E)" 25125
192.168.12.204 - - [17/Feb/2013:07:21:27 +0600] "GET /pause/ajaxPause?pauseConfigId=&admin=0 HTTP/1.1" 200 986 "http://callider/pause/index" "Mozilla/4.0 (compatible; MSIE 7.0; Windows NT 6.1; WOW64; Trident/4.0; SLCC2; .NET CLR 2.0.50727; .NET CLR 3.5.30729; .NET CLR 3.0.30729; Media Center PC 6.0; InfoPath.3; .NET4.0C; .NET4.0E; .NET CLR 1.1.4322)" 56231
192.168.74.78 - - [17/Feb/2013:07:21:29 +0600] "GET /pause/ajaxPause?pauseConfigId=&admin=0 HTTP/1.1" 200 986 "http://callider/pause/index" "Mozilla/4.0 (compatible; MSIE 7.0; Windows NT 6.1; WOW64; Trident/5.0; SLCC2; .NET CLR 2.0.50727; .NET CLR 3.5.30729; .NET CLR 3.0.30729; Media Center PC 6.0; InfoPath.3; .NET4.0C; MS-RTC LM 8; .NET4.0E)" 20160
192.168.12.69 - - [17/Feb/2013:07:21:30 +0600] "GET /pause/ajaxPause?pauseConfigId=&admin=0 HTTP/1.1" 200 986 "http://callider/pause/index" "Mozilla/4.0 (compatible; MSIE 7.0; Windows NT 6.1; Trident/5.0; SLCC2; .NET CLR 2.0.50727; .NET CLR 3.5.30729; .NET CLR 3.0.30729; Media Center PC 6.0; InfoPath.3; .NET4.0C; .NET4.0E; Tablet PC 2.0; AskTbFXTV5/5.14.1.20007)" 18368
192.168.74.91 - - [17/Feb/2013:07:21:30 +0600] "GET /pause/ajaxPause?pauseConfigId=&admin=0 HTTP/1.1" 200 986 "http://callider/pause/index" "Mozilla/4.0 (compatible; MSIE 7.0; Windows NT 6.1; WOW64; Trident/5.0; SLCC2; .NET CLR 2.0.50727; .NET CLR 3.5.30729; .NET CLR 3.0.30729; Media Center PC 6.0; InfoPath.3; .NET4.0C; MS-RTC LM 8; .NET4.0E)" 20253
192.168.74.151 - - [17/Feb/2013:07:21:30 +0600] "GET /pause/ajaxPause?pauseConfigId=&admin=0 HTTP/1.1" 200 987 "http://callider.kontur/pause/index" "Mozilla/5.0 (Windows NT 6.1; WOW64; rv:18.0) Gecko/20100101 Firefox/18.0" 56746
192.168.12.61 - - [17/Feb/2013:07:21:30 +0600] "GET /pause/ajaxPause?pauseConfigId=&admin=0 HTTP/1.1" 200 986 "http://callider/pause/index" "Mozilla/4.0 (compatible; MSIE 7.0; Windows NT 6.1; Trident/5.0; SLCC2; .NET CLR 2.0.50727; .NET CLR 3.5.30729; .NET CLR 3.0.30729; Media Center PC 6.0; InfoPath.3; .NET4.0C; .NET4.0E)" 63268
192.168.12.210 - - [17/Feb/2013:07:21:30 +0600] "GET /pause/ajaxPause?pauseConfigId=all&admin=1 HTTP/1.1" 200 1047 "http://callider/pause/index" "Mozilla/4.0 (compatible; MSIE 7.0; Windows NT 6.1; WOW64; Trident/5.0; SLCC2; .NET CLR 2.0.50727; .NET CLR 3.5.30729; .NET CLR 3.0.30729; Media Center PC 6.0; InfoPath.3; .NET4.0C; .NET4.0E)" 19948
192.168.12.38 - - [17/Feb/2013:07:21:31 +0600] "GET /pause/ajaxPause?pauseConfigId=&admin=0 HTTP/1.1" 200 1040 "http://callider/pause/index" "Mozilla/4.0 (compatible; MSIE 7.0; Windows NT 6.1; WOW64; Trident/5.0; SLCC2; .NET CLR 2.0.50727; .NET CLR 3.5.30729; .NET CLR 3.0.30729; Media Center PC 6.0; InfoPath.3; .NET4.0C; .NET4.0E)" 16284
192.168.12.77 - - [17/Feb/2013:07:21:31 +0600] "GET /pause/ajaxPause?pauseConfigId=&admin=0 HTTP/1.1" 200 1039 "http://callider/pause/index" "Mozilla/4.0 (compatible; MSIE 7.0; Windows NT 6.1; Trident/5.0; SLCC2; .NET CLR 2.0.50727; .NET CLR 3.5.30729; .NET CLR 3.0.30729; Media Center PC 6.0; Tablet PC 2.0; InfoPath.3; .NET4.0C; .NET4.0E; MS-RTC LM 8)" 13811
192.168.65.56 - - [17/Feb/2013:07:21:31 +0600] "GET /pause/ajaxPause?pauseConfigId=all&admin=1 HTTP/1.1" 200 1046 "http://192.168.65.101/pause/index" "Mozilla/5.0 (Windows NT 5.1; rv:15.0) Gecko/20100101 Firefox/15.0" 29863
192.168.12.60 - - [17/Feb/2013:07:21:32 +0600] "GET /pause/ajaxPause?pauseConfigId=&admin=0 HTTP/1.1" 200 986 "http://callider/pause/index" "Mozilla/4.0 (compatible; MSIE 8.0; Windows NT 6.1; Trident/4.0; InfoPath.3; .NET4.0C; MS-RTC LM 8; .NET4.0E)" 20589
192.168.12.204 - - [17/Feb/2013:07:21:32 +0600] "GET /pause/ajaxPause?pauseConfigId=&admin=0 HTTP/1.1" 200 986 "http://callider/pause/index" "Mozilla/4.0 (compatible; MSIE 7.0; Windows NT 6.1; WOW64; Trident/4.0; SLCC2; .NET CLR 2.0.50727; .NET CLR 3.5.30729; .NET CLR 3.0.30729; Media Center PC 6.0; InfoPath.3; .NET4.0C; .NET4.0E; .NET CLR 1.1.4322)" 20357
192.168.74.78 - - [17/Feb/2013:07:21:34 +0600] "GET /pause/ajaxPause?pauseConfigId=&admin=0 HTTP/1.1" 200 986 "http://callider/pause/index" "Mozilla/4.0 (compatible; MSIE 7.0; Windows NT 6.1; WOW64; Trident/5.0; SLCC2; .NET CLR 2.0.50727; .NET CLR 3.5.30729; .NET CLR 3.0.30729; Media Center PC 6.0; InfoPath.3; .NET4.0C; MS-RTC LM 8; .NET4.0E)" 23362
192.168.12.67 - - [17/Feb/2013:07:21:34 +0600] "GET /tv/useUser HTTP/1.1" 200 432 "http://callider/graph/personal" "Mozilla/4.0 (compatible; MSIE 7.0; Windows NT 6.1; Trident/5.0; SLCC2; .NET CLR 2.0.50727; .NET CLR 3.5.30729; .NET CLR 3.0.30729; Media Center PC 6.0; .NET4.0C; .NET4.0E; InfoPath.3; Tablet PC 2.0; MS-RTC LM 8)" 15809
192.168.12.69 - - [17/Feb/2013:07:21:35 +0600] "GET /pause/ajaxPause?pauseConfigId=&admin=0 HTTP/1.1" 200 986 "http://callider/pause/index" "Mozilla/4.0 (compatible; MSIE 7.0; Windows NT 6.1; Trident/5.0; SLCC2; .NET CLR 2.0.50727; .NET CLR 3.5.30729; .NET CLR 3.0.30729; Media Center PC 6.0; InfoPath.3; .NET4.0C; .NET4.0E; Tablet PC 2.0; AskTbFXTV5/5.14.1.20007)" 19809
192.168.74.91 - - [17/Feb/2013:07:21:35 +0600] "GET /pause/ajaxPause?pauseConfigId=&admin=0 HTTP/1.1" 200 986 "http://callider/pause/index" "Mozilla/4.0 (compatible; MSIE 7.0; Windows NT 6.1; WOW64; Trident/5.0; SLCC2; .NET CLR 2.0.50727; .NET CLR 3.5.30729; .NET CLR 3.0.30729; Media Center PC 6.0; InfoPath.3; .NET4.0C; MS-RTC LM 8; .NET4.0E)" 21321
192.168.12.61 - - [17/Feb/2013:07:21:35 +0600] "GET /pause/ajaxPause?pauseConfigId=&admin=0 HTTP/1.1" 200 985 "http://callider/pause/index" "Mozilla/4.0 (compatible; MSIE 7.0; Windows NT 6.1; Trident/5.0; SLCC2; .NET CLR 2.0.50727; .NET CLR 3.5.30729; .NET CLR 3.0.30729; Media Center PC 6.0; InfoPath.3; .NET4.0C; .NET4.0E)" 18809
192.168.74.151 - - [17/Feb/2013:07:21:35 +0600] "GET /pause/ajaxPause?pauseConfigId=&admin=0 HTTP/1.1" 200 987 "http://callider.kontur/pause/index" "Mozilla/5.0 (Windows NT 6.1; WOW64; rv:18.0) Gecko/20100101 Firefox/18.0" 22933
192.168.12.210 - - [17/Feb/2013:07:21:35 +0600] "GET /pause/ajaxPause?pauseConfigId=all&admin=1 HTTP/1.1" 200 1047 "http://callider/pause/index" "Mozilla/4.0 (compatible; MSIE 7.0; Windows NT 6.1; WOW64; Trident/5.0; SLCC2; .NET CLR 2.0.50727; .NET CLR 3.5.30729; .NET CLR 3.0.30729; Media Center PC 6.0; InfoPath.3; .NET4.0C; .NET4.0E)" 18789
192.168.12.38 - - [17/Feb/2013:07:21:36 +0600] "GET /pause/ajaxPause?pauseConfigId=&admin=0 HTTP/1.1" 200 1040 "http://callider/pause/index" "Mozilla/4.0 (compatible; MSIE 7.0; Windows NT 6.1; WOW64; Trident/5.0; SLCC2; .NET CLR 2.0.50727; .NET CLR 3.5.30729; .NET CLR 3.0.30729; Media Center PC 6.0; InfoPath.3; .NET4.0C; .NET4.0E)" 19553
192.168.12.77 - - [17/Feb/2013:07:21:36 +0600] "GET /pause/ajaxPause?pauseConfigId=&admin=0 HTTP/1.1" 200 1039 "http://callider/pause/index" "Mozilla/4.0 (compatible; MSIE 7.0; Windows NT 6.1; Trident/5.0; SLCC2; .NET CLR 2.0.50727; .NET CLR 3.5.30729; .NET CLR 3.0.30729; Media Center PC 6.0; Tablet PC 2.0; InfoPath.3; .NET4.0C; .NET4.0E; MS-RTC LM 8)" 18512
192.168.65.56 - - [17/Feb/2013:07:21:36 +0600] "GET /pause/ajaxPause?pauseConfigId=all&admin=1 HTTP/1.1" 200 1046 "http://192.168.65.101/pause/index" "Mozilla/5.0 (Windows NT 5.1; rv:15.0) Gecko/20100101 Firefox/15.0" 28830
192.168.12.60 - - [17/Feb/2013:07:21:37 +0600] "GET /pause/ajaxPause?pauseConfigId=&admin=0 HTTP/1.1" 200 986 "http://callider/pause/index" "Mozilla/4.0 (compatible; MSIE 8.0; Windows NT 6.1; Trident/4.0; InfoPath.3; .NET4.0C; MS-RTC LM 8; .NET4.0E)" 19005
192.168.12.204 - - [17/Feb/2013:07:21:37 +0600] "GET /pause/ajaxPause?pauseConfigId=&admin=0 HTTP/1.1" 200 986 "http://callider/pause/index" "Mozilla/4.0 (compatible; MSIE 7.0; Windows NT 6.1; WOW64; Trident/4.0; SLCC2; .NET CLR 2.0.50727; .NET CLR 3.5.30729; .NET CLR 3.0.30729; Media Center PC 6.0; InfoPath.3; .NET4.0C; .NET4.0E; .NET CLR 1.1.4322)" 19204
192.168.74.93 - - [17/Feb/2013:07:21:38 +0600] "GET /tv/useUser HTTP/1.1" 200 432 "http://callider/graph/personal" "Mozilla/4.0 (compatible; MSIE 7.0; Windows NT 6.1; WOW64; Trident/5.0; SLCC2; .NET CLR 2.0.50727; .NET CLR 3.5.30729; .NET CLR 3.0.30729; Media Center PC 6.0; InfoPath.3; .NET4.0C; .NET4.0E)" 13831
192.168.12.210 - - [17/Feb/2013:07:21:39 +0600] "GET /tv/useUser HTTP/1.1" 200 431 "http://callider/graph/general" "Mozilla/4.0 (compatible; MSIE 7.0; Windows NT 6.1; WOW64; Trident/5.0; SLCC2; .NET CLR 2.0.50727; .NET CLR 3.5.30729; .NET CLR 3.0.30729; Media Center PC 6.0; InfoPath.3; .NET4.0C; .NET4.0E)" 8003
192.168.74.78 - - [17/Feb/2013:07:21:39 +0600] "GET /pause/ajaxPause?pauseConfigId=&admin=0 HTTP/1.1" 200 986 "http://callider/pause/index" "Mozilla/4.0 (compatible; MSIE 7.0; Windows NT 6.1; WOW64; Trident/5.0; SLCC2; .NET CLR 2.0.50727; .NET CLR 3.5.30729; .NET CLR 3.0.30729; Media Center PC 6.0; InfoPath.3; .NET4.0C; MS-RTC LM 8; .NET4.0E)" 20311
192.168.12.69 - - [17/Feb/2013:07:21:40 +0600] "GET /pause/ajaxPause?pauseConfigId=&admin=0 HTTP/1.1" 200 986 "http://callider/pause/index" "Mozilla/4.0 (compatible; MSIE 7.0; Windows NT 6.1; Trident/5.0; SLCC2; .NET CLR 2.0.50727; .NET CLR 3.5.30729; .NET CLR 3.0.30729; Media Center PC 6.0; InfoPath.3; .NET4.0C; .NET4.0E; Tablet PC 2.0; AskTbFXTV5/5.14.1.20007)" 24518
192.168.12.61 - - [17/Feb/2013:07:21:40 +0600] "GET /pause/ajaxPause?pauseConfigId=&admin=0 HTTP/1.1" 200 985 "http://callider/pause/index" "Mozilla/4.0 (compatible; MSIE 7.0; Windows NT 6.1; Trident/5.0; SLCC2; .NET CLR 2.0.50727; .NET CLR 3.5.30729; .NET CLR 3.0.30729; Media Center PC 6.0; InfoPath.3; .NET4.0C; .NET4.0E)" 18989
192.168.74.91 - - [17/Feb/2013:07:21:40 +0600] "GET /pause/ajaxPause?pauseConfigId=&admin=0 HTTP/1.1" 200 986 "http://callider/pause/index" "Mozilla/4.0 (compatible; MSIE 7.0; Windows NT 6.1; WOW64; Trident/5.0; SLCC2; .NET CLR 2.0.50727; .NET CLR 3.5.30729; .NET CLR 3.0.30729; Media Center PC 6.0; InfoPath.3; .NET4.0C; MS-RTC LM 8; .NET4.0E)" 22485
192.168.74.151 - - [17/Feb/2013:07:21:40 +0600] "GET /pause/ajaxPause?pauseConfigId=&admin=0 HTTP/1.1" 200 987 "http://callider.kontur/pause/index" "Mozilla/5.0 (Windows NT 6.1; WOW64; rv:18.0) Gecko/20100101 Firefox/18.0" 18409
192.168.12.210 - - [17/Feb/2013:07:21:40 +0600] "GET /pause/ajaxPause?pauseConfigId=all&admin=1 HTTP/1.1" 200 1047 "http://callider/pause/index" "Mozilla/4.0 (compatible; MSIE 7.0; Windows NT 6.1; WOW64; Trident/5.0; SLCC2; .NET CLR 2.0.50727; .NET CLR 3.5.30729; .NET CLR 3.0.30729; Media Center PC 6.0; InfoPath.3; .NET4.0C; .NET4.0E)" 18302
192.168.12.9 - - [17/Feb/2013:07:21:40 +0600] "GET /tv/useUser HTTP/1.1" 200 432 "http://callider.kontur/site/index" "Mozilla/5.0 (Windows NT 6.1; WOW64) AppleWebKit/537.17 (KHTML, like Gecko) Chrome/24.0.1312.57 Safari/537.17" 14822
192.168.12.38 - - [17/Feb/2013:07:21:41 +0600] "GET /pause/ajaxPause?pauseConfigId=&admin=0 HTTP/1.1" 200 1040 "http://callider/pause/index" "Mozilla/4.0 (compatible; MSIE 7.0; Windows NT 6.1; WOW64; Trident/5.0; SLCC2; .NET CLR 2.0.50727; .NET CLR 3.5.30729; .NET CLR 3.0.30729; Media Center PC 6.0; InfoPath.3; .NET4.0C; .NET4.0E)" 16201
192.168.12.77 - - [17/Feb/2013:07:21:41 +0600] "GET /pause/ajaxPause?pauseConfigId=&admin=0 HTTP/1.1" 200 1039 "http://callider/pause/index" "Mozilla/4.0 (compatible; MSIE 7.0; Windows NT 6.1; Trident/5.0; SLCC2; .NET CLR 2.0.50727; .NET CLR 3.5.30729; .NET CLR 3.0.30729; Media Center PC 6.0; Tablet PC 2.0; InfoPath.3; .NET4.0C; .NET4.0E; MS-RTC LM 8)" 11982
192.168.65.56 - - [17/Feb/2013:07:21:41 +0600] "GET /pause/ajaxPause?pauseConfigId=all&admin=1 HTTP/1.1" 200 1046 "http://192.168.65.101/pause/index" "Mozilla/5.0 (Windows NT 5.1; rv:15.0) Gecko/20100101 Firefox/15.0" 27040
192.168.12.60 - - [17/Feb/2013:07:21:42 +0600] "GET /pause/ajaxPause?pauseConfigId=&admin=0 HTTP/1.1" 200 986 "http://callider/pause/index" "Mozilla/4.0 (compatible; MSIE 8.0; Windows NT 6.1; Trident/4.0; InfoPath.3; .NET4.0C; MS-RTC LM 8; .NET4.0E)" 21886
192.168.12.204 - - [17/Feb/2013:07:21:42 +0600] "GET /pause/ajaxPause?pauseConfigId=&admin=0 HTTP/1.1" 200 986 "http://callider/pause/index" "Mozilla/4.0 (compatible; MSIE 7.0; Windows NT 6.1; WOW64; Trident/4.0; SLCC2; .NET CLR 2.0.50727; .NET CLR 3.5.30729; .NET CLR 3.0.30729; Media Center PC 6.0; InfoPath.3; .NET4.0C; .NET4.0E; .NET CLR 1.1.4322)" 19429
192.168.74.78 - - [17/Feb/2013:07:21:44 +0600] "GET /pause/ajaxPause?pauseConfigId=&admin=0 HTTP/1.1" 200 986 "http://callider/pause/index" "Mozilla/4.0 (compatible; MSIE 7.0; Windows NT 6.1; WOW64; Trident/5.0; SLCC2; .NET CLR 2.0.50727; .NET CLR 3.5.30729; .NET CLR 3.0.30729; Media Center PC 6.0; InfoPath.3; .NET4.0C; MS-RTC LM 8; .NET4.0E)" 25450
192.168.12.69 - - [17/Feb/2013:07:21:45 +0600] "GET /pause/ajaxPause?pauseConfigId=&admin=0 HTTP/1.1" 200 986 "http://callider/pause/index" "Mozilla/4.0 (compatible; MSIE 7.0; Windows NT 6.1; Trident/5.0; SLCC2; .NET CLR 2.0.50727; .NET CLR 3.5.30729; .NET CLR 3.0.30729; Media Center PC 6.0; InfoPath.3; .NET4.0C; .NET4.0E; Tablet PC 2.0; AskTbFXTV5/5.14.1.20007)" 103451
192.168.74.91 - - [17/Feb/2013:07:21:45 +0600] "GET /pause/ajaxPause?pauseConfigId=&admin=0 HTTP/1.1" 200 986 "http://callider/pause/index" "Mozilla/4.0 (compatible; MSIE 7.0; Windows NT 6.1; WOW64; Trident/5.0; SLCC2; .NET CLR 2.0.50727; .NET CLR 3.5.30729; .NET CLR 3.0.30729; Media Center PC 6.0; InfoPath.3; .NET4.0C; MS-RTC LM 8; .NET4.0E)" 114822
192.168.74.151 - - [17/Feb/2013:07:21:45 +0600] "GET /pause/ajaxPause?pauseConfigId=&admin=0 HTTP/1.1" 200 987 "http://callider.kontur/pause/index" "Mozilla/5.0 (Windows NT 6.1; WOW64; rv:18.0) Gecko/20100101 Firefox/18.0" 82917
192.168.12.61 - - [17/Feb/2013:07:21:45 +0600] "GET /pause/ajaxPause?pauseConfigId=&admin=0 HTTP/1.1" 200 986 "http://callider/pause/index" "Mozilla/4.0 (compatible; MSIE 7.0; Windows NT 6.1; Trident/5.0; SLCC2; .NET CLR 2.0.50727; .NET CLR 3.5.30729; .NET CLR 3.0.30729; Media Center PC 6.0; InfoPath.3; .NET4.0C; .NET4.0E)" 106857
192.168.12.210 - - [17/Feb/2013:07:21:45 +0600] "GET /pause/ajaxPause?pauseConfigId=all&admin=1 HTTP/1.1" 200 1047 "http://callider/pause/index" "Mozilla/4.0 (compatible; MSIE 7.0; Windows NT 6.1; WOW64; Trident/5.0; SLCC2; .NET CLR 2.0.50727; .NET CLR 3.5.30729; .NET CLR 3.0.30729; Media Center PC 6.0; InfoPath.3; .NET4.0C; .NET4.0E)" 20869
192.168.12.38 - - [17/Feb/2013:07:21:46 +0600] "GET /pause/ajaxPause?pauseConfigId=&admin=0 HTTP/1.1" 200 1040 "http://callider/pause/index" "Mozilla/4.0 (compatible; MSIE 7.0; Windows NT 6.1; WOW64; Trident/5.0; SLCC2; .NET CLR 2.0.50727; .NET CLR 3.5.30729; .NET CLR 3.0.30729; Media Center PC 6.0; InfoPath.3; .NET4.0C; .NET4.0E)" 25512
192.168.12.77 - - [17/Feb/2013:07:21:46 +0600] "GET /pause/ajaxPause?pauseConfigId=&admin=0 HTTP/1.1" 200 1039 "http://callider/pause/index" "Mozilla/4.0 (compatible; MSIE 7.0; Windows NT 6.1; Trident/5.0; SLCC2; .NET CLR 2.0.50727; .NET CLR 3.5.30729; .NET CLR 3.0.30729; Media Center PC 6.0; Tablet PC 2.0; InfoPath.3; .NET4.0C; .NET4.0E; MS-RTC LM 8)" 17176
192.168.65.56 - - [17/Feb/2013:07:21:46 +0600] "GET /pause/ajaxPause?pauseConfigId=all&admin=1 HTTP/1.1" 200 1046 "http://192.168.65.101/pause/index" "Mozilla/5.0 (Windows NT 5.1; rv:15.0) Gecko/20100101 Firefox/15.0" 69584
192.168.12.60 - - [17/Feb/2013:07:21:47 +0600] "GET /pause/ajaxPause?pauseConfigId=&admin=0 HTTP/1.1" 200 986 "http://callider/pause/index" "Mozilla/4.0 (compatible; MSIE 8.0; Windows NT 6.1; Trident/4.0; InfoPath.3; .NET4.0C; MS-RTC LM 8; .NET4.0E)" 20210
192.168.12.204 - - [17/Feb/2013:07:21:47 +0600] "GET /pause/ajaxPause?pauseConfigId=&admin=0 HTTP/1.1" 200 986 "http://callider/pause/index" "Mozilla/4.0 (compatible; MSIE 7.0; Windows NT 6.1; WOW64; Trident/4.0; SLCC2; .NET CLR 2.0.50727; .NET CLR 3.5.30729; .NET CLR 3.0.30729; Media Center PC 6.0; InfoPath.3; .NET4.0C; .NET4.0E; .NET CLR 1.1.4322)" 20419
192.168.12.210 - - [17/Feb/2013:07:21:49 +0600] "GET /tv/useUser HTTP/1.1" 200 431 "http://callider/pause/index" "Mozilla/4.0 (compatible; MSIE 7.0; Windows NT 6.1; WOW64; Trident/5.0; SLCC2; .NET CLR 2.0.50727; .NET CLR 3.5.30729; .NET CLR 3.0.30729; Media Center PC 6.0; InfoPath.3; .NET4.0C; .NET4.0E)" 9989
192.168.74.78 - - [17/Feb/2013:07:21:49 +0600] "GET /pause/ajaxPause?pauseConfigId=&admin=0 HTTP/1.1" 200 986 "http://callider/pause/index" "Mozilla/4.0 (compatible; MSIE 7.0; Windows NT 6.1; WOW64; Trident/5.0; SLCC2; .NET CLR 2.0.50727; .NET CLR 3.5.30729; .NET CLR 3.0.30729; Media Center PC 6.0; InfoPath.3; .NET4.0C; MS-RTC LM 8; .NET4.0E)" 21364
192.168.12.69 - - [17/Feb/2013:07:21:50 +0600] "GET /pause/ajaxPause?pauseConfigId=&admin=0 HTTP/1.1" 200 986 "http://callider/pause/index" "Mozilla/4.0 (compatible; MSIE 7.0; Windows NT 6.1; Trident/5.0; SLCC2; .NET CLR 2.0.50727; .NET CLR 3.5.30729; .NET CLR 3.0.30729; Media Center PC 6.0; InfoPath.3; .NET4.0C; .NET4.0E; Tablet PC 2.0; AskTbFXTV5/5.14.1.20007)" 27181
192.168.74.91 - - [17/Feb/2013:07:21:50 +0600] "GET /pause/ajaxPause?pauseConfigId=&admin=0 HTTP/1.1" 200 986 "http://callider/pause/index" "Mozilla/4.0 (compatible; MSIE 7.0; Windows NT 6.1; WOW64; Trident/5.0; SLCC2; .NET CLR 2.0.50727; .NET CLR 3.5.30729; .NET CLR 3.0.30729; Media Center PC 6.0; InfoPath.3; .NET4.0C; MS-RTC LM 8; .NET4.0E)" 21885
192.168.12.61 - - [17/Feb/2013:07:21:50 +0600] "GET /pause/ajaxPause?pauseConfigId=&admin=0 HTTP/1.1" 200 985 "http://callider/pause/index" "Mozilla/4.0 (compatible; MSIE 7.0; Windows NT 6.1; Trident/5.0; SLCC2; .NET CLR 2.0.50727; .NET CLR 3.5.30729; .NET CLR 3.0.30729; Media Center PC 6.0; InfoPath.3; .NET4.0C; .NET4.0E)" 18238
192.168.74.151 - - [17/Feb/2013:07:21:50 +0600] "GET /pause/ajaxPause?pauseConfigId=&admin=0 HTTP/1.1" 200 987 "http://callider.kontur/pause/index" "Mozilla/5.0 (Windows NT 6.1; WOW64; rv:18.0) Gecko/20100101 Firefox/18.0" 19018
192.168.12.210 - - [17/Feb/2013:07:21:50 +0600] "GET /pause/ajaxPause?pauseConfigId=all&admin=1 HTTP/1.1" 200 1047 "http://callider/pause/index" "Mozilla/4.0 (compatible; MSIE 7.0; Windows NT 6.1; WOW64; Trident/5.0; SLCC2; .NET CLR 2.0.50727; .NET CLR 3.5.30729; .NET CLR 3.0.30729; Media Center PC 6.0; InfoPath.3; .NET4.0C; .NET4.0E)" 18884
192.168.12.38 - - [17/Feb/2013:07:21:51 +0600] "GET /pause/ajaxPause?pauseConfigId=&admin=0 HTTP/1.1" 200 1040 "http://callider/pause/index" "Mozilla/4.0 (compatible; MSIE 7.0; Windows NT 6.1; WOW64; Trident/5.0; SLCC2; .NET CLR 2.0.50727; .NET CLR 3.5.30729; .NET CLR 3.0.30729; Media Center PC 6.0; InfoPath.3; .NET4.0C; .NET4.0E)" 17397
192.168.12.77 - - [17/Feb/2013:07:21:51 +0600] "GET /pause/ajaxPause?pauseConfigId=&admin=0 HTTP/1.1" 200 1039 "http://callider/pause/index" "Mozilla/4.0 (compatible; MSIE 7.0; Windows NT 6.1; Trident/5.0; SLCC2; .NET CLR 2.0.50727; .NET CLR 3.5.30729; .NET CLR 3.0.30729; Media Center PC 6.0; Tablet PC 2.0; InfoPath.3; .NET4.0C; .NET4.0E; MS-RTC LM 8)" 14901
192.168.65.56 - - [17/Feb/2013:07:21:51 +0600] "GET /pause/ajaxPause?pauseConfigId=all&admin=1 HTTP/1.1" 200 1046 "http://192.168.65.101/pause/index" "Mozilla/5.0 (Windows NT 5.1; rv:15.0) Gecko/20100101 Firefox/15.0" 31129
192.168.65.56 - - [17/Feb/2013:07:21:51 +0600] "GET /tv/useUser HTTP/1.1" 200 431 "http://192.168.65.101/pause/index" "Mozilla/5.0 (Windows NT 5.1; rv:15.0) Gecko/20100101 Firefox/15.0" 11340
192.168.12.60 - - [17/Feb/2013:07:21:52 +0600] "GET /pause/ajaxPause?pauseConfigId=&admin=0 HTTP/1.1" 200 986 "http://callider/pause/index" "Mozilla/4.0 (compatible; MSIE 8.0; Windows NT 6.1; Trident/4.0; InfoPath.3; .NET4.0C; MS-RTC LM 8; .NET4.0E)" 21439
192.168.12.204 - - [17/Feb/2013:07:21:52 +0600] "GET /pause/ajaxPause?pauseConfigId=&admin=0 HTTP/1.1" 200 986 "http://callider/pause/index" "Mozilla/4.0 (compatible; MSIE 7.0; Windows NT 6.1; WOW64; Trident/4.0; SLCC2; .NET CLR 2.0.50727; .NET CLR 3.5.30729; .NET CLR 3.0.30729; Media Center PC 6.0; InfoPath.3; .NET4.0C; .NET4.0E; .NET CLR 1.1.4322)" 21808
192.168.74.78 - - [17/Feb/2013:07:21:54 +0600] "GET /pause/ajaxPause?pauseConfigId=&admin=0 HTTP/1.1" 200 986 "http://callider/pause/index" "Mozilla/4.0 (compatible; MSIE 7.0; Windows NT 6.1; WOW64; Trident/5.0; SLCC2; .NET CLR 2.0.50727; .NET CLR 3.5.30729; .NET CLR 3.0.30729; Media Center PC 6.0; InfoPath.3; .NET4.0C; MS-RTC LM 8; .NET4.0E)" 20338
192.168.12.69 - - [17/Feb/2013:07:21:55 +0600] "GET /pause/ajaxPause?pauseConfigId=&admin=0 HTTP/1.1" 200 986 "http://callider/pause/index" "Mozilla/4.0 (compatible; MSIE 7.0; Windows NT 6.1; Trident/5.0; SLCC2; .NET CLR 2.0.50727; .NET CLR 3.5.30729; .NET CLR 3.0.30729; Media Center PC 6.0; InfoPath.3; .NET4.0C; .NET4.0E; Tablet PC 2.0; AskTbFXTV5/5.14.1.20007)" 20496
192.168.74.91 - - [17/Feb/2013:07:21:55 +0600] "GET /pause/ajaxPause?pauseConfigId=&admin=0 HTTP/1.1" 200 986 "http://callider/pause/index" "Mozilla/4.0 (compatible; MSIE 7.0; Windows NT 6.1; WOW64; Trident/5.0; SLCC2; .NET CLR 2.0.50727; .NET CLR 3.5.30729; .NET CLR 3.0.30729; Media Center PC 6.0; InfoPath.3; .NET4.0C; MS-RTC LM 8; .NET4.0E)" 23374
192.168.12.61 - - [17/Feb/2013:07:21:55 +0600] "GET /pause/ajaxPause?pauseConfigId=&admin=0 HTTP/1.1" 200 985 "http://callider/pause/index" "Mozilla/4.0 (compatible; MSIE 7.0; Windows NT 6.1; Trident/5.0; SLCC2; .NET CLR 2.0.50727; .NET CLR 3.5.30729; .NET CLR 3.0.30729; Media Center PC 6.0; InfoPath.3; .NET4.0C; .NET4.0E)" 21131
192.168.74.151 - - [17/Feb/2013:07:21:55 +0600] "GET /pause/ajaxPause?pauseConfigId=&admin=0 HTTP/1.1" 200 987 "http://callider.kontur/pause/index" "Mozilla/5.0 (Windows NT 6.1; WOW64; rv:18.0) Gecko/20100101 Firefox/18.0" 22943
192.168.12.210 - - [17/Feb/2013:07:21:55 +0600] "GET /pause/ajaxPause?pauseConfigId=all&admin=1 HTTP/1.1" 200 1047 "http://callider/pause/index" "Mozilla/4.0 (compatible; MSIE 7.0; Windows NT 6.1; WOW64; Trident/5.0; SLCC2; .NET CLR 2.0.50727; .NET CLR 3.5.30729; .NET CLR 3.0.30729; Media Center PC 6.0; InfoPath.3; .NET4.0C; .NET4.0E)" 21588
192.168.12.38 - - [17/Feb/2013:07:21:56 +0600] "GET /pause/ajaxPause?pauseConfigId=&admin=0 HTTP/1.1" 200 1040 "http://callider/pause/index" "Mozilla/4.0 (compatible; MSIE 7.0; Windows NT 6.1; WOW64; Trident/5.0; SLCC2; .NET CLR 2.0.50727; .NET CLR 3.5.30729; .NET CLR 3.0.30729; Media Center PC 6.0; InfoPath.3; .NET4.0C; .NET4.0E)" 15117
192.168.12.77 - - [17/Feb/2013:07:21:56 +0600] "GET /pause/ajaxPause?pauseConfigId=&admin=0 HTTP/1.1" 200 1039 "http://callider/pause/index" "Mozilla/4.0 (compatible; MSIE 7.0; Windows NT 6.1; Trident/5.0; SLCC2; .NET CLR 2.0.50727; .NET CLR 3.5.30729; .NET CLR 3.0.30729; Media Center PC 6.0; Tablet PC 2.0; InfoPath.3; .NET4.0C; .NET4.0E; MS-RTC LM 8)" 12085
192.168.65.56 - - [17/Feb/2013:07:21:56 +0600] "GET /pause/ajaxPause?pauseConfigId=all&admin=1 HTTP/1.1" 200 1046 "http://192.168.65.101/pause/index" "Mozilla/5.0 (Windows NT 5.1; rv:15.0) Gecko/20100101 Firefox/15.0" 28589
192.168.12.60 - - [17/Feb/2013:07:21:57 +0600] "GET /pause/ajaxPause?pauseConfigId=&admin=0 HTTP/1.1" 200 986 "http://callider/pause/index" "Mozilla/4.0 (compatible; MSIE 8.0; Windows NT 6.1; Trident/4.0; InfoPath.3; .NET4.0C; MS-RTC LM 8; .NET4.0E)" 19233
192.168.12.204 - - [17/Feb/2013:07:21:57 +0600] "GET /pause/ajaxPause?pauseConfigId=&admin=0 HTTP/1.1" 200 986 "http://callider/pause/index" "Mozilla/4.0 (compatible; MSIE 7.0; Windows NT 6.1; WOW64; Trident/4.0; SLCC2; .NET CLR 2.0.50727; .NET CLR 3.5.30729; .NET CLR 3.0.30729; Media Center PC 6.0; InfoPath.3; .NET4.0C; .NET4.0E; .NET CLR 1.1.4322)" 20412
192.168.74.78 - - [17/Feb/2013:07:21:59 +0600] "GET /pause/ajaxPause?pauseConfigId=&admin=0 HTTP/1.1" 200 986 "http://callider/pause/index" "Mozilla/4.0 (compatible; MSIE 7.0; Windows NT 6.1; WOW64; Trident/5.0; SLCC2; .NET CLR 2.0.50727; .NET CLR 3.5.30729; .NET CLR 3.0.30729; Media Center PC 6.0; InfoPath.3; .NET4.0C; MS-RTC LM 8; .NET4.0E)" 22467
192.168.12.69 - - [17/Feb/2013:07:22:00 +0600] "GET /pause/ajaxPause?pauseConfigId=&admin=0 HTTP/1.1" 200 986 "http://callider/pause/index" "Mozilla/4.0 (compatible; MSIE 7.0; Windows NT 6.1; Trident/5.0; SLCC2; .NET CLR 2.0.50727; .NET CLR 3.5.30729; .NET CLR 3.0.30729; Media Center PC 6.0; InfoPath.3; .NET4.0C; .NET4.0E; Tablet PC 2.0; AskTbFXTV5/5.14.1.20007)" 26343
192.168.64.119 - - [17/Feb/2013:07:22:00 +0600] "HEAD / HTTP/1.0" 302 435 "-" "WhatsUp/1.0" 12985
192.168.74.91 - - [17/Feb/2013:07:22:00 +0600] "GET /pause/ajaxPause?pauseConfigId=&admin=0 HTTP/1.1" 200 986 "http://callider/pause/index" "Mozilla/4.0 (compatible; MSIE 7.0; Windows NT 6.1; WOW64; Trident/5.0; SLCC2; .NET CLR 2.0.50727; .NET CLR 3.5.30729; .NET CLR 3.0.30729; Media Center PC 6.0; InfoPath.3; .NET4.0C; MS-RTC LM 8; .NET4.0E)" 24256
192.168.12.61 - - [17/Feb/2013:07:22:00 +0600] "GET /pause/ajaxPause?pauseConfigId=&admin=0 HTTP/1.1" 200 985 "http://callider/pause/index" "Mozilla/4.0 (compatible; MSIE 7.0; Windows NT 6.1; Trident/5.0; SLCC2; .NET CLR 2.0.50727; .NET CLR 3.5.30729; .NET CLR 3.0.30729; Media Center PC 6.0; InfoPath.3; .NET4.0C; .NET4.0E)" 25043
192.168.74.151 - - [17/Feb/2013:07:22:00 +0600] "GET /pause/ajaxPause?pauseConfigId=&admin=0 HTTP/1.1" 200 987 "http://callider.kontur/pause/index" "Mozilla/5.0 (Windows NT 6.1; WOW64; rv:18.0) Gecko/20100101 Firefox/18.0" 22187
192.168.12.210 - - [17/Feb/2013:07:22:00 +0600] "GET /pause/ajaxPause?pauseConfigId=all&admin=1 HTTP/1.1" 200 1047 "http://callider/pause/index" "Mozilla/4.0 (compatible; MSIE 7.0; Windows NT 6.1; WOW64; Trident/5.0; SLCC2; .NET CLR 2.0.50727; .NET CLR 3.5.30729; .NET CLR 3.0.30729; Media Center PC 6.0; InfoPath.3; .NET4.0C; .NET4.0E)" 19310
192.168.64.119 - - [17/Feb/2013:07:22:00 +0600] "GET / HTTP/1.1" 302 454 "-" "Mozilla/4.0 (compatible; MSIE 8.0; Windows NT 5.2; Trident/4.0)" 13737
192.168.64.119 - - [17/Feb/2013:07:22:00 +0600] "GET /site/login HTTP/1.1" 200 7423 "-" "Mozilla/4.0 (compatible; MSIE 8.0; Windows NT 5.2; Trident/4.0)" 25201
192.168.12.38 - - [17/Feb/2013:07:22:01 +0600] "GET /pause/ajaxPause?pauseConfigId=&admin=0 HTTP/1.1" 200 1040 "http://callider/pause/index" "Mozilla/4.0 (compatible; MSIE 7.0; Windows NT 6.1; WOW64; Trident/5.0; SLCC2; .NET CLR 2.0.50727; .NET CLR 3.5.30729; .NET CLR 3.0.30729; Media Center PC 6.0; InfoPath.3; .NET4.0C; .NET4.0E)" 14942
192.168.12.77 - - [17/Feb/2013:07:22:01 +0600] "GET /pause/ajaxPause?pauseConfigId=&admin=0 HTTP/1.1" 200 1039 "http://callider/pause/index" "Mozilla/4.0 (compatible; MSIE 7.0; Windows NT 6.1; Trident/5.0; SLCC2; .NET CLR 2.0.50727; .NET CLR 3.5.30729; .NET CLR 3.0.30729; Media Center PC 6.0; Tablet PC 2.0; InfoPath.3; .NET4.0C; .NET4.0E; MS-RTC LM 8)" 13781
192.168.65.56 - - [17/Feb/2013:07:22:01 +0600] "GET /pause/ajaxPause?pauseConfigId=all&admin=1 HTTP/1.1" 200 1046 "http://192.168.65.101/pause/index" "Mozilla/5.0 (Windows NT 5.1; rv:15.0) Gecko/20100101 Firefox/15.0" 34130
192.168.12.60 - - [17/Feb/2013:07:22:02 +0600] "GET /pause/ajaxPause?pauseConfigId=&admin=0 HTTP/1.1" 200 986 "http://callider/pause/index" "Mozilla/4.0 (compatible; MSIE 8.0; Windows NT 6.1; Trident/4.0; InfoPath.3; .NET4.0C; MS-RTC LM 8; .NET4.0E)" 22113
192.168.12.204 - - [17/Feb/2013:07:22:02 +0600] "GET /pause/ajaxPause?pauseConfigId=&admin=0 HTTP/1.1" 200 986 "http://callider/pause/index" "Mozilla/4.0 (compatible; MSIE 7.0; Windows NT 6.1; WOW64; Trident/4.0; SLCC2; .NET CLR 2.0.50727; .NET CLR 3.5.30729; .NET CLR 3.0.30729; Media Center PC 6.0; InfoPath.3; .NET4.0C; .NET4.0E; .NET CLR 1.1.4322)" 19042
192.168.74.78 - - [17/Feb/2013:07:22:04 +0600] "GET /pause/ajaxPause?pauseConfigId=&admin=0 HTTP/1.1" 200 986 "http://callider/pause/index" "Mozilla/4.0 (compatible; MSIE 7.0; Windows NT 6.1; WOW64; Trident/5.0; SLCC2; .NET CLR 2.0.50727; .NET CLR 3.5.30729; .NET CLR 3.0.30729; Media Center PC 6.0; InfoPath.3; .NET4.0C; MS-RTC LM 8; .NET4.0E)" 20431
192.168.12.69 - - [17/Feb/2013:07:22:05 +0600] "GET /pause/ajaxPause?pauseConfigId=&admin=0 HTTP/1.1" 200 986 "http://callider/pause/index" "Mozilla/4.0 (compatible; MSIE 7.0; Windows NT 6.1; Trident/5.0; SLCC2; .NET CLR 2.0.50727; .NET CLR 3.5.30729; .NET CLR 3.0.30729; Media Center PC 6.0; InfoPath.3; .NET4.0C; .NET4.0E; Tablet PC 2.0; AskTbFXTV5/5.14.1.20007)" 19147
192.168.12.61 - - [17/Feb/2013:07:22:05 +0600] "GET /tv/useUser HTTP/1.1" 200 431 "http://callider/pause/index" "Mozilla/4.0 (compatible; MSIE 7.0; Windows NT 6.1; Trident/5.0; SLCC2; .NET CLR 2.0.50727; .NET CLR 3.5.30729; .NET CLR 3.0.30729; Media Center PC 6.0; InfoPath.3; .NET4.0C; .NET4.0E)" 9365
192.168.74.91 - - [17/Feb/2013:07:22:05 +0600] "GET /pause/ajaxPause?pauseConfigId=&admin=0 HTTP/1.1" 200 986 "http://callider/pause/index" "Mozilla/4.0 (compatible; MSIE 7.0; Windows NT 6.1; WOW64; Trident/5.0; SLCC2; .NET CLR 2.0.50727; .NET CLR 3.5.30729; .NET CLR 3.0.30729; Media Center PC 6.0; InfoPath.3; .NET4.0C; MS-RTC LM 8; .NET4.0E)" 22661
192.168.74.151 - - [17/Feb/2013:07:22:05 +0600] "GET /pause/ajaxPause?pauseConfigId=&admin=0 HTTP/1.1" 200 987 "http://callider.kontur/pause/index" "Mozilla/5.0 (Windows NT 6.1; WOW64; rv:18.0) Gecko/20100101 Firefox/18.0" 26852
192.168.12.61 - - [17/Feb/2013:07:22:05 +0600] "GET /pause/ajaxPause?pauseConfigId=&admin=0 HTTP/1.1" 200 985 "http://callider/pause/index" "Mozilla/4.0 (compatible; MSIE 7.0; Windows NT 6.1; Trident/5.0; SLCC2; .NET CLR 2.0.50727; .NET CLR 3.5.30729; .NET CLR 3.0.30729; Media Center PC 6.0; InfoPath.3; .NET4.0C; .NET4.0E)" 22966
192.168.12.210 - - [17/Feb/2013:07:22:05 +0600] "GET /pause/ajaxPause?pauseConfigId=all&admin=1 HTTP/1.1" 200 1047 "http://callider/pause/index" "Mozilla/4.0 (compatible; MSIE 7.0; Windows NT 6.1; WOW64; Trident/5.0; SLCC2; .NET CLR 2.0.50727; .NET CLR 3.5.30729; .NET CLR 3.0.30729; Media Center PC 6.0; InfoPath.3; .NET4.0C; .NET4.0E)" 25475
192.168.12.38 - - [17/Feb/2013:07:22:06 +0600] "GET /pause/ajaxPause?pauseConfigId=&admin=0 HTTP/1.1" 200 1040 "http://callider/pause/index" "Mozilla/4.0 (compatible; MSIE 7.0; Windows NT 6.1; WOW64; Trident/5.0; SLCC2; .NET CLR 2.0.50727; .NET CLR 3.5.30729; .NET CLR 3.0.30729; Media Center PC 6.0; InfoPath.3; .NET4.0C; .NET4.0E)" 17299
192.168.12.77 - - [17/Feb/2013:07:22:06 +0600] "GET /pause/ajaxPause?pauseConfigId=&admin=0 HTTP/1.1" 200 1039 "http://callider/pause/index" "Mozilla/4.0 (compatible; MSIE 7.0; Windows NT 6.1; Trident/5.0; SLCC2; .NET CLR 2.0.50727; .NET CLR 3.5.30729; .NET CLR 3.0.30729; Media Center PC 6.0; Tablet PC 2.0; InfoPath.3; .NET4.0C; .NET4.0E; MS-RTC LM 8)" 14665
192.168.65.56 - - [17/Feb/2013:07:22:06 +0600] "GET /pause/ajaxPause?pauseConfigId=all&admin=1 HTTP/1.1" 200 1046 "http://192.168.65.101/pause/index" "Mozilla/5.0 (Windows NT 5.1; rv:15.0) Gecko/20100101 Firefox/15.0" 29582
192.168.12.60 - - [17/Feb/2013:07:22:07 +0600] "GET /pause/ajaxPause?pauseConfigId=&admin=0 HTTP/1.1" 200 986 "http://callider/pause/index" "Mozilla/4.0 (compatible; MSIE 8.0; Windows NT 6.1; Trident/4.0; InfoPath.3; .NET4.0C; MS-RTC LM 8; .NET4.0E)" 25993
192.168.12.204 - - [17/Feb/2013:07:22:07 +0600] "GET /pause/ajaxPause?pauseConfigId=&admin=0 HTTP/1.1" 200 986 "http://callider/pause/index" "Mozilla/4.0 (compatible; MSIE 7.0; Windows NT 6.1; WOW64; Trident/4.0; SLCC2; .NET CLR 2.0.50727; .NET CLR 3.5.30729; .NET CLR 3.0.30729; Media Center PC 6.0; InfoPath.3; .NET4.0C; .NET4.0E; .NET CLR 1.1.4322)" 20710
192.168.74.78 - - [17/Feb/2013:07:22:09 +0600] "GET /pause/ajaxPause?pauseConfigId=&admin=0 HTTP/1.1" 200 986 "http://callider/pause/index" "Mozilla/4.0 (compatible; MSIE 7.0; Windows NT 6.1; WOW64; Trident/5.0; SLCC2; .NET CLR 2.0.50727; .NET CLR 3.5.30729; .NET CLR 3.0.30729; Media Center PC 6.0; InfoPath.3; .NET4.0C; MS-RTC LM 8; .NET4.0E)" 19983
192.168.12.69 - - [17/Feb/2013:07:22:10 +0600] "GET /pause/ajaxPause?pauseConfigId=&admin=0 HTTP/1.1" 200 986 "http://callider/pause/index" "Mozilla/4.0 (compatible; MSIE 7.0; Windows NT 6.1; Trident/5.0; SLCC2; .NET CLR 2.0.50727; .NET CLR 3.5.30729; .NET CLR 3.0.30729; Media Center PC 6.0; InfoPath.3; .NET4.0C; .NET4.0E; Tablet PC 2.0; AskTbFXTV5/5.14.1.20007)" 20066
192.168.74.91 - - [17/Feb/2013:07:22:10 +0600] "GET /pause/ajaxPause?pauseConfigId=&admin=0 HTTP/1.1" 200 986 "http://callider/pause/index" "Mozilla/4.0 (compatible; MSIE 7.0; Windows NT 6.1; WOW64; Trident/5.0; SLCC2; .NET CLR 2.0.50727; .NET CLR 3.5.30729; .NET CLR 3.0.30729; Media Center PC 6.0; InfoPath.3; .NET4.0C; MS-RTC LM 8; .NET4.0E)" 18924
192.168.74.151 - - [17/Feb/2013:07:22:10 +0600] "GET /pause/ajaxPause?pauseConfigId=&admin=0 HTTP/1.1" 200 987 "http://callider.kontur/pause/index" "Mozilla/5.0 (Windows NT 6.1; WOW64; rv:18.0) Gecko/20100101 Firefox/18.0" 17846
192.168.12.61 - - [17/Feb/2013:07:22:10 +0600] "GET /pause/ajaxPause?pauseConfigId=&admin=0 HTTP/1.1" 200 986 "http://callider/pause/index" "Mozilla/4.0 (compatible; MSIE 7.0; Windows NT 6.1; Trident/5.0; SLCC2; .NET CLR 2.0.50727; .NET CLR 3.5.30729; .NET CLR 3.0.30729; Media Center PC 6.0; InfoPath.3; .NET4.0C; .NET4.0E)" 31692
192.168.12.210 - - [17/Feb/2013:07:22:10 +0600] "GET /pause/ajaxPause?pauseConfigId=all&admin=1 HTTP/1.1" 200 1047 "http://callider/pause/index" "Mozilla/4.0 (compatible; MSIE 7.0; Windows NT 6.1; WOW64; Trident/5.0; SLCC2; .NET CLR 2.0.50727; .NET CLR 3.5.30729; .NET CLR 3.0.30729; Media Center PC 6.0; InfoPath.3; .NET4.0C; .NET4.0E)" 22666
192.168.12.42 - - [17/Feb/2013:07:22:11 +0600] "GET /tv/useUser HTTP/1.1" 200 432 "http://callider/graph/personal" "Mozilla/4.0 (compatible; MSIE 7.0; Windows NT 6.1; WOW64; Trident/5.0; SLCC2; .NET CLR 2.0.50727; .NET CLR 3.5.30729; .NET CLR 3.0.30729; Media Center PC 6.0; InfoPath.3; .NET4.0C; .NET4.0E)" 16019
192.168.12.38 - - [17/Feb/2013:07:22:11 +0600] "GET /pause/ajaxPause?pauseConfigId=&admin=0 HTTP/1.1" 200 1040 "http://callider/pause/index" "Mozilla/4.0 (compatible; MSIE 7.0; Windows NT 6.1; WOW64; Trident/5.0; SLCC2; .NET CLR 2.0.50727; .NET CLR 3.5.30729; .NET CLR 3.0.30729; Media Center PC 6.0; InfoPath.3; .NET4.0C; .NET4.0E)" 18367
192.168.12.77 - - [17/Feb/2013:07:22:11 +0600] "GET /pause/ajaxPause?pauseConfigId=&admin=0 HTTP/1.1" 200 1039 "http://callider/pause/index" "Mozilla/4.0 (compatible; MSIE 7.0; Windows NT 6.1; Trident/5.0; SLCC2; .NET CLR 2.0.50727; .NET CLR 3.5.30729; .NET CLR 3.0.30729; Media Center PC 6.0; Tablet PC 2.0; InfoPath.3; .NET4.0C; .NET4.0E; MS-RTC LM 8)" 14621
192.168.65.56 - - [17/Feb/2013:07:22:11 +0600] "GET /pause/ajaxPause?pauseConfigId=all&admin=1 HTTP/1.1" 200 1046 "http://192.168.65.101/pause/index" "Mozilla/5.0 (Windows NT 5.1; rv:15.0) Gecko/20100101 Firefox/15.0" 28363
192.168.12.60 - - [17/Feb/2013:07:22:12 +0600] "GET /pause/ajaxPause?pauseConfigId=&admin=0 HTTP/1.1" 200 986 "http://callider/pause/index" "Mozilla/4.0 (compatible; MSIE 8.0; Windows NT 6.1; Trident/4.0; InfoPath.3; .NET4.0C; MS-RTC LM 8; .NET4.0E)" 20443
192.168.12.204 - - [17/Feb/2013:07:22:12 +0600] "GET /pause/ajaxPause?pauseConfigId=&admin=0 HTTP/1.1" 200 986 "http://callider/pause/index" "Mozilla/4.0 (compatible; MSIE 7.0; Windows NT 6.1; WOW64; Trident/4.0; SLCC2; .NET CLR 2.0.50727; .NET CLR 3.5.30729; .NET CLR 3.0.30729; Media Center PC 6.0; InfoPath.3; .NET4.0C; .NET4.0E; .NET CLR 1.1.4322)" 20619
192.168.74.151 - - [17/Feb/2013:07:22:13 +0600] "GET /tv/useUser HTTP/1.1" 200 431 "http://callider.kontur/graph/general" "Mozilla/5.0 (Windows NT 6.1; WOW64; rv:18.0) Gecko/20100101 Firefox/18.0" 145088
192.168.74.78 - - [17/Feb/2013:07:22:14 +0600] "GET /pause/ajaxPause?pauseConfigId=&admin=0 HTTP/1.1" 200 986 "http://callider/pause/index" "Mozilla/4.0 (compatible; MSIE 7.0; Windows NT 6.1; WOW64; Trident/5.0; SLCC2; .NET CLR 2.0.50727; .NET CLR 3.5.30729; .NET CLR 3.0.30729; Media Center PC 6.0; InfoPath.3; .NET4.0C; MS-RTC LM 8; .NET4.0E)" 21523
192.168.12.69 - - [17/Feb/2013:07:22:15 +0600] "GET /pause/ajaxPause?pauseConfigId=&admin=0 HTTP/1.1" 200 986 "http://callider/pause/index" "Mozilla/4.0 (compatible; MSIE 7.0; Windows NT 6.1; Trident/5.0; SLCC2; .NET CLR 2.0.50727; .NET CLR 3.5.30729; .NET CLR 3.0.30729; Media Center PC 6.0; InfoPath.3; .NET4.0C; .NET4.0E; Tablet PC 2.0; AskTbFXTV5/5.14.1.20007)" 29540
192.168.74.91 - - [17/Feb/2013:07:22:15 +0600] "GET /pause/ajaxPause?pauseConfigId=&admin=0 HTTP/1.1" 200 986 "http://callider/pause/index" "Mozilla/4.0 (compatible; MSIE 7.0; Windows NT 6.1; WOW64; Trident/5.0; SLCC2; .NET CLR 2.0.50727; .NET CLR 3.5.30729; .NET CLR 3.0.30729; Media Center PC 6.0; InfoPath.3; .NET4.0C; MS-RTC LM 8; .NET4.0E)" 437161
192.168.12.61 - - [17/Feb/2013:07:22:15 +0600] "GET /pause/ajaxPause?pauseConfigId=&admin=0 HTTP/1.1" 200 985 "http://callider/pause/index" "Mozilla/4.0 (compatible; MSIE 7.0; Windows NT 6.1; Trident/5.0; SLCC2; .NET CLR 2.0.50727; .NET CLR 3.5.30729; .NET CLR 3.0.30729; Media Center PC 6.0; InfoPath.3; .NET4.0C; .NET4.0E)" 374497
192.168.12.210 - - [17/Feb/2013:07:22:15 +0600] "GET /pause/ajaxPause?pauseConfigId=all&admin=1 HTTP/1.1" 200 1047 "http://callider/pause/index" "Mozilla/4.0 (compatible; MSIE 7.0; Windows NT 6.1; WOW64; Trident/5.0; SLCC2; .NET CLR 2.0.50727; .NET CLR 3.5.30729; .NET CLR 3.0.30729; Media Center PC 6.0; InfoPath.3; .NET4.0C; .NET4.0E)" 327093
192.168.74.151 - - [17/Feb/2013:07:22:15 +0600] "GET /pause/ajaxPause?pauseConfigId=&admin=0 HTTP/1.1" 200 987 "http://callider.kontur/pause/index" "Mozilla/5.0 (Windows NT 6.1; WOW64; rv:18.0) Gecko/20100101 Firefox/18.0" 413548
192.168.74.151 - - [17/Feb/2013:07:22:15 +0600] "GET /tv/useUser HTTP/1.1" 200 432 "http://callider.kontur/pause/index" "Mozilla/5.0 (Windows NT 6.1; WOW64; rv:18.0) Gecko/20100101 Firefox/18.0" 392662
192.168.12.38 - - [17/Feb/2013:07:22:16 +0600] "GET /pause/ajaxPause?pauseConfigId=&admin=0 HTTP/1.1" 200 1040 "http://callider/pause/index" "Mozilla/4.0 (compatible; MSIE 7.0; Windows NT 6.1; WOW64; Trident/5.0; SLCC2; .NET CLR 2.0.50727; .NET CLR 3.5.30729; .NET CLR 3.0.30729; Media Center PC 6.0; InfoPath.3; .NET4.0C; .NET4.0E)" 22441
192.168.12.77 - - [17/Feb/2013:07:22:16 +0600] "GET /pause/ajaxPause?pauseConfigId=&admin=0 HTTP/1.1" 200 1039 "http://callider/pause/index" "Mozilla/4.0 (compatible; MSIE 7.0; Windows NT 6.1; Trident/5.0; SLCC2; .NET CLR 2.0.50727; .NET CLR 3.5.30729; .NET CLR 3.0.30729; Media Center PC 6.0; Tablet PC 2.0; InfoPath.3; .NET4.0C; .NET4.0E; MS-RTC LM 8)" 14071
192.168.65.56 - - [17/Feb/2013:07:22:16 +0600] "GET /pause/ajaxPause?pauseConfigId=all&admin=1 HTTP/1.1" 200 1046 "http://192.168.65.101/pause/index" "Mozilla/5.0 (Windows NT 5.1; rv:15.0) Gecko/20100101 Firefox/15.0" 32512
192.168.12.60 - - [17/Feb/2013:07:22:17 +0600] "GET /pause/ajaxPause?pauseConfigId=&admin=0 HTTP/1.1" 200 986 "http://callider/pause/index" "Mozilla/4.0 (compatible; MSIE 8.0; Windows NT 6.1; Trident/4.0; InfoPath.3; .NET4.0C; MS-RTC LM 8; .NET4.0E)" 19478
192.168.12.204 - - [17/Feb/2013:07:22:17 +0600] "GET /pause/ajaxPause?pauseConfigId=&admin=0 HTTP/1.1" 200 986 "http://callider/pause/index" "Mozilla/4.0 (compatible; MSIE 7.0; Windows NT 6.1; WOW64; Trident/4.0; SLCC2; .NET CLR 2.0.50727; .NET CLR 3.5.30729; .NET CLR 3.0.30729; Media Center PC 6.0; InfoPath.3; .NET4.0C; .NET4.0E; .NET CLR 1.1.4322)" 19394
192.168.74.78 - - [17/Feb/2013:07:22:19 +0600] "GET /pause/ajaxPause?pauseConfigId=&admin=0 HTTP/1.1" 200 986 "http://callider/pause/index" "Mozilla/4.0 (compatible; MSIE 7.0; Windows NT 6.1; WOW64; Trident/5.0; SLCC2; .NET CLR 2.0.50727; .NET CLR 3.5.30729; .NET CLR 3.0.30729; Media Center PC 6.0; InfoPath.3; .NET4.0C; MS-RTC LM 8; .NET4.0E)" 27965
192.168.12.10 - - [17/Feb/2013:07:22:19 +0600] "GET /tv/useUser HTTP/1.1" 200 432 "http://callider/graph/personal" "Mozilla/4.0 (compatible; MSIE 7.0; Windows NT 6.1; Trident/5.0; SLCC2; .NET CLR 2.0.50727; .NET CLR 3.5.30729; .NET CLR 3.0.30729; Media Center PC 6.0; InfoPath.3; .NET4.0C; .NET4.0E; Tablet PC 2.0; MS-RTC LM 8)" 14336
192.168.12.108 - - [17/Feb/2013:07:22:19 +0600] "GET /tv/useUser HTTP/1.1" 200 432 "http://callider/index.php" "Mozilla/4.0 (compatible; MSIE 7.0; Windows NT 6.2; WOW64; Trident/6.0; .NET4.0E; .NET4.0C; InfoPath.3; .NET CLR 3.5.30729; .NET CLR 2.0.50727; .NET CLR 3.0.30729)" 15771
192.168.12.69 - - [17/Feb/2013:07:22:20 +0600] "GET /pause/ajaxPause?pauseConfigId=&admin=0 HTTP/1.1" 200 986 "http://callider/pause/index" "Mozilla/4.0 (compatible; MSIE 7.0; Windows NT 6.1; Trident/5.0; SLCC2; .NET CLR 2.0.50727; .NET CLR 3.5.30729; .NET CLR 3.0.30729; Media Center PC 6.0; InfoPath.3; .NET4.0C; .NET4.0E; Tablet PC 2.0; AskTbFXTV5/5.14.1.20007)" 17793
192.168.74.151 - - [17/Feb/2013:07:22:20 +0600] "GET /pause/ajaxPause?pauseConfigId=&admin=0 HTTP/1.1" 200 987 "http://callider.kontur/pause/index" "Mozilla/5.0 (Windows NT 6.1; WOW64; rv:18.0) Gecko/20100101 Firefox/18.0" 132192
192.168.74.91 - - [17/Feb/2013:07:22:20 +0600] "GET /pause/ajaxPause?pauseConfigId=&admin=0 HTTP/1.1" 200 986 "http://callider/pause/index" "Mozilla/4.0 (compatible; MSIE 7.0; Windows NT 6.1; WOW64; Trident/5.0; SLCC2; .NET CLR 2.0.50727; .NET CLR 3.5.30729; .NET CLR 3.0.30729; Media Center PC 6.0; InfoPath.3; .NET4.0C; MS-RTC LM 8; .NET4.0E)" 180377
192.168.12.61 - - [17/Feb/2013:07:22:20 +0600] "GET /pause/ajaxPause?pauseConfigId=&admin=0 HTTP/1.1" 200 985 "http://callider/pause/index" "Mozilla/4.0 (compatible; MSIE 7.0; Windows NT 6.1; Trident/5.0; SLCC2; .NET CLR 2.0.50727; .NET CLR 3.5.30729; .NET CLR 3.0.30729; Media Center PC 6.0; InfoPath.3; .NET4.0C; .NET4.0E)" 164894
192.168.12.210 - - [17/Feb/2013:07:22:20 +0600] "GET /pause/ajaxPause?pauseConfigId=all&admin=1 HTTP/1.1" 200 1047 "http://callider/pause/index" "Mozilla/4.0 (compatible; MSIE 7.0; Windows NT 6.1; WOW64; Trident/5.0; SLCC2; .NET CLR 2.0.50727; .NET CLR 3.5.30729; .NET CLR 3.0.30729; Media Center PC 6.0; InfoPath.3; .NET4.0C; .NET4.0E)" 136955
192.168.12.38 - - [17/Feb/2013:07:22:21 +0600] "GET /pause/ajaxPause?pauseConfigId=&admin=0 HTTP/1.1" 200 1040 "http://callider/pause/index" "Mozilla/4.0 (compatible; MSIE 7.0; Windows NT 6.1; WOW64; Trident/5.0; SLCC2; .NET CLR 2.0.50727; .NET CLR 3.5.30729; .NET CLR 3.0.30729; Media Center PC 6.0; InfoPath.3; .NET4.0C; .NET4.0E)" 18162
192.168.12.77 - - [17/Feb/2013:07:22:21 +0600] "GET /pause/ajaxPause?pauseConfigId=&admin=0 HTTP/1.1" 200 1039 "http://callider/pause/index" "Mozilla/4.0 (compatible; MSIE 7.0; Windows NT 6.1; Trident/5.0; SLCC2; .NET CLR 2.0.50727; .NET CLR 3.5.30729; .NET CLR 3.0.30729; Media Center PC 6.0; Tablet PC 2.0; InfoPath.3; .NET4.0C; .NET4.0E; MS-RTC LM 8)" 15686
192.168.65.56 - - [17/Feb/2013:07:22:21 +0600] "GET /pause/ajaxPause?pauseConfigId=all&admin=1 HTTP/1.1" 200 1046 "http://192.168.65.101/pause/index" "Mozilla/5.0 (Windows NT 5.1; rv:15.0) Gecko/20100101 Firefox/15.0" 31401
192.168.12.60 - - [17/Feb/2013:07:22:22 +0600] "GET /pause/ajaxPause?pauseConfigId=&admin=0 HTTP/1.1" 200 986 "http://callider/pause/index" "Mozilla/4.0 (compatible; MSIE 8.0; Windows NT 6.1; Trident/4.0; InfoPath.3; .NET4.0C; MS-RTC LM 8; .NET4.0E)" 20869
192.168.12.204 - - [17/Feb/2013:07:22:22 +0600] "GET /pause/ajaxPause?pauseConfigId=&admin=0 HTTP/1.1" 200 986 "http://callider/pause/index" "Mozilla/4.0 (compatible; MSIE 7.0; Windows NT 6.1; WOW64; Trident/4.0; SLCC2; .NET CLR 2.0.50727; .NET CLR 3.5.30729; .NET CLR 3.0.30729; Media Center PC 6.0; InfoPath.3; .NET4.0C; .NET4.0E; .NET CLR 1.1.4322)" 18812
192.168.74.78 - - [17/Feb/2013:07:22:24 +0600] "GET /pause/ajaxPause?pauseConfigId=&admin=0 HTTP/1.1" 200 986 "http://callider/pause/index" "Mozilla/4.0 (compatible; MSIE 7.0; Windows NT 6.1; WOW64; Trident/5.0; SLCC2; .NET CLR 2.0.50727; .NET CLR 3.5.30729; .NET CLR 3.0.30729; Media Center PC 6.0; InfoPath.3; .NET4.0C; MS-RTC LM 8; .NET4.0E)" 21348
192.168.12.69 - - [17/Feb/2013:07:22:25 +0600] "GET /pause/ajaxPause?pauseConfigId=&admin=0 HTTP/1.1" 200 986 "http://callider/pause/index" "Mozilla/4.0 (compatible; MSIE 7.0; Windows NT 6.1; Trident/5.0; SLCC2; .NET CLR 2.0.50727; .NET CLR 3.5.30729; .NET CLR 3.0.30729; Media Center PC 6.0; InfoPath.3; .NET4.0C; .NET4.0E; Tablet PC 2.0; AskTbFXTV5/5.14.1.20007)" 18521
192.168.74.91 - - [17/Feb/2013:07:22:25 +0600] "GET /pause/ajaxPause?pauseConfigId=&admin=0 HTTP/1.1" 200 986 "http://callider/pause/index" "Mozilla/4.0 (compatible; MSIE 7.0; Windows NT 6.1; WOW64; Trident/5.0; SLCC2; .NET CLR 2.0.50727; .NET CLR 3.5.30729; .NET CLR 3.0.30729; Media Center PC 6.0; InfoPath.3; .NET4.0C; MS-RTC LM 8; .NET4.0E)" 21133
192.168.74.151 - - [17/Feb/2013:07:22:25 +0600] "GET /pause/ajaxPause?pauseConfigId=&admin=0 HTTP/1.1" 200 987 "http://callider.kontur/pause/index" "Mozilla/5.0 (Windows NT 6.1; WOW64; rv:18.0) Gecko/20100101 Firefox/18.0" 20588
192.168.12.61 - - [17/Feb/2013:07:22:25 +0600] "GET /pause/ajaxPause?pauseConfigId=&admin=0 HTTP/1.1" 200 985 "http://callider/pause/index" "Mozilla/4.0 (compatible; MSIE 7.0; Windows NT 6.1; Trident/5.0; SLCC2; .NET CLR 2.0.50727; .NET CLR 3.5.30729; .NET CLR 3.0.30729; Media Center PC 6.0; InfoPath.3; .NET4.0C; .NET4.0E)" 18474
192.168.12.210 - - [17/Feb/2013:07:22:25 +0600] "GET /pause/ajaxPause?pauseConfigId=all&admin=1 HTTP/1.1" 200 1047 "http://callider/pause/index" "Mozilla/4.0 (compatible; MSIE 7.0; Windows NT 6.1; WOW64; Trident/5.0; SLCC2; .NET CLR 2.0.50727; .NET CLR 3.5.30729; .NET CLR 3.0.30729; Media Center PC 6.0; InfoPath.3; .NET4.0C; .NET4.0E)" 19922
192.168.12.38 - - [17/Feb/2013:07:22:26 +0600] "GET /pause/ajaxPause?pauseConfigId=&admin=0 HTTP/1.1" 200 1040 "http://callider/pause/index" "Mozilla/4.0 (compatible; MSIE 7.0; Windows NT 6.1; WOW64; Trident/5.0; SLCC2; .NET CLR 2.0.50727; .NET CLR 3.5.30729; .NET CLR 3.0.30729; Media Center PC 6.0; InfoPath.3; .NET4.0C; .NET4.0E)" 17422
192.168.12.77 - - [17/Feb/2013:07:22:26 +0600] "GET /pause/ajaxPause?pauseConfigId=&admin=0 HTTP/1.1" 200 1039 "http://callider/pause/index" "Mozilla/4.0 (compatible; MSIE 7.0; Windows NT 6.1; Trident/5.0; SLCC2; .NET CLR 2.0.50727; .NET CLR 3.5.30729; .NET CLR 3.0.30729; Media Center PC 6.0; Tablet PC 2.0; InfoPath.3; .NET4.0C; .NET4.0E; MS-RTC LM 8)" 13065
192.168.65.56 - - [17/Feb/2013:07:22:26 +0600] "GET /pause/ajaxPause?pauseConfigId=all&admin=1 HTTP/1.1" 200 1046 "http://192.168.65.101/pause/index" "Mozilla/5.0 (Windows NT 5.1; rv:15.0) Gecko/20100101 Firefox/15.0" 28766
192.168.12.60 - - [17/Feb/2013:07:22:27 +0600] "GET /pause/ajaxPause?pauseConfigId=&admin=0 HTTP/1.1" 200 986 "http://callider/pause/index" "Mozilla/4.0 (compatible; MSIE 8.0; Windows NT 6.1; Trident/4.0; InfoPath.3; .NET4.0C; MS-RTC LM 8; .NET4.0E)" 22499
192.168.12.204 - - [17/Feb/2013:07:22:27 +0600] "GET /pause/ajaxPause?pauseConfigId=&admin=0 HTTP/1.1" 200 986 "http://callider/pause/index" "Mozilla/4.0 (compatible; MSIE 7.0; Windows NT 6.1; WOW64; Trident/4.0; SLCC2; .NET CLR 2.0.50727; .NET CLR 3.5.30729; .NET CLR 3.0.30729; Media Center PC 6.0; InfoPath.3; .NET4.0C; .NET4.0E; .NET CLR 1.1.4322)" 20387
192.168.74.78 - - [17/Feb/2013:07:22:29 +0600] "GET /pause/ajaxPause?pauseConfigId=&admin=0 HTTP/1.1" 200 986 "http://callider/pause/index" "Mozilla/4.0 (compatible; MSIE 7.0; Windows NT 6.1; WOW64; Trident/5.0; SLCC2; .NET CLR 2.0.50727; .NET CLR 3.5.30729; .NET CLR 3.0.30729; Media Center PC 6.0; InfoPath.3; .NET4.0C; MS-RTC LM 8; .NET4.0E)" 19000
192.168.12.69 - - [17/Feb/2013:07:22:30 +0600] "GET /pause/ajaxPause?pauseConfigId=&admin=0 HTTP/1.1" 200 986 "http://callider/pause/index" "Mozilla/4.0 (compatible; MSIE 7.0; Windows NT 6.1; Trident/5.0; SLCC2; .NET CLR 2.0.50727; .NET CLR 3.5.30729; .NET CLR 3.0.30729; Media Center PC 6.0; InfoPath.3; .NET4.0C; .NET4.0E; Tablet PC 2.0; AskTbFXTV5/5.14.1.20007)" 104201
192.168.74.91 - - [17/Feb/2013:07:22:30 +0600] "GET /pause/ajaxPause?pauseConfigId=&admin=0 HTTP/1.1" 200 986 "http://callider/pause/index" "Mozilla/4.0 (compatible; MSIE 7.0; Windows NT 6.1; WOW64; Trident/5.0; SLCC2; .NET CLR 2.0.50727; .NET CLR 3.5.30729; .NET CLR 3.0.30729; Media Center PC 6.0; InfoPath.3; .NET4.0C; MS-RTC LM 8; .NET4.0E)" 18893
192.168.74.151 - - [17/Feb/2013:07:22:30 +0600] "GET /pause/ajaxPause?pauseConfigId=&admin=0 HTTP/1.1" 200 987 "http://callider.kontur/pause/index" "Mozilla/5.0 (Windows NT 6.1; WOW64; rv:18.0) Gecko/20100101 Firefox/18.0" 20873
192.168.12.61 - - [17/Feb/2013:07:22:30 +0600] "GET /pause/ajaxPause?pauseConfigId=&admin=0 HTTP/1.1" 200 986 "http://callider/pause/index" "Mozilla/4.0 (compatible; MSIE 7.0; Windows NT 6.1; Trident/5.0; SLCC2; .NET CLR 2.0.50727; .NET CLR 3.5.30729; .NET CLR 3.0.30729; Media Center PC 6.0; InfoPath.3; .NET4.0C; .NET4.0E)" 26583
192.168.12.210 - - [17/Feb/2013:07:22:30 +0600] "GET /pause/ajaxPause?pauseConfigId=all&admin=1 HTTP/1.1" 200 1047 "http://callider/pause/index" "Mozilla/4.0 (compatible; MSIE 7.0; Windows NT 6.1; WOW64; Trident/5.0; SLCC2; .NET CLR 2.0.50727; .NET CLR 3.5.30729; .NET CLR 3.0.30729; Media Center PC 6.0; InfoPath.3; .NET4.0C; .NET4.0E)" 20902
192.168.12.38 - - [17/Feb/2013:07:22:31 +0600] "GET /pause/ajaxPause?pauseConfigId=&admin=0 HTTP/1.1" 200 1040 "http://callider/pause/index" "Mozilla/4.0 (compatible; MSIE 7.0; Windows NT 6.1; WOW64; Trident/5.0; SLCC2; .NET CLR 2.0.50727; .NET CLR 3.5.30729; .NET CLR 3.0.30729; Media Center PC 6.0; InfoPath.3; .NET4.0C; .NET4.0E)" 18052
192.168.12.77 - - [17/Feb/2013:07:22:31 +0600] "GET /pause/ajaxPause?pauseConfigId=&admin=0 HTTP/1.1" 200 1039 "http://callider/pause/index" "Mozilla/4.0 (compatible; MSIE 7.0; Windows NT 6.1; Trident/5.0; SLCC2; .NET CLR 2.0.50727; .NET CLR 3.5.30729; .NET CLR 3.0.30729; Media Center PC 6.0; Tablet PC 2.0; InfoPath.3; .NET4.0C; .NET4.0E; MS-RTC LM 8)" 14353
192.168.65.56 - - [17/Feb/2013:07:22:31 +0600] "GET /pause/ajaxPause?pauseConfigId=all&admin=1 HTTP/1.1" 200 1046 "http://192.168.65.101/pause/index" "Mozilla/5.0 (Windows NT 5.1; rv:15.0) Gecko/20100101 Firefox/15.0" 29382
192.168.12.60 - - [17/Feb/2013:07:22:32 +0600] "GET /pause/ajaxPause?pauseConfigId=&admin=0 HTTP/1.1" 200 986 "http://callider/pause/index" "Mozilla/4.0 (compatible; MSIE 8.0; Windows NT 6.1; Trident/4.0; InfoPath.3; .NET4.0C; MS-RTC LM 8; .NET4.0E)" 29961
192.168.12.204 - - [17/Feb/2013:07:22:32 +0600] "GET /pause/ajaxPause?pauseConfigId=&admin=0 HTTP/1.1" 200 986 "http://callider/pause/index" "Mozilla/4.0 (compatible; MSIE 7.0; Windows NT 6.1; WOW64; Trident/4.0; SLCC2; .NET CLR 2.0.50727; .NET CLR 3.5.30729; .NET CLR 3.0.30729; Media Center PC 6.0; InfoPath.3; .NET4.0C; .NET4.0E; .NET CLR 1.1.4322)" 21378
192.168.74.78 - - [17/Feb/2013:07:22:34 +0600] "GET /pause/ajaxPause?pauseConfigId=&admin=0 HTTP/1.1" 200 986 "http://callider/pause/index" "Mozilla/4.0 (compatible; MSIE 7.0; Windows NT 6.1; WOW64; Trident/5.0; SLCC2; .NET CLR 2.0.50727; .NET CLR 3.5.30729; .NET CLR 3.0.30729; Media Center PC 6.0; InfoPath.3; .NET4.0C; MS-RTC LM 8; .NET4.0E)" 21521
192.168.12.67 - - [17/Feb/2013:07:22:34 +0600] "GET /tv/useUser HTTP/1.1" 200 432 "http://callider/graph/personal" "Mozilla/4.0 (compatible; MSIE 7.0; Windows NT 6.1; Trident/5.0; SLCC2; .NET CLR 2.0.50727; .NET CLR 3.5.30729; .NET CLR 3.0.30729; Media Center PC 6.0; .NET4.0C; .NET4.0E; InfoPath.3; Tablet PC 2.0; MS-RTC LM 8)" 16854
192.168.12.69 - - [17/Feb/2013:07:22:35 +0600] "GET /pause/ajaxPause?pauseConfigId=&admin=0 HTTP/1.1" 200 986 "http://callider/pause/index" "Mozilla/4.0 (compatible; MSIE 7.0; Windows NT 6.1; Trident/5.0; SLCC2; .NET CLR 2.0.50727; .NET CLR 3.5.30729; .NET CLR 3.0.30729; Media Center PC 6.0; InfoPath.3; .NET4.0C; .NET4.0E; Tablet PC 2.0; AskTbFXTV5/5.14.1.20007)" 18913
192.168.74.91 - - [17/Feb/2013:07:22:35 +0600] "GET /pause/ajaxPause?pauseConfigId=&admin=0 HTTP/1.1" 200 986 "http://callider/pause/index" "Mozilla/4.0 (compatible; MSIE 7.0; Windows NT 6.1; WOW64; Trident/5.0; SLCC2; .NET CLR 2.0.50727; .NET CLR 3.5.30729; .NET CLR 3.0.30729; Media Center PC 6.0; InfoPath.3; .NET4.0C; MS-RTC LM 8; .NET4.0E)" 18729
192.168.74.151 - - [17/Feb/2013:07:22:35 +0600] "GET /pause/ajaxPause?pauseConfigId=&admin=0 HTTP/1.1" 200 987 "http://callider.kontur/pause/index" "Mozilla/5.0 (Windows NT 6.1; WOW64; rv:18.0) Gecko/20100101 Firefox/18.0" 23885
192.168.12.61 - - [17/Feb/2013:07:22:35 +0600] "GET /pause/ajaxPause?pauseConfigId=&admin=0 HTTP/1.1" 200 985 "http://callider/pause/index" "Mozilla/4.0 (compatible; MSIE 7.0; Windows NT 6.1; Trident/5.0; SLCC2; .NET CLR 2.0.50727; .NET CLR 3.5.30729; .NET CLR 3.0.30729; Media Center PC 6.0; InfoPath.3; .NET4.0C; .NET4.0E)" 19769
192.168.12.210 - - [17/Feb/2013:07:22:35 +0600] "GET /pause/ajaxPause?pauseConfigId=all&admin=1 HTTP/1.1" 200 1047 "http://callider/pause/index" "Mozilla/4.0 (compatible; MSIE 7.0; Windows NT 6.1; WOW64; Trident/5.0; SLCC2; .NET CLR 2.0.50727; .NET CLR 3.5.30729; .NET CLR 3.0.30729; Media Center PC 6.0; InfoPath.3; .NET4.0C; .NET4.0E)" 20199
192.168.12.38 - - [17/Feb/2013:07:22:36 +0600] "GET /pause/ajaxPause?pauseConfigId=&admin=0 HTTP/1.1" 200 1040 "http://callider/pause/index" "Mozilla/4.0 (compatible; MSIE 7.0; Windows NT 6.1; WOW64; Trident/5.0; SLCC2; .NET CLR 2.0.50727; .NET CLR 3.5.30729; .NET CLR 3.0.30729; Media Center PC 6.0; InfoPath.3; .NET4.0C; .NET4.0E)" 15774
192.168.12.77 - - [17/Feb/2013:07:22:36 +0600] "GET /pause/ajaxPause?pauseConfigId=&admin=0 HTTP/1.1" 200 1039 "http://callider/pause/index" "Mozilla/4.0 (compatible; MSIE 7.0; Windows NT 6.1; Trident/5.0; SLCC2; .NET CLR 2.0.50727; .NET CLR 3.5.30729; .NET CLR 3.0.30729; Media Center PC 6.0; Tablet PC 2.0; InfoPath.3; .NET4.0C; .NET4.0E; MS-RTC LM 8)" 13522
192.168.65.56 - - [17/Feb/2013:07:22:36 +0600] "GET /pause/ajaxPause?pauseConfigId=all&admin=1 HTTP/1.1" 200 1046 "http://192.168.65.101/pause/index" "Mozilla/5.0 (Windows NT 5.1; rv:15.0) Gecko/20100101 Firefox/15.0" 28316
192.168.12.60 - - [17/Feb/2013:07:22:37 +0600] "GET /pause/ajaxPause?pauseConfigId=&admin=0 HTTP/1.1" 200 986 "http://callider/pause/index" "Mozilla/4.0 (compatible; MSIE 8.0; Windows NT 6.1; Trident/4.0; InfoPath.3; .NET4.0C; MS-RTC LM 8; .NET4.0E)" 28229
192.168.12.204 - - [17/Feb/2013:07:22:37 +0600] "GET /pause/ajaxPause?pauseConfigId=&admin=0 HTTP/1.1" 200 986 "http://callider/pause/index" "Mozilla/4.0 (compatible; MSIE 7.0; Windows NT 6.1; WOW64; Trident/4.0; SLCC2; .NET CLR 2.0.50727; .NET CLR 3.5.30729; .NET CLR 3.0.30729; Media Center PC 6.0; InfoPath.3; .NET4.0C; .NET4.0E; .NET CLR 1.1.4322)" 24546
192.168.74.93 - - [17/Feb/2013:07:22:38 +0600] "GET /tv/useUser HTTP/1.1" 200 432 "http://callider/graph/personal" "Mozilla/4.0 (compatible; MSIE 7.0; Windows NT 6.1; WOW64; Trident/5.0; SLCC2; .NET CLR 2.0.50727; .NET CLR 3.5.30729; .NET CLR 3.0.30729; Media Center PC 6.0; InfoPath.3; .NET4.0C; .NET4.0E)" 14459
192.168.12.210 - - [17/Feb/2013:07:22:39 +0600] "GET /tv/useUser HTTP/1.1" 200 431 "http://callider/graph/general" "Mozilla/4.0 (compatible; MSIE 7.0; Windows NT 6.1; WOW64; Trident/5.0; SLCC2; .NET CLR 2.0.50727; .NET CLR 3.5.30729; .NET CLR 3.0.30729; Media Center PC 6.0; InfoPath.3; .NET4.0C; .NET4.0E)" 17286
192.168.74.78 - - [17/Feb/2013:07:22:39 +0600] "GET /pause/ajaxPause?pauseConfigId=&admin=0 HTTP/1.1" 200 986 "http://callider/pause/index" "Mozilla/4.0 (compatible; MSIE 7.0; Windows NT 6.1; WOW64; Trident/5.0; SLCC2; .NET CLR 2.0.50727; .NET CLR 3.5.30729; .NET CLR 3.0.30729; Media Center PC 6.0; InfoPath.3; .NET4.0C; MS-RTC LM 8; .NET4.0E)" 22240
192.168.12.69 - - [17/Feb/2013:07:22:40 +0600] "GET /pause/ajaxPause?pauseConfigId=&admin=0 HTTP/1.1" 200 986 "http://callider/pause/index" "Mozilla/4.0 (compatible; MSIE 7.0; Windows NT 6.1; Trident/5.0; SLCC2; .NET CLR 2.0.50727; .NET CLR 3.5.30729; .NET CLR 3.0.30729; Media Center PC 6.0; InfoPath.3; .NET4.0C; .NET4.0E; Tablet PC 2.0; AskTbFXTV5/5.14.1.20007)" 18382
192.168.74.91 - - [17/Feb/2013:07:22:40 +0600] "GET /pause/ajaxPause?pauseConfigId=&admin=0 HTTP/1.1" 200 986 "http://callider/pause/index" "Mozilla/4.0 (compatible; MSIE 7.0; Windows NT 6.1; WOW64; Trident/5.0; SLCC2; .NET CLR 2.0.50727; .NET CLR 3.5.30729; .NET CLR 3.0.30729; Media Center PC 6.0; InfoPath.3; .NET4.0C; MS-RTC LM 8; .NET4.0E)" 19290
192.168.74.151 - - [17/Feb/2013:07:22:40 +0600] "GET /pause/ajaxPause?pauseConfigId=&admin=0 HTTP/1.1" 200 987 "http://callider.kontur/pause/index" "Mozilla/5.0 (Windows NT 6.1; WOW64; rv:18.0) Gecko/20100101 Firefox/18.0" 20874
192.168.12.210 - - [17/Feb/2013:07:22:40 +0600] "GET /pause/ajaxPause?pauseConfigId=all&admin=1 HTTP/1.1" 200 1047 "http://callider/pause/index" "Mozilla/4.0 (compatible; MSIE 7.0; Windows NT 6.1; WOW64; Trident/5.0; SLCC2; .NET CLR 2.0.50727; .NET CLR 3.5.30729; .NET CLR 3.0.30729; Media Center PC 6.0; InfoPath.3; .NET4.0C; .NET4.0E)" 18027
192.168.12.61 - - [17/Feb/2013:07:22:40 +0600] "GET /pause/ajaxPause?pauseConfigId=&admin=0 HTTP/1.1" 200 986 "http://callider/pause/index" "Mozilla/4.0 (compatible; MSIE 7.0; Windows NT 6.1; Trident/5.0; SLCC2; .NET CLR 2.0.50727; .NET CLR 3.5.30729; .NET CLR 3.0.30729; Media Center PC 6.0; InfoPath.3; .NET4.0C; .NET4.0E)" 29498
192.168.12.9 - - [17/Feb/2013:07:22:40 +0600] "GET /tv/useUser HTTP/1.1" 200 432 "http://callider.kontur/site/index" "Mozilla/5.0 (Windows NT 6.1; WOW64) AppleWebKit/537.17 (KHTML, like Gecko) Chrome/24.0.1312.57 Safari/537.17" 18739
192.168.12.38 - - [17/Feb/2013:07:22:41 +0600] "GET /pause/ajaxPause?pauseConfigId=&admin=0 HTTP/1.1" 200 1040 "http://callider/pause/index" "Mozilla/4.0 (compatible; MSIE 7.0; Windows NT 6.1; WOW64; Trident/5.0; SLCC2; .NET CLR 2.0.50727; .NET CLR 3.5.30729; .NET CLR 3.0.30729; Media Center PC 6.0; InfoPath.3; .NET4.0C; .NET4.0E)" 17583
192.168.12.77 - - [17/Feb/2013:07:22:41 +0600] "GET /pause/ajaxPause?pauseConfigId=&admin=0 HTTP/1.1" 200 1039 "http://callider/pause/index" "Mozilla/4.0 (compatible; MSIE 7.0; Windows NT 6.1; Trident/5.0; SLCC2; .NET CLR 2.0.50727; .NET CLR 3.5.30729; .NET CLR 3.0.30729; Media Center PC 6.0; Tablet PC 2.0; InfoPath.3; .NET4.0C; .NET4.0E; MS-RTC LM 8)" 13894
192.168.65.56 - - [17/Feb/2013:07:22:41 +0600] "GET /pause/ajaxPause?pauseConfigId=all&admin=1 HTTP/1.1" 200 1046 "http://192.168.65.101/pause/index" "Mozilla/5.0 (Windows NT 5.1; rv:15.0) Gecko/20100101 Firefox/15.0" 30004
192.168.12.60 - - [17/Feb/2013:07:22:42 +0600] "GET /pause/ajaxPause?pauseConfigId=&admin=0 HTTP/1.1" 200 986 "http://callider/pause/index" "Mozilla/4.0 (compatible; MSIE 8.0; Windows NT 6.1; Trident/4.0; InfoPath.3; .NET4.0C; MS-RTC LM 8; .NET4.0E)" 22737
192.168.12.204 - - [17/Feb/2013:07:22:42 +0600] "GET /pause/ajaxPause?pauseConfigId=&admin=0 HTTP/1.1" 200 986 "http://callider/pause/index" "Mozilla/4.0 (compatible; MSIE 7.0; Windows NT 6.1; WOW64; Trident/4.0; SLCC2; .NET CLR 2.0.50727; .NET CLR 3.5.30729; .NET CLR 3.0.30729; Media Center PC 6.0; InfoPath.3; .NET4.0C; .NET4.0E; .NET CLR 1.1.4322)" 109347
192.168.74.78 - - [17/Feb/2013:07:22:44 +0600] "GET /pause/ajaxPause?pauseConfigId=&admin=0 HTTP/1.1" 200 986 "http://callider/pause/index" "Mozilla/4.0 (compatible; MSIE 7.0; Windows NT 6.1; WOW64; Trident/5.0; SLCC2; .NET CLR 2.0.50727; .NET CLR 3.5.30729; .NET CLR 3.0.30729; Media Center PC 6.0; InfoPath.3; .NET4.0C; MS-RTC LM 8; .NET4.0E)" 19423
192.168.12.69 - - [17/Feb/2013:07:22:45 +0600] "GET /pause/ajaxPause?pauseConfigId=&admin=0 HTTP/1.1" 200 986 "http://callider/pause/index" "Mozilla/4.0 (compatible; MSIE 7.0; Windows NT 6.1; Trident/5.0; SLCC2; .NET CLR 2.0.50727; .NET CLR 3.5.30729; .NET CLR 3.0.30729; Media Center PC 6.0; InfoPath.3; .NET4.0C; .NET4.0E; Tablet PC 2.0; AskTbFXTV5/5.14.1.20007)" 20979
192.168.74.91 - - [17/Feb/2013:07:22:45 +0600] "GET /pause/ajaxPause?pauseConfigId=&admin=0 HTTP/1.1" 200 986 "http://callider/pause/index" "Mozilla/4.0 (compatible; MSIE 7.0; Windows NT 6.1; WOW64; Trident/5.0; SLCC2; .NET CLR 2.0.50727; .NET CLR 3.5.30729; .NET CLR 3.0.30729; Media Center PC 6.0; InfoPath.3; .NET4.0C; MS-RTC LM 8; .NET4.0E)" 19449
192.168.74.151 - - [17/Feb/2013:07:22:45 +0600] "GET /pause/ajaxPause?pauseConfigId=&admin=0 HTTP/1.1" 200 987 "http://callider.kontur/pause/index" "Mozilla/5.0 (Windows NT 6.1; WOW64; rv:18.0) Gecko/20100101 Firefox/18.0" 19670
192.168.12.210 - - [17/Feb/2013:07:22:45 +0600] "GET /pause/ajaxPause?pauseConfigId=all&admin=1 HTTP/1.1" 200 1047 "http://callider/pause/index" "Mozilla/4.0 (compatible; MSIE 7.0; Windows NT 6.1; WOW64; Trident/5.0; SLCC2; .NET CLR 2.0.50727; .NET CLR 3.5.30729; .NET CLR 3.0.30729; Media Center PC 6.0; InfoPath.3; .NET4.0C; .NET4.0E)" 22032
192.168.12.61 - - [17/Feb/2013:07:22:45 +0600] "GET /pause/ajaxPause?pauseConfigId=&admin=0 HTTP/1.1" 200 985 "http://callider/pause/index" "Mozilla/4.0 (compatible; MSIE 7.0; Windows NT 6.1; Trident/5.0; SLCC2; .NET CLR 2.0.50727; .NET CLR 3.5.30729; .NET CLR 3.0.30729; Media Center PC 6.0; InfoPath.3; .NET4.0C; .NET4.0E)" 19022
192.168.12.38 - - [17/Feb/2013:07:22:46 +0600] "GET /pause/ajaxPause?pauseConfigId=&admin=0 HTTP/1.1" 200 1040 "http://callider/pause/index" "Mozilla/4.0 (compatible; MSIE 7.0; Windows NT 6.1; WOW64; Trident/5.0; SLCC2; .NET CLR 2.0.50727; .NET CLR 3.5.30729; .NET CLR 3.0.30729; Media Center PC 6.0; InfoPath.3; .NET4.0C; .NET4.0E)" 16541
192.168.12.77 - - [17/Feb/2013:07:22:46 +0600] "GET /pause/ajaxPause?pauseConfigId=&admin=0 HTTP/1.1" 200 1039 "http://callider/pause/index" "Mozilla/4.0 (compatible; MSIE 7.0; Windows NT 6.1; Trident/5.0; SLCC2; .NET CLR 2.0.50727; .NET CLR 3.5.30729; .NET CLR 3.0.30729; Media Center PC 6.0; Tablet PC 2.0; InfoPath.3; .NET4.0C; .NET4.0E; MS-RTC LM 8)" 12096
192.168.65.56 - - [17/Feb/2013:07:22:46 +0600] "GET /pause/ajaxPause?pauseConfigId=all&admin=1 HTTP/1.1" 200 1046 "http://192.168.65.101/pause/index" "Mozilla/5.0 (Windows NT 5.1; rv:15.0) Gecko/20100101 Firefox/15.0" 30346
192.168.12.60 - - [17/Feb/2013:07:22:47 +0600] "GET /pause/ajaxPause?pauseConfigId=&admin=0 HTTP/1.1" 200 986 "http://callider/pause/index" "Mozilla/4.0 (compatible; MSIE 8.0; Windows NT 6.1; Trident/4.0; InfoPath.3; .NET4.0C; MS-RTC LM 8; .NET4.0E)" 21781
192.168.12.204 - - [17/Feb/2013:07:22:47 +0600] "GET /pause/ajaxPause?pauseConfigId=&admin=0 HTTP/1.1" 200 986 "http://callider/pause/index" "Mozilla/4.0 (compatible; MSIE 7.0; Windows NT 6.1; WOW64; Trident/4.0; SLCC2; .NET CLR 2.0.50727; .NET CLR 3.5.30729; .NET CLR 3.0.30729; Media Center PC 6.0; InfoPath.3; .NET4.0C; .NET4.0E; .NET CLR 1.1.4322)" 19664
192.168.12.210 - - [17/Feb/2013:07:22:49 +0600] "GET /tv/useUser HTTP/1.1" 200 431 "http://callider/pause/index" "Mozilla/4.0 (compatible; MSIE 7.0; Windows NT 6.1; WOW64; Trident/5.0; SLCC2; .NET CLR 2.0.50727; .NET CLR 3.5.30729; .NET CLR 3.0.30729; Media Center PC 6.0; InfoPath.3; .NET4.0C; .NET4.0E)" 9450
192.168.74.78 - - [17/Feb/2013:07:22:49 +0600] "GET /pause/ajaxPause?pauseConfigId=&admin=0 HTTP/1.1" 200 986 "http://callider/pause/index" "Mozilla/4.0 (compatible; MSIE 7.0; Windows NT 6.1; WOW64; Trident/5.0; SLCC2; .NET CLR 2.0.50727; .NET CLR 3.5.30729; .NET CLR 3.0.30729; Media Center PC 6.0; InfoPath.3; .NET4.0C; MS-RTC LM 8; .NET4.0E)" 29791
192.168.12.69 - - [17/Feb/2013:07:22:50 +0600] "GET /pause/ajaxPause?pauseConfigId=&admin=0 HTTP/1.1" 200 986 "http://callider/pause/index" "Mozilla/4.0 (compatible; MSIE 7.0; Windows NT 6.1; Trident/5.0; SLCC2; .NET CLR 2.0.50727; .NET CLR 3.5.30729; .NET CLR 3.0.30729; Media Center PC 6.0; InfoPath.3; .NET4.0C; .NET4.0E; Tablet PC 2.0; AskTbFXTV5/5.14.1.20007)" 24882
192.168.74.91 - - [17/Feb/2013:07:22:50 +0600] "GET /pause/ajaxPause?pauseConfigId=&admin=0 HTTP/1.1" 200 986 "http://callider/pause/index" "Mozilla/4.0 (compatible; MSIE 7.0; Windows NT 6.1; WOW64; Trident/5.0; SLCC2; .NET CLR 2.0.50727; .NET CLR 3.5.30729; .NET CLR 3.0.30729; Media Center PC 6.0; InfoPath.3; .NET4.0C; MS-RTC LM 8; .NET4.0E)" 26856
192.168.74.151 - - [17/Feb/2013:07:22:50 +0600] "GET /pause/ajaxPause?pauseConfigId=&admin=0 HTTP/1.1" 200 987 "http://callider.kontur/pause/index" "Mozilla/5.0 (Windows NT 6.1; WOW64; rv:18.0) Gecko/20100101 Firefox/18.0" 27187
192.168.12.210 - - [17/Feb/2013:07:22:50 +0600] "GET /pause/ajaxPause?pauseConfigId=all&admin=1 HTTP/1.1" 200 1047 "http://callider/pause/index" "Mozilla/4.0 (compatible; MSIE 7.0; Windows NT 6.1; WOW64; Trident/5.0; SLCC2; .NET CLR 2.0.50727; .NET CLR 3.5.30729; .NET CLR 3.0.30729; Media Center PC 6.0; InfoPath.3; .NET4.0C; .NET4.0E)" 26207
192.168.12.61 - - [17/Feb/2013:07:22:50 +0600] "GET /pause/ajaxPause?pauseConfigId=&admin=0 HTTP/1.1" 200 985 "http://callider/pause/index" "Mozilla/4.0 (compatible; MSIE 7.0; Windows NT 6.1; Trident/5.0; SLCC2; .NET CLR 2.0.50727; .NET CLR 3.5.30729; .NET CLR 3.0.30729; Media Center PC 6.0; InfoPath.3; .NET4.0C; .NET4.0E)" 19483
192.168.12.38 - - [17/Feb/2013:07:22:51 +0600] "GET /pause/ajaxPause?pauseConfigId=&admin=0 HTTP/1.1" 200 1040 "http://callider/pause/index" "Mozilla/4.0 (compatible; MSIE 7.0; Windows NT 6.1; WOW64; Trident/5.0; SLCC2; .NET CLR 2.0.50727; .NET CLR 3.5.30729; .NET CLR 3.0.30729; Media Center PC 6.0; InfoPath.3; .NET4.0C; .NET4.0E)" 26455
192.168.12.77 - - [17/Feb/2013:07:22:51 +0600] "GET /pause/ajaxPause?pauseConfigId=&admin=0 HTTP/1.1" 200 1039 "http://callider/pause/index" "Mozilla/4.0 (compatible; MSIE 7.0; Windows NT 6.1; Trident/5.0; SLCC2; .NET CLR 2.0.50727; .NET CLR 3.5.30729; .NET CLR 3.0.30729; Media Center PC 6.0; Tablet PC 2.0; InfoPath.3; .NET4.0C; .NET4.0E; MS-RTC LM 8)" 11925
192.168.65.56 - - [17/Feb/2013:07:22:51 +0600] "GET /pause/ajaxPause?pauseConfigId=all&admin=1 HTTP/1.1" 200 1046 "http://192.168.65.101/pause/index" "Mozilla/5.0 (Windows NT 5.1; rv:15.0) Gecko/20100101 Firefox/15.0" 28218
192.168.65.56 - - [17/Feb/2013:07:22:51 +0600] "GET /tv/useUser HTTP/1.1" 200 431 "http://192.168.65.101/pause/index" "Mozilla/5.0 (Windows NT 5.1; rv:15.0) Gecko/20100101 Firefox/15.0" 10942
192.168.12.60 - - [17/Feb/2013:07:22:52 +0600] "GET /pause/ajaxPause?pauseConfigId=&admin=0 HTTP/1.1" 200 986 "http://callider/pause/index" "Mozilla/4.0 (compatible; MSIE 8.0; Windows NT 6.1; Trident/4.0; InfoPath.3; .NET4.0C; MS-RTC LM 8; .NET4.0E)" 252691
192.168.12.204 - - [17/Feb/2013:07:22:52 +0600] "GET /pause/ajaxPause?pauseConfigId=&admin=0 HTTP/1.1" 200 986 "http://callider/pause/index" "Mozilla/4.0 (compatible; MSIE 7.0; Windows NT 6.1; WOW64; Trident/4.0; SLCC2; .NET CLR 2.0.50727; .NET CLR 3.5.30729; .NET CLR 3.0.30729; Media Center PC 6.0; InfoPath.3; .NET4.0C; .NET4.0E; .NET CLR 1.1.4322)" 48321
192.168.74.78 - - [17/Feb/2013:07:22:54 +0600] "GET /pause/ajaxPause?pauseConfigId=&admin=0 HTTP/1.1" 200 986 "http://callider/pause/index" "Mozilla/4.0 (compatible; MSIE 7.0; Windows NT 6.1; WOW64; Trident/5.0; SLCC2; .NET CLR 2.0.50727; .NET CLR 3.5.30729; .NET CLR 3.0.30729; Media Center PC 6.0; InfoPath.3; .NET4.0C; MS-RTC LM 8; .NET4.0E)" 21198
192.168.12.69 - - [17/Feb/2013:07:22:55 +0600] "GET /pause/ajaxPause?pauseConfigId=&admin=0 HTTP/1.1" 200 986 "http://callider/pause/index" "Mozilla/4.0 (compatible; MSIE 7.0; Windows NT 6.1; Trident/5.0; SLCC2; .NET CLR 2.0.50727; .NET CLR 3.5.30729; .NET CLR 3.0.30729; Media Center PC 6.0; InfoPath.3; .NET4.0C; .NET4.0E; Tablet PC 2.0; AskTbFXTV5/5.14.1.20007)" 18749
192.168.74.91 - - [17/Feb/2013:07:22:55 +0600] "GET /pause/ajaxPause?pauseConfigId=&admin=0 HTTP/1.1" 200 986 "http://callider/pause/index" "Mozilla/4.0 (compatible; MSIE 7.0; Windows NT 6.1; WOW64; Trident/5.0; SLCC2; .NET CLR 2.0.50727; .NET CLR 3.5.30729; .NET CLR 3.0.30729; Media Center PC 6.0; InfoPath.3; .NET4.0C; MS-RTC LM 8; .NET4.0E)" 19035
192.168.74.151 - - [17/Feb/2013:07:22:55 +0600] "GET /pause/ajaxPause?pauseConfigId=&admin=0 HTTP/1.1" 200 987 "http://callider.kontur/pause/index" "Mozilla/5.0 (Windows NT 6.1; WOW64; rv:18.0) Gecko/20100101 Firefox/18.0" 21085
192.168.12.210 - - [17/Feb/2013:07:22:55 +0600] "GET /pause/ajaxPause?pauseConfigId=all&admin=1 HTTP/1.1" 200 1047 "http://callider/pause/index" "Mozilla/4.0 (compatible; MSIE 7.0; Windows NT 6.1; WOW64; Trident/5.0; SLCC2; .NET CLR 2.0.50727; .NET CLR 3.5.30729; .NET CLR 3.0.30729; Media Center PC 6.0; InfoPath.3; .NET4.0C; .NET4.0E)" 18848
192.168.12.61 - - [17/Feb/2013:07:22:55 +0600] "GET /pause/ajaxPause?pauseConfigId=&admin=0 HTTP/1.1" 200 985 "http://callider/pause/index" "Mozilla/4.0 (compatible; MSIE 7.0; Windows NT 6.1; Trident/5.0; SLCC2; .NET CLR 2.0.50727; .NET CLR 3.5.30729; .NET CLR 3.0.30729; Media Center PC 6.0; InfoPath.3; .NET4.0C; .NET4.0E)" 17242
192.168.12.38 - - [17/Feb/2013:07:22:56 +0600] "GET /pause/ajaxPause?pauseConfigId=&admin=0 HTTP/1.1" 200 1040 "http://callider/pause/index" "Mozilla/4.0 (compatible; MSIE 7.0; Windows NT 6.1; WOW64; Trident/5.0; SLCC2; .NET CLR 2.0.50727; .NET CLR 3.5.30729; .NET CLR 3.0.30729; Media Center PC 6.0; InfoPath.3; .NET4.0C; .NET4.0E)" 19419
192.168.12.77 - - [17/Feb/2013:07:22:56 +0600] "GET /pause/ajaxPause?pauseConfigId=&admin=0 HTTP/1.1" 200 1039 "http://callider/pause/index" "Mozilla/4.0 (compatible; MSIE 7.0; Windows NT 6.1; Trident/5.0; SLCC2; .NET CLR 2.0.50727; .NET CLR 3.5.30729; .NET CLR 3.0.30729; Media Center PC 6.0; Tablet PC 2.0; InfoPath.3; .NET4.0C; .NET4.0E; MS-RTC LM 8)" 24080
192.168.65.56 - - [17/Feb/2013:07:22:56 +0600] "GET /pause/ajaxPause?pauseConfigId=all&admin=1 HTTP/1.1" 200 1046 "http://192.168.65.101/pause/index" "Mozilla/5.0 (Windows NT 5.1; rv:15.0) Gecko/20100101 Firefox/15.0" 27715
192.168.12.60 - - [17/Feb/2013:07:22:57 +0600] "GET /pause/ajaxPause?pauseConfigId=&admin=0 HTTP/1.1" 200 986 "http://callider/pause/index" "Mozilla/4.0 (compatible; MSIE 8.0; Windows NT 6.1; Trident/4.0; InfoPath.3; .NET4.0C; MS-RTC LM 8; .NET4.0E)" 20748
192.168.12.204 - - [17/Feb/2013:07:22:57 +0600] "GET /pause/ajaxPause?pauseConfigId=&admin=0 HTTP/1.1" 200 986 "http://callider/pause/index" "Mozilla/4.0 (compatible; MSIE 7.0; Windows NT 6.1; WOW64; Trident/4.0; SLCC2; .NET CLR 2.0.50727; .NET CLR 3.5.30729; .NET CLR 3.0.30729; Media Center PC 6.0; InfoPath.3; .NET4.0C; .NET4.0E; .NET CLR 1.1.4322)" 20931
192.168.74.78 - - [17/Feb/2013:07:22:59 +0600] "GET /pause/ajaxPause?pauseConfigId=&admin=0 HTTP/1.1" 200 986 "http://callider/pause/index" "Mozilla/4.0 (compatible; MSIE 7.0; Windows NT 6.1; WOW64; Trident/5.0; SLCC2; .NET CLR 2.0.50727; .NET CLR 3.5.30729; .NET CLR 3.0.30729; Media Center PC 6.0; InfoPath.3; .NET4.0C; MS-RTC LM 8; .NET4.0E)" 19280
192.168.12.69 - - [17/Feb/2013:07:23:00 +0600] "GET /pause/ajaxPause?pauseConfigId=&admin=0 HTTP/1.1" 200 986 "http://callider/pause/index" "Mozilla/4.0 (compatible; MSIE 7.0; Windows NT 6.1; Trident/5.0; SLCC2; .NET CLR 2.0.50727; .NET CLR 3.5.30729; .NET CLR 3.0.30729; Media Center PC 6.0; InfoPath.3; .NET4.0C; .NET4.0E; Tablet PC 2.0; AskTbFXTV5/5.14.1.20007)" 22722
192.168.74.91 - - [17/Feb/2013:07:23:00 +0600] "GET /pause/ajaxPause?pauseConfigId=&admin=0 HTTP/1.1" 200 986 "http://callider/pause/index" "Mozilla/4.0 (compatible; MSIE 7.0; Windows NT 6.1; WOW64; Trident/5.0; SLCC2; .NET CLR 2.0.50727; .NET CLR 3.5.30729; .NET CLR 3.0.30729; Media Center PC 6.0; InfoPath.3; .NET4.0C; MS-RTC LM 8; .NET4.0E)" 22962
192.168.74.151 - - [17/Feb/2013:07:23:00 +0600] "GET /pause/ajaxPause?pauseConfigId=&admin=0 HTTP/1.1" 200 987 "http://callider.kontur/pause/index" "Mozilla/5.0 (Windows NT 6.1; WOW64; rv:18.0) Gecko/20100101 Firefox/18.0" 20187
192.168.12.210 - - [17/Feb/2013:07:23:00 +0600] "GET /pause/ajaxPause?pauseConfigId=all&admin=1 HTTP/1.1" 200 1047 "http://callider/pause/index" "Mozilla/4.0 (compatible; MSIE 7.0; Windows NT 6.1; WOW64; Trident/5.0; SLCC2; .NET CLR 2.0.50727; .NET CLR 3.5.30729; .NET CLR 3.0.30729; Media Center PC 6.0; InfoPath.3; .NET4.0C; .NET4.0E)" 18283
192.168.12.61 - - [17/Feb/2013:07:23:00 +0600] "GET /pause/ajaxPause?pauseConfigId=&admin=0 HTTP/1.1" 200 985 "http://callider/pause/index" "Mozilla/4.0 (compatible; MSIE 7.0; Windows NT 6.1; Trident/5.0; SLCC2; .NET CLR 2.0.50727; .NET CLR 3.5.30729; .NET CLR 3.0.30729; Media Center PC 6.0; InfoPath.3; .NET4.0C; .NET4.0E)" 18647
192.168.12.38 - - [17/Feb/2013:07:23:01 +0600] "GET /pause/ajaxPause?pauseConfigId=&admin=0 HTTP/1.1" 200 1040 "http://callider/pause/index" "Mozilla/4.0 (compatible; MSIE 7.0; Windows NT 6.1; WOW64; Trident/5.0; SLCC2; .NET CLR 2.0.50727; .NET CLR 3.5.30729; .NET CLR 3.0.30729; Media Center PC 6.0; InfoPath.3; .NET4.0C; .NET4.0E)" 14419
192.168.12.77 - - [17/Feb/2013:07:23:01 +0600] "GET /pause/ajaxPause?pauseConfigId=&admin=0 HTTP/1.1" 200 1039 "http://callider/pause/index" "Mozilla/4.0 (compatible; MSIE 7.0; Windows NT 6.1; Trident/5.0; SLCC2; .NET CLR 2.0.50727; .NET CLR 3.5.30729; .NET CLR 3.0.30729; Media Center PC 6.0; Tablet PC 2.0; InfoPath.3; .NET4.0C; .NET4.0E; MS-RTC LM 8)" 12640
192.168.65.56 - - [17/Feb/2013:07:23:01 +0600] "GET /pause/ajaxPause?pauseConfigId=all&admin=1 HTTP/1.1" 200 1046 "http://192.168.65.101/pause/index" "Mozilla/5.0 (Windows NT 5.1; rv:15.0) Gecko/20100101 Firefox/15.0" 28523
192.168.12.60 - - [17/Feb/2013:07:23:02 +0600] "GET /pause/ajaxPause?pauseConfigId=&admin=0 HTTP/1.1" 200 986 "http://callider/pause/index" "Mozilla/4.0 (compatible; MSIE 8.0; Windows NT 6.1; Trident/4.0; InfoPath.3; .NET4.0C; MS-RTC LM 8; .NET4.0E)" 20433
192.168.12.204 - - [17/Feb/2013:07:23:02 +0600] "GET /pause/ajaxPause?pauseConfigId=&admin=0 HTTP/1.1" 200 986 "http://callider/pause/index" "Mozilla/4.0 (compatible; MSIE 7.0; Windows NT 6.1; WOW64; Trident/4.0; SLCC2; .NET CLR 2.0.50727; .NET CLR 3.5.30729; .NET CLR 3.0.30729; Media Center PC 6.0; InfoPath.3; .NET4.0C; .NET4.0E; .NET CLR 1.1.4322)" 650755
192.168.74.78 - - [17/Feb/2013:07:23:04 +0600] "GET /pause/ajaxPause?pauseConfigId=&admin=0 HTTP/1.1" 200 986 "http://callider/pause/index" "Mozilla/4.0 (compatible; MSIE 7.0; Windows NT 6.1; WOW64; Trident/5.0; SLCC2; .NET CLR 2.0.50727; .NET CLR 3.5.30729; .NET CLR 3.0.30729; Media Center PC 6.0; InfoPath.3; .NET4.0C; MS-RTC LM 8; .NET4.0E)" 19738
192.168.12.61 - - [17/Feb/2013:07:23:05 +0600] "GET /tv/useUser HTTP/1.1" 200 431 "http://callider/pause/index" "Mozilla/4.0 (compatible; MSIE 7.0; Windows NT 6.1; Trident/5.0; SLCC2; .NET CLR 2.0.50727; .NET CLR 3.5.30729; .NET CLR 3.0.30729; Media Center PC 6.0; InfoPath.3; .NET4.0C; .NET4.0E)" 8874
192.168.12.69 - - [17/Feb/2013:07:23:05 +0600] "GET /pause/ajaxPause?pauseConfigId=&admin=0 HTTP/1.1" 200 986 "http://callider/pause/index" "Mozilla/4.0 (compatible; MSIE 7.0; Windows NT 6.1; Trident/5.0; SLCC2; .NET CLR 2.0.50727; .NET CLR 3.5.30729; .NET CLR 3.0.30729; Media Center PC 6.0; InfoPath.3; .NET4.0C; .NET4.0E; Tablet PC 2.0; AskTbFXTV5/5.14.1.20007)" 277322
192.168.74.91 - - [17/Feb/2013:07:23:05 +0600] "GET /pause/ajaxPause?pauseConfigId=&admin=0 HTTP/1.1" 200 986 "http://callider/pause/index" "Mozilla/4.0 (compatible; MSIE 7.0; Windows NT 6.1; WOW64; Trident/5.0; SLCC2; .NET CLR 2.0.50727; .NET CLR 3.5.30729; .NET CLR 3.0.30729; Media Center PC 6.0; InfoPath.3; .NET4.0C; MS-RTC LM 8; .NET4.0E)" 18332
192.168.74.151 - - [17/Feb/2013:07:23:05 +0600] "GET /pause/ajaxPause?pauseConfigId=&admin=0 HTTP/1.1" 200 987 "http://callider.kontur/pause/index" "Mozilla/5.0 (Windows NT 6.1; WOW64; rv:18.0) Gecko/20100101 Firefox/18.0" 18017
192.168.12.61 - - [17/Feb/2013:07:23:05 +0600] "GET /pause/ajaxPause?pauseConfigId=&admin=0 HTTP/1.1" 200 985 "http://callider/pause/index" "Mozilla/4.0 (compatible; MSIE 7.0; Windows NT 6.1; Trident/5.0; SLCC2; .NET CLR 2.0.50727; .NET CLR 3.5.30729; .NET CLR 3.0.30729; Media Center PC 6.0; InfoPath.3; .NET4.0C; .NET4.0E)" 17707
192.168.12.210 - - [17/Feb/2013:07:23:05 +0600] "GET /pause/ajaxPause?pauseConfigId=all&admin=1 HTTP/1.1" 200 1047 "http://callider/pause/index" "Mozilla/4.0 (compatible; MSIE 7.0; Windows NT 6.1; WOW64; Trident/5.0; SLCC2; .NET CLR 2.0.50727; .NET CLR 3.5.30729; .NET CLR 3.0.30729; Media Center PC 6.0; InfoPath.3; .NET4.0C; .NET4.0E)" 20448
192.168.12.38 - - [17/Feb/2013:07:23:06 +0600] "GET /pause/ajaxPause?pauseConfigId=&admin=0 HTTP/1.1" 200 1040 "http://callider/pause/index" "Mozilla/4.0 (compatible; MSIE 7.0; Windows NT 6.1; WOW64; Trident/5.0; SLCC2; .NET CLR 2.0.50727; .NET CLR 3.5.30729; .NET CLR 3.0.30729; Media Center PC 6.0; InfoPath.3; .NET4.0C; .NET4.0E)" 19220
192.168.12.77 - - [17/Feb/2013:07:23:06 +0600] "GET /pause/ajaxPause?pauseConfigId=&admin=0 HTTP/1.1" 200 1039 "http://callider/pause/index" "Mozilla/4.0 (compatible; MSIE 7.0; Windows NT 6.1; Trident/5.0; SLCC2; .NET CLR 2.0.50727; .NET CLR 3.5.30729; .NET CLR 3.0.30729; Media Center PC 6.0; Tablet PC 2.0; InfoPath.3; .NET4.0C; .NET4.0E; MS-RTC LM 8)" 12468
192.168.65.56 - - [17/Feb/2013:07:23:06 +0600] "GET /pause/ajaxPause?pauseConfigId=all&admin=1 HTTP/1.1" 200 1046 "http://192.168.65.101/pause/index" "Mozilla/5.0 (Windows NT 5.1; rv:15.0) Gecko/20100101 Firefox/15.0" 271097
192.168.12.60 - - [17/Feb/2013:07:23:07 +0600] "GET /pause/ajaxPause?pauseConfigId=&admin=0 HTTP/1.1" 200 986 "http://callider/pause/index" "Mozilla/4.0 (compatible; MSIE 8.0; Windows NT 6.1; Trident/4.0; InfoPath.3; .NET4.0C; MS-RTC LM 8; .NET4.0E)" 20654
192.168.12.204 - - [17/Feb/2013:07:23:07 +0600] "GET /pause/ajaxPause?pauseConfigId=&admin=0 HTTP/1.1" 200 986 "http://callider/pause/index" "Mozilla/4.0 (compatible; MSIE 7.0; Windows NT 6.1; WOW64; Trident/4.0; SLCC2; .NET CLR 2.0.50727; .NET CLR 3.5.30729; .NET CLR 3.0.30729; Media Center PC 6.0; InfoPath.3; .NET4.0C; .NET4.0E; .NET CLR 1.1.4322)" 20444
192.168.74.78 - - [17/Feb/2013:07:23:09 +0600] "GET /pause/ajaxPause?pauseConfigId=&admin=0 HTTP/1.1" 200 986 "http://callider/pause/index" "Mozilla/4.0 (compatible; MSIE 7.0; Windows NT 6.1; WOW64; Trident/5.0; SLCC2; .NET CLR 2.0.50727; .NET CLR 3.5.30729; .NET CLR 3.0.30729; Media Center PC 6.0; InfoPath.3; .NET4.0C; MS-RTC LM 8; .NET4.0E)" 20539
192.168.12.69 - - [17/Feb/2013:07:23:10 +0600] "GET /pause/ajaxPause?pauseConfigId=&admin=0 HTTP/1.1" 200 986 "http://callider/pause/index" "Mozilla/4.0 (compatible; MSIE 7.0; Windows NT 6.1; Trident/5.0; SLCC2; .NET CLR 2.0.50727; .NET CLR 3.5.30729; .NET CLR 3.0.30729; Media Center PC 6.0; InfoPath.3; .NET4.0C; .NET4.0E; Tablet PC 2.0; AskTbFXTV5/5.14.1.20007)" 24304
192.168.74.91 - - [17/Feb/2013:07:23:10 +0600] "GET /pause/ajaxPause?pauseConfigId=&admin=0 HTTP/1.1" 200 986 "http://callider/pause/index" "Mozilla/4.0 (compatible; MSIE 7.0; Windows NT 6.1; WOW64; Trident/5.0; SLCC2; .NET CLR 2.0.50727; .NET CLR 3.5.30729; .NET CLR 3.0.30729; Media Center PC 6.0; InfoPath.3; .NET4.0C; MS-RTC LM 8; .NET4.0E)" 20166
192.168.74.151 - - [17/Feb/2013:07:23:10 +0600] "GET /pause/ajaxPause?pauseConfigId=&admin=0 HTTP/1.1" 200 987 "http://callider.kontur/pause/index" "Mozilla/5.0 (Windows NT 6.1; WOW64; rv:18.0) Gecko/20100101 Firefox/18.0" 19747
192.168.12.210 - - [17/Feb/2013:07:23:10 +0600] "GET /pause/ajaxPause?pauseConfigId=all&admin=1 HTTP/1.1" 200 1047 "http://callider/pause/index" "Mozilla/4.0 (compatible; MSIE 7.0; Windows NT 6.1; WOW64; Trident/5.0; SLCC2; .NET CLR 2.0.50727; .NET CLR 3.5.30729; .NET CLR 3.0.30729; Media Center PC 6.0; InfoPath.3; .NET4.0C; .NET4.0E)" 225172
192.168.12.61 - - [17/Feb/2013:07:23:10 +0600] "GET /pause/ajaxPause?pauseConfigId=&admin=0 HTTP/1.1" 200 986 "http://callider/pause/index" "Mozilla/4.0 (compatible; MSIE 7.0; Windows NT 6.1; Trident/5.0; SLCC2; .NET CLR 2.0.50727; .NET CLR 3.5.30729; .NET CLR 3.0.30729; Media Center PC 6.0; InfoPath.3; .NET4.0C; .NET4.0E)" 188444
192.168.12.42 - - [17/Feb/2013:07:23:11 +0600] "GET /tv/useUser HTTP/1.1" 200 432 "http://callider/graph/personal" "Mozilla/4.0 (compatible; MSIE 7.0; Windows NT 6.1; WOW64; Trident/5.0; SLCC2; .NET CLR 2.0.50727; .NET CLR 3.5.30729; .NET CLR 3.0.30729; Media Center PC 6.0; InfoPath.3; .NET4.0C; .NET4.0E)" 16605
192.168.12.38 - - [17/Feb/2013:07:23:11 +0600] "GET /pause/ajaxPause?pauseConfigId=&admin=0 HTTP/1.1" 200 1040 "http://callider/pause/index" "Mozilla/4.0 (compatible; MSIE 7.0; Windows NT 6.1; WOW64; Trident/5.0; SLCC2; .NET CLR 2.0.50727; .NET CLR 3.5.30729; .NET CLR 3.0.30729; Media Center PC 6.0; InfoPath.3; .NET4.0C; .NET4.0E)" 16291
192.168.12.77 - - [17/Feb/2013:07:23:11 +0600] "GET /pause/ajaxPause?pauseConfigId=&admin=0 HTTP/1.1" 200 1039 "http://callider/pause/index" "Mozilla/4.0 (compatible; MSIE 7.0; Windows NT 6.1; Trident/5.0; SLCC2; .NET CLR 2.0.50727; .NET CLR 3.5.30729; .NET CLR 3.0.30729; Media Center PC 6.0; Tablet PC 2.0; InfoPath.3; .NET4.0C; .NET4.0E; MS-RTC LM 8)" 13159
192.168.65.56 - - [17/Feb/2013:07:23:11 +0600] "GET /pause/ajaxPause?pauseConfigId=all&admin=1 HTTP/1.1" 200 1046 "http://192.168.65.101/pause/index" "Mozilla/5.0 (Windows NT 5.1; rv:15.0) Gecko/20100101 Firefox/15.0" 33980
192.168.12.60 - - [17/Feb/2013:07:23:12 +0600] "GET /pause/ajaxPause?pauseConfigId=&admin=0 HTTP/1.1" 200 986 "http://callider/pause/index" "Mozilla/4.0 (compatible; MSIE 8.0; Windows NT 6.1; Trident/4.0; InfoPath.3; .NET4.0C; MS-RTC LM 8; .NET4.0E)" 18920
192.168.12.204 - - [17/Feb/2013:07:23:12 +0600] "GET /pause/ajaxPause?pauseConfigId=&admin=0 HTTP/1.1" 200 986 "http://callider/pause/index" "Mozilla/4.0 (compatible; MSIE 7.0; Windows NT 6.1; WOW64; Trident/4.0; SLCC2; .NET CLR 2.0.50727; .NET CLR 3.5.30729; .NET CLR 3.0.30729; Media Center PC 6.0; InfoPath.3; .NET4.0C; .NET4.0E; .NET CLR 1.1.4322)" 19550
192.168.74.151 - - [17/Feb/2013:07:23:13 +0600] "GET /tv/useUser HTTP/1.1" 200 431 "http://callider.kontur/graph/general" "Mozilla/5.0 (Windows NT 6.1; WOW64; rv:18.0) Gecko/20100101 Firefox/18.0" 8816
192.168.74.78 - - [17/Feb/2013:07:23:14 +0600] "GET /pause/ajaxPause?pauseConfigId=&admin=0 HTTP/1.1" 200 986 "http://callider/pause/index" "Mozilla/4.0 (compatible; MSIE 7.0; Windows NT 6.1; WOW64; Trident/5.0; SLCC2; .NET CLR 2.0.50727; .NET CLR 3.5.30729; .NET CLR 3.0.30729; Media Center PC 6.0; InfoPath.3; .NET4.0C; MS-RTC LM 8; .NET4.0E)" 21212
192.168.12.69 - - [17/Feb/2013:07:23:15 +0600] "GET /pause/ajaxPause?pauseConfigId=&admin=0 HTTP/1.1" 200 986 "http://callider/pause/index" "Mozilla/4.0 (compatible; MSIE 7.0; Windows NT 6.1; Trident/5.0; SLCC2; .NET CLR 2.0.50727; .NET CLR 3.5.30729; .NET CLR 3.0.30729; Media Center PC 6.0; InfoPath.3; .NET4.0C; .NET4.0E; Tablet PC 2.0; AskTbFXTV5/5.14.1.20007)" 19250
192.168.74.91 - - [17/Feb/2013:07:23:15 +0600] "GET /pause/ajaxPause?pauseConfigId=&admin=0 HTTP/1.1" 200 986 "http://callider/pause/index" "Mozilla/4.0 (compatible; MSIE 7.0; Windows NT 6.1; WOW64; Trident/5.0; SLCC2; .NET CLR 2.0.50727; .NET CLR 3.5.30729; .NET CLR 3.0.30729; Media Center PC 6.0; InfoPath.3; .NET4.0C; MS-RTC LM 8; .NET4.0E)" 18175
192.168.74.151 - - [17/Feb/2013:07:23:15 +0600] "GET /pause/ajaxPause?pauseConfigId=&admin=0 HTTP/1.1" 200 987 "http://callider.kontur/pause/index" "Mozilla/5.0 (Windows NT 6.1; WOW64; rv:18.0) Gecko/20100101 Firefox/18.0" 21549
192.168.74.151 - - [17/Feb/2013:07:23:15 +0600] "GET /tv/useUser HTTP/1.1" 200 432 "http://callider.kontur/pause/index" "Mozilla/5.0 (Windows NT 6.1; WOW64; rv:18.0) Gecko/20100101 Firefox/18.0" 15345
192.168.12.210 - - [17/Feb/2013:07:23:15 +0600] "GET /pause/ajaxPause?pauseConfigId=all&admin=1 HTTP/1.1" 200 1047 "http://callider/pause/index" "Mozilla/4.0 (compatible; MSIE 7.0; Windows NT 6.1; WOW64; Trident/5.0; SLCC2; .NET CLR 2.0.50727; .NET CLR 3.5.30729; .NET CLR 3.0.30729; Media Center PC 6.0; InfoPath.3; .NET4.0C; .NET4.0E)" 19644
192.168.12.61 - - [17/Feb/2013:07:23:15 +0600] "GET /pause/ajaxPause?pauseConfigId=&admin=0 HTTP/1.1" 200 985 "http://callider/pause/index" "Mozilla/4.0 (compatible; MSIE 7.0; Windows NT 6.1; Trident/5.0; SLCC2; .NET CLR 2.0.50727; .NET CLR 3.5.30729; .NET CLR 3.0.30729; Media Center PC 6.0; InfoPath.3; .NET4.0C; .NET4.0E)" 22072
192.168.12.38 - - [17/Feb/2013:07:23:16 +0600] "GET /pause/ajaxPause?pauseConfigId=&admin=0 HTTP/1.1" 200 1040 "http://callider/pause/index" "Mozilla/4.0 (compatible; MSIE 7.0; Windows NT 6.1; WOW64; Trident/5.0; SLCC2; .NET CLR 2.0.50727; .NET CLR 3.5.30729; .NET CLR 3.0.30729; Media Center PC 6.0; InfoPath.3; .NET4.0C; .NET4.0E)" 16788
192.168.12.77 - - [17/Feb/2013:07:23:16 +0600] "GET /pause/ajaxPause?pauseConfigId=&admin=0 HTTP/1.1" 200 1039 "http://callider/pause/index" "Mozilla/4.0 (compatible; MSIE 7.0; Windows NT 6.1; Trident/5.0; SLCC2; .NET CLR 2.0.50727; .NET CLR 3.5.30729; .NET CLR 3.0.30729; Media Center PC 6.0; Tablet PC 2.0; InfoPath.3; .NET4.0C; .NET4.0E; MS-RTC LM 8)" 12978
192.168.65.56 - - [17/Feb/2013:07:23:16 +0600] "GET /pause/ajaxPause?pauseConfigId=all&admin=1 HTTP/1.1" 200 1046 "http://192.168.65.101/pause/index" "Mozilla/5.0 (Windows NT 5.1; rv:15.0) Gecko/20100101 Firefox/15.0" 29286
192.168.12.60 - - [17/Feb/2013:07:23:17 +0600] "GET /pause/ajaxPause?pauseConfigId=&admin=0 HTTP/1.1" 200 986 "http://callider/pause/index" "Mozilla/4.0 (compatible; MSIE 8.0; Windows NT 6.1; Trident/4.0; InfoPath.3; .NET4.0C; MS-RTC LM 8; .NET4.0E)" 20582
192.168.12.204 - - [17/Feb/2013:07:23:17 +0600] "GET /pause/ajaxPause?pauseConfigId=&admin=0 HTTP/1.1" 200 986 "http://callider/pause/index" "Mozilla/4.0 (compatible; MSIE 7.0; Windows NT 6.1; WOW64; Trident/4.0; SLCC2; .NET CLR 2.0.50727; .NET CLR 3.5.30729; .NET CLR 3.0.30729; Media Center PC 6.0; InfoPath.3; .NET4.0C; .NET4.0E; .NET CLR 1.1.4322)" 20547
192.168.74.78 - - [17/Feb/2013:07:23:19 +0600] "GET /pause/ajaxPause?pauseConfigId=&admin=0 HTTP/1.1" 200 986 "http://callider/pause/index" "Mozilla/4.0 (compatible; MSIE 7.0; Windows NT 6.1; WOW64; Trident/5.0; SLCC2; .NET CLR 2.0.50727; .NET CLR 3.5.30729; .NET CLR 3.0.30729; Media Center PC 6.0; InfoPath.3; .NET4.0C; MS-RTC LM 8; .NET4.0E)" 19929
192.168.12.10 - - [17/Feb/2013:07:23:19 +0600] "GET /tv/useUser HTTP/1.1" 200 432 "http://callider/graph/personal" "Mozilla/4.0 (compatible; MSIE 7.0; Windows NT 6.1; Trident/5.0; SLCC2; .NET CLR 2.0.50727; .NET CLR 3.5.30729; .NET CLR 3.0.30729; Media Center PC 6.0; InfoPath.3; .NET4.0C; .NET4.0E; Tablet PC 2.0; MS-RTC LM 8)" 16763
192.168.12.108 - - [17/Feb/2013:07:23:19 +0600] "GET /tv/useUser HTTP/1.1" 200 432 "http://callider/index.php" "Mozilla/4.0 (compatible; MSIE 7.0; Windows NT 6.2; WOW64; Trident/6.0; .NET4.0E; .NET4.0C; InfoPath.3; .NET CLR 3.5.30729; .NET CLR 2.0.50727; .NET CLR 3.0.30729)" 34899
192.168.12.69 - - [17/Feb/2013:07:23:20 +0600] "GET /pause/ajaxPause?pauseConfigId=&admin=0 HTTP/1.1" 200 986 "http://callider/pause/index" "Mozilla/4.0 (compatible; MSIE 7.0; Windows NT 6.1; Trident/5.0; SLCC2; .NET CLR 2.0.50727; .NET CLR 3.5.30729; .NET CLR 3.0.30729; Media Center PC 6.0; InfoPath.3; .NET4.0C; .NET4.0E; Tablet PC 2.0; AskTbFXTV5/5.14.1.20007)" 24815
192.168.74.91 - - [17/Feb/2013:07:23:20 +0600] "GET /pause/ajaxPause?pauseConfigId=&admin=0 HTTP/1.1" 200 986 "http://callider/pause/index" "Mozilla/4.0 (compatible; MSIE 7.0; Windows NT 6.1; WOW64; Trident/5.0; SLCC2; .NET CLR 2.0.50727; .NET CLR 3.5.30729; .NET CLR 3.0.30729; Media Center PC 6.0; InfoPath.3; .NET4.0C; MS-RTC LM 8; .NET4.0E)" 23180
192.168.74.151 - - [17/Feb/2013:07:23:20 +0600] "GET /pause/ajaxPause?pauseConfigId=&admin=0 HTTP/1.1" 200 987 "http://callider.kontur/pause/index" "Mozilla/5.0 (Windows NT 6.1; WOW64; rv:18.0) Gecko/20100101 Firefox/18.0" 21146
192.168.12.210 - - [17/Feb/2013:07:23:20 +0600] "GET /pause/ajaxPause?pauseConfigId=all&admin=1 HTTP/1.1" 200 1047 "http://callider/pause/index" "Mozilla/4.0 (compatible; MSIE 7.0; Windows NT 6.1; WOW64; Trident/5.0; SLCC2; .NET CLR 2.0.50727; .NET CLR 3.5.30729; .NET CLR 3.0.30729; Media Center PC 6.0; InfoPath.3; .NET4.0C; .NET4.0E)" 18965
192.168.12.61 - - [17/Feb/2013:07:23:20 +0600] "GET /pause/ajaxPause?pauseConfigId=&admin=0 HTTP/1.1" 200 985 "http://callider/pause/index" "Mozilla/4.0 (compatible; MSIE 7.0; Windows NT 6.1; Trident/5.0; SLCC2; .NET CLR 2.0.50727; .NET CLR 3.5.30729; .NET CLR 3.0.30729; Media Center PC 6.0; InfoPath.3; .NET4.0C; .NET4.0E)" 23048
192.168.12.38 - - [17/Feb/2013:07:23:21 +0600] "GET /pause/ajaxPause?pauseConfigId=&admin=0 HTTP/1.1" 200 1040 "http://callider/pause/index" "Mozilla/4.0 (compatible; MSIE 7.0; Windows NT 6.1; WOW64; Trident/5.0; SLCC2; .NET CLR 2.0.50727; .NET CLR 3.5.30729; .NET CLR 3.0.30729; Media Center PC 6.0; InfoPath.3; .NET4.0C; .NET4.0E)" 24373
192.168.12.77 - - [17/Feb/2013:07:23:21 +0600] "GET /pause/ajaxPause?pauseConfigId=&admin=0 HTTP/1.1" 200 1039 "http://callider/pause/index" "Mozilla/4.0 (compatible; MSIE 7.0; Windows NT 6.1; Trident/5.0; SLCC2; .NET CLR 2.0.50727; .NET CLR 3.5.30729; .NET CLR 3.0.30729; Media Center PC 6.0; Tablet PC 2.0; InfoPath.3; .NET4.0C; .NET4.0E; MS-RTC LM 8)" 14549
192.168.65.56 - - [17/Feb/2013:07:23:21 +0600] "GET /pause/ajaxPause?pauseConfigId=all&admin=1 HTTP/1.1" 200 1046 "http://192.168.65.101/pause/index" "Mozilla/5.0 (Windows NT 5.1; rv:15.0) Gecko/20100101 Firefox/15.0" 41802
192.168.12.60 - - [17/Feb/2013:07:23:22 +0600] "GET /pause/ajaxPause?pauseConfigId=&admin=0 HTTP/1.1" 200 986 "http://callider/pause/index" "Mozilla/4.0 (compatible; MSIE 8.0; Windows NT 6.1; Trident/4.0; InfoPath.3; .NET4.0C; MS-RTC LM 8; .NET4.0E)" 26154
192.168.12.204 - - [17/Feb/2013:07:23:22 +0600] "GET /pause/ajaxPause?pauseConfigId=&admin=0 HTTP/1.1" 200 986 "http://callider/pause/index" "Mozilla/4.0 (compatible; MSIE 7.0; Windows NT 6.1; WOW64; Trident/4.0; SLCC2; .NET CLR 2.0.50727; .NET CLR 3.5.30729; .NET CLR 3.0.30729; Media Center PC 6.0; InfoPath.3; .NET4.0C; .NET4.0E; .NET CLR 1.1.4322)" 26943
192.168.74.78 - - [17/Feb/2013:07:23:24 +0600] "GET /pause/ajaxPause?pauseConfigId=&admin=0 HTTP/1.1" 200 986 "http://callider/pause/index" "Mozilla/4.0 (compatible; MSIE 7.0; Windows NT 6.1; WOW64; Trident/5.0; SLCC2; .NET CLR 2.0.50727; .NET CLR 3.5.30729; .NET CLR 3.0.30729; Media Center PC 6.0; InfoPath.3; .NET4.0C; MS-RTC LM 8; .NET4.0E)" 18914
192.168.12.69 - - [17/Feb/2013:07:23:25 +0600] "GET /pause/ajaxPause?pauseConfigId=&admin=0 HTTP/1.1" 200 986 "http://callider/pause/index" "Mozilla/4.0 (compatible; MSIE 7.0; Windows NT 6.1; Trident/5.0; SLCC2; .NET CLR 2.0.50727; .NET CLR 3.5.30729; .NET CLR 3.0.30729; Media Center PC 6.0; InfoPath.3; .NET4.0C; .NET4.0E; Tablet PC 2.0; AskTbFXTV5/5.14.1.20007)" 18151
192.168.74.91 - - [17/Feb/2013:07:23:25 +0600] "GET /pause/ajaxPause?pauseConfigId=&admin=0 HTTP/1.1" 200 986 "http://callider/pause/index" "Mozilla/4.0 (compatible; MSIE 7.0; Windows NT 6.1; WOW64; Trident/5.0; SLCC2; .NET CLR 2.0.50727; .NET CLR 3.5.30729; .NET CLR 3.0.30729; Media Center PC 6.0; InfoPath.3; .NET4.0C; MS-RTC LM 8; .NET4.0E)" 17533
192.168.74.151 - - [17/Feb/2013:07:23:25 +0600] "GET /pause/ajaxPause?pauseConfigId=&admin=0 HTTP/1.1" 200 987 "http://callider.kontur/pause/index" "Mozilla/5.0 (Windows NT 6.1; WOW64; rv:18.0) Gecko/20100101 Firefox/18.0" 21522
192.168.12.210 - - [17/Feb/2013:07:23:25 +0600] "GET /pause/ajaxPause?pauseConfigId=all&admin=1 HTTP/1.1" 200 1047 "http://callider/pause/index" "Mozilla/4.0 (compatible; MSIE 7.0; Windows NT 6.1; WOW64; Trident/5.0; SLCC2; .NET CLR 2.0.50727; .NET CLR 3.5.30729; .NET CLR 3.0.30729; Media Center PC 6.0; InfoPath.3; .NET4.0C; .NET4.0E)" 20018
192.168.12.61 - - [17/Feb/2013:07:23:25 +0600] "GET /pause/ajaxPause?pauseConfigId=&admin=0 HTTP/1.1" 200 986 "http://callider/pause/index" "Mozilla/4.0 (compatible; MSIE 7.0; Windows NT 6.1; Trident/5.0; SLCC2; .NET CLR 2.0.50727; .NET CLR 3.5.30729; .NET CLR 3.0.30729; Media Center PC 6.0; InfoPath.3; .NET4.0C; .NET4.0E)" 31297
192.168.12.38 - - [17/Feb/2013:07:23:26 +0600] "GET /pause/ajaxPause?pauseConfigId=&admin=0 HTTP/1.1" 200 1040 "http://callider/pause/index" "Mozilla/4.0 (compatible; MSIE 7.0; Windows NT 6.1; WOW64; Trident/5.0; SLCC2; .NET CLR 2.0.50727; .NET CLR 3.5.30729; .NET CLR 3.0.30729; Media Center PC 6.0; InfoPath.3; .NET4.0C; .NET4.0E)" 15556
192.168.12.77 - - [17/Feb/2013:07:23:26 +0600] "GET /pause/ajaxPause?pauseConfigId=&admin=0 HTTP/1.1" 200 1039 "http://callider/pause/index" "Mozilla/4.0 (compatible; MSIE 7.0; Windows NT 6.1; Trident/5.0; SLCC2; .NET CLR 2.0.50727; .NET CLR 3.5.30729; .NET CLR 3.0.30729; Media Center PC 6.0; Tablet PC 2.0; InfoPath.3; .NET4.0C; .NET4.0E; MS-RTC LM 8)" 15074
192.168.65.56 - - [17/Feb/2013:07:23:26 +0600] "GET /pause/ajaxPause?pauseConfigId=all&admin=1 HTTP/1.1" 200 1046 "http://192.168.65.101/pause/index" "Mozilla/5.0 (Windows NT 5.1; rv:15.0) Gecko/20100101 Firefox/15.0" 31989
192.168.12.60 - - [17/Feb/2013:07:23:27 +0600] "GET /pause/ajaxPause?pauseConfigId=&admin=0 HTTP/1.1" 200 986 "http://callider/pause/index" "Mozilla/4.0 (compatible; MSIE 8.0; Windows NT 6.1; Trident/4.0; InfoPath.3; .NET4.0C; MS-RTC LM 8; .NET4.0E)" 20235
192.168.12.204 - - [17/Feb/2013:07:23:27 +0600] "GET /pause/ajaxPause?pauseConfigId=&admin=0 HTTP/1.1" 200 986 "http://callider/pause/index" "Mozilla/4.0 (compatible; MSIE 7.0; Windows NT 6.1; WOW64; Trident/4.0; SLCC2; .NET CLR 2.0.50727; .NET CLR 3.5.30729; .NET CLR 3.0.30729; Media Center PC 6.0; InfoPath.3; .NET4.0C; .NET4.0E; .NET CLR 1.1.4322)" 23019
192.168.74.78 - - [17/Feb/2013:07:23:29 +0600] "GET /pause/ajaxPause?pauseConfigId=&admin=0 HTTP/1.1" 200 986 "http://callider/pause/index" "Mozilla/4.0 (compatible; MSIE 7.0; Windows NT 6.1; WOW64; Trident/5.0; SLCC2; .NET CLR 2.0.50727; .NET CLR 3.5.30729; .NET CLR 3.0.30729; Media Center PC 6.0; InfoPath.3; .NET4.0C; MS-RTC LM 8; .NET4.0E)" 18070
192.168.12.69 - - [17/Feb/2013:07:23:30 +0600] "GET /pause/ajaxPause?pauseConfigId=&admin=0 HTTP/1.1" 200 986 "http://callider/pause/index" "Mozilla/4.0 (compatible; MSIE 7.0; Windows NT 6.1; Trident/5.0; SLCC2; .NET CLR 2.0.50727; .NET CLR 3.5.30729; .NET CLR 3.0.30729; Media Center PC 6.0; InfoPath.3; .NET4.0C; .NET4.0E; Tablet PC 2.0; AskTbFXTV5/5.14.1.20007)" 20621
192.168.74.91 - - [17/Feb/2013:07:23:30 +0600] "GET /pause/ajaxPause?pauseConfigId=&admin=0 HTTP/1.1" 200 986 "http://callider/pause/index" "Mozilla/4.0 (compatible; MSIE 7.0; Windows NT 6.1; WOW64; Trident/5.0; SLCC2; .NET CLR 2.0.50727; .NET CLR 3.5.30729; .NET CLR 3.0.30729; Media Center PC 6.0; InfoPath.3; .NET4.0C; MS-RTC LM 8; .NET4.0E)" 19525
192.168.74.151 - - [17/Feb/2013:07:23:30 +0600] "GET /pause/ajaxPause?pauseConfigId=&admin=0 HTTP/1.1" 200 987 "http://callider.kontur/pause/index" "Mozilla/5.0 (Windows NT 6.1; WOW64; rv:18.0) Gecko/20100101 Firefox/18.0" 29763
192.168.12.210 - - [17/Feb/2013:07:23:30 +0600] "GET /pause/ajaxPause?pauseConfigId=all&admin=1 HTTP/1.1" 200 1047 "http://callider/pause/index" "Mozilla/4.0 (compatible; MSIE 7.0; Windows NT 6.1; WOW64; Trident/5.0; SLCC2; .NET CLR 2.0.50727; .NET CLR 3.5.30729; .NET CLR 3.0.30729; Media Center PC 6.0; InfoPath.3; .NET4.0C; .NET4.0E)" 33620
192.168.12.61 - - [17/Feb/2013:07:23:30 +0600] "GET /pause/ajaxPause?pauseConfigId=&admin=0 HTTP/1.1" 200 985 "http://callider/pause/index" "Mozilla/4.0 (compatible; MSIE 7.0; Windows NT 6.1; Trident/5.0; SLCC2; .NET CLR 2.0.50727; .NET CLR 3.5.30729; .NET CLR 3.0.30729; Media Center PC 6.0; InfoPath.3; .NET4.0C; .NET4.0E)" 25182
192.168.12.38 - - [17/Feb/2013:07:23:31 +0600] "GET /pause/ajaxPause?pauseConfigId=&admin=0 HTTP/1.1" 200 1040 "http://callider/pause/index" "Mozilla/4.0 (compatible; MSIE 7.0; Windows NT 6.1; WOW64; Trident/5.0; SLCC2; .NET CLR 2.0.50727; .NET CLR 3.5.30729; .NET CLR 3.0.30729; Media Center PC 6.0; InfoPath.3; .NET4.0C; .NET4.0E)" 19038
192.168.12.77 - - [17/Feb/2013:07:23:31 +0600] "GET /pause/ajaxPause?pauseConfigId=&admin=0 HTTP/1.1" 200 1039 "http://callider/pause/index" "Mozilla/4.0 (compatible; MSIE 7.0; Windows NT 6.1; Trident/5.0; SLCC2; .NET CLR 2.0.50727; .NET CLR 3.5.30729; .NET CLR 3.0.30729; Media Center PC 6.0; Tablet PC 2.0; InfoPath.3; .NET4.0C; .NET4.0E; MS-RTC LM 8)" 12870
192.168.65.56 - - [17/Feb/2013:07:23:31 +0600] "GET /pause/ajaxPause?pauseConfigId=all&admin=1 HTTP/1.1" 200 1046 "http://192.168.65.101/pause/index" "Mozilla/5.0 (Windows NT 5.1; rv:15.0) Gecko/20100101 Firefox/15.0" 31357
192.168.12.60 - - [17/Feb/2013:07:23:32 +0600] "GET /pause/ajaxPause?pauseConfigId=&admin=0 HTTP/1.1" 200 986 "http://callider/pause/index" "Mozilla/4.0 (compatible; MSIE 8.0; Windows NT 6.1; Trident/4.0; InfoPath.3; .NET4.0C; MS-RTC LM 8; .NET4.0E)" 20395
192.168.12.204 - - [17/Feb/2013:07:23:32 +0600] "GET /pause/ajaxPause?pauseConfigId=&admin=0 HTTP/1.1" 200 986 "http://callider/pause/index" "Mozilla/4.0 (compatible; MSIE 7.0; Windows NT 6.1; WOW64; Trident/4.0; SLCC2; .NET CLR 2.0.50727; .NET CLR 3.5.30729; .NET CLR 3.0.30729; Media Center PC 6.0; InfoPath.3; .NET4.0C; .NET4.0E; .NET CLR 1.1.4322)" 22550
192.168.74.78 - - [17/Feb/2013:07:23:34 +0600] "GET /pause/ajaxPause?pauseConfigId=&admin=0 HTTP/1.1" 200 986 "http://callider/pause/index" "Mozilla/4.0 (compatible; MSIE 7.0; Windows NT 6.1; WOW64; Trident/5.0; SLCC2; .NET CLR 2.0.50727; .NET CLR 3.5.30729; .NET CLR 3.0.30729; Media Center PC 6.0; InfoPath.3; .NET4.0C; MS-RTC LM 8; .NET4.0E)" 20439
192.168.12.67 - - [17/Feb/2013:07:23:34 +0600] "GET /tv/useUser HTTP/1.1" 200 432 "http://callider/graph/personal" "Mozilla/4.0 (compatible; MSIE 7.0; Windows NT 6.1; Trident/5.0; SLCC2; .NET CLR 2.0.50727; .NET CLR 3.5.30729; .NET CLR 3.0.30729; Media Center PC 6.0; .NET4.0C; .NET4.0E; InfoPath.3; Tablet PC 2.0; MS-RTC LM 8)" 18502
192.168.12.69 - - [17/Feb/2013:07:23:35 +0600] "GET /pause/ajaxPause?pauseConfigId=&admin=0 HTTP/1.1" 200 986 "http://callider/pause/index" "Mozilla/4.0 (compatible; MSIE 7.0; Windows NT 6.1; Trident/5.0; SLCC2; .NET CLR 2.0.50727; .NET CLR 3.5.30729; .NET CLR 3.0.30729; Media Center PC 6.0; InfoPath.3; .NET4.0C; .NET4.0E; Tablet PC 2.0; AskTbFXTV5/5.14.1.20007)" 17990
192.168.74.91 - - [17/Feb/2013:07:23:35 +0600] "GET /pause/ajaxPause?pauseConfigId=&admin=0 HTTP/1.1" 200 986 "http://callider/pause/index" "Mozilla/4.0 (compatible; MSIE 7.0; Windows NT 6.1; WOW64; Trident/5.0; SLCC2; .NET CLR 2.0.50727; .NET CLR 3.5.30729; .NET CLR 3.0.30729; Media Center PC 6.0; InfoPath.3; .NET4.0C; MS-RTC LM 8; .NET4.0E)" 21461
192.168.74.151 - - [17/Feb/2013:07:23:35 +0600] "GET /pause/ajaxPause?pauseConfigId=&admin=0 HTTP/1.1" 200 987 "http://callider.kontur/pause/index" "Mozilla/5.0 (Windows NT 6.1; WOW64; rv:18.0) Gecko/20100101 Firefox/18.0" 20885
192.168.12.210 - - [17/Feb/2013:07:23:35 +0600] "GET /pause/ajaxPause?pauseConfigId=all&admin=1 HTTP/1.1" 200 1047 "http://callider/pause/index" "Mozilla/4.0 (compatible; MSIE 7.0; Windows NT 6.1; WOW64; Trident/5.0; SLCC2; .NET CLR 2.0.50727; .NET CLR 3.5.30729; .NET CLR 3.0.30729; Media Center PC 6.0; InfoPath.3; .NET4.0C; .NET4.0E)" 21632
192.168.12.61 - - [17/Feb/2013:07:23:35 +0600] "GET /pause/ajaxPause?pauseConfigId=&admin=0 HTTP/1.1" 200 985 "http://callider/pause/index" "Mozilla/4.0 (compatible; MSIE 7.0; Windows NT 6.1; Trident/5.0; SLCC2; .NET CLR 2.0.50727; .NET CLR 3.5.30729; .NET CLR 3.0.30729; Media Center PC 6.0; InfoPath.3; .NET4.0C; .NET4.0E)" 36112
192.168.12.38 - - [17/Feb/2013:07:23:36 +0600] "GET /pause/ajaxPause?pauseConfigId=&admin=0 HTTP/1.1" 200 1040 "http://callider/pause/index" "Mozilla/4.0 (compatible; MSIE 7.0; Windows NT 6.1; WOW64; Trident/5.0; SLCC2; .NET CLR 2.0.50727; .NET CLR 3.5.30729; .NET CLR 3.0.30729; Media Center PC 6.0; InfoPath.3; .NET4.0C; .NET4.0E)" 14985
192.168.12.77 - - [17/Feb/2013:07:23:36 +0600] "GET /pause/ajaxPause?pauseConfigId=&admin=0 HTTP/1.1" 200 1039 "http://callider/pause/index" "Mozilla/4.0 (compatible; MSIE 7.0; Windows NT 6.1; Trident/5.0; SLCC2; .NET CLR 2.0.50727; .NET CLR 3.5.30729; .NET CLR 3.0.30729; Media Center PC 6.0; Tablet PC 2.0; InfoPath.3; .NET4.0C; .NET4.0E; MS-RTC LM 8)" 14814
192.168.65.56 - - [17/Feb/2013:07:23:36 +0600] "GET /pause/ajaxPause?pauseConfigId=all&admin=1 HTTP/1.1" 200 1046 "http://192.168.65.101/pause/index" "Mozilla/5.0 (Windows NT 5.1; rv:15.0) Gecko/20100101 Firefox/15.0" 28463
192.168.12.60 - - [17/Feb/2013:07:23:37 +0600] "GET /pause/ajaxPause?pauseConfigId=&admin=0 HTTP/1.1" 200 986 "http://callider/pause/index" "Mozilla/4.0 (compatible; MSIE 8.0; Windows NT 6.1; Trident/4.0; InfoPath.3; .NET4.0C; MS-RTC LM 8; .NET4.0E)" 45975
192.168.12.204 - - [17/Feb/2013:07:23:37 +0600] "GET /pause/ajaxPause?pauseConfigId=&admin=0 HTTP/1.1" 200 986 "http://callider/pause/index" "Mozilla/4.0 (compatible; MSIE 7.0; Windows NT 6.1; WOW64; Trident/4.0; SLCC2; .NET CLR 2.0.50727; .NET CLR 3.5.30729; .NET CLR 3.0.30729; Media Center PC 6.0; InfoPath.3; .NET4.0C; .NET4.0E; .NET CLR 1.1.4322)" 185009
192.168.74.93 - - [17/Feb/2013:07:23:38 +0600] "GET /tv/useUser HTTP/1.1" 200 432 "http://callider/graph/personal" "Mozilla/4.0 (compatible; MSIE 7.0; Windows NT 6.1; WOW64; Trident/5.0; SLCC2; .NET CLR 2.0.50727; .NET CLR 3.5.30729; .NET CLR 3.0.30729; Media Center PC 6.0; InfoPath.3; .NET4.0C; .NET4.0E)" 15390
192.168.12.210 - - [17/Feb/2013:07:23:39 +0600] "GET /tv/useUser HTTP/1.1" 200 431 "http://callider/graph/general" "Mozilla/4.0 (compatible; MSIE 7.0; Windows NT 6.1; WOW64; Trident/5.0; SLCC2; .NET CLR 2.0.50727; .NET CLR 3.5.30729; .NET CLR 3.0.30729; Media Center PC 6.0; InfoPath.3; .NET4.0C; .NET4.0E)" 8565
192.168.74.78 - - [17/Feb/2013:07:23:39 +0600] "GET /pause/ajaxPause?pauseConfigId=&admin=0 HTTP/1.1" 200 986 "http://callider/pause/index" "Mozilla/4.0 (compatible; MSIE 7.0; Windows NT 6.1; WOW64; Trident/5.0; SLCC2; .NET CLR 2.0.50727; .NET CLR 3.5.30729; .NET CLR 3.0.30729; Media Center PC 6.0; InfoPath.3; .NET4.0C; MS-RTC LM 8; .NET4.0E)" 20488
192.168.12.69 - - [17/Feb/2013:07:23:40 +0600] "GET /pause/ajaxPause?pauseConfigId=&admin=0 HTTP/1.1" 200 986 "http://callider/pause/index" "Mozilla/4.0 (compatible; MSIE 7.0; Windows NT 6.1; Trident/5.0; SLCC2; .NET CLR 2.0.50727; .NET CLR 3.5.30729; .NET CLR 3.0.30729; Media Center PC 6.0; InfoPath.3; .NET4.0C; .NET4.0E; Tablet PC 2.0; AskTbFXTV5/5.14.1.20007)" 17435
192.168.74.91 - - [17/Feb/2013:07:23:40 +0600] "GET /pause/ajaxPause?pauseConfigId=&admin=0 HTTP/1.1" 200 986 "http://callider/pause/index" "Mozilla/4.0 (compatible; MSIE 7.0; Windows NT 6.1; WOW64; Trident/5.0; SLCC2; .NET CLR 2.0.50727; .NET CLR 3.5.30729; .NET CLR 3.0.30729; Media Center PC 6.0; InfoPath.3; .NET4.0C; MS-RTC LM 8; .NET4.0E)" 18783
192.168.74.151 - - [17/Feb/2013:07:23:40 +0600] "GET /pause/ajaxPause?pauseConfigId=&admin=0 HTTP/1.1" 200 987 "http://callider.kontur/pause/index" "Mozilla/5.0 (Windows NT 6.1; WOW64; rv:18.0) Gecko/20100101 Firefox/18.0" 20041
192.168.12.210 - - [17/Feb/2013:07:23:40 +0600] "GET /pause/ajaxPause?pauseConfigId=all&admin=1 HTTP/1.1" 200 1047 "http://callider/pause/index" "Mozilla/4.0 (compatible; MSIE 7.0; Windows NT 6.1; WOW64; Trident/5.0; SLCC2; .NET CLR 2.0.50727; .NET CLR 3.5.30729; .NET CLR 3.0.30729; Media Center PC 6.0; InfoPath.3; .NET4.0C; .NET4.0E)" 20610
192.168.12.61 - - [17/Feb/2013:07:23:40 +0600] "GET /pause/ajaxPause?pauseConfigId=&admin=0 HTTP/1.1" 200 985 "http://callider/pause/index" "Mozilla/4.0 (compatible; MSIE 7.0; Windows NT 6.1; Trident/5.0; SLCC2; .NET CLR 2.0.50727; .NET CLR 3.5.30729; .NET CLR 3.0.30729; Media Center PC 6.0; InfoPath.3; .NET4.0C; .NET4.0E)" 25055
192.168.12.9 - - [17/Feb/2013:07:23:40 +0600] "GET /tv/useUser HTTP/1.1" 200 432 "http://callider.kontur/site/index" "Mozilla/5.0 (Windows NT 6.1; WOW64) AppleWebKit/537.17 (KHTML, like Gecko) Chrome/24.0.1312.57 Safari/537.17" 16052
192.168.12.38 - - [17/Feb/2013:07:23:41 +0600] "GET /pause/ajaxPause?pauseConfigId=&admin=0 HTTP/1.1" 200 1040 "http://callider/pause/index" "Mozilla/4.0 (compatible; MSIE 7.0; Windows NT 6.1; WOW64; Trident/5.0; SLCC2; .NET CLR 2.0.50727; .NET CLR 3.5.30729; .NET CLR 3.0.30729; Media Center PC 6.0; InfoPath.3; .NET4.0C; .NET4.0E)" 18081
192.168.12.77 - - [17/Feb/2013:07:23:41 +0600] "GET /pause/ajaxPause?pauseConfigId=&admin=0 HTTP/1.1" 200 1039 "http://callider/pause/index" "Mozilla/4.0 (compatible; MSIE 7.0; Windows NT 6.1; Trident/5.0; SLCC2; .NET CLR 2.0.50727; .NET CLR 3.5.30729; .NET CLR 3.0.30729; Media Center PC 6.0; Tablet PC 2.0; InfoPath.3; .NET4.0C; .NET4.0E; MS-RTC LM 8)" 13934
192.168.65.56 - - [17/Feb/2013:07:23:41 +0600] "GET /pause/ajaxPause?pauseConfigId=all&admin=1 HTTP/1.1" 200 1046 "http://192.168.65.101/pause/index" "Mozilla/5.0 (Windows NT 5.1; rv:15.0) Gecko/20100101 Firefox/15.0" 29894
192.168.12.60 - - [17/Feb/2013:07:23:42 +0600] "GET /pause/ajaxPause?pauseConfigId=&admin=0 HTTP/1.1" 200 986 "http://callider/pause/index" "Mozilla/4.0 (compatible; MSIE 8.0; Windows NT 6.1; Trident/4.0; InfoPath.3; .NET4.0C; MS-RTC LM 8; .NET4.0E)" 29100
192.168.12.204 - - [17/Feb/2013:07:23:42 +0600] "GET /pause/ajaxPause?pauseConfigId=&admin=0 HTTP/1.1" 200 986 "http://callider/pause/index" "Mozilla/4.0 (compatible; MSIE 7.0; Windows NT 6.1; WOW64; Trident/4.0; SLCC2; .NET CLR 2.0.50727; .NET CLR 3.5.30729; .NET CLR 3.0.30729; Media Center PC 6.0; InfoPath.3; .NET4.0C; .NET4.0E; .NET CLR 1.1.4322)" 19133
192.168.74.78 - - [17/Feb/2013:07:23:44 +0600] "GET /pause/ajaxPause?pauseConfigId=&admin=0 HTTP/1.1" 200 986 "http://callider/pause/index" "Mozilla/4.0 (compatible; MSIE 7.0; Windows NT 6.1; WOW64; Trident/5.0; SLCC2; .NET CLR 2.0.50727; .NET CLR 3.5.30729; .NET CLR 3.0.30729; Media Center PC 6.0; InfoPath.3; .NET4.0C; MS-RTC LM 8; .NET4.0E)" 20572
192.168.12.69 - - [17/Feb/2013:07:23:45 +0600] "GET /pause/ajaxPause?pauseConfigId=&admin=0 HTTP/1.1" 200 986 "http://callider/pause/index" "Mozilla/4.0 (compatible; MSIE 7.0; Windows NT 6.1; Trident/5.0; SLCC2; .NET CLR 2.0.50727; .NET CLR 3.5.30729; .NET CLR 3.0.30729; Media Center PC 6.0; InfoPath.3; .NET4.0C; .NET4.0E; Tablet PC 2.0; AskTbFXTV5/5.14.1.20007)" 18581
192.168.74.91 - - [17/Feb/2013:07:23:45 +0600] "GET /pause/ajaxPause?pauseConfigId=&admin=0 HTTP/1.1" 200 986 "http://callider/pause/index" "Mozilla/4.0 (compatible; MSIE 7.0; Windows NT 6.1; WOW64; Trident/5.0; SLCC2; .NET CLR 2.0.50727; .NET CLR 3.5.30729; .NET CLR 3.0.30729; Media Center PC 6.0; InfoPath.3; .NET4.0C; MS-RTC LM 8; .NET4.0E)" 19767
192.168.74.151 - - [17/Feb/2013:07:23:45 +0600] "GET /pause/ajaxPause?pauseConfigId=&admin=0 HTTP/1.1" 200 987 "http://callider.kontur/pause/index" "Mozilla/5.0 (Windows NT 6.1; WOW64; rv:18.0) Gecko/20100101 Firefox/18.0" 19060
192.168.12.210 - - [17/Feb/2013:07:23:45 +0600] "GET /pause/ajaxPause?pauseConfigId=all&admin=1 HTTP/1.1" 200 1047 "http://callider/pause/index" "Mozilla/4.0 (compatible; MSIE 7.0; Windows NT 6.1; WOW64; Trident/5.0; SLCC2; .NET CLR 2.0.50727; .NET CLR 3.5.30729; .NET CLR 3.0.30729; Media Center PC 6.0; InfoPath.3; .NET4.0C; .NET4.0E)" 20067
192.168.12.61 - - [17/Feb/2013:07:23:45 +0600] "GET /pause/ajaxPause?pauseConfigId=&admin=0 HTTP/1.1" 200 985 "http://callider/pause/index" "Mozilla/4.0 (compatible; MSIE 7.0; Windows NT 6.1; Trident/5.0; SLCC2; .NET CLR 2.0.50727; .NET CLR 3.5.30729; .NET CLR 3.0.30729; Media Center PC 6.0; InfoPath.3; .NET4.0C; .NET4.0E)" 22861
192.168.12.38 - - [17/Feb/2013:07:23:46 +0600] "GET /pause/ajaxPause?pauseConfigId=&admin=0 HTTP/1.1" 200 1040 "http://callider/pause/index" "Mozilla/4.0 (compatible; MSIE 7.0; Windows NT 6.1; WOW64; Trident/5.0; SLCC2; .NET CLR 2.0.50727; .NET CLR 3.5.30729; .NET CLR 3.0.30729; Media Center PC 6.0; InfoPath.3; .NET4.0C; .NET4.0E)" 15580
192.168.12.77 - - [17/Feb/2013:07:23:46 +0600] "GET /pause/ajaxPause?pauseConfigId=&admin=0 HTTP/1.1" 200 1039 "http://callider/pause/index" "Mozilla/4.0 (compatible; MSIE 7.0; Windows NT 6.1; Trident/5.0; SLCC2; .NET CLR 2.0.50727; .NET CLR 3.5.30729; .NET CLR 3.0.30729; Media Center PC 6.0; Tablet PC 2.0; InfoPath.3; .NET4.0C; .NET4.0E; MS-RTC LM 8)" 13209
192.168.65.56 - - [17/Feb/2013:07:23:46 +0600] "GET /pause/ajaxPause?pauseConfigId=all&admin=1 HTTP/1.1" 200 1046 "http://192.168.65.101/pause/index" "Mozilla/5.0 (Windows NT 5.1; rv:15.0) Gecko/20100101 Firefox/15.0" 32104
192.168.12.60 - - [17/Feb/2013:07:23:47 +0600] "GET /pause/ajaxPause?pauseConfigId=&admin=0 HTTP/1.1" 200 986 "http://callider/pause/index" "Mozilla/4.0 (compatible; MSIE 8.0; Windows NT 6.1; Trident/4.0; InfoPath.3; .NET4.0C; MS-RTC LM 8; .NET4.0E)" 21953
192.168.12.204 - - [17/Feb/2013:07:23:47 +0600] "GET /pause/ajaxPause?pauseConfigId=&admin=0 HTTP/1.1" 200 986 "http://callider/pause/index" "Mozilla/4.0 (compatible; MSIE 7.0; Windows NT 6.1; WOW64; Trident/4.0; SLCC2; .NET CLR 2.0.50727; .NET CLR 3.5.30729; .NET CLR 3.0.30729; Media Center PC 6.0; InfoPath.3; .NET4.0C; .NET4.0E; .NET CLR 1.1.4322)" 22361
192.168.12.210 - - [17/Feb/2013:07:23:49 +0600] "GET /tv/useUser HTTP/1.1" 200 431 "http://callider/pause/index" "Mozilla/4.0 (compatible; MSIE 7.0; Windows NT 6.1; WOW64; Trident/5.0; SLCC2; .NET CLR 2.0.50727; .NET CLR 3.5.30729; .NET CLR 3.0.30729; Media Center PC 6.0; InfoPath.3; .NET4.0C; .NET4.0E)" 8983
192.168.74.78 - - [17/Feb/2013:07:23:49 +0600] "GET /pause/ajaxPause?pauseConfigId=&admin=0 HTTP/1.1" 200 986 "http://callider/pause/index" "Mozilla/4.0 (compatible; MSIE 7.0; Windows NT 6.1; WOW64; Trident/5.0; SLCC2; .NET CLR 2.0.50727; .NET CLR 3.5.30729; .NET CLR 3.0.30729; Media Center PC 6.0; InfoPath.3; .NET4.0C; MS-RTC LM 8; .NET4.0E)" 21639
192.168.12.69 - - [17/Feb/2013:07:23:50 +0600] "GET /pause/ajaxPause?pauseConfigId=&admin=0 HTTP/1.1" 200 986 "http://callider/pause/index" "Mozilla/4.0 (compatible; MSIE 7.0; Windows NT 6.1; Trident/5.0; SLCC2; .NET CLR 2.0.50727; .NET CLR 3.5.30729; .NET CLR 3.0.30729; Media Center PC 6.0; InfoPath.3; .NET4.0C; .NET4.0E; Tablet PC 2.0; AskTbFXTV5/5.14.1.20007)" 31063
192.168.74.91 - - [17/Feb/2013:07:23:50 +0600] "GET /pause/ajaxPause?pauseConfigId=&admin=0 HTTP/1.1" 200 986 "http://callider/pause/index" "Mozilla/4.0 (compatible; MSIE 7.0; Windows NT 6.1; WOW64; Trident/5.0; SLCC2; .NET CLR 2.0.50727; .NET CLR 3.5.30729; .NET CLR 3.0.30729; Media Center PC 6.0; InfoPath.3; .NET4.0C; MS-RTC LM 8; .NET4.0E)" 20830
192.168.74.151 - - [17/Feb/2013:07:23:50 +0600] "GET /pause/ajaxPause?pauseConfigId=&admin=0 HTTP/1.1" 200 987 "http://callider.kontur/pause/index" "Mozilla/5.0 (Windows NT 6.1; WOW64; rv:18.0) Gecko/20100101 Firefox/18.0" 20695
192.168.12.210 - - [17/Feb/2013:07:23:50 +0600] "GET /pause/ajaxPause?pauseConfigId=all&admin=1 HTTP/1.1" 200 1047 "http://callider/pause/index" "Mozilla/4.0 (compatible; MSIE 7.0; Windows NT 6.1; WOW64; Trident/5.0; SLCC2; .NET CLR 2.0.50727; .NET CLR 3.5.30729; .NET CLR 3.0.30729; Media Center PC 6.0; InfoPath.3; .NET4.0C; .NET4.0E)" 170446
192.168.12.61 - - [17/Feb/2013:07:23:50 +0600] "GET /pause/ajaxPause?pauseConfigId=&admin=0 HTTP/1.1" 200 985 "http://callider/pause/index" "Mozilla/4.0 (compatible; MSIE 7.0; Windows NT 6.1; Trident/5.0; SLCC2; .NET CLR 2.0.50727; .NET CLR 3.5.30729; .NET CLR 3.0.30729; Media Center PC 6.0; InfoPath.3; .NET4.0C; .NET4.0E)" 75880
192.168.12.38 - - [17/Feb/2013:07:23:51 +0600] "GET /pause/ajaxPause?pauseConfigId=&admin=0 HTTP/1.1" 200 1040 "http://callider/pause/index" "Mozilla/4.0 (compatible; MSIE 7.0; Windows NT 6.1; WOW64; Trident/5.0; SLCC2; .NET CLR 2.0.50727; .NET CLR 3.5.30729; .NET CLR 3.0.30729; Media Center PC 6.0; InfoPath.3; .NET4.0C; .NET4.0E)" 16743
192.168.12.77 - - [17/Feb/2013:07:23:51 +0600] "GET /pause/ajaxPause?pauseConfigId=&admin=0 HTTP/1.1" 200 1039 "http://callider/pause/index" "Mozilla/4.0 (compatible; MSIE 7.0; Windows NT 6.1; Trident/5.0; SLCC2; .NET CLR 2.0.50727; .NET CLR 3.5.30729; .NET CLR 3.0.30729; Media Center PC 6.0; Tablet PC 2.0; InfoPath.3; .NET4.0C; .NET4.0E; MS-RTC LM 8)" 12163
192.168.65.56 - - [17/Feb/2013:07:23:51 +0600] "GET /pause/ajaxPause?pauseConfigId=all&admin=1 HTTP/1.1" 200 1046 "http://192.168.65.101/pause/index" "Mozilla/5.0 (Windows NT 5.1; rv:15.0) Gecko/20100101 Firefox/15.0" 90485
192.168.65.56 - - [17/Feb/2013:07:23:51 +0600] "GET /tv/useUser HTTP/1.1" 200 431 "http://192.168.65.101/pause/index" "Mozilla/5.0 (Windows NT 5.1; rv:15.0) Gecko/20100101 Firefox/15.0" 11266
192.168.12.60 - - [17/Feb/2013:07:23:52 +0600] "GET /pause/ajaxPause?pauseConfigId=&admin=0 HTTP/1.1" 200 986 "http://callider/pause/index" "Mozilla/4.0 (compatible; MSIE 8.0; Windows NT 6.1; Trident/4.0; InfoPath.3; .NET4.0C; MS-RTC LM 8; .NET4.0E)" 64796
192.168.12.204 - - [17/Feb/2013:07:23:52 +0600] "GET /pause/ajaxPause?pauseConfigId=&admin=0 HTTP/1.1" 200 986 "http://callider/pause/index" "Mozilla/4.0 (compatible; MSIE 7.0; Windows NT 6.1; WOW64; Trident/4.0; SLCC2; .NET CLR 2.0.50727; .NET CLR 3.5.30729; .NET CLR 3.0.30729; Media Center PC 6.0; InfoPath.3; .NET4.0C; .NET4.0E; .NET CLR 1.1.4322)" 85914
192.168.74.78 - - [17/Feb/2013:07:23:54 +0600] "GET /pause/ajaxPause?pauseConfigId=&admin=0 HTTP/1.1" 200 986 "http://callider/pause/index" "Mozilla/4.0 (compatible; MSIE 7.0; Windows NT 6.1; WOW64; Trident/5.0; SLCC2; .NET CLR 2.0.50727; .NET CLR 3.5.30729; .NET CLR 3.0.30729; Media Center PC 6.0; InfoPath.3; .NET4.0C; MS-RTC LM 8; .NET4.0E)" 32940
192.168.12.69 - - [17/Feb/2013:07:23:55 +0600] "GET /pause/ajaxPause?pauseConfigId=&admin=0 HTTP/1.1" 200 986 "http://callider/pause/index" "Mozilla/4.0 (compatible; MSIE 7.0; Windows NT 6.1; Trident/5.0; SLCC2; .NET CLR 2.0.50727; .NET CLR 3.5.30729; .NET CLR 3.0.30729; Media Center PC 6.0; InfoPath.3; .NET4.0C; .NET4.0E; Tablet PC 2.0; AskTbFXTV5/5.14.1.20007)" 26339
192.168.74.91 - - [17/Feb/2013:07:23:55 +0600] "GET /pause/ajaxPause?pauseConfigId=&admin=0 HTTP/1.1" 200 986 "http://callider/pause/index" "Mozilla/4.0 (compatible; MSIE 7.0; Windows NT 6.1; WOW64; Trident/5.0; SLCC2; .NET CLR 2.0.50727; .NET CLR 3.5.30729; .NET CLR 3.0.30729; Media Center PC 6.0; InfoPath.3; .NET4.0C; MS-RTC LM 8; .NET4.0E)" 16993
192.168.74.151 - - [17/Feb/2013:07:23:55 +0600] "GET /pause/ajaxPause?pauseConfigId=&admin=0 HTTP/1.1" 200 987 "http://callider.kontur/pause/index" "Mozilla/5.0 (Windows NT 6.1; WOW64; rv:18.0) Gecko/20100101 Firefox/18.0" 16648
192.168.12.210 - - [17/Feb/2013:07:23:55 +0600] "GET /pause/ajaxPause?pauseConfigId=all&admin=1 HTTP/1.1" 200 1047 "http://callider/pause/index" "Mozilla/4.0 (compatible; MSIE 7.0; Windows NT 6.1; WOW64; Trident/5.0; SLCC2; .NET CLR 2.0.50727; .NET CLR 3.5.30729; .NET CLR 3.0.30729; Media Center PC 6.0; InfoPath.3; .NET4.0C; .NET4.0E)" 20799
192.168.12.61 - - [17/Feb/2013:07:23:55 +0600] "GET /pause/ajaxPause?pauseConfigId=&admin=0 HTTP/1.1" 200 985 "http://callider/pause/index" "Mozilla/4.0 (compatible; MSIE 7.0; Windows NT 6.1; Trident/5.0; SLCC2; .NET CLR 2.0.50727; .NET CLR 3.5.30729; .NET CLR 3.0.30729; Media Center PC 6.0; InfoPath.3; .NET4.0C; .NET4.0E)" 25167
192.168.12.38 - - [17/Feb/2013:07:23:56 +0600] "GET /pause/ajaxPause?pauseConfigId=&admin=0 HTTP/1.1" 200 1040 "http://callider/pause/index" "Mozilla/4.0 (compatible; MSIE 7.0; Windows NT 6.1; WOW64; Trident/5.0; SLCC2; .NET CLR 2.0.50727; .NET CLR 3.5.30729; .NET CLR 3.0.30729; Media Center PC 6.0; InfoPath.3; .NET4.0C; .NET4.0E)" 21158
192.168.12.77 - - [17/Feb/2013:07:23:56 +0600] "GET /pause/ajaxPause?pauseConfigId=&admin=0 HTTP/1.1" 200 1039 "http://callider/pause/index" "Mozilla/4.0 (compatible; MSIE 7.0; Windows NT 6.1; Trident/5.0; SLCC2; .NET CLR 2.0.50727; .NET CLR 3.5.30729; .NET CLR 3.0.30729; Media Center PC 6.0; Tablet PC 2.0; InfoPath.3; .NET4.0C; .NET4.0E; MS-RTC LM 8)" 15740
192.168.65.56 - - [17/Feb/2013:07:23:56 +0600] "GET /pause/ajaxPause?pauseConfigId=all&admin=1 HTTP/1.1" 200 1046 "http://192.168.65.101/pause/index" "Mozilla/5.0 (Windows NT 5.1; rv:15.0) Gecko/20100101 Firefox/15.0" 29311
192.168.12.60 - - [17/Feb/2013:07:23:57 +0600] "GET /pause/ajaxPause?pauseConfigId=&admin=0 HTTP/1.1" 200 986 "http://callider/pause/index" "Mozilla/4.0 (compatible; MSIE 8.0; Windows NT 6.1; Trident/4.0; InfoPath.3; .NET4.0C; MS-RTC LM 8; .NET4.0E)" 73533
192.168.12.204 - - [17/Feb/2013:07:23:57 +0600] "GET /pause/ajaxPause?pauseConfigId=&admin=0 HTTP/1.1" 200 986 "http://callider/pause/index" "Mozilla/4.0 (compatible; MSIE 7.0; Windows NT 6.1; WOW64; Trident/4.0; SLCC2; .NET CLR 2.0.50727; .NET CLR 3.5.30729; .NET CLR 3.0.30729; Media Center PC 6.0; InfoPath.3; .NET4.0C; .NET4.0E; .NET CLR 1.1.4322)" 18222
192.168.74.78 - - [17/Feb/2013:07:23:59 +0600] "GET /pause/ajaxPause?pauseConfigId=&admin=0 HTTP/1.1" 200 986 "http://callider/pause/index" "Mozilla/4.0 (compatible; MSIE 7.0; Windows NT 6.1; WOW64; Trident/5.0; SLCC2; .NET CLR 2.0.50727; .NET CLR 3.5.30729; .NET CLR 3.0.30729; Media Center PC 6.0; InfoPath.3; .NET4.0C; MS-RTC LM 8; .NET4.0E)" 19393
192.168.12.69 - - [17/Feb/2013:07:24:00 +0600] "GET /pause/ajaxPause?pauseConfigId=&admin=0 HTTP/1.1" 200 986 "http://callider/pause/index" "Mozilla/4.0 (compatible; MSIE 7.0; Windows NT 6.1; Trident/5.0; SLCC2; .NET CLR 2.0.50727; .NET CLR 3.5.30729; .NET CLR 3.0.30729; Media Center PC 6.0; InfoPath.3; .NET4.0C; .NET4.0E; Tablet PC 2.0; AskTbFXTV5/5.14.1.20007)" 21301
192.168.74.91 - - [17/Feb/2013:07:24:00 +0600] "GET /pause/ajaxPause?pauseConfigId=&admin=0 HTTP/1.1" 200 986 "http://callider/pause/index" "Mozilla/4.0 (compatible; MSIE 7.0; Windows NT 6.1; WOW64; Trident/5.0; SLCC2; .NET CLR 2.0.50727; .NET CLR 3.5.30729; .NET CLR 3.0.30729; Media Center PC 6.0; InfoPath.3; .NET4.0C; MS-RTC LM 8; .NET4.0E)" 18858
192.168.74.151 - - [17/Feb/2013:07:24:00 +0600] "GET /pause/ajaxPause?pauseConfigId=&admin=0 HTTP/1.1" 200 987 "http://callider.kontur/pause/index" "Mozilla/5.0 (Windows NT 6.1; WOW64; rv:18.0) Gecko/20100101 Firefox/18.0" 19648
192.168.12.210 - - [17/Feb/2013:07:24:00 +0600] "GET /pause/ajaxPause?pauseConfigId=all&admin=1 HTTP/1.1" 200 1047 "http://callider/pause/index" "Mozilla/4.0 (compatible; MSIE 7.0; Windows NT 6.1; WOW64; Trident/5.0; SLCC2; .NET CLR 2.0.50727; .NET CLR 3.5.30729; .NET CLR 3.0.30729; Media Center PC 6.0; InfoPath.3; .NET4.0C; .NET4.0E)" 18730
192.168.12.61 - - [17/Feb/2013:07:24:00 +0600] "GET /pause/ajaxPause?pauseConfigId=&admin=0 HTTP/1.1" 200 985 "http://callider/pause/index" "Mozilla/4.0 (compatible; MSIE 7.0; Windows NT 6.1; Trident/5.0; SLCC2; .NET CLR 2.0.50727; .NET CLR 3.5.30729; .NET CLR 3.0.30729; Media Center PC 6.0; InfoPath.3; .NET4.0C; .NET4.0E)" 65016
192.168.12.38 - - [17/Feb/2013:07:24:01 +0600] "GET /pause/ajaxPause?pauseConfigId=&admin=0 HTTP/1.1" 200 1040 "http://callider/pause/index" "Mozilla/4.0 (compatible; MSIE 7.0; Windows NT 6.1; WOW64; Trident/5.0; SLCC2; .NET CLR 2.0.50727; .NET CLR 3.5.30729; .NET CLR 3.0.30729; Media Center PC 6.0; InfoPath.3; .NET4.0C; .NET4.0E)" 14528
192.168.12.77 - - [17/Feb/2013:07:24:01 +0600] "GET /pause/ajaxPause?pauseConfigId=&admin=0 HTTP/1.1" 200 1039 "http://callider/pause/index" "Mozilla/4.0 (compatible; MSIE 7.0; Windows NT 6.1; Trident/5.0; SLCC2; .NET CLR 2.0.50727; .NET CLR 3.5.30729; .NET CLR 3.0.30729; Media Center PC 6.0; Tablet PC 2.0; InfoPath.3; .NET4.0C; .NET4.0E; MS-RTC LM 8)" 16859
192.168.65.56 - - [17/Feb/2013:07:24:01 +0600] "GET /pause/ajaxPause?pauseConfigId=all&admin=1 HTTP/1.1" 200 1046 "http://192.168.65.101/pause/index" "Mozilla/5.0 (Windows NT 5.1; rv:15.0) Gecko/20100101 Firefox/15.0" 318206
192.168.12.60 - - [17/Feb/2013:07:24:02 +0600] "GET /pause/ajaxPause?pauseConfigId=&admin=0 HTTP/1.1" 200 986 "http://callider/pause/index" "Mozilla/4.0 (compatible; MSIE 8.0; Windows NT 6.1; Trident/4.0; InfoPath.3; .NET4.0C; MS-RTC LM 8; .NET4.0E)" 20613
192.168.12.204 - - [17/Feb/2013:07:24:02 +0600] "GET /pause/ajaxPause?pauseConfigId=&admin=0 HTTP/1.1" 200 986 "http://callider/pause/index" "Mozilla/4.0 (compatible; MSIE 7.0; Windows NT 6.1; WOW64; Trident/4.0; SLCC2; .NET CLR 2.0.50727; .NET CLR 3.5.30729; .NET CLR 3.0.30729; Media Center PC 6.0; InfoPath.3; .NET4.0C; .NET4.0E; .NET CLR 1.1.4322)" 18410
192.168.74.78 - - [17/Feb/2013:07:24:04 +0600] "GET /pause/ajaxPause?pauseConfigId=&admin=0 HTTP/1.1" 200 986 "http://callider/pause/index" "Mozilla/4.0 (compatible; MSIE 7.0; Windows NT 6.1; WOW64; Trident/5.0; SLCC2; .NET CLR 2.0.50727; .NET CLR 3.5.30729; .NET CLR 3.0.30729; Media Center PC 6.0; InfoPath.3; .NET4.0C; MS-RTC LM 8; .NET4.0E)" 24988
192.168.12.69 - - [17/Feb/2013:07:24:05 +0600] "GET /pause/ajaxPause?pauseConfigId=&admin=0 HTTP/1.1" 200 986 "http://callider/pause/index" "Mozilla/4.0 (compatible; MSIE 7.0; Windows NT 6.1; Trident/5.0; SLCC2; .NET CLR 2.0.50727; .NET CLR 3.5.30729; .NET CLR 3.0.30729; Media Center PC 6.0; InfoPath.3; .NET4.0C; .NET4.0E; Tablet PC 2.0; AskTbFXTV5/5.14.1.20007)" 18798
192.168.12.61 - - [17/Feb/2013:07:24:05 +0600] "GET /tv/useUser HTTP/1.1" 200 431 "http://callider/pause/index" "Mozilla/4.0 (compatible; MSIE 7.0; Windows NT 6.1; Trident/5.0; SLCC2; .NET CLR 2.0.50727; .NET CLR 3.5.30729; .NET CLR 3.0.30729; Media Center PC 6.0; InfoPath.3; .NET4.0C; .NET4.0E)" 13765
192.168.74.91 - - [17/Feb/2013:07:24:05 +0600] "GET /pause/ajaxPause?pauseConfigId=&admin=0 HTTP/1.1" 200 986 "http://callider/pause/index" "Mozilla/4.0 (compatible; MSIE 7.0; Windows NT 6.1; WOW64; Trident/5.0; SLCC2; .NET CLR 2.0.50727; .NET CLR 3.5.30729; .NET CLR 3.0.30729; Media Center PC 6.0; InfoPath.3; .NET4.0C; MS-RTC LM 8; .NET4.0E)" 137890
192.168.74.151 - - [17/Feb/2013:07:24:05 +0600] "GET /pause/ajaxPause?pauseConfigId=&admin=0 HTTP/1.1" 200 988 "http://callider.kontur/pause/index" "Mozilla/5.0 (Windows NT 6.1; WOW64; rv:18.0) Gecko/20100101 Firefox/18.0" 254584
192.168.12.210 - - [17/Feb/2013:07:24:05 +0600] "GET /pause/ajaxPause?pauseConfigId=all&admin=1 HTTP/1.1" 200 1047 "http://callider/pause/index" "Mozilla/4.0 (compatible; MSIE 7.0; Windows NT 6.1; WOW64; Trident/5.0; SLCC2; .NET CLR 2.0.50727; .NET CLR 3.5.30729; .NET CLR 3.0.30729; Media Center PC 6.0; InfoPath.3; .NET4.0C; .NET4.0E)" 256634
192.168.12.61 - - [17/Feb/2013:07:24:05 +0600] "GET /pause/ajaxPause?pauseConfigId=&admin=0 HTTP/1.1" 200 985 "http://callider/pause/index" "Mozilla/4.0 (compatible; MSIE 7.0; Windows NT 6.1; Trident/5.0; SLCC2; .NET CLR 2.0.50727; .NET CLR 3.5.30729; .NET CLR 3.0.30729; Media Center PC 6.0; InfoPath.3; .NET4.0C; .NET4.0E)" 183104
192.168.12.38 - - [17/Feb/2013:07:24:06 +0600] "GET /pause/ajaxPause?pauseConfigId=&admin=0 HTTP/1.1" 200 1040 "http://callider/pause/index" "Mozilla/4.0 (compatible; MSIE 7.0; Windows NT 6.1; WOW64; Trident/5.0; SLCC2; .NET CLR 2.0.50727; .NET CLR 3.5.30729; .NET CLR 3.0.30729; Media Center PC 6.0; InfoPath.3; .NET4.0C; .NET4.0E)" 21020
192.168.12.77 - - [17/Feb/2013:07:24:06 +0600] "GET /pause/ajaxPause?pauseConfigId=&admin=0 HTTP/1.1" 200 1039 "http://callider/pause/index" "Mozilla/4.0 (compatible; MSIE 7.0; Windows NT 6.1; Trident/5.0; SLCC2; .NET CLR 2.0.50727; .NET CLR 3.5.30729; .NET CLR 3.0.30729; Media Center PC 6.0; Tablet PC 2.0; InfoPath.3; .NET4.0C; .NET4.0E; MS-RTC LM 8)" 13777
192.168.65.56 - - [17/Feb/2013:07:24:06 +0600] "GET /pause/ajaxPause?pauseConfigId=all&admin=1 HTTP/1.1" 200 1046 "http://192.168.65.101/pause/index" "Mozilla/5.0 (Windows NT 5.1; rv:15.0) Gecko/20100101 Firefox/15.0" 31182
192.168.12.60 - - [17/Feb/2013:07:24:07 +0600] "GET /pause/ajaxPause?pauseConfigId=&admin=0 HTTP/1.1" 200 986 "http://callider/pause/index" "Mozilla/4.0 (compatible; MSIE 8.0; Windows NT 6.1; Trident/4.0; InfoPath.3; .NET4.0C; MS-RTC LM 8; .NET4.0E)" 89221
192.168.12.204 - - [17/Feb/2013:07:24:07 +0600] "GET /pause/ajaxPause?pauseConfigId=&admin=0 HTTP/1.1" 200 986 "http://callider/pause/index" "Mozilla/4.0 (compatible; MSIE 7.0; Windows NT 6.1; WOW64; Trident/4.0; SLCC2; .NET CLR 2.0.50727; .NET CLR 3.5.30729; .NET CLR 3.0.30729; Media Center PC 6.0; InfoPath.3; .NET4.0C; .NET4.0E; .NET CLR 1.1.4322)" 18723
192.168.74.78 - - [17/Feb/2013:07:24:09 +0600] "GET /pause/ajaxPause?pauseConfigId=&admin=0 HTTP/1.1" 200 986 "http://callider/pause/index" "Mozilla/4.0 (compatible; MSIE 7.0; Windows NT 6.1; WOW64; Trident/5.0; SLCC2; .NET CLR 2.0.50727; .NET CLR 3.5.30729; .NET CLR 3.0.30729; Media Center PC 6.0; InfoPath.3; .NET4.0C; MS-RTC LM 8; .NET4.0E)" 21705
192.168.12.69 - - [17/Feb/2013:07:24:10 +0600] "GET /pause/ajaxPause?pauseConfigId=&admin=0 HTTP/1.1" 200 986 "http://callider/pause/index" "Mozilla/4.0 (compatible; MSIE 7.0; Windows NT 6.1; Trident/5.0; SLCC2; .NET CLR 2.0.50727; .NET CLR 3.5.30729; .NET CLR 3.0.30729; Media Center PC 6.0; InfoPath.3; .NET4.0C; .NET4.0E; Tablet PC 2.0; AskTbFXTV5/5.14.1.20007)" 25042
192.168.74.91 - - [17/Feb/2013:07:24:10 +0600] "GET /pause/ajaxPause?pauseConfigId=&admin=0 HTTP/1.1" 200 986 "http://callider/pause/index" "Mozilla/4.0 (compatible; MSIE 7.0; Windows NT 6.1; WOW64; Trident/5.0; SLCC2; .NET CLR 2.0.50727; .NET CLR 3.5.30729; .NET CLR 3.0.30729; Media Center PC 6.0; InfoPath.3; .NET4.0C; MS-RTC LM 8; .NET4.0E)" 21700
192.168.74.151 - - [17/Feb/2013:07:24:10 +0600] "GET /pause/ajaxPause?pauseConfigId=&admin=0 HTTP/1.1" 200 987 "http://callider.kontur/pause/index" "Mozilla/5.0 (Windows NT 6.1; WOW64; rv:18.0) Gecko/20100101 Firefox/18.0" 17644
192.168.12.61 - - [17/Feb/2013:07:24:10 +0600] "GET /pause/ajaxPause?pauseConfigId=&admin=0 HTTP/1.1" 200 985 "http://callider/pause/index" "Mozilla/4.0 (compatible; MSIE 7.0; Windows NT 6.1; Trident/5.0; SLCC2; .NET CLR 2.0.50727; .NET CLR 3.5.30729; .NET CLR 3.0.30729; Media Center PC 6.0; InfoPath.3; .NET4.0C; .NET4.0E)" 60885
192.168.12.210 - - [17/Feb/2013:07:24:10 +0600] "GET /pause/ajaxPause?pauseConfigId=all&admin=1 HTTP/1.1" 200 1047 "http://callider/pause/index" "Mozilla/4.0 (compatible; MSIE 7.0; Windows NT 6.1; WOW64; Trident/5.0; SLCC2; .NET CLR 2.0.50727; .NET CLR 3.5.30729; .NET CLR 3.0.30729; Media Center PC 6.0; InfoPath.3; .NET4.0C; .NET4.0E)" 172551
192.168.12.42 - - [17/Feb/2013:07:24:11 +0600] "GET /tv/useUser HTTP/1.1" 200 432 "http://callider/graph/personal" "Mozilla/4.0 (compatible; MSIE 7.0; Windows NT 6.1; WOW64; Trident/5.0; SLCC2; .NET CLR 2.0.50727; .NET CLR 3.5.30729; .NET CLR 3.0.30729; Media Center PC 6.0; InfoPath.3; .NET4.0C; .NET4.0E)" 17275
192.168.12.38 - - [17/Feb/2013:07:24:11 +0600] "GET /pause/ajaxPause?pauseConfigId=&admin=0 HTTP/1.1" 200 1040 "http://callider/pause/index" "Mozilla/4.0 (compatible; MSIE 7.0; Windows NT 6.1; WOW64; Trident/5.0; SLCC2; .NET CLR 2.0.50727; .NET CLR 3.5.30729; .NET CLR 3.0.30729; Media Center PC 6.0; InfoPath.3; .NET4.0C; .NET4.0E)" 16378
192.168.12.77 - - [17/Feb/2013:07:24:11 +0600] "GET /pause/ajaxPause?pauseConfigId=&admin=0 HTTP/1.1" 200 1039 "http://callider/pause/index" "Mozilla/4.0 (compatible; MSIE 7.0; Windows NT 6.1; Trident/5.0; SLCC2; .NET CLR 2.0.50727; .NET CLR 3.5.30729; .NET CLR 3.0.30729; Media Center PC 6.0; Tablet PC 2.0; InfoPath.3; .NET4.0C; .NET4.0E; MS-RTC LM 8)" 14221
192.168.65.56 - - [17/Feb/2013:07:24:11 +0600] "GET /pause/ajaxPause?pauseConfigId=all&admin=1 HTTP/1.1" 200 1046 "http://192.168.65.101/pause/index" "Mozilla/5.0 (Windows NT 5.1; rv:15.0) Gecko/20100101 Firefox/15.0" 43188
192.168.12.60 - - [17/Feb/2013:07:24:12 +0600] "GET /pause/ajaxPause?pauseConfigId=&admin=0 HTTP/1.1" 200 986 "http://callider/pause/index" "Mozilla/4.0 (compatible; MSIE 8.0; Windows NT 6.1; Trident/4.0; InfoPath.3; .NET4.0C; MS-RTC LM 8; .NET4.0E)" 19308
192.168.12.204 - - [17/Feb/2013:07:24:12 +0600] "GET /pause/ajaxPause?pauseConfigId=&admin=0 HTTP/1.1" 200 986 "http://callider/pause/index" "Mozilla/4.0 (compatible; MSIE 7.0; Windows NT 6.1; WOW64; Trident/4.0; SLCC2; .NET CLR 2.0.50727; .NET CLR 3.5.30729; .NET CLR 3.0.30729; Media Center PC 6.0; InfoPath.3; .NET4.0C; .NET4.0E; .NET CLR 1.1.4322)" 21463
192.168.74.151 - - [17/Feb/2013:07:24:13 +0600] "GET /tv/useUser HTTP/1.1" 200 431 "http://callider.kontur/graph/general" "Mozilla/5.0 (Windows NT 6.1; WOW64; rv:18.0) Gecko/20100101 Firefox/18.0" 9422
192.168.74.78 - - [17/Feb/2013:07:24:14 +0600] "GET /pause/ajaxPause?pauseConfigId=&admin=0 HTTP/1.1" 200 986 "http://callider/pause/index" "Mozilla/4.0 (compatible; MSIE 7.0; Windows NT 6.1; WOW64; Trident/5.0; SLCC2; .NET CLR 2.0.50727; .NET CLR 3.5.30729; .NET CLR 3.0.30729; Media Center PC 6.0; InfoPath.3; .NET4.0C; MS-RTC LM 8; .NET4.0E)" 19080
192.168.12.69 - - [17/Feb/2013:07:24:15 +0600] "GET /pause/ajaxPause?pauseConfigId=&admin=0 HTTP/1.1" 200 986 "http://callider/pause/index" "Mozilla/4.0 (compatible; MSIE 7.0; Windows NT 6.1; Trident/5.0; SLCC2; .NET CLR 2.0.50727; .NET CLR 3.5.30729; .NET CLR 3.0.30729; Media Center PC 6.0; InfoPath.3; .NET4.0C; .NET4.0E; Tablet PC 2.0; AskTbFXTV5/5.14.1.20007)" 20912
192.168.74.91 - - [17/Feb/2013:07:24:15 +0600] "GET /pause/ajaxPause?pauseConfigId=&admin=0 HTTP/1.1" 200 986 "http://callider/pause/index" "Mozilla/4.0 (compatible; MSIE 7.0; Windows NT 6.1; WOW64; Trident/5.0; SLCC2; .NET CLR 2.0.50727; .NET CLR 3.5.30729; .NET CLR 3.0.30729; Media Center PC 6.0; InfoPath.3; .NET4.0C; MS-RTC LM 8; .NET4.0E)" 20267
192.168.74.151 - - [17/Feb/2013:07:24:15 +0600] "GET /pause/ajaxPause?pauseConfigId=&admin=0 HTTP/1.1" 200 987 "http://callider.kontur/pause/index" "Mozilla/5.0 (Windows NT 6.1; WOW64; rv:18.0) Gecko/20100101 Firefox/18.0" 17312
192.168.74.151 - - [17/Feb/2013:07:24:15 +0600] "GET /tv/useUser HTTP/1.1" 200 431 "http://callider.kontur/pause/index" "Mozilla/5.0 (Windows NT 6.1; WOW64; rv:18.0) Gecko/20100101 Firefox/18.0" 10438
192.168.12.210 - - [17/Feb/2013:07:24:15 +0600] "GET /pause/ajaxPause?pauseConfigId=all&admin=1 HTTP/1.1" 200 1047 "http://callider/pause/index" "Mozilla/4.0 (compatible; MSIE 7.0; Windows NT 6.1; WOW64; Trident/5.0; SLCC2; .NET CLR 2.0.50727; .NET CLR 3.5.30729; .NET CLR 3.0.30729; Media Center PC 6.0; InfoPath.3; .NET4.0C; .NET4.0E)" 18081
192.168.12.61 - - [17/Feb/2013:07:24:15 +0600] "GET /pause/ajaxPause?pauseConfigId=&admin=0 HTTP/1.1" 200 985 "http://callider/pause/index" "Mozilla/4.0 (compatible; MSIE 7.0; Windows NT 6.1; Trident/5.0; SLCC2; .NET CLR 2.0.50727; .NET CLR 3.5.30729; .NET CLR 3.0.30729; Media Center PC 6.0; InfoPath.3; .NET4.0C; .NET4.0E)" 21741
192.168.12.38 - - [17/Feb/2013:07:24:16 +0600] "GET /pause/ajaxPause?pauseConfigId=&admin=0 HTTP/1.1" 200 1040 "http://callider/pause/index" "Mozilla/4.0 (compatible; MSIE 7.0; Windows NT 6.1; WOW64; Trident/5.0; SLCC2; .NET CLR 2.0.50727; .NET CLR 3.5.30729; .NET CLR 3.0.30729; Media Center PC 6.0; InfoPath.3; .NET4.0C; .NET4.0E)" 20718
192.168.12.77 - - [17/Feb/2013:07:24:16 +0600] "GET /pause/ajaxPause?pauseConfigId=&admin=0 HTTP/1.1" 200 1039 "http://callider/pause/index" "Mozilla/4.0 (compatible; MSIE 7.0; Windows NT 6.1; Trident/5.0; SLCC2; .NET CLR 2.0.50727; .NET CLR 3.5.30729; .NET CLR 3.0.30729; Media Center PC 6.0; Tablet PC 2.0; InfoPath.3; .NET4.0C; .NET4.0E; MS-RTC LM 8)" 17493
192.168.65.56 - - [17/Feb/2013:07:24:16 +0600] "GET /pause/ajaxPause?pauseConfigId=all&admin=1 HTTP/1.1" 200 1046 "http://192.168.65.101/pause/index" "Mozilla/5.0 (Windows NT 5.1; rv:15.0) Gecko/20100101 Firefox/15.0" 31522
192.168.12.60 - - [17/Feb/2013:07:24:17 +0600] "GET /pause/ajaxPause?pauseConfigId=&admin=0 HTTP/1.1" 200 986 "http://callider/pause/index" "Mozilla/4.0 (compatible; MSIE 8.0; Windows NT 6.1; Trident/4.0; InfoPath.3; .NET4.0C; MS-RTC LM 8; .NET4.0E)" 18031
192.168.12.204 - - [17/Feb/2013:07:24:17 +0600] "GET /pause/ajaxPause?pauseConfigId=&admin=0 HTTP/1.1" 200 986 "http://callider/pause/index" "Mozilla/4.0 (compatible; MSIE 7.0; Windows NT 6.1; WOW64; Trident/4.0; SLCC2; .NET CLR 2.0.50727; .NET CLR 3.5.30729; .NET CLR 3.0.30729; Media Center PC 6.0; InfoPath.3; .NET4.0C; .NET4.0E; .NET CLR 1.1.4322)" 21750
192.168.74.78 - - [17/Feb/2013:07:24:19 +0600] "GET /pause/ajaxPause?pauseConfigId=&admin=0 HTTP/1.1" 200 986 "http://callider/pause/index" "Mozilla/4.0 (compatible; MSIE 7.0; Windows NT 6.1; WOW64; Trident/5.0; SLCC2; .NET CLR 2.0.50727; .NET CLR 3.5.30729; .NET CLR 3.0.30729; Media Center PC 6.0; InfoPath.3; .NET4.0C; MS-RTC LM 8; .NET4.0E)" 20195
192.168.12.10 - - [17/Feb/2013:07:24:19 +0600] "GET /tv/useUser HTTP/1.1" 200 432 "http://callider/graph/personal" "Mozilla/4.0 (compatible; MSIE 7.0; Windows NT 6.1; Trident/5.0; SLCC2; .NET CLR 2.0.50727; .NET CLR 3.5.30729; .NET CLR 3.0.30729; Media Center PC 6.0; InfoPath.3; .NET4.0C; .NET4.0E; Tablet PC 2.0; MS-RTC LM 8)" 16766
192.168.12.108 - - [17/Feb/2013:07:24:19 +0600] "GET /tv/useUser HTTP/1.1" 200 432 "http://callider/index.php" "Mozilla/4.0 (compatible; MSIE 7.0; Windows NT 6.2; WOW64; Trident/6.0; .NET4.0E; .NET4.0C; InfoPath.3; .NET CLR 3.5.30729; .NET CLR 2.0.50727; .NET CLR 3.0.30729)" 17404
192.168.12.69 - - [17/Feb/2013:07:24:20 +0600] "GET /pause/ajaxPause?pauseConfigId=&admin=0 HTTP/1.1" 200 986 "http://callider/pause/index" "Mozilla/4.0 (compatible; MSIE 7.0; Windows NT 6.1; Trident/5.0; SLCC2; .NET CLR 2.0.50727; .NET CLR 3.5.30729; .NET CLR 3.0.30729; Media Center PC 6.0; InfoPath.3; .NET4.0C; .NET4.0E; Tablet PC 2.0; AskTbFXTV5/5.14.1.20007)" 23659
192.168.74.91 - - [17/Feb/2013:07:24:20 +0600] "GET /pause/ajaxPause?pauseConfigId=&admin=0 HTTP/1.1" 200 986 "http://callider/pause/index" "Mozilla/4.0 (compatible; MSIE 7.0; Windows NT 6.1; WOW64; Trident/5.0; SLCC2; .NET CLR 2.0.50727; .NET CLR 3.5.30729; .NET CLR 3.0.30729; Media Center PC 6.0; InfoPath.3; .NET4.0C; MS-RTC LM 8; .NET4.0E)" 65526
192.168.74.151 - - [17/Feb/2013:07:24:20 +0600] "GET /pause/ajaxPause?pauseConfigId=&admin=0 HTTP/1.1" 200 987 "http://callider.kontur/pause/index" "Mozilla/5.0 (Windows NT 6.1; WOW64; rv:18.0) Gecko/20100101 Firefox/18.0" 26777
192.168.12.210 - - [17/Feb/2013:07:24:20 +0600] "GET /pause/ajaxPause?pauseConfigId=all&admin=1 HTTP/1.1" 200 1047 "http://callider/pause/index" "Mozilla/4.0 (compatible; MSIE 7.0; Windows NT 6.1; WOW64; Trident/5.0; SLCC2; .NET CLR 2.0.50727; .NET CLR 3.5.30729; .NET CLR 3.0.30729; Media Center PC 6.0; InfoPath.3; .NET4.0C; .NET4.0E)" 22626
192.168.12.61 - - [17/Feb/2013:07:24:20 +0600] "GET /pause/ajaxPause?pauseConfigId=&admin=0 HTTP/1.1" 200 985 "http://callider/pause/index" "Mozilla/4.0 (compatible; MSIE 7.0; Windows NT 6.1; Trident/5.0; SLCC2; .NET CLR 2.0.50727; .NET CLR 3.5.30729; .NET CLR 3.0.30729; Media Center PC 6.0; InfoPath.3; .NET4.0C; .NET4.0E)" 21772
192.168.12.38 - - [17/Feb/2013:07:24:21 +0600] "GET /pause/ajaxPause?pauseConfigId=&admin=0 HTTP/1.1" 200 1040 "http://callider/pause/index" "Mozilla/4.0 (compatible; MSIE 7.0; Windows NT 6.1; WOW64; Trident/5.0; SLCC2; .NET CLR 2.0.50727; .NET CLR 3.5.30729; .NET CLR 3.0.30729; Media Center PC 6.0; InfoPath.3; .NET4.0C; .NET4.0E)" 18481
192.168.12.77 - - [17/Feb/2013:07:24:21 +0600] "GET /pause/ajaxPause?pauseConfigId=&admin=0 HTTP/1.1" 200 1039 "http://callider/pause/index" "Mozilla/4.0 (compatible; MSIE 7.0; Windows NT 6.1; Trident/5.0; SLCC2; .NET CLR 2.0.50727; .NET CLR 3.5.30729; .NET CLR 3.0.30729; Media Center PC 6.0; Tablet PC 2.0; InfoPath.3; .NET4.0C; .NET4.0E; MS-RTC LM 8)" 13893
192.168.65.56 - - [17/Feb/2013:07:24:21 +0600] "GET /pause/ajaxPause?pauseConfigId=all&admin=1 HTTP/1.1" 200 1046 "http://192.168.65.101/pause/index" "Mozilla/5.0 (Windows NT 5.1; rv:15.0) Gecko/20100101 Firefox/15.0" 27549
192.168.12.60 - - [17/Feb/2013:07:24:22 +0600] "GET /pause/ajaxPause?pauseConfigId=&admin=0 HTTP/1.1" 200 986 "http://callider/pause/index" "Mozilla/4.0 (compatible; MSIE 8.0; Windows NT 6.1; Trident/4.0; InfoPath.3; .NET4.0C; MS-RTC LM 8; .NET4.0E)" 24475
192.168.12.204 - - [17/Feb/2013:07:24:22 +0600] "GET /pause/ajaxPause?pauseConfigId=&admin=0 HTTP/1.1" 200 986 "http://callider/pause/index" "Mozilla/4.0 (compatible; MSIE 7.0; Windows NT 6.1; WOW64; Trident/4.0; SLCC2; .NET CLR 2.0.50727; .NET CLR 3.5.30729; .NET CLR 3.0.30729; Media Center PC 6.0; InfoPath.3; .NET4.0C; .NET4.0E; .NET CLR 1.1.4322)" 21357
192.168.74.78 - - [17/Feb/2013:07:24:24 +0600] "GET /pause/ajaxPause?pauseConfigId=&admin=0 HTTP/1.1" 200 986 "http://callider/pause/index" "Mozilla/4.0 (compatible; MSIE 7.0; Windows NT 6.1; WOW64; Trident/5.0; SLCC2; .NET CLR 2.0.50727; .NET CLR 3.5.30729; .NET CLR 3.0.30729; Media Center PC 6.0; InfoPath.3; .NET4.0C; MS-RTC LM 8; .NET4.0E)" 18976
192.168.12.69 - - [17/Feb/2013:07:24:25 +0600] "GET /pause/ajaxPause?pauseConfigId=&admin=0 HTTP/1.1" 200 986 "http://callider/pause/index" "Mozilla/4.0 (compatible; MSIE 7.0; Windows NT 6.1; Trident/5.0; SLCC2; .NET CLR 2.0.50727; .NET CLR 3.5.30729; .NET CLR 3.0.30729; Media Center PC 6.0; InfoPath.3; .NET4.0C; .NET4.0E; Tablet PC 2.0; AskTbFXTV5/5.14.1.20007)" 17688
192.168.74.91 - - [17/Feb/2013:07:24:25 +0600] "GET /pause/ajaxPause?pauseConfigId=&admin=0 HTTP/1.1" 200 986 "http://callider/pause/index" "Mozilla/4.0 (compatible; MSIE 7.0; Windows NT 6.1; WOW64; Trident/5.0; SLCC2; .NET CLR 2.0.50727; .NET CLR 3.5.30729; .NET CLR 3.0.30729; Media Center PC 6.0; InfoPath.3; .NET4.0C; MS-RTC LM 8; .NET4.0E)" 31105
192.168.74.151 - - [17/Feb/2013:07:24:25 +0600] "GET /pause/ajaxPause?pauseConfigId=&admin=0 HTTP/1.1" 200 987 "http://callider.kontur/pause/index" "Mozilla/5.0 (Windows NT 6.1; WOW64; rv:18.0) Gecko/20100101 Firefox/18.0" 21289
192.168.12.210 - - [17/Feb/2013:07:24:25 +0600] "GET /pause/ajaxPause?pauseConfigId=all&admin=1 HTTP/1.1" 200 1047 "http://callider/pause/index" "Mozilla/4.0 (compatible; MSIE 7.0; Windows NT 6.1; WOW64; Trident/5.0; SLCC2; .NET CLR 2.0.50727; .NET CLR 3.5.30729; .NET CLR 3.0.30729; Media Center PC 6.0; InfoPath.3; .NET4.0C; .NET4.0E)" 18764
192.168.12.61 - - [17/Feb/2013:07:24:25 +0600] "GET /pause/ajaxPause?pauseConfigId=&admin=0 HTTP/1.1" 200 985 "http://callider/pause/index" "Mozilla/4.0 (compatible; MSIE 7.0; Windows NT 6.1; Trident/5.0; SLCC2; .NET CLR 2.0.50727; .NET CLR 3.5.30729; .NET CLR 3.0.30729; Media Center PC 6.0; InfoPath.3; .NET4.0C; .NET4.0E)" 22327
192.168.12.38 - - [17/Feb/2013:07:24:26 +0600] "GET /pause/ajaxPause?pauseConfigId=&admin=0 HTTP/1.1" 200 1040 "http://callider/pause/index" "Mozilla/4.0 (compatible; MSIE 7.0; Windows NT 6.1; WOW64; Trident/5.0; SLCC2; .NET CLR 2.0.50727; .NET CLR 3.5.30729; .NET CLR 3.0.30729; Media Center PC 6.0; InfoPath.3; .NET4.0C; .NET4.0E)" 27863
192.168.12.77 - - [17/Feb/2013:07:24:26 +0600] "GET /pause/ajaxPause?pauseConfigId=&admin=0 HTTP/1.1" 200 1039 "http://callider/pause/index" "Mozilla/4.0 (compatible; MSIE 7.0; Windows NT 6.1; Trident/5.0; SLCC2; .NET CLR 2.0.50727; .NET CLR 3.5.30729; .NET CLR 3.0.30729; Media Center PC 6.0; Tablet PC 2.0; InfoPath.3; .NET4.0C; .NET4.0E; MS-RTC LM 8)" 13472
192.168.65.56 - - [17/Feb/2013:07:24:26 +0600] "GET /pause/ajaxPause?pauseConfigId=all&admin=1 HTTP/1.1" 200 1046 "http://192.168.65.101/pause/index" "Mozilla/5.0 (Windows NT 5.1; rv:15.0) Gecko/20100101 Firefox/15.0" 29428
192.168.12.60 - - [17/Feb/2013:07:24:27 +0600] "GET /pause/ajaxPause?pauseConfigId=&admin=0 HTTP/1.1" 200 986 "http://callider/pause/index" "Mozilla/4.0 (compatible; MSIE 8.0; Windows NT 6.1; Trident/4.0; InfoPath.3; .NET4.0C; MS-RTC LM 8; .NET4.0E)" 20439
192.168.12.204 - - [17/Feb/2013:07:24:27 +0600] "GET /pause/ajaxPause?pauseConfigId=&admin=0 HTTP/1.1" 200 986 "http://callider/pause/index" "Mozilla/4.0 (compatible; MSIE 7.0; Windows NT 6.1; WOW64; Trident/4.0; SLCC2; .NET CLR 2.0.50727; .NET CLR 3.5.30729; .NET CLR 3.0.30729; Media Center PC 6.0; InfoPath.3; .NET4.0C; .NET4.0E; .NET CLR 1.1.4322)" 22249
192.168.74.78 - - [17/Feb/2013:07:24:29 +0600] "GET /pause/ajaxPause?pauseConfigId=&admin=0 HTTP/1.1" 200 986 "http://callider/pause/index" "Mozilla/4.0 (compatible; MSIE 7.0; Windows NT 6.1; WOW64; Trident/5.0; SLCC2; .NET CLR 2.0.50727; .NET CLR 3.5.30729; .NET CLR 3.0.30729; Media Center PC 6.0; InfoPath.3; .NET4.0C; MS-RTC LM 8; .NET4.0E)" 23113
192.168.12.69 - - [17/Feb/2013:07:24:30 +0600] "GET /pause/ajaxPause?pauseConfigId=&admin=0 HTTP/1.1" 200 986 "http://callider/pause/index" "Mozilla/4.0 (compatible; MSIE 7.0; Windows NT 6.1; Trident/5.0; SLCC2; .NET CLR 2.0.50727; .NET CLR 3.5.30729; .NET CLR 3.0.30729; Media Center PC 6.0; InfoPath.3; .NET4.0C; .NET4.0E; Tablet PC 2.0; AskTbFXTV5/5.14.1.20007)" 20645
192.168.74.91 - - [17/Feb/2013:07:24:30 +0600] "GET /pause/ajaxPause?pauseConfigId=&admin=0 HTTP/1.1" 200 986 "http://callider/pause/index" "Mozilla/4.0 (compatible; MSIE 7.0; Windows NT 6.1; WOW64; Trident/5.0; SLCC2; .NET CLR 2.0.50727; .NET CLR 3.5.30729; .NET CLR 3.0.30729; Media Center PC 6.0; InfoPath.3; .NET4.0C; MS-RTC LM 8; .NET4.0E)" 18177
192.168.74.151 - - [17/Feb/2013:07:24:30 +0600] "GET /pause/ajaxPause?pauseConfigId=&admin=0 HTTP/1.1" 200 987 "http://callider.kontur/pause/index" "Mozilla/5.0 (Windows NT 6.1; WOW64; rv:18.0) Gecko/20100101 Firefox/18.0" 18284
192.168.12.210 - - [17/Feb/2013:07:24:30 +0600] "GET /pause/ajaxPause?pauseConfigId=all&admin=1 HTTP/1.1" 200 1047 "http://callider/pause/index" "Mozilla/4.0 (compatible; MSIE 7.0; Windows NT 6.1; WOW64; Trident/5.0; SLCC2; .NET CLR 2.0.50727; .NET CLR 3.5.30729; .NET CLR 3.0.30729; Media Center PC 6.0; InfoPath.3; .NET4.0C; .NET4.0E)" 19544
192.168.12.61 - - [17/Feb/2013:07:24:30 +0600] "GET /pause/ajaxPause?pauseConfigId=&admin=0 HTTP/1.1" 200 985 "http://callider/pause/index" "Mozilla/4.0 (compatible; MSIE 7.0; Windows NT 6.1; Trident/5.0; SLCC2; .NET CLR 2.0.50727; .NET CLR 3.5.30729; .NET CLR 3.0.30729; Media Center PC 6.0; InfoPath.3; .NET4.0C; .NET4.0E)" 21399
192.168.12.38 - - [17/Feb/2013:07:24:31 +0600] "GET /pause/ajaxPause?pauseConfigId=&admin=0 HTTP/1.1" 200 1040 "http://callider/pause/index" "Mozilla/4.0 (compatible; MSIE 7.0; Windows NT 6.1; WOW64; Trident/5.0; SLCC2; .NET CLR 2.0.50727; .NET CLR 3.5.30729; .NET CLR 3.0.30729; Media Center PC 6.0; InfoPath.3; .NET4.0C; .NET4.0E)" 15699
192.168.12.77 - - [17/Feb/2013:07:24:31 +0600] "GET /pause/ajaxPause?pauseConfigId=&admin=0 HTTP/1.1" 200 1039 "http://callider/pause/index" "Mozilla/4.0 (compatible; MSIE 7.0; Windows NT 6.1; Trident/5.0; SLCC2; .NET CLR 2.0.50727; .NET CLR 3.5.30729; .NET CLR 3.0.30729; Media Center PC 6.0; Tablet PC 2.0; InfoPath.3; .NET4.0C; .NET4.0E; MS-RTC LM 8)" 14768
192.168.65.56 - - [17/Feb/2013:07:24:31 +0600] "GET /pause/ajaxPause?pauseConfigId=all&admin=1 HTTP/1.1" 200 1046 "http://192.168.65.101/pause/index" "Mozilla/5.0 (Windows NT 5.1; rv:15.0) Gecko/20100101 Firefox/15.0" 34868
192.168.12.60 - - [17/Feb/2013:07:24:32 +0600] "GET /pause/ajaxPause?pauseConfigId=&admin=0 HTTP/1.1" 200 986 "http://callider/pause/index" "Mozilla/4.0 (compatible; MSIE 8.0; Windows NT 6.1; Trident/4.0; InfoPath.3; .NET4.0C; MS-RTC LM 8; .NET4.0E)" 20290
192.168.12.204 - - [17/Feb/2013:07:24:32 +0600] "GET /pause/ajaxPause?pauseConfigId=&admin=0 HTTP/1.1" 200 986 "http://callider/pause/index" "Mozilla/4.0 (compatible; MSIE 7.0; Windows NT 6.1; WOW64; Trident/4.0; SLCC2; .NET CLR 2.0.50727; .NET CLR 3.5.30729; .NET CLR 3.0.30729; Media Center PC 6.0; InfoPath.3; .NET4.0C; .NET4.0E; .NET CLR 1.1.4322)" 18898
192.168.74.78 - - [17/Feb/2013:07:24:34 +0600] "GET /pause/ajaxPause?pauseConfigId=&admin=0 HTTP/1.1" 200 986 "http://callider/pause/index" "Mozilla/4.0 (compatible; MSIE 7.0; Windows NT 6.1; WOW64; Trident/5.0; SLCC2; .NET CLR 2.0.50727; .NET CLR 3.5.30729; .NET CLR 3.0.30729; Media Center PC 6.0; InfoPath.3; .NET4.0C; MS-RTC LM 8; .NET4.0E)" 19012
192.168.12.67 - - [17/Feb/2013:07:24:34 +0600] "GET /tv/useUser HTTP/1.1" 200 432 "http://callider/graph/personal" "Mozilla/4.0 (compatible; MSIE 7.0; Windows NT 6.1; Trident/5.0; SLCC2; .NET CLR 2.0.50727; .NET CLR 3.5.30729; .NET CLR 3.0.30729; Media Center PC 6.0; .NET4.0C; .NET4.0E; InfoPath.3; Tablet PC 2.0; MS-RTC LM 8)" 15995
192.168.12.69 - - [17/Feb/2013:07:24:35 +0600] "GET /pause/ajaxPause?pauseConfigId=&admin=0 HTTP/1.1" 200 986 "http://callider/pause/index" "Mozilla/4.0 (compatible; MSIE 7.0; Windows NT 6.1; Trident/5.0; SLCC2; .NET CLR 2.0.50727; .NET CLR 3.5.30729; .NET CLR 3.0.30729; Media Center PC 6.0; InfoPath.3; .NET4.0C; .NET4.0E; Tablet PC 2.0; AskTbFXTV5/5.14.1.20007)" 20744
192.168.74.91 - - [17/Feb/2013:07:24:35 +0600] "GET /pause/ajaxPause?pauseConfigId=&admin=0 HTTP/1.1" 200 986 "http://callider/pause/index" "Mozilla/4.0 (compatible; MSIE 7.0; Windows NT 6.1; WOW64; Trident/5.0; SLCC2; .NET CLR 2.0.50727; .NET CLR 3.5.30729; .NET CLR 3.0.30729; Media Center PC 6.0; InfoPath.3; .NET4.0C; MS-RTC LM 8; .NET4.0E)" 21403
192.168.74.151 - - [17/Feb/2013:07:24:35 +0600] "GET /pause/ajaxPause?pauseConfigId=&admin=0 HTTP/1.1" 200 987 "http://callider.kontur/pause/index" "Mozilla/5.0 (Windows NT 6.1; WOW64; rv:18.0) Gecko/20100101 Firefox/18.0" 18001
192.168.12.210 - - [17/Feb/2013:07:24:35 +0600] "GET /pause/ajaxPause?pauseConfigId=all&admin=1 HTTP/1.1" 200 1047 "http://callider/pause/index" "Mozilla/4.0 (compatible; MSIE 7.0; Windows NT 6.1; WOW64; Trident/5.0; SLCC2; .NET CLR 2.0.50727; .NET CLR 3.5.30729; .NET CLR 3.0.30729; Media Center PC 6.0; InfoPath.3; .NET4.0C; .NET4.0E)" 19580
192.168.12.61 - - [17/Feb/2013:07:24:35 +0600] "GET /pause/ajaxPause?pauseConfigId=&admin=0 HTTP/1.1" 200 985 "http://callider/pause/index" "Mozilla/4.0 (compatible; MSIE 7.0; Windows NT 6.1; Trident/5.0; SLCC2; .NET CLR 2.0.50727; .NET CLR 3.5.30729; .NET CLR 3.0.30729; Media Center PC 6.0; InfoPath.3; .NET4.0C; .NET4.0E)" 21545
192.168.12.38 - - [17/Feb/2013:07:24:36 +0600] "GET /pause/ajaxPause?pauseConfigId=&admin=0 HTTP/1.1" 200 1040 "http://callider/pause/index" "Mozilla/4.0 (compatible; MSIE 7.0; Windows NT 6.1; WOW64; Trident/5.0; SLCC2; .NET CLR 2.0.50727; .NET CLR 3.5.30729; .NET CLR 3.0.30729; Media Center PC 6.0; InfoPath.3; .NET4.0C; .NET4.0E)" 15452
192.168.12.77 - - [17/Feb/2013:07:24:36 +0600] "GET /pause/ajaxPause?pauseConfigId=&admin=0 HTTP/1.1" 200 1039 "http://callider/pause/index" "Mozilla/4.0 (compatible; MSIE 7.0; Windows NT 6.1; Trident/5.0; SLCC2; .NET CLR 2.0.50727; .NET CLR 3.5.30729; .NET CLR 3.0.30729; Media Center PC 6.0; Tablet PC 2.0; InfoPath.3; .NET4.0C; .NET4.0E; MS-RTC LM 8)" 12705
192.168.65.56 - - [17/Feb/2013:07:24:36 +0600] "GET /pause/ajaxPause?pauseConfigId=all&admin=1 HTTP/1.1" 200 1046 "http://192.168.65.101/pause/index" "Mozilla/5.0 (Windows NT 5.1; rv:15.0) Gecko/20100101 Firefox/15.0" 28672
192.168.12.60 - - [17/Feb/2013:07:24:37 +0600] "GET /pause/ajaxPause?pauseConfigId=&admin=0 HTTP/1.1" 200 986 "http://callider/pause/index" "Mozilla/4.0 (compatible; MSIE 8.0; Windows NT 6.1; Trident/4.0; InfoPath.3; .NET4.0C; MS-RTC LM 8; .NET4.0E)" 19939
192.168.12.204 - - [17/Feb/2013:07:24:37 +0600] "GET /pause/ajaxPause?pauseConfigId=&admin=0 HTTP/1.1" 200 986 "http://callider/pause/index" "Mozilla/4.0 (compatible; MSIE 7.0; Windows NT 6.1; WOW64; Trident/4.0; SLCC2; .NET CLR 2.0.50727; .NET CLR 3.5.30729; .NET CLR 3.0.30729; Media Center PC 6.0; InfoPath.3; .NET4.0C; .NET4.0E; .NET CLR 1.1.4322)" 19674
192.168.74.93 - - [17/Feb/2013:07:24:38 +0600] "GET /tv/useUser HTTP/1.1" 200 432 "http://callider/graph/personal" "Mozilla/4.0 (compatible; MSIE 7.0; Windows NT 6.1; WOW64; Trident/5.0; SLCC2; .NET CLR 2.0.50727; .NET CLR 3.5.30729; .NET CLR 3.0.30729; Media Center PC 6.0; InfoPath.3; .NET4.0C; .NET4.0E)" 15149
192.168.12.210 - - [17/Feb/2013:07:24:39 +0600] "GET /tv/useUser HTTP/1.1" 200 431 "http://callider/graph/general" "Mozilla/4.0 (compatible; MSIE 7.0; Windows NT 6.1; WOW64; Trident/5.0; SLCC2; .NET CLR 2.0.50727; .NET CLR 3.5.30729; .NET CLR 3.0.30729; Media Center PC 6.0; InfoPath.3; .NET4.0C; .NET4.0E)" 13431
192.168.74.78 - - [17/Feb/2013:07:24:39 +0600] "GET /pause/ajaxPause?pauseConfigId=&admin=0 HTTP/1.1" 200 986 "http://callider/pause/index" "Mozilla/4.0 (compatible; MSIE 7.0; Windows NT 6.1; WOW64; Trident/5.0; SLCC2; .NET CLR 2.0.50727; .NET CLR 3.5.30729; .NET CLR 3.0.30729; Media Center PC 6.0; InfoPath.3; .NET4.0C; MS-RTC LM 8; .NET4.0E)" 24648
192.168.12.69 - - [17/Feb/2013:07:24:40 +0600] "GET /pause/ajaxPause?pauseConfigId=&admin=0 HTTP/1.1" 200 986 "http://callider/pause/index" "Mozilla/4.0 (compatible; MSIE 7.0; Windows NT 6.1; Trident/5.0; SLCC2; .NET CLR 2.0.50727; .NET CLR 3.5.30729; .NET CLR 3.0.30729; Media Center PC 6.0; InfoPath.3; .NET4.0C; .NET4.0E; Tablet PC 2.0; AskTbFXTV5/5.14.1.20007)" 17526
192.168.74.91 - - [17/Feb/2013:07:24:40 +0600] "GET /pause/ajaxPause?pauseConfigId=&admin=0 HTTP/1.1" 200 986 "http://callider/pause/index" "Mozilla/4.0 (compatible; MSIE 7.0; Windows NT 6.1; WOW64; Trident/5.0; SLCC2; .NET CLR 2.0.50727; .NET CLR 3.5.30729; .NET CLR 3.0.30729; Media Center PC 6.0; InfoPath.3; .NET4.0C; MS-RTC LM 8; .NET4.0E)" 21145
192.168.74.151 - - [17/Feb/2013:07:24:40 +0600] "GET /pause/ajaxPause?pauseConfigId=&admin=0 HTTP/1.1" 200 987 "http://callider.kontur/pause/index" "Mozilla/5.0 (Windows NT 6.1; WOW64; rv:18.0) Gecko/20100101 Firefox/18.0" 31657
192.168.12.210 - - [17/Feb/2013:07:24:40 +0600] "GET /pause/ajaxPause?pauseConfigId=all&admin=1 HTTP/1.1" 200 1047 "http://callider/pause/index" "Mozilla/4.0 (compatible; MSIE 7.0; Windows NT 6.1; WOW64; Trident/5.0; SLCC2; .NET CLR 2.0.50727; .NET CLR 3.5.30729; .NET CLR 3.0.30729; Media Center PC 6.0; InfoPath.3; .NET4.0C; .NET4.0E)" 18789
192.168.12.61 - - [17/Feb/2013:07:24:40 +0600] "GET /pause/ajaxPause?pauseConfigId=&admin=0 HTTP/1.1" 200 986 "http://callider/pause/index" "Mozilla/4.0 (compatible; MSIE 7.0; Windows NT 6.1; Trident/5.0; SLCC2; .NET CLR 2.0.50727; .NET CLR 3.5.30729; .NET CLR 3.0.30729; Media Center PC 6.0; InfoPath.3; .NET4.0C; .NET4.0E)" 24134
192.168.12.9 - - [17/Feb/2013:07:24:40 +0600] "GET /tv/useUser HTTP/1.1" 200 432 "http://callider.kontur/site/index" "Mozilla/5.0 (Windows NT 6.1; WOW64) AppleWebKit/537.17 (KHTML, like Gecko) Chrome/24.0.1312.57 Safari/537.17" 15548
192.168.12.38 - - [17/Feb/2013:07:24:41 +0600] "GET /pause/ajaxPause?pauseConfigId=&admin=0 HTTP/1.1" 200 1040 "http://callider/pause/index" "Mozilla/4.0 (compatible; MSIE 7.0; Windows NT 6.1; WOW64; Trident/5.0; SLCC2; .NET CLR 2.0.50727; .NET CLR 3.5.30729; .NET CLR 3.0.30729; Media Center PC 6.0; InfoPath.3; .NET4.0C; .NET4.0E)" 17890
192.168.12.77 - - [17/Feb/2013:07:24:41 +0600] "GET /pause/ajaxPause?pauseConfigId=&admin=0 HTTP/1.1" 200 1039 "http://callider/pause/index" "Mozilla/4.0 (compatible; MSIE 7.0; Windows NT 6.1; Trident/5.0; SLCC2; .NET CLR 2.0.50727; .NET CLR 3.5.30729; .NET CLR 3.0.30729; Media Center PC 6.0; Tablet PC 2.0; InfoPath.3; .NET4.0C; .NET4.0E; MS-RTC LM 8)" 13715
192.168.65.56 - - [17/Feb/2013:07:24:41 +0600] "GET /pause/ajaxPause?pauseConfigId=all&admin=1 HTTP/1.1" 200 1046 "http://192.168.65.101/pause/index" "Mozilla/5.0 (Windows NT 5.1; rv:15.0) Gecko/20100101 Firefox/15.0" 29311
192.168.12.60 - - [17/Feb/2013:07:24:42 +0600] "GET /pause/ajaxPause?pauseConfigId=&admin=0 HTTP/1.1" 200 986 "http://callider/pause/index" "Mozilla/4.0 (compatible; MSIE 8.0; Windows NT 6.1; Trident/4.0; InfoPath.3; .NET4.0C; MS-RTC LM 8; .NET4.0E)" 26799
192.168.12.204 - - [17/Feb/2013:07:24:42 +0600] "GET /pause/ajaxPause?pauseConfigId=&admin=0 HTTP/1.1" 200 986 "http://callider/pause/index" "Mozilla/4.0 (compatible; MSIE 7.0; Windows NT 6.1; WOW64; Trident/4.0; SLCC2; .NET CLR 2.0.50727; .NET CLR 3.5.30729; .NET CLR 3.0.30729; Media Center PC 6.0; InfoPath.3; .NET4.0C; .NET4.0E; .NET CLR 1.1.4322)" 20192
192.168.74.78 - - [17/Feb/2013:07:24:44 +0600] "GET /pause/ajaxPause?pauseConfigId=&admin=0 HTTP/1.1" 200 986 "http://callider/pause/index" "Mozilla/4.0 (compatible; MSIE 7.0; Windows NT 6.1; WOW64; Trident/5.0; SLCC2; .NET CLR 2.0.50727; .NET CLR 3.5.30729; .NET CLR 3.0.30729; Media Center PC 6.0; InfoPath.3; .NET4.0C; MS-RTC LM 8; .NET4.0E)" 19847
192.168.12.69 - - [17/Feb/2013:07:24:45 +0600] "GET /pause/ajaxPause?pauseConfigId=&admin=0 HTTP/1.1" 200 986 "http://callider/pause/index" "Mozilla/4.0 (compatible; MSIE 7.0; Windows NT 6.1; Trident/5.0; SLCC2; .NET CLR 2.0.50727; .NET CLR 3.5.30729; .NET CLR 3.0.30729; Media Center PC 6.0; InfoPath.3; .NET4.0C; .NET4.0E; Tablet PC 2.0; AskTbFXTV5/5.14.1.20007)" 18139
192.168.74.91 - - [17/Feb/2013:07:24:45 +0600] "GET /pause/ajaxPause?pauseConfigId=&admin=0 HTTP/1.1" 200 986 "http://callider/pause/index" "Mozilla/4.0 (compatible; MSIE 7.0; Windows NT 6.1; WOW64; Trident/5.0; SLCC2; .NET CLR 2.0.50727; .NET CLR 3.5.30729; .NET CLR 3.0.30729; Media Center PC 6.0; InfoPath.3; .NET4.0C; MS-RTC LM 8; .NET4.0E)" 19632
192.168.74.151 - - [17/Feb/2013:07:24:45 +0600] "GET /pause/ajaxPause?pauseConfigId=&admin=0 HTTP/1.1" 200 987 "http://callider.kontur/pause/index" "Mozilla/5.0 (Windows NT 6.1; WOW64; rv:18.0) Gecko/20100101 Firefox/18.0" 17594
192.168.12.210 - - [17/Feb/2013:07:24:45 +0600] "GET /pause/ajaxPause?pauseConfigId=all&admin=1 HTTP/1.1" 200 1047 "http://callider/pause/index" "Mozilla/4.0 (compatible; MSIE 7.0; Windows NT 6.1; WOW64; Trident/5.0; SLCC2; .NET CLR 2.0.50727; .NET CLR 3.5.30729; .NET CLR 3.0.30729; Media Center PC 6.0; InfoPath.3; .NET4.0C; .NET4.0E)" 110755
192.168.12.61 - - [17/Feb/2013:07:24:45 +0600] "GET /pause/ajaxPause?pauseConfigId=&admin=0 HTTP/1.1" 200 985 "http://callider/pause/index" "Mozilla/4.0 (compatible; MSIE 7.0; Windows NT 6.1; Trident/5.0; SLCC2; .NET CLR 2.0.50727; .NET CLR 3.5.30729; .NET CLR 3.0.30729; Media Center PC 6.0; InfoPath.3; .NET4.0C; .NET4.0E)" 23854
192.168.12.38 - - [17/Feb/2013:07:24:46 +0600] "GET /pause/ajaxPause?pauseConfigId=&admin=0 HTTP/1.1" 200 1040 "http://callider/pause/index" "Mozilla/4.0 (compatible; MSIE 7.0; Windows NT 6.1; WOW64; Trident/5.0; SLCC2; .NET CLR 2.0.50727; .NET CLR 3.5.30729; .NET CLR 3.0.30729; Media Center PC 6.0; InfoPath.3; .NET4.0C; .NET4.0E)" 17990
192.168.12.77 - - [17/Feb/2013:07:24:46 +0600] "GET /pause/ajaxPause?pauseConfigId=&admin=0 HTTP/1.1" 200 1039 "http://callider/pause/index" "Mozilla/4.0 (compatible; MSIE 7.0; Windows NT 6.1; Trident/5.0; SLCC2; .NET CLR 2.0.50727; .NET CLR 3.5.30729; .NET CLR 3.0.30729; Media Center PC 6.0; Tablet PC 2.0; InfoPath.3; .NET4.0C; .NET4.0E; MS-RTC LM 8)" 16541
192.168.65.56 - - [17/Feb/2013:07:24:46 +0600] "GET /pause/ajaxPause?pauseConfigId=all&admin=1 HTTP/1.1" 200 1046 "http://192.168.65.101/pause/index" "Mozilla/5.0 (Windows NT 5.1; rv:15.0) Gecko/20100101 Firefox/15.0" 29217
192.168.12.60 - - [17/Feb/2013:07:24:47 +0600] "GET /pause/ajaxPause?pauseConfigId=&admin=0 HTTP/1.1" 200 986 "http://callider/pause/index" "Mozilla/4.0 (compatible; MSIE 8.0; Windows NT 6.1; Trident/4.0; InfoPath.3; .NET4.0C; MS-RTC LM 8; .NET4.0E)" 18868
192.168.12.204 - - [17/Feb/2013:07:24:47 +0600] "GET /pause/ajaxPause?pauseConfigId=&admin=0 HTTP/1.1" 200 986 "http://callider/pause/index" "Mozilla/4.0 (compatible; MSIE 7.0; Windows NT 6.1; WOW64; Trident/4.0; SLCC2; .NET CLR 2.0.50727; .NET CLR 3.5.30729; .NET CLR 3.0.30729; Media Center PC 6.0; InfoPath.3; .NET4.0C; .NET4.0E; .NET CLR 1.1.4322)" 19557
192.168.12.210 - - [17/Feb/2013:07:24:49 +0600] "GET /tv/useUser HTTP/1.1" 200 431 "http://callider/pause/index" "Mozilla/4.0 (compatible; MSIE 7.0; Windows NT 6.1; WOW64; Trident/5.0; SLCC2; .NET CLR 2.0.50727; .NET CLR 3.5.30729; .NET CLR 3.0.30729; Media Center PC 6.0; InfoPath.3; .NET4.0C; .NET4.0E)" 9048
192.168.74.78 - - [17/Feb/2013:07:24:49 +0600] "GET /pause/ajaxPause?pauseConfigId=&admin=0 HTTP/1.1" 200 986 "http://callider/pause/index" "Mozilla/4.0 (compatible; MSIE 7.0; Windows NT 6.1; WOW64; Trident/5.0; SLCC2; .NET CLR 2.0.50727; .NET CLR 3.5.30729; .NET CLR 3.0.30729; Media Center PC 6.0; InfoPath.3; .NET4.0C; MS-RTC LM 8; .NET4.0E)" 19220
192.168.12.69 - - [17/Feb/2013:07:24:50 +0600] "GET /pause/ajaxPause?pauseConfigId=&admin=0 HTTP/1.1" 200 986 "http://callider/pause/index" "Mozilla/4.0 (compatible; MSIE 7.0; Windows NT 6.1; Trident/5.0; SLCC2; .NET CLR 2.0.50727; .NET CLR 3.5.30729; .NET CLR 3.0.30729; Media Center PC 6.0; InfoPath.3; .NET4.0C; .NET4.0E; Tablet PC 2.0; AskTbFXTV5/5.14.1.20007)" 18635
192.168.74.91 - - [17/Feb/2013:07:24:50 +0600] "GET /pause/ajaxPause?pauseConfigId=&admin=0 HTTP/1.1" 200 986 "http://callider/pause/index" "Mozilla/4.0 (compatible; MSIE 7.0; Windows NT 6.1; WOW64; Trident/5.0; SLCC2; .NET CLR 2.0.50727; .NET CLR 3.5.30729; .NET CLR 3.0.30729; Media Center PC 6.0; InfoPath.3; .NET4.0C; MS-RTC LM 8; .NET4.0E)" 18236
192.168.74.151 - - [17/Feb/2013:07:24:50 +0600] "GET /pause/ajaxPause?pauseConfigId=&admin=0 HTTP/1.1" 200 987 "http://callider.kontur/pause/index" "Mozilla/5.0 (Windows NT 6.1; WOW64; rv:18.0) Gecko/20100101 Firefox/18.0" 18984
192.168.12.210 - - [17/Feb/2013:07:24:50 +0600] "GET /pause/ajaxPause?pauseConfigId=all&admin=1 HTTP/1.1" 200 1047 "http://callider/pause/index" "Mozilla/4.0 (compatible; MSIE 7.0; Windows NT 6.1; WOW64; Trident/5.0; SLCC2; .NET CLR 2.0.50727; .NET CLR 3.5.30729; .NET CLR 3.0.30729; Media Center PC 6.0; InfoPath.3; .NET4.0C; .NET4.0E)" 25120
192.168.12.61 - - [17/Feb/2013:07:24:50 +0600] "GET /pause/ajaxPause?pauseConfigId=&admin=0 HTTP/1.1" 200 985 "http://callider/pause/index" "Mozilla/4.0 (compatible; MSIE 7.0; Windows NT 6.1; Trident/5.0; SLCC2; .NET CLR 2.0.50727; .NET CLR 3.5.30729; .NET CLR 3.0.30729; Media Center PC 6.0; InfoPath.3; .NET4.0C; .NET4.0E)" 17855
192.168.12.38 - - [17/Feb/2013:07:24:51 +0600] "GET /pause/ajaxPause?pauseConfigId=&admin=0 HTTP/1.1" 200 1040 "http://callider/pause/index" "Mozilla/4.0 (compatible; MSIE 7.0; Windows NT 6.1; WOW64; Trident/5.0; SLCC2; .NET CLR 2.0.50727; .NET CLR 3.5.30729; .NET CLR 3.0.30729; Media Center PC 6.0; InfoPath.3; .NET4.0C; .NET4.0E)" 15440
192.168.12.77 - - [17/Feb/2013:07:24:51 +0600] "GET /pause/ajaxPause?pauseConfigId=&admin=0 HTTP/1.1" 200 1039 "http://callider/pause/index" "Mozilla/4.0 (compatible; MSIE 7.0; Windows NT 6.1; Trident/5.0; SLCC2; .NET CLR 2.0.50727; .NET CLR 3.5.30729; .NET CLR 3.0.30729; Media Center PC 6.0; Tablet PC 2.0; InfoPath.3; .NET4.0C; .NET4.0E; MS-RTC LM 8)" 13517
192.168.65.56 - - [17/Feb/2013:07:24:51 +0600] "GET /pause/ajaxPause?pauseConfigId=all&admin=1 HTTP/1.1" 200 1046 "http://192.168.65.101/pause/index" "Mozilla/5.0 (Windows NT 5.1; rv:15.0) Gecko/20100101 Firefox/15.0" 27160
192.168.65.56 - - [17/Feb/2013:07:24:51 +0600] "GET /tv/useUser HTTP/1.1" 200 431 "http://192.168.65.101/pause/index" "Mozilla/5.0 (Windows NT 5.1; rv:15.0) Gecko/20100101 Firefox/15.0" 11099
192.168.12.60 - - [17/Feb/2013:07:24:52 +0600] "GET /pause/ajaxPause?pauseConfigId=&admin=0 HTTP/1.1" 200 986 "http://callider/pause/index" "Mozilla/4.0 (compatible; MSIE 8.0; Windows NT 6.1; Trident/4.0; InfoPath.3; .NET4.0C; MS-RTC LM 8; .NET4.0E)" 22462
192.168.12.204 - - [17/Feb/2013:07:24:52 +0600] "GET /pause/ajaxPause?pauseConfigId=&admin=0 HTTP/1.1" 200 986 "http://callider/pause/index" "Mozilla/4.0 (compatible; MSIE 7.0; Windows NT 6.1; WOW64; Trident/4.0; SLCC2; .NET CLR 2.0.50727; .NET CLR 3.5.30729; .NET CLR 3.0.30729; Media Center PC 6.0; InfoPath.3; .NET4.0C; .NET4.0E; .NET CLR 1.1.4322)" 19462
192.168.74.78 - - [17/Feb/2013:07:24:54 +0600] "GET /pause/ajaxPause?pauseConfigId=&admin=0 HTTP/1.1" 200 986 "http://callider/pause/index" "Mozilla/4.0 (compatible; MSIE 7.0; Windows NT 6.1; WOW64; Trident/5.0; SLCC2; .NET CLR 2.0.50727; .NET CLR 3.5.30729; .NET CLR 3.0.30729; Media Center PC 6.0; InfoPath.3; .NET4.0C; MS-RTC LM 8; .NET4.0E)" 18953
192.168.12.69 - - [17/Feb/2013:07:24:55 +0600] "GET /pause/ajaxPause?pauseConfigId=&admin=0 HTTP/1.1" 200 986 "http://callider/pause/index" "Mozilla/4.0 (compatible; MSIE 7.0; Windows NT 6.1; Trident/5.0; SLCC2; .NET CLR 2.0.50727; .NET CLR 3.5.30729; .NET CLR 3.0.30729; Media Center PC 6.0; InfoPath.3; .NET4.0C; .NET4.0E; Tablet PC 2.0; AskTbFXTV5/5.14.1.20007)" 19263
192.168.74.91 - - [17/Feb/2013:07:24:55 +0600] "GET /pause/ajaxPause?pauseConfigId=&admin=0 HTTP/1.1" 200 986 "http://callider/pause/index" "Mozilla/4.0 (compatible; MSIE 7.0; Windows NT 6.1; WOW64; Trident/5.0; SLCC2; .NET CLR 2.0.50727; .NET CLR 3.5.30729; .NET CLR 3.0.30729; Media Center PC 6.0; InfoPath.3; .NET4.0C; MS-RTC LM 8; .NET4.0E)" 17260
192.168.74.151 - - [17/Feb/2013:07:24:55 +0600] "GET /pause/ajaxPause?pauseConfigId=&admin=0 HTTP/1.1" 200 987 "http://callider.kontur/pause/index" "Mozilla/5.0 (Windows NT 6.1; WOW64; rv:18.0) Gecko/20100101 Firefox/18.0" 25529
192.168.12.210 - - [17/Feb/2013:07:24:55 +0600] "GET /pause/ajaxPause?pauseConfigId=all&admin=1 HTTP/1.1" 200 1047 "http://callider/pause/index" "Mozilla/4.0 (compatible; MSIE 7.0; Windows NT 6.1; WOW64; Trident/5.0; SLCC2; .NET CLR 2.0.50727; .NET CLR 3.5.30729; .NET CLR 3.0.30729; Media Center PC 6.0; InfoPath.3; .NET4.0C; .NET4.0E)" 21366
192.168.12.61 - - [17/Feb/2013:07:24:55 +0600] "GET /pause/ajaxPause?pauseConfigId=&admin=0 HTTP/1.1" 200 985 "http://callider/pause/index" "Mozilla/4.0 (compatible; MSIE 7.0; Windows NT 6.1; Trident/5.0; SLCC2; .NET CLR 2.0.50727; .NET CLR 3.5.30729; .NET CLR 3.0.30729; Media Center PC 6.0; InfoPath.3; .NET4.0C; .NET4.0E)" 18159
192.168.12.38 - - [17/Feb/2013:07:24:56 +0600] "GET /pause/ajaxPause?pauseConfigId=&admin=0 HTTP/1.1" 200 1040 "http://callider/pause/index" "Mozilla/4.0 (compatible; MSIE 7.0; Windows NT 6.1; WOW64; Trident/5.0; SLCC2; .NET CLR 2.0.50727; .NET CLR 3.5.30729; .NET CLR 3.0.30729; Media Center PC 6.0; InfoPath.3; .NET4.0C; .NET4.0E)" 23975
192.168.12.77 - - [17/Feb/2013:07:24:56 +0600] "GET /pause/ajaxPause?pauseConfigId=&admin=0 HTTP/1.1" 200 1039 "http://callider/pause/index" "Mozilla/4.0 (compatible; MSIE 7.0; Windows NT 6.1; Trident/5.0; SLCC2; .NET CLR 2.0.50727; .NET CLR 3.5.30729; .NET CLR 3.0.30729; Media Center PC 6.0; Tablet PC 2.0; InfoPath.3; .NET4.0C; .NET4.0E; MS-RTC LM 8)" 15175
192.168.65.56 - - [17/Feb/2013:07:24:56 +0600] "GET /pause/ajaxPause?pauseConfigId=all&admin=1 HTTP/1.1" 200 1046 "http://192.168.65.101/pause/index" "Mozilla/5.0 (Windows NT 5.1; rv:15.0) Gecko/20100101 Firefox/15.0" 27929
192.168.12.60 - - [17/Feb/2013:07:24:57 +0600] "GET /pause/ajaxPause?pauseConfigId=&admin=0 HTTP/1.1" 200 986 "http://callider/pause/index" "Mozilla/4.0 (compatible; MSIE 8.0; Windows NT 6.1; Trident/4.0; InfoPath.3; .NET4.0C; MS-RTC LM 8; .NET4.0E)" 19710
192.168.12.204 - - [17/Feb/2013:07:24:57 +0600] "GET /pause/ajaxPause?pauseConfigId=&admin=0 HTTP/1.1" 200 986 "http://callider/pause/index" "Mozilla/4.0 (compatible; MSIE 7.0; Windows NT 6.1; WOW64; Trident/4.0; SLCC2; .NET CLR 2.0.50727; .NET CLR 3.5.30729; .NET CLR 3.0.30729; Media Center PC 6.0; InfoPath.3; .NET4.0C; .NET4.0E; .NET CLR 1.1.4322)" 20641
192.168.74.78 - - [17/Feb/2013:07:24:59 +0600] "GET /pause/ajaxPause?pauseConfigId=&admin=0 HTTP/1.1" 200 986 "http://callider/pause/index" "Mozilla/4.0 (compatible; MSIE 7.0; Windows NT 6.1; WOW64; Trident/5.0; SLCC2; .NET CLR 2.0.50727; .NET CLR 3.5.30729; .NET CLR 3.0.30729; Media Center PC 6.0; InfoPath.3; .NET4.0C; MS-RTC LM 8; .NET4.0E)" 26984
192.168.12.69 - - [17/Feb/2013:07:25:00 +0600] "GET /pause/ajaxPause?pauseConfigId=&admin=0 HTTP/1.1" 200 986 "http://callider/pause/index" "Mozilla/4.0 (compatible; MSIE 7.0; Windows NT 6.1; Trident/5.0; SLCC2; .NET CLR 2.0.50727; .NET CLR 3.5.30729; .NET CLR 3.0.30729; Media Center PC 6.0; InfoPath.3; .NET4.0C; .NET4.0E; Tablet PC 2.0; AskTbFXTV5/5.14.1.20007)" 19719
192.168.64.119 - - [17/Feb/2013:07:25:00 +0600] "HEAD / HTTP/1.0" 302 435 "-" "WhatsUp/1.0" 19383
192.168.64.119 - - [17/Feb/2013:07:25:00 +0600] "GET / HTTP/1.1" 302 454 "-" "Mozilla/4.0 (compatible; MSIE 8.0; Windows NT 5.2; Trident/4.0)" 13385
192.168.64.119 - - [17/Feb/2013:07:25:00 +0600] "GET /site/login HTTP/1.1" 200 7423 "-" "Mozilla/4.0 (compatible; MSIE 8.0; Windows NT 5.2; Trident/4.0)" 22496
192.168.74.91 - - [17/Feb/2013:07:25:00 +0600] "GET /pause/ajaxPause?pauseConfigId=&admin=0 HTTP/1.1" 200 986 "http://callider/pause/index" "Mozilla/4.0 (compatible; MSIE 7.0; Windows NT 6.1; WOW64; Trident/5.0; SLCC2; .NET CLR 2.0.50727; .NET CLR 3.5.30729; .NET CLR 3.0.30729; Media Center PC 6.0; InfoPath.3; .NET4.0C; MS-RTC LM 8; .NET4.0E)" 18596
192.168.74.151 - - [17/Feb/2013:07:25:00 +0600] "GET /pause/ajaxPause?pauseConfigId=&admin=0 HTTP/1.1" 200 987 "http://callider.kontur/pause/index" "Mozilla/5.0 (Windows NT 6.1; WOW64; rv:18.0) Gecko/20100101 Firefox/18.0" 20213
192.168.12.210 - - [17/Feb/2013:07:25:00 +0600] "GET /pause/ajaxPause?pauseConfigId=all&admin=1 HTTP/1.1" 200 1047 "http://callider/pause/index" "Mozilla/4.0 (compatible; MSIE 7.0; Windows NT 6.1; WOW64; Trident/5.0; SLCC2; .NET CLR 2.0.50727; .NET CLR 3.5.30729; .NET CLR 3.0.30729; Media Center PC 6.0; InfoPath.3; .NET4.0C; .NET4.0E)" 19695
192.168.12.61 - - [17/Feb/2013:07:25:00 +0600] "GET /pause/ajaxPause?pauseConfigId=&admin=0 HTTP/1.1" 200 985 "http://callider/pause/index" "Mozilla/4.0 (compatible; MSIE 7.0; Windows NT 6.1; Trident/5.0; SLCC2; .NET CLR 2.0.50727; .NET CLR 3.5.30729; .NET CLR 3.0.30729; Media Center PC 6.0; InfoPath.3; .NET4.0C; .NET4.0E)" 20673
192.168.12.38 - - [17/Feb/2013:07:25:01 +0600] "GET /pause/ajaxPause?pauseConfigId=&admin=0 HTTP/1.1" 200 1040 "http://callider/pause/index" "Mozilla/4.0 (compatible; MSIE 7.0; Windows NT 6.1; WOW64; Trident/5.0; SLCC2; .NET CLR 2.0.50727; .NET CLR 3.5.30729; .NET CLR 3.0.30729; Media Center PC 6.0; InfoPath.3; .NET4.0C; .NET4.0E)" 18842
192.168.12.77 - - [17/Feb/2013:07:25:01 +0600] "GET /pause/ajaxPause?pauseConfigId=&admin=0 HTTP/1.1" 200 1039 "http://callider/pause/index" "Mozilla/4.0 (compatible; MSIE 7.0; Windows NT 6.1; Trident/5.0; SLCC2; .NET CLR 2.0.50727; .NET CLR 3.5.30729; .NET CLR 3.0.30729; Media Center PC 6.0; Tablet PC 2.0; InfoPath.3; .NET4.0C; .NET4.0E; MS-RTC LM 8)" 15038
192.168.65.56 - - [17/Feb/2013:07:25:01 +0600] "GET /pause/ajaxPause?pauseConfigId=all&admin=1 HTTP/1.1" 200 1047 "http://192.168.65.101/pause/index" "Mozilla/5.0 (Windows NT 5.1; rv:15.0) Gecko/20100101 Firefox/15.0" 37863
192.168.12.60 - - [17/Feb/2013:07:25:02 +0600] "GET /pause/ajaxPause?pauseConfigId=&admin=0 HTTP/1.1" 200 986 "http://callider/pause/index" "Mozilla/4.0 (compatible; MSIE 8.0; Windows NT 6.1; Trident/4.0; InfoPath.3; .NET4.0C; MS-RTC LM 8; .NET4.0E)" 32766
192.168.12.204 - - [17/Feb/2013:07:25:02 +0600] "GET /pause/ajaxPause?pauseConfigId=&admin=0 HTTP/1.1" 200 986 "http://callider/pause/index" "Mozilla/4.0 (compatible; MSIE 7.0; Windows NT 6.1; WOW64; Trident/4.0; SLCC2; .NET CLR 2.0.50727; .NET CLR 3.5.30729; .NET CLR 3.0.30729; Media Center PC 6.0; InfoPath.3; .NET4.0C; .NET4.0E; .NET CLR 1.1.4322)" 23143
192.168.74.78 - - [17/Feb/2013:07:25:04 +0600] "GET /pause/ajaxPause?pauseConfigId=&admin=0 HTTP/1.1" 200 986 "http://callider/pause/index" "Mozilla/4.0 (compatible; MSIE 7.0; Windows NT 6.1; WOW64; Trident/5.0; SLCC2; .NET CLR 2.0.50727; .NET CLR 3.5.30729; .NET CLR 3.0.30729; Media Center PC 6.0; InfoPath.3; .NET4.0C; MS-RTC LM 8; .NET4.0E)" 24006
192.168.12.69 - - [17/Feb/2013:07:25:05 +0600] "GET /pause/ajaxPause?pauseConfigId=&admin=0 HTTP/1.1" 200 986 "http://callider/pause/index" "Mozilla/4.0 (compatible; MSIE 7.0; Windows NT 6.1; Trident/5.0; SLCC2; .NET CLR 2.0.50727; .NET CLR 3.5.30729; .NET CLR 3.0.30729; Media Center PC 6.0; InfoPath.3; .NET4.0C; .NET4.0E; Tablet PC 2.0; AskTbFXTV5/5.14.1.20007)" 19810
192.168.12.61 - - [17/Feb/2013:07:25:05 +0600] "GET /tv/useUser HTTP/1.1" 200 431 "http://callider/pause/index" "Mozilla/4.0 (compatible; MSIE 7.0; Windows NT 6.1; Trident/5.0; SLCC2; .NET CLR 2.0.50727; .NET CLR 3.5.30729; .NET CLR 3.0.30729; Media Center PC 6.0; InfoPath.3; .NET4.0C; .NET4.0E)" 8584
192.168.74.91 - - [17/Feb/2013:07:25:05 +0600] "GET /pause/ajaxPause?pauseConfigId=&admin=0 HTTP/1.1" 200 986 "http://callider/pause/index" "Mozilla/4.0 (compatible; MSIE 7.0; Windows NT 6.1; WOW64; Trident/5.0; SLCC2; .NET CLR 2.0.50727; .NET CLR 3.5.30729; .NET CLR 3.0.30729; Media Center PC 6.0; InfoPath.3; .NET4.0C; MS-RTC LM 8; .NET4.0E)" 33843
192.168.74.151 - - [17/Feb/2013:07:25:05 +0600] "GET /pause/ajaxPause?pauseConfigId=&admin=0 HTTP/1.1" 200 987 "http://callider.kontur/pause/index" "Mozilla/5.0 (Windows NT 6.1; WOW64; rv:18.0) Gecko/20100101 Firefox/18.0" 19718
192.168.12.210 - - [17/Feb/2013:07:25:05 +0600] "GET /pause/ajaxPause?pauseConfigId=all&admin=1 HTTP/1.1" 200 1047 "http://callider/pause/index" "Mozilla/4.0 (compatible; MSIE 7.0; Windows NT 6.1; WOW64; Trident/5.0; SLCC2; .NET CLR 2.0.50727; .NET CLR 3.5.30729; .NET CLR 3.0.30729; Media Center PC 6.0; InfoPath.3; .NET4.0C; .NET4.0E)" 19098
192.168.12.61 - - [17/Feb/2013:07:25:05 +0600] "GET /pause/ajaxPause?pauseConfigId=&admin=0 HTTP/1.1" 200 985 "http://callider/pause/index" "Mozilla/4.0 (compatible; MSIE 7.0; Windows NT 6.1; Trident/5.0; SLCC2; .NET CLR 2.0.50727; .NET CLR 3.5.30729; .NET CLR 3.0.30729; Media Center PC 6.0; InfoPath.3; .NET4.0C; .NET4.0E)" 15543
192.168.12.38 - - [17/Feb/2013:07:25:06 +0600] "GET /pause/ajaxPause?pauseConfigId=&admin=0 HTTP/1.1" 200 1040 "http://callider/pause/index" "Mozilla/4.0 (compatible; MSIE 7.0; Windows NT 6.1; WOW64; Trident/5.0; SLCC2; .NET CLR 2.0.50727; .NET CLR 3.5.30729; .NET CLR 3.0.30729; Media Center PC 6.0; InfoPath.3; .NET4.0C; .NET4.0E)" 15608
192.168.12.77 - - [17/Feb/2013:07:25:06 +0600] "GET /pause/ajaxPause?pauseConfigId=&admin=0 HTTP/1.1" 200 1039 "http://callider/pause/index" "Mozilla/4.0 (compatible; MSIE 7.0; Windows NT 6.1; Trident/5.0; SLCC2; .NET CLR 2.0.50727; .NET CLR 3.5.30729; .NET CLR 3.0.30729; Media Center PC 6.0; Tablet PC 2.0; InfoPath.3; .NET4.0C; .NET4.0E; MS-RTC LM 8)" 13810
192.168.65.56 - - [17/Feb/2013:07:25:06 +0600] "GET /pause/ajaxPause?pauseConfigId=all&admin=1 HTTP/1.1" 200 1046 "http://192.168.65.101/pause/index" "Mozilla/5.0 (Windows NT 5.1; rv:15.0) Gecko/20100101 Firefox/15.0" 37843
192.168.12.60 - - [17/Feb/2013:07:25:07 +0600] "GET /pause/ajaxPause?pauseConfigId=&admin=0 HTTP/1.1" 200 986 "http://callider/pause/index" "Mozilla/4.0 (compatible; MSIE 8.0; Windows NT 6.1; Trident/4.0; InfoPath.3; .NET4.0C; MS-RTC LM 8; .NET4.0E)" 21165
192.168.12.204 - - [17/Feb/2013:07:25:07 +0600] "GET /pause/ajaxPause?pauseConfigId=&admin=0 HTTP/1.1" 200 986 "http://callider/pause/index" "Mozilla/4.0 (compatible; MSIE 7.0; Windows NT 6.1; WOW64; Trident/4.0; SLCC2; .NET CLR 2.0.50727; .NET CLR 3.5.30729; .NET CLR 3.0.30729; Media Center PC 6.0; InfoPath.3; .NET4.0C; .NET4.0E; .NET CLR 1.1.4322)" 21800
192.168.74.78 - - [17/Feb/2013:07:25:09 +0600] "GET /pause/ajaxPause?pauseConfigId=&admin=0 HTTP/1.1" 200 986 "http://callider/pause/index" "Mozilla/4.0 (compatible; MSIE 7.0; Windows NT 6.1; WOW64; Trident/5.0; SLCC2; .NET CLR 2.0.50727; .NET CLR 3.5.30729; .NET CLR 3.0.30729; Media Center PC 6.0; InfoPath.3; .NET4.0C; MS-RTC LM 8; .NET4.0E)" 20394
192.168.12.69 - - [17/Feb/2013:07:25:10 +0600] "GET /pause/ajaxPause?pauseConfigId=&admin=0 HTTP/1.1" 200 986 "http://callider/pause/index" "Mozilla/4.0 (compatible; MSIE 7.0; Windows NT 6.1; Trident/5.0; SLCC2; .NET CLR 2.0.50727; .NET CLR 3.5.30729; .NET CLR 3.0.30729; Media Center PC 6.0; InfoPath.3; .NET4.0C; .NET4.0E; Tablet PC 2.0; AskTbFXTV5/5.14.1.20007)" 24078
192.168.74.91 - - [17/Feb/2013:07:25:10 +0600] "GET /pause/ajaxPause?pauseConfigId=&admin=0 HTTP/1.1" 200 986 "http://callider/pause/index" "Mozilla/4.0 (compatible; MSIE 7.0; Windows NT 6.1; WOW64; Trident/5.0; SLCC2; .NET CLR 2.0.50727; .NET CLR 3.5.30729; .NET CLR 3.0.30729; Media Center PC 6.0; InfoPath.3; .NET4.0C; MS-RTC LM 8; .NET4.0E)" 22599
192.168.74.151 - - [17/Feb/2013:07:25:10 +0600] "GET /pause/ajaxPause?pauseConfigId=&admin=0 HTTP/1.1" 200 987 "http://callider.kontur/pause/index" "Mozilla/5.0 (Windows NT 6.1; WOW64; rv:18.0) Gecko/20100101 Firefox/18.0" 22489
192.168.12.210 - - [17/Feb/2013:07:25:10 +0600] "GET /pause/ajaxPause?pauseConfigId=all&admin=1 HTTP/1.1" 200 1047 "http://callider/pause/index" "Mozilla/4.0 (compatible; MSIE 7.0; Windows NT 6.1; WOW64; Trident/5.0; SLCC2; .NET CLR 2.0.50727; .NET CLR 3.5.30729; .NET CLR 3.0.30729; Media Center PC 6.0; InfoPath.3; .NET4.0C; .NET4.0E)" 20517
192.168.12.61 - - [17/Feb/2013:07:25:10 +0600] "GET /pause/ajaxPause?pauseConfigId=&admin=0 HTTP/1.1" 200 985 "http://callider/pause/index" "Mozilla/4.0 (compatible; MSIE 7.0; Windows NT 6.1; Trident/5.0; SLCC2; .NET CLR 2.0.50727; .NET CLR 3.5.30729; .NET CLR 3.0.30729; Media Center PC 6.0; InfoPath.3; .NET4.0C; .NET4.0E)" 17720
192.168.12.42 - - [17/Feb/2013:07:25:11 +0600] "GET /tv/useUser HTTP/1.1" 200 432 "http://callider/graph/personal" "Mozilla/4.0 (compatible; MSIE 7.0; Windows NT 6.1; WOW64; Trident/5.0; SLCC2; .NET CLR 2.0.50727; .NET CLR 3.5.30729; .NET CLR 3.0.30729; Media Center PC 6.0; InfoPath.3; .NET4.0C; .NET4.0E)" 18553
192.168.12.38 - - [17/Feb/2013:07:25:11 +0600] "GET /pause/ajaxPause?pauseConfigId=&admin=0 HTTP/1.1" 200 1040 "http://callider/pause/index" "Mozilla/4.0 (compatible; MSIE 7.0; Windows NT 6.1; WOW64; Trident/5.0; SLCC2; .NET CLR 2.0.50727; .NET CLR 3.5.30729; .NET CLR 3.0.30729; Media Center PC 6.0; InfoPath.3; .NET4.0C; .NET4.0E)" 15875
192.168.12.77 - - [17/Feb/2013:07:25:11 +0600] "GET /pause/ajaxPause?pauseConfigId=&admin=0 HTTP/1.1" 200 1039 "http://callider/pause/index" "Mozilla/4.0 (compatible; MSIE 7.0; Windows NT 6.1; Trident/5.0; SLCC2; .NET CLR 2.0.50727; .NET CLR 3.5.30729; .NET CLR 3.0.30729; Media Center PC 6.0; Tablet PC 2.0; InfoPath.3; .NET4.0C; .NET4.0E; MS-RTC LM 8)" 13237
192.168.65.56 - - [17/Feb/2013:07:25:11 +0600] "GET /pause/ajaxPause?pauseConfigId=all&admin=1 HTTP/1.1" 200 1046 "http://192.168.65.101/pause/index" "Mozilla/5.0 (Windows NT 5.1; rv:15.0) Gecko/20100101 Firefox/15.0" 34143
192.168.12.60 - - [17/Feb/2013:07:25:12 +0600] "GET /pause/ajaxPause?pauseConfigId=&admin=0 HTTP/1.1" 200 986 "http://callider/pause/index" "Mozilla/4.0 (compatible; MSIE 8.0; Windows NT 6.1; Trident/4.0; InfoPath.3; .NET4.0C; MS-RTC LM 8; .NET4.0E)" 20723
192.168.12.204 - - [17/Feb/2013:07:25:12 +0600] "GET /pause/ajaxPause?pauseConfigId=&admin=0 HTTP/1.1" 200 986 "http://callider/pause/index" "Mozilla/4.0 (compatible; MSIE 7.0; Windows NT 6.1; WOW64; Trident/4.0; SLCC2; .NET CLR 2.0.50727; .NET CLR 3.5.30729; .NET CLR 3.0.30729; Media Center PC 6.0; InfoPath.3; .NET4.0C; .NET4.0E; .NET CLR 1.1.4322)" 18960
192.168.74.151 - - [17/Feb/2013:07:25:13 +0600] "GET /tv/useUser HTTP/1.1" 200 431 "http://callider.kontur/graph/general" "Mozilla/5.0 (Windows NT 6.1; WOW64; rv:18.0) Gecko/20100101 Firefox/18.0" 8986
192.168.74.78 - - [17/Feb/2013:07:25:14 +0600] "GET /pause/ajaxPause?pauseConfigId=&admin=0 HTTP/1.1" 200 986 "http://callider/pause/index" "Mozilla/4.0 (compatible; MSIE 7.0; Windows NT 6.1; WOW64; Trident/5.0; SLCC2; .NET CLR 2.0.50727; .NET CLR 3.5.30729; .NET CLR 3.0.30729; Media Center PC 6.0; InfoPath.3; .NET4.0C; MS-RTC LM 8; .NET4.0E)" 20847
192.168.12.69 - - [17/Feb/2013:07:25:15 +0600] "GET /pause/ajaxPause?pauseConfigId=&admin=0 HTTP/1.1" 200 986 "http://callider/pause/index" "Mozilla/4.0 (compatible; MSIE 7.0; Windows NT 6.1; Trident/5.0; SLCC2; .NET CLR 2.0.50727; .NET CLR 3.5.30729; .NET CLR 3.0.30729; Media Center PC 6.0; InfoPath.3; .NET4.0C; .NET4.0E; Tablet PC 2.0; AskTbFXTV5/5.14.1.20007)" 24745
192.168.74.91 - - [17/Feb/2013:07:25:15 +0600] "GET /pause/ajaxPause?pauseConfigId=&admin=0 HTTP/1.1" 200 986 "http://callider/pause/index" "Mozilla/4.0 (compatible; MSIE 7.0; Windows NT 6.1; WOW64; Trident/5.0; SLCC2; .NET CLR 2.0.50727; .NET CLR 3.5.30729; .NET CLR 3.0.30729; Media Center PC 6.0; InfoPath.3; .NET4.0C; MS-RTC LM 8; .NET4.0E)" 19176
192.168.74.151 - - [17/Feb/2013:07:25:15 +0600] "GET /pause/ajaxPause?pauseConfigId=&admin=0 HTTP/1.1" 200 987 "http://callider.kontur/pause/index" "Mozilla/5.0 (Windows NT 6.1; WOW64; rv:18.0) Gecko/20100101 Firefox/18.0" 21978
192.168.74.151 - - [17/Feb/2013:07:25:15 +0600] "GET /tv/useUser HTTP/1.1" 200 431 "http://callider.kontur/pause/index" "Mozilla/5.0 (Windows NT 6.1; WOW64; rv:18.0) Gecko/20100101 Firefox/18.0" 8124
192.168.12.210 - - [17/Feb/2013:07:25:15 +0600] "GET /pause/ajaxPause?pauseConfigId=all&admin=1 HTTP/1.1" 200 1047 "http://callider/pause/index" "Mozilla/4.0 (compatible; MSIE 7.0; Windows NT 6.1; WOW64; Trident/5.0; SLCC2; .NET CLR 2.0.50727; .NET CLR 3.5.30729; .NET CLR 3.0.30729; Media Center PC 6.0; InfoPath.3; .NET4.0C; .NET4.0E)" 102032
192.168.12.61 - - [17/Feb/2013:07:25:15 +0600] "GET /pause/ajaxPause?pauseConfigId=&admin=0 HTTP/1.1" 200 985 "http://callider/pause/index" "Mozilla/4.0 (compatible; MSIE 7.0; Windows NT 6.1; Trident/5.0; SLCC2; .NET CLR 2.0.50727; .NET CLR 3.5.30729; .NET CLR 3.0.30729; Media Center PC 6.0; InfoPath.3; .NET4.0C; .NET4.0E)" 17102
192.168.12.38 - - [17/Feb/2013:07:25:16 +0600] "GET /pause/ajaxPause?pauseConfigId=&admin=0 HTTP/1.1" 200 1040 "http://callider/pause/index" "Mozilla/4.0 (compatible; MSIE 7.0; Windows NT 6.1; WOW64; Trident/5.0; SLCC2; .NET CLR 2.0.50727; .NET CLR 3.5.30729; .NET CLR 3.0.30729; Media Center PC 6.0; InfoPath.3; .NET4.0C; .NET4.0E)" 18184
192.168.12.77 - - [17/Feb/2013:07:25:16 +0600] "GET /pause/ajaxPause?pauseConfigId=&admin=0 HTTP/1.1" 200 1039 "http://callider/pause/index" "Mozilla/4.0 (compatible; MSIE 7.0; Windows NT 6.1; Trident/5.0; SLCC2; .NET CLR 2.0.50727; .NET CLR 3.5.30729; .NET CLR 3.0.30729; Media Center PC 6.0; Tablet PC 2.0; InfoPath.3; .NET4.0C; .NET4.0E; MS-RTC LM 8)" 12732
192.168.65.56 - - [17/Feb/2013:07:25:16 +0600] "GET /pause/ajaxPause?pauseConfigId=all&admin=1 HTTP/1.1" 200 1046 "http://192.168.65.101/pause/index" "Mozilla/5.0 (Windows NT 5.1; rv:15.0) Gecko/20100101 Firefox/15.0" 34249
192.168.12.60 - - [17/Feb/2013:07:25:17 +0600] "GET /pause/ajaxPause?pauseConfigId=&admin=0 HTTP/1.1" 200 986 "http://callider/pause/index" "Mozilla/4.0 (compatible; MSIE 8.0; Windows NT 6.1; Trident/4.0; InfoPath.3; .NET4.0C; MS-RTC LM 8; .NET4.0E)" 23122
192.168.12.204 - - [17/Feb/2013:07:25:17 +0600] "GET /pause/ajaxPause?pauseConfigId=&admin=0 HTTP/1.1" 200 986 "http://callider/pause/index" "Mozilla/4.0 (compatible; MSIE 7.0; Windows NT 6.1; WOW64; Trident/4.0; SLCC2; .NET CLR 2.0.50727; .NET CLR 3.5.30729; .NET CLR 3.0.30729; Media Center PC 6.0; InfoPath.3; .NET4.0C; .NET4.0E; .NET CLR 1.1.4322)" 148006
192.168.74.78 - - [17/Feb/2013:07:25:19 +0600] "GET /pause/ajaxPause?pauseConfigId=&admin=0 HTTP/1.1" 200 986 "http://callider/pause/index" "Mozilla/4.0 (compatible; MSIE 7.0; Windows NT 6.1; WOW64; Trident/5.0; SLCC2; .NET CLR 2.0.50727; .NET CLR 3.5.30729; .NET CLR 3.0.30729; Media Center PC 6.0; InfoPath.3; .NET4.0C; MS-RTC LM 8; .NET4.0E)" 21842
192.168.12.10 - - [17/Feb/2013:07:25:19 +0600] "GET /tv/useUser HTTP/1.1" 200 432 "http://callider/graph/personal" "Mozilla/4.0 (compatible; MSIE 7.0; Windows NT 6.1; Trident/5.0; SLCC2; .NET CLR 2.0.50727; .NET CLR 3.5.30729; .NET CLR 3.0.30729; Media Center PC 6.0; InfoPath.3; .NET4.0C; .NET4.0E; Tablet PC 2.0; MS-RTC LM 8)" 15701
192.168.12.108 - - [17/Feb/2013:07:25:19 +0600] "GET /tv/useUser HTTP/1.1" 200 432 "http://callider/index.php" "Mozilla/4.0 (compatible; MSIE 7.0; Windows NT 6.2; WOW64; Trident/6.0; .NET4.0E; .NET4.0C; InfoPath.3; .NET CLR 3.5.30729; .NET CLR 2.0.50727; .NET CLR 3.0.30729)" 15390
192.168.12.69 - - [17/Feb/2013:07:25:20 +0600] "GET /pause/ajaxPause?pauseConfigId=&admin=0 HTTP/1.1" 200 986 "http://callider/pause/index" "Mozilla/4.0 (compatible; MSIE 7.0; Windows NT 6.1; Trident/5.0; SLCC2; .NET CLR 2.0.50727; .NET CLR 3.5.30729; .NET CLR 3.0.30729; Media Center PC 6.0; InfoPath.3; .NET4.0C; .NET4.0E; Tablet PC 2.0; AskTbFXTV5/5.14.1.20007)" 19572
192.168.74.91 - - [17/Feb/2013:07:25:20 +0600] "GET /pause/ajaxPause?pauseConfigId=&admin=0 HTTP/1.1" 200 986 "http://callider/pause/index" "Mozilla/4.0 (compatible; MSIE 7.0; Windows NT 6.1; WOW64; Trident/5.0; SLCC2; .NET CLR 2.0.50727; .NET CLR 3.5.30729; .NET CLR 3.0.30729; Media Center PC 6.0; InfoPath.3; .NET4.0C; MS-RTC LM 8; .NET4.0E)" 19232
192.168.74.151 - - [17/Feb/2013:07:25:20 +0600] "GET /pause/ajaxPause?pauseConfigId=&admin=0 HTTP/1.1" 200 987 "http://callider.kontur/pause/index" "Mozilla/5.0 (Windows NT 6.1; WOW64; rv:18.0) Gecko/20100101 Firefox/18.0" 18048
192.168.12.210 - - [17/Feb/2013:07:25:20 +0600] "GET /pause/ajaxPause?pauseConfigId=all&admin=1 HTTP/1.1" 200 1047 "http://callider/pause/index" "Mozilla/4.0 (compatible; MSIE 7.0; Windows NT 6.1; WOW64; Trident/5.0; SLCC2; .NET CLR 2.0.50727; .NET CLR 3.5.30729; .NET CLR 3.0.30729; Media Center PC 6.0; InfoPath.3; .NET4.0C; .NET4.0E)" 19040
192.168.12.61 - - [17/Feb/2013:07:25:20 +0600] "GET /pause/ajaxPause?pauseConfigId=&admin=0 HTTP/1.1" 200 985 "http://callider/pause/index" "Mozilla/4.0 (compatible; MSIE 7.0; Windows NT 6.1; Trident/5.0; SLCC2; .NET CLR 2.0.50727; .NET CLR 3.5.30729; .NET CLR 3.0.30729; Media Center PC 6.0; InfoPath.3; .NET4.0C; .NET4.0E)" 20321
192.168.12.38 - - [17/Feb/2013:07:25:21 +0600] "GET /pause/ajaxPause?pauseConfigId=&admin=0 HTTP/1.1" 200 1040 "http://callider/pause/index" "Mozilla/4.0 (compatible; MSIE 7.0; Windows NT 6.1; WOW64; Trident/5.0; SLCC2; .NET CLR 2.0.50727; .NET CLR 3.5.30729; .NET CLR 3.0.30729; Media Center PC 6.0; InfoPath.3; .NET4.0C; .NET4.0E)" 17494
192.168.12.77 - - [17/Feb/2013:07:25:21 +0600] "GET /pause/ajaxPause?pauseConfigId=&admin=0 HTTP/1.1" 200 1039 "http://callider/pause/index" "Mozilla/4.0 (compatible; MSIE 7.0; Windows NT 6.1; Trident/5.0; SLCC2; .NET CLR 2.0.50727; .NET CLR 3.5.30729; .NET CLR 3.0.30729; Media Center PC 6.0; Tablet PC 2.0; InfoPath.3; .NET4.0C; .NET4.0E; MS-RTC LM 8)" 62531
192.168.65.56 - - [17/Feb/2013:07:25:21 +0600] "GET /pause/ajaxPause?pauseConfigId=all&admin=1 HTTP/1.1" 200 1046 "http://192.168.65.101/pause/index" "Mozilla/5.0 (Windows NT 5.1; rv:15.0) Gecko/20100101 Firefox/15.0" 31676
192.168.12.60 - - [17/Feb/2013:07:25:22 +0600] "GET /pause/ajaxPause?pauseConfigId=&admin=0 HTTP/1.1" 200 986 "http://callider/pause/index" "Mozilla/4.0 (compatible; MSIE 8.0; Windows NT 6.1; Trident/4.0; InfoPath.3; .NET4.0C; MS-RTC LM 8; .NET4.0E)" 22576
192.168.12.204 - - [17/Feb/2013:07:25:22 +0600] "GET /pause/ajaxPause?pauseConfigId=&admin=0 HTTP/1.1" 200 986 "http://callider/pause/index" "Mozilla/4.0 (compatible; MSIE 7.0; Windows NT 6.1; WOW64; Trident/4.0; SLCC2; .NET CLR 2.0.50727; .NET CLR 3.5.30729; .NET CLR 3.0.30729; Media Center PC 6.0; InfoPath.3; .NET4.0C; .NET4.0E; .NET CLR 1.1.4322)" 109719
192.168.74.78 - - [17/Feb/2013:07:25:24 +0600] "GET /pause/ajaxPause?pauseConfigId=&admin=0 HTTP/1.1" 200 986 "http://callider/pause/index" "Mozilla/4.0 (compatible; MSIE 7.0; Windows NT 6.1; WOW64; Trident/5.0; SLCC2; .NET CLR 2.0.50727; .NET CLR 3.5.30729; .NET CLR 3.0.30729; Media Center PC 6.0; InfoPath.3; .NET4.0C; MS-RTC LM 8; .NET4.0E)" 21280
192.168.12.69 - - [17/Feb/2013:07:25:25 +0600] "GET /pause/ajaxPause?pauseConfigId=&admin=0 HTTP/1.1" 200 986 "http://callider/pause/index" "Mozilla/4.0 (compatible; MSIE 7.0; Windows NT 6.1; Trident/5.0; SLCC2; .NET CLR 2.0.50727; .NET CLR 3.5.30729; .NET CLR 3.0.30729; Media Center PC 6.0; InfoPath.3; .NET4.0C; .NET4.0E; Tablet PC 2.0; AskTbFXTV5/5.14.1.20007)" 23580
192.168.74.91 - - [17/Feb/2013:07:25:25 +0600] "GET /pause/ajaxPause?pauseConfigId=&admin=0 HTTP/1.1" 200 986 "http://callider/pause/index" "Mozilla/4.0 (compatible; MSIE 7.0; Windows NT 6.1; WOW64; Trident/5.0; SLCC2; .NET CLR 2.0.50727; .NET CLR 3.5.30729; .NET CLR 3.0.30729; Media Center PC 6.0; InfoPath.3; .NET4.0C; MS-RTC LM 8; .NET4.0E)" 23697
192.168.74.151 - - [17/Feb/2013:07:25:25 +0600] "GET /pause/ajaxPause?pauseConfigId=&admin=0 HTTP/1.1" 200 987 "http://callider.kontur/pause/index" "Mozilla/5.0 (Windows NT 6.1; WOW64; rv:18.0) Gecko/20100101 Firefox/18.0" 20857
192.168.12.210 - - [17/Feb/2013:07:25:25 +0600] "GET /pause/ajaxPause?pauseConfigId=all&admin=1 HTTP/1.1" 200 1047 "http://callider/pause/index" "Mozilla/4.0 (compatible; MSIE 7.0; Windows NT 6.1; WOW64; Trident/5.0; SLCC2; .NET CLR 2.0.50727; .NET CLR 3.5.30729; .NET CLR 3.0.30729; Media Center PC 6.0; InfoPath.3; .NET4.0C; .NET4.0E)" 21132
192.168.12.61 - - [17/Feb/2013:07:25:25 +0600] "GET /pause/ajaxPause?pauseConfigId=&admin=0 HTTP/1.1" 200 985 "http://callider/pause/index" "Mozilla/4.0 (compatible; MSIE 7.0; Windows NT 6.1; Trident/5.0; SLCC2; .NET CLR 2.0.50727; .NET CLR 3.5.30729; .NET CLR 3.0.30729; Media Center PC 6.0; InfoPath.3; .NET4.0C; .NET4.0E)" 16253
192.168.12.38 - - [17/Feb/2013:07:25:26 +0600] "GET /pause/ajaxPause?pauseConfigId=&admin=0 HTTP/1.1" 200 1040 "http://callider/pause/index" "Mozilla/4.0 (compatible; MSIE 7.0; Windows NT 6.1; WOW64; Trident/5.0; SLCC2; .NET CLR 2.0.50727; .NET CLR 3.5.30729; .NET CLR 3.0.30729; Media Center PC 6.0; InfoPath.3; .NET4.0C; .NET4.0E)" 22275
192.168.12.77 - - [17/Feb/2013:07:25:26 +0600] "GET /pause/ajaxPause?pauseConfigId=&admin=0 HTTP/1.1" 200 1039 "http://callider/pause/index" "Mozilla/4.0 (compatible; MSIE 7.0; Windows NT 6.1; Trident/5.0; SLCC2; .NET CLR 2.0.50727; .NET CLR 3.5.30729; .NET CLR 3.0.30729; Media Center PC 6.0; Tablet PC 2.0; InfoPath.3; .NET4.0C; .NET4.0E; MS-RTC LM 8)" 12889
192.168.65.56 - - [17/Feb/2013:07:25:26 +0600] "GET /pause/ajaxPause?pauseConfigId=all&admin=1 HTTP/1.1" 200 1046 "http://192.168.65.101/pause/index" "Mozilla/5.0 (Windows NT 5.1; rv:15.0) Gecko/20100101 Firefox/15.0" 34588
192.168.12.60 - - [17/Feb/2013:07:25:27 +0600] "GET /pause/ajaxPause?pauseConfigId=&admin=0 HTTP/1.1" 200 986 "http://callider/pause/index" "Mozilla/4.0 (compatible; MSIE 8.0; Windows NT 6.1; Trident/4.0; InfoPath.3; .NET4.0C; MS-RTC LM 8; .NET4.0E)" 20596
192.168.12.204 - - [17/Feb/2013:07:25:27 +0600] "GET /pause/ajaxPause?pauseConfigId=&admin=0 HTTP/1.1" 200 986 "http://callider/pause/index" "Mozilla/4.0 (compatible; MSIE 7.0; Windows NT 6.1; WOW64; Trident/4.0; SLCC2; .NET CLR 2.0.50727; .NET CLR 3.5.30729; .NET CLR 3.0.30729; Media Center PC 6.0; InfoPath.3; .NET4.0C; .NET4.0E; .NET CLR 1.1.4322)" 20826
192.168.74.78 - - [17/Feb/2013:07:25:29 +0600] "GET /pause/ajaxPause?pauseConfigId=&admin=0 HTTP/1.1" 200 986 "http://callider/pause/index" "Mozilla/4.0 (compatible; MSIE 7.0; Windows NT 6.1; WOW64; Trident/5.0; SLCC2; .NET CLR 2.0.50727; .NET CLR 3.5.30729; .NET CLR 3.0.30729; Media Center PC 6.0; InfoPath.3; .NET4.0C; MS-RTC LM 8; .NET4.0E)" 18142
192.168.12.69 - - [17/Feb/2013:07:25:30 +0600] "GET /pause/ajaxPause?pauseConfigId=&admin=0 HTTP/1.1" 200 986 "http://callider/pause/index" "Mozilla/4.0 (compatible; MSIE 7.0; Windows NT 6.1; Trident/5.0; SLCC2; .NET CLR 2.0.50727; .NET CLR 3.5.30729; .NET CLR 3.0.30729; Media Center PC 6.0; InfoPath.3; .NET4.0C; .NET4.0E; Tablet PC 2.0; AskTbFXTV5/5.14.1.20007)" 172515
192.168.74.91 - - [17/Feb/2013:07:25:30 +0600] "GET /pause/ajaxPause?pauseConfigId=&admin=0 HTTP/1.1" 200 986 "http://callider/pause/index" "Mozilla/4.0 (compatible; MSIE 7.0; Windows NT 6.1; WOW64; Trident/5.0; SLCC2; .NET CLR 2.0.50727; .NET CLR 3.5.30729; .NET CLR 3.0.30729; Media Center PC 6.0; InfoPath.3; .NET4.0C; MS-RTC LM 8; .NET4.0E)" 25347
192.168.74.151 - - [17/Feb/2013:07:25:30 +0600] "GET /pause/ajaxPause?pauseConfigId=&admin=0 HTTP/1.1" 200 987 "http://callider.kontur/pause/index" "Mozilla/5.0 (Windows NT 6.1; WOW64; rv:18.0) Gecko/20100101 Firefox/18.0" 19321
192.168.12.210 - - [17/Feb/2013:07:25:30 +0600] "GET /pause/ajaxPause?pauseConfigId=all&admin=1 HTTP/1.1" 200 1047 "http://callider/pause/index" "Mozilla/4.0 (compatible; MSIE 7.0; Windows NT 6.1; WOW64; Trident/5.0; SLCC2; .NET CLR 2.0.50727; .NET CLR 3.5.30729; .NET CLR 3.0.30729; Media Center PC 6.0; InfoPath.3; .NET4.0C; .NET4.0E)" 22142
192.168.12.61 - - [17/Feb/2013:07:25:30 +0600] "GET /pause/ajaxPause?pauseConfigId=&admin=0 HTTP/1.1" 200 986 "http://callider/pause/index" "Mozilla/4.0 (compatible; MSIE 7.0; Windows NT 6.1; Trident/5.0; SLCC2; .NET CLR 2.0.50727; .NET CLR 3.5.30729; .NET CLR 3.0.30729; Media Center PC 6.0; InfoPath.3; .NET4.0C; .NET4.0E)" 26846
192.168.12.38 - - [17/Feb/2013:07:25:31 +0600] "GET /pause/ajaxPause?pauseConfigId=&admin=0 HTTP/1.1" 200 1040 "http://callider/pause/index" "Mozilla/4.0 (compatible; MSIE 7.0; Windows NT 6.1; WOW64; Trident/5.0; SLCC2; .NET CLR 2.0.50727; .NET CLR 3.5.30729; .NET CLR 3.0.30729; Media Center PC 6.0; InfoPath.3; .NET4.0C; .NET4.0E)" 22557
192.168.12.77 - - [17/Feb/2013:07:25:31 +0600] "GET /pause/ajaxPause?pauseConfigId=&admin=0 HTTP/1.1" 200 1039 "http://callider/pause/index" "Mozilla/4.0 (compatible; MSIE 7.0; Windows NT 6.1; Trident/5.0; SLCC2; .NET CLR 2.0.50727; .NET CLR 3.5.30729; .NET CLR 3.0.30729; Media Center PC 6.0; Tablet PC 2.0; InfoPath.3; .NET4.0C; .NET4.0E; MS-RTC LM 8)" 14676
192.168.65.56 - - [17/Feb/2013:07:25:31 +0600] "GET /pause/ajaxPause?pauseConfigId=all&admin=1 HTTP/1.1" 200 1046 "http://192.168.65.101/pause/index" "Mozilla/5.0 (Windows NT 5.1; rv:15.0) Gecko/20100101 Firefox/15.0" 34479
192.168.12.60 - - [17/Feb/2013:07:25:32 +0600] "GET /pause/ajaxPause?pauseConfigId=&admin=0 HTTP/1.1" 200 986 "http://callider/pause/index" "Mozilla/4.0 (compatible; MSIE 8.0; Windows NT 6.1; Trident/4.0; InfoPath.3; .NET4.0C; MS-RTC LM 8; .NET4.0E)" 88450
192.168.12.204 - - [17/Feb/2013:07:25:32 +0600] "GET /pause/ajaxPause?pauseConfigId=&admin=0 HTTP/1.1" 200 986 "http://callider/pause/index" "Mozilla/4.0 (compatible; MSIE 7.0; Windows NT 6.1; WOW64; Trident/4.0; SLCC2; .NET CLR 2.0.50727; .NET CLR 3.5.30729; .NET CLR 3.0.30729; Media Center PC 6.0; InfoPath.3; .NET4.0C; .NET4.0E; .NET CLR 1.1.4322)" 151868
192.168.74.78 - - [17/Feb/2013:07:25:34 +0600] "GET /pause/ajaxPause?pauseConfigId=&admin=0 HTTP/1.1" 200 986 "http://callider/pause/index" "Mozilla/4.0 (compatible; MSIE 7.0; Windows NT 6.1; WOW64; Trident/5.0; SLCC2; .NET CLR 2.0.50727; .NET CLR 3.5.30729; .NET CLR 3.0.30729; Media Center PC 6.0; InfoPath.3; .NET4.0C; MS-RTC LM 8; .NET4.0E)" 24099
192.168.12.67 - - [17/Feb/2013:07:25:34 +0600] "GET /tv/useUser HTTP/1.1" 200 432 "http://callider/graph/personal" "Mozilla/4.0 (compatible; MSIE 7.0; Windows NT 6.1; Trident/5.0; SLCC2; .NET CLR 2.0.50727; .NET CLR 3.5.30729; .NET CLR 3.0.30729; Media Center PC 6.0; .NET4.0C; .NET4.0E; InfoPath.3; Tablet PC 2.0; MS-RTC LM 8)" 26080
192.168.12.69 - - [17/Feb/2013:07:25:35 +0600] "GET /pause/ajaxPause?pauseConfigId=&admin=0 HTTP/1.1" 200 986 "http://callider/pause/index" "Mozilla/4.0 (compatible; MSIE 7.0; Windows NT 6.1; Trident/5.0; SLCC2; .NET CLR 2.0.50727; .NET CLR 3.5.30729; .NET CLR 3.0.30729; Media Center PC 6.0; InfoPath.3; .NET4.0C; .NET4.0E; Tablet PC 2.0; AskTbFXTV5/5.14.1.20007)" 25942
192.168.74.91 - - [17/Feb/2013:07:25:35 +0600] "GET /pause/ajaxPause?pauseConfigId=&admin=0 HTTP/1.1" 200 986 "http://callider/pause/index" "Mozilla/4.0 (compatible; MSIE 7.0; Windows NT 6.1; WOW64; Trident/5.0; SLCC2; .NET CLR 2.0.50727; .NET CLR 3.5.30729; .NET CLR 3.0.30729; Media Center PC 6.0; InfoPath.3; .NET4.0C; MS-RTC LM 8; .NET4.0E)" 20872
192.168.74.151 - - [17/Feb/2013:07:25:35 +0600] "GET /pause/ajaxPause?pauseConfigId=&admin=0 HTTP/1.1" 200 987 "http://callider.kontur/pause/index" "Mozilla/5.0 (Windows NT 6.1; WOW64; rv:18.0) Gecko/20100101 Firefox/18.0" 19842
192.168.12.210 - - [17/Feb/2013:07:25:35 +0600] "GET /pause/ajaxPause?pauseConfigId=all&admin=1 HTTP/1.1" 200 1047 "http://callider/pause/index" "Mozilla/4.0 (compatible; MSIE 7.0; Windows NT 6.1; WOW64; Trident/5.0; SLCC2; .NET CLR 2.0.50727; .NET CLR 3.5.30729; .NET CLR 3.0.30729; Media Center PC 6.0; InfoPath.3; .NET4.0C; .NET4.0E)" 155243
192.168.12.61 - - [17/Feb/2013:07:25:35 +0600] "GET /pause/ajaxPause?pauseConfigId=&admin=0 HTTP/1.1" 200 985 "http://callider/pause/index" "Mozilla/4.0 (compatible; MSIE 7.0; Windows NT 6.1; Trident/5.0; SLCC2; .NET CLR 2.0.50727; .NET CLR 3.5.30729; .NET CLR 3.0.30729; Media Center PC 6.0; InfoPath.3; .NET4.0C; .NET4.0E)" 18243
192.168.12.38 - - [17/Feb/2013:07:25:36 +0600] "GET /pause/ajaxPause?pauseConfigId=&admin=0 HTTP/1.1" 200 1040 "http://callider/pause/index" "Mozilla/4.0 (compatible; MSIE 7.0; Windows NT 6.1; WOW64; Trident/5.0; SLCC2; .NET CLR 2.0.50727; .NET CLR 3.5.30729; .NET CLR 3.0.30729; Media Center PC 6.0; InfoPath.3; .NET4.0C; .NET4.0E)" 15560
192.168.12.77 - - [17/Feb/2013:07:25:36 +0600] "GET /pause/ajaxPause?pauseConfigId=&admin=0 HTTP/1.1" 200 1039 "http://callider/pause/index" "Mozilla/4.0 (compatible; MSIE 7.0; Windows NT 6.1; Trident/5.0; SLCC2; .NET CLR 2.0.50727; .NET CLR 3.5.30729; .NET CLR 3.0.30729; Media Center PC 6.0; Tablet PC 2.0; InfoPath.3; .NET4.0C; .NET4.0E; MS-RTC LM 8)" 13783
192.168.65.56 - - [17/Feb/2013:07:25:36 +0600] "GET /pause/ajaxPause?pauseConfigId=all&admin=1 HTTP/1.1" 200 1046 "http://192.168.65.101/pause/index" "Mozilla/5.0 (Windows NT 5.1; rv:15.0) Gecko/20100101 Firefox/15.0" 30775
192.168.12.60 - - [17/Feb/2013:07:25:37 +0600] "GET /pause/ajaxPause?pauseConfigId=&admin=0 HTTP/1.1" 200 986 "http://callider/pause/index" "Mozilla/4.0 (compatible; MSIE 8.0; Windows NT 6.1; Trident/4.0; InfoPath.3; .NET4.0C; MS-RTC LM 8; .NET4.0E)" 21325
192.168.12.204 - - [17/Feb/2013:07:25:37 +0600] "GET /pause/ajaxPause?pauseConfigId=&admin=0 HTTP/1.1" 200 986 "http://callider/pause/index" "Mozilla/4.0 (compatible; MSIE 7.0; Windows NT 6.1; WOW64; Trident/4.0; SLCC2; .NET CLR 2.0.50727; .NET CLR 3.5.30729; .NET CLR 3.0.30729; Media Center PC 6.0; InfoPath.3; .NET4.0C; .NET4.0E; .NET CLR 1.1.4322)" 22510
192.168.74.93 - - [17/Feb/2013:07:25:38 +0600] "GET /tv/useUser HTTP/1.1" 200 432 "http://callider/graph/personal" "Mozilla/4.0 (compatible; MSIE 7.0; Windows NT 6.1; WOW64; Trident/5.0; SLCC2; .NET CLR 2.0.50727; .NET CLR 3.5.30729; .NET CLR 3.0.30729; Media Center PC 6.0; InfoPath.3; .NET4.0C; .NET4.0E)" 16099
192.168.12.210 - - [17/Feb/2013:07:25:39 +0600] "GET /tv/useUser HTTP/1.1" 200 431 "http://callider/graph/general" "Mozilla/4.0 (compatible; MSIE 7.0; Windows NT 6.1; WOW64; Trident/5.0; SLCC2; .NET CLR 2.0.50727; .NET CLR 3.5.30729; .NET CLR 3.0.30729; Media Center PC 6.0; InfoPath.3; .NET4.0C; .NET4.0E)" 8706
192.168.74.78 - - [17/Feb/2013:07:25:39 +0600] "GET /pause/ajaxPause?pauseConfigId=&admin=0 HTTP/1.1" 200 986 "http://callider/pause/index" "Mozilla/4.0 (compatible; MSIE 7.0; Windows NT 6.1; WOW64; Trident/5.0; SLCC2; .NET CLR 2.0.50727; .NET CLR 3.5.30729; .NET CLR 3.0.30729; Media Center PC 6.0; InfoPath.3; .NET4.0C; MS-RTC LM 8; .NET4.0E)" 21528
192.168.12.69 - - [17/Feb/2013:07:25:40 +0600] "GET /pause/ajaxPause?pauseConfigId=&admin=0 HTTP/1.1" 200 986 "http://callider/pause/index" "Mozilla/4.0 (compatible; MSIE 7.0; Windows NT 6.1; Trident/5.0; SLCC2; .NET CLR 2.0.50727; .NET CLR 3.5.30729; .NET CLR 3.0.30729; Media Center PC 6.0; InfoPath.3; .NET4.0C; .NET4.0E; Tablet PC 2.0; AskTbFXTV5/5.14.1.20007)" 22509
192.168.74.91 - - [17/Feb/2013:07:25:40 +0600] "GET /pause/ajaxPause?pauseConfigId=&admin=0 HTTP/1.1" 200 986 "http://callider/pause/index" "Mozilla/4.0 (compatible; MSIE 7.0; Windows NT 6.1; WOW64; Trident/5.0; SLCC2; .NET CLR 2.0.50727; .NET CLR 3.5.30729; .NET CLR 3.0.30729; Media Center PC 6.0; InfoPath.3; .NET4.0C; MS-RTC LM 8; .NET4.0E)" 18037
192.168.74.151 - - [17/Feb/2013:07:25:40 +0600] "GET /pause/ajaxPause?pauseConfigId=&admin=0 HTTP/1.1" 200 987 "http://callider.kontur/pause/index" "Mozilla/5.0 (Windows NT 6.1; WOW64; rv:18.0) Gecko/20100101 Firefox/18.0" 19805
192.168.12.210 - - [17/Feb/2013:07:25:40 +0600] "GET /pause/ajaxPause?pauseConfigId=all&admin=1 HTTP/1.1" 200 1047 "http://callider/pause/index" "Mozilla/4.0 (compatible; MSIE 7.0; Windows NT 6.1; WOW64; Trident/5.0; SLCC2; .NET CLR 2.0.50727; .NET CLR 3.5.30729; .NET CLR 3.0.30729; Media Center PC 6.0; InfoPath.3; .NET4.0C; .NET4.0E)" 18102
192.168.12.61 - - [17/Feb/2013:07:25:40 +0600] "GET /pause/ajaxPause?pauseConfigId=&admin=0 HTTP/1.1" 200 986 "http://callider/pause/index" "Mozilla/4.0 (compatible; MSIE 7.0; Windows NT 6.1; Trident/5.0; SLCC2; .NET CLR 2.0.50727; .NET CLR 3.5.30729; .NET CLR 3.0.30729; Media Center PC 6.0; InfoPath.3; .NET4.0C; .NET4.0E)" 30773
192.168.12.9 - - [17/Feb/2013:07:25:40 +0600] "GET /tv/useUser HTTP/1.1" 200 432 "http://callider.kontur/site/index" "Mozilla/5.0 (Windows NT 6.1; WOW64) AppleWebKit/537.17 (KHTML, like Gecko) Chrome/24.0.1312.57 Safari/537.17" 15664
192.168.12.38 - - [17/Feb/2013:07:25:41 +0600] "GET /pause/ajaxPause?pauseConfigId=&admin=0 HTTP/1.1" 200 1040 "http://callider/pause/index" "Mozilla/4.0 (compatible; MSIE 7.0; Windows NT 6.1; WOW64; Trident/5.0; SLCC2; .NET CLR 2.0.50727; .NET CLR 3.5.30729; .NET CLR 3.0.30729; Media Center PC 6.0; InfoPath.3; .NET4.0C; .NET4.0E)" 15410
192.168.12.77 - - [17/Feb/2013:07:25:41 +0600] "GET /pause/ajaxPause?pauseConfigId=&admin=0 HTTP/1.1" 200 1039 "http://callider/pause/index" "Mozilla/4.0 (compatible; MSIE 7.0; Windows NT 6.1; Trident/5.0; SLCC2; .NET CLR 2.0.50727; .NET CLR 3.5.30729; .NET CLR 3.0.30729; Media Center PC 6.0; Tablet PC 2.0; InfoPath.3; .NET4.0C; .NET4.0E; MS-RTC LM 8)" 14100
192.168.65.56 - - [17/Feb/2013:07:25:41 +0600] "GET /pause/ajaxPause?pauseConfigId=all&admin=1 HTTP/1.1" 200 1046 "http://192.168.65.101/pause/index" "Mozilla/5.0 (Windows NT 5.1; rv:15.0) Gecko/20100101 Firefox/15.0" 31891
192.168.12.60 - - [17/Feb/2013:07:25:42 +0600] "GET /pause/ajaxPause?pauseConfigId=&admin=0 HTTP/1.1" 200 986 "http://callider/pause/index" "Mozilla/4.0 (compatible; MSIE 8.0; Windows NT 6.1; Trident/4.0; InfoPath.3; .NET4.0C; MS-RTC LM 8; .NET4.0E)" 20667
192.168.12.204 - - [17/Feb/2013:07:25:42 +0600] "GET /pause/ajaxPause?pauseConfigId=&admin=0 HTTP/1.1" 200 986 "http://callider/pause/index" "Mozilla/4.0 (compatible; MSIE 7.0; Windows NT 6.1; WOW64; Trident/4.0; SLCC2; .NET CLR 2.0.50727; .NET CLR 3.5.30729; .NET CLR 3.0.30729; Media Center PC 6.0; InfoPath.3; .NET4.0C; .NET4.0E; .NET CLR 1.1.4322)" 33830
192.168.74.78 - - [17/Feb/2013:07:25:44 +0600] "GET /pause/ajaxPause?pauseConfigId=&admin=0 HTTP/1.1" 200 986 "http://callider/pause/index" "Mozilla/4.0 (compatible; MSIE 7.0; Windows NT 6.1; WOW64; Trident/5.0; SLCC2; .NET CLR 2.0.50727; .NET CLR 3.5.30729; .NET CLR 3.0.30729; Media Center PC 6.0; InfoPath.3; .NET4.0C; MS-RTC LM 8; .NET4.0E)" 19369
192.168.12.69 - - [17/Feb/2013:07:25:45 +0600] "GET /pause/ajaxPause?pauseConfigId=&admin=0 HTTP/1.1" 200 986 "http://callider/pause/index" "Mozilla/4.0 (compatible; MSIE 7.0; Windows NT 6.1; Trident/5.0; SLCC2; .NET CLR 2.0.50727; .NET CLR 3.5.30729; .NET CLR 3.0.30729; Media Center PC 6.0; InfoPath.3; .NET4.0C; .NET4.0E; Tablet PC 2.0; AskTbFXTV5/5.14.1.20007)" 22288
192.168.74.91 - - [17/Feb/2013:07:25:45 +0600] "GET /pause/ajaxPause?pauseConfigId=&admin=0 HTTP/1.1" 200 986 "http://callider/pause/index" "Mozilla/4.0 (compatible; MSIE 7.0; Windows NT 6.1; WOW64; Trident/5.0; SLCC2; .NET CLR 2.0.50727; .NET CLR 3.5.30729; .NET CLR 3.0.30729; Media Center PC 6.0; InfoPath.3; .NET4.0C; MS-RTC LM 8; .NET4.0E)" 20163
192.168.74.151 - - [17/Feb/2013:07:25:45 +0600] "GET /pause/ajaxPause?pauseConfigId=&admin=0 HTTP/1.1" 200 987 "http://callider.kontur/pause/index" "Mozilla/5.0 (Windows NT 6.1; WOW64; rv:18.0) Gecko/20100101 Firefox/18.0" 19213
192.168.12.210 - - [17/Feb/2013:07:25:45 +0600] "GET /pause/ajaxPause?pauseConfigId=all&admin=1 HTTP/1.1" 200 1047 "http://callider/pause/index" "Mozilla/4.0 (compatible; MSIE 7.0; Windows NT 6.1; WOW64; Trident/5.0; SLCC2; .NET CLR 2.0.50727; .NET CLR 3.5.30729; .NET CLR 3.0.30729; Media Center PC 6.0; InfoPath.3; .NET4.0C; .NET4.0E)" 22922
192.168.12.61 - - [17/Feb/2013:07:25:45 +0600] "GET /pause/ajaxPause?pauseConfigId=&admin=0 HTTP/1.1" 200 985 "http://callider/pause/index" "Mozilla/4.0 (compatible; MSIE 7.0; Windows NT 6.1; Trident/5.0; SLCC2; .NET CLR 2.0.50727; .NET CLR 3.5.30729; .NET CLR 3.0.30729; Media Center PC 6.0; InfoPath.3; .NET4.0C; .NET4.0E)" 22308
192.168.12.38 - - [17/Feb/2013:07:25:46 +0600] "GET /pause/ajaxPause?pauseConfigId=&admin=0 HTTP/1.1" 200 1040 "http://callider/pause/index" "Mozilla/4.0 (compatible; MSIE 7.0; Windows NT 6.1; WOW64; Trident/5.0; SLCC2; .NET CLR 2.0.50727; .NET CLR 3.5.30729; .NET CLR 3.0.30729; Media Center PC 6.0; InfoPath.3; .NET4.0C; .NET4.0E)" 18177
192.168.12.77 - - [17/Feb/2013:07:25:46 +0600] "GET /pause/ajaxPause?pauseConfigId=&admin=0 HTTP/1.1" 200 1039 "http://callider/pause/index" "Mozilla/4.0 (compatible; MSIE 7.0; Windows NT 6.1; Trident/5.0; SLCC2; .NET CLR 2.0.50727; .NET CLR 3.5.30729; .NET CLR 3.0.30729; Media Center PC 6.0; Tablet PC 2.0; InfoPath.3; .NET4.0C; .NET4.0E; MS-RTC LM 8)" 12667
192.168.65.56 - - [17/Feb/2013:07:25:46 +0600] "GET /pause/ajaxPause?pauseConfigId=all&admin=1 HTTP/1.1" 200 1046 "http://192.168.65.101/pause/index" "Mozilla/5.0 (Windows NT 5.1; rv:15.0) Gecko/20100101 Firefox/15.0" 31084
192.168.12.60 - - [17/Feb/2013:07:25:47 +0600] "GET /pause/ajaxPause?pauseConfigId=&admin=0 HTTP/1.1" 200 986 "http://callider/pause/index" "Mozilla/4.0 (compatible; MSIE 8.0; Windows NT 6.1; Trident/4.0; InfoPath.3; .NET4.0C; MS-RTC LM 8; .NET4.0E)" 29923
192.168.12.204 - - [17/Feb/2013:07:25:47 +0600] "GET /pause/ajaxPause?pauseConfigId=&admin=0 HTTP/1.1" 200 986 "http://callider/pause/index" "Mozilla/4.0 (compatible; MSIE 7.0; Windows NT 6.1; WOW64; Trident/4.0; SLCC2; .NET CLR 2.0.50727; .NET CLR 3.5.30729; .NET CLR 3.0.30729; Media Center PC 6.0; InfoPath.3; .NET4.0C; .NET4.0E; .NET CLR 1.1.4322)" 21944
192.168.12.210 - - [17/Feb/2013:07:25:49 +0600] "GET /tv/useUser HTTP/1.1" 200 431 "http://callider/pause/index" "Mozilla/4.0 (compatible; MSIE 7.0; Windows NT 6.1; WOW64; Trident/5.0; SLCC2; .NET CLR 2.0.50727; .NET CLR 3.5.30729; .NET CLR 3.0.30729; Media Center PC 6.0; InfoPath.3; .NET4.0C; .NET4.0E)" 11234
192.168.74.78 - - [17/Feb/2013:07:25:49 +0600] "GET /pause/ajaxPause?pauseConfigId=&admin=0 HTTP/1.1" 200 986 "http://callider/pause/index" "Mozilla/4.0 (compatible; MSIE 7.0; Windows NT 6.1; WOW64; Trident/5.0; SLCC2; .NET CLR 2.0.50727; .NET CLR 3.5.30729; .NET CLR 3.0.30729; Media Center PC 6.0; InfoPath.3; .NET4.0C; MS-RTC LM 8; .NET4.0E)" 37321
192.168.12.69 - - [17/Feb/2013:07:25:50 +0600] "GET /pause/ajaxPause?pauseConfigId=&admin=0 HTTP/1.1" 200 986 "http://callider/pause/index" "Mozilla/4.0 (compatible; MSIE 7.0; Windows NT 6.1; Trident/5.0; SLCC2; .NET CLR 2.0.50727; .NET CLR 3.5.30729; .NET CLR 3.0.30729; Media Center PC 6.0; InfoPath.3; .NET4.0C; .NET4.0E; Tablet PC 2.0; AskTbFXTV5/5.14.1.20007)" 17508
192.168.74.91 - - [17/Feb/2013:07:25:50 +0600] "GET /pause/ajaxPause?pauseConfigId=&admin=0 HTTP/1.1" 200 986 "http://callider/pause/index" "Mozilla/4.0 (compatible; MSIE 7.0; Windows NT 6.1; WOW64; Trident/5.0; SLCC2; .NET CLR 2.0.50727; .NET CLR 3.5.30729; .NET CLR 3.0.30729; Media Center PC 6.0; InfoPath.3; .NET4.0C; MS-RTC LM 8; .NET4.0E)" 18738
192.168.74.151 - - [17/Feb/2013:07:25:50 +0600] "GET /pause/ajaxPause?pauseConfigId=&admin=0 HTTP/1.1" 200 987 "http://callider.kontur/pause/index" "Mozilla/5.0 (Windows NT 6.1; WOW64; rv:18.0) Gecko/20100101 Firefox/18.0" 18025
192.168.12.210 - - [17/Feb/2013:07:25:50 +0600] "GET /pause/ajaxPause?pauseConfigId=all&admin=1 HTTP/1.1" 200 1047 "http://callider/pause/index" "Mozilla/4.0 (compatible; MSIE 7.0; Windows NT 6.1; WOW64; Trident/5.0; SLCC2; .NET CLR 2.0.50727; .NET CLR 3.5.30729; .NET CLR 3.0.30729; Media Center PC 6.0; InfoPath.3; .NET4.0C; .NET4.0E)" 19062
192.168.12.61 - - [17/Feb/2013:07:25:50 +0600] "GET /pause/ajaxPause?pauseConfigId=&admin=0 HTTP/1.1" 200 985 "http://callider/pause/index" "Mozilla/4.0 (compatible; MSIE 7.0; Windows NT 6.1; Trident/5.0; SLCC2; .NET CLR 2.0.50727; .NET CLR 3.5.30729; .NET CLR 3.0.30729; Media Center PC 6.0; InfoPath.3; .NET4.0C; .NET4.0E)" 21132
192.168.12.38 - - [17/Feb/2013:07:25:51 +0600] "GET /pause/ajaxPause?pauseConfigId=&admin=0 HTTP/1.1" 200 1040 "http://callider/pause/index" "Mozilla/4.0 (compatible; MSIE 7.0; Windows NT 6.1; WOW64; Trident/5.0; SLCC2; .NET CLR 2.0.50727; .NET CLR 3.5.30729; .NET CLR 3.0.30729; Media Center PC 6.0; InfoPath.3; .NET4.0C; .NET4.0E)" 18289
192.168.12.77 - - [17/Feb/2013:07:25:51 +0600] "GET /pause/ajaxPause?pauseConfigId=&admin=0 HTTP/1.1" 200 1039 "http://callider/pause/index" "Mozilla/4.0 (compatible; MSIE 7.0; Windows NT 6.1; Trident/5.0; SLCC2; .NET CLR 2.0.50727; .NET CLR 3.5.30729; .NET CLR 3.0.30729; Media Center PC 6.0; Tablet PC 2.0; InfoPath.3; .NET4.0C; .NET4.0E; MS-RTC LM 8)" 14728
192.168.65.56 - - [17/Feb/2013:07:25:51 +0600] "GET /pause/ajaxPause?pauseConfigId=all&admin=1 HTTP/1.1" 200 1046 "http://192.168.65.101/pause/index" "Mozilla/5.0 (Windows NT 5.1; rv:15.0) Gecko/20100101 Firefox/15.0" 29457
192.168.65.56 - - [17/Feb/2013:07:25:51 +0600] "GET /tv/useUser HTTP/1.1" 200 431 "http://192.168.65.101/pause/index" "Mozilla/5.0 (Windows NT 5.1; rv:15.0) Gecko/20100101 Firefox/15.0" 11507
192.168.65.93 - - [17/Feb/2013:07:25:52 +0600] "GET / HTTP/1.1" 302 530 "-" "System Center 2012 - Operations Manager 7.0.9538.0" 14495
192.168.65.93 - - [17/Feb/2013:07:25:52 +0600] "GET /site/login HTTP/1.1" 200 2771 "-" "System Center 2012 - Operations Manager 7.0.9538.0" 15490
192.168.12.60 - - [17/Feb/2013:07:25:52 +0600] "GET /pause/ajaxPause?pauseConfigId=&admin=0 HTTP/1.1" 200 986 "http://callider/pause/index" "Mozilla/4.0 (compatible; MSIE 8.0; Windows NT 6.1; Trident/4.0; InfoPath.3; .NET4.0C; MS-RTC LM 8; .NET4.0E)" 19028
192.168.12.204 - - [17/Feb/2013:07:25:52 +0600] "GET /pause/ajaxPause?pauseConfigId=&admin=0 HTTP/1.1" 200 986 "http://callider/pause/index" "Mozilla/4.0 (compatible; MSIE 7.0; Windows NT 6.1; WOW64; Trident/4.0; SLCC2; .NET CLR 2.0.50727; .NET CLR 3.5.30729; .NET CLR 3.0.30729; Media Center PC 6.0; InfoPath.3; .NET4.0C; .NET4.0E; .NET CLR 1.1.4322)" 20406
192.168.74.78 - - [17/Feb/2013:07:25:54 +0600] "GET /pause/ajaxPause?pauseConfigId=&admin=0 HTTP/1.1" 200 986 "http://callider/pause/index" "Mozilla/4.0 (compatible; MSIE 7.0; Windows NT 6.1; WOW64; Trident/5.0; SLCC2; .NET CLR 2.0.50727; .NET CLR 3.5.30729; .NET CLR 3.0.30729; Media Center PC 6.0; InfoPath.3; .NET4.0C; MS-RTC LM 8; .NET4.0E)" 22606
192.168.12.69 - - [17/Feb/2013:07:25:55 +0600] "GET /pause/ajaxPause?pauseConfigId=&admin=0 HTTP/1.1" 200 986 "http://callider/pause/index" "Mozilla/4.0 (compatible; MSIE 7.0; Windows NT 6.1; Trident/5.0; SLCC2; .NET CLR 2.0.50727; .NET CLR 3.5.30729; .NET CLR 3.0.30729; Media Center PC 6.0; InfoPath.3; .NET4.0C; .NET4.0E; Tablet PC 2.0; AskTbFXTV5/5.14.1.20007)" 17507
192.168.74.91 - - [17/Feb/2013:07:25:55 +0600] "GET /pause/ajaxPause?pauseConfigId=&admin=0 HTTP/1.1" 200 986 "http://callider/pause/index" "Mozilla/4.0 (compatible; MSIE 7.0; Windows NT 6.1; WOW64; Trident/5.0; SLCC2; .NET CLR 2.0.50727; .NET CLR 3.5.30729; .NET CLR 3.0.30729; Media Center PC 6.0; InfoPath.3; .NET4.0C; MS-RTC LM 8; .NET4.0E)" 133539
192.168.74.151 - - [17/Feb/2013:07:25:55 +0600] "GET /pause/ajaxPause?pauseConfigId=&admin=0 HTTP/1.1" 200 987 "http://callider.kontur/pause/index" "Mozilla/5.0 (Windows NT 6.1; WOW64; rv:18.0) Gecko/20100101 Firefox/18.0" 109161
192.168.12.210 - - [17/Feb/2013:07:25:55 +0600] "GET /pause/ajaxPause?pauseConfigId=all&admin=1 HTTP/1.1" 200 1047 "http://callider/pause/index" "Mozilla/4.0 (compatible; MSIE 7.0; Windows NT 6.1; WOW64; Trident/5.0; SLCC2; .NET CLR 2.0.50727; .NET CLR 3.5.30729; .NET CLR 3.0.30729; Media Center PC 6.0; InfoPath.3; .NET4.0C; .NET4.0E)" 150378
192.168.12.61 - - [17/Feb/2013:07:25:55 +0600] "GET /pause/ajaxPause?pauseConfigId=&admin=0 HTTP/1.1" 200 985 "http://callider/pause/index" "Mozilla/4.0 (compatible; MSIE 7.0; Windows NT 6.1; Trident/5.0; SLCC2; .NET CLR 2.0.50727; .NET CLR 3.5.30729; .NET CLR 3.0.30729; Media Center PC 6.0; InfoPath.3; .NET4.0C; .NET4.0E)" 40875
192.168.12.38 - - [17/Feb/2013:07:25:56 +0600] "GET /pause/ajaxPause?pauseConfigId=&admin=0 HTTP/1.1" 200 1040 "http://callider/pause/index" "Mozilla/4.0 (compatible; MSIE 7.0; Windows NT 6.1; WOW64; Trident/5.0; SLCC2; .NET CLR 2.0.50727; .NET CLR 3.5.30729; .NET CLR 3.0.30729; Media Center PC 6.0; InfoPath.3; .NET4.0C; .NET4.0E)" 16031
192.168.12.77 - - [17/Feb/2013:07:25:56 +0600] "GET /pause/ajaxPause?pauseConfigId=&admin=0 HTTP/1.1" 200 1039 "http://callider/pause/index" "Mozilla/4.0 (compatible; MSIE 7.0; Windows NT 6.1; Trident/5.0; SLCC2; .NET CLR 2.0.50727; .NET CLR 3.5.30729; .NET CLR 3.0.30729; Media Center PC 6.0; Tablet PC 2.0; InfoPath.3; .NET4.0C; .NET4.0E; MS-RTC LM 8)" 12949
192.168.65.56 - - [17/Feb/2013:07:25:56 +0600] "GET /pause/ajaxPause?pauseConfigId=all&admin=1 HTTP/1.1" 200 1046 "http://192.168.65.101/pause/index" "Mozilla/5.0 (Windows NT 5.1; rv:15.0) Gecko/20100101 Firefox/15.0" 33926
192.168.12.60 - - [17/Feb/2013:07:25:57 +0600] "GET /pause/ajaxPause?pauseConfigId=&admin=0 HTTP/1.1" 200 986 "http://callider/pause/index" "Mozilla/4.0 (compatible; MSIE 8.0; Windows NT 6.1; Trident/4.0; InfoPath.3; .NET4.0C; MS-RTC LM 8; .NET4.0E)" 24738
192.168.12.204 - - [17/Feb/2013:07:25:57 +0600] "GET /pause/ajaxPause?pauseConfigId=&admin=0 HTTP/1.1" 200 986 "http://callider/pause/index" "Mozilla/4.0 (compatible; MSIE 7.0; Windows NT 6.1; WOW64; Trident/4.0; SLCC2; .NET CLR 2.0.50727; .NET CLR 3.5.30729; .NET CLR 3.0.30729; Media Center PC 6.0; InfoPath.3; .NET4.0C; .NET4.0E; .NET CLR 1.1.4322)" 19602
192.168.74.78 - - [17/Feb/2013:07:25:59 +0600] "GET /pause/ajaxPause?pauseConfigId=&admin=0 HTTP/1.1" 200 986 "http://callider/pause/index" "Mozilla/4.0 (compatible; MSIE 7.0; Windows NT 6.1; WOW64; Trident/5.0; SLCC2; .NET CLR 2.0.50727; .NET CLR 3.5.30729; .NET CLR 3.0.30729; Media Center PC 6.0; InfoPath.3; .NET4.0C; MS-RTC LM 8; .NET4.0E)" 19367
192.168.12.69 - - [17/Feb/2013:07:26:00 +0600] "GET /pause/ajaxPause?pauseConfigId=&admin=0 HTTP/1.1" 200 986 "http://callider/pause/index" "Mozilla/4.0 (compatible; MSIE 7.0; Windows NT 6.1; Trident/5.0; SLCC2; .NET CLR 2.0.50727; .NET CLR 3.5.30729; .NET CLR 3.0.30729; Media Center PC 6.0; InfoPath.3; .NET4.0C; .NET4.0E; Tablet PC 2.0; AskTbFXTV5/5.14.1.20007)" 21776
192.168.74.91 - - [17/Feb/2013:07:26:00 +0600] "GET /pause/ajaxPause?pauseConfigId=&admin=0 HTTP/1.1" 200 986 "http://callider/pause/index" "Mozilla/4.0 (compatible; MSIE 7.0; Windows NT 6.1; WOW64; Trident/5.0; SLCC2; .NET CLR 2.0.50727; .NET CLR 3.5.30729; .NET CLR 3.0.30729; Media Center PC 6.0; InfoPath.3; .NET4.0C; MS-RTC LM 8; .NET4.0E)" 95862
192.168.74.151 - - [17/Feb/2013:07:26:00 +0600] "GET /pause/ajaxPause?pauseConfigId=&admin=0 HTTP/1.1" 200 987 "http://callider.kontur/pause/index" "Mozilla/5.0 (Windows NT 6.1; WOW64; rv:18.0) Gecko/20100101 Firefox/18.0" 55153
192.168.12.210 - - [17/Feb/2013:07:26:00 +0600] "GET /pause/ajaxPause?pauseConfigId=all&admin=1 HTTP/1.1" 200 1047 "http://callider/pause/index" "Mozilla/4.0 (compatible; MSIE 7.0; Windows NT 6.1; WOW64; Trident/5.0; SLCC2; .NET CLR 2.0.50727; .NET CLR 3.5.30729; .NET CLR 3.0.30729; Media Center PC 6.0; InfoPath.3; .NET4.0C; .NET4.0E)" 22281
192.168.12.61 - - [17/Feb/2013:07:26:00 +0600] "GET /pause/ajaxPause?pauseConfigId=&admin=0 HTTP/1.1" 200 985 "http://callider/pause/index" "Mozilla/4.0 (compatible; MSIE 7.0; Windows NT 6.1; Trident/5.0; SLCC2; .NET CLR 2.0.50727; .NET CLR 3.5.30729; .NET CLR 3.0.30729; Media Center PC 6.0; InfoPath.3; .NET4.0C; .NET4.0E)" 19692
192.168.12.38 - - [17/Feb/2013:07:26:01 +0600] "GET /pause/ajaxPause?pauseConfigId=&admin=0 HTTP/1.1" 200 1040 "http://callider/pause/index" "Mozilla/4.0 (compatible; MSIE 7.0; Windows NT 6.1; WOW64; Trident/5.0; SLCC2; .NET CLR 2.0.50727; .NET CLR 3.5.30729; .NET CLR 3.0.30729; Media Center PC 6.0; InfoPath.3; .NET4.0C; .NET4.0E)" 27818
192.168.12.77 - - [17/Feb/2013:07:26:01 +0600] "GET /pause/ajaxPause?pauseConfigId=&admin=0 HTTP/1.1" 200 1039 "http://callider/pause/index" "Mozilla/4.0 (compatible; MSIE 7.0; Windows NT 6.1; Trident/5.0; SLCC2; .NET CLR 2.0.50727; .NET CLR 3.5.30729; .NET CLR 3.0.30729; Media Center PC 6.0; Tablet PC 2.0; InfoPath.3; .NET4.0C; .NET4.0E; MS-RTC LM 8)" 15417
192.168.65.56 - - [17/Feb/2013:07:26:01 +0600] "GET /pause/ajaxPause?pauseConfigId=all&admin=1 HTTP/1.1" 200 1046 "http://192.168.65.101/pause/index" "Mozilla/5.0 (Windows NT 5.1; rv:15.0) Gecko/20100101 Firefox/15.0" 33686
192.168.12.60 - - [17/Feb/2013:07:26:02 +0600] "GET /pause/ajaxPause?pauseConfigId=&admin=0 HTTP/1.1" 200 986 "http://callider/pause/index" "Mozilla/4.0 (compatible; MSIE 8.0; Windows NT 6.1; Trident/4.0; InfoPath.3; .NET4.0C; MS-RTC LM 8; .NET4.0E)" 151691
192.168.12.204 - - [17/Feb/2013:07:26:02 +0600] "GET /pause/ajaxPause?pauseConfigId=&admin=0 HTTP/1.1" 200 986 "http://callider/pause/index" "Mozilla/4.0 (compatible; MSIE 7.0; Windows NT 6.1; WOW64; Trident/4.0; SLCC2; .NET CLR 2.0.50727; .NET CLR 3.5.30729; .NET CLR 3.0.30729; Media Center PC 6.0; InfoPath.3; .NET4.0C; .NET4.0E; .NET CLR 1.1.4322)" 18846
192.168.74.78 - - [17/Feb/2013:07:26:04 +0600] "GET /pause/ajaxPause?pauseConfigId=&admin=0 HTTP/1.1" 200 986 "http://callider/pause/index" "Mozilla/4.0 (compatible; MSIE 7.0; Windows NT 6.1; WOW64; Trident/5.0; SLCC2; .NET CLR 2.0.50727; .NET CLR 3.5.30729; .NET CLR 3.0.30729; Media Center PC 6.0; InfoPath.3; .NET4.0C; MS-RTC LM 8; .NET4.0E)" 25002
192.168.12.69 - - [17/Feb/2013:07:26:05 +0600] "GET /pause/ajaxPause?pauseConfigId=&admin=0 HTTP/1.1" 200 986 "http://callider/pause/index" "Mozilla/4.0 (compatible; MSIE 7.0; Windows NT 6.1; Trident/5.0; SLCC2; .NET CLR 2.0.50727; .NET CLR 3.5.30729; .NET CLR 3.0.30729; Media Center PC 6.0; InfoPath.3; .NET4.0C; .NET4.0E; Tablet PC 2.0; AskTbFXTV5/5.14.1.20007)" 18987
192.168.12.61 - - [17/Feb/2013:07:26:05 +0600] "GET /tv/useUser HTTP/1.1" 200 431 "http://callider/pause/index" "Mozilla/4.0 (compatible; MSIE 7.0; Windows NT 6.1; Trident/5.0; SLCC2; .NET CLR 2.0.50727; .NET CLR 3.5.30729; .NET CLR 3.0.30729; Media Center PC 6.0; InfoPath.3; .NET4.0C; .NET4.0E)" 10779
192.168.74.91 - - [17/Feb/2013:07:26:05 +0600] "GET /pause/ajaxPause?pauseConfigId=&admin=0 HTTP/1.1" 200 986 "http://callider/pause/index" "Mozilla/4.0 (compatible; MSIE 7.0; Windows NT 6.1; WOW64; Trident/5.0; SLCC2; .NET CLR 2.0.50727; .NET CLR 3.5.30729; .NET CLR 3.0.30729; Media Center PC 6.0; InfoPath.3; .NET4.0C; MS-RTC LM 8; .NET4.0E)" 19310
192.168.74.151 - - [17/Feb/2013:07:26:05 +0600] "GET /pause/ajaxPause?pauseConfigId=&admin=0 HTTP/1.1" 200 987 "http://callider.kontur/pause/index" "Mozilla/5.0 (Windows NT 6.1; WOW64; rv:18.0) Gecko/20100101 Firefox/18.0" 19761
192.168.12.210 - - [17/Feb/2013:07:26:05 +0600] "GET /pause/ajaxPause?pauseConfigId=all&admin=1 HTTP/1.1" 200 1047 "http://callider/pause/index" "Mozilla/4.0 (compatible; MSIE 7.0; Windows NT 6.1; WOW64; Trident/5.0; SLCC2; .NET CLR 2.0.50727; .NET CLR 3.5.30729; .NET CLR 3.0.30729; Media Center PC 6.0; InfoPath.3; .NET4.0C; .NET4.0E)" 31869
192.168.12.61 - - [17/Feb/2013:07:26:05 +0600] "GET /pause/ajaxPause?pauseConfigId=&admin=0 HTTP/1.1" 200 985 "http://callider/pause/index" "Mozilla/4.0 (compatible; MSIE 7.0; Windows NT 6.1; Trident/5.0; SLCC2; .NET CLR 2.0.50727; .NET CLR 3.5.30729; .NET CLR 3.0.30729; Media Center PC 6.0; InfoPath.3; .NET4.0C; .NET4.0E)" 21541
192.168.12.38 - - [17/Feb/2013:07:26:06 +0600] "GET /pause/ajaxPause?pauseConfigId=&admin=0 HTTP/1.1" 200 1040 "http://callider/pause/index" "Mozilla/4.0 (compatible; MSIE 7.0; Windows NT 6.1; WOW64; Trident/5.0; SLCC2; .NET CLR 2.0.50727; .NET CLR 3.5.30729; .NET CLR 3.0.30729; Media Center PC 6.0; InfoPath.3; .NET4.0C; .NET4.0E)" 18967
192.168.12.77 - - [17/Feb/2013:07:26:06 +0600] "GET /pause/ajaxPause?pauseConfigId=&admin=0 HTTP/1.1" 200 1039 "http://callider/pause/index" "Mozilla/4.0 (compatible; MSIE 7.0; Windows NT 6.1; Trident/5.0; SLCC2; .NET CLR 2.0.50727; .NET CLR 3.5.30729; .NET CLR 3.0.30729; Media Center PC 6.0; Tablet PC 2.0; InfoPath.3; .NET4.0C; .NET4.0E; MS-RTC LM 8)" 18842
192.168.65.56 - - [17/Feb/2013:07:26:06 +0600] "GET /pause/ajaxPause?pauseConfigId=all&admin=1 HTTP/1.1" 200 1046 "http://192.168.65.101/pause/index" "Mozilla/5.0 (Windows NT 5.1; rv:15.0) Gecko/20100101 Firefox/15.0" 31940
192.168.12.60 - - [17/Feb/2013:07:26:07 +0600] "GET /pause/ajaxPause?pauseConfigId=&admin=0 HTTP/1.1" 200 986 "http://callider/pause/index" "Mozilla/4.0 (compatible; MSIE 8.0; Windows NT 6.1; Trident/4.0; InfoPath.3; .NET4.0C; MS-RTC LM 8; .NET4.0E)" 18264
192.168.12.204 - - [17/Feb/2013:07:26:07 +0600] "GET /pause/ajaxPause?pauseConfigId=&admin=0 HTTP/1.1" 200 986 "http://callider/pause/index" "Mozilla/4.0 (compatible; MSIE 7.0; Windows NT 6.1; WOW64; Trident/4.0; SLCC2; .NET CLR 2.0.50727; .NET CLR 3.5.30729; .NET CLR 3.0.30729; Media Center PC 6.0; InfoPath.3; .NET4.0C; .NET4.0E; .NET CLR 1.1.4322)" 20817
192.168.74.78 - - [17/Feb/2013:07:26:09 +0600] "GET /pause/ajaxPause?pauseConfigId=&admin=0 HTTP/1.1" 200 986 "http://callider/pause/index" "Mozilla/4.0 (compatible; MSIE 7.0; Windows NT 6.1; WOW64; Trident/5.0; SLCC2; .NET CLR 2.0.50727; .NET CLR 3.5.30729; .NET CLR 3.0.30729; Media Center PC 6.0; InfoPath.3; .NET4.0C; MS-RTC LM 8; .NET4.0E)" 20415
192.168.12.69 - - [17/Feb/2013:07:26:10 +0600] "GET /pause/ajaxPause?pauseConfigId=&admin=0 HTTP/1.1" 200 986 "http://callider/pause/index" "Mozilla/4.0 (compatible; MSIE 7.0; Windows NT 6.1; Trident/5.0; SLCC2; .NET CLR 2.0.50727; .NET CLR 3.5.30729; .NET CLR 3.0.30729; Media Center PC 6.0; InfoPath.3; .NET4.0C; .NET4.0E; Tablet PC 2.0; AskTbFXTV5/5.14.1.20007)" 22174
192.168.74.91 - - [17/Feb/2013:07:26:10 +0600] "GET /pause/ajaxPause?pauseConfigId=&admin=0 HTTP/1.1" 200 986 "http://callider/pause/index" "Mozilla/4.0 (compatible; MSIE 7.0; Windows NT 6.1; WOW64; Trident/5.0; SLCC2; .NET CLR 2.0.50727; .NET CLR 3.5.30729; .NET CLR 3.0.30729; Media Center PC 6.0; InfoPath.3; .NET4.0C; MS-RTC LM 8; .NET4.0E)" 140680
192.168.74.151 - - [17/Feb/2013:07:26:10 +0600] "GET /pause/ajaxPause?pauseConfigId=&admin=0 HTTP/1.1" 200 987 "http://callider.kontur/pause/index" "Mozilla/5.0 (Windows NT 6.1; WOW64; rv:18.0) Gecko/20100101 Firefox/18.0" 93860
192.168.12.210 - - [17/Feb/2013:07:26:10 +0600] "GET /pause/ajaxPause?pauseConfigId=all&admin=1 HTTP/1.1" 200 1047 "http://callider/pause/index" "Mozilla/4.0 (compatible; MSIE 7.0; Windows NT 6.1; WOW64; Trident/5.0; SLCC2; .NET CLR 2.0.50727; .NET CLR 3.5.30729; .NET CLR 3.0.30729; Media Center PC 6.0; InfoPath.3; .NET4.0C; .NET4.0E)" 33620
192.168.12.61 - - [17/Feb/2013:07:26:10 +0600] "GET /pause/ajaxPause?pauseConfigId=&admin=0 HTTP/1.1" 200 985 "http://callider/pause/index" "Mozilla/4.0 (compatible; MSIE 7.0; Windows NT 6.1; Trident/5.0; SLCC2; .NET CLR 2.0.50727; .NET CLR 3.5.30729; .NET CLR 3.0.30729; Media Center PC 6.0; InfoPath.3; .NET4.0C; .NET4.0E)" 20410
192.168.12.42 - - [17/Feb/2013:07:26:11 +0600] "GET /tv/useUser HTTP/1.1" 200 432 "http://callider/graph/personal" "Mozilla/4.0 (compatible; MSIE 7.0; Windows NT 6.1; WOW64; Trident/5.0; SLCC2; .NET CLR 2.0.50727; .NET CLR 3.5.30729; .NET CLR 3.0.30729; Media Center PC 6.0; InfoPath.3; .NET4.0C; .NET4.0E)" 19196
192.168.12.38 - - [17/Feb/2013:07:26:11 +0600] "GET /pause/ajaxPause?pauseConfigId=&admin=0 HTTP/1.1" 200 1040 "http://callider/pause/index" "Mozilla/4.0 (compatible; MSIE 7.0; Windows NT 6.1; WOW64; Trident/5.0; SLCC2; .NET CLR 2.0.50727; .NET CLR 3.5.30729; .NET CLR 3.0.30729; Media Center PC 6.0; InfoPath.3; .NET4.0C; .NET4.0E)" 16937
192.168.12.77 - - [17/Feb/2013:07:26:11 +0600] "GET /pause/ajaxPause?pauseConfigId=&admin=0 HTTP/1.1" 200 1039 "http://callider/pause/index" "Mozilla/4.0 (compatible; MSIE 7.0; Windows NT 6.1; Trident/5.0; SLCC2; .NET CLR 2.0.50727; .NET CLR 3.5.30729; .NET CLR 3.0.30729; Media Center PC 6.0; Tablet PC 2.0; InfoPath.3; .NET4.0C; .NET4.0E; MS-RTC LM 8)" 18428
192.168.65.56 - - [17/Feb/2013:07:26:11 +0600] "GET /pause/ajaxPause?pauseConfigId=all&admin=1 HTTP/1.1" 200 1046 "http://192.168.65.101/pause/index" "Mozilla/5.0 (Windows NT 5.1; rv:15.0) Gecko/20100101 Firefox/15.0" 39397
192.168.12.60 - - [17/Feb/2013:07:26:12 +0600] "GET /pause/ajaxPause?pauseConfigId=&admin=0 HTTP/1.1" 200 986 "http://callider/pause/index" "Mozilla/4.0 (compatible; MSIE 8.0; Windows NT 6.1; Trident/4.0; InfoPath.3; .NET4.0C; MS-RTC LM 8; .NET4.0E)" 18507
192.168.12.204 - - [17/Feb/2013:07:26:12 +0600] "GET /pause/ajaxPause?pauseConfigId=&admin=0 HTTP/1.1" 200 986 "http://callider/pause/index" "Mozilla/4.0 (compatible; MSIE 7.0; Windows NT 6.1; WOW64; Trident/4.0; SLCC2; .NET CLR 2.0.50727; .NET CLR 3.5.30729; .NET CLR 3.0.30729; Media Center PC 6.0; InfoPath.3; .NET4.0C; .NET4.0E; .NET CLR 1.1.4322)" 17310
192.168.74.151 - - [17/Feb/2013:07:26:13 +0600] "GET /tv/useUser HTTP/1.1" 200 431 "http://callider.kontur/graph/general" "Mozilla/5.0 (Windows NT 6.1; WOW64; rv:18.0) Gecko/20100101 Firefox/18.0" 9299
192.168.74.78 - - [17/Feb/2013:07:26:14 +0600] "GET /pause/ajaxPause?pauseConfigId=&admin=0 HTTP/1.1" 200 986 "http://callider/pause/index" "Mozilla/4.0 (compatible; MSIE 7.0; Windows NT 6.1; WOW64; Trident/5.0; SLCC2; .NET CLR 2.0.50727; .NET CLR 3.5.30729; .NET CLR 3.0.30729; Media Center PC 6.0; InfoPath.3; .NET4.0C; MS-RTC LM 8; .NET4.0E)" 24967
192.168.12.69 - - [17/Feb/2013:07:26:15 +0600] "GET /pause/ajaxPause?pauseConfigId=&admin=0 HTTP/1.1" 200 986 "http://callider/pause/index" "Mozilla/4.0 (compatible; MSIE 7.0; Windows NT 6.1; Trident/5.0; SLCC2; .NET CLR 2.0.50727; .NET CLR 3.5.30729; .NET CLR 3.0.30729; Media Center PC 6.0; InfoPath.3; .NET4.0C; .NET4.0E; Tablet PC 2.0; AskTbFXTV5/5.14.1.20007)" 18772
192.168.74.91 - - [17/Feb/2013:07:26:15 +0600] "GET /pause/ajaxPause?pauseConfigId=&admin=0 HTTP/1.1" 200 986 "http://callider/pause/index" "Mozilla/4.0 (compatible; MSIE 7.0; Windows NT 6.1; WOW64; Trident/5.0; SLCC2; .NET CLR 2.0.50727; .NET CLR 3.5.30729; .NET CLR 3.0.30729; Media Center PC 6.0; InfoPath.3; .NET4.0C; MS-RTC LM 8; .NET4.0E)" 17708
192.168.74.151 - - [17/Feb/2013:07:26:15 +0600] "GET /pause/ajaxPause?pauseConfigId=&admin=0 HTTP/1.1" 200 987 "http://callider.kontur/pause/index" "Mozilla/5.0 (Windows NT 6.1; WOW64; rv:18.0) Gecko/20100101 Firefox/18.0" 21263
192.168.74.151 - - [17/Feb/2013:07:26:15 +0600] "GET /tv/useUser HTTP/1.1" 200 432 "http://callider.kontur/pause/index" "Mozilla/5.0 (Windows NT 6.1; WOW64; rv:18.0) Gecko/20100101 Firefox/18.0" 15363
192.168.12.210 - - [17/Feb/2013:07:26:15 +0600] "GET /pause/ajaxPause?pauseConfigId=all&admin=1 HTTP/1.1" 200 1047 "http://callider/pause/index" "Mozilla/4.0 (compatible; MSIE 7.0; Windows NT 6.1; WOW64; Trident/5.0; SLCC2; .NET CLR 2.0.50727; .NET CLR 3.5.30729; .NET CLR 3.0.30729; Media Center PC 6.0; InfoPath.3; .NET4.0C; .NET4.0E)" 23609
192.168.12.61 - - [17/Feb/2013:07:26:15 +0600] "GET /pause/ajaxPause?pauseConfigId=&admin=0 HTTP/1.1" 200 985 "http://callider/pause/index" "Mozilla/4.0 (compatible; MSIE 7.0; Windows NT 6.1; Trident/5.0; SLCC2; .NET CLR 2.0.50727; .NET CLR 3.5.30729; .NET CLR 3.0.30729; Media Center PC 6.0; InfoPath.3; .NET4.0C; .NET4.0E)" 30775
192.168.12.38 - - [17/Feb/2013:07:26:16 +0600] "GET /pause/ajaxPause?pauseConfigId=&admin=0 HTTP/1.1" 200 1040 "http://callider/pause/index" "Mozilla/4.0 (compatible; MSIE 7.0; Windows NT 6.1; WOW64; Trident/5.0; SLCC2; .NET CLR 2.0.50727; .NET CLR 3.5.30729; .NET CLR 3.0.30729; Media Center PC 6.0; InfoPath.3; .NET4.0C; .NET4.0E)" 16787
192.168.12.77 - - [17/Feb/2013:07:26:16 +0600] "GET /pause/ajaxPause?pauseConfigId=&admin=0 HTTP/1.1" 200 1039 "http://callider/pause/index" "Mozilla/4.0 (compatible; MSIE 7.0; Windows NT 6.1; Trident/5.0; SLCC2; .NET CLR 2.0.50727; .NET CLR 3.5.30729; .NET CLR 3.0.30729; Media Center PC 6.0; Tablet PC 2.0; InfoPath.3; .NET4.0C; .NET4.0E; MS-RTC LM 8)" 13383
192.168.65.56 - - [17/Feb/2013:07:26:16 +0600] "GET /pause/ajaxPause?pauseConfigId=all&admin=1 HTTP/1.1" 200 1046 "http://192.168.65.101/pause/index" "Mozilla/5.0 (Windows NT 5.1; rv:15.0) Gecko/20100101 Firefox/15.0" 32233
192.168.12.60 - - [17/Feb/2013:07:26:17 +0600] "GET /pause/ajaxPause?pauseConfigId=&admin=0 HTTP/1.1" 200 986 "http://callider/pause/index" "Mozilla/4.0 (compatible; MSIE 8.0; Windows NT 6.1; Trident/4.0; InfoPath.3; .NET4.0C; MS-RTC LM 8; .NET4.0E)" 22529
192.168.12.204 - - [17/Feb/2013:07:26:17 +0600] "GET /pause/ajaxPause?pauseConfigId=&admin=0 HTTP/1.1" 200 986 "http://callider/pause/index" "Mozilla/4.0 (compatible; MSIE 7.0; Windows NT 6.1; WOW64; Trident/4.0; SLCC2; .NET CLR 2.0.50727; .NET CLR 3.5.30729; .NET CLR 3.0.30729; Media Center PC 6.0; InfoPath.3; .NET4.0C; .NET4.0E; .NET CLR 1.1.4322)" 29993
192.168.74.78 - - [17/Feb/2013:07:26:19 +0600] "GET /pause/ajaxPause?pauseConfigId=&admin=0 HTTP/1.1" 200 986 "http://callider/pause/index" "Mozilla/4.0 (compatible; MSIE 7.0; Windows NT 6.1; WOW64; Trident/5.0; SLCC2; .NET CLR 2.0.50727; .NET CLR 3.5.30729; .NET CLR 3.0.30729; Media Center PC 6.0; InfoPath.3; .NET4.0C; MS-RTC LM 8; .NET4.0E)" 27349
192.168.12.10 - - [17/Feb/2013:07:26:19 +0600] "GET /tv/useUser HTTP/1.1" 200 432 "http://callider/graph/personal" "Mozilla/4.0 (compatible; MSIE 7.0; Windows NT 6.1; Trident/5.0; SLCC2; .NET CLR 2.0.50727; .NET CLR 3.5.30729; .NET CLR 3.0.30729; Media Center PC 6.0; InfoPath.3; .NET4.0C; .NET4.0E; Tablet PC 2.0; MS-RTC LM 8)" 15583
192.168.12.108 - - [17/Feb/2013:07:26:19 +0600] "GET /tv/useUser HTTP/1.1" 200 432 "http://callider/index.php" "Mozilla/4.0 (compatible; MSIE 7.0; Windows NT 6.2; WOW64; Trident/6.0; .NET4.0E; .NET4.0C; InfoPath.3; .NET CLR 3.5.30729; .NET CLR 2.0.50727; .NET CLR 3.0.30729)" 14190
192.168.12.69 - - [17/Feb/2013:07:26:20 +0600] "GET /pause/ajaxPause?pauseConfigId=&admin=0 HTTP/1.1" 200 986 "http://callider/pause/index" "Mozilla/4.0 (compatible; MSIE 7.0; Windows NT 6.1; Trident/5.0; SLCC2; .NET CLR 2.0.50727; .NET CLR 3.5.30729; .NET CLR 3.0.30729; Media Center PC 6.0; InfoPath.3; .NET4.0C; .NET4.0E; Tablet PC 2.0; AskTbFXTV5/5.14.1.20007)" 27137
192.168.74.91 - - [17/Feb/2013:07:26:20 +0600] "GET /pause/ajaxPause?pauseConfigId=&admin=0 HTTP/1.1" 200 986 "http://callider/pause/index" "Mozilla/4.0 (compatible; MSIE 7.0; Windows NT 6.1; WOW64; Trident/5.0; SLCC2; .NET CLR 2.0.50727; .NET CLR 3.5.30729; .NET CLR 3.0.30729; Media Center PC 6.0; InfoPath.3; .NET4.0C; MS-RTC LM 8; .NET4.0E)" 19518
192.168.74.151 - - [17/Feb/2013:07:26:20 +0600] "GET /pause/ajaxPause?pauseConfigId=&admin=0 HTTP/1.1" 200 987 "http://callider.kontur/pause/index" "Mozilla/5.0 (Windows NT 6.1; WOW64; rv:18.0) Gecko/20100101 Firefox/18.0" 20129
192.168.12.210 - - [17/Feb/2013:07:26:20 +0600] "GET /pause/ajaxPause?pauseConfigId=all&admin=1 HTTP/1.1" 200 1047 "http://callider/pause/index" "Mozilla/4.0 (compatible; MSIE 7.0; Windows NT 6.1; WOW64; Trident/5.0; SLCC2; .NET CLR 2.0.50727; .NET CLR 3.5.30729; .NET CLR 3.0.30729; Media Center PC 6.0; InfoPath.3; .NET4.0C; .NET4.0E)" 20268
192.168.12.61 - - [17/Feb/2013:07:26:20 +0600] "GET /pause/ajaxPause?pauseConfigId=&admin=0 HTTP/1.1" 200 985 "http://callider/pause/index" "Mozilla/4.0 (compatible; MSIE 7.0; Windows NT 6.1; Trident/5.0; SLCC2; .NET CLR 2.0.50727; .NET CLR 3.5.30729; .NET CLR 3.0.30729; Media Center PC 6.0; InfoPath.3; .NET4.0C; .NET4.0E)" 22222
192.168.12.38 - - [17/Feb/2013:07:26:21 +0600] "GET /pause/ajaxPause?pauseConfigId=&admin=0 HTTP/1.1" 200 1040 "http://callider/pause/index" "Mozilla/4.0 (compatible; MSIE 7.0; Windows NT 6.1; WOW64; Trident/5.0; SLCC2; .NET CLR 2.0.50727; .NET CLR 3.5.30729; .NET CLR 3.0.30729; Media Center PC 6.0; InfoPath.3; .NET4.0C; .NET4.0E)" 16235
192.168.12.77 - - [17/Feb/2013:07:26:21 +0600] "GET /pause/ajaxPause?pauseConfigId=&admin=0 HTTP/1.1" 200 1039 "http://callider/pause/index" "Mozilla/4.0 (compatible; MSIE 7.0; Windows NT 6.1; Trident/5.0; SLCC2; .NET CLR 2.0.50727; .NET CLR 3.5.30729; .NET CLR 3.0.30729; Media Center PC 6.0; Tablet PC 2.0; InfoPath.3; .NET4.0C; .NET4.0E; MS-RTC LM 8)" 12593
192.168.65.56 - - [17/Feb/2013:07:26:21 +0600] "GET /pause/ajaxPause?pauseConfigId=all&admin=1 HTTP/1.1" 200 1046 "http://192.168.65.101/pause/index" "Mozilla/5.0 (Windows NT 5.1; rv:15.0) Gecko/20100101 Firefox/15.0" 32369
192.168.12.60 - - [17/Feb/2013:07:26:22 +0600] "GET /pause/ajaxPause?pauseConfigId=&admin=0 HTTP/1.1" 200 986 "http://callider/pause/index" "Mozilla/4.0 (compatible; MSIE 8.0; Windows NT 6.1; Trident/4.0; InfoPath.3; .NET4.0C; MS-RTC LM 8; .NET4.0E)" 25688
192.168.12.204 - - [17/Feb/2013:07:26:22 +0600] "GET /pause/ajaxPause?pauseConfigId=&admin=0 HTTP/1.1" 200 986 "http://callider/pause/index" "Mozilla/4.0 (compatible; MSIE 7.0; Windows NT 6.1; WOW64; Trident/4.0; SLCC2; .NET CLR 2.0.50727; .NET CLR 3.5.30729; .NET CLR 3.0.30729; Media Center PC 6.0; InfoPath.3; .NET4.0C; .NET4.0E; .NET CLR 1.1.4322)" 19565
192.168.74.78 - - [17/Feb/2013:07:26:24 +0600] "GET /pause/ajaxPause?pauseConfigId=&admin=0 HTTP/1.1" 200 986 "http://callider/pause/index" "Mozilla/4.0 (compatible; MSIE 7.0; Windows NT 6.1; WOW64; Trident/5.0; SLCC2; .NET CLR 2.0.50727; .NET CLR 3.5.30729; .NET CLR 3.0.30729; Media Center PC 6.0; InfoPath.3; .NET4.0C; MS-RTC LM 8; .NET4.0E)" 19185
192.168.12.69 - - [17/Feb/2013:07:26:25 +0600] "GET /pause/ajaxPause?pauseConfigId=&admin=0 HTTP/1.1" 200 986 "http://callider/pause/index" "Mozilla/4.0 (compatible; MSIE 7.0; Windows NT 6.1; Trident/5.0; SLCC2; .NET CLR 2.0.50727; .NET CLR 3.5.30729; .NET CLR 3.0.30729; Media Center PC 6.0; InfoPath.3; .NET4.0C; .NET4.0E; Tablet PC 2.0; AskTbFXTV5/5.14.1.20007)" 29032
192.168.74.151 - - [17/Feb/2013:07:26:25 +0600] "GET /pause/ajaxPause?pauseConfigId=&admin=0 HTTP/1.1" 200 987 "http://callider.kontur/pause/index" "Mozilla/5.0 (Windows NT 6.1; WOW64; rv:18.0) Gecko/20100101 Firefox/18.0" 27986
192.168.74.91 - - [17/Feb/2013:07:26:25 +0600] "GET /pause/ajaxPause?pauseConfigId=&admin=0 HTTP/1.1" 200 986 "http://callider/pause/index" "Mozilla/4.0 (compatible; MSIE 7.0; Windows NT 6.1; WOW64; Trident/5.0; SLCC2; .NET CLR 2.0.50727; .NET CLR 3.5.30729; .NET CLR 3.0.30729; Media Center PC 6.0; InfoPath.3; .NET4.0C; MS-RTC LM 8; .NET4.0E)" 78529
192.168.12.210 - - [17/Feb/2013:07:26:25 +0600] "GET /pause/ajaxPause?pauseConfigId=all&admin=1 HTTP/1.1" 200 1047 "http://callider/pause/index" "Mozilla/4.0 (compatible; MSIE 7.0; Windows NT 6.1; WOW64; Trident/5.0; SLCC2; .NET CLR 2.0.50727; .NET CLR 3.5.30729; .NET CLR 3.0.30729; Media Center PC 6.0; InfoPath.3; .NET4.0C; .NET4.0E)" 19394
192.168.12.61 - - [17/Feb/2013:07:26:25 +0600] "GET /pause/ajaxPause?pauseConfigId=&admin=0 HTTP/1.1" 200 985 "http://callider/pause/index" "Mozilla/4.0 (compatible; MSIE 7.0; Windows NT 6.1; Trident/5.0; SLCC2; .NET CLR 2.0.50727; .NET CLR 3.5.30729; .NET CLR 3.0.30729; Media Center PC 6.0; InfoPath.3; .NET4.0C; .NET4.0E)" 24579
192.168.12.38 - - [17/Feb/2013:07:26:26 +0600] "GET /pause/ajaxPause?pauseConfigId=&admin=0 HTTP/1.1" 200 1040 "http://callider/pause/index" "Mozilla/4.0 (compatible; MSIE 7.0; Windows NT 6.1; WOW64; Trident/5.0; SLCC2; .NET CLR 2.0.50727; .NET CLR 3.5.30729; .NET CLR 3.0.30729; Media Center PC 6.0; InfoPath.3; .NET4.0C; .NET4.0E)" 16403
192.168.12.77 - - [17/Feb/2013:07:26:26 +0600] "GET /pause/ajaxPause?pauseConfigId=&admin=0 HTTP/1.1" 200 1039 "http://callider/pause/index" "Mozilla/4.0 (compatible; MSIE 7.0; Windows NT 6.1; Trident/5.0; SLCC2; .NET CLR 2.0.50727; .NET CLR 3.5.30729; .NET CLR 3.0.30729; Media Center PC 6.0; Tablet PC 2.0; InfoPath.3; .NET4.0C; .NET4.0E; MS-RTC LM 8)" 14849
192.168.65.56 - - [17/Feb/2013:07:26:26 +0600] "GET /pause/ajaxPause?pauseConfigId=all&admin=1 HTTP/1.1" 200 1046 "http://192.168.65.101/pause/index" "Mozilla/5.0 (Windows NT 5.1; rv:15.0) Gecko/20100101 Firefox/15.0" 38678
192.168.12.60 - - [17/Feb/2013:07:26:27 +0600] "GET /pause/ajaxPause?pauseConfigId=&admin=0 HTTP/1.1" 200 986 "http://callider/pause/index" "Mozilla/4.0 (compatible; MSIE 8.0; Windows NT 6.1; Trident/4.0; InfoPath.3; .NET4.0C; MS-RTC LM 8; .NET4.0E)" 21503
192.168.12.204 - - [17/Feb/2013:07:26:27 +0600] "GET /pause/ajaxPause?pauseConfigId=&admin=0 HTTP/1.1" 200 986 "http://callider/pause/index" "Mozilla/4.0 (compatible; MSIE 7.0; Windows NT 6.1; WOW64; Trident/4.0; SLCC2; .NET CLR 2.0.50727; .NET CLR 3.5.30729; .NET CLR 3.0.30729; Media Center PC 6.0; InfoPath.3; .NET4.0C; .NET4.0E; .NET CLR 1.1.4322)" 19550
192.168.74.78 - - [17/Feb/2013:07:26:29 +0600] "GET /pause/ajaxPause?pauseConfigId=&admin=0 HTTP/1.1" 200 986 "http://callider/pause/index" "Mozilla/4.0 (compatible; MSIE 7.0; Windows NT 6.1; WOW64; Trident/5.0; SLCC2; .NET CLR 2.0.50727; .NET CLR 3.5.30729; .NET CLR 3.0.30729; Media Center PC 6.0; InfoPath.3; .NET4.0C; MS-RTC LM 8; .NET4.0E)" 20201
192.168.12.69 - - [17/Feb/2013:07:26:30 +0600] "GET /pause/ajaxPause?pauseConfigId=&admin=0 HTTP/1.1" 200 986 "http://callider/pause/index" "Mozilla/4.0 (compatible; MSIE 7.0; Windows NT 6.1; Trident/5.0; SLCC2; .NET CLR 2.0.50727; .NET CLR 3.5.30729; .NET CLR 3.0.30729; Media Center PC 6.0; InfoPath.3; .NET4.0C; .NET4.0E; Tablet PC 2.0; AskTbFXTV5/5.14.1.20007)" 18998
192.168.74.91 - - [17/Feb/2013:07:26:30 +0600] "GET /pause/ajaxPause?pauseConfigId=&admin=0 HTTP/1.1" 200 986 "http://callider/pause/index" "Mozilla/4.0 (compatible; MSIE 7.0; Windows NT 6.1; WOW64; Trident/5.0; SLCC2; .NET CLR 2.0.50727; .NET CLR 3.5.30729; .NET CLR 3.0.30729; Media Center PC 6.0; InfoPath.3; .NET4.0C; MS-RTC LM 8; .NET4.0E)" 27574
192.168.74.151 - - [17/Feb/2013:07:26:30 +0600] "GET /pause/ajaxPause?pauseConfigId=&admin=0 HTTP/1.1" 200 987 "http://callider.kontur/pause/index" "Mozilla/5.0 (Windows NT 6.1; WOW64; rv:18.0) Gecko/20100101 Firefox/18.0" 18339
192.168.12.210 - - [17/Feb/2013:07:26:30 +0600] "GET /pause/ajaxPause?pauseConfigId=all&admin=1 HTTP/1.1" 200 1047 "http://callider/pause/index" "Mozilla/4.0 (compatible; MSIE 7.0; Windows NT 6.1; WOW64; Trident/5.0; SLCC2; .NET CLR 2.0.50727; .NET CLR 3.5.30729; .NET CLR 3.0.30729; Media Center PC 6.0; InfoPath.3; .NET4.0C; .NET4.0E)" 21675
192.168.12.61 - - [17/Feb/2013:07:26:30 +0600] "GET /pause/ajaxPause?pauseConfigId=&admin=0 HTTP/1.1" 200 985 "http://callider/pause/index" "Mozilla/4.0 (compatible; MSIE 7.0; Windows NT 6.1; Trident/5.0; SLCC2; .NET CLR 2.0.50727; .NET CLR 3.5.30729; .NET CLR 3.0.30729; Media Center PC 6.0; InfoPath.3; .NET4.0C; .NET4.0E)" 24733
192.168.12.38 - - [17/Feb/2013:07:26:31 +0600] "GET /pause/ajaxPause?pauseConfigId=&admin=0 HTTP/1.1" 200 1040 "http://callider/pause/index" "Mozilla/4.0 (compatible; MSIE 7.0; Windows NT 6.1; WOW64; Trident/5.0; SLCC2; .NET CLR 2.0.50727; .NET CLR 3.5.30729; .NET CLR 3.0.30729; Media Center PC 6.0; InfoPath.3; .NET4.0C; .NET4.0E)" 14643
192.168.12.77 - - [17/Feb/2013:07:26:31 +0600] "GET /pause/ajaxPause?pauseConfigId=&admin=0 HTTP/1.1" 200 1039 "http://callider/pause/index" "Mozilla/4.0 (compatible; MSIE 7.0; Windows NT 6.1; Trident/5.0; SLCC2; .NET CLR 2.0.50727; .NET CLR 3.5.30729; .NET CLR 3.0.30729; Media Center PC 6.0; Tablet PC 2.0; InfoPath.3; .NET4.0C; .NET4.0E; MS-RTC LM 8)" 14304
192.168.65.56 - - [17/Feb/2013:07:26:31 +0600] "GET /pause/ajaxPause?pauseConfigId=all&admin=1 HTTP/1.1" 200 1046 "http://192.168.65.101/pause/index" "Mozilla/5.0 (Windows NT 5.1; rv:15.0) Gecko/20100101 Firefox/15.0" 31501
192.168.12.60 - - [17/Feb/2013:07:26:32 +0600] "GET /pause/ajaxPause?pauseConfigId=&admin=0 HTTP/1.1" 200 986 "http://callider/pause/index" "Mozilla/4.0 (compatible; MSIE 8.0; Windows NT 6.1; Trident/4.0; InfoPath.3; .NET4.0C; MS-RTC LM 8; .NET4.0E)" 18743
192.168.12.204 - - [17/Feb/2013:07:26:32 +0600] "GET /pause/ajaxPause?pauseConfigId=&admin=0 HTTP/1.1" 200 986 "http://callider/pause/index" "Mozilla/4.0 (compatible; MSIE 7.0; Windows NT 6.1; WOW64; Trident/4.0; SLCC2; .NET CLR 2.0.50727; .NET CLR 3.5.30729; .NET CLR 3.0.30729; Media Center PC 6.0; InfoPath.3; .NET4.0C; .NET4.0E; .NET CLR 1.1.4322)" 20852
192.168.74.78 - - [17/Feb/2013:07:26:34 +0600] "GET /pause/ajaxPause?pauseConfigId=&admin=0 HTTP/1.1" 200 986 "http://callider/pause/index" "Mozilla/4.0 (compatible; MSIE 7.0; Windows NT 6.1; WOW64; Trident/5.0; SLCC2; .NET CLR 2.0.50727; .NET CLR 3.5.30729; .NET CLR 3.0.30729; Media Center PC 6.0; InfoPath.3; .NET4.0C; MS-RTC LM 8; .NET4.0E)" 19195
192.168.12.67 - - [17/Feb/2013:07:26:34 +0600] "GET /tv/useUser HTTP/1.1" 200 432 "http://callider/graph/personal" "Mozilla/4.0 (compatible; MSIE 7.0; Windows NT 6.1; Trident/5.0; SLCC2; .NET CLR 2.0.50727; .NET CLR 3.5.30729; .NET CLR 3.0.30729; Media Center PC 6.0; .NET4.0C; .NET4.0E; InfoPath.3; Tablet PC 2.0; MS-RTC LM 8)" 16670
192.168.12.69 - - [17/Feb/2013:07:26:35 +0600] "GET /pause/ajaxPause?pauseConfigId=&admin=0 HTTP/1.1" 200 986 "http://callider/pause/index" "Mozilla/4.0 (compatible; MSIE 7.0; Windows NT 6.1; Trident/5.0; SLCC2; .NET CLR 2.0.50727; .NET CLR 3.5.30729; .NET CLR 3.0.30729; Media Center PC 6.0; InfoPath.3; .NET4.0C; .NET4.0E; Tablet PC 2.0; AskTbFXTV5/5.14.1.20007)" 18962
192.168.74.91 - - [17/Feb/2013:07:26:35 +0600] "GET /pause/ajaxPause?pauseConfigId=&admin=0 HTTP/1.1" 200 986 "http://callider/pause/index" "Mozilla/4.0 (compatible; MSIE 7.0; Windows NT 6.1; WOW64; Trident/5.0; SLCC2; .NET CLR 2.0.50727; .NET CLR 3.5.30729; .NET CLR 3.0.30729; Media Center PC 6.0; InfoPath.3; .NET4.0C; MS-RTC LM 8; .NET4.0E)" 26302
192.168.74.151 - - [17/Feb/2013:07:26:35 +0600] "GET /pause/ajaxPause?pauseConfigId=&admin=0 HTTP/1.1" 200 987 "http://callider.kontur/pause/index" "Mozilla/5.0 (Windows NT 6.1; WOW64; rv:18.0) Gecko/20100101 Firefox/18.0" 25046
192.168.12.210 - - [17/Feb/2013:07:26:35 +0600] "GET /pause/ajaxPause?pauseConfigId=all&admin=1 HTTP/1.1" 200 1047 "http://callider/pause/index" "Mozilla/4.0 (compatible; MSIE 7.0; Windows NT 6.1; WOW64; Trident/5.0; SLCC2; .NET CLR 2.0.50727; .NET CLR 3.5.30729; .NET CLR 3.0.30729; Media Center PC 6.0; InfoPath.3; .NET4.0C; .NET4.0E)" 19070
192.168.12.61 - - [17/Feb/2013:07:26:35 +0600] "GET /pause/ajaxPause?pauseConfigId=&admin=0 HTTP/1.1" 200 986 "http://callider/pause/index" "Mozilla/4.0 (compatible; MSIE 7.0; Windows NT 6.1; Trident/5.0; SLCC2; .NET CLR 2.0.50727; .NET CLR 3.5.30729; .NET CLR 3.0.30729; Media Center PC 6.0; InfoPath.3; .NET4.0C; .NET4.0E)" 33425
192.168.12.38 - - [17/Feb/2013:07:26:36 +0600] "GET /pause/ajaxPause?pauseConfigId=&admin=0 HTTP/1.1" 200 1040 "http://callider/pause/index" "Mozilla/4.0 (compatible; MSIE 7.0; Windows NT 6.1; WOW64; Trident/5.0; SLCC2; .NET CLR 2.0.50727; .NET CLR 3.5.30729; .NET CLR 3.0.30729; Media Center PC 6.0; InfoPath.3; .NET4.0C; .NET4.0E)" 22269
192.168.12.77 - - [17/Feb/2013:07:26:36 +0600] "GET /pause/ajaxPause?pauseConfigId=&admin=0 HTTP/1.1" 200 1039 "http://callider/pause/index" "Mozilla/4.0 (compatible; MSIE 7.0; Windows NT 6.1; Trident/5.0; SLCC2; .NET CLR 2.0.50727; .NET CLR 3.5.30729; .NET CLR 3.0.30729; Media Center PC 6.0; Tablet PC 2.0; InfoPath.3; .NET4.0C; .NET4.0E; MS-RTC LM 8)" 14293
192.168.65.56 - - [17/Feb/2013:07:26:36 +0600] "GET /pause/ajaxPause?pauseConfigId=all&admin=1 HTTP/1.1" 200 1046 "http://192.168.65.101/pause/index" "Mozilla/5.0 (Windows NT 5.1; rv:15.0) Gecko/20100101 Firefox/15.0" 130316
192.168.12.60 - - [17/Feb/2013:07:26:37 +0600] "GET /pause/ajaxPause?pauseConfigId=&admin=0 HTTP/1.1" 200 986 "http://callider/pause/index" "Mozilla/4.0 (compatible; MSIE 8.0; Windows NT 6.1; Trident/4.0; InfoPath.3; .NET4.0C; MS-RTC LM 8; .NET4.0E)" 19941
192.168.12.204 - - [17/Feb/2013:07:26:37 +0600] "GET /pause/ajaxPause?pauseConfigId=&admin=0 HTTP/1.1" 200 986 "http://callider/pause/index" "Mozilla/4.0 (compatible; MSIE 7.0; Windows NT 6.1; WOW64; Trident/4.0; SLCC2; .NET CLR 2.0.50727; .NET CLR 3.5.30729; .NET CLR 3.0.30729; Media Center PC 6.0; InfoPath.3; .NET4.0C; .NET4.0E; .NET CLR 1.1.4322)" 18865
192.168.74.93 - - [17/Feb/2013:07:26:38 +0600] "GET /tv/useUser HTTP/1.1" 200 432 "http://callider/graph/personal" "Mozilla/4.0 (compatible; MSIE 7.0; Windows NT 6.1; WOW64; Trident/5.0; SLCC2; .NET CLR 2.0.50727; .NET CLR 3.5.30729; .NET CLR 3.0.30729; Media Center PC 6.0; InfoPath.3; .NET4.0C; .NET4.0E)" 15922
192.168.12.210 - - [17/Feb/2013:07:26:39 +0600] "GET /tv/useUser HTTP/1.1" 200 431 "http://callider/graph/general" "Mozilla/4.0 (compatible; MSIE 7.0; Windows NT 6.1; WOW64; Trident/5.0; SLCC2; .NET CLR 2.0.50727; .NET CLR 3.5.30729; .NET CLR 3.0.30729; Media Center PC 6.0; InfoPath.3; .NET4.0C; .NET4.0E)" 10772
192.168.74.78 - - [17/Feb/2013:07:26:39 +0600] "GET /pause/ajaxPause?pauseConfigId=&admin=0 HTTP/1.1" 200 986 "http://callider/pause/index" "Mozilla/4.0 (compatible; MSIE 7.0; Windows NT 6.1; WOW64; Trident/5.0; SLCC2; .NET CLR 2.0.50727; .NET CLR 3.5.30729; .NET CLR 3.0.30729; Media Center PC 6.0; InfoPath.3; .NET4.0C; MS-RTC LM 8; .NET4.0E)" 22226
192.168.12.69 - - [17/Feb/2013:07:26:40 +0600] "GET /pause/ajaxPause?pauseConfigId=&admin=0 HTTP/1.1" 200 986 "http://callider/pause/index" "Mozilla/4.0 (compatible; MSIE 7.0; Windows NT 6.1; Trident/5.0; SLCC2; .NET CLR 2.0.50727; .NET CLR 3.5.30729; .NET CLR 3.0.30729; Media Center PC 6.0; InfoPath.3; .NET4.0C; .NET4.0E; Tablet PC 2.0; AskTbFXTV5/5.14.1.20007)" 20501
192.168.74.91 - - [17/Feb/2013:07:26:40 +0600] "GET /pause/ajaxPause?pauseConfigId=&admin=0 HTTP/1.1" 200 986 "http://callider/pause/index" "Mozilla/4.0 (compatible; MSIE 7.0; Windows NT 6.1; WOW64; Trident/5.0; SLCC2; .NET CLR 2.0.50727; .NET CLR 3.5.30729; .NET CLR 3.0.30729; Media Center PC 6.0; InfoPath.3; .NET4.0C; MS-RTC LM 8; .NET4.0E)" 23289
192.168.74.151 - - [17/Feb/2013:07:26:40 +0600] "GET /pause/ajaxPause?pauseConfigId=&admin=0 HTTP/1.1" 200 987 "http://callider.kontur/pause/index" "Mozilla/5.0 (Windows NT 6.1; WOW64; rv:18.0) Gecko/20100101 Firefox/18.0" 20179
192.168.12.210 - - [17/Feb/2013:07:26:40 +0600] "GET /pause/ajaxPause?pauseConfigId=all&admin=1 HTTP/1.1" 200 1047 "http://callider/pause/index" "Mozilla/4.0 (compatible; MSIE 7.0; Windows NT 6.1; WOW64; Trident/5.0; SLCC2; .NET CLR 2.0.50727; .NET CLR 3.5.30729; .NET CLR 3.0.30729; Media Center PC 6.0; InfoPath.3; .NET4.0C; .NET4.0E)" 20134
192.168.12.9 - - [17/Feb/2013:07:26:40 +0600] "GET /tv/useUser HTTP/1.1" 200 432 "http://callider.kontur/site/index" "Mozilla/5.0 (Windows NT 6.1; WOW64) AppleWebKit/537.17 (KHTML, like Gecko) Chrome/24.0.1312.57 Safari/537.17" 14393
192.168.12.61 - - [17/Feb/2013:07:26:41 +0600] "GET /pause/ajaxPause?pauseConfigId=&admin=0 HTTP/1.1" 200 985 "http://callider/pause/index" "Mozilla/4.0 (compatible; MSIE 7.0; Windows NT 6.1; Trident/5.0; SLCC2; .NET CLR 2.0.50727; .NET CLR 3.5.30729; .NET CLR 3.0.30729; Media Center PC 6.0; InfoPath.3; .NET4.0C; .NET4.0E)" 18593
192.168.12.38 - - [17/Feb/2013:07:26:41 +0600] "GET /pause/ajaxPause?pauseConfigId=&admin=0 HTTP/1.1" 200 1040 "http://callider/pause/index" "Mozilla/4.0 (compatible; MSIE 7.0; Windows NT 6.1; WOW64; Trident/5.0; SLCC2; .NET CLR 2.0.50727; .NET CLR 3.5.30729; .NET CLR 3.0.30729; Media Center PC 6.0; InfoPath.3; .NET4.0C; .NET4.0E)" 16562
192.168.12.77 - - [17/Feb/2013:07:26:41 +0600] "GET /pause/ajaxPause?pauseConfigId=&admin=0 HTTP/1.1" 200 1039 "http://callider/pause/index" "Mozilla/4.0 (compatible; MSIE 7.0; Windows NT 6.1; Trident/5.0; SLCC2; .NET CLR 2.0.50727; .NET CLR 3.5.30729; .NET CLR 3.0.30729; Media Center PC 6.0; Tablet PC 2.0; InfoPath.3; .NET4.0C; .NET4.0E; MS-RTC LM 8)" 15430
192.168.65.56 - - [17/Feb/2013:07:26:41 +0600] "GET /pause/ajaxPause?pauseConfigId=all&admin=1 HTTP/1.1" 200 1046 "http://192.168.65.101/pause/index" "Mozilla/5.0 (Windows NT 5.1; rv:15.0) Gecko/20100101 Firefox/15.0" 34095
192.168.12.60 - - [17/Feb/2013:07:26:42 +0600] "GET /pause/ajaxPause?pauseConfigId=&admin=0 HTTP/1.1" 200 986 "http://callider/pause/index" "Mozilla/4.0 (compatible; MSIE 8.0; Windows NT 6.1; Trident/4.0; InfoPath.3; .NET4.0C; MS-RTC LM 8; .NET4.0E)" 20321
192.168.12.204 - - [17/Feb/2013:07:26:42 +0600] "GET /pause/ajaxPause?pauseConfigId=&admin=0 HTTP/1.1" 200 986 "http://callider/pause/index" "Mozilla/4.0 (compatible; MSIE 7.0; Windows NT 6.1; WOW64; Trident/4.0; SLCC2; .NET CLR 2.0.50727; .NET CLR 3.5.30729; .NET CLR 3.0.30729; Media Center PC 6.0; InfoPath.3; .NET4.0C; .NET4.0E; .NET CLR 1.1.4322)" 22295
192.168.74.78 - - [17/Feb/2013:07:26:44 +0600] "GET /pause/ajaxPause?pauseConfigId=&admin=0 HTTP/1.1" 200 986 "http://callider/pause/index" "Mozilla/4.0 (compatible; MSIE 7.0; Windows NT 6.1; WOW64; Trident/5.0; SLCC2; .NET CLR 2.0.50727; .NET CLR 3.5.30729; .NET CLR 3.0.30729; Media Center PC 6.0; InfoPath.3; .NET4.0C; MS-RTC LM 8; .NET4.0E)" 22359
192.168.12.69 - - [17/Feb/2013:07:26:45 +0600] "GET /pause/ajaxPause?pauseConfigId=&admin=0 HTTP/1.1" 200 986 "http://callider/pause/index" "Mozilla/4.0 (compatible; MSIE 7.0; Windows NT 6.1; Trident/5.0; SLCC2; .NET CLR 2.0.50727; .NET CLR 3.5.30729; .NET CLR 3.0.30729; Media Center PC 6.0; InfoPath.3; .NET4.0C; .NET4.0E; Tablet PC 2.0; AskTbFXTV5/5.14.1.20007)" 18910
192.168.74.91 - - [17/Feb/2013:07:26:45 +0600] "GET /pause/ajaxPause?pauseConfigId=&admin=0 HTTP/1.1" 200 986 "http://callider/pause/index" "Mozilla/4.0 (compatible; MSIE 7.0; Windows NT 6.1; WOW64; Trident/5.0; SLCC2; .NET CLR 2.0.50727; .NET CLR 3.5.30729; .NET CLR 3.0.30729; Media Center PC 6.0; InfoPath.3; .NET4.0C; MS-RTC LM 8; .NET4.0E)" 19236
192.168.74.151 - - [17/Feb/2013:07:26:45 +0600] "GET /pause/ajaxPause?pauseConfigId=&admin=0 HTTP/1.1" 200 987 "http://callider.kontur/pause/index" "Mozilla/5.0 (Windows NT 6.1; WOW64; rv:18.0) Gecko/20100101 Firefox/18.0" 20824
192.168.12.210 - - [17/Feb/2013:07:26:45 +0600] "GET /pause/ajaxPause?pauseConfigId=all&admin=1 HTTP/1.1" 200 1047 "http://callider/pause/index" "Mozilla/4.0 (compatible; MSIE 7.0; Windows NT 6.1; WOW64; Trident/5.0; SLCC2; .NET CLR 2.0.50727; .NET CLR 3.5.30729; .NET CLR 3.0.30729; Media Center PC 6.0; InfoPath.3; .NET4.0C; .NET4.0E)" 18290
192.168.12.61 - - [17/Feb/2013:07:26:46 +0600] "GET /pause/ajaxPause?pauseConfigId=&admin=0 HTTP/1.1" 200 985 "http://callider/pause/index" "Mozilla/4.0 (compatible; MSIE 7.0; Windows NT 6.1; Trident/5.0; SLCC2; .NET CLR 2.0.50727; .NET CLR 3.5.30729; .NET CLR 3.0.30729; Media Center PC 6.0; InfoPath.3; .NET4.0C; .NET4.0E)" 18955
192.168.12.38 - - [17/Feb/2013:07:26:46 +0600] "GET /pause/ajaxPause?pauseConfigId=&admin=0 HTTP/1.1" 200 1040 "http://callider/pause/index" "Mozilla/4.0 (compatible; MSIE 7.0; Windows NT 6.1; WOW64; Trident/5.0; SLCC2; .NET CLR 2.0.50727; .NET CLR 3.5.30729; .NET CLR 3.0.30729; Media Center PC 6.0; InfoPath.3; .NET4.0C; .NET4.0E)" 17680
192.168.12.77 - - [17/Feb/2013:07:26:46 +0600] "GET /pause/ajaxPause?pauseConfigId=&admin=0 HTTP/1.1" 200 1039 "http://callider/pause/index" "Mozilla/4.0 (compatible; MSIE 7.0; Windows NT 6.1; Trident/5.0; SLCC2; .NET CLR 2.0.50727; .NET CLR 3.5.30729; .NET CLR 3.0.30729; Media Center PC 6.0; Tablet PC 2.0; InfoPath.3; .NET4.0C; .NET4.0E; MS-RTC LM 8)" 13581
192.168.65.56 - - [17/Feb/2013:07:26:46 +0600] "GET /pause/ajaxPause?pauseConfigId=all&admin=1 HTTP/1.1" 200 1046 "http://192.168.65.101/pause/index" "Mozilla/5.0 (Windows NT 5.1; rv:15.0) Gecko/20100101 Firefox/15.0" 143149
192.168.12.60 - - [17/Feb/2013:07:26:47 +0600] "GET /pause/ajaxPause?pauseConfigId=&admin=0 HTTP/1.1" 200 986 "http://callider/pause/index" "Mozilla/4.0 (compatible; MSIE 8.0; Windows NT 6.1; Trident/4.0; InfoPath.3; .NET4.0C; MS-RTC LM 8; .NET4.0E)" 20668
192.168.12.204 - - [17/Feb/2013:07:26:47 +0600] "GET /pause/ajaxPause?pauseConfigId=&admin=0 HTTP/1.1" 200 986 "http://callider/pause/index" "Mozilla/4.0 (compatible; MSIE 7.0; Windows NT 6.1; WOW64; Trident/4.0; SLCC2; .NET CLR 2.0.50727; .NET CLR 3.5.30729; .NET CLR 3.0.30729; Media Center PC 6.0; InfoPath.3; .NET4.0C; .NET4.0E; .NET CLR 1.1.4322)" 19031
192.168.12.210 - - [17/Feb/2013:07:26:49 +0600] "GET /tv/useUser HTTP/1.1" 200 431 "http://callider/pause/index" "Mozilla/4.0 (compatible; MSIE 7.0; Windows NT 6.1; WOW64; Trident/5.0; SLCC2; .NET CLR 2.0.50727; .NET CLR 3.5.30729; .NET CLR 3.0.30729; Media Center PC 6.0; InfoPath.3; .NET4.0C; .NET4.0E)" 8357
192.168.74.78 - - [17/Feb/2013:07:26:49 +0600] "GET /pause/ajaxPause?pauseConfigId=&admin=0 HTTP/1.1" 200 986 "http://callider/pause/index" "Mozilla/4.0 (compatible; MSIE 7.0; Windows NT 6.1; WOW64; Trident/5.0; SLCC2; .NET CLR 2.0.50727; .NET CLR 3.5.30729; .NET CLR 3.0.30729; Media Center PC 6.0; InfoPath.3; .NET4.0C; MS-RTC LM 8; .NET4.0E)" 18843
192.168.12.69 - - [17/Feb/2013:07:26:50 +0600] "GET /pause/ajaxPause?pauseConfigId=&admin=0 HTTP/1.1" 200 986 "http://callider/pause/index" "Mozilla/4.0 (compatible; MSIE 7.0; Windows NT 6.1; Trident/5.0; SLCC2; .NET CLR 2.0.50727; .NET CLR 3.5.30729; .NET CLR 3.0.30729; Media Center PC 6.0; InfoPath.3; .NET4.0C; .NET4.0E; Tablet PC 2.0; AskTbFXTV5/5.14.1.20007)" 17900
192.168.74.91 - - [17/Feb/2013:07:26:50 +0600] "GET /pause/ajaxPause?pauseConfigId=&admin=0 HTTP/1.1" 200 986 "http://callider/pause/index" "Mozilla/4.0 (compatible; MSIE 7.0; Windows NT 6.1; WOW64; Trident/5.0; SLCC2; .NET CLR 2.0.50727; .NET CLR 3.5.30729; .NET CLR 3.0.30729; Media Center PC 6.0; InfoPath.3; .NET4.0C; MS-RTC LM 8; .NET4.0E)" 19385
192.168.74.151 - - [17/Feb/2013:07:26:50 +0600] "GET /pause/ajaxPause?pauseConfigId=&admin=0 HTTP/1.1" 200 987 "http://callider.kontur/pause/index" "Mozilla/5.0 (Windows NT 6.1; WOW64; rv:18.0) Gecko/20100101 Firefox/18.0" 17910
192.168.12.210 - - [17/Feb/2013:07:26:50 +0600] "GET /pause/ajaxPause?pauseConfigId=all&admin=1 HTTP/1.1" 200 1047 "http://callider/pause/index" "Mozilla/4.0 (compatible; MSIE 7.0; Windows NT 6.1; WOW64; Trident/5.0; SLCC2; .NET CLR 2.0.50727; .NET CLR 3.5.30729; .NET CLR 3.0.30729; Media Center PC 6.0; InfoPath.3; .NET4.0C; .NET4.0E)" 19808
192.168.12.61 - - [17/Feb/2013:07:26:50 +0600] "GET /pause/ajaxPause?pauseConfigId=&admin=0 HTTP/1.1" 200 985 "http://callider/pause/index" "Mozilla/4.0 (compatible; MSIE 7.0; Windows NT 6.1; Trident/5.0; SLCC2; .NET CLR 2.0.50727; .NET CLR 3.5.30729; .NET CLR 3.0.30729; Media Center PC 6.0; InfoPath.3; .NET4.0C; .NET4.0E)" 28900
192.168.12.38 - - [17/Feb/2013:07:26:51 +0600] "GET /pause/ajaxPause?pauseConfigId=&admin=0 HTTP/1.1" 200 1040 "http://callider/pause/index" "Mozilla/4.0 (compatible; MSIE 7.0; Windows NT 6.1; WOW64; Trident/5.0; SLCC2; .NET CLR 2.0.50727; .NET CLR 3.5.30729; .NET CLR 3.0.30729; Media Center PC 6.0; InfoPath.3; .NET4.0C; .NET4.0E)" 19855
192.168.12.77 - - [17/Feb/2013:07:26:51 +0600] "GET /pause/ajaxPause?pauseConfigId=&admin=0 HTTP/1.1" 200 1039 "http://callider/pause/index" "Mozilla/4.0 (compatible; MSIE 7.0; Windows NT 6.1; Trident/5.0; SLCC2; .NET CLR 2.0.50727; .NET CLR 3.5.30729; .NET CLR 3.0.30729; Media Center PC 6.0; Tablet PC 2.0; InfoPath.3; .NET4.0C; .NET4.0E; MS-RTC LM 8)" 12949
192.168.65.56 - - [17/Feb/2013:07:26:51 +0600] "GET /pause/ajaxPause?pauseConfigId=all&admin=1 HTTP/1.1" 200 1046 "http://192.168.65.101/pause/index" "Mozilla/5.0 (Windows NT 5.1; rv:15.0) Gecko/20100101 Firefox/15.0" 31827
192.168.65.56 - - [17/Feb/2013:07:26:51 +0600] "GET /tv/useUser HTTP/1.1" 200 431 "http://192.168.65.101/pause/index" "Mozilla/5.0 (Windows NT 5.1; rv:15.0) Gecko/20100101 Firefox/15.0" 12393
192.168.12.60 - - [17/Feb/2013:07:26:52 +0600] "GET /pause/ajaxPause?pauseConfigId=&admin=0 HTTP/1.1" 200 986 "http://callider/pause/index" "Mozilla/4.0 (compatible; MSIE 8.0; Windows NT 6.1; Trident/4.0; InfoPath.3; .NET4.0C; MS-RTC LM 8; .NET4.0E)" 27861
192.168.12.204 - - [17/Feb/2013:07:26:52 +0600] "GET /pause/ajaxPause?pauseConfigId=&admin=0 HTTP/1.1" 200 986 "http://callider/pause/index" "Mozilla/4.0 (compatible; MSIE 7.0; Windows NT 6.1; WOW64; Trident/4.0; SLCC2; .NET CLR 2.0.50727; .NET CLR 3.5.30729; .NET CLR 3.0.30729; Media Center PC 6.0; InfoPath.3; .NET4.0C; .NET4.0E; .NET CLR 1.1.4322)" 20126
192.168.74.78 - - [17/Feb/2013:07:26:54 +0600] "GET /pause/ajaxPause?pauseConfigId=&admin=0 HTTP/1.1" 200 986 "http://callider/pause/index" "Mozilla/4.0 (compatible; MSIE 7.0; Windows NT 6.1; WOW64; Trident/5.0; SLCC2; .NET CLR 2.0.50727; .NET CLR 3.5.30729; .NET CLR 3.0.30729; Media Center PC 6.0; InfoPath.3; .NET4.0C; MS-RTC LM 8; .NET4.0E)" 26356
192.168.12.69 - - [17/Feb/2013:07:26:55 +0600] "GET /pause/ajaxPause?pauseConfigId=&admin=0 HTTP/1.1" 200 986 "http://callider/pause/index" "Mozilla/4.0 (compatible; MSIE 7.0; Windows NT 6.1; Trident/5.0; SLCC2; .NET CLR 2.0.50727; .NET CLR 3.5.30729; .NET CLR 3.0.30729; Media Center PC 6.0; InfoPath.3; .NET4.0C; .NET4.0E; Tablet PC 2.0; AskTbFXTV5/5.14.1.20007)" 26746
192.168.74.91 - - [17/Feb/2013:07:26:55 +0600] "GET /pause/ajaxPause?pauseConfigId=&admin=0 HTTP/1.1" 200 986 "http://callider/pause/index" "Mozilla/4.0 (compatible; MSIE 7.0; Windows NT 6.1; WOW64; Trident/5.0; SLCC2; .NET CLR 2.0.50727; .NET CLR 3.5.30729; .NET CLR 3.0.30729; Media Center PC 6.0; InfoPath.3; .NET4.0C; MS-RTC LM 8; .NET4.0E)" 20654
192.168.74.151 - - [17/Feb/2013:07:26:55 +0600] "GET /pause/ajaxPause?pauseConfigId=&admin=0 HTTP/1.1" 200 987 "http://callider.kontur/pause/index" "Mozilla/5.0 (Windows NT 6.1; WOW64; rv:18.0) Gecko/20100101 Firefox/18.0" 18389
192.168.12.210 - - [17/Feb/2013:07:26:55 +0600] "GET /pause/ajaxPause?pauseConfigId=all&admin=1 HTTP/1.1" 200 1047 "http://callider/pause/index" "Mozilla/4.0 (compatible; MSIE 7.0; Windows NT 6.1; WOW64; Trident/5.0; SLCC2; .NET CLR 2.0.50727; .NET CLR 3.5.30729; .NET CLR 3.0.30729; Media Center PC 6.0; InfoPath.3; .NET4.0C; .NET4.0E)" 18938
192.168.12.61 - - [17/Feb/2013:07:26:55 +0600] "GET /pause/ajaxPause?pauseConfigId=&admin=0 HTTP/1.1" 200 985 "http://callider/pause/index" "Mozilla/4.0 (compatible; MSIE 7.0; Windows NT 6.1; Trident/5.0; SLCC2; .NET CLR 2.0.50727; .NET CLR 3.5.30729; .NET CLR 3.0.30729; Media Center PC 6.0; InfoPath.3; .NET4.0C; .NET4.0E)" 19897
192.168.12.38 - - [17/Feb/2013:07:26:56 +0600] "GET /pause/ajaxPause?pauseConfigId=&admin=0 HTTP/1.1" 200 1040 "http://callider/pause/index" "Mozilla/4.0 (compatible; MSIE 7.0; Windows NT 6.1; WOW64; Trident/5.0; SLCC2; .NET CLR 2.0.50727; .NET CLR 3.5.30729; .NET CLR 3.0.30729; Media Center PC 6.0; InfoPath.3; .NET4.0C; .NET4.0E)" 16761
192.168.12.77 - - [17/Feb/2013:07:26:56 +0600] "GET /pause/ajaxPause?pauseConfigId=&admin=0 HTTP/1.1" 200 1039 "http://callider/pause/index" "Mozilla/4.0 (compatible; MSIE 7.0; Windows NT 6.1; Trident/5.0; SLCC2; .NET CLR 2.0.50727; .NET CLR 3.5.30729; .NET CLR 3.0.30729; Media Center PC 6.0; Tablet PC 2.0; InfoPath.3; .NET4.0C; .NET4.0E; MS-RTC LM 8)" 15678
192.168.65.56 - - [17/Feb/2013:07:26:56 +0600] "GET /pause/ajaxPause?pauseConfigId=all&admin=1 HTTP/1.1" 200 1046 "http://192.168.65.101/pause/index" "Mozilla/5.0 (Windows NT 5.1; rv:15.0) Gecko/20100101 Firefox/15.0" 39097
192.168.12.60 - - [17/Feb/2013:07:26:57 +0600] "GET /pause/ajaxPause?pauseConfigId=&admin=0 HTTP/1.1" 200 986 "http://callider/pause/index" "Mozilla/4.0 (compatible; MSIE 8.0; Windows NT 6.1; Trident/4.0; InfoPath.3; .NET4.0C; MS-RTC LM 8; .NET4.0E)" 22852
192.168.12.204 - - [17/Feb/2013:07:26:57 +0600] "GET /pause/ajaxPause?pauseConfigId=&admin=0 HTTP/1.1" 200 986 "http://callider/pause/index" "Mozilla/4.0 (compatible; MSIE 7.0; Windows NT 6.1; WOW64; Trident/4.0; SLCC2; .NET CLR 2.0.50727; .NET CLR 3.5.30729; .NET CLR 3.0.30729; Media Center PC 6.0; InfoPath.3; .NET4.0C; .NET4.0E; .NET CLR 1.1.4322)" 20528
192.168.74.78 - - [17/Feb/2013:07:26:59 +0600] "GET /pause/ajaxPause?pauseConfigId=&admin=0 HTTP/1.1" 200 986 "http://callider/pause/index" "Mozilla/4.0 (compatible; MSIE 7.0; Windows NT 6.1; WOW64; Trident/5.0; SLCC2; .NET CLR 2.0.50727; .NET CLR 3.5.30729; .NET CLR 3.0.30729; Media Center PC 6.0; InfoPath.3; .NET4.0C; MS-RTC LM 8; .NET4.0E)" 20116
192.168.12.69 - - [17/Feb/2013:07:27:00 +0600] "GET /pause/ajaxPause?pauseConfigId=&admin=0 HTTP/1.1" 200 986 "http://callider/pause/index" "Mozilla/4.0 (compatible; MSIE 7.0; Windows NT 6.1; Trident/5.0; SLCC2; .NET CLR 2.0.50727; .NET CLR 3.5.30729; .NET CLR 3.0.30729; Media Center PC 6.0; InfoPath.3; .NET4.0C; .NET4.0E; Tablet PC 2.0; AskTbFXTV5/5.14.1.20007)" 19049
192.168.74.91 - - [17/Feb/2013:07:27:00 +0600] "GET /pause/ajaxPause?pauseConfigId=&admin=0 HTTP/1.1" 200 986 "http://callider/pause/index" "Mozilla/4.0 (compatible; MSIE 7.0; Windows NT 6.1; WOW64; Trident/5.0; SLCC2; .NET CLR 2.0.50727; .NET CLR 3.5.30729; .NET CLR 3.0.30729; Media Center PC 6.0; InfoPath.3; .NET4.0C; MS-RTC LM 8; .NET4.0E)" 21649
192.168.74.151 - - [17/Feb/2013:07:27:00 +0600] "GET /pause/ajaxPause?pauseConfigId=&admin=0 HTTP/1.1" 200 987 "http://callider.kontur/pause/index" "Mozilla/5.0 (Windows NT 6.1; WOW64; rv:18.0) Gecko/20100101 Firefox/18.0" 17423
192.168.12.210 - - [17/Feb/2013:07:27:00 +0600] "GET /pause/ajaxPause?pauseConfigId=all&admin=1 HTTP/1.1" 200 1047 "http://callider/pause/index" "Mozilla/4.0 (compatible; MSIE 7.0; Windows NT 6.1; WOW64; Trident/5.0; SLCC2; .NET CLR 2.0.50727; .NET CLR 3.5.30729; .NET CLR 3.0.30729; Media Center PC 6.0; InfoPath.3; .NET4.0C; .NET4.0E)" 20037
192.168.12.61 - - [17/Feb/2013:07:27:00 +0600] "GET /pause/ajaxPause?pauseConfigId=&admin=0 HTTP/1.1" 200 985 "http://callider/pause/index" "Mozilla/4.0 (compatible; MSIE 7.0; Windows NT 6.1; Trident/5.0; SLCC2; .NET CLR 2.0.50727; .NET CLR 3.5.30729; .NET CLR 3.0.30729; Media Center PC 6.0; InfoPath.3; .NET4.0C; .NET4.0E)" 17855
192.168.12.38 - - [17/Feb/2013:07:27:01 +0600] "GET /pause/ajaxPause?pauseConfigId=&admin=0 HTTP/1.1" 200 1040 "http://callider/pause/index" "Mozilla/4.0 (compatible; MSIE 7.0; Windows NT 6.1; WOW64; Trident/5.0; SLCC2; .NET CLR 2.0.50727; .NET CLR 3.5.30729; .NET CLR 3.0.30729; Media Center PC 6.0; InfoPath.3; .NET4.0C; .NET4.0E)" 15018
192.168.12.77 - - [17/Feb/2013:07:27:01 +0600] "GET /pause/ajaxPause?pauseConfigId=&admin=0 HTTP/1.1" 200 1039 "http://callider/pause/index" "Mozilla/4.0 (compatible; MSIE 7.0; Windows NT 6.1; Trident/5.0; SLCC2; .NET CLR 2.0.50727; .NET CLR 3.5.30729; .NET CLR 3.0.30729; Media Center PC 6.0; Tablet PC 2.0; InfoPath.3; .NET4.0C; .NET4.0E; MS-RTC LM 8)" 14934
192.168.65.56 - - [17/Feb/2013:07:27:01 +0600] "GET /pause/ajaxPause?pauseConfigId=all&admin=1 HTTP/1.1" 200 1046 "http://192.168.65.101/pause/index" "Mozilla/5.0 (Windows NT 5.1; rv:15.0) Gecko/20100101 Firefox/15.0" 126627
192.168.12.60 - - [17/Feb/2013:07:27:02 +0600] "GET /pause/ajaxPause?pauseConfigId=&admin=0 HTTP/1.1" 200 986 "http://callider/pause/index" "Mozilla/4.0 (compatible; MSIE 8.0; Windows NT 6.1; Trident/4.0; InfoPath.3; .NET4.0C; MS-RTC LM 8; .NET4.0E)" 21985
192.168.12.204 - - [17/Feb/2013:07:27:02 +0600] "GET /pause/ajaxPause?pauseConfigId=&admin=0 HTTP/1.1" 200 986 "http://callider/pause/index" "Mozilla/4.0 (compatible; MSIE 7.0; Windows NT 6.1; WOW64; Trident/4.0; SLCC2; .NET CLR 2.0.50727; .NET CLR 3.5.30729; .NET CLR 3.0.30729; Media Center PC 6.0; InfoPath.3; .NET4.0C; .NET4.0E; .NET CLR 1.1.4322)" 17851
192.168.74.78 - - [17/Feb/2013:07:27:04 +0600] "GET /pause/ajaxPause?pauseConfigId=&admin=0 HTTP/1.1" 200 986 "http://callider/pause/index" "Mozilla/4.0 (compatible; MSIE 7.0; Windows NT 6.1; WOW64; Trident/5.0; SLCC2; .NET CLR 2.0.50727; .NET CLR 3.5.30729; .NET CLR 3.0.30729; Media Center PC 6.0; InfoPath.3; .NET4.0C; MS-RTC LM 8; .NET4.0E)" 21206
192.168.12.69 - - [17/Feb/2013:07:27:05 +0600] "GET /pause/ajaxPause?pauseConfigId=&admin=0 HTTP/1.1" 200 986 "http://callider/pause/index" "Mozilla/4.0 (compatible; MSIE 7.0; Windows NT 6.1; Trident/5.0; SLCC2; .NET CLR 2.0.50727; .NET CLR 3.5.30729; .NET CLR 3.0.30729; Media Center PC 6.0; InfoPath.3; .NET4.0C; .NET4.0E; Tablet PC 2.0; AskTbFXTV5/5.14.1.20007)" 17085
192.168.12.61 - - [17/Feb/2013:07:27:05 +0600] "GET /tv/useUser HTTP/1.1" 200 431 "http://callider/pause/index" "Mozilla/4.0 (compatible; MSIE 7.0; Windows NT 6.1; Trident/5.0; SLCC2; .NET CLR 2.0.50727; .NET CLR 3.5.30729; .NET CLR 3.0.30729; Media Center PC 6.0; InfoPath.3; .NET4.0C; .NET4.0E)" 8862
192.168.74.91 - - [17/Feb/2013:07:27:05 +0600] "GET /pause/ajaxPause?pauseConfigId=&admin=0 HTTP/1.1" 200 986 "http://callider/pause/index" "Mozilla/4.0 (compatible; MSIE 7.0; Windows NT 6.1; WOW64; Trident/5.0; SLCC2; .NET CLR 2.0.50727; .NET CLR 3.5.30729; .NET CLR 3.0.30729; Media Center PC 6.0; InfoPath.3; .NET4.0C; MS-RTC LM 8; .NET4.0E)" 17354
192.168.74.151 - - [17/Feb/2013:07:27:05 +0600] "GET /pause/ajaxPause?pauseConfigId=&admin=0 HTTP/1.1" 200 987 "http://callider.kontur/pause/index" "Mozilla/5.0 (Windows NT 6.1; WOW64; rv:18.0) Gecko/20100101 Firefox/18.0" 18092
192.168.12.210 - - [17/Feb/2013:07:27:05 +0600] "GET /pause/ajaxPause?pauseConfigId=all&admin=1 HTTP/1.1" 200 1047 "http://callider/pause/index" "Mozilla/4.0 (compatible; MSIE 7.0; Windows NT 6.1; WOW64; Trident/5.0; SLCC2; .NET CLR 2.0.50727; .NET CLR 3.5.30729; .NET CLR 3.0.30729; Media Center PC 6.0; InfoPath.3; .NET4.0C; .NET4.0E)" 21229
192.168.12.61 - - [17/Feb/2013:07:27:05 +0600] "GET /pause/ajaxPause?pauseConfigId=&admin=0 HTTP/1.1" 200 985 "http://callider/pause/index" "Mozilla/4.0 (compatible; MSIE 7.0; Windows NT 6.1; Trident/5.0; SLCC2; .NET CLR 2.0.50727; .NET CLR 3.5.30729; .NET CLR 3.0.30729; Media Center PC 6.0; InfoPath.3; .NET4.0C; .NET4.0E)" 17344
192.168.12.38 - - [17/Feb/2013:07:27:06 +0600] "GET /pause/ajaxPause?pauseConfigId=&admin=0 HTTP/1.1" 200 1040 "http://callider/pause/index" "Mozilla/4.0 (compatible; MSIE 7.0; Windows NT 6.1; WOW64; Trident/5.0; SLCC2; .NET CLR 2.0.50727; .NET CLR 3.5.30729; .NET CLR 3.0.30729; Media Center PC 6.0; InfoPath.3; .NET4.0C; .NET4.0E)" 15815
192.168.12.77 - - [17/Feb/2013:07:27:06 +0600] "GET /pause/ajaxPause?pauseConfigId=&admin=0 HTTP/1.1" 200 1039 "http://callider/pause/index" "Mozilla/4.0 (compatible; MSIE 7.0; Windows NT 6.1; Trident/5.0; SLCC2; .NET CLR 2.0.50727; .NET CLR 3.5.30729; .NET CLR 3.0.30729; Media Center PC 6.0; Tablet PC 2.0; InfoPath.3; .NET4.0C; .NET4.0E; MS-RTC LM 8)" 14236
192.168.65.56 - - [17/Feb/2013:07:27:06 +0600] "GET /pause/ajaxPause?pauseConfigId=all&admin=1 HTTP/1.1" 200 1046 "http://192.168.65.101/pause/index" "Mozilla/5.0 (Windows NT 5.1; rv:15.0) Gecko/20100101 Firefox/15.0" 32376
192.168.12.60 - - [17/Feb/2013:07:27:07 +0600] "GET /pause/ajaxPause?pauseConfigId=&admin=0 HTTP/1.1" 200 986 "http://callider/pause/index" "Mozilla/4.0 (compatible; MSIE 8.0; Windows NT 6.1; Trident/4.0; InfoPath.3; .NET4.0C; MS-RTC LM 8; .NET4.0E)" 18852
192.168.12.204 - - [17/Feb/2013:07:27:07 +0600] "GET /pause/ajaxPause?pauseConfigId=&admin=0 HTTP/1.1" 200 986 "http://callider/pause/index" "Mozilla/4.0 (compatible; MSIE 7.0; Windows NT 6.1; WOW64; Trident/4.0; SLCC2; .NET CLR 2.0.50727; .NET CLR 3.5.30729; .NET CLR 3.0.30729; Media Center PC 6.0; InfoPath.3; .NET4.0C; .NET4.0E; .NET CLR 1.1.4322)" 21139
192.168.74.78 - - [17/Feb/2013:07:27:09 +0600] "GET /pause/ajaxPause?pauseConfigId=&admin=0 HTTP/1.1" 200 986 "http://callider/pause/index" "Mozilla/4.0 (compatible; MSIE 7.0; Windows NT 6.1; WOW64; Trident/5.0; SLCC2; .NET CLR 2.0.50727; .NET CLR 3.5.30729; .NET CLR 3.0.30729; Media Center PC 6.0; InfoPath.3; .NET4.0C; MS-RTC LM 8; .NET4.0E)" 23950
192.168.12.69 - - [17/Feb/2013:07:27:10 +0600] "GET /pause/ajaxPause?pauseConfigId=&admin=0 HTTP/1.1" 200 986 "http://callider/pause/index" "Mozilla/4.0 (compatible; MSIE 7.0; Windows NT 6.1; Trident/5.0; SLCC2; .NET CLR 2.0.50727; .NET CLR 3.5.30729; .NET CLR 3.0.30729; Media Center PC 6.0; InfoPath.3; .NET4.0C; .NET4.0E; Tablet PC 2.0; AskTbFXTV5/5.14.1.20007)" 22458
192.168.74.91 - - [17/Feb/2013:07:27:10 +0600] "GET /pause/ajaxPause?pauseConfigId=&admin=0 HTTP/1.1" 200 986 "http://callider/pause/index" "Mozilla/4.0 (compatible; MSIE 7.0; Windows NT 6.1; WOW64; Trident/5.0; SLCC2; .NET CLR 2.0.50727; .NET CLR 3.5.30729; .NET CLR 3.0.30729; Media Center PC 6.0; InfoPath.3; .NET4.0C; MS-RTC LM 8; .NET4.0E)" 24836
192.168.74.151 - - [17/Feb/2013:07:27:10 +0600] "GET /pause/ajaxPause?pauseConfigId=&admin=0 HTTP/1.1" 200 987 "http://callider.kontur/pause/index" "Mozilla/5.0 (Windows NT 6.1; WOW64; rv:18.0) Gecko/20100101 Firefox/18.0" 22858
192.168.12.210 - - [17/Feb/2013:07:27:10 +0600] "GET /pause/ajaxPause?pauseConfigId=all&admin=1 HTTP/1.1" 200 1047 "http://callider/pause/index" "Mozilla/4.0 (compatible; MSIE 7.0; Windows NT 6.1; WOW64; Trident/5.0; SLCC2; .NET CLR 2.0.50727; .NET CLR 3.5.30729; .NET CLR 3.0.30729; Media Center PC 6.0; InfoPath.3; .NET4.0C; .NET4.0E)" 21772
192.168.12.61 - - [17/Feb/2013:07:27:10 +0600] "GET /pause/ajaxPause?pauseConfigId=&admin=0 HTTP/1.1" 200 985 "http://callider/pause/index" "Mozilla/4.0 (compatible; MSIE 7.0; Windows NT 6.1; Trident/5.0; SLCC2; .NET CLR 2.0.50727; .NET CLR 3.5.30729; .NET CLR 3.0.30729; Media Center PC 6.0; InfoPath.3; .NET4.0C; .NET4.0E)" 18564
192.168.12.42 - - [17/Feb/2013:07:27:11 +0600] "GET /tv/useUser HTTP/1.1" 200 432 "http://callider/graph/personal" "Mozilla/4.0 (compatible; MSIE 7.0; Windows NT 6.1; WOW64; Trident/5.0; SLCC2; .NET CLR 2.0.50727; .NET CLR 3.5.30729; .NET CLR 3.0.30729; Media Center PC 6.0; InfoPath.3; .NET4.0C; .NET4.0E)" 18609
192.168.12.38 - - [17/Feb/2013:07:27:11 +0600] "GET /pause/ajaxPause?pauseConfigId=&admin=0 HTTP/1.1" 200 1040 "http://callider/pause/index" "Mozilla/4.0 (compatible; MSIE 7.0; Windows NT 6.1; WOW64; Trident/5.0; SLCC2; .NET CLR 2.0.50727; .NET CLR 3.5.30729; .NET CLR 3.0.30729; Media Center PC 6.0; InfoPath.3; .NET4.0C; .NET4.0E)" 17488
192.168.12.77 - - [17/Feb/2013:07:27:11 +0600] "GET /pause/ajaxPause?pauseConfigId=&admin=0 HTTP/1.1" 200 1039 "http://callider/pause/index" "Mozilla/4.0 (compatible; MSIE 7.0; Windows NT 6.1; Trident/5.0; SLCC2; .NET CLR 2.0.50727; .NET CLR 3.5.30729; .NET CLR 3.0.30729; Media Center PC 6.0; Tablet PC 2.0; InfoPath.3; .NET4.0C; .NET4.0E; MS-RTC LM 8)" 15361
192.168.65.56 - - [17/Feb/2013:07:27:11 +0600] "GET /pause/ajaxPause?pauseConfigId=all&admin=1 HTTP/1.1" 200 1047 "http://192.168.65.101/pause/index" "Mozilla/5.0 (Windows NT 5.1; rv:15.0) Gecko/20100101 Firefox/15.0" 39333
192.168.12.60 - - [17/Feb/2013:07:27:12 +0600] "GET /pause/ajaxPause?pauseConfigId=&admin=0 HTTP/1.1" 200 986 "http://callider/pause/index" "Mozilla/4.0 (compatible; MSIE 8.0; Windows NT 6.1; Trident/4.0; InfoPath.3; .NET4.0C; MS-RTC LM 8; .NET4.0E)" 18514
192.168.12.204 - - [17/Feb/2013:07:27:12 +0600] "GET /pause/ajaxPause?pauseConfigId=&admin=0 HTTP/1.1" 200 986 "http://callider/pause/index" "Mozilla/4.0 (compatible; MSIE 7.0; Windows NT 6.1; WOW64; Trident/4.0; SLCC2; .NET CLR 2.0.50727; .NET CLR 3.5.30729; .NET CLR 3.0.30729; Media Center PC 6.0; InfoPath.3; .NET4.0C; .NET4.0E; .NET CLR 1.1.4322)" 20270
192.168.74.151 - - [17/Feb/2013:07:27:13 +0600] "GET /tv/useUser HTTP/1.1" 200 431 "http://callider.kontur/graph/general" "Mozilla/5.0 (Windows NT 6.1; WOW64; rv:18.0) Gecko/20100101 Firefox/18.0" 10756
192.168.74.78 - - [17/Feb/2013:07:27:14 +0600] "GET /pause/ajaxPause?pauseConfigId=&admin=0 HTTP/1.1" 200 986 "http://callider/pause/index" "Mozilla/4.0 (compatible; MSIE 7.0; Windows NT 6.1; WOW64; Trident/5.0; SLCC2; .NET CLR 2.0.50727; .NET CLR 3.5.30729; .NET CLR 3.0.30729; Media Center PC 6.0; InfoPath.3; .NET4.0C; MS-RTC LM 8; .NET4.0E)" 18233
192.168.12.69 - - [17/Feb/2013:07:27:15 +0600] "GET /pause/ajaxPause?pauseConfigId=&admin=0 HTTP/1.1" 200 986 "http://callider/pause/index" "Mozilla/4.0 (compatible; MSIE 7.0; Windows NT 6.1; Trident/5.0; SLCC2; .NET CLR 2.0.50727; .NET CLR 3.5.30729; .NET CLR 3.0.30729; Media Center PC 6.0; InfoPath.3; .NET4.0C; .NET4.0E; Tablet PC 2.0; AskTbFXTV5/5.14.1.20007)" 19796
192.168.74.91 - - [17/Feb/2013:07:27:15 +0600] "GET /pause/ajaxPause?pauseConfigId=&admin=0 HTTP/1.1" 200 987 "http://callider/pause/index" "Mozilla/4.0 (compatible; MSIE 7.0; Windows NT 6.1; WOW64; Trident/5.0; SLCC2; .NET CLR 2.0.50727; .NET CLR 3.5.30729; .NET CLR 3.0.30729; Media Center PC 6.0; InfoPath.3; .NET4.0C; MS-RTC LM 8; .NET4.0E)" 47930
192.168.74.151 - - [17/Feb/2013:07:27:15 +0600] "GET /pause/ajaxPause?pauseConfigId=&admin=0 HTTP/1.1" 200 987 "http://callider.kontur/pause/index" "Mozilla/5.0 (Windows NT 6.1; WOW64; rv:18.0) Gecko/20100101 Firefox/18.0" 49850
192.168.74.151 - - [17/Feb/2013:07:27:15 +0600] "GET /tv/useUser HTTP/1.1" 200 432 "http://callider.kontur/pause/index" "Mozilla/5.0 (Windows NT 6.1; WOW64; rv:18.0) Gecko/20100101 Firefox/18.0" 32618
192.168.12.210 - - [17/Feb/2013:07:27:15 +0600] "GET /pause/ajaxPause?pauseConfigId=all&admin=1 HTTP/1.1" 200 1047 "http://callider/pause/index" "Mozilla/4.0 (compatible; MSIE 7.0; Windows NT 6.1; WOW64; Trident/5.0; SLCC2; .NET CLR 2.0.50727; .NET CLR 3.5.30729; .NET CLR 3.0.30729; Media Center PC 6.0; InfoPath.3; .NET4.0C; .NET4.0E)" 23743
192.168.12.61 - - [17/Feb/2013:07:27:16 +0600] "GET /pause/ajaxPause?pauseConfigId=&admin=0 HTTP/1.1" 200 986 "http://callider/pause/index" "Mozilla/4.0 (compatible; MSIE 7.0; Windows NT 6.1; Trident/5.0; SLCC2; .NET CLR 2.0.50727; .NET CLR 3.5.30729; .NET CLR 3.0.30729; Media Center PC 6.0; InfoPath.3; .NET4.0C; .NET4.0E)" 24503
192.168.12.38 - - [17/Feb/2013:07:27:16 +0600] "GET /pause/ajaxPause?pauseConfigId=&admin=0 HTTP/1.1" 200 1040 "http://callider/pause/index" "Mozilla/4.0 (compatible; MSIE 7.0; Windows NT 6.1; WOW64; Trident/5.0; SLCC2; .NET CLR 2.0.50727; .NET CLR 3.5.30729; .NET CLR 3.0.30729; Media Center PC 6.0; InfoPath.3; .NET4.0C; .NET4.0E)" 15555
192.168.12.77 - - [17/Feb/2013:07:27:16 +0600] "GET /pause/ajaxPause?pauseConfigId=&admin=0 HTTP/1.1" 200 1039 "http://callider/pause/index" "Mozilla/4.0 (compatible; MSIE 7.0; Windows NT 6.1; Trident/5.0; SLCC2; .NET CLR 2.0.50727; .NET CLR 3.5.30729; .NET CLR 3.0.30729; Media Center PC 6.0; Tablet PC 2.0; InfoPath.3; .NET4.0C; .NET4.0E; MS-RTC LM 8)" 14930
192.168.65.56 - - [17/Feb/2013:07:27:16 +0600] "GET /pause/ajaxPause?pauseConfigId=all&admin=1 HTTP/1.1" 200 1046 "http://192.168.65.101/pause/index" "Mozilla/5.0 (Windows NT 5.1; rv:15.0) Gecko/20100101 Firefox/15.0" 28167
192.168.12.60 - - [17/Feb/2013:07:27:17 +0600] "GET /pause/ajaxPause?pauseConfigId=&admin=0 HTTP/1.1" 200 986 "http://callider/pause/index" "Mozilla/4.0 (compatible; MSIE 8.0; Windows NT 6.1; Trident/4.0; InfoPath.3; .NET4.0C; MS-RTC LM 8; .NET4.0E)" 28123
192.168.12.204 - - [17/Feb/2013:07:27:17 +0600] "GET /pause/ajaxPause?pauseConfigId=&admin=0 HTTP/1.1" 200 986 "http://callider/pause/index" "Mozilla/4.0 (compatible; MSIE 7.0; Windows NT 6.1; WOW64; Trident/4.0; SLCC2; .NET CLR 2.0.50727; .NET CLR 3.5.30729; .NET CLR 3.0.30729; Media Center PC 6.0; InfoPath.3; .NET4.0C; .NET4.0E; .NET CLR 1.1.4322)" 20122
192.168.74.78 - - [17/Feb/2013:07:27:19 +0600] "GET /pause/ajaxPause?pauseConfigId=&admin=0 HTTP/1.1" 200 986 "http://callider/pause/index" "Mozilla/4.0 (compatible; MSIE 7.0; Windows NT 6.1; WOW64; Trident/5.0; SLCC2; .NET CLR 2.0.50727; .NET CLR 3.5.30729; .NET CLR 3.0.30729; Media Center PC 6.0; InfoPath.3; .NET4.0C; MS-RTC LM 8; .NET4.0E)" 18627
192.168.12.10 - - [17/Feb/2013:07:27:19 +0600] "GET /tv/useUser HTTP/1.1" 200 432 "http://callider/graph/personal" "Mozilla/4.0 (compatible; MSIE 7.0; Windows NT 6.1; Trident/5.0; SLCC2; .NET CLR 2.0.50727; .NET CLR 3.5.30729; .NET CLR 3.0.30729; Media Center PC 6.0; InfoPath.3; .NET4.0C; .NET4.0E; Tablet PC 2.0; MS-RTC LM 8)" 15817
192.168.12.108 - - [17/Feb/2013:07:27:19 +0600] "GET /tv/useUser HTTP/1.1" 200 432 "http://callider/index.php" "Mozilla/4.0 (compatible; MSIE 7.0; Windows NT 6.2; WOW64; Trident/6.0; .NET4.0E; .NET4.0C; InfoPath.3; .NET CLR 3.5.30729; .NET CLR 2.0.50727; .NET CLR 3.0.30729)" 15826
192.168.12.69 - - [17/Feb/2013:07:27:20 +0600] "GET /pause/ajaxPause?pauseConfigId=&admin=0 HTTP/1.1" 200 986 "http://callider/pause/index" "Mozilla/4.0 (compatible; MSIE 7.0; Windows NT 6.1; Trident/5.0; SLCC2; .NET CLR 2.0.50727; .NET CLR 3.5.30729; .NET CLR 3.0.30729; Media Center PC 6.0; InfoPath.3; .NET4.0C; .NET4.0E; Tablet PC 2.0; AskTbFXTV5/5.14.1.20007)" 19542
192.168.74.91 - - [17/Feb/2013:07:27:20 +0600] "GET /pause/ajaxPause?pauseConfigId=&admin=0 HTTP/1.1" 200 986 "http://callider/pause/index" "Mozilla/4.0 (compatible; MSIE 7.0; Windows NT 6.1; WOW64; Trident/5.0; SLCC2; .NET CLR 2.0.50727; .NET CLR 3.5.30729; .NET CLR 3.0.30729; Media Center PC 6.0; InfoPath.3; .NET4.0C; MS-RTC LM 8; .NET4.0E)" 19201
192.168.74.151 - - [17/Feb/2013:07:27:20 +0600] "GET /pause/ajaxPause?pauseConfigId=&admin=0 HTTP/1.1" 200 987 "http://callider.kontur/pause/index" "Mozilla/5.0 (Windows NT 6.1; WOW64; rv:18.0) Gecko/20100101 Firefox/18.0" 18561
192.168.12.210 - - [17/Feb/2013:07:27:20 +0600] "GET /pause/ajaxPause?pauseConfigId=all&admin=1 HTTP/1.1" 200 1047 "http://callider/pause/index" "Mozilla/4.0 (compatible; MSIE 7.0; Windows NT 6.1; WOW64; Trident/5.0; SLCC2; .NET CLR 2.0.50727; .NET CLR 3.5.30729; .NET CLR 3.0.30729; Media Center PC 6.0; InfoPath.3; .NET4.0C; .NET4.0E)" 21192
192.168.12.61 - - [17/Feb/2013:07:27:21 +0600] "GET /pause/ajaxPause?pauseConfigId=&admin=0 HTTP/1.1" 200 985 "http://callider/pause/index" "Mozilla/4.0 (compatible; MSIE 7.0; Windows NT 6.1; Trident/5.0; SLCC2; .NET CLR 2.0.50727; .NET CLR 3.5.30729; .NET CLR 3.0.30729; Media Center PC 6.0; InfoPath.3; .NET4.0C; .NET4.0E)" 18222
192.168.12.38 - - [17/Feb/2013:07:27:21 +0600] "GET /pause/ajaxPause?pauseConfigId=&admin=0 HTTP/1.1" 200 1040 "http://callider/pause/index" "Mozilla/4.0 (compatible; MSIE 7.0; Windows NT 6.1; WOW64; Trident/5.0; SLCC2; .NET CLR 2.0.50727; .NET CLR 3.5.30729; .NET CLR 3.0.30729; Media Center PC 6.0; InfoPath.3; .NET4.0C; .NET4.0E)" 16167
192.168.12.77 - - [17/Feb/2013:07:27:21 +0600] "GET /pause/ajaxPause?pauseConfigId=&admin=0 HTTP/1.1" 200 1039 "http://callider/pause/index" "Mozilla/4.0 (compatible; MSIE 7.0; Windows NT 6.1; Trident/5.0; SLCC2; .NET CLR 2.0.50727; .NET CLR 3.5.30729; .NET CLR 3.0.30729; Media Center PC 6.0; Tablet PC 2.0; InfoPath.3; .NET4.0C; .NET4.0E; MS-RTC LM 8)" 14394
192.168.65.56 - - [17/Feb/2013:07:27:21 +0600] "GET /pause/ajaxPause?pauseConfigId=all&admin=1 HTTP/1.1" 200 1046 "http://192.168.65.101/pause/index" "Mozilla/5.0 (Windows NT 5.1; rv:15.0) Gecko/20100101 Firefox/15.0" 30923
192.168.12.60 - - [17/Feb/2013:07:27:22 +0600] "GET /pause/ajaxPause?pauseConfigId=&admin=0 HTTP/1.1" 200 986 "http://callider/pause/index" "Mozilla/4.0 (compatible; MSIE 8.0; Windows NT 6.1; Trident/4.0; InfoPath.3; .NET4.0C; MS-RTC LM 8; .NET4.0E)" 19612
192.168.12.204 - - [17/Feb/2013:07:27:22 +0600] "GET /pause/ajaxPause?pauseConfigId=&admin=0 HTTP/1.1" 200 986 "http://callider/pause/index" "Mozilla/4.0 (compatible; MSIE 7.0; Windows NT 6.1; WOW64; Trident/4.0; SLCC2; .NET CLR 2.0.50727; .NET CLR 3.5.30729; .NET CLR 3.0.30729; Media Center PC 6.0; InfoPath.3; .NET4.0C; .NET4.0E; .NET CLR 1.1.4322)" 19568
192.168.74.78 - - [17/Feb/2013:07:27:24 +0600] "GET /pause/ajaxPause?pauseConfigId=&admin=0 HTTP/1.1" 200 986 "http://callider/pause/index" "Mozilla/4.0 (compatible; MSIE 7.0; Windows NT 6.1; WOW64; Trident/5.0; SLCC2; .NET CLR 2.0.50727; .NET CLR 3.5.30729; .NET CLR 3.0.30729; Media Center PC 6.0; InfoPath.3; .NET4.0C; MS-RTC LM 8; .NET4.0E)" 21134
192.168.12.69 - - [17/Feb/2013:07:27:25 +0600] "GET /pause/ajaxPause?pauseConfigId=&admin=0 HTTP/1.1" 200 986 "http://callider/pause/index" "Mozilla/4.0 (compatible; MSIE 7.0; Windows NT 6.1; Trident/5.0; SLCC2; .NET CLR 2.0.50727; .NET CLR 3.5.30729; .NET CLR 3.0.30729; Media Center PC 6.0; InfoPath.3; .NET4.0C; .NET4.0E; Tablet PC 2.0; AskTbFXTV5/5.14.1.20007)" 24641
192.168.74.91 - - [17/Feb/2013:07:27:25 +0600] "GET /pause/ajaxPause?pauseConfigId=&admin=0 HTTP/1.1" 200 986 "http://callider/pause/index" "Mozilla/4.0 (compatible; MSIE 7.0; Windows NT 6.1; WOW64; Trident/5.0; SLCC2; .NET CLR 2.0.50727; .NET CLR 3.5.30729; .NET CLR 3.0.30729; Media Center PC 6.0; InfoPath.3; .NET4.0C; MS-RTC LM 8; .NET4.0E)" 20729
192.168.74.151 - - [17/Feb/2013:07:27:25 +0600] "GET /pause/ajaxPause?pauseConfigId=&admin=0 HTTP/1.1" 200 987 "http://callider.kontur/pause/index" "Mozilla/5.0 (Windows NT 6.1; WOW64; rv:18.0) Gecko/20100101 Firefox/18.0" 17430
192.168.12.210 - - [17/Feb/2013:07:27:25 +0600] "GET /pause/ajaxPause?pauseConfigId=all&admin=1 HTTP/1.1" 200 1047 "http://callider/pause/index" "Mozilla/4.0 (compatible; MSIE 7.0; Windows NT 6.1; WOW64; Trident/5.0; SLCC2; .NET CLR 2.0.50727; .NET CLR 3.5.30729; .NET CLR 3.0.30729; Media Center PC 6.0; InfoPath.3; .NET4.0C; .NET4.0E)" 18340
192.168.12.61 - - [17/Feb/2013:07:27:26 +0600] "GET /pause/ajaxPause?pauseConfigId=&admin=0 HTTP/1.1" 200 985 "http://callider/pause/index" "Mozilla/4.0 (compatible; MSIE 7.0; Windows NT 6.1; Trident/5.0; SLCC2; .NET CLR 2.0.50727; .NET CLR 3.5.30729; .NET CLR 3.0.30729; Media Center PC 6.0; InfoPath.3; .NET4.0C; .NET4.0E)" 17447
192.168.12.38 - - [17/Feb/2013:07:27:26 +0600] "GET /pause/ajaxPause?pauseConfigId=&admin=0 HTTP/1.1" 200 1040 "http://callider/pause/index" "Mozilla/4.0 (compatible; MSIE 7.0; Windows NT 6.1; WOW64; Trident/5.0; SLCC2; .NET CLR 2.0.50727; .NET CLR 3.5.30729; .NET CLR 3.0.30729; Media Center PC 6.0; InfoPath.3; .NET4.0C; .NET4.0E)" 14773
192.168.12.77 - - [17/Feb/2013:07:27:26 +0600] "GET /pause/ajaxPause?pauseConfigId=&admin=0 HTTP/1.1" 200 1039 "http://callider/pause/index" "Mozilla/4.0 (compatible; MSIE 7.0; Windows NT 6.1; Trident/5.0; SLCC2; .NET CLR 2.0.50727; .NET CLR 3.5.30729; .NET CLR 3.0.30729; Media Center PC 6.0; Tablet PC 2.0; InfoPath.3; .NET4.0C; .NET4.0E; MS-RTC LM 8)" 14419
192.168.65.56 - - [17/Feb/2013:07:27:26 +0600] "GET /pause/ajaxPause?pauseConfigId=all&admin=1 HTTP/1.1" 200 1046 "http://192.168.65.101/pause/index" "Mozilla/5.0 (Windows NT 5.1; rv:15.0) Gecko/20100101 Firefox/15.0" 31123
192.168.12.60 - - [17/Feb/2013:07:27:27 +0600] "GET /pause/ajaxPause?pauseConfigId=&admin=0 HTTP/1.1" 200 986 "http://callider/pause/index" "Mozilla/4.0 (compatible; MSIE 8.0; Windows NT 6.1; Trident/4.0; InfoPath.3; .NET4.0C; MS-RTC LM 8; .NET4.0E)" 45318
192.168.12.204 - - [17/Feb/2013:07:27:27 +0600] "GET /pause/ajaxPause?pauseConfigId=&admin=0 HTTP/1.1" 200 986 "http://callider/pause/index" "Mozilla/4.0 (compatible; MSIE 7.0; Windows NT 6.1; WOW64; Trident/4.0; SLCC2; .NET CLR 2.0.50727; .NET CLR 3.5.30729; .NET CLR 3.0.30729; Media Center PC 6.0; InfoPath.3; .NET4.0C; .NET4.0E; .NET CLR 1.1.4322)" 28917
192.168.74.78 - - [17/Feb/2013:07:27:29 +0600] "GET /pause/ajaxPause?pauseConfigId=&admin=0 HTTP/1.1" 200 986 "http://callider/pause/index" "Mozilla/4.0 (compatible; MSIE 7.0; Windows NT 6.1; WOW64; Trident/5.0; SLCC2; .NET CLR 2.0.50727; .NET CLR 3.5.30729; .NET CLR 3.0.30729; Media Center PC 6.0; InfoPath.3; .NET4.0C; MS-RTC LM 8; .NET4.0E)" 20910
192.168.12.69 - - [17/Feb/2013:07:27:30 +0600] "GET /pause/ajaxPause?pauseConfigId=&admin=0 HTTP/1.1" 200 986 "http://callider/pause/index" "Mozilla/4.0 (compatible; MSIE 7.0; Windows NT 6.1; Trident/5.0; SLCC2; .NET CLR 2.0.50727; .NET CLR 3.5.30729; .NET CLR 3.0.30729; Media Center PC 6.0; InfoPath.3; .NET4.0C; .NET4.0E; Tablet PC 2.0; AskTbFXTV5/5.14.1.20007)" 18275
192.168.74.91 - - [17/Feb/2013:07:27:30 +0600] "GET /pause/ajaxPause?pauseConfigId=&admin=0 HTTP/1.1" 200 986 "http://callider/pause/index" "Mozilla/4.0 (compatible; MSIE 7.0; Windows NT 6.1; WOW64; Trident/5.0; SLCC2; .NET CLR 2.0.50727; .NET CLR 3.5.30729; .NET CLR 3.0.30729; Media Center PC 6.0; InfoPath.3; .NET4.0C; MS-RTC LM 8; .NET4.0E)" 19591
192.168.74.151 - - [17/Feb/2013:07:27:30 +0600] "GET /pause/ajaxPause?pauseConfigId=&admin=0 HTTP/1.1" 200 987 "http://callider.kontur/pause/index" "Mozilla/5.0 (Windows NT 6.1; WOW64; rv:18.0) Gecko/20100101 Firefox/18.0" 18486
192.168.12.210 - - [17/Feb/2013:07:27:30 +0600] "GET /pause/ajaxPause?pauseConfigId=all&admin=1 HTTP/1.1" 200 1047 "http://callider/pause/index" "Mozilla/4.0 (compatible; MSIE 7.0; Windows NT 6.1; WOW64; Trident/5.0; SLCC2; .NET CLR 2.0.50727; .NET CLR 3.5.30729; .NET CLR 3.0.30729; Media Center PC 6.0; InfoPath.3; .NET4.0C; .NET4.0E)" 23617
192.168.12.61 - - [17/Feb/2013:07:27:31 +0600] "GET /pause/ajaxPause?pauseConfigId=&admin=0 HTTP/1.1" 200 986 "http://callider/pause/index" "Mozilla/4.0 (compatible; MSIE 7.0; Windows NT 6.1; Trident/5.0; SLCC2; .NET CLR 2.0.50727; .NET CLR 3.5.30729; .NET CLR 3.0.30729; Media Center PC 6.0; InfoPath.3; .NET4.0C; .NET4.0E)" 27509
192.168.12.38 - - [17/Feb/2013:07:27:31 +0600] "GET /pause/ajaxPause?pauseConfigId=&admin=0 HTTP/1.1" 200 1040 "http://callider/pause/index" "Mozilla/4.0 (compatible; MSIE 7.0; Windows NT 6.1; WOW64; Trident/5.0; SLCC2; .NET CLR 2.0.50727; .NET CLR 3.5.30729; .NET CLR 3.0.30729; Media Center PC 6.0; InfoPath.3; .NET4.0C; .NET4.0E)" 16675
192.168.12.77 - - [17/Feb/2013:07:27:31 +0600] "GET /pause/ajaxPause?pauseConfigId=&admin=0 HTTP/1.1" 200 1039 "http://callider/pause/index" "Mozilla/4.0 (compatible; MSIE 7.0; Windows NT 6.1; Trident/5.0; SLCC2; .NET CLR 2.0.50727; .NET CLR 3.5.30729; .NET CLR 3.0.30729; Media Center PC 6.0; Tablet PC 2.0; InfoPath.3; .NET4.0C; .NET4.0E; MS-RTC LM 8)" 14518
192.168.65.56 - - [17/Feb/2013:07:27:31 +0600] "GET /pause/ajaxPause?pauseConfigId=all&admin=1 HTTP/1.1" 200 1046 "http://192.168.65.101/pause/index" "Mozilla/5.0 (Windows NT 5.1; rv:15.0) Gecko/20100101 Firefox/15.0" 28539
192.168.12.60 - - [17/Feb/2013:07:27:32 +0600] "GET /pause/ajaxPause?pauseConfigId=&admin=0 HTTP/1.1" 200 986 "http://callider/pause/index" "Mozilla/4.0 (compatible; MSIE 8.0; Windows NT 6.1; Trident/4.0; InfoPath.3; .NET4.0C; MS-RTC LM 8; .NET4.0E)" 17929
192.168.12.204 - - [17/Feb/2013:07:27:32 +0600] "GET /pause/ajaxPause?pauseConfigId=&admin=0 HTTP/1.1" 200 986 "http://callider/pause/index" "Mozilla/4.0 (compatible; MSIE 7.0; Windows NT 6.1; WOW64; Trident/4.0; SLCC2; .NET CLR 2.0.50727; .NET CLR 3.5.30729; .NET CLR 3.0.30729; Media Center PC 6.0; InfoPath.3; .NET4.0C; .NET4.0E; .NET CLR 1.1.4322)" 18670
192.168.74.78 - - [17/Feb/2013:07:27:34 +0600] "GET /pause/ajaxPause?pauseConfigId=&admin=0 HTTP/1.1" 200 986 "http://callider/pause/index" "Mozilla/4.0 (compatible; MSIE 7.0; Windows NT 6.1; WOW64; Trident/5.0; SLCC2; .NET CLR 2.0.50727; .NET CLR 3.5.30729; .NET CLR 3.0.30729; Media Center PC 6.0; InfoPath.3; .NET4.0C; MS-RTC LM 8; .NET4.0E)" 22839
192.168.12.67 - - [17/Feb/2013:07:27:34 +0600] "GET /tv/useUser HTTP/1.1" 200 432 "http://callider/graph/personal" "Mozilla/4.0 (compatible; MSIE 7.0; Windows NT 6.1; Trident/5.0; SLCC2; .NET CLR 2.0.50727; .NET CLR 3.5.30729; .NET CLR 3.0.30729; Media Center PC 6.0; .NET4.0C; .NET4.0E; InfoPath.3; Tablet PC 2.0; MS-RTC LM 8)" 16587
192.168.12.69 - - [17/Feb/2013:07:27:35 +0600] "GET /pause/ajaxPause?pauseConfigId=&admin=0 HTTP/1.1" 200 986 "http://callider/pause/index" "Mozilla/4.0 (compatible; MSIE 7.0; Windows NT 6.1; Trident/5.0; SLCC2; .NET CLR 2.0.50727; .NET CLR 3.5.30729; .NET CLR 3.0.30729; Media Center PC 6.0; InfoPath.3; .NET4.0C; .NET4.0E; Tablet PC 2.0; AskTbFXTV5/5.14.1.20007)" 19496
192.168.74.91 - - [17/Feb/2013:07:27:35 +0600] "GET /pause/ajaxPause?pauseConfigId=&admin=0 HTTP/1.1" 200 986 "http://callider/pause/index" "Mozilla/4.0 (compatible; MSIE 7.0; Windows NT 6.1; WOW64; Trident/5.0; SLCC2; .NET CLR 2.0.50727; .NET CLR 3.5.30729; .NET CLR 3.0.30729; Media Center PC 6.0; InfoPath.3; .NET4.0C; MS-RTC LM 8; .NET4.0E)" 25209
192.168.74.151 - - [17/Feb/2013:07:27:35 +0600] "GET /pause/ajaxPause?pauseConfigId=&admin=0 HTTP/1.1" 200 987 "http://callider.kontur/pause/index" "Mozilla/5.0 (Windows NT 6.1; WOW64; rv:18.0) Gecko/20100101 Firefox/18.0" 20952
192.168.12.210 - - [17/Feb/2013:07:27:35 +0600] "GET /pause/ajaxPause?pauseConfigId=all&admin=1 HTTP/1.1" 200 1047 "http://callider/pause/index" "Mozilla/4.0 (compatible; MSIE 7.0; Windows NT 6.1; WOW64; Trident/5.0; SLCC2; .NET CLR 2.0.50727; .NET CLR 3.5.30729; .NET CLR 3.0.30729; Media Center PC 6.0; InfoPath.3; .NET4.0C; .NET4.0E)" 18745
192.168.12.61 - - [17/Feb/2013:07:27:36 +0600] "GET /pause/ajaxPause?pauseConfigId=&admin=0 HTTP/1.1" 200 985 "http://callider/pause/index" "Mozilla/4.0 (compatible; MSIE 7.0; Windows NT 6.1; Trident/5.0; SLCC2; .NET CLR 2.0.50727; .NET CLR 3.5.30729; .NET CLR 3.0.30729; Media Center PC 6.0; InfoPath.3; .NET4.0C; .NET4.0E)" 20423
192.168.12.38 - - [17/Feb/2013:07:27:36 +0600] "GET /pause/ajaxPause?pauseConfigId=&admin=0 HTTP/1.1" 200 1040 "http://callider/pause/index" "Mozilla/4.0 (compatible; MSIE 7.0; Windows NT 6.1; WOW64; Trident/5.0; SLCC2; .NET CLR 2.0.50727; .NET CLR 3.5.30729; .NET CLR 3.0.30729; Media Center PC 6.0; InfoPath.3; .NET4.0C; .NET4.0E)" 15489
192.168.12.77 - - [17/Feb/2013:07:27:36 +0600] "GET /pause/ajaxPause?pauseConfigId=&admin=0 HTTP/1.1" 200 1039 "http://callider/pause/index" "Mozilla/4.0 (compatible; MSIE 7.0; Windows NT 6.1; Trident/5.0; SLCC2; .NET CLR 2.0.50727; .NET CLR 3.5.30729; .NET CLR 3.0.30729; Media Center PC 6.0; Tablet PC 2.0; InfoPath.3; .NET4.0C; .NET4.0E; MS-RTC LM 8)" 12319
192.168.65.56 - - [17/Feb/2013:07:27:36 +0600] "GET /pause/ajaxPause?pauseConfigId=all&admin=1 HTTP/1.1" 200 1046 "http://192.168.65.101/pause/index" "Mozilla/5.0 (Windows NT 5.1; rv:15.0) Gecko/20100101 Firefox/15.0" 31225
192.168.12.60 - - [17/Feb/2013:07:27:37 +0600] "GET /pause/ajaxPause?pauseConfigId=&admin=0 HTTP/1.1" 200 986 "http://callider/pause/index" "Mozilla/4.0 (compatible; MSIE 8.0; Windows NT 6.1; Trident/4.0; InfoPath.3; .NET4.0C; MS-RTC LM 8; .NET4.0E)" 126588
192.168.12.204 - - [17/Feb/2013:07:27:38 +0600] "GET /pause/ajaxPause?pauseConfigId=&admin=0 HTTP/1.1" 200 986 "http://callider/pause/index" "Mozilla/4.0 (compatible; MSIE 7.0; Windows NT 6.1; WOW64; Trident/4.0; SLCC2; .NET CLR 2.0.50727; .NET CLR 3.5.30729; .NET CLR 3.0.30729; Media Center PC 6.0; InfoPath.3; .NET4.0C; .NET4.0E; .NET CLR 1.1.4322)" 17640
192.168.74.93 - - [17/Feb/2013:07:27:38 +0600] "GET /tv/useUser HTTP/1.1" 200 432 "http://callider/graph/personal" "Mozilla/4.0 (compatible; MSIE 7.0; Windows NT 6.1; WOW64; Trident/5.0; SLCC2; .NET CLR 2.0.50727; .NET CLR 3.5.30729; .NET CLR 3.0.30729; Media Center PC 6.0; InfoPath.3; .NET4.0C; .NET4.0E)" 14589
192.168.12.210 - - [17/Feb/2013:07:27:39 +0600] "GET /tv/useUser HTTP/1.1" 200 431 "http://callider/graph/general" "Mozilla/4.0 (compatible; MSIE 7.0; Windows NT 6.1; WOW64; Trident/5.0; SLCC2; .NET CLR 2.0.50727; .NET CLR 3.5.30729; .NET CLR 3.0.30729; Media Center PC 6.0; InfoPath.3; .NET4.0C; .NET4.0E)" 13585
192.168.74.78 - - [17/Feb/2013:07:27:39 +0600] "GET /pause/ajaxPause?pauseConfigId=&admin=0 HTTP/1.1" 200 986 "http://callider/pause/index" "Mozilla/4.0 (compatible; MSIE 7.0; Windows NT 6.1; WOW64; Trident/5.0; SLCC2; .NET CLR 2.0.50727; .NET CLR 3.5.30729; .NET CLR 3.0.30729; Media Center PC 6.0; InfoPath.3; .NET4.0C; MS-RTC LM 8; .NET4.0E)" 37512
192.168.12.69 - - [17/Feb/2013:07:27:40 +0600] "GET /pause/ajaxPause?pauseConfigId=&admin=0 HTTP/1.1" 200 986 "http://callider/pause/index" "Mozilla/4.0 (compatible; MSIE 7.0; Windows NT 6.1; Trident/5.0; SLCC2; .NET CLR 2.0.50727; .NET CLR 3.5.30729; .NET CLR 3.0.30729; Media Center PC 6.0; InfoPath.3; .NET4.0C; .NET4.0E; Tablet PC 2.0; AskTbFXTV5/5.14.1.20007)" 24944
192.168.74.91 - - [17/Feb/2013:07:27:40 +0600] "GET /pause/ajaxPause?pauseConfigId=&admin=0 HTTP/1.1" 200 986 "http://callider/pause/index" "Mozilla/4.0 (compatible; MSIE 7.0; Windows NT 6.1; WOW64; Trident/5.0; SLCC2; .NET CLR 2.0.50727; .NET CLR 3.5.30729; .NET CLR 3.0.30729; Media Center PC 6.0; InfoPath.3; .NET4.0C; MS-RTC LM 8; .NET4.0E)" 19956
192.168.74.151 - - [17/Feb/2013:07:27:40 +0600] "GET /pause/ajaxPause?pauseConfigId=&admin=0 HTTP/1.1" 200 987 "http://callider.kontur/pause/index" "Mozilla/5.0 (Windows NT 6.1; WOW64; rv:18.0) Gecko/20100101 Firefox/18.0" 18729
192.168.12.210 - - [17/Feb/2013:07:27:40 +0600] "GET /pause/ajaxPause?pauseConfigId=all&admin=1 HTTP/1.1" 200 1047 "http://callider/pause/index" "Mozilla/4.0 (compatible; MSIE 7.0; Windows NT 6.1; WOW64; Trident/5.0; SLCC2; .NET CLR 2.0.50727; .NET CLR 3.5.30729; .NET CLR 3.0.30729; Media Center PC 6.0; InfoPath.3; .NET4.0C; .NET4.0E)" 18505
192.168.12.9 - - [17/Feb/2013:07:27:40 +0600] "GET /tv/useUser HTTP/1.1" 200 432 "http://callider.kontur/site/index" "Mozilla/5.0 (Windows NT 6.1; WOW64) AppleWebKit/537.17 (KHTML, like Gecko) Chrome/24.0.1312.57 Safari/537.17" 15147
192.168.12.61 - - [17/Feb/2013:07:27:41 +0600] "GET /pause/ajaxPause?pauseConfigId=&admin=0 HTTP/1.1" 200 985 "http://callider/pause/index" "Mozilla/4.0 (compatible; MSIE 7.0; Windows NT 6.1; Trident/5.0; SLCC2; .NET CLR 2.0.50727; .NET CLR 3.5.30729; .NET CLR 3.0.30729; Media Center PC 6.0; InfoPath.3; .NET4.0C; .NET4.0E)" 24290
192.168.12.38 - - [17/Feb/2013:07:27:41 +0600] "GET /pause/ajaxPause?pauseConfigId=&admin=0 HTTP/1.1" 200 1040 "http://callider/pause/index" "Mozilla/4.0 (compatible; MSIE 7.0; Windows NT 6.1; WOW64; Trident/5.0; SLCC2; .NET CLR 2.0.50727; .NET CLR 3.5.30729; .NET CLR 3.0.30729; Media Center PC 6.0; InfoPath.3; .NET4.0C; .NET4.0E)" 14378
192.168.12.77 - - [17/Feb/2013:07:27:41 +0600] "GET /pause/ajaxPause?pauseConfigId=&admin=0 HTTP/1.1" 200 1039 "http://callider/pause/index" "Mozilla/4.0 (compatible; MSIE 7.0; Windows NT 6.1; Trident/5.0; SLCC2; .NET CLR 2.0.50727; .NET CLR 3.5.30729; .NET CLR 3.0.30729; Media Center PC 6.0; Tablet PC 2.0; InfoPath.3; .NET4.0C; .NET4.0E; MS-RTC LM 8)" 14652
192.168.65.56 - - [17/Feb/2013:07:27:41 +0600] "GET /pause/ajaxPause?pauseConfigId=all&admin=1 HTTP/1.1" 200 1046 "http://192.168.65.101/pause/index" "Mozilla/5.0 (Windows NT 5.1; rv:15.0) Gecko/20100101 Firefox/15.0" 27597
192.168.12.60 - - [17/Feb/2013:07:27:42 +0600] "GET /pause/ajaxPause?pauseConfigId=&admin=0 HTTP/1.1" 200 986 "http://callider/pause/index" "Mozilla/4.0 (compatible; MSIE 8.0; Windows NT 6.1; Trident/4.0; InfoPath.3; .NET4.0C; MS-RTC LM 8; .NET4.0E)" 18948
192.168.12.204 - - [17/Feb/2013:07:27:43 +0600] "GET /pause/ajaxPause?pauseConfigId=&admin=0 HTTP/1.1" 200 986 "http://callider/pause/index" "Mozilla/4.0 (compatible; MSIE 7.0; Windows NT 6.1; WOW64; Trident/4.0; SLCC2; .NET CLR 2.0.50727; .NET CLR 3.5.30729; .NET CLR 3.0.30729; Media Center PC 6.0; InfoPath.3; .NET4.0C; .NET4.0E; .NET CLR 1.1.4322)" 21340
192.168.74.78 - - [17/Feb/2013:07:27:44 +0600] "GET /pause/ajaxPause?pauseConfigId=&admin=0 HTTP/1.1" 200 986 "http://callider/pause/index" "Mozilla/4.0 (compatible; MSIE 7.0; Windows NT 6.1; WOW64; Trident/5.0; SLCC2; .NET CLR 2.0.50727; .NET CLR 3.5.30729; .NET CLR 3.0.30729; Media Center PC 6.0; InfoPath.3; .NET4.0C; MS-RTC LM 8; .NET4.0E)" 19351
192.168.12.69 - - [17/Feb/2013:07:27:45 +0600] "GET /pause/ajaxPause?pauseConfigId=&admin=0 HTTP/1.1" 200 986 "http://callider/pause/index" "Mozilla/4.0 (compatible; MSIE 7.0; Windows NT 6.1; Trident/5.0; SLCC2; .NET CLR 2.0.50727; .NET CLR 3.5.30729; .NET CLR 3.0.30729; Media Center PC 6.0; InfoPath.3; .NET4.0C; .NET4.0E; Tablet PC 2.0; AskTbFXTV5/5.14.1.20007)" 17681
192.168.74.91 - - [17/Feb/2013:07:27:45 +0600] "GET /pause/ajaxPause?pauseConfigId=&admin=0 HTTP/1.1" 200 986 "http://callider/pause/index" "Mozilla/4.0 (compatible; MSIE 7.0; Windows NT 6.1; WOW64; Trident/5.0; SLCC2; .NET CLR 2.0.50727; .NET CLR 3.5.30729; .NET CLR 3.0.30729; Media Center PC 6.0; InfoPath.3; .NET4.0C; MS-RTC LM 8; .NET4.0E)" 18693
192.168.74.151 - - [17/Feb/2013:07:27:45 +0600] "GET /pause/ajaxPause?pauseConfigId=&admin=0 HTTP/1.1" 200 987 "http://callider.kontur/pause/index" "Mozilla/5.0 (Windows NT 6.1; WOW64; rv:18.0) Gecko/20100101 Firefox/18.0" 17602
192.168.12.210 - - [17/Feb/2013:07:27:45 +0600] "GET /pause/ajaxPause?pauseConfigId=all&admin=1 HTTP/1.1" 200 1047 "http://callider/pause/index" "Mozilla/4.0 (compatible; MSIE 7.0; Windows NT 6.1; WOW64; Trident/5.0; SLCC2; .NET CLR 2.0.50727; .NET CLR 3.5.30729; .NET CLR 3.0.30729; Media Center PC 6.0; InfoPath.3; .NET4.0C; .NET4.0E)" 20036
192.168.12.61 - - [17/Feb/2013:07:27:46 +0600] "GET /pause/ajaxPause?pauseConfigId=&admin=0 HTTP/1.1" 200 985 "http://callider/pause/index" "Mozilla/4.0 (compatible; MSIE 7.0; Windows NT 6.1; Trident/5.0; SLCC2; .NET CLR 2.0.50727; .NET CLR 3.5.30729; .NET CLR 3.0.30729; Media Center PC 6.0; InfoPath.3; .NET4.0C; .NET4.0E)" 19115
192.168.12.38 - - [17/Feb/2013:07:27:46 +0600] "GET /pause/ajaxPause?pauseConfigId=&admin=0 HTTP/1.1" 200 1040 "http://callider/pause/index" "Mozilla/4.0 (compatible; MSIE 7.0; Windows NT 6.1; WOW64; Trident/5.0; SLCC2; .NET CLR 2.0.50727; .NET CLR 3.5.30729; .NET CLR 3.0.30729; Media Center PC 6.0; InfoPath.3; .NET4.0C; .NET4.0E)" 16465
192.168.12.77 - - [17/Feb/2013:07:27:46 +0600] "GET /pause/ajaxPause?pauseConfigId=&admin=0 HTTP/1.1" 200 1039 "http://callider/pause/index" "Mozilla/4.0 (compatible; MSIE 7.0; Windows NT 6.1; Trident/5.0; SLCC2; .NET CLR 2.0.50727; .NET CLR 3.5.30729; .NET CLR 3.0.30729; Media Center PC 6.0; Tablet PC 2.0; InfoPath.3; .NET4.0C; .NET4.0E; MS-RTC LM 8)" 12968
192.168.65.56 - - [17/Feb/2013:07:27:46 +0600] "GET /pause/ajaxPause?pauseConfigId=all&admin=1 HTTP/1.1" 200 1046 "http://192.168.65.101/pause/index" "Mozilla/5.0 (Windows NT 5.1; rv:15.0) Gecko/20100101 Firefox/15.0" 29039
192.168.12.60 - - [17/Feb/2013:07:27:47 +0600] "GET /pause/ajaxPause?pauseConfigId=&admin=0 HTTP/1.1" 200 986 "http://callider/pause/index" "Mozilla/4.0 (compatible; MSIE 8.0; Windows NT 6.1; Trident/4.0; InfoPath.3; .NET4.0C; MS-RTC LM 8; .NET4.0E)" 19445
192.168.12.204 - - [17/Feb/2013:07:27:48 +0600] "GET /pause/ajaxPause?pauseConfigId=&admin=0 HTTP/1.1" 200 986 "http://callider/pause/index" "Mozilla/4.0 (compatible; MSIE 7.0; Windows NT 6.1; WOW64; Trident/4.0; SLCC2; .NET CLR 2.0.50727; .NET CLR 3.5.30729; .NET CLR 3.0.30729; Media Center PC 6.0; InfoPath.3; .NET4.0C; .NET4.0E; .NET CLR 1.1.4322)" 24973
192.168.12.210 - - [17/Feb/2013:07:27:49 +0600] "GET /tv/useUser HTTP/1.1" 200 431 "http://callider/pause/index" "Mozilla/4.0 (compatible; MSIE 7.0; Windows NT 6.1; WOW64; Trident/5.0; SLCC2; .NET CLR 2.0.50727; .NET CLR 3.5.30729; .NET CLR 3.0.30729; Media Center PC 6.0; InfoPath.3; .NET4.0C; .NET4.0E)" 8687
192.168.74.78 - - [17/Feb/2013:07:27:49 +0600] "GET /pause/ajaxPause?pauseConfigId=&admin=0 HTTP/1.1" 200 986 "http://callider/pause/index" "Mozilla/4.0 (compatible; MSIE 7.0; Windows NT 6.1; WOW64; Trident/5.0; SLCC2; .NET CLR 2.0.50727; .NET CLR 3.5.30729; .NET CLR 3.0.30729; Media Center PC 6.0; InfoPath.3; .NET4.0C; MS-RTC LM 8; .NET4.0E)" 23798
192.168.12.69 - - [17/Feb/2013:07:27:50 +0600] "GET /pause/ajaxPause?pauseConfigId=&admin=0 HTTP/1.1" 200 986 "http://callider/pause/index" "Mozilla/4.0 (compatible; MSIE 7.0; Windows NT 6.1; Trident/5.0; SLCC2; .NET CLR 2.0.50727; .NET CLR 3.5.30729; .NET CLR 3.0.30729; Media Center PC 6.0; InfoPath.3; .NET4.0C; .NET4.0E; Tablet PC 2.0; AskTbFXTV5/5.14.1.20007)" 18375
192.168.74.91 - - [17/Feb/2013:07:27:50 +0600] "GET /pause/ajaxPause?pauseConfigId=&admin=0 HTTP/1.1" 200 986 "http://callider/pause/index" "Mozilla/4.0 (compatible; MSIE 7.0; Windows NT 6.1; WOW64; Trident/5.0; SLCC2; .NET CLR 2.0.50727; .NET CLR 3.5.30729; .NET CLR 3.0.30729; Media Center PC 6.0; InfoPath.3; .NET4.0C; MS-RTC LM 8; .NET4.0E)" 20832
192.168.74.151 - - [17/Feb/2013:07:27:50 +0600] "GET /pause/ajaxPause?pauseConfigId=&admin=0 HTTP/1.1" 200 987 "http://callider.kontur/pause/index" "Mozilla/5.0 (Windows NT 6.1; WOW64; rv:18.0) Gecko/20100101 Firefox/18.0" 19148
192.168.12.210 - - [17/Feb/2013:07:27:50 +0600] "GET /pause/ajaxPause?pauseConfigId=all&admin=1 HTTP/1.1" 200 1047 "http://callider/pause/index" "Mozilla/4.0 (compatible; MSIE 7.0; Windows NT 6.1; WOW64; Trident/5.0; SLCC2; .NET CLR 2.0.50727; .NET CLR 3.5.30729; .NET CLR 3.0.30729; Media Center PC 6.0; InfoPath.3; .NET4.0C; .NET4.0E)" 21806
192.168.12.61 - - [17/Feb/2013:07:27:51 +0600] "GET /pause/ajaxPause?pauseConfigId=&admin=0 HTTP/1.1" 200 985 "http://callider/pause/index" "Mozilla/4.0 (compatible; MSIE 7.0; Windows NT 6.1; Trident/5.0; SLCC2; .NET CLR 2.0.50727; .NET CLR 3.5.30729; .NET CLR 3.0.30729; Media Center PC 6.0; InfoPath.3; .NET4.0C; .NET4.0E)" 20128
192.168.12.38 - - [17/Feb/2013:07:27:51 +0600] "GET /pause/ajaxPause?pauseConfigId=&admin=0 HTTP/1.1" 200 1040 "http://callider/pause/index" "Mozilla/4.0 (compatible; MSIE 7.0; Windows NT 6.1; WOW64; Trident/5.0; SLCC2; .NET CLR 2.0.50727; .NET CLR 3.5.30729; .NET CLR 3.0.30729; Media Center PC 6.0; InfoPath.3; .NET4.0C; .NET4.0E)" 29988
192.168.12.77 - - [17/Feb/2013:07:27:51 +0600] "GET /pause/ajaxPause?pauseConfigId=&admin=0 HTTP/1.1" 200 1039 "http://callider/pause/index" "Mozilla/4.0 (compatible; MSIE 7.0; Windows NT 6.1; Trident/5.0; SLCC2; .NET CLR 2.0.50727; .NET CLR 3.5.30729; .NET CLR 3.0.30729; Media Center PC 6.0; Tablet PC 2.0; InfoPath.3; .NET4.0C; .NET4.0E; MS-RTC LM 8)" 16604
192.168.65.56 - - [17/Feb/2013:07:27:51 +0600] "GET /pause/ajaxPause?pauseConfigId=all&admin=1 HTTP/1.1" 200 1046 "http://192.168.65.101/pause/index" "Mozilla/5.0 (Windows NT 5.1; rv:15.0) Gecko/20100101 Firefox/15.0" 33237
192.168.65.56 - - [17/Feb/2013:07:27:51 +0600] "GET /tv/useUser HTTP/1.1" 200 431 "http://192.168.65.101/pause/index" "Mozilla/5.0 (Windows NT 5.1; rv:15.0) Gecko/20100101 Firefox/15.0" 10432
192.168.12.60 - - [17/Feb/2013:07:27:52 +0600] "GET /pause/ajaxPause?pauseConfigId=&admin=0 HTTP/1.1" 200 986 "http://callider/pause/index" "Mozilla/4.0 (compatible; MSIE 8.0; Windows NT 6.1; Trident/4.0; InfoPath.3; .NET4.0C; MS-RTC LM 8; .NET4.0E)" 25100
192.168.12.204 - - [17/Feb/2013:07:27:53 +0600] "GET /pause/ajaxPause?pauseConfigId=&admin=0 HTTP/1.1" 200 986 "http://callider/pause/index" "Mozilla/4.0 (compatible; MSIE 7.0; Windows NT 6.1; WOW64; Trident/4.0; SLCC2; .NET CLR 2.0.50727; .NET CLR 3.5.30729; .NET CLR 3.0.30729; Media Center PC 6.0; InfoPath.3; .NET4.0C; .NET4.0E; .NET CLR 1.1.4322)" 21024
192.168.74.78 - - [17/Feb/2013:07:27:54 +0600] "GET /pause/ajaxPause?pauseConfigId=&admin=0 HTTP/1.1" 200 986 "http://callider/pause/index" "Mozilla/4.0 (compatible; MSIE 7.0; Windows NT 6.1; WOW64; Trident/5.0; SLCC2; .NET CLR 2.0.50727; .NET CLR 3.5.30729; .NET CLR 3.0.30729; Media Center PC 6.0; InfoPath.3; .NET4.0C; MS-RTC LM 8; .NET4.0E)" 19099
192.168.12.69 - - [17/Feb/2013:07:27:55 +0600] "GET /pause/ajaxPause?pauseConfigId=&admin=0 HTTP/1.1" 200 986 "http://callider/pause/index" "Mozilla/4.0 (compatible; MSIE 7.0; Windows NT 6.1; Trident/5.0; SLCC2; .NET CLR 2.0.50727; .NET CLR 3.5.30729; .NET CLR 3.0.30729; Media Center PC 6.0; InfoPath.3; .NET4.0C; .NET4.0E; Tablet PC 2.0; AskTbFXTV5/5.14.1.20007)" 18970
192.168.74.91 - - [17/Feb/2013:07:27:55 +0600] "GET /pause/ajaxPause?pauseConfigId=&admin=0 HTTP/1.1" 200 986 "http://callider/pause/index" "Mozilla/4.0 (compatible; MSIE 7.0; Windows NT 6.1; WOW64; Trident/5.0; SLCC2; .NET CLR 2.0.50727; .NET CLR 3.5.30729; .NET CLR 3.0.30729; Media Center PC 6.0; InfoPath.3; .NET4.0C; MS-RTC LM 8; .NET4.0E)" 26486
192.168.74.151 - - [17/Feb/2013:07:27:55 +0600] "GET /pause/ajaxPause?pauseConfigId=&admin=0 HTTP/1.1" 200 987 "http://callider.kontur/pause/index" "Mozilla/5.0 (Windows NT 6.1; WOW64; rv:18.0) Gecko/20100101 Firefox/18.0" 23397
192.168.12.210 - - [17/Feb/2013:07:27:55 +0600] "GET /pause/ajaxPause?pauseConfigId=all&admin=1 HTTP/1.1" 200 1047 "http://callider/pause/index" "Mozilla/4.0 (compatible; MSIE 7.0; Windows NT 6.1; WOW64; Trident/5.0; SLCC2; .NET CLR 2.0.50727; .NET CLR 3.5.30729; .NET CLR 3.0.30729; Media Center PC 6.0; InfoPath.3; .NET4.0C; .NET4.0E)" 21011
192.168.12.61 - - [17/Feb/2013:07:27:56 +0600] "GET /pause/ajaxPause?pauseConfigId=&admin=0 HTTP/1.1" 200 986 "http://callider/pause/index" "Mozilla/4.0 (compatible; MSIE 7.0; Windows NT 6.1; Trident/5.0; SLCC2; .NET CLR 2.0.50727; .NET CLR 3.5.30729; .NET CLR 3.0.30729; Media Center PC 6.0; InfoPath.3; .NET4.0C; .NET4.0E)" 36360
192.168.12.38 - - [17/Feb/2013:07:27:56 +0600] "GET /pause/ajaxPause?pauseConfigId=&admin=0 HTTP/1.1" 200 1040 "http://callider/pause/index" "Mozilla/4.0 (compatible; MSIE 7.0; Windows NT 6.1; WOW64; Trident/5.0; SLCC2; .NET CLR 2.0.50727; .NET CLR 3.5.30729; .NET CLR 3.0.30729; Media Center PC 6.0; InfoPath.3; .NET4.0C; .NET4.0E)" 15284
192.168.12.77 - - [17/Feb/2013:07:27:56 +0600] "GET /pause/ajaxPause?pauseConfigId=&admin=0 HTTP/1.1" 200 1039 "http://callider/pause/index" "Mozilla/4.0 (compatible; MSIE 7.0; Windows NT 6.1; Trident/5.0; SLCC2; .NET CLR 2.0.50727; .NET CLR 3.5.30729; .NET CLR 3.0.30729; Media Center PC 6.0; Tablet PC 2.0; InfoPath.3; .NET4.0C; .NET4.0E; MS-RTC LM 8)" 13458
192.168.65.56 - - [17/Feb/2013:07:27:56 +0600] "GET /pause/ajaxPause?pauseConfigId=all&admin=1 HTTP/1.1" 200 1046 "http://192.168.65.101/pause/index" "Mozilla/5.0 (Windows NT 5.1; rv:15.0) Gecko/20100101 Firefox/15.0" 28247
192.168.12.60 - - [17/Feb/2013:07:27:57 +0600] "GET /pause/ajaxPause?pauseConfigId=&admin=0 HTTP/1.1" 200 986 "http://callider/pause/index" "Mozilla/4.0 (compatible; MSIE 8.0; Windows NT 6.1; Trident/4.0; InfoPath.3; .NET4.0C; MS-RTC LM 8; .NET4.0E)" 30033
192.168.12.204 - - [17/Feb/2013:07:27:58 +0600] "GET /pause/ajaxPause?pauseConfigId=&admin=0 HTTP/1.1" 200 986 "http://callider/pause/index" "Mozilla/4.0 (compatible; MSIE 7.0; Windows NT 6.1; WOW64; Trident/4.0; SLCC2; .NET CLR 2.0.50727; .NET CLR 3.5.30729; .NET CLR 3.0.30729; Media Center PC 6.0; InfoPath.3; .NET4.0C; .NET4.0E; .NET CLR 1.1.4322)" 21376
192.168.74.78 - - [17/Feb/2013:07:27:59 +0600] "GET /pause/ajaxPause?pauseConfigId=&admin=0 HTTP/1.1" 200 986 "http://callider/pause/index" "Mozilla/4.0 (compatible; MSIE 7.0; Windows NT 6.1; WOW64; Trident/5.0; SLCC2; .NET CLR 2.0.50727; .NET CLR 3.5.30729; .NET CLR 3.0.30729; Media Center PC 6.0; InfoPath.3; .NET4.0C; MS-RTC LM 8; .NET4.0E)" 23899
192.168.12.69 - - [17/Feb/2013:07:28:00 +0600] "GET /pause/ajaxPause?pauseConfigId=&admin=0 HTTP/1.1" 200 986 "http://callider/pause/index" "Mozilla/4.0 (compatible; MSIE 7.0; Windows NT 6.1; Trident/5.0; SLCC2; .NET CLR 2.0.50727; .NET CLR 3.5.30729; .NET CLR 3.0.30729; Media Center PC 6.0; InfoPath.3; .NET4.0C; .NET4.0E; Tablet PC 2.0; AskTbFXTV5/5.14.1.20007)" 17973
192.168.74.91 - - [17/Feb/2013:07:28:00 +0600] "GET /pause/ajaxPause?pauseConfigId=&admin=0 HTTP/1.1" 200 986 "http://callider/pause/index" "Mozilla/4.0 (compatible; MSIE 7.0; Windows NT 6.1; WOW64; Trident/5.0; SLCC2; .NET CLR 2.0.50727; .NET CLR 3.5.30729; .NET CLR 3.0.30729; Media Center PC 6.0; InfoPath.3; .NET4.0C; MS-RTC LM 8; .NET4.0E)" 20424
192.168.74.151 - - [17/Feb/2013:07:28:00 +0600] "GET /pause/ajaxPause?pauseConfigId=&admin=0 HTTP/1.1" 200 987 "http://callider.kontur/pause/index" "Mozilla/5.0 (Windows NT 6.1; WOW64; rv:18.0) Gecko/20100101 Firefox/18.0" 19918
192.168.12.210 - - [17/Feb/2013:07:28:00 +0600] "GET /pause/ajaxPause?pauseConfigId=all&admin=1 HTTP/1.1" 200 1047 "http://callider/pause/index" "Mozilla/4.0 (compatible; MSIE 7.0; Windows NT 6.1; WOW64; Trident/5.0; SLCC2; .NET CLR 2.0.50727; .NET CLR 3.5.30729; .NET CLR 3.0.30729; Media Center PC 6.0; InfoPath.3; .NET4.0C; .NET4.0E)" 18875
192.168.64.119 - - [17/Feb/2013:07:28:01 +0600] "HEAD / HTTP/1.0" 302 435 "-" "WhatsUp/1.0" 14467
192.168.12.61 - - [17/Feb/2013:07:28:01 +0600] "GET /pause/ajaxPause?pauseConfigId=&admin=0 HTTP/1.1" 200 985 "http://callider/pause/index" "Mozilla/4.0 (compatible; MSIE 7.0; Windows NT 6.1; Trident/5.0; SLCC2; .NET CLR 2.0.50727; .NET CLR 3.5.30729; .NET CLR 3.0.30729; Media Center PC 6.0; InfoPath.3; .NET4.0C; .NET4.0E)" 35481
192.168.64.119 - - [17/Feb/2013:07:28:01 +0600] "GET / HTTP/1.1" 302 454 "-" "Mozilla/4.0 (compatible; MSIE 8.0; Windows NT 5.2; Trident/4.0)" 15396
192.168.64.119 - - [17/Feb/2013:07:28:01 +0600] "GET /site/login HTTP/1.1" 200 7423 "-" "Mozilla/4.0 (compatible; MSIE 8.0; Windows NT 5.2; Trident/4.0)" 28854
192.168.12.38 - - [17/Feb/2013:07:28:01 +0600] "GET /pause/ajaxPause?pauseConfigId=&admin=0 HTTP/1.1" 200 1040 "http://callider/pause/index" "Mozilla/4.0 (compatible; MSIE 7.0; Windows NT 6.1; WOW64; Trident/5.0; SLCC2; .NET CLR 2.0.50727; .NET CLR 3.5.30729; .NET CLR 3.0.30729; Media Center PC 6.0; InfoPath.3; .NET4.0C; .NET4.0E)" 35641
192.168.12.77 - - [17/Feb/2013:07:28:01 +0600] "GET /pause/ajaxPause?pauseConfigId=&admin=0 HTTP/1.1" 200 1039 "http://callider/pause/index" "Mozilla/4.0 (compatible; MSIE 7.0; Windows NT 6.1; Trident/5.0; SLCC2; .NET CLR 2.0.50727; .NET CLR 3.5.30729; .NET CLR 3.0.30729; Media Center PC 6.0; Tablet PC 2.0; InfoPath.3; .NET4.0C; .NET4.0E; MS-RTC LM 8)" 13561
192.168.65.56 - - [17/Feb/2013:07:28:01 +0600] "GET /pause/ajaxPause?pauseConfigId=all&admin=1 HTTP/1.1" 200 1046 "http://192.168.65.101/pause/index" "Mozilla/5.0 (Windows NT 5.1; rv:15.0) Gecko/20100101 Firefox/15.0" 30039
192.168.12.60 - - [17/Feb/2013:07:28:02 +0600] "GET /pause/ajaxPause?pauseConfigId=&admin=0 HTTP/1.1" 200 986 "http://callider/pause/index" "Mozilla/4.0 (compatible; MSIE 8.0; Windows NT 6.1; Trident/4.0; InfoPath.3; .NET4.0C; MS-RTC LM 8; .NET4.0E)" 24398
192.168.12.204 - - [17/Feb/2013:07:28:03 +0600] "GET /pause/ajaxPause?pauseConfigId=&admin=0 HTTP/1.1" 200 986 "http://callider/pause/index" "Mozilla/4.0 (compatible; MSIE 7.0; Windows NT 6.1; WOW64; Trident/4.0; SLCC2; .NET CLR 2.0.50727; .NET CLR 3.5.30729; .NET CLR 3.0.30729; Media Center PC 6.0; InfoPath.3; .NET4.0C; .NET4.0E; .NET CLR 1.1.4322)" 19269
192.168.74.78 - - [17/Feb/2013:07:28:04 +0600] "GET /pause/ajaxPause?pauseConfigId=&admin=0 HTTP/1.1" 200 986 "http://callider/pause/index" "Mozilla/4.0 (compatible; MSIE 7.0; Windows NT 6.1; WOW64; Trident/5.0; SLCC2; .NET CLR 2.0.50727; .NET CLR 3.5.30729; .NET CLR 3.0.30729; Media Center PC 6.0; InfoPath.3; .NET4.0C; MS-RTC LM 8; .NET4.0E)" 20761
192.168.12.69 - - [17/Feb/2013:07:28:05 +0600] "GET /pause/ajaxPause?pauseConfigId=&admin=0 HTTP/1.1" 200 986 "http://callider/pause/index" "Mozilla/4.0 (compatible; MSIE 7.0; Windows NT 6.1; Trident/5.0; SLCC2; .NET CLR 2.0.50727; .NET CLR 3.5.30729; .NET CLR 3.0.30729; Media Center PC 6.0; InfoPath.3; .NET4.0C; .NET4.0E; Tablet PC 2.0; AskTbFXTV5/5.14.1.20007)" 19281
192.168.12.61 - - [17/Feb/2013:07:28:05 +0600] "GET /tv/useUser HTTP/1.1" 200 431 "http://callider/pause/index" "Mozilla/4.0 (compatible; MSIE 7.0; Windows NT 6.1; Trident/5.0; SLCC2; .NET CLR 2.0.50727; .NET CLR 3.5.30729; .NET CLR 3.0.30729; Media Center PC 6.0; InfoPath.3; .NET4.0C; .NET4.0E)" 10924
192.168.74.91 - - [17/Feb/2013:07:28:05 +0600] "GET /pause/ajaxPause?pauseConfigId=&admin=0 HTTP/1.1" 200 986 "http://callider/pause/index" "Mozilla/4.0 (compatible; MSIE 7.0; Windows NT 6.1; WOW64; Trident/5.0; SLCC2; .NET CLR 2.0.50727; .NET CLR 3.5.30729; .NET CLR 3.0.30729; Media Center PC 6.0; InfoPath.3; .NET4.0C; MS-RTC LM 8; .NET4.0E)" 19234
192.168.74.151 - - [17/Feb/2013:07:28:05 +0600] "GET /pause/ajaxPause?pauseConfigId=&admin=0 HTTP/1.1" 200 987 "http://callider.kontur/pause/index" "Mozilla/5.0 (Windows NT 6.1; WOW64; rv:18.0) Gecko/20100101 Firefox/18.0" 16892
192.168.12.210 - - [17/Feb/2013:07:28:05 +0600] "GET /pause/ajaxPause?pauseConfigId=all&admin=1 HTTP/1.1" 200 1047 "http://callider/pause/index" "Mozilla/4.0 (compatible; MSIE 7.0; Windows NT 6.1; WOW64; Trident/5.0; SLCC2; .NET CLR 2.0.50727; .NET CLR 3.5.30729; .NET CLR 3.0.30729; Media Center PC 6.0; InfoPath.3; .NET4.0C; .NET4.0E)" 22742
192.168.12.61 - - [17/Feb/2013:07:28:06 +0600] "GET /pause/ajaxPause?pauseConfigId=&admin=0 HTTP/1.1" 200 985 "http://callider/pause/index" "Mozilla/4.0 (compatible; MSIE 7.0; Windows NT 6.1; Trident/5.0; SLCC2; .NET CLR 2.0.50727; .NET CLR 3.5.30729; .NET CLR 3.0.30729; Media Center PC 6.0; InfoPath.3; .NET4.0C; .NET4.0E)" 18026
192.168.12.38 - - [17/Feb/2013:07:28:06 +0600] "GET /pause/ajaxPause?pauseConfigId=&admin=0 HTTP/1.1" 200 1040 "http://callider/pause/index" "Mozilla/4.0 (compatible; MSIE 7.0; Windows NT 6.1; WOW64; Trident/5.0; SLCC2; .NET CLR 2.0.50727; .NET CLR 3.5.30729; .NET CLR 3.0.30729; Media Center PC 6.0; InfoPath.3; .NET4.0C; .NET4.0E)" 18272
192.168.12.77 - - [17/Feb/2013:07:28:06 +0600] "GET /pause/ajaxPause?pauseConfigId=&admin=0 HTTP/1.1" 200 1039 "http://callider/pause/index" "Mozilla/4.0 (compatible; MSIE 7.0; Windows NT 6.1; Trident/5.0; SLCC2; .NET CLR 2.0.50727; .NET CLR 3.5.30729; .NET CLR 3.0.30729; Media Center PC 6.0; Tablet PC 2.0; InfoPath.3; .NET4.0C; .NET4.0E; MS-RTC LM 8)" 14357
192.168.65.56 - - [17/Feb/2013:07:28:06 +0600] "GET /pause/ajaxPause?pauseConfigId=all&admin=1 HTTP/1.1" 200 1046 "http://192.168.65.101/pause/index" "Mozilla/5.0 (Windows NT 5.1; rv:15.0) Gecko/20100101 Firefox/15.0" 28201
192.168.12.60 - - [17/Feb/2013:07:28:07 +0600] "GET /pause/ajaxPause?pauseConfigId=&admin=0 HTTP/1.1" 200 986 "http://callider/pause/index" "Mozilla/4.0 (compatible; MSIE 8.0; Windows NT 6.1; Trident/4.0; InfoPath.3; .NET4.0C; MS-RTC LM 8; .NET4.0E)" 25414
192.168.12.204 - - [17/Feb/2013:07:28:08 +0600] "GET /pause/ajaxPause?pauseConfigId=&admin=0 HTTP/1.1" 200 986 "http://callider/pause/index" "Mozilla/4.0 (compatible; MSIE 7.0; Windows NT 6.1; WOW64; Trident/4.0; SLCC2; .NET CLR 2.0.50727; .NET CLR 3.5.30729; .NET CLR 3.0.30729; Media Center PC 6.0; InfoPath.3; .NET4.0C; .NET4.0E; .NET CLR 1.1.4322)" 27342
192.168.74.78 - - [17/Feb/2013:07:28:09 +0600] "GET /pause/ajaxPause?pauseConfigId=&admin=0 HTTP/1.1" 200 986 "http://callider/pause/index" "Mozilla/4.0 (compatible; MSIE 7.0; Windows NT 6.1; WOW64; Trident/5.0; SLCC2; .NET CLR 2.0.50727; .NET CLR 3.5.30729; .NET CLR 3.0.30729; Media Center PC 6.0; InfoPath.3; .NET4.0C; MS-RTC LM 8; .NET4.0E)" 20089
192.168.12.69 - - [17/Feb/2013:07:28:10 +0600] "GET /pause/ajaxPause?pauseConfigId=&admin=0 HTTP/1.1" 200 986 "http://callider/pause/index" "Mozilla/4.0 (compatible; MSIE 7.0; Windows NT 6.1; Trident/5.0; SLCC2; .NET CLR 2.0.50727; .NET CLR 3.5.30729; .NET CLR 3.0.30729; Media Center PC 6.0; InfoPath.3; .NET4.0C; .NET4.0E; Tablet PC 2.0; AskTbFXTV5/5.14.1.20007)" 18546
192.168.74.91 - - [17/Feb/2013:07:28:10 +0600] "GET /pause/ajaxPause?pauseConfigId=&admin=0 HTTP/1.1" 200 986 "http://callider/pause/index" "Mozilla/4.0 (compatible; MSIE 7.0; Windows NT 6.1; WOW64; Trident/5.0; SLCC2; .NET CLR 2.0.50727; .NET CLR 3.5.30729; .NET CLR 3.0.30729; Media Center PC 6.0; InfoPath.3; .NET4.0C; MS-RTC LM 8; .NET4.0E)" 20661
192.168.74.151 - - [17/Feb/2013:07:28:10 +0600] "GET /pause/ajaxPause?pauseConfigId=&admin=0 HTTP/1.1" 200 987 "http://callider.kontur/pause/index" "Mozilla/5.0 (Windows NT 6.1; WOW64; rv:18.0) Gecko/20100101 Firefox/18.0" 24498
192.168.12.210 - - [17/Feb/2013:07:28:10 +0600] "GET /pause/ajaxPause?pauseConfigId=all&admin=1 HTTP/1.1" 200 1047 "http://callider/pause/index" "Mozilla/4.0 (compatible; MSIE 7.0; Windows NT 6.1; WOW64; Trident/5.0; SLCC2; .NET CLR 2.0.50727; .NET CLR 3.5.30729; .NET CLR 3.0.30729; Media Center PC 6.0; InfoPath.3; .NET4.0C; .NET4.0E)" 20443
192.168.12.61 - - [17/Feb/2013:07:28:11 +0600] "GET /pause/ajaxPause?pauseConfigId=&admin=0 HTTP/1.1" 200 985 "http://callider/pause/index" "Mozilla/4.0 (compatible; MSIE 7.0; Windows NT 6.1; Trident/5.0; SLCC2; .NET CLR 2.0.50727; .NET CLR 3.5.30729; .NET CLR 3.0.30729; Media Center PC 6.0; InfoPath.3; .NET4.0C; .NET4.0E)" 19998
192.168.12.42 - - [17/Feb/2013:07:28:11 +0600] "GET /tv/useUser HTTP/1.1" 200 432 "http://callider/graph/personal" "Mozilla/4.0 (compatible; MSIE 7.0; Windows NT 6.1; WOW64; Trident/5.0; SLCC2; .NET CLR 2.0.50727; .NET CLR 3.5.30729; .NET CLR 3.0.30729; Media Center PC 6.0; InfoPath.3; .NET4.0C; .NET4.0E)" 18195
192.168.12.38 - - [17/Feb/2013:07:28:11 +0600] "GET /pause/ajaxPause?pauseConfigId=&admin=0 HTTP/1.1" 200 1040 "http://callider/pause/index" "Mozilla/4.0 (compatible; MSIE 7.0; Windows NT 6.1; WOW64; Trident/5.0; SLCC2; .NET CLR 2.0.50727; .NET CLR 3.5.30729; .NET CLR 3.0.30729; Media Center PC 6.0; InfoPath.3; .NET4.0C; .NET4.0E)" 15432
192.168.12.77 - - [17/Feb/2013:07:28:11 +0600] "GET /pause/ajaxPause?pauseConfigId=&admin=0 HTTP/1.1" 200 1039 "http://callider/pause/index" "Mozilla/4.0 (compatible; MSIE 7.0; Windows NT 6.1; Trident/5.0; SLCC2; .NET CLR 2.0.50727; .NET CLR 3.5.30729; .NET CLR 3.0.30729; Media Center PC 6.0; Tablet PC 2.0; InfoPath.3; .NET4.0C; .NET4.0E; MS-RTC LM 8)" 14551
192.168.65.56 - - [17/Feb/2013:07:28:11 +0600] "GET /pause/ajaxPause?pauseConfigId=all&admin=1 HTTP/1.1" 200 1046 "http://192.168.65.101/pause/index" "Mozilla/5.0 (Windows NT 5.1; rv:15.0) Gecko/20100101 Firefox/15.0" 31774
192.168.12.60 - - [17/Feb/2013:07:28:12 +0600] "GET /pause/ajaxPause?pauseConfigId=&admin=0 HTTP/1.1" 200 986 "http://callider/pause/index" "Mozilla/4.0 (compatible; MSIE 8.0; Windows NT 6.1; Trident/4.0; InfoPath.3; .NET4.0C; MS-RTC LM 8; .NET4.0E)" 17881
192.168.12.204 - - [17/Feb/2013:07:28:13 +0600] "GET /pause/ajaxPause?pauseConfigId=&admin=0 HTTP/1.1" 200 986 "http://callider/pause/index" "Mozilla/4.0 (compatible; MSIE 7.0; Windows NT 6.1; WOW64; Trident/4.0; SLCC2; .NET CLR 2.0.50727; .NET CLR 3.5.30729; .NET CLR 3.0.30729; Media Center PC 6.0; InfoPath.3; .NET4.0C; .NET4.0E; .NET CLR 1.1.4322)" 23950
192.168.74.151 - - [17/Feb/2013:07:28:13 +0600] "GET /tv/useUser HTTP/1.1" 200 431 "http://callider.kontur/graph/general" "Mozilla/5.0 (Windows NT 6.1; WOW64; rv:18.0) Gecko/20100101 Firefox/18.0" 10612
192.168.74.78 - - [17/Feb/2013:07:28:14 +0600] "GET /pause/ajaxPause?pauseConfigId=&admin=0 HTTP/1.1" 200 986 "http://callider/pause/index" "Mozilla/4.0 (compatible; MSIE 7.0; Windows NT 6.1; WOW64; Trident/5.0; SLCC2; .NET CLR 2.0.50727; .NET CLR 3.5.30729; .NET CLR 3.0.30729; Media Center PC 6.0; InfoPath.3; .NET4.0C; MS-RTC LM 8; .NET4.0E)" 19738
192.168.12.69 - - [17/Feb/2013:07:28:15 +0600] "GET /pause/ajaxPause?pauseConfigId=&admin=0 HTTP/1.1" 200 986 "http://callider/pause/index" "Mozilla/4.0 (compatible; MSIE 7.0; Windows NT 6.1; Trident/5.0; SLCC2; .NET CLR 2.0.50727; .NET CLR 3.5.30729; .NET CLR 3.0.30729; Media Center PC 6.0; InfoPath.3; .NET4.0C; .NET4.0E; Tablet PC 2.0; AskTbFXTV5/5.14.1.20007)" 20283
192.168.74.91 - - [17/Feb/2013:07:28:15 +0600] "GET /pause/ajaxPause?pauseConfigId=&admin=0 HTTP/1.1" 200 986 "http://callider/pause/index" "Mozilla/4.0 (compatible; MSIE 7.0; Windows NT 6.1; WOW64; Trident/5.0; SLCC2; .NET CLR 2.0.50727; .NET CLR 3.5.30729; .NET CLR 3.0.30729; Media Center PC 6.0; InfoPath.3; .NET4.0C; MS-RTC LM 8; .NET4.0E)" 21694
192.168.74.151 - - [17/Feb/2013:07:28:15 +0600] "GET /pause/ajaxPause?pauseConfigId=&admin=0 HTTP/1.1" 200 987 "http://callider.kontur/pause/index" "Mozilla/5.0 (Windows NT 6.1; WOW64; rv:18.0) Gecko/20100101 Firefox/18.0" 19525
192.168.74.151 - - [17/Feb/2013:07:28:15 +0600] "GET /tv/useUser HTTP/1.1" 200 432 "http://callider.kontur/pause/index" "Mozilla/5.0 (Windows NT 6.1; WOW64; rv:18.0) Gecko/20100101 Firefox/18.0" 14860
192.168.12.210 - - [17/Feb/2013:07:28:15 +0600] "GET /pause/ajaxPause?pauseConfigId=all&admin=1 HTTP/1.1" 200 1047 "http://callider/pause/index" "Mozilla/4.0 (compatible; MSIE 7.0; Windows NT 6.1; WOW64; Trident/5.0; SLCC2; .NET CLR 2.0.50727; .NET CLR 3.5.30729; .NET CLR 3.0.30729; Media Center PC 6.0; InfoPath.3; .NET4.0C; .NET4.0E)" 19109
192.168.12.61 - - [17/Feb/2013:07:28:16 +0600] "GET /pause/ajaxPause?pauseConfigId=&admin=0 HTTP/1.1" 200 985 "http://callider/pause/index" "Mozilla/4.0 (compatible; MSIE 7.0; Windows NT 6.1; Trident/5.0; SLCC2; .NET CLR 2.0.50727; .NET CLR 3.5.30729; .NET CLR 3.0.30729; Media Center PC 6.0; InfoPath.3; .NET4.0C; .NET4.0E)" 18075
192.168.12.38 - - [17/Feb/2013:07:28:16 +0600] "GET /pause/ajaxPause?pauseConfigId=&admin=0 HTTP/1.1" 200 1040 "http://callider/pause/index" "Mozilla/4.0 (compatible; MSIE 7.0; Windows NT 6.1; WOW64; Trident/5.0; SLCC2; .NET CLR 2.0.50727; .NET CLR 3.5.30729; .NET CLR 3.0.30729; Media Center PC 6.0; InfoPath.3; .NET4.0C; .NET4.0E)" 15369
192.168.12.77 - - [17/Feb/2013:07:28:16 +0600] "GET /pause/ajaxPause?pauseConfigId=&admin=0 HTTP/1.1" 200 1039 "http://callider/pause/index" "Mozilla/4.0 (compatible; MSIE 7.0; Windows NT 6.1; Trident/5.0; SLCC2; .NET CLR 2.0.50727; .NET CLR 3.5.30729; .NET CLR 3.0.30729; Media Center PC 6.0; Tablet PC 2.0; InfoPath.3; .NET4.0C; .NET4.0E; MS-RTC LM 8)" 15413
192.168.65.56 - - [17/Feb/2013:07:28:16 +0600] "GET /pause/ajaxPause?pauseConfigId=all&admin=1 HTTP/1.1" 200 1046 "http://192.168.65.101/pause/index" "Mozilla/5.0 (Windows NT 5.1; rv:15.0) Gecko/20100101 Firefox/15.0" 30421
192.168.12.60 - - [17/Feb/2013:07:28:17 +0600] "GET /pause/ajaxPause?pauseConfigId=&admin=0 HTTP/1.1" 200 986 "http://callider/pause/index" "Mozilla/4.0 (compatible; MSIE 8.0; Windows NT 6.1; Trident/4.0; InfoPath.3; .NET4.0C; MS-RTC LM 8; .NET4.0E)" 22223
192.168.12.204 - - [17/Feb/2013:07:28:18 +0600] "GET /pause/ajaxPause?pauseConfigId=&admin=0 HTTP/1.1" 200 986 "http://callider/pause/index" "Mozilla/4.0 (compatible; MSIE 7.0; Windows NT 6.1; WOW64; Trident/4.0; SLCC2; .NET CLR 2.0.50727; .NET CLR 3.5.30729; .NET CLR 3.0.30729; Media Center PC 6.0; InfoPath.3; .NET4.0C; .NET4.0E; .NET CLR 1.1.4322)" 22191
192.168.74.78 - - [17/Feb/2013:07:28:19 +0600] "GET /pause/ajaxPause?pauseConfigId=&admin=0 HTTP/1.1" 200 986 "http://callider/pause/index" "Mozilla/4.0 (compatible; MSIE 7.0; Windows NT 6.1; WOW64; Trident/5.0; SLCC2; .NET CLR 2.0.50727; .NET CLR 3.5.30729; .NET CLR 3.0.30729; Media Center PC 6.0; InfoPath.3; .NET4.0C; MS-RTC LM 8; .NET4.0E)" 24969
192.168.12.10 - - [17/Feb/2013:07:28:19 +0600] "GET /tv/useUser HTTP/1.1" 200 432 "http://callider/graph/personal" "Mozilla/4.0 (compatible; MSIE 7.0; Windows NT 6.1; Trident/5.0; SLCC2; .NET CLR 2.0.50727; .NET CLR 3.5.30729; .NET CLR 3.0.30729; Media Center PC 6.0; InfoPath.3; .NET4.0C; .NET4.0E; Tablet PC 2.0; MS-RTC LM 8)" 17937
192.168.12.108 - - [17/Feb/2013:07:28:19 +0600] "GET /tv/useUser HTTP/1.1" 200 432 "http://callider/index.php" "Mozilla/4.0 (compatible; MSIE 7.0; Windows NT 6.2; WOW64; Trident/6.0; .NET4.0E; .NET4.0C; InfoPath.3; .NET CLR 3.5.30729; .NET CLR 2.0.50727; .NET CLR 3.0.30729)" 13853
192.168.12.69 - - [17/Feb/2013:07:28:20 +0600] "GET /pause/ajaxPause?pauseConfigId=&admin=0 HTTP/1.1" 200 986 "http://callider/pause/index" "Mozilla/4.0 (compatible; MSIE 7.0; Windows NT 6.1; Trident/5.0; SLCC2; .NET CLR 2.0.50727; .NET CLR 3.5.30729; .NET CLR 3.0.30729; Media Center PC 6.0; InfoPath.3; .NET4.0C; .NET4.0E; Tablet PC 2.0; AskTbFXTV5/5.14.1.20007)" 18737
192.168.74.91 - - [17/Feb/2013:07:28:20 +0600] "GET /pause/ajaxPause?pauseConfigId=&admin=0 HTTP/1.1" 200 986 "http://callider/pause/index" "Mozilla/4.0 (compatible; MSIE 7.0; Windows NT 6.1; WOW64; Trident/5.0; SLCC2; .NET CLR 2.0.50727; .NET CLR 3.5.30729; .NET CLR 3.0.30729; Media Center PC 6.0; InfoPath.3; .NET4.0C; MS-RTC LM 8; .NET4.0E)" 21683
192.168.74.151 - - [17/Feb/2013:07:28:20 +0600] "GET /pause/ajaxPause?pauseConfigId=&admin=0 HTTP/1.1" 200 987 "http://callider.kontur/pause/index" "Mozilla/5.0 (Windows NT 6.1; WOW64; rv:18.0) Gecko/20100101 Firefox/18.0" 18638
192.168.12.210 - - [17/Feb/2013:07:28:20 +0600] "GET /pause/ajaxPause?pauseConfigId=all&admin=1 HTTP/1.1" 200 1047 "http://callider/pause/index" "Mozilla/4.0 (compatible; MSIE 7.0; Windows NT 6.1; WOW64; Trident/5.0; SLCC2; .NET CLR 2.0.50727; .NET CLR 3.5.30729; .NET CLR 3.0.30729; Media Center PC 6.0; InfoPath.3; .NET4.0C; .NET4.0E)" 27275
192.168.12.61 - - [17/Feb/2013:07:28:21 +0600] "GET /pause/ajaxPause?pauseConfigId=&admin=0 HTTP/1.1" 200 985 "http://callider/pause/index" "Mozilla/4.0 (compatible; MSIE 7.0; Windows NT 6.1; Trident/5.0; SLCC2; .NET CLR 2.0.50727; .NET CLR 3.5.30729; .NET CLR 3.0.30729; Media Center PC 6.0; InfoPath.3; .NET4.0C; .NET4.0E)" 18181
192.168.12.38 - - [17/Feb/2013:07:28:21 +0600] "GET /pause/ajaxPause?pauseConfigId=&admin=0 HTTP/1.1" 200 1040 "http://callider/pause/index" "Mozilla/4.0 (compatible; MSIE 7.0; Windows NT 6.1; WOW64; Trident/5.0; SLCC2; .NET CLR 2.0.50727; .NET CLR 3.5.30729; .NET CLR 3.0.30729; Media Center PC 6.0; InfoPath.3; .NET4.0C; .NET4.0E)" 15244
192.168.12.77 - - [17/Feb/2013:07:28:21 +0600] "GET /pause/ajaxPause?pauseConfigId=&admin=0 HTTP/1.1" 200 1039 "http://callider/pause/index" "Mozilla/4.0 (compatible; MSIE 7.0; Windows NT 6.1; Trident/5.0; SLCC2; .NET CLR 2.0.50727; .NET CLR 3.5.30729; .NET CLR 3.0.30729; Media Center PC 6.0; Tablet PC 2.0; InfoPath.3; .NET4.0C; .NET4.0E; MS-RTC LM 8)" 13824
192.168.65.56 - - [17/Feb/2013:07:28:21 +0600] "GET /pause/ajaxPause?pauseConfigId=all&admin=1 HTTP/1.1" 200 1046 "http://192.168.65.101/pause/index" "Mozilla/5.0 (Windows NT 5.1; rv:15.0) Gecko/20100101 Firefox/15.0" 40579
192.168.12.60 - - [17/Feb/2013:07:28:22 +0600] "GET /pause/ajaxPause?pauseConfigId=&admin=0 HTTP/1.1" 200 986 "http://callider/pause/index" "Mozilla/4.0 (compatible; MSIE 8.0; Windows NT 6.1; Trident/4.0; InfoPath.3; .NET4.0C; MS-RTC LM 8; .NET4.0E)" 19609
192.168.12.204 - - [17/Feb/2013:07:28:23 +0600] "GET /pause/ajaxPause?pauseConfigId=&admin=0 HTTP/1.1" 200 986 "http://callider/pause/index" "Mozilla/4.0 (compatible; MSIE 7.0; Windows NT 6.1; WOW64; Trident/4.0; SLCC2; .NET CLR 2.0.50727; .NET CLR 3.5.30729; .NET CLR 3.0.30729; Media Center PC 6.0; InfoPath.3; .NET4.0C; .NET4.0E; .NET CLR 1.1.4322)" 20511
192.168.74.78 - - [17/Feb/2013:07:28:24 +0600] "GET /pause/ajaxPause?pauseConfigId=&admin=0 HTTP/1.1" 200 986 "http://callider/pause/index" "Mozilla/4.0 (compatible; MSIE 7.0; Windows NT 6.1; WOW64; Trident/5.0; SLCC2; .NET CLR 2.0.50727; .NET CLR 3.5.30729; .NET CLR 3.0.30729; Media Center PC 6.0; InfoPath.3; .NET4.0C; MS-RTC LM 8; .NET4.0E)" 22223
192.168.12.69 - - [17/Feb/2013:07:28:25 +0600] "GET /pause/ajaxPause?pauseConfigId=&admin=0 HTTP/1.1" 200 986 "http://callider/pause/index" "Mozilla/4.0 (compatible; MSIE 7.0; Windows NT 6.1; Trident/5.0; SLCC2; .NET CLR 2.0.50727; .NET CLR 3.5.30729; .NET CLR 3.0.30729; Media Center PC 6.0; InfoPath.3; .NET4.0C; .NET4.0E; Tablet PC 2.0; AskTbFXTV5/5.14.1.20007)" 19006
192.168.74.91 - - [17/Feb/2013:07:28:25 +0600] "GET /pause/ajaxPause?pauseConfigId=&admin=0 HTTP/1.1" 200 986 "http://callider/pause/index" "Mozilla/4.0 (compatible; MSIE 7.0; Windows NT 6.1; WOW64; Trident/5.0; SLCC2; .NET CLR 2.0.50727; .NET CLR 3.5.30729; .NET CLR 3.0.30729; Media Center PC 6.0; InfoPath.3; .NET4.0C; MS-RTC LM 8; .NET4.0E)" 26645
192.168.74.151 - - [17/Feb/2013:07:28:25 +0600] "GET /pause/ajaxPause?pauseConfigId=&admin=0 HTTP/1.1" 200 987 "http://callider.kontur/pause/index" "Mozilla/5.0 (Windows NT 6.1; WOW64; rv:18.0) Gecko/20100101 Firefox/18.0" 20967
192.168.12.210 - - [17/Feb/2013:07:28:25 +0600] "GET /pause/ajaxPause?pauseConfigId=all&admin=1 HTTP/1.1" 200 1047 "http://callider/pause/index" "Mozilla/4.0 (compatible; MSIE 7.0; Windows NT 6.1; WOW64; Trident/5.0; SLCC2; .NET CLR 2.0.50727; .NET CLR 3.5.30729; .NET CLR 3.0.30729; Media Center PC 6.0; InfoPath.3; .NET4.0C; .NET4.0E)" 38741
192.168.12.61 - - [17/Feb/2013:07:28:26 +0600] "GET /pause/ajaxPause?pauseConfigId=&admin=0 HTTP/1.1" 200 986 "http://callider/pause/index" "Mozilla/4.0 (compatible; MSIE 7.0; Windows NT 6.1; Trident/5.0; SLCC2; .NET CLR 2.0.50727; .NET CLR 3.5.30729; .NET CLR 3.0.30729; Media Center PC 6.0; InfoPath.3; .NET4.0C; .NET4.0E)" 24847
192.168.12.38 - - [17/Feb/2013:07:28:26 +0600] "GET /pause/ajaxPause?pauseConfigId=&admin=0 HTTP/1.1" 200 1040 "http://callider/pause/index" "Mozilla/4.0 (compatible; MSIE 7.0; Windows NT 6.1; WOW64; Trident/5.0; SLCC2; .NET CLR 2.0.50727; .NET CLR 3.5.30729; .NET CLR 3.0.30729; Media Center PC 6.0; InfoPath.3; .NET4.0C; .NET4.0E)" 15432
192.168.12.77 - - [17/Feb/2013:07:28:26 +0600] "GET /pause/ajaxPause?pauseConfigId=&admin=0 HTTP/1.1" 200 1039 "http://callider/pause/index" "Mozilla/4.0 (compatible; MSIE 7.0; Windows NT 6.1; Trident/5.0; SLCC2; .NET CLR 2.0.50727; .NET CLR 3.5.30729; .NET CLR 3.0.30729; Media Center PC 6.0; Tablet PC 2.0; InfoPath.3; .NET4.0C; .NET4.0E; MS-RTC LM 8)" 14242
192.168.65.56 - - [17/Feb/2013:07:28:26 +0600] "GET /pause/ajaxPause?pauseConfigId=all&admin=1 HTTP/1.1" 200 1046 "http://192.168.65.101/pause/index" "Mozilla/5.0 (Windows NT 5.1; rv:15.0) Gecko/20100101 Firefox/15.0" 32729
192.168.12.60 - - [17/Feb/2013:07:28:27 +0600] "GET /pause/ajaxPause?pauseConfigId=&admin=0 HTTP/1.1" 200 986 "http://callider/pause/index" "Mozilla/4.0 (compatible; MSIE 8.0; Windows NT 6.1; Trident/4.0; InfoPath.3; .NET4.0C; MS-RTC LM 8; .NET4.0E)" 19077
192.168.12.204 - - [17/Feb/2013:07:28:28 +0600] "GET /pause/ajaxPause?pauseConfigId=&admin=0 HTTP/1.1" 200 986 "http://callider/pause/index" "Mozilla/4.0 (compatible; MSIE 7.0; Windows NT 6.1; WOW64; Trident/4.0; SLCC2; .NET CLR 2.0.50727; .NET CLR 3.5.30729; .NET CLR 3.0.30729; Media Center PC 6.0; InfoPath.3; .NET4.0C; .NET4.0E; .NET CLR 1.1.4322)" 21225
192.168.74.78 - - [17/Feb/2013:07:28:29 +0600] "GET /pause/ajaxPause?pauseConfigId=&admin=0 HTTP/1.1" 200 986 "http://callider/pause/index" "Mozilla/4.0 (compatible; MSIE 7.0; Windows NT 6.1; WOW64; Trident/5.0; SLCC2; .NET CLR 2.0.50727; .NET CLR 3.5.30729; .NET CLR 3.0.30729; Media Center PC 6.0; InfoPath.3; .NET4.0C; MS-RTC LM 8; .NET4.0E)" 25938
192.168.12.69 - - [17/Feb/2013:07:28:30 +0600] "GET /pause/ajaxPause?pauseConfigId=&admin=0 HTTP/1.1" 200 986 "http://callider/pause/index" "Mozilla/4.0 (compatible; MSIE 7.0; Windows NT 6.1; Trident/5.0; SLCC2; .NET CLR 2.0.50727; .NET CLR 3.5.30729; .NET CLR 3.0.30729; Media Center PC 6.0; InfoPath.3; .NET4.0C; .NET4.0E; Tablet PC 2.0; AskTbFXTV5/5.14.1.20007)" 18628
192.168.74.91 - - [17/Feb/2013:07:28:30 +0600] "GET /pause/ajaxPause?pauseConfigId=&admin=0 HTTP/1.1" 200 986 "http://callider/pause/index" "Mozilla/4.0 (compatible; MSIE 7.0; Windows NT 6.1; WOW64; Trident/5.0; SLCC2; .NET CLR 2.0.50727; .NET CLR 3.5.30729; .NET CLR 3.0.30729; Media Center PC 6.0; InfoPath.3; .NET4.0C; MS-RTC LM 8; .NET4.0E)" 20852
192.168.74.151 - - [17/Feb/2013:07:28:30 +0600] "GET /pause/ajaxPause?pauseConfigId=&admin=0 HTTP/1.1" 200 987 "http://callider.kontur/pause/index" "Mozilla/5.0 (Windows NT 6.1; WOW64; rv:18.0) Gecko/20100101 Firefox/18.0" 22075
192.168.12.210 - - [17/Feb/2013:07:28:30 +0600] "GET /pause/ajaxPause?pauseConfigId=all&admin=1 HTTP/1.1" 200 1047 "http://callider/pause/index" "Mozilla/4.0 (compatible; MSIE 7.0; Windows NT 6.1; WOW64; Trident/5.0; SLCC2; .NET CLR 2.0.50727; .NET CLR 3.5.30729; .NET CLR 3.0.30729; Media Center PC 6.0; InfoPath.3; .NET4.0C; .NET4.0E)" 20754
192.168.12.61 - - [17/Feb/2013:07:28:31 +0600] "GET /pause/ajaxPause?pauseConfigId=&admin=0 HTTP/1.1" 200 985 "http://callider/pause/index" "Mozilla/4.0 (compatible; MSIE 7.0; Windows NT 6.1; Trident/5.0; SLCC2; .NET CLR 2.0.50727; .NET CLR 3.5.30729; .NET CLR 3.0.30729; Media Center PC 6.0; InfoPath.3; .NET4.0C; .NET4.0E)" 20966
192.168.12.38 - - [17/Feb/2013:07:28:31 +0600] "GET /pause/ajaxPause?pauseConfigId=&admin=0 HTTP/1.1" 200 1040 "http://callider/pause/index" "Mozilla/4.0 (compatible; MSIE 7.0; Windows NT 6.1; WOW64; Trident/5.0; SLCC2; .NET CLR 2.0.50727; .NET CLR 3.5.30729; .NET CLR 3.0.30729; Media Center PC 6.0; InfoPath.3; .NET4.0C; .NET4.0E)" 15641
192.168.12.77 - - [17/Feb/2013:07:28:31 +0600] "GET /pause/ajaxPause?pauseConfigId=&admin=0 HTTP/1.1" 200 1039 "http://callider/pause/index" "Mozilla/4.0 (compatible; MSIE 7.0; Windows NT 6.1; Trident/5.0; SLCC2; .NET CLR 2.0.50727; .NET CLR 3.5.30729; .NET CLR 3.0.30729; Media Center PC 6.0; Tablet PC 2.0; InfoPath.3; .NET4.0C; .NET4.0E; MS-RTC LM 8)" 14170
192.168.65.56 - - [17/Feb/2013:07:28:31 +0600] "GET /pause/ajaxPause?pauseConfigId=all&admin=1 HTTP/1.1" 200 1046 "http://192.168.65.101/pause/index" "Mozilla/5.0 (Windows NT 5.1; rv:15.0) Gecko/20100101 Firefox/15.0" 31490
192.168.12.60 - - [17/Feb/2013:07:28:32 +0600] "GET /pause/ajaxPause?pauseConfigId=&admin=0 HTTP/1.1" 200 986 "http://callider/pause/index" "Mozilla/4.0 (compatible; MSIE 8.0; Windows NT 6.1; Trident/4.0; InfoPath.3; .NET4.0C; MS-RTC LM 8; .NET4.0E)" 18139
192.168.12.204 - - [17/Feb/2013:07:28:33 +0600] "GET /pause/ajaxPause?pauseConfigId=&admin=0 HTTP/1.1" 200 986 "http://callider/pause/index" "Mozilla/4.0 (compatible; MSIE 7.0; Windows NT 6.1; WOW64; Trident/4.0; SLCC2; .NET CLR 2.0.50727; .NET CLR 3.5.30729; .NET CLR 3.0.30729; Media Center PC 6.0; InfoPath.3; .NET4.0C; .NET4.0E; .NET CLR 1.1.4322)" 17758
192.168.74.78 - - [17/Feb/2013:07:28:34 +0600] "GET /pause/ajaxPause?pauseConfigId=&admin=0 HTTP/1.1" 200 986 "http://callider/pause/index" "Mozilla/4.0 (compatible; MSIE 7.0; Windows NT 6.1; WOW64; Trident/5.0; SLCC2; .NET CLR 2.0.50727; .NET CLR 3.5.30729; .NET CLR 3.0.30729; Media Center PC 6.0; InfoPath.3; .NET4.0C; MS-RTC LM 8; .NET4.0E)" 17328
192.168.12.67 - - [17/Feb/2013:07:28:34 +0600] "GET /tv/useUser HTTP/1.1" 200 432 "http://callider/graph/personal" "Mozilla/4.0 (compatible; MSIE 7.0; Windows NT 6.1; Trident/5.0; SLCC2; .NET CLR 2.0.50727; .NET CLR 3.5.30729; .NET CLR 3.0.30729; Media Center PC 6.0; .NET4.0C; .NET4.0E; InfoPath.3; Tablet PC 2.0; MS-RTC LM 8)" 16993
192.168.12.69 - - [17/Feb/2013:07:28:35 +0600] "GET /pause/ajaxPause?pauseConfigId=&admin=0 HTTP/1.1" 200 986 "http://callider/pause/index" "Mozilla/4.0 (compatible; MSIE 7.0; Windows NT 6.1; Trident/5.0; SLCC2; .NET CLR 2.0.50727; .NET CLR 3.5.30729; .NET CLR 3.0.30729; Media Center PC 6.0; InfoPath.3; .NET4.0C; .NET4.0E; Tablet PC 2.0; AskTbFXTV5/5.14.1.20007)" 18855
192.168.74.91 - - [17/Feb/2013:07:28:35 +0600] "GET /pause/ajaxPause?pauseConfigId=&admin=0 HTTP/1.1" 200 986 "http://callider/pause/index" "Mozilla/4.0 (compatible; MSIE 7.0; Windows NT 6.1; WOW64; Trident/5.0; SLCC2; .NET CLR 2.0.50727; .NET CLR 3.5.30729; .NET CLR 3.0.30729; Media Center PC 6.0; InfoPath.3; .NET4.0C; MS-RTC LM 8; .NET4.0E)" 19406
192.168.74.151 - - [17/Feb/2013:07:28:35 +0600] "GET /pause/ajaxPause?pauseConfigId=&admin=0 HTTP/1.1" 200 987 "http://callider.kontur/pause/index" "Mozilla/5.0 (Windows NT 6.1; WOW64; rv:18.0) Gecko/20100101 Firefox/18.0" 22156
192.168.12.210 - - [17/Feb/2013:07:28:35 +0600] "GET /pause/ajaxPause?pauseConfigId=all&admin=1 HTTP/1.1" 200 1047 "http://callider/pause/index" "Mozilla/4.0 (compatible; MSIE 7.0; Windows NT 6.1; WOW64; Trident/5.0; SLCC2; .NET CLR 2.0.50727; .NET CLR 3.5.30729; .NET CLR 3.0.30729; Media Center PC 6.0; InfoPath.3; .NET4.0C; .NET4.0E)" 29453
192.168.12.61 - - [17/Feb/2013:07:28:36 +0600] "GET /pause/ajaxPause?pauseConfigId=&admin=0 HTTP/1.1" 200 985 "http://callider/pause/index" "Mozilla/4.0 (compatible; MSIE 7.0; Windows NT 6.1; Trident/5.0; SLCC2; .NET CLR 2.0.50727; .NET CLR 3.5.30729; .NET CLR 3.0.30729; Media Center PC 6.0; InfoPath.3; .NET4.0C; .NET4.0E)" 33219
192.168.12.38 - - [17/Feb/2013:07:28:36 +0600] "GET /pause/ajaxPause?pauseConfigId=&admin=0 HTTP/1.1" 200 1040 "http://callider/pause/index" "Mozilla/4.0 (compatible; MSIE 7.0; Windows NT 6.1; WOW64; Trident/5.0; SLCC2; .NET CLR 2.0.50727; .NET CLR 3.5.30729; .NET CLR 3.0.30729; Media Center PC 6.0; InfoPath.3; .NET4.0C; .NET4.0E)" 16460
192.168.12.77 - - [17/Feb/2013:07:28:36 +0600] "GET /pause/ajaxPause?pauseConfigId=&admin=0 HTTP/1.1" 200 1039 "http://callider/pause/index" "Mozilla/4.0 (compatible; MSIE 7.0; Windows NT 6.1; Trident/5.0; SLCC2; .NET CLR 2.0.50727; .NET CLR 3.5.30729; .NET CLR 3.0.30729; Media Center PC 6.0; Tablet PC 2.0; InfoPath.3; .NET4.0C; .NET4.0E; MS-RTC LM 8)" 12327
192.168.65.56 - - [17/Feb/2013:07:28:36 +0600] "GET /pause/ajaxPause?pauseConfigId=all&admin=1 HTTP/1.1" 200 1046 "http://192.168.65.101/pause/index" "Mozilla/5.0 (Windows NT 5.1; rv:15.0) Gecko/20100101 Firefox/15.0" 27078
192.168.12.60 - - [17/Feb/2013:07:28:37 +0600] "GET /pause/ajaxPause?pauseConfigId=&admin=0 HTTP/1.1" 200 986 "http://callider/pause/index" "Mozilla/4.0 (compatible; MSIE 8.0; Windows NT 6.1; Trident/4.0; InfoPath.3; .NET4.0C; MS-RTC LM 8; .NET4.0E)" 42471
192.168.74.93 - - [17/Feb/2013:07:28:38 +0600] "GET /tv/useUser HTTP/1.1" 200 432 "http://callider/graph/personal" "Mozilla/4.0 (compatible; MSIE 7.0; Windows NT 6.1; WOW64; Trident/5.0; SLCC2; .NET CLR 2.0.50727; .NET CLR 3.5.30729; .NET CLR 3.0.30729; Media Center PC 6.0; InfoPath.3; .NET4.0C; .NET4.0E)" 20089
192.168.12.204 - - [17/Feb/2013:07:28:38 +0600] "GET /pause/ajaxPause?pauseConfigId=&admin=0 HTTP/1.1" 200 986 "http://callider/pause/index" "Mozilla/4.0 (compatible; MSIE 7.0; Windows NT 6.1; WOW64; Trident/4.0; SLCC2; .NET CLR 2.0.50727; .NET CLR 3.5.30729; .NET CLR 3.0.30729; Media Center PC 6.0; InfoPath.3; .NET4.0C; .NET4.0E; .NET CLR 1.1.4322)" 21895
192.168.12.210 - - [17/Feb/2013:07:28:39 +0600] "GET /tv/useUser HTTP/1.1" 200 431 "http://callider/graph/general" "Mozilla/4.0 (compatible; MSIE 7.0; Windows NT 6.1; WOW64; Trident/5.0; SLCC2; .NET CLR 2.0.50727; .NET CLR 3.5.30729; .NET CLR 3.0.30729; Media Center PC 6.0; InfoPath.3; .NET4.0C; .NET4.0E)" 10160
192.168.74.78 - - [17/Feb/2013:07:28:39 +0600] "GET /pause/ajaxPause?pauseConfigId=&admin=0 HTTP/1.1" 200 986 "http://callider/pause/index" "Mozilla/4.0 (compatible; MSIE 7.0; Windows NT 6.1; WOW64; Trident/5.0; SLCC2; .NET CLR 2.0.50727; .NET CLR 3.5.30729; .NET CLR 3.0.30729; Media Center PC 6.0; InfoPath.3; .NET4.0C; MS-RTC LM 8; .NET4.0E)" 20413
192.168.12.69 - - [17/Feb/2013:07:28:40 +0600] "GET /pause/ajaxPause?pauseConfigId=&admin=0 HTTP/1.1" 200 986 "http://callider/pause/index" "Mozilla/4.0 (compatible; MSIE 7.0; Windows NT 6.1; Trident/5.0; SLCC2; .NET CLR 2.0.50727; .NET CLR 3.5.30729; .NET CLR 3.0.30729; Media Center PC 6.0; InfoPath.3; .NET4.0C; .NET4.0E; Tablet PC 2.0; AskTbFXTV5/5.14.1.20007)" 17390
192.168.74.91 - - [17/Feb/2013:07:28:40 +0600] "GET /pause/ajaxPause?pauseConfigId=&admin=0 HTTP/1.1" 200 986 "http://callider/pause/index" "Mozilla/4.0 (compatible; MSIE 7.0; Windows NT 6.1; WOW64; Trident/5.0; SLCC2; .NET CLR 2.0.50727; .NET CLR 3.5.30729; .NET CLR 3.0.30729; Media Center PC 6.0; InfoPath.3; .NET4.0C; MS-RTC LM 8; .NET4.0E)" 17929
192.168.74.151 - - [17/Feb/2013:07:28:40 +0600] "GET /pause/ajaxPause?pauseConfigId=&admin=0 HTTP/1.1" 200 987 "http://callider.kontur/pause/index" "Mozilla/5.0 (Windows NT 6.1; WOW64; rv:18.0) Gecko/20100101 Firefox/18.0" 19819
192.168.12.210 - - [17/Feb/2013:07:28:40 +0600] "GET /pause/ajaxPause?pauseConfigId=all&admin=1 HTTP/1.1" 200 1047 "http://callider/pause/index" "Mozilla/4.0 (compatible; MSIE 7.0; Windows NT 6.1; WOW64; Trident/5.0; SLCC2; .NET CLR 2.0.50727; .NET CLR 3.5.30729; .NET CLR 3.0.30729; Media Center PC 6.0; InfoPath.3; .NET4.0C; .NET4.0E)" 22138
192.168.12.9 - - [17/Feb/2013:07:28:40 +0600] "GET /tv/useUser HTTP/1.1" 200 432 "http://callider.kontur/site/index" "Mozilla/5.0 (Windows NT 6.1; WOW64) AppleWebKit/537.17 (KHTML, like Gecko) Chrome/24.0.1312.57 Safari/537.17" 15101
192.168.12.61 - - [17/Feb/2013:07:28:41 +0600] "GET /pause/ajaxPause?pauseConfigId=&admin=0 HTTP/1.1" 200 986 "http://callider/pause/index" "Mozilla/4.0 (compatible; MSIE 7.0; Windows NT 6.1; Trident/5.0; SLCC2; .NET CLR 2.0.50727; .NET CLR 3.5.30729; .NET CLR 3.0.30729; Media Center PC 6.0; InfoPath.3; .NET4.0C; .NET4.0E)" 26382
192.168.12.38 - - [17/Feb/2013:07:28:41 +0600] "GET /pause/ajaxPause?pauseConfigId=&admin=0 HTTP/1.1" 200 1040 "http://callider/pause/index" "Mozilla/4.0 (compatible; MSIE 7.0; Windows NT 6.1; WOW64; Trident/5.0; SLCC2; .NET CLR 2.0.50727; .NET CLR 3.5.30729; .NET CLR 3.0.30729; Media Center PC 6.0; InfoPath.3; .NET4.0C; .NET4.0E)" 16043
192.168.12.77 - - [17/Feb/2013:07:28:41 +0600] "GET /pause/ajaxPause?pauseConfigId=&admin=0 HTTP/1.1" 200 1039 "http://callider/pause/index" "Mozilla/4.0 (compatible; MSIE 7.0; Windows NT 6.1; Trident/5.0; SLCC2; .NET CLR 2.0.50727; .NET CLR 3.5.30729; .NET CLR 3.0.30729; Media Center PC 6.0; Tablet PC 2.0; InfoPath.3; .NET4.0C; .NET4.0E; MS-RTC LM 8)" 13361
192.168.65.56 - - [17/Feb/2013:07:28:41 +0600] "GET /pause/ajaxPause?pauseConfigId=all&admin=1 HTTP/1.1" 200 1046 "http://192.168.65.101/pause/index" "Mozilla/5.0 (Windows NT 5.1; rv:15.0) Gecko/20100101 Firefox/15.0" 30814
192.168.12.60 - - [17/Feb/2013:07:28:42 +0600] "GET /pause/ajaxPause?pauseConfigId=&admin=0 HTTP/1.1" 200 986 "http://callider/pause/index" "Mozilla/4.0 (compatible; MSIE 8.0; Windows NT 6.1; Trident/4.0; InfoPath.3; .NET4.0C; MS-RTC LM 8; .NET4.0E)" 18480
192.168.12.204 - - [17/Feb/2013:07:28:43 +0600] "GET /pause/ajaxPause?pauseConfigId=&admin=0 HTTP/1.1" 200 986 "http://callider/pause/index" "Mozilla/4.0 (compatible; MSIE 7.0; Windows NT 6.1; WOW64; Trident/4.0; SLCC2; .NET CLR 2.0.50727; .NET CLR 3.5.30729; .NET CLR 3.0.30729; Media Center PC 6.0; InfoPath.3; .NET4.0C; .NET4.0E; .NET CLR 1.1.4322)" 24548
192.168.74.78 - - [17/Feb/2013:07:28:44 +0600] "GET /pause/ajaxPause?pauseConfigId=&admin=0 HTTP/1.1" 200 986 "http://callider/pause/index" "Mozilla/4.0 (compatible; MSIE 7.0; Windows NT 6.1; WOW64; Trident/5.0; SLCC2; .NET CLR 2.0.50727; .NET CLR 3.5.30729; .NET CLR 3.0.30729; Media Center PC 6.0; InfoPath.3; .NET4.0C; MS-RTC LM 8; .NET4.0E)" 18704
192.168.12.69 - - [17/Feb/2013:07:28:45 +0600] "GET /pause/ajaxPause?pauseConfigId=&admin=0 HTTP/1.1" 200 986 "http://callider/pause/index" "Mozilla/4.0 (compatible; MSIE 7.0; Windows NT 6.1; Trident/5.0; SLCC2; .NET CLR 2.0.50727; .NET CLR 3.5.30729; .NET CLR 3.0.30729; Media Center PC 6.0; InfoPath.3; .NET4.0C; .NET4.0E; Tablet PC 2.0; AskTbFXTV5/5.14.1.20007)" 22455
192.168.74.91 - - [17/Feb/2013:07:28:45 +0600] "GET /pause/ajaxPause?pauseConfigId=&admin=0 HTTP/1.1" 200 986 "http://callider/pause/index" "Mozilla/4.0 (compatible; MSIE 7.0; Windows NT 6.1; WOW64; Trident/5.0; SLCC2; .NET CLR 2.0.50727; .NET CLR 3.5.30729; .NET CLR 3.0.30729; Media Center PC 6.0; InfoPath.3; .NET4.0C; MS-RTC LM 8; .NET4.0E)" 23057
192.168.74.151 - - [17/Feb/2013:07:28:45 +0600] "GET /pause/ajaxPause?pauseConfigId=&admin=0 HTTP/1.1" 200 987 "http://callider.kontur/pause/index" "Mozilla/5.0 (Windows NT 6.1; WOW64; rv:18.0) Gecko/20100101 Firefox/18.0" 18251
192.168.12.210 - - [17/Feb/2013:07:28:45 +0600] "GET /pause/ajaxPause?pauseConfigId=all&admin=1 HTTP/1.1" 200 1047 "http://callider/pause/index" "Mozilla/4.0 (compatible; MSIE 7.0; Windows NT 6.1; WOW64; Trident/5.0; SLCC2; .NET CLR 2.0.50727; .NET CLR 3.5.30729; .NET CLR 3.0.30729; Media Center PC 6.0; InfoPath.3; .NET4.0C; .NET4.0E)" 20800
192.168.12.61 - - [17/Feb/2013:07:28:46 +0600] "GET /pause/ajaxPause?pauseConfigId=&admin=0 HTTP/1.1" 200 985 "http://callider/pause/index" "Mozilla/4.0 (compatible; MSIE 7.0; Windows NT 6.1; Trident/5.0; SLCC2; .NET CLR 2.0.50727; .NET CLR 3.5.30729; .NET CLR 3.0.30729; Media Center PC 6.0; InfoPath.3; .NET4.0C; .NET4.0E)" 20783
192.168.12.38 - - [17/Feb/2013:07:28:46 +0600] "GET /pause/ajaxPause?pauseConfigId=&admin=0 HTTP/1.1" 200 1040 "http://callider/pause/index" "Mozilla/4.0 (compatible; MSIE 7.0; Windows NT 6.1; WOW64; Trident/5.0; SLCC2; .NET CLR 2.0.50727; .NET CLR 3.5.30729; .NET CLR 3.0.30729; Media Center PC 6.0; InfoPath.3; .NET4.0C; .NET4.0E)" 16088
192.168.12.77 - - [17/Feb/2013:07:28:46 +0600] "GET /pause/ajaxPause?pauseConfigId=&admin=0 HTTP/1.1" 200 1039 "http://callider/pause/index" "Mozilla/4.0 (compatible; MSIE 7.0; Windows NT 6.1; Trident/5.0; SLCC2; .NET CLR 2.0.50727; .NET CLR 3.5.30729; .NET CLR 3.0.30729; Media Center PC 6.0; Tablet PC 2.0; InfoPath.3; .NET4.0C; .NET4.0E; MS-RTC LM 8)" 17668
192.168.65.56 - - [17/Feb/2013:07:28:46 +0600] "GET /pause/ajaxPause?pauseConfigId=all&admin=1 HTTP/1.1" 200 1046 "http://192.168.65.101/pause/index" "Mozilla/5.0 (Windows NT 5.1; rv:15.0) Gecko/20100101 Firefox/15.0" 29099
192.168.12.60 - - [17/Feb/2013:07:28:47 +0600] "GET /pause/ajaxPause?pauseConfigId=&admin=0 HTTP/1.1" 200 986 "http://callider/pause/index" "Mozilla/4.0 (compatible; MSIE 8.0; Windows NT 6.1; Trident/4.0; InfoPath.3; .NET4.0C; MS-RTC LM 8; .NET4.0E)" 21573
192.168.12.204 - - [17/Feb/2013:07:28:48 +0600] "GET /pause/ajaxPause?pauseConfigId=&admin=0 HTTP/1.1" 200 986 "http://callider/pause/index" "Mozilla/4.0 (compatible; MSIE 7.0; Windows NT 6.1; WOW64; Trident/4.0; SLCC2; .NET CLR 2.0.50727; .NET CLR 3.5.30729; .NET CLR 3.0.30729; Media Center PC 6.0; InfoPath.3; .NET4.0C; .NET4.0E; .NET CLR 1.1.4322)" 18691
192.168.12.210 - - [17/Feb/2013:07:28:49 +0600] "GET /tv/useUser HTTP/1.1" 200 431 "http://callider/pause/index" "Mozilla/4.0 (compatible; MSIE 7.0; Windows NT 6.1; WOW64; Trident/5.0; SLCC2; .NET CLR 2.0.50727; .NET CLR 3.5.30729; .NET CLR 3.0.30729; Media Center PC 6.0; InfoPath.3; .NET4.0C; .NET4.0E)" 11346
192.168.74.78 - - [17/Feb/2013:07:28:49 +0600] "GET /pause/ajaxPause?pauseConfigId=&admin=0 HTTP/1.1" 200 986 "http://callider/pause/index" "Mozilla/4.0 (compatible; MSIE 7.0; Windows NT 6.1; WOW64; Trident/5.0; SLCC2; .NET CLR 2.0.50727; .NET CLR 3.5.30729; .NET CLR 3.0.30729; Media Center PC 6.0; InfoPath.3; .NET4.0C; MS-RTC LM 8; .NET4.0E)" 19912
192.168.12.69 - - [17/Feb/2013:07:28:50 +0600] "GET /pause/ajaxPause?pauseConfigId=&admin=0 HTTP/1.1" 200 986 "http://callider/pause/index" "Mozilla/4.0 (compatible; MSIE 7.0; Windows NT 6.1; Trident/5.0; SLCC2; .NET CLR 2.0.50727; .NET CLR 3.5.30729; .NET CLR 3.0.30729; Media Center PC 6.0; InfoPath.3; .NET4.0C; .NET4.0E; Tablet PC 2.0; AskTbFXTV5/5.14.1.20007)" 20873
192.168.74.91 - - [17/Feb/2013:07:28:50 +0600] "GET /pause/ajaxPause?pauseConfigId=&admin=0 HTTP/1.1" 200 986 "http://callider/pause/index" "Mozilla/4.0 (compatible; MSIE 7.0; Windows NT 6.1; WOW64; Trident/5.0; SLCC2; .NET CLR 2.0.50727; .NET CLR 3.5.30729; .NET CLR 3.0.30729; Media Center PC 6.0; InfoPath.3; .NET4.0C; MS-RTC LM 8; .NET4.0E)" 21211
192.168.74.151 - - [17/Feb/2013:07:28:50 +0600] "GET /pause/ajaxPause?pauseConfigId=&admin=0 HTTP/1.1" 200 987 "http://callider.kontur/pause/index" "Mozilla/5.0 (Windows NT 6.1; WOW64; rv:18.0) Gecko/20100101 Firefox/18.0" 19740
192.168.12.210 - - [17/Feb/2013:07:28:50 +0600] "GET /pause/ajaxPause?pauseConfigId=all&admin=1 HTTP/1.1" 200 1047 "http://callider/pause/index" "Mozilla/4.0 (compatible; MSIE 7.0; Windows NT 6.1; WOW64; Trident/5.0; SLCC2; .NET CLR 2.0.50727; .NET CLR 3.5.30729; .NET CLR 3.0.30729; Media Center PC 6.0; InfoPath.3; .NET4.0C; .NET4.0E)" 21592
192.168.12.61 - - [17/Feb/2013:07:28:51 +0600] "GET /pause/ajaxPause?pauseConfigId=&admin=0 HTTP/1.1" 200 985 "http://callider/pause/index" "Mozilla/4.0 (compatible; MSIE 7.0; Windows NT 6.1; Trident/5.0; SLCC2; .NET CLR 2.0.50727; .NET CLR 3.5.30729; .NET CLR 3.0.30729; Media Center PC 6.0; InfoPath.3; .NET4.0C; .NET4.0E)" 21130
192.168.12.38 - - [17/Feb/2013:07:28:51 +0600] "GET /pause/ajaxPause?pauseConfigId=&admin=0 HTTP/1.1" 200 1040 "http://callider/pause/index" "Mozilla/4.0 (compatible; MSIE 7.0; Windows NT 6.1; WOW64; Trident/5.0; SLCC2; .NET CLR 2.0.50727; .NET CLR 3.5.30729; .NET CLR 3.0.30729; Media Center PC 6.0; InfoPath.3; .NET4.0C; .NET4.0E)" 23366
192.168.12.77 - - [17/Feb/2013:07:28:51 +0600] "GET /pause/ajaxPause?pauseConfigId=&admin=0 HTTP/1.1" 200 1039 "http://callider/pause/index" "Mozilla/4.0 (compatible; MSIE 7.0; Windows NT 6.1; Trident/5.0; SLCC2; .NET CLR 2.0.50727; .NET CLR 3.5.30729; .NET CLR 3.0.30729; Media Center PC 6.0; Tablet PC 2.0; InfoPath.3; .NET4.0C; .NET4.0E; MS-RTC LM 8)" 13165
192.168.65.56 - - [17/Feb/2013:07:28:51 +0600] "GET /pause/ajaxPause?pauseConfigId=all&admin=1 HTTP/1.1" 200 1046 "http://192.168.65.101/pause/index" "Mozilla/5.0 (Windows NT 5.1; rv:15.0) Gecko/20100101 Firefox/15.0" 29302
192.168.65.56 - - [17/Feb/2013:07:28:51 +0600] "GET /tv/useUser HTTP/1.1" 200 431 "http://192.168.65.101/pause/index" "Mozilla/5.0 (Windows NT 5.1; rv:15.0) Gecko/20100101 Firefox/15.0" 10211
192.168.12.60 - - [17/Feb/2013:07:28:52 +0600] "GET /pause/ajaxPause?pauseConfigId=&admin=0 HTTP/1.1" 200 986 "http://callider/pause/index" "Mozilla/4.0 (compatible; MSIE 8.0; Windows NT 6.1; Trident/4.0; InfoPath.3; .NET4.0C; MS-RTC LM 8; .NET4.0E)" 21300
192.168.12.204 - - [17/Feb/2013:07:28:53 +0600] "GET /pause/ajaxPause?pauseConfigId=&admin=0 HTTP/1.1" 200 986 "http://callider/pause/index" "Mozilla/4.0 (compatible; MSIE 7.0; Windows NT 6.1; WOW64; Trident/4.0; SLCC2; .NET CLR 2.0.50727; .NET CLR 3.5.30729; .NET CLR 3.0.30729; Media Center PC 6.0; InfoPath.3; .NET4.0C; .NET4.0E; .NET CLR 1.1.4322)" 24371
192.168.74.78 - - [17/Feb/2013:07:28:54 +0600] "GET /pause/ajaxPause?pauseConfigId=&admin=0 HTTP/1.1" 200 986 "http://callider/pause/index" "Mozilla/4.0 (compatible; MSIE 7.0; Windows NT 6.1; WOW64; Trident/5.0; SLCC2; .NET CLR 2.0.50727; .NET CLR 3.5.30729; .NET CLR 3.0.30729; Media Center PC 6.0; InfoPath.3; .NET4.0C; MS-RTC LM 8; .NET4.0E)" 33031
192.168.12.69 - - [17/Feb/2013:07:28:55 +0600] "GET /pause/ajaxPause?pauseConfigId=&admin=0 HTTP/1.1" 200 986 "http://callider/pause/index" "Mozilla/4.0 (compatible; MSIE 7.0; Windows NT 6.1; Trident/5.0; SLCC2; .NET CLR 2.0.50727; .NET CLR 3.5.30729; .NET CLR 3.0.30729; Media Center PC 6.0; InfoPath.3; .NET4.0C; .NET4.0E; Tablet PC 2.0; AskTbFXTV5/5.14.1.20007)" 18955
192.168.74.91 - - [17/Feb/2013:07:28:55 +0600] "GET /pause/ajaxPause?pauseConfigId=&admin=0 HTTP/1.1" 200 986 "http://callider/pause/index" "Mozilla/4.0 (compatible; MSIE 7.0; Windows NT 6.1; WOW64; Trident/5.0; SLCC2; .NET CLR 2.0.50727; .NET CLR 3.5.30729; .NET CLR 3.0.30729; Media Center PC 6.0; InfoPath.3; .NET4.0C; MS-RTC LM 8; .NET4.0E)" 97664
192.168.74.151 - - [17/Feb/2013:07:28:55 +0600] "GET /pause/ajaxPause?pauseConfigId=&admin=0 HTTP/1.1" 200 987 "http://callider.kontur/pause/index" "Mozilla/5.0 (Windows NT 6.1; WOW64; rv:18.0) Gecko/20100101 Firefox/18.0" 50353
192.168.12.210 - - [17/Feb/2013:07:28:55 +0600] "GET /pause/ajaxPause?pauseConfigId=all&admin=1 HTTP/1.1" 200 1047 "http://callider/pause/index" "Mozilla/4.0 (compatible; MSIE 7.0; Windows NT 6.1; WOW64; Trident/5.0; SLCC2; .NET CLR 2.0.50727; .NET CLR 3.5.30729; .NET CLR 3.0.30729; Media Center PC 6.0; InfoPath.3; .NET4.0C; .NET4.0E)" 17816
192.168.12.61 - - [17/Feb/2013:07:28:56 +0600] "GET /pause/ajaxPause?pauseConfigId=&admin=0 HTTP/1.1" 200 985 "http://callider/pause/index" "Mozilla/4.0 (compatible; MSIE 7.0; Windows NT 6.1; Trident/5.0; SLCC2; .NET CLR 2.0.50727; .NET CLR 3.5.30729; .NET CLR 3.0.30729; Media Center PC 6.0; InfoPath.3; .NET4.0C; .NET4.0E)" 19272
192.168.12.38 - - [17/Feb/2013:07:28:56 +0600] "GET /pause/ajaxPause?pauseConfigId=&admin=0 HTTP/1.1" 200 1040 "http://callider/pause/index" "Mozilla/4.0 (compatible; MSIE 7.0; Windows NT 6.1; WOW64; Trident/5.0; SLCC2; .NET CLR 2.0.50727; .NET CLR 3.5.30729; .NET CLR 3.0.30729; Media Center PC 6.0; InfoPath.3; .NET4.0C; .NET4.0E)" 19203
192.168.12.77 - - [17/Feb/2013:07:28:56 +0600] "GET /pause/ajaxPause?pauseConfigId=&admin=0 HTTP/1.1" 200 1039 "http://callider/pause/index" "Mozilla/4.0 (compatible; MSIE 7.0; Windows NT 6.1; Trident/5.0; SLCC2; .NET CLR 2.0.50727; .NET CLR 3.5.30729; .NET CLR 3.0.30729; Media Center PC 6.0; Tablet PC 2.0; InfoPath.3; .NET4.0C; .NET4.0E; MS-RTC LM 8)" 14777
192.168.65.56 - - [17/Feb/2013:07:28:56 +0600] "GET /pause/ajaxPause?pauseConfigId=all&admin=1 HTTP/1.1" 200 1046 "http://192.168.65.101/pause/index" "Mozilla/5.0 (Windows NT 5.1; rv:15.0) Gecko/20100101 Firefox/15.0" 26440
192.168.12.60 - - [17/Feb/2013:07:28:57 +0600] "GET /pause/ajaxPause?pauseConfigId=&admin=0 HTTP/1.1" 200 986 "http://callider/pause/index" "Mozilla/4.0 (compatible; MSIE 8.0; Windows NT 6.1; Trident/4.0; InfoPath.3; .NET4.0C; MS-RTC LM 8; .NET4.0E)" 19158
192.168.12.204 - - [17/Feb/2013:07:28:58 +0600] "GET /pause/ajaxPause?pauseConfigId=&admin=0 HTTP/1.1" 200 986 "http://callider/pause/index" "Mozilla/4.0 (compatible; MSIE 7.0; Windows NT 6.1; WOW64; Trident/4.0; SLCC2; .NET CLR 2.0.50727; .NET CLR 3.5.30729; .NET CLR 3.0.30729; Media Center PC 6.0; InfoPath.3; .NET4.0C; .NET4.0E; .NET CLR 1.1.4322)" 18759
192.168.74.78 - - [17/Feb/2013:07:28:59 +0600] "GET /pause/ajaxPause?pauseConfigId=&admin=0 HTTP/1.1" 200 986 "http://callider/pause/index" "Mozilla/4.0 (compatible; MSIE 7.0; Windows NT 6.1; WOW64; Trident/5.0; SLCC2; .NET CLR 2.0.50727; .NET CLR 3.5.30729; .NET CLR 3.0.30729; Media Center PC 6.0; InfoPath.3; .NET4.0C; MS-RTC LM 8; .NET4.0E)" 20780
192.168.12.69 - - [17/Feb/2013:07:29:00 +0600] "GET /pause/ajaxPause?pauseConfigId=&admin=0 HTTP/1.1" 200 986 "http://callider/pause/index" "Mozilla/4.0 (compatible; MSIE 7.0; Windows NT 6.1; Trident/5.0; SLCC2; .NET CLR 2.0.50727; .NET CLR 3.5.30729; .NET CLR 3.0.30729; Media Center PC 6.0; InfoPath.3; .NET4.0C; .NET4.0E; Tablet PC 2.0; AskTbFXTV5/5.14.1.20007)" 17790
192.168.74.91 - - [17/Feb/2013:07:29:00 +0600] "GET /pause/ajaxPause?pauseConfigId=&admin=0 HTTP/1.1" 200 986 "http://callider/pause/index" "Mozilla/4.0 (compatible; MSIE 7.0; Windows NT 6.1; WOW64; Trident/5.0; SLCC2; .NET CLR 2.0.50727; .NET CLR 3.5.30729; .NET CLR 3.0.30729; Media Center PC 6.0; InfoPath.3; .NET4.0C; MS-RTC LM 8; .NET4.0E)" 21871
192.168.74.151 - - [17/Feb/2013:07:29:00 +0600] "GET /pause/ajaxPause?pauseConfigId=&admin=0 HTTP/1.1" 200 987 "http://callider.kontur/pause/index" "Mozilla/5.0 (Windows NT 6.1; WOW64; rv:18.0) Gecko/20100101 Firefox/18.0" 21629
192.168.12.210 - - [17/Feb/2013:07:29:00 +0600] "GET /pause/ajaxPause?pauseConfigId=all&admin=1 HTTP/1.1" 200 1047 "http://callider/pause/index" "Mozilla/4.0 (compatible; MSIE 7.0; Windows NT 6.1; WOW64; Trident/5.0; SLCC2; .NET CLR 2.0.50727; .NET CLR 3.5.30729; .NET CLR 3.0.30729; Media Center PC 6.0; InfoPath.3; .NET4.0C; .NET4.0E)" 20637
192.168.12.61 - - [17/Feb/2013:07:29:01 +0600] "GET /pause/ajaxPause?pauseConfigId=&admin=0 HTTP/1.1" 200 985 "http://callider/pause/index" "Mozilla/4.0 (compatible; MSIE 7.0; Windows NT 6.1; Trident/5.0; SLCC2; .NET CLR 2.0.50727; .NET CLR 3.5.30729; .NET CLR 3.0.30729; Media Center PC 6.0; InfoPath.3; .NET4.0C; .NET4.0E)" 23409
192.168.12.38 - - [17/Feb/2013:07:29:01 +0600] "GET /pause/ajaxPause?pauseConfigId=&admin=0 HTTP/1.1" 200 1040 "http://callider/pause/index" "Mozilla/4.0 (compatible; MSIE 7.0; Windows NT 6.1; WOW64; Trident/5.0; SLCC2; .NET CLR 2.0.50727; .NET CLR 3.5.30729; .NET CLR 3.0.30729; Media Center PC 6.0; InfoPath.3; .NET4.0C; .NET4.0E)" 14683
192.168.12.77 - - [17/Feb/2013:07:29:01 +0600] "GET /pause/ajaxPause?pauseConfigId=&admin=0 HTTP/1.1" 200 1039 "http://callider/pause/index" "Mozilla/4.0 (compatible; MSIE 7.0; Windows NT 6.1; Trident/5.0; SLCC2; .NET CLR 2.0.50727; .NET CLR 3.5.30729; .NET CLR 3.0.30729; Media Center PC 6.0; Tablet PC 2.0; InfoPath.3; .NET4.0C; .NET4.0E; MS-RTC LM 8)" 23957
192.168.65.56 - - [17/Feb/2013:07:29:01 +0600] "GET /pause/ajaxPause?pauseConfigId=all&admin=1 HTTP/1.1" 200 1046 "http://192.168.65.101/pause/index" "Mozilla/5.0 (Windows NT 5.1; rv:15.0) Gecko/20100101 Firefox/15.0" 33698
192.168.12.60 - - [17/Feb/2013:07:29:02 +0600] "GET /pause/ajaxPause?pauseConfigId=&admin=0 HTTP/1.1" 200 986 "http://callider/pause/index" "Mozilla/4.0 (compatible; MSIE 8.0; Windows NT 6.1; Trident/4.0; InfoPath.3; .NET4.0C; MS-RTC LM 8; .NET4.0E)" 20820
192.168.12.204 - - [17/Feb/2013:07:29:03 +0600] "GET /pause/ajaxPause?pauseConfigId=&admin=0 HTTP/1.1" 200 986 "http://callider/pause/index" "Mozilla/4.0 (compatible; MSIE 7.0; Windows NT 6.1; WOW64; Trident/4.0; SLCC2; .NET CLR 2.0.50727; .NET CLR 3.5.30729; .NET CLR 3.0.30729; Media Center PC 6.0; InfoPath.3; .NET4.0C; .NET4.0E; .NET CLR 1.1.4322)" 21685
192.168.74.78 - - [17/Feb/2013:07:29:04 +0600] "GET /pause/ajaxPause?pauseConfigId=&admin=0 HTTP/1.1" 200 986 "http://callider/pause/index" "Mozilla/4.0 (compatible; MSIE 7.0; Windows NT 6.1; WOW64; Trident/5.0; SLCC2; .NET CLR 2.0.50727; .NET CLR 3.5.30729; .NET CLR 3.0.30729; Media Center PC 6.0; InfoPath.3; .NET4.0C; MS-RTC LM 8; .NET4.0E)" 18755
192.168.12.69 - - [17/Feb/2013:07:29:05 +0600] "GET /pause/ajaxPause?pauseConfigId=&admin=0 HTTP/1.1" 200 986 "http://callider/pause/index" "Mozilla/4.0 (compatible; MSIE 7.0; Windows NT 6.1; Trident/5.0; SLCC2; .NET CLR 2.0.50727; .NET CLR 3.5.30729; .NET CLR 3.0.30729; Media Center PC 6.0; InfoPath.3; .NET4.0C; .NET4.0E; Tablet PC 2.0; AskTbFXTV5/5.14.1.20007)" 23547
192.168.12.61 - - [17/Feb/2013:07:29:05 +0600] "GET /tv/useUser HTTP/1.1" 200 431 "http://callider/pause/index" "Mozilla/4.0 (compatible; MSIE 7.0; Windows NT 6.1; Trident/5.0; SLCC2; .NET CLR 2.0.50727; .NET CLR 3.5.30729; .NET CLR 3.0.30729; Media Center PC 6.0; InfoPath.3; .NET4.0C; .NET4.0E)" 10011
192.168.74.91 - - [17/Feb/2013:07:29:05 +0600] "GET /pause/ajaxPause?pauseConfigId=&admin=0 HTTP/1.1" 200 986 "http://callider/pause/index" "Mozilla/4.0 (compatible; MSIE 7.0; Windows NT 6.1; WOW64; Trident/5.0; SLCC2; .NET CLR 2.0.50727; .NET CLR 3.5.30729; .NET CLR 3.0.30729; Media Center PC 6.0; InfoPath.3; .NET4.0C; MS-RTC LM 8; .NET4.0E)" 18966
192.168.74.151 - - [17/Feb/2013:07:29:05 +0600] "GET /pause/ajaxPause?pauseConfigId=&admin=0 HTTP/1.1" 200 987 "http://callider.kontur/pause/index" "Mozilla/5.0 (Windows NT 6.1; WOW64; rv:18.0) Gecko/20100101 Firefox/18.0" 19159
192.168.12.210 - - [17/Feb/2013:07:29:05 +0600] "GET /pause/ajaxPause?pauseConfigId=all&admin=1 HTTP/1.1" 200 1047 "http://callider/pause/index" "Mozilla/4.0 (compatible; MSIE 7.0; Windows NT 6.1; WOW64; Trident/5.0; SLCC2; .NET CLR 2.0.50727; .NET CLR 3.5.30729; .NET CLR 3.0.30729; Media Center PC 6.0; InfoPath.3; .NET4.0C; .NET4.0E)" 26111
192.168.12.61 - - [17/Feb/2013:07:29:06 +0600] "GET /pause/ajaxPause?pauseConfigId=&admin=0 HTTP/1.1" 200 985 "http://callider/pause/index" "Mozilla/4.0 (compatible; MSIE 7.0; Windows NT 6.1; Trident/5.0; SLCC2; .NET CLR 2.0.50727; .NET CLR 3.5.30729; .NET CLR 3.0.30729; Media Center PC 6.0; InfoPath.3; .NET4.0C; .NET4.0E)" 20053
192.168.12.38 - - [17/Feb/2013:07:29:06 +0600] "GET /pause/ajaxPause?pauseConfigId=&admin=0 HTTP/1.1" 200 1040 "http://callider/pause/index" "Mozilla/4.0 (compatible; MSIE 7.0; Windows NT 6.1; WOW64; Trident/5.0; SLCC2; .NET CLR 2.0.50727; .NET CLR 3.5.30729; .NET CLR 3.0.30729; Media Center PC 6.0; InfoPath.3; .NET4.0C; .NET4.0E)" 18521
192.168.12.77 - - [17/Feb/2013:07:29:06 +0600] "GET /pause/ajaxPause?pauseConfigId=&admin=0 HTTP/1.1" 200 1039 "http://callider/pause/index" "Mozilla/4.0 (compatible; MSIE 7.0; Windows NT 6.1; Trident/5.0; SLCC2; .NET CLR 2.0.50727; .NET CLR 3.5.30729; .NET CLR 3.0.30729; Media Center PC 6.0; Tablet PC 2.0; InfoPath.3; .NET4.0C; .NET4.0E; MS-RTC LM 8)" 13067
192.168.65.56 - - [17/Feb/2013:07:29:06 +0600] "GET /pause/ajaxPause?pauseConfigId=all&admin=1 HTTP/1.1" 200 1046 "http://192.168.65.101/pause/index" "Mozilla/5.0 (Windows NT 5.1; rv:15.0) Gecko/20100101 Firefox/15.0" 34691
192.168.12.60 - - [17/Feb/2013:07:29:07 +0600] "GET /pause/ajaxPause?pauseConfigId=&admin=0 HTTP/1.1" 200 986 "http://callider/pause/index" "Mozilla/4.0 (compatible; MSIE 8.0; Windows NT 6.1; Trident/4.0; InfoPath.3; .NET4.0C; MS-RTC LM 8; .NET4.0E)" 24275
192.168.12.204 - - [17/Feb/2013:07:29:08 +0600] "GET /pause/ajaxPause?pauseConfigId=&admin=0 HTTP/1.1" 200 986 "http://callider/pause/index" "Mozilla/4.0 (compatible; MSIE 7.0; Windows NT 6.1; WOW64; Trident/4.0; SLCC2; .NET CLR 2.0.50727; .NET CLR 3.5.30729; .NET CLR 3.0.30729; Media Center PC 6.0; InfoPath.3; .NET4.0C; .NET4.0E; .NET CLR 1.1.4322)" 56372
192.168.74.78 - - [17/Feb/2013:07:29:09 +0600] "GET /pause/ajaxPause?pauseConfigId=&admin=0 HTTP/1.1" 200 986 "http://callider/pause/index" "Mozilla/4.0 (compatible; MSIE 7.0; Windows NT 6.1; WOW64; Trident/5.0; SLCC2; .NET CLR 2.0.50727; .NET CLR 3.5.30729; .NET CLR 3.0.30729; Media Center PC 6.0; InfoPath.3; .NET4.0C; MS-RTC LM 8; .NET4.0E)" 21261
192.168.12.69 - - [17/Feb/2013:07:29:10 +0600] "GET /pause/ajaxPause?pauseConfigId=&admin=0 HTTP/1.1" 200 986 "http://callider/pause/index" "Mozilla/4.0 (compatible; MSIE 7.0; Windows NT 6.1; Trident/5.0; SLCC2; .NET CLR 2.0.50727; .NET CLR 3.5.30729; .NET CLR 3.0.30729; Media Center PC 6.0; InfoPath.3; .NET4.0C; .NET4.0E; Tablet PC 2.0; AskTbFXTV5/5.14.1.20007)" 19459
192.168.74.91 - - [17/Feb/2013:07:29:10 +0600] "GET /pause/ajaxPause?pauseConfigId=&admin=0 HTTP/1.1" 200 986 "http://callider/pause/index" "Mozilla/4.0 (compatible; MSIE 7.0; Windows NT 6.1; WOW64; Trident/5.0; SLCC2; .NET CLR 2.0.50727; .NET CLR 3.5.30729; .NET CLR 3.0.30729; Media Center PC 6.0; InfoPath.3; .NET4.0C; MS-RTC LM 8; .NET4.0E)" 18618
192.168.74.151 - - [17/Feb/2013:07:29:10 +0600] "GET /pause/ajaxPause?pauseConfigId=&admin=0 HTTP/1.1" 200 987 "http://callider.kontur/pause/index" "Mozilla/5.0 (Windows NT 6.1; WOW64; rv:18.0) Gecko/20100101 Firefox/18.0" 19074
192.168.12.210 - - [17/Feb/2013:07:29:10 +0600] "GET /pause/ajaxPause?pauseConfigId=all&admin=1 HTTP/1.1" 200 1047 "http://callider/pause/index" "Mozilla/4.0 (compatible; MSIE 7.0; Windows NT 6.1; WOW64; Trident/5.0; SLCC2; .NET CLR 2.0.50727; .NET CLR 3.5.30729; .NET CLR 3.0.30729; Media Center PC 6.0; InfoPath.3; .NET4.0C; .NET4.0E)" 23954
192.168.12.61 - - [17/Feb/2013:07:29:11 +0600] "GET /pause/ajaxPause?pauseConfigId=&admin=0 HTTP/1.1" 200 985 "http://callider/pause/index" "Mozilla/4.0 (compatible; MSIE 7.0; Windows NT 6.1; Trident/5.0; SLCC2; .NET CLR 2.0.50727; .NET CLR 3.5.30729; .NET CLR 3.0.30729; Media Center PC 6.0; InfoPath.3; .NET4.0C; .NET4.0E)" 17981
192.168.12.42 - - [17/Feb/2013:07:29:11 +0600] "GET /tv/useUser HTTP/1.1" 200 432 "http://callider/graph/personal" "Mozilla/4.0 (compatible; MSIE 7.0; Windows NT 6.1; WOW64; Trident/5.0; SLCC2; .NET CLR 2.0.50727; .NET CLR 3.5.30729; .NET CLR 3.0.30729; Media Center PC 6.0; InfoPath.3; .NET4.0C; .NET4.0E)" 15469
192.168.12.38 - - [17/Feb/2013:07:29:11 +0600] "GET /pause/ajaxPause?pauseConfigId=&admin=0 HTTP/1.1" 200 1040 "http://callider/pause/index" "Mozilla/4.0 (compatible; MSIE 7.0; Windows NT 6.1; WOW64; Trident/5.0; SLCC2; .NET CLR 2.0.50727; .NET CLR 3.5.30729; .NET CLR 3.0.30729; Media Center PC 6.0; InfoPath.3; .NET4.0C; .NET4.0E)" 14319
192.168.12.77 - - [17/Feb/2013:07:29:11 +0600] "GET /pause/ajaxPause?pauseConfigId=&admin=0 HTTP/1.1" 200 1039 "http://callider/pause/index" "Mozilla/4.0 (compatible; MSIE 7.0; Windows NT 6.1; Trident/5.0; SLCC2; .NET CLR 2.0.50727; .NET CLR 3.5.30729; .NET CLR 3.0.30729; Media Center PC 6.0; Tablet PC 2.0; InfoPath.3; .NET4.0C; .NET4.0E; MS-RTC LM 8)" 15275
192.168.65.56 - - [17/Feb/2013:07:29:11 +0600] "GET /pause/ajaxPause?pauseConfigId=all&admin=1 HTTP/1.1" 200 1046 "http://192.168.65.101/pause/index" "Mozilla/5.0 (Windows NT 5.1; rv:15.0) Gecko/20100101 Firefox/15.0" 28726
192.168.12.60 - - [17/Feb/2013:07:29:12 +0600] "GET /pause/ajaxPause?pauseConfigId=&admin=0 HTTP/1.1" 200 986 "http://callider/pause/index" "Mozilla/4.0 (compatible; MSIE 8.0; Windows NT 6.1; Trident/4.0; InfoPath.3; .NET4.0C; MS-RTC LM 8; .NET4.0E)" 18487
192.168.12.204 - - [17/Feb/2013:07:29:13 +0600] "GET /pause/ajaxPause?pauseConfigId=&admin=0 HTTP/1.1" 200 986 "http://callider/pause/index" "Mozilla/4.0 (compatible; MSIE 7.0; Windows NT 6.1; WOW64; Trident/4.0; SLCC2; .NET CLR 2.0.50727; .NET CLR 3.5.30729; .NET CLR 3.0.30729; Media Center PC 6.0; InfoPath.3; .NET4.0C; .NET4.0E; .NET CLR 1.1.4322)" 19566
192.168.74.151 - - [17/Feb/2013:07:29:13 +0600] "GET /tv/useUser HTTP/1.1" 200 431 "http://callider.kontur/graph/general" "Mozilla/5.0 (Windows NT 6.1; WOW64; rv:18.0) Gecko/20100101 Firefox/18.0" 460707
192.168.74.78 - - [17/Feb/2013:07:29:14 +0600] "GET /pause/ajaxPause?pauseConfigId=&admin=0 HTTP/1.1" 200 986 "http://callider/pause/index" "Mozilla/4.0 (compatible; MSIE 7.0; Windows NT 6.1; WOW64; Trident/5.0; SLCC2; .NET CLR 2.0.50727; .NET CLR 3.5.30729; .NET CLR 3.0.30729; Media Center PC 6.0; InfoPath.3; .NET4.0C; MS-RTC LM 8; .NET4.0E)" 18507
192.168.12.69 - - [17/Feb/2013:07:29:15 +0600] "GET /pause/ajaxPause?pauseConfigId=&admin=0 HTTP/1.1" 200 986 "http://callider/pause/index" "Mozilla/4.0 (compatible; MSIE 7.0; Windows NT 6.1; Trident/5.0; SLCC2; .NET CLR 2.0.50727; .NET CLR 3.5.30729; .NET CLR 3.0.30729; Media Center PC 6.0; InfoPath.3; .NET4.0C; .NET4.0E; Tablet PC 2.0; AskTbFXTV5/5.14.1.20007)" 18359
192.168.74.91 - - [17/Feb/2013:07:29:15 +0600] "GET /pause/ajaxPause?pauseConfigId=&admin=0 HTTP/1.1" 200 986 "http://callider/pause/index" "Mozilla/4.0 (compatible; MSIE 7.0; Windows NT 6.1; WOW64; Trident/5.0; SLCC2; .NET CLR 2.0.50727; .NET CLR 3.5.30729; .NET CLR 3.0.30729; Media Center PC 6.0; InfoPath.3; .NET4.0C; MS-RTC LM 8; .NET4.0E)" 18980
192.168.74.151 - - [17/Feb/2013:07:29:15 +0600] "GET /pause/ajaxPause?pauseConfigId=&admin=0 HTTP/1.1" 200 987 "http://callider.kontur/pause/index" "Mozilla/5.0 (Windows NT 6.1; WOW64; rv:18.0) Gecko/20100101 Firefox/18.0" 22796
192.168.74.151 - - [17/Feb/2013:07:29:15 +0600] "GET /tv/useUser HTTP/1.1" 200 431 "http://callider.kontur/pause/index" "Mozilla/5.0 (Windows NT 6.1; WOW64; rv:18.0) Gecko/20100101 Firefox/18.0" 13160
192.168.12.210 - - [17/Feb/2013:07:29:15 +0600] "GET /pause/ajaxPause?pauseConfigId=all&admin=1 HTTP/1.1" 200 1047 "http://callider/pause/index" "Mozilla/4.0 (compatible; MSIE 7.0; Windows NT 6.1; WOW64; Trident/5.0; SLCC2; .NET CLR 2.0.50727; .NET CLR 3.5.30729; .NET CLR 3.0.30729; Media Center PC 6.0; InfoPath.3; .NET4.0C; .NET4.0E)" 22715
192.168.12.61 - - [17/Feb/2013:07:29:16 +0600] "GET /pause/ajaxPause?pauseConfigId=&admin=0 HTTP/1.1" 200 986 "http://callider/pause/index" "Mozilla/4.0 (compatible; MSIE 7.0; Windows NT 6.1; Trident/5.0; SLCC2; .NET CLR 2.0.50727; .NET CLR 3.5.30729; .NET CLR 3.0.30729; Media Center PC 6.0; InfoPath.3; .NET4.0C; .NET4.0E)" 30323
192.168.12.38 - - [17/Feb/2013:07:29:16 +0600] "GET /pause/ajaxPause?pauseConfigId=&admin=0 HTTP/1.1" 200 1040 "http://callider/pause/index" "Mozilla/4.0 (compatible; MSIE 7.0; Windows NT 6.1; WOW64; Trident/5.0; SLCC2; .NET CLR 2.0.50727; .NET CLR 3.5.30729; .NET CLR 3.0.30729; Media Center PC 6.0; InfoPath.3; .NET4.0C; .NET4.0E)" 17595
192.168.12.77 - - [17/Feb/2013:07:29:16 +0600] "GET /pause/ajaxPause?pauseConfigId=&admin=0 HTTP/1.1" 200 1039 "http://callider/pause/index" "Mozilla/4.0 (compatible; MSIE 7.0; Windows NT 6.1; Trident/5.0; SLCC2; .NET CLR 2.0.50727; .NET CLR 3.5.30729; .NET CLR 3.0.30729; Media Center PC 6.0; Tablet PC 2.0; InfoPath.3; .NET4.0C; .NET4.0E; MS-RTC LM 8)" 14141
192.168.65.56 - - [17/Feb/2013:07:29:16 +0600] "GET /pause/ajaxPause?pauseConfigId=all&admin=1 HTTP/1.1" 200 1046 "http://192.168.65.101/pause/index" "Mozilla/5.0 (Windows NT 5.1; rv:15.0) Gecko/20100101 Firefox/15.0" 73856
192.168.12.60 - - [17/Feb/2013:07:29:17 +0600] "GET /pause/ajaxPause?pauseConfigId=&admin=0 HTTP/1.1" 200 986 "http://callider/pause/index" "Mozilla/4.0 (compatible; MSIE 8.0; Windows NT 6.1; Trident/4.0; InfoPath.3; .NET4.0C; MS-RTC LM 8; .NET4.0E)" 28584
192.168.12.204 - - [17/Feb/2013:07:29:18 +0600] "GET /pause/ajaxPause?pauseConfigId=&admin=0 HTTP/1.1" 200 986 "http://callider/pause/index" "Mozilla/4.0 (compatible; MSIE 7.0; Windows NT 6.1; WOW64; Trident/4.0; SLCC2; .NET CLR 2.0.50727; .NET CLR 3.5.30729; .NET CLR 3.0.30729; Media Center PC 6.0; InfoPath.3; .NET4.0C; .NET4.0E; .NET CLR 1.1.4322)" 20747
192.168.74.78 - - [17/Feb/2013:07:29:19 +0600] "GET /pause/ajaxPause?pauseConfigId=&admin=0 HTTP/1.1" 200 986 "http://callider/pause/index" "Mozilla/4.0 (compatible; MSIE 7.0; Windows NT 6.1; WOW64; Trident/5.0; SLCC2; .NET CLR 2.0.50727; .NET CLR 3.5.30729; .NET CLR 3.0.30729; Media Center PC 6.0; InfoPath.3; .NET4.0C; MS-RTC LM 8; .NET4.0E)" 19349
192.168.12.10 - - [17/Feb/2013:07:29:19 +0600] "GET /tv/useUser HTTP/1.1" 200 432 "http://callider/graph/personal" "Mozilla/4.0 (compatible; MSIE 7.0; Windows NT 6.1; Trident/5.0; SLCC2; .NET CLR 2.0.50727; .NET CLR 3.5.30729; .NET CLR 3.0.30729; Media Center PC 6.0; InfoPath.3; .NET4.0C; .NET4.0E; Tablet PC 2.0; MS-RTC LM 8)" 14901
192.168.12.108 - - [17/Feb/2013:07:29:19 +0600] "GET /tv/useUser HTTP/1.1" 200 432 "http://callider/index.php" "Mozilla/4.0 (compatible; MSIE 7.0; Windows NT 6.2; WOW64; Trident/6.0; .NET4.0E; .NET4.0C; InfoPath.3; .NET CLR 3.5.30729; .NET CLR 2.0.50727; .NET CLR 3.0.30729)" 15067
192.168.12.69 - - [17/Feb/2013:07:29:20 +0600] "GET /pause/ajaxPause?pauseConfigId=&admin=0 HTTP/1.1" 200 986 "http://callider/pause/index" "Mozilla/4.0 (compatible; MSIE 7.0; Windows NT 6.1; Trident/5.0; SLCC2; .NET CLR 2.0.50727; .NET CLR 3.5.30729; .NET CLR 3.0.30729; Media Center PC 6.0; InfoPath.3; .NET4.0C; .NET4.0E; Tablet PC 2.0; AskTbFXTV5/5.14.1.20007)" 83717
192.168.74.91 - - [17/Feb/2013:07:29:20 +0600] "GET /pause/ajaxPause?pauseConfigId=&admin=0 HTTP/1.1" 200 986 "http://callider/pause/index" "Mozilla/4.0 (compatible; MSIE 7.0; Windows NT 6.1; WOW64; Trident/5.0; SLCC2; .NET CLR 2.0.50727; .NET CLR 3.5.30729; .NET CLR 3.0.30729; Media Center PC 6.0; InfoPath.3; .NET4.0C; MS-RTC LM 8; .NET4.0E)" 39665
192.168.74.151 - - [17/Feb/2013:07:29:20 +0600] "GET /pause/ajaxPause?pauseConfigId=&admin=0 HTTP/1.1" 200 987 "http://callider.kontur/pause/index" "Mozilla/5.0 (Windows NT 6.1; WOW64; rv:18.0) Gecko/20100101 Firefox/18.0" 18662
192.168.12.210 - - [17/Feb/2013:07:29:20 +0600] "GET /pause/ajaxPause?pauseConfigId=all&admin=1 HTTP/1.1" 200 1047 "http://callider/pause/index" "Mozilla/4.0 (compatible; MSIE 7.0; Windows NT 6.1; WOW64; Trident/5.0; SLCC2; .NET CLR 2.0.50727; .NET CLR 3.5.30729; .NET CLR 3.0.30729; Media Center PC 6.0; InfoPath.3; .NET4.0C; .NET4.0E)" 20830
192.168.12.61 - - [17/Feb/2013:07:29:21 +0600] "GET /pause/ajaxPause?pauseConfigId=&admin=0 HTTP/1.1" 200 985 "http://callider/pause/index" "Mozilla/4.0 (compatible; MSIE 7.0; Windows NT 6.1; Trident/5.0; SLCC2; .NET CLR 2.0.50727; .NET CLR 3.5.30729; .NET CLR 3.0.30729; Media Center PC 6.0; InfoPath.3; .NET4.0C; .NET4.0E)" 21861
192.168.12.38 - - [17/Feb/2013:07:29:21 +0600] "GET /pause/ajaxPause?pauseConfigId=&admin=0 HTTP/1.1" 200 1040 "http://callider/pause/index" "Mozilla/4.0 (compatible; MSIE 7.0; Windows NT 6.1; WOW64; Trident/5.0; SLCC2; .NET CLR 2.0.50727; .NET CLR 3.5.30729; .NET CLR 3.0.30729; Media Center PC 6.0; InfoPath.3; .NET4.0C; .NET4.0E)" 19154
192.168.12.77 - - [17/Feb/2013:07:29:21 +0600] "GET /pause/ajaxPause?pauseConfigId=&admin=0 HTTP/1.1" 200 1039 "http://callider/pause/index" "Mozilla/4.0 (compatible; MSIE 7.0; Windows NT 6.1; Trident/5.0; SLCC2; .NET CLR 2.0.50727; .NET CLR 3.5.30729; .NET CLR 3.0.30729; Media Center PC 6.0; Tablet PC 2.0; InfoPath.3; .NET4.0C; .NET4.0E; MS-RTC LM 8)" 15458
192.168.65.56 - - [17/Feb/2013:07:29:21 +0600] "GET /pause/ajaxPause?pauseConfigId=all&admin=1 HTTP/1.1" 200 1046 "http://192.168.65.101/pause/index" "Mozilla/5.0 (Windows NT 5.1; rv:15.0) Gecko/20100101 Firefox/15.0" 29566
192.168.12.60 - - [17/Feb/2013:07:29:22 +0600] "GET /pause/ajaxPause?pauseConfigId=&admin=0 HTTP/1.1" 200 986 "http://callider/pause/index" "Mozilla/4.0 (compatible; MSIE 8.0; Windows NT 6.1; Trident/4.0; InfoPath.3; .NET4.0C; MS-RTC LM 8; .NET4.0E)" 18379
192.168.12.204 - - [17/Feb/2013:07:29:23 +0600] "GET /pause/ajaxPause?pauseConfigId=&admin=0 HTTP/1.1" 200 986 "http://callider/pause/index" "Mozilla/4.0 (compatible; MSIE 7.0; Windows NT 6.1; WOW64; Trident/4.0; SLCC2; .NET CLR 2.0.50727; .NET CLR 3.5.30729; .NET CLR 3.0.30729; Media Center PC 6.0; InfoPath.3; .NET4.0C; .NET4.0E; .NET CLR 1.1.4322)" 20549
192.168.74.78 - - [17/Feb/2013:07:29:24 +0600] "GET /pause/ajaxPause?pauseConfigId=&admin=0 HTTP/1.1" 200 986 "http://callider/pause/index" "Mozilla/4.0 (compatible; MSIE 7.0; Windows NT 6.1; WOW64; Trident/5.0; SLCC2; .NET CLR 2.0.50727; .NET CLR 3.5.30729; .NET CLR 3.0.30729; Media Center PC 6.0; InfoPath.3; .NET4.0C; MS-RTC LM 8; .NET4.0E)" 20822
192.168.12.69 - - [17/Feb/2013:07:29:25 +0600] "GET /pause/ajaxPause?pauseConfigId=&admin=0 HTTP/1.1" 200 986 "http://callider/pause/index" "Mozilla/4.0 (compatible; MSIE 7.0; Windows NT 6.1; Trident/5.0; SLCC2; .NET CLR 2.0.50727; .NET CLR 3.5.30729; .NET CLR 3.0.30729; Media Center PC 6.0; InfoPath.3; .NET4.0C; .NET4.0E; Tablet PC 2.0; AskTbFXTV5/5.14.1.20007)" 20971
192.168.74.91 - - [17/Feb/2013:07:29:25 +0600] "GET /pause/ajaxPause?pauseConfigId=&admin=0 HTTP/1.1" 200 986 "http://callider/pause/index" "Mozilla/4.0 (compatible; MSIE 7.0; Windows NT 6.1; WOW64; Trident/5.0; SLCC2; .NET CLR 2.0.50727; .NET CLR 3.5.30729; .NET CLR 3.0.30729; Media Center PC 6.0; InfoPath.3; .NET4.0C; MS-RTC LM 8; .NET4.0E)" 20538
192.168.74.151 - - [17/Feb/2013:07:29:25 +0600] "GET /pause/ajaxPause?pauseConfigId=&admin=0 HTTP/1.1" 200 987 "http://callider.kontur/pause/index" "Mozilla/5.0 (Windows NT 6.1; WOW64; rv:18.0) Gecko/20100101 Firefox/18.0" 19497
192.168.12.210 - - [17/Feb/2013:07:29:25 +0600] "GET /pause/ajaxPause?pauseConfigId=all&admin=1 HTTP/1.1" 200 1047 "http://callider/pause/index" "Mozilla/4.0 (compatible; MSIE 7.0; Windows NT 6.1; WOW64; Trident/5.0; SLCC2; .NET CLR 2.0.50727; .NET CLR 3.5.30729; .NET CLR 3.0.30729; Media Center PC 6.0; InfoPath.3; .NET4.0C; .NET4.0E)" 20356
192.168.12.61 - - [17/Feb/2013:07:29:26 +0600] "GET /pause/ajaxPause?pauseConfigId=&admin=0 HTTP/1.1" 200 985 "http://callider/pause/index" "Mozilla/4.0 (compatible; MSIE 7.0; Windows NT 6.1; Trident/5.0; SLCC2; .NET CLR 2.0.50727; .NET CLR 3.5.30729; .NET CLR 3.0.30729; Media Center PC 6.0; InfoPath.3; .NET4.0C; .NET4.0E)" 21793
192.168.12.38 - - [17/Feb/2013:07:29:26 +0600] "GET /pause/ajaxPause?pauseConfigId=&admin=0 HTTP/1.1" 200 1040 "http://callider/pause/index" "Mozilla/4.0 (compatible; MSIE 7.0; Windows NT 6.1; WOW64; Trident/5.0; SLCC2; .NET CLR 2.0.50727; .NET CLR 3.5.30729; .NET CLR 3.0.30729; Media Center PC 6.0; InfoPath.3; .NET4.0C; .NET4.0E)" 18456
192.168.12.77 - - [17/Feb/2013:07:29:26 +0600] "GET /pause/ajaxPause?pauseConfigId=&admin=0 HTTP/1.1" 200 1039 "http://callider/pause/index" "Mozilla/4.0 (compatible; MSIE 7.0; Windows NT 6.1; Trident/5.0; SLCC2; .NET CLR 2.0.50727; .NET CLR 3.5.30729; .NET CLR 3.0.30729; Media Center PC 6.0; Tablet PC 2.0; InfoPath.3; .NET4.0C; .NET4.0E; MS-RTC LM 8)" 12632
192.168.65.56 - - [17/Feb/2013:07:29:26 +0600] "GET /pause/ajaxPause?pauseConfigId=all&admin=1 HTTP/1.1" 200 1046 "http://192.168.65.101/pause/index" "Mozilla/5.0 (Windows NT 5.1; rv:15.0) Gecko/20100101 Firefox/15.0" 40532
192.168.12.60 - - [17/Feb/2013:07:29:27 +0600] "GET /pause/ajaxPause?pauseConfigId=&admin=0 HTTP/1.1" 200 986 "http://callider/pause/index" "Mozilla/4.0 (compatible; MSIE 8.0; Windows NT 6.1; Trident/4.0; InfoPath.3; .NET4.0C; MS-RTC LM 8; .NET4.0E)" 25925
192.168.12.204 - - [17/Feb/2013:07:29:28 +0600] "GET /pause/ajaxPause?pauseConfigId=&admin=0 HTTP/1.1" 200 986 "http://callider/pause/index" "Mozilla/4.0 (compatible; MSIE 7.0; Windows NT 6.1; WOW64; Trident/4.0; SLCC2; .NET CLR 2.0.50727; .NET CLR 3.5.30729; .NET CLR 3.0.30729; Media Center PC 6.0; InfoPath.3; .NET4.0C; .NET4.0E; .NET CLR 1.1.4322)" 30692
192.168.74.78 - - [17/Feb/2013:07:29:29 +0600] "GET /pause/ajaxPause?pauseConfigId=&admin=0 HTTP/1.1" 200 986 "http://callider/pause/index" "Mozilla/4.0 (compatible; MSIE 7.0; Windows NT 6.1; WOW64; Trident/5.0; SLCC2; .NET CLR 2.0.50727; .NET CLR 3.5.30729; .NET CLR 3.0.30729; Media Center PC 6.0; InfoPath.3; .NET4.0C; MS-RTC LM 8; .NET4.0E)" 17929
192.168.12.69 - - [17/Feb/2013:07:29:30 +0600] "GET /pause/ajaxPause?pauseConfigId=&admin=0 HTTP/1.1" 200 986 "http://callider/pause/index" "Mozilla/4.0 (compatible; MSIE 7.0; Windows NT 6.1; Trident/5.0; SLCC2; .NET CLR 2.0.50727; .NET CLR 3.5.30729; .NET CLR 3.0.30729; Media Center PC 6.0; InfoPath.3; .NET4.0C; .NET4.0E; Tablet PC 2.0; AskTbFXTV5/5.14.1.20007)" 18500
192.168.74.91 - - [17/Feb/2013:07:29:30 +0600] "GET /pause/ajaxPause?pauseConfigId=&admin=0 HTTP/1.1" 200 986 "http://callider/pause/index" "Mozilla/4.0 (compatible; MSIE 7.0; Windows NT 6.1; WOW64; Trident/5.0; SLCC2; .NET CLR 2.0.50727; .NET CLR 3.5.30729; .NET CLR 3.0.30729; Media Center PC 6.0; InfoPath.3; .NET4.0C; MS-RTC LM 8; .NET4.0E)" 22188
192.168.74.151 - - [17/Feb/2013:07:29:30 +0600] "GET /pause/ajaxPause?pauseConfigId=&admin=0 HTTP/1.1" 200 987 "http://callider.kontur/pause/index" "Mozilla/5.0 (Windows NT 6.1; WOW64; rv:18.0) Gecko/20100101 Firefox/18.0" 20228
192.168.12.210 - - [17/Feb/2013:07:29:30 +0600] "GET /pause/ajaxPause?pauseConfigId=all&admin=1 HTTP/1.1" 200 1047 "http://callider/pause/index" "Mozilla/4.0 (compatible; MSIE 7.0; Windows NT 6.1; WOW64; Trident/5.0; SLCC2; .NET CLR 2.0.50727; .NET CLR 3.5.30729; .NET CLR 3.0.30729; Media Center PC 6.0; InfoPath.3; .NET4.0C; .NET4.0E)" 21184
192.168.12.61 - - [17/Feb/2013:07:29:31 +0600] "GET /pause/ajaxPause?pauseConfigId=&admin=0 HTTP/1.1" 200 986 "http://callider/pause/index" "Mozilla/4.0 (compatible; MSIE 7.0; Windows NT 6.1; Trident/5.0; SLCC2; .NET CLR 2.0.50727; .NET CLR 3.5.30729; .NET CLR 3.0.30729; Media Center PC 6.0; InfoPath.3; .NET4.0C; .NET4.0E)" 119544
192.168.12.38 - - [17/Feb/2013:07:29:31 +0600] "GET /pause/ajaxPause?pauseConfigId=&admin=0 HTTP/1.1" 200 1040 "http://callider/pause/index" "Mozilla/4.0 (compatible; MSIE 7.0; Windows NT 6.1; WOW64; Trident/5.0; SLCC2; .NET CLR 2.0.50727; .NET CLR 3.5.30729; .NET CLR 3.0.30729; Media Center PC 6.0; InfoPath.3; .NET4.0C; .NET4.0E)" 45489
192.168.12.77 - - [17/Feb/2013:07:29:31 +0600] "GET /pause/ajaxPause?pauseConfigId=&admin=0 HTTP/1.1" 200 1039 "http://callider/pause/index" "Mozilla/4.0 (compatible; MSIE 7.0; Windows NT 6.1; Trident/5.0; SLCC2; .NET CLR 2.0.50727; .NET CLR 3.5.30729; .NET CLR 3.0.30729; Media Center PC 6.0; Tablet PC 2.0; InfoPath.3; .NET4.0C; .NET4.0E; MS-RTC LM 8)" 31437
192.168.65.56 - - [17/Feb/2013:07:29:31 +0600] "GET /pause/ajaxPause?pauseConfigId=all&admin=1 HTTP/1.1" 200 1046 "http://192.168.65.101/pause/index" "Mozilla/5.0 (Windows NT 5.1; rv:15.0) Gecko/20100101 Firefox/15.0" 27968
192.168.12.60 - - [17/Feb/2013:07:29:32 +0600] "GET /pause/ajaxPause?pauseConfigId=&admin=0 HTTP/1.1" 200 986 "http://callider/pause/index" "Mozilla/4.0 (compatible; MSIE 8.0; Windows NT 6.1; Trident/4.0; InfoPath.3; .NET4.0C; MS-RTC LM 8; .NET4.0E)" 79362
192.168.12.204 - - [17/Feb/2013:07:29:33 +0600] "GET /pause/ajaxPause?pauseConfigId=&admin=0 HTTP/1.1" 200 986 "http://callider/pause/index" "Mozilla/4.0 (compatible; MSIE 7.0; Windows NT 6.1; WOW64; Trident/4.0; SLCC2; .NET CLR 2.0.50727; .NET CLR 3.5.30729; .NET CLR 3.0.30729; Media Center PC 6.0; InfoPath.3; .NET4.0C; .NET4.0E; .NET CLR 1.1.4322)" 32318
192.168.74.78 - - [17/Feb/2013:07:29:34 +0600] "GET /pause/ajaxPause?pauseConfigId=&admin=0 HTTP/1.1" 200 986 "http://callider/pause/index" "Mozilla/4.0 (compatible; MSIE 7.0; Windows NT 6.1; WOW64; Trident/5.0; SLCC2; .NET CLR 2.0.50727; .NET CLR 3.5.30729; .NET CLR 3.0.30729; Media Center PC 6.0; InfoPath.3; .NET4.0C; MS-RTC LM 8; .NET4.0E)" 22255
192.168.12.67 - - [17/Feb/2013:07:29:34 +0600] "GET /tv/useUser HTTP/1.1" 200 432 "http://callider/graph/personal" "Mozilla/4.0 (compatible; MSIE 7.0; Windows NT 6.1; Trident/5.0; SLCC2; .NET CLR 2.0.50727; .NET CLR 3.5.30729; .NET CLR 3.0.30729; Media Center PC 6.0; .NET4.0C; .NET4.0E; InfoPath.3; Tablet PC 2.0; MS-RTC LM 8)" 16238
192.168.12.69 - - [17/Feb/2013:07:29:35 +0600] "GET /pause/ajaxPause?pauseConfigId=&admin=0 HTTP/1.1" 200 986 "http://callider/pause/index" "Mozilla/4.0 (compatible; MSIE 7.0; Windows NT 6.1; Trident/5.0; SLCC2; .NET CLR 2.0.50727; .NET CLR 3.5.30729; .NET CLR 3.0.30729; Media Center PC 6.0; InfoPath.3; .NET4.0C; .NET4.0E; Tablet PC 2.0; AskTbFXTV5/5.14.1.20007)" 18134
192.168.74.91 - - [17/Feb/2013:07:29:35 +0600] "GET /pause/ajaxPause?pauseConfigId=&admin=0 HTTP/1.1" 200 986 "http://callider/pause/index" "Mozilla/4.0 (compatible; MSIE 7.0; Windows NT 6.1; WOW64; Trident/5.0; SLCC2; .NET CLR 2.0.50727; .NET CLR 3.5.30729; .NET CLR 3.0.30729; Media Center PC 6.0; InfoPath.3; .NET4.0C; MS-RTC LM 8; .NET4.0E)" 20166
192.168.74.151 - - [17/Feb/2013:07:29:35 +0600] "GET /pause/ajaxPause?pauseConfigId=&admin=0 HTTP/1.1" 200 987 "http://callider.kontur/pause/index" "Mozilla/5.0 (Windows NT 6.1; WOW64; rv:18.0) Gecko/20100101 Firefox/18.0" 17363
192.168.12.210 - - [17/Feb/2013:07:29:35 +0600] "GET /pause/ajaxPause?pauseConfigId=all&admin=1 HTTP/1.1" 200 1047 "http://callider/pause/index" "Mozilla/4.0 (compatible; MSIE 7.0; Windows NT 6.1; WOW64; Trident/5.0; SLCC2; .NET CLR 2.0.50727; .NET CLR 3.5.30729; .NET CLR 3.0.30729; Media Center PC 6.0; InfoPath.3; .NET4.0C; .NET4.0E)" 22801
192.168.12.61 - - [17/Feb/2013:07:29:36 +0600] "GET /pause/ajaxPause?pauseConfigId=&admin=0 HTTP/1.1" 200 985 "http://callider/pause/index" "Mozilla/4.0 (compatible; MSIE 7.0; Windows NT 6.1; Trident/5.0; SLCC2; .NET CLR 2.0.50727; .NET CLR 3.5.30729; .NET CLR 3.0.30729; Media Center PC 6.0; InfoPath.3; .NET4.0C; .NET4.0E)" 18597
192.168.12.38 - - [17/Feb/2013:07:29:36 +0600] "GET /pause/ajaxPause?pauseConfigId=&admin=0 HTTP/1.1" 200 1040 "http://callider/pause/index" "Mozilla/4.0 (compatible; MSIE 7.0; Windows NT 6.1; WOW64; Trident/5.0; SLCC2; .NET CLR 2.0.50727; .NET CLR 3.5.30729; .NET CLR 3.0.30729; Media Center PC 6.0; InfoPath.3; .NET4.0C; .NET4.0E)" 23665
192.168.12.77 - - [17/Feb/2013:07:29:36 +0600] "GET /pause/ajaxPause?pauseConfigId=&admin=0 HTTP/1.1" 200 1039 "http://callider/pause/index" "Mozilla/4.0 (compatible; MSIE 7.0; Windows NT 6.1; Trident/5.0; SLCC2; .NET CLR 2.0.50727; .NET CLR 3.5.30729; .NET CLR 3.0.30729; Media Center PC 6.0; Tablet PC 2.0; InfoPath.3; .NET4.0C; .NET4.0E; MS-RTC LM 8)" 18602
192.168.65.56 - - [17/Feb/2013:07:29:36 +0600] "GET /pause/ajaxPause?pauseConfigId=all&admin=1 HTTP/1.1" 200 1046 "http://192.168.65.101/pause/index" "Mozilla/5.0 (Windows NT 5.1; rv:15.0) Gecko/20100101 Firefox/15.0" 32367
192.168.12.60 - - [17/Feb/2013:07:29:37 +0600] "GET /pause/ajaxPause?pauseConfigId=&admin=0 HTTP/1.1" 200 986 "http://callider/pause/index" "Mozilla/4.0 (compatible; MSIE 8.0; Windows NT 6.1; Trident/4.0; InfoPath.3; .NET4.0C; MS-RTC LM 8; .NET4.0E)" 24009
192.168.74.93 - - [17/Feb/2013:07:29:38 +0600] "GET /tv/useUser HTTP/1.1" 200 432 "http://callider/graph/personal" "Mozilla/4.0 (compatible; MSIE 7.0; Windows NT 6.1; WOW64; Trident/5.0; SLCC2; .NET CLR 2.0.50727; .NET CLR 3.5.30729; .NET CLR 3.0.30729; Media Center PC 6.0; InfoPath.3; .NET4.0C; .NET4.0E)" 18897
192.168.12.204 - - [17/Feb/2013:07:29:38 +0600] "GET /pause/ajaxPause?pauseConfigId=&admin=0 HTTP/1.1" 200 986 "http://callider/pause/index" "Mozilla/4.0 (compatible; MSIE 7.0; Windows NT 6.1; WOW64; Trident/4.0; SLCC2; .NET CLR 2.0.50727; .NET CLR 3.5.30729; .NET CLR 3.0.30729; Media Center PC 6.0; InfoPath.3; .NET4.0C; .NET4.0E; .NET CLR 1.1.4322)" 103039
192.168.12.210 - - [17/Feb/2013:07:29:39 +0600] "GET /tv/useUser HTTP/1.1" 200 431 "http://callider/graph/general" "Mozilla/4.0 (compatible; MSIE 7.0; Windows NT 6.1; WOW64; Trident/5.0; SLCC2; .NET CLR 2.0.50727; .NET CLR 3.5.30729; .NET CLR 3.0.30729; Media Center PC 6.0; InfoPath.3; .NET4.0C; .NET4.0E)" 8881
192.168.74.78 - - [17/Feb/2013:07:29:39 +0600] "GET /pause/ajaxPause?pauseConfigId=&admin=0 HTTP/1.1" 200 986 "http://callider/pause/index" "Mozilla/4.0 (compatible; MSIE 7.0; Windows NT 6.1; WOW64; Trident/5.0; SLCC2; .NET CLR 2.0.50727; .NET CLR 3.5.30729; .NET CLR 3.0.30729; Media Center PC 6.0; InfoPath.3; .NET4.0C; MS-RTC LM 8; .NET4.0E)" 29319
192.168.12.69 - - [17/Feb/2013:07:29:40 +0600] "GET /pause/ajaxPause?pauseConfigId=&admin=0 HTTP/1.1" 200 986 "http://callider/pause/index" "Mozilla/4.0 (compatible; MSIE 7.0; Windows NT 6.1; Trident/5.0; SLCC2; .NET CLR 2.0.50727; .NET CLR 3.5.30729; .NET CLR 3.0.30729; Media Center PC 6.0; InfoPath.3; .NET4.0C; .NET4.0E; Tablet PC 2.0; AskTbFXTV5/5.14.1.20007)" 21499
192.168.74.91 - - [17/Feb/2013:07:29:40 +0600] "GET /pause/ajaxPause?pauseConfigId=&admin=0 HTTP/1.1" 200 986 "http://callider/pause/index" "Mozilla/4.0 (compatible; MSIE 7.0; Windows NT 6.1; WOW64; Trident/5.0; SLCC2; .NET CLR 2.0.50727; .NET CLR 3.5.30729; .NET CLR 3.0.30729; Media Center PC 6.0; InfoPath.3; .NET4.0C; MS-RTC LM 8; .NET4.0E)" 28431
192.168.74.151 - - [17/Feb/2013:07:29:40 +0600] "GET /pause/ajaxPause?pauseConfigId=&admin=0 HTTP/1.1" 200 987 "http://callider.kontur/pause/index" "Mozilla/5.0 (Windows NT 6.1; WOW64; rv:18.0) Gecko/20100101 Firefox/18.0" 22541
192.168.12.210 - - [17/Feb/2013:07:29:40 +0600] "GET /pause/ajaxPause?pauseConfigId=all&admin=1 HTTP/1.1" 200 1047 "http://callider/pause/index" "Mozilla/4.0 (compatible; MSIE 7.0; Windows NT 6.1; WOW64; Trident/5.0; SLCC2; .NET CLR 2.0.50727; .NET CLR 3.5.30729; .NET CLR 3.0.30729; Media Center PC 6.0; InfoPath.3; .NET4.0C; .NET4.0E)" 21885
192.168.12.9 - - [17/Feb/2013:07:29:40 +0600] "GET /tv/useUser HTTP/1.1" 200 432 "http://callider.kontur/site/index" "Mozilla/5.0 (Windows NT 6.1; WOW64) AppleWebKit/537.17 (KHTML, like Gecko) Chrome/24.0.1312.57 Safari/537.17" 16188
192.168.12.61 - - [17/Feb/2013:07:29:41 +0600] "GET /pause/ajaxPause?pauseConfigId=&admin=0 HTTP/1.1" 200 986 "http://callider/pause/index" "Mozilla/4.0 (compatible; MSIE 7.0; Windows NT 6.1; Trident/5.0; SLCC2; .NET CLR 2.0.50727; .NET CLR 3.5.30729; .NET CLR 3.0.30729; Media Center PC 6.0; InfoPath.3; .NET4.0C; .NET4.0E)" 29484
192.168.12.38 - - [17/Feb/2013:07:29:41 +0600] "GET /pause/ajaxPause?pauseConfigId=&admin=0 HTTP/1.1" 200 1040 "http://callider/pause/index" "Mozilla/4.0 (compatible; MSIE 7.0; Windows NT 6.1; WOW64; Trident/5.0; SLCC2; .NET CLR 2.0.50727; .NET CLR 3.5.30729; .NET CLR 3.0.30729; Media Center PC 6.0; InfoPath.3; .NET4.0C; .NET4.0E)" 16521
192.168.12.77 - - [17/Feb/2013:07:29:41 +0600] "GET /pause/ajaxPause?pauseConfigId=&admin=0 HTTP/1.1" 200 1039 "http://callider/pause/index" "Mozilla/4.0 (compatible; MSIE 7.0; Windows NT 6.1; Trident/5.0; SLCC2; .NET CLR 2.0.50727; .NET CLR 3.5.30729; .NET CLR 3.0.30729; Media Center PC 6.0; Tablet PC 2.0; InfoPath.3; .NET4.0C; .NET4.0E; MS-RTC LM 8)" 13759
192.168.65.56 - - [17/Feb/2013:07:29:41 +0600] "GET /pause/ajaxPause?pauseConfigId=all&admin=1 HTTP/1.1" 200 1046 "http://192.168.65.101/pause/index" "Mozilla/5.0 (Windows NT 5.1; rv:15.0) Gecko/20100101 Firefox/15.0" 27231
192.168.12.60 - - [17/Feb/2013:07:29:42 +0600] "GET /pause/ajaxPause?pauseConfigId=&admin=0 HTTP/1.1" 200 986 "http://callider/pause/index" "Mozilla/4.0 (compatible; MSIE 8.0; Windows NT 6.1; Trident/4.0; InfoPath.3; .NET4.0C; MS-RTC LM 8; .NET4.0E)" 23787
192.168.12.204 - - [17/Feb/2013:07:29:43 +0600] "GET /pause/ajaxPause?pauseConfigId=&admin=0 HTTP/1.1" 200 986 "http://callider/pause/index" "Mozilla/4.0 (compatible; MSIE 7.0; Windows NT 6.1; WOW64; Trident/4.0; SLCC2; .NET CLR 2.0.50727; .NET CLR 3.5.30729; .NET CLR 3.0.30729; Media Center PC 6.0; InfoPath.3; .NET4.0C; .NET4.0E; .NET CLR 1.1.4322)" 23276
192.168.74.78 - - [17/Feb/2013:07:29:44 +0600] "GET /pause/ajaxPause?pauseConfigId=&admin=0 HTTP/1.1" 200 986 "http://callider/pause/index" "Mozilla/4.0 (compatible; MSIE 7.0; Windows NT 6.1; WOW64; Trident/5.0; SLCC2; .NET CLR 2.0.50727; .NET CLR 3.5.30729; .NET CLR 3.0.30729; Media Center PC 6.0; InfoPath.3; .NET4.0C; MS-RTC LM 8; .NET4.0E)" 21709
192.168.12.69 - - [17/Feb/2013:07:29:45 +0600] "GET /pause/ajaxPause?pauseConfigId=&admin=0 HTTP/1.1" 200 986 "http://callider/pause/index" "Mozilla/4.0 (compatible; MSIE 7.0; Windows NT 6.1; Trident/5.0; SLCC2; .NET CLR 2.0.50727; .NET CLR 3.5.30729; .NET CLR 3.0.30729; Media Center PC 6.0; InfoPath.3; .NET4.0C; .NET4.0E; Tablet PC 2.0; AskTbFXTV5/5.14.1.20007)" 18642
192.168.74.91 - - [17/Feb/2013:07:29:45 +0600] "GET /pause/ajaxPause?pauseConfigId=&admin=0 HTTP/1.1" 200 986 "http://callider/pause/index" "Mozilla/4.0 (compatible; MSIE 7.0; Windows NT 6.1; WOW64; Trident/5.0; SLCC2; .NET CLR 2.0.50727; .NET CLR 3.5.30729; .NET CLR 3.0.30729; Media Center PC 6.0; InfoPath.3; .NET4.0C; MS-RTC LM 8; .NET4.0E)" 21689
192.168.74.151 - - [17/Feb/2013:07:29:45 +0600] "GET /pause/ajaxPause?pauseConfigId=&admin=0 HTTP/1.1" 200 987 "http://callider.kontur/pause/index" "Mozilla/5.0 (Windows NT 6.1; WOW64; rv:18.0) Gecko/20100101 Firefox/18.0" 18253
192.168.12.210 - - [17/Feb/2013:07:29:45 +0600] "GET /pause/ajaxPause?pauseConfigId=all&admin=1 HTTP/1.1" 200 1047 "http://callider/pause/index" "Mozilla/4.0 (compatible; MSIE 7.0; Windows NT 6.1; WOW64; Trident/5.0; SLCC2; .NET CLR 2.0.50727; .NET CLR 3.5.30729; .NET CLR 3.0.30729; Media Center PC 6.0; InfoPath.3; .NET4.0C; .NET4.0E)" 19283
192.168.12.61 - - [17/Feb/2013:07:29:46 +0600] "GET /pause/ajaxPause?pauseConfigId=&admin=0 HTTP/1.1" 200 985 "http://callider/pause/index" "Mozilla/4.0 (compatible; MSIE 7.0; Windows NT 6.1; Trident/5.0; SLCC2; .NET CLR 2.0.50727; .NET CLR 3.5.30729; .NET CLR 3.0.30729; Media Center PC 6.0; InfoPath.3; .NET4.0C; .NET4.0E)" 18935
192.168.12.38 - - [17/Feb/2013:07:29:46 +0600] "GET /pause/ajaxPause?pauseConfigId=&admin=0 HTTP/1.1" 200 1040 "http://callider/pause/index" "Mozilla/4.0 (compatible; MSIE 7.0; Windows NT 6.1; WOW64; Trident/5.0; SLCC2; .NET CLR 2.0.50727; .NET CLR 3.5.30729; .NET CLR 3.0.30729; Media Center PC 6.0; InfoPath.3; .NET4.0C; .NET4.0E)" 16965
192.168.12.77 - - [17/Feb/2013:07:29:46 +0600] "GET /pause/ajaxPause?pauseConfigId=&admin=0 HTTP/1.1" 200 1039 "http://callider/pause/index" "Mozilla/4.0 (compatible; MSIE 7.0; Windows NT 6.1; Trident/5.0; SLCC2; .NET CLR 2.0.50727; .NET CLR 3.5.30729; .NET CLR 3.0.30729; Media Center PC 6.0; Tablet PC 2.0; InfoPath.3; .NET4.0C; .NET4.0E; MS-RTC LM 8)" 15544
192.168.65.56 - - [17/Feb/2013:07:29:46 +0600] "GET /pause/ajaxPause?pauseConfigId=all&admin=1 HTTP/1.1" 200 1046 "http://192.168.65.101/pause/index" "Mozilla/5.0 (Windows NT 5.1; rv:15.0) Gecko/20100101 Firefox/15.0" 30539
192.168.12.60 - - [17/Feb/2013:07:29:47 +0600] "GET /pause/ajaxPause?pauseConfigId=&admin=0 HTTP/1.1" 200 986 "http://callider/pause/index" "Mozilla/4.0 (compatible; MSIE 8.0; Windows NT 6.1; Trident/4.0; InfoPath.3; .NET4.0C; MS-RTC LM 8; .NET4.0E)" 20826
192.168.12.204 - - [17/Feb/2013:07:29:48 +0600] "GET /pause/ajaxPause?pauseConfigId=&admin=0 HTTP/1.1" 200 986 "http://callider/pause/index" "Mozilla/4.0 (compatible; MSIE 7.0; Windows NT 6.1; WOW64; Trident/4.0; SLCC2; .NET CLR 2.0.50727; .NET CLR 3.5.30729; .NET CLR 3.0.30729; Media Center PC 6.0; InfoPath.3; .NET4.0C; .NET4.0E; .NET CLR 1.1.4322)" 26413
192.168.12.210 - - [17/Feb/2013:07:29:49 +0600] "GET /tv/useUser HTTP/1.1" 200 431 "http://callider/pause/index" "Mozilla/4.0 (compatible; MSIE 7.0; Windows NT 6.1; WOW64; Trident/5.0; SLCC2; .NET CLR 2.0.50727; .NET CLR 3.5.30729; .NET CLR 3.0.30729; Media Center PC 6.0; InfoPath.3; .NET4.0C; .NET4.0E)" 8466
192.168.74.78 - - [17/Feb/2013:07:29:49 +0600] "GET /pause/ajaxPause?pauseConfigId=&admin=0 HTTP/1.1" 200 986 "http://callider/pause/index" "Mozilla/4.0 (compatible; MSIE 7.0; Windows NT 6.1; WOW64; Trident/5.0; SLCC2; .NET CLR 2.0.50727; .NET CLR 3.5.30729; .NET CLR 3.0.30729; Media Center PC 6.0; InfoPath.3; .NET4.0C; MS-RTC LM 8; .NET4.0E)" 26815
192.168.12.69 - - [17/Feb/2013:07:29:50 +0600] "GET /pause/ajaxPause?pauseConfigId=&admin=0 HTTP/1.1" 200 986 "http://callider/pause/index" "Mozilla/4.0 (compatible; MSIE 7.0; Windows NT 6.1; Trident/5.0; SLCC2; .NET CLR 2.0.50727; .NET CLR 3.5.30729; .NET CLR 3.0.30729; Media Center PC 6.0; InfoPath.3; .NET4.0C; .NET4.0E; Tablet PC 2.0; AskTbFXTV5/5.14.1.20007)" 21823
192.168.74.91 - - [17/Feb/2013:07:29:50 +0600] "GET /pause/ajaxPause?pauseConfigId=&admin=0 HTTP/1.1" 200 986 "http://callider/pause/index" "Mozilla/4.0 (compatible; MSIE 7.0; Windows NT 6.1; WOW64; Trident/5.0; SLCC2; .NET CLR 2.0.50727; .NET CLR 3.5.30729; .NET CLR 3.0.30729; Media Center PC 6.0; InfoPath.3; .NET4.0C; MS-RTC LM 8; .NET4.0E)" 20336
192.168.74.151 - - [17/Feb/2013:07:29:50 +0600] "GET /pause/ajaxPause?pauseConfigId=&admin=0 HTTP/1.1" 200 987 "http://callider.kontur/pause/index" "Mozilla/5.0 (Windows NT 6.1; WOW64; rv:18.0) Gecko/20100101 Firefox/18.0" 18177
192.168.12.210 - - [17/Feb/2013:07:29:50 +0600] "GET /pause/ajaxPause?pauseConfigId=all&admin=1 HTTP/1.1" 200 1047 "http://callider/pause/index" "Mozilla/4.0 (compatible; MSIE 7.0; Windows NT 6.1; WOW64; Trident/5.0; SLCC2; .NET CLR 2.0.50727; .NET CLR 3.5.30729; .NET CLR 3.0.30729; Media Center PC 6.0; InfoPath.3; .NET4.0C; .NET4.0E)" 27768
192.168.12.61 - - [17/Feb/2013:07:29:51 +0600] "GET /pause/ajaxPause?pauseConfigId=&admin=0 HTTP/1.1" 200 986 "http://callider/pause/index" "Mozilla/4.0 (compatible; MSIE 7.0; Windows NT 6.1; Trident/5.0; SLCC2; .NET CLR 2.0.50727; .NET CLR 3.5.30729; .NET CLR 3.0.30729; Media Center PC 6.0; InfoPath.3; .NET4.0C; .NET4.0E)" 33512
192.168.12.38 - - [17/Feb/2013:07:29:51 +0600] "GET /pause/ajaxPause?pauseConfigId=&admin=0 HTTP/1.1" 200 1040 "http://callider/pause/index" "Mozilla/4.0 (compatible; MSIE 7.0; Windows NT 6.1; WOW64; Trident/5.0; SLCC2; .NET CLR 2.0.50727; .NET CLR 3.5.30729; .NET CLR 3.0.30729; Media Center PC 6.0; InfoPath.3; .NET4.0C; .NET4.0E)" 15184
192.168.12.77 - - [17/Feb/2013:07:29:51 +0600] "GET /pause/ajaxPause?pauseConfigId=&admin=0 HTTP/1.1" 200 1039 "http://callider/pause/index" "Mozilla/4.0 (compatible; MSIE 7.0; Windows NT 6.1; Trident/5.0; SLCC2; .NET CLR 2.0.50727; .NET CLR 3.5.30729; .NET CLR 3.0.30729; Media Center PC 6.0; Tablet PC 2.0; InfoPath.3; .NET4.0C; .NET4.0E; MS-RTC LM 8)" 15390
192.168.65.56 - - [17/Feb/2013:07:29:51 +0600] "GET /pause/ajaxPause?pauseConfigId=all&admin=1 HTTP/1.1" 200 1046 "http://192.168.65.101/pause/index" "Mozilla/5.0 (Windows NT 5.1; rv:15.0) Gecko/20100101 Firefox/15.0" 31710
192.168.65.56 - - [17/Feb/2013:07:29:51 +0600] "GET /tv/useUser HTTP/1.1" 200 431 "http://192.168.65.101/pause/index" "Mozilla/5.0 (Windows NT 5.1; rv:15.0) Gecko/20100101 Firefox/15.0" 11136
192.168.12.60 - - [17/Feb/2013:07:29:52 +0600] "GET /pause/ajaxPause?pauseConfigId=&admin=0 HTTP/1.1" 200 986 "http://callider/pause/index" "Mozilla/4.0 (compatible; MSIE 8.0; Windows NT 6.1; Trident/4.0; InfoPath.3; .NET4.0C; MS-RTC LM 8; .NET4.0E)" 32225
192.168.12.204 - - [17/Feb/2013:07:29:53 +0600] "GET /pause/ajaxPause?pauseConfigId=&admin=0 HTTP/1.1" 200 986 "http://callider/pause/index" "Mozilla/4.0 (compatible; MSIE 7.0; Windows NT 6.1; WOW64; Trident/4.0; SLCC2; .NET CLR 2.0.50727; .NET CLR 3.5.30729; .NET CLR 3.0.30729; Media Center PC 6.0; InfoPath.3; .NET4.0C; .NET4.0E; .NET CLR 1.1.4322)" 19498
192.168.74.78 - - [17/Feb/2013:07:29:54 +0600] "GET /pause/ajaxPause?pauseConfigId=&admin=0 HTTP/1.1" 200 986 "http://callider/pause/index" "Mozilla/4.0 (compatible; MSIE 7.0; Windows NT 6.1; WOW64; Trident/5.0; SLCC2; .NET CLR 2.0.50727; .NET CLR 3.5.30729; .NET CLR 3.0.30729; Media Center PC 6.0; InfoPath.3; .NET4.0C; MS-RTC LM 8; .NET4.0E)" 19810
192.168.12.69 - - [17/Feb/2013:07:29:55 +0600] "GET /pause/ajaxPause?pauseConfigId=&admin=0 HTTP/1.1" 200 986 "http://callider/pause/index" "Mozilla/4.0 (compatible; MSIE 7.0; Windows NT 6.1; Trident/5.0; SLCC2; .NET CLR 2.0.50727; .NET CLR 3.5.30729; .NET CLR 3.0.30729; Media Center PC 6.0; InfoPath.3; .NET4.0C; .NET4.0E; Tablet PC 2.0; AskTbFXTV5/5.14.1.20007)" 39471
192.168.74.91 - - [17/Feb/2013:07:29:55 +0600] "GET /pause/ajaxPause?pauseConfigId=&admin=0 HTTP/1.1" 200 986 "http://callider/pause/index" "Mozilla/4.0 (compatible; MSIE 7.0; Windows NT 6.1; WOW64; Trident/5.0; SLCC2; .NET CLR 2.0.50727; .NET CLR 3.5.30729; .NET CLR 3.0.30729; Media Center PC 6.0; InfoPath.3; .NET4.0C; MS-RTC LM 8; .NET4.0E)" 22520
192.168.74.151 - - [17/Feb/2013:07:29:55 +0600] "GET /pause/ajaxPause?pauseConfigId=&admin=0 HTTP/1.1" 200 987 "http://callider.kontur/pause/index" "Mozilla/5.0 (Windows NT 6.1; WOW64; rv:18.0) Gecko/20100101 Firefox/18.0" 19502
192.168.12.210 - - [17/Feb/2013:07:29:55 +0600] "GET /pause/ajaxPause?pauseConfigId=all&admin=1 HTTP/1.1" 200 1047 "http://callider/pause/index" "Mozilla/4.0 (compatible; MSIE 7.0; Windows NT 6.1; WOW64; Trident/5.0; SLCC2; .NET CLR 2.0.50727; .NET CLR 3.5.30729; .NET CLR 3.0.30729; Media Center PC 6.0; InfoPath.3; .NET4.0C; .NET4.0E)" 27281
192.168.12.61 - - [17/Feb/2013:07:29:56 +0600] "GET /pause/ajaxPause?pauseConfigId=&admin=0 HTTP/1.1" 200 985 "http://callider/pause/index" "Mozilla/4.0 (compatible; MSIE 7.0; Windows NT 6.1; Trident/5.0; SLCC2; .NET CLR 2.0.50727; .NET CLR 3.5.30729; .NET CLR 3.0.30729; Media Center PC 6.0; InfoPath.3; .NET4.0C; .NET4.0E)" 15781
192.168.12.38 - - [17/Feb/2013:07:29:56 +0600] "GET /pause/ajaxPause?pauseConfigId=&admin=0 HTTP/1.1" 200 1040 "http://callider/pause/index" "Mozilla/4.0 (compatible; MSIE 7.0; Windows NT 6.1; WOW64; Trident/5.0; SLCC2; .NET CLR 2.0.50727; .NET CLR 3.5.30729; .NET CLR 3.0.30729; Media Center PC 6.0; InfoPath.3; .NET4.0C; .NET4.0E)" 16783
192.168.12.77 - - [17/Feb/2013:07:29:56 +0600] "GET /pause/ajaxPause?pauseConfigId=&admin=0 HTTP/1.1" 200 1039 "http://callider/pause/index" "Mozilla/4.0 (compatible; MSIE 7.0; Windows NT 6.1; Trident/5.0; SLCC2; .NET CLR 2.0.50727; .NET CLR 3.5.30729; .NET CLR 3.0.30729; Media Center PC 6.0; Tablet PC 2.0; InfoPath.3; .NET4.0C; .NET4.0E; MS-RTC LM 8)" 13632
192.168.65.56 - - [17/Feb/2013:07:29:56 +0600] "GET /pause/ajaxPause?pauseConfigId=all&admin=1 HTTP/1.1" 200 1046 "http://192.168.65.101/pause/index" "Mozilla/5.0 (Windows NT 5.1; rv:15.0) Gecko/20100101 Firefox/15.0" 30493
192.168.12.60 - - [17/Feb/2013:07:29:57 +0600] "GET /pause/ajaxPause?pauseConfigId=&admin=0 HTTP/1.1" 200 986 "http://callider/pause/index" "Mozilla/4.0 (compatible; MSIE 8.0; Windows NT 6.1; Trident/4.0; InfoPath.3; .NET4.0C; MS-RTC LM 8; .NET4.0E)" 20892
192.168.12.204 - - [17/Feb/2013:07:29:58 +0600] "GET /pause/ajaxPause?pauseConfigId=&admin=0 HTTP/1.1" 200 986 "http://callider/pause/index" "Mozilla/4.0 (compatible; MSIE 7.0; Windows NT 6.1; WOW64; Trident/4.0; SLCC2; .NET CLR 2.0.50727; .NET CLR 3.5.30729; .NET CLR 3.0.30729; Media Center PC 6.0; InfoPath.3; .NET4.0C; .NET4.0E; .NET CLR 1.1.4322)" 20750
192.168.74.78 - - [17/Feb/2013:07:29:59 +0600] "GET /pause/ajaxPause?pauseConfigId=&admin=0 HTTP/1.1" 200 986 "http://callider/pause/index" "Mozilla/4.0 (compatible; MSIE 7.0; Windows NT 6.1; WOW64; Trident/5.0; SLCC2; .NET CLR 2.0.50727; .NET CLR 3.5.30729; .NET CLR 3.0.30729; Media Center PC 6.0; InfoPath.3; .NET4.0C; MS-RTC LM 8; .NET4.0E)" 29053
192.168.12.69 - - [17/Feb/2013:07:30:00 +0600] "GET /pause/ajaxPause?pauseConfigId=&admin=0 HTTP/1.1" 200 986 "http://callider/pause/index" "Mozilla/4.0 (compatible; MSIE 7.0; Windows NT 6.1; Trident/5.0; SLCC2; .NET CLR 2.0.50727; .NET CLR 3.5.30729; .NET CLR 3.0.30729; Media Center PC 6.0; InfoPath.3; .NET4.0C; .NET4.0E; Tablet PC 2.0; AskTbFXTV5/5.14.1.20007)" 218419
192.168.74.91 - - [17/Feb/2013:07:30:00 +0600] "GET /pause/ajaxPause?pauseConfigId=&admin=0 HTTP/1.1" 200 986 "http://callider/pause/index" "Mozilla/4.0 (compatible; MSIE 7.0; Windows NT 6.1; WOW64; Trident/5.0; SLCC2; .NET CLR 2.0.50727; .NET CLR 3.5.30729; .NET CLR 3.0.30729; Media Center PC 6.0; InfoPath.3; .NET4.0C; MS-RTC LM 8; .NET4.0E)" 22512
192.168.74.151 - - [17/Feb/2013:07:30:00 +0600] "GET /pause/ajaxPause?pauseConfigId=&admin=0 HTTP/1.1" 200 987 "http://callider.kontur/pause/index" "Mozilla/5.0 (Windows NT 6.1; WOW64; rv:18.0) Gecko/20100101 Firefox/18.0" 18410
192.168.12.210 - - [17/Feb/2013:07:30:00 +0600] "GET /pause/ajaxPause?pauseConfigId=all&admin=1 HTTP/1.1" 200 1047 "http://callider/pause/index" "Mozilla/4.0 (compatible; MSIE 7.0; Windows NT 6.1; WOW64; Trident/5.0; SLCC2; .NET CLR 2.0.50727; .NET CLR 3.5.30729; .NET CLR 3.0.30729; Media Center PC 6.0; InfoPath.3; .NET4.0C; .NET4.0E)" 19621
192.168.12.61 - - [17/Feb/2013:07:30:01 +0600] "GET /pause/ajaxPause?pauseConfigId=&admin=0 HTTP/1.1" 200 985 "http://callider/pause/index" "Mozilla/4.0 (compatible; MSIE 7.0; Windows NT 6.1; Trident/5.0; SLCC2; .NET CLR 2.0.50727; .NET CLR 3.5.30729; .NET CLR 3.0.30729; Media Center PC 6.0; InfoPath.3; .NET4.0C; .NET4.0E)" 17124
192.168.12.38 - - [17/Feb/2013:07:30:01 +0600] "GET /pause/ajaxPause?pauseConfigId=&admin=0 HTTP/1.1" 200 1040 "http://callider/pause/index" "Mozilla/4.0 (compatible; MSIE 7.0; Windows NT 6.1; WOW64; Trident/5.0; SLCC2; .NET CLR 2.0.50727; .NET CLR 3.5.30729; .NET CLR 3.0.30729; Media Center PC 6.0; InfoPath.3; .NET4.0C; .NET4.0E)" 16139
192.168.12.77 - - [17/Feb/2013:07:30:01 +0600] "GET /pause/ajaxPause?pauseConfigId=&admin=0 HTTP/1.1" 200 1039 "http://callider/pause/index" "Mozilla/4.0 (compatible; MSIE 7.0; Windows NT 6.1; Trident/5.0; SLCC2; .NET CLR 2.0.50727; .NET CLR 3.5.30729; .NET CLR 3.0.30729; Media Center PC 6.0; Tablet PC 2.0; InfoPath.3; .NET4.0C; .NET4.0E; MS-RTC LM 8)" 14170
192.168.65.56 - - [17/Feb/2013:07:30:01 +0600] "GET /pause/ajaxPause?pauseConfigId=all&admin=1 HTTP/1.1" 200 1046 "http://192.168.65.101/pause/index" "Mozilla/5.0 (Windows NT 5.1; rv:15.0) Gecko/20100101 Firefox/15.0" 28042
192.168.12.60 - - [17/Feb/2013:07:30:02 +0600] "GET /pause/ajaxPause?pauseConfigId=&admin=0 HTTP/1.1" 200 986 "http://callider/pause/index" "Mozilla/4.0 (compatible; MSIE 8.0; Windows NT 6.1; Trident/4.0; InfoPath.3; .NET4.0C; MS-RTC LM 8; .NET4.0E)" 26740
192.168.12.204 - - [17/Feb/2013:07:30:03 +0600] "GET /pause/ajaxPause?pauseConfigId=&admin=0 HTTP/1.1" 200 986 "http://callider/pause/index" "Mozilla/4.0 (compatible; MSIE 7.0; Windows NT 6.1; WOW64; Trident/4.0; SLCC2; .NET CLR 2.0.50727; .NET CLR 3.5.30729; .NET CLR 3.0.30729; Media Center PC 6.0; InfoPath.3; .NET4.0C; .NET4.0E; .NET CLR 1.1.4322)" 22886
192.168.74.78 - - [17/Feb/2013:07:30:04 +0600] "GET /pause/ajaxPause?pauseConfigId=&admin=0 HTTP/1.1" 200 986 "http://callider/pause/index" "Mozilla/4.0 (compatible; MSIE 7.0; Windows NT 6.1; WOW64; Trident/5.0; SLCC2; .NET CLR 2.0.50727; .NET CLR 3.5.30729; .NET CLR 3.0.30729; Media Center PC 6.0; InfoPath.3; .NET4.0C; MS-RTC LM 8; .NET4.0E)" 19941
192.168.12.69 - - [17/Feb/2013:07:30:05 +0600] "GET /pause/ajaxPause?pauseConfigId=&admin=0 HTTP/1.1" 200 986 "http://callider/pause/index" "Mozilla/4.0 (compatible; MSIE 7.0; Windows NT 6.1; Trident/5.0; SLCC2; .NET CLR 2.0.50727; .NET CLR 3.5.30729; .NET CLR 3.0.30729; Media Center PC 6.0; InfoPath.3; .NET4.0C; .NET4.0E; Tablet PC 2.0; AskTbFXTV5/5.14.1.20007)" 26938
192.168.12.61 - - [17/Feb/2013:07:30:05 +0600] "GET /tv/useUser HTTP/1.1" 200 431 "http://callider/pause/index" "Mozilla/4.0 (compatible; MSIE 7.0; Windows NT 6.1; Trident/5.0; SLCC2; .NET CLR 2.0.50727; .NET CLR 3.5.30729; .NET CLR 3.0.30729; Media Center PC 6.0; InfoPath.3; .NET4.0C; .NET4.0E)" 9543
192.168.74.91 - - [17/Feb/2013:07:30:05 +0600] "GET /pause/ajaxPause?pauseConfigId=&admin=0 HTTP/1.1" 200 986 "http://callider/pause/index" "Mozilla/4.0 (compatible; MSIE 7.0; Windows NT 6.1; WOW64; Trident/5.0; SLCC2; .NET CLR 2.0.50727; .NET CLR 3.5.30729; .NET CLR 3.0.30729; Media Center PC 6.0; InfoPath.3; .NET4.0C; MS-RTC LM 8; .NET4.0E)" 18971
192.168.74.151 - - [17/Feb/2013:07:30:05 +0600] "GET /pause/ajaxPause?pauseConfigId=&admin=0 HTTP/1.1" 200 987 "http://callider.kontur/pause/index" "Mozilla/5.0 (Windows NT 6.1; WOW64; rv:18.0) Gecko/20100101 Firefox/18.0" 24809
192.168.12.210 - - [17/Feb/2013:07:30:05 +0600] "GET /pause/ajaxPause?pauseConfigId=all&admin=1 HTTP/1.1" 200 1047 "http://callider/pause/index" "Mozilla/4.0 (compatible; MSIE 7.0; Windows NT 6.1; WOW64; Trident/5.0; SLCC2; .NET CLR 2.0.50727; .NET CLR 3.5.30729; .NET CLR 3.0.30729; Media Center PC 6.0; InfoPath.3; .NET4.0C; .NET4.0E)" 20838
192.168.12.61 - - [17/Feb/2013:07:30:06 +0600] "GET /pause/ajaxPause?pauseConfigId=&admin=0 HTTP/1.1" 200 985 "http://callider/pause/index" "Mozilla/4.0 (compatible; MSIE 7.0; Windows NT 6.1; Trident/5.0; SLCC2; .NET CLR 2.0.50727; .NET CLR 3.5.30729; .NET CLR 3.0.30729; Media Center PC 6.0; InfoPath.3; .NET4.0C; .NET4.0E)" 16556
192.168.12.38 - - [17/Feb/2013:07:30:06 +0600] "GET /pause/ajaxPause?pauseConfigId=&admin=0 HTTP/1.1" 200 1040 "http://callider/pause/index" "Mozilla/4.0 (compatible; MSIE 7.0; Windows NT 6.1; WOW64; Trident/5.0; SLCC2; .NET CLR 2.0.50727; .NET CLR 3.5.30729; .NET CLR 3.0.30729; Media Center PC 6.0; InfoPath.3; .NET4.0C; .NET4.0E)" 16386
192.168.12.77 - - [17/Feb/2013:07:30:06 +0600] "GET /pause/ajaxPause?pauseConfigId=&admin=0 HTTP/1.1" 200 1039 "http://callider/pause/index" "Mozilla/4.0 (compatible; MSIE 7.0; Windows NT 6.1; Trident/5.0; SLCC2; .NET CLR 2.0.50727; .NET CLR 3.5.30729; .NET CLR 3.0.30729; Media Center PC 6.0; Tablet PC 2.0; InfoPath.3; .NET4.0C; .NET4.0E; MS-RTC LM 8)" 14948
192.168.65.56 - - [17/Feb/2013:07:30:06 +0600] "GET /pause/ajaxPause?pauseConfigId=all&admin=1 HTTP/1.1" 200 1046 "http://192.168.65.101/pause/index" "Mozilla/5.0 (Windows NT 5.1; rv:15.0) Gecko/20100101 Firefox/15.0" 27291
192.168.12.60 - - [17/Feb/2013:07:30:07 +0600] "GET /pause/ajaxPause?pauseConfigId=&admin=0 HTTP/1.1" 200 986 "http://callider/pause/index" "Mozilla/4.0 (compatible; MSIE 8.0; Windows NT 6.1; Trident/4.0; InfoPath.3; .NET4.0C; MS-RTC LM 8; .NET4.0E)" 22011
192.168.12.204 - - [17/Feb/2013:07:30:08 +0600] "GET /pause/ajaxPause?pauseConfigId=&admin=0 HTTP/1.1" 200 986 "http://callider/pause/index" "Mozilla/4.0 (compatible; MSIE 7.0; Windows NT 6.1; WOW64; Trident/4.0; SLCC2; .NET CLR 2.0.50727; .NET CLR 3.5.30729; .NET CLR 3.0.30729; Media Center PC 6.0; InfoPath.3; .NET4.0C; .NET4.0E; .NET CLR 1.1.4322)" 22887
192.168.74.78 - - [17/Feb/2013:07:30:09 +0600] "GET /pause/ajaxPause?pauseConfigId=&admin=0 HTTP/1.1" 200 986 "http://callider/pause/index" "Mozilla/4.0 (compatible; MSIE 7.0; Windows NT 6.1; WOW64; Trident/5.0; SLCC2; .NET CLR 2.0.50727; .NET CLR 3.5.30729; .NET CLR 3.0.30729; Media Center PC 6.0; InfoPath.3; .NET4.0C; MS-RTC LM 8; .NET4.0E)" 20365
192.168.12.69 - - [17/Feb/2013:07:30:10 +0600] "GET /pause/ajaxPause?pauseConfigId=&admin=0 HTTP/1.1" 200 986 "http://callider/pause/index" "Mozilla/4.0 (compatible; MSIE 7.0; Windows NT 6.1; Trident/5.0; SLCC2; .NET CLR 2.0.50727; .NET CLR 3.5.30729; .NET CLR 3.0.30729; Media Center PC 6.0; InfoPath.3; .NET4.0C; .NET4.0E; Tablet PC 2.0; AskTbFXTV5/5.14.1.20007)" 20004
192.168.74.91 - - [17/Feb/2013:07:30:10 +0600] "GET /pause/ajaxPause?pauseConfigId=&admin=0 HTTP/1.1" 200 986 "http://callider/pause/index" "Mozilla/4.0 (compatible; MSIE 7.0; Windows NT 6.1; WOW64; Trident/5.0; SLCC2; .NET CLR 2.0.50727; .NET CLR 3.5.30729; .NET CLR 3.0.30729; Media Center PC 6.0; InfoPath.3; .NET4.0C; MS-RTC LM 8; .NET4.0E)" 185882
192.168.74.151 - - [17/Feb/2013:07:30:10 +0600] "GET /pause/ajaxPause?pauseConfigId=&admin=0 HTTP/1.1" 200 987 "http://callider.kontur/pause/index" "Mozilla/5.0 (Windows NT 6.1; WOW64; rv:18.0) Gecko/20100101 Firefox/18.0" 129366
192.168.12.210 - - [17/Feb/2013:07:30:10 +0600] "GET /pause/ajaxPause?pauseConfigId=all&admin=1 HTTP/1.1" 200 1047 "http://callider/pause/index" "Mozilla/4.0 (compatible; MSIE 7.0; Windows NT 6.1; WOW64; Trident/5.0; SLCC2; .NET CLR 2.0.50727; .NET CLR 3.5.30729; .NET CLR 3.0.30729; Media Center PC 6.0; InfoPath.3; .NET4.0C; .NET4.0E)" 61751
192.168.12.42 - - [17/Feb/2013:07:30:11 +0600] "GET /tv/useUser HTTP/1.1" 200 432 "http://callider/graph/personal" "Mozilla/4.0 (compatible; MSIE 7.0; Windows NT 6.1; WOW64; Trident/5.0; SLCC2; .NET CLR 2.0.50727; .NET CLR 3.5.30729; .NET CLR 3.0.30729; Media Center PC 6.0; InfoPath.3; .NET4.0C; .NET4.0E)" 17397
192.168.12.61 - - [17/Feb/2013:07:30:11 +0600] "GET /pause/ajaxPause?pauseConfigId=&admin=0 HTTP/1.1" 200 985 "http://callider/pause/index" "Mozilla/4.0 (compatible; MSIE 7.0; Windows NT 6.1; Trident/5.0; SLCC2; .NET CLR 2.0.50727; .NET CLR 3.5.30729; .NET CLR 3.0.30729; Media Center PC 6.0; InfoPath.3; .NET4.0C; .NET4.0E)" 18121
192.168.12.38 - - [17/Feb/2013:07:30:11 +0600] "GET /pause/ajaxPause?pauseConfigId=&admin=0 HTTP/1.1" 200 1040 "http://callider/pause/index" "Mozilla/4.0 (compatible; MSIE 7.0; Windows NT 6.1; WOW64; Trident/5.0; SLCC2; .NET CLR 2.0.50727; .NET CLR 3.5.30729; .NET CLR 3.0.30729; Media Center PC 6.0; InfoPath.3; .NET4.0C; .NET4.0E)" 17735
192.168.12.77 - - [17/Feb/2013:07:30:11 +0600] "GET /pause/ajaxPause?pauseConfigId=&admin=0 HTTP/1.1" 200 1039 "http://callider/pause/index" "Mozilla/4.0 (compatible; MSIE 7.0; Windows NT 6.1; Trident/5.0; SLCC2; .NET CLR 2.0.50727; .NET CLR 3.5.30729; .NET CLR 3.0.30729; Media Center PC 6.0; Tablet PC 2.0; InfoPath.3; .NET4.0C; .NET4.0E; MS-RTC LM 8)" 12806
192.168.65.56 - - [17/Feb/2013:07:30:11 +0600] "GET /pause/ajaxPause?pauseConfigId=all&admin=1 HTTP/1.1" 200 1046 "http://192.168.65.101/pause/index" "Mozilla/5.0 (Windows NT 5.1; rv:15.0) Gecko/20100101 Firefox/15.0" 29869
192.168.12.60 - - [17/Feb/2013:07:30:12 +0600] "GET /pause/ajaxPause?pauseConfigId=&admin=0 HTTP/1.1" 200 986 "http://callider/pause/index" "Mozilla/4.0 (compatible; MSIE 8.0; Windows NT 6.1; Trident/4.0; InfoPath.3; .NET4.0C; MS-RTC LM 8; .NET4.0E)" 17823
192.168.12.204 - - [17/Feb/2013:07:30:13 +0600] "GET /pause/ajaxPause?pauseConfigId=&admin=0 HTTP/1.1" 200 986 "http://callider/pause/index" "Mozilla/4.0 (compatible; MSIE 7.0; Windows NT 6.1; WOW64; Trident/4.0; SLCC2; .NET CLR 2.0.50727; .NET CLR 3.5.30729; .NET CLR 3.0.30729; Media Center PC 6.0; InfoPath.3; .NET4.0C; .NET4.0E; .NET CLR 1.1.4322)" 18387
192.168.74.151 - - [17/Feb/2013:07:30:13 +0600] "GET /tv/useUser HTTP/1.1" 200 431 "http://callider.kontur/graph/general" "Mozilla/5.0 (Windows NT 6.1; WOW64; rv:18.0) Gecko/20100101 Firefox/18.0" 10309
192.168.74.78 - - [17/Feb/2013:07:30:14 +0600] "GET /pause/ajaxPause?pauseConfigId=&admin=0 HTTP/1.1" 200 986 "http://callider/pause/index" "Mozilla/4.0 (compatible; MSIE 7.0; Windows NT 6.1; WOW64; Trident/5.0; SLCC2; .NET CLR 2.0.50727; .NET CLR 3.5.30729; .NET CLR 3.0.30729; Media Center PC 6.0; InfoPath.3; .NET4.0C; MS-RTC LM 8; .NET4.0E)" 18643
192.168.12.69 - - [17/Feb/2013:07:30:15 +0600] "GET /pause/ajaxPause?pauseConfigId=&admin=0 HTTP/1.1" 200 986 "http://callider/pause/index" "Mozilla/4.0 (compatible; MSIE 7.0; Windows NT 6.1; Trident/5.0; SLCC2; .NET CLR 2.0.50727; .NET CLR 3.5.30729; .NET CLR 3.0.30729; Media Center PC 6.0; InfoPath.3; .NET4.0C; .NET4.0E; Tablet PC 2.0; AskTbFXTV5/5.14.1.20007)" 21622
192.168.74.91 - - [17/Feb/2013:07:30:15 +0600] "GET /pause/ajaxPause?pauseConfigId=&admin=0 HTTP/1.1" 200 986 "http://callider/pause/index" "Mozilla/4.0 (compatible; MSIE 7.0; Windows NT 6.1; WOW64; Trident/5.0; SLCC2; .NET CLR 2.0.50727; .NET CLR 3.5.30729; .NET CLR 3.0.30729; Media Center PC 6.0; InfoPath.3; .NET4.0C; MS-RTC LM 8; .NET4.0E)" 19305
192.168.74.151 - - [17/Feb/2013:07:30:15 +0600] "GET /pause/ajaxPause?pauseConfigId=&admin=0 HTTP/1.1" 200 987 "http://callider.kontur/pause/index" "Mozilla/5.0 (Windows NT 6.1; WOW64; rv:18.0) Gecko/20100101 Firefox/18.0" 18322
192.168.74.151 - - [17/Feb/2013:07:30:15 +0600] "GET /tv/useUser HTTP/1.1" 200 431 "http://callider.kontur/pause/index" "Mozilla/5.0 (Windows NT 6.1; WOW64; rv:18.0) Gecko/20100101 Firefox/18.0" 10027
192.168.12.210 - - [17/Feb/2013:07:30:15 +0600] "GET /pause/ajaxPause?pauseConfigId=all&admin=1 HTTP/1.1" 200 1047 "http://callider/pause/index" "Mozilla/4.0 (compatible; MSIE 7.0; Windows NT 6.1; WOW64; Trident/5.0; SLCC2; .NET CLR 2.0.50727; .NET CLR 3.5.30729; .NET CLR 3.0.30729; Media Center PC 6.0; InfoPath.3; .NET4.0C; .NET4.0E)" 17684
192.168.12.61 - - [17/Feb/2013:07:30:16 +0600] "GET /pause/ajaxPause?pauseConfigId=&admin=0 HTTP/1.1" 200 986 "http://callider/pause/index" "Mozilla/4.0 (compatible; MSIE 7.0; Windows NT 6.1; Trident/5.0; SLCC2; .NET CLR 2.0.50727; .NET CLR 3.5.30729; .NET CLR 3.0.30729; Media Center PC 6.0; InfoPath.3; .NET4.0C; .NET4.0E)" 28174
192.168.12.38 - - [17/Feb/2013:07:30:16 +0600] "GET /pause/ajaxPause?pauseConfigId=&admin=0 HTTP/1.1" 200 1040 "http://callider/pause/index" "Mozilla/4.0 (compatible; MSIE 7.0; Windows NT 6.1; WOW64; Trident/5.0; SLCC2; .NET CLR 2.0.50727; .NET CLR 3.5.30729; .NET CLR 3.0.30729; Media Center PC 6.0; InfoPath.3; .NET4.0C; .NET4.0E)" 17071
192.168.12.77 - - [17/Feb/2013:07:30:16 +0600] "GET /pause/ajaxPause?pauseConfigId=&admin=0 HTTP/1.1" 200 1039 "http://callider/pause/index" "Mozilla/4.0 (compatible; MSIE 7.0; Windows NT 6.1; Trident/5.0; SLCC2; .NET CLR 2.0.50727; .NET CLR 3.5.30729; .NET CLR 3.0.30729; Media Center PC 6.0; Tablet PC 2.0; InfoPath.3; .NET4.0C; .NET4.0E; MS-RTC LM 8)" 15723
192.168.65.56 - - [17/Feb/2013:07:30:16 +0600] "GET /pause/ajaxPause?pauseConfigId=all&admin=1 HTTP/1.1" 200 1046 "http://192.168.65.101/pause/index" "Mozilla/5.0 (Windows NT 5.1; rv:15.0) Gecko/20100101 Firefox/15.0" 30271
192.168.12.60 - - [17/Feb/2013:07:30:17 +0600] "GET /pause/ajaxPause?pauseConfigId=&admin=0 HTTP/1.1" 200 986 "http://callider/pause/index" "Mozilla/4.0 (compatible; MSIE 8.0; Windows NT 6.1; Trident/4.0; InfoPath.3; .NET4.0C; MS-RTC LM 8; .NET4.0E)" 18730
192.168.12.204 - - [17/Feb/2013:07:30:18 +0600] "GET /pause/ajaxPause?pauseConfigId=&admin=0 HTTP/1.1" 200 986 "http://callider/pause/index" "Mozilla/4.0 (compatible; MSIE 7.0; Windows NT 6.1; WOW64; Trident/4.0; SLCC2; .NET CLR 2.0.50727; .NET CLR 3.5.30729; .NET CLR 3.0.30729; Media Center PC 6.0; InfoPath.3; .NET4.0C; .NET4.0E; .NET CLR 1.1.4322)" 26363
192.168.74.78 - - [17/Feb/2013:07:30:19 +0600] "GET /pause/ajaxPause?pauseConfigId=&admin=0 HTTP/1.1" 200 986 "http://callider/pause/index" "Mozilla/4.0 (compatible; MSIE 7.0; Windows NT 6.1; WOW64; Trident/5.0; SLCC2; .NET CLR 2.0.50727; .NET CLR 3.5.30729; .NET CLR 3.0.30729; Media Center PC 6.0; InfoPath.3; .NET4.0C; MS-RTC LM 8; .NET4.0E)" 78346
192.168.12.10 - - [17/Feb/2013:07:30:19 +0600] "GET /tv/useUser HTTP/1.1" 200 432 "http://callider/graph/personal" "Mozilla/4.0 (compatible; MSIE 7.0; Windows NT 6.1; Trident/5.0; SLCC2; .NET CLR 2.0.50727; .NET CLR 3.5.30729; .NET CLR 3.0.30729; Media Center PC 6.0; InfoPath.3; .NET4.0C; .NET4.0E; Tablet PC 2.0; MS-RTC LM 8)" 17103
192.168.12.108 - - [17/Feb/2013:07:30:19 +0600] "GET /tv/useUser HTTP/1.1" 200 432 "http://callider/index.php" "Mozilla/4.0 (compatible; MSIE 7.0; Windows NT 6.2; WOW64; Trident/6.0; .NET4.0E; .NET4.0C; InfoPath.3; .NET CLR 3.5.30729; .NET CLR 2.0.50727; .NET CLR 3.0.30729)" 15844
192.168.12.69 - - [17/Feb/2013:07:30:20 +0600] "GET /pause/ajaxPause?pauseConfigId=&admin=0 HTTP/1.1" 200 986 "http://callider/pause/index" "Mozilla/4.0 (compatible; MSIE 7.0; Windows NT 6.1; Trident/5.0; SLCC2; .NET CLR 2.0.50727; .NET CLR 3.5.30729; .NET CLR 3.0.30729; Media Center PC 6.0; InfoPath.3; .NET4.0C; .NET4.0E; Tablet PC 2.0; AskTbFXTV5/5.14.1.20007)" 18617
192.168.74.91 - - [17/Feb/2013:07:30:20 +0600] "GET /pause/ajaxPause?pauseConfigId=&admin=0 HTTP/1.1" 200 986 "http://callider/pause/index" "Mozilla/4.0 (compatible; MSIE 7.0; Windows NT 6.1; WOW64; Trident/5.0; SLCC2; .NET CLR 2.0.50727; .NET CLR 3.5.30729; .NET CLR 3.0.30729; Media Center PC 6.0; InfoPath.3; .NET4.0C; MS-RTC LM 8; .NET4.0E)" 21124
192.168.74.151 - - [17/Feb/2013:07:30:20 +0600] "GET /pause/ajaxPause?pauseConfigId=&admin=0 HTTP/1.1" 200 987 "http://callider.kontur/pause/index" "Mozilla/5.0 (Windows NT 6.1; WOW64; rv:18.0) Gecko/20100101 Firefox/18.0" 17705
192.168.12.210 - - [17/Feb/2013:07:30:20 +0600] "GET /pause/ajaxPause?pauseConfigId=all&admin=1 HTTP/1.1" 200 1047 "http://callider/pause/index" "Mozilla/4.0 (compatible; MSIE 7.0; Windows NT 6.1; WOW64; Trident/5.0; SLCC2; .NET CLR 2.0.50727; .NET CLR 3.5.30729; .NET CLR 3.0.30729; Media Center PC 6.0; InfoPath.3; .NET4.0C; .NET4.0E)" 18939
192.168.12.61 - - [17/Feb/2013:07:30:21 +0600] "GET /pause/ajaxPause?pauseConfigId=&admin=0 HTTP/1.1" 200 985 "http://callider/pause/index" "Mozilla/4.0 (compatible; MSIE 7.0; Windows NT 6.1; Trident/5.0; SLCC2; .NET CLR 2.0.50727; .NET CLR 3.5.30729; .NET CLR 3.0.30729; Media Center PC 6.0; InfoPath.3; .NET4.0C; .NET4.0E)" 24749
192.168.12.38 - - [17/Feb/2013:07:30:21 +0600] "GET /pause/ajaxPause?pauseConfigId=&admin=0 HTTP/1.1" 200 1040 "http://callider/pause/index" "Mozilla/4.0 (compatible; MSIE 7.0; Windows NT 6.1; WOW64; Trident/5.0; SLCC2; .NET CLR 2.0.50727; .NET CLR 3.5.30729; .NET CLR 3.0.30729; Media Center PC 6.0; InfoPath.3; .NET4.0C; .NET4.0E)" 14838
192.168.12.77 - - [17/Feb/2013:07:30:21 +0600] "GET /pause/ajaxPause?pauseConfigId=&admin=0 HTTP/1.1" 200 1039 "http://callider/pause/index" "Mozilla/4.0 (compatible; MSIE 7.0; Windows NT 6.1; Trident/5.0; SLCC2; .NET CLR 2.0.50727; .NET CLR 3.5.30729; .NET CLR 3.0.30729; Media Center PC 6.0; Tablet PC 2.0; InfoPath.3; .NET4.0C; .NET4.0E; MS-RTC LM 8)" 12272
192.168.65.56 - - [17/Feb/2013:07:30:21 +0600] "GET /pause/ajaxPause?pauseConfigId=all&admin=1 HTTP/1.1" 200 1046 "http://192.168.65.101/pause/index" "Mozilla/5.0 (Windows NT 5.1; rv:15.0) Gecko/20100101 Firefox/15.0" 27493
192.168.12.60 - - [17/Feb/2013:07:30:23 +0600] "GET /pause/ajaxPause?pauseConfigId=&admin=0 HTTP/1.1" 200 986 "http://callider/pause/index" "Mozilla/4.0 (compatible; MSIE 8.0; Windows NT 6.1; Trident/4.0; InfoPath.3; .NET4.0C; MS-RTC LM 8; .NET4.0E)" 20962
192.168.12.204 - - [17/Feb/2013:07:30:23 +0600] "GET /pause/ajaxPause?pauseConfigId=&admin=0 HTTP/1.1" 200 986 "http://callider/pause/index" "Mozilla/4.0 (compatible; MSIE 7.0; Windows NT 6.1; WOW64; Trident/4.0; SLCC2; .NET CLR 2.0.50727; .NET CLR 3.5.30729; .NET CLR 3.0.30729; Media Center PC 6.0; InfoPath.3; .NET4.0C; .NET4.0E; .NET CLR 1.1.4322)" 41656
192.168.74.78 - - [17/Feb/2013:07:30:24 +0600] "GET /pause/ajaxPause?pauseConfigId=&admin=0 HTTP/1.1" 200 986 "http://callider/pause/index" "Mozilla/4.0 (compatible; MSIE 7.0; Windows NT 6.1; WOW64; Trident/5.0; SLCC2; .NET CLR 2.0.50727; .NET CLR 3.5.30729; .NET CLR 3.0.30729; Media Center PC 6.0; InfoPath.3; .NET4.0C; MS-RTC LM 8; .NET4.0E)" 19895
192.168.12.69 - - [17/Feb/2013:07:30:25 +0600] "GET /pause/ajaxPause?pauseConfigId=&admin=0 HTTP/1.1" 200 986 "http://callider/pause/index" "Mozilla/4.0 (compatible; MSIE 7.0; Windows NT 6.1; Trident/5.0; SLCC2; .NET CLR 2.0.50727; .NET CLR 3.5.30729; .NET CLR 3.0.30729; Media Center PC 6.0; InfoPath.3; .NET4.0C; .NET4.0E; Tablet PC 2.0; AskTbFXTV5/5.14.1.20007)" 18400
192.168.74.91 - - [17/Feb/2013:07:30:25 +0600] "GET /pause/ajaxPause?pauseConfigId=&admin=0 HTTP/1.1" 200 986 "http://callider/pause/index" "Mozilla/4.0 (compatible; MSIE 7.0; Windows NT 6.1; WOW64; Trident/5.0; SLCC2; .NET CLR 2.0.50727; .NET CLR 3.5.30729; .NET CLR 3.0.30729; Media Center PC 6.0; InfoPath.3; .NET4.0C; MS-RTC LM 8; .NET4.0E)" 23799
192.168.74.151 - - [17/Feb/2013:07:30:25 +0600] "GET /pause/ajaxPause?pauseConfigId=&admin=0 HTTP/1.1" 200 987 "http://callider.kontur/pause/index" "Mozilla/5.0 (Windows NT 6.1; WOW64; rv:18.0) Gecko/20100101 Firefox/18.0" 17303
192.168.12.210 - - [17/Feb/2013:07:30:25 +0600] "GET /pause/ajaxPause?pauseConfigId=all&admin=1 HTTP/1.1" 200 1047 "http://callider/pause/index" "Mozilla/4.0 (compatible; MSIE 7.0; Windows NT 6.1; WOW64; Trident/5.0; SLCC2; .NET CLR 2.0.50727; .NET CLR 3.5.30729; .NET CLR 3.0.30729; Media Center PC 6.0; InfoPath.3; .NET4.0C; .NET4.0E)" 18349
192.168.12.61 - - [17/Feb/2013:07:30:26 +0600] "GET /pause/ajaxPause?pauseConfigId=&admin=0 HTTP/1.1" 200 985 "http://callider/pause/index" "Mozilla/4.0 (compatible; MSIE 7.0; Windows NT 6.1; Trident/5.0; SLCC2; .NET CLR 2.0.50727; .NET CLR 3.5.30729; .NET CLR 3.0.30729; Media Center PC 6.0; InfoPath.3; .NET4.0C; .NET4.0E)" 19714
192.168.12.38 - - [17/Feb/2013:07:30:26 +0600] "GET /pause/ajaxPause?pauseConfigId=&admin=0 HTTP/1.1" 200 1040 "http://callider/pause/index" "Mozilla/4.0 (compatible; MSIE 7.0; Windows NT 6.1; WOW64; Trident/5.0; SLCC2; .NET CLR 2.0.50727; .NET CLR 3.5.30729; .NET CLR 3.0.30729; Media Center PC 6.0; InfoPath.3; .NET4.0C; .NET4.0E)" 20336
192.168.12.77 - - [17/Feb/2013:07:30:26 +0600] "GET /pause/ajaxPause?pauseConfigId=&admin=0 HTTP/1.1" 200 1039 "http://callider/pause/index" "Mozilla/4.0 (compatible; MSIE 7.0; Windows NT 6.1; Trident/5.0; SLCC2; .NET CLR 2.0.50727; .NET CLR 3.5.30729; .NET CLR 3.0.30729; Media Center PC 6.0; Tablet PC 2.0; InfoPath.3; .NET4.0C; .NET4.0E; MS-RTC LM 8)" 15434
192.168.65.56 - - [17/Feb/2013:07:30:26 +0600] "GET /pause/ajaxPause?pauseConfigId=all&admin=1 HTTP/1.1" 200 1046 "http://192.168.65.101/pause/index" "Mozilla/5.0 (Windows NT 5.1; rv:15.0) Gecko/20100101 Firefox/15.0" 30167
192.168.12.60 - - [17/Feb/2013:07:30:28 +0600] "GET /pause/ajaxPause?pauseConfigId=&admin=0 HTTP/1.1" 200 986 "http://callider/pause/index" "Mozilla/4.0 (compatible; MSIE 8.0; Windows NT 6.1; Trident/4.0; InfoPath.3; .NET4.0C; MS-RTC LM 8; .NET4.0E)" 19820
192.168.12.204 - - [17/Feb/2013:07:30:28 +0600] "GET /pause/ajaxPause?pauseConfigId=&admin=0 HTTP/1.1" 200 986 "http://callider/pause/index" "Mozilla/4.0 (compatible; MSIE 7.0; Windows NT 6.1; WOW64; Trident/4.0; SLCC2; .NET CLR 2.0.50727; .NET CLR 3.5.30729; .NET CLR 3.0.30729; Media Center PC 6.0; InfoPath.3; .NET4.0C; .NET4.0E; .NET CLR 1.1.4322)" 22141
192.168.74.78 - - [17/Feb/2013:07:30:29 +0600] "GET /pause/ajaxPause?pauseConfigId=&admin=0 HTTP/1.1" 200 986 "http://callider/pause/index" "Mozilla/4.0 (compatible; MSIE 7.0; Windows NT 6.1; WOW64; Trident/5.0; SLCC2; .NET CLR 2.0.50727; .NET CLR 3.5.30729; .NET CLR 3.0.30729; Media Center PC 6.0; InfoPath.3; .NET4.0C; MS-RTC LM 8; .NET4.0E)" 20828
192.168.12.69 - - [17/Feb/2013:07:30:30 +0600] "GET /pause/ajaxPause?pauseConfigId=&admin=0 HTTP/1.1" 200 986 "http://callider/pause/index" "Mozilla/4.0 (compatible; MSIE 7.0; Windows NT 6.1; Trident/5.0; SLCC2; .NET CLR 2.0.50727; .NET CLR 3.5.30729; .NET CLR 3.0.30729; Media Center PC 6.0; InfoPath.3; .NET4.0C; .NET4.0E; Tablet PC 2.0; AskTbFXTV5/5.14.1.20007)" 17950
192.168.74.91 - - [17/Feb/2013:07:30:30 +0600] "GET /pause/ajaxPause?pauseConfigId=&admin=0 HTTP/1.1" 200 986 "http://callider/pause/index" "Mozilla/4.0 (compatible; MSIE 7.0; Windows NT 6.1; WOW64; Trident/5.0; SLCC2; .NET CLR 2.0.50727; .NET CLR 3.5.30729; .NET CLR 3.0.30729; Media Center PC 6.0; InfoPath.3; .NET4.0C; MS-RTC LM 8; .NET4.0E)" 21542
192.168.74.151 - - [17/Feb/2013:07:30:30 +0600] "GET /pause/ajaxPause?pauseConfigId=&admin=0 HTTP/1.1" 200 987 "http://callider.kontur/pause/index" "Mozilla/5.0 (Windows NT 6.1; WOW64; rv:18.0) Gecko/20100101 Firefox/18.0" 18148
192.168.12.210 - - [17/Feb/2013:07:30:30 +0600] "GET /pause/ajaxPause?pauseConfigId=all&admin=1 HTTP/1.1" 200 1047 "http://callider/pause/index" "Mozilla/4.0 (compatible; MSIE 7.0; Windows NT 6.1; WOW64; Trident/5.0; SLCC2; .NET CLR 2.0.50727; .NET CLR 3.5.30729; .NET CLR 3.0.30729; Media Center PC 6.0; InfoPath.3; .NET4.0C; .NET4.0E)" 20400
192.168.12.61 - - [17/Feb/2013:07:30:31 +0600] "GET /pause/ajaxPause?pauseConfigId=&admin=0 HTTP/1.1" 200 986 "http://callider/pause/index" "Mozilla/4.0 (compatible; MSIE 7.0; Windows NT 6.1; Trident/5.0; SLCC2; .NET CLR 2.0.50727; .NET CLR 3.5.30729; .NET CLR 3.0.30729; Media Center PC 6.0; InfoPath.3; .NET4.0C; .NET4.0E)" 26205
192.168.12.38 - - [17/Feb/2013:07:30:31 +0600] "GET /pause/ajaxPause?pauseConfigId=&admin=0 HTTP/1.1" 200 1040 "http://callider/pause/index" "Mozilla/4.0 (compatible; MSIE 7.0; Windows NT 6.1; WOW64; Trident/5.0; SLCC2; .NET CLR 2.0.50727; .NET CLR 3.5.30729; .NET CLR 3.0.30729; Media Center PC 6.0; InfoPath.3; .NET4.0C; .NET4.0E)" 16680
192.168.12.77 - - [17/Feb/2013:07:30:31 +0600] "GET /pause/ajaxPause?pauseConfigId=&admin=0 HTTP/1.1" 200 1039 "http://callider/pause/index" "Mozilla/4.0 (compatible; MSIE 7.0; Windows NT 6.1; Trident/5.0; SLCC2; .NET CLR 2.0.50727; .NET CLR 3.5.30729; .NET CLR 3.0.30729; Media Center PC 6.0; Tablet PC 2.0; InfoPath.3; .NET4.0C; .NET4.0E; MS-RTC LM 8)" 15912
192.168.65.56 - - [17/Feb/2013:07:30:31 +0600] "GET /pause/ajaxPause?pauseConfigId=all&admin=1 HTTP/1.1" 200 1046 "http://192.168.65.101/pause/index" "Mozilla/5.0 (Windows NT 5.1; rv:15.0) Gecko/20100101 Firefox/15.0" 28603
192.168.12.60 - - [17/Feb/2013:07:30:33 +0600] "GET /pause/ajaxPause?pauseConfigId=&admin=0 HTTP/1.1" 200 986 "http://callider/pause/index" "Mozilla/4.0 (compatible; MSIE 8.0; Windows NT 6.1; Trident/4.0; InfoPath.3; .NET4.0C; MS-RTC LM 8; .NET4.0E)" 19410
192.168.12.204 - - [17/Feb/2013:07:30:33 +0600] "GET /pause/ajaxPause?pauseConfigId=&admin=0 HTTP/1.1" 200 986 "http://callider/pause/index" "Mozilla/4.0 (compatible; MSIE 7.0; Windows NT 6.1; WOW64; Trident/4.0; SLCC2; .NET CLR 2.0.50727; .NET CLR 3.5.30729; .NET CLR 3.0.30729; Media Center PC 6.0; InfoPath.3; .NET4.0C; .NET4.0E; .NET CLR 1.1.4322)" 19229
192.168.74.78 - - [17/Feb/2013:07:30:34 +0600] "GET /pause/ajaxPause?pauseConfigId=&admin=0 HTTP/1.1" 200 986 "http://callider/pause/index" "Mozilla/4.0 (compatible; MSIE 7.0; Windows NT 6.1; WOW64; Trident/5.0; SLCC2; .NET CLR 2.0.50727; .NET CLR 3.5.30729; .NET CLR 3.0.30729; Media Center PC 6.0; InfoPath.3; .NET4.0C; MS-RTC LM 8; .NET4.0E)" 18828
192.168.12.67 - - [17/Feb/2013:07:30:34 +0600] "GET /tv/useUser HTTP/1.1" 200 432 "http://callider/graph/personal" "Mozilla/4.0 (compatible; MSIE 7.0; Windows NT 6.1; Trident/5.0; SLCC2; .NET CLR 2.0.50727; .NET CLR 3.5.30729; .NET CLR 3.0.30729; Media Center PC 6.0; .NET4.0C; .NET4.0E; InfoPath.3; Tablet PC 2.0; MS-RTC LM 8)" 18309
192.168.12.69 - - [17/Feb/2013:07:30:35 +0600] "GET /pause/ajaxPause?pauseConfigId=&admin=0 HTTP/1.1" 200 986 "http://callider/pause/index" "Mozilla/4.0 (compatible; MSIE 7.0; Windows NT 6.1; Trident/5.0; SLCC2; .NET CLR 2.0.50727; .NET CLR 3.5.30729; .NET CLR 3.0.30729; Media Center PC 6.0; InfoPath.3; .NET4.0C; .NET4.0E; Tablet PC 2.0; AskTbFXTV5/5.14.1.20007)" 19359
192.168.74.91 - - [17/Feb/2013:07:30:35 +0600] "GET /pause/ajaxPause?pauseConfigId=&admin=0 HTTP/1.1" 200 986 "http://callider/pause/index" "Mozilla/4.0 (compatible; MSIE 7.0; Windows NT 6.1; WOW64; Trident/5.0; SLCC2; .NET CLR 2.0.50727; .NET CLR 3.5.30729; .NET CLR 3.0.30729; Media Center PC 6.0; InfoPath.3; .NET4.0C; MS-RTC LM 8; .NET4.0E)" 18980
192.168.74.151 - - [17/Feb/2013:07:30:35 +0600] "GET /pause/ajaxPause?pauseConfigId=&admin=0 HTTP/1.1" 200 987 "http://callider.kontur/pause/index" "Mozilla/5.0 (Windows NT 6.1; WOW64; rv:18.0) Gecko/20100101 Firefox/18.0" 17628
192.168.12.210 - - [17/Feb/2013:07:30:35 +0600] "GET /pause/ajaxPause?pauseConfigId=all&admin=1 HTTP/1.1" 200 1047 "http://callider/pause/index" "Mozilla/4.0 (compatible; MSIE 7.0; Windows NT 6.1; WOW64; Trident/5.0; SLCC2; .NET CLR 2.0.50727; .NET CLR 3.5.30729; .NET CLR 3.0.30729; Media Center PC 6.0; InfoPath.3; .NET4.0C; .NET4.0E)" 19616
192.168.12.61 - - [17/Feb/2013:07:30:36 +0600] "GET /pause/ajaxPause?pauseConfigId=&admin=0 HTTP/1.1" 200 985 "http://callider/pause/index" "Mozilla/4.0 (compatible; MSIE 7.0; Windows NT 6.1; Trident/5.0; SLCC2; .NET CLR 2.0.50727; .NET CLR 3.5.30729; .NET CLR 3.0.30729; Media Center PC 6.0; InfoPath.3; .NET4.0C; .NET4.0E)" 20190
192.168.12.38 - - [17/Feb/2013:07:30:36 +0600] "GET /pause/ajaxPause?pauseConfigId=&admin=0 HTTP/1.1" 200 1040 "http://callider/pause/index" "Mozilla/4.0 (compatible; MSIE 7.0; Windows NT 6.1; WOW64; Trident/5.0; SLCC2; .NET CLR 2.0.50727; .NET CLR 3.5.30729; .NET CLR 3.0.30729; Media Center PC 6.0; InfoPath.3; .NET4.0C; .NET4.0E)" 16218
192.168.12.77 - - [17/Feb/2013:07:30:36 +0600] "GET /pause/ajaxPause?pauseConfigId=&admin=0 HTTP/1.1" 200 1039 "http://callider/pause/index" "Mozilla/4.0 (compatible; MSIE 7.0; Windows NT 6.1; Trident/5.0; SLCC2; .NET CLR 2.0.50727; .NET CLR 3.5.30729; .NET CLR 3.0.30729; Media Center PC 6.0; Tablet PC 2.0; InfoPath.3; .NET4.0C; .NET4.0E; MS-RTC LM 8)" 13935
192.168.65.56 - - [17/Feb/2013:07:30:36 +0600] "GET /pause/ajaxPause?pauseConfigId=all&admin=1 HTTP/1.1" 200 1046 "http://192.168.65.101/pause/index" "Mozilla/5.0 (Windows NT 5.1; rv:15.0) Gecko/20100101 Firefox/15.0" 35488
192.168.74.93 - - [17/Feb/2013:07:30:38 +0600] "GET /tv/useUser HTTP/1.1" 200 432 "http://callider/graph/personal" "Mozilla/4.0 (compatible; MSIE 7.0; Windows NT 6.1; WOW64; Trident/5.0; SLCC2; .NET CLR 2.0.50727; .NET CLR 3.5.30729; .NET CLR 3.0.30729; Media Center PC 6.0; InfoPath.3; .NET4.0C; .NET4.0E)" 14656
192.168.12.60 - - [17/Feb/2013:07:30:38 +0600] "GET /pause/ajaxPause?pauseConfigId=&admin=0 HTTP/1.1" 200 986 "http://callider/pause/index" "Mozilla/4.0 (compatible; MSIE 8.0; Windows NT 6.1; Trident/4.0; InfoPath.3; .NET4.0C; MS-RTC LM 8; .NET4.0E)" 35813
192.168.12.204 - - [17/Feb/2013:07:30:38 +0600] "GET /pause/ajaxPause?pauseConfigId=&admin=0 HTTP/1.1" 200 986 "http://callider/pause/index" "Mozilla/4.0 (compatible; MSIE 7.0; Windows NT 6.1; WOW64; Trident/4.0; SLCC2; .NET CLR 2.0.50727; .NET CLR 3.5.30729; .NET CLR 3.0.30729; Media Center PC 6.0; InfoPath.3; .NET4.0C; .NET4.0E; .NET CLR 1.1.4322)" 19155
192.168.74.78 - - [17/Feb/2013:07:30:39 +0600] "GET /pause/ajaxPause?pauseConfigId=&admin=0 HTTP/1.1" 200 986 "http://callider/pause/index" "Mozilla/4.0 (compatible; MSIE 7.0; Windows NT 6.1; WOW64; Trident/5.0; SLCC2; .NET CLR 2.0.50727; .NET CLR 3.5.30729; .NET CLR 3.0.30729; Media Center PC 6.0; InfoPath.3; .NET4.0C; MS-RTC LM 8; .NET4.0E)" 24206
192.168.12.210 - - [17/Feb/2013:07:30:39 +0600] "GET /tv/useUser HTTP/1.1" 200 431 "http://callider/graph/general" "Mozilla/4.0 (compatible; MSIE 7.0; Windows NT 6.1; WOW64; Trident/5.0; SLCC2; .NET CLR 2.0.50727; .NET CLR 3.5.30729; .NET CLR 3.0.30729; Media Center PC 6.0; InfoPath.3; .NET4.0C; .NET4.0E)" 11234
192.168.12.69 - - [17/Feb/2013:07:30:40 +0600] "GET /pause/ajaxPause?pauseConfigId=&admin=0 HTTP/1.1" 200 986 "http://callider/pause/index" "Mozilla/4.0 (compatible; MSIE 7.0; Windows NT 6.1; Trident/5.0; SLCC2; .NET CLR 2.0.50727; .NET CLR 3.5.30729; .NET CLR 3.0.30729; Media Center PC 6.0; InfoPath.3; .NET4.0C; .NET4.0E; Tablet PC 2.0; AskTbFXTV5/5.14.1.20007)" 19209
192.168.74.91 - - [17/Feb/2013:07:30:40 +0600] "GET /pause/ajaxPause?pauseConfigId=&admin=0 HTTP/1.1" 200 986 "http://callider/pause/index" "Mozilla/4.0 (compatible; MSIE 7.0; Windows NT 6.1; WOW64; Trident/5.0; SLCC2; .NET CLR 2.0.50727; .NET CLR 3.5.30729; .NET CLR 3.0.30729; Media Center PC 6.0; InfoPath.3; .NET4.0C; MS-RTC LM 8; .NET4.0E)" 21880
192.168.74.151 - - [17/Feb/2013:07:30:40 +0600] "GET /pause/ajaxPause?pauseConfigId=&admin=0 HTTP/1.1" 200 987 "http://callider.kontur/pause/index" "Mozilla/5.0 (Windows NT 6.1; WOW64; rv:18.0) Gecko/20100101 Firefox/18.0" 19663
192.168.12.210 - - [17/Feb/2013:07:30:40 +0600] "GET /pause/ajaxPause?pauseConfigId=all&admin=1 HTTP/1.1" 200 1047 "http://callider/pause/index" "Mozilla/4.0 (compatible; MSIE 7.0; Windows NT 6.1; WOW64; Trident/5.0; SLCC2; .NET CLR 2.0.50727; .NET CLR 3.5.30729; .NET CLR 3.0.30729; Media Center PC 6.0; InfoPath.3; .NET4.0C; .NET4.0E)" 18703
192.168.12.9 - - [17/Feb/2013:07:30:40 +0600] "GET /tv/useUser HTTP/1.1" 200 432 "http://callider.kontur/site/index" "Mozilla/5.0 (Windows NT 6.1; WOW64) AppleWebKit/537.17 (KHTML, like Gecko) Chrome/24.0.1312.57 Safari/537.17" 16881
192.168.12.61 - - [17/Feb/2013:07:30:41 +0600] "GET /pause/ajaxPause?pauseConfigId=&admin=0 HTTP/1.1" 200 985 "http://callider/pause/index" "Mozilla/4.0 (compatible; MSIE 7.0; Windows NT 6.1; Trident/5.0; SLCC2; .NET CLR 2.0.50727; .NET CLR 3.5.30729; .NET CLR 3.0.30729; Media Center PC 6.0; InfoPath.3; .NET4.0C; .NET4.0E)" 20437
192.168.12.38 - - [17/Feb/2013:07:30:41 +0600] "GET /pause/ajaxPause?pauseConfigId=&admin=0 HTTP/1.1" 200 1040 "http://callider/pause/index" "Mozilla/4.0 (compatible; MSIE 7.0; Windows NT 6.1; WOW64; Trident/5.0; SLCC2; .NET CLR 2.0.50727; .NET CLR 3.5.30729; .NET CLR 3.0.30729; Media Center PC 6.0; InfoPath.3; .NET4.0C; .NET4.0E)" 15163
192.168.12.77 - - [17/Feb/2013:07:30:41 +0600] "GET /pause/ajaxPause?pauseConfigId=&admin=0 HTTP/1.1" 200 1039 "http://callider/pause/index" "Mozilla/4.0 (compatible; MSIE 7.0; Windows NT 6.1; Trident/5.0; SLCC2; .NET CLR 2.0.50727; .NET CLR 3.5.30729; .NET CLR 3.0.30729; Media Center PC 6.0; Tablet PC 2.0; InfoPath.3; .NET4.0C; .NET4.0E; MS-RTC LM 8)" 12508
192.168.65.56 - - [17/Feb/2013:07:30:41 +0600] "GET /pause/ajaxPause?pauseConfigId=all&admin=1 HTTP/1.1" 200 1046 "http://192.168.65.101/pause/index" "Mozilla/5.0 (Windows NT 5.1; rv:15.0) Gecko/20100101 Firefox/15.0" 46361
192.168.12.60 - - [17/Feb/2013:07:30:43 +0600] "GET /pause/ajaxPause?pauseConfigId=&admin=0 HTTP/1.1" 200 986 "http://callider/pause/index" "Mozilla/4.0 (compatible; MSIE 8.0; Windows NT 6.1; Trident/4.0; InfoPath.3; .NET4.0C; MS-RTC LM 8; .NET4.0E)" 19610
192.168.12.204 - - [17/Feb/2013:07:30:43 +0600] "GET /pause/ajaxPause?pauseConfigId=&admin=0 HTTP/1.1" 200 986 "http://callider/pause/index" "Mozilla/4.0 (compatible; MSIE 7.0; Windows NT 6.1; WOW64; Trident/4.0; SLCC2; .NET CLR 2.0.50727; .NET CLR 3.5.30729; .NET CLR 3.0.30729; Media Center PC 6.0; InfoPath.3; .NET4.0C; .NET4.0E; .NET CLR 1.1.4322)" 23217
192.168.74.78 - - [17/Feb/2013:07:30:44 +0600] "GET /pause/ajaxPause?pauseConfigId=&admin=0 HTTP/1.1" 200 986 "http://callider/pause/index" "Mozilla/4.0 (compatible; MSIE 7.0; Windows NT 6.1; WOW64; Trident/5.0; SLCC2; .NET CLR 2.0.50727; .NET CLR 3.5.30729; .NET CLR 3.0.30729; Media Center PC 6.0; InfoPath.3; .NET4.0C; MS-RTC LM 8; .NET4.0E)" 22534
192.168.12.69 - - [17/Feb/2013:07:30:45 +0600] "GET /pause/ajaxPause?pauseConfigId=&admin=0 HTTP/1.1" 200 986 "http://callider/pause/index" "Mozilla/4.0 (compatible; MSIE 7.0; Windows NT 6.1; Trident/5.0; SLCC2; .NET CLR 2.0.50727; .NET CLR 3.5.30729; .NET CLR 3.0.30729; Media Center PC 6.0; InfoPath.3; .NET4.0C; .NET4.0E; Tablet PC 2.0; AskTbFXTV5/5.14.1.20007)" 17984
192.168.74.91 - - [17/Feb/2013:07:30:45 +0600] "GET /pause/ajaxPause?pauseConfigId=&admin=0 HTTP/1.1" 200 986 "http://callider/pause/index" "Mozilla/4.0 (compatible; MSIE 7.0; Windows NT 6.1; WOW64; Trident/5.0; SLCC2; .NET CLR 2.0.50727; .NET CLR 3.5.30729; .NET CLR 3.0.30729; Media Center PC 6.0; InfoPath.3; .NET4.0C; MS-RTC LM 8; .NET4.0E)" 21759
192.168.74.151 - - [17/Feb/2013:07:30:45 +0600] "GET /pause/ajaxPause?pauseConfigId=&admin=0 HTTP/1.1" 200 987 "http://callider.kontur/pause/index" "Mozilla/5.0 (Windows NT 6.1; WOW64; rv:18.0) Gecko/20100101 Firefox/18.0" 18845
192.168.12.210 - - [17/Feb/2013:07:30:45 +0600] "GET /pause/ajaxPause?pauseConfigId=all&admin=1 HTTP/1.1" 200 1047 "http://callider/pause/index" "Mozilla/4.0 (compatible; MSIE 7.0; Windows NT 6.1; WOW64; Trident/5.0; SLCC2; .NET CLR 2.0.50727; .NET CLR 3.5.30729; .NET CLR 3.0.30729; Media Center PC 6.0; InfoPath.3; .NET4.0C; .NET4.0E)" 18201
192.168.12.61 - - [17/Feb/2013:07:30:46 +0600] "GET /pause/ajaxPause?pauseConfigId=&admin=0 HTTP/1.1" 200 985 "http://callider/pause/index" "Mozilla/4.0 (compatible; MSIE 7.0; Windows NT 6.1; Trident/5.0; SLCC2; .NET CLR 2.0.50727; .NET CLR 3.5.30729; .NET CLR 3.0.30729; Media Center PC 6.0; InfoPath.3; .NET4.0C; .NET4.0E)" 21833
192.168.12.38 - - [17/Feb/2013:07:30:46 +0600] "GET /pause/ajaxPause?pauseConfigId=&admin=0 HTTP/1.1" 200 1040 "http://callider/pause/index" "Mozilla/4.0 (compatible; MSIE 7.0; Windows NT 6.1; WOW64; Trident/5.0; SLCC2; .NET CLR 2.0.50727; .NET CLR 3.5.30729; .NET CLR 3.0.30729; Media Center PC 6.0; InfoPath.3; .NET4.0C; .NET4.0E)" 15904
192.168.12.77 - - [17/Feb/2013:07:30:46 +0600] "GET /pause/ajaxPause?pauseConfigId=&admin=0 HTTP/1.1" 200 1039 "http://callider/pause/index" "Mozilla/4.0 (compatible; MSIE 7.0; Windows NT 6.1; Trident/5.0; SLCC2; .NET CLR 2.0.50727; .NET CLR 3.5.30729; .NET CLR 3.0.30729; Media Center PC 6.0; Tablet PC 2.0; InfoPath.3; .NET4.0C; .NET4.0E; MS-RTC LM 8)" 12838
192.168.65.56 - - [17/Feb/2013:07:30:46 +0600] "GET /pause/ajaxPause?pauseConfigId=all&admin=1 HTTP/1.1" 200 1046 "http://192.168.65.101/pause/index" "Mozilla/5.0 (Windows NT 5.1; rv:15.0) Gecko/20100101 Firefox/15.0" 28676
192.168.12.60 - - [17/Feb/2013:07:30:48 +0600] "GET /pause/ajaxPause?pauseConfigId=&admin=0 HTTP/1.1" 200 986 "http://callider/pause/index" "Mozilla/4.0 (compatible; MSIE 8.0; Windows NT 6.1; Trident/4.0; InfoPath.3; .NET4.0C; MS-RTC LM 8; .NET4.0E)" 21567
192.168.12.204 - - [17/Feb/2013:07:30:48 +0600] "GET /pause/ajaxPause?pauseConfigId=&admin=0 HTTP/1.1" 200 986 "http://callider/pause/index" "Mozilla/4.0 (compatible; MSIE 7.0; Windows NT 6.1; WOW64; Trident/4.0; SLCC2; .NET CLR 2.0.50727; .NET CLR 3.5.30729; .NET CLR 3.0.30729; Media Center PC 6.0; InfoPath.3; .NET4.0C; .NET4.0E; .NET CLR 1.1.4322)" 18812
192.168.12.210 - - [17/Feb/2013:07:30:49 +0600] "GET /tv/useUser HTTP/1.1" 200 431 "http://callider/pause/index" "Mozilla/4.0 (compatible; MSIE 7.0; Windows NT 6.1; WOW64; Trident/5.0; SLCC2; .NET CLR 2.0.50727; .NET CLR 3.5.30729; .NET CLR 3.0.30729; Media Center PC 6.0; InfoPath.3; .NET4.0C; .NET4.0E)" 11390
192.168.74.78 - - [17/Feb/2013:07:30:49 +0600] "GET /pause/ajaxPause?pauseConfigId=&admin=0 HTTP/1.1" 200 986 "http://callider/pause/index" "Mozilla/4.0 (compatible; MSIE 7.0; Windows NT 6.1; WOW64; Trident/5.0; SLCC2; .NET CLR 2.0.50727; .NET CLR 3.5.30729; .NET CLR 3.0.30729; Media Center PC 6.0; InfoPath.3; .NET4.0C; MS-RTC LM 8; .NET4.0E)" 22745
192.168.12.69 - - [17/Feb/2013:07:30:50 +0600] "GET /pause/ajaxPause?pauseConfigId=&admin=0 HTTP/1.1" 200 986 "http://callider/pause/index" "Mozilla/4.0 (compatible; MSIE 7.0; Windows NT 6.1; Trident/5.0; SLCC2; .NET CLR 2.0.50727; .NET CLR 3.5.30729; .NET CLR 3.0.30729; Media Center PC 6.0; InfoPath.3; .NET4.0C; .NET4.0E; Tablet PC 2.0; AskTbFXTV5/5.14.1.20007)" 17658
192.168.74.91 - - [17/Feb/2013:07:30:50 +0600] "GET /pause/ajaxPause?pauseConfigId=&admin=0 HTTP/1.1" 200 986 "http://callider/pause/index" "Mozilla/4.0 (compatible; MSIE 7.0; Windows NT 6.1; WOW64; Trident/5.0; SLCC2; .NET CLR 2.0.50727; .NET CLR 3.5.30729; .NET CLR 3.0.30729; Media Center PC 6.0; InfoPath.3; .NET4.0C; MS-RTC LM 8; .NET4.0E)" 21303
192.168.74.151 - - [17/Feb/2013:07:30:50 +0600] "GET /pause/ajaxPause?pauseConfigId=&admin=0 HTTP/1.1" 200 987 "http://callider.kontur/pause/index" "Mozilla/5.0 (Windows NT 6.1; WOW64; rv:18.0) Gecko/20100101 Firefox/18.0" 29072
192.168.12.210 - - [17/Feb/2013:07:30:50 +0600] "GET /pause/ajaxPause?pauseConfigId=all&admin=1 HTTP/1.1" 200 1047 "http://callider/pause/index" "Mozilla/4.0 (compatible; MSIE 7.0; Windows NT 6.1; WOW64; Trident/5.0; SLCC2; .NET CLR 2.0.50727; .NET CLR 3.5.30729; .NET CLR 3.0.30729; Media Center PC 6.0; InfoPath.3; .NET4.0C; .NET4.0E)" 19411
192.168.12.61 - - [17/Feb/2013:07:30:51 +0600] "GET /pause/ajaxPause?pauseConfigId=&admin=0 HTTP/1.1" 200 985 "http://callider/pause/index" "Mozilla/4.0 (compatible; MSIE 7.0; Windows NT 6.1; Trident/5.0; SLCC2; .NET CLR 2.0.50727; .NET CLR 3.5.30729; .NET CLR 3.0.30729; Media Center PC 6.0; InfoPath.3; .NET4.0C; .NET4.0E)" 19973
192.168.12.38 - - [17/Feb/2013:07:30:51 +0600] "GET /pause/ajaxPause?pauseConfigId=&admin=0 HTTP/1.1" 200 1040 "http://callider/pause/index" "Mozilla/4.0 (compatible; MSIE 7.0; Windows NT 6.1; WOW64; Trident/5.0; SLCC2; .NET CLR 2.0.50727; .NET CLR 3.5.30729; .NET CLR 3.0.30729; Media Center PC 6.0; InfoPath.3; .NET4.0C; .NET4.0E)" 17002
192.168.12.77 - - [17/Feb/2013:07:30:51 +0600] "GET /pause/ajaxPause?pauseConfigId=&admin=0 HTTP/1.1" 200 1039 "http://callider/pause/index" "Mozilla/4.0 (compatible; MSIE 7.0; Windows NT 6.1; Trident/5.0; SLCC2; .NET CLR 2.0.50727; .NET CLR 3.5.30729; .NET CLR 3.0.30729; Media Center PC 6.0; Tablet PC 2.0; InfoPath.3; .NET4.0C; .NET4.0E; MS-RTC LM 8)" 12608
192.168.65.56 - - [17/Feb/2013:07:30:51 +0600] "GET /pause/ajaxPause?pauseConfigId=all&admin=1 HTTP/1.1" 200 1046 "http://192.168.65.101/pause/index" "Mozilla/5.0 (Windows NT 5.1; rv:15.0) Gecko/20100101 Firefox/15.0" 49777
192.168.65.56 - - [17/Feb/2013:07:30:51 +0600] "GET /tv/useUser HTTP/1.1" 200 431 "http://192.168.65.101/pause/index" "Mozilla/5.0 (Windows NT 5.1; rv:15.0) Gecko/20100101 Firefox/15.0" 10425
192.168.65.93 - - [17/Feb/2013:07:30:52 +0600] "GET / HTTP/1.1" 302 530 "-" "System Center 2012 - Operations Manager 7.0.9538.0" 14453
192.168.65.93 - - [17/Feb/2013:07:30:52 +0600] "GET /site/login HTTP/1.1" 200 2771 "-" "System Center 2012 - Operations Manager 7.0.9538.0" 21336
192.168.12.60 - - [17/Feb/2013:07:30:53 +0600] "GET /pause/ajaxPause?pauseConfigId=&admin=0 HTTP/1.1" 200 986 "http://callider/pause/index" "Mozilla/4.0 (compatible; MSIE 8.0; Windows NT 6.1; Trident/4.0; InfoPath.3; .NET4.0C; MS-RTC LM 8; .NET4.0E)" 18366
192.168.12.204 - - [17/Feb/2013:07:30:53 +0600] "GET /pause/ajaxPause?pauseConfigId=&admin=0 HTTP/1.1" 200 986 "http://callider/pause/index" "Mozilla/4.0 (compatible; MSIE 7.0; Windows NT 6.1; WOW64; Trident/4.0; SLCC2; .NET CLR 2.0.50727; .NET CLR 3.5.30729; .NET CLR 3.0.30729; Media Center PC 6.0; InfoPath.3; .NET4.0C; .NET4.0E; .NET CLR 1.1.4322)" 24127
192.168.74.78 - - [17/Feb/2013:07:30:54 +0600] "GET /pause/ajaxPause?pauseConfigId=&admin=0 HTTP/1.1" 200 986 "http://callider/pause/index" "Mozilla/4.0 (compatible; MSIE 7.0; Windows NT 6.1; WOW64; Trident/5.0; SLCC2; .NET CLR 2.0.50727; .NET CLR 3.5.30729; .NET CLR 3.0.30729; Media Center PC 6.0; InfoPath.3; .NET4.0C; MS-RTC LM 8; .NET4.0E)" 25326
192.168.12.69 - - [17/Feb/2013:07:30:55 +0600] "GET /pause/ajaxPause?pauseConfigId=&admin=0 HTTP/1.1" 200 986 "http://callider/pause/index" "Mozilla/4.0 (compatible; MSIE 7.0; Windows NT 6.1; Trident/5.0; SLCC2; .NET CLR 2.0.50727; .NET CLR 3.5.30729; .NET CLR 3.0.30729; Media Center PC 6.0; InfoPath.3; .NET4.0C; .NET4.0E; Tablet PC 2.0; AskTbFXTV5/5.14.1.20007)" 19541
192.168.74.91 - - [17/Feb/2013:07:30:55 +0600] "GET /pause/ajaxPause?pauseConfigId=&admin=0 HTTP/1.1" 200 986 "http://callider/pause/index" "Mozilla/4.0 (compatible; MSIE 7.0; Windows NT 6.1; WOW64; Trident/5.0; SLCC2; .NET CLR 2.0.50727; .NET CLR 3.5.30729; .NET CLR 3.0.30729; Media Center PC 6.0; InfoPath.3; .NET4.0C; MS-RTC LM 8; .NET4.0E)" 17646
192.168.74.151 - - [17/Feb/2013:07:30:55 +0600] "GET /pause/ajaxPause?pauseConfigId=&admin=0 HTTP/1.1" 200 987 "http://callider.kontur/pause/index" "Mozilla/5.0 (Windows NT 6.1; WOW64; rv:18.0) Gecko/20100101 Firefox/18.0" 16934
192.168.12.210 - - [17/Feb/2013:07:30:55 +0600] "GET /pause/ajaxPause?pauseConfigId=all&admin=1 HTTP/1.1" 200 1047 "http://callider/pause/index" "Mozilla/4.0 (compatible; MSIE 7.0; Windows NT 6.1; WOW64; Trident/5.0; SLCC2; .NET CLR 2.0.50727; .NET CLR 3.5.30729; .NET CLR 3.0.30729; Media Center PC 6.0; InfoPath.3; .NET4.0C; .NET4.0E)" 32540
192.168.12.61 - - [17/Feb/2013:07:30:56 +0600] "GET /pause/ajaxPause?pauseConfigId=&admin=0 HTTP/1.1" 200 985 "http://callider/pause/index" "Mozilla/4.0 (compatible; MSIE 7.0; Windows NT 6.1; Trident/5.0; SLCC2; .NET CLR 2.0.50727; .NET CLR 3.5.30729; .NET CLR 3.0.30729; Media Center PC 6.0; InfoPath.3; .NET4.0C; .NET4.0E)" 19998
192.168.12.38 - - [17/Feb/2013:07:30:56 +0600] "GET /pause/ajaxPause?pauseConfigId=&admin=0 HTTP/1.1" 200 1040 "http://callider/pause/index" "Mozilla/4.0 (compatible; MSIE 7.0; Windows NT 6.1; WOW64; Trident/5.0; SLCC2; .NET CLR 2.0.50727; .NET CLR 3.5.30729; .NET CLR 3.0.30729; Media Center PC 6.0; InfoPath.3; .NET4.0C; .NET4.0E)" 15502
192.168.12.77 - - [17/Feb/2013:07:30:56 +0600] "GET /pause/ajaxPause?pauseConfigId=&admin=0 HTTP/1.1" 200 1039 "http://callider/pause/index" "Mozilla/4.0 (compatible; MSIE 7.0; Windows NT 6.1; Trident/5.0; SLCC2; .NET CLR 2.0.50727; .NET CLR 3.5.30729; .NET CLR 3.0.30729; Media Center PC 6.0; Tablet PC 2.0; InfoPath.3; .NET4.0C; .NET4.0E; MS-RTC LM 8)" 17077
192.168.65.56 - - [17/Feb/2013:07:30:56 +0600] "GET /pause/ajaxPause?pauseConfigId=all&admin=1 HTTP/1.1" 200 1046 "http://192.168.65.101/pause/index" "Mozilla/5.0 (Windows NT 5.1; rv:15.0) Gecko/20100101 Firefox/15.0" 26420
192.168.12.60 - - [17/Feb/2013:07:30:58 +0600] "GET /pause/ajaxPause?pauseConfigId=&admin=0 HTTP/1.1" 200 986 "http://callider/pause/index" "Mozilla/4.0 (compatible; MSIE 8.0; Windows NT 6.1; Trident/4.0; InfoPath.3; .NET4.0C; MS-RTC LM 8; .NET4.0E)" 22527
192.168.12.204 - - [17/Feb/2013:07:30:58 +0600] "GET /pause/ajaxPause?pauseConfigId=&admin=0 HTTP/1.1" 200 986 "http://callider/pause/index" "Mozilla/4.0 (compatible; MSIE 7.0; Windows NT 6.1; WOW64; Trident/4.0; SLCC2; .NET CLR 2.0.50727; .NET CLR 3.5.30729; .NET CLR 3.0.30729; Media Center PC 6.0; InfoPath.3; .NET4.0C; .NET4.0E; .NET CLR 1.1.4322)" 20424
192.168.74.78 - - [17/Feb/2013:07:30:59 +0600] "GET /pause/ajaxPause?pauseConfigId=&admin=0 HTTP/1.1" 200 986 "http://callider/pause/index" "Mozilla/4.0 (compatible; MSIE 7.0; Windows NT 6.1; WOW64; Trident/5.0; SLCC2; .NET CLR 2.0.50727; .NET CLR 3.5.30729; .NET CLR 3.0.30729; Media Center PC 6.0; InfoPath.3; .NET4.0C; MS-RTC LM 8; .NET4.0E)" 18468
192.168.12.69 - - [17/Feb/2013:07:31:00 +0600] "GET /pause/ajaxPause?pauseConfigId=&admin=0 HTTP/1.1" 200 986 "http://callider/pause/index" "Mozilla/4.0 (compatible; MSIE 7.0; Windows NT 6.1; Trident/5.0; SLCC2; .NET CLR 2.0.50727; .NET CLR 3.5.30729; .NET CLR 3.0.30729; Media Center PC 6.0; InfoPath.3; .NET4.0C; .NET4.0E; Tablet PC 2.0; AskTbFXTV5/5.14.1.20007)" 20268
192.168.74.91 - - [17/Feb/2013:07:31:00 +0600] "GET /pause/ajaxPause?pauseConfigId=&admin=0 HTTP/1.1" 200 986 "http://callider/pause/index" "Mozilla/4.0 (compatible; MSIE 7.0; Windows NT 6.1; WOW64; Trident/5.0; SLCC2; .NET CLR 2.0.50727; .NET CLR 3.5.30729; .NET CLR 3.0.30729; Media Center PC 6.0; InfoPath.3; .NET4.0C; MS-RTC LM 8; .NET4.0E)" 20473
192.168.74.151 - - [17/Feb/2013:07:31:00 +0600] "GET /pause/ajaxPause?pauseConfigId=&admin=0 HTTP/1.1" 200 987 "http://callider.kontur/pause/index" "Mozilla/5.0 (Windows NT 6.1; WOW64; rv:18.0) Gecko/20100101 Firefox/18.0" 20628
192.168.12.210 - - [17/Feb/2013:07:31:00 +0600] "GET /pause/ajaxPause?pauseConfigId=all&admin=1 HTTP/1.1" 200 1047 "http://callider/pause/index" "Mozilla/4.0 (compatible; MSIE 7.0; Windows NT 6.1; WOW64; Trident/5.0; SLCC2; .NET CLR 2.0.50727; .NET CLR 3.5.30729; .NET CLR 3.0.30729; Media Center PC 6.0; InfoPath.3; .NET4.0C; .NET4.0E)" 16966
192.168.64.119 - - [17/Feb/2013:07:31:00 +0600] "HEAD / HTTP/1.0" 302 435 "-" "WhatsUp/1.0" 13280
192.168.64.119 - - [17/Feb/2013:07:31:00 +0600] "GET / HTTP/1.1" 302 454 "-" "Mozilla/4.0 (compatible; MSIE 8.0; Windows NT 5.2; Trident/4.0)" 13105
192.168.64.119 - - [17/Feb/2013:07:31:01 +0600] "GET /site/login HTTP/1.1" 200 7423 "-" "Mozilla/4.0 (compatible; MSIE 8.0; Windows NT 5.2; Trident/4.0)" 22212
192.168.12.61 - - [17/Feb/2013:07:31:01 +0600] "GET /pause/ajaxPause?pauseConfigId=&admin=0 HTTP/1.1" 200 986 "http://callider/pause/index" "Mozilla/4.0 (compatible; MSIE 7.0; Windows NT 6.1; Trident/5.0; SLCC2; .NET CLR 2.0.50727; .NET CLR 3.5.30729; .NET CLR 3.0.30729; Media Center PC 6.0; InfoPath.3; .NET4.0C; .NET4.0E)" 40421
192.168.12.38 - - [17/Feb/2013:07:31:01 +0600] "GET /pause/ajaxPause?pauseConfigId=&admin=0 HTTP/1.1" 200 1040 "http://callider/pause/index" "Mozilla/4.0 (compatible; MSIE 7.0; Windows NT 6.1; WOW64; Trident/5.0; SLCC2; .NET CLR 2.0.50727; .NET CLR 3.5.30729; .NET CLR 3.0.30729; Media Center PC 6.0; InfoPath.3; .NET4.0C; .NET4.0E)" 16024
192.168.12.77 - - [17/Feb/2013:07:31:01 +0600] "GET /pause/ajaxPause?pauseConfigId=&admin=0 HTTP/1.1" 200 1039 "http://callider/pause/index" "Mozilla/4.0 (compatible; MSIE 7.0; Windows NT 6.1; Trident/5.0; SLCC2; .NET CLR 2.0.50727; .NET CLR 3.5.30729; .NET CLR 3.0.30729; Media Center PC 6.0; Tablet PC 2.0; InfoPath.3; .NET4.0C; .NET4.0E; MS-RTC LM 8)" 13036
192.168.65.56 - - [17/Feb/2013:07:31:01 +0600] "GET /pause/ajaxPause?pauseConfigId=all&admin=1 HTTP/1.1" 200 1046 "http://192.168.65.101/pause/index" "Mozilla/5.0 (Windows NT 5.1; rv:15.0) Gecko/20100101 Firefox/15.0" 28012
192.168.12.60 - - [17/Feb/2013:07:31:03 +0600] "GET /pause/ajaxPause?pauseConfigId=&admin=0 HTTP/1.1" 200 986 "http://callider/pause/index" "Mozilla/4.0 (compatible; MSIE 8.0; Windows NT 6.1; Trident/4.0; InfoPath.3; .NET4.0C; MS-RTC LM 8; .NET4.0E)" 21464
192.168.12.204 - - [17/Feb/2013:07:31:03 +0600] "GET /pause/ajaxPause?pauseConfigId=&admin=0 HTTP/1.1" 200 986 "http://callider/pause/index" "Mozilla/4.0 (compatible; MSIE 7.0; Windows NT 6.1; WOW64; Trident/4.0; SLCC2; .NET CLR 2.0.50727; .NET CLR 3.5.30729; .NET CLR 3.0.30729; Media Center PC 6.0; InfoPath.3; .NET4.0C; .NET4.0E; .NET CLR 1.1.4322)" 19917
192.168.74.78 - - [17/Feb/2013:07:31:04 +0600] "GET /pause/ajaxPause?pauseConfigId=&admin=0 HTTP/1.1" 200 986 "http://callider/pause/index" "Mozilla/4.0 (compatible; MSIE 7.0; Windows NT 6.1; WOW64; Trident/5.0; SLCC2; .NET CLR 2.0.50727; .NET CLR 3.5.30729; .NET CLR 3.0.30729; Media Center PC 6.0; InfoPath.3; .NET4.0C; MS-RTC LM 8; .NET4.0E)" 20589
192.168.12.69 - - [17/Feb/2013:07:31:05 +0600] "GET /pause/ajaxPause?pauseConfigId=&admin=0 HTTP/1.1" 200 986 "http://callider/pause/index" "Mozilla/4.0 (compatible; MSIE 7.0; Windows NT 6.1; Trident/5.0; SLCC2; .NET CLR 2.0.50727; .NET CLR 3.5.30729; .NET CLR 3.0.30729; Media Center PC 6.0; InfoPath.3; .NET4.0C; .NET4.0E; Tablet PC 2.0; AskTbFXTV5/5.14.1.20007)" 38264
192.168.12.61 - - [17/Feb/2013:07:31:05 +0600] "GET /tv/useUser HTTP/1.1" 200 431 "http://callider/pause/index" "Mozilla/4.0 (compatible; MSIE 7.0; Windows NT 6.1; Trident/5.0; SLCC2; .NET CLR 2.0.50727; .NET CLR 3.5.30729; .NET CLR 3.0.30729; Media Center PC 6.0; InfoPath.3; .NET4.0C; .NET4.0E)" 10364
192.168.74.91 - - [17/Feb/2013:07:31:05 +0600] "GET /pause/ajaxPause?pauseConfigId=&admin=0 HTTP/1.1" 200 986 "http://callider/pause/index" "Mozilla/4.0 (compatible; MSIE 7.0; Windows NT 6.1; WOW64; Trident/5.0; SLCC2; .NET CLR 2.0.50727; .NET CLR 3.5.30729; .NET CLR 3.0.30729; Media Center PC 6.0; InfoPath.3; .NET4.0C; MS-RTC LM 8; .NET4.0E)" 19550
192.168.74.151 - - [17/Feb/2013:07:31:05 +0600] "GET /pause/ajaxPause?pauseConfigId=&admin=0 HTTP/1.1" 200 987 "http://callider.kontur/pause/index" "Mozilla/5.0 (Windows NT 6.1; WOW64; rv:18.0) Gecko/20100101 Firefox/18.0" 21509
192.168.12.210 - - [17/Feb/2013:07:31:05 +0600] "GET /pause/ajaxPause?pauseConfigId=all&admin=1 HTTP/1.1" 200 1047 "http://callider/pause/index" "Mozilla/4.0 (compatible; MSIE 7.0; Windows NT 6.1; WOW64; Trident/5.0; SLCC2; .NET CLR 2.0.50727; .NET CLR 3.5.30729; .NET CLR 3.0.30729; Media Center PC 6.0; InfoPath.3; .NET4.0C; .NET4.0E)" 22485
192.168.12.61 - - [17/Feb/2013:07:31:06 +0600] "GET /pause/ajaxPause?pauseConfigId=&admin=0 HTTP/1.1" 200 985 "http://callider/pause/index" "Mozilla/4.0 (compatible; MSIE 7.0; Windows NT 6.1; Trident/5.0; SLCC2; .NET CLR 2.0.50727; .NET CLR 3.5.30729; .NET CLR 3.0.30729; Media Center PC 6.0; InfoPath.3; .NET4.0C; .NET4.0E)" 18223
192.168.12.38 - - [17/Feb/2013:07:31:06 +0600] "GET /pause/ajaxPause?pauseConfigId=&admin=0 HTTP/1.1" 200 1040 "http://callider/pause/index" "Mozilla/4.0 (compatible; MSIE 7.0; Windows NT 6.1; WOW64; Trident/5.0; SLCC2; .NET CLR 2.0.50727; .NET CLR 3.5.30729; .NET CLR 3.0.30729; Media Center PC 6.0; InfoPath.3; .NET4.0C; .NET4.0E)" 19661
192.168.12.77 - - [17/Feb/2013:07:31:06 +0600] "GET /pause/ajaxPause?pauseConfigId=&admin=0 HTTP/1.1" 200 1039 "http://callider/pause/index" "Mozilla/4.0 (compatible; MSIE 7.0; Windows NT 6.1; Trident/5.0; SLCC2; .NET CLR 2.0.50727; .NET CLR 3.5.30729; .NET CLR 3.0.30729; Media Center PC 6.0; Tablet PC 2.0; InfoPath.3; .NET4.0C; .NET4.0E; MS-RTC LM 8)" 12296
192.168.65.56 - - [17/Feb/2013:07:31:06 +0600] "GET /pause/ajaxPause?pauseConfigId=all&admin=1 HTTP/1.1" 200 1046 "http://192.168.65.101/pause/index" "Mozilla/5.0 (Windows NT 5.1; rv:15.0) Gecko/20100101 Firefox/15.0" 29339
192.168.12.60 - - [17/Feb/2013:07:31:08 +0600] "GET /pause/ajaxPause?pauseConfigId=&admin=0 HTTP/1.1" 200 986 "http://callider/pause/index" "Mozilla/4.0 (compatible; MSIE 8.0; Windows NT 6.1; Trident/4.0; InfoPath.3; .NET4.0C; MS-RTC LM 8; .NET4.0E)" 25855
192.168.12.204 - - [17/Feb/2013:07:31:08 +0600] "GET /pause/ajaxPause?pauseConfigId=&admin=0 HTTP/1.1" 200 986 "http://callider/pause/index" "Mozilla/4.0 (compatible; MSIE 7.0; Windows NT 6.1; WOW64; Trident/4.0; SLCC2; .NET CLR 2.0.50727; .NET CLR 3.5.30729; .NET CLR 3.0.30729; Media Center PC 6.0; InfoPath.3; .NET4.0C; .NET4.0E; .NET CLR 1.1.4322)" 21102
192.168.74.78 - - [17/Feb/2013:07:31:09 +0600] "GET /pause/ajaxPause?pauseConfigId=&admin=0 HTTP/1.1" 200 986 "http://callider/pause/index" "Mozilla/4.0 (compatible; MSIE 7.0; Windows NT 6.1; WOW64; Trident/5.0; SLCC2; .NET CLR 2.0.50727; .NET CLR 3.5.30729; .NET CLR 3.0.30729; Media Center PC 6.0; InfoPath.3; .NET4.0C; MS-RTC LM 8; .NET4.0E)" 19000
192.168.12.69 - - [17/Feb/2013:07:31:10 +0600] "GET /pause/ajaxPause?pauseConfigId=&admin=0 HTTP/1.1" 200 986 "http://callider/pause/index" "Mozilla/4.0 (compatible; MSIE 7.0; Windows NT 6.1; Trident/5.0; SLCC2; .NET CLR 2.0.50727; .NET CLR 3.5.30729; .NET CLR 3.0.30729; Media Center PC 6.0; InfoPath.3; .NET4.0C; .NET4.0E; Tablet PC 2.0; AskTbFXTV5/5.14.1.20007)" 28550
192.168.12.210 - - [17/Feb/2013:07:31:10 +0600] "GET /pause/ajaxPause?pauseConfigId=all&admin=1 HTTP/1.1" 200 1047 "http://callider/pause/index" "Mozilla/4.0 (compatible; MSIE 7.0; Windows NT 6.1; WOW64; Trident/5.0; SLCC2; .NET CLR 2.0.50727; .NET CLR 3.5.30729; .NET CLR 3.0.30729; Media Center PC 6.0; InfoPath.3; .NET4.0C; .NET4.0E)" 480347
192.168.74.91 - - [17/Feb/2013:07:31:10 +0600] "GET /pause/ajaxPause?pauseConfigId=&admin=0 HTTP/1.1" 200 986 "http://callider/pause/index" "Mozilla/4.0 (compatible; MSIE 7.0; Windows NT 6.1; WOW64; Trident/5.0; SLCC2; .NET CLR 2.0.50727; .NET CLR 3.5.30729; .NET CLR 3.0.30729; Media Center PC 6.0; InfoPath.3; .NET4.0C; MS-RTC LM 8; .NET4.0E)" 626190
192.168.74.151 - - [17/Feb/2013:07:31:10 +0600] "GET /pause/ajaxPause?pauseConfigId=&admin=0 HTTP/1.1" 200 987 "http://callider.kontur/pause/index" "Mozilla/5.0 (Windows NT 6.1; WOW64; rv:18.0) Gecko/20100101 Firefox/18.0" 568822
192.168.12.42 - - [17/Feb/2013:07:31:11 +0600] "GET /tv/useUser HTTP/1.1" 200 432 "http://callider/graph/personal" "Mozilla/4.0 (compatible; MSIE 7.0; Windows NT 6.1; WOW64; Trident/5.0; SLCC2; .NET CLR 2.0.50727; .NET CLR 3.5.30729; .NET CLR 3.0.30729; Media Center PC 6.0; InfoPath.3; .NET4.0C; .NET4.0E)" 16400
192.168.12.61 - - [17/Feb/2013:07:31:11 +0600] "GET /pause/ajaxPause?pauseConfigId=&admin=0 HTTP/1.1" 200 985 "http://callider/pause/index" "Mozilla/4.0 (compatible; MSIE 7.0; Windows NT 6.1; Trident/5.0; SLCC2; .NET CLR 2.0.50727; .NET CLR 3.5.30729; .NET CLR 3.0.30729; Media Center PC 6.0; InfoPath.3; .NET4.0C; .NET4.0E)" 22643
192.168.12.38 - - [17/Feb/2013:07:31:11 +0600] "GET /pause/ajaxPause?pauseConfigId=&admin=0 HTTP/1.1" 200 1040 "http://callider/pause/index" "Mozilla/4.0 (compatible; MSIE 7.0; Windows NT 6.1; WOW64; Trident/5.0; SLCC2; .NET CLR 2.0.50727; .NET CLR 3.5.30729; .NET CLR 3.0.30729; Media Center PC 6.0; InfoPath.3; .NET4.0C; .NET4.0E)" 19669
192.168.12.77 - - [17/Feb/2013:07:31:11 +0600] "GET /pause/ajaxPause?pauseConfigId=&admin=0 HTTP/1.1" 200 1039 "http://callider/pause/index" "Mozilla/4.0 (compatible; MSIE 7.0; Windows NT 6.1; Trident/5.0; SLCC2; .NET CLR 2.0.50727; .NET CLR 3.5.30729; .NET CLR 3.0.30729; Media Center PC 6.0; Tablet PC 2.0; InfoPath.3; .NET4.0C; .NET4.0E; MS-RTC LM 8)" 15791
192.168.65.56 - - [17/Feb/2013:07:31:11 +0600] "GET /pause/ajaxPause?pauseConfigId=all&admin=1 HTTP/1.1" 200 1046 "http://192.168.65.101/pause/index" "Mozilla/5.0 (Windows NT 5.1; rv:15.0) Gecko/20100101 Firefox/15.0" 27687
192.168.12.60 - - [17/Feb/2013:07:31:13 +0600] "GET /pause/ajaxPause?pauseConfigId=&admin=0 HTTP/1.1" 200 986 "http://callider/pause/index" "Mozilla/4.0 (compatible; MSIE 8.0; Windows NT 6.1; Trident/4.0; InfoPath.3; .NET4.0C; MS-RTC LM 8; .NET4.0E)" 25645
192.168.74.151 - - [17/Feb/2013:07:31:13 +0600] "GET /tv/useUser HTTP/1.1" 200 431 "http://callider.kontur/graph/general" "Mozilla/5.0 (Windows NT 6.1; WOW64; rv:18.0) Gecko/20100101 Firefox/18.0" 9892
192.168.12.204 - - [17/Feb/2013:07:31:13 +0600] "GET /pause/ajaxPause?pauseConfigId=&admin=0 HTTP/1.1" 200 986 "http://callider/pause/index" "Mozilla/4.0 (compatible; MSIE 7.0; Windows NT 6.1; WOW64; Trident/4.0; SLCC2; .NET CLR 2.0.50727; .NET CLR 3.5.30729; .NET CLR 3.0.30729; Media Center PC 6.0; InfoPath.3; .NET4.0C; .NET4.0E; .NET CLR 1.1.4322)" 20473
192.168.74.78 - - [17/Feb/2013:07:31:14 +0600] "GET /pause/ajaxPause?pauseConfigId=&admin=0 HTTP/1.1" 200 986 "http://callider/pause/index" "Mozilla/4.0 (compatible; MSIE 7.0; Windows NT 6.1; WOW64; Trident/5.0; SLCC2; .NET CLR 2.0.50727; .NET CLR 3.5.30729; .NET CLR 3.0.30729; Media Center PC 6.0; InfoPath.3; .NET4.0C; MS-RTC LM 8; .NET4.0E)" 18808
192.168.12.69 - - [17/Feb/2013:07:31:15 +0600] "GET /pause/ajaxPause?pauseConfigId=&admin=0 HTTP/1.1" 200 986 "http://callider/pause/index" "Mozilla/4.0 (compatible; MSIE 7.0; Windows NT 6.1; Trident/5.0; SLCC2; .NET CLR 2.0.50727; .NET CLR 3.5.30729; .NET CLR 3.0.30729; Media Center PC 6.0; InfoPath.3; .NET4.0C; .NET4.0E; Tablet PC 2.0; AskTbFXTV5/5.14.1.20007)" 18716
192.168.74.91 - - [17/Feb/2013:07:31:15 +0600] "GET /pause/ajaxPause?pauseConfigId=&admin=0 HTTP/1.1" 200 986 "http://callider/pause/index" "Mozilla/4.0 (compatible; MSIE 7.0; Windows NT 6.1; WOW64; Trident/5.0; SLCC2; .NET CLR 2.0.50727; .NET CLR 3.5.30729; .NET CLR 3.0.30729; Media Center PC 6.0; InfoPath.3; .NET4.0C; MS-RTC LM 8; .NET4.0E)" 18650
192.168.74.151 - - [17/Feb/2013:07:31:15 +0600] "GET /pause/ajaxPause?pauseConfigId=&admin=0 HTTP/1.1" 200 987 "http://callider.kontur/pause/index" "Mozilla/5.0 (Windows NT 6.1; WOW64; rv:18.0) Gecko/20100101 Firefox/18.0" 21990
192.168.74.151 - - [17/Feb/2013:07:31:15 +0600] "GET /tv/useUser HTTP/1.1" 200 432 "http://callider.kontur/pause/index" "Mozilla/5.0 (Windows NT 6.1; WOW64; rv:18.0) Gecko/20100101 Firefox/18.0" 14708
192.168.12.210 - - [17/Feb/2013:07:31:15 +0600] "GET /pause/ajaxPause?pauseConfigId=all&admin=1 HTTP/1.1" 200 1047 "http://callider/pause/index" "Mozilla/4.0 (compatible; MSIE 7.0; Windows NT 6.1; WOW64; Trident/5.0; SLCC2; .NET CLR 2.0.50727; .NET CLR 3.5.30729; .NET CLR 3.0.30729; Media Center PC 6.0; InfoPath.3; .NET4.0C; .NET4.0E)" 21680
192.168.12.61 - - [17/Feb/2013:07:31:16 +0600] "GET /pause/ajaxPause?pauseConfigId=&admin=0 HTTP/1.1" 200 985 "http://callider/pause/index" "Mozilla/4.0 (compatible; MSIE 7.0; Windows NT 6.1; Trident/5.0; SLCC2; .NET CLR 2.0.50727; .NET CLR 3.5.30729; .NET CLR 3.0.30729; Media Center PC 6.0; InfoPath.3; .NET4.0C; .NET4.0E)" 21280
192.168.12.38 - - [17/Feb/2013:07:31:16 +0600] "GET /pause/ajaxPause?pauseConfigId=&admin=0 HTTP/1.1" 200 1040 "http://callider/pause/index" "Mozilla/4.0 (compatible; MSIE 7.0; Windows NT 6.1; WOW64; Trident/5.0; SLCC2; .NET CLR 2.0.50727; .NET CLR 3.5.30729; .NET CLR 3.0.30729; Media Center PC 6.0; InfoPath.3; .NET4.0C; .NET4.0E)" 15583
192.168.12.77 - - [17/Feb/2013:07:31:16 +0600] "GET /pause/ajaxPause?pauseConfigId=&admin=0 HTTP/1.1" 200 1039 "http://callider/pause/index" "Mozilla/4.0 (compatible; MSIE 7.0; Windows NT 6.1; Trident/5.0; SLCC2; .NET CLR 2.0.50727; .NET CLR 3.5.30729; .NET CLR 3.0.30729; Media Center PC 6.0; Tablet PC 2.0; InfoPath.3; .NET4.0C; .NET4.0E; MS-RTC LM 8)" 19261
192.168.65.56 - - [17/Feb/2013:07:31:16 +0600] "GET /pause/ajaxPause?pauseConfigId=all&admin=1 HTTP/1.1" 200 1046 "http://192.168.65.101/pause/index" "Mozilla/5.0 (Windows NT 5.1; rv:15.0) Gecko/20100101 Firefox/15.0" 27657
192.168.12.60 - - [17/Feb/2013:07:31:18 +0600] "GET /pause/ajaxPause?pauseConfigId=&admin=0 HTTP/1.1" 200 986 "http://callider/pause/index" "Mozilla/4.0 (compatible; MSIE 8.0; Windows NT 6.1; Trident/4.0; InfoPath.3; .NET4.0C; MS-RTC LM 8; .NET4.0E)" 19667
192.168.12.204 - - [17/Feb/2013:07:31:18 +0600] "GET /pause/ajaxPause?pauseConfigId=&admin=0 HTTP/1.1" 200 987 "http://callider/pause/index" "Mozilla/4.0 (compatible; MSIE 7.0; Windows NT 6.1; WOW64; Trident/4.0; SLCC2; .NET CLR 2.0.50727; .NET CLR 3.5.30729; .NET CLR 3.0.30729; Media Center PC 6.0; InfoPath.3; .NET4.0C; .NET4.0E; .NET CLR 1.1.4322)" 27629
192.168.74.78 - - [17/Feb/2013:07:31:19 +0600] "GET /pause/ajaxPause?pauseConfigId=&admin=0 HTTP/1.1" 200 986 "http://callider/pause/index" "Mozilla/4.0 (compatible; MSIE 7.0; Windows NT 6.1; WOW64; Trident/5.0; SLCC2; .NET CLR 2.0.50727; .NET CLR 3.5.30729; .NET CLR 3.0.30729; Media Center PC 6.0; InfoPath.3; .NET4.0C; MS-RTC LM 8; .NET4.0E)" 23887
192.168.12.10 - - [17/Feb/2013:07:31:19 +0600] "GET /tv/useUser HTTP/1.1" 200 432 "http://callider/graph/personal" "Mozilla/4.0 (compatible; MSIE 7.0; Windows NT 6.1; Trident/5.0; SLCC2; .NET CLR 2.0.50727; .NET CLR 3.5.30729; .NET CLR 3.0.30729; Media Center PC 6.0; InfoPath.3; .NET4.0C; .NET4.0E; Tablet PC 2.0; MS-RTC LM 8)" 17817
192.168.12.108 - - [17/Feb/2013:07:31:19 +0600] "GET /tv/useUser HTTP/1.1" 200 432 "http://callider/index.php" "Mozilla/4.0 (compatible; MSIE 7.0; Windows NT 6.2; WOW64; Trident/6.0; .NET4.0E; .NET4.0C; InfoPath.3; .NET CLR 3.5.30729; .NET CLR 2.0.50727; .NET CLR 3.0.30729)" 15962
192.168.12.69 - - [17/Feb/2013:07:31:20 +0600] "GET /pause/ajaxPause?pauseConfigId=&admin=0 HTTP/1.1" 200 986 "http://callider/pause/index" "Mozilla/4.0 (compatible; MSIE 7.0; Windows NT 6.1; Trident/5.0; SLCC2; .NET CLR 2.0.50727; .NET CLR 3.5.30729; .NET CLR 3.0.30729; Media Center PC 6.0; InfoPath.3; .NET4.0C; .NET4.0E; Tablet PC 2.0; AskTbFXTV5/5.14.1.20007)" 18541
192.168.74.91 - - [17/Feb/2013:07:31:20 +0600] "GET /pause/ajaxPause?pauseConfigId=&admin=0 HTTP/1.1" 200 986 "http://callider/pause/index" "Mozilla/4.0 (compatible; MSIE 7.0; Windows NT 6.1; WOW64; Trident/5.0; SLCC2; .NET CLR 2.0.50727; .NET CLR 3.5.30729; .NET CLR 3.0.30729; Media Center PC 6.0; InfoPath.3; .NET4.0C; MS-RTC LM 8; .NET4.0E)" 19187
192.168.74.151 - - [17/Feb/2013:07:31:20 +0600] "GET /pause/ajaxPause?pauseConfigId=&admin=0 HTTP/1.1" 200 987 "http://callider.kontur/pause/index" "Mozilla/5.0 (Windows NT 6.1; WOW64; rv:18.0) Gecko/20100101 Firefox/18.0" 20386
192.168.12.210 - - [17/Feb/2013:07:31:20 +0600] "GET /pause/ajaxPause?pauseConfigId=all&admin=1 HTTP/1.1" 200 1047 "http://callider/pause/index" "Mozilla/4.0 (compatible; MSIE 7.0; Windows NT 6.1; WOW64; Trident/5.0; SLCC2; .NET CLR 2.0.50727; .NET CLR 3.5.30729; .NET CLR 3.0.30729; Media Center PC 6.0; InfoPath.3; .NET4.0C; .NET4.0E)" 19140
192.168.12.61 - - [17/Feb/2013:07:31:21 +0600] "GET /pause/ajaxPause?pauseConfigId=&admin=0 HTTP/1.1" 200 986 "http://callider/pause/index" "Mozilla/4.0 (compatible; MSIE 7.0; Windows NT 6.1; Trident/5.0; SLCC2; .NET CLR 2.0.50727; .NET CLR 3.5.30729; .NET CLR 3.0.30729; Media Center PC 6.0; InfoPath.3; .NET4.0C; .NET4.0E)" 28625
192.168.12.38 - - [17/Feb/2013:07:31:21 +0600] "GET /pause/ajaxPause?pauseConfigId=&admin=0 HTTP/1.1" 200 1040 "http://callider/pause/index" "Mozilla/4.0 (compatible; MSIE 7.0; Windows NT 6.1; WOW64; Trident/5.0; SLCC2; .NET CLR 2.0.50727; .NET CLR 3.5.30729; .NET CLR 3.0.30729; Media Center PC 6.0; InfoPath.3; .NET4.0C; .NET4.0E)" 15559
192.168.12.77 - - [17/Feb/2013:07:31:21 +0600] "GET /pause/ajaxPause?pauseConfigId=&admin=0 HTTP/1.1" 200 1039 "http://callider/pause/index" "Mozilla/4.0 (compatible; MSIE 7.0; Windows NT 6.1; Trident/5.0; SLCC2; .NET CLR 2.0.50727; .NET CLR 3.5.30729; .NET CLR 3.0.30729; Media Center PC 6.0; Tablet PC 2.0; InfoPath.3; .NET4.0C; .NET4.0E; MS-RTC LM 8)" 12968
192.168.65.56 - - [17/Feb/2013:07:31:21 +0600] "GET /pause/ajaxPause?pauseConfigId=all&admin=1 HTTP/1.1" 200 1046 "http://192.168.65.101/pause/index" "Mozilla/5.0 (Windows NT 5.1; rv:15.0) Gecko/20100101 Firefox/15.0" 34243
192.168.12.60 - - [17/Feb/2013:07:31:23 +0600] "GET /pause/ajaxPause?pauseConfigId=&admin=0 HTTP/1.1" 200 986 "http://callider/pause/index" "Mozilla/4.0 (compatible; MSIE 8.0; Windows NT 6.1; Trident/4.0; InfoPath.3; .NET4.0C; MS-RTC LM 8; .NET4.0E)" 30105
192.168.12.204 - - [17/Feb/2013:07:31:23 +0600] "GET /pause/ajaxPause?pauseConfigId=&admin=0 HTTP/1.1" 200 987 "http://callider/pause/index" "Mozilla/4.0 (compatible; MSIE 7.0; Windows NT 6.1; WOW64; Trident/4.0; SLCC2; .NET CLR 2.0.50727; .NET CLR 3.5.30729; .NET CLR 3.0.30729; Media Center PC 6.0; InfoPath.3; .NET4.0C; .NET4.0E; .NET CLR 1.1.4322)" 38213
192.168.74.78 - - [17/Feb/2013:07:31:24 +0600] "GET /pause/ajaxPause?pauseConfigId=&admin=0 HTTP/1.1" 200 986 "http://callider/pause/index" "Mozilla/4.0 (compatible; MSIE 7.0; Windows NT 6.1; WOW64; Trident/5.0; SLCC2; .NET CLR 2.0.50727; .NET CLR 3.5.30729; .NET CLR 3.0.30729; Media Center PC 6.0; InfoPath.3; .NET4.0C; MS-RTC LM 8; .NET4.0E)" 19757
192.168.12.69 - - [17/Feb/2013:07:31:25 +0600] "GET /pause/ajaxPause?pauseConfigId=&admin=0 HTTP/1.1" 200 986 "http://callider/pause/index" "Mozilla/4.0 (compatible; MSIE 7.0; Windows NT 6.1; Trident/5.0; SLCC2; .NET CLR 2.0.50727; .NET CLR 3.5.30729; .NET CLR 3.0.30729; Media Center PC 6.0; InfoPath.3; .NET4.0C; .NET4.0E; Tablet PC 2.0; AskTbFXTV5/5.14.1.20007)" 19436
192.168.74.91 - - [17/Feb/2013:07:31:25 +0600] "GET /pause/ajaxPause?pauseConfigId=&admin=0 HTTP/1.1" 200 986 "http://callider/pause/index" "Mozilla/4.0 (compatible; MSIE 7.0; Windows NT 6.1; WOW64; Trident/5.0; SLCC2; .NET CLR 2.0.50727; .NET CLR 3.5.30729; .NET CLR 3.0.30729; Media Center PC 6.0; InfoPath.3; .NET4.0C; MS-RTC LM 8; .NET4.0E)" 23798
192.168.74.151 - - [17/Feb/2013:07:31:25 +0600] "GET /pause/ajaxPause?pauseConfigId=&admin=0 HTTP/1.1" 200 987 "http://callider.kontur/pause/index" "Mozilla/5.0 (Windows NT 6.1; WOW64; rv:18.0) Gecko/20100101 Firefox/18.0" 19413
192.168.12.210 - - [17/Feb/2013:07:31:25 +0600] "GET /pause/ajaxPause?pauseConfigId=all&admin=1 HTTP/1.1" 200 1047 "http://callider/pause/index" "Mozilla/4.0 (compatible; MSIE 7.0; Windows NT 6.1; WOW64; Trident/5.0; SLCC2; .NET CLR 2.0.50727; .NET CLR 3.5.30729; .NET CLR 3.0.30729; Media Center PC 6.0; InfoPath.3; .NET4.0C; .NET4.0E)" 21223
192.168.12.61 - - [17/Feb/2013:07:31:26 +0600] "GET /pause/ajaxPause?pauseConfigId=&admin=0 HTTP/1.1" 200 986 "http://callider/pause/index" "Mozilla/4.0 (compatible; MSIE 7.0; Windows NT 6.1; Trident/5.0; SLCC2; .NET CLR 2.0.50727; .NET CLR 3.5.30729; .NET CLR 3.0.30729; Media Center PC 6.0; InfoPath.3; .NET4.0C; .NET4.0E)" 32994
192.168.12.38 - - [17/Feb/2013:07:31:26 +0600] "GET /pause/ajaxPause?pauseConfigId=&admin=0 HTTP/1.1" 200 1040 "http://callider/pause/index" "Mozilla/4.0 (compatible; MSIE 7.0; Windows NT 6.1; WOW64; Trident/5.0; SLCC2; .NET CLR 2.0.50727; .NET CLR 3.5.30729; .NET CLR 3.0.30729; Media Center PC 6.0; InfoPath.3; .NET4.0C; .NET4.0E)" 15711
192.168.12.77 - - [17/Feb/2013:07:31:26 +0600] "GET /pause/ajaxPause?pauseConfigId=&admin=0 HTTP/1.1" 200 1039 "http://callider/pause/index" "Mozilla/4.0 (compatible; MSIE 7.0; Windows NT 6.1; Trident/5.0; SLCC2; .NET CLR 2.0.50727; .NET CLR 3.5.30729; .NET CLR 3.0.30729; Media Center PC 6.0; Tablet PC 2.0; InfoPath.3; .NET4.0C; .NET4.0E; MS-RTC LM 8)" 13601
192.168.65.56 - - [17/Feb/2013:07:31:26 +0600] "GET /pause/ajaxPause?pauseConfigId=all&admin=1 HTTP/1.1" 200 1046 "http://192.168.65.101/pause/index" "Mozilla/5.0 (Windows NT 5.1; rv:15.0) Gecko/20100101 Firefox/15.0" 36198
192.168.12.60 - - [17/Feb/2013:07:31:28 +0600] "GET /pause/ajaxPause?pauseConfigId=&admin=0 HTTP/1.1" 200 986 "http://callider/pause/index" "Mozilla/4.0 (compatible; MSIE 8.0; Windows NT 6.1; Trident/4.0; InfoPath.3; .NET4.0C; MS-RTC LM 8; .NET4.0E)" 20275
192.168.12.204 - - [17/Feb/2013:07:31:28 +0600] "GET /pause/ajaxPause?pauseConfigId=&admin=0 HTTP/1.1" 200 986 "http://callider/pause/index" "Mozilla/4.0 (compatible; MSIE 7.0; Windows NT 6.1; WOW64; Trident/4.0; SLCC2; .NET CLR 2.0.50727; .NET CLR 3.5.30729; .NET CLR 3.0.30729; Media Center PC 6.0; InfoPath.3; .NET4.0C; .NET4.0E; .NET CLR 1.1.4322)" 19121
192.168.74.78 - - [17/Feb/2013:07:31:29 +0600] "GET /pause/ajaxPause?pauseConfigId=&admin=0 HTTP/1.1" 200 986 "http://callider/pause/index" "Mozilla/4.0 (compatible; MSIE 7.0; Windows NT 6.1; WOW64; Trident/5.0; SLCC2; .NET CLR 2.0.50727; .NET CLR 3.5.30729; .NET CLR 3.0.30729; Media Center PC 6.0; InfoPath.3; .NET4.0C; MS-RTC LM 8; .NET4.0E)" 19270
192.168.12.69 - - [17/Feb/2013:07:31:30 +0600] "GET /pause/ajaxPause?pauseConfigId=&admin=0 HTTP/1.1" 200 986 "http://callider/pause/index" "Mozilla/4.0 (compatible; MSIE 7.0; Windows NT 6.1; Trident/5.0; SLCC2; .NET CLR 2.0.50727; .NET CLR 3.5.30729; .NET CLR 3.0.30729; Media Center PC 6.0; InfoPath.3; .NET4.0C; .NET4.0E; Tablet PC 2.0; AskTbFXTV5/5.14.1.20007)" 17879
192.168.74.91 - - [17/Feb/2013:07:31:30 +0600] "GET /pause/ajaxPause?pauseConfigId=&admin=0 HTTP/1.1" 200 986 "http://callider/pause/index" "Mozilla/4.0 (compatible; MSIE 7.0; Windows NT 6.1; WOW64; Trident/5.0; SLCC2; .NET CLR 2.0.50727; .NET CLR 3.5.30729; .NET CLR 3.0.30729; Media Center PC 6.0; InfoPath.3; .NET4.0C; MS-RTC LM 8; .NET4.0E)" 18890
192.168.74.151 - - [17/Feb/2013:07:31:30 +0600] "GET /pause/ajaxPause?pauseConfigId=&admin=0 HTTP/1.1" 200 987 "http://callider.kontur/pause/index" "Mozilla/5.0 (Windows NT 6.1; WOW64; rv:18.0) Gecko/20100101 Firefox/18.0" 17204
192.168.12.210 - - [17/Feb/2013:07:31:30 +0600] "GET /pause/ajaxPause?pauseConfigId=all&admin=1 HTTP/1.1" 200 1047 "http://callider/pause/index" "Mozilla/4.0 (compatible; MSIE 7.0; Windows NT 6.1; WOW64; Trident/5.0; SLCC2; .NET CLR 2.0.50727; .NET CLR 3.5.30729; .NET CLR 3.0.30729; Media Center PC 6.0; InfoPath.3; .NET4.0C; .NET4.0E)" 19745
192.168.12.61 - - [17/Feb/2013:07:31:31 +0600] "GET /pause/ajaxPause?pauseConfigId=&admin=0 HTTP/1.1" 200 985 "http://callider/pause/index" "Mozilla/4.0 (compatible; MSIE 7.0; Windows NT 6.1; Trident/5.0; SLCC2; .NET CLR 2.0.50727; .NET CLR 3.5.30729; .NET CLR 3.0.30729; Media Center PC 6.0; InfoPath.3; .NET4.0C; .NET4.0E)" 18913
192.168.12.38 - - [17/Feb/2013:07:31:31 +0600] "GET /pause/ajaxPause?pauseConfigId=&admin=0 HTTP/1.1" 200 1040 "http://callider/pause/index" "Mozilla/4.0 (compatible; MSIE 7.0; Windows NT 6.1; WOW64; Trident/5.0; SLCC2; .NET CLR 2.0.50727; .NET CLR 3.5.30729; .NET CLR 3.0.30729; Media Center PC 6.0; InfoPath.3; .NET4.0C; .NET4.0E)" 16085
192.168.12.77 - - [17/Feb/2013:07:31:31 +0600] "GET /pause/ajaxPause?pauseConfigId=&admin=0 HTTP/1.1" 200 1039 "http://callider/pause/index" "Mozilla/4.0 (compatible; MSIE 7.0; Windows NT 6.1; Trident/5.0; SLCC2; .NET CLR 2.0.50727; .NET CLR 3.5.30729; .NET CLR 3.0.30729; Media Center PC 6.0; Tablet PC 2.0; InfoPath.3; .NET4.0C; .NET4.0E; MS-RTC LM 8)" 12691
192.168.65.56 - - [17/Feb/2013:07:31:31 +0600] "GET /pause/ajaxPause?pauseConfigId=all&admin=1 HTTP/1.1" 200 1046 "http://192.168.65.101/pause/index" "Mozilla/5.0 (Windows NT 5.1; rv:15.0) Gecko/20100101 Firefox/15.0" 27390
192.168.12.60 - - [17/Feb/2013:07:31:33 +0600] "GET /pause/ajaxPause?pauseConfigId=&admin=0 HTTP/1.1" 200 986 "http://callider/pause/index" "Mozilla/4.0 (compatible; MSIE 8.0; Windows NT 6.1; Trident/4.0; InfoPath.3; .NET4.0C; MS-RTC LM 8; .NET4.0E)" 19506
192.168.12.204 - - [17/Feb/2013:07:31:33 +0600] "GET /pause/ajaxPause?pauseConfigId=&admin=0 HTTP/1.1" 200 986 "http://callider/pause/index" "Mozilla/4.0 (compatible; MSIE 7.0; Windows NT 6.1; WOW64; Trident/4.0; SLCC2; .NET CLR 2.0.50727; .NET CLR 3.5.30729; .NET CLR 3.0.30729; Media Center PC 6.0; InfoPath.3; .NET4.0C; .NET4.0E; .NET CLR 1.1.4322)" 17742
192.168.74.78 - - [17/Feb/2013:07:31:34 +0600] "GET /pause/ajaxPause?pauseConfigId=&admin=0 HTTP/1.1" 200 986 "http://callider/pause/index" "Mozilla/4.0 (compatible; MSIE 7.0; Windows NT 6.1; WOW64; Trident/5.0; SLCC2; .NET CLR 2.0.50727; .NET CLR 3.5.30729; .NET CLR 3.0.30729; Media Center PC 6.0; InfoPath.3; .NET4.0C; MS-RTC LM 8; .NET4.0E)" 18966
192.168.12.67 - - [17/Feb/2013:07:31:34 +0600] "GET /tv/useUser HTTP/1.1" 200 432 "http://callider/graph/personal" "Mozilla/4.0 (compatible; MSIE 7.0; Windows NT 6.1; Trident/5.0; SLCC2; .NET CLR 2.0.50727; .NET CLR 3.5.30729; .NET CLR 3.0.30729; Media Center PC 6.0; .NET4.0C; .NET4.0E; InfoPath.3; Tablet PC 2.0; MS-RTC LM 8)" 18799
192.168.12.69 - - [17/Feb/2013:07:31:35 +0600] "GET /pause/ajaxPause?pauseConfigId=&admin=0 HTTP/1.1" 200 986 "http://callider/pause/index" "Mozilla/4.0 (compatible; MSIE 7.0; Windows NT 6.1; Trident/5.0; SLCC2; .NET CLR 2.0.50727; .NET CLR 3.5.30729; .NET CLR 3.0.30729; Media Center PC 6.0; InfoPath.3; .NET4.0C; .NET4.0E; Tablet PC 2.0; AskTbFXTV5/5.14.1.20007)" 18712
192.168.74.91 - - [17/Feb/2013:07:31:35 +0600] "GET /pause/ajaxPause?pauseConfigId=&admin=0 HTTP/1.1" 200 986 "http://callider/pause/index" "Mozilla/4.0 (compatible; MSIE 7.0; Windows NT 6.1; WOW64; Trident/5.0; SLCC2; .NET CLR 2.0.50727; .NET CLR 3.5.30729; .NET CLR 3.0.30729; Media Center PC 6.0; InfoPath.3; .NET4.0C; MS-RTC LM 8; .NET4.0E)" 18416
192.168.74.151 - - [17/Feb/2013:07:31:35 +0600] "GET /pause/ajaxPause?pauseConfigId=&admin=0 HTTP/1.1" 200 987 "http://callider.kontur/pause/index" "Mozilla/5.0 (Windows NT 6.1; WOW64; rv:18.0) Gecko/20100101 Firefox/18.0" 18206
192.168.12.210 - - [17/Feb/2013:07:31:35 +0600] "GET /pause/ajaxPause?pauseConfigId=all&admin=1 HTTP/1.1" 200 1047 "http://callider/pause/index" "Mozilla/4.0 (compatible; MSIE 7.0; Windows NT 6.1; WOW64; Trident/5.0; SLCC2; .NET CLR 2.0.50727; .NET CLR 3.5.30729; .NET CLR 3.0.30729; Media Center PC 6.0; InfoPath.3; .NET4.0C; .NET4.0E)" 19433
192.168.12.61 - - [17/Feb/2013:07:31:36 +0600] "GET /pause/ajaxPause?pauseConfigId=&admin=0 HTTP/1.1" 200 986 "http://callider/pause/index" "Mozilla/4.0 (compatible; MSIE 7.0; Windows NT 6.1; Trident/5.0; SLCC2; .NET CLR 2.0.50727; .NET CLR 3.5.30729; .NET CLR 3.0.30729; Media Center PC 6.0; InfoPath.3; .NET4.0C; .NET4.0E)" 26161
192.168.12.38 - - [17/Feb/2013:07:31:36 +0600] "GET /pause/ajaxPause?pauseConfigId=&admin=0 HTTP/1.1" 200 1040 "http://callider/pause/index" "Mozilla/4.0 (compatible; MSIE 7.0; Windows NT 6.1; WOW64; Trident/5.0; SLCC2; .NET CLR 2.0.50727; .NET CLR 3.5.30729; .NET CLR 3.0.30729; Media Center PC 6.0; InfoPath.3; .NET4.0C; .NET4.0E)" 14925
192.168.12.77 - - [17/Feb/2013:07:31:36 +0600] "GET /pause/ajaxPause?pauseConfigId=&admin=0 HTTP/1.1" 200 1039 "http://callider/pause/index" "Mozilla/4.0 (compatible; MSIE 7.0; Windows NT 6.1; Trident/5.0; SLCC2; .NET CLR 2.0.50727; .NET CLR 3.5.30729; .NET CLR 3.0.30729; Media Center PC 6.0; Tablet PC 2.0; InfoPath.3; .NET4.0C; .NET4.0E; MS-RTC LM 8)" 12766
192.168.65.56 - - [17/Feb/2013:07:31:36 +0600] "GET /pause/ajaxPause?pauseConfigId=all&admin=1 HTTP/1.1" 200 1046 "http://192.168.65.101/pause/index" "Mozilla/5.0 (Windows NT 5.1; rv:15.0) Gecko/20100101 Firefox/15.0" 29295
192.168.74.93 - - [17/Feb/2013:07:31:38 +0600] "GET /tv/useUser HTTP/1.1" 200 432 "http://callider/graph/personal" "Mozilla/4.0 (compatible; MSIE 7.0; Windows NT 6.1; WOW64; Trident/5.0; SLCC2; .NET CLR 2.0.50727; .NET CLR 3.5.30729; .NET CLR 3.0.30729; Media Center PC 6.0; InfoPath.3; .NET4.0C; .NET4.0E)" 15868
192.168.12.60 - - [17/Feb/2013:07:31:38 +0600] "GET /pause/ajaxPause?pauseConfigId=&admin=0 HTTP/1.1" 200 986 "http://callider/pause/index" "Mozilla/4.0 (compatible; MSIE 8.0; Windows NT 6.1; Trident/4.0; InfoPath.3; .NET4.0C; MS-RTC LM 8; .NET4.0E)" 21261
192.168.12.204 - - [17/Feb/2013:07:31:38 +0600] "GET /pause/ajaxPause?pauseConfigId=&admin=0 HTTP/1.1" 200 986 "http://callider/pause/index" "Mozilla/4.0 (compatible; MSIE 7.0; Windows NT 6.1; WOW64; Trident/4.0; SLCC2; .NET CLR 2.0.50727; .NET CLR 3.5.30729; .NET CLR 3.0.30729; Media Center PC 6.0; InfoPath.3; .NET4.0C; .NET4.0E; .NET CLR 1.1.4322)" 18117
192.168.74.78 - - [17/Feb/2013:07:31:39 +0600] "GET /pause/ajaxPause?pauseConfigId=&admin=0 HTTP/1.1" 200 986 "http://callider/pause/index" "Mozilla/4.0 (compatible; MSIE 7.0; Windows NT 6.1; WOW64; Trident/5.0; SLCC2; .NET CLR 2.0.50727; .NET CLR 3.5.30729; .NET CLR 3.0.30729; Media Center PC 6.0; InfoPath.3; .NET4.0C; MS-RTC LM 8; .NET4.0E)" 19256
192.168.12.210 - - [17/Feb/2013:07:31:39 +0600] "GET /tv/useUser HTTP/1.1" 200 431 "http://callider/graph/general" "Mozilla/4.0 (compatible; MSIE 7.0; Windows NT 6.1; WOW64; Trident/5.0; SLCC2; .NET CLR 2.0.50727; .NET CLR 3.5.30729; .NET CLR 3.0.30729; Media Center PC 6.0; InfoPath.3; .NET4.0C; .NET4.0E)" 10734
192.168.12.69 - - [17/Feb/2013:07:31:40 +0600] "GET /pause/ajaxPause?pauseConfigId=&admin=0 HTTP/1.1" 200 986 "http://callider/pause/index" "Mozilla/4.0 (compatible; MSIE 7.0; Windows NT 6.1; Trident/5.0; SLCC2; .NET CLR 2.0.50727; .NET CLR 3.5.30729; .NET CLR 3.0.30729; Media Center PC 6.0; InfoPath.3; .NET4.0C; .NET4.0E; Tablet PC 2.0; AskTbFXTV5/5.14.1.20007)" 18103
192.168.74.91 - - [17/Feb/2013:07:31:40 +0600] "GET /pause/ajaxPause?pauseConfigId=&admin=0 HTTP/1.1" 200 986 "http://callider/pause/index" "Mozilla/4.0 (compatible; MSIE 7.0; Windows NT 6.1; WOW64; Trident/5.0; SLCC2; .NET CLR 2.0.50727; .NET CLR 3.5.30729; .NET CLR 3.0.30729; Media Center PC 6.0; InfoPath.3; .NET4.0C; MS-RTC LM 8; .NET4.0E)" 19107
192.168.74.151 - - [17/Feb/2013:07:31:40 +0600] "GET /pause/ajaxPause?pauseConfigId=&admin=0 HTTP/1.1" 200 987 "http://callider.kontur/pause/index" "Mozilla/5.0 (Windows NT 6.1; WOW64; rv:18.0) Gecko/20100101 Firefox/18.0" 17046
192.168.12.210 - - [17/Feb/2013:07:31:40 +0600] "GET /pause/ajaxPause?pauseConfigId=all&admin=1 HTTP/1.1" 200 1047 "http://callider/pause/index" "Mozilla/4.0 (compatible; MSIE 7.0; Windows NT 6.1; WOW64; Trident/5.0; SLCC2; .NET CLR 2.0.50727; .NET CLR 3.5.30729; .NET CLR 3.0.30729; Media Center PC 6.0; InfoPath.3; .NET4.0C; .NET4.0E)" 18774
192.168.12.9 - - [17/Feb/2013:07:31:40 +0600] "GET /tv/useUser HTTP/1.1" 200 432 "http://callider.kontur/site/index" "Mozilla/5.0 (Windows NT 6.1; WOW64) AppleWebKit/537.17 (KHTML, like Gecko) Chrome/24.0.1312.57 Safari/537.17" 16831
192.168.12.61 - - [17/Feb/2013:07:31:41 +0600] "GET /pause/ajaxPause?pauseConfigId=&admin=0 HTTP/1.1" 200 985 "http://callider/pause/index" "Mozilla/4.0 (compatible; MSIE 7.0; Windows NT 6.1; Trident/5.0; SLCC2; .NET CLR 2.0.50727; .NET CLR 3.5.30729; .NET CLR 3.0.30729; Media Center PC 6.0; InfoPath.3; .NET4.0C; .NET4.0E)" 19465
192.168.12.38 - - [17/Feb/2013:07:31:41 +0600] "GET /pause/ajaxPause?pauseConfigId=&admin=0 HTTP/1.1" 200 1040 "http://callider/pause/index" "Mozilla/4.0 (compatible; MSIE 7.0; Windows NT 6.1; WOW64; Trident/5.0; SLCC2; .NET CLR 2.0.50727; .NET CLR 3.5.30729; .NET CLR 3.0.30729; Media Center PC 6.0; InfoPath.3; .NET4.0C; .NET4.0E)" 14119
192.168.12.77 - - [17/Feb/2013:07:31:41 +0600] "GET /pause/ajaxPause?pauseConfigId=&admin=0 HTTP/1.1" 200 1039 "http://callider/pause/index" "Mozilla/4.0 (compatible; MSIE 7.0; Windows NT 6.1; Trident/5.0; SLCC2; .NET CLR 2.0.50727; .NET CLR 3.5.30729; .NET CLR 3.0.30729; Media Center PC 6.0; Tablet PC 2.0; InfoPath.3; .NET4.0C; .NET4.0E; MS-RTC LM 8)" 13047
192.168.65.56 - - [17/Feb/2013:07:31:41 +0600] "GET /pause/ajaxPause?pauseConfigId=all&admin=1 HTTP/1.1" 200 1046 "http://192.168.65.101/pause/index" "Mozilla/5.0 (Windows NT 5.1; rv:15.0) Gecko/20100101 Firefox/15.0" 28707
192.168.12.60 - - [17/Feb/2013:07:31:43 +0600] "GET /pause/ajaxPause?pauseConfigId=&admin=0 HTTP/1.1" 200 986 "http://callider/pause/index" "Mozilla/4.0 (compatible; MSIE 8.0; Windows NT 6.1; Trident/4.0; InfoPath.3; .NET4.0C; MS-RTC LM 8; .NET4.0E)" 25370
192.168.12.204 - - [17/Feb/2013:07:31:43 +0600] "GET /pause/ajaxPause?pauseConfigId=&admin=0 HTTP/1.1" 200 986 "http://callider/pause/index" "Mozilla/4.0 (compatible; MSIE 7.0; Windows NT 6.1; WOW64; Trident/4.0; SLCC2; .NET CLR 2.0.50727; .NET CLR 3.5.30729; .NET CLR 3.0.30729; Media Center PC 6.0; InfoPath.3; .NET4.0C; .NET4.0E; .NET CLR 1.1.4322)" 18226
192.168.74.78 - - [17/Feb/2013:07:31:44 +0600] "GET /pause/ajaxPause?pauseConfigId=&admin=0 HTTP/1.1" 200 986 "http://callider/pause/index" "Mozilla/4.0 (compatible; MSIE 7.0; Windows NT 6.1; WOW64; Trident/5.0; SLCC2; .NET CLR 2.0.50727; .NET CLR 3.5.30729; .NET CLR 3.0.30729; Media Center PC 6.0; InfoPath.3; .NET4.0C; MS-RTC LM 8; .NET4.0E)" 20944
192.168.12.69 - - [17/Feb/2013:07:31:45 +0600] "GET /pause/ajaxPause?pauseConfigId=&admin=0 HTTP/1.1" 200 986 "http://callider/pause/index" "Mozilla/4.0 (compatible; MSIE 7.0; Windows NT 6.1; Trident/5.0; SLCC2; .NET CLR 2.0.50727; .NET CLR 3.5.30729; .NET CLR 3.0.30729; Media Center PC 6.0; InfoPath.3; .NET4.0C; .NET4.0E; Tablet PC 2.0; AskTbFXTV5/5.14.1.20007)" 19733
192.168.74.91 - - [17/Feb/2013:07:31:45 +0600] "GET /pause/ajaxPause?pauseConfigId=&admin=0 HTTP/1.1" 200 986 "http://callider/pause/index" "Mozilla/4.0 (compatible; MSIE 7.0; Windows NT 6.1; WOW64; Trident/5.0; SLCC2; .NET CLR 2.0.50727; .NET CLR 3.5.30729; .NET CLR 3.0.30729; Media Center PC 6.0; InfoPath.3; .NET4.0C; MS-RTC LM 8; .NET4.0E)" 17402
192.168.74.151 - - [17/Feb/2013:07:31:45 +0600] "GET /pause/ajaxPause?pauseConfigId=&admin=0 HTTP/1.1" 200 987 "http://callider.kontur/pause/index" "Mozilla/5.0 (Windows NT 6.1; WOW64; rv:18.0) Gecko/20100101 Firefox/18.0" 18079
192.168.12.210 - - [17/Feb/2013:07:31:45 +0600] "GET /pause/ajaxPause?pauseConfigId=all&admin=1 HTTP/1.1" 200 1047 "http://callider/pause/index" "Mozilla/4.0 (compatible; MSIE 7.0; Windows NT 6.1; WOW64; Trident/5.0; SLCC2; .NET CLR 2.0.50727; .NET CLR 3.5.30729; .NET CLR 3.0.30729; Media Center PC 6.0; InfoPath.3; .NET4.0C; .NET4.0E)" 27258
192.168.12.61 - - [17/Feb/2013:07:31:46 +0600] "GET /pause/ajaxPause?pauseConfigId=&admin=0 HTTP/1.1" 200 985 "http://callider/pause/index" "Mozilla/4.0 (compatible; MSIE 7.0; Windows NT 6.1; Trident/5.0; SLCC2; .NET CLR 2.0.50727; .NET CLR 3.5.30729; .NET CLR 3.0.30729; Media Center PC 6.0; InfoPath.3; .NET4.0C; .NET4.0E)" 18916
192.168.12.38 - - [17/Feb/2013:07:31:46 +0600] "GET /pause/ajaxPause?pauseConfigId=&admin=0 HTTP/1.1" 200 1040 "http://callider/pause/index" "Mozilla/4.0 (compatible; MSIE 7.0; Windows NT 6.1; WOW64; Trident/5.0; SLCC2; .NET CLR 2.0.50727; .NET CLR 3.5.30729; .NET CLR 3.0.30729; Media Center PC 6.0; InfoPath.3; .NET4.0C; .NET4.0E)" 15963
192.168.12.77 - - [17/Feb/2013:07:31:46 +0600] "GET /pause/ajaxPause?pauseConfigId=&admin=0 HTTP/1.1" 200 1039 "http://callider/pause/index" "Mozilla/4.0 (compatible; MSIE 7.0; Windows NT 6.1; Trident/5.0; SLCC2; .NET CLR 2.0.50727; .NET CLR 3.5.30729; .NET CLR 3.0.30729; Media Center PC 6.0; Tablet PC 2.0; InfoPath.3; .NET4.0C; .NET4.0E; MS-RTC LM 8)" 12616
192.168.65.56 - - [17/Feb/2013:07:31:46 +0600] "GET /pause/ajaxPause?pauseConfigId=all&admin=1 HTTP/1.1" 200 1046 "http://192.168.65.101/pause/index" "Mozilla/5.0 (Windows NT 5.1; rv:15.0) Gecko/20100101 Firefox/15.0" 26497
192.168.12.60 - - [17/Feb/2013:07:31:48 +0600] "GET /pause/ajaxPause?pauseConfigId=&admin=0 HTTP/1.1" 200 986 "http://callider/pause/index" "Mozilla/4.0 (compatible; MSIE 8.0; Windows NT 6.1; Trident/4.0; InfoPath.3; .NET4.0C; MS-RTC LM 8; .NET4.0E)" 22393
192.168.12.204 - - [17/Feb/2013:07:31:48 +0600] "GET /pause/ajaxPause?pauseConfigId=&admin=0 HTTP/1.1" 200 986 "http://callider/pause/index" "Mozilla/4.0 (compatible; MSIE 7.0; Windows NT 6.1; WOW64; Trident/4.0; SLCC2; .NET CLR 2.0.50727; .NET CLR 3.5.30729; .NET CLR 3.0.30729; Media Center PC 6.0; InfoPath.3; .NET4.0C; .NET4.0E; .NET CLR 1.1.4322)" 19833
192.168.12.210 - - [17/Feb/2013:07:31:49 +0600] "GET /tv/useUser HTTP/1.1" 200 431 "http://callider/pause/index" "Mozilla/4.0 (compatible; MSIE 7.0; Windows NT 6.1; WOW64; Trident/5.0; SLCC2; .NET CLR 2.0.50727; .NET CLR 3.5.30729; .NET CLR 3.0.30729; Media Center PC 6.0; InfoPath.3; .NET4.0C; .NET4.0E)" 9465
192.168.74.78 - - [17/Feb/2013:07:31:49 +0600] "GET /pause/ajaxPause?pauseConfigId=&admin=0 HTTP/1.1" 200 986 "http://callider/pause/index" "Mozilla/4.0 (compatible; MSIE 7.0; Windows NT 6.1; WOW64; Trident/5.0; SLCC2; .NET CLR 2.0.50727; .NET CLR 3.5.30729; .NET CLR 3.0.30729; Media Center PC 6.0; InfoPath.3; .NET4.0C; MS-RTC LM 8; .NET4.0E)" 18204
192.168.12.69 - - [17/Feb/2013:07:31:50 +0600] "GET /pause/ajaxPause?pauseConfigId=&admin=0 HTTP/1.1" 200 986 "http://callider/pause/index" "Mozilla/4.0 (compatible; MSIE 7.0; Windows NT 6.1; Trident/5.0; SLCC2; .NET CLR 2.0.50727; .NET CLR 3.5.30729; .NET CLR 3.0.30729; Media Center PC 6.0; InfoPath.3; .NET4.0C; .NET4.0E; Tablet PC 2.0; AskTbFXTV5/5.14.1.20007)" 19220
192.168.74.91 - - [17/Feb/2013:07:31:50 +0600] "GET /pause/ajaxPause?pauseConfigId=&admin=0 HTTP/1.1" 200 986 "http://callider/pause/index" "Mozilla/4.0 (compatible; MSIE 7.0; Windows NT 6.1; WOW64; Trident/5.0; SLCC2; .NET CLR 2.0.50727; .NET CLR 3.5.30729; .NET CLR 3.0.30729; Media Center PC 6.0; InfoPath.3; .NET4.0C; MS-RTC LM 8; .NET4.0E)" 21186
192.168.74.151 - - [17/Feb/2013:07:31:50 +0600] "GET /pause/ajaxPause?pauseConfigId=&admin=0 HTTP/1.1" 200 987 "http://callider.kontur/pause/index" "Mozilla/5.0 (Windows NT 6.1; WOW64; rv:18.0) Gecko/20100101 Firefox/18.0" 21398
192.168.12.210 - - [17/Feb/2013:07:31:50 +0600] "GET /pause/ajaxPause?pauseConfigId=all&admin=1 HTTP/1.1" 200 1047 "http://callider/pause/index" "Mozilla/4.0 (compatible; MSIE 7.0; Windows NT 6.1; WOW64; Trident/5.0; SLCC2; .NET CLR 2.0.50727; .NET CLR 3.5.30729; .NET CLR 3.0.30729; Media Center PC 6.0; InfoPath.3; .NET4.0C; .NET4.0E)" 19385
192.168.12.61 - - [17/Feb/2013:07:31:51 +0600] "GET /pause/ajaxPause?pauseConfigId=&admin=0 HTTP/1.1" 200 985 "http://callider/pause/index" "Mozilla/4.0 (compatible; MSIE 7.0; Windows NT 6.1; Trident/5.0; SLCC2; .NET CLR 2.0.50727; .NET CLR 3.5.30729; .NET CLR 3.0.30729; Media Center PC 6.0; InfoPath.3; .NET4.0C; .NET4.0E)" 18948
192.168.12.38 - - [17/Feb/2013:07:31:51 +0600] "GET /pause/ajaxPause?pauseConfigId=&admin=0 HTTP/1.1" 200 1040 "http://callider/pause/index" "Mozilla/4.0 (compatible; MSIE 7.0; Windows NT 6.1; WOW64; Trident/5.0; SLCC2; .NET CLR 2.0.50727; .NET CLR 3.5.30729; .NET CLR 3.0.30729; Media Center PC 6.0; InfoPath.3; .NET4.0C; .NET4.0E)" 16225
192.168.12.77 - - [17/Feb/2013:07:31:51 +0600] "GET /pause/ajaxPause?pauseConfigId=&admin=0 HTTP/1.1" 200 1039 "http://callider/pause/index" "Mozilla/4.0 (compatible; MSIE 7.0; Windows NT 6.1; Trident/5.0; SLCC2; .NET CLR 2.0.50727; .NET CLR 3.5.30729; .NET CLR 3.0.30729; Media Center PC 6.0; Tablet PC 2.0; InfoPath.3; .NET4.0C; .NET4.0E; MS-RTC LM 8)" 12919
192.168.65.56 - - [17/Feb/2013:07:31:51 +0600] "GET /pause/ajaxPause?pauseConfigId=all&admin=1 HTTP/1.1" 200 1046 "http://192.168.65.101/pause/index" "Mozilla/5.0 (Windows NT 5.1; rv:15.0) Gecko/20100101 Firefox/15.0" 25920
192.168.65.56 - - [17/Feb/2013:07:31:51 +0600] "GET /tv/useUser HTTP/1.1" 200 431 "http://192.168.65.101/pause/index" "Mozilla/5.0 (Windows NT 5.1; rv:15.0) Gecko/20100101 Firefox/15.0" 9554
192.168.12.60 - - [17/Feb/2013:07:31:53 +0600] "GET /pause/ajaxPause?pauseConfigId=&admin=0 HTTP/1.1" 200 986 "http://callider/pause/index" "Mozilla/4.0 (compatible; MSIE 8.0; Windows NT 6.1; Trident/4.0; InfoPath.3; .NET4.0C; MS-RTC LM 8; .NET4.0E)" 22591
192.168.12.204 - - [17/Feb/2013:07:31:53 +0600] "GET /pause/ajaxPause?pauseConfigId=&admin=0 HTTP/1.1" 200 986 "http://callider/pause/index" "Mozilla/4.0 (compatible; MSIE 7.0; Windows NT 6.1; WOW64; Trident/4.0; SLCC2; .NET CLR 2.0.50727; .NET CLR 3.5.30729; .NET CLR 3.0.30729; Media Center PC 6.0; InfoPath.3; .NET4.0C; .NET4.0E; .NET CLR 1.1.4322)" 19611
192.168.74.78 - - [17/Feb/2013:07:31:54 +0600] "GET /pause/ajaxPause?pauseConfigId=&admin=0 HTTP/1.1" 200 986 "http://callider/pause/index" "Mozilla/4.0 (compatible; MSIE 7.0; Windows NT 6.1; WOW64; Trident/5.0; SLCC2; .NET CLR 2.0.50727; .NET CLR 3.5.30729; .NET CLR 3.0.30729; Media Center PC 6.0; InfoPath.3; .NET4.0C; MS-RTC LM 8; .NET4.0E)" 20471
192.168.74.91 - - [17/Feb/2013:07:31:55 +0600] "GET /pause/ajaxPause?pauseConfigId=&admin=0 HTTP/1.1" 200 986 "http://callider/pause/index" "Mozilla/4.0 (compatible; MSIE 7.0; Windows NT 6.1; WOW64; Trident/5.0; SLCC2; .NET CLR 2.0.50727; .NET CLR 3.5.30729; .NET CLR 3.0.30729; Media Center PC 6.0; InfoPath.3; .NET4.0C; MS-RTC LM 8; .NET4.0E)" 112589
192.168.12.69 - - [17/Feb/2013:07:31:55 +0600] "GET /pause/ajaxPause?pauseConfigId=&admin=0 HTTP/1.1" 200 986 "http://callider/pause/index" "Mozilla/4.0 (compatible; MSIE 7.0; Windows NT 6.1; Trident/5.0; SLCC2; .NET CLR 2.0.50727; .NET CLR 3.5.30729; .NET CLR 3.0.30729; Media Center PC 6.0; InfoPath.3; .NET4.0C; .NET4.0E; Tablet PC 2.0; AskTbFXTV5/5.14.1.20007)" 379560
192.168.74.151 - - [17/Feb/2013:07:31:55 +0600] "GET /pause/ajaxPause?pauseConfigId=&admin=0 HTTP/1.1" 200 987 "http://callider.kontur/pause/index" "Mozilla/5.0 (Windows NT 6.1; WOW64; rv:18.0) Gecko/20100101 Firefox/18.0" 69281
192.168.12.210 - - [17/Feb/2013:07:31:55 +0600] "GET /pause/ajaxPause?pauseConfigId=all&admin=1 HTTP/1.1" 200 1047 "http://callider/pause/index" "Mozilla/4.0 (compatible; MSIE 7.0; Windows NT 6.1; WOW64; Trident/5.0; SLCC2; .NET CLR 2.0.50727; .NET CLR 3.5.30729; .NET CLR 3.0.30729; Media Center PC 6.0; InfoPath.3; .NET4.0C; .NET4.0E)" 17764
192.168.12.61 - - [17/Feb/2013:07:31:56 +0600] "GET /pause/ajaxPause?pauseConfigId=&admin=0 HTTP/1.1" 200 985 "http://callider/pause/index" "Mozilla/4.0 (compatible; MSIE 7.0; Windows NT 6.1; Trident/5.0; SLCC2; .NET CLR 2.0.50727; .NET CLR 3.5.30729; .NET CLR 3.0.30729; Media Center PC 6.0; InfoPath.3; .NET4.0C; .NET4.0E)" 17224
192.168.12.38 - - [17/Feb/2013:07:31:56 +0600] "GET /pause/ajaxPause?pauseConfigId=&admin=0 HTTP/1.1" 200 1040 "http://callider/pause/index" "Mozilla/4.0 (compatible; MSIE 7.0; Windows NT 6.1; WOW64; Trident/5.0; SLCC2; .NET CLR 2.0.50727; .NET CLR 3.5.30729; .NET CLR 3.0.30729; Media Center PC 6.0; InfoPath.3; .NET4.0C; .NET4.0E)" 14987
192.168.12.77 - - [17/Feb/2013:07:31:56 +0600] "GET /pause/ajaxPause?pauseConfigId=&admin=0 HTTP/1.1" 200 1039 "http://callider/pause/index" "Mozilla/4.0 (compatible; MSIE 7.0; Windows NT 6.1; Trident/5.0; SLCC2; .NET CLR 2.0.50727; .NET CLR 3.5.30729; .NET CLR 3.0.30729; Media Center PC 6.0; Tablet PC 2.0; InfoPath.3; .NET4.0C; .NET4.0E; MS-RTC LM 8)" 14494
192.168.65.56 - - [17/Feb/2013:07:31:56 +0600] "GET /pause/ajaxPause?pauseConfigId=all&admin=1 HTTP/1.1" 200 1046 "http://192.168.65.101/pause/index" "Mozilla/5.0 (Windows NT 5.1; rv:15.0) Gecko/20100101 Firefox/15.0" 28433
192.168.12.60 - - [17/Feb/2013:07:31:58 +0600] "GET /pause/ajaxPause?pauseConfigId=&admin=0 HTTP/1.1" 200 986 "http://callider/pause/index" "Mozilla/4.0 (compatible; MSIE 8.0; Windows NT 6.1; Trident/4.0; InfoPath.3; .NET4.0C; MS-RTC LM 8; .NET4.0E)" 17919
192.168.12.204 - - [17/Feb/2013:07:31:58 +0600] "GET /pause/ajaxPause?pauseConfigId=&admin=0 HTTP/1.1" 200 986 "http://callider/pause/index" "Mozilla/4.0 (compatible; MSIE 7.0; Windows NT 6.1; WOW64; Trident/4.0; SLCC2; .NET CLR 2.0.50727; .NET CLR 3.5.30729; .NET CLR 3.0.30729; Media Center PC 6.0; InfoPath.3; .NET4.0C; .NET4.0E; .NET CLR 1.1.4322)" 19300
192.168.74.78 - - [17/Feb/2013:07:31:59 +0600] "GET /pause/ajaxPause?pauseConfigId=&admin=0 HTTP/1.1" 200 986 "http://callider/pause/index" "Mozilla/4.0 (compatible; MSIE 7.0; Windows NT 6.1; WOW64; Trident/5.0; SLCC2; .NET CLR 2.0.50727; .NET CLR 3.5.30729; .NET CLR 3.0.30729; Media Center PC 6.0; InfoPath.3; .NET4.0C; MS-RTC LM 8; .NET4.0E)" 26660
192.168.12.69 - - [17/Feb/2013:07:32:00 +0600] "GET /pause/ajaxPause?pauseConfigId=&admin=0 HTTP/1.1" 200 986 "http://callider/pause/index" "Mozilla/4.0 (compatible; MSIE 7.0; Windows NT 6.1; Trident/5.0; SLCC2; .NET CLR 2.0.50727; .NET CLR 3.5.30729; .NET CLR 3.0.30729; Media Center PC 6.0; InfoPath.3; .NET4.0C; .NET4.0E; Tablet PC 2.0; AskTbFXTV5/5.14.1.20007)" 18070
192.168.74.91 - - [17/Feb/2013:07:32:00 +0600] "GET /pause/ajaxPause?pauseConfigId=&admin=0 HTTP/1.1" 200 986 "http://callider/pause/index" "Mozilla/4.0 (compatible; MSIE 7.0; Windows NT 6.1; WOW64; Trident/5.0; SLCC2; .NET CLR 2.0.50727; .NET CLR 3.5.30729; .NET CLR 3.0.30729; Media Center PC 6.0; InfoPath.3; .NET4.0C; MS-RTC LM 8; .NET4.0E)" 19496
192.168.74.151 - - [17/Feb/2013:07:32:00 +0600] "GET /pause/ajaxPause?pauseConfigId=&admin=0 HTTP/1.1" 200 987 "http://callider.kontur/pause/index" "Mozilla/5.0 (Windows NT 6.1; WOW64; rv:18.0) Gecko/20100101 Firefox/18.0" 19382
192.168.12.210 - - [17/Feb/2013:07:32:00 +0600] "GET /pause/ajaxPause?pauseConfigId=all&admin=1 HTTP/1.1" 200 1047 "http://callider/pause/index" "Mozilla/4.0 (compatible; MSIE 7.0; Windows NT 6.1; WOW64; Trident/5.0; SLCC2; .NET CLR 2.0.50727; .NET CLR 3.5.30729; .NET CLR 3.0.30729; Media Center PC 6.0; InfoPath.3; .NET4.0C; .NET4.0E)" 21525
192.168.12.61 - - [17/Feb/2013:07:32:01 +0600] "GET /pause/ajaxPause?pauseConfigId=&admin=0 HTTP/1.1" 200 985 "http://callider/pause/index" "Mozilla/4.0 (compatible; MSIE 7.0; Windows NT 6.1; Trident/5.0; SLCC2; .NET CLR 2.0.50727; .NET CLR 3.5.30729; .NET CLR 3.0.30729; Media Center PC 6.0; InfoPath.3; .NET4.0C; .NET4.0E)" 19124
192.168.12.38 - - [17/Feb/2013:07:32:01 +0600] "GET /pause/ajaxPause?pauseConfigId=&admin=0 HTTP/1.1" 200 1040 "http://callider/pause/index" "Mozilla/4.0 (compatible; MSIE 7.0; Windows NT 6.1; WOW64; Trident/5.0; SLCC2; .NET CLR 2.0.50727; .NET CLR 3.5.30729; .NET CLR 3.0.30729; Media Center PC 6.0; InfoPath.3; .NET4.0C; .NET4.0E)" 14194
192.168.12.77 - - [17/Feb/2013:07:32:01 +0600] "GET /pause/ajaxPause?pauseConfigId=&admin=0 HTTP/1.1" 200 1039 "http://callider/pause/index" "Mozilla/4.0 (compatible; MSIE 7.0; Windows NT 6.1; Trident/5.0; SLCC2; .NET CLR 2.0.50727; .NET CLR 3.5.30729; .NET CLR 3.0.30729; Media Center PC 6.0; Tablet PC 2.0; InfoPath.3; .NET4.0C; .NET4.0E; MS-RTC LM 8)" 13608
192.168.65.56 - - [17/Feb/2013:07:32:01 +0600] "GET /pause/ajaxPause?pauseConfigId=all&admin=1 HTTP/1.1" 200 1046 "http://192.168.65.101/pause/index" "Mozilla/5.0 (Windows NT 5.1; rv:15.0) Gecko/20100101 Firefox/15.0" 27657
192.168.12.60 - - [17/Feb/2013:07:32:03 +0600] "GET /pause/ajaxPause?pauseConfigId=&admin=0 HTTP/1.1" 200 986 "http://callider/pause/index" "Mozilla/4.0 (compatible; MSIE 8.0; Windows NT 6.1; Trident/4.0; InfoPath.3; .NET4.0C; MS-RTC LM 8; .NET4.0E)" 17987
192.168.12.204 - - [17/Feb/2013:07:32:03 +0600] "GET /pause/ajaxPause?pauseConfigId=&admin=0 HTTP/1.1" 200 986 "http://callider/pause/index" "Mozilla/4.0 (compatible; MSIE 7.0; Windows NT 6.1; WOW64; Trident/4.0; SLCC2; .NET CLR 2.0.50727; .NET CLR 3.5.30729; .NET CLR 3.0.30729; Media Center PC 6.0; InfoPath.3; .NET4.0C; .NET4.0E; .NET CLR 1.1.4322)" 329522
192.168.74.78 - - [17/Feb/2013:07:32:04 +0600] "GET /pause/ajaxPause?pauseConfigId=&admin=0 HTTP/1.1" 200 986 "http://callider/pause/index" "Mozilla/4.0 (compatible; MSIE 7.0; Windows NT 6.1; WOW64; Trident/5.0; SLCC2; .NET CLR 2.0.50727; .NET CLR 3.5.30729; .NET CLR 3.0.30729; Media Center PC 6.0; InfoPath.3; .NET4.0C; MS-RTC LM 8; .NET4.0E)" 22737
192.168.12.69 - - [17/Feb/2013:07:32:05 +0600] "GET /pause/ajaxPause?pauseConfigId=&admin=0 HTTP/1.1" 200 986 "http://callider/pause/index" "Mozilla/4.0 (compatible; MSIE 7.0; Windows NT 6.1; Trident/5.0; SLCC2; .NET CLR 2.0.50727; .NET CLR 3.5.30729; .NET CLR 3.0.30729; Media Center PC 6.0; InfoPath.3; .NET4.0C; .NET4.0E; Tablet PC 2.0; AskTbFXTV5/5.14.1.20007)" 19340
192.168.12.61 - - [17/Feb/2013:07:32:05 +0600] "GET /tv/useUser HTTP/1.1" 200 431 "http://callider/pause/index" "Mozilla/4.0 (compatible; MSIE 7.0; Windows NT 6.1; Trident/5.0; SLCC2; .NET CLR 2.0.50727; .NET CLR 3.5.30729; .NET CLR 3.0.30729; Media Center PC 6.0; InfoPath.3; .NET4.0C; .NET4.0E)" 8863
192.168.74.91 - - [17/Feb/2013:07:32:05 +0600] "GET /pause/ajaxPause?pauseConfigId=&admin=0 HTTP/1.1" 200 986 "http://callider/pause/index" "Mozilla/4.0 (compatible; MSIE 7.0; Windows NT 6.1; WOW64; Trident/5.0; SLCC2; .NET CLR 2.0.50727; .NET CLR 3.5.30729; .NET CLR 3.0.30729; Media Center PC 6.0; InfoPath.3; .NET4.0C; MS-RTC LM 8; .NET4.0E)" 18067
192.168.74.151 - - [17/Feb/2013:07:32:05 +0600] "GET /pause/ajaxPause?pauseConfigId=&admin=0 HTTP/1.1" 200 987 "http://callider.kontur/pause/index" "Mozilla/5.0 (Windows NT 6.1; WOW64; rv:18.0) Gecko/20100101 Firefox/18.0" 30707
192.168.12.210 - - [17/Feb/2013:07:32:05 +0600] "GET /pause/ajaxPause?pauseConfigId=all&admin=1 HTTP/1.1" 200 1047 "http://callider/pause/index" "Mozilla/4.0 (compatible; MSIE 7.0; Windows NT 6.1; WOW64; Trident/5.0; SLCC2; .NET CLR 2.0.50727; .NET CLR 3.5.30729; .NET CLR 3.0.30729; Media Center PC 6.0; InfoPath.3; .NET4.0C; .NET4.0E)" 21963
192.168.12.61 - - [17/Feb/2013:07:32:06 +0600] "GET /pause/ajaxPause?pauseConfigId=&admin=0 HTTP/1.1" 200 985 "http://callider/pause/index" "Mozilla/4.0 (compatible; MSIE 7.0; Windows NT 6.1; Trident/5.0; SLCC2; .NET CLR 2.0.50727; .NET CLR 3.5.30729; .NET CLR 3.0.30729; Media Center PC 6.0; InfoPath.3; .NET4.0C; .NET4.0E)" 18562
192.168.12.38 - - [17/Feb/2013:07:32:06 +0600] "GET /pause/ajaxPause?pauseConfigId=&admin=0 HTTP/1.1" 200 1040 "http://callider/pause/index" "Mozilla/4.0 (compatible; MSIE 7.0; Windows NT 6.1; WOW64; Trident/5.0; SLCC2; .NET CLR 2.0.50727; .NET CLR 3.5.30729; .NET CLR 3.0.30729; Media Center PC 6.0; InfoPath.3; .NET4.0C; .NET4.0E)" 21169
192.168.12.77 - - [17/Feb/2013:07:32:06 +0600] "GET /pause/ajaxPause?pauseConfigId=&admin=0 HTTP/1.1" 200 1039 "http://callider/pause/index" "Mozilla/4.0 (compatible; MSIE 7.0; Windows NT 6.1; Trident/5.0; SLCC2; .NET CLR 2.0.50727; .NET CLR 3.5.30729; .NET CLR 3.0.30729; Media Center PC 6.0; Tablet PC 2.0; InfoPath.3; .NET4.0C; .NET4.0E; MS-RTC LM 8)" 13430
192.168.65.56 - - [17/Feb/2013:07:32:06 +0600] "GET /pause/ajaxPause?pauseConfigId=all&admin=1 HTTP/1.1" 200 1046 "http://192.168.65.101/pause/index" "Mozilla/5.0 (Windows NT 5.1; rv:15.0) Gecko/20100101 Firefox/15.0" 27248
192.168.12.60 - - [17/Feb/2013:07:32:08 +0600] "GET /pause/ajaxPause?pauseConfigId=&admin=0 HTTP/1.1" 200 986 "http://callider/pause/index" "Mozilla/4.0 (compatible; MSIE 8.0; Windows NT 6.1; Trident/4.0; InfoPath.3; .NET4.0C; MS-RTC LM 8; .NET4.0E)" 19927
192.168.12.204 - - [17/Feb/2013:07:32:08 +0600] "GET /pause/ajaxPause?pauseConfigId=&admin=0 HTTP/1.1" 200 986 "http://callider/pause/index" "Mozilla/4.0 (compatible; MSIE 7.0; Windows NT 6.1; WOW64; Trident/4.0; SLCC2; .NET CLR 2.0.50727; .NET CLR 3.5.30729; .NET CLR 3.0.30729; Media Center PC 6.0; InfoPath.3; .NET4.0C; .NET4.0E; .NET CLR 1.1.4322)" 18838
192.168.74.78 - - [17/Feb/2013:07:32:09 +0600] "GET /pause/ajaxPause?pauseConfigId=&admin=0 HTTP/1.1" 200 986 "http://callider/pause/index" "Mozilla/4.0 (compatible; MSIE 7.0; Windows NT 6.1; WOW64; Trident/5.0; SLCC2; .NET CLR 2.0.50727; .NET CLR 3.5.30729; .NET CLR 3.0.30729; Media Center PC 6.0; InfoPath.3; .NET4.0C; MS-RTC LM 8; .NET4.0E)" 19192
192.168.12.69 - - [17/Feb/2013:07:32:10 +0600] "GET /pause/ajaxPause?pauseConfigId=&admin=0 HTTP/1.1" 200 986 "http://callider/pause/index" "Mozilla/4.0 (compatible; MSIE 7.0; Windows NT 6.1; Trident/5.0; SLCC2; .NET CLR 2.0.50727; .NET CLR 3.5.30729; .NET CLR 3.0.30729; Media Center PC 6.0; InfoPath.3; .NET4.0C; .NET4.0E; Tablet PC 2.0; AskTbFXTV5/5.14.1.20007)" 19611
192.168.74.91 - - [17/Feb/2013:07:32:10 +0600] "GET /pause/ajaxPause?pauseConfigId=&admin=0 HTTP/1.1" 200 986 "http://callider/pause/index" "Mozilla/4.0 (compatible; MSIE 7.0; Windows NT 6.1; WOW64; Trident/5.0; SLCC2; .NET CLR 2.0.50727; .NET CLR 3.5.30729; .NET CLR 3.0.30729; Media Center PC 6.0; InfoPath.3; .NET4.0C; MS-RTC LM 8; .NET4.0E)" 18602
192.168.74.151 - - [17/Feb/2013:07:32:10 +0600] "GET /pause/ajaxPause?pauseConfigId=&admin=0 HTTP/1.1" 200 987 "http://callider.kontur/pause/index" "Mozilla/5.0 (Windows NT 6.1; WOW64; rv:18.0) Gecko/20100101 Firefox/18.0" 19403
192.168.12.210 - - [17/Feb/2013:07:32:10 +0600] "GET /pause/ajaxPause?pauseConfigId=all&admin=1 HTTP/1.1" 200 1047 "http://callider/pause/index" "Mozilla/4.0 (compatible; MSIE 7.0; Windows NT 6.1; WOW64; Trident/5.0; SLCC2; .NET CLR 2.0.50727; .NET CLR 3.5.30729; .NET CLR 3.0.30729; Media Center PC 6.0; InfoPath.3; .NET4.0C; .NET4.0E)" 35143
192.168.12.42 - - [17/Feb/2013:07:32:11 +0600] "GET /tv/useUser HTTP/1.1" 200 432 "http://callider/graph/personal" "Mozilla/4.0 (compatible; MSIE 7.0; Windows NT 6.1; WOW64; Trident/5.0; SLCC2; .NET CLR 2.0.50727; .NET CLR 3.5.30729; .NET CLR 3.0.30729; Media Center PC 6.0; InfoPath.3; .NET4.0C; .NET4.0E)" 19993
192.168.12.61 - - [17/Feb/2013:07:32:11 +0600] "GET /pause/ajaxPause?pauseConfigId=&admin=0 HTTP/1.1" 200 986 "http://callider/pause/index" "Mozilla/4.0 (compatible; MSIE 7.0; Windows NT 6.1; Trident/5.0; SLCC2; .NET CLR 2.0.50727; .NET CLR 3.5.30729; .NET CLR 3.0.30729; Media Center PC 6.0; InfoPath.3; .NET4.0C; .NET4.0E)" 34069
192.168.12.38 - - [17/Feb/2013:07:32:11 +0600] "GET /pause/ajaxPause?pauseConfigId=&admin=0 HTTP/1.1" 200 1040 "http://callider/pause/index" "Mozilla/4.0 (compatible; MSIE 7.0; Windows NT 6.1; WOW64; Trident/5.0; SLCC2; .NET CLR 2.0.50727; .NET CLR 3.5.30729; .NET CLR 3.0.30729; Media Center PC 6.0; InfoPath.3; .NET4.0C; .NET4.0E)" 15309
192.168.12.77 - - [17/Feb/2013:07:32:11 +0600] "GET /pause/ajaxPause?pauseConfigId=&admin=0 HTTP/1.1" 200 1039 "http://callider/pause/index" "Mozilla/4.0 (compatible; MSIE 7.0; Windows NT 6.1; Trident/5.0; SLCC2; .NET CLR 2.0.50727; .NET CLR 3.5.30729; .NET CLR 3.0.30729; Media Center PC 6.0; Tablet PC 2.0; InfoPath.3; .NET4.0C; .NET4.0E; MS-RTC LM 8)" 16302
192.168.65.56 - - [17/Feb/2013:07:32:11 +0600] "GET /pause/ajaxPause?pauseConfigId=all&admin=1 HTTP/1.1" 200 1046 "http://192.168.65.101/pause/index" "Mozilla/5.0 (Windows NT 5.1; rv:15.0) Gecko/20100101 Firefox/15.0" 27844
192.168.12.60 - - [17/Feb/2013:07:32:13 +0600] "GET /pause/ajaxPause?pauseConfigId=&admin=0 HTTP/1.1" 200 986 "http://callider/pause/index" "Mozilla/4.0 (compatible; MSIE 8.0; Windows NT 6.1; Trident/4.0; InfoPath.3; .NET4.0C; MS-RTC LM 8; .NET4.0E)" 21462
192.168.74.151 - - [17/Feb/2013:07:32:13 +0600] "GET /tv/useUser HTTP/1.1" 200 431 "http://callider.kontur/graph/general" "Mozilla/5.0 (Windows NT 6.1; WOW64; rv:18.0) Gecko/20100101 Firefox/18.0" 9679
192.168.12.204 - - [17/Feb/2013:07:32:13 +0600] "GET /pause/ajaxPause?pauseConfigId=&admin=0 HTTP/1.1" 200 986 "http://callider/pause/index" "Mozilla/4.0 (compatible; MSIE 7.0; Windows NT 6.1; WOW64; Trident/4.0; SLCC2; .NET CLR 2.0.50727; .NET CLR 3.5.30729; .NET CLR 3.0.30729; Media Center PC 6.0; InfoPath.3; .NET4.0C; .NET4.0E; .NET CLR 1.1.4322)" 20884
192.168.74.78 - - [17/Feb/2013:07:32:14 +0600] "GET /pause/ajaxPause?pauseConfigId=&admin=0 HTTP/1.1" 200 986 "http://callider/pause/index" "Mozilla/4.0 (compatible; MSIE 7.0; Windows NT 6.1; WOW64; Trident/5.0; SLCC2; .NET CLR 2.0.50727; .NET CLR 3.5.30729; .NET CLR 3.0.30729; Media Center PC 6.0; InfoPath.3; .NET4.0C; MS-RTC LM 8; .NET4.0E)" 21852
192.168.12.69 - - [17/Feb/2013:07:32:15 +0600] "GET /pause/ajaxPause?pauseConfigId=&admin=0 HTTP/1.1" 200 986 "http://callider/pause/index" "Mozilla/4.0 (compatible; MSIE 7.0; Windows NT 6.1; Trident/5.0; SLCC2; .NET CLR 2.0.50727; .NET CLR 3.5.30729; .NET CLR 3.0.30729; Media Center PC 6.0; InfoPath.3; .NET4.0C; .NET4.0E; Tablet PC 2.0; AskTbFXTV5/5.14.1.20007)" 24889
192.168.74.91 - - [17/Feb/2013:07:32:15 +0600] "GET /pause/ajaxPause?pauseConfigId=&admin=0 HTTP/1.1" 200 986 "http://callider/pause/index" "Mozilla/4.0 (compatible; MSIE 7.0; Windows NT 6.1; WOW64; Trident/5.0; SLCC2; .NET CLR 2.0.50727; .NET CLR 3.5.30729; .NET CLR 3.0.30729; Media Center PC 6.0; InfoPath.3; .NET4.0C; MS-RTC LM 8; .NET4.0E)" 18842
192.168.74.151 - - [17/Feb/2013:07:32:15 +0600] "GET /pause/ajaxPause?pauseConfigId=&admin=0 HTTP/1.1" 200 987 "http://callider.kontur/pause/index" "Mozilla/5.0 (Windows NT 6.1; WOW64; rv:18.0) Gecko/20100101 Firefox/18.0" 23672
192.168.74.151 - - [17/Feb/2013:07:32:15 +0600] "GET /tv/useUser HTTP/1.1" 200 432 "http://callider.kontur/pause/index" "Mozilla/5.0 (Windows NT 6.1; WOW64; rv:18.0) Gecko/20100101 Firefox/18.0" 15434
192.168.12.210 - - [17/Feb/2013:07:32:15 +0600] "GET /pause/ajaxPause?pauseConfigId=all&admin=1 HTTP/1.1" 200 1047 "http://callider/pause/index" "Mozilla/4.0 (compatible; MSIE 7.0; Windows NT 6.1; WOW64; Trident/5.0; SLCC2; .NET CLR 2.0.50727; .NET CLR 3.5.30729; .NET CLR 3.0.30729; Media Center PC 6.0; InfoPath.3; .NET4.0C; .NET4.0E)" 19637
192.168.12.61 - - [17/Feb/2013:07:32:16 +0600] "GET /pause/ajaxPause?pauseConfigId=&admin=0 HTTP/1.1" 200 985 "http://callider/pause/index" "Mozilla/4.0 (compatible; MSIE 7.0; Windows NT 6.1; Trident/5.0; SLCC2; .NET CLR 2.0.50727; .NET CLR 3.5.30729; .NET CLR 3.0.30729; Media Center PC 6.0; InfoPath.3; .NET4.0C; .NET4.0E)" 19845
192.168.12.38 - - [17/Feb/2013:07:32:16 +0600] "GET /pause/ajaxPause?pauseConfigId=&admin=0 HTTP/1.1" 200 1040 "http://callider/pause/index" "Mozilla/4.0 (compatible; MSIE 7.0; Windows NT 6.1; WOW64; Trident/5.0; SLCC2; .NET CLR 2.0.50727; .NET CLR 3.5.30729; .NET CLR 3.0.30729; Media Center PC 6.0; InfoPath.3; .NET4.0C; .NET4.0E)" 16512
192.168.12.77 - - [17/Feb/2013:07:32:16 +0600] "GET /pause/ajaxPause?pauseConfigId=&admin=0 HTTP/1.1" 200 1039 "http://callider/pause/index" "Mozilla/4.0 (compatible; MSIE 7.0; Windows NT 6.1; Trident/5.0; SLCC2; .NET CLR 2.0.50727; .NET CLR 3.5.30729; .NET CLR 3.0.30729; Media Center PC 6.0; Tablet PC 2.0; InfoPath.3; .NET4.0C; .NET4.0E; MS-RTC LM 8)" 14975
192.168.65.56 - - [17/Feb/2013:07:32:16 +0600] "GET /pause/ajaxPause?pauseConfigId=all&admin=1 HTTP/1.1" 200 1047 "http://192.168.65.101/pause/index" "Mozilla/5.0 (Windows NT 5.1; rv:15.0) Gecko/20100101 Firefox/15.0" 35249
192.168.12.60 - - [17/Feb/2013:07:32:18 +0600] "GET /pause/ajaxPause?pauseConfigId=&admin=0 HTTP/1.1" 200 986 "http://callider/pause/index" "Mozilla/4.0 (compatible; MSIE 8.0; Windows NT 6.1; Trident/4.0; InfoPath.3; .NET4.0C; MS-RTC LM 8; .NET4.0E)" 24086
192.168.12.204 - - [17/Feb/2013:07:32:18 +0600] "GET /pause/ajaxPause?pauseConfigId=&admin=0 HTTP/1.1" 200 986 "http://callider/pause/index" "Mozilla/4.0 (compatible; MSIE 7.0; Windows NT 6.1; WOW64; Trident/4.0; SLCC2; .NET CLR 2.0.50727; .NET CLR 3.5.30729; .NET CLR 3.0.30729; Media Center PC 6.0; InfoPath.3; .NET4.0C; .NET4.0E; .NET CLR 1.1.4322)" 22579
192.168.74.78 - - [17/Feb/2013:07:32:19 +0600] "GET /pause/ajaxPause?pauseConfigId=&admin=0 HTTP/1.1" 200 986 "http://callider/pause/index" "Mozilla/4.0 (compatible; MSIE 7.0; Windows NT 6.1; WOW64; Trident/5.0; SLCC2; .NET CLR 2.0.50727; .NET CLR 3.5.30729; .NET CLR 3.0.30729; Media Center PC 6.0; InfoPath.3; .NET4.0C; MS-RTC LM 8; .NET4.0E)" 20424
192.168.12.10 - - [17/Feb/2013:07:32:19 +0600] "GET /tv/useUser HTTP/1.1" 200 432 "http://callider/graph/personal" "Mozilla/4.0 (compatible; MSIE 7.0; Windows NT 6.1; Trident/5.0; SLCC2; .NET CLR 2.0.50727; .NET CLR 3.5.30729; .NET CLR 3.0.30729; Media Center PC 6.0; InfoPath.3; .NET4.0C; .NET4.0E; Tablet PC 2.0; MS-RTC LM 8)" 14417
192.168.12.108 - - [17/Feb/2013:07:32:19 +0600] "GET /tv/useUser HTTP/1.1" 200 432 "http://callider/index.php" "Mozilla/4.0 (compatible; MSIE 7.0; Windows NT 6.2; WOW64; Trident/6.0; .NET4.0E; .NET4.0C; InfoPath.3; .NET CLR 3.5.30729; .NET CLR 2.0.50727; .NET CLR 3.0.30729)" 16211
192.168.12.69 - - [17/Feb/2013:07:32:20 +0600] "GET /pause/ajaxPause?pauseConfigId=&admin=0 HTTP/1.1" 200 986 "http://callider/pause/index" "Mozilla/4.0 (compatible; MSIE 7.0; Windows NT 6.1; Trident/5.0; SLCC2; .NET CLR 2.0.50727; .NET CLR 3.5.30729; .NET CLR 3.0.30729; Media Center PC 6.0; InfoPath.3; .NET4.0C; .NET4.0E; Tablet PC 2.0; AskTbFXTV5/5.14.1.20007)" 22614
192.168.74.91 - - [17/Feb/2013:07:32:20 +0600] "GET /pause/ajaxPause?pauseConfigId=&admin=0 HTTP/1.1" 200 986 "http://callider/pause/index" "Mozilla/4.0 (compatible; MSIE 7.0; Windows NT 6.1; WOW64; Trident/5.0; SLCC2; .NET CLR 2.0.50727; .NET CLR 3.5.30729; .NET CLR 3.0.30729; Media Center PC 6.0; InfoPath.3; .NET4.0C; MS-RTC LM 8; .NET4.0E)" 21472
192.168.74.151 - - [17/Feb/2013:07:32:20 +0600] "GET /pause/ajaxPause?pauseConfigId=&admin=0 HTTP/1.1" 200 987 "http://callider.kontur/pause/index" "Mozilla/5.0 (Windows NT 6.1; WOW64; rv:18.0) Gecko/20100101 Firefox/18.0" 18882
192.168.12.210 - - [17/Feb/2013:07:32:20 +0600] "GET /pause/ajaxPause?pauseConfigId=all&admin=1 HTTP/1.1" 200 1047 "http://callider/pause/index" "Mozilla/4.0 (compatible; MSIE 7.0; Windows NT 6.1; WOW64; Trident/5.0; SLCC2; .NET CLR 2.0.50727; .NET CLR 3.5.30729; .NET CLR 3.0.30729; Media Center PC 6.0; InfoPath.3; .NET4.0C; .NET4.0E)" 20197
192.168.12.61 - - [17/Feb/2013:07:32:21 +0600] "GET /pause/ajaxPause?pauseConfigId=&admin=0 HTTP/1.1" 200 986 "http://callider/pause/index" "Mozilla/4.0 (compatible; MSIE 7.0; Windows NT 6.1; Trident/5.0; SLCC2; .NET CLR 2.0.50727; .NET CLR 3.5.30729; .NET CLR 3.0.30729; Media Center PC 6.0; InfoPath.3; .NET4.0C; .NET4.0E)" 30414
192.168.12.38 - - [17/Feb/2013:07:32:21 +0600] "GET /pause/ajaxPause?pauseConfigId=&admin=0 HTTP/1.1" 200 1040 "http://callider/pause/index" "Mozilla/4.0 (compatible; MSIE 7.0; Windows NT 6.1; WOW64; Trident/5.0; SLCC2; .NET CLR 2.0.50727; .NET CLR 3.5.30729; .NET CLR 3.0.30729; Media Center PC 6.0; InfoPath.3; .NET4.0C; .NET4.0E)" 17597
192.168.12.77 - - [17/Feb/2013:07:32:21 +0600] "GET /pause/ajaxPause?pauseConfigId=&admin=0 HTTP/1.1" 200 1039 "http://callider/pause/index" "Mozilla/4.0 (compatible; MSIE 7.0; Windows NT 6.1; Trident/5.0; SLCC2; .NET CLR 2.0.50727; .NET CLR 3.5.30729; .NET CLR 3.0.30729; Media Center PC 6.0; Tablet PC 2.0; InfoPath.3; .NET4.0C; .NET4.0E; MS-RTC LM 8)" 16533
192.168.65.56 - - [17/Feb/2013:07:32:21 +0600] "GET /pause/ajaxPause?pauseConfigId=all&admin=1 HTTP/1.1" 200 1046 "http://192.168.65.101/pause/index" "Mozilla/5.0 (Windows NT 5.1; rv:15.0) Gecko/20100101 Firefox/15.0" 26676
192.168.12.60 - - [17/Feb/2013:07:32:23 +0600] "GET /pause/ajaxPause?pauseConfigId=&admin=0 HTTP/1.1" 200 986 "http://callider/pause/index" "Mozilla/4.0 (compatible; MSIE 8.0; Windows NT 6.1; Trident/4.0; InfoPath.3; .NET4.0C; MS-RTC LM 8; .NET4.0E)" 19656
192.168.12.204 - - [17/Feb/2013:07:32:23 +0600] "GET /pause/ajaxPause?pauseConfigId=&admin=0 HTTP/1.1" 200 987 "http://callider/pause/index" "Mozilla/4.0 (compatible; MSIE 7.0; Windows NT 6.1; WOW64; Trident/4.0; SLCC2; .NET CLR 2.0.50727; .NET CLR 3.5.30729; .NET CLR 3.0.30729; Media Center PC 6.0; InfoPath.3; .NET4.0C; .NET4.0E; .NET CLR 1.1.4322)" 31467
192.168.74.78 - - [17/Feb/2013:07:32:24 +0600] "GET /pause/ajaxPause?pauseConfigId=&admin=0 HTTP/1.1" 200 986 "http://callider/pause/index" "Mozilla/4.0 (compatible; MSIE 7.0; Windows NT 6.1; WOW64; Trident/5.0; SLCC2; .NET CLR 2.0.50727; .NET CLR 3.5.30729; .NET CLR 3.0.30729; Media Center PC 6.0; InfoPath.3; .NET4.0C; MS-RTC LM 8; .NET4.0E)" 20465
192.168.12.69 - - [17/Feb/2013:07:32:25 +0600] "GET /pause/ajaxPause?pauseConfigId=&admin=0 HTTP/1.1" 200 986 "http://callider/pause/index" "Mozilla/4.0 (compatible; MSIE 7.0; Windows NT 6.1; Trident/5.0; SLCC2; .NET CLR 2.0.50727; .NET CLR 3.5.30729; .NET CLR 3.0.30729; Media Center PC 6.0; InfoPath.3; .NET4.0C; .NET4.0E; Tablet PC 2.0; AskTbFXTV5/5.14.1.20007)" 19499
192.168.74.91 - - [17/Feb/2013:07:32:25 +0600] "GET /pause/ajaxPause?pauseConfigId=&admin=0 HTTP/1.1" 200 986 "http://callider/pause/index" "Mozilla/4.0 (compatible; MSIE 7.0; Windows NT 6.1; WOW64; Trident/5.0; SLCC2; .NET CLR 2.0.50727; .NET CLR 3.5.30729; .NET CLR 3.0.30729; Media Center PC 6.0; InfoPath.3; .NET4.0C; MS-RTC LM 8; .NET4.0E)" 19203
192.168.74.151 - - [17/Feb/2013:07:32:25 +0600] "GET /pause/ajaxPause?pauseConfigId=&admin=0 HTTP/1.1" 200 987 "http://callider.kontur/pause/index" "Mozilla/5.0 (Windows NT 6.1; WOW64; rv:18.0) Gecko/20100101 Firefox/18.0" 21482
192.168.12.210 - - [17/Feb/2013:07:32:25 +0600] "GET /pause/ajaxPause?pauseConfigId=all&admin=1 HTTP/1.1" 200 1047 "http://callider/pause/index" "Mozilla/4.0 (compatible; MSIE 7.0; Windows NT 6.1; WOW64; Trident/5.0; SLCC2; .NET CLR 2.0.50727; .NET CLR 3.5.30729; .NET CLR 3.0.30729; Media Center PC 6.0; InfoPath.3; .NET4.0C; .NET4.0E)" 20827
192.168.12.61 - - [17/Feb/2013:07:32:26 +0600] "GET /pause/ajaxPause?pauseConfigId=&admin=0 HTTP/1.1" 200 985 "http://callider/pause/index" "Mozilla/4.0 (compatible; MSIE 7.0; Windows NT 6.1; Trident/5.0; SLCC2; .NET CLR 2.0.50727; .NET CLR 3.5.30729; .NET CLR 3.0.30729; Media Center PC 6.0; InfoPath.3; .NET4.0C; .NET4.0E)" 18966
192.168.12.38 - - [17/Feb/2013:07:32:26 +0600] "GET /pause/ajaxPause?pauseConfigId=&admin=0 HTTP/1.1" 200 1040 "http://callider/pause/index" "Mozilla/4.0 (compatible; MSIE 7.0; Windows NT 6.1; WOW64; Trident/5.0; SLCC2; .NET CLR 2.0.50727; .NET CLR 3.5.30729; .NET CLR 3.0.30729; Media Center PC 6.0; InfoPath.3; .NET4.0C; .NET4.0E)" 16575
192.168.12.77 - - [17/Feb/2013:07:32:26 +0600] "GET /pause/ajaxPause?pauseConfigId=&admin=0 HTTP/1.1" 200 1039 "http://callider/pause/index" "Mozilla/4.0 (compatible; MSIE 7.0; Windows NT 6.1; Trident/5.0; SLCC2; .NET CLR 2.0.50727; .NET CLR 3.5.30729; .NET CLR 3.0.30729; Media Center PC 6.0; Tablet PC 2.0; InfoPath.3; .NET4.0C; .NET4.0E; MS-RTC LM 8)" 13201
192.168.65.56 - - [17/Feb/2013:07:32:26 +0600] "GET /pause/ajaxPause?pauseConfigId=all&admin=1 HTTP/1.1" 200 1046 "http://192.168.65.101/pause/index" "Mozilla/5.0 (Windows NT 5.1; rv:15.0) Gecko/20100101 Firefox/15.0" 34142
192.168.12.204 - - [17/Feb/2013:07:32:28 +0600] "GET /pause/ajaxPause?pauseConfigId=&admin=0 HTTP/1.1" 200 986 "http://callider/pause/index" "Mozilla/4.0 (compatible; MSIE 7.0; Windows NT 6.1; WOW64; Trident/4.0; SLCC2; .NET CLR 2.0.50727; .NET CLR 3.5.30729; .NET CLR 3.0.30729; Media Center PC 6.0; InfoPath.3; .NET4.0C; .NET4.0E; .NET CLR 1.1.4322)" 358727
192.168.12.60 - - [17/Feb/2013:07:32:28 +0600] "GET /pause/ajaxPause?pauseConfigId=&admin=0 HTTP/1.1" 200 986 "http://callider/pause/index" "Mozilla/4.0 (compatible; MSIE 8.0; Windows NT 6.1; Trident/4.0; InfoPath.3; .NET4.0C; MS-RTC LM 8; .NET4.0E)" 665016
192.168.74.78 - - [17/Feb/2013:07:32:29 +0600] "GET /pause/ajaxPause?pauseConfigId=&admin=0 HTTP/1.1" 200 986 "http://callider/pause/index" "Mozilla/4.0 (compatible; MSIE 7.0; Windows NT 6.1; WOW64; Trident/5.0; SLCC2; .NET CLR 2.0.50727; .NET CLR 3.5.30729; .NET CLR 3.0.30729; Media Center PC 6.0; InfoPath.3; .NET4.0C; MS-RTC LM 8; .NET4.0E)" 27394
192.168.12.69 - - [17/Feb/2013:07:32:30 +0600] "GET /pause/ajaxPause?pauseConfigId=&admin=0 HTTP/1.1" 200 986 "http://callider/pause/index" "Mozilla/4.0 (compatible; MSIE 7.0; Windows NT 6.1; Trident/5.0; SLCC2; .NET CLR 2.0.50727; .NET CLR 3.5.30729; .NET CLR 3.0.30729; Media Center PC 6.0; InfoPath.3; .NET4.0C; .NET4.0E; Tablet PC 2.0; AskTbFXTV5/5.14.1.20007)" 20794
192.168.74.91 - - [17/Feb/2013:07:32:30 +0600] "GET /pause/ajaxPause?pauseConfigId=&admin=0 HTTP/1.1" 200 986 "http://callider/pause/index" "Mozilla/4.0 (compatible; MSIE 7.0; Windows NT 6.1; WOW64; Trident/5.0; SLCC2; .NET CLR 2.0.50727; .NET CLR 3.5.30729; .NET CLR 3.0.30729; Media Center PC 6.0; InfoPath.3; .NET4.0C; MS-RTC LM 8; .NET4.0E)" 23001
192.168.74.151 - - [17/Feb/2013:07:32:30 +0600] "GET /pause/ajaxPause?pauseConfigId=&admin=0 HTTP/1.1" 200 987 "http://callider.kontur/pause/index" "Mozilla/5.0 (Windows NT 6.1; WOW64; rv:18.0) Gecko/20100101 Firefox/18.0" 21047
192.168.12.210 - - [17/Feb/2013:07:32:30 +0600] "GET /pause/ajaxPause?pauseConfigId=all&admin=1 HTTP/1.1" 200 1047 "http://callider/pause/index" "Mozilla/4.0 (compatible; MSIE 7.0; Windows NT 6.1; WOW64; Trident/5.0; SLCC2; .NET CLR 2.0.50727; .NET CLR 3.5.30729; .NET CLR 3.0.30729; Media Center PC 6.0; InfoPath.3; .NET4.0C; .NET4.0E)" 17570
192.168.12.61 - - [17/Feb/2013:07:32:31 +0600] "GET /pause/ajaxPause?pauseConfigId=&admin=0 HTTP/1.1" 200 985 "http://callider/pause/index" "Mozilla/4.0 (compatible; MSIE 7.0; Windows NT 6.1; Trident/5.0; SLCC2; .NET CLR 2.0.50727; .NET CLR 3.5.30729; .NET CLR 3.0.30729; Media Center PC 6.0; InfoPath.3; .NET4.0C; .NET4.0E)" 31824
192.168.12.38 - - [17/Feb/2013:07:32:31 +0600] "GET /pause/ajaxPause?pauseConfigId=&admin=0 HTTP/1.1" 200 1040 "http://callider/pause/index" "Mozilla/4.0 (compatible; MSIE 7.0; Windows NT 6.1; WOW64; Trident/5.0; SLCC2; .NET CLR 2.0.50727; .NET CLR 3.5.30729; .NET CLR 3.0.30729; Media Center PC 6.0; InfoPath.3; .NET4.0C; .NET4.0E)" 19416
192.168.12.77 - - [17/Feb/2013:07:32:31 +0600] "GET /pause/ajaxPause?pauseConfigId=&admin=0 HTTP/1.1" 200 1039 "http://callider/pause/index" "Mozilla/4.0 (compatible; MSIE 7.0; Windows NT 6.1; Trident/5.0; SLCC2; .NET CLR 2.0.50727; .NET CLR 3.5.30729; .NET CLR 3.0.30729; Media Center PC 6.0; Tablet PC 2.0; InfoPath.3; .NET4.0C; .NET4.0E; MS-RTC LM 8)" 13337
192.168.65.56 - - [17/Feb/2013:07:32:31 +0600] "GET /pause/ajaxPause?pauseConfigId=all&admin=1 HTTP/1.1" 200 1046 "http://192.168.65.101/pause/index" "Mozilla/5.0 (Windows NT 5.1; rv:15.0) Gecko/20100101 Firefox/15.0" 28994
192.168.12.60 - - [17/Feb/2013:07:32:33 +0600] "GET /pause/ajaxPause?pauseConfigId=&admin=0 HTTP/1.1" 200 986 "http://callider/pause/index" "Mozilla/4.0 (compatible; MSIE 8.0; Windows NT 6.1; Trident/4.0; InfoPath.3; .NET4.0C; MS-RTC LM 8; .NET4.0E)" 266710
192.168.12.204 - - [17/Feb/2013:07:32:33 +0600] "GET /pause/ajaxPause?pauseConfigId=&admin=0 HTTP/1.1" 200 986 "http://callider/pause/index" "Mozilla/4.0 (compatible; MSIE 7.0; Windows NT 6.1; WOW64; Trident/4.0; SLCC2; .NET CLR 2.0.50727; .NET CLR 3.5.30729; .NET CLR 3.0.30729; Media Center PC 6.0; InfoPath.3; .NET4.0C; .NET4.0E; .NET CLR 1.1.4322)" 17745
192.168.74.78 - - [17/Feb/2013:07:32:34 +0600] "GET /pause/ajaxPause?pauseConfigId=&admin=0 HTTP/1.1" 200 986 "http://callider/pause/index" "Mozilla/4.0 (compatible; MSIE 7.0; Windows NT 6.1; WOW64; Trident/5.0; SLCC2; .NET CLR 2.0.50727; .NET CLR 3.5.30729; .NET CLR 3.0.30729; Media Center PC 6.0; InfoPath.3; .NET4.0C; MS-RTC LM 8; .NET4.0E)" 19475
192.168.12.67 - - [17/Feb/2013:07:32:34 +0600] "GET /tv/useUser HTTP/1.1" 200 432 "http://callider/graph/personal" "Mozilla/4.0 (compatible; MSIE 7.0; Windows NT 6.1; Trident/5.0; SLCC2; .NET CLR 2.0.50727; .NET CLR 3.5.30729; .NET CLR 3.0.30729; Media Center PC 6.0; .NET4.0C; .NET4.0E; InfoPath.3; Tablet PC 2.0; MS-RTC LM 8)" 16155
192.168.12.69 - - [17/Feb/2013:07:32:35 +0600] "GET /pause/ajaxPause?pauseConfigId=&admin=0 HTTP/1.1" 200 986 "http://callider/pause/index" "Mozilla/4.0 (compatible; MSIE 7.0; Windows NT 6.1; Trident/5.0; SLCC2; .NET CLR 2.0.50727; .NET CLR 3.5.30729; .NET CLR 3.0.30729; Media Center PC 6.0; InfoPath.3; .NET4.0C; .NET4.0E; Tablet PC 2.0; AskTbFXTV5/5.14.1.20007)" 19858
192.168.74.91 - - [17/Feb/2013:07:32:35 +0600] "GET /pause/ajaxPause?pauseConfigId=&admin=0 HTTP/1.1" 200 986 "http://callider/pause/index" "Mozilla/4.0 (compatible; MSIE 7.0; Windows NT 6.1; WOW64; Trident/5.0; SLCC2; .NET CLR 2.0.50727; .NET CLR 3.5.30729; .NET CLR 3.0.30729; Media Center PC 6.0; InfoPath.3; .NET4.0C; MS-RTC LM 8; .NET4.0E)" 68895
192.168.74.151 - - [17/Feb/2013:07:32:35 +0600] "GET /pause/ajaxPause?pauseConfigId=&admin=0 HTTP/1.1" 200 987 "http://callider.kontur/pause/index" "Mozilla/5.0 (Windows NT 6.1; WOW64; rv:18.0) Gecko/20100101 Firefox/18.0" 23519
192.168.12.210 - - [17/Feb/2013:07:32:35 +0600] "GET /pause/ajaxPause?pauseConfigId=all&admin=1 HTTP/1.1" 200 1047 "http://callider/pause/index" "Mozilla/4.0 (compatible; MSIE 7.0; Windows NT 6.1; WOW64; Trident/5.0; SLCC2; .NET CLR 2.0.50727; .NET CLR 3.5.30729; .NET CLR 3.0.30729; Media Center PC 6.0; InfoPath.3; .NET4.0C; .NET4.0E)" 37358
192.168.12.61 - - [17/Feb/2013:07:32:36 +0600] "GET /pause/ajaxPause?pauseConfigId=&admin=0 HTTP/1.1" 200 986 "http://callider/pause/index" "Mozilla/4.0 (compatible; MSIE 7.0; Windows NT 6.1; Trident/5.0; SLCC2; .NET CLR 2.0.50727; .NET CLR 3.5.30729; .NET CLR 3.0.30729; Media Center PC 6.0; InfoPath.3; .NET4.0C; .NET4.0E)" 25078
192.168.12.38 - - [17/Feb/2013:07:32:36 +0600] "GET /pause/ajaxPause?pauseConfigId=&admin=0 HTTP/1.1" 200 1040 "http://callider/pause/index" "Mozilla/4.0 (compatible; MSIE 7.0; Windows NT 6.1; WOW64; Trident/5.0; SLCC2; .NET CLR 2.0.50727; .NET CLR 3.5.30729; .NET CLR 3.0.30729; Media Center PC 6.0; InfoPath.3; .NET4.0C; .NET4.0E)" 14728
192.168.12.77 - - [17/Feb/2013:07:32:36 +0600] "GET /pause/ajaxPause?pauseConfigId=&admin=0 HTTP/1.1" 200 1039 "http://callider/pause/index" "Mozilla/4.0 (compatible; MSIE 7.0; Windows NT 6.1; Trident/5.0; SLCC2; .NET CLR 2.0.50727; .NET CLR 3.5.30729; .NET CLR 3.0.30729; Media Center PC 6.0; Tablet PC 2.0; InfoPath.3; .NET4.0C; .NET4.0E; MS-RTC LM 8)" 13988
192.168.65.56 - - [17/Feb/2013:07:32:36 +0600] "GET /pause/ajaxPause?pauseConfigId=all&admin=1 HTTP/1.1" 200 1046 "http://192.168.65.101/pause/index" "Mozilla/5.0 (Windows NT 5.1; rv:15.0) Gecko/20100101 Firefox/15.0" 29596
192.168.74.93 - - [17/Feb/2013:07:32:38 +0600] "GET /tv/useUser HTTP/1.1" 200 432 "http://callider/graph/personal" "Mozilla/4.0 (compatible; MSIE 7.0; Windows NT 6.1; WOW64; Trident/5.0; SLCC2; .NET CLR 2.0.50727; .NET CLR 3.5.30729; .NET CLR 3.0.30729; Media Center PC 6.0; InfoPath.3; .NET4.0C; .NET4.0E)" 16659
192.168.12.60 - - [17/Feb/2013:07:32:38 +0600] "GET /pause/ajaxPause?pauseConfigId=&admin=0 HTTP/1.1" 200 986 "http://callider/pause/index" "Mozilla/4.0 (compatible; MSIE 8.0; Windows NT 6.1; Trident/4.0; InfoPath.3; .NET4.0C; MS-RTC LM 8; .NET4.0E)" 19690
192.168.12.204 - - [17/Feb/2013:07:32:38 +0600] "GET /pause/ajaxPause?pauseConfigId=&admin=0 HTTP/1.1" 200 986 "http://callider/pause/index" "Mozilla/4.0 (compatible; MSIE 7.0; Windows NT 6.1; WOW64; Trident/4.0; SLCC2; .NET CLR 2.0.50727; .NET CLR 3.5.30729; .NET CLR 3.0.30729; Media Center PC 6.0; InfoPath.3; .NET4.0C; .NET4.0E; .NET CLR 1.1.4322)" 18675
192.168.12.210 - - [17/Feb/2013:07:32:39 +0600] "GET /tv/useUser HTTP/1.1" 200 431 "http://callider/graph/general" "Mozilla/4.0 (compatible; MSIE 7.0; Windows NT 6.1; WOW64; Trident/5.0; SLCC2; .NET CLR 2.0.50727; .NET CLR 3.5.30729; .NET CLR 3.0.30729; Media Center PC 6.0; InfoPath.3; .NET4.0C; .NET4.0E)" 8862
192.168.74.78 - - [17/Feb/2013:07:32:39 +0600] "GET /pause/ajaxPause?pauseConfigId=&admin=0 HTTP/1.1" 200 986 "http://callider/pause/index" "Mozilla/4.0 (compatible; MSIE 7.0; Windows NT 6.1; WOW64; Trident/5.0; SLCC2; .NET CLR 2.0.50727; .NET CLR 3.5.30729; .NET CLR 3.0.30729; Media Center PC 6.0; InfoPath.3; .NET4.0C; MS-RTC LM 8; .NET4.0E)" 202620
192.168.12.69 - - [17/Feb/2013:07:32:40 +0600] "GET /pause/ajaxPause?pauseConfigId=&admin=0 HTTP/1.1" 200 986 "http://callider/pause/index" "Mozilla/4.0 (compatible; MSIE 7.0; Windows NT 6.1; Trident/5.0; SLCC2; .NET CLR 2.0.50727; .NET CLR 3.5.30729; .NET CLR 3.0.30729; Media Center PC 6.0; InfoPath.3; .NET4.0C; .NET4.0E; Tablet PC 2.0; AskTbFXTV5/5.14.1.20007)" 24419
192.168.74.91 - - [17/Feb/2013:07:32:40 +0600] "GET /pause/ajaxPause?pauseConfigId=&admin=0 HTTP/1.1" 200 986 "http://callider/pause/index" "Mozilla/4.0 (compatible; MSIE 7.0; Windows NT 6.1; WOW64; Trident/5.0; SLCC2; .NET CLR 2.0.50727; .NET CLR 3.5.30729; .NET CLR 3.0.30729; Media Center PC 6.0; InfoPath.3; .NET4.0C; MS-RTC LM 8; .NET4.0E)" 20434
192.168.74.151 - - [17/Feb/2013:07:32:40 +0600] "GET /pause/ajaxPause?pauseConfigId=&admin=0 HTTP/1.1" 200 987 "http://callider.kontur/pause/index" "Mozilla/5.0 (Windows NT 6.1; WOW64; rv:18.0) Gecko/20100101 Firefox/18.0" 17499
192.168.12.210 - - [17/Feb/2013:07:32:40 +0600] "GET /pause/ajaxPause?pauseConfigId=all&admin=1 HTTP/1.1" 200 1047 "http://callider/pause/index" "Mozilla/4.0 (compatible; MSIE 7.0; Windows NT 6.1; WOW64; Trident/5.0; SLCC2; .NET CLR 2.0.50727; .NET CLR 3.5.30729; .NET CLR 3.0.30729; Media Center PC 6.0; InfoPath.3; .NET4.0C; .NET4.0E)" 19672
192.168.12.9 - - [17/Feb/2013:07:32:40 +0600] "GET /tv/useUser HTTP/1.1" 200 432 "http://callider.kontur/site/index" "Mozilla/5.0 (Windows NT 6.1; WOW64) AppleWebKit/537.17 (KHTML, like Gecko) Chrome/24.0.1312.57 Safari/537.17" 15171
192.168.12.61 - - [17/Feb/2013:07:32:41 +0600] "GET /pause/ajaxPause?pauseConfigId=&admin=0 HTTP/1.1" 200 985 "http://callider/pause/index" "Mozilla/4.0 (compatible; MSIE 7.0; Windows NT 6.1; Trident/5.0; SLCC2; .NET CLR 2.0.50727; .NET CLR 3.5.30729; .NET CLR 3.0.30729; Media Center PC 6.0; InfoPath.3; .NET4.0C; .NET4.0E)" 58115
192.168.12.38 - - [17/Feb/2013:07:32:41 +0600] "GET /pause/ajaxPause?pauseConfigId=&admin=0 HTTP/1.1" 200 1040 "http://callider/pause/index" "Mozilla/4.0 (compatible; MSIE 7.0; Windows NT 6.1; WOW64; Trident/5.0; SLCC2; .NET CLR 2.0.50727; .NET CLR 3.5.30729; .NET CLR 3.0.30729; Media Center PC 6.0; InfoPath.3; .NET4.0C; .NET4.0E)" 20058
192.168.12.77 - - [17/Feb/2013:07:32:41 +0600] "GET /pause/ajaxPause?pauseConfigId=&admin=0 HTTP/1.1" 200 1039 "http://callider/pause/index" "Mozilla/4.0 (compatible; MSIE 7.0; Windows NT 6.1; Trident/5.0; SLCC2; .NET CLR 2.0.50727; .NET CLR 3.5.30729; .NET CLR 3.0.30729; Media Center PC 6.0; Tablet PC 2.0; InfoPath.3; .NET4.0C; .NET4.0E; MS-RTC LM 8)" 15126
192.168.65.56 - - [17/Feb/2013:07:32:41 +0600] "GET /pause/ajaxPause?pauseConfigId=all&admin=1 HTTP/1.1" 200 1046 "http://192.168.65.101/pause/index" "Mozilla/5.0 (Windows NT 5.1; rv:15.0) Gecko/20100101 Firefox/15.0" 29860
192.168.12.60 - - [17/Feb/2013:07:32:43 +0600] "GET /pause/ajaxPause?pauseConfigId=&admin=0 HTTP/1.1" 200 986 "http://callider/pause/index" "Mozilla/4.0 (compatible; MSIE 8.0; Windows NT 6.1; Trident/4.0; InfoPath.3; .NET4.0C; MS-RTC LM 8; .NET4.0E)" 24699
192.168.12.204 - - [17/Feb/2013:07:32:43 +0600] "GET /pause/ajaxPause?pauseConfigId=&admin=0 HTTP/1.1" 200 986 "http://callider/pause/index" "Mozilla/4.0 (compatible; MSIE 7.0; Windows NT 6.1; WOW64; Trident/4.0; SLCC2; .NET CLR 2.0.50727; .NET CLR 3.5.30729; .NET CLR 3.0.30729; Media Center PC 6.0; InfoPath.3; .NET4.0C; .NET4.0E; .NET CLR 1.1.4322)" 18687
192.168.74.78 - - [17/Feb/2013:07:32:44 +0600] "GET /pause/ajaxPause?pauseConfigId=&admin=0 HTTP/1.1" 200 986 "http://callider/pause/index" "Mozilla/4.0 (compatible; MSIE 7.0; Windows NT 6.1; WOW64; Trident/5.0; SLCC2; .NET CLR 2.0.50727; .NET CLR 3.5.30729; .NET CLR 3.0.30729; Media Center PC 6.0; InfoPath.3; .NET4.0C; MS-RTC LM 8; .NET4.0E)" 21084
192.168.12.69 - - [17/Feb/2013:07:32:45 +0600] "GET /pause/ajaxPause?pauseConfigId=&admin=0 HTTP/1.1" 200 986 "http://callider/pause/index" "Mozilla/4.0 (compatible; MSIE 7.0; Windows NT 6.1; Trident/5.0; SLCC2; .NET CLR 2.0.50727; .NET CLR 3.5.30729; .NET CLR 3.0.30729; Media Center PC 6.0; InfoPath.3; .NET4.0C; .NET4.0E; Tablet PC 2.0; AskTbFXTV5/5.14.1.20007)" 18605
192.168.74.91 - - [17/Feb/2013:07:32:45 +0600] "GET /pause/ajaxPause?pauseConfigId=&admin=0 HTTP/1.1" 200 986 "http://callider/pause/index" "Mozilla/4.0 (compatible; MSIE 7.0; Windows NT 6.1; WOW64; Trident/5.0; SLCC2; .NET CLR 2.0.50727; .NET CLR 3.5.30729; .NET CLR 3.0.30729; Media Center PC 6.0; InfoPath.3; .NET4.0C; MS-RTC LM 8; .NET4.0E)" 20789
192.168.74.151 - - [17/Feb/2013:07:32:45 +0600] "GET /pause/ajaxPause?pauseConfigId=&admin=0 HTTP/1.1" 200 987 "http://callider.kontur/pause/index" "Mozilla/5.0 (Windows NT 6.1; WOW64; rv:18.0) Gecko/20100101 Firefox/18.0" 18926
192.168.12.210 - - [17/Feb/2013:07:32:45 +0600] "GET /pause/ajaxPause?pauseConfigId=all&admin=1 HTTP/1.1" 200 1047 "http://callider/pause/index" "Mozilla/4.0 (compatible; MSIE 7.0; Windows NT 6.1; WOW64; Trident/5.0; SLCC2; .NET CLR 2.0.50727; .NET CLR 3.5.30729; .NET CLR 3.0.30729; Media Center PC 6.0; InfoPath.3; .NET4.0C; .NET4.0E)" 18732
192.168.12.38 - - [17/Feb/2013:07:32:46 +0600] "GET /pause/ajaxPause?pauseConfigId=&admin=0 HTTP/1.1" 200 1040 "http://callider/pause/index" "Mozilla/4.0 (compatible; MSIE 7.0; Windows NT 6.1; WOW64; Trident/5.0; SLCC2; .NET CLR 2.0.50727; .NET CLR 3.5.30729; .NET CLR 3.0.30729; Media Center PC 6.0; InfoPath.3; .NET4.0C; .NET4.0E)" 19157
192.168.12.61 - - [17/Feb/2013:07:32:46 +0600] "GET /pause/ajaxPause?pauseConfigId=&admin=0 HTTP/1.1" 200 985 "http://callider/pause/index" "Mozilla/4.0 (compatible; MSIE 7.0; Windows NT 6.1; Trident/5.0; SLCC2; .NET CLR 2.0.50727; .NET CLR 3.5.30729; .NET CLR 3.0.30729; Media Center PC 6.0; InfoPath.3; .NET4.0C; .NET4.0E)" 19650
192.168.12.77 - - [17/Feb/2013:07:32:46 +0600] "GET /pause/ajaxPause?pauseConfigId=&admin=0 HTTP/1.1" 200 1039 "http://callider/pause/index" "Mozilla/4.0 (compatible; MSIE 7.0; Windows NT 6.1; Trident/5.0; SLCC2; .NET CLR 2.0.50727; .NET CLR 3.5.30729; .NET CLR 3.0.30729; Media Center PC 6.0; Tablet PC 2.0; InfoPath.3; .NET4.0C; .NET4.0E; MS-RTC LM 8)" 14049
192.168.65.56 - - [17/Feb/2013:07:32:46 +0600] "GET /pause/ajaxPause?pauseConfigId=all&admin=1 HTTP/1.1" 200 1046 "http://192.168.65.101/pause/index" "Mozilla/5.0 (Windows NT 5.1; rv:15.0) Gecko/20100101 Firefox/15.0" 27911
192.168.12.60 - - [17/Feb/2013:07:32:48 +0600] "GET /pause/ajaxPause?pauseConfigId=&admin=0 HTTP/1.1" 200 986 "http://callider/pause/index" "Mozilla/4.0 (compatible; MSIE 8.0; Windows NT 6.1; Trident/4.0; InfoPath.3; .NET4.0C; MS-RTC LM 8; .NET4.0E)" 31619
192.168.12.204 - - [17/Feb/2013:07:32:48 +0600] "GET /pause/ajaxPause?pauseConfigId=&admin=0 HTTP/1.1" 200 986 "http://callider/pause/index" "Mozilla/4.0 (compatible; MSIE 7.0; Windows NT 6.1; WOW64; Trident/4.0; SLCC2; .NET CLR 2.0.50727; .NET CLR 3.5.30729; .NET CLR 3.0.30729; Media Center PC 6.0; InfoPath.3; .NET4.0C; .NET4.0E; .NET CLR 1.1.4322)" 21448
192.168.12.210 - - [17/Feb/2013:07:32:49 +0600] "GET /tv/useUser HTTP/1.1" 200 431 "http://callider/pause/index" "Mozilla/4.0 (compatible; MSIE 7.0; Windows NT 6.1; WOW64; Trident/5.0; SLCC2; .NET CLR 2.0.50727; .NET CLR 3.5.30729; .NET CLR 3.0.30729; Media Center PC 6.0; InfoPath.3; .NET4.0C; .NET4.0E)" 8654
192.168.74.78 - - [17/Feb/2013:07:32:49 +0600] "GET /pause/ajaxPause?pauseConfigId=&admin=0 HTTP/1.1" 200 986 "http://callider/pause/index" "Mozilla/4.0 (compatible; MSIE 7.0; Windows NT 6.1; WOW64; Trident/5.0; SLCC2; .NET CLR 2.0.50727; .NET CLR 3.5.30729; .NET CLR 3.0.30729; Media Center PC 6.0; InfoPath.3; .NET4.0C; MS-RTC LM 8; .NET4.0E)" 65664
192.168.12.69 - - [17/Feb/2013:07:32:50 +0600] "GET /pause/ajaxPause?pauseConfigId=&admin=0 HTTP/1.1" 200 986 "http://callider/pause/index" "Mozilla/4.0 (compatible; MSIE 7.0; Windows NT 6.1; Trident/5.0; SLCC2; .NET CLR 2.0.50727; .NET CLR 3.5.30729; .NET CLR 3.0.30729; Media Center PC 6.0; InfoPath.3; .NET4.0C; .NET4.0E; Tablet PC 2.0; AskTbFXTV5/5.14.1.20007)" 18075
192.168.74.91 - - [17/Feb/2013:07:32:50 +0600] "GET /pause/ajaxPause?pauseConfigId=&admin=0 HTTP/1.1" 200 986 "http://callider/pause/index" "Mozilla/4.0 (compatible; MSIE 7.0; Windows NT 6.1; WOW64; Trident/5.0; SLCC2; .NET CLR 2.0.50727; .NET CLR 3.5.30729; .NET CLR 3.0.30729; Media Center PC 6.0; InfoPath.3; .NET4.0C; MS-RTC LM 8; .NET4.0E)" 20301
192.168.74.151 - - [17/Feb/2013:07:32:50 +0600] "GET /pause/ajaxPause?pauseConfigId=&admin=0 HTTP/1.1" 200 987 "http://callider.kontur/pause/index" "Mozilla/5.0 (Windows NT 6.1; WOW64; rv:18.0) Gecko/20100101 Firefox/18.0" 19950
192.168.12.210 - - [17/Feb/2013:07:32:50 +0600] "GET /pause/ajaxPause?pauseConfigId=all&admin=1 HTTP/1.1" 200 1047 "http://callider/pause/index" "Mozilla/4.0 (compatible; MSIE 7.0; Windows NT 6.1; WOW64; Trident/5.0; SLCC2; .NET CLR 2.0.50727; .NET CLR 3.5.30729; .NET CLR 3.0.30729; Media Center PC 6.0; InfoPath.3; .NET4.0C; .NET4.0E)" 20143
192.168.12.61 - - [17/Feb/2013:07:32:51 +0600] "GET /pause/ajaxPause?pauseConfigId=&admin=0 HTTP/1.1" 200 985 "http://callider/pause/index" "Mozilla/4.0 (compatible; MSIE 7.0; Windows NT 6.1; Trident/5.0; SLCC2; .NET CLR 2.0.50727; .NET CLR 3.5.30729; .NET CLR 3.0.30729; Media Center PC 6.0; InfoPath.3; .NET4.0C; .NET4.0E)" 17456
192.168.12.38 - - [17/Feb/2013:07:32:51 +0600] "GET /pause/ajaxPause?pauseConfigId=&admin=0 HTTP/1.1" 200 1040 "http://callider/pause/index" "Mozilla/4.0 (compatible; MSIE 7.0; Windows NT 6.1; WOW64; Trident/5.0; SLCC2; .NET CLR 2.0.50727; .NET CLR 3.5.30729; .NET CLR 3.0.30729; Media Center PC 6.0; InfoPath.3; .NET4.0C; .NET4.0E)" 16912
192.168.12.77 - - [17/Feb/2013:07:32:51 +0600] "GET /pause/ajaxPause?pauseConfigId=&admin=0 HTTP/1.1" 200 1039 "http://callider/pause/index" "Mozilla/4.0 (compatible; MSIE 7.0; Windows NT 6.1; Trident/5.0; SLCC2; .NET CLR 2.0.50727; .NET CLR 3.5.30729; .NET CLR 3.0.30729; Media Center PC 6.0; Tablet PC 2.0; InfoPath.3; .NET4.0C; .NET4.0E; MS-RTC LM 8)" 13249
192.168.65.56 - - [17/Feb/2013:07:32:51 +0600] "GET /pause/ajaxPause?pauseConfigId=all&admin=1 HTTP/1.1" 200 1046 "http://192.168.65.101/pause/index" "Mozilla/5.0 (Windows NT 5.1; rv:15.0) Gecko/20100101 Firefox/15.0" 28888
192.168.65.56 - - [17/Feb/2013:07:32:51 +0600] "GET /tv/useUser HTTP/1.1" 200 431 "http://192.168.65.101/pause/index" "Mozilla/5.0 (Windows NT 5.1; rv:15.0) Gecko/20100101 Firefox/15.0" 11351
192.168.12.60 - - [17/Feb/2013:07:32:53 +0600] "GET /pause/ajaxPause?pauseConfigId=&admin=0 HTTP/1.1" 200 986 "http://callider/pause/index" "Mozilla/4.0 (compatible; MSIE 8.0; Windows NT 6.1; Trident/4.0; InfoPath.3; .NET4.0C; MS-RTC LM 8; .NET4.0E)" 20695
192.168.12.204 - - [17/Feb/2013:07:32:53 +0600] "GET /pause/ajaxPause?pauseConfigId=&admin=0 HTTP/1.1" 200 986 "http://callider/pause/index" "Mozilla/4.0 (compatible; MSIE 7.0; Windows NT 6.1; WOW64; Trident/4.0; SLCC2; .NET CLR 2.0.50727; .NET CLR 3.5.30729; .NET CLR 3.0.30729; Media Center PC 6.0; InfoPath.3; .NET4.0C; .NET4.0E; .NET CLR 1.1.4322)" 28408
192.168.74.78 - - [17/Feb/2013:07:32:54 +0600] "GET /pause/ajaxPause?pauseConfigId=&admin=0 HTTP/1.1" 200 986 "http://callider/pause/index" "Mozilla/4.0 (compatible; MSIE 7.0; Windows NT 6.1; WOW64; Trident/5.0; SLCC2; .NET CLR 2.0.50727; .NET CLR 3.5.30729; .NET CLR 3.0.30729; Media Center PC 6.0; InfoPath.3; .NET4.0C; MS-RTC LM 8; .NET4.0E)" 19024
192.168.12.69 - - [17/Feb/2013:07:32:55 +0600] "GET /pause/ajaxPause?pauseConfigId=&admin=0 HTTP/1.1" 200 986 "http://callider/pause/index" "Mozilla/4.0 (compatible; MSIE 7.0; Windows NT 6.1; Trident/5.0; SLCC2; .NET CLR 2.0.50727; .NET CLR 3.5.30729; .NET CLR 3.0.30729; Media Center PC 6.0; InfoPath.3; .NET4.0C; .NET4.0E; Tablet PC 2.0; AskTbFXTV5/5.14.1.20007)" 20552
192.168.74.91 - - [17/Feb/2013:07:32:55 +0600] "GET /pause/ajaxPause?pauseConfigId=&admin=0 HTTP/1.1" 200 986 "http://callider/pause/index" "Mozilla/4.0 (compatible; MSIE 7.0; Windows NT 6.1; WOW64; Trident/5.0; SLCC2; .NET CLR 2.0.50727; .NET CLR 3.5.30729; .NET CLR 3.0.30729; Media Center PC 6.0; InfoPath.3; .NET4.0C; MS-RTC LM 8; .NET4.0E)" 22937
192.168.74.151 - - [17/Feb/2013:07:32:55 +0600] "GET /pause/ajaxPause?pauseConfigId=&admin=0 HTTP/1.1" 200 987 "http://callider.kontur/pause/index" "Mozilla/5.0 (Windows NT 6.1; WOW64; rv:18.0) Gecko/20100101 Firefox/18.0" 22629
192.168.12.210 - - [17/Feb/2013:07:32:55 +0600] "GET /pause/ajaxPause?pauseConfigId=all&admin=1 HTTP/1.1" 200 1047 "http://callider/pause/index" "Mozilla/4.0 (compatible; MSIE 7.0; Windows NT 6.1; WOW64; Trident/5.0; SLCC2; .NET CLR 2.0.50727; .NET CLR 3.5.30729; .NET CLR 3.0.30729; Media Center PC 6.0; InfoPath.3; .NET4.0C; .NET4.0E)" 19939
192.168.12.38 - - [17/Feb/2013:07:32:56 +0600] "GET /pause/ajaxPause?pauseConfigId=&admin=0 HTTP/1.1" 200 1040 "http://callider/pause/index" "Mozilla/4.0 (compatible; MSIE 7.0; Windows NT 6.1; WOW64; Trident/5.0; SLCC2; .NET CLR 2.0.50727; .NET CLR 3.5.30729; .NET CLR 3.0.30729; Media Center PC 6.0; InfoPath.3; .NET4.0C; .NET4.0E)" 18826
192.168.12.61 - - [17/Feb/2013:07:32:56 +0600] "GET /pause/ajaxPause?pauseConfigId=&admin=0 HTTP/1.1" 200 986 "http://callider/pause/index" "Mozilla/4.0 (compatible; MSIE 7.0; Windows NT 6.1; Trident/5.0; SLCC2; .NET CLR 2.0.50727; .NET CLR 3.5.30729; .NET CLR 3.0.30729; Media Center PC 6.0; InfoPath.3; .NET4.0C; .NET4.0E)" 34256
192.168.12.77 - - [17/Feb/2013:07:32:56 +0600] "GET /pause/ajaxPause?pauseConfigId=&admin=0 HTTP/1.1" 200 1039 "http://callider/pause/index" "Mozilla/4.0 (compatible; MSIE 7.0; Windows NT 6.1; Trident/5.0; SLCC2; .NET CLR 2.0.50727; .NET CLR 3.5.30729; .NET CLR 3.0.30729; Media Center PC 6.0; Tablet PC 2.0; InfoPath.3; .NET4.0C; .NET4.0E; MS-RTC LM 8)" 14981
192.168.65.56 - - [17/Feb/2013:07:32:56 +0600] "GET /pause/ajaxPause?pauseConfigId=all&admin=1 HTTP/1.1" 200 1046 "http://192.168.65.101/pause/index" "Mozilla/5.0 (Windows NT 5.1; rv:15.0) Gecko/20100101 Firefox/15.0" 28787
192.168.12.60 - - [17/Feb/2013:07:32:58 +0600] "GET /pause/ajaxPause?pauseConfigId=&admin=0 HTTP/1.1" 200 986 "http://callider/pause/index" "Mozilla/4.0 (compatible; MSIE 8.0; Windows NT 6.1; Trident/4.0; InfoPath.3; .NET4.0C; MS-RTC LM 8; .NET4.0E)" 28804
192.168.12.204 - - [17/Feb/2013:07:32:58 +0600] "GET /pause/ajaxPause?pauseConfigId=&admin=0 HTTP/1.1" 200 986 "http://callider/pause/index" "Mozilla/4.0 (compatible; MSIE 7.0; Windows NT 6.1; WOW64; Trident/4.0; SLCC2; .NET CLR 2.0.50727; .NET CLR 3.5.30729; .NET CLR 3.0.30729; Media Center PC 6.0; InfoPath.3; .NET4.0C; .NET4.0E; .NET CLR 1.1.4322)" 21548
192.168.74.78 - - [17/Feb/2013:07:32:59 +0600] "GET /pause/ajaxPause?pauseConfigId=&admin=0 HTTP/1.1" 200 986 "http://callider/pause/index" "Mozilla/4.0 (compatible; MSIE 7.0; Windows NT 6.1; WOW64; Trident/5.0; SLCC2; .NET CLR 2.0.50727; .NET CLR 3.5.30729; .NET CLR 3.0.30729; Media Center PC 6.0; InfoPath.3; .NET4.0C; MS-RTC LM 8; .NET4.0E)" 19473
192.168.12.69 - - [17/Feb/2013:07:33:00 +0600] "GET /pause/ajaxPause?pauseConfigId=&admin=0 HTTP/1.1" 200 986 "http://callider/pause/index" "Mozilla/4.0 (compatible; MSIE 7.0; Windows NT 6.1; Trident/5.0; SLCC2; .NET CLR 2.0.50727; .NET CLR 3.5.30729; .NET CLR 3.0.30729; Media Center PC 6.0; InfoPath.3; .NET4.0C; .NET4.0E; Tablet PC 2.0; AskTbFXTV5/5.14.1.20007)" 22034
192.168.74.91 - - [17/Feb/2013:07:33:00 +0600] "GET /pause/ajaxPause?pauseConfigId=&admin=0 HTTP/1.1" 200 986 "http://callider/pause/index" "Mozilla/4.0 (compatible; MSIE 7.0; Windows NT 6.1; WOW64; Trident/5.0; SLCC2; .NET CLR 2.0.50727; .NET CLR 3.5.30729; .NET CLR 3.0.30729; Media Center PC 6.0; InfoPath.3; .NET4.0C; MS-RTC LM 8; .NET4.0E)" 19459
192.168.74.151 - - [17/Feb/2013:07:33:00 +0600] "GET /pause/ajaxPause?pauseConfigId=&admin=0 HTTP/1.1" 200 987 "http://callider.kontur/pause/index" "Mozilla/5.0 (Windows NT 6.1; WOW64; rv:18.0) Gecko/20100101 Firefox/18.0" 18961
192.168.12.210 - - [17/Feb/2013:07:33:00 +0600] "GET /pause/ajaxPause?pauseConfigId=all&admin=1 HTTP/1.1" 200 1047 "http://callider/pause/index" "Mozilla/4.0 (compatible; MSIE 7.0; Windows NT 6.1; WOW64; Trident/5.0; SLCC2; .NET CLR 2.0.50727; .NET CLR 3.5.30729; .NET CLR 3.0.30729; Media Center PC 6.0; InfoPath.3; .NET4.0C; .NET4.0E)" 22532
192.168.12.38 - - [17/Feb/2013:07:33:01 +0600] "GET /pause/ajaxPause?pauseConfigId=&admin=0 HTTP/1.1" 200 1040 "http://callider/pause/index" "Mozilla/4.0 (compatible; MSIE 7.0; Windows NT 6.1; WOW64; Trident/5.0; SLCC2; .NET CLR 2.0.50727; .NET CLR 3.5.30729; .NET CLR 3.0.30729; Media Center PC 6.0; InfoPath.3; .NET4.0C; .NET4.0E)" 23165
192.168.12.61 - - [17/Feb/2013:07:33:01 +0600] "GET /pause/ajaxPause?pauseConfigId=&admin=0 HTTP/1.1" 200 985 "http://callider/pause/index" "Mozilla/4.0 (compatible; MSIE 7.0; Windows NT 6.1; Trident/5.0; SLCC2; .NET CLR 2.0.50727; .NET CLR 3.5.30729; .NET CLR 3.0.30729; Media Center PC 6.0; InfoPath.3; .NET4.0C; .NET4.0E)" 25298
192.168.12.77 - - [17/Feb/2013:07:33:01 +0600] "GET /pause/ajaxPause?pauseConfigId=&admin=0 HTTP/1.1" 200 1039 "http://callider/pause/index" "Mozilla/4.0 (compatible; MSIE 7.0; Windows NT 6.1; Trident/5.0; SLCC2; .NET CLR 2.0.50727; .NET CLR 3.5.30729; .NET CLR 3.0.30729; Media Center PC 6.0; Tablet PC 2.0; InfoPath.3; .NET4.0C; .NET4.0E; MS-RTC LM 8)" 12581
192.168.65.56 - - [17/Feb/2013:07:33:01 +0600] "GET /pause/ajaxPause?pauseConfigId=all&admin=1 HTTP/1.1" 200 1046 "http://192.168.65.101/pause/index" "Mozilla/5.0 (Windows NT 5.1; rv:15.0) Gecko/20100101 Firefox/15.0" 30700
192.168.12.60 - - [17/Feb/2013:07:33:03 +0600] "GET /pause/ajaxPause?pauseConfigId=&admin=0 HTTP/1.1" 200 986 "http://callider/pause/index" "Mozilla/4.0 (compatible; MSIE 8.0; Windows NT 6.1; Trident/4.0; InfoPath.3; .NET4.0C; MS-RTC LM 8; .NET4.0E)" 21982
192.168.12.204 - - [17/Feb/2013:07:33:03 +0600] "GET /pause/ajaxPause?pauseConfigId=&admin=0 HTTP/1.1" 200 986 "http://callider/pause/index" "Mozilla/4.0 (compatible; MSIE 7.0; Windows NT 6.1; WOW64; Trident/4.0; SLCC2; .NET CLR 2.0.50727; .NET CLR 3.5.30729; .NET CLR 3.0.30729; Media Center PC 6.0; InfoPath.3; .NET4.0C; .NET4.0E; .NET CLR 1.1.4322)" 22220
192.168.74.78 - - [17/Feb/2013:07:33:04 +0600] "GET /pause/ajaxPause?pauseConfigId=&admin=0 HTTP/1.1" 200 986 "http://callider/pause/index" "Mozilla/4.0 (compatible; MSIE 7.0; Windows NT 6.1; WOW64; Trident/5.0; SLCC2; .NET CLR 2.0.50727; .NET CLR 3.5.30729; .NET CLR 3.0.30729; Media Center PC 6.0; InfoPath.3; .NET4.0C; MS-RTC LM 8; .NET4.0E)" 35762
192.168.12.69 - - [17/Feb/2013:07:33:05 +0600] "GET /pause/ajaxPause?pauseConfigId=&admin=0 HTTP/1.1" 200 986 "http://callider/pause/index" "Mozilla/4.0 (compatible; MSIE 7.0; Windows NT 6.1; Trident/5.0; SLCC2; .NET CLR 2.0.50727; .NET CLR 3.5.30729; .NET CLR 3.0.30729; Media Center PC 6.0; InfoPath.3; .NET4.0C; .NET4.0E; Tablet PC 2.0; AskTbFXTV5/5.14.1.20007)" 18114
192.168.12.61 - - [17/Feb/2013:07:33:05 +0600] "GET /tv/useUser HTTP/1.1" 200 431 "http://callider/pause/index" "Mozilla/4.0 (compatible; MSIE 7.0; Windows NT 6.1; Trident/5.0; SLCC2; .NET CLR 2.0.50727; .NET CLR 3.5.30729; .NET CLR 3.0.30729; Media Center PC 6.0; InfoPath.3; .NET4.0C; .NET4.0E)" 12858
192.168.74.91 - - [17/Feb/2013:07:33:05 +0600] "GET /pause/ajaxPause?pauseConfigId=&admin=0 HTTP/1.1" 200 986 "http://callider/pause/index" "Mozilla/4.0 (compatible; MSIE 7.0; Windows NT 6.1; WOW64; Trident/5.0; SLCC2; .NET CLR 2.0.50727; .NET CLR 3.5.30729; .NET CLR 3.0.30729; Media Center PC 6.0; InfoPath.3; .NET4.0C; MS-RTC LM 8; .NET4.0E)" 19361
192.168.74.151 - - [17/Feb/2013:07:33:05 +0600] "GET /pause/ajaxPause?pauseConfigId=&admin=0 HTTP/1.1" 200 987 "http://callider.kontur/pause/index" "Mozilla/5.0 (Windows NT 6.1; WOW64; rv:18.0) Gecko/20100101 Firefox/18.0" 18914
192.168.12.210 - - [17/Feb/2013:07:33:05 +0600] "GET /pause/ajaxPause?pauseConfigId=all&admin=1 HTTP/1.1" 200 1047 "http://callider/pause/index" "Mozilla/4.0 (compatible; MSIE 7.0; Windows NT 6.1; WOW64; Trident/5.0; SLCC2; .NET CLR 2.0.50727; .NET CLR 3.5.30729; .NET CLR 3.0.30729; Media Center PC 6.0; InfoPath.3; .NET4.0C; .NET4.0E)" 18258
192.168.12.61 - - [17/Feb/2013:07:33:06 +0600] "GET /pause/ajaxPause?pauseConfigId=&admin=0 HTTP/1.1" 200 985 "http://callider/pause/index" "Mozilla/4.0 (compatible; MSIE 7.0; Windows NT 6.1; Trident/5.0; SLCC2; .NET CLR 2.0.50727; .NET CLR 3.5.30729; .NET CLR 3.0.30729; Media Center PC 6.0; InfoPath.3; .NET4.0C; .NET4.0E)" 22801
192.168.12.38 - - [17/Feb/2013:07:33:06 +0600] "GET /pause/ajaxPause?pauseConfigId=&admin=0 HTTP/1.1" 200 1040 "http://callider/pause/index" "Mozilla/4.0 (compatible; MSIE 7.0; Windows NT 6.1; WOW64; Trident/5.0; SLCC2; .NET CLR 2.0.50727; .NET CLR 3.5.30729; .NET CLR 3.0.30729; Media Center PC 6.0; InfoPath.3; .NET4.0C; .NET4.0E)" 16841
192.168.12.77 - - [17/Feb/2013:07:33:06 +0600] "GET /pause/ajaxPause?pauseConfigId=&admin=0 HTTP/1.1" 200 1039 "http://callider/pause/index" "Mozilla/4.0 (compatible; MSIE 7.0; Windows NT 6.1; Trident/5.0; SLCC2; .NET CLR 2.0.50727; .NET CLR 3.5.30729; .NET CLR 3.0.30729; Media Center PC 6.0; Tablet PC 2.0; InfoPath.3; .NET4.0C; .NET4.0E; MS-RTC LM 8)" 12193
192.168.65.56 - - [17/Feb/2013:07:33:06 +0600] "GET /pause/ajaxPause?pauseConfigId=all&admin=1 HTTP/1.1" 200 1046 "http://192.168.65.101/pause/index" "Mozilla/5.0 (Windows NT 5.1; rv:15.0) Gecko/20100101 Firefox/15.0" 26508
192.168.12.60 - - [17/Feb/2013:07:33:08 +0600] "GET /pause/ajaxPause?pauseConfigId=&admin=0 HTTP/1.1" 200 986 "http://callider/pause/index" "Mozilla/4.0 (compatible; MSIE 8.0; Windows NT 6.1; Trident/4.0; InfoPath.3; .NET4.0C; MS-RTC LM 8; .NET4.0E)" 55704
192.168.12.204 - - [17/Feb/2013:07:33:08 +0600] "GET /pause/ajaxPause?pauseConfigId=&admin=0 HTTP/1.1" 200 986 "http://callider/pause/index" "Mozilla/4.0 (compatible; MSIE 7.0; Windows NT 6.1; WOW64; Trident/4.0; SLCC2; .NET CLR 2.0.50727; .NET CLR 3.5.30729; .NET CLR 3.0.30729; Media Center PC 6.0; InfoPath.3; .NET4.0C; .NET4.0E; .NET CLR 1.1.4322)" 35610
192.168.74.78 - - [17/Feb/2013:07:33:09 +0600] "GET /pause/ajaxPause?pauseConfigId=&admin=0 HTTP/1.1" 200 986 "http://callider/pause/index" "Mozilla/4.0 (compatible; MSIE 7.0; Windows NT 6.1; WOW64; Trident/5.0; SLCC2; .NET CLR 2.0.50727; .NET CLR 3.5.30729; .NET CLR 3.0.30729; Media Center PC 6.0; InfoPath.3; .NET4.0C; MS-RTC LM 8; .NET4.0E)" 18791
192.168.12.69 - - [17/Feb/2013:07:33:10 +0600] "GET /pause/ajaxPause?pauseConfigId=&admin=0 HTTP/1.1" 200 986 "http://callider/pause/index" "Mozilla/4.0 (compatible; MSIE 7.0; Windows NT 6.1; Trident/5.0; SLCC2; .NET CLR 2.0.50727; .NET CLR 3.5.30729; .NET CLR 3.0.30729; Media Center PC 6.0; InfoPath.3; .NET4.0C; .NET4.0E; Tablet PC 2.0; AskTbFXTV5/5.14.1.20007)" 17671
192.168.74.91 - - [17/Feb/2013:07:33:10 +0600] "GET /pause/ajaxPause?pauseConfigId=&admin=0 HTTP/1.1" 200 986 "http://callider/pause/index" "Mozilla/4.0 (compatible; MSIE 7.0; Windows NT 6.1; WOW64; Trident/5.0; SLCC2; .NET CLR 2.0.50727; .NET CLR 3.5.30729; .NET CLR 3.0.30729; Media Center PC 6.0; InfoPath.3; .NET4.0C; MS-RTC LM 8; .NET4.0E)" 20721
192.168.74.151 - - [17/Feb/2013:07:33:10 +0600] "GET /pause/ajaxPause?pauseConfigId=&admin=0 HTTP/1.1" 200 987 "http://callider.kontur/pause/index" "Mozilla/5.0 (Windows NT 6.1; WOW64; rv:18.0) Gecko/20100101 Firefox/18.0" 19964
192.168.12.210 - - [17/Feb/2013:07:33:10 +0600] "GET /pause/ajaxPause?pauseConfigId=all&admin=1 HTTP/1.1" 200 1047 "http://callider/pause/index" "Mozilla/4.0 (compatible; MSIE 7.0; Windows NT 6.1; WOW64; Trident/5.0; SLCC2; .NET CLR 2.0.50727; .NET CLR 3.5.30729; .NET CLR 3.0.30729; Media Center PC 6.0; InfoPath.3; .NET4.0C; .NET4.0E)" 19122
192.168.12.42 - - [17/Feb/2013:07:33:11 +0600] "GET /tv/useUser HTTP/1.1" 200 432 "http://callider/graph/personal" "Mozilla/4.0 (compatible; MSIE 7.0; Windows NT 6.1; WOW64; Trident/5.0; SLCC2; .NET CLR 2.0.50727; .NET CLR 3.5.30729; .NET CLR 3.0.30729; Media Center PC 6.0; InfoPath.3; .NET4.0C; .NET4.0E)" 15747
192.168.12.38 - - [17/Feb/2013:07:33:11 +0600] "GET /pause/ajaxPause?pauseConfigId=&admin=0 HTTP/1.1" 200 1040 "http://callider/pause/index" "Mozilla/4.0 (compatible; MSIE 7.0; Windows NT 6.1; WOW64; Trident/5.0; SLCC2; .NET CLR 2.0.50727; .NET CLR 3.5.30729; .NET CLR 3.0.30729; Media Center PC 6.0; InfoPath.3; .NET4.0C; .NET4.0E)" 18341
192.168.12.61 - - [17/Feb/2013:07:33:11 +0600] "GET /pause/ajaxPause?pauseConfigId=&admin=0 HTTP/1.1" 200 986 "http://callider/pause/index" "Mozilla/4.0 (compatible; MSIE 7.0; Windows NT 6.1; Trident/5.0; SLCC2; .NET CLR 2.0.50727; .NET CLR 3.5.30729; .NET CLR 3.0.30729; Media Center PC 6.0; InfoPath.3; .NET4.0C; .NET4.0E)" 28860
192.168.12.77 - - [17/Feb/2013:07:33:11 +0600] "GET /pause/ajaxPause?pauseConfigId=&admin=0 HTTP/1.1" 200 1039 "http://callider/pause/index" "Mozilla/4.0 (compatible; MSIE 7.0; Windows NT 6.1; Trident/5.0; SLCC2; .NET CLR 2.0.50727; .NET CLR 3.5.30729; .NET CLR 3.0.30729; Media Center PC 6.0; Tablet PC 2.0; InfoPath.3; .NET4.0C; .NET4.0E; MS-RTC LM 8)" 15029
192.168.65.56 - - [17/Feb/2013:07:33:11 +0600] "GET /pause/ajaxPause?pauseConfigId=all&admin=1 HTTP/1.1" 200 1046 "http://192.168.65.101/pause/index" "Mozilla/5.0 (Windows NT 5.1; rv:15.0) Gecko/20100101 Firefox/15.0" 27034
192.168.12.60 - - [17/Feb/2013:07:33:13 +0600] "GET /pause/ajaxPause?pauseConfigId=&admin=0 HTTP/1.1" 200 986 "http://callider/pause/index" "Mozilla/4.0 (compatible; MSIE 8.0; Windows NT 6.1; Trident/4.0; InfoPath.3; .NET4.0C; MS-RTC LM 8; .NET4.0E)" 260450
192.168.12.204 - - [17/Feb/2013:07:33:13 +0600] "GET /pause/ajaxPause?pauseConfigId=&admin=0 HTTP/1.1" 200 986 "http://callider/pause/index" "Mozilla/4.0 (compatible; MSIE 7.0; Windows NT 6.1; WOW64; Trident/4.0; SLCC2; .NET CLR 2.0.50727; .NET CLR 3.5.30729; .NET CLR 3.0.30729; Media Center PC 6.0; InfoPath.3; .NET4.0C; .NET4.0E; .NET CLR 1.1.4322)" 18852
192.168.74.151 - - [17/Feb/2013:07:33:13 +0600] "GET /tv/useUser HTTP/1.1" 200 431 "http://callider.kontur/graph/general" "Mozilla/5.0 (Windows NT 6.1; WOW64; rv:18.0) Gecko/20100101 Firefox/18.0" 435462
192.168.74.78 - - [17/Feb/2013:07:33:14 +0600] "GET /pause/ajaxPause?pauseConfigId=&admin=0 HTTP/1.1" 200 986 "http://callider/pause/index" "Mozilla/4.0 (compatible; MSIE 7.0; Windows NT 6.1; WOW64; Trident/5.0; SLCC2; .NET CLR 2.0.50727; .NET CLR 3.5.30729; .NET CLR 3.0.30729; Media Center PC 6.0; InfoPath.3; .NET4.0C; MS-RTC LM 8; .NET4.0E)" 22513
192.168.12.69 - - [17/Feb/2013:07:33:15 +0600] "GET /pause/ajaxPause?pauseConfigId=&admin=0 HTTP/1.1" 200 986 "http://callider/pause/index" "Mozilla/4.0 (compatible; MSIE 7.0; Windows NT 6.1; Trident/5.0; SLCC2; .NET CLR 2.0.50727; .NET CLR 3.5.30729; .NET CLR 3.0.30729; Media Center PC 6.0; InfoPath.3; .NET4.0C; .NET4.0E; Tablet PC 2.0; AskTbFXTV5/5.14.1.20007)" 20713
192.168.74.91 - - [17/Feb/2013:07:33:15 +0600] "GET /pause/ajaxPause?pauseConfigId=&admin=0 HTTP/1.1" 200 986 "http://callider/pause/index" "Mozilla/4.0 (compatible; MSIE 7.0; Windows NT 6.1; WOW64; Trident/5.0; SLCC2; .NET CLR 2.0.50727; .NET CLR 3.5.30729; .NET CLR 3.0.30729; Media Center PC 6.0; InfoPath.3; .NET4.0C; MS-RTC LM 8; .NET4.0E)" 22580
192.168.74.151 - - [17/Feb/2013:07:33:15 +0600] "GET /pause/ajaxPause?pauseConfigId=&admin=0 HTTP/1.1" 200 987 "http://callider.kontur/pause/index" "Mozilla/5.0 (Windows NT 6.1; WOW64; rv:18.0) Gecko/20100101 Firefox/18.0" 22317
192.168.74.151 - - [17/Feb/2013:07:33:15 +0600] "GET /tv/useUser HTTP/1.1" 200 432 "http://callider.kontur/pause/index" "Mozilla/5.0 (Windows NT 6.1; WOW64; rv:18.0) Gecko/20100101 Firefox/18.0" 16642
192.168.12.210 - - [17/Feb/2013:07:33:15 +0600] "GET /pause/ajaxPause?pauseConfigId=all&admin=1 HTTP/1.1" 200 1047 "http://callider/pause/index" "Mozilla/4.0 (compatible; MSIE 7.0; Windows NT 6.1; WOW64; Trident/5.0; SLCC2; .NET CLR 2.0.50727; .NET CLR 3.5.30729; .NET CLR 3.0.30729; Media Center PC 6.0; InfoPath.3; .NET4.0C; .NET4.0E)" 20424
192.168.12.38 - - [17/Feb/2013:07:33:16 +0600] "GET /pause/ajaxPause?pauseConfigId=&admin=0 HTTP/1.1" 200 1040 "http://callider/pause/index" "Mozilla/4.0 (compatible; MSIE 7.0; Windows NT 6.1; WOW64; Trident/5.0; SLCC2; .NET CLR 2.0.50727; .NET CLR 3.5.30729; .NET CLR 3.0.30729; Media Center PC 6.0; InfoPath.3; .NET4.0C; .NET4.0E)" 16608
192.168.12.61 - - [17/Feb/2013:07:33:16 +0600] "GET /pause/ajaxPause?pauseConfigId=&admin=0 HTTP/1.1" 200 985 "http://callider/pause/index" "Mozilla/4.0 (compatible; MSIE 7.0; Windows NT 6.1; Trident/5.0; SLCC2; .NET CLR 2.0.50727; .NET CLR 3.5.30729; .NET CLR 3.0.30729; Media Center PC 6.0; InfoPath.3; .NET4.0C; .NET4.0E)" 19837
192.168.12.77 - - [17/Feb/2013:07:33:16 +0600] "GET /pause/ajaxPause?pauseConfigId=&admin=0 HTTP/1.1" 200 1039 "http://callider/pause/index" "Mozilla/4.0 (compatible; MSIE 7.0; Windows NT 6.1; Trident/5.0; SLCC2; .NET CLR 2.0.50727; .NET CLR 3.5.30729; .NET CLR 3.0.30729; Media Center PC 6.0; Tablet PC 2.0; InfoPath.3; .NET4.0C; .NET4.0E; MS-RTC LM 8)" 13153
192.168.65.56 - - [17/Feb/2013:07:33:16 +0600] "GET /pause/ajaxPause?pauseConfigId=all&admin=1 HTTP/1.1" 200 1046 "http://192.168.65.101/pause/index" "Mozilla/5.0 (Windows NT 5.1; rv:15.0) Gecko/20100101 Firefox/15.0" 27186
192.168.12.60 - - [17/Feb/2013:07:33:18 +0600] "GET /pause/ajaxPause?pauseConfigId=&admin=0 HTTP/1.1" 200 986 "http://callider/pause/index" "Mozilla/4.0 (compatible; MSIE 8.0; Windows NT 6.1; Trident/4.0; InfoPath.3; .NET4.0C; MS-RTC LM 8; .NET4.0E)" 39332
192.168.12.204 - - [17/Feb/2013:07:33:18 +0600] "GET /pause/ajaxPause?pauseConfigId=&admin=0 HTTP/1.1" 200 986 "http://callider/pause/index" "Mozilla/4.0 (compatible; MSIE 7.0; Windows NT 6.1; WOW64; Trident/4.0; SLCC2; .NET CLR 2.0.50727; .NET CLR 3.5.30729; .NET CLR 3.0.30729; Media Center PC 6.0; InfoPath.3; .NET4.0C; .NET4.0E; .NET CLR 1.1.4322)" 29371
192.168.74.78 - - [17/Feb/2013:07:33:19 +0600] "GET /pause/ajaxPause?pauseConfigId=&admin=0 HTTP/1.1" 200 986 "http://callider/pause/index" "Mozilla/4.0 (compatible; MSIE 7.0; Windows NT 6.1; WOW64; Trident/5.0; SLCC2; .NET CLR 2.0.50727; .NET CLR 3.5.30729; .NET CLR 3.0.30729; Media Center PC 6.0; InfoPath.3; .NET4.0C; MS-RTC LM 8; .NET4.0E)" 19684
192.168.12.10 - - [17/Feb/2013:07:33:19 +0600] "GET /tv/useUser HTTP/1.1" 200 432 "http://callider/graph/personal" "Mozilla/4.0 (compatible; MSIE 7.0; Windows NT 6.1; Trident/5.0; SLCC2; .NET CLR 2.0.50727; .NET CLR 3.5.30729; .NET CLR 3.0.30729; Media Center PC 6.0; InfoPath.3; .NET4.0C; .NET4.0E; Tablet PC 2.0; MS-RTC LM 8)" 14488
192.168.12.108 - - [17/Feb/2013:07:33:19 +0600] "GET /tv/useUser HTTP/1.1" 200 432 "http://callider/index.php" "Mozilla/4.0 (compatible; MSIE 7.0; Windows NT 6.2; WOW64; Trident/6.0; .NET4.0E; .NET4.0C; InfoPath.3; .NET CLR 3.5.30729; .NET CLR 2.0.50727; .NET CLR 3.0.30729)" 19680
192.168.12.69 - - [17/Feb/2013:07:33:20 +0600] "GET /pause/ajaxPause?pauseConfigId=&admin=0 HTTP/1.1" 200 986 "http://callider/pause/index" "Mozilla/4.0 (compatible; MSIE 7.0; Windows NT 6.1; Trident/5.0; SLCC2; .NET CLR 2.0.50727; .NET CLR 3.5.30729; .NET CLR 3.0.30729; Media Center PC 6.0; InfoPath.3; .NET4.0C; .NET4.0E; Tablet PC 2.0; AskTbFXTV5/5.14.1.20007)" 26008
192.168.74.91 - - [17/Feb/2013:07:33:20 +0600] "GET /pause/ajaxPause?pauseConfigId=&admin=0 HTTP/1.1" 200 986 "http://callider/pause/index" "Mozilla/4.0 (compatible; MSIE 7.0; Windows NT 6.1; WOW64; Trident/5.0; SLCC2; .NET CLR 2.0.50727; .NET CLR 3.5.30729; .NET CLR 3.0.30729; Media Center PC 6.0; InfoPath.3; .NET4.0C; MS-RTC LM 8; .NET4.0E)" 22739
192.168.74.151 - - [17/Feb/2013:07:33:20 +0600] "GET /pause/ajaxPause?pauseConfigId=&admin=0 HTTP/1.1" 200 987 "http://callider.kontur/pause/index" "Mozilla/5.0 (Windows NT 6.1; WOW64; rv:18.0) Gecko/20100101 Firefox/18.0" 20225
192.168.12.210 - - [17/Feb/2013:07:33:20 +0600] "GET /pause/ajaxPause?pauseConfigId=all&admin=1 HTTP/1.1" 200 1047 "http://callider/pause/index" "Mozilla/4.0 (compatible; MSIE 7.0; Windows NT 6.1; WOW64; Trident/5.0; SLCC2; .NET CLR 2.0.50727; .NET CLR 3.5.30729; .NET CLR 3.0.30729; Media Center PC 6.0; InfoPath.3; .NET4.0C; .NET4.0E)" 19552
192.168.12.38 - - [17/Feb/2013:07:33:21 +0600] "GET /pause/ajaxPause?pauseConfigId=&admin=0 HTTP/1.1" 200 1040 "http://callider/pause/index" "Mozilla/4.0 (compatible; MSIE 7.0; Windows NT 6.1; WOW64; Trident/5.0; SLCC2; .NET CLR 2.0.50727; .NET CLR 3.5.30729; .NET CLR 3.0.30729; Media Center PC 6.0; InfoPath.3; .NET4.0C; .NET4.0E)" 15264
192.168.12.61 - - [17/Feb/2013:07:33:21 +0600] "GET /pause/ajaxPause?pauseConfigId=&admin=0 HTTP/1.1" 200 985 "http://callider/pause/index" "Mozilla/4.0 (compatible; MSIE 7.0; Windows NT 6.1; Trident/5.0; SLCC2; .NET CLR 2.0.50727; .NET CLR 3.5.30729; .NET CLR 3.0.30729; Media Center PC 6.0; InfoPath.3; .NET4.0C; .NET4.0E)" 18666
192.168.12.77 - - [17/Feb/2013:07:33:21 +0600] "GET /pause/ajaxPause?pauseConfigId=&admin=0 HTTP/1.1" 200 1039 "http://callider/pause/index" "Mozilla/4.0 (compatible; MSIE 7.0; Windows NT 6.1; Trident/5.0; SLCC2; .NET CLR 2.0.50727; .NET CLR 3.5.30729; .NET CLR 3.0.30729; Media Center PC 6.0; Tablet PC 2.0; InfoPath.3; .NET4.0C; .NET4.0E; MS-RTC LM 8)" 13070
192.168.65.56 - - [17/Feb/2013:07:33:21 +0600] "GET /pause/ajaxPause?pauseConfigId=all&admin=1 HTTP/1.1" 200 1046 "http://192.168.65.101/pause/index" "Mozilla/5.0 (Windows NT 5.1; rv:15.0) Gecko/20100101 Firefox/15.0" 27887
192.168.12.60 - - [17/Feb/2013:07:33:23 +0600] "GET /pause/ajaxPause?pauseConfigId=&admin=0 HTTP/1.1" 200 986 "http://callider/pause/index" "Mozilla/4.0 (compatible; MSIE 8.0; Windows NT 6.1; Trident/4.0; InfoPath.3; .NET4.0C; MS-RTC LM 8; .NET4.0E)" 28632
192.168.12.204 - - [17/Feb/2013:07:33:23 +0600] "GET /pause/ajaxPause?pauseConfigId=&admin=0 HTTP/1.1" 200 986 "http://callider/pause/index" "Mozilla/4.0 (compatible; MSIE 7.0; Windows NT 6.1; WOW64; Trident/4.0; SLCC2; .NET CLR 2.0.50727; .NET CLR 3.5.30729; .NET CLR 3.0.30729; Media Center PC 6.0; InfoPath.3; .NET4.0C; .NET4.0E; .NET CLR 1.1.4322)" 23434
192.168.74.78 - - [17/Feb/2013:07:33:24 +0600] "GET /pause/ajaxPause?pauseConfigId=&admin=0 HTTP/1.1" 200 986 "http://callider/pause/index" "Mozilla/4.0 (compatible; MSIE 7.0; Windows NT 6.1; WOW64; Trident/5.0; SLCC2; .NET CLR 2.0.50727; .NET CLR 3.5.30729; .NET CLR 3.0.30729; Media Center PC 6.0; InfoPath.3; .NET4.0C; MS-RTC LM 8; .NET4.0E)" 20961
192.168.12.69 - - [17/Feb/2013:07:33:25 +0600] "GET /pause/ajaxPause?pauseConfigId=&admin=0 HTTP/1.1" 200 986 "http://callider/pause/index" "Mozilla/4.0 (compatible; MSIE 7.0; Windows NT 6.1; Trident/5.0; SLCC2; .NET CLR 2.0.50727; .NET CLR 3.5.30729; .NET CLR 3.0.30729; Media Center PC 6.0; InfoPath.3; .NET4.0C; .NET4.0E; Tablet PC 2.0; AskTbFXTV5/5.14.1.20007)" 19451
192.168.74.91 - - [17/Feb/2013:07:33:25 +0600] "GET /pause/ajaxPause?pauseConfigId=&admin=0 HTTP/1.1" 200 986 "http://callider/pause/index" "Mozilla/4.0 (compatible; MSIE 7.0; Windows NT 6.1; WOW64; Trident/5.0; SLCC2; .NET CLR 2.0.50727; .NET CLR 3.5.30729; .NET CLR 3.0.30729; Media Center PC 6.0; InfoPath.3; .NET4.0C; MS-RTC LM 8; .NET4.0E)" 19436
192.168.74.151 - - [17/Feb/2013:07:33:25 +0600] "GET /pause/ajaxPause?pauseConfigId=&admin=0 HTTP/1.1" 200 987 "http://callider.kontur/pause/index" "Mozilla/5.0 (Windows NT 6.1; WOW64; rv:18.0) Gecko/20100101 Firefox/18.0" 21704
192.168.12.210 - - [17/Feb/2013:07:33:25 +0600] "GET /pause/ajaxPause?pauseConfigId=all&admin=1 HTTP/1.1" 200 1047 "http://callider/pause/index" "Mozilla/4.0 (compatible; MSIE 7.0; Windows NT 6.1; WOW64; Trident/5.0; SLCC2; .NET CLR 2.0.50727; .NET CLR 3.5.30729; .NET CLR 3.0.30729; Media Center PC 6.0; InfoPath.3; .NET4.0C; .NET4.0E)" 21637
192.168.12.38 - - [17/Feb/2013:07:33:26 +0600] "GET /pause/ajaxPause?pauseConfigId=&admin=0 HTTP/1.1" 200 1040 "http://callider/pause/index" "Mozilla/4.0 (compatible; MSIE 7.0; Windows NT 6.1; WOW64; Trident/5.0; SLCC2; .NET CLR 2.0.50727; .NET CLR 3.5.30729; .NET CLR 3.0.30729; Media Center PC 6.0; InfoPath.3; .NET4.0C; .NET4.0E)" 16068
192.168.12.61 - - [17/Feb/2013:07:33:26 +0600] "GET /pause/ajaxPause?pauseConfigId=&admin=0 HTTP/1.1" 200 985 "http://callider/pause/index" "Mozilla/4.0 (compatible; MSIE 7.0; Windows NT 6.1; Trident/5.0; SLCC2; .NET CLR 2.0.50727; .NET CLR 3.5.30729; .NET CLR 3.0.30729; Media Center PC 6.0; InfoPath.3; .NET4.0C; .NET4.0E)" 17856
192.168.12.77 - - [17/Feb/2013:07:33:26 +0600] "GET /pause/ajaxPause?pauseConfigId=&admin=0 HTTP/1.1" 200 1039 "http://callider/pause/index" "Mozilla/4.0 (compatible; MSIE 7.0; Windows NT 6.1; Trident/5.0; SLCC2; .NET CLR 2.0.50727; .NET CLR 3.5.30729; .NET CLR 3.0.30729; Media Center PC 6.0; Tablet PC 2.0; InfoPath.3; .NET4.0C; .NET4.0E; MS-RTC LM 8)" 14216
192.168.65.56 - - [17/Feb/2013:07:33:26 +0600] "GET /pause/ajaxPause?pauseConfigId=all&admin=1 HTTP/1.1" 200 1046 "http://192.168.65.101/pause/index" "Mozilla/5.0 (Windows NT 5.1; rv:15.0) Gecko/20100101 Firefox/15.0" 35175
192.168.12.60 - - [17/Feb/2013:07:33:28 +0600] "GET /pause/ajaxPause?pauseConfigId=&admin=0 HTTP/1.1" 200 986 "http://callider/pause/index" "Mozilla/4.0 (compatible; MSIE 8.0; Windows NT 6.1; Trident/4.0; InfoPath.3; .NET4.0C; MS-RTC LM 8; .NET4.0E)" 19627
192.168.12.204 - - [17/Feb/2013:07:33:28 +0600] "GET /pause/ajaxPause?pauseConfigId=&admin=0 HTTP/1.1" 200 986 "http://callider/pause/index" "Mozilla/4.0 (compatible; MSIE 7.0; Windows NT 6.1; WOW64; Trident/4.0; SLCC2; .NET CLR 2.0.50727; .NET CLR 3.5.30729; .NET CLR 3.0.30729; Media Center PC 6.0; InfoPath.3; .NET4.0C; .NET4.0E; .NET CLR 1.1.4322)" 18444
192.168.74.78 - - [17/Feb/2013:07:33:29 +0600] "GET /pause/ajaxPause?pauseConfigId=&admin=0 HTTP/1.1" 200 986 "http://callider/pause/index" "Mozilla/4.0 (compatible; MSIE 7.0; Windows NT 6.1; WOW64; Trident/5.0; SLCC2; .NET CLR 2.0.50727; .NET CLR 3.5.30729; .NET CLR 3.0.30729; Media Center PC 6.0; InfoPath.3; .NET4.0C; MS-RTC LM 8; .NET4.0E)" 18338
192.168.12.69 - - [17/Feb/2013:07:33:30 +0600] "GET /pause/ajaxPause?pauseConfigId=&admin=0 HTTP/1.1" 200 986 "http://callider/pause/index" "Mozilla/4.0 (compatible; MSIE 7.0; Windows NT 6.1; Trident/5.0; SLCC2; .NET CLR 2.0.50727; .NET CLR 3.5.30729; .NET CLR 3.0.30729; Media Center PC 6.0; InfoPath.3; .NET4.0C; .NET4.0E; Tablet PC 2.0; AskTbFXTV5/5.14.1.20007)" 21538
192.168.74.91 - - [17/Feb/2013:07:33:30 +0600] "GET /pause/ajaxPause?pauseConfigId=&admin=0 HTTP/1.1" 200 986 "http://callider/pause/index" "Mozilla/4.0 (compatible; MSIE 7.0; Windows NT 6.1; WOW64; Trident/5.0; SLCC2; .NET CLR 2.0.50727; .NET CLR 3.5.30729; .NET CLR 3.0.30729; Media Center PC 6.0; InfoPath.3; .NET4.0C; MS-RTC LM 8; .NET4.0E)" 17988
192.168.74.151 - - [17/Feb/2013:07:33:30 +0600] "GET /pause/ajaxPause?pauseConfigId=&admin=0 HTTP/1.1" 200 987 "http://callider.kontur/pause/index" "Mozilla/5.0 (Windows NT 6.1; WOW64; rv:18.0) Gecko/20100101 Firefox/18.0" 19966
192.168.12.210 - - [17/Feb/2013:07:33:30 +0600] "GET /pause/ajaxPause?pauseConfigId=all&admin=1 HTTP/1.1" 200 1047 "http://callider/pause/index" "Mozilla/4.0 (compatible; MSIE 7.0; Windows NT 6.1; WOW64; Trident/5.0; SLCC2; .NET CLR 2.0.50727; .NET CLR 3.5.30729; .NET CLR 3.0.30729; Media Center PC 6.0; InfoPath.3; .NET4.0C; .NET4.0E)" 19103
192.168.12.38 - - [17/Feb/2013:07:33:31 +0600] "GET /pause/ajaxPause?pauseConfigId=&admin=0 HTTP/1.1" 200 1040 "http://callider/pause/index" "Mozilla/4.0 (compatible; MSIE 7.0; Windows NT 6.1; WOW64; Trident/5.0; SLCC2; .NET CLR 2.0.50727; .NET CLR 3.5.30729; .NET CLR 3.0.30729; Media Center PC 6.0; InfoPath.3; .NET4.0C; .NET4.0E)" 15788
192.168.12.77 - - [17/Feb/2013:07:33:31 +0600] "GET /pause/ajaxPause?pauseConfigId=&admin=0 HTTP/1.1" 200 1039 "http://callider/pause/index" "Mozilla/4.0 (compatible; MSIE 7.0; Windows NT 6.1; Trident/5.0; SLCC2; .NET CLR 2.0.50727; .NET CLR 3.5.30729; .NET CLR 3.0.30729; Media Center PC 6.0; Tablet PC 2.0; InfoPath.3; .NET4.0C; .NET4.0E; MS-RTC LM 8)" 13189
192.168.12.61 - - [17/Feb/2013:07:33:31 +0600] "GET /pause/ajaxPause?pauseConfigId=&admin=0 HTTP/1.1" 200 986 "http://callider/pause/index" "Mozilla/4.0 (compatible; MSIE 7.0; Windows NT 6.1; Trident/5.0; SLCC2; .NET CLR 2.0.50727; .NET CLR 3.5.30729; .NET CLR 3.0.30729; Media Center PC 6.0; InfoPath.3; .NET4.0C; .NET4.0E)" 30057
192.168.65.56 - - [17/Feb/2013:07:33:31 +0600] "GET /pause/ajaxPause?pauseConfigId=all&admin=1 HTTP/1.1" 200 1046 "http://192.168.65.101/pause/index" "Mozilla/5.0 (Windows NT 5.1; rv:15.0) Gecko/20100101 Firefox/15.0" 27429
192.168.12.60 - - [17/Feb/2013:07:33:33 +0600] "GET /pause/ajaxPause?pauseConfigId=&admin=0 HTTP/1.1" 200 986 "http://callider/pause/index" "Mozilla/4.0 (compatible; MSIE 8.0; Windows NT 6.1; Trident/4.0; InfoPath.3; .NET4.0C; MS-RTC LM 8; .NET4.0E)" 20701
192.168.12.204 - - [17/Feb/2013:07:33:33 +0600] "GET /pause/ajaxPause?pauseConfigId=&admin=0 HTTP/1.1" 200 986 "http://callider/pause/index" "Mozilla/4.0 (compatible; MSIE 7.0; Windows NT 6.1; WOW64; Trident/4.0; SLCC2; .NET CLR 2.0.50727; .NET CLR 3.5.30729; .NET CLR 3.0.30729; Media Center PC 6.0; InfoPath.3; .NET4.0C; .NET4.0E; .NET CLR 1.1.4322)" 18706
192.168.74.78 - - [17/Feb/2013:07:33:34 +0600] "GET /pause/ajaxPause?pauseConfigId=&admin=0 HTTP/1.1" 200 986 "http://callider/pause/index" "Mozilla/4.0 (compatible; MSIE 7.0; Windows NT 6.1; WOW64; Trident/5.0; SLCC2; .NET CLR 2.0.50727; .NET CLR 3.5.30729; .NET CLR 3.0.30729; Media Center PC 6.0; InfoPath.3; .NET4.0C; MS-RTC LM 8; .NET4.0E)" 18012
192.168.12.67 - - [17/Feb/2013:07:33:34 +0600] "GET /tv/useUser HTTP/1.1" 200 432 "http://callider/graph/personal" "Mozilla/4.0 (compatible; MSIE 7.0; Windows NT 6.1; Trident/5.0; SLCC2; .NET CLR 2.0.50727; .NET CLR 3.5.30729; .NET CLR 3.0.30729; Media Center PC 6.0; .NET4.0C; .NET4.0E; InfoPath.3; Tablet PC 2.0; MS-RTC LM 8)" 16384
192.168.12.69 - - [17/Feb/2013:07:33:35 +0600] "GET /pause/ajaxPause?pauseConfigId=&admin=0 HTTP/1.1" 200 986 "http://callider/pause/index" "Mozilla/4.0 (compatible; MSIE 7.0; Windows NT 6.1; Trident/5.0; SLCC2; .NET CLR 2.0.50727; .NET CLR 3.5.30729; .NET CLR 3.0.30729; Media Center PC 6.0; InfoPath.3; .NET4.0C; .NET4.0E; Tablet PC 2.0; AskTbFXTV5/5.14.1.20007)" 19519
192.168.74.91 - - [17/Feb/2013:07:33:35 +0600] "GET /pause/ajaxPause?pauseConfigId=&admin=0 HTTP/1.1" 200 986 "http://callider/pause/index" "Mozilla/4.0 (compatible; MSIE 7.0; Windows NT 6.1; WOW64; Trident/5.0; SLCC2; .NET CLR 2.0.50727; .NET CLR 3.5.30729; .NET CLR 3.0.30729; Media Center PC 6.0; InfoPath.3; .NET4.0C; MS-RTC LM 8; .NET4.0E)" 21517
192.168.74.151 - - [17/Feb/2013:07:33:35 +0600] "GET /pause/ajaxPause?pauseConfigId=&admin=0 HTTP/1.1" 200 987 "http://callider.kontur/pause/index" "Mozilla/5.0 (Windows NT 6.1; WOW64; rv:18.0) Gecko/20100101 Firefox/18.0" 21440
192.168.12.210 - - [17/Feb/2013:07:33:35 +0600] "GET /pause/ajaxPause?pauseConfigId=all&admin=1 HTTP/1.1" 200 1047 "http://callider/pause/index" "Mozilla/4.0 (compatible; MSIE 7.0; Windows NT 6.1; WOW64; Trident/5.0; SLCC2; .NET CLR 2.0.50727; .NET CLR 3.5.30729; .NET CLR 3.0.30729; Media Center PC 6.0; InfoPath.3; .NET4.0C; .NET4.0E)" 19732
192.168.12.38 - - [17/Feb/2013:07:33:36 +0600] "GET /pause/ajaxPause?pauseConfigId=&admin=0 HTTP/1.1" 200 1040 "http://callider/pause/index" "Mozilla/4.0 (compatible; MSIE 7.0; Windows NT 6.1; WOW64; Trident/5.0; SLCC2; .NET CLR 2.0.50727; .NET CLR 3.5.30729; .NET CLR 3.0.30729; Media Center PC 6.0; InfoPath.3; .NET4.0C; .NET4.0E)" 24781
192.168.12.61 - - [17/Feb/2013:07:33:36 +0600] "GET /pause/ajaxPause?pauseConfigId=&admin=0 HTTP/1.1" 200 985 "http://callider/pause/index" "Mozilla/4.0 (compatible; MSIE 7.0; Windows NT 6.1; Trident/5.0; SLCC2; .NET CLR 2.0.50727; .NET CLR 3.5.30729; .NET CLR 3.0.30729; Media Center PC 6.0; InfoPath.3; .NET4.0C; .NET4.0E)" 20019
192.168.12.77 - - [17/Feb/2013:07:33:36 +0600] "GET /pause/ajaxPause?pauseConfigId=&admin=0 HTTP/1.1" 200 1039 "http://callider/pause/index" "Mozilla/4.0 (compatible; MSIE 7.0; Windows NT 6.1; Trident/5.0; SLCC2; .NET CLR 2.0.50727; .NET CLR 3.5.30729; .NET CLR 3.0.30729; Media Center PC 6.0; Tablet PC 2.0; InfoPath.3; .NET4.0C; .NET4.0E; MS-RTC LM 8)" 12516
192.168.65.56 - - [17/Feb/2013:07:33:36 +0600] "GET /pause/ajaxPause?pauseConfigId=all&admin=1 HTTP/1.1" 200 1046 "http://192.168.65.101/pause/index" "Mozilla/5.0 (Windows NT 5.1; rv:15.0) Gecko/20100101 Firefox/15.0" 27669
192.168.74.93 - - [17/Feb/2013:07:33:38 +0600] "GET /tv/useUser HTTP/1.1" 200 432 "http://callider/graph/personal" "Mozilla/4.0 (compatible; MSIE 7.0; Windows NT 6.1; WOW64; Trident/5.0; SLCC2; .NET CLR 2.0.50727; .NET CLR 3.5.30729; .NET CLR 3.0.30729; Media Center PC 6.0; InfoPath.3; .NET4.0C; .NET4.0E)" 16509
192.168.12.60 - - [17/Feb/2013:07:33:38 +0600] "GET /pause/ajaxPause?pauseConfigId=&admin=0 HTTP/1.1" 200 986 "http://callider/pause/index" "Mozilla/4.0 (compatible; MSIE 8.0; Windows NT 6.1; Trident/4.0; InfoPath.3; .NET4.0C; MS-RTC LM 8; .NET4.0E)" 20262
192.168.12.204 - - [17/Feb/2013:07:33:38 +0600] "GET /pause/ajaxPause?pauseConfigId=&admin=0 HTTP/1.1" 200 986 "http://callider/pause/index" "Mozilla/4.0 (compatible; MSIE 7.0; Windows NT 6.1; WOW64; Trident/4.0; SLCC2; .NET CLR 2.0.50727; .NET CLR 3.5.30729; .NET CLR 3.0.30729; Media Center PC 6.0; InfoPath.3; .NET4.0C; .NET4.0E; .NET CLR 1.1.4322)" 19303
192.168.74.78 - - [17/Feb/2013:07:33:39 +0600] "GET /pause/ajaxPause?pauseConfigId=&admin=0 HTTP/1.1" 200 986 "http://callider/pause/index" "Mozilla/4.0 (compatible; MSIE 7.0; Windows NT 6.1; WOW64; Trident/5.0; SLCC2; .NET CLR 2.0.50727; .NET CLR 3.5.30729; .NET CLR 3.0.30729; Media Center PC 6.0; InfoPath.3; .NET4.0C; MS-RTC LM 8; .NET4.0E)" 18579
192.168.12.210 - - [17/Feb/2013:07:33:39 +0600] "GET /tv/useUser HTTP/1.1" 200 431 "http://callider/graph/general" "Mozilla/4.0 (compatible; MSIE 7.0; Windows NT 6.1; WOW64; Trident/5.0; SLCC2; .NET CLR 2.0.50727; .NET CLR 3.5.30729; .NET CLR 3.0.30729; Media Center PC 6.0; InfoPath.3; .NET4.0C; .NET4.0E)" 8557
192.168.12.69 - - [17/Feb/2013:07:33:40 +0600] "GET /pause/ajaxPause?pauseConfigId=&admin=0 HTTP/1.1" 200 986 "http://callider/pause/index" "Mozilla/4.0 (compatible; MSIE 7.0; Windows NT 6.1; Trident/5.0; SLCC2; .NET CLR 2.0.50727; .NET CLR 3.5.30729; .NET CLR 3.0.30729; Media Center PC 6.0; InfoPath.3; .NET4.0C; .NET4.0E; Tablet PC 2.0; AskTbFXTV5/5.14.1.20007)" 19642
192.168.74.91 - - [17/Feb/2013:07:33:40 +0600] "GET /pause/ajaxPause?pauseConfigId=&admin=0 HTTP/1.1" 200 986 "http://callider/pause/index" "Mozilla/4.0 (compatible; MSIE 7.0; Windows NT 6.1; WOW64; Trident/5.0; SLCC2; .NET CLR 2.0.50727; .NET CLR 3.5.30729; .NET CLR 3.0.30729; Media Center PC 6.0; InfoPath.3; .NET4.0C; MS-RTC LM 8; .NET4.0E)" 24838
192.168.74.151 - - [17/Feb/2013:07:33:40 +0600] "GET /pause/ajaxPause?pauseConfigId=&admin=0 HTTP/1.1" 200 987 "http://callider.kontur/pause/index" "Mozilla/5.0 (Windows NT 6.1; WOW64; rv:18.0) Gecko/20100101 Firefox/18.0" 19418
192.168.12.210 - - [17/Feb/2013:07:33:40 +0600] "GET /pause/ajaxPause?pauseConfigId=all&admin=1 HTTP/1.1" 200 1047 "http://callider/pause/index" "Mozilla/4.0 (compatible; MSIE 7.0; Windows NT 6.1; WOW64; Trident/5.0; SLCC2; .NET CLR 2.0.50727; .NET CLR 3.5.30729; .NET CLR 3.0.30729; Media Center PC 6.0; InfoPath.3; .NET4.0C; .NET4.0E)" 18938
192.168.12.9 - - [17/Feb/2013:07:33:40 +0600] "GET /tv/useUser HTTP/1.1" 200 432 "http://callider.kontur/site/index" "Mozilla/5.0 (Windows NT 6.1; WOW64) AppleWebKit/537.17 (KHTML, like Gecko) Chrome/24.0.1312.57 Safari/537.17" 14441
192.168.12.38 - - [17/Feb/2013:07:33:41 +0600] "GET /pause/ajaxPause?pauseConfigId=&admin=0 HTTP/1.1" 200 1040 "http://callider/pause/index" "Mozilla/4.0 (compatible; MSIE 7.0; Windows NT 6.1; WOW64; Trident/5.0; SLCC2; .NET CLR 2.0.50727; .NET CLR 3.5.30729; .NET CLR 3.0.30729; Media Center PC 6.0; InfoPath.3; .NET4.0C; .NET4.0E)" 15990
192.168.12.77 - - [17/Feb/2013:07:33:41 +0600] "GET /pause/ajaxPause?pauseConfigId=&admin=0 HTTP/1.1" 200 1039 "http://callider/pause/index" "Mozilla/4.0 (compatible; MSIE 7.0; Windows NT 6.1; Trident/5.0; SLCC2; .NET CLR 2.0.50727; .NET CLR 3.5.30729; .NET CLR 3.0.30729; Media Center PC 6.0; Tablet PC 2.0; InfoPath.3; .NET4.0C; .NET4.0E; MS-RTC LM 8)" 12596
192.168.12.61 - - [17/Feb/2013:07:33:41 +0600] "GET /pause/ajaxPause?pauseConfigId=&admin=0 HTTP/1.1" 200 986 "http://callider/pause/index" "Mozilla/4.0 (compatible; MSIE 7.0; Windows NT 6.1; Trident/5.0; SLCC2; .NET CLR 2.0.50727; .NET CLR 3.5.30729; .NET CLR 3.0.30729; Media Center PC 6.0; InfoPath.3; .NET4.0C; .NET4.0E)" 27355
192.168.65.56 - - [17/Feb/2013:07:33:41 +0600] "GET /pause/ajaxPause?pauseConfigId=all&admin=1 HTTP/1.1" 200 1046 "http://192.168.65.101/pause/index" "Mozilla/5.0 (Windows NT 5.1; rv:15.0) Gecko/20100101 Firefox/15.0" 29786
192.168.12.60 - - [17/Feb/2013:07:33:43 +0600] "GET /pause/ajaxPause?pauseConfigId=&admin=0 HTTP/1.1" 200 986 "http://callider/pause/index" "Mozilla/4.0 (compatible; MSIE 8.0; Windows NT 6.1; Trident/4.0; InfoPath.3; .NET4.0C; MS-RTC LM 8; .NET4.0E)" 20300
192.168.12.204 - - [17/Feb/2013:07:33:43 +0600] "GET /pause/ajaxPause?pauseConfigId=&admin=0 HTTP/1.1" 200 986 "http://callider/pause/index" "Mozilla/4.0 (compatible; MSIE 7.0; Windows NT 6.1; WOW64; Trident/4.0; SLCC2; .NET CLR 2.0.50727; .NET CLR 3.5.30729; .NET CLR 3.0.30729; Media Center PC 6.0; InfoPath.3; .NET4.0C; .NET4.0E; .NET CLR 1.1.4322)" 22443
192.168.74.78 - - [17/Feb/2013:07:33:44 +0600] "GET /pause/ajaxPause?pauseConfigId=&admin=0 HTTP/1.1" 200 986 "http://callider/pause/index" "Mozilla/4.0 (compatible; MSIE 7.0; Windows NT 6.1; WOW64; Trident/5.0; SLCC2; .NET CLR 2.0.50727; .NET CLR 3.5.30729; .NET CLR 3.0.30729; Media Center PC 6.0; InfoPath.3; .NET4.0C; MS-RTC LM 8; .NET4.0E)" 24746
192.168.12.69 - - [17/Feb/2013:07:33:45 +0600] "GET /pause/ajaxPause?pauseConfigId=&admin=0 HTTP/1.1" 200 986 "http://callider/pause/index" "Mozilla/4.0 (compatible; MSIE 7.0; Windows NT 6.1; Trident/5.0; SLCC2; .NET CLR 2.0.50727; .NET CLR 3.5.30729; .NET CLR 3.0.30729; Media Center PC 6.0; InfoPath.3; .NET4.0C; .NET4.0E; Tablet PC 2.0; AskTbFXTV5/5.14.1.20007)" 169244
192.168.74.91 - - [17/Feb/2013:07:33:45 +0600] "GET /pause/ajaxPause?pauseConfigId=&admin=0 HTTP/1.1" 200 986 "http://callider/pause/index" "Mozilla/4.0 (compatible; MSIE 7.0; Windows NT 6.1; WOW64; Trident/5.0; SLCC2; .NET CLR 2.0.50727; .NET CLR 3.5.30729; .NET CLR 3.0.30729; Media Center PC 6.0; InfoPath.3; .NET4.0C; MS-RTC LM 8; .NET4.0E)" 21486
192.168.74.151 - - [17/Feb/2013:07:33:45 +0600] "GET /pause/ajaxPause?pauseConfigId=&admin=0 HTTP/1.1" 200 987 "http://callider.kontur/pause/index" "Mozilla/5.0 (Windows NT 6.1; WOW64; rv:18.0) Gecko/20100101 Firefox/18.0" 19448
192.168.12.210 - - [17/Feb/2013:07:33:45 +0600] "GET /pause/ajaxPause?pauseConfigId=all&admin=1 HTTP/1.1" 200 1047 "http://callider/pause/index" "Mozilla/4.0 (compatible; MSIE 7.0; Windows NT 6.1; WOW64; Trident/5.0; SLCC2; .NET CLR 2.0.50727; .NET CLR 3.5.30729; .NET CLR 3.0.30729; Media Center PC 6.0; InfoPath.3; .NET4.0C; .NET4.0E)" 19304
192.168.12.38 - - [17/Feb/2013:07:33:46 +0600] "GET /pause/ajaxPause?pauseConfigId=&admin=0 HTTP/1.1" 200 1040 "http://callider/pause/index" "Mozilla/4.0 (compatible; MSIE 7.0; Windows NT 6.1; WOW64; Trident/5.0; SLCC2; .NET CLR 2.0.50727; .NET CLR 3.5.30729; .NET CLR 3.0.30729; Media Center PC 6.0; InfoPath.3; .NET4.0C; .NET4.0E)" 15370
192.168.12.77 - - [17/Feb/2013:07:33:46 +0600] "GET /pause/ajaxPause?pauseConfigId=&admin=0 HTTP/1.1" 200 1039 "http://callider/pause/index" "Mozilla/4.0 (compatible; MSIE 7.0; Windows NT 6.1; Trident/5.0; SLCC2; .NET CLR 2.0.50727; .NET CLR 3.5.30729; .NET CLR 3.0.30729; Media Center PC 6.0; Tablet PC 2.0; InfoPath.3; .NET4.0C; .NET4.0E; MS-RTC LM 8)" 13616
192.168.12.61 - - [17/Feb/2013:07:33:46 +0600] "GET /pause/ajaxPause?pauseConfigId=&admin=0 HTTP/1.1" 200 985 "http://callider/pause/index" "Mozilla/4.0 (compatible; MSIE 7.0; Windows NT 6.1; Trident/5.0; SLCC2; .NET CLR 2.0.50727; .NET CLR 3.5.30729; .NET CLR 3.0.30729; Media Center PC 6.0; InfoPath.3; .NET4.0C; .NET4.0E)" 24377
192.168.65.56 - - [17/Feb/2013:07:33:46 +0600] "GET /pause/ajaxPause?pauseConfigId=all&admin=1 HTTP/1.1" 200 1046 "http://192.168.65.101/pause/index" "Mozilla/5.0 (Windows NT 5.1; rv:15.0) Gecko/20100101 Firefox/15.0" 26297
192.168.12.60 - - [17/Feb/2013:07:33:48 +0600] "GET /pause/ajaxPause?pauseConfigId=&admin=0 HTTP/1.1" 200 986 "http://callider/pause/index" "Mozilla/4.0 (compatible; MSIE 8.0; Windows NT 6.1; Trident/4.0; InfoPath.3; .NET4.0C; MS-RTC LM 8; .NET4.0E)" 200987
192.168.12.204 - - [17/Feb/2013:07:33:48 +0600] "GET /pause/ajaxPause?pauseConfigId=&admin=0 HTTP/1.1" 200 986 "http://callider/pause/index" "Mozilla/4.0 (compatible; MSIE 7.0; Windows NT 6.1; WOW64; Trident/4.0; SLCC2; .NET CLR 2.0.50727; .NET CLR 3.5.30729; .NET CLR 3.0.30729; Media Center PC 6.0; InfoPath.3; .NET4.0C; .NET4.0E; .NET CLR 1.1.4322)" 265203
192.168.12.210 - - [17/Feb/2013:07:33:49 +0600] "GET /tv/useUser HTTP/1.1" 200 431 "http://callider/pause/index" "Mozilla/4.0 (compatible; MSIE 7.0; Windows NT 6.1; WOW64; Trident/5.0; SLCC2; .NET CLR 2.0.50727; .NET CLR 3.5.30729; .NET CLR 3.0.30729; Media Center PC 6.0; InfoPath.3; .NET4.0C; .NET4.0E)" 8177
192.168.74.78 - - [17/Feb/2013:07:33:49 +0600] "GET /pause/ajaxPause?pauseConfigId=&admin=0 HTTP/1.1" 200 986 "http://callider/pause/index" "Mozilla/4.0 (compatible; MSIE 7.0; Windows NT 6.1; WOW64; Trident/5.0; SLCC2; .NET CLR 2.0.50727; .NET CLR 3.5.30729; .NET CLR 3.0.30729; Media Center PC 6.0; InfoPath.3; .NET4.0C; MS-RTC LM 8; .NET4.0E)" 18112
192.168.12.69 - - [17/Feb/2013:07:33:50 +0600] "GET /pause/ajaxPause?pauseConfigId=&admin=0 HTTP/1.1" 200 986 "http://callider/pause/index" "Mozilla/4.0 (compatible; MSIE 7.0; Windows NT 6.1; Trident/5.0; SLCC2; .NET CLR 2.0.50727; .NET CLR 3.5.30729; .NET CLR 3.0.30729; Media Center PC 6.0; InfoPath.3; .NET4.0C; .NET4.0E; Tablet PC 2.0; AskTbFXTV5/5.14.1.20007)" 18048
192.168.74.91 - - [17/Feb/2013:07:33:50 +0600] "GET /pause/ajaxPause?pauseConfigId=&admin=0 HTTP/1.1" 200 986 "http://callider/pause/index" "Mozilla/4.0 (compatible; MSIE 7.0; Windows NT 6.1; WOW64; Trident/5.0; SLCC2; .NET CLR 2.0.50727; .NET CLR 3.5.30729; .NET CLR 3.0.30729; Media Center PC 6.0; InfoPath.3; .NET4.0C; MS-RTC LM 8; .NET4.0E)" 18552
192.168.74.151 - - [17/Feb/2013:07:33:50 +0600] "GET /pause/ajaxPause?pauseConfigId=&admin=0 HTTP/1.1" 200 987 "http://callider.kontur/pause/index" "Mozilla/5.0 (Windows NT 6.1; WOW64; rv:18.0) Gecko/20100101 Firefox/18.0" 18907
192.168.12.210 - - [17/Feb/2013:07:33:50 +0600] "GET /pause/ajaxPause?pauseConfigId=all&admin=1 HTTP/1.1" 200 1047 "http://callider/pause/index" "Mozilla/4.0 (compatible; MSIE 7.0; Windows NT 6.1; WOW64; Trident/5.0; SLCC2; .NET CLR 2.0.50727; .NET CLR 3.5.30729; .NET CLR 3.0.30729; Media Center PC 6.0; InfoPath.3; .NET4.0C; .NET4.0E)" 17872
192.168.12.38 - - [17/Feb/2013:07:33:51 +0600] "GET /pause/ajaxPause?pauseConfigId=&admin=0 HTTP/1.1" 200 1040 "http://callider/pause/index" "Mozilla/4.0 (compatible; MSIE 7.0; Windows NT 6.1; WOW64; Trident/5.0; SLCC2; .NET CLR 2.0.50727; .NET CLR 3.5.30729; .NET CLR 3.0.30729; Media Center PC 6.0; InfoPath.3; .NET4.0C; .NET4.0E)" 16587
192.168.12.61 - - [17/Feb/2013:07:33:51 +0600] "GET /pause/ajaxPause?pauseConfigId=&admin=0 HTTP/1.1" 200 985 "http://callider/pause/index" "Mozilla/4.0 (compatible; MSIE 7.0; Windows NT 6.1; Trident/5.0; SLCC2; .NET CLR 2.0.50727; .NET CLR 3.5.30729; .NET CLR 3.0.30729; Media Center PC 6.0; InfoPath.3; .NET4.0C; .NET4.0E)" 18577
192.168.12.77 - - [17/Feb/2013:07:33:51 +0600] "GET /pause/ajaxPause?pauseConfigId=&admin=0 HTTP/1.1" 200 1039 "http://callider/pause/index" "Mozilla/4.0 (compatible; MSIE 7.0; Windows NT 6.1; Trident/5.0; SLCC2; .NET CLR 2.0.50727; .NET CLR 3.5.30729; .NET CLR 3.0.30729; Media Center PC 6.0; Tablet PC 2.0; InfoPath.3; .NET4.0C; .NET4.0E; MS-RTC LM 8)" 12564
192.168.65.56 - - [17/Feb/2013:07:33:51 +0600] "GET /pause/ajaxPause?pauseConfigId=all&admin=1 HTTP/1.1" 200 1046 "http://192.168.65.101/pause/index" "Mozilla/5.0 (Windows NT 5.1; rv:15.0) Gecko/20100101 Firefox/15.0" 31318
192.168.65.56 - - [17/Feb/2013:07:33:51 +0600] "GET /tv/useUser HTTP/1.1" 200 431 "http://192.168.65.101/pause/index" "Mozilla/5.0 (Windows NT 5.1; rv:15.0) Gecko/20100101 Firefox/15.0" 10706
192.168.12.60 - - [17/Feb/2013:07:33:53 +0600] "GET /pause/ajaxPause?pauseConfigId=&admin=0 HTTP/1.1" 200 986 "http://callider/pause/index" "Mozilla/4.0 (compatible; MSIE 8.0; Windows NT 6.1; Trident/4.0; InfoPath.3; .NET4.0C; MS-RTC LM 8; .NET4.0E)" 31398
192.168.12.204 - - [17/Feb/2013:07:33:53 +0600] "GET /pause/ajaxPause?pauseConfigId=&admin=0 HTTP/1.1" 200 986 "http://callider/pause/index" "Mozilla/4.0 (compatible; MSIE 7.0; Windows NT 6.1; WOW64; Trident/4.0; SLCC2; .NET CLR 2.0.50727; .NET CLR 3.5.30729; .NET CLR 3.0.30729; Media Center PC 6.0; InfoPath.3; .NET4.0C; .NET4.0E; .NET CLR 1.1.4322)" 21135
192.168.74.78 - - [17/Feb/2013:07:33:54 +0600] "GET /pause/ajaxPause?pauseConfigId=&admin=0 HTTP/1.1" 200 986 "http://callider/pause/index" "Mozilla/4.0 (compatible; MSIE 7.0; Windows NT 6.1; WOW64; Trident/5.0; SLCC2; .NET CLR 2.0.50727; .NET CLR 3.5.30729; .NET CLR 3.0.30729; Media Center PC 6.0; InfoPath.3; .NET4.0C; MS-RTC LM 8; .NET4.0E)" 18537
192.168.12.69 - - [17/Feb/2013:07:33:55 +0600] "GET /pause/ajaxPause?pauseConfigId=&admin=0 HTTP/1.1" 200 986 "http://callider/pause/index" "Mozilla/4.0 (compatible; MSIE 7.0; Windows NT 6.1; Trident/5.0; SLCC2; .NET CLR 2.0.50727; .NET CLR 3.5.30729; .NET CLR 3.0.30729; Media Center PC 6.0; InfoPath.3; .NET4.0C; .NET4.0E; Tablet PC 2.0; AskTbFXTV5/5.14.1.20007)" 19122
192.168.74.91 - - [17/Feb/2013:07:33:55 +0600] "GET /pause/ajaxPause?pauseConfigId=&admin=0 HTTP/1.1" 200 986 "http://callider/pause/index" "Mozilla/4.0 (compatible; MSIE 7.0; Windows NT 6.1; WOW64; Trident/5.0; SLCC2; .NET CLR 2.0.50727; .NET CLR 3.5.30729; .NET CLR 3.0.30729; Media Center PC 6.0; InfoPath.3; .NET4.0C; MS-RTC LM 8; .NET4.0E)" 19673
192.168.74.151 - - [17/Feb/2013:07:33:55 +0600] "GET /pause/ajaxPause?pauseConfigId=&admin=0 HTTP/1.1" 200 987 "http://callider.kontur/pause/index" "Mozilla/5.0 (Windows NT 6.1; WOW64; rv:18.0) Gecko/20100101 Firefox/18.0" 19640
192.168.12.210 - - [17/Feb/2013:07:33:55 +0600] "GET /pause/ajaxPause?pauseConfigId=all&admin=1 HTTP/1.1" 200 1047 "http://callider/pause/index" "Mozilla/4.0 (compatible; MSIE 7.0; Windows NT 6.1; WOW64; Trident/5.0; SLCC2; .NET CLR 2.0.50727; .NET CLR 3.5.30729; .NET CLR 3.0.30729; Media Center PC 6.0; InfoPath.3; .NET4.0C; .NET4.0E)" 18413
192.168.12.38 - - [17/Feb/2013:07:33:56 +0600] "GET /pause/ajaxPause?pauseConfigId=&admin=0 HTTP/1.1" 200 1040 "http://callider/pause/index" "Mozilla/4.0 (compatible; MSIE 7.0; Windows NT 6.1; WOW64; Trident/5.0; SLCC2; .NET CLR 2.0.50727; .NET CLR 3.5.30729; .NET CLR 3.0.30729; Media Center PC 6.0; InfoPath.3; .NET4.0C; .NET4.0E)" 16164
192.168.12.61 - - [17/Feb/2013:07:33:56 +0600] "GET /pause/ajaxPause?pauseConfigId=&admin=0 HTTP/1.1" 200 985 "http://callider/pause/index" "Mozilla/4.0 (compatible; MSIE 7.0; Windows NT 6.1; Trident/5.0; SLCC2; .NET CLR 2.0.50727; .NET CLR 3.5.30729; .NET CLR 3.0.30729; Media Center PC 6.0; InfoPath.3; .NET4.0C; .NET4.0E)" 19991
192.168.12.77 - - [17/Feb/2013:07:33:56 +0600] "GET /pause/ajaxPause?pauseConfigId=&admin=0 HTTP/1.1" 200 1039 "http://callider/pause/index" "Mozilla/4.0 (compatible; MSIE 7.0; Windows NT 6.1; Trident/5.0; SLCC2; .NET CLR 2.0.50727; .NET CLR 3.5.30729; .NET CLR 3.0.30729; Media Center PC 6.0; Tablet PC 2.0; InfoPath.3; .NET4.0C; .NET4.0E; MS-RTC LM 8)" 12975
192.168.65.56 - - [17/Feb/2013:07:33:56 +0600] "GET /pause/ajaxPause?pauseConfigId=all&admin=1 HTTP/1.1" 200 1046 "http://192.168.65.101/pause/index" "Mozilla/5.0 (Windows NT 5.1; rv:15.0) Gecko/20100101 Firefox/15.0" 28023
192.168.12.60 - - [17/Feb/2013:07:33:58 +0600] "GET /pause/ajaxPause?pauseConfigId=&admin=0 HTTP/1.1" 200 986 "http://callider/pause/index" "Mozilla/4.0 (compatible; MSIE 8.0; Windows NT 6.1; Trident/4.0; InfoPath.3; .NET4.0C; MS-RTC LM 8; .NET4.0E)" 123496
192.168.12.204 - - [17/Feb/2013:07:33:58 +0600] "GET /pause/ajaxPause?pauseConfigId=&admin=0 HTTP/1.1" 200 986 "http://callider/pause/index" "Mozilla/4.0 (compatible; MSIE 7.0; Windows NT 6.1; WOW64; Trident/4.0; SLCC2; .NET CLR 2.0.50727; .NET CLR 3.5.30729; .NET CLR 3.0.30729; Media Center PC 6.0; InfoPath.3; .NET4.0C; .NET4.0E; .NET CLR 1.1.4322)" 23925
192.168.74.78 - - [17/Feb/2013:07:33:59 +0600] "GET /pause/ajaxPause?pauseConfigId=&admin=0 HTTP/1.1" 200 986 "http://callider/pause/index" "Mozilla/4.0 (compatible; MSIE 7.0; Windows NT 6.1; WOW64; Trident/5.0; SLCC2; .NET CLR 2.0.50727; .NET CLR 3.5.30729; .NET CLR 3.0.30729; Media Center PC 6.0; InfoPath.3; .NET4.0C; MS-RTC LM 8; .NET4.0E)" 21835
192.168.12.69 - - [17/Feb/2013:07:34:00 +0600] "GET /pause/ajaxPause?pauseConfigId=&admin=0 HTTP/1.1" 200 986 "http://callider/pause/index" "Mozilla/4.0 (compatible; MSIE 7.0; Windows NT 6.1; Trident/5.0; SLCC2; .NET CLR 2.0.50727; .NET CLR 3.5.30729; .NET CLR 3.0.30729; Media Center PC 6.0; InfoPath.3; .NET4.0C; .NET4.0E; Tablet PC 2.0; AskTbFXTV5/5.14.1.20007)" 18003
192.168.74.151 - - [17/Feb/2013:07:34:00 +0600] "GET /pause/ajaxPause?pauseConfigId=&admin=0 HTTP/1.1" 200 987 "http://callider.kontur/pause/index" "Mozilla/5.0 (Windows NT 6.1; WOW64; rv:18.0) Gecko/20100101 Firefox/18.0" 72482
192.168.74.91 - - [17/Feb/2013:07:34:00 +0600] "GET /pause/ajaxPause?pauseConfigId=&admin=0 HTTP/1.1" 200 986 "http://callider/pause/index" "Mozilla/4.0 (compatible; MSIE 7.0; Windows NT 6.1; WOW64; Trident/5.0; SLCC2; .NET CLR 2.0.50727; .NET CLR 3.5.30729; .NET CLR 3.0.30729; Media Center PC 6.0; InfoPath.3; .NET4.0C; MS-RTC LM 8; .NET4.0E)" 128179
192.168.12.210 - - [17/Feb/2013:07:34:00 +0600] "GET /pause/ajaxPause?pauseConfigId=all&admin=1 HTTP/1.1" 200 1047 "http://callider/pause/index" "Mozilla/4.0 (compatible; MSIE 7.0; Windows NT 6.1; WOW64; Trident/5.0; SLCC2; .NET CLR 2.0.50727; .NET CLR 3.5.30729; .NET CLR 3.0.30729; Media Center PC 6.0; InfoPath.3; .NET4.0C; .NET4.0E)" 19953
192.168.64.119 - - [17/Feb/2013:07:34:01 +0600] "HEAD / HTTP/1.0" 302 435 "-" "WhatsUp/1.0" 13390
192.168.64.119 - - [17/Feb/2013:07:34:01 +0600] "GET / HTTP/1.1" 302 454 "-" "Mozilla/4.0 (compatible; MSIE 8.0; Windows NT 5.2; Trident/4.0)" 12290
192.168.64.119 - - [17/Feb/2013:07:34:01 +0600] "GET /site/login HTTP/1.1" 200 7423 "-" "Mozilla/4.0 (compatible; MSIE 8.0; Windows NT 5.2; Trident/4.0)" 23245
192.168.12.38 - - [17/Feb/2013:07:34:01 +0600] "GET /pause/ajaxPause?pauseConfigId=&admin=0 HTTP/1.1" 200 1040 "http://callider/pause/index" "Mozilla/4.0 (compatible; MSIE 7.0; Windows NT 6.1; WOW64; Trident/5.0; SLCC2; .NET CLR 2.0.50727; .NET CLR 3.5.30729; .NET CLR 3.0.30729; Media Center PC 6.0; InfoPath.3; .NET4.0C; .NET4.0E)" 16307
192.168.12.77 - - [17/Feb/2013:07:34:01 +0600] "GET /pause/ajaxPause?pauseConfigId=&admin=0 HTTP/1.1" 200 1039 "http://callider/pause/index" "Mozilla/4.0 (compatible; MSIE 7.0; Windows NT 6.1; Trident/5.0; SLCC2; .NET CLR 2.0.50727; .NET CLR 3.5.30729; .NET CLR 3.0.30729; Media Center PC 6.0; Tablet PC 2.0; InfoPath.3; .NET4.0C; .NET4.0E; MS-RTC LM 8)" 26093
192.168.12.61 - - [17/Feb/2013:07:34:01 +0600] "GET /pause/ajaxPause?pauseConfigId=&admin=0 HTTP/1.1" 200 986 "http://callider/pause/index" "Mozilla/4.0 (compatible; MSIE 7.0; Windows NT 6.1; Trident/5.0; SLCC2; .NET CLR 2.0.50727; .NET CLR 3.5.30729; .NET CLR 3.0.30729; Media Center PC 6.0; InfoPath.3; .NET4.0C; .NET4.0E)" 26345
192.168.65.56 - - [17/Feb/2013:07:34:01 +0600] "GET /pause/ajaxPause?pauseConfigId=all&admin=1 HTTP/1.1" 200 1046 "http://192.168.65.101/pause/index" "Mozilla/5.0 (Windows NT 5.1; rv:15.0) Gecko/20100101 Firefox/15.0" 43821
192.168.12.60 - - [17/Feb/2013:07:34:03 +0600] "GET /pause/ajaxPause?pauseConfigId=&admin=0 HTTP/1.1" 200 986 "http://callider/pause/index" "Mozilla/4.0 (compatible; MSIE 8.0; Windows NT 6.1; Trident/4.0; InfoPath.3; .NET4.0C; MS-RTC LM 8; .NET4.0E)" 28858
192.168.12.204 - - [17/Feb/2013:07:34:03 +0600] "GET /pause/ajaxPause?pauseConfigId=&admin=0 HTTP/1.1" 200 986 "http://callider/pause/index" "Mozilla/4.0 (compatible; MSIE 7.0; Windows NT 6.1; WOW64; Trident/4.0; SLCC2; .NET CLR 2.0.50727; .NET CLR 3.5.30729; .NET CLR 3.0.30729; Media Center PC 6.0; InfoPath.3; .NET4.0C; .NET4.0E; .NET CLR 1.1.4322)" 22697
192.168.74.78 - - [17/Feb/2013:07:34:04 +0600] "GET /pause/ajaxPause?pauseConfigId=&admin=0 HTTP/1.1" 200 986 "http://callider/pause/index" "Mozilla/4.0 (compatible; MSIE 7.0; Windows NT 6.1; WOW64; Trident/5.0; SLCC2; .NET CLR 2.0.50727; .NET CLR 3.5.30729; .NET CLR 3.0.30729; Media Center PC 6.0; InfoPath.3; .NET4.0C; MS-RTC LM 8; .NET4.0E)" 22579
192.168.12.69 - - [17/Feb/2013:07:34:05 +0600] "GET /pause/ajaxPause?pauseConfigId=&admin=0 HTTP/1.1" 200 986 "http://callider/pause/index" "Mozilla/4.0 (compatible; MSIE 7.0; Windows NT 6.1; Trident/5.0; SLCC2; .NET CLR 2.0.50727; .NET CLR 3.5.30729; .NET CLR 3.0.30729; Media Center PC 6.0; InfoPath.3; .NET4.0C; .NET4.0E; Tablet PC 2.0; AskTbFXTV5/5.14.1.20007)" 25582
192.168.12.61 - - [17/Feb/2013:07:34:05 +0600] "GET /tv/useUser HTTP/1.1" 200 431 "http://callider/pause/index" "Mozilla/4.0 (compatible; MSIE 7.0; Windows NT 6.1; Trident/5.0; SLCC2; .NET CLR 2.0.50727; .NET CLR 3.5.30729; .NET CLR 3.0.30729; Media Center PC 6.0; InfoPath.3; .NET4.0C; .NET4.0E)" 9307
192.168.74.91 - - [17/Feb/2013:07:34:05 +0600] "GET /pause/ajaxPause?pauseConfigId=&admin=0 HTTP/1.1" 200 986 "http://callider/pause/index" "Mozilla/4.0 (compatible; MSIE 7.0; Windows NT 6.1; WOW64; Trident/5.0; SLCC2; .NET CLR 2.0.50727; .NET CLR 3.5.30729; .NET CLR 3.0.30729; Media Center PC 6.0; InfoPath.3; .NET4.0C; MS-RTC LM 8; .NET4.0E)" 20169
192.168.74.151 - - [17/Feb/2013:07:34:05 +0600] "GET /pause/ajaxPause?pauseConfigId=&admin=0 HTTP/1.1" 200 987 "http://callider.kontur/pause/index" "Mozilla/5.0 (Windows NT 6.1; WOW64; rv:18.0) Gecko/20100101 Firefox/18.0" 21592
192.168.12.210 - - [17/Feb/2013:07:34:05 +0600] "GET /pause/ajaxPause?pauseConfigId=all&admin=1 HTTP/1.1" 200 1047 "http://callider/pause/index" "Mozilla/4.0 (compatible; MSIE 7.0; Windows NT 6.1; WOW64; Trident/5.0; SLCC2; .NET CLR 2.0.50727; .NET CLR 3.5.30729; .NET CLR 3.0.30729; Media Center PC 6.0; InfoPath.3; .NET4.0C; .NET4.0E)" 20664
192.168.12.38 - - [17/Feb/2013:07:34:06 +0600] "GET /pause/ajaxPause?pauseConfigId=&admin=0 HTTP/1.1" 200 1040 "http://callider/pause/index" "Mozilla/4.0 (compatible; MSIE 7.0; Windows NT 6.1; WOW64; Trident/5.0; SLCC2; .NET CLR 2.0.50727; .NET CLR 3.5.30729; .NET CLR 3.0.30729; Media Center PC 6.0; InfoPath.3; .NET4.0C; .NET4.0E)" 16355
192.168.12.77 - - [17/Feb/2013:07:34:06 +0600] "GET /pause/ajaxPause?pauseConfigId=&admin=0 HTTP/1.1" 200 1039 "http://callider/pause/index" "Mozilla/4.0 (compatible; MSIE 7.0; Windows NT 6.1; Trident/5.0; SLCC2; .NET CLR 2.0.50727; .NET CLR 3.5.30729; .NET CLR 3.0.30729; Media Center PC 6.0; Tablet PC 2.0; InfoPath.3; .NET4.0C; .NET4.0E; MS-RTC LM 8)" 14048
192.168.12.61 - - [17/Feb/2013:07:34:06 +0600] "GET /pause/ajaxPause?pauseConfigId=&admin=0 HTTP/1.1" 200 985 "http://callider/pause/index" "Mozilla/4.0 (compatible; MSIE 7.0; Windows NT 6.1; Trident/5.0; SLCC2; .NET CLR 2.0.50727; .NET CLR 3.5.30729; .NET CLR 3.0.30729; Media Center PC 6.0; InfoPath.3; .NET4.0C; .NET4.0E)" 15593
192.168.65.56 - - [17/Feb/2013:07:34:06 +0600] "GET /pause/ajaxPause?pauseConfigId=all&admin=1 HTTP/1.1" 200 1046 "http://192.168.65.101/pause/index" "Mozilla/5.0 (Windows NT 5.1; rv:15.0) Gecko/20100101 Firefox/15.0" 441669
192.168.12.60 - - [17/Feb/2013:07:34:08 +0600] "GET /pause/ajaxPause?pauseConfigId=&admin=0 HTTP/1.1" 200 986 "http://callider/pause/index" "Mozilla/4.0 (compatible; MSIE 8.0; Windows NT 6.1; Trident/4.0; InfoPath.3; .NET4.0C; MS-RTC LM 8; .NET4.0E)" 271954
192.168.12.204 - - [17/Feb/2013:07:34:08 +0600] "GET /pause/ajaxPause?pauseConfigId=&admin=0 HTTP/1.1" 200 986 "http://callider/pause/index" "Mozilla/4.0 (compatible; MSIE 7.0; Windows NT 6.1; WOW64; Trident/4.0; SLCC2; .NET CLR 2.0.50727; .NET CLR 3.5.30729; .NET CLR 3.0.30729; Media Center PC 6.0; InfoPath.3; .NET4.0C; .NET4.0E; .NET CLR 1.1.4322)" 22744
192.168.74.78 - - [17/Feb/2013:07:34:09 +0600] "GET /pause/ajaxPause?pauseConfigId=&admin=0 HTTP/1.1" 200 986 "http://callider/pause/index" "Mozilla/4.0 (compatible; MSIE 7.0; Windows NT 6.1; WOW64; Trident/5.0; SLCC2; .NET CLR 2.0.50727; .NET CLR 3.5.30729; .NET CLR 3.0.30729; Media Center PC 6.0; InfoPath.3; .NET4.0C; MS-RTC LM 8; .NET4.0E)" 26600
192.168.12.69 - - [17/Feb/2013:07:34:10 +0600] "GET /pause/ajaxPause?pauseConfigId=&admin=0 HTTP/1.1" 200 986 "http://callider/pause/index" "Mozilla/4.0 (compatible; MSIE 7.0; Windows NT 6.1; Trident/5.0; SLCC2; .NET CLR 2.0.50727; .NET CLR 3.5.30729; .NET CLR 3.0.30729; Media Center PC 6.0; InfoPath.3; .NET4.0C; .NET4.0E; Tablet PC 2.0; AskTbFXTV5/5.14.1.20007)" 18801
192.168.74.91 - - [17/Feb/2013:07:34:10 +0600] "GET /pause/ajaxPause?pauseConfigId=&admin=0 HTTP/1.1" 200 986 "http://callider/pause/index" "Mozilla/4.0 (compatible; MSIE 7.0; Windows NT 6.1; WOW64; Trident/5.0; SLCC2; .NET CLR 2.0.50727; .NET CLR 3.5.30729; .NET CLR 3.0.30729; Media Center PC 6.0; InfoPath.3; .NET4.0C; MS-RTC LM 8; .NET4.0E)" 20738
192.168.74.151 - - [17/Feb/2013:07:34:10 +0600] "GET /pause/ajaxPause?pauseConfigId=&admin=0 HTTP/1.1" 200 987 "http://callider.kontur/pause/index" "Mozilla/5.0 (Windows NT 6.1; WOW64; rv:18.0) Gecko/20100101 Firefox/18.0" 17537
192.168.12.210 - - [17/Feb/2013:07:34:10 +0600] "GET /pause/ajaxPause?pauseConfigId=all&admin=1 HTTP/1.1" 200 1047 "http://callider/pause/index" "Mozilla/4.0 (compatible; MSIE 7.0; Windows NT 6.1; WOW64; Trident/5.0; SLCC2; .NET CLR 2.0.50727; .NET CLR 3.5.30729; .NET CLR 3.0.30729; Media Center PC 6.0; InfoPath.3; .NET4.0C; .NET4.0E)" 18370
192.168.12.42 - - [17/Feb/2013:07:34:11 +0600] "GET /tv/useUser HTTP/1.1" 200 432 "http://callider/graph/personal" "Mozilla/4.0 (compatible; MSIE 7.0; Windows NT 6.1; WOW64; Trident/5.0; SLCC2; .NET CLR 2.0.50727; .NET CLR 3.5.30729; .NET CLR 3.0.30729; Media Center PC 6.0; InfoPath.3; .NET4.0C; .NET4.0E)" 21677
192.168.12.38 - - [17/Feb/2013:07:34:11 +0600] "GET /pause/ajaxPause?pauseConfigId=&admin=0 HTTP/1.1" 200 1040 "http://callider/pause/index" "Mozilla/4.0 (compatible; MSIE 7.0; Windows NT 6.1; WOW64; Trident/5.0; SLCC2; .NET CLR 2.0.50727; .NET CLR 3.5.30729; .NET CLR 3.0.30729; Media Center PC 6.0; InfoPath.3; .NET4.0C; .NET4.0E)" 15175
192.168.12.77 - - [17/Feb/2013:07:34:11 +0600] "GET /pause/ajaxPause?pauseConfigId=&admin=0 HTTP/1.1" 200 1039 "http://callider/pause/index" "Mozilla/4.0 (compatible; MSIE 7.0; Windows NT 6.1; Trident/5.0; SLCC2; .NET CLR 2.0.50727; .NET CLR 3.5.30729; .NET CLR 3.0.30729; Media Center PC 6.0; Tablet PC 2.0; InfoPath.3; .NET4.0C; .NET4.0E; MS-RTC LM 8)" 20316
192.168.12.61 - - [17/Feb/2013:07:34:11 +0600] "GET /pause/ajaxPause?pauseConfigId=&admin=0 HTTP/1.1" 200 985 "http://callider/pause/index" "Mozilla/4.0 (compatible; MSIE 7.0; Windows NT 6.1; Trident/5.0; SLCC2; .NET CLR 2.0.50727; .NET CLR 3.5.30729; .NET CLR 3.0.30729; Media Center PC 6.0; InfoPath.3; .NET4.0C; .NET4.0E)" 27996
192.168.65.56 - - [17/Feb/2013:07:34:11 +0600] "GET /pause/ajaxPause?pauseConfigId=all&admin=1 HTTP/1.1" 200 1046 "http://192.168.65.101/pause/index" "Mozilla/5.0 (Windows NT 5.1; rv:15.0) Gecko/20100101 Firefox/15.0" 153884
192.168.74.151 - - [17/Feb/2013:07:34:13 +0600] "GET /tv/useUser HTTP/1.1" 200 431 "http://callider.kontur/graph/general" "Mozilla/5.0 (Windows NT 6.1; WOW64; rv:18.0) Gecko/20100101 Firefox/18.0" 7952
192.168.12.60 - - [17/Feb/2013:07:34:13 +0600] "GET /pause/ajaxPause?pauseConfigId=&admin=0 HTTP/1.1" 200 986 "http://callider/pause/index" "Mozilla/4.0 (compatible; MSIE 8.0; Windows NT 6.1; Trident/4.0; InfoPath.3; .NET4.0C; MS-RTC LM 8; .NET4.0E)" 30009
192.168.12.204 - - [17/Feb/2013:07:34:13 +0600] "GET /pause/ajaxPause?pauseConfigId=&admin=0 HTTP/1.1" 200 986 "http://callider/pause/index" "Mozilla/4.0 (compatible; MSIE 7.0; Windows NT 6.1; WOW64; Trident/4.0; SLCC2; .NET CLR 2.0.50727; .NET CLR 3.5.30729; .NET CLR 3.0.30729; Media Center PC 6.0; InfoPath.3; .NET4.0C; .NET4.0E; .NET CLR 1.1.4322)" 26199
192.168.74.78 - - [17/Feb/2013:07:34:14 +0600] "GET /pause/ajaxPause?pauseConfigId=&admin=0 HTTP/1.1" 200 986 "http://callider/pause/index" "Mozilla/4.0 (compatible; MSIE 7.0; Windows NT 6.1; WOW64; Trident/5.0; SLCC2; .NET CLR 2.0.50727; .NET CLR 3.5.30729; .NET CLR 3.0.30729; Media Center PC 6.0; InfoPath.3; .NET4.0C; MS-RTC LM 8; .NET4.0E)" 19068
192.168.12.69 - - [17/Feb/2013:07:34:15 +0600] "GET /pause/ajaxPause?pauseConfigId=&admin=0 HTTP/1.1" 200 986 "http://callider/pause/index" "Mozilla/4.0 (compatible; MSIE 7.0; Windows NT 6.1; Trident/5.0; SLCC2; .NET CLR 2.0.50727; .NET CLR 3.5.30729; .NET CLR 3.0.30729; Media Center PC 6.0; InfoPath.3; .NET4.0C; .NET4.0E; Tablet PC 2.0; AskTbFXTV5/5.14.1.20007)" 18201
192.168.74.91 - - [17/Feb/2013:07:34:15 +0600] "GET /pause/ajaxPause?pauseConfigId=&admin=0 HTTP/1.1" 200 986 "http://callider/pause/index" "Mozilla/4.0 (compatible; MSIE 7.0; Windows NT 6.1; WOW64; Trident/5.0; SLCC2; .NET CLR 2.0.50727; .NET CLR 3.5.30729; .NET CLR 3.0.30729; Media Center PC 6.0; InfoPath.3; .NET4.0C; MS-RTC LM 8; .NET4.0E)" 19890
192.168.74.151 - - [17/Feb/2013:07:34:15 +0600] "GET /pause/ajaxPause?pauseConfigId=&admin=0 HTTP/1.1" 200 987 "http://callider.kontur/pause/index" "Mozilla/5.0 (Windows NT 6.1; WOW64; rv:18.0) Gecko/20100101 Firefox/18.0" 33345
192.168.74.151 - - [17/Feb/2013:07:34:15 +0600] "GET /tv/useUser HTTP/1.1" 200 432 "http://callider.kontur/pause/index" "Mozilla/5.0 (Windows NT 6.1; WOW64; rv:18.0) Gecko/20100101 Firefox/18.0" 14744
192.168.12.210 - - [17/Feb/2013:07:34:15 +0600] "GET /pause/ajaxPause?pauseConfigId=all&admin=1 HTTP/1.1" 200 1047 "http://callider/pause/index" "Mozilla/4.0 (compatible; MSIE 7.0; Windows NT 6.1; WOW64; Trident/5.0; SLCC2; .NET CLR 2.0.50727; .NET CLR 3.5.30729; .NET CLR 3.0.30729; Media Center PC 6.0; InfoPath.3; .NET4.0C; .NET4.0E)" 20171
192.168.12.38 - - [17/Feb/2013:07:34:16 +0600] "GET /pause/ajaxPause?pauseConfigId=&admin=0 HTTP/1.1" 200 1040 "http://callider/pause/index" "Mozilla/4.0 (compatible; MSIE 7.0; Windows NT 6.1; WOW64; Trident/5.0; SLCC2; .NET CLR 2.0.50727; .NET CLR 3.5.30729; .NET CLR 3.0.30729; Media Center PC 6.0; InfoPath.3; .NET4.0C; .NET4.0E)" 14831
192.168.12.77 - - [17/Feb/2013:07:34:16 +0600] "GET /pause/ajaxPause?pauseConfigId=&admin=0 HTTP/1.1" 200 1039 "http://callider/pause/index" "Mozilla/4.0 (compatible; MSIE 7.0; Windows NT 6.1; Trident/5.0; SLCC2; .NET CLR 2.0.50727; .NET CLR 3.5.30729; .NET CLR 3.0.30729; Media Center PC 6.0; Tablet PC 2.0; InfoPath.3; .NET4.0C; .NET4.0E; MS-RTC LM 8)" 14438
192.168.12.61 - - [17/Feb/2013:07:34:16 +0600] "GET /pause/ajaxPause?pauseConfigId=&admin=0 HTTP/1.1" 200 986 "http://callider/pause/index" "Mozilla/4.0 (compatible; MSIE 7.0; Windows NT 6.1; Trident/5.0; SLCC2; .NET CLR 2.0.50727; .NET CLR 3.5.30729; .NET CLR 3.0.30729; Media Center PC 6.0; InfoPath.3; .NET4.0C; .NET4.0E)" 32317
192.168.65.56 - - [17/Feb/2013:07:34:16 +0600] "GET /pause/ajaxPause?pauseConfigId=all&admin=1 HTTP/1.1" 200 1046 "http://192.168.65.101/pause/index" "Mozilla/5.0 (Windows NT 5.1; rv:15.0) Gecko/20100101 Firefox/15.0" 29345
192.168.12.60 - - [17/Feb/2013:07:34:18 +0600] "GET /pause/ajaxPause?pauseConfigId=&admin=0 HTTP/1.1" 200 986 "http://callider/pause/index" "Mozilla/4.0 (compatible; MSIE 8.0; Windows NT 6.1; Trident/4.0; InfoPath.3; .NET4.0C; MS-RTC LM 8; .NET4.0E)" 19639
192.168.12.204 - - [17/Feb/2013:07:34:18 +0600] "GET /pause/ajaxPause?pauseConfigId=&admin=0 HTTP/1.1" 200 986 "http://callider/pause/index" "Mozilla/4.0 (compatible; MSIE 7.0; Windows NT 6.1; WOW64; Trident/4.0; SLCC2; .NET CLR 2.0.50727; .NET CLR 3.5.30729; .NET CLR 3.0.30729; Media Center PC 6.0; InfoPath.3; .NET4.0C; .NET4.0E; .NET CLR 1.1.4322)" 19796
192.168.74.78 - - [17/Feb/2013:07:34:19 +0600] "GET /pause/ajaxPause?pauseConfigId=&admin=0 HTTP/1.1" 200 986 "http://callider/pause/index" "Mozilla/4.0 (compatible; MSIE 7.0; Windows NT 6.1; WOW64; Trident/5.0; SLCC2; .NET CLR 2.0.50727; .NET CLR 3.5.30729; .NET CLR 3.0.30729; Media Center PC 6.0; InfoPath.3; .NET4.0C; MS-RTC LM 8; .NET4.0E)" 18812
192.168.12.10 - - [17/Feb/2013:07:34:19 +0600] "GET /tv/useUser HTTP/1.1" 200 432 "http://callider/graph/personal" "Mozilla/4.0 (compatible; MSIE 7.0; Windows NT 6.1; Trident/5.0; SLCC2; .NET CLR 2.0.50727; .NET CLR 3.5.30729; .NET CLR 3.0.30729; Media Center PC 6.0; InfoPath.3; .NET4.0C; .NET4.0E; Tablet PC 2.0; MS-RTC LM 8)" 16378
192.168.12.108 - - [17/Feb/2013:07:34:19 +0600] "GET /tv/useUser HTTP/1.1" 200 432 "http://callider/index.php" "Mozilla/4.0 (compatible; MSIE 7.0; Windows NT 6.2; WOW64; Trident/6.0; .NET4.0E; .NET4.0C; InfoPath.3; .NET CLR 3.5.30729; .NET CLR 2.0.50727; .NET CLR 3.0.30729)" 14332
192.168.12.69 - - [17/Feb/2013:07:34:20 +0600] "GET /pause/ajaxPause?pauseConfigId=&admin=0 HTTP/1.1" 200 986 "http://callider/pause/index" "Mozilla/4.0 (compatible; MSIE 7.0; Windows NT 6.1; Trident/5.0; SLCC2; .NET CLR 2.0.50727; .NET CLR 3.5.30729; .NET CLR 3.0.30729; Media Center PC 6.0; InfoPath.3; .NET4.0C; .NET4.0E; Tablet PC 2.0; AskTbFXTV5/5.14.1.20007)" 19158
192.168.74.91 - - [17/Feb/2013:07:34:20 +0600] "GET /pause/ajaxPause?pauseConfigId=&admin=0 HTTP/1.1" 200 986 "http://callider/pause/index" "Mozilla/4.0 (compatible; MSIE 7.0; Windows NT 6.1; WOW64; Trident/5.0; SLCC2; .NET CLR 2.0.50727; .NET CLR 3.5.30729; .NET CLR 3.0.30729; Media Center PC 6.0; InfoPath.3; .NET4.0C; MS-RTC LM 8; .NET4.0E)" 19674
192.168.74.151 - - [17/Feb/2013:07:34:20 +0600] "GET /pause/ajaxPause?pauseConfigId=&admin=0 HTTP/1.1" 200 987 "http://callider.kontur/pause/index" "Mozilla/5.0 (Windows NT 6.1; WOW64; rv:18.0) Gecko/20100101 Firefox/18.0" 19426
192.168.12.210 - - [17/Feb/2013:07:34:20 +0600] "GET /pause/ajaxPause?pauseConfigId=all&admin=1 HTTP/1.1" 200 1047 "http://callider/pause/index" "Mozilla/4.0 (compatible; MSIE 7.0; Windows NT 6.1; WOW64; Trident/5.0; SLCC2; .NET CLR 2.0.50727; .NET CLR 3.5.30729; .NET CLR 3.0.30729; Media Center PC 6.0; InfoPath.3; .NET4.0C; .NET4.0E)" 20616
192.168.12.38 - - [17/Feb/2013:07:34:21 +0600] "GET /pause/ajaxPause?pauseConfigId=&admin=0 HTTP/1.1" 200 1040 "http://callider/pause/index" "Mozilla/4.0 (compatible; MSIE 7.0; Windows NT 6.1; WOW64; Trident/5.0; SLCC2; .NET CLR 2.0.50727; .NET CLR 3.5.30729; .NET CLR 3.0.30729; Media Center PC 6.0; InfoPath.3; .NET4.0C; .NET4.0E)" 16637
192.168.12.77 - - [17/Feb/2013:07:34:21 +0600] "GET /pause/ajaxPause?pauseConfigId=&admin=0 HTTP/1.1" 200 1039 "http://callider/pause/index" "Mozilla/4.0 (compatible; MSIE 7.0; Windows NT 6.1; Trident/5.0; SLCC2; .NET CLR 2.0.50727; .NET CLR 3.5.30729; .NET CLR 3.0.30729; Media Center PC 6.0; Tablet PC 2.0; InfoPath.3; .NET4.0C; .NET4.0E; MS-RTC LM 8)" 14827
192.168.12.61 - - [17/Feb/2013:07:34:21 +0600] "GET /pause/ajaxPause?pauseConfigId=&admin=0 HTTP/1.1" 200 985 "http://callider/pause/index" "Mozilla/4.0 (compatible; MSIE 7.0; Windows NT 6.1; Trident/5.0; SLCC2; .NET CLR 2.0.50727; .NET CLR 3.5.30729; .NET CLR 3.0.30729; Media Center PC 6.0; InfoPath.3; .NET4.0C; .NET4.0E)" 16147
192.168.65.56 - - [17/Feb/2013:07:34:21 +0600] "GET /pause/ajaxPause?pauseConfigId=all&admin=1 HTTP/1.1" 200 1046 "http://192.168.65.101/pause/index" "Mozilla/5.0 (Windows NT 5.1; rv:15.0) Gecko/20100101 Firefox/15.0" 27311
192.168.12.60 - - [17/Feb/2013:07:34:23 +0600] "GET /pause/ajaxPause?pauseConfigId=&admin=0 HTTP/1.1" 200 986 "http://callider/pause/index" "Mozilla/4.0 (compatible; MSIE 8.0; Windows NT 6.1; Trident/4.0; InfoPath.3; .NET4.0C; MS-RTC LM 8; .NET4.0E)" 20743
192.168.12.204 - - [17/Feb/2013:07:34:23 +0600] "GET /pause/ajaxPause?pauseConfigId=&admin=0 HTTP/1.1" 200 986 "http://callider/pause/index" "Mozilla/4.0 (compatible; MSIE 7.0; Windows NT 6.1; WOW64; Trident/4.0; SLCC2; .NET CLR 2.0.50727; .NET CLR 3.5.30729; .NET CLR 3.0.30729; Media Center PC 6.0; InfoPath.3; .NET4.0C; .NET4.0E; .NET CLR 1.1.4322)" 21839
192.168.74.78 - - [17/Feb/2013:07:34:24 +0600] "GET /pause/ajaxPause?pauseConfigId=&admin=0 HTTP/1.1" 200 986 "http://callider/pause/index" "Mozilla/4.0 (compatible; MSIE 7.0; Windows NT 6.1; WOW64; Trident/5.0; SLCC2; .NET CLR 2.0.50727; .NET CLR 3.5.30729; .NET CLR 3.0.30729; Media Center PC 6.0; InfoPath.3; .NET4.0C; MS-RTC LM 8; .NET4.0E)" 25537
192.168.12.69 - - [17/Feb/2013:07:34:25 +0600] "GET /pause/ajaxPause?pauseConfigId=&admin=0 HTTP/1.1" 200 986 "http://callider/pause/index" "Mozilla/4.0 (compatible; MSIE 7.0; Windows NT 6.1; Trident/5.0; SLCC2; .NET CLR 2.0.50727; .NET CLR 3.5.30729; .NET CLR 3.0.30729; Media Center PC 6.0; InfoPath.3; .NET4.0C; .NET4.0E; Tablet PC 2.0; AskTbFXTV5/5.14.1.20007)" 24389
192.168.74.91 - - [17/Feb/2013:07:34:25 +0600] "GET /pause/ajaxPause?pauseConfigId=&admin=0 HTTP/1.1" 200 986 "http://callider/pause/index" "Mozilla/4.0 (compatible; MSIE 7.0; Windows NT 6.1; WOW64; Trident/5.0; SLCC2; .NET CLR 2.0.50727; .NET CLR 3.5.30729; .NET CLR 3.0.30729; Media Center PC 6.0; InfoPath.3; .NET4.0C; MS-RTC LM 8; .NET4.0E)" 18510
192.168.74.151 - - [17/Feb/2013:07:34:25 +0600] "GET /pause/ajaxPause?pauseConfigId=&admin=0 HTTP/1.1" 200 987 "http://callider.kontur/pause/index" "Mozilla/5.0 (Windows NT 6.1; WOW64; rv:18.0) Gecko/20100101 Firefox/18.0" 19229
192.168.12.210 - - [17/Feb/2013:07:34:25 +0600] "GET /pause/ajaxPause?pauseConfigId=all&admin=1 HTTP/1.1" 200 1047 "http://callider/pause/index" "Mozilla/4.0 (compatible; MSIE 7.0; Windows NT 6.1; WOW64; Trident/5.0; SLCC2; .NET CLR 2.0.50727; .NET CLR 3.5.30729; .NET CLR 3.0.30729; Media Center PC 6.0; InfoPath.3; .NET4.0C; .NET4.0E)" 17543
192.168.12.38 - - [17/Feb/2013:07:34:26 +0600] "GET /pause/ajaxPause?pauseConfigId=&admin=0 HTTP/1.1" 200 1040 "http://callider/pause/index" "Mozilla/4.0 (compatible; MSIE 7.0; Windows NT 6.1; WOW64; Trident/5.0; SLCC2; .NET CLR 2.0.50727; .NET CLR 3.5.30729; .NET CLR 3.0.30729; Media Center PC 6.0; InfoPath.3; .NET4.0C; .NET4.0E)" 17372
192.168.12.77 - - [17/Feb/2013:07:34:26 +0600] "GET /pause/ajaxPause?pauseConfigId=&admin=0 HTTP/1.1" 200 1039 "http://callider/pause/index" "Mozilla/4.0 (compatible; MSIE 7.0; Windows NT 6.1; Trident/5.0; SLCC2; .NET CLR 2.0.50727; .NET CLR 3.5.30729; .NET CLR 3.0.30729; Media Center PC 6.0; Tablet PC 2.0; InfoPath.3; .NET4.0C; .NET4.0E; MS-RTC LM 8)" 15319
192.168.12.61 - - [17/Feb/2013:07:34:26 +0600] "GET /pause/ajaxPause?pauseConfigId=&admin=0 HTTP/1.1" 200 985 "http://callider/pause/index" "Mozilla/4.0 (compatible; MSIE 7.0; Windows NT 6.1; Trident/5.0; SLCC2; .NET CLR 2.0.50727; .NET CLR 3.5.30729; .NET CLR 3.0.30729; Media Center PC 6.0; InfoPath.3; .NET4.0C; .NET4.0E)" 16384
192.168.65.56 - - [17/Feb/2013:07:34:26 +0600] "GET /pause/ajaxPause?pauseConfigId=all&admin=1 HTTP/1.1" 200 1046 "http://192.168.65.101/pause/index" "Mozilla/5.0 (Windows NT 5.1; rv:15.0) Gecko/20100101 Firefox/15.0" 28692
192.168.12.60 - - [17/Feb/2013:07:34:28 +0600] "GET /pause/ajaxPause?pauseConfigId=&admin=0 HTTP/1.1" 200 986 "http://callider/pause/index" "Mozilla/4.0 (compatible; MSIE 8.0; Windows NT 6.1; Trident/4.0; InfoPath.3; .NET4.0C; MS-RTC LM 8; .NET4.0E)" 21621
192.168.12.204 - - [17/Feb/2013:07:34:28 +0600] "GET /pause/ajaxPause?pauseConfigId=&admin=0 HTTP/1.1" 200 986 "http://callider/pause/index" "Mozilla/4.0 (compatible; MSIE 7.0; Windows NT 6.1; WOW64; Trident/4.0; SLCC2; .NET CLR 2.0.50727; .NET CLR 3.5.30729; .NET CLR 3.0.30729; Media Center PC 6.0; InfoPath.3; .NET4.0C; .NET4.0E; .NET CLR 1.1.4322)" 21824
192.168.74.78 - - [17/Feb/2013:07:34:29 +0600] "GET /pause/ajaxPause?pauseConfigId=&admin=0 HTTP/1.1" 200 986 "http://callider/pause/index" "Mozilla/4.0 (compatible; MSIE 7.0; Windows NT 6.1; WOW64; Trident/5.0; SLCC2; .NET CLR 2.0.50727; .NET CLR 3.5.30729; .NET CLR 3.0.30729; Media Center PC 6.0; InfoPath.3; .NET4.0C; MS-RTC LM 8; .NET4.0E)" 20161
192.168.12.69 - - [17/Feb/2013:07:34:30 +0600] "GET /pause/ajaxPause?pauseConfigId=&admin=0 HTTP/1.1" 200 986 "http://callider/pause/index" "Mozilla/4.0 (compatible; MSIE 7.0; Windows NT 6.1; Trident/5.0; SLCC2; .NET CLR 2.0.50727; .NET CLR 3.5.30729; .NET CLR 3.0.30729; Media Center PC 6.0; InfoPath.3; .NET4.0C; .NET4.0E; Tablet PC 2.0; AskTbFXTV5/5.14.1.20007)" 18191
192.168.74.91 - - [17/Feb/2013:07:34:30 +0600] "GET /pause/ajaxPause?pauseConfigId=&admin=0 HTTP/1.1" 200 986 "http://callider/pause/index" "Mozilla/4.0 (compatible; MSIE 7.0; Windows NT 6.1; WOW64; Trident/5.0; SLCC2; .NET CLR 2.0.50727; .NET CLR 3.5.30729; .NET CLR 3.0.30729; Media Center PC 6.0; InfoPath.3; .NET4.0C; MS-RTC LM 8; .NET4.0E)" 21898
192.168.74.151 - - [17/Feb/2013:07:34:30 +0600] "GET /pause/ajaxPause?pauseConfigId=&admin=0 HTTP/1.1" 200 987 "http://callider.kontur/pause/index" "Mozilla/5.0 (Windows NT 6.1; WOW64; rv:18.0) Gecko/20100101 Firefox/18.0" 18197
192.168.12.210 - - [17/Feb/2013:07:34:30 +0600] "GET /pause/ajaxPause?pauseConfigId=all&admin=1 HTTP/1.1" 200 1047 "http://callider/pause/index" "Mozilla/4.0 (compatible; MSIE 7.0; Windows NT 6.1; WOW64; Trident/5.0; SLCC2; .NET CLR 2.0.50727; .NET CLR 3.5.30729; .NET CLR 3.0.30729; Media Center PC 6.0; InfoPath.3; .NET4.0C; .NET4.0E)" 18187
192.168.12.38 - - [17/Feb/2013:07:34:31 +0600] "GET /pause/ajaxPause?pauseConfigId=&admin=0 HTTP/1.1" 200 1040 "http://callider/pause/index" "Mozilla/4.0 (compatible; MSIE 7.0; Windows NT 6.1; WOW64; Trident/5.0; SLCC2; .NET CLR 2.0.50727; .NET CLR 3.5.30729; .NET CLR 3.0.30729; Media Center PC 6.0; InfoPath.3; .NET4.0C; .NET4.0E)" 18993
192.168.12.77 - - [17/Feb/2013:07:34:31 +0600] "GET /pause/ajaxPause?pauseConfigId=&admin=0 HTTP/1.1" 200 1039 "http://callider/pause/index" "Mozilla/4.0 (compatible; MSIE 7.0; Windows NT 6.1; Trident/5.0; SLCC2; .NET CLR 2.0.50727; .NET CLR 3.5.30729; .NET CLR 3.0.30729; Media Center PC 6.0; Tablet PC 2.0; InfoPath.3; .NET4.0C; .NET4.0E; MS-RTC LM 8)" 15859
192.168.12.61 - - [17/Feb/2013:07:34:31 +0600] "GET /pause/ajaxPause?pauseConfigId=&admin=0 HTTP/1.1" 200 986 "http://callider/pause/index" "Mozilla/4.0 (compatible; MSIE 7.0; Windows NT 6.1; Trident/5.0; SLCC2; .NET CLR 2.0.50727; .NET CLR 3.5.30729; .NET CLR 3.0.30729; Media Center PC 6.0; InfoPath.3; .NET4.0C; .NET4.0E)" 31371
192.168.65.56 - - [17/Feb/2013:07:34:31 +0600] "GET /pause/ajaxPause?pauseConfigId=all&admin=1 HTTP/1.1" 200 1046 "http://192.168.65.101/pause/index" "Mozilla/5.0 (Windows NT 5.1; rv:15.0) Gecko/20100101 Firefox/15.0" 28237
192.168.12.60 - - [17/Feb/2013:07:34:33 +0600] "GET /pause/ajaxPause?pauseConfigId=&admin=0 HTTP/1.1" 200 986 "http://callider/pause/index" "Mozilla/4.0 (compatible; MSIE 8.0; Windows NT 6.1; Trident/4.0; InfoPath.3; .NET4.0C; MS-RTC LM 8; .NET4.0E)" 18559
192.168.12.204 - - [17/Feb/2013:07:34:33 +0600] "GET /pause/ajaxPause?pauseConfigId=&admin=0 HTTP/1.1" 200 986 "http://callider/pause/index" "Mozilla/4.0 (compatible; MSIE 7.0; Windows NT 6.1; WOW64; Trident/4.0; SLCC2; .NET CLR 2.0.50727; .NET CLR 3.5.30729; .NET CLR 3.0.30729; Media Center PC 6.0; InfoPath.3; .NET4.0C; .NET4.0E; .NET CLR 1.1.4322)" 18606
192.168.74.78 - - [17/Feb/2013:07:34:34 +0600] "GET /pause/ajaxPause?pauseConfigId=&admin=0 HTTP/1.1" 200 986 "http://callider/pause/index" "Mozilla/4.0 (compatible; MSIE 7.0; Windows NT 6.1; WOW64; Trident/5.0; SLCC2; .NET CLR 2.0.50727; .NET CLR 3.5.30729; .NET CLR 3.0.30729; Media Center PC 6.0; InfoPath.3; .NET4.0C; MS-RTC LM 8; .NET4.0E)" 17830
192.168.12.67 - - [17/Feb/2013:07:34:34 +0600] "GET /tv/useUser HTTP/1.1" 200 432 "http://callider/graph/personal" "Mozilla/4.0 (compatible; MSIE 7.0; Windows NT 6.1; Trident/5.0; SLCC2; .NET CLR 2.0.50727; .NET CLR 3.5.30729; .NET CLR 3.0.30729; Media Center PC 6.0; .NET4.0C; .NET4.0E; InfoPath.3; Tablet PC 2.0; MS-RTC LM 8)" 16503
192.168.12.69 - - [17/Feb/2013:07:34:35 +0600] "GET /pause/ajaxPause?pauseConfigId=&admin=0 HTTP/1.1" 200 986 "http://callider/pause/index" "Mozilla/4.0 (compatible; MSIE 7.0; Windows NT 6.1; Trident/5.0; SLCC2; .NET CLR 2.0.50727; .NET CLR 3.5.30729; .NET CLR 3.0.30729; Media Center PC 6.0; InfoPath.3; .NET4.0C; .NET4.0E; Tablet PC 2.0; AskTbFXTV5/5.14.1.20007)" 20555
192.168.74.91 - - [17/Feb/2013:07:34:35 +0600] "GET /pause/ajaxPause?pauseConfigId=&admin=0 HTTP/1.1" 200 986 "http://callider/pause/index" "Mozilla/4.0 (compatible; MSIE 7.0; Windows NT 6.1; WOW64; Trident/5.0; SLCC2; .NET CLR 2.0.50727; .NET CLR 3.5.30729; .NET CLR 3.0.30729; Media Center PC 6.0; InfoPath.3; .NET4.0C; MS-RTC LM 8; .NET4.0E)" 24780
192.168.74.151 - - [17/Feb/2013:07:34:35 +0600] "GET /pause/ajaxPause?pauseConfigId=&admin=0 HTTP/1.1" 200 987 "http://callider.kontur/pause/index" "Mozilla/5.0 (Windows NT 6.1; WOW64; rv:18.0) Gecko/20100101 Firefox/18.0" 21013
192.168.12.210 - - [17/Feb/2013:07:34:35 +0600] "GET /pause/ajaxPause?pauseConfigId=all&admin=1 HTTP/1.1" 200 1047 "http://callider/pause/index" "Mozilla/4.0 (compatible; MSIE 7.0; Windows NT 6.1; WOW64; Trident/5.0; SLCC2; .NET CLR 2.0.50727; .NET CLR 3.5.30729; .NET CLR 3.0.30729; Media Center PC 6.0; InfoPath.3; .NET4.0C; .NET4.0E)" 25366
192.168.12.38 - - [17/Feb/2013:07:34:36 +0600] "GET /pause/ajaxPause?pauseConfigId=&admin=0 HTTP/1.1" 200 1040 "http://callider/pause/index" "Mozilla/4.0 (compatible; MSIE 7.0; Windows NT 6.1; WOW64; Trident/5.0; SLCC2; .NET CLR 2.0.50727; .NET CLR 3.5.30729; .NET CLR 3.0.30729; Media Center PC 6.0; InfoPath.3; .NET4.0C; .NET4.0E)" 15705
192.168.12.77 - - [17/Feb/2013:07:34:36 +0600] "GET /pause/ajaxPause?pauseConfigId=&admin=0 HTTP/1.1" 200 1039 "http://callider/pause/index" "Mozilla/4.0 (compatible; MSIE 7.0; Windows NT 6.1; Trident/5.0; SLCC2; .NET CLR 2.0.50727; .NET CLR 3.5.30729; .NET CLR 3.0.30729; Media Center PC 6.0; Tablet PC 2.0; InfoPath.3; .NET4.0C; .NET4.0E; MS-RTC LM 8)" 14096
192.168.12.61 - - [17/Feb/2013:07:34:36 +0600] "GET /pause/ajaxPause?pauseConfigId=&admin=0 HTTP/1.1" 200 985 "http://callider/pause/index" "Mozilla/4.0 (compatible; MSIE 7.0; Windows NT 6.1; Trident/5.0; SLCC2; .NET CLR 2.0.50727; .NET CLR 3.5.30729; .NET CLR 3.0.30729; Media Center PC 6.0; InfoPath.3; .NET4.0C; .NET4.0E)" 22275
192.168.65.56 - - [17/Feb/2013:07:34:36 +0600] "GET /pause/ajaxPause?pauseConfigId=all&admin=1 HTTP/1.1" 200 1046 "http://192.168.65.101/pause/index" "Mozilla/5.0 (Windows NT 5.1; rv:15.0) Gecko/20100101 Firefox/15.0" 58244
192.168.74.93 - - [17/Feb/2013:07:34:38 +0600] "GET /tv/useUser HTTP/1.1" 200 432 "http://callider/graph/personal" "Mozilla/4.0 (compatible; MSIE 7.0; Windows NT 6.1; WOW64; Trident/5.0; SLCC2; .NET CLR 2.0.50727; .NET CLR 3.5.30729; .NET CLR 3.0.30729; Media Center PC 6.0; InfoPath.3; .NET4.0C; .NET4.0E)" 24657
192.168.12.60 - - [17/Feb/2013:07:34:38 +0600] "GET /pause/ajaxPause?pauseConfigId=&admin=0 HTTP/1.1" 200 986 "http://callider/pause/index" "Mozilla/4.0 (compatible; MSIE 8.0; Windows NT 6.1; Trident/4.0; InfoPath.3; .NET4.0C; MS-RTC LM 8; .NET4.0E)" 19227
192.168.12.204 - - [17/Feb/2013:07:34:38 +0600] "GET /pause/ajaxPause?pauseConfigId=&admin=0 HTTP/1.1" 200 986 "http://callider/pause/index" "Mozilla/4.0 (compatible; MSIE 7.0; Windows NT 6.1; WOW64; Trident/4.0; SLCC2; .NET CLR 2.0.50727; .NET CLR 3.5.30729; .NET CLR 3.0.30729; Media Center PC 6.0; InfoPath.3; .NET4.0C; .NET4.0E; .NET CLR 1.1.4322)" 18198
192.168.74.78 - - [17/Feb/2013:07:34:39 +0600] "GET /pause/ajaxPause?pauseConfigId=&admin=0 HTTP/1.1" 200 986 "http://callider/pause/index" "Mozilla/4.0 (compatible; MSIE 7.0; Windows NT 6.1; WOW64; Trident/5.0; SLCC2; .NET CLR 2.0.50727; .NET CLR 3.5.30729; .NET CLR 3.0.30729; Media Center PC 6.0; InfoPath.3; .NET4.0C; MS-RTC LM 8; .NET4.0E)" 21646
192.168.12.210 - - [17/Feb/2013:07:34:39 +0600] "GET /tv/useUser HTTP/1.1" 200 431 "http://callider/graph/general" "Mozilla/4.0 (compatible; MSIE 7.0; Windows NT 6.1; WOW64; Trident/5.0; SLCC2; .NET CLR 2.0.50727; .NET CLR 3.5.30729; .NET CLR 3.0.30729; Media Center PC 6.0; InfoPath.3; .NET4.0C; .NET4.0E)" 13617
192.168.12.69 - - [17/Feb/2013:07:34:40 +0600] "GET /pause/ajaxPause?pauseConfigId=&admin=0 HTTP/1.1" 200 986 "http://callider/pause/index" "Mozilla/4.0 (compatible; MSIE 7.0; Windows NT 6.1; Trident/5.0; SLCC2; .NET CLR 2.0.50727; .NET CLR 3.5.30729; .NET CLR 3.0.30729; Media Center PC 6.0; InfoPath.3; .NET4.0C; .NET4.0E; Tablet PC 2.0; AskTbFXTV5/5.14.1.20007)" 19124
192.168.74.91 - - [17/Feb/2013:07:34:40 +0600] "GET /pause/ajaxPause?pauseConfigId=&admin=0 HTTP/1.1" 200 986 "http://callider/pause/index" "Mozilla/4.0 (compatible; MSIE 7.0; Windows NT 6.1; WOW64; Trident/5.0; SLCC2; .NET CLR 2.0.50727; .NET CLR 3.5.30729; .NET CLR 3.0.30729; Media Center PC 6.0; InfoPath.3; .NET4.0C; MS-RTC LM 8; .NET4.0E)" 25521
192.168.74.151 - - [17/Feb/2013:07:34:40 +0600] "GET /pause/ajaxPause?pauseConfigId=&admin=0 HTTP/1.1" 200 987 "http://callider.kontur/pause/index" "Mozilla/5.0 (Windows NT 6.1; WOW64; rv:18.0) Gecko/20100101 Firefox/18.0" 19718
192.168.12.210 - - [17/Feb/2013:07:34:40 +0600] "GET /pause/ajaxPause?pauseConfigId=all&admin=1 HTTP/1.1" 200 1047 "http://callider/pause/index" "Mozilla/4.0 (compatible; MSIE 7.0; Windows NT 6.1; WOW64; Trident/5.0; SLCC2; .NET CLR 2.0.50727; .NET CLR 3.5.30729; .NET CLR 3.0.30729; Media Center PC 6.0; InfoPath.3; .NET4.0C; .NET4.0E)" 19669
192.168.12.9 - - [17/Feb/2013:07:34:40 +0600] "GET /tv/useUser HTTP/1.1" 200 432 "http://callider.kontur/site/index" "Mozilla/5.0 (Windows NT 6.1; WOW64) AppleWebKit/537.17 (KHTML, like Gecko) Chrome/24.0.1312.57 Safari/537.17" 14679
192.168.12.38 - - [17/Feb/2013:07:34:41 +0600] "GET /pause/ajaxPause?pauseConfigId=&admin=0 HTTP/1.1" 200 1040 "http://callider/pause/index" "Mozilla/4.0 (compatible; MSIE 7.0; Windows NT 6.1; WOW64; Trident/5.0; SLCC2; .NET CLR 2.0.50727; .NET CLR 3.5.30729; .NET CLR 3.0.30729; Media Center PC 6.0; InfoPath.3; .NET4.0C; .NET4.0E)" 20335
192.168.12.77 - - [17/Feb/2013:07:34:41 +0600] "GET /pause/ajaxPause?pauseConfigId=&admin=0 HTTP/1.1" 200 1039 "http://callider/pause/index" "Mozilla/4.0 (compatible; MSIE 7.0; Windows NT 6.1; Trident/5.0; SLCC2; .NET CLR 2.0.50727; .NET CLR 3.5.30729; .NET CLR 3.0.30729; Media Center PC 6.0; Tablet PC 2.0; InfoPath.3; .NET4.0C; .NET4.0E; MS-RTC LM 8)" 13260
192.168.12.61 - - [17/Feb/2013:07:34:41 +0600] "GET /pause/ajaxPause?pauseConfigId=&admin=0 HTTP/1.1" 200 985 "http://callider/pause/index" "Mozilla/4.0 (compatible; MSIE 7.0; Windows NT 6.1; Trident/5.0; SLCC2; .NET CLR 2.0.50727; .NET CLR 3.5.30729; .NET CLR 3.0.30729; Media Center PC 6.0; InfoPath.3; .NET4.0C; .NET4.0E)" 25050
192.168.65.56 - - [17/Feb/2013:07:34:41 +0600] "GET /pause/ajaxPause?pauseConfigId=all&admin=1 HTTP/1.1" 200 1046 "http://192.168.65.101/pause/index" "Mozilla/5.0 (Windows NT 5.1; rv:15.0) Gecko/20100101 Firefox/15.0" 28812
192.168.12.60 - - [17/Feb/2013:07:34:43 +0600] "GET /pause/ajaxPause?pauseConfigId=&admin=0 HTTP/1.1" 200 986 "http://callider/pause/index" "Mozilla/4.0 (compatible; MSIE 8.0; Windows NT 6.1; Trident/4.0; InfoPath.3; .NET4.0C; MS-RTC LM 8; .NET4.0E)" 22268
192.168.12.204 - - [17/Feb/2013:07:34:43 +0600] "GET /pause/ajaxPause?pauseConfigId=&admin=0 HTTP/1.1" 200 986 "http://callider/pause/index" "Mozilla/4.0 (compatible; MSIE 7.0; Windows NT 6.1; WOW64; Trident/4.0; SLCC2; .NET CLR 2.0.50727; .NET CLR 3.5.30729; .NET CLR 3.0.30729; Media Center PC 6.0; InfoPath.3; .NET4.0C; .NET4.0E; .NET CLR 1.1.4322)" 20033
192.168.74.78 - - [17/Feb/2013:07:34:44 +0600] "GET /pause/ajaxPause?pauseConfigId=&admin=0 HTTP/1.1" 200 986 "http://callider/pause/index" "Mozilla/4.0 (compatible; MSIE 7.0; Windows NT 6.1; WOW64; Trident/5.0; SLCC2; .NET CLR 2.0.50727; .NET CLR 3.5.30729; .NET CLR 3.0.30729; Media Center PC 6.0; InfoPath.3; .NET4.0C; MS-RTC LM 8; .NET4.0E)" 142865
192.168.12.69 - - [17/Feb/2013:07:34:45 +0600] "GET /pause/ajaxPause?pauseConfigId=&admin=0 HTTP/1.1" 200 986 "http://callider/pause/index" "Mozilla/4.0 (compatible; MSIE 7.0; Windows NT 6.1; Trident/5.0; SLCC2; .NET CLR 2.0.50727; .NET CLR 3.5.30729; .NET CLR 3.0.30729; Media Center PC 6.0; InfoPath.3; .NET4.0C; .NET4.0E; Tablet PC 2.0; AskTbFXTV5/5.14.1.20007)" 19715
192.168.74.91 - - [17/Feb/2013:07:34:45 +0600] "GET /pause/ajaxPause?pauseConfigId=&admin=0 HTTP/1.1" 200 986 "http://callider/pause/index" "Mozilla/4.0 (compatible; MSIE 7.0; Windows NT 6.1; WOW64; Trident/5.0; SLCC2; .NET CLR 2.0.50727; .NET CLR 3.5.30729; .NET CLR 3.0.30729; Media Center PC 6.0; InfoPath.3; .NET4.0C; MS-RTC LM 8; .NET4.0E)" 23463
192.168.74.151 - - [17/Feb/2013:07:34:45 +0600] "GET /pause/ajaxPause?pauseConfigId=&admin=0 HTTP/1.1" 200 987 "http://callider.kontur/pause/index" "Mozilla/5.0 (Windows NT 6.1; WOW64; rv:18.0) Gecko/20100101 Firefox/18.0" 26816
192.168.12.210 - - [17/Feb/2013:07:34:45 +0600] "GET /pause/ajaxPause?pauseConfigId=all&admin=1 HTTP/1.1" 200 1047 "http://callider/pause/index" "Mozilla/4.0 (compatible; MSIE 7.0; Windows NT 6.1; WOW64; Trident/5.0; SLCC2; .NET CLR 2.0.50727; .NET CLR 3.5.30729; .NET CLR 3.0.30729; Media Center PC 6.0; InfoPath.3; .NET4.0C; .NET4.0E)" 32668
192.168.12.38 - - [17/Feb/2013:07:34:46 +0600] "GET /pause/ajaxPause?pauseConfigId=&admin=0 HTTP/1.1" 200 1040 "http://callider/pause/index" "Mozilla/4.0 (compatible; MSIE 7.0; Windows NT 6.1; WOW64; Trident/5.0; SLCC2; .NET CLR 2.0.50727; .NET CLR 3.5.30729; .NET CLR 3.0.30729; Media Center PC 6.0; InfoPath.3; .NET4.0C; .NET4.0E)" 14529
192.168.12.77 - - [17/Feb/2013:07:34:46 +0600] "GET /pause/ajaxPause?pauseConfigId=&admin=0 HTTP/1.1" 200 1039 "http://callider/pause/index" "Mozilla/4.0 (compatible; MSIE 7.0; Windows NT 6.1; Trident/5.0; SLCC2; .NET CLR 2.0.50727; .NET CLR 3.5.30729; .NET CLR 3.0.30729; Media Center PC 6.0; Tablet PC 2.0; InfoPath.3; .NET4.0C; .NET4.0E; MS-RTC LM 8)" 14120
192.168.12.61 - - [17/Feb/2013:07:34:46 +0600] "GET /pause/ajaxPause?pauseConfigId=&admin=0 HTTP/1.1" 200 985 "http://callider/pause/index" "Mozilla/4.0 (compatible; MSIE 7.0; Windows NT 6.1; Trident/5.0; SLCC2; .NET CLR 2.0.50727; .NET CLR 3.5.30729; .NET CLR 3.0.30729; Media Center PC 6.0; InfoPath.3; .NET4.0C; .NET4.0E)" 20625
192.168.65.56 - - [17/Feb/2013:07:34:46 +0600] "GET /pause/ajaxPause?pauseConfigId=all&admin=1 HTTP/1.1" 200 1046 "http://192.168.65.101/pause/index" "Mozilla/5.0 (Windows NT 5.1; rv:15.0) Gecko/20100101 Firefox/15.0" 27245
192.168.12.60 - - [17/Feb/2013:07:34:48 +0600] "GET /pause/ajaxPause?pauseConfigId=&admin=0 HTTP/1.1" 200 986 "http://callider/pause/index" "Mozilla/4.0 (compatible; MSIE 8.0; Windows NT 6.1; Trident/4.0; InfoPath.3; .NET4.0C; MS-RTC LM 8; .NET4.0E)" 20055
192.168.12.204 - - [17/Feb/2013:07:34:48 +0600] "GET /pause/ajaxPause?pauseConfigId=&admin=0 HTTP/1.1" 200 986 "http://callider/pause/index" "Mozilla/4.0 (compatible; MSIE 7.0; Windows NT 6.1; WOW64; Trident/4.0; SLCC2; .NET CLR 2.0.50727; .NET CLR 3.5.30729; .NET CLR 3.0.30729; Media Center PC 6.0; InfoPath.3; .NET4.0C; .NET4.0E; .NET CLR 1.1.4322)" 28287
192.168.12.210 - - [17/Feb/2013:07:34:49 +0600] "GET /tv/useUser HTTP/1.1" 200 431 "http://callider/pause/index" "Mozilla/4.0 (compatible; MSIE 7.0; Windows NT 6.1; WOW64; Trident/5.0; SLCC2; .NET CLR 2.0.50727; .NET CLR 3.5.30729; .NET CLR 3.0.30729; Media Center PC 6.0; InfoPath.3; .NET4.0C; .NET4.0E)" 8493
192.168.74.78 - - [17/Feb/2013:07:34:49 +0600] "GET /pause/ajaxPause?pauseConfigId=&admin=0 HTTP/1.1" 200 986 "http://callider/pause/index" "Mozilla/4.0 (compatible; MSIE 7.0; Windows NT 6.1; WOW64; Trident/5.0; SLCC2; .NET CLR 2.0.50727; .NET CLR 3.5.30729; .NET CLR 3.0.30729; Media Center PC 6.0; InfoPath.3; .NET4.0C; MS-RTC LM 8; .NET4.0E)" 19695
192.168.12.69 - - [17/Feb/2013:07:34:50 +0600] "GET /pause/ajaxPause?pauseConfigId=&admin=0 HTTP/1.1" 200 986 "http://callider/pause/index" "Mozilla/4.0 (compatible; MSIE 7.0; Windows NT 6.1; Trident/5.0; SLCC2; .NET CLR 2.0.50727; .NET CLR 3.5.30729; .NET CLR 3.0.30729; Media Center PC 6.0; InfoPath.3; .NET4.0C; .NET4.0E; Tablet PC 2.0; AskTbFXTV5/5.14.1.20007)" 18861
192.168.74.91 - - [17/Feb/2013:07:34:50 +0600] "GET /pause/ajaxPause?pauseConfigId=&admin=0 HTTP/1.1" 200 986 "http://callider/pause/index" "Mozilla/4.0 (compatible; MSIE 7.0; Windows NT 6.1; WOW64; Trident/5.0; SLCC2; .NET CLR 2.0.50727; .NET CLR 3.5.30729; .NET CLR 3.0.30729; Media Center PC 6.0; InfoPath.3; .NET4.0C; MS-RTC LM 8; .NET4.0E)" 19990
192.168.74.151 - - [17/Feb/2013:07:34:50 +0600] "GET /pause/ajaxPause?pauseConfigId=&admin=0 HTTP/1.1" 200 987 "http://callider.kontur/pause/index" "Mozilla/5.0 (Windows NT 6.1; WOW64; rv:18.0) Gecko/20100101 Firefox/18.0" 19979
192.168.12.210 - - [17/Feb/2013:07:34:50 +0600] "GET /pause/ajaxPause?pauseConfigId=all&admin=1 HTTP/1.1" 200 1047 "http://callider/pause/index" "Mozilla/4.0 (compatible; MSIE 7.0; Windows NT 6.1; WOW64; Trident/5.0; SLCC2; .NET CLR 2.0.50727; .NET CLR 3.5.30729; .NET CLR 3.0.30729; Media Center PC 6.0; InfoPath.3; .NET4.0C; .NET4.0E)" 19496
192.168.12.38 - - [17/Feb/2013:07:34:51 +0600] "GET /pause/ajaxPause?pauseConfigId=&admin=0 HTTP/1.1" 200 1040 "http://callider/pause/index" "Mozilla/4.0 (compatible; MSIE 7.0; Windows NT 6.1; WOW64; Trident/5.0; SLCC2; .NET CLR 2.0.50727; .NET CLR 3.5.30729; .NET CLR 3.0.30729; Media Center PC 6.0; InfoPath.3; .NET4.0C; .NET4.0E)" 17100
192.168.12.77 - - [17/Feb/2013:07:34:51 +0600] "GET /pause/ajaxPause?pauseConfigId=&admin=0 HTTP/1.1" 200 1039 "http://callider/pause/index" "Mozilla/4.0 (compatible; MSIE 7.0; Windows NT 6.1; Trident/5.0; SLCC2; .NET CLR 2.0.50727; .NET CLR 3.5.30729; .NET CLR 3.0.30729; Media Center PC 6.0; Tablet PC 2.0; InfoPath.3; .NET4.0C; .NET4.0E; MS-RTC LM 8)" 13540
192.168.12.61 - - [17/Feb/2013:07:34:51 +0600] "GET /pause/ajaxPause?pauseConfigId=&admin=0 HTTP/1.1" 200 985 "http://callider/pause/index" "Mozilla/4.0 (compatible; MSIE 7.0; Windows NT 6.1; Trident/5.0; SLCC2; .NET CLR 2.0.50727; .NET CLR 3.5.30729; .NET CLR 3.0.30729; Media Center PC 6.0; InfoPath.3; .NET4.0C; .NET4.0E)" 20980
192.168.65.56 - - [17/Feb/2013:07:34:51 +0600] "GET /pause/ajaxPause?pauseConfigId=all&admin=1 HTTP/1.1" 200 1046 "http://192.168.65.101/pause/index" "Mozilla/5.0 (Windows NT 5.1; rv:15.0) Gecko/20100101 Firefox/15.0" 31183
192.168.65.56 - - [17/Feb/2013:07:34:51 +0600] "GET /tv/useUser HTTP/1.1" 200 431 "http://192.168.65.101/pause/index" "Mozilla/5.0 (Windows NT 5.1; rv:15.0) Gecko/20100101 Firefox/15.0" 9980
192.168.12.60 - - [17/Feb/2013:07:34:53 +0600] "GET /pause/ajaxPause?pauseConfigId=&admin=0 HTTP/1.1" 200 986 "http://callider/pause/index" "Mozilla/4.0 (compatible; MSIE 8.0; Windows NT 6.1; Trident/4.0; InfoPath.3; .NET4.0C; MS-RTC LM 8; .NET4.0E)" 21248
192.168.12.204 - - [17/Feb/2013:07:34:53 +0600] "GET /pause/ajaxPause?pauseConfigId=&admin=0 HTTP/1.1" 200 986 "http://callider/pause/index" "Mozilla/4.0 (compatible; MSIE 7.0; Windows NT 6.1; WOW64; Trident/4.0; SLCC2; .NET CLR 2.0.50727; .NET CLR 3.5.30729; .NET CLR 3.0.30729; Media Center PC 6.0; InfoPath.3; .NET4.0C; .NET4.0E; .NET CLR 1.1.4322)" 33771
192.168.74.78 - - [17/Feb/2013:07:34:54 +0600] "GET /pause/ajaxPause?pauseConfigId=&admin=0 HTTP/1.1" 200 986 "http://callider/pause/index" "Mozilla/4.0 (compatible; MSIE 7.0; Windows NT 6.1; WOW64; Trident/5.0; SLCC2; .NET CLR 2.0.50727; .NET CLR 3.5.30729; .NET CLR 3.0.30729; Media Center PC 6.0; InfoPath.3; .NET4.0C; MS-RTC LM 8; .NET4.0E)" 22242
192.168.12.69 - - [17/Feb/2013:07:34:55 +0600] "GET /pause/ajaxPause?pauseConfigId=&admin=0 HTTP/1.1" 200 986 "http://callider/pause/index" "Mozilla/4.0 (compatible; MSIE 7.0; Windows NT 6.1; Trident/5.0; SLCC2; .NET CLR 2.0.50727; .NET CLR 3.5.30729; .NET CLR 3.0.30729; Media Center PC 6.0; InfoPath.3; .NET4.0C; .NET4.0E; Tablet PC 2.0; AskTbFXTV5/5.14.1.20007)" 29288
192.168.74.91 - - [17/Feb/2013:07:34:55 +0600] "GET /pause/ajaxPause?pauseConfigId=&admin=0 HTTP/1.1" 200 986 "http://callider/pause/index" "Mozilla/4.0 (compatible; MSIE 7.0; Windows NT 6.1; WOW64; Trident/5.0; SLCC2; .NET CLR 2.0.50727; .NET CLR 3.5.30729; .NET CLR 3.0.30729; Media Center PC 6.0; InfoPath.3; .NET4.0C; MS-RTC LM 8; .NET4.0E)" 19370
192.168.74.151 - - [17/Feb/2013:07:34:55 +0600] "GET /pause/ajaxPause?pauseConfigId=&admin=0 HTTP/1.1" 200 987 "http://callider.kontur/pause/index" "Mozilla/5.0 (Windows NT 6.1; WOW64; rv:18.0) Gecko/20100101 Firefox/18.0" 18886
192.168.12.210 - - [17/Feb/2013:07:34:55 +0600] "GET /pause/ajaxPause?pauseConfigId=all&admin=1 HTTP/1.1" 200 1047 "http://callider/pause/index" "Mozilla/4.0 (compatible; MSIE 7.0; Windows NT 6.1; WOW64; Trident/5.0; SLCC2; .NET CLR 2.0.50727; .NET CLR 3.5.30729; .NET CLR 3.0.30729; Media Center PC 6.0; InfoPath.3; .NET4.0C; .NET4.0E)" 25033
192.168.12.38 - - [17/Feb/2013:07:34:56 +0600] "GET /pause/ajaxPause?pauseConfigId=&admin=0 HTTP/1.1" 200 1040 "http://callider/pause/index" "Mozilla/4.0 (compatible; MSIE 7.0; Windows NT 6.1; WOW64; Trident/5.0; SLCC2; .NET CLR 2.0.50727; .NET CLR 3.5.30729; .NET CLR 3.0.30729; Media Center PC 6.0; InfoPath.3; .NET4.0C; .NET4.0E)" 15720
192.168.12.77 - - [17/Feb/2013:07:34:56 +0600] "GET /pause/ajaxPause?pauseConfigId=&admin=0 HTTP/1.1" 200 1039 "http://callider/pause/index" "Mozilla/4.0 (compatible; MSIE 7.0; Windows NT 6.1; Trident/5.0; SLCC2; .NET CLR 2.0.50727; .NET CLR 3.5.30729; .NET CLR 3.0.30729; Media Center PC 6.0; Tablet PC 2.0; InfoPath.3; .NET4.0C; .NET4.0E; MS-RTC LM 8)" 14654
192.168.12.61 - - [17/Feb/2013:07:34:56 +0600] "GET /pause/ajaxPause?pauseConfigId=&admin=0 HTTP/1.1" 200 985 "http://callider/pause/index" "Mozilla/4.0 (compatible; MSIE 7.0; Windows NT 6.1; Trident/5.0; SLCC2; .NET CLR 2.0.50727; .NET CLR 3.5.30729; .NET CLR 3.0.30729; Media Center PC 6.0; InfoPath.3; .NET4.0C; .NET4.0E)" 21840
192.168.65.56 - - [17/Feb/2013:07:34:56 +0600] "GET /pause/ajaxPause?pauseConfigId=all&admin=1 HTTP/1.1" 200 1046 "http://192.168.65.101/pause/index" "Mozilla/5.0 (Windows NT 5.1; rv:15.0) Gecko/20100101 Firefox/15.0" 28699
192.168.12.60 - - [17/Feb/2013:07:34:58 +0600] "GET /pause/ajaxPause?pauseConfigId=&admin=0 HTTP/1.1" 200 986 "http://callider/pause/index" "Mozilla/4.0 (compatible; MSIE 8.0; Windows NT 6.1; Trident/4.0; InfoPath.3; .NET4.0C; MS-RTC LM 8; .NET4.0E)" 40510
192.168.12.204 - - [17/Feb/2013:07:34:58 +0600] "GET /pause/ajaxPause?pauseConfigId=&admin=0 HTTP/1.1" 200 986 "http://callider/pause/index" "Mozilla/4.0 (compatible; MSIE 7.0; Windows NT 6.1; WOW64; Trident/4.0; SLCC2; .NET CLR 2.0.50727; .NET CLR 3.5.30729; .NET CLR 3.0.30729; Media Center PC 6.0; InfoPath.3; .NET4.0C; .NET4.0E; .NET CLR 1.1.4322)" 22117
192.168.74.78 - - [17/Feb/2013:07:34:59 +0600] "GET /pause/ajaxPause?pauseConfigId=&admin=0 HTTP/1.1" 200 986 "http://callider/pause/index" "Mozilla/4.0 (compatible; MSIE 7.0; Windows NT 6.1; WOW64; Trident/5.0; SLCC2; .NET CLR 2.0.50727; .NET CLR 3.5.30729; .NET CLR 3.0.30729; Media Center PC 6.0; InfoPath.3; .NET4.0C; MS-RTC LM 8; .NET4.0E)" 23064
192.168.12.69 - - [17/Feb/2013:07:35:00 +0600] "GET /pause/ajaxPause?pauseConfigId=&admin=0 HTTP/1.1" 200 986 "http://callider/pause/index" "Mozilla/4.0 (compatible; MSIE 7.0; Windows NT 6.1; Trident/5.0; SLCC2; .NET CLR 2.0.50727; .NET CLR 3.5.30729; .NET CLR 3.0.30729; Media Center PC 6.0; InfoPath.3; .NET4.0C; .NET4.0E; Tablet PC 2.0; AskTbFXTV5/5.14.1.20007)" 28314
192.168.74.91 - - [17/Feb/2013:07:35:00 +0600] "GET /pause/ajaxPause?pauseConfigId=&admin=0 HTTP/1.1" 200 986 "http://callider/pause/index" "Mozilla/4.0 (compatible; MSIE 7.0; Windows NT 6.1; WOW64; Trident/5.0; SLCC2; .NET CLR 2.0.50727; .NET CLR 3.5.30729; .NET CLR 3.0.30729; Media Center PC 6.0; InfoPath.3; .NET4.0C; MS-RTC LM 8; .NET4.0E)" 18518
192.168.74.151 - - [17/Feb/2013:07:35:00 +0600] "GET /pause/ajaxPause?pauseConfigId=&admin=0 HTTP/1.1" 200 987 "http://callider.kontur/pause/index" "Mozilla/5.0 (Windows NT 6.1; WOW64; rv:18.0) Gecko/20100101 Firefox/18.0" 18654
192.168.12.210 - - [17/Feb/2013:07:35:00 +0600] "GET /pause/ajaxPause?pauseConfigId=all&admin=1 HTTP/1.1" 200 1047 "http://callider/pause/index" "Mozilla/4.0 (compatible; MSIE 7.0; Windows NT 6.1; WOW64; Trident/5.0; SLCC2; .NET CLR 2.0.50727; .NET CLR 3.5.30729; .NET CLR 3.0.30729; Media Center PC 6.0; InfoPath.3; .NET4.0C; .NET4.0E)" 19689
192.168.12.38 - - [17/Feb/2013:07:35:01 +0600] "GET /pause/ajaxPause?pauseConfigId=&admin=0 HTTP/1.1" 200 1040 "http://callider/pause/index" "Mozilla/4.0 (compatible; MSIE 7.0; Windows NT 6.1; WOW64; Trident/5.0; SLCC2; .NET CLR 2.0.50727; .NET CLR 3.5.30729; .NET CLR 3.0.30729; Media Center PC 6.0; InfoPath.3; .NET4.0C; .NET4.0E)" 16030
192.168.12.77 - - [17/Feb/2013:07:35:01 +0600] "GET /pause/ajaxPause?pauseConfigId=&admin=0 HTTP/1.1" 200 1039 "http://callider/pause/index" "Mozilla/4.0 (compatible; MSIE 7.0; Windows NT 6.1; Trident/5.0; SLCC2; .NET CLR 2.0.50727; .NET CLR 3.5.30729; .NET CLR 3.0.30729; Media Center PC 6.0; Tablet PC 2.0; InfoPath.3; .NET4.0C; .NET4.0E; MS-RTC LM 8)" 17331
192.168.12.61 - - [17/Feb/2013:07:35:01 +0600] "GET /pause/ajaxPause?pauseConfigId=&admin=0 HTTP/1.1" 200 986 "http://callider/pause/index" "Mozilla/4.0 (compatible; MSIE 7.0; Windows NT 6.1; Trident/5.0; SLCC2; .NET CLR 2.0.50727; .NET CLR 3.5.30729; .NET CLR 3.0.30729; Media Center PC 6.0; InfoPath.3; .NET4.0C; .NET4.0E)" 30705
192.168.65.56 - - [17/Feb/2013:07:35:01 +0600] "GET /pause/ajaxPause?pauseConfigId=all&admin=1 HTTP/1.1" 200 1046 "http://192.168.65.101/pause/index" "Mozilla/5.0 (Windows NT 5.1; rv:15.0) Gecko/20100101 Firefox/15.0" 28418
192.168.12.60 - - [17/Feb/2013:07:35:03 +0600] "GET /pause/ajaxPause?pauseConfigId=&admin=0 HTTP/1.1" 200 986 "http://callider/pause/index" "Mozilla/4.0 (compatible; MSIE 8.0; Windows NT 6.1; Trident/4.0; InfoPath.3; .NET4.0C; MS-RTC LM 8; .NET4.0E)" 24169
192.168.12.204 - - [17/Feb/2013:07:35:03 +0600] "GET /pause/ajaxPause?pauseConfigId=&admin=0 HTTP/1.1" 200 986 "http://callider/pause/index" "Mozilla/4.0 (compatible; MSIE 7.0; Windows NT 6.1; WOW64; Trident/4.0; SLCC2; .NET CLR 2.0.50727; .NET CLR 3.5.30729; .NET CLR 3.0.30729; Media Center PC 6.0; InfoPath.3; .NET4.0C; .NET4.0E; .NET CLR 1.1.4322)" 20731
192.168.74.78 - - [17/Feb/2013:07:35:04 +0600] "GET /pause/ajaxPause?pauseConfigId=&admin=0 HTTP/1.1" 200 986 "http://callider/pause/index" "Mozilla/4.0 (compatible; MSIE 7.0; Windows NT 6.1; WOW64; Trident/5.0; SLCC2; .NET CLR 2.0.50727; .NET CLR 3.5.30729; .NET CLR 3.0.30729; Media Center PC 6.0; InfoPath.3; .NET4.0C; MS-RTC LM 8; .NET4.0E)" 31049
192.168.12.69 - - [17/Feb/2013:07:35:05 +0600] "GET /pause/ajaxPause?pauseConfigId=&admin=0 HTTP/1.1" 200 986 "http://callider/pause/index" "Mozilla/4.0 (compatible; MSIE 7.0; Windows NT 6.1; Trident/5.0; SLCC2; .NET CLR 2.0.50727; .NET CLR 3.5.30729; .NET CLR 3.0.30729; Media Center PC 6.0; InfoPath.3; .NET4.0C; .NET4.0E; Tablet PC 2.0; AskTbFXTV5/5.14.1.20007)" 20852
192.168.12.61 - - [17/Feb/2013:07:35:05 +0600] "GET /tv/useUser HTTP/1.1" 200 431 "http://callider/pause/index" "Mozilla/4.0 (compatible; MSIE 7.0; Windows NT 6.1; Trident/5.0; SLCC2; .NET CLR 2.0.50727; .NET CLR 3.5.30729; .NET CLR 3.0.30729; Media Center PC 6.0; InfoPath.3; .NET4.0C; .NET4.0E)" 8521
192.168.74.91 - - [17/Feb/2013:07:35:05 +0600] "GET /pause/ajaxPause?pauseConfigId=&admin=0 HTTP/1.1" 200 986 "http://callider/pause/index" "Mozilla/4.0 (compatible; MSIE 7.0; Windows NT 6.1; WOW64; Trident/5.0; SLCC2; .NET CLR 2.0.50727; .NET CLR 3.5.30729; .NET CLR 3.0.30729; Media Center PC 6.0; InfoPath.3; .NET4.0C; MS-RTC LM 8; .NET4.0E)" 26551
192.168.74.151 - - [17/Feb/2013:07:35:05 +0600] "GET /pause/ajaxPause?pauseConfigId=&admin=0 HTTP/1.1" 200 987 "http://callider.kontur/pause/index" "Mozilla/5.0 (Windows NT 6.1; WOW64; rv:18.0) Gecko/20100101 Firefox/18.0" 21594
192.168.12.210 - - [17/Feb/2013:07:35:05 +0600] "GET /pause/ajaxPause?pauseConfigId=all&admin=1 HTTP/1.1" 200 1047 "http://callider/pause/index" "Mozilla/4.0 (compatible; MSIE 7.0; Windows NT 6.1; WOW64; Trident/5.0; SLCC2; .NET CLR 2.0.50727; .NET CLR 3.5.30729; .NET CLR 3.0.30729; Media Center PC 6.0; InfoPath.3; .NET4.0C; .NET4.0E)" 20858
192.168.12.38 - - [17/Feb/2013:07:35:06 +0600] "GET /pause/ajaxPause?pauseConfigId=&admin=0 HTTP/1.1" 200 1040 "http://callider/pause/index" "Mozilla/4.0 (compatible; MSIE 7.0; Windows NT 6.1; WOW64; Trident/5.0; SLCC2; .NET CLR 2.0.50727; .NET CLR 3.5.30729; .NET CLR 3.0.30729; Media Center PC 6.0; InfoPath.3; .NET4.0C; .NET4.0E)" 20529
192.168.12.77 - - [17/Feb/2013:07:35:06 +0600] "GET /pause/ajaxPause?pauseConfigId=&admin=0 HTTP/1.1" 200 1039 "http://callider/pause/index" "Mozilla/4.0 (compatible; MSIE 7.0; Windows NT 6.1; Trident/5.0; SLCC2; .NET CLR 2.0.50727; .NET CLR 3.5.30729; .NET CLR 3.0.30729; Media Center PC 6.0; Tablet PC 2.0; InfoPath.3; .NET4.0C; .NET4.0E; MS-RTC LM 8)" 12165
192.168.12.61 - - [17/Feb/2013:07:35:06 +0600] "GET /pause/ajaxPause?pauseConfigId=&admin=0 HTTP/1.1" 200 985 "http://callider/pause/index" "Mozilla/4.0 (compatible; MSIE 7.0; Windows NT 6.1; Trident/5.0; SLCC2; .NET CLR 2.0.50727; .NET CLR 3.5.30729; .NET CLR 3.0.30729; Media Center PC 6.0; InfoPath.3; .NET4.0C; .NET4.0E)" 20491
192.168.65.56 - - [17/Feb/2013:07:35:06 +0600] "GET /pause/ajaxPause?pauseConfigId=all&admin=1 HTTP/1.1" 200 1046 "http://192.168.65.101/pause/index" "Mozilla/5.0 (Windows NT 5.1; rv:15.0) Gecko/20100101 Firefox/15.0" 27627
192.168.12.60 - - [17/Feb/2013:07:35:08 +0600] "GET /pause/ajaxPause?pauseConfigId=&admin=0 HTTP/1.1" 200 986 "http://callider/pause/index" "Mozilla/4.0 (compatible; MSIE 8.0; Windows NT 6.1; Trident/4.0; InfoPath.3; .NET4.0C; MS-RTC LM 8; .NET4.0E)" 23322
192.168.12.204 - - [17/Feb/2013:07:35:08 +0600] "GET /pause/ajaxPause?pauseConfigId=&admin=0 HTTP/1.1" 200 986 "http://callider/pause/index" "Mozilla/4.0 (compatible; MSIE 7.0; Windows NT 6.1; WOW64; Trident/4.0; SLCC2; .NET CLR 2.0.50727; .NET CLR 3.5.30729; .NET CLR 3.0.30729; Media Center PC 6.0; InfoPath.3; .NET4.0C; .NET4.0E; .NET CLR 1.1.4322)" 20206
192.168.74.78 - - [17/Feb/2013:07:35:09 +0600] "GET /pause/ajaxPause?pauseConfigId=&admin=0 HTTP/1.1" 200 986 "http://callider/pause/index" "Mozilla/4.0 (compatible; MSIE 7.0; Windows NT 6.1; WOW64; Trident/5.0; SLCC2; .NET CLR 2.0.50727; .NET CLR 3.5.30729; .NET CLR 3.0.30729; Media Center PC 6.0; InfoPath.3; .NET4.0C; MS-RTC LM 8; .NET4.0E)" 18957
192.168.12.69 - - [17/Feb/2013:07:35:10 +0600] "GET /pause/ajaxPause?pauseConfigId=&admin=0 HTTP/1.1" 200 986 "http://callider/pause/index" "Mozilla/4.0 (compatible; MSIE 7.0; Windows NT 6.1; Trident/5.0; SLCC2; .NET CLR 2.0.50727; .NET CLR 3.5.30729; .NET CLR 3.0.30729; Media Center PC 6.0; InfoPath.3; .NET4.0C; .NET4.0E; Tablet PC 2.0; AskTbFXTV5/5.14.1.20007)" 20520
192.168.74.91 - - [17/Feb/2013:07:35:10 +0600] "GET /pause/ajaxPause?pauseConfigId=&admin=0 HTTP/1.1" 200 986 "http://callider/pause/index" "Mozilla/4.0 (compatible; MSIE 7.0; Windows NT 6.1; WOW64; Trident/5.0; SLCC2; .NET CLR 2.0.50727; .NET CLR 3.5.30729; .NET CLR 3.0.30729; Media Center PC 6.0; InfoPath.3; .NET4.0C; MS-RTC LM 8; .NET4.0E)" 30943
192.168.74.151 - - [17/Feb/2013:07:35:10 +0600] "GET /pause/ajaxPause?pauseConfigId=&admin=0 HTTP/1.1" 200 987 "http://callider.kontur/pause/index" "Mozilla/5.0 (Windows NT 6.1; WOW64; rv:18.0) Gecko/20100101 Firefox/18.0" 17955
192.168.12.210 - - [17/Feb/2013:07:35:10 +0600] "GET /pause/ajaxPause?pauseConfigId=all&admin=1 HTTP/1.1" 200 1047 "http://callider/pause/index" "Mozilla/4.0 (compatible; MSIE 7.0; Windows NT 6.1; WOW64; Trident/5.0; SLCC2; .NET CLR 2.0.50727; .NET CLR 3.5.30729; .NET CLR 3.0.30729; Media Center PC 6.0; InfoPath.3; .NET4.0C; .NET4.0E)" 19734
192.168.12.42 - - [17/Feb/2013:07:35:11 +0600] "GET /tv/useUser HTTP/1.1" 200 432 "http://callider/graph/personal" "Mozilla/4.0 (compatible; MSIE 7.0; Windows NT 6.1; WOW64; Trident/5.0; SLCC2; .NET CLR 2.0.50727; .NET CLR 3.5.30729; .NET CLR 3.0.30729; Media Center PC 6.0; InfoPath.3; .NET4.0C; .NET4.0E)" 20981
192.168.12.38 - - [17/Feb/2013:07:35:11 +0600] "GET /pause/ajaxPause?pauseConfigId=&admin=0 HTTP/1.1" 200 1040 "http://callider/pause/index" "Mozilla/4.0 (compatible; MSIE 7.0; Windows NT 6.1; WOW64; Trident/5.0; SLCC2; .NET CLR 2.0.50727; .NET CLR 3.5.30729; .NET CLR 3.0.30729; Media Center PC 6.0; InfoPath.3; .NET4.0C; .NET4.0E)" 18897
192.168.12.77 - - [17/Feb/2013:07:35:11 +0600] "GET /pause/ajaxPause?pauseConfigId=&admin=0 HTTP/1.1" 200 1039 "http://callider/pause/index" "Mozilla/4.0 (compatible; MSIE 7.0; Windows NT 6.1; Trident/5.0; SLCC2; .NET CLR 2.0.50727; .NET CLR 3.5.30729; .NET CLR 3.0.30729; Media Center PC 6.0; Tablet PC 2.0; InfoPath.3; .NET4.0C; .NET4.0E; MS-RTC LM 8)" 16807
192.168.12.61 - - [17/Feb/2013:07:35:11 +0600] "GET /pause/ajaxPause?pauseConfigId=&admin=0 HTTP/1.1" 200 985 "http://callider/pause/index" "Mozilla/4.0 (compatible; MSIE 7.0; Windows NT 6.1; Trident/5.0; SLCC2; .NET CLR 2.0.50727; .NET CLR 3.5.30729; .NET CLR 3.0.30729; Media Center PC 6.0; InfoPath.3; .NET4.0C; .NET4.0E)" 22564
192.168.65.56 - - [17/Feb/2013:07:35:11 +0600] "GET /pause/ajaxPause?pauseConfigId=all&admin=1 HTTP/1.1" 200 1046 "http://192.168.65.101/pause/index" "Mozilla/5.0 (Windows NT 5.1; rv:15.0) Gecko/20100101 Firefox/15.0" 32425
192.168.74.151 - - [17/Feb/2013:07:35:13 +0600] "GET /tv/useUser HTTP/1.1" 200 431 "http://callider.kontur/graph/general" "Mozilla/5.0 (Windows NT 6.1; WOW64; rv:18.0) Gecko/20100101 Firefox/18.0" 8453
192.168.12.60 - - [17/Feb/2013:07:35:13 +0600] "GET /pause/ajaxPause?pauseConfigId=&admin=0 HTTP/1.1" 200 986 "http://callider/pause/index" "Mozilla/4.0 (compatible; MSIE 8.0; Windows NT 6.1; Trident/4.0; InfoPath.3; .NET4.0C; MS-RTC LM 8; .NET4.0E)" 20155
192.168.12.204 - - [17/Feb/2013:07:35:13 +0600] "GET /pause/ajaxPause?pauseConfigId=&admin=0 HTTP/1.1" 200 986 "http://callider/pause/index" "Mozilla/4.0 (compatible; MSIE 7.0; Windows NT 6.1; WOW64; Trident/4.0; SLCC2; .NET CLR 2.0.50727; .NET CLR 3.5.30729; .NET CLR 3.0.30729; Media Center PC 6.0; InfoPath.3; .NET4.0C; .NET4.0E; .NET CLR 1.1.4322)" 17785
192.168.74.78 - - [17/Feb/2013:07:35:14 +0600] "GET /pause/ajaxPause?pauseConfigId=&admin=0 HTTP/1.1" 200 986 "http://callider/pause/index" "Mozilla/4.0 (compatible; MSIE 7.0; Windows NT 6.1; WOW64; Trident/5.0; SLCC2; .NET CLR 2.0.50727; .NET CLR 3.5.30729; .NET CLR 3.0.30729; Media Center PC 6.0; InfoPath.3; .NET4.0C; MS-RTC LM 8; .NET4.0E)" 34007
192.168.12.69 - - [17/Feb/2013:07:35:15 +0600] "GET /pause/ajaxPause?pauseConfigId=&admin=0 HTTP/1.1" 200 986 "http://callider/pause/index" "Mozilla/4.0 (compatible; MSIE 7.0; Windows NT 6.1; Trident/5.0; SLCC2; .NET CLR 2.0.50727; .NET CLR 3.5.30729; .NET CLR 3.0.30729; Media Center PC 6.0; InfoPath.3; .NET4.0C; .NET4.0E; Tablet PC 2.0; AskTbFXTV5/5.14.1.20007)" 21429
192.168.74.91 - - [17/Feb/2013:07:35:15 +0600] "GET /pause/ajaxPause?pauseConfigId=&admin=0 HTTP/1.1" 200 986 "http://callider/pause/index" "Mozilla/4.0 (compatible; MSIE 7.0; Windows NT 6.1; WOW64; Trident/5.0; SLCC2; .NET CLR 2.0.50727; .NET CLR 3.5.30729; .NET CLR 3.0.30729; Media Center PC 6.0; InfoPath.3; .NET4.0C; MS-RTC LM 8; .NET4.0E)" 22110
192.168.74.151 - - [17/Feb/2013:07:35:15 +0600] "GET /pause/ajaxPause?pauseConfigId=&admin=0 HTTP/1.1" 200 987 "http://callider.kontur/pause/index" "Mozilla/5.0 (Windows NT 6.1; WOW64; rv:18.0) Gecko/20100101 Firefox/18.0" 30560
192.168.74.151 - - [17/Feb/2013:07:35:15 +0600] "GET /tv/useUser HTTP/1.1" 200 432 "http://callider.kontur/pause/index" "Mozilla/5.0 (Windows NT 6.1; WOW64; rv:18.0) Gecko/20100101 Firefox/18.0" 33489
192.168.12.210 - - [17/Feb/2013:07:35:15 +0600] "GET /pause/ajaxPause?pauseConfigId=all&admin=1 HTTP/1.1" 200 1047 "http://callider/pause/index" "Mozilla/4.0 (compatible; MSIE 7.0; Windows NT 6.1; WOW64; Trident/5.0; SLCC2; .NET CLR 2.0.50727; .NET CLR 3.5.30729; .NET CLR 3.0.30729; Media Center PC 6.0; InfoPath.3; .NET4.0C; .NET4.0E)" 21827
192.168.12.38 - - [17/Feb/2013:07:35:16 +0600] "GET /pause/ajaxPause?pauseConfigId=&admin=0 HTTP/1.1" 200 1040 "http://callider/pause/index" "Mozilla/4.0 (compatible; MSIE 7.0; Windows NT 6.1; WOW64; Trident/5.0; SLCC2; .NET CLR 2.0.50727; .NET CLR 3.5.30729; .NET CLR 3.0.30729; Media Center PC 6.0; InfoPath.3; .NET4.0C; .NET4.0E)" 19929
192.168.12.77 - - [17/Feb/2013:07:35:16 +0600] "GET /pause/ajaxPause?pauseConfigId=&admin=0 HTTP/1.1" 200 1039 "http://callider/pause/index" "Mozilla/4.0 (compatible; MSIE 7.0; Windows NT 6.1; Trident/5.0; SLCC2; .NET CLR 2.0.50727; .NET CLR 3.5.30729; .NET CLR 3.0.30729; Media Center PC 6.0; Tablet PC 2.0; InfoPath.3; .NET4.0C; .NET4.0E; MS-RTC LM 8)" 13063
192.168.12.61 - - [17/Feb/2013:07:35:16 +0600] "GET /pause/ajaxPause?pauseConfigId=&admin=0 HTTP/1.1" 200 986 "http://callider/pause/index" "Mozilla/4.0 (compatible; MSIE 7.0; Windows NT 6.1; Trident/5.0; SLCC2; .NET CLR 2.0.50727; .NET CLR 3.5.30729; .NET CLR 3.0.30729; Media Center PC 6.0; InfoPath.3; .NET4.0C; .NET4.0E)" 34744
192.168.65.56 - - [17/Feb/2013:07:35:16 +0600] "GET /pause/ajaxPause?pauseConfigId=all&admin=1 HTTP/1.1" 200 1046 "http://192.168.65.101/pause/index" "Mozilla/5.0 (Windows NT 5.1; rv:15.0) Gecko/20100101 Firefox/15.0" 28450
192.168.12.60 - - [17/Feb/2013:07:35:18 +0600] "GET /pause/ajaxPause?pauseConfigId=&admin=0 HTTP/1.1" 200 986 "http://callider/pause/index" "Mozilla/4.0 (compatible; MSIE 8.0; Windows NT 6.1; Trident/4.0; InfoPath.3; .NET4.0C; MS-RTC LM 8; .NET4.0E)" 24035
192.168.12.204 - - [17/Feb/2013:07:35:18 +0600] "GET /pause/ajaxPause?pauseConfigId=&admin=0 HTTP/1.1" 200 986 "http://callider/pause/index" "Mozilla/4.0 (compatible; MSIE 7.0; Windows NT 6.1; WOW64; Trident/4.0; SLCC2; .NET CLR 2.0.50727; .NET CLR 3.5.30729; .NET CLR 3.0.30729; Media Center PC 6.0; InfoPath.3; .NET4.0C; .NET4.0E; .NET CLR 1.1.4322)" 21004
192.168.74.78 - - [17/Feb/2013:07:35:19 +0600] "GET /pause/ajaxPause?pauseConfigId=&admin=0 HTTP/1.1" 200 986 "http://callider/pause/index" "Mozilla/4.0 (compatible; MSIE 7.0; Windows NT 6.1; WOW64; Trident/5.0; SLCC2; .NET CLR 2.0.50727; .NET CLR 3.5.30729; .NET CLR 3.0.30729; Media Center PC 6.0; InfoPath.3; .NET4.0C; MS-RTC LM 8; .NET4.0E)" 22230
192.168.12.10 - - [17/Feb/2013:07:35:19 +0600] "GET /tv/useUser HTTP/1.1" 200 432 "http://callider/graph/personal" "Mozilla/4.0 (compatible; MSIE 7.0; Windows NT 6.1; Trident/5.0; SLCC2; .NET CLR 2.0.50727; .NET CLR 3.5.30729; .NET CLR 3.0.30729; Media Center PC 6.0; InfoPath.3; .NET4.0C; .NET4.0E; Tablet PC 2.0; MS-RTC LM 8)" 19757
192.168.12.108 - - [17/Feb/2013:07:35:19 +0600] "GET /tv/useUser HTTP/1.1" 200 432 "http://callider/index.php" "Mozilla/4.0 (compatible; MSIE 7.0; Windows NT 6.2; WOW64; Trident/6.0; .NET4.0E; .NET4.0C; InfoPath.3; .NET CLR 3.5.30729; .NET CLR 2.0.50727; .NET CLR 3.0.30729)" 16421
192.168.12.69 - - [17/Feb/2013:07:35:20 +0600] "GET /pause/ajaxPause?pauseConfigId=&admin=0 HTTP/1.1" 200 986 "http://callider/pause/index" "Mozilla/4.0 (compatible; MSIE 7.0; Windows NT 6.1; Trident/5.0; SLCC2; .NET CLR 2.0.50727; .NET CLR 3.5.30729; .NET CLR 3.0.30729; Media Center PC 6.0; InfoPath.3; .NET4.0C; .NET4.0E; Tablet PC 2.0; AskTbFXTV5/5.14.1.20007)" 19233
192.168.74.91 - - [17/Feb/2013:07:35:20 +0600] "GET /pause/ajaxPause?pauseConfigId=&admin=0 HTTP/1.1" 200 986 "http://callider/pause/index" "Mozilla/4.0 (compatible; MSIE 7.0; Windows NT 6.1; WOW64; Trident/5.0; SLCC2; .NET CLR 2.0.50727; .NET CLR 3.5.30729; .NET CLR 3.0.30729; Media Center PC 6.0; InfoPath.3; .NET4.0C; MS-RTC LM 8; .NET4.0E)" 21830
192.168.74.151 - - [17/Feb/2013:07:35:20 +0600] "GET /pause/ajaxPause?pauseConfigId=&admin=0 HTTP/1.1" 200 987 "http://callider.kontur/pause/index" "Mozilla/5.0 (Windows NT 6.1; WOW64; rv:18.0) Gecko/20100101 Firefox/18.0" 28269
192.168.12.210 - - [17/Feb/2013:07:35:20 +0600] "GET /pause/ajaxPause?pauseConfigId=all&admin=1 HTTP/1.1" 200 1047 "http://callider/pause/index" "Mozilla/4.0 (compatible; MSIE 7.0; Windows NT 6.1; WOW64; Trident/5.0; SLCC2; .NET CLR 2.0.50727; .NET CLR 3.5.30729; .NET CLR 3.0.30729; Media Center PC 6.0; InfoPath.3; .NET4.0C; .NET4.0E)" 23763
192.168.12.38 - - [17/Feb/2013:07:35:21 +0600] "GET /pause/ajaxPause?pauseConfigId=&admin=0 HTTP/1.1" 200 1040 "http://callider/pause/index" "Mozilla/4.0 (compatible; MSIE 7.0; Windows NT 6.1; WOW64; Trident/5.0; SLCC2; .NET CLR 2.0.50727; .NET CLR 3.5.30729; .NET CLR 3.0.30729; Media Center PC 6.0; InfoPath.3; .NET4.0C; .NET4.0E)" 15747
192.168.12.77 - - [17/Feb/2013:07:35:21 +0600] "GET /pause/ajaxPause?pauseConfigId=&admin=0 HTTP/1.1" 200 1039 "http://callider/pause/index" "Mozilla/4.0 (compatible; MSIE 7.0; Windows NT 6.1; Trident/5.0; SLCC2; .NET CLR 2.0.50727; .NET CLR 3.5.30729; .NET CLR 3.0.30729; Media Center PC 6.0; Tablet PC 2.0; InfoPath.3; .NET4.0C; .NET4.0E; MS-RTC LM 8)" 13807
192.168.12.61 - - [17/Feb/2013:07:35:21 +0600] "GET /pause/ajaxPause?pauseConfigId=&admin=0 HTTP/1.1" 200 986 "http://callider/pause/index" "Mozilla/4.0 (compatible; MSIE 7.0; Windows NT 6.1; Trident/5.0; SLCC2; .NET CLR 2.0.50727; .NET CLR 3.5.30729; .NET CLR 3.0.30729; Media Center PC 6.0; InfoPath.3; .NET4.0C; .NET4.0E)" 45325
192.168.65.56 - - [17/Feb/2013:07:35:21 +0600] "GET /pause/ajaxPause?pauseConfigId=all&admin=1 HTTP/1.1" 200 1046 "http://192.168.65.101/pause/index" "Mozilla/5.0 (Windows NT 5.1; rv:15.0) Gecko/20100101 Firefox/15.0" 38170
192.168.12.60 - - [17/Feb/2013:07:35:23 +0600] "GET /pause/ajaxPause?pauseConfigId=&admin=0 HTTP/1.1" 200 986 "http://callider/pause/index" "Mozilla/4.0 (compatible; MSIE 8.0; Windows NT 6.1; Trident/4.0; InfoPath.3; .NET4.0C; MS-RTC LM 8; .NET4.0E)" 30727
192.168.12.204 - - [17/Feb/2013:07:35:23 +0600] "GET /pause/ajaxPause?pauseConfigId=&admin=0 HTTP/1.1" 200 986 "http://callider/pause/index" "Mozilla/4.0 (compatible; MSIE 7.0; Windows NT 6.1; WOW64; Trident/4.0; SLCC2; .NET CLR 2.0.50727; .NET CLR 3.5.30729; .NET CLR 3.0.30729; Media Center PC 6.0; InfoPath.3; .NET4.0C; .NET4.0E; .NET CLR 1.1.4322)" 27496
192.168.74.78 - - [17/Feb/2013:07:35:24 +0600] "GET /pause/ajaxPause?pauseConfigId=&admin=0 HTTP/1.1" 200 986 "http://callider/pause/index" "Mozilla/4.0 (compatible; MSIE 7.0; Windows NT 6.1; WOW64; Trident/5.0; SLCC2; .NET CLR 2.0.50727; .NET CLR 3.5.30729; .NET CLR 3.0.30729; Media Center PC 6.0; InfoPath.3; .NET4.0C; MS-RTC LM 8; .NET4.0E)" 29576
192.168.12.69 - - [17/Feb/2013:07:35:25 +0600] "GET /pause/ajaxPause?pauseConfigId=&admin=0 HTTP/1.1" 200 986 "http://callider/pause/index" "Mozilla/4.0 (compatible; MSIE 7.0; Windows NT 6.1; Trident/5.0; SLCC2; .NET CLR 2.0.50727; .NET CLR 3.5.30729; .NET CLR 3.0.30729; Media Center PC 6.0; InfoPath.3; .NET4.0C; .NET4.0E; Tablet PC 2.0; AskTbFXTV5/5.14.1.20007)" 28184
192.168.74.91 - - [17/Feb/2013:07:35:25 +0600] "GET /pause/ajaxPause?pauseConfigId=&admin=0 HTTP/1.1" 200 986 "http://callider/pause/index" "Mozilla/4.0 (compatible; MSIE 7.0; Windows NT 6.1; WOW64; Trident/5.0; SLCC2; .NET CLR 2.0.50727; .NET CLR 3.5.30729; .NET CLR 3.0.30729; Media Center PC 6.0; InfoPath.3; .NET4.0C; MS-RTC LM 8; .NET4.0E)" 27660
192.168.74.151 - - [17/Feb/2013:07:35:25 +0600] "GET /pause/ajaxPause?pauseConfigId=&admin=0 HTTP/1.1" 200 987 "http://callider.kontur/pause/index" "Mozilla/5.0 (Windows NT 6.1; WOW64; rv:18.0) Gecko/20100101 Firefox/18.0" 30913
192.168.12.210 - - [17/Feb/2013:07:35:25 +0600] "GET /pause/ajaxPause?pauseConfigId=all&admin=1 HTTP/1.1" 200 1047 "http://callider/pause/index" "Mozilla/4.0 (compatible; MSIE 7.0; Windows NT 6.1; WOW64; Trident/5.0; SLCC2; .NET CLR 2.0.50727; .NET CLR 3.5.30729; .NET CLR 3.0.30729; Media Center PC 6.0; InfoPath.3; .NET4.0C; .NET4.0E)" 25072
192.168.12.38 - - [17/Feb/2013:07:35:26 +0600] "GET /pause/ajaxPause?pauseConfigId=&admin=0 HTTP/1.1" 200 1040 "http://callider/pause/index" "Mozilla/4.0 (compatible; MSIE 7.0; Windows NT 6.1; WOW64; Trident/5.0; SLCC2; .NET CLR 2.0.50727; .NET CLR 3.5.30729; .NET CLR 3.0.30729; Media Center PC 6.0; InfoPath.3; .NET4.0C; .NET4.0E)" 21077
192.168.12.77 - - [17/Feb/2013:07:35:26 +0600] "GET /pause/ajaxPause?pauseConfigId=&admin=0 HTTP/1.1" 200 1039 "http://callider/pause/index" "Mozilla/4.0 (compatible; MSIE 7.0; Windows NT 6.1; Trident/5.0; SLCC2; .NET CLR 2.0.50727; .NET CLR 3.5.30729; .NET CLR 3.0.30729; Media Center PC 6.0; Tablet PC 2.0; InfoPath.3; .NET4.0C; .NET4.0E; MS-RTC LM 8)" 26946
192.168.12.61 - - [17/Feb/2013:07:35:26 +0600] "GET /pause/ajaxPause?pauseConfigId=&admin=0 HTTP/1.1" 200 985 "http://callider/pause/index" "Mozilla/4.0 (compatible; MSIE 7.0; Windows NT 6.1; Trident/5.0; SLCC2; .NET CLR 2.0.50727; .NET CLR 3.5.30729; .NET CLR 3.0.30729; Media Center PC 6.0; InfoPath.3; .NET4.0C; .NET4.0E)" 24711
192.168.65.56 - - [17/Feb/2013:07:35:26 +0600] "GET /pause/ajaxPause?pauseConfigId=all&admin=1 HTTP/1.1" 200 1046 "http://192.168.65.101/pause/index" "Mozilla/5.0 (Windows NT 5.1; rv:15.0) Gecko/20100101 Firefox/15.0" 32497
192.168.12.60 - - [17/Feb/2013:07:35:28 +0600] "GET /pause/ajaxPause?pauseConfigId=&admin=0 HTTP/1.1" 200 986 "http://callider/pause/index" "Mozilla/4.0 (compatible; MSIE 8.0; Windows NT 6.1; Trident/4.0; InfoPath.3; .NET4.0C; MS-RTC LM 8; .NET4.0E)" 70161
192.168.12.204 - - [17/Feb/2013:07:35:28 +0600] "GET /pause/ajaxPause?pauseConfigId=&admin=0 HTTP/1.1" 200 986 "http://callider/pause/index" "Mozilla/4.0 (compatible; MSIE 7.0; Windows NT 6.1; WOW64; Trident/4.0; SLCC2; .NET CLR 2.0.50727; .NET CLR 3.5.30729; .NET CLR 3.0.30729; Media Center PC 6.0; InfoPath.3; .NET4.0C; .NET4.0E; .NET CLR 1.1.4322)" 39568
192.168.74.78 - - [17/Feb/2013:07:35:29 +0600] "GET /pause/ajaxPause?pauseConfigId=&admin=0 HTTP/1.1" 200 986 "http://callider/pause/index" "Mozilla/4.0 (compatible; MSIE 7.0; Windows NT 6.1; WOW64; Trident/5.0; SLCC2; .NET CLR 2.0.50727; .NET CLR 3.5.30729; .NET CLR 3.0.30729; Media Center PC 6.0; InfoPath.3; .NET4.0C; MS-RTC LM 8; .NET4.0E)" 18683
192.168.12.69 - - [17/Feb/2013:07:35:30 +0600] "GET /pause/ajaxPause?pauseConfigId=&admin=0 HTTP/1.1" 200 986 "http://callider/pause/index" "Mozilla/4.0 (compatible; MSIE 7.0; Windows NT 6.1; Trident/5.0; SLCC2; .NET CLR 2.0.50727; .NET CLR 3.5.30729; .NET CLR 3.0.30729; Media Center PC 6.0; InfoPath.3; .NET4.0C; .NET4.0E; Tablet PC 2.0; AskTbFXTV5/5.14.1.20007)" 27311
192.168.74.91 - - [17/Feb/2013:07:35:30 +0600] "GET /pause/ajaxPause?pauseConfigId=&admin=0 HTTP/1.1" 200 986 "http://callider/pause/index" "Mozilla/4.0 (compatible; MSIE 7.0; Windows NT 6.1; WOW64; Trident/5.0; SLCC2; .NET CLR 2.0.50727; .NET CLR 3.5.30729; .NET CLR 3.0.30729; Media Center PC 6.0; InfoPath.3; .NET4.0C; MS-RTC LM 8; .NET4.0E)" 20426
192.168.74.151 - - [17/Feb/2013:07:35:30 +0600] "GET /pause/ajaxPause?pauseConfigId=&admin=0 HTTP/1.1" 200 987 "http://callider.kontur/pause/index" "Mozilla/5.0 (Windows NT 6.1; WOW64; rv:18.0) Gecko/20100101 Firefox/18.0" 18719
192.168.12.210 - - [17/Feb/2013:07:35:30 +0600] "GET /pause/ajaxPause?pauseConfigId=all&admin=1 HTTP/1.1" 200 1047 "http://callider/pause/index" "Mozilla/4.0 (compatible; MSIE 7.0; Windows NT 6.1; WOW64; Trident/5.0; SLCC2; .NET CLR 2.0.50727; .NET CLR 3.5.30729; .NET CLR 3.0.30729; Media Center PC 6.0; InfoPath.3; .NET4.0C; .NET4.0E)" 17898
192.168.12.38 - - [17/Feb/2013:07:35:31 +0600] "GET /pause/ajaxPause?pauseConfigId=&admin=0 HTTP/1.1" 200 1040 "http://callider/pause/index" "Mozilla/4.0 (compatible; MSIE 7.0; Windows NT 6.1; WOW64; Trident/5.0; SLCC2; .NET CLR 2.0.50727; .NET CLR 3.5.30729; .NET CLR 3.0.30729; Media Center PC 6.0; InfoPath.3; .NET4.0C; .NET4.0E)" 22847
192.168.12.77 - - [17/Feb/2013:07:35:31 +0600] "GET /pause/ajaxPause?pauseConfigId=&admin=0 HTTP/1.1" 200 1039 "http://callider/pause/index" "Mozilla/4.0 (compatible; MSIE 7.0; Windows NT 6.1; Trident/5.0; SLCC2; .NET CLR 2.0.50727; .NET CLR 3.5.30729; .NET CLR 3.0.30729; Media Center PC 6.0; Tablet PC 2.0; InfoPath.3; .NET4.0C; .NET4.0E; MS-RTC LM 8)" 13010
192.168.12.61 - - [17/Feb/2013:07:35:31 +0600] "GET /pause/ajaxPause?pauseConfigId=&admin=0 HTTP/1.1" 200 985 "http://callider/pause/index" "Mozilla/4.0 (compatible; MSIE 7.0; Windows NT 6.1; Trident/5.0; SLCC2; .NET CLR 2.0.50727; .NET CLR 3.5.30729; .NET CLR 3.0.30729; Media Center PC 6.0; InfoPath.3; .NET4.0C; .NET4.0E)" 18142
192.168.65.56 - - [17/Feb/2013:07:35:31 +0600] "GET /pause/ajaxPause?pauseConfigId=all&admin=1 HTTP/1.1" 200 1046 "http://192.168.65.101/pause/index" "Mozilla/5.0 (Windows NT 5.1; rv:15.0) Gecko/20100101 Firefox/15.0" 28282
192.168.12.60 - - [17/Feb/2013:07:35:33 +0600] "GET /pause/ajaxPause?pauseConfigId=&admin=0 HTTP/1.1" 200 986 "http://callider/pause/index" "Mozilla/4.0 (compatible; MSIE 8.0; Windows NT 6.1; Trident/4.0; InfoPath.3; .NET4.0C; MS-RTC LM 8; .NET4.0E)" 117200
192.168.12.204 - - [17/Feb/2013:07:35:33 +0600] "GET /pause/ajaxPause?pauseConfigId=&admin=0 HTTP/1.1" 200 986 "http://callider/pause/index" "Mozilla/4.0 (compatible; MSIE 7.0; Windows NT 6.1; WOW64; Trident/4.0; SLCC2; .NET CLR 2.0.50727; .NET CLR 3.5.30729; .NET CLR 3.0.30729; Media Center PC 6.0; InfoPath.3; .NET4.0C; .NET4.0E; .NET CLR 1.1.4322)" 25422
192.168.74.78 - - [17/Feb/2013:07:35:34 +0600] "GET /pause/ajaxPause?pauseConfigId=&admin=0 HTTP/1.1" 200 986 "http://callider/pause/index" "Mozilla/4.0 (compatible; MSIE 7.0; Windows NT 6.1; WOW64; Trident/5.0; SLCC2; .NET CLR 2.0.50727; .NET CLR 3.5.30729; .NET CLR 3.0.30729; Media Center PC 6.0; InfoPath.3; .NET4.0C; MS-RTC LM 8; .NET4.0E)" 69750
192.168.12.67 - - [17/Feb/2013:07:35:34 +0600] "GET /tv/useUser HTTP/1.1" 200 432 "http://callider/graph/personal" "Mozilla/4.0 (compatible; MSIE 7.0; Windows NT 6.1; Trident/5.0; SLCC2; .NET CLR 2.0.50727; .NET CLR 3.5.30729; .NET CLR 3.0.30729; Media Center PC 6.0; .NET4.0C; .NET4.0E; InfoPath.3; Tablet PC 2.0; MS-RTC LM 8)" 16684
192.168.12.69 - - [17/Feb/2013:07:35:35 +0600] "GET /pause/ajaxPause?pauseConfigId=&admin=0 HTTP/1.1" 200 986 "http://callider/pause/index" "Mozilla/4.0 (compatible; MSIE 7.0; Windows NT 6.1; Trident/5.0; SLCC2; .NET CLR 2.0.50727; .NET CLR 3.5.30729; .NET CLR 3.0.30729; Media Center PC 6.0; InfoPath.3; .NET4.0C; .NET4.0E; Tablet PC 2.0; AskTbFXTV5/5.14.1.20007)" 20851
192.168.74.91 - - [17/Feb/2013:07:35:35 +0600] "GET /pause/ajaxPause?pauseConfigId=&admin=0 HTTP/1.1" 200 986 "http://callider/pause/index" "Mozilla/4.0 (compatible; MSIE 7.0; Windows NT 6.1; WOW64; Trident/5.0; SLCC2; .NET CLR 2.0.50727; .NET CLR 3.5.30729; .NET CLR 3.0.30729; Media Center PC 6.0; InfoPath.3; .NET4.0C; MS-RTC LM 8; .NET4.0E)" 18343
192.168.74.151 - - [17/Feb/2013:07:35:35 +0600] "GET /pause/ajaxPause?pauseConfigId=&admin=0 HTTP/1.1" 200 987 "http://callider.kontur/pause/index" "Mozilla/5.0 (Windows NT 6.1; WOW64; rv:18.0) Gecko/20100101 Firefox/18.0" 26175
192.168.12.210 - - [17/Feb/2013:07:35:35 +0600] "GET /pause/ajaxPause?pauseConfigId=all&admin=1 HTTP/1.1" 200 1047 "http://callider/pause/index" "Mozilla/4.0 (compatible; MSIE 7.0; Windows NT 6.1; WOW64; Trident/5.0; SLCC2; .NET CLR 2.0.50727; .NET CLR 3.5.30729; .NET CLR 3.0.30729; Media Center PC 6.0; InfoPath.3; .NET4.0C; .NET4.0E)" 24799
192.168.12.38 - - [17/Feb/2013:07:35:36 +0600] "GET /pause/ajaxPause?pauseConfigId=&admin=0 HTTP/1.1" 200 1040 "http://callider/pause/index" "Mozilla/4.0 (compatible; MSIE 7.0; Windows NT 6.1; WOW64; Trident/5.0; SLCC2; .NET CLR 2.0.50727; .NET CLR 3.5.30729; .NET CLR 3.0.30729; Media Center PC 6.0; InfoPath.3; .NET4.0C; .NET4.0E)" 19648
192.168.12.77 - - [17/Feb/2013:07:35:36 +0600] "GET /pause/ajaxPause?pauseConfigId=&admin=0 HTTP/1.1" 200 1039 "http://callider/pause/index" "Mozilla/4.0 (compatible; MSIE 7.0; Windows NT 6.1; Trident/5.0; SLCC2; .NET CLR 2.0.50727; .NET CLR 3.5.30729; .NET CLR 3.0.30729; Media Center PC 6.0; Tablet PC 2.0; InfoPath.3; .NET4.0C; .NET4.0E; MS-RTC LM 8)" 12497
192.168.12.61 - - [17/Feb/2013:07:35:36 +0600] "GET /pause/ajaxPause?pauseConfigId=&admin=0 HTTP/1.1" 200 986 "http://callider/pause/index" "Mozilla/4.0 (compatible; MSIE 7.0; Windows NT 6.1; Trident/5.0; SLCC2; .NET CLR 2.0.50727; .NET CLR 3.5.30729; .NET CLR 3.0.30729; Media Center PC 6.0; InfoPath.3; .NET4.0C; .NET4.0E)" 25016
192.168.65.56 - - [17/Feb/2013:07:35:36 +0600] "GET /pause/ajaxPause?pauseConfigId=all&admin=1 HTTP/1.1" 200 1046 "http://192.168.65.101/pause/index" "Mozilla/5.0 (Windows NT 5.1; rv:15.0) Gecko/20100101 Firefox/15.0" 27174
192.168.74.93 - - [17/Feb/2013:07:35:38 +0600] "GET /tv/useUser HTTP/1.1" 200 432 "http://callider/graph/personal" "Mozilla/4.0 (compatible; MSIE 7.0; Windows NT 6.1; WOW64; Trident/5.0; SLCC2; .NET CLR 2.0.50727; .NET CLR 3.5.30729; .NET CLR 3.0.30729; Media Center PC 6.0; InfoPath.3; .NET4.0C; .NET4.0E)" 16006
192.168.12.60 - - [17/Feb/2013:07:35:38 +0600] "GET /pause/ajaxPause?pauseConfigId=&admin=0 HTTP/1.1" 200 986 "http://callider/pause/index" "Mozilla/4.0 (compatible; MSIE 8.0; Windows NT 6.1; Trident/4.0; InfoPath.3; .NET4.0C; MS-RTC LM 8; .NET4.0E)" 21425
192.168.12.204 - - [17/Feb/2013:07:35:38 +0600] "GET /pause/ajaxPause?pauseConfigId=&admin=0 HTTP/1.1" 200 986 "http://callider/pause/index" "Mozilla/4.0 (compatible; MSIE 7.0; Windows NT 6.1; WOW64; Trident/4.0; SLCC2; .NET CLR 2.0.50727; .NET CLR 3.5.30729; .NET CLR 3.0.30729; Media Center PC 6.0; InfoPath.3; .NET4.0C; .NET4.0E; .NET CLR 1.1.4322)" 20912
192.168.74.78 - - [17/Feb/2013:07:35:39 +0600] "GET /pause/ajaxPause?pauseConfigId=&admin=0 HTTP/1.1" 200 986 "http://callider/pause/index" "Mozilla/4.0 (compatible; MSIE 7.0; Windows NT 6.1; WOW64; Trident/5.0; SLCC2; .NET CLR 2.0.50727; .NET CLR 3.5.30729; .NET CLR 3.0.30729; Media Center PC 6.0; InfoPath.3; .NET4.0C; MS-RTC LM 8; .NET4.0E)" 19792
192.168.12.210 - - [17/Feb/2013:07:35:39 +0600] "GET /tv/useUser HTTP/1.1" 200 431 "http://callider/graph/general" "Mozilla/4.0 (compatible; MSIE 7.0; Windows NT 6.1; WOW64; Trident/5.0; SLCC2; .NET CLR 2.0.50727; .NET CLR 3.5.30729; .NET CLR 3.0.30729; Media Center PC 6.0; InfoPath.3; .NET4.0C; .NET4.0E)" 8941
192.168.12.69 - - [17/Feb/2013:07:35:40 +0600] "GET /pause/ajaxPause?pauseConfigId=&admin=0 HTTP/1.1" 200 986 "http://callider/pause/index" "Mozilla/4.0 (compatible; MSIE 7.0; Windows NT 6.1; Trident/5.0; SLCC2; .NET CLR 2.0.50727; .NET CLR 3.5.30729; .NET CLR 3.0.30729; Media Center PC 6.0; InfoPath.3; .NET4.0C; .NET4.0E; Tablet PC 2.0; AskTbFXTV5/5.14.1.20007)" 20544
192.168.74.91 - - [17/Feb/2013:07:35:40 +0600] "GET /pause/ajaxPause?pauseConfigId=&admin=0 HTTP/1.1" 200 986 "http://callider/pause/index" "Mozilla/4.0 (compatible; MSIE 7.0; Windows NT 6.1; WOW64; Trident/5.0; SLCC2; .NET CLR 2.0.50727; .NET CLR 3.5.30729; .NET CLR 3.0.30729; Media Center PC 6.0; InfoPath.3; .NET4.0C; MS-RTC LM 8; .NET4.0E)" 17566
192.168.74.151 - - [17/Feb/2013:07:35:40 +0600] "GET /pause/ajaxPause?pauseConfigId=&admin=0 HTTP/1.1" 200 987 "http://callider.kontur/pause/index" "Mozilla/5.0 (Windows NT 6.1; WOW64; rv:18.0) Gecko/20100101 Firefox/18.0" 18855
192.168.12.210 - - [17/Feb/2013:07:35:40 +0600] "GET /pause/ajaxPause?pauseConfigId=all&admin=1 HTTP/1.1" 200 1047 "http://callider/pause/index" "Mozilla/4.0 (compatible; MSIE 7.0; Windows NT 6.1; WOW64; Trident/5.0; SLCC2; .NET CLR 2.0.50727; .NET CLR 3.5.30729; .NET CLR 3.0.30729; Media Center PC 6.0; InfoPath.3; .NET4.0C; .NET4.0E)" 19438
192.168.12.9 - - [17/Feb/2013:07:35:40 +0600] "GET /tv/useUser HTTP/1.1" 200 432 "http://callider.kontur/site/index" "Mozilla/5.0 (Windows NT 6.1; WOW64) AppleWebKit/537.17 (KHTML, like Gecko) Chrome/24.0.1312.57 Safari/537.17" 17326
192.168.12.38 - - [17/Feb/2013:07:35:41 +0600] "GET /pause/ajaxPause?pauseConfigId=&admin=0 HTTP/1.1" 200 1040 "http://callider/pause/index" "Mozilla/4.0 (compatible; MSIE 7.0; Windows NT 6.1; WOW64; Trident/5.0; SLCC2; .NET CLR 2.0.50727; .NET CLR 3.5.30729; .NET CLR 3.0.30729; Media Center PC 6.0; InfoPath.3; .NET4.0C; .NET4.0E)" 15226
192.168.12.77 - - [17/Feb/2013:07:35:41 +0600] "GET /pause/ajaxPause?pauseConfigId=&admin=0 HTTP/1.1" 200 1039 "http://callider/pause/index" "Mozilla/4.0 (compatible; MSIE 7.0; Windows NT 6.1; Trident/5.0; SLCC2; .NET CLR 2.0.50727; .NET CLR 3.5.30729; .NET CLR 3.0.30729; Media Center PC 6.0; Tablet PC 2.0; InfoPath.3; .NET4.0C; .NET4.0E; MS-RTC LM 8)" 12133
192.168.12.61 - - [17/Feb/2013:07:35:41 +0600] "GET /pause/ajaxPause?pauseConfigId=&admin=0 HTTP/1.1" 200 986 "http://callider/pause/index" "Mozilla/4.0 (compatible; MSIE 7.0; Windows NT 6.1; Trident/5.0; SLCC2; .NET CLR 2.0.50727; .NET CLR 3.5.30729; .NET CLR 3.0.30729; Media Center PC 6.0; InfoPath.3; .NET4.0C; .NET4.0E)" 26716
192.168.65.56 - - [17/Feb/2013:07:35:41 +0600] "GET /pause/ajaxPause?pauseConfigId=all&admin=1 HTTP/1.1" 200 1046 "http://192.168.65.101/pause/index" "Mozilla/5.0 (Windows NT 5.1; rv:15.0) Gecko/20100101 Firefox/15.0" 31851
192.168.12.60 - - [17/Feb/2013:07:35:43 +0600] "GET /pause/ajaxPause?pauseConfigId=&admin=0 HTTP/1.1" 200 986 "http://callider/pause/index" "Mozilla/4.0 (compatible; MSIE 8.0; Windows NT 6.1; Trident/4.0; InfoPath.3; .NET4.0C; MS-RTC LM 8; .NET4.0E)" 20404
192.168.12.204 - - [17/Feb/2013:07:35:43 +0600] "GET /pause/ajaxPause?pauseConfigId=&admin=0 HTTP/1.1" 200 986 "http://callider/pause/index" "Mozilla/4.0 (compatible; MSIE 7.0; Windows NT 6.1; WOW64; Trident/4.0; SLCC2; .NET CLR 2.0.50727; .NET CLR 3.5.30729; .NET CLR 3.0.30729; Media Center PC 6.0; InfoPath.3; .NET4.0C; .NET4.0E; .NET CLR 1.1.4322)" 24192
192.168.74.78 - - [17/Feb/2013:07:35:44 +0600] "GET /pause/ajaxPause?pauseConfigId=&admin=0 HTTP/1.1" 200 986 "http://callider/pause/index" "Mozilla/4.0 (compatible; MSIE 7.0; Windows NT 6.1; WOW64; Trident/5.0; SLCC2; .NET CLR 2.0.50727; .NET CLR 3.5.30729; .NET CLR 3.0.30729; Media Center PC 6.0; InfoPath.3; .NET4.0C; MS-RTC LM 8; .NET4.0E)" 352546
192.168.12.69 - - [17/Feb/2013:07:35:45 +0600] "GET /pause/ajaxPause?pauseConfigId=&admin=0 HTTP/1.1" 200 986 "http://callider/pause/index" "Mozilla/4.0 (compatible; MSIE 7.0; Windows NT 6.1; Trident/5.0; SLCC2; .NET CLR 2.0.50727; .NET CLR 3.5.30729; .NET CLR 3.0.30729; Media Center PC 6.0; InfoPath.3; .NET4.0C; .NET4.0E; Tablet PC 2.0; AskTbFXTV5/5.14.1.20007)" 20491
192.168.74.91 - - [17/Feb/2013:07:35:45 +0600] "GET /pause/ajaxPause?pauseConfigId=&admin=0 HTTP/1.1" 200 986 "http://callider/pause/index" "Mozilla/4.0 (compatible; MSIE 7.0; Windows NT 6.1; WOW64; Trident/5.0; SLCC2; .NET CLR 2.0.50727; .NET CLR 3.5.30729; .NET CLR 3.0.30729; Media Center PC 6.0; InfoPath.3; .NET4.0C; MS-RTC LM 8; .NET4.0E)" 22846
192.168.74.151 - - [17/Feb/2013:07:35:45 +0600] "GET /pause/ajaxPause?pauseConfigId=&admin=0 HTTP/1.1" 200 987 "http://callider.kontur/pause/index" "Mozilla/5.0 (Windows NT 6.1; WOW64; rv:18.0) Gecko/20100101 Firefox/18.0" 29234
192.168.12.210 - - [17/Feb/2013:07:35:45 +0600] "GET /pause/ajaxPause?pauseConfigId=all&admin=1 HTTP/1.1" 200 1047 "http://callider/pause/index" "Mozilla/4.0 (compatible; MSIE 7.0; Windows NT 6.1; WOW64; Trident/5.0; SLCC2; .NET CLR 2.0.50727; .NET CLR 3.5.30729; .NET CLR 3.0.30729; Media Center PC 6.0; InfoPath.3; .NET4.0C; .NET4.0E)" 71024
192.168.12.38 - - [17/Feb/2013:07:35:46 +0600] "GET /pause/ajaxPause?pauseConfigId=&admin=0 HTTP/1.1" 200 1040 "http://callider/pause/index" "Mozilla/4.0 (compatible; MSIE 7.0; Windows NT 6.1; WOW64; Trident/5.0; SLCC2; .NET CLR 2.0.50727; .NET CLR 3.5.30729; .NET CLR 3.0.30729; Media Center PC 6.0; InfoPath.3; .NET4.0C; .NET4.0E)" 21544
192.168.12.77 - - [17/Feb/2013:07:35:46 +0600] "GET /pause/ajaxPause?pauseConfigId=&admin=0 HTTP/1.1" 200 1039 "http://callider/pause/index" "Mozilla/4.0 (compatible; MSIE 7.0; Windows NT 6.1; Trident/5.0; SLCC2; .NET CLR 2.0.50727; .NET CLR 3.5.30729; .NET CLR 3.0.30729; Media Center PC 6.0; Tablet PC 2.0; InfoPath.3; .NET4.0C; .NET4.0E; MS-RTC LM 8)" 13297
192.168.12.61 - - [17/Feb/2013:07:35:46 +0600] "GET /pause/ajaxPause?pauseConfigId=&admin=0 HTTP/1.1" 200 985 "http://callider/pause/index" "Mozilla/4.0 (compatible; MSIE 7.0; Windows NT 6.1; Trident/5.0; SLCC2; .NET CLR 2.0.50727; .NET CLR 3.5.30729; .NET CLR 3.0.30729; Media Center PC 6.0; InfoPath.3; .NET4.0C; .NET4.0E)" 22436
192.168.65.56 - - [17/Feb/2013:07:35:46 +0600] "GET /pause/ajaxPause?pauseConfigId=all&admin=1 HTTP/1.1" 200 1046 "http://192.168.65.101/pause/index" "Mozilla/5.0 (Windows NT 5.1; rv:15.0) Gecko/20100101 Firefox/15.0" 29957
192.168.12.60 - - [17/Feb/2013:07:35:48 +0600] "GET /pause/ajaxPause?pauseConfigId=&admin=0 HTTP/1.1" 200 986 "http://callider/pause/index" "Mozilla/4.0 (compatible; MSIE 8.0; Windows NT 6.1; Trident/4.0; InfoPath.3; .NET4.0C; MS-RTC LM 8; .NET4.0E)" 20504
192.168.12.204 - - [17/Feb/2013:07:35:48 +0600] "GET /pause/ajaxPause?pauseConfigId=&admin=0 HTTP/1.1" 200 986 "http://callider/pause/index" "Mozilla/4.0 (compatible; MSIE 7.0; Windows NT 6.1; WOW64; Trident/4.0; SLCC2; .NET CLR 2.0.50727; .NET CLR 3.5.30729; .NET CLR 3.0.30729; Media Center PC 6.0; InfoPath.3; .NET4.0C; .NET4.0E; .NET CLR 1.1.4322)" 20374
192.168.12.210 - - [17/Feb/2013:07:35:49 +0600] "GET /tv/useUser HTTP/1.1" 200 431 "http://callider/pause/index" "Mozilla/4.0 (compatible; MSIE 7.0; Windows NT 6.1; WOW64; Trident/5.0; SLCC2; .NET CLR 2.0.50727; .NET CLR 3.5.30729; .NET CLR 3.0.30729; Media Center PC 6.0; InfoPath.3; .NET4.0C; .NET4.0E)" 9000
192.168.74.78 - - [17/Feb/2013:07:35:49 +0600] "GET /pause/ajaxPause?pauseConfigId=&admin=0 HTTP/1.1" 200 986 "http://callider/pause/index" "Mozilla/4.0 (compatible; MSIE 7.0; Windows NT 6.1; WOW64; Trident/5.0; SLCC2; .NET CLR 2.0.50727; .NET CLR 3.5.30729; .NET CLR 3.0.30729; Media Center PC 6.0; InfoPath.3; .NET4.0C; MS-RTC LM 8; .NET4.0E)" 18849
192.168.12.69 - - [17/Feb/2013:07:35:50 +0600] "GET /pause/ajaxPause?pauseConfigId=&admin=0 HTTP/1.1" 200 986 "http://callider/pause/index" "Mozilla/4.0 (compatible; MSIE 7.0; Windows NT 6.1; Trident/5.0; SLCC2; .NET CLR 2.0.50727; .NET CLR 3.5.30729; .NET CLR 3.0.30729; Media Center PC 6.0; InfoPath.3; .NET4.0C; .NET4.0E; Tablet PC 2.0; AskTbFXTV5/5.14.1.20007)" 18545
192.168.74.91 - - [17/Feb/2013:07:35:50 +0600] "GET /pause/ajaxPause?pauseConfigId=&admin=0 HTTP/1.1" 200 986 "http://callider/pause/index" "Mozilla/4.0 (compatible; MSIE 7.0; Windows NT 6.1; WOW64; Trident/5.0; SLCC2; .NET CLR 2.0.50727; .NET CLR 3.5.30729; .NET CLR 3.0.30729; Media Center PC 6.0; InfoPath.3; .NET4.0C; MS-RTC LM 8; .NET4.0E)" 17441
192.168.74.151 - - [17/Feb/2013:07:35:50 +0600] "GET /pause/ajaxPause?pauseConfigId=&admin=0 HTTP/1.1" 200 987 "http://callider.kontur/pause/index" "Mozilla/5.0 (Windows NT 6.1; WOW64; rv:18.0) Gecko/20100101 Firefox/18.0" 25465
192.168.12.210 - - [17/Feb/2013:07:35:50 +0600] "GET /pause/ajaxPause?pauseConfigId=all&admin=1 HTTP/1.1" 200 1047 "http://callider/pause/index" "Mozilla/4.0 (compatible; MSIE 7.0; Windows NT 6.1; WOW64; Trident/5.0; SLCC2; .NET CLR 2.0.50727; .NET CLR 3.5.30729; .NET CLR 3.0.30729; Media Center PC 6.0; InfoPath.3; .NET4.0C; .NET4.0E)" 18470
192.168.12.38 - - [17/Feb/2013:07:35:51 +0600] "GET /pause/ajaxPause?pauseConfigId=&admin=0 HTTP/1.1" 200 1040 "http://callider/pause/index" "Mozilla/4.0 (compatible; MSIE 7.0; Windows NT 6.1; WOW64; Trident/5.0; SLCC2; .NET CLR 2.0.50727; .NET CLR 3.5.30729; .NET CLR 3.0.30729; Media Center PC 6.0; InfoPath.3; .NET4.0C; .NET4.0E)" 16876
192.168.12.77 - - [17/Feb/2013:07:35:51 +0600] "GET /pause/ajaxPause?pauseConfigId=&admin=0 HTTP/1.1" 200 1039 "http://callider/pause/index" "Mozilla/4.0 (compatible; MSIE 7.0; Windows NT 6.1; Trident/5.0; SLCC2; .NET CLR 2.0.50727; .NET CLR 3.5.30729; .NET CLR 3.0.30729; Media Center PC 6.0; Tablet PC 2.0; InfoPath.3; .NET4.0C; .NET4.0E; MS-RTC LM 8)" 14424
192.168.12.61 - - [17/Feb/2013:07:35:51 +0600] "GET /pause/ajaxPause?pauseConfigId=&admin=0 HTTP/1.1" 200 985 "http://callider/pause/index" "Mozilla/4.0 (compatible; MSIE 7.0; Windows NT 6.1; Trident/5.0; SLCC2; .NET CLR 2.0.50727; .NET CLR 3.5.30729; .NET CLR 3.0.30729; Media Center PC 6.0; InfoPath.3; .NET4.0C; .NET4.0E)" 31782
192.168.65.56 - - [17/Feb/2013:07:35:51 +0600] "GET /pause/ajaxPause?pauseConfigId=all&admin=1 HTTP/1.1" 200 1046 "http://192.168.65.101/pause/index" "Mozilla/5.0 (Windows NT 5.1; rv:15.0) Gecko/20100101 Firefox/15.0" 36998
192.168.65.56 - - [17/Feb/2013:07:35:51 +0600] "GET /tv/useUser HTTP/1.1" 200 431 "http://192.168.65.101/pause/index" "Mozilla/5.0 (Windows NT 5.1; rv:15.0) Gecko/20100101 Firefox/15.0" 11493
192.168.65.93 - - [17/Feb/2013:07:35:52 +0600] "GET / HTTP/1.1" 302 530 "-" "System Center 2012 - Operations Manager 7.0.9538.0" 13105
192.168.65.93 - - [17/Feb/2013:07:35:52 +0600] "GET /site/login HTTP/1.1" 200 2771 "-" "System Center 2012 - Operations Manager 7.0.9538.0" 17982
192.168.12.60 - - [17/Feb/2013:07:35:53 +0600] "GET /pause/ajaxPause?pauseConfigId=&admin=0 HTTP/1.1" 200 986 "http://callider/pause/index" "Mozilla/4.0 (compatible; MSIE 8.0; Windows NT 6.1; Trident/4.0; InfoPath.3; .NET4.0C; MS-RTC LM 8; .NET4.0E)" 20960
192.168.12.204 - - [17/Feb/2013:07:35:53 +0600] "GET /pause/ajaxPause?pauseConfigId=&admin=0 HTTP/1.1" 200 986 "http://callider/pause/index" "Mozilla/4.0 (compatible; MSIE 7.0; Windows NT 6.1; WOW64; Trident/4.0; SLCC2; .NET CLR 2.0.50727; .NET CLR 3.5.30729; .NET CLR 3.0.30729; Media Center PC 6.0; InfoPath.3; .NET4.0C; .NET4.0E; .NET CLR 1.1.4322)" 19895
192.168.74.78 - - [17/Feb/2013:07:35:54 +0600] "GET /pause/ajaxPause?pauseConfigId=&admin=0 HTTP/1.1" 200 986 "http://callider/pause/index" "Mozilla/4.0 (compatible; MSIE 7.0; Windows NT 6.1; WOW64; Trident/5.0; SLCC2; .NET CLR 2.0.50727; .NET CLR 3.5.30729; .NET CLR 3.0.30729; Media Center PC 6.0; InfoPath.3; .NET4.0C; MS-RTC LM 8; .NET4.0E)" 18249
192.168.12.69 - - [17/Feb/2013:07:35:55 +0600] "GET /pause/ajaxPause?pauseConfigId=&admin=0 HTTP/1.1" 200 986 "http://callider/pause/index" "Mozilla/4.0 (compatible; MSIE 7.0; Windows NT 6.1; Trident/5.0; SLCC2; .NET CLR 2.0.50727; .NET CLR 3.5.30729; .NET CLR 3.0.30729; Media Center PC 6.0; InfoPath.3; .NET4.0C; .NET4.0E; Tablet PC 2.0; AskTbFXTV5/5.14.1.20007)" 19582
192.168.74.91 - - [17/Feb/2013:07:35:55 +0600] "GET /pause/ajaxPause?pauseConfigId=&admin=0 HTTP/1.1" 200 986 "http://callider/pause/index" "Mozilla/4.0 (compatible; MSIE 7.0; Windows NT 6.1; WOW64; Trident/5.0; SLCC2; .NET CLR 2.0.50727; .NET CLR 3.5.30729; .NET CLR 3.0.30729; Media Center PC 6.0; InfoPath.3; .NET4.0C; MS-RTC LM 8; .NET4.0E)" 20552
192.168.74.151 - - [17/Feb/2013:07:35:55 +0600] "GET /pause/ajaxPause?pauseConfigId=&admin=0 HTTP/1.1" 200 987 "http://callider.kontur/pause/index" "Mozilla/5.0 (Windows NT 6.1; WOW64; rv:18.0) Gecko/20100101 Firefox/18.0" 21645
192.168.12.210 - - [17/Feb/2013:07:35:55 +0600] "GET /pause/ajaxPause?pauseConfigId=all&admin=1 HTTP/1.1" 200 1047 "http://callider/pause/index" "Mozilla/4.0 (compatible; MSIE 7.0; Windows NT 6.1; WOW64; Trident/5.0; SLCC2; .NET CLR 2.0.50727; .NET CLR 3.5.30729; .NET CLR 3.0.30729; Media Center PC 6.0; InfoPath.3; .NET4.0C; .NET4.0E)" 25219
192.168.12.38 - - [17/Feb/2013:07:35:56 +0600] "GET /pause/ajaxPause?pauseConfigId=&admin=0 HTTP/1.1" 200 1040 "http://callider/pause/index" "Mozilla/4.0 (compatible; MSIE 7.0; Windows NT 6.1; WOW64; Trident/5.0; SLCC2; .NET CLR 2.0.50727; .NET CLR 3.5.30729; .NET CLR 3.0.30729; Media Center PC 6.0; InfoPath.3; .NET4.0C; .NET4.0E)" 16156
192.168.12.77 - - [17/Feb/2013:07:35:56 +0600] "GET /pause/ajaxPause?pauseConfigId=&admin=0 HTTP/1.1" 200 1039 "http://callider/pause/index" "Mozilla/4.0 (compatible; MSIE 7.0; Windows NT 6.1; Trident/5.0; SLCC2; .NET CLR 2.0.50727; .NET CLR 3.5.30729; .NET CLR 3.0.30729; Media Center PC 6.0; Tablet PC 2.0; InfoPath.3; .NET4.0C; .NET4.0E; MS-RTC LM 8)" 13358
192.168.12.61 - - [17/Feb/2013:07:35:56 +0600] "GET /pause/ajaxPause?pauseConfigId=&admin=0 HTTP/1.1" 200 985 "http://callider/pause/index" "Mozilla/4.0 (compatible; MSIE 7.0; Windows NT 6.1; Trident/5.0; SLCC2; .NET CLR 2.0.50727; .NET CLR 3.5.30729; .NET CLR 3.0.30729; Media Center PC 6.0; InfoPath.3; .NET4.0C; .NET4.0E)" 18135
192.168.65.56 - - [17/Feb/2013:07:35:56 +0600] "GET /pause/ajaxPause?pauseConfigId=all&admin=1 HTTP/1.1" 200 1046 "http://192.168.65.101/pause/index" "Mozilla/5.0 (Windows NT 5.1; rv:15.0) Gecko/20100101 Firefox/15.0" 31398
192.168.12.60 - - [17/Feb/2013:07:35:58 +0600] "GET /pause/ajaxPause?pauseConfigId=&admin=0 HTTP/1.1" 200 986 "http://callider/pause/index" "Mozilla/4.0 (compatible; MSIE 8.0; Windows NT 6.1; Trident/4.0; InfoPath.3; .NET4.0C; MS-RTC LM 8; .NET4.0E)" 22052
192.168.12.204 - - [17/Feb/2013:07:35:58 +0600] "GET /pause/ajaxPause?pauseConfigId=&admin=0 HTTP/1.1" 200 986 "http://callider/pause/index" "Mozilla/4.0 (compatible; MSIE 7.0; Windows NT 6.1; WOW64; Trident/4.0; SLCC2; .NET CLR 2.0.50727; .NET CLR 3.5.30729; .NET CLR 3.0.30729; Media Center PC 6.0; InfoPath.3; .NET4.0C; .NET4.0E; .NET CLR 1.1.4322)" 18298
192.168.74.78 - - [17/Feb/2013:07:35:59 +0600] "GET /pause/ajaxPause?pauseConfigId=&admin=0 HTTP/1.1" 200 986 "http://callider/pause/index" "Mozilla/4.0 (compatible; MSIE 7.0; Windows NT 6.1; WOW64; Trident/5.0; SLCC2; .NET CLR 2.0.50727; .NET CLR 3.5.30729; .NET CLR 3.0.30729; Media Center PC 6.0; InfoPath.3; .NET4.0C; MS-RTC LM 8; .NET4.0E)" 22970
192.168.12.69 - - [17/Feb/2013:07:36:00 +0600] "GET /pause/ajaxPause?pauseConfigId=&admin=0 HTTP/1.1" 200 986 "http://callider/pause/index" "Mozilla/4.0 (compatible; MSIE 7.0; Windows NT 6.1; Trident/5.0; SLCC2; .NET CLR 2.0.50727; .NET CLR 3.5.30729; .NET CLR 3.0.30729; Media Center PC 6.0; InfoPath.3; .NET4.0C; .NET4.0E; Tablet PC 2.0; AskTbFXTV5/5.14.1.20007)" 19162
192.168.74.91 - - [17/Feb/2013:07:36:00 +0600] "GET /pause/ajaxPause?pauseConfigId=&admin=0 HTTP/1.1" 200 986 "http://callider/pause/index" "Mozilla/4.0 (compatible; MSIE 7.0; Windows NT 6.1; WOW64; Trident/5.0; SLCC2; .NET CLR 2.0.50727; .NET CLR 3.5.30729; .NET CLR 3.0.30729; Media Center PC 6.0; InfoPath.3; .NET4.0C; MS-RTC LM 8; .NET4.0E)" 30055
192.168.74.151 - - [17/Feb/2013:07:36:00 +0600] "GET /pause/ajaxPause?pauseConfigId=&admin=0 HTTP/1.1" 200 987 "http://callider.kontur/pause/index" "Mozilla/5.0 (Windows NT 6.1; WOW64; rv:18.0) Gecko/20100101 Firefox/18.0" 21836
192.168.12.210 - - [17/Feb/2013:07:36:00 +0600] "GET /pause/ajaxPause?pauseConfigId=all&admin=1 HTTP/1.1" 200 1047 "http://callider/pause/index" "Mozilla/4.0 (compatible; MSIE 7.0; Windows NT 6.1; WOW64; Trident/5.0; SLCC2; .NET CLR 2.0.50727; .NET CLR 3.5.30729; .NET CLR 3.0.30729; Media Center PC 6.0; InfoPath.3; .NET4.0C; .NET4.0E)" 20425
192.168.12.38 - - [17/Feb/2013:07:36:01 +0600] "GET /pause/ajaxPause?pauseConfigId=&admin=0 HTTP/1.1" 200 1040 "http://callider/pause/index" "Mozilla/4.0 (compatible; MSIE 7.0; Windows NT 6.1; WOW64; Trident/5.0; SLCC2; .NET CLR 2.0.50727; .NET CLR 3.5.30729; .NET CLR 3.0.30729; Media Center PC 6.0; InfoPath.3; .NET4.0C; .NET4.0E)" 20431
192.168.12.77 - - [17/Feb/2013:07:36:01 +0600] "GET /pause/ajaxPause?pauseConfigId=&admin=0 HTTP/1.1" 200 1039 "http://callider/pause/index" "Mozilla/4.0 (compatible; MSIE 7.0; Windows NT 6.1; Trident/5.0; SLCC2; .NET CLR 2.0.50727; .NET CLR 3.5.30729; .NET CLR 3.0.30729; Media Center PC 6.0; Tablet PC 2.0; InfoPath.3; .NET4.0C; .NET4.0E; MS-RTC LM 8)" 13385
192.168.12.61 - - [17/Feb/2013:07:36:01 +0600] "GET /pause/ajaxPause?pauseConfigId=&admin=0 HTTP/1.1" 200 985 "http://callider/pause/index" "Mozilla/4.0 (compatible; MSIE 7.0; Windows NT 6.1; Trident/5.0; SLCC2; .NET CLR 2.0.50727; .NET CLR 3.5.30729; .NET CLR 3.0.30729; Media Center PC 6.0; InfoPath.3; .NET4.0C; .NET4.0E)" 20908
192.168.65.56 - - [17/Feb/2013:07:36:01 +0600] "GET /pause/ajaxPause?pauseConfigId=all&admin=1 HTTP/1.1" 200 1046 "http://192.168.65.101/pause/index" "Mozilla/5.0 (Windows NT 5.1; rv:15.0) Gecko/20100101 Firefox/15.0" 32381
192.168.12.60 - - [17/Feb/2013:07:36:03 +0600] "GET /pause/ajaxPause?pauseConfigId=&admin=0 HTTP/1.1" 200 986 "http://callider/pause/index" "Mozilla/4.0 (compatible; MSIE 8.0; Windows NT 6.1; Trident/4.0; InfoPath.3; .NET4.0C; MS-RTC LM 8; .NET4.0E)" 29329
192.168.12.204 - - [17/Feb/2013:07:36:03 +0600] "GET /pause/ajaxPause?pauseConfigId=&admin=0 HTTP/1.1" 200 986 "http://callider/pause/index" "Mozilla/4.0 (compatible; MSIE 7.0; Windows NT 6.1; WOW64; Trident/4.0; SLCC2; .NET CLR 2.0.50727; .NET CLR 3.5.30729; .NET CLR 3.0.30729; Media Center PC 6.0; InfoPath.3; .NET4.0C; .NET4.0E; .NET CLR 1.1.4322)" 19578
192.168.74.78 - - [17/Feb/2013:07:36:04 +0600] "GET /pause/ajaxPause?pauseConfigId=&admin=0 HTTP/1.1" 200 986 "http://callider/pause/index" "Mozilla/4.0 (compatible; MSIE 7.0; Windows NT 6.1; WOW64; Trident/5.0; SLCC2; .NET CLR 2.0.50727; .NET CLR 3.5.30729; .NET CLR 3.0.30729; Media Center PC 6.0; InfoPath.3; .NET4.0C; MS-RTC LM 8; .NET4.0E)" 19751
192.168.12.69 - - [17/Feb/2013:07:36:05 +0600] "GET /pause/ajaxPause?pauseConfigId=&admin=0 HTTP/1.1" 200 986 "http://callider/pause/index" "Mozilla/4.0 (compatible; MSIE 7.0; Windows NT 6.1; Trident/5.0; SLCC2; .NET CLR 2.0.50727; .NET CLR 3.5.30729; .NET CLR 3.0.30729; Media Center PC 6.0; InfoPath.3; .NET4.0C; .NET4.0E; Tablet PC 2.0; AskTbFXTV5/5.14.1.20007)" 22150
192.168.12.61 - - [17/Feb/2013:07:36:05 +0600] "GET /tv/useUser HTTP/1.1" 200 431 "http://callider/pause/index" "Mozilla/4.0 (compatible; MSIE 7.0; Windows NT 6.1; Trident/5.0; SLCC2; .NET CLR 2.0.50727; .NET CLR 3.5.30729; .NET CLR 3.0.30729; Media Center PC 6.0; InfoPath.3; .NET4.0C; .NET4.0E)" 8760
192.168.74.91 - - [17/Feb/2013:07:36:05 +0600] "GET /pause/ajaxPause?pauseConfigId=&admin=0 HTTP/1.1" 200 986 "http://callider/pause/index" "Mozilla/4.0 (compatible; MSIE 7.0; Windows NT 6.1; WOW64; Trident/5.0; SLCC2; .NET CLR 2.0.50727; .NET CLR 3.5.30729; .NET CLR 3.0.30729; Media Center PC 6.0; InfoPath.3; .NET4.0C; MS-RTC LM 8; .NET4.0E)" 22172
192.168.74.151 - - [17/Feb/2013:07:36:05 +0600] "GET /pause/ajaxPause?pauseConfigId=&admin=0 HTTP/1.1" 200 987 "http://callider.kontur/pause/index" "Mozilla/5.0 (Windows NT 6.1; WOW64; rv:18.0) Gecko/20100101 Firefox/18.0" 30118
192.168.12.210 - - [17/Feb/2013:07:36:05 +0600] "GET /pause/ajaxPause?pauseConfigId=all&admin=1 HTTP/1.1" 200 1047 "http://callider/pause/index" "Mozilla/4.0 (compatible; MSIE 7.0; Windows NT 6.1; WOW64; Trident/5.0; SLCC2; .NET CLR 2.0.50727; .NET CLR 3.5.30729; .NET CLR 3.0.30729; Media Center PC 6.0; InfoPath.3; .NET4.0C; .NET4.0E)" 21880
192.168.12.38 - - [17/Feb/2013:07:36:06 +0600] "GET /pause/ajaxPause?pauseConfigId=&admin=0 HTTP/1.1" 200 1040 "http://callider/pause/index" "Mozilla/4.0 (compatible; MSIE 7.0; Windows NT 6.1; WOW64; Trident/5.0; SLCC2; .NET CLR 2.0.50727; .NET CLR 3.5.30729; .NET CLR 3.0.30729; Media Center PC 6.0; InfoPath.3; .NET4.0C; .NET4.0E)" 17927
192.168.12.77 - - [17/Feb/2013:07:36:06 +0600] "GET /pause/ajaxPause?pauseConfigId=&admin=0 HTTP/1.1" 200 1039 "http://callider/pause/index" "Mozilla/4.0 (compatible; MSIE 7.0; Windows NT 6.1; Trident/5.0; SLCC2; .NET CLR 2.0.50727; .NET CLR 3.5.30729; .NET CLR 3.0.30729; Media Center PC 6.0; Tablet PC 2.0; InfoPath.3; .NET4.0C; .NET4.0E; MS-RTC LM 8)" 13963
192.168.12.61 - - [17/Feb/2013:07:36:06 +0600] "GET /pause/ajaxPause?pauseConfigId=&admin=0 HTTP/1.1" 200 985 "http://callider/pause/index" "Mozilla/4.0 (compatible; MSIE 7.0; Windows NT 6.1; Trident/5.0; SLCC2; .NET CLR 2.0.50727; .NET CLR 3.5.30729; .NET CLR 3.0.30729; Media Center PC 6.0; InfoPath.3; .NET4.0C; .NET4.0E)" 20104
192.168.65.56 - - [17/Feb/2013:07:36:06 +0600] "GET /pause/ajaxPause?pauseConfigId=all&admin=1 HTTP/1.1" 200 1046 "http://192.168.65.101/pause/index" "Mozilla/5.0 (Windows NT 5.1; rv:15.0) Gecko/20100101 Firefox/15.0" 28782
192.168.12.60 - - [17/Feb/2013:07:36:08 +0600] "GET /pause/ajaxPause?pauseConfigId=&admin=0 HTTP/1.1" 200 986 "http://callider/pause/index" "Mozilla/4.0 (compatible; MSIE 8.0; Windows NT 6.1; Trident/4.0; InfoPath.3; .NET4.0C; MS-RTC LM 8; .NET4.0E)" 26097
192.168.12.204 - - [17/Feb/2013:07:36:08 +0600] "GET /pause/ajaxPause?pauseConfigId=&admin=0 HTTP/1.1" 200 986 "http://callider/pause/index" "Mozilla/4.0 (compatible; MSIE 7.0; Windows NT 6.1; WOW64; Trident/4.0; SLCC2; .NET CLR 2.0.50727; .NET CLR 3.5.30729; .NET CLR 3.0.30729; Media Center PC 6.0; InfoPath.3; .NET4.0C; .NET4.0E; .NET CLR 1.1.4322)" 20865
192.168.74.78 - - [17/Feb/2013:07:36:09 +0600] "GET /pause/ajaxPause?pauseConfigId=&admin=0 HTTP/1.1" 200 986 "http://callider/pause/index" "Mozilla/4.0 (compatible; MSIE 7.0; Windows NT 6.1; WOW64; Trident/5.0; SLCC2; .NET CLR 2.0.50727; .NET CLR 3.5.30729; .NET CLR 3.0.30729; Media Center PC 6.0; InfoPath.3; .NET4.0C; MS-RTC LM 8; .NET4.0E)" 18564
192.168.12.69 - - [17/Feb/2013:07:36:10 +0600] "GET /pause/ajaxPause?pauseConfigId=&admin=0 HTTP/1.1" 200 986 "http://callider/pause/index" "Mozilla/4.0 (compatible; MSIE 7.0; Windows NT 6.1; Trident/5.0; SLCC2; .NET CLR 2.0.50727; .NET CLR 3.5.30729; .NET CLR 3.0.30729; Media Center PC 6.0; InfoPath.3; .NET4.0C; .NET4.0E; Tablet PC 2.0; AskTbFXTV5/5.14.1.20007)" 18032
192.168.74.91 - - [17/Feb/2013:07:36:10 +0600] "GET /pause/ajaxPause?pauseConfigId=&admin=0 HTTP/1.1" 200 986 "http://callider/pause/index" "Mozilla/4.0 (compatible; MSIE 7.0; Windows NT 6.1; WOW64; Trident/5.0; SLCC2; .NET CLR 2.0.50727; .NET CLR 3.5.30729; .NET CLR 3.0.30729; Media Center PC 6.0; InfoPath.3; .NET4.0C; MS-RTC LM 8; .NET4.0E)" 17874
192.168.74.151 - - [17/Feb/2013:07:36:10 +0600] "GET /pause/ajaxPause?pauseConfigId=&admin=0 HTTP/1.1" 200 987 "http://callider.kontur/pause/index" "Mozilla/5.0 (Windows NT 6.1; WOW64; rv:18.0) Gecko/20100101 Firefox/18.0" 17783
192.168.12.210 - - [17/Feb/2013:07:36:10 +0600] "GET /pause/ajaxPause?pauseConfigId=all&admin=1 HTTP/1.1" 200 1047 "http://callider/pause/index" "Mozilla/4.0 (compatible; MSIE 7.0; Windows NT 6.1; WOW64; Trident/5.0; SLCC2; .NET CLR 2.0.50727; .NET CLR 3.5.30729; .NET CLR 3.0.30729; Media Center PC 6.0; InfoPath.3; .NET4.0C; .NET4.0E)" 17640
192.168.12.42 - - [17/Feb/2013:07:36:11 +0600] "GET /tv/useUser HTTP/1.1" 200 432 "http://callider/graph/personal" "Mozilla/4.0 (compatible; MSIE 7.0; Windows NT 6.1; WOW64; Trident/5.0; SLCC2; .NET CLR 2.0.50727; .NET CLR 3.5.30729; .NET CLR 3.0.30729; Media Center PC 6.0; InfoPath.3; .NET4.0C; .NET4.0E)" 22813
192.168.12.38 - - [17/Feb/2013:07:36:11 +0600] "GET /pause/ajaxPause?pauseConfigId=&admin=0 HTTP/1.1" 200 1040 "http://callider/pause/index" "Mozilla/4.0 (compatible; MSIE 7.0; Windows NT 6.1; WOW64; Trident/5.0; SLCC2; .NET CLR 2.0.50727; .NET CLR 3.5.30729; .NET CLR 3.0.30729; Media Center PC 6.0; InfoPath.3; .NET4.0C; .NET4.0E)" 16856
192.168.12.77 - - [17/Feb/2013:07:36:11 +0600] "GET /pause/ajaxPause?pauseConfigId=&admin=0 HTTP/1.1" 200 1039 "http://callider/pause/index" "Mozilla/4.0 (compatible; MSIE 7.0; Windows NT 6.1; Trident/5.0; SLCC2; .NET CLR 2.0.50727; .NET CLR 3.5.30729; .NET CLR 3.0.30729; Media Center PC 6.0; Tablet PC 2.0; InfoPath.3; .NET4.0C; .NET4.0E; MS-RTC LM 8)" 22606
192.168.12.61 - - [17/Feb/2013:07:36:11 +0600] "GET /pause/ajaxPause?pauseConfigId=&admin=0 HTTP/1.1" 200 985 "http://callider/pause/index" "Mozilla/4.0 (compatible; MSIE 7.0; Windows NT 6.1; Trident/5.0; SLCC2; .NET CLR 2.0.50727; .NET CLR 3.5.30729; .NET CLR 3.0.30729; Media Center PC 6.0; InfoPath.3; .NET4.0C; .NET4.0E)" 20689
192.168.65.56 - - [17/Feb/2013:07:36:11 +0600] "GET /pause/ajaxPause?pauseConfigId=all&admin=1 HTTP/1.1" 200 1046 "http://192.168.65.101/pause/index" "Mozilla/5.0 (Windows NT 5.1; rv:15.0) Gecko/20100101 Firefox/15.0" 29133
192.168.74.151 - - [17/Feb/2013:07:36:13 +0600] "GET /tv/useUser HTTP/1.1" 200 431 "http://callider.kontur/graph/general" "Mozilla/5.0 (Windows NT 6.1; WOW64; rv:18.0) Gecko/20100101 Firefox/18.0" 8077
192.168.12.60 - - [17/Feb/2013:07:36:13 +0600] "GET /pause/ajaxPause?pauseConfigId=&admin=0 HTTP/1.1" 200 986 "http://callider/pause/index" "Mozilla/4.0 (compatible; MSIE 8.0; Windows NT 6.1; Trident/4.0; InfoPath.3; .NET4.0C; MS-RTC LM 8; .NET4.0E)" 18507
192.168.12.204 - - [17/Feb/2013:07:36:13 +0600] "GET /pause/ajaxPause?pauseConfigId=&admin=0 HTTP/1.1" 200 986 "http://callider/pause/index" "Mozilla/4.0 (compatible; MSIE 7.0; Windows NT 6.1; WOW64; Trident/4.0; SLCC2; .NET CLR 2.0.50727; .NET CLR 3.5.30729; .NET CLR 3.0.30729; Media Center PC 6.0; InfoPath.3; .NET4.0C; .NET4.0E; .NET CLR 1.1.4322)" 19893
192.168.74.78 - - [17/Feb/2013:07:36:14 +0600] "GET /pause/ajaxPause?pauseConfigId=&admin=0 HTTP/1.1" 200 986 "http://callider/pause/index" "Mozilla/4.0 (compatible; MSIE 7.0; Windows NT 6.1; WOW64; Trident/5.0; SLCC2; .NET CLR 2.0.50727; .NET CLR 3.5.30729; .NET CLR 3.0.30729; Media Center PC 6.0; InfoPath.3; .NET4.0C; MS-RTC LM 8; .NET4.0E)" 19390
192.168.12.69 - - [17/Feb/2013:07:36:15 +0600] "GET /pause/ajaxPause?pauseConfigId=&admin=0 HTTP/1.1" 200 986 "http://callider/pause/index" "Mozilla/4.0 (compatible; MSIE 7.0; Windows NT 6.1; Trident/5.0; SLCC2; .NET CLR 2.0.50727; .NET CLR 3.5.30729; .NET CLR 3.0.30729; Media Center PC 6.0; InfoPath.3; .NET4.0C; .NET4.0E; Tablet PC 2.0; AskTbFXTV5/5.14.1.20007)" 18301
192.168.74.91 - - [17/Feb/2013:07:36:15 +0600] "GET /pause/ajaxPause?pauseConfigId=&admin=0 HTTP/1.1" 200 986 "http://callider/pause/index" "Mozilla/4.0 (compatible; MSIE 7.0; Windows NT 6.1; WOW64; Trident/5.0; SLCC2; .NET CLR 2.0.50727; .NET CLR 3.5.30729; .NET CLR 3.0.30729; Media Center PC 6.0; InfoPath.3; .NET4.0C; MS-RTC LM 8; .NET4.0E)" 21849
192.168.74.151 - - [17/Feb/2013:07:36:15 +0600] "GET /pause/ajaxPause?pauseConfigId=&admin=0 HTTP/1.1" 200 987 "http://callider.kontur/pause/index" "Mozilla/5.0 (Windows NT 6.1; WOW64; rv:18.0) Gecko/20100101 Firefox/18.0" 18239
192.168.74.151 - - [17/Feb/2013:07:36:15 +0600] "GET /tv/useUser HTTP/1.1" 200 431 "http://callider.kontur/pause/index" "Mozilla/5.0 (Windows NT 6.1; WOW64; rv:18.0) Gecko/20100101 Firefox/18.0" 10589
192.168.12.210 - - [17/Feb/2013:07:36:15 +0600] "GET /pause/ajaxPause?pauseConfigId=all&admin=1 HTTP/1.1" 200 1047 "http://callider/pause/index" "Mozilla/4.0 (compatible; MSIE 7.0; Windows NT 6.1; WOW64; Trident/5.0; SLCC2; .NET CLR 2.0.50727; .NET CLR 3.5.30729; .NET CLR 3.0.30729; Media Center PC 6.0; InfoPath.3; .NET4.0C; .NET4.0E)" 18452
192.168.12.38 - - [17/Feb/2013:07:36:16 +0600] "GET /pause/ajaxPause?pauseConfigId=&admin=0 HTTP/1.1" 200 1040 "http://callider/pause/index" "Mozilla/4.0 (compatible; MSIE 7.0; Windows NT 6.1; WOW64; Trident/5.0; SLCC2; .NET CLR 2.0.50727; .NET CLR 3.5.30729; .NET CLR 3.0.30729; Media Center PC 6.0; InfoPath.3; .NET4.0C; .NET4.0E)" 16395
192.168.12.77 - - [17/Feb/2013:07:36:16 +0600] "GET /pause/ajaxPause?pauseConfigId=&admin=0 HTTP/1.1" 200 1039 "http://callider/pause/index" "Mozilla/4.0 (compatible; MSIE 7.0; Windows NT 6.1; Trident/5.0; SLCC2; .NET CLR 2.0.50727; .NET CLR 3.5.30729; .NET CLR 3.0.30729; Media Center PC 6.0; Tablet PC 2.0; InfoPath.3; .NET4.0C; .NET4.0E; MS-RTC LM 8)" 13070
192.168.12.61 - - [17/Feb/2013:07:36:16 +0600] "GET /pause/ajaxPause?pauseConfigId=&admin=0 HTTP/1.1" 200 986 "http://callider/pause/index" "Mozilla/4.0 (compatible; MSIE 7.0; Windows NT 6.1; Trident/5.0; SLCC2; .NET CLR 2.0.50727; .NET CLR 3.5.30729; .NET CLR 3.0.30729; Media Center PC 6.0; InfoPath.3; .NET4.0C; .NET4.0E)" 28501
192.168.65.56 - - [17/Feb/2013:07:36:16 +0600] "GET /pause/ajaxPause?pauseConfigId=all&admin=1 HTTP/1.1" 200 1046 "http://192.168.65.101/pause/index" "Mozilla/5.0 (Windows NT 5.1; rv:15.0) Gecko/20100101 Firefox/15.0" 27730
192.168.74.139 - - [17/Feb/2013:07:36:17 +0600] "GET / HTTP/1.1" 302 530 "-" "Mozilla/4.0 (compatible; MSIE 7.0; Windows NT 6.1; WOW64; Trident/5.0; SLCC2; .NET CLR 2.0.50727; .NET CLR 3.5.30729; .NET CLR 3.0.30729; Media Center PC 6.0; InfoPath.3; .NET4.0C; .NET4.0E)" 12513
192.168.74.139 - - [17/Feb/2013:07:36:17 +0600] "GET /site/login HTTP/1.1" 200 2771 "-" "Mozilla/4.0 (compatible; MSIE 7.0; Windows NT 6.1; WOW64; Trident/5.0; SLCC2; .NET CLR 2.0.50727; .NET CLR 3.5.30729; .NET CLR 3.0.30729; Media Center PC 6.0; InfoPath.3; .NET4.0C; .NET4.0E)" 24978
192.168.12.60 - - [17/Feb/2013:07:36:18 +0600] "GET /pause/ajaxPause?pauseConfigId=&admin=0 HTTP/1.1" 200 986 "http://callider/pause/index" "Mozilla/4.0 (compatible; MSIE 8.0; Windows NT 6.1; Trident/4.0; InfoPath.3; .NET4.0C; MS-RTC LM 8; .NET4.0E)" 20949
192.168.12.204 - - [17/Feb/2013:07:36:18 +0600] "GET /pause/ajaxPause?pauseConfigId=&admin=0 HTTP/1.1" 200 986 "http://callider/pause/index" "Mozilla/4.0 (compatible; MSIE 7.0; Windows NT 6.1; WOW64; Trident/4.0; SLCC2; .NET CLR 2.0.50727; .NET CLR 3.5.30729; .NET CLR 3.0.30729; Media Center PC 6.0; InfoPath.3; .NET4.0C; .NET4.0E; .NET CLR 1.1.4322)" 17254
192.168.74.78 - - [17/Feb/2013:07:36:19 +0600] "GET /pause/ajaxPause?pauseConfigId=&admin=0 HTTP/1.1" 200 986 "http://callider/pause/index" "Mozilla/4.0 (compatible; MSIE 7.0; Windows NT 6.1; WOW64; Trident/5.0; SLCC2; .NET CLR 2.0.50727; .NET CLR 3.5.30729; .NET CLR 3.0.30729; Media Center PC 6.0; InfoPath.3; .NET4.0C; MS-RTC LM 8; .NET4.0E)" 33181
192.168.12.10 - - [17/Feb/2013:07:36:19 +0600] "GET /tv/useUser HTTP/1.1" 200 432 "http://callider/graph/personal" "Mozilla/4.0 (compatible; MSIE 7.0; Windows NT 6.1; Trident/5.0; SLCC2; .NET CLR 2.0.50727; .NET CLR 3.5.30729; .NET CLR 3.0.30729; Media Center PC 6.0; InfoPath.3; .NET4.0C; .NET4.0E; Tablet PC 2.0; MS-RTC LM 8)" 15603
192.168.12.108 - - [17/Feb/2013:07:36:19 +0600] "GET /tv/useUser HTTP/1.1" 200 432 "http://callider/index.php" "Mozilla/4.0 (compatible; MSIE 7.0; Windows NT 6.2; WOW64; Trident/6.0; .NET4.0E; .NET4.0C; InfoPath.3; .NET CLR 3.5.30729; .NET CLR 2.0.50727; .NET CLR 3.0.30729)" 23188
192.168.12.69 - - [17/Feb/2013:07:36:20 +0600] "GET /pause/ajaxPause?pauseConfigId=&admin=0 HTTP/1.1" 200 986 "http://callider/pause/index" "Mozilla/4.0 (compatible; MSIE 7.0; Windows NT 6.1; Trident/5.0; SLCC2; .NET CLR 2.0.50727; .NET CLR 3.5.30729; .NET CLR 3.0.30729; Media Center PC 6.0; InfoPath.3; .NET4.0C; .NET4.0E; Tablet PC 2.0; AskTbFXTV5/5.14.1.20007)" 21403
192.168.74.91 - - [17/Feb/2013:07:36:20 +0600] "GET /pause/ajaxPause?pauseConfigId=&admin=0 HTTP/1.1" 200 986 "http://callider/pause/index" "Mozilla/4.0 (compatible; MSIE 7.0; Windows NT 6.1; WOW64; Trident/5.0; SLCC2; .NET CLR 2.0.50727; .NET CLR 3.5.30729; .NET CLR 3.0.30729; Media Center PC 6.0; InfoPath.3; .NET4.0C; MS-RTC LM 8; .NET4.0E)" 80163
192.168.74.151 - - [17/Feb/2013:07:36:20 +0600] "GET /pause/ajaxPause?pauseConfigId=&admin=0 HTTP/1.1" 200 987 "http://callider.kontur/pause/index" "Mozilla/5.0 (Windows NT 6.1; WOW64; rv:18.0) Gecko/20100101 Firefox/18.0" 20141
192.168.12.210 - - [17/Feb/2013:07:36:20 +0600] "GET /pause/ajaxPause?pauseConfigId=all&admin=1 HTTP/1.1" 200 1047 "http://callider/pause/index" "Mozilla/4.0 (compatible; MSIE 7.0; Windows NT 6.1; WOW64; Trident/5.0; SLCC2; .NET CLR 2.0.50727; .NET CLR 3.5.30729; .NET CLR 3.0.30729; Media Center PC 6.0; InfoPath.3; .NET4.0C; .NET4.0E)" 19207
192.168.12.38 - - [17/Feb/2013:07:36:21 +0600] "GET /pause/ajaxPause?pauseConfigId=&admin=0 HTTP/1.1" 200 1040 "http://callider/pause/index" "Mozilla/4.0 (compatible; MSIE 7.0; Windows NT 6.1; WOW64; Trident/5.0; SLCC2; .NET CLR 2.0.50727; .NET CLR 3.5.30729; .NET CLR 3.0.30729; Media Center PC 6.0; InfoPath.3; .NET4.0C; .NET4.0E)" 16123
192.168.12.77 - - [17/Feb/2013:07:36:21 +0600] "GET /pause/ajaxPause?pauseConfigId=&admin=0 HTTP/1.1" 200 1039 "http://callider/pause/index" "Mozilla/4.0 (compatible; MSIE 7.0; Windows NT 6.1; Trident/5.0; SLCC2; .NET CLR 2.0.50727; .NET CLR 3.5.30729; .NET CLR 3.0.30729; Media Center PC 6.0; Tablet PC 2.0; InfoPath.3; .NET4.0C; .NET4.0E; MS-RTC LM 8)" 13707
192.168.12.61 - - [17/Feb/2013:07:36:21 +0600] "GET /pause/ajaxPause?pauseConfigId=&admin=0 HTTP/1.1" 200 985 "http://callider/pause/index" "Mozilla/4.0 (compatible; MSIE 7.0; Windows NT 6.1; Trident/5.0; SLCC2; .NET CLR 2.0.50727; .NET CLR 3.5.30729; .NET CLR 3.0.30729; Media Center PC 6.0; InfoPath.3; .NET4.0C; .NET4.0E)" 18756
192.168.65.56 - - [17/Feb/2013:07:36:21 +0600] "GET /pause/ajaxPause?pauseConfigId=all&admin=1 HTTP/1.1" 200 1046 "http://192.168.65.101/pause/index" "Mozilla/5.0 (Windows NT 5.1; rv:15.0) Gecko/20100101 Firefox/15.0" 27554
192.168.12.60 - - [17/Feb/2013:07:36:23 +0600] "GET /pause/ajaxPause?pauseConfigId=&admin=0 HTTP/1.1" 200 986 "http://callider/pause/index" "Mozilla/4.0 (compatible; MSIE 8.0; Windows NT 6.1; Trident/4.0; InfoPath.3; .NET4.0C; MS-RTC LM 8; .NET4.0E)" 19686
192.168.12.204 - - [17/Feb/2013:07:36:23 +0600] "GET /pause/ajaxPause?pauseConfigId=&admin=0 HTTP/1.1" 200 986 "http://callider/pause/index" "Mozilla/4.0 (compatible; MSIE 7.0; Windows NT 6.1; WOW64; Trident/4.0; SLCC2; .NET CLR 2.0.50727; .NET CLR 3.5.30729; .NET CLR 3.0.30729; Media Center PC 6.0; InfoPath.3; .NET4.0C; .NET4.0E; .NET CLR 1.1.4322)" 19960
192.168.74.78 - - [17/Feb/2013:07:36:24 +0600] "GET /pause/ajaxPause?pauseConfigId=&admin=0 HTTP/1.1" 200 986 "http://callider/pause/index" "Mozilla/4.0 (compatible; MSIE 7.0; Windows NT 6.1; WOW64; Trident/5.0; SLCC2; .NET CLR 2.0.50727; .NET CLR 3.5.30729; .NET CLR 3.0.30729; Media Center PC 6.0; InfoPath.3; .NET4.0C; MS-RTC LM 8; .NET4.0E)" 18469
192.168.74.139 - - [17/Feb/2013:07:36:24 +0600] "GET /css/main.css HTTP/1.1" 304 212 "http://callider/site/login" "Mozilla/4.0 (compatible; MSIE 7.0; Windows NT 6.1; WOW64; Trident/5.0; SLCC2; .NET CLR 2.0.50727; .NET CLR 3.5.30729; .NET CLR 3.0.30729; Media Center PC 6.0; InfoPath.3; .NET4.0C; .NET4.0E)" 1579
192.168.12.69 - - [17/Feb/2013:07:36:25 +0600] "GET /pause/ajaxPause?pauseConfigId=&admin=0 HTTP/1.1" 200 986 "http://callider/pause/index" "Mozilla/4.0 (compatible; MSIE 7.0; Windows NT 6.1; Trident/5.0; SLCC2; .NET CLR 2.0.50727; .NET CLR 3.5.30729; .NET CLR 3.0.30729; Media Center PC 6.0; InfoPath.3; .NET4.0C; .NET4.0E; Tablet PC 2.0; AskTbFXTV5/5.14.1.20007)" 114723
192.168.74.91 - - [17/Feb/2013:07:36:25 +0600] "GET /pause/ajaxPause?pauseConfigId=&admin=0 HTTP/1.1" 200 986 "http://callider/pause/index" "Mozilla/4.0 (compatible; MSIE 7.0; Windows NT 6.1; WOW64; Trident/5.0; SLCC2; .NET CLR 2.0.50727; .NET CLR 3.5.30729; .NET CLR 3.0.30729; Media Center PC 6.0; InfoPath.3; .NET4.0C; MS-RTC LM 8; .NET4.0E)" 18920
192.168.74.151 - - [17/Feb/2013:07:36:25 +0600] "GET /pause/ajaxPause?pauseConfigId=&admin=0 HTTP/1.1" 200 987 "http://callider.kontur/pause/index" "Mozilla/5.0 (Windows NT 6.1; WOW64; rv:18.0) Gecko/20100101 Firefox/18.0" 18840
192.168.12.210 - - [17/Feb/2013:07:36:25 +0600] "GET /pause/ajaxPause?pauseConfigId=all&admin=1 HTTP/1.1" 200 1047 "http://callider/pause/index" "Mozilla/4.0 (compatible; MSIE 7.0; Windows NT 6.1; WOW64; Trident/5.0; SLCC2; .NET CLR 2.0.50727; .NET CLR 3.5.30729; .NET CLR 3.0.30729; Media Center PC 6.0; InfoPath.3; .NET4.0C; .NET4.0E)" 17760
192.168.74.139 - - [17/Feb/2013:07:36:25 +0600] "GET /js/extensions/scrollTo.js HTTP/1.1" 304 210 "http://callider/site/login" "Mozilla/4.0 (compatible; MSIE 7.0; Windows NT 6.1; WOW64; Trident/5.0; SLCC2; .NET CLR 2.0.50727; .NET CLR 3.5.30729; .NET CLR 3.0.30729; Media Center PC 6.0; InfoPath.3; .NET4.0C; .NET4.0E)" 595
192.168.74.139 - - [17/Feb/2013:07:36:25 +0600] "GET /assets/2e997c9/jqueryslidemenu.js HTTP/1.1" 304 211 "http://callider/site/login" "Mozilla/4.0 (compatible; MSIE 7.0; Windows NT 6.1; WOW64; Trident/5.0; SLCC2; .NET CLR 2.0.50727; .NET CLR 3.5.30729; .NET CLR 3.0.30729; Media Center PC 6.0; InfoPath.3; .NET4.0C; .NET4.0E)" 549
192.168.12.38 - - [17/Feb/2013:07:36:26 +0600] "GET /pause/ajaxPause?pauseConfigId=&admin=0 HTTP/1.1" 200 1040 "http://callider/pause/index" "Mozilla/4.0 (compatible; MSIE 7.0; Windows NT 6.1; WOW64; Trident/5.0; SLCC2; .NET CLR 2.0.50727; .NET CLR 3.5.30729; .NET CLR 3.0.30729; Media Center PC 6.0; InfoPath.3; .NET4.0C; .NET4.0E)" 14897
192.168.12.77 - - [17/Feb/2013:07:36:26 +0600] "GET /pause/ajaxPause?pauseConfigId=&admin=0 HTTP/1.1" 200 1039 "http://callider/pause/index" "Mozilla/4.0 (compatible; MSIE 7.0; Windows NT 6.1; Trident/5.0; SLCC2; .NET CLR 2.0.50727; .NET CLR 3.5.30729; .NET CLR 3.0.30729; Media Center PC 6.0; Tablet PC 2.0; InfoPath.3; .NET4.0C; .NET4.0E; MS-RTC LM 8)" 14643
192.168.12.61 - - [17/Feb/2013:07:36:26 +0600] "GET /pause/ajaxPause?pauseConfigId=&admin=0 HTTP/1.1" 200 985 "http://callider/pause/index" "Mozilla/4.0 (compatible; MSIE 7.0; Windows NT 6.1; Trident/5.0; SLCC2; .NET CLR 2.0.50727; .NET CLR 3.5.30729; .NET CLR 3.0.30729; Media Center PC 6.0; InfoPath.3; .NET4.0C; .NET4.0E)" 26874
192.168.65.56 - - [17/Feb/2013:07:36:26 +0600] "GET /pause/ajaxPause?pauseConfigId=all&admin=1 HTTP/1.1" 200 1046 "http://192.168.65.101/pause/index" "Mozilla/5.0 (Windows NT 5.1; rv:15.0) Gecko/20100101 Firefox/15.0" 29598
192.168.12.60 - - [17/Feb/2013:07:36:28 +0600] "GET /pause/ajaxPause?pauseConfigId=&admin=0 HTTP/1.1" 200 986 "http://callider/pause/index" "Mozilla/4.0 (compatible; MSIE 8.0; Windows NT 6.1; Trident/4.0; InfoPath.3; .NET4.0C; MS-RTC LM 8; .NET4.0E)" 22089
192.168.12.204 - - [17/Feb/2013:07:36:28 +0600] "GET /pause/ajaxPause?pauseConfigId=&admin=0 HTTP/1.1" 200 986 "http://callider/pause/index" "Mozilla/4.0 (compatible; MSIE 7.0; Windows NT 6.1; WOW64; Trident/4.0; SLCC2; .NET CLR 2.0.50727; .NET CLR 3.5.30729; .NET CLR 3.0.30729; Media Center PC 6.0; InfoPath.3; .NET4.0C; .NET4.0E; .NET CLR 1.1.4322)" 18129
192.168.74.78 - - [17/Feb/2013:07:36:29 +0600] "GET /pause/ajaxPause?pauseConfigId=&admin=0 HTTP/1.1" 200 986 "http://callider/pause/index" "Mozilla/4.0 (compatible; MSIE 7.0; Windows NT 6.1; WOW64; Trident/5.0; SLCC2; .NET CLR 2.0.50727; .NET CLR 3.5.30729; .NET CLR 3.0.30729; Media Center PC 6.0; InfoPath.3; .NET4.0C; MS-RTC LM 8; .NET4.0E)" 21379
192.168.12.69 - - [17/Feb/2013:07:36:30 +0600] "GET /pause/ajaxPause?pauseConfigId=&admin=0 HTTP/1.1" 200 986 "http://callider/pause/index" "Mozilla/4.0 (compatible; MSIE 7.0; Windows NT 6.1; Trident/5.0; SLCC2; .NET CLR 2.0.50727; .NET CLR 3.5.30729; .NET CLR 3.0.30729; Media Center PC 6.0; InfoPath.3; .NET4.0C; .NET4.0E; Tablet PC 2.0; AskTbFXTV5/5.14.1.20007)" 18770
192.168.74.91 - - [17/Feb/2013:07:36:30 +0600] "GET /pause/ajaxPause?pauseConfigId=&admin=0 HTTP/1.1" 200 986 "http://callider/pause/index" "Mozilla/4.0 (compatible; MSIE 7.0; Windows NT 6.1; WOW64; Trident/5.0; SLCC2; .NET CLR 2.0.50727; .NET CLR 3.5.30729; .NET CLR 3.0.30729; Media Center PC 6.0; InfoPath.3; .NET4.0C; MS-RTC LM 8; .NET4.0E)" 21599
192.168.74.151 - - [17/Feb/2013:07:36:30 +0600] "GET /pause/ajaxPause?pauseConfigId=&admin=0 HTTP/1.1" 200 987 "http://callider.kontur/pause/index" "Mozilla/5.0 (Windows NT 6.1; WOW64; rv:18.0) Gecko/20100101 Firefox/18.0" 21055
192.168.12.210 - - [17/Feb/2013:07:36:30 +0600] "GET /pause/ajaxPause?pauseConfigId=all&admin=1 HTTP/1.1" 200 1047 "http://callider/pause/index" "Mozilla/4.0 (compatible; MSIE 7.0; Windows NT 6.1; WOW64; Trident/5.0; SLCC2; .NET CLR 2.0.50727; .NET CLR 3.5.30729; .NET CLR 3.0.30729; Media Center PC 6.0; InfoPath.3; .NET4.0C; .NET4.0E)" 18537
192.168.12.38 - - [17/Feb/2013:07:36:31 +0600] "GET /pause/ajaxPause?pauseConfigId=&admin=0 HTTP/1.1" 200 1040 "http://callider/pause/index" "Mozilla/4.0 (compatible; MSIE 7.0; Windows NT 6.1; WOW64; Trident/5.0; SLCC2; .NET CLR 2.0.50727; .NET CLR 3.5.30729; .NET CLR 3.0.30729; Media Center PC 6.0; InfoPath.3; .NET4.0C; .NET4.0E)" 17257
192.168.12.77 - - [17/Feb/2013:07:36:31 +0600] "GET /pause/ajaxPause?pauseConfigId=&admin=0 HTTP/1.1" 200 1039 "http://callider/pause/index" "Mozilla/4.0 (compatible; MSIE 7.0; Windows NT 6.1; Trident/5.0; SLCC2; .NET CLR 2.0.50727; .NET CLR 3.5.30729; .NET CLR 3.0.30729; Media Center PC 6.0; Tablet PC 2.0; InfoPath.3; .NET4.0C; .NET4.0E; MS-RTC LM 8)" 13960
192.168.12.61 - - [17/Feb/2013:07:36:31 +0600] "GET /pause/ajaxPause?pauseConfigId=&admin=0 HTTP/1.1" 200 985 "http://callider/pause/index" "Mozilla/4.0 (compatible; MSIE 7.0; Windows NT 6.1; Trident/5.0; SLCC2; .NET CLR 2.0.50727; .NET CLR 3.5.30729; .NET CLR 3.0.30729; Media Center PC 6.0; InfoPath.3; .NET4.0C; .NET4.0E)" 27247
192.168.65.56 - - [17/Feb/2013:07:36:31 +0600] "GET /pause/ajaxPause?pauseConfigId=all&admin=1 HTTP/1.1" 200 1046 "http://192.168.65.101/pause/index" "Mozilla/5.0 (Windows NT 5.1; rv:15.0) Gecko/20100101 Firefox/15.0" 29221
192.168.12.60 - - [17/Feb/2013:07:36:33 +0600] "GET /pause/ajaxPause?pauseConfigId=&admin=0 HTTP/1.1" 200 986 "http://callider/pause/index" "Mozilla/4.0 (compatible; MSIE 8.0; Windows NT 6.1; Trident/4.0; InfoPath.3; .NET4.0C; MS-RTC LM 8; .NET4.0E)" 18974
192.168.12.204 - - [17/Feb/2013:07:36:33 +0600] "GET /pause/ajaxPause?pauseConfigId=&admin=0 HTTP/1.1" 200 986 "http://callider/pause/index" "Mozilla/4.0 (compatible; MSIE 7.0; Windows NT 6.1; WOW64; Trident/4.0; SLCC2; .NET CLR 2.0.50727; .NET CLR 3.5.30729; .NET CLR 3.0.30729; Media Center PC 6.0; InfoPath.3; .NET4.0C; .NET4.0E; .NET CLR 1.1.4322)" 18618
192.168.74.78 - - [17/Feb/2013:07:36:34 +0600] "GET /pause/ajaxPause?pauseConfigId=&admin=0 HTTP/1.1" 200 986 "http://callider/pause/index" "Mozilla/4.0 (compatible; MSIE 7.0; Windows NT 6.1; WOW64; Trident/5.0; SLCC2; .NET CLR 2.0.50727; .NET CLR 3.5.30729; .NET CLR 3.0.30729; Media Center PC 6.0; InfoPath.3; .NET4.0C; MS-RTC LM 8; .NET4.0E)" 18008
192.168.12.67 - - [17/Feb/2013:07:36:34 +0600] "GET /tv/useUser HTTP/1.1" 200 432 "http://callider/graph/personal" "Mozilla/4.0 (compatible; MSIE 7.0; Windows NT 6.1; Trident/5.0; SLCC2; .NET CLR 2.0.50727; .NET CLR 3.5.30729; .NET CLR 3.0.30729; Media Center PC 6.0; .NET4.0C; .NET4.0E; InfoPath.3; Tablet PC 2.0; MS-RTC LM 8)" 18294
192.168.12.69 - - [17/Feb/2013:07:36:35 +0600] "GET /pause/ajaxPause?pauseConfigId=&admin=0 HTTP/1.1" 200 986 "http://callider/pause/index" "Mozilla/4.0 (compatible; MSIE 7.0; Windows NT 6.1; Trident/5.0; SLCC2; .NET CLR 2.0.50727; .NET CLR 3.5.30729; .NET CLR 3.0.30729; Media Center PC 6.0; InfoPath.3; .NET4.0C; .NET4.0E; Tablet PC 2.0; AskTbFXTV5/5.14.1.20007)" 23688
192.168.74.91 - - [17/Feb/2013:07:36:35 +0600] "GET /pause/ajaxPause?pauseConfigId=&admin=0 HTTP/1.1" 200 986 "http://callider/pause/index" "Mozilla/4.0 (compatible; MSIE 7.0; Windows NT 6.1; WOW64; Trident/5.0; SLCC2; .NET CLR 2.0.50727; .NET CLR 3.5.30729; .NET CLR 3.0.30729; Media Center PC 6.0; InfoPath.3; .NET4.0C; MS-RTC LM 8; .NET4.0E)" 18960
192.168.74.151 - - [17/Feb/2013:07:36:35 +0600] "GET /pause/ajaxPause?pauseConfigId=&admin=0 HTTP/1.1" 200 987 "http://callider.kontur/pause/index" "Mozilla/5.0 (Windows NT 6.1; WOW64; rv:18.0) Gecko/20100101 Firefox/18.0" 20477
192.168.12.210 - - [17/Feb/2013:07:36:35 +0600] "GET /pause/ajaxPause?pauseConfigId=all&admin=1 HTTP/1.1" 200 1047 "http://callider/pause/index" "Mozilla/4.0 (compatible; MSIE 7.0; Windows NT 6.1; WOW64; Trident/5.0; SLCC2; .NET CLR 2.0.50727; .NET CLR 3.5.30729; .NET CLR 3.0.30729; Media Center PC 6.0; InfoPath.3; .NET4.0C; .NET4.0E)" 18389
192.168.12.38 - - [17/Feb/2013:07:36:36 +0600] "GET /pause/ajaxPause?pauseConfigId=&admin=0 HTTP/1.1" 200 1040 "http://callider/pause/index" "Mozilla/4.0 (compatible; MSIE 7.0; Windows NT 6.1; WOW64; Trident/5.0; SLCC2; .NET CLR 2.0.50727; .NET CLR 3.5.30729; .NET CLR 3.0.30729; Media Center PC 6.0; InfoPath.3; .NET4.0C; .NET4.0E)" 17317
192.168.12.77 - - [17/Feb/2013:07:36:36 +0600] "GET /pause/ajaxPause?pauseConfigId=&admin=0 HTTP/1.1" 200 1039 "http://callider/pause/index" "Mozilla/4.0 (compatible; MSIE 7.0; Windows NT 6.1; Trident/5.0; SLCC2; .NET CLR 2.0.50727; .NET CLR 3.5.30729; .NET CLR 3.0.30729; Media Center PC 6.0; Tablet PC 2.0; InfoPath.3; .NET4.0C; .NET4.0E; MS-RTC LM 8)" 14839
192.168.12.61 - - [17/Feb/2013:07:36:36 +0600] "GET /pause/ajaxPause?pauseConfigId=&admin=0 HTTP/1.1" 200 985 "http://callider/pause/index" "Mozilla/4.0 (compatible; MSIE 7.0; Windows NT 6.1; Trident/5.0; SLCC2; .NET CLR 2.0.50727; .NET CLR 3.5.30729; .NET CLR 3.0.30729; Media Center PC 6.0; InfoPath.3; .NET4.0C; .NET4.0E)" 18590
192.168.65.56 - - [17/Feb/2013:07:36:36 +0600] "GET /pause/ajaxPause?pauseConfigId=all&admin=1 HTTP/1.1" 200 1046 "http://192.168.65.101/pause/index" "Mozilla/5.0 (Windows NT 5.1; rv:15.0) Gecko/20100101 Firefox/15.0" 27513
192.168.74.139 - - [17/Feb/2013:07:36:37 +0600] "GET /tv/useUser HTTP/1.1" 302 472 "http://callider/site/login" "Mozilla/4.0 (compatible; MSIE 7.0; Windows NT 6.1; WOW64; Trident/5.0; SLCC2; .NET CLR 2.0.50727; .NET CLR 3.5.30729; .NET CLR 3.0.30729; Media Center PC 6.0; InfoPath.3; .NET4.0C; .NET4.0E)" 12743
192.168.74.139 - - [17/Feb/2013:07:36:37 +0600] "GET /site/login HTTP/1.1" 200 2771 "http://callider/site/login" "Mozilla/4.0 (compatible; MSIE 7.0; Windows NT 6.1; WOW64; Trident/5.0; SLCC2; .NET CLR 2.0.50727; .NET CLR 3.5.30729; .NET CLR 3.0.30729; Media Center PC 6.0; InfoPath.3; .NET4.0C; .NET4.0E)" 14840
192.168.74.93 - - [17/Feb/2013:07:36:38 +0600] "GET /tv/useUser HTTP/1.1" 200 432 "http://callider/graph/personal" "Mozilla/4.0 (compatible; MSIE 7.0; Windows NT 6.1; WOW64; Trident/5.0; SLCC2; .NET CLR 2.0.50727; .NET CLR 3.5.30729; .NET CLR 3.0.30729; Media Center PC 6.0; InfoPath.3; .NET4.0C; .NET4.0E)" 15646
192.168.12.60 - - [17/Feb/2013:07:36:38 +0600] "GET /pause/ajaxPause?pauseConfigId=&admin=0 HTTP/1.1" 200 986 "http://callider/pause/index" "Mozilla/4.0 (compatible; MSIE 8.0; Windows NT 6.1; Trident/4.0; InfoPath.3; .NET4.0C; MS-RTC LM 8; .NET4.0E)" 20177
192.168.12.204 - - [17/Feb/2013:07:36:38 +0600] "GET /pause/ajaxPause?pauseConfigId=&admin=0 HTTP/1.1" 200 986 "http://callider/pause/index" "Mozilla/4.0 (compatible; MSIE 7.0; Windows NT 6.1; WOW64; Trident/4.0; SLCC2; .NET CLR 2.0.50727; .NET CLR 3.5.30729; .NET CLR 3.0.30729; Media Center PC 6.0; InfoPath.3; .NET4.0C; .NET4.0E; .NET CLR 1.1.4322)" 19119
192.168.74.78 - - [17/Feb/2013:07:36:39 +0600] "GET /pause/ajaxPause?pauseConfigId=&admin=0 HTTP/1.1" 200 986 "http://callider/pause/index" "Mozilla/4.0 (compatible; MSIE 7.0; Windows NT 6.1; WOW64; Trident/5.0; SLCC2; .NET CLR 2.0.50727; .NET CLR 3.5.30729; .NET CLR 3.0.30729; Media Center PC 6.0; InfoPath.3; .NET4.0C; MS-RTC LM 8; .NET4.0E)" 18060
192.168.12.210 - - [17/Feb/2013:07:36:39 +0600] "GET /tv/useUser HTTP/1.1" 200 431 "http://callider/graph/general" "Mozilla/4.0 (compatible; MSIE 7.0; Windows NT 6.1; WOW64; Trident/5.0; SLCC2; .NET CLR 2.0.50727; .NET CLR 3.5.30729; .NET CLR 3.0.30729; Media Center PC 6.0; InfoPath.3; .NET4.0C; .NET4.0E)" 10605
192.168.12.69 - - [17/Feb/2013:07:36:40 +0600] "GET /pause/ajaxPause?pauseConfigId=&admin=0 HTTP/1.1" 200 986 "http://callider/pause/index" "Mozilla/4.0 (compatible; MSIE 7.0; Windows NT 6.1; Trident/5.0; SLCC2; .NET CLR 2.0.50727; .NET CLR 3.5.30729; .NET CLR 3.0.30729; Media Center PC 6.0; InfoPath.3; .NET4.0C; .NET4.0E; Tablet PC 2.0; AskTbFXTV5/5.14.1.20007)" 21723
192.168.74.91 - - [17/Feb/2013:07:36:40 +0600] "GET /pause/ajaxPause?pauseConfigId=&admin=0 HTTP/1.1" 200 986 "http://callider/pause/index" "Mozilla/4.0 (compatible; MSIE 7.0; Windows NT 6.1; WOW64; Trident/5.0; SLCC2; .NET CLR 2.0.50727; .NET CLR 3.5.30729; .NET CLR 3.0.30729; Media Center PC 6.0; InfoPath.3; .NET4.0C; MS-RTC LM 8; .NET4.0E)" 21775
192.168.74.151 - - [17/Feb/2013:07:36:40 +0600] "GET /pause/ajaxPause?pauseConfigId=&admin=0 HTTP/1.1" 200 987 "http://callider.kontur/pause/index" "Mozilla/5.0 (Windows NT 6.1; WOW64; rv:18.0) Gecko/20100101 Firefox/18.0" 23655
192.168.12.210 - - [17/Feb/2013:07:36:40 +0600] "GET /pause/ajaxPause?pauseConfigId=all&admin=1 HTTP/1.1" 200 1047 "http://callider/pause/index" "Mozilla/4.0 (compatible; MSIE 7.0; Windows NT 6.1; WOW64; Trident/5.0; SLCC2; .NET CLR 2.0.50727; .NET CLR 3.5.30729; .NET CLR 3.0.30729; Media Center PC 6.0; InfoPath.3; .NET4.0C; .NET4.0E)" 18970
192.168.12.9 - - [17/Feb/2013:07:36:40 +0600] "GET /tv/useUser HTTP/1.1" 200 432 "http://callider.kontur/site/index" "Mozilla/5.0 (Windows NT 6.1; WOW64) AppleWebKit/537.17 (KHTML, like Gecko) Chrome/24.0.1312.57 Safari/537.17" 15318
192.168.12.38 - - [17/Feb/2013:07:36:41 +0600] "GET /pause/ajaxPause?pauseConfigId=&admin=0 HTTP/1.1" 200 1040 "http://callider/pause/index" "Mozilla/4.0 (compatible; MSIE 7.0; Windows NT 6.1; WOW64; Trident/5.0; SLCC2; .NET CLR 2.0.50727; .NET CLR 3.5.30729; .NET CLR 3.0.30729; Media Center PC 6.0; InfoPath.3; .NET4.0C; .NET4.0E)" 17210
192.168.12.77 - - [17/Feb/2013:07:36:41 +0600] "GET /pause/ajaxPause?pauseConfigId=&admin=0 HTTP/1.1" 200 1039 "http://callider/pause/index" "Mozilla/4.0 (compatible; MSIE 7.0; Windows NT 6.1; Trident/5.0; SLCC2; .NET CLR 2.0.50727; .NET CLR 3.5.30729; .NET CLR 3.0.30729; Media Center PC 6.0; Tablet PC 2.0; InfoPath.3; .NET4.0C; .NET4.0E; MS-RTC LM 8)" 14128
192.168.12.61 - - [17/Feb/2013:07:36:41 +0600] "GET /pause/ajaxPause?pauseConfigId=&admin=0 HTTP/1.1" 200 986 "http://callider/pause/index" "Mozilla/4.0 (compatible; MSIE 7.0; Windows NT 6.1; Trident/5.0; SLCC2; .NET CLR 2.0.50727; .NET CLR 3.5.30729; .NET CLR 3.0.30729; Media Center PC 6.0; InfoPath.3; .NET4.0C; .NET4.0E)" 27862
192.168.65.56 - - [17/Feb/2013:07:36:41 +0600] "GET /pause/ajaxPause?pauseConfigId=all&admin=1 HTTP/1.1" 200 1046 "http://192.168.65.101/pause/index" "Mozilla/5.0 (Windows NT 5.1; rv:15.0) Gecko/20100101 Firefox/15.0" 30044
192.168.12.60 - - [17/Feb/2013:07:36:43 +0600] "GET /pause/ajaxPause?pauseConfigId=&admin=0 HTTP/1.1" 200 986 "http://callider/pause/index" "Mozilla/4.0 (compatible; MSIE 8.0; Windows NT 6.1; Trident/4.0; InfoPath.3; .NET4.0C; MS-RTC LM 8; .NET4.0E)" 19728
192.168.12.204 - - [17/Feb/2013:07:36:43 +0600] "GET /pause/ajaxPause?pauseConfigId=&admin=0 HTTP/1.1" 200 986 "http://callider/pause/index" "Mozilla/4.0 (compatible; MSIE 7.0; Windows NT 6.1; WOW64; Trident/4.0; SLCC2; .NET CLR 2.0.50727; .NET CLR 3.5.30729; .NET CLR 3.0.30729; Media Center PC 6.0; InfoPath.3; .NET4.0C; .NET4.0E; .NET CLR 1.1.4322)" 18442
192.168.74.78 - - [17/Feb/2013:07:36:44 +0600] "GET /pause/ajaxPause?pauseConfigId=&admin=0 HTTP/1.1" 200 986 "http://callider/pause/index" "Mozilla/4.0 (compatible; MSIE 7.0; Windows NT 6.1; WOW64; Trident/5.0; SLCC2; .NET CLR 2.0.50727; .NET CLR 3.5.30729; .NET CLR 3.0.30729; Media Center PC 6.0; InfoPath.3; .NET4.0C; MS-RTC LM 8; .NET4.0E)" 18380
192.168.12.69 - - [17/Feb/2013:07:36:45 +0600] "GET /pause/ajaxPause?pauseConfigId=&admin=0 HTTP/1.1" 200 986 "http://callider/pause/index" "Mozilla/4.0 (compatible; MSIE 7.0; Windows NT 6.1; Trident/5.0; SLCC2; .NET CLR 2.0.50727; .NET CLR 3.5.30729; .NET CLR 3.0.30729; Media Center PC 6.0; InfoPath.3; .NET4.0C; .NET4.0E; Tablet PC 2.0; AskTbFXTV5/5.14.1.20007)" 20536
192.168.74.91 - - [17/Feb/2013:07:36:45 +0600] "GET /pause/ajaxPause?pauseConfigId=&admin=0 HTTP/1.1" 200 986 "http://callider/pause/index" "Mozilla/4.0 (compatible; MSIE 7.0; Windows NT 6.1; WOW64; Trident/5.0; SLCC2; .NET CLR 2.0.50727; .NET CLR 3.5.30729; .NET CLR 3.0.30729; Media Center PC 6.0; InfoPath.3; .NET4.0C; MS-RTC LM 8; .NET4.0E)" 23578
192.168.74.151 - - [17/Feb/2013:07:36:45 +0600] "GET /pause/ajaxPause?pauseConfigId=&admin=0 HTTP/1.1" 200 987 "http://callider.kontur/pause/index" "Mozilla/5.0 (Windows NT 6.1; WOW64; rv:18.0) Gecko/20100101 Firefox/18.0" 19789
192.168.12.210 - - [17/Feb/2013:07:36:45 +0600] "GET /pause/ajaxPause?pauseConfigId=all&admin=1 HTTP/1.1" 200 1047 "http://callider/pause/index" "Mozilla/4.0 (compatible; MSIE 7.0; Windows NT 6.1; WOW64; Trident/5.0; SLCC2; .NET CLR 2.0.50727; .NET CLR 3.5.30729; .NET CLR 3.0.30729; Media Center PC 6.0; InfoPath.3; .NET4.0C; .NET4.0E)" 18421
192.168.12.38 - - [17/Feb/2013:07:36:46 +0600] "GET /pause/ajaxPause?pauseConfigId=&admin=0 HTTP/1.1" 200 1040 "http://callider/pause/index" "Mozilla/4.0 (compatible; MSIE 7.0; Windows NT 6.1; WOW64; Trident/5.0; SLCC2; .NET CLR 2.0.50727; .NET CLR 3.5.30729; .NET CLR 3.0.30729; Media Center PC 6.0; InfoPath.3; .NET4.0C; .NET4.0E)" 16749
192.168.12.77 - - [17/Feb/2013:07:36:46 +0600] "GET /pause/ajaxPause?pauseConfigId=&admin=0 HTTP/1.1" 200 1039 "http://callider/pause/index" "Mozilla/4.0 (compatible; MSIE 7.0; Windows NT 6.1; Trident/5.0; SLCC2; .NET CLR 2.0.50727; .NET CLR 3.5.30729; .NET CLR 3.0.30729; Media Center PC 6.0; Tablet PC 2.0; InfoPath.3; .NET4.0C; .NET4.0E; MS-RTC LM 8)" 14668
192.168.12.61 - - [17/Feb/2013:07:36:46 +0600] "GET /pause/ajaxPause?pauseConfigId=&admin=0 HTTP/1.1" 200 985 "http://callider/pause/index" "Mozilla/4.0 (compatible; MSIE 7.0; Windows NT 6.1; Trident/5.0; SLCC2; .NET CLR 2.0.50727; .NET CLR 3.5.30729; .NET CLR 3.0.30729; Media Center PC 6.0; InfoPath.3; .NET4.0C; .NET4.0E)" 20138
192.168.65.56 - - [17/Feb/2013:07:36:46 +0600] "GET /pause/ajaxPause?pauseConfigId=all&admin=1 HTTP/1.1" 200 1046 "http://192.168.65.101/pause/index" "Mozilla/5.0 (Windows NT 5.1; rv:15.0) Gecko/20100101 Firefox/15.0" 27975
192.168.12.60 - - [17/Feb/2013:07:36:48 +0600] "GET /pause/ajaxPause?pauseConfigId=&admin=0 HTTP/1.1" 200 986 "http://callider/pause/index" "Mozilla/4.0 (compatible; MSIE 8.0; Windows NT 6.1; Trident/4.0; InfoPath.3; .NET4.0C; MS-RTC LM 8; .NET4.0E)" 21798
192.168.12.204 - - [17/Feb/2013:07:36:48 +0600] "GET /pause/ajaxPause?pauseConfigId=&admin=0 HTTP/1.1" 200 987 "http://callider/pause/index" "Mozilla/4.0 (compatible; MSIE 7.0; Windows NT 6.1; WOW64; Trident/4.0; SLCC2; .NET CLR 2.0.50727; .NET CLR 3.5.30729; .NET CLR 3.0.30729; Media Center PC 6.0; InfoPath.3; .NET4.0C; .NET4.0E; .NET CLR 1.1.4322)" 26177
192.168.12.210 - - [17/Feb/2013:07:36:49 +0600] "GET /tv/useUser HTTP/1.1" 200 431 "http://callider/pause/index" "Mozilla/4.0 (compatible; MSIE 7.0; Windows NT 6.1; WOW64; Trident/5.0; SLCC2; .NET CLR 2.0.50727; .NET CLR 3.5.30729; .NET CLR 3.0.30729; Media Center PC 6.0; InfoPath.3; .NET4.0C; .NET4.0E)" 13943
192.168.74.78 - - [17/Feb/2013:07:36:49 +0600] "GET /pause/ajaxPause?pauseConfigId=&admin=0 HTTP/1.1" 200 986 "http://callider/pause/index" "Mozilla/4.0 (compatible; MSIE 7.0; Windows NT 6.1; WOW64; Trident/5.0; SLCC2; .NET CLR 2.0.50727; .NET CLR 3.5.30729; .NET CLR 3.0.30729; Media Center PC 6.0; InfoPath.3; .NET4.0C; MS-RTC LM 8; .NET4.0E)" 21078
192.168.12.69 - - [17/Feb/2013:07:36:50 +0600] "GET /pause/ajaxPause?pauseConfigId=&admin=0 HTTP/1.1" 200 986 "http://callider/pause/index" "Mozilla/4.0 (compatible; MSIE 7.0; Windows NT 6.1; Trident/5.0; SLCC2; .NET CLR 2.0.50727; .NET CLR 3.5.30729; .NET CLR 3.0.30729; Media Center PC 6.0; InfoPath.3; .NET4.0C; .NET4.0E; Tablet PC 2.0; AskTbFXTV5/5.14.1.20007)" 17520
192.168.74.91 - - [17/Feb/2013:07:36:50 +0600] "GET /pause/ajaxPause?pauseConfigId=&admin=0 HTTP/1.1" 200 986 "http://callider/pause/index" "Mozilla/4.0 (compatible; MSIE 7.0; Windows NT 6.1; WOW64; Trident/5.0; SLCC2; .NET CLR 2.0.50727; .NET CLR 3.5.30729; .NET CLR 3.0.30729; Media Center PC 6.0; InfoPath.3; .NET4.0C; MS-RTC LM 8; .NET4.0E)" 17080
192.168.74.151 - - [17/Feb/2013:07:36:50 +0600] "GET /pause/ajaxPause?pauseConfigId=&admin=0 HTTP/1.1" 200 987 "http://callider.kontur/pause/index" "Mozilla/5.0 (Windows NT 6.1; WOW64; rv:18.0) Gecko/20100101 Firefox/18.0" 18553
192.168.12.210 - - [17/Feb/2013:07:36:50 +0600] "GET /pause/ajaxPause?pauseConfigId=all&admin=1 HTTP/1.1" 200 1047 "http://callider/pause/index" "Mozilla/4.0 (compatible; MSIE 7.0; Windows NT 6.1; WOW64; Trident/5.0; SLCC2; .NET CLR 2.0.50727; .NET CLR 3.5.30729; .NET CLR 3.0.30729; Media Center PC 6.0; InfoPath.3; .NET4.0C; .NET4.0E)" 19104
192.168.12.38 - - [17/Feb/2013:07:36:51 +0600] "GET /pause/ajaxPause?pauseConfigId=&admin=0 HTTP/1.1" 200 1040 "http://callider/pause/index" "Mozilla/4.0 (compatible; MSIE 7.0; Windows NT 6.1; WOW64; Trident/5.0; SLCC2; .NET CLR 2.0.50727; .NET CLR 3.5.30729; .NET CLR 3.0.30729; Media Center PC 6.0; InfoPath.3; .NET4.0C; .NET4.0E)" 23185
192.168.12.77 - - [17/Feb/2013:07:36:51 +0600] "GET /pause/ajaxPause?pauseConfigId=&admin=0 HTTP/1.1" 200 1039 "http://callider/pause/index" "Mozilla/4.0 (compatible; MSIE 7.0; Windows NT 6.1; Trident/5.0; SLCC2; .NET CLR 2.0.50727; .NET CLR 3.5.30729; .NET CLR 3.0.30729; Media Center PC 6.0; Tablet PC 2.0; InfoPath.3; .NET4.0C; .NET4.0E; MS-RTC LM 8)" 14516
192.168.12.61 - - [17/Feb/2013:07:36:51 +0600] "GET /pause/ajaxPause?pauseConfigId=&admin=0 HTTP/1.1" 200 985 "http://callider/pause/index" "Mozilla/4.0 (compatible; MSIE 7.0; Windows NT 6.1; Trident/5.0; SLCC2; .NET CLR 2.0.50727; .NET CLR 3.5.30729; .NET CLR 3.0.30729; Media Center PC 6.0; InfoPath.3; .NET4.0C; .NET4.0E)" 33503
192.168.65.56 - - [17/Feb/2013:07:36:51 +0600] "GET /pause/ajaxPause?pauseConfigId=all&admin=1 HTTP/1.1" 200 1046 "http://192.168.65.101/pause/index" "Mozilla/5.0 (Windows NT 5.1; rv:15.0) Gecko/20100101 Firefox/15.0" 30709
192.168.65.56 - - [17/Feb/2013:07:36:51 +0600] "GET /tv/useUser HTTP/1.1" 200 431 "http://192.168.65.101/pause/index" "Mozilla/5.0 (Windows NT 5.1; rv:15.0) Gecko/20100101 Firefox/15.0" 9112
192.168.12.60 - - [17/Feb/2013:07:36:53 +0600] "GET /pause/ajaxPause?pauseConfigId=&admin=0 HTTP/1.1" 200 986 "http://callider/pause/index" "Mozilla/4.0 (compatible; MSIE 8.0; Windows NT 6.1; Trident/4.0; InfoPath.3; .NET4.0C; MS-RTC LM 8; .NET4.0E)" 21858
192.168.12.204 - - [17/Feb/2013:07:36:53 +0600] "GET /pause/ajaxPause?pauseConfigId=&admin=0 HTTP/1.1" 200 986 "http://callider/pause/index" "Mozilla/4.0 (compatible; MSIE 7.0; Windows NT 6.1; WOW64; Trident/4.0; SLCC2; .NET CLR 2.0.50727; .NET CLR 3.5.30729; .NET CLR 3.0.30729; Media Center PC 6.0; InfoPath.3; .NET4.0C; .NET4.0E; .NET CLR 1.1.4322)" 20462
192.168.74.78 - - [17/Feb/2013:07:36:54 +0600] "GET /pause/ajaxPause?pauseConfigId=&admin=0 HTTP/1.1" 200 986 "http://callider/pause/index" "Mozilla/4.0 (compatible; MSIE 7.0; Windows NT 6.1; WOW64; Trident/5.0; SLCC2; .NET CLR 2.0.50727; .NET CLR 3.5.30729; .NET CLR 3.0.30729; Media Center PC 6.0; InfoPath.3; .NET4.0C; MS-RTC LM 8; .NET4.0E)" 19842
192.168.12.69 - - [17/Feb/2013:07:36:55 +0600] "GET /pause/ajaxPause?pauseConfigId=&admin=0 HTTP/1.1" 200 986 "http://callider/pause/index" "Mozilla/4.0 (compatible; MSIE 7.0; Windows NT 6.1; Trident/5.0; SLCC2; .NET CLR 2.0.50727; .NET CLR 3.5.30729; .NET CLR 3.0.30729; Media Center PC 6.0; InfoPath.3; .NET4.0C; .NET4.0E; Tablet PC 2.0; AskTbFXTV5/5.14.1.20007)" 21545
192.168.74.91 - - [17/Feb/2013:07:36:55 +0600] "GET /pause/ajaxPause?pauseConfigId=&admin=0 HTTP/1.1" 200 986 "http://callider/pause/index" "Mozilla/4.0 (compatible; MSIE 7.0; Windows NT 6.1; WOW64; Trident/5.0; SLCC2; .NET CLR 2.0.50727; .NET CLR 3.5.30729; .NET CLR 3.0.30729; Media Center PC 6.0; InfoPath.3; .NET4.0C; MS-RTC LM 8; .NET4.0E)" 20247
192.168.74.151 - - [17/Feb/2013:07:36:55 +0600] "GET /pause/ajaxPause?pauseConfigId=&admin=0 HTTP/1.1" 200 987 "http://callider.kontur/pause/index" "Mozilla/5.0 (Windows NT 6.1; WOW64; rv:18.0) Gecko/20100101 Firefox/18.0" 17913
192.168.12.210 - - [17/Feb/2013:07:36:55 +0600] "GET /pause/ajaxPause?pauseConfigId=all&admin=1 HTTP/1.1" 200 1047 "http://callider/pause/index" "Mozilla/4.0 (compatible; MSIE 7.0; Windows NT 6.1; WOW64; Trident/5.0; SLCC2; .NET CLR 2.0.50727; .NET CLR 3.5.30729; .NET CLR 3.0.30729; Media Center PC 6.0; InfoPath.3; .NET4.0C; .NET4.0E)" 18685
192.168.12.38 - - [17/Feb/2013:07:36:56 +0600] "GET /pause/ajaxPause?pauseConfigId=&admin=0 HTTP/1.1" 200 1040 "http://callider/pause/index" "Mozilla/4.0 (compatible; MSIE 7.0; Windows NT 6.1; WOW64; Trident/5.0; SLCC2; .NET CLR 2.0.50727; .NET CLR 3.5.30729; .NET CLR 3.0.30729; Media Center PC 6.0; InfoPath.3; .NET4.0C; .NET4.0E)" 15384
192.168.12.77 - - [17/Feb/2013:07:36:56 +0600] "GET /pause/ajaxPause?pauseConfigId=&admin=0 HTTP/1.1" 200 1039 "http://callider/pause/index" "Mozilla/4.0 (compatible; MSIE 7.0; Windows NT 6.1; Trident/5.0; SLCC2; .NET CLR 2.0.50727; .NET CLR 3.5.30729; .NET CLR 3.0.30729; Media Center PC 6.0; Tablet PC 2.0; InfoPath.3; .NET4.0C; .NET4.0E; MS-RTC LM 8)" 15917
192.168.65.56 - - [17/Feb/2013:07:36:56 +0600] "GET /pause/ajaxPause?pauseConfigId=all&admin=1 HTTP/1.1" 200 1046 "http://192.168.65.101/pause/index" "Mozilla/5.0 (Windows NT 5.1; rv:15.0) Gecko/20100101 Firefox/15.0" 30954
192.168.12.61 - - [17/Feb/2013:07:36:56 +0600] "GET /pause/ajaxPause?pauseConfigId=&admin=0 HTTP/1.1" 200 985 "http://callider/pause/index" "Mozilla/4.0 (compatible; MSIE 7.0; Windows NT 6.1; Trident/5.0; SLCC2; .NET CLR 2.0.50727; .NET CLR 3.5.30729; .NET CLR 3.0.30729; Media Center PC 6.0; InfoPath.3; .NET4.0C; .NET4.0E)" 21005
192.168.74.139 - - [17/Feb/2013:07:36:56 +0600] "POST /site/login HTTP/1.1" 302 520 "http://callider/site/login" "Mozilla/4.0 (compatible; MSIE 7.0; Windows NT 6.1; WOW64; Trident/5.0; SLCC2; .NET CLR 2.0.50727; .NET CLR 3.5.30729; .NET CLR 3.0.30729; Media Center PC 6.0; InfoPath.3; .NET4.0C; .NET4.0E)" 432759
192.168.74.139 - - [17/Feb/2013:07:36:57 +0600] "GET / HTTP/1.1" 200 4917 "http://callider/site/login" "Mozilla/4.0 (compatible; MSIE 7.0; Windows NT 6.1; WOW64; Trident/5.0; SLCC2; .NET CLR 2.0.50727; .NET CLR 3.5.30729; .NET CLR 3.0.30729; Media Center PC 6.0; InfoPath.3; .NET4.0C; .NET4.0E)" 214077
192.168.74.139 - - [17/Feb/2013:07:36:57 +0600] "GET /images//conf6.png HTTP/1.1" 304 187 "http://callider/" "Mozilla/4.0 (compatible; MSIE 7.0; Windows NT 6.1; WOW64; Trident/5.0; SLCC2; .NET CLR 2.0.50727; .NET CLR 3.5.30729; .NET CLR 3.0.30729; Media Center PC 6.0; InfoPath.3; .NET4.0C; .NET4.0E)" 700
192.168.12.60 - - [17/Feb/2013:07:36:58 +0600] "GET /pause/ajaxPause?pauseConfigId=&admin=0 HTTP/1.1" 200 986 "http://callider/pause/index" "Mozilla/4.0 (compatible; MSIE 8.0; Windows NT 6.1; Trident/4.0; InfoPath.3; .NET4.0C; MS-RTC LM 8; .NET4.0E)" 24183
192.168.74.139 - - [17/Feb/2013:07:36:58 +0600] "GET /tv/useUser HTTP/1.1" 200 431 "http://callider/" "Mozilla/4.0 (compatible; MSIE 7.0; Windows NT 6.1; WOW64; Trident/5.0; SLCC2; .NET CLR 2.0.50727; .NET CLR 3.5.30729; .NET CLR 3.0.30729; Media Center PC 6.0; InfoPath.3; .NET4.0C; .NET4.0E)" 10162
192.168.12.204 - - [17/Feb/2013:07:36:58 +0600] "GET /pause/ajaxPause?pauseConfigId=&admin=0 HTTP/1.1" 200 986 "http://callider/pause/index" "Mozilla/4.0 (compatible; MSIE 7.0; Windows NT 6.1; WOW64; Trident/4.0; SLCC2; .NET CLR 2.0.50727; .NET CLR 3.5.30729; .NET CLR 3.0.30729; Media Center PC 6.0; InfoPath.3; .NET4.0C; .NET4.0E; .NET CLR 1.1.4322)" 17889
192.168.74.78 - - [17/Feb/2013:07:36:59 +0600] "GET /pause/ajaxPause?pauseConfigId=&admin=0 HTTP/1.1" 200 986 "http://callider/pause/index" "Mozilla/4.0 (compatible; MSIE 7.0; Windows NT 6.1; WOW64; Trident/5.0; SLCC2; .NET CLR 2.0.50727; .NET CLR 3.5.30729; .NET CLR 3.0.30729; Media Center PC 6.0; InfoPath.3; .NET4.0C; MS-RTC LM 8; .NET4.0E)" 18578
192.168.12.69 - - [17/Feb/2013:07:37:00 +0600] "GET /pause/ajaxPause?pauseConfigId=&admin=0 HTTP/1.1" 200 986 "http://callider/pause/index" "Mozilla/4.0 (compatible; MSIE 7.0; Windows NT 6.1; Trident/5.0; SLCC2; .NET CLR 2.0.50727; .NET CLR 3.5.30729; .NET CLR 3.0.30729; Media Center PC 6.0; InfoPath.3; .NET4.0C; .NET4.0E; Tablet PC 2.0; AskTbFXTV5/5.14.1.20007)" 25977
192.168.74.91 - - [17/Feb/2013:07:37:00 +0600] "GET /pause/ajaxPause?pauseConfigId=&admin=0 HTTP/1.1" 200 986 "http://callider/pause/index" "Mozilla/4.0 (compatible; MSIE 7.0; Windows NT 6.1; WOW64; Trident/5.0; SLCC2; .NET CLR 2.0.50727; .NET CLR 3.5.30729; .NET CLR 3.0.30729; Media Center PC 6.0; InfoPath.3; .NET4.0C; MS-RTC LM 8; .NET4.0E)" 18808
192.168.74.151 - - [17/Feb/2013:07:37:00 +0600] "GET /pause/ajaxPause?pauseConfigId=&admin=0 HTTP/1.1" 200 987 "http://callider.kontur/pause/index" "Mozilla/5.0 (Windows NT 6.1; WOW64; rv:18.0) Gecko/20100101 Firefox/18.0" 18978
192.168.12.210 - - [17/Feb/2013:07:37:00 +0600] "GET /pause/ajaxPause?pauseConfigId=all&admin=1 HTTP/1.1" 200 1047 "http://callider/pause/index" "Mozilla/4.0 (compatible; MSIE 7.0; Windows NT 6.1; WOW64; Trident/5.0; SLCC2; .NET CLR 2.0.50727; .NET CLR 3.5.30729; .NET CLR 3.0.30729; Media Center PC 6.0; InfoPath.3; .NET4.0C; .NET4.0E)" 22124
192.168.64.119 - - [17/Feb/2013:07:37:00 +0600] "HEAD / HTTP/1.0" 302 435 "-" "WhatsUp/1.0" 14338
192.168.12.38 - - [17/Feb/2013:07:37:01 +0600] "GET /pause/ajaxPause?pauseConfigId=&admin=0 HTTP/1.1" 200 1040 "http://callider/pause/index" "Mozilla/4.0 (compatible; MSIE 7.0; Windows NT 6.1; WOW64; Trident/5.0; SLCC2; .NET CLR 2.0.50727; .NET CLR 3.5.30729; .NET CLR 3.0.30729; Media Center PC 6.0; InfoPath.3; .NET4.0C; .NET4.0E)" 16689
192.168.12.77 - - [17/Feb/2013:07:37:01 +0600] "GET /pause/ajaxPause?pauseConfigId=&admin=0 HTTP/1.1" 200 1039 "http://callider/pause/index" "Mozilla/4.0 (compatible; MSIE 7.0; Windows NT 6.1; Trident/5.0; SLCC2; .NET CLR 2.0.50727; .NET CLR 3.5.30729; .NET CLR 3.0.30729; Media Center PC 6.0; Tablet PC 2.0; InfoPath.3; .NET4.0C; .NET4.0E; MS-RTC LM 8)" 16390
192.168.65.56 - - [17/Feb/2013:07:37:01 +0600] "GET /pause/ajaxPause?pauseConfigId=all&admin=1 HTTP/1.1" 200 1046 "http://192.168.65.101/pause/index" "Mozilla/5.0 (Windows NT 5.1; rv:15.0) Gecko/20100101 Firefox/15.0" 31514
192.168.12.61 - - [17/Feb/2013:07:37:01 +0600] "GET /pause/ajaxPause?pauseConfigId=&admin=0 HTTP/1.1" 200 985 "http://callider/pause/index" "Mozilla/4.0 (compatible; MSIE 7.0; Windows NT 6.1; Trident/5.0; SLCC2; .NET CLR 2.0.50727; .NET CLR 3.5.30729; .NET CLR 3.0.30729; Media Center PC 6.0; InfoPath.3; .NET4.0C; .NET4.0E)" 18769
192.168.64.119 - - [17/Feb/2013:07:37:02 +0600] "GET / HTTP/1.1" 302 454 "-" "Mozilla/4.0 (compatible; MSIE 8.0; Windows NT 5.2; Trident/4.0)" 14420
192.168.64.119 - - [17/Feb/2013:07:37:02 +0600] "GET /site/login HTTP/1.1" 200 7421 "-" "Mozilla/4.0 (compatible; MSIE 8.0; Windows NT 5.2; Trident/4.0)" 25729
192.168.74.139 - - [17/Feb/2013:07:37:01 +0600] "GET /graph/personal HTTP/1.1" 200 8367 "http://callider/" "Mozilla/4.0 (compatible; MSIE 7.0; Windows NT 6.1; WOW64; Trident/5.0; SLCC2; .NET CLR 2.0.50727; .NET CLR 3.5.30729; .NET CLR 3.0.30729; Media Center PC 6.0; InfoPath.3; .NET4.0C; .NET4.0E)" 739460
192.168.12.60 - - [17/Feb/2013:07:37:03 +0600] "GET /pause/ajaxPause?pauseConfigId=&admin=0 HTTP/1.1" 200 986 "http://callider/pause/index" "Mozilla/4.0 (compatible; MSIE 8.0; Windows NT 6.1; Trident/4.0; InfoPath.3; .NET4.0C; MS-RTC LM 8; .NET4.0E)" 20755
192.168.74.139 - - [17/Feb/2013:07:37:03 +0600] "GET /tv/useUser HTTP/1.1" 200 431 "http://callider/graph/personal" "Mozilla/4.0 (compatible; MSIE 7.0; Windows NT 6.1; WOW64; Trident/5.0; SLCC2; .NET CLR 2.0.50727; .NET CLR 3.5.30729; .NET CLR 3.0.30729; Media Center PC 6.0; InfoPath.3; .NET4.0C; .NET4.0E)" 9456
192.168.12.204 - - [17/Feb/2013:07:37:03 +0600] "GET /pause/ajaxPause?pauseConfigId=&admin=0 HTTP/1.1" 200 986 "http://callider/pause/index" "Mozilla/4.0 (compatible; MSIE 7.0; Windows NT 6.1; WOW64; Trident/4.0; SLCC2; .NET CLR 2.0.50727; .NET CLR 3.5.30729; .NET CLR 3.0.30729; Media Center PC 6.0; InfoPath.3; .NET4.0C; .NET4.0E; .NET CLR 1.1.4322)" 21880
192.168.74.78 - - [17/Feb/2013:07:37:04 +0600] "GET /pause/ajaxPause?pauseConfigId=&admin=0 HTTP/1.1" 200 986 "http://callider/pause/index" "Mozilla/4.0 (compatible; MSIE 7.0; Windows NT 6.1; WOW64; Trident/5.0; SLCC2; .NET CLR 2.0.50727; .NET CLR 3.5.30729; .NET CLR 3.0.30729; Media Center PC 6.0; InfoPath.3; .NET4.0C; MS-RTC LM 8; .NET4.0E)" 83597
192.168.12.69 - - [17/Feb/2013:07:37:05 +0600] "GET /pause/ajaxPause?pauseConfigId=&admin=0 HTTP/1.1" 200 986 "http://callider/pause/index" "Mozilla/4.0 (compatible; MSIE 7.0; Windows NT 6.1; Trident/5.0; SLCC2; .NET CLR 2.0.50727; .NET CLR 3.5.30729; .NET CLR 3.0.30729; Media Center PC 6.0; InfoPath.3; .NET4.0C; .NET4.0E; Tablet PC 2.0; AskTbFXTV5/5.14.1.20007)" 27295
192.168.12.61 - - [17/Feb/2013:07:37:05 +0600] "GET /tv/useUser HTTP/1.1" 200 431 "http://callider/pause/index" "Mozilla/4.0 (compatible; MSIE 7.0; Windows NT 6.1; Trident/5.0; SLCC2; .NET CLR 2.0.50727; .NET CLR 3.5.30729; .NET CLR 3.0.30729; Media Center PC 6.0; InfoPath.3; .NET4.0C; .NET4.0E)" 12628
192.168.74.91 - - [17/Feb/2013:07:37:05 +0600] "GET /pause/ajaxPause?pauseConfigId=&admin=0 HTTP/1.1" 200 986 "http://callider/pause/index" "Mozilla/4.0 (compatible; MSIE 7.0; Windows NT 6.1; WOW64; Trident/5.0; SLCC2; .NET CLR 2.0.50727; .NET CLR 3.5.30729; .NET CLR 3.0.30729; Media Center PC 6.0; InfoPath.3; .NET4.0C; MS-RTC LM 8; .NET4.0E)" 36585
192.168.74.151 - - [17/Feb/2013:07:37:05 +0600] "GET /pause/ajaxPause?pauseConfigId=&admin=0 HTTP/1.1" 200 987 "http://callider.kontur/pause/index" "Mozilla/5.0 (Windows NT 6.1; WOW64; rv:18.0) Gecko/20100101 Firefox/18.0" 27674
192.168.12.210 - - [17/Feb/2013:07:37:05 +0600] "GET /pause/ajaxPause?pauseConfigId=all&admin=1 HTTP/1.1" 200 1047 "http://callider/pause/index" "Mozilla/4.0 (compatible; MSIE 7.0; Windows NT 6.1; WOW64; Trident/5.0; SLCC2; .NET CLR 2.0.50727; .NET CLR 3.5.30729; .NET CLR 3.0.30729; Media Center PC 6.0; InfoPath.3; .NET4.0C; .NET4.0E)" 22269
192.168.12.38 - - [17/Feb/2013:07:37:06 +0600] "GET /pause/ajaxPause?pauseConfigId=&admin=0 HTTP/1.1" 200 1040 "http://callider/pause/index" "Mozilla/4.0 (compatible; MSIE 7.0; Windows NT 6.1; WOW64; Trident/5.0; SLCC2; .NET CLR 2.0.50727; .NET CLR 3.5.30729; .NET CLR 3.0.30729; Media Center PC 6.0; InfoPath.3; .NET4.0C; .NET4.0E)" 16943
192.168.12.77 - - [17/Feb/2013:07:37:06 +0600] "GET /pause/ajaxPause?pauseConfigId=&admin=0 HTTP/1.1" 200 1039 "http://callider/pause/index" "Mozilla/4.0 (compatible; MSIE 7.0; Windows NT 6.1; Trident/5.0; SLCC2; .NET CLR 2.0.50727; .NET CLR 3.5.30729; .NET CLR 3.0.30729; Media Center PC 6.0; Tablet PC 2.0; InfoPath.3; .NET4.0C; .NET4.0E; MS-RTC LM 8)" 14201
192.168.65.56 - - [17/Feb/2013:07:37:06 +0600] "GET /pause/ajaxPause?pauseConfigId=all&admin=1 HTTP/1.1" 200 1046 "http://192.168.65.101/pause/index" "Mozilla/5.0 (Windows NT 5.1; rv:15.0) Gecko/20100101 Firefox/15.0" 31604
192.168.12.61 - - [17/Feb/2013:07:37:06 +0600] "GET /pause/ajaxPause?pauseConfigId=&admin=0 HTTP/1.1" 200 985 "http://callider/pause/index" "Mozilla/4.0 (compatible; MSIE 7.0; Windows NT 6.1; Trident/5.0; SLCC2; .NET CLR 2.0.50727; .NET CLR 3.5.30729; .NET CLR 3.0.30729; Media Center PC 6.0; InfoPath.3; .NET4.0C; .NET4.0E)" 19893
192.168.12.60 - - [17/Feb/2013:07:37:08 +0600] "GET /pause/ajaxPause?pauseConfigId=&admin=0 HTTP/1.1" 200 986 "http://callider/pause/index" "Mozilla/4.0 (compatible; MSIE 8.0; Windows NT 6.1; Trident/4.0; InfoPath.3; .NET4.0C; MS-RTC LM 8; .NET4.0E)" 31620
192.168.12.204 - - [17/Feb/2013:07:37:08 +0600] "GET /pause/ajaxPause?pauseConfigId=&admin=0 HTTP/1.1" 200 986 "http://callider/pause/index" "Mozilla/4.0 (compatible; MSIE 7.0; Windows NT 6.1; WOW64; Trident/4.0; SLCC2; .NET CLR 2.0.50727; .NET CLR 3.5.30729; .NET CLR 3.0.30729; Media Center PC 6.0; InfoPath.3; .NET4.0C; .NET4.0E; .NET CLR 1.1.4322)" 171476
192.168.74.78 - - [17/Feb/2013:07:37:09 +0600] "GET /pause/ajaxPause?pauseConfigId=&admin=0 HTTP/1.1" 200 986 "http://callider/pause/index" "Mozilla/4.0 (compatible; MSIE 7.0; Windows NT 6.1; WOW64; Trident/5.0; SLCC2; .NET CLR 2.0.50727; .NET CLR 3.5.30729; .NET CLR 3.0.30729; Media Center PC 6.0; InfoPath.3; .NET4.0C; MS-RTC LM 8; .NET4.0E)" 24011
192.168.12.69 - - [17/Feb/2013:07:37:10 +0600] "GET /pause/ajaxPause?pauseConfigId=&admin=0 HTTP/1.1" 200 986 "http://callider/pause/index" "Mozilla/4.0 (compatible; MSIE 7.0; Windows NT 6.1; Trident/5.0; SLCC2; .NET CLR 2.0.50727; .NET CLR 3.5.30729; .NET CLR 3.0.30729; Media Center PC 6.0; InfoPath.3; .NET4.0C; .NET4.0E; Tablet PC 2.0; AskTbFXTV5/5.14.1.20007)" 25530
192.168.74.91 - - [17/Feb/2013:07:37:10 +0600] "GET /pause/ajaxPause?pauseConfigId=&admin=0 HTTP/1.1" 200 986 "http://callider/pause/index" "Mozilla/4.0 (compatible; MSIE 7.0; Windows NT 6.1; WOW64; Trident/5.0; SLCC2; .NET CLR 2.0.50727; .NET CLR 3.5.30729; .NET CLR 3.0.30729; Media Center PC 6.0; InfoPath.3; .NET4.0C; MS-RTC LM 8; .NET4.0E)" 21127
192.168.74.151 - - [17/Feb/2013:07:37:10 +0600] "GET /pause/ajaxPause?pauseConfigId=&admin=0 HTTP/1.1" 200 987 "http://callider.kontur/pause/index" "Mozilla/5.0 (Windows NT 6.1; WOW64; rv:18.0) Gecko/20100101 Firefox/18.0" 18369
192.168.12.210 - - [17/Feb/2013:07:37:10 +0600] "GET /pause/ajaxPause?pauseConfigId=all&admin=1 HTTP/1.1" 200 1047 "http://callider/pause/index" "Mozilla/4.0 (compatible; MSIE 7.0; Windows NT 6.1; WOW64; Trident/5.0; SLCC2; .NET CLR 2.0.50727; .NET CLR 3.5.30729; .NET CLR 3.0.30729; Media Center PC 6.0; InfoPath.3; .NET4.0C; .NET4.0E)" 19454
192.168.12.42 - - [17/Feb/2013:07:37:11 +0600] "GET /tv/useUser HTTP/1.1" 200 432 "http://callider/graph/personal" "Mozilla/4.0 (compatible; MSIE 7.0; Windows NT 6.1; WOW64; Trident/5.0; SLCC2; .NET CLR 2.0.50727; .NET CLR 3.5.30729; .NET CLR 3.0.30729; Media Center PC 6.0; InfoPath.3; .NET4.0C; .NET4.0E)" 17335
192.168.12.38 - - [17/Feb/2013:07:37:11 +0600] "GET /pause/ajaxPause?pauseConfigId=&admin=0 HTTP/1.1" 200 1040 "http://callider/pause/index" "Mozilla/4.0 (compatible; MSIE 7.0; Windows NT 6.1; WOW64; Trident/5.0; SLCC2; .NET CLR 2.0.50727; .NET CLR 3.5.30729; .NET CLR 3.0.30729; Media Center PC 6.0; InfoPath.3; .NET4.0C; .NET4.0E)" 18093
192.168.12.77 - - [17/Feb/2013:07:37:11 +0600] "GET /pause/ajaxPause?pauseConfigId=&admin=0 HTTP/1.1" 200 1039 "http://callider/pause/index" "Mozilla/4.0 (compatible; MSIE 7.0; Windows NT 6.1; Trident/5.0; SLCC2; .NET CLR 2.0.50727; .NET CLR 3.5.30729; .NET CLR 3.0.30729; Media Center PC 6.0; Tablet PC 2.0; InfoPath.3; .NET4.0C; .NET4.0E; MS-RTC LM 8)" 15839
192.168.74.139 - - [17/Feb/2013:07:37:11 +0600] "GET /graph/calculatorZp?KD=100:47&KN=%2014:13&KPD=%20%201:47&KPN=%20%201:47&S=%20%200:00&S1=%20%200:00&S2=%20%200:00&NM=119:15&HTC=106&M=02 HTTP/1.1" 200 3642 "http://callider/graph/personal" "Mozilla/4.0 (compatible; MSIE 7.0; Windows NT 6.1; WOW64; Trident/5.0; SLCC2; .NET CLR 2.0.50727; .NET CLR 3.5.30729; .NET CLR 3.0.30729; Media Center PC 6.0; InfoPath.3; .NET4.0C; .NET4.0E)" 49479
192.168.74.139 - - [17/Feb/2013:07:37:11 +0600] "GET /assets/style-4dfe0ede.css?1354085741 HTTP/1.1" 304 211 "http://callider/graph/calculatorZp?KD=100:47&KN= 14:13&KPD=  1:47&KPN=  1:47&S=  0:00&S1=  0:00&S2=  0:00&NM=119:15&HTC=106&M=02" "Mozilla/4.0 (compatible; MSIE 7.0; Windows NT 6.1; WOW64; Trident/5.0; SLCC2; .NET CLR 2.0.50727; .NET CLR 3.5.30729; .NET CLR 3.0.30729; Media Center PC 6.0; InfoPath.3; .NET4.0C; .NET4.0E)" 521
192.168.65.56 - - [17/Feb/2013:07:37:11 +0600] "GET /pause/ajaxPause?pauseConfigId=all&admin=1 HTTP/1.1" 200 1046 "http://192.168.65.101/pause/index" "Mozilla/5.0 (Windows NT 5.1; rv:15.0) Gecko/20100101 Firefox/15.0" 38744
192.168.12.61 - - [17/Feb/2013:07:37:11 +0600] "GET /pause/ajaxPause?pauseConfigId=&admin=0 HTTP/1.1" 200 985 "http://callider/pause/index" "Mozilla/4.0 (compatible; MSIE 7.0; Windows NT 6.1; Trident/5.0; SLCC2; .NET CLR 2.0.50727; .NET CLR 3.5.30729; .NET CLR 3.0.30729; Media Center PC 6.0; InfoPath.3; .NET4.0C; .NET4.0E)" 22351
192.168.74.139 - - [17/Feb/2013:07:37:12 +0600] "GET /tv/useUser HTTP/1.1" 200 431 "http://callider/graph/calculatorZp?KD=100:47&KN= 14:13&KPD=  1:47&KPN=  1:47&S=  0:00&S1=  0:00&S2=  0:00&NM=119:15&HTC=106&M=02" "Mozilla/4.0 (compatible; MSIE 7.0; Windows NT 6.1; WOW64; Trident/5.0; SLCC2; .NET CLR 2.0.50727; .NET CLR 3.5.30729; .NET CLR 3.0.30729; Media Center PC 6.0; InfoPath.3; .NET4.0C; .NET4.0E)" 12414
192.168.74.151 - - [17/Feb/2013:07:37:13 +0600] "GET /tv/useUser HTTP/1.1" 200 431 "http://callider.kontur/graph/general" "Mozilla/5.0 (Windows NT 6.1; WOW64; rv:18.0) Gecko/20100101 Firefox/18.0" 8670
192.168.12.60 - - [17/Feb/2013:07:37:13 +0600] "GET /pause/ajaxPause?pauseConfigId=&admin=0 HTTP/1.1" 200 986 "http://callider/pause/index" "Mozilla/4.0 (compatible; MSIE 8.0; Windows NT 6.1; Trident/4.0; InfoPath.3; .NET4.0C; MS-RTC LM 8; .NET4.0E)" 23841
192.168.12.204 - - [17/Feb/2013:07:37:13 +0600] "GET /pause/ajaxPause?pauseConfigId=&admin=0 HTTP/1.1" 200 986 "http://callider/pause/index" "Mozilla/4.0 (compatible; MSIE 7.0; Windows NT 6.1; WOW64; Trident/4.0; SLCC2; .NET CLR 2.0.50727; .NET CLR 3.5.30729; .NET CLR 3.0.30729; Media Center PC 6.0; InfoPath.3; .NET4.0C; .NET4.0E; .NET CLR 1.1.4322)" 19979
192.168.74.78 - - [17/Feb/2013:07:37:14 +0600] "GET /pause/ajaxPause?pauseConfigId=&admin=0 HTTP/1.1" 200 986 "http://callider/pause/index" "Mozilla/4.0 (compatible; MSIE 7.0; Windows NT 6.1; WOW64; Trident/5.0; SLCC2; .NET CLR 2.0.50727; .NET CLR 3.5.30729; .NET CLR 3.0.30729; Media Center PC 6.0; InfoPath.3; .NET4.0C; MS-RTC LM 8; .NET4.0E)" 23008
192.168.12.69 - - [17/Feb/2013:07:37:15 +0600] "GET /pause/ajaxPause?pauseConfigId=&admin=0 HTTP/1.1" 200 986 "http://callider/pause/index" "Mozilla/4.0 (compatible; MSIE 7.0; Windows NT 6.1; Trident/5.0; SLCC2; .NET CLR 2.0.50727; .NET CLR 3.5.30729; .NET CLR 3.0.30729; Media Center PC 6.0; InfoPath.3; .NET4.0C; .NET4.0E; Tablet PC 2.0; AskTbFXTV5/5.14.1.20007)" 17634
192.168.74.91 - - [17/Feb/2013:07:37:15 +0600] "GET /pause/ajaxPause?pauseConfigId=&admin=0 HTTP/1.1" 200 986 "http://callider/pause/index" "Mozilla/4.0 (compatible; MSIE 7.0; Windows NT 6.1; WOW64; Trident/5.0; SLCC2; .NET CLR 2.0.50727; .NET CLR 3.5.30729; .NET CLR 3.0.30729; Media Center PC 6.0; InfoPath.3; .NET4.0C; MS-RTC LM 8; .NET4.0E)" 36106
192.168.74.151 - - [17/Feb/2013:07:37:15 +0600] "GET /pause/ajaxPause?pauseConfigId=&admin=0 HTTP/1.1" 200 987 "http://callider.kontur/pause/index" "Mozilla/5.0 (Windows NT 6.1; WOW64; rv:18.0) Gecko/20100101 Firefox/18.0" 23131
192.168.74.151 - - [17/Feb/2013:07:37:15 +0600] "GET /tv/useUser HTTP/1.1" 200 432 "http://callider.kontur/pause/index" "Mozilla/5.0 (Windows NT 6.1; WOW64; rv:18.0) Gecko/20100101 Firefox/18.0" 17455
192.168.12.210 - - [17/Feb/2013:07:37:15 +0600] "GET /pause/ajaxPause?pauseConfigId=all&admin=1 HTTP/1.1" 200 1047 "http://callider/pause/index" "Mozilla/4.0 (compatible; MSIE 7.0; Windows NT 6.1; WOW64; Trident/5.0; SLCC2; .NET CLR 2.0.50727; .NET CLR 3.5.30729; .NET CLR 3.0.30729; Media Center PC 6.0; InfoPath.3; .NET4.0C; .NET4.0E)" 202604
192.168.12.38 - - [17/Feb/2013:07:37:16 +0600] "GET /pause/ajaxPause?pauseConfigId=&admin=0 HTTP/1.1" 200 1040 "http://callider/pause/index" "Mozilla/4.0 (compatible; MSIE 7.0; Windows NT 6.1; WOW64; Trident/5.0; SLCC2; .NET CLR 2.0.50727; .NET CLR 3.5.30729; .NET CLR 3.0.30729; Media Center PC 6.0; InfoPath.3; .NET4.0C; .NET4.0E)" 19806
192.168.12.77 - - [17/Feb/2013:07:37:16 +0600] "GET /pause/ajaxPause?pauseConfigId=&admin=0 HTTP/1.1" 200 1039 "http://callider/pause/index" "Mozilla/4.0 (compatible; MSIE 7.0; Windows NT 6.1; Trident/5.0; SLCC2; .NET CLR 2.0.50727; .NET CLR 3.5.30729; .NET CLR 3.0.30729; Media Center PC 6.0; Tablet PC 2.0; InfoPath.3; .NET4.0C; .NET4.0E; MS-RTC LM 8)" 17985
192.168.12.61 - - [17/Feb/2013:07:37:16 +0600] "GET /pause/ajaxPause?pauseConfigId=&admin=0 HTTP/1.1" 200 985 "http://callider/pause/index" "Mozilla/4.0 (compatible; MSIE 7.0; Windows NT 6.1; Trident/5.0; SLCC2; .NET CLR 2.0.50727; .NET CLR 3.5.30729; .NET CLR 3.0.30729; Media Center PC 6.0; InfoPath.3; .NET4.0C; .NET4.0E)" 19623
192.168.65.56 - - [17/Feb/2013:07:37:16 +0600] "GET /pause/ajaxPause?pauseConfigId=all&admin=1 HTTP/1.1" 200 1046 "http://192.168.65.101/pause/index" "Mozilla/5.0 (Windows NT 5.1; rv:15.0) Gecko/20100101 Firefox/15.0" 30832
192.168.12.60 - - [17/Feb/2013:07:37:18 +0600] "GET /pause/ajaxPause?pauseConfigId=&admin=0 HTTP/1.1" 200 986 "http://callider/pause/index" "Mozilla/4.0 (compatible; MSIE 8.0; Windows NT 6.1; Trident/4.0; InfoPath.3; .NET4.0C; MS-RTC LM 8; .NET4.0E)" 53967
192.168.12.204 - - [17/Feb/2013:07:37:18 +0600] "GET /pause/ajaxPause?pauseConfigId=&admin=0 HTTP/1.1" 200 986 "http://callider/pause/index" "Mozilla/4.0 (compatible; MSIE 7.0; Windows NT 6.1; WOW64; Trident/4.0; SLCC2; .NET CLR 2.0.50727; .NET CLR 3.5.30729; .NET CLR 3.0.30729; Media Center PC 6.0; InfoPath.3; .NET4.0C; .NET4.0E; .NET CLR 1.1.4322)" 21847
192.168.74.78 - - [17/Feb/2013:07:37:19 +0600] "GET /pause/ajaxPause?pauseConfigId=&admin=0 HTTP/1.1" 200 986 "http://callider/pause/index" "Mozilla/4.0 (compatible; MSIE 7.0; Windows NT 6.1; WOW64; Trident/5.0; SLCC2; .NET CLR 2.0.50727; .NET CLR 3.5.30729; .NET CLR 3.0.30729; Media Center PC 6.0; InfoPath.3; .NET4.0C; MS-RTC LM 8; .NET4.0E)" 21245
192.168.74.139 - - [17/Feb/2013:07:37:19 +0600] "GET /site/index HTTP/1.1" 200 4918 "http://callider/graph/calculatorZp?KD=100:47&KN= 14:13&KPD=  1:47&KPN=  1:47&S=  0:00&S1=  0:00&S2=  0:00&NM=119:15&HTC=106&M=02" "Mozilla/4.0 (compatible; MSIE 7.0; Windows NT 6.1; WOW64; Trident/5.0; SLCC2; .NET CLR 2.0.50727; .NET CLR 3.5.30729; .NET CLR 3.0.30729; Media Center PC 6.0; InfoPath.3; .NET4.0C; .NET4.0E)" 46167
192.168.12.10 - - [17/Feb/2013:07:37:19 +0600] "GET /tv/useUser HTTP/1.1" 200 432 "http://callider/graph/personal" "Mozilla/4.0 (compatible; MSIE 7.0; Windows NT 6.1; Trident/5.0; SLCC2; .NET CLR 2.0.50727; .NET CLR 3.5.30729; .NET CLR 3.0.30729; Media Center PC 6.0; InfoPath.3; .NET4.0C; .NET4.0E; Tablet PC 2.0; MS-RTC LM 8)" 16077
192.168.74.139 - - [17/Feb/2013:07:37:19 +0600] "GET /tv/useUser HTTP/1.1" 200 431 "http://callider/site/index" "Mozilla/4.0 (compatible; MSIE 7.0; Windows NT 6.1; WOW64; Trident/5.0; SLCC2; .NET CLR 2.0.50727; .NET CLR 3.5.30729; .NET CLR 3.0.30729; Media Center PC 6.0; InfoPath.3; .NET4.0C; .NET4.0E)" 8845
192.168.12.108 - - [17/Feb/2013:07:37:19 +0600] "GET /tv/useUser HTTP/1.1" 200 432 "http://callider/index.php" "Mozilla/4.0 (compatible; MSIE 7.0; Windows NT 6.2; WOW64; Trident/6.0; .NET4.0E; .NET4.0C; InfoPath.3; .NET CLR 3.5.30729; .NET CLR 2.0.50727; .NET CLR 3.0.30729)" 13997
192.168.12.69 - - [17/Feb/2013:07:37:20 +0600] "GET /pause/ajaxPause?pauseConfigId=&admin=0 HTTP/1.1" 200 986 "http://callider/pause/index" "Mozilla/4.0 (compatible; MSIE 7.0; Windows NT 6.1; Trident/5.0; SLCC2; .NET CLR 2.0.50727; .NET CLR 3.5.30729; .NET CLR 3.0.30729; Media Center PC 6.0; InfoPath.3; .NET4.0C; .NET4.0E; Tablet PC 2.0; AskTbFXTV5/5.14.1.20007)" 20403
192.168.74.91 - - [17/Feb/2013:07:37:20 +0600] "GET /pause/ajaxPause?pauseConfigId=&admin=0 HTTP/1.1" 200 986 "http://callider/pause/index" "Mozilla/4.0 (compatible; MSIE 7.0; Windows NT 6.1; WOW64; Trident/5.0; SLCC2; .NET CLR 2.0.50727; .NET CLR 3.5.30729; .NET CLR 3.0.30729; Media Center PC 6.0; InfoPath.3; .NET4.0C; MS-RTC LM 8; .NET4.0E)" 20141
192.168.74.151 - - [17/Feb/2013:07:37:20 +0600] "GET /pause/ajaxPause?pauseConfigId=&admin=0 HTTP/1.1" 200 987 "http://callider.kontur/pause/index" "Mozilla/5.0 (Windows NT 6.1; WOW64; rv:18.0) Gecko/20100101 Firefox/18.0" 22545
192.168.12.210 - - [17/Feb/2013:07:37:20 +0600] "GET /pause/ajaxPause?pauseConfigId=all&admin=1 HTTP/1.1" 200 1047 "http://callider/pause/index" "Mozilla/4.0 (compatible; MSIE 7.0; Windows NT 6.1; WOW64; Trident/5.0; SLCC2; .NET CLR 2.0.50727; .NET CLR 3.5.30729; .NET CLR 3.0.30729; Media Center PC 6.0; InfoPath.3; .NET4.0C; .NET4.0E)" 20392
192.168.12.38 - - [17/Feb/2013:07:37:21 +0600] "GET /pause/ajaxPause?pauseConfigId=&admin=0 HTTP/1.1" 200 1040 "http://callider/pause/index" "Mozilla/4.0 (compatible; MSIE 7.0; Windows NT 6.1; WOW64; Trident/5.0; SLCC2; .NET CLR 2.0.50727; .NET CLR 3.5.30729; .NET CLR 3.0.30729; Media Center PC 6.0; InfoPath.3; .NET4.0C; .NET4.0E)" 16138
192.168.12.77 - - [17/Feb/2013:07:37:21 +0600] "GET /pause/ajaxPause?pauseConfigId=&admin=0 HTTP/1.1" 200 1039 "http://callider/pause/index" "Mozilla/4.0 (compatible; MSIE 7.0; Windows NT 6.1; Trident/5.0; SLCC2; .NET CLR 2.0.50727; .NET CLR 3.5.30729; .NET CLR 3.0.30729; Media Center PC 6.0; Tablet PC 2.0; InfoPath.3; .NET4.0C; .NET4.0E; MS-RTC LM 8)" 12774
192.168.65.56 - - [17/Feb/2013:07:37:21 +0600] "GET /pause/ajaxPause?pauseConfigId=all&admin=1 HTTP/1.1" 200 1046 "http://192.168.65.101/pause/index" "Mozilla/5.0 (Windows NT 5.1; rv:15.0) Gecko/20100101 Firefox/15.0" 37435
192.168.12.61 - - [17/Feb/2013:07:37:21 +0600] "GET /pause/ajaxPause?pauseConfigId=&admin=0 HTTP/1.1" 200 986 "http://callider/pause/index" "Mozilla/4.0 (compatible; MSIE 7.0; Windows NT 6.1; Trident/5.0; SLCC2; .NET CLR 2.0.50727; .NET CLR 3.5.30729; .NET CLR 3.0.30729; Media Center PC 6.0; InfoPath.3; .NET4.0C; .NET4.0E)" 26605
192.168.12.60 - - [17/Feb/2013:07:37:23 +0600] "GET /pause/ajaxPause?pauseConfigId=&admin=0 HTTP/1.1" 200 986 "http://callider/pause/index" "Mozilla/4.0 (compatible; MSIE 8.0; Windows NT 6.1; Trident/4.0; InfoPath.3; .NET4.0C; MS-RTC LM 8; .NET4.0E)" 31718
192.168.12.204 - - [17/Feb/2013:07:37:23 +0600] "GET /pause/ajaxPause?pauseConfigId=&admin=0 HTTP/1.1" 200 986 "http://callider/pause/index" "Mozilla/4.0 (compatible; MSIE 7.0; Windows NT 6.1; WOW64; Trident/4.0; SLCC2; .NET CLR 2.0.50727; .NET CLR 3.5.30729; .NET CLR 3.0.30729; Media Center PC 6.0; InfoPath.3; .NET4.0C; .NET4.0E; .NET CLR 1.1.4322)" 17893
192.168.74.78 - - [17/Feb/2013:07:37:24 +0600] "GET /pause/ajaxPause?pauseConfigId=&admin=0 HTTP/1.1" 200 986 "http://callider/pause/index" "Mozilla/4.0 (compatible; MSIE 7.0; Windows NT 6.1; WOW64; Trident/5.0; SLCC2; .NET CLR 2.0.50727; .NET CLR 3.5.30729; .NET CLR 3.0.30729; Media Center PC 6.0; InfoPath.3; .NET4.0C; MS-RTC LM 8; .NET4.0E)" 26530
192.168.12.69 - - [17/Feb/2013:07:37:25 +0600] "GET /pause/ajaxPause?pauseConfigId=&admin=0 HTTP/1.1" 200 986 "http://callider/pause/index" "Mozilla/4.0 (compatible; MSIE 7.0; Windows NT 6.1; Trident/5.0; SLCC2; .NET CLR 2.0.50727; .NET CLR 3.5.30729; .NET CLR 3.0.30729; Media Center PC 6.0; InfoPath.3; .NET4.0C; .NET4.0E; Tablet PC 2.0; AskTbFXTV5/5.14.1.20007)" 18956
192.168.74.91 - - [17/Feb/2013:07:37:25 +0600] "GET /pause/ajaxPause?pauseConfigId=&admin=0 HTTP/1.1" 200 986 "http://callider/pause/index" "Mozilla/4.0 (compatible; MSIE 7.0; Windows NT 6.1; WOW64; Trident/5.0; SLCC2; .NET CLR 2.0.50727; .NET CLR 3.5.30729; .NET CLR 3.0.30729; Media Center PC 6.0; InfoPath.3; .NET4.0C; MS-RTC LM 8; .NET4.0E)" 21504
192.168.74.151 - - [17/Feb/2013:07:37:25 +0600] "GET /pause/ajaxPause?pauseConfigId=&admin=0 HTTP/1.1" 200 987 "http://callider.kontur/pause/index" "Mozilla/5.0 (Windows NT 6.1; WOW64; rv:18.0) Gecko/20100101 Firefox/18.0" 34293
192.168.12.210 - - [17/Feb/2013:07:37:25 +0600] "GET /pause/ajaxPause?pauseConfigId=all&admin=1 HTTP/1.1" 200 1047 "http://callider/pause/index" "Mozilla/4.0 (compatible; MSIE 7.0; Windows NT 6.1; WOW64; Trident/5.0; SLCC2; .NET CLR 2.0.50727; .NET CLR 3.5.30729; .NET CLR 3.0.30729; Media Center PC 6.0; InfoPath.3; .NET4.0C; .NET4.0E)" 19835
192.168.12.38 - - [17/Feb/2013:07:37:26 +0600] "GET /pause/ajaxPause?pauseConfigId=&admin=0 HTTP/1.1" 200 1040 "http://callider/pause/index" "Mozilla/4.0 (compatible; MSIE 7.0; Windows NT 6.1; WOW64; Trident/5.0; SLCC2; .NET CLR 2.0.50727; .NET CLR 3.5.30729; .NET CLR 3.0.30729; Media Center PC 6.0; InfoPath.3; .NET4.0C; .NET4.0E)" 16546
192.168.12.77 - - [17/Feb/2013:07:37:26 +0600] "GET /pause/ajaxPause?pauseConfigId=&admin=0 HTTP/1.1" 200 1039 "http://callider/pause/index" "Mozilla/4.0 (compatible; MSIE 7.0; Windows NT 6.1; Trident/5.0; SLCC2; .NET CLR 2.0.50727; .NET CLR 3.5.30729; .NET CLR 3.0.30729; Media Center PC 6.0; Tablet PC 2.0; InfoPath.3; .NET4.0C; .NET4.0E; MS-RTC LM 8)" 12386
192.168.65.56 - - [17/Feb/2013:07:37:26 +0600] "GET /pause/ajaxPause?pauseConfigId=all&admin=1 HTTP/1.1" 200 1046 "http://192.168.65.101/pause/index" "Mozilla/5.0 (Windows NT 5.1; rv:15.0) Gecko/20100101 Firefox/15.0" 28038
192.168.12.61 - - [17/Feb/2013:07:37:26 +0600] "GET /pause/ajaxPause?pauseConfigId=&admin=0 HTTP/1.1" 200 985 "http://callider/pause/index" "Mozilla/4.0 (compatible; MSIE 7.0; Windows NT 6.1; Trident/5.0; SLCC2; .NET CLR 2.0.50727; .NET CLR 3.5.30729; .NET CLR 3.0.30729; Media Center PC 6.0; InfoPath.3; .NET4.0C; .NET4.0E)" 21212
192.168.12.60 - - [17/Feb/2013:07:37:28 +0600] "GET /pause/ajaxPause?pauseConfigId=&admin=0 HTTP/1.1" 200 986 "http://callider/pause/index" "Mozilla/4.0 (compatible; MSIE 8.0; Windows NT 6.1; Trident/4.0; InfoPath.3; .NET4.0C; MS-RTC LM 8; .NET4.0E)" 22555
192.168.12.204 - - [17/Feb/2013:07:37:28 +0600] "GET /pause/ajaxPause?pauseConfigId=&admin=0 HTTP/1.1" 200 986 "http://callider/pause/index" "Mozilla/4.0 (compatible; MSIE 7.0; Windows NT 6.1; WOW64; Trident/4.0; SLCC2; .NET CLR 2.0.50727; .NET CLR 3.5.30729; .NET CLR 3.0.30729; Media Center PC 6.0; InfoPath.3; .NET4.0C; .NET4.0E; .NET CLR 1.1.4322)" 19770
192.168.74.78 - - [17/Feb/2013:07:37:29 +0600] "GET /pause/ajaxPause?pauseConfigId=&admin=0 HTTP/1.1" 200 986 "http://callider/pause/index" "Mozilla/4.0 (compatible; MSIE 7.0; Windows NT 6.1; WOW64; Trident/5.0; SLCC2; .NET CLR 2.0.50727; .NET CLR 3.5.30729; .NET CLR 3.0.30729; Media Center PC 6.0; InfoPath.3; .NET4.0C; MS-RTC LM 8; .NET4.0E)" 21554
192.168.12.69 - - [17/Feb/2013:07:37:30 +0600] "GET /pause/ajaxPause?pauseConfigId=&admin=0 HTTP/1.1" 200 986 "http://callider/pause/index" "Mozilla/4.0 (compatible; MSIE 7.0; Windows NT 6.1; Trident/5.0; SLCC2; .NET CLR 2.0.50727; .NET CLR 3.5.30729; .NET CLR 3.0.30729; Media Center PC 6.0; InfoPath.3; .NET4.0C; .NET4.0E; Tablet PC 2.0; AskTbFXTV5/5.14.1.20007)" 17643
192.168.74.91 - - [17/Feb/2013:07:37:30 +0600] "GET /pause/ajaxPause?pauseConfigId=&admin=0 HTTP/1.1" 200 986 "http://callider/pause/index" "Mozilla/4.0 (compatible; MSIE 7.0; Windows NT 6.1; WOW64; Trident/5.0; SLCC2; .NET CLR 2.0.50727; .NET CLR 3.5.30729; .NET CLR 3.0.30729; Media Center PC 6.0; InfoPath.3; .NET4.0C; MS-RTC LM 8; .NET4.0E)" 20197
192.168.74.151 - - [17/Feb/2013:07:37:30 +0600] "GET /pause/ajaxPause?pauseConfigId=&admin=0 HTTP/1.1" 200 987 "http://callider.kontur/pause/index" "Mozilla/5.0 (Windows NT 6.1; WOW64; rv:18.0) Gecko/20100101 Firefox/18.0" 21128
192.168.12.210 - - [17/Feb/2013:07:37:30 +0600] "GET /pause/ajaxPause?pauseConfigId=all&admin=1 HTTP/1.1" 200 1047 "http://callider/pause/index" "Mozilla/4.0 (compatible; MSIE 7.0; Windows NT 6.1; WOW64; Trident/5.0; SLCC2; .NET CLR 2.0.50727; .NET CLR 3.5.30729; .NET CLR 3.0.30729; Media Center PC 6.0; InfoPath.3; .NET4.0C; .NET4.0E)" 20193
192.168.12.38 - - [17/Feb/2013:07:37:31 +0600] "GET /pause/ajaxPause?pauseConfigId=&admin=0 HTTP/1.1" 200 1040 "http://callider/pause/index" "Mozilla/4.0 (compatible; MSIE 7.0; Windows NT 6.1; WOW64; Trident/5.0; SLCC2; .NET CLR 2.0.50727; .NET CLR 3.5.30729; .NET CLR 3.0.30729; Media Center PC 6.0; InfoPath.3; .NET4.0C; .NET4.0E)" 19128
192.168.12.77 - - [17/Feb/2013:07:37:31 +0600] "GET /pause/ajaxPause?pauseConfigId=&admin=0 HTTP/1.1" 200 1039 "http://callider/pause/index" "Mozilla/4.0 (compatible; MSIE 7.0; Windows NT 6.1; Trident/5.0; SLCC2; .NET CLR 2.0.50727; .NET CLR 3.5.30729; .NET CLR 3.0.30729; Media Center PC 6.0; Tablet PC 2.0; InfoPath.3; .NET4.0C; .NET4.0E; MS-RTC LM 8)" 13860
192.168.65.56 - - [17/Feb/2013:07:37:31 +0600] "GET /pause/ajaxPause?pauseConfigId=all&admin=1 HTTP/1.1" 200 1046 "http://192.168.65.101/pause/index" "Mozilla/5.0 (Windows NT 5.1; rv:15.0) Gecko/20100101 Firefox/15.0" 27815
192.168.12.61 - - [17/Feb/2013:07:37:31 +0600] "GET /pause/ajaxPause?pauseConfigId=&admin=0 HTTP/1.1" 200 985 "http://callider/pause/index" "Mozilla/4.0 (compatible; MSIE 7.0; Windows NT 6.1; Trident/5.0; SLCC2; .NET CLR 2.0.50727; .NET CLR 3.5.30729; .NET CLR 3.0.30729; Media Center PC 6.0; InfoPath.3; .NET4.0C; .NET4.0E)" 17203
192.168.12.60 - - [17/Feb/2013:07:37:33 +0600] "GET /pause/ajaxPause?pauseConfigId=&admin=0 HTTP/1.1" 200 986 "http://callider/pause/index" "Mozilla/4.0 (compatible; MSIE 8.0; Windows NT 6.1; Trident/4.0; InfoPath.3; .NET4.0C; MS-RTC LM 8; .NET4.0E)" 22408
192.168.12.204 - - [17/Feb/2013:07:37:33 +0600] "GET /pause/ajaxPause?pauseConfigId=&admin=0 HTTP/1.1" 200 986 "http://callider/pause/index" "Mozilla/4.0 (compatible; MSIE 7.0; Windows NT 6.1; WOW64; Trident/4.0; SLCC2; .NET CLR 2.0.50727; .NET CLR 3.5.30729; .NET CLR 3.0.30729; Media Center PC 6.0; InfoPath.3; .NET4.0C; .NET4.0E; .NET CLR 1.1.4322)" 17454
192.168.74.78 - - [17/Feb/2013:07:37:34 +0600] "GET /pause/ajaxPause?pauseConfigId=&admin=0 HTTP/1.1" 200 986 "http://callider/pause/index" "Mozilla/4.0 (compatible; MSIE 7.0; Windows NT 6.1; WOW64; Trident/5.0; SLCC2; .NET CLR 2.0.50727; .NET CLR 3.5.30729; .NET CLR 3.0.30729; Media Center PC 6.0; InfoPath.3; .NET4.0C; MS-RTC LM 8; .NET4.0E)" 19440
192.168.12.67 - - [17/Feb/2013:07:37:34 +0600] "GET /tv/useUser HTTP/1.1" 200 432 "http://callider/graph/personal" "Mozilla/4.0 (compatible; MSIE 7.0; Windows NT 6.1; Trident/5.0; SLCC2; .NET CLR 2.0.50727; .NET CLR 3.5.30729; .NET CLR 3.0.30729; Media Center PC 6.0; .NET4.0C; .NET4.0E; InfoPath.3; Tablet PC 2.0; MS-RTC LM 8)" 16755
192.168.12.69 - - [17/Feb/2013:07:37:35 +0600] "GET /pause/ajaxPause?pauseConfigId=&admin=0 HTTP/1.1" 200 986 "http://callider/pause/index" "Mozilla/4.0 (compatible; MSIE 7.0; Windows NT 6.1; Trident/5.0; SLCC2; .NET CLR 2.0.50727; .NET CLR 3.5.30729; .NET CLR 3.0.30729; Media Center PC 6.0; InfoPath.3; .NET4.0C; .NET4.0E; Tablet PC 2.0; AskTbFXTV5/5.14.1.20007)" 36732
192.168.74.91 - - [17/Feb/2013:07:37:35 +0600] "GET /pause/ajaxPause?pauseConfigId=&admin=0 HTTP/1.1" 200 986 "http://callider/pause/index" "Mozilla/4.0 (compatible; MSIE 7.0; Windows NT 6.1; WOW64; Trident/5.0; SLCC2; .NET CLR 2.0.50727; .NET CLR 3.5.30729; .NET CLR 3.0.30729; Media Center PC 6.0; InfoPath.3; .NET4.0C; MS-RTC LM 8; .NET4.0E)" 19513
192.168.74.151 - - [17/Feb/2013:07:37:35 +0600] "GET /pause/ajaxPause?pauseConfigId=&admin=0 HTTP/1.1" 200 987 "http://callider.kontur/pause/index" "Mozilla/5.0 (Windows NT 6.1; WOW64; rv:18.0) Gecko/20100101 Firefox/18.0" 21471
192.168.12.210 - - [17/Feb/2013:07:37:35 +0600] "GET /pause/ajaxPause?pauseConfigId=all&admin=1 HTTP/1.1" 200 1047 "http://callider/pause/index" "Mozilla/4.0 (compatible; MSIE 7.0; Windows NT 6.1; WOW64; Trident/5.0; SLCC2; .NET CLR 2.0.50727; .NET CLR 3.5.30729; .NET CLR 3.0.30729; Media Center PC 6.0; InfoPath.3; .NET4.0C; .NET4.0E)" 20031
192.168.12.38 - - [17/Feb/2013:07:37:36 +0600] "GET /pause/ajaxPause?pauseConfigId=&admin=0 HTTP/1.1" 200 1040 "http://callider/pause/index" "Mozilla/4.0 (compatible; MSIE 7.0; Windows NT 6.1; WOW64; Trident/5.0; SLCC2; .NET CLR 2.0.50727; .NET CLR 3.5.30729; .NET CLR 3.0.30729; Media Center PC 6.0; InfoPath.3; .NET4.0C; .NET4.0E)" 17427
192.168.12.77 - - [17/Feb/2013:07:37:36 +0600] "GET /pause/ajaxPause?pauseConfigId=&admin=0 HTTP/1.1" 200 1039 "http://callider/pause/index" "Mozilla/4.0 (compatible; MSIE 7.0; Windows NT 6.1; Trident/5.0; SLCC2; .NET CLR 2.0.50727; .NET CLR 3.5.30729; .NET CLR 3.0.30729; Media Center PC 6.0; Tablet PC 2.0; InfoPath.3; .NET4.0C; .NET4.0E; MS-RTC LM 8)" 15097
192.168.65.56 - - [17/Feb/2013:07:37:36 +0600] "GET /pause/ajaxPause?pauseConfigId=all&admin=1 HTTP/1.1" 200 1046 "http://192.168.65.101/pause/index" "Mozilla/5.0 (Windows NT 5.1; rv:15.0) Gecko/20100101 Firefox/15.0" 27572
192.168.12.61 - - [17/Feb/2013:07:37:36 +0600] "GET /pause/ajaxPause?pauseConfigId=&admin=0 HTTP/1.1" 200 986 "http://callider/pause/index" "Mozilla/4.0 (compatible; MSIE 7.0; Windows NT 6.1; Trident/5.0; SLCC2; .NET CLR 2.0.50727; .NET CLR 3.5.30729; .NET CLR 3.0.30729; Media Center PC 6.0; InfoPath.3; .NET4.0C; .NET4.0E)" 29667
192.168.74.93 - - [17/Feb/2013:07:37:38 +0600] "GET /tv/useUser HTTP/1.1" 200 432 "http://callider/graph/personal" "Mozilla/4.0 (compatible; MSIE 7.0; Windows NT 6.1; WOW64; Trident/5.0; SLCC2; .NET CLR 2.0.50727; .NET CLR 3.5.30729; .NET CLR 3.0.30729; Media Center PC 6.0; InfoPath.3; .NET4.0C; .NET4.0E)" 14135
192.168.12.60 - - [17/Feb/2013:07:37:38 +0600] "GET /pause/ajaxPause?pauseConfigId=&admin=0 HTTP/1.1" 200 986 "http://callider/pause/index" "Mozilla/4.0 (compatible; MSIE 8.0; Windows NT 6.1; Trident/4.0; InfoPath.3; .NET4.0C; MS-RTC LM 8; .NET4.0E)" 19707
192.168.12.204 - - [17/Feb/2013:07:37:39 +0600] "GET /pause/ajaxPause?pauseConfigId=&admin=0 HTTP/1.1" 200 986 "http://callider/pause/index" "Mozilla/4.0 (compatible; MSIE 7.0; Windows NT 6.1; WOW64; Trident/4.0; SLCC2; .NET CLR 2.0.50727; .NET CLR 3.5.30729; .NET CLR 3.0.30729; Media Center PC 6.0; InfoPath.3; .NET4.0C; .NET4.0E; .NET CLR 1.1.4322)" 18388
192.168.74.78 - - [17/Feb/2013:07:37:39 +0600] "GET /pause/ajaxPause?pauseConfigId=&admin=0 HTTP/1.1" 200 986 "http://callider/pause/index" "Mozilla/4.0 (compatible; MSIE 7.0; Windows NT 6.1; WOW64; Trident/5.0; SLCC2; .NET CLR 2.0.50727; .NET CLR 3.5.30729; .NET CLR 3.0.30729; Media Center PC 6.0; InfoPath.3; .NET4.0C; MS-RTC LM 8; .NET4.0E)" 18532
192.168.12.210 - - [17/Feb/2013:07:37:39 +0600] "GET /tv/useUser HTTP/1.1" 200 431 "http://callider/graph/general" "Mozilla/4.0 (compatible; MSIE 7.0; Windows NT 6.1; WOW64; Trident/5.0; SLCC2; .NET CLR 2.0.50727; .NET CLR 3.5.30729; .NET CLR 3.0.30729; Media Center PC 6.0; InfoPath.3; .NET4.0C; .NET4.0E)" 7960
192.168.12.69 - - [17/Feb/2013:07:37:40 +0600] "GET /pause/ajaxPause?pauseConfigId=&admin=0 HTTP/1.1" 200 986 "http://callider/pause/index" "Mozilla/4.0 (compatible; MSIE 7.0; Windows NT 6.1; Trident/5.0; SLCC2; .NET CLR 2.0.50727; .NET CLR 3.5.30729; .NET CLR 3.0.30729; Media Center PC 6.0; InfoPath.3; .NET4.0C; .NET4.0E; Tablet PC 2.0; AskTbFXTV5/5.14.1.20007)" 25621
192.168.74.91 - - [17/Feb/2013:07:37:40 +0600] "GET /pause/ajaxPause?pauseConfigId=&admin=0 HTTP/1.1" 200 986 "http://callider/pause/index" "Mozilla/4.0 (compatible; MSIE 7.0; Windows NT 6.1; WOW64; Trident/5.0; SLCC2; .NET CLR 2.0.50727; .NET CLR 3.5.30729; .NET CLR 3.0.30729; Media Center PC 6.0; InfoPath.3; .NET4.0C; MS-RTC LM 8; .NET4.0E)" 20222
192.168.74.151 - - [17/Feb/2013:07:37:40 +0600] "GET /pause/ajaxPause?pauseConfigId=&admin=0 HTTP/1.1" 200 987 "http://callider.kontur/pause/index" "Mozilla/5.0 (Windows NT 6.1; WOW64; rv:18.0) Gecko/20100101 Firefox/18.0" 22211
192.168.12.210 - - [17/Feb/2013:07:37:40 +0600] "GET /pause/ajaxPause?pauseConfigId=all&admin=1 HTTP/1.1" 200 1047 "http://callider/pause/index" "Mozilla/4.0 (compatible; MSIE 7.0; Windows NT 6.1; WOW64; Trident/5.0; SLCC2; .NET CLR 2.0.50727; .NET CLR 3.5.30729; .NET CLR 3.0.30729; Media Center PC 6.0; InfoPath.3; .NET4.0C; .NET4.0E)" 21181
192.168.12.9 - - [17/Feb/2013:07:37:40 +0600] "GET /tv/useUser HTTP/1.1" 200 432 "http://callider.kontur/site/index" "Mozilla/5.0 (Windows NT 6.1; WOW64) AppleWebKit/537.17 (KHTML, like Gecko) Chrome/24.0.1312.57 Safari/537.17" 14823
192.168.12.38 - - [17/Feb/2013:07:37:41 +0600] "GET /pause/ajaxPause?pauseConfigId=&admin=0 HTTP/1.1" 200 1040 "http://callider/pause/index" "Mozilla/4.0 (compatible; MSIE 7.0; Windows NT 6.1; WOW64; Trident/5.0; SLCC2; .NET CLR 2.0.50727; .NET CLR 3.5.30729; .NET CLR 3.0.30729; Media Center PC 6.0; InfoPath.3; .NET4.0C; .NET4.0E)" 17422
192.168.12.77 - - [17/Feb/2013:07:37:41 +0600] "GET /pause/ajaxPause?pauseConfigId=&admin=0 HTTP/1.1" 200 1039 "http://callider/pause/index" "Mozilla/4.0 (compatible; MSIE 7.0; Windows NT 6.1; Trident/5.0; SLCC2; .NET CLR 2.0.50727; .NET CLR 3.5.30729; .NET CLR 3.0.30729; Media Center PC 6.0; Tablet PC 2.0; InfoPath.3; .NET4.0C; .NET4.0E; MS-RTC LM 8)" 12249
192.168.65.56 - - [17/Feb/2013:07:37:41 +0600] "GET /pause/ajaxPause?pauseConfigId=all&admin=1 HTTP/1.1" 200 1046 "http://192.168.65.101/pause/index" "Mozilla/5.0 (Windows NT 5.1; rv:15.0) Gecko/20100101 Firefox/15.0" 42025
192.168.12.61 - - [17/Feb/2013:07:37:41 +0600] "GET /pause/ajaxPause?pauseConfigId=&admin=0 HTTP/1.1" 200 985 "http://callider/pause/index" "Mozilla/4.0 (compatible; MSIE 7.0; Windows NT 6.1; Trident/5.0; SLCC2; .NET CLR 2.0.50727; .NET CLR 3.5.30729; .NET CLR 3.0.30729; Media Center PC 6.0; InfoPath.3; .NET4.0C; .NET4.0E)" 46601
192.168.12.60 - - [17/Feb/2013:07:37:43 +0600] "GET /pause/ajaxPause?pauseConfigId=&admin=0 HTTP/1.1" 200 986 "http://callider/pause/index" "Mozilla/4.0 (compatible; MSIE 8.0; Windows NT 6.1; Trident/4.0; InfoPath.3; .NET4.0C; MS-RTC LM 8; .NET4.0E)" 21795
192.168.12.204 - - [17/Feb/2013:07:37:44 +0600] "GET /pause/ajaxPause?pauseConfigId=&admin=0 HTTP/1.1" 200 986 "http://callider/pause/index" "Mozilla/4.0 (compatible; MSIE 7.0; Windows NT 6.1; WOW64; Trident/4.0; SLCC2; .NET CLR 2.0.50727; .NET CLR 3.5.30729; .NET CLR 3.0.30729; Media Center PC 6.0; InfoPath.3; .NET4.0C; .NET4.0E; .NET CLR 1.1.4322)" 18583
192.168.74.78 - - [17/Feb/2013:07:37:44 +0600] "GET /pause/ajaxPause?pauseConfigId=&admin=0 HTTP/1.1" 200 986 "http://callider/pause/index" "Mozilla/4.0 (compatible; MSIE 7.0; Windows NT 6.1; WOW64; Trident/5.0; SLCC2; .NET CLR 2.0.50727; .NET CLR 3.5.30729; .NET CLR 3.0.30729; Media Center PC 6.0; InfoPath.3; .NET4.0C; MS-RTC LM 8; .NET4.0E)" 19210
192.168.12.69 - - [17/Feb/2013:07:37:45 +0600] "GET /pause/ajaxPause?pauseConfigId=&admin=0 HTTP/1.1" 200 986 "http://callider/pause/index" "Mozilla/4.0 (compatible; MSIE 7.0; Windows NT 6.1; Trident/5.0; SLCC2; .NET CLR 2.0.50727; .NET CLR 3.5.30729; .NET CLR 3.0.30729; Media Center PC 6.0; InfoPath.3; .NET4.0C; .NET4.0E; Tablet PC 2.0; AskTbFXTV5/5.14.1.20007)" 29768
192.168.74.91 - - [17/Feb/2013:07:37:45 +0600] "GET /pause/ajaxPause?pauseConfigId=&admin=0 HTTP/1.1" 200 986 "http://callider/pause/index" "Mozilla/4.0 (compatible; MSIE 7.0; Windows NT 6.1; WOW64; Trident/5.0; SLCC2; .NET CLR 2.0.50727; .NET CLR 3.5.30729; .NET CLR 3.0.30729; Media Center PC 6.0; InfoPath.3; .NET4.0C; MS-RTC LM 8; .NET4.0E)" 18873
192.168.74.151 - - [17/Feb/2013:07:37:45 +0600] "GET /pause/ajaxPause?pauseConfigId=&admin=0 HTTP/1.1" 200 987 "http://callider.kontur/pause/index" "Mozilla/5.0 (Windows NT 6.1; WOW64; rv:18.0) Gecko/20100101 Firefox/18.0" 20741
192.168.12.210 - - [17/Feb/2013:07:37:45 +0600] "GET /pause/ajaxPause?pauseConfigId=all&admin=1 HTTP/1.1" 200 1047 "http://callider/pause/index" "Mozilla/4.0 (compatible; MSIE 7.0; Windows NT 6.1; WOW64; Trident/5.0; SLCC2; .NET CLR 2.0.50727; .NET CLR 3.5.30729; .NET CLR 3.0.30729; Media Center PC 6.0; InfoPath.3; .NET4.0C; .NET4.0E)" 21894
192.168.12.38 - - [17/Feb/2013:07:37:46 +0600] "GET /pause/ajaxPause?pauseConfigId=&admin=0 HTTP/1.1" 200 1040 "http://callider/pause/index" "Mozilla/4.0 (compatible; MSIE 7.0; Windows NT 6.1; WOW64; Trident/5.0; SLCC2; .NET CLR 2.0.50727; .NET CLR 3.5.30729; .NET CLR 3.0.30729; Media Center PC 6.0; InfoPath.3; .NET4.0C; .NET4.0E)" 14951
192.168.12.77 - - [17/Feb/2013:07:37:46 +0600] "GET /pause/ajaxPause?pauseConfigId=&admin=0 HTTP/1.1" 200 1039 "http://callider/pause/index" "Mozilla/4.0 (compatible; MSIE 7.0; Windows NT 6.1; Trident/5.0; SLCC2; .NET CLR 2.0.50727; .NET CLR 3.5.30729; .NET CLR 3.0.30729; Media Center PC 6.0; Tablet PC 2.0; InfoPath.3; .NET4.0C; .NET4.0E; MS-RTC LM 8)" 12295
192.168.65.56 - - [17/Feb/2013:07:37:46 +0600] "GET /pause/ajaxPause?pauseConfigId=all&admin=1 HTTP/1.1" 200 1046 "http://192.168.65.101/pause/index" "Mozilla/5.0 (Windows NT 5.1; rv:15.0) Gecko/20100101 Firefox/15.0" 31741
192.168.12.61 - - [17/Feb/2013:07:37:46 +0600] "GET /pause/ajaxPause?pauseConfigId=&admin=0 HTTP/1.1" 200 985 "http://callider/pause/index" "Mozilla/4.0 (compatible; MSIE 7.0; Windows NT 6.1; Trident/5.0; SLCC2; .NET CLR 2.0.50727; .NET CLR 3.5.30729; .NET CLR 3.0.30729; Media Center PC 6.0; InfoPath.3; .NET4.0C; .NET4.0E)" 20664
192.168.12.60 - - [17/Feb/2013:07:37:48 +0600] "GET /pause/ajaxPause?pauseConfigId=&admin=0 HTTP/1.1" 200 986 "http://callider/pause/index" "Mozilla/4.0 (compatible; MSIE 8.0; Windows NT 6.1; Trident/4.0; InfoPath.3; .NET4.0C; MS-RTC LM 8; .NET4.0E)" 25776
192.168.12.204 - - [17/Feb/2013:07:37:49 +0600] "GET /pause/ajaxPause?pauseConfigId=&admin=0 HTTP/1.1" 200 986 "http://callider/pause/index" "Mozilla/4.0 (compatible; MSIE 7.0; Windows NT 6.1; WOW64; Trident/4.0; SLCC2; .NET CLR 2.0.50727; .NET CLR 3.5.30729; .NET CLR 3.0.30729; Media Center PC 6.0; InfoPath.3; .NET4.0C; .NET4.0E; .NET CLR 1.1.4322)" 19167
192.168.12.210 - - [17/Feb/2013:07:37:49 +0600] "GET /tv/useUser HTTP/1.1" 200 431 "http://callider/pause/index" "Mozilla/4.0 (compatible; MSIE 7.0; Windows NT 6.1; WOW64; Trident/5.0; SLCC2; .NET CLR 2.0.50727; .NET CLR 3.5.30729; .NET CLR 3.0.30729; Media Center PC 6.0; InfoPath.3; .NET4.0C; .NET4.0E)" 7700
192.168.74.78 - - [17/Feb/2013:07:37:49 +0600] "GET /pause/ajaxPause?pauseConfigId=&admin=0 HTTP/1.1" 200 986 "http://callider/pause/index" "Mozilla/4.0 (compatible; MSIE 7.0; Windows NT 6.1; WOW64; Trident/5.0; SLCC2; .NET CLR 2.0.50727; .NET CLR 3.5.30729; .NET CLR 3.0.30729; Media Center PC 6.0; InfoPath.3; .NET4.0C; MS-RTC LM 8; .NET4.0E)" 23896
192.168.12.69 - - [17/Feb/2013:07:37:50 +0600] "GET /pause/ajaxPause?pauseConfigId=&admin=0 HTTP/1.1" 200 986 "http://callider/pause/index" "Mozilla/4.0 (compatible; MSIE 7.0; Windows NT 6.1; Trident/5.0; SLCC2; .NET CLR 2.0.50727; .NET CLR 3.5.30729; .NET CLR 3.0.30729; Media Center PC 6.0; InfoPath.3; .NET4.0C; .NET4.0E; Tablet PC 2.0; AskTbFXTV5/5.14.1.20007)" 52683
192.168.74.91 - - [17/Feb/2013:07:37:50 +0600] "GET /pause/ajaxPause?pauseConfigId=&admin=0 HTTP/1.1" 200 986 "http://callider/pause/index" "Mozilla/4.0 (compatible; MSIE 7.0; Windows NT 6.1; WOW64; Trident/5.0; SLCC2; .NET CLR 2.0.50727; .NET CLR 3.5.30729; .NET CLR 3.0.30729; Media Center PC 6.0; InfoPath.3; .NET4.0C; MS-RTC LM 8; .NET4.0E)" 19777
192.168.74.151 - - [17/Feb/2013:07:37:50 +0600] "GET /pause/ajaxPause?pauseConfigId=&admin=0 HTTP/1.1" 200 987 "http://callider.kontur/pause/index" "Mozilla/5.0 (Windows NT 6.1; WOW64; rv:18.0) Gecko/20100101 Firefox/18.0" 18295
192.168.12.210 - - [17/Feb/2013:07:37:50 +0600] "GET /pause/ajaxPause?pauseConfigId=all&admin=1 HTTP/1.1" 200 1047 "http://callider/pause/index" "Mozilla/4.0 (compatible; MSIE 7.0; Windows NT 6.1; WOW64; Trident/5.0; SLCC2; .NET CLR 2.0.50727; .NET CLR 3.5.30729; .NET CLR 3.0.30729; Media Center PC 6.0; InfoPath.3; .NET4.0C; .NET4.0E)" 18921
192.168.12.38 - - [17/Feb/2013:07:37:51 +0600] "GET /pause/ajaxPause?pauseConfigId=&admin=0 HTTP/1.1" 200 1040 "http://callider/pause/index" "Mozilla/4.0 (compatible; MSIE 7.0; Windows NT 6.1; WOW64; Trident/5.0; SLCC2; .NET CLR 2.0.50727; .NET CLR 3.5.30729; .NET CLR 3.0.30729; Media Center PC 6.0; InfoPath.3; .NET4.0C; .NET4.0E)" 18182
192.168.12.77 - - [17/Feb/2013:07:37:51 +0600] "GET /pause/ajaxPause?pauseConfigId=&admin=0 HTTP/1.1" 200 1039 "http://callider/pause/index" "Mozilla/4.0 (compatible; MSIE 7.0; Windows NT 6.1; Trident/5.0; SLCC2; .NET CLR 2.0.50727; .NET CLR 3.5.30729; .NET CLR 3.0.30729; Media Center PC 6.0; Tablet PC 2.0; InfoPath.3; .NET4.0C; .NET4.0E; MS-RTC LM 8)" 14119
192.168.65.56 - - [17/Feb/2013:07:37:51 +0600] "GET /pause/ajaxPause?pauseConfigId=all&admin=1 HTTP/1.1" 200 1046 "http://192.168.65.101/pause/index" "Mozilla/5.0 (Windows NT 5.1; rv:15.0) Gecko/20100101 Firefox/15.0" 31078
192.168.12.61 - - [17/Feb/2013:07:37:51 +0600] "GET /pause/ajaxPause?pauseConfigId=&admin=0 HTTP/1.1" 200 985 "http://callider/pause/index" "Mozilla/4.0 (compatible; MSIE 7.0; Windows NT 6.1; Trident/5.0; SLCC2; .NET CLR 2.0.50727; .NET CLR 3.5.30729; .NET CLR 3.0.30729; Media Center PC 6.0; InfoPath.3; .NET4.0C; .NET4.0E)" 22208
192.168.65.56 - - [17/Feb/2013:07:37:51 +0600] "GET /tv/useUser HTTP/1.1" 200 431 "http://192.168.65.101/pause/index" "Mozilla/5.0 (Windows NT 5.1; rv:15.0) Gecko/20100101 Firefox/15.0" 9709
192.168.12.60 - - [17/Feb/2013:07:37:53 +0600] "GET /pause/ajaxPause?pauseConfigId=&admin=0 HTTP/1.1" 200 986 "http://callider/pause/index" "Mozilla/4.0 (compatible; MSIE 8.0; Windows NT 6.1; Trident/4.0; InfoPath.3; .NET4.0C; MS-RTC LM 8; .NET4.0E)" 92304
192.168.12.204 - - [17/Feb/2013:07:37:54 +0600] "GET /pause/ajaxPause?pauseConfigId=&admin=0 HTTP/1.1" 200 986 "http://callider/pause/index" "Mozilla/4.0 (compatible; MSIE 7.0; Windows NT 6.1; WOW64; Trident/4.0; SLCC2; .NET CLR 2.0.50727; .NET CLR 3.5.30729; .NET CLR 3.0.30729; Media Center PC 6.0; InfoPath.3; .NET4.0C; .NET4.0E; .NET CLR 1.1.4322)" 22960
192.168.74.78 - - [17/Feb/2013:07:37:54 +0600] "GET /pause/ajaxPause?pauseConfigId=&admin=0 HTTP/1.1" 200 986 "http://callider/pause/index" "Mozilla/4.0 (compatible; MSIE 7.0; Windows NT 6.1; WOW64; Trident/5.0; SLCC2; .NET CLR 2.0.50727; .NET CLR 3.5.30729; .NET CLR 3.0.30729; Media Center PC 6.0; InfoPath.3; .NET4.0C; MS-RTC LM 8; .NET4.0E)" 19108
192.168.12.69 - - [17/Feb/2013:07:37:55 +0600] "GET /pause/ajaxPause?pauseConfigId=&admin=0 HTTP/1.1" 200 986 "http://callider/pause/index" "Mozilla/4.0 (compatible; MSIE 7.0; Windows NT 6.1; Trident/5.0; SLCC2; .NET CLR 2.0.50727; .NET CLR 3.5.30729; .NET CLR 3.0.30729; Media Center PC 6.0; InfoPath.3; .NET4.0C; .NET4.0E; Tablet PC 2.0; AskTbFXTV5/5.14.1.20007)" 17597
192.168.74.91 - - [17/Feb/2013:07:37:55 +0600] "GET /pause/ajaxPause?pauseConfigId=&admin=0 HTTP/1.1" 200 986 "http://callider/pause/index" "Mozilla/4.0 (compatible; MSIE 7.0; Windows NT 6.1; WOW64; Trident/5.0; SLCC2; .NET CLR 2.0.50727; .NET CLR 3.5.30729; .NET CLR 3.0.30729; Media Center PC 6.0; InfoPath.3; .NET4.0C; MS-RTC LM 8; .NET4.0E)" 17757
192.168.74.151 - - [17/Feb/2013:07:37:55 +0600] "GET /pause/ajaxPause?pauseConfigId=&admin=0 HTTP/1.1" 200 987 "http://callider.kontur/pause/index" "Mozilla/5.0 (Windows NT 6.1; WOW64; rv:18.0) Gecko/20100101 Firefox/18.0" 18760
192.168.12.210 - - [17/Feb/2013:07:37:55 +0600] "GET /pause/ajaxPause?pauseConfigId=all&admin=1 HTTP/1.1" 200 1047 "http://callider/pause/index" "Mozilla/4.0 (compatible; MSIE 7.0; Windows NT 6.1; WOW64; Trident/5.0; SLCC2; .NET CLR 2.0.50727; .NET CLR 3.5.30729; .NET CLR 3.0.30729; Media Center PC 6.0; InfoPath.3; .NET4.0C; .NET4.0E)" 18611
192.168.12.38 - - [17/Feb/2013:07:37:56 +0600] "GET /pause/ajaxPause?pauseConfigId=&admin=0 HTTP/1.1" 200 1040 "http://callider/pause/index" "Mozilla/4.0 (compatible; MSIE 7.0; Windows NT 6.1; WOW64; Trident/5.0; SLCC2; .NET CLR 2.0.50727; .NET CLR 3.5.30729; .NET CLR 3.0.30729; Media Center PC 6.0; InfoPath.3; .NET4.0C; .NET4.0E)" 27179
192.168.12.77 - - [17/Feb/2013:07:37:56 +0600] "GET /pause/ajaxPause?pauseConfigId=&admin=0 HTTP/1.1" 200 1039 "http://callider/pause/index" "Mozilla/4.0 (compatible; MSIE 7.0; Windows NT 6.1; Trident/5.0; SLCC2; .NET CLR 2.0.50727; .NET CLR 3.5.30729; .NET CLR 3.0.30729; Media Center PC 6.0; Tablet PC 2.0; InfoPath.3; .NET4.0C; .NET4.0E; MS-RTC LM 8)" 13143
192.168.65.56 - - [17/Feb/2013:07:37:56 +0600] "GET /pause/ajaxPause?pauseConfigId=all&admin=1 HTTP/1.1" 200 1046 "http://192.168.65.101/pause/index" "Mozilla/5.0 (Windows NT 5.1; rv:15.0) Gecko/20100101 Firefox/15.0" 32809
192.168.12.61 - - [17/Feb/2013:07:37:57 +0600] "GET /pause/ajaxPause?pauseConfigId=&admin=0 HTTP/1.1" 200 986 "http://callider/pause/index" "Mozilla/4.0 (compatible; MSIE 7.0; Windows NT 6.1; Trident/5.0; SLCC2; .NET CLR 2.0.50727; .NET CLR 3.5.30729; .NET CLR 3.0.30729; Media Center PC 6.0; InfoPath.3; .NET4.0C; .NET4.0E)" 27690
192.168.12.60 - - [17/Feb/2013:07:37:58 +0600] "GET /pause/ajaxPause?pauseConfigId=&admin=0 HTTP/1.1" 200 986 "http://callider/pause/index" "Mozilla/4.0 (compatible; MSIE 8.0; Windows NT 6.1; Trident/4.0; InfoPath.3; .NET4.0C; MS-RTC LM 8; .NET4.0E)" 18740
192.168.12.204 - - [17/Feb/2013:07:37:59 +0600] "GET /pause/ajaxPause?pauseConfigId=&admin=0 HTTP/1.1" 200 986 "http://callider/pause/index" "Mozilla/4.0 (compatible; MSIE 7.0; Windows NT 6.1; WOW64; Trident/4.0; SLCC2; .NET CLR 2.0.50727; .NET CLR 3.5.30729; .NET CLR 3.0.30729; Media Center PC 6.0; InfoPath.3; .NET4.0C; .NET4.0E; .NET CLR 1.1.4322)" 18033
192.168.74.78 - - [17/Feb/2013:07:37:59 +0600] "GET /pause/ajaxPause?pauseConfigId=&admin=0 HTTP/1.1" 200 986 "http://callider/pause/index" "Mozilla/4.0 (compatible; MSIE 7.0; Windows NT 6.1; WOW64; Trident/5.0; SLCC2; .NET CLR 2.0.50727; .NET CLR 3.5.30729; .NET CLR 3.0.30729; Media Center PC 6.0; InfoPath.3; .NET4.0C; MS-RTC LM 8; .NET4.0E)" 20351
192.168.12.69 - - [17/Feb/2013:07:38:00 +0600] "GET /pause/ajaxPause?pauseConfigId=&admin=0 HTTP/1.1" 200 986 "http://callider/pause/index" "Mozilla/4.0 (compatible; MSIE 7.0; Windows NT 6.1; Trident/5.0; SLCC2; .NET CLR 2.0.50727; .NET CLR 3.5.30729; .NET CLR 3.0.30729; Media Center PC 6.0; InfoPath.3; .NET4.0C; .NET4.0E; Tablet PC 2.0; AskTbFXTV5/5.14.1.20007)" 104461
192.168.74.91 - - [17/Feb/2013:07:38:00 +0600] "GET /pause/ajaxPause?pauseConfigId=&admin=0 HTTP/1.1" 200 986 "http://callider/pause/index" "Mozilla/4.0 (compatible; MSIE 7.0; Windows NT 6.1; WOW64; Trident/5.0; SLCC2; .NET CLR 2.0.50727; .NET CLR 3.5.30729; .NET CLR 3.0.30729; Media Center PC 6.0; InfoPath.3; .NET4.0C; MS-RTC LM 8; .NET4.0E)" 19708
192.168.74.151 - - [17/Feb/2013:07:38:00 +0600] "GET /pause/ajaxPause?pauseConfigId=&admin=0 HTTP/1.1" 200 987 "http://callider.kontur/pause/index" "Mozilla/5.0 (Windows NT 6.1; WOW64; rv:18.0) Gecko/20100101 Firefox/18.0" 21380
192.168.12.210 - - [17/Feb/2013:07:38:00 +0600] "GET /pause/ajaxPause?pauseConfigId=all&admin=1 HTTP/1.1" 200 1047 "http://callider/pause/index" "Mozilla/4.0 (compatible; MSIE 7.0; Windows NT 6.1; WOW64; Trident/5.0; SLCC2; .NET CLR 2.0.50727; .NET CLR 3.5.30729; .NET CLR 3.0.30729; Media Center PC 6.0; InfoPath.3; .NET4.0C; .NET4.0E)" 19601
192.168.12.38 - - [17/Feb/2013:07:38:01 +0600] "GET /pause/ajaxPause?pauseConfigId=&admin=0 HTTP/1.1" 200 1040 "http://callider/pause/index" "Mozilla/4.0 (compatible; MSIE 7.0; Windows NT 6.1; WOW64; Trident/5.0; SLCC2; .NET CLR 2.0.50727; .NET CLR 3.5.30729; .NET CLR 3.0.30729; Media Center PC 6.0; InfoPath.3; .NET4.0C; .NET4.0E)" 14326
192.168.12.77 - - [17/Feb/2013:07:38:01 +0600] "GET /pause/ajaxPause?pauseConfigId=&admin=0 HTTP/1.1" 200 1039 "http://callider/pause/index" "Mozilla/4.0 (compatible; MSIE 7.0; Windows NT 6.1; Trident/5.0; SLCC2; .NET CLR 2.0.50727; .NET CLR 3.5.30729; .NET CLR 3.0.30729; Media Center PC 6.0; Tablet PC 2.0; InfoPath.3; .NET4.0C; .NET4.0E; MS-RTC LM 8)" 15606
192.168.65.56 - - [17/Feb/2013:07:38:01 +0600] "GET /pause/ajaxPause?pauseConfigId=all&admin=1 HTTP/1.1" 200 1046 "http://192.168.65.101/pause/index" "Mozilla/5.0 (Windows NT 5.1; rv:15.0) Gecko/20100101 Firefox/15.0" 31388
192.168.12.61 - - [17/Feb/2013:07:38:01 +0600] "GET /pause/ajaxPause?pauseConfigId=&admin=0 HTTP/1.1" 200 985 "http://callider/pause/index" "Mozilla/4.0 (compatible; MSIE 7.0; Windows NT 6.1; Trident/5.0; SLCC2; .NET CLR 2.0.50727; .NET CLR 3.5.30729; .NET CLR 3.0.30729; Media Center PC 6.0; InfoPath.3; .NET4.0C; .NET4.0E)" 19064
192.168.74.139 - - [17/Feb/2013:07:38:03 +0600] "GET /tv/useUser HTTP/1.1" 200 432 "http://callider/graph/personal" "Mozilla/4.0 (compatible; MSIE 7.0; Windows NT 6.1; WOW64; Trident/5.0; SLCC2; .NET CLR 2.0.50727; .NET CLR 3.5.30729; .NET CLR 3.0.30729; Media Center PC 6.0; InfoPath.3; .NET4.0C; .NET4.0E)" 15094
192.168.12.60 - - [17/Feb/2013:07:38:03 +0600] "GET /pause/ajaxPause?pauseConfigId=&admin=0 HTTP/1.1" 200 986 "http://callider/pause/index" "Mozilla/4.0 (compatible; MSIE 8.0; Windows NT 6.1; Trident/4.0; InfoPath.3; .NET4.0C; MS-RTC LM 8; .NET4.0E)" 19140
192.168.12.204 - - [17/Feb/2013:07:38:04 +0600] "GET /pause/ajaxPause?pauseConfigId=&admin=0 HTTP/1.1" 200 986 "http://callider/pause/index" "Mozilla/4.0 (compatible; MSIE 7.0; Windows NT 6.1; WOW64; Trident/4.0; SLCC2; .NET CLR 2.0.50727; .NET CLR 3.5.30729; .NET CLR 3.0.30729; Media Center PC 6.0; InfoPath.3; .NET4.0C; .NET4.0E; .NET CLR 1.1.4322)" 18255
192.168.74.78 - - [17/Feb/2013:07:38:04 +0600] "GET /pause/ajaxPause?pauseConfigId=&admin=0 HTTP/1.1" 200 986 "http://callider/pause/index" "Mozilla/4.0 (compatible; MSIE 7.0; Windows NT 6.1; WOW64; Trident/5.0; SLCC2; .NET CLR 2.0.50727; .NET CLR 3.5.30729; .NET CLR 3.0.30729; Media Center PC 6.0; InfoPath.3; .NET4.0C; MS-RTC LM 8; .NET4.0E)" 26239
192.168.12.69 - - [17/Feb/2013:07:38:05 +0600] "GET /pause/ajaxPause?pauseConfigId=&admin=0 HTTP/1.1" 200 986 "http://callider/pause/index" "Mozilla/4.0 (compatible; MSIE 7.0; Windows NT 6.1; Trident/5.0; SLCC2; .NET CLR 2.0.50727; .NET CLR 3.5.30729; .NET CLR 3.0.30729; Media Center PC 6.0; InfoPath.3; .NET4.0C; .NET4.0E; Tablet PC 2.0; AskTbFXTV5/5.14.1.20007)" 20110
192.168.12.61 - - [17/Feb/2013:07:38:05 +0600] "GET /tv/useUser HTTP/1.1" 200 431 "http://callider/pause/index" "Mozilla/4.0 (compatible; MSIE 7.0; Windows NT 6.1; Trident/5.0; SLCC2; .NET CLR 2.0.50727; .NET CLR 3.5.30729; .NET CLR 3.0.30729; Media Center PC 6.0; InfoPath.3; .NET4.0C; .NET4.0E)" 8928
192.168.12.210 - - [17/Feb/2013:07:38:05 +0600] "GET /pause/ajaxPause?pauseConfigId=all&admin=1 HTTP/1.1" 200 1047 "http://callider/pause/index" "Mozilla/4.0 (compatible; MSIE 7.0; Windows NT 6.1; WOW64; Trident/5.0; SLCC2; .NET CLR 2.0.50727; .NET CLR 3.5.30729; .NET CLR 3.0.30729; Media Center PC 6.0; InfoPath.3; .NET4.0C; .NET4.0E)" 21790
192.168.74.91 - - [17/Feb/2013:07:38:05 +0600] "GET /pause/ajaxPause?pauseConfigId=&admin=0 HTTP/1.1" 200 986 "http://callider/pause/index" "Mozilla/4.0 (compatible; MSIE 7.0; Windows NT 6.1; WOW64; Trident/5.0; SLCC2; .NET CLR 2.0.50727; .NET CLR 3.5.30729; .NET CLR 3.0.30729; Media Center PC 6.0; InfoPath.3; .NET4.0C; MS-RTC LM 8; .NET4.0E)" 150414
192.168.74.151 - - [17/Feb/2013:07:38:05 +0600] "GET /pause/ajaxPause?pauseConfigId=&admin=0 HTTP/1.1" 200 987 "http://callider.kontur/pause/index" "Mozilla/5.0 (Windows NT 6.1; WOW64; rv:18.0) Gecko/20100101 Firefox/18.0" 103001
192.168.12.38 - - [17/Feb/2013:07:38:06 +0600] "GET /pause/ajaxPause?pauseConfigId=&admin=0 HTTP/1.1" 200 1040 "http://callider/pause/index" "Mozilla/4.0 (compatible; MSIE 7.0; Windows NT 6.1; WOW64; Trident/5.0; SLCC2; .NET CLR 2.0.50727; .NET CLR 3.5.30729; .NET CLR 3.0.30729; Media Center PC 6.0; InfoPath.3; .NET4.0C; .NET4.0E)" 15838
192.168.12.77 - - [17/Feb/2013:07:38:06 +0600] "GET /pause/ajaxPause?pauseConfigId=&admin=0 HTTP/1.1" 200 1039 "http://callider/pause/index" "Mozilla/4.0 (compatible; MSIE 7.0; Windows NT 6.1; Trident/5.0; SLCC2; .NET CLR 2.0.50727; .NET CLR 3.5.30729; .NET CLR 3.0.30729; Media Center PC 6.0; Tablet PC 2.0; InfoPath.3; .NET4.0C; .NET4.0E; MS-RTC LM 8)" 13907
192.168.65.56 - - [17/Feb/2013:07:38:06 +0600] "GET /pause/ajaxPause?pauseConfigId=all&admin=1 HTTP/1.1" 200 1046 "http://192.168.65.101/pause/index" "Mozilla/5.0 (Windows NT 5.1; rv:15.0) Gecko/20100101 Firefox/15.0" 28141
192.168.12.61 - - [17/Feb/2013:07:38:06 +0600] "GET /pause/ajaxPause?pauseConfigId=&admin=0 HTTP/1.1" 200 985 "http://callider/pause/index" "Mozilla/4.0 (compatible; MSIE 7.0; Windows NT 6.1; Trident/5.0; SLCC2; .NET CLR 2.0.50727; .NET CLR 3.5.30729; .NET CLR 3.0.30729; Media Center PC 6.0; InfoPath.3; .NET4.0C; .NET4.0E)" 20054
192.168.12.60 - - [17/Feb/2013:07:38:08 +0600] "GET /pause/ajaxPause?pauseConfigId=&admin=0 HTTP/1.1" 200 986 "http://callider/pause/index" "Mozilla/4.0 (compatible; MSIE 8.0; Windows NT 6.1; Trident/4.0; InfoPath.3; .NET4.0C; MS-RTC LM 8; .NET4.0E)" 21785
192.168.12.204 - - [17/Feb/2013:07:38:09 +0600] "GET /pause/ajaxPause?pauseConfigId=&admin=0 HTTP/1.1" 200 986 "http://callider/pause/index" "Mozilla/4.0 (compatible; MSIE 7.0; Windows NT 6.1; WOW64; Trident/4.0; SLCC2; .NET CLR 2.0.50727; .NET CLR 3.5.30729; .NET CLR 3.0.30729; Media Center PC 6.0; InfoPath.3; .NET4.0C; .NET4.0E; .NET CLR 1.1.4322)" 140350
192.168.74.78 - - [17/Feb/2013:07:38:09 +0600] "GET /pause/ajaxPause?pauseConfigId=&admin=0 HTTP/1.1" 200 986 "http://callider/pause/index" "Mozilla/4.0 (compatible; MSIE 7.0; Windows NT 6.1; WOW64; Trident/5.0; SLCC2; .NET CLR 2.0.50727; .NET CLR 3.5.30729; .NET CLR 3.0.30729; Media Center PC 6.0; InfoPath.3; .NET4.0C; MS-RTC LM 8; .NET4.0E)" 18316
192.168.12.69 - - [17/Feb/2013:07:38:10 +0600] "GET /pause/ajaxPause?pauseConfigId=&admin=0 HTTP/1.1" 200 986 "http://callider/pause/index" "Mozilla/4.0 (compatible; MSIE 7.0; Windows NT 6.1; Trident/5.0; SLCC2; .NET CLR 2.0.50727; .NET CLR 3.5.30729; .NET CLR 3.0.30729; Media Center PC 6.0; InfoPath.3; .NET4.0C; .NET4.0E; Tablet PC 2.0; AskTbFXTV5/5.14.1.20007)" 18519
192.168.74.91 - - [17/Feb/2013:07:38:10 +0600] "GET /pause/ajaxPause?pauseConfigId=&admin=0 HTTP/1.1" 200 986 "http://callider/pause/index" "Mozilla/4.0 (compatible; MSIE 7.0; Windows NT 6.1; WOW64; Trident/5.0; SLCC2; .NET CLR 2.0.50727; .NET CLR 3.5.30729; .NET CLR 3.0.30729; Media Center PC 6.0; InfoPath.3; .NET4.0C; MS-RTC LM 8; .NET4.0E)" 17314
192.168.74.151 - - [17/Feb/2013:07:38:10 +0600] "GET /pause/ajaxPause?pauseConfigId=&admin=0 HTTP/1.1" 200 987 "http://callider.kontur/pause/index" "Mozilla/5.0 (Windows NT 6.1; WOW64; rv:18.0) Gecko/20100101 Firefox/18.0" 18277
192.168.12.210 - - [17/Feb/2013:07:38:10 +0600] "GET /pause/ajaxPause?pauseConfigId=all&admin=1 HTTP/1.1" 200 1047 "http://callider/pause/index" "Mozilla/4.0 (compatible; MSIE 7.0; Windows NT 6.1; WOW64; Trident/5.0; SLCC2; .NET CLR 2.0.50727; .NET CLR 3.5.30729; .NET CLR 3.0.30729; Media Center PC 6.0; InfoPath.3; .NET4.0C; .NET4.0E)" 18205
192.168.12.42 - - [17/Feb/2013:07:38:11 +0600] "GET /tv/useUser HTTP/1.1" 200 432 "http://callider/graph/personal" "Mozilla/4.0 (compatible; MSIE 7.0; Windows NT 6.1; WOW64; Trident/5.0; SLCC2; .NET CLR 2.0.50727; .NET CLR 3.5.30729; .NET CLR 3.0.30729; Media Center PC 6.0; InfoPath.3; .NET4.0C; .NET4.0E)" 16412
192.168.12.38 - - [17/Feb/2013:07:38:11 +0600] "GET /pause/ajaxPause?pauseConfigId=&admin=0 HTTP/1.1" 200 1040 "http://callider/pause/index" "Mozilla/4.0 (compatible; MSIE 7.0; Windows NT 6.1; WOW64; Trident/5.0; SLCC2; .NET CLR 2.0.50727; .NET CLR 3.5.30729; .NET CLR 3.0.30729; Media Center PC 6.0; InfoPath.3; .NET4.0C; .NET4.0E)" 17890
192.168.12.77 - - [17/Feb/2013:07:38:11 +0600] "GET /pause/ajaxPause?pauseConfigId=&admin=0 HTTP/1.1" 200 1039 "http://callider/pause/index" "Mozilla/4.0 (compatible; MSIE 7.0; Windows NT 6.1; Trident/5.0; SLCC2; .NET CLR 2.0.50727; .NET CLR 3.5.30729; .NET CLR 3.0.30729; Media Center PC 6.0; Tablet PC 2.0; InfoPath.3; .NET4.0C; .NET4.0E; MS-RTC LM 8)" 13275
192.168.65.56 - - [17/Feb/2013:07:38:11 +0600] "GET /pause/ajaxPause?pauseConfigId=all&admin=1 HTTP/1.1" 200 1046 "http://192.168.65.101/pause/index" "Mozilla/5.0 (Windows NT 5.1; rv:15.0) Gecko/20100101 Firefox/15.0" 27663
192.168.12.61 - - [17/Feb/2013:07:38:11 +0600] "GET /pause/ajaxPause?pauseConfigId=&admin=0 HTTP/1.1" 200 985 "http://callider/pause/index" "Mozilla/4.0 (compatible; MSIE 7.0; Windows NT 6.1; Trident/5.0; SLCC2; .NET CLR 2.0.50727; .NET CLR 3.5.30729; .NET CLR 3.0.30729; Media Center PC 6.0; InfoPath.3; .NET4.0C; .NET4.0E)" 22426
192.168.74.151 - - [17/Feb/2013:07:38:13 +0600] "GET /tv/useUser HTTP/1.1" 200 431 "http://callider.kontur/graph/general" "Mozilla/5.0 (Windows NT 6.1; WOW64; rv:18.0) Gecko/20100101 Firefox/18.0" 9343
192.168.12.60 - - [17/Feb/2013:07:38:13 +0600] "GET /pause/ajaxPause?pauseConfigId=&admin=0 HTTP/1.1" 200 986 "http://callider/pause/index" "Mozilla/4.0 (compatible; MSIE 8.0; Windows NT 6.1; Trident/4.0; InfoPath.3; .NET4.0C; MS-RTC LM 8; .NET4.0E)" 41134
192.168.12.204 - - [17/Feb/2013:07:38:14 +0600] "GET /pause/ajaxPause?pauseConfigId=&admin=0 HTTP/1.1" 200 986 "http://callider/pause/index" "Mozilla/4.0 (compatible; MSIE 7.0; Windows NT 6.1; WOW64; Trident/4.0; SLCC2; .NET CLR 2.0.50727; .NET CLR 3.5.30729; .NET CLR 3.0.30729; Media Center PC 6.0; InfoPath.3; .NET4.0C; .NET4.0E; .NET CLR 1.1.4322)" 19092
192.168.74.78 - - [17/Feb/2013:07:38:14 +0600] "GET /pause/ajaxPause?pauseConfigId=&admin=0 HTTP/1.1" 200 986 "http://callider/pause/index" "Mozilla/4.0 (compatible; MSIE 7.0; Windows NT 6.1; WOW64; Trident/5.0; SLCC2; .NET CLR 2.0.50727; .NET CLR 3.5.30729; .NET CLR 3.0.30729; Media Center PC 6.0; InfoPath.3; .NET4.0C; MS-RTC LM 8; .NET4.0E)" 18846
192.168.12.69 - - [17/Feb/2013:07:38:15 +0600] "GET /pause/ajaxPause?pauseConfigId=&admin=0 HTTP/1.1" 200 986 "http://callider/pause/index" "Mozilla/4.0 (compatible; MSIE 7.0; Windows NT 6.1; Trident/5.0; SLCC2; .NET CLR 2.0.50727; .NET CLR 3.5.30729; .NET CLR 3.0.30729; Media Center PC 6.0; InfoPath.3; .NET4.0C; .NET4.0E; Tablet PC 2.0; AskTbFXTV5/5.14.1.20007)" 17417
192.168.74.91 - - [17/Feb/2013:07:38:15 +0600] "GET /pause/ajaxPause?pauseConfigId=&admin=0 HTTP/1.1" 200 986 "http://callider/pause/index" "Mozilla/4.0 (compatible; MSIE 7.0; Windows NT 6.1; WOW64; Trident/5.0; SLCC2; .NET CLR 2.0.50727; .NET CLR 3.5.30729; .NET CLR 3.0.30729; Media Center PC 6.0; InfoPath.3; .NET4.0C; MS-RTC LM 8; .NET4.0E)" 20762
192.168.74.151 - - [17/Feb/2013:07:38:15 +0600] "GET /pause/ajaxPause?pauseConfigId=&admin=0 HTTP/1.1" 200 987 "http://callider.kontur/pause/index" "Mozilla/5.0 (Windows NT 6.1; WOW64; rv:18.0) Gecko/20100101 Firefox/18.0" 25323
192.168.74.151 - - [17/Feb/2013:07:38:15 +0600] "GET /tv/useUser HTTP/1.1" 200 432 "http://callider.kontur/pause/index" "Mozilla/5.0 (Windows NT 6.1; WOW64; rv:18.0) Gecko/20100101 Firefox/18.0" 14491
192.168.12.210 - - [17/Feb/2013:07:38:15 +0600] "GET /pause/ajaxPause?pauseConfigId=all&admin=1 HTTP/1.1" 200 1047 "http://callider/pause/index" "Mozilla/4.0 (compatible; MSIE 7.0; Windows NT 6.1; WOW64; Trident/5.0; SLCC2; .NET CLR 2.0.50727; .NET CLR 3.5.30729; .NET CLR 3.0.30729; Media Center PC 6.0; InfoPath.3; .NET4.0C; .NET4.0E)" 121386
192.168.12.38 - - [17/Feb/2013:07:38:16 +0600] "GET /pause/ajaxPause?pauseConfigId=&admin=0 HTTP/1.1" 200 1040 "http://callider/pause/index" "Mozilla/4.0 (compatible; MSIE 7.0; Windows NT 6.1; WOW64; Trident/5.0; SLCC2; .NET CLR 2.0.50727; .NET CLR 3.5.30729; .NET CLR 3.0.30729; Media Center PC 6.0; InfoPath.3; .NET4.0C; .NET4.0E)" 17346
192.168.12.77 - - [17/Feb/2013:07:38:16 +0600] "GET /pause/ajaxPause?pauseConfigId=&admin=0 HTTP/1.1" 200 1039 "http://callider/pause/index" "Mozilla/4.0 (compatible; MSIE 7.0; Windows NT 6.1; Trident/5.0; SLCC2; .NET CLR 2.0.50727; .NET CLR 3.5.30729; .NET CLR 3.0.30729; Media Center PC 6.0; Tablet PC 2.0; InfoPath.3; .NET4.0C; .NET4.0E; MS-RTC LM 8)" 13980
192.168.65.56 - - [17/Feb/2013:07:38:16 +0600] "GET /pause/ajaxPause?pauseConfigId=all&admin=1 HTTP/1.1" 200 1046 "http://192.168.65.101/pause/index" "Mozilla/5.0 (Windows NT 5.1; rv:15.0) Gecko/20100101 Firefox/15.0" 31096
192.168.12.61 - - [17/Feb/2013:07:38:17 +0600] "GET /pause/ajaxPause?pauseConfigId=&admin=0 HTTP/1.1" 200 986 "http://callider/pause/index" "Mozilla/4.0 (compatible; MSIE 7.0; Windows NT 6.1; Trident/5.0; SLCC2; .NET CLR 2.0.50727; .NET CLR 3.5.30729; .NET CLR 3.0.30729; Media Center PC 6.0; InfoPath.3; .NET4.0C; .NET4.0E)" 26566
192.168.12.60 - - [17/Feb/2013:07:38:18 +0600] "GET /pause/ajaxPause?pauseConfigId=&admin=0 HTTP/1.1" 200 986 "http://callider/pause/index" "Mozilla/4.0 (compatible; MSIE 8.0; Windows NT 6.1; Trident/4.0; InfoPath.3; .NET4.0C; MS-RTC LM 8; .NET4.0E)" 22082
192.168.12.204 - - [17/Feb/2013:07:38:19 +0600] "GET /pause/ajaxPause?pauseConfigId=&admin=0 HTTP/1.1" 200 986 "http://callider/pause/index" "Mozilla/4.0 (compatible; MSIE 7.0; Windows NT 6.1; WOW64; Trident/4.0; SLCC2; .NET CLR 2.0.50727; .NET CLR 3.5.30729; .NET CLR 3.0.30729; Media Center PC 6.0; InfoPath.3; .NET4.0C; .NET4.0E; .NET CLR 1.1.4322)" 22601
192.168.74.78 - - [17/Feb/2013:07:38:19 +0600] "GET /pause/ajaxPause?pauseConfigId=&admin=0 HTTP/1.1" 200 986 "http://callider/pause/index" "Mozilla/4.0 (compatible; MSIE 7.0; Windows NT 6.1; WOW64; Trident/5.0; SLCC2; .NET CLR 2.0.50727; .NET CLR 3.5.30729; .NET CLR 3.0.30729; Media Center PC 6.0; InfoPath.3; .NET4.0C; MS-RTC LM 8; .NET4.0E)" 19888
192.168.12.10 - - [17/Feb/2013:07:38:19 +0600] "GET /tv/useUser HTTP/1.1" 200 432 "http://callider/graph/personal" "Mozilla/4.0 (compatible; MSIE 7.0; Windows NT 6.1; Trident/5.0; SLCC2; .NET CLR 2.0.50727; .NET CLR 3.5.30729; .NET CLR 3.0.30729; Media Center PC 6.0; InfoPath.3; .NET4.0C; .NET4.0E; Tablet PC 2.0; MS-RTC LM 8)" 15652
192.168.74.139 - - [17/Feb/2013:07:38:19 +0600] "GET /tv/useUser HTTP/1.1" 200 432 "http://callider/site/index" "Mozilla/4.0 (compatible; MSIE 7.0; Windows NT 6.1; WOW64; Trident/5.0; SLCC2; .NET CLR 2.0.50727; .NET CLR 3.5.30729; .NET CLR 3.0.30729; Media Center PC 6.0; InfoPath.3; .NET4.0C; .NET4.0E)" 18979
192.168.12.108 - - [17/Feb/2013:07:38:19 +0600] "GET /tv/useUser HTTP/1.1" 200 432 "http://callider/index.php" "Mozilla/4.0 (compatible; MSIE 7.0; Windows NT 6.2; WOW64; Trident/6.0; .NET4.0E; .NET4.0C; InfoPath.3; .NET CLR 3.5.30729; .NET CLR 2.0.50727; .NET CLR 3.0.30729)" 16131
192.168.12.69 - - [17/Feb/2013:07:38:20 +0600] "GET /pause/ajaxPause?pauseConfigId=&admin=0 HTTP/1.1" 200 986 "http://callider/pause/index" "Mozilla/4.0 (compatible; MSIE 7.0; Windows NT 6.1; Trident/5.0; SLCC2; .NET CLR 2.0.50727; .NET CLR 3.5.30729; .NET CLR 3.0.30729; Media Center PC 6.0; InfoPath.3; .NET4.0C; .NET4.0E; Tablet PC 2.0; AskTbFXTV5/5.14.1.20007)" 19645
192.168.74.91 - - [17/Feb/2013:07:38:20 +0600] "GET /pause/ajaxPause?pauseConfigId=&admin=0 HTTP/1.1" 200 986 "http://callider/pause/index" "Mozilla/4.0 (compatible; MSIE 7.0; Windows NT 6.1; WOW64; Trident/5.0; SLCC2; .NET CLR 2.0.50727; .NET CLR 3.5.30729; .NET CLR 3.0.30729; Media Center PC 6.0; InfoPath.3; .NET4.0C; MS-RTC LM 8; .NET4.0E)" 20012
192.168.74.151 - - [17/Feb/2013:07:38:20 +0600] "GET /pause/ajaxPause?pauseConfigId=&admin=0 HTTP/1.1" 200 987 "http://callider.kontur/pause/index" "Mozilla/5.0 (Windows NT 6.1; WOW64; rv:18.0) Gecko/20100101 Firefox/18.0" 26214
192.168.12.210 - - [17/Feb/2013:07:38:20 +0600] "GET /pause/ajaxPause?pauseConfigId=all&admin=1 HTTP/1.1" 200 1047 "http://callider/pause/index" "Mozilla/4.0 (compatible; MSIE 7.0; Windows NT 6.1; WOW64; Trident/5.0; SLCC2; .NET CLR 2.0.50727; .NET CLR 3.5.30729; .NET CLR 3.0.30729; Media Center PC 6.0; InfoPath.3; .NET4.0C; .NET4.0E)" 21686
192.168.12.38 - - [17/Feb/2013:07:38:21 +0600] "GET /pause/ajaxPause?pauseConfigId=&admin=0 HTTP/1.1" 200 1040 "http://callider/pause/index" "Mozilla/4.0 (compatible; MSIE 7.0; Windows NT 6.1; WOW64; Trident/5.0; SLCC2; .NET CLR 2.0.50727; .NET CLR 3.5.30729; .NET CLR 3.0.30729; Media Center PC 6.0; InfoPath.3; .NET4.0C; .NET4.0E)" 16875
192.168.12.77 - - [17/Feb/2013:07:38:21 +0600] "GET /pause/ajaxPause?pauseConfigId=&admin=0 HTTP/1.1" 200 1039 "http://callider/pause/index" "Mozilla/4.0 (compatible; MSIE 7.0; Windows NT 6.1; Trident/5.0; SLCC2; .NET CLR 2.0.50727; .NET CLR 3.5.30729; .NET CLR 3.0.30729; Media Center PC 6.0; Tablet PC 2.0; InfoPath.3; .NET4.0C; .NET4.0E; MS-RTC LM 8)" 14837
192.168.65.56 - - [17/Feb/2013:07:38:21 +0600] "GET /pause/ajaxPause?pauseConfigId=all&admin=1 HTTP/1.1" 200 1046 "http://192.168.65.101/pause/index" "Mozilla/5.0 (Windows NT 5.1; rv:15.0) Gecko/20100101 Firefox/15.0" 28537
192.168.12.61 - - [17/Feb/2013:07:38:21 +0600] "GET /pause/ajaxPause?pauseConfigId=&admin=0 HTTP/1.1" 200 985 "http://callider/pause/index" "Mozilla/4.0 (compatible; MSIE 7.0; Windows NT 6.1; Trident/5.0; SLCC2; .NET CLR 2.0.50727; .NET CLR 3.5.30729; .NET CLR 3.0.30729; Media Center PC 6.0; InfoPath.3; .NET4.0C; .NET4.0E)" 21311
192.168.12.60 - - [17/Feb/2013:07:38:23 +0600] "GET /pause/ajaxPause?pauseConfigId=&admin=0 HTTP/1.1" 200 986 "http://callider/pause/index" "Mozilla/4.0 (compatible; MSIE 8.0; Windows NT 6.1; Trident/4.0; InfoPath.3; .NET4.0C; MS-RTC LM 8; .NET4.0E)" 22058
192.168.12.204 - - [17/Feb/2013:07:38:24 +0600] "GET /pause/ajaxPause?pauseConfigId=&admin=0 HTTP/1.1" 200 986 "http://callider/pause/index" "Mozilla/4.0 (compatible; MSIE 7.0; Windows NT 6.1; WOW64; Trident/4.0; SLCC2; .NET CLR 2.0.50727; .NET CLR 3.5.30729; .NET CLR 3.0.30729; Media Center PC 6.0; InfoPath.3; .NET4.0C; .NET4.0E; .NET CLR 1.1.4322)" 20175
192.168.74.78 - - [17/Feb/2013:07:38:24 +0600] "GET /pause/ajaxPause?pauseConfigId=&admin=0 HTTP/1.1" 200 986 "http://callider/pause/index" "Mozilla/4.0 (compatible; MSIE 7.0; Windows NT 6.1; WOW64; Trident/5.0; SLCC2; .NET CLR 2.0.50727; .NET CLR 3.5.30729; .NET CLR 3.0.30729; Media Center PC 6.0; InfoPath.3; .NET4.0C; MS-RTC LM 8; .NET4.0E)" 19063
192.168.12.69 - - [17/Feb/2013:07:38:25 +0600] "GET /pause/ajaxPause?pauseConfigId=&admin=0 HTTP/1.1" 200 986 "http://callider/pause/index" "Mozilla/4.0 (compatible; MSIE 7.0; Windows NT 6.1; Trident/5.0; SLCC2; .NET CLR 2.0.50727; .NET CLR 3.5.30729; .NET CLR 3.0.30729; Media Center PC 6.0; InfoPath.3; .NET4.0C; .NET4.0E; Tablet PC 2.0; AskTbFXTV5/5.14.1.20007)" 20349
192.168.74.91 - - [17/Feb/2013:07:38:25 +0600] "GET /pause/ajaxPause?pauseConfigId=&admin=0 HTTP/1.1" 200 986 "http://callider/pause/index" "Mozilla/4.0 (compatible; MSIE 7.0; Windows NT 6.1; WOW64; Trident/5.0; SLCC2; .NET CLR 2.0.50727; .NET CLR 3.5.30729; .NET CLR 3.0.30729; Media Center PC 6.0; InfoPath.3; .NET4.0C; MS-RTC LM 8; .NET4.0E)" 19427
192.168.74.151 - - [17/Feb/2013:07:38:25 +0600] "GET /pause/ajaxPause?pauseConfigId=&admin=0 HTTP/1.1" 200 987 "http://callider.kontur/pause/index" "Mozilla/5.0 (Windows NT 6.1; WOW64; rv:18.0) Gecko/20100101 Firefox/18.0" 17311
192.168.12.210 - - [17/Feb/2013:07:38:25 +0600] "GET /pause/ajaxPause?pauseConfigId=all&admin=1 HTTP/1.1" 200 1047 "http://callider/pause/index" "Mozilla/4.0 (compatible; MSIE 7.0; Windows NT 6.1; WOW64; Trident/5.0; SLCC2; .NET CLR 2.0.50727; .NET CLR 3.5.30729; .NET CLR 3.0.30729; Media Center PC 6.0; InfoPath.3; .NET4.0C; .NET4.0E)" 22605
192.168.12.38 - - [17/Feb/2013:07:38:26 +0600] "GET /pause/ajaxPause?pauseConfigId=&admin=0 HTTP/1.1" 200 1040 "http://callider/pause/index" "Mozilla/4.0 (compatible; MSIE 7.0; Windows NT 6.1; WOW64; Trident/5.0; SLCC2; .NET CLR 2.0.50727; .NET CLR 3.5.30729; .NET CLR 3.0.30729; Media Center PC 6.0; InfoPath.3; .NET4.0C; .NET4.0E)" 18722
192.168.12.77 - - [17/Feb/2013:07:38:26 +0600] "GET /pause/ajaxPause?pauseConfigId=&admin=0 HTTP/1.1" 200 1039 "http://callider/pause/index" "Mozilla/4.0 (compatible; MSIE 7.0; Windows NT 6.1; Trident/5.0; SLCC2; .NET CLR 2.0.50727; .NET CLR 3.5.30729; .NET CLR 3.0.30729; Media Center PC 6.0; Tablet PC 2.0; InfoPath.3; .NET4.0C; .NET4.0E; MS-RTC LM 8)" 14789
192.168.65.56 - - [17/Feb/2013:07:38:26 +0600] "GET /pause/ajaxPause?pauseConfigId=all&admin=1 HTTP/1.1" 200 1047 "http://192.168.65.101/pause/index" "Mozilla/5.0 (Windows NT 5.1; rv:15.0) Gecko/20100101 Firefox/15.0" 50241
192.168.12.61 - - [17/Feb/2013:07:38:27 +0600] "GET /pause/ajaxPause?pauseConfigId=&admin=0 HTTP/1.1" 200 985 "http://callider/pause/index" "Mozilla/4.0 (compatible; MSIE 7.0; Windows NT 6.1; Trident/5.0; SLCC2; .NET CLR 2.0.50727; .NET CLR 3.5.30729; .NET CLR 3.0.30729; Media Center PC 6.0; InfoPath.3; .NET4.0C; .NET4.0E)" 19843
192.168.12.60 - - [17/Feb/2013:07:38:28 +0600] "GET /pause/ajaxPause?pauseConfigId=&admin=0 HTTP/1.1" 200 986 "http://callider/pause/index" "Mozilla/4.0 (compatible; MSIE 8.0; Windows NT 6.1; Trident/4.0; InfoPath.3; .NET4.0C; MS-RTC LM 8; .NET4.0E)" 26385
192.168.12.204 - - [17/Feb/2013:07:38:29 +0600] "GET /pause/ajaxPause?pauseConfigId=&admin=0 HTTP/1.1" 200 986 "http://callider/pause/index" "Mozilla/4.0 (compatible; MSIE 7.0; Windows NT 6.1; WOW64; Trident/4.0; SLCC2; .NET CLR 2.0.50727; .NET CLR 3.5.30729; .NET CLR 3.0.30729; Media Center PC 6.0; InfoPath.3; .NET4.0C; .NET4.0E; .NET CLR 1.1.4322)" 25576
192.168.74.78 - - [17/Feb/2013:07:38:29 +0600] "GET /pause/ajaxPause?pauseConfigId=&admin=0 HTTP/1.1" 200 986 "http://callider/pause/index" "Mozilla/4.0 (compatible; MSIE 7.0; Windows NT 6.1; WOW64; Trident/5.0; SLCC2; .NET CLR 2.0.50727; .NET CLR 3.5.30729; .NET CLR 3.0.30729; Media Center PC 6.0; InfoPath.3; .NET4.0C; MS-RTC LM 8; .NET4.0E)" 17797
192.168.12.69 - - [17/Feb/2013:07:38:30 +0600] "GET /pause/ajaxPause?pauseConfigId=&admin=0 HTTP/1.1" 200 986 "http://callider/pause/index" "Mozilla/4.0 (compatible; MSIE 7.0; Windows NT 6.1; Trident/5.0; SLCC2; .NET CLR 2.0.50727; .NET CLR 3.5.30729; .NET CLR 3.0.30729; Media Center PC 6.0; InfoPath.3; .NET4.0C; .NET4.0E; Tablet PC 2.0; AskTbFXTV5/5.14.1.20007)" 22179
192.168.74.91 - - [17/Feb/2013:07:38:30 +0600] "GET /pause/ajaxPause?pauseConfigId=&admin=0 HTTP/1.1" 200 986 "http://callider/pause/index" "Mozilla/4.0 (compatible; MSIE 7.0; Windows NT 6.1; WOW64; Trident/5.0; SLCC2; .NET CLR 2.0.50727; .NET CLR 3.5.30729; .NET CLR 3.0.30729; Media Center PC 6.0; InfoPath.3; .NET4.0C; MS-RTC LM 8; .NET4.0E)" 20771
192.168.74.151 - - [17/Feb/2013:07:38:30 +0600] "GET /pause/ajaxPause?pauseConfigId=&admin=0 HTTP/1.1" 200 987 "http://callider.kontur/pause/index" "Mozilla/5.0 (Windows NT 6.1; WOW64; rv:18.0) Gecko/20100101 Firefox/18.0" 17955
192.168.12.210 - - [17/Feb/2013:07:38:30 +0600] "GET /pause/ajaxPause?pauseConfigId=all&admin=1 HTTP/1.1" 200 1047 "http://callider/pause/index" "Mozilla/4.0 (compatible; MSIE 7.0; Windows NT 6.1; WOW64; Trident/5.0; SLCC2; .NET CLR 2.0.50727; .NET CLR 3.5.30729; .NET CLR 3.0.30729; Media Center PC 6.0; InfoPath.3; .NET4.0C; .NET4.0E)" 18784
192.168.12.38 - - [17/Feb/2013:07:38:31 +0600] "GET /pause/ajaxPause?pauseConfigId=&admin=0 HTTP/1.1" 200 1040 "http://callider/pause/index" "Mozilla/4.0 (compatible; MSIE 7.0; Windows NT 6.1; WOW64; Trident/5.0; SLCC2; .NET CLR 2.0.50727; .NET CLR 3.5.30729; .NET CLR 3.0.30729; Media Center PC 6.0; InfoPath.3; .NET4.0C; .NET4.0E)" 15582
192.168.12.77 - - [17/Feb/2013:07:38:31 +0600] "GET /pause/ajaxPause?pauseConfigId=&admin=0 HTTP/1.1" 200 1039 "http://callider/pause/index" "Mozilla/4.0 (compatible; MSIE 7.0; Windows NT 6.1; Trident/5.0; SLCC2; .NET CLR 2.0.50727; .NET CLR 3.5.30729; .NET CLR 3.0.30729; Media Center PC 6.0; Tablet PC 2.0; InfoPath.3; .NET4.0C; .NET4.0E; MS-RTC LM 8)" 14880
192.168.65.56 - - [17/Feb/2013:07:38:31 +0600] "GET /pause/ajaxPause?pauseConfigId=all&admin=1 HTTP/1.1" 200 1046 "http://192.168.65.101/pause/index" "Mozilla/5.0 (Windows NT 5.1; rv:15.0) Gecko/20100101 Firefox/15.0" 29523
192.168.12.61 - - [17/Feb/2013:07:38:32 +0600] "GET /pause/ajaxPause?pauseConfigId=&admin=0 HTTP/1.1" 200 986 "http://callider/pause/index" "Mozilla/4.0 (compatible; MSIE 7.0; Windows NT 6.1; Trident/5.0; SLCC2; .NET CLR 2.0.50727; .NET CLR 3.5.30729; .NET CLR 3.0.30729; Media Center PC 6.0; InfoPath.3; .NET4.0C; .NET4.0E)" 34501
192.168.12.60 - - [17/Feb/2013:07:38:33 +0600] "GET /pause/ajaxPause?pauseConfigId=&admin=0 HTTP/1.1" 200 986 "http://callider/pause/index" "Mozilla/4.0 (compatible; MSIE 8.0; Windows NT 6.1; Trident/4.0; InfoPath.3; .NET4.0C; MS-RTC LM 8; .NET4.0E)" 20672
192.168.12.204 - - [17/Feb/2013:07:38:34 +0600] "GET /pause/ajaxPause?pauseConfigId=&admin=0 HTTP/1.1" 200 986 "http://callider/pause/index" "Mozilla/4.0 (compatible; MSIE 7.0; Windows NT 6.1; WOW64; Trident/4.0; SLCC2; .NET CLR 2.0.50727; .NET CLR 3.5.30729; .NET CLR 3.0.30729; Media Center PC 6.0; InfoPath.3; .NET4.0C; .NET4.0E; .NET CLR 1.1.4322)" 19216
192.168.74.78 - - [17/Feb/2013:07:38:34 +0600] "GET /pause/ajaxPause?pauseConfigId=&admin=0 HTTP/1.1" 200 986 "http://callider/pause/index" "Mozilla/4.0 (compatible; MSIE 7.0; Windows NT 6.1; WOW64; Trident/5.0; SLCC2; .NET CLR 2.0.50727; .NET CLR 3.5.30729; .NET CLR 3.0.30729; Media Center PC 6.0; InfoPath.3; .NET4.0C; MS-RTC LM 8; .NET4.0E)" 21435
192.168.12.67 - - [17/Feb/2013:07:38:34 +0600] "GET /tv/useUser HTTP/1.1" 200 432 "http://callider/graph/personal" "Mozilla/4.0 (compatible; MSIE 7.0; Windows NT 6.1; Trident/5.0; SLCC2; .NET CLR 2.0.50727; .NET CLR 3.5.30729; .NET CLR 3.0.30729; Media Center PC 6.0; .NET4.0C; .NET4.0E; InfoPath.3; Tablet PC 2.0; MS-RTC LM 8)" 19694
192.168.12.69 - - [17/Feb/2013:07:38:35 +0600] "GET /pause/ajaxPause?pauseConfigId=&admin=0 HTTP/1.1" 200 986 "http://callider/pause/index" "Mozilla/4.0 (compatible; MSIE 7.0; Windows NT 6.1; Trident/5.0; SLCC2; .NET CLR 2.0.50727; .NET CLR 3.5.30729; .NET CLR 3.0.30729; Media Center PC 6.0; InfoPath.3; .NET4.0C; .NET4.0E; Tablet PC 2.0; AskTbFXTV5/5.14.1.20007)" 18629
192.168.74.91 - - [17/Feb/2013:07:38:35 +0600] "GET /pause/ajaxPause?pauseConfigId=&admin=0 HTTP/1.1" 200 986 "http://callider/pause/index" "Mozilla/4.0 (compatible; MSIE 7.0; Windows NT 6.1; WOW64; Trident/5.0; SLCC2; .NET CLR 2.0.50727; .NET CLR 3.5.30729; .NET CLR 3.0.30729; Media Center PC 6.0; InfoPath.3; .NET4.0C; MS-RTC LM 8; .NET4.0E)" 19719
192.168.74.151 - - [17/Feb/2013:07:38:35 +0600] "GET /pause/ajaxPause?pauseConfigId=&admin=0 HTTP/1.1" 200 987 "http://callider.kontur/pause/index" "Mozilla/5.0 (Windows NT 6.1; WOW64; rv:18.0) Gecko/20100101 Firefox/18.0" 19356
192.168.12.210 - - [17/Feb/2013:07:38:35 +0600] "GET /pause/ajaxPause?pauseConfigId=all&admin=1 HTTP/1.1" 200 1047 "http://callider/pause/index" "Mozilla/4.0 (compatible; MSIE 7.0; Windows NT 6.1; WOW64; Trident/5.0; SLCC2; .NET CLR 2.0.50727; .NET CLR 3.5.30729; .NET CLR 3.0.30729; Media Center PC 6.0; InfoPath.3; .NET4.0C; .NET4.0E)" 18477
192.168.12.38 - - [17/Feb/2013:07:38:36 +0600] "GET /pause/ajaxPause?pauseConfigId=&admin=0 HTTP/1.1" 200 1040 "http://callider/pause/index" "Mozilla/4.0 (compatible; MSIE 7.0; Windows NT 6.1; WOW64; Trident/5.0; SLCC2; .NET CLR 2.0.50727; .NET CLR 3.5.30729; .NET CLR 3.0.30729; Media Center PC 6.0; InfoPath.3; .NET4.0C; .NET4.0E)" 15122
192.168.12.77 - - [17/Feb/2013:07:38:36 +0600] "GET /pause/ajaxPause?pauseConfigId=&admin=0 HTTP/1.1" 200 1039 "http://callider/pause/index" "Mozilla/4.0 (compatible; MSIE 7.0; Windows NT 6.1; Trident/5.0; SLCC2; .NET CLR 2.0.50727; .NET CLR 3.5.30729; .NET CLR 3.0.30729; Media Center PC 6.0; Tablet PC 2.0; InfoPath.3; .NET4.0C; .NET4.0E; MS-RTC LM 8)" 13783
192.168.65.56 - - [17/Feb/2013:07:38:36 +0600] "GET /pause/ajaxPause?pauseConfigId=all&admin=1 HTTP/1.1" 200 1046 "http://192.168.65.101/pause/index" "Mozilla/5.0 (Windows NT 5.1; rv:15.0) Gecko/20100101 Firefox/15.0" 30300
192.168.12.61 - - [17/Feb/2013:07:38:37 +0600] "GET /pause/ajaxPause?pauseConfigId=&admin=0 HTTP/1.1" 200 985 "http://callider/pause/index" "Mozilla/4.0 (compatible; MSIE 7.0; Windows NT 6.1; Trident/5.0; SLCC2; .NET CLR 2.0.50727; .NET CLR 3.5.30729; .NET CLR 3.0.30729; Media Center PC 6.0; InfoPath.3; .NET4.0C; .NET4.0E)" 19570
192.168.74.93 - - [17/Feb/2013:07:38:38 +0600] "GET /tv/useUser HTTP/1.1" 200 432 "http://callider/graph/personal" "Mozilla/4.0 (compatible; MSIE 7.0; Windows NT 6.1; WOW64; Trident/5.0; SLCC2; .NET CLR 2.0.50727; .NET CLR 3.5.30729; .NET CLR 3.0.30729; Media Center PC 6.0; InfoPath.3; .NET4.0C; .NET4.0E)" 15999
192.168.12.60 - - [17/Feb/2013:07:38:38 +0600] "GET /pause/ajaxPause?pauseConfigId=&admin=0 HTTP/1.1" 200 986 "http://callider/pause/index" "Mozilla/4.0 (compatible; MSIE 8.0; Windows NT 6.1; Trident/4.0; InfoPath.3; .NET4.0C; MS-RTC LM 8; .NET4.0E)" 21672
192.168.12.204 - - [17/Feb/2013:07:38:39 +0600] "GET /pause/ajaxPause?pauseConfigId=&admin=0 HTTP/1.1" 200 986 "http://callider/pause/index" "Mozilla/4.0 (compatible; MSIE 7.0; Windows NT 6.1; WOW64; Trident/4.0; SLCC2; .NET CLR 2.0.50727; .NET CLR 3.5.30729; .NET CLR 3.0.30729; Media Center PC 6.0; InfoPath.3; .NET4.0C; .NET4.0E; .NET CLR 1.1.4322)" 18033
192.168.74.78 - - [17/Feb/2013:07:38:39 +0600] "GET /pause/ajaxPause?pauseConfigId=&admin=0 HTTP/1.1" 200 986 "http://callider/pause/index" "Mozilla/4.0 (compatible; MSIE 7.0; Windows NT 6.1; WOW64; Trident/5.0; SLCC2; .NET CLR 2.0.50727; .NET CLR 3.5.30729; .NET CLR 3.0.30729; Media Center PC 6.0; InfoPath.3; .NET4.0C; MS-RTC LM 8; .NET4.0E)" 22159
192.168.12.210 - - [17/Feb/2013:07:38:39 +0600] "GET /tv/useUser HTTP/1.1" 200 431 "http://callider/graph/general" "Mozilla/4.0 (compatible; MSIE 7.0; Windows NT 6.1; WOW64; Trident/5.0; SLCC2; .NET CLR 2.0.50727; .NET CLR 3.5.30729; .NET CLR 3.0.30729; Media Center PC 6.0; InfoPath.3; .NET4.0C; .NET4.0E)" 9134
192.168.12.69 - - [17/Feb/2013:07:38:40 +0600] "GET /pause/ajaxPause?pauseConfigId=&admin=0 HTTP/1.1" 200 986 "http://callider/pause/index" "Mozilla/4.0 (compatible; MSIE 7.0; Windows NT 6.1; Trident/5.0; SLCC2; .NET CLR 2.0.50727; .NET CLR 3.5.30729; .NET CLR 3.0.30729; Media Center PC 6.0; InfoPath.3; .NET4.0C; .NET4.0E; Tablet PC 2.0; AskTbFXTV5/5.14.1.20007)" 17730
192.168.74.91 - - [17/Feb/2013:07:38:40 +0600] "GET /pause/ajaxPause?pauseConfigId=&admin=0 HTTP/1.1" 200 986 "http://callider/pause/index" "Mozilla/4.0 (compatible; MSIE 7.0; Windows NT 6.1; WOW64; Trident/5.0; SLCC2; .NET CLR 2.0.50727; .NET CLR 3.5.30729; .NET CLR 3.0.30729; Media Center PC 6.0; InfoPath.3; .NET4.0C; MS-RTC LM 8; .NET4.0E)" 22782
192.168.74.151 - - [17/Feb/2013:07:38:40 +0600] "GET /pause/ajaxPause?pauseConfigId=&admin=0 HTTP/1.1" 200 987 "http://callider.kontur/pause/index" "Mozilla/5.0 (Windows NT 6.1; WOW64; rv:18.0) Gecko/20100101 Firefox/18.0" 23450
192.168.12.210 - - [17/Feb/2013:07:38:40 +0600] "GET /pause/ajaxPause?pauseConfigId=all&admin=1 HTTP/1.1" 200 1047 "http://callider/pause/index" "Mozilla/4.0 (compatible; MSIE 7.0; Windows NT 6.1; WOW64; Trident/5.0; SLCC2; .NET CLR 2.0.50727; .NET CLR 3.5.30729; .NET CLR 3.0.30729; Media Center PC 6.0; InfoPath.3; .NET4.0C; .NET4.0E)" 20867
192.168.12.9 - - [17/Feb/2013:07:38:40 +0600] "GET /tv/useUser HTTP/1.1" 200 432 "http://callider.kontur/site/index" "Mozilla/5.0 (Windows NT 6.1; WOW64) AppleWebKit/537.17 (KHTML, like Gecko) Chrome/24.0.1312.57 Safari/537.17" 14831
192.168.12.38 - - [17/Feb/2013:07:38:41 +0600] "GET /pause/ajaxPause?pauseConfigId=&admin=0 HTTP/1.1" 200 1040 "http://callider/pause/index" "Mozilla/4.0 (compatible; MSIE 7.0; Windows NT 6.1; WOW64; Trident/5.0; SLCC2; .NET CLR 2.0.50727; .NET CLR 3.5.30729; .NET CLR 3.0.30729; Media Center PC 6.0; InfoPath.3; .NET4.0C; .NET4.0E)" 17078
192.168.12.77 - - [17/Feb/2013:07:38:41 +0600] "GET /pause/ajaxPause?pauseConfigId=&admin=0 HTTP/1.1" 200 1039 "http://callider/pause/index" "Mozilla/4.0 (compatible; MSIE 7.0; Windows NT 6.1; Trident/5.0; SLCC2; .NET CLR 2.0.50727; .NET CLR 3.5.30729; .NET CLR 3.0.30729; Media Center PC 6.0; Tablet PC 2.0; InfoPath.3; .NET4.0C; .NET4.0E; MS-RTC LM 8)" 14230
192.168.65.56 - - [17/Feb/2013:07:38:41 +0600] "GET /pause/ajaxPause?pauseConfigId=all&admin=1 HTTP/1.1" 200 1046 "http://192.168.65.101/pause/index" "Mozilla/5.0 (Windows NT 5.1; rv:15.0) Gecko/20100101 Firefox/15.0" 32775
192.168.12.61 - - [17/Feb/2013:07:38:42 +0600] "GET /pause/ajaxPause?pauseConfigId=&admin=0 HTTP/1.1" 200 985 "http://callider/pause/index" "Mozilla/4.0 (compatible; MSIE 7.0; Windows NT 6.1; Trident/5.0; SLCC2; .NET CLR 2.0.50727; .NET CLR 3.5.30729; .NET CLR 3.0.30729; Media Center PC 6.0; InfoPath.3; .NET4.0C; .NET4.0E)" 20286
192.168.12.60 - - [17/Feb/2013:07:38:43 +0600] "GET /pause/ajaxPause?pauseConfigId=&admin=0 HTTP/1.1" 200 986 "http://callider/pause/index" "Mozilla/4.0 (compatible; MSIE 8.0; Windows NT 6.1; Trident/4.0; InfoPath.3; .NET4.0C; MS-RTC LM 8; .NET4.0E)" 19269
192.168.12.204 - - [17/Feb/2013:07:38:44 +0600] "GET /pause/ajaxPause?pauseConfigId=&admin=0 HTTP/1.1" 200 986 "http://callider/pause/index" "Mozilla/4.0 (compatible; MSIE 7.0; Windows NT 6.1; WOW64; Trident/4.0; SLCC2; .NET CLR 2.0.50727; .NET CLR 3.5.30729; .NET CLR 3.0.30729; Media Center PC 6.0; InfoPath.3; .NET4.0C; .NET4.0E; .NET CLR 1.1.4322)" 18418
192.168.74.78 - - [17/Feb/2013:07:38:44 +0600] "GET /pause/ajaxPause?pauseConfigId=&admin=0 HTTP/1.1" 200 986 "http://callider/pause/index" "Mozilla/4.0 (compatible; MSIE 7.0; Windows NT 6.1; WOW64; Trident/5.0; SLCC2; .NET CLR 2.0.50727; .NET CLR 3.5.30729; .NET CLR 3.0.30729; Media Center PC 6.0; InfoPath.3; .NET4.0C; MS-RTC LM 8; .NET4.0E)" 19571
192.168.12.69 - - [17/Feb/2013:07:38:45 +0600] "GET /pause/ajaxPause?pauseConfigId=&admin=0 HTTP/1.1" 200 986 "http://callider/pause/index" "Mozilla/4.0 (compatible; MSIE 7.0; Windows NT 6.1; Trident/5.0; SLCC2; .NET CLR 2.0.50727; .NET CLR 3.5.30729; .NET CLR 3.0.30729; Media Center PC 6.0; InfoPath.3; .NET4.0C; .NET4.0E; Tablet PC 2.0; AskTbFXTV5/5.14.1.20007)" 24107
192.168.74.91 - - [17/Feb/2013:07:38:45 +0600] "GET /pause/ajaxPause?pauseConfigId=&admin=0 HTTP/1.1" 200 986 "http://callider/pause/index" "Mozilla/4.0 (compatible; MSIE 7.0; Windows NT 6.1; WOW64; Trident/5.0; SLCC2; .NET CLR 2.0.50727; .NET CLR 3.5.30729; .NET CLR 3.0.30729; Media Center PC 6.0; InfoPath.3; .NET4.0C; MS-RTC LM 8; .NET4.0E)" 19154
192.168.74.151 - - [17/Feb/2013:07:38:45 +0600] "GET /pause/ajaxPause?pauseConfigId=&admin=0 HTTP/1.1" 200 987 "http://callider.kontur/pause/index" "Mozilla/5.0 (Windows NT 6.1; WOW64; rv:18.0) Gecko/20100101 Firefox/18.0" 19389
192.168.12.210 - - [17/Feb/2013:07:38:45 +0600] "GET /pause/ajaxPause?pauseConfigId=all&admin=1 HTTP/1.1" 200 1047 "http://callider/pause/index" "Mozilla/4.0 (compatible; MSIE 7.0; Windows NT 6.1; WOW64; Trident/5.0; SLCC2; .NET CLR 2.0.50727; .NET CLR 3.5.30729; .NET CLR 3.0.30729; Media Center PC 6.0; InfoPath.3; .NET4.0C; .NET4.0E)" 20953
192.168.12.38 - - [17/Feb/2013:07:38:46 +0600] "GET /pause/ajaxPause?pauseConfigId=&admin=0 HTTP/1.1" 200 1040 "http://callider/pause/index" "Mozilla/4.0 (compatible; MSIE 7.0; Windows NT 6.1; WOW64; Trident/5.0; SLCC2; .NET CLR 2.0.50727; .NET CLR 3.5.30729; .NET CLR 3.0.30729; Media Center PC 6.0; InfoPath.3; .NET4.0C; .NET4.0E)" 15943
192.168.12.77 - - [17/Feb/2013:07:38:46 +0600] "GET /pause/ajaxPause?pauseConfigId=&admin=0 HTTP/1.1" 200 1039 "http://callider/pause/index" "Mozilla/4.0 (compatible; MSIE 7.0; Windows NT 6.1; Trident/5.0; SLCC2; .NET CLR 2.0.50727; .NET CLR 3.5.30729; .NET CLR 3.0.30729; Media Center PC 6.0; Tablet PC 2.0; InfoPath.3; .NET4.0C; .NET4.0E; MS-RTC LM 8)" 13178
192.168.65.56 - - [17/Feb/2013:07:38:46 +0600] "GET /pause/ajaxPause?pauseConfigId=all&admin=1 HTTP/1.1" 200 1046 "http://192.168.65.101/pause/index" "Mozilla/5.0 (Windows NT 5.1; rv:15.0) Gecko/20100101 Firefox/15.0" 32146
192.168.12.61 - - [17/Feb/2013:07:38:47 +0600] "GET /pause/ajaxPause?pauseConfigId=&admin=0 HTTP/1.1" 200 985 "http://callider/pause/index" "Mozilla/4.0 (compatible; MSIE 7.0; Windows NT 6.1; Trident/5.0; SLCC2; .NET CLR 2.0.50727; .NET CLR 3.5.30729; .NET CLR 3.0.30729; Media Center PC 6.0; InfoPath.3; .NET4.0C; .NET4.0E)" 16554
192.168.12.60 - - [17/Feb/2013:07:38:48 +0600] "GET /pause/ajaxPause?pauseConfigId=&admin=0 HTTP/1.1" 200 986 "http://callider/pause/index" "Mozilla/4.0 (compatible; MSIE 8.0; Windows NT 6.1; Trident/4.0; InfoPath.3; .NET4.0C; MS-RTC LM 8; .NET4.0E)" 21713
192.168.12.204 - - [17/Feb/2013:07:38:49 +0600] "GET /pause/ajaxPause?pauseConfigId=&admin=0 HTTP/1.1" 200 986 "http://callider/pause/index" "Mozilla/4.0 (compatible; MSIE 7.0; Windows NT 6.1; WOW64; Trident/4.0; SLCC2; .NET CLR 2.0.50727; .NET CLR 3.5.30729; .NET CLR 3.0.30729; Media Center PC 6.0; InfoPath.3; .NET4.0C; .NET4.0E; .NET CLR 1.1.4322)" 18653
192.168.12.210 - - [17/Feb/2013:07:38:49 +0600] "GET /tv/useUser HTTP/1.1" 200 431 "http://callider/pause/index" "Mozilla/4.0 (compatible; MSIE 7.0; Windows NT 6.1; WOW64; Trident/5.0; SLCC2; .NET CLR 2.0.50727; .NET CLR 3.5.30729; .NET CLR 3.0.30729; Media Center PC 6.0; InfoPath.3; .NET4.0C; .NET4.0E)" 8414
192.168.74.78 - - [17/Feb/2013:07:38:49 +0600] "GET /pause/ajaxPause?pauseConfigId=&admin=0 HTTP/1.1" 200 986 "http://callider/pause/index" "Mozilla/4.0 (compatible; MSIE 7.0; Windows NT 6.1; WOW64; Trident/5.0; SLCC2; .NET CLR 2.0.50727; .NET CLR 3.5.30729; .NET CLR 3.0.30729; Media Center PC 6.0; InfoPath.3; .NET4.0C; MS-RTC LM 8; .NET4.0E)" 18519
192.168.12.69 - - [17/Feb/2013:07:38:50 +0600] "GET /pause/ajaxPause?pauseConfigId=&admin=0 HTTP/1.1" 200 986 "http://callider/pause/index" "Mozilla/4.0 (compatible; MSIE 7.0; Windows NT 6.1; Trident/5.0; SLCC2; .NET CLR 2.0.50727; .NET CLR 3.5.30729; .NET CLR 3.0.30729; Media Center PC 6.0; InfoPath.3; .NET4.0C; .NET4.0E; Tablet PC 2.0; AskTbFXTV5/5.14.1.20007)" 20389
192.168.74.91 - - [17/Feb/2013:07:38:50 +0600] "GET /pause/ajaxPause?pauseConfigId=&admin=0 HTTP/1.1" 200 986 "http://callider/pause/index" "Mozilla/4.0 (compatible; MSIE 7.0; Windows NT 6.1; WOW64; Trident/5.0; SLCC2; .NET CLR 2.0.50727; .NET CLR 3.5.30729; .NET CLR 3.0.30729; Media Center PC 6.0; InfoPath.3; .NET4.0C; MS-RTC LM 8; .NET4.0E)" 20719
192.168.74.151 - - [17/Feb/2013:07:38:50 +0600] "GET /pause/ajaxPause?pauseConfigId=&admin=0 HTTP/1.1" 200 987 "http://callider.kontur/pause/index" "Mozilla/5.0 (Windows NT 6.1; WOW64; rv:18.0) Gecko/20100101 Firefox/18.0" 20148
192.168.12.210 - - [17/Feb/2013:07:38:50 +0600] "GET /pause/ajaxPause?pauseConfigId=all&admin=1 HTTP/1.1" 200 1047 "http://callider/pause/index" "Mozilla/4.0 (compatible; MSIE 7.0; Windows NT 6.1; WOW64; Trident/5.0; SLCC2; .NET CLR 2.0.50727; .NET CLR 3.5.30729; .NET CLR 3.0.30729; Media Center PC 6.0; InfoPath.3; .NET4.0C; .NET4.0E)" 19287
192.168.12.38 - - [17/Feb/2013:07:38:51 +0600] "GET /pause/ajaxPause?pauseConfigId=&admin=0 HTTP/1.1" 200 1040 "http://callider/pause/index" "Mozilla/4.0 (compatible; MSIE 7.0; Windows NT 6.1; WOW64; Trident/5.0; SLCC2; .NET CLR 2.0.50727; .NET CLR 3.5.30729; .NET CLR 3.0.30729; Media Center PC 6.0; InfoPath.3; .NET4.0C; .NET4.0E)" 18674
192.168.12.77 - - [17/Feb/2013:07:38:51 +0600] "GET /pause/ajaxPause?pauseConfigId=&admin=0 HTTP/1.1" 200 1039 "http://callider/pause/index" "Mozilla/4.0 (compatible; MSIE 7.0; Windows NT 6.1; Trident/5.0; SLCC2; .NET CLR 2.0.50727; .NET CLR 3.5.30729; .NET CLR 3.0.30729; Media Center PC 6.0; Tablet PC 2.0; InfoPath.3; .NET4.0C; .NET4.0E; MS-RTC LM 8)" 13936
192.168.65.56 - - [17/Feb/2013:07:38:51 +0600] "GET /pause/ajaxPause?pauseConfigId=all&admin=1 HTTP/1.1" 200 1046 "http://192.168.65.101/pause/index" "Mozilla/5.0 (Windows NT 5.1; rv:15.0) Gecko/20100101 Firefox/15.0" 32911
192.168.65.56 - - [17/Feb/2013:07:38:51 +0600] "GET /tv/useUser HTTP/1.1" 200 431 "http://192.168.65.101/pause/index" "Mozilla/5.0 (Windows NT 5.1; rv:15.0) Gecko/20100101 Firefox/15.0" 9398
192.168.12.61 - - [17/Feb/2013:07:38:52 +0600] "GET /pause/ajaxPause?pauseConfigId=&admin=0 HTTP/1.1" 200 986 "http://callider/pause/index" "Mozilla/4.0 (compatible; MSIE 7.0; Windows NT 6.1; Trident/5.0; SLCC2; .NET CLR 2.0.50727; .NET CLR 3.5.30729; .NET CLR 3.0.30729; Media Center PC 6.0; InfoPath.3; .NET4.0C; .NET4.0E)" 31441
192.168.12.60 - - [17/Feb/2013:07:38:53 +0600] "GET /pause/ajaxPause?pauseConfigId=&admin=0 HTTP/1.1" 200 986 "http://callider/pause/index" "Mozilla/4.0 (compatible; MSIE 8.0; Windows NT 6.1; Trident/4.0; InfoPath.3; .NET4.0C; MS-RTC LM 8; .NET4.0E)" 19690
192.168.12.204 - - [17/Feb/2013:07:38:54 +0600] "GET /pause/ajaxPause?pauseConfigId=&admin=0 HTTP/1.1" 200 986 "http://callider/pause/index" "Mozilla/4.0 (compatible; MSIE 7.0; Windows NT 6.1; WOW64; Trident/4.0; SLCC2; .NET CLR 2.0.50727; .NET CLR 3.5.30729; .NET CLR 3.0.30729; Media Center PC 6.0; InfoPath.3; .NET4.0C; .NET4.0E; .NET CLR 1.1.4322)" 18362
192.168.74.78 - - [17/Feb/2013:07:38:54 +0600] "GET /pause/ajaxPause?pauseConfigId=&admin=0 HTTP/1.1" 200 986 "http://callider/pause/index" "Mozilla/4.0 (compatible; MSIE 7.0; Windows NT 6.1; WOW64; Trident/5.0; SLCC2; .NET CLR 2.0.50727; .NET CLR 3.5.30729; .NET CLR 3.0.30729; Media Center PC 6.0; InfoPath.3; .NET4.0C; MS-RTC LM 8; .NET4.0E)" 18425
192.168.12.69 - - [17/Feb/2013:07:38:55 +0600] "GET /pause/ajaxPause?pauseConfigId=&admin=0 HTTP/1.1" 200 986 "http://callider/pause/index" "Mozilla/4.0 (compatible; MSIE 7.0; Windows NT 6.1; Trident/5.0; SLCC2; .NET CLR 2.0.50727; .NET CLR 3.5.30729; .NET CLR 3.0.30729; Media Center PC 6.0; InfoPath.3; .NET4.0C; .NET4.0E; Tablet PC 2.0; AskTbFXTV5/5.14.1.20007)" 17179
192.168.74.91 - - [17/Feb/2013:07:38:55 +0600] "GET /pause/ajaxPause?pauseConfigId=&admin=0 HTTP/1.1" 200 986 "http://callider/pause/index" "Mozilla/4.0 (compatible; MSIE 7.0; Windows NT 6.1; WOW64; Trident/5.0; SLCC2; .NET CLR 2.0.50727; .NET CLR 3.5.30729; .NET CLR 3.0.30729; Media Center PC 6.0; InfoPath.3; .NET4.0C; MS-RTC LM 8; .NET4.0E)" 21303
192.168.74.151 - - [17/Feb/2013:07:38:55 +0600] "GET /pause/ajaxPause?pauseConfigId=&admin=0 HTTP/1.1" 200 987 "http://callider.kontur/pause/index" "Mozilla/5.0 (Windows NT 6.1; WOW64; rv:18.0) Gecko/20100101 Firefox/18.0" 20751
192.168.12.210 - - [17/Feb/2013:07:38:55 +0600] "GET /pause/ajaxPause?pauseConfigId=all&admin=1 HTTP/1.1" 200 1048 "http://callider/pause/index" "Mozilla/4.0 (compatible; MSIE 7.0; Windows NT 6.1; WOW64; Trident/5.0; SLCC2; .NET CLR 2.0.50727; .NET CLR 3.5.30729; .NET CLR 3.0.30729; Media Center PC 6.0; InfoPath.3; .NET4.0C; .NET4.0E)" 29195
192.168.12.38 - - [17/Feb/2013:07:38:56 +0600] "GET /pause/ajaxPause?pauseConfigId=&admin=0 HTTP/1.1" 200 1040 "http://callider/pause/index" "Mozilla/4.0 (compatible; MSIE 7.0; Windows NT 6.1; WOW64; Trident/5.0; SLCC2; .NET CLR 2.0.50727; .NET CLR 3.5.30729; .NET CLR 3.0.30729; Media Center PC 6.0; InfoPath.3; .NET4.0C; .NET4.0E)" 16878
192.168.12.77 - - [17/Feb/2013:07:38:56 +0600] "GET /pause/ajaxPause?pauseConfigId=&admin=0 HTTP/1.1" 200 1039 "http://callider/pause/index" "Mozilla/4.0 (compatible; MSIE 7.0; Windows NT 6.1; Trident/5.0; SLCC2; .NET CLR 2.0.50727; .NET CLR 3.5.30729; .NET CLR 3.0.30729; Media Center PC 6.0; Tablet PC 2.0; InfoPath.3; .NET4.0C; .NET4.0E; MS-RTC LM 8)" 16076
192.168.65.56 - - [17/Feb/2013:07:38:56 +0600] "GET /pause/ajaxPause?pauseConfigId=all&admin=1 HTTP/1.1" 200 1046 "http://192.168.65.101/pause/index" "Mozilla/5.0 (Windows NT 5.1; rv:15.0) Gecko/20100101 Firefox/15.0" 27030
192.168.12.61 - - [17/Feb/2013:07:38:57 +0600] "GET /pause/ajaxPause?pauseConfigId=&admin=0 HTTP/1.1" 200 985 "http://callider/pause/index" "Mozilla/4.0 (compatible; MSIE 7.0; Windows NT 6.1; Trident/5.0; SLCC2; .NET CLR 2.0.50727; .NET CLR 3.5.30729; .NET CLR 3.0.30729; Media Center PC 6.0; InfoPath.3; .NET4.0C; .NET4.0E)" 18691
192.168.12.60 - - [17/Feb/2013:07:38:58 +0600] "GET /pause/ajaxPause?pauseConfigId=&admin=0 HTTP/1.1" 200 986 "http://callider/pause/index" "Mozilla/4.0 (compatible; MSIE 8.0; Windows NT 6.1; Trident/4.0; InfoPath.3; .NET4.0C; MS-RTC LM 8; .NET4.0E)" 19843
192.168.12.204 - - [17/Feb/2013:07:38:59 +0600] "GET /pause/ajaxPause?pauseConfigId=&admin=0 HTTP/1.1" 200 986 "http://callider/pause/index" "Mozilla/4.0 (compatible; MSIE 7.0; Windows NT 6.1; WOW64; Trident/4.0; SLCC2; .NET CLR 2.0.50727; .NET CLR 3.5.30729; .NET CLR 3.0.30729; Media Center PC 6.0; InfoPath.3; .NET4.0C; .NET4.0E; .NET CLR 1.1.4322)" 16974
192.168.74.78 - - [17/Feb/2013:07:38:59 +0600] "GET /pause/ajaxPause?pauseConfigId=&admin=0 HTTP/1.1" 200 986 "http://callider/pause/index" "Mozilla/4.0 (compatible; MSIE 7.0; Windows NT 6.1; WOW64; Trident/5.0; SLCC2; .NET CLR 2.0.50727; .NET CLR 3.5.30729; .NET CLR 3.0.30729; Media Center PC 6.0; InfoPath.3; .NET4.0C; MS-RTC LM 8; .NET4.0E)" 19942
192.168.12.69 - - [17/Feb/2013:07:39:00 +0600] "GET /pause/ajaxPause?pauseConfigId=&admin=0 HTTP/1.1" 200 986 "http://callider/pause/index" "Mozilla/4.0 (compatible; MSIE 7.0; Windows NT 6.1; Trident/5.0; SLCC2; .NET CLR 2.0.50727; .NET CLR 3.5.30729; .NET CLR 3.0.30729; Media Center PC 6.0; InfoPath.3; .NET4.0C; .NET4.0E; Tablet PC 2.0; AskTbFXTV5/5.14.1.20007)" 18458
192.168.74.91 - - [17/Feb/2013:07:39:00 +0600] "GET /pause/ajaxPause?pauseConfigId=&admin=0 HTTP/1.1" 200 986 "http://callider/pause/index" "Mozilla/4.0 (compatible; MSIE 7.0; Windows NT 6.1; WOW64; Trident/5.0; SLCC2; .NET CLR 2.0.50727; .NET CLR 3.5.30729; .NET CLR 3.0.30729; Media Center PC 6.0; InfoPath.3; .NET4.0C; MS-RTC LM 8; .NET4.0E)" 20253
192.168.74.151 - - [17/Feb/2013:07:39:00 +0600] "GET /pause/ajaxPause?pauseConfigId=&admin=0 HTTP/1.1" 200 987 "http://callider.kontur/pause/index" "Mozilla/5.0 (Windows NT 6.1; WOW64; rv:18.0) Gecko/20100101 Firefox/18.0" 17007
192.168.12.210 - - [17/Feb/2013:07:39:00 +0600] "GET /pause/ajaxPause?pauseConfigId=all&admin=1 HTTP/1.1" 200 1047 "http://callider/pause/index" "Mozilla/4.0 (compatible; MSIE 7.0; Windows NT 6.1; WOW64; Trident/5.0; SLCC2; .NET CLR 2.0.50727; .NET CLR 3.5.30729; .NET CLR 3.0.30729; Media Center PC 6.0; InfoPath.3; .NET4.0C; .NET4.0E)" 39244
192.168.12.38 - - [17/Feb/2013:07:39:01 +0600] "GET /pause/ajaxPause?pauseConfigId=&admin=0 HTTP/1.1" 200 1040 "http://callider/pause/index" "Mozilla/4.0 (compatible; MSIE 7.0; Windows NT 6.1; WOW64; Trident/5.0; SLCC2; .NET CLR 2.0.50727; .NET CLR 3.5.30729; .NET CLR 3.0.30729; Media Center PC 6.0; InfoPath.3; .NET4.0C; .NET4.0E)" 25666
192.168.12.77 - - [17/Feb/2013:07:39:01 +0600] "GET /pause/ajaxPause?pauseConfigId=&admin=0 HTTP/1.1" 200 1039 "http://callider/pause/index" "Mozilla/4.0 (compatible; MSIE 7.0; Windows NT 6.1; Trident/5.0; SLCC2; .NET CLR 2.0.50727; .NET CLR 3.5.30729; .NET CLR 3.0.30729; Media Center PC 6.0; Tablet PC 2.0; InfoPath.3; .NET4.0C; .NET4.0E; MS-RTC LM 8)" 13942
192.168.65.56 - - [17/Feb/2013:07:39:01 +0600] "GET /pause/ajaxPause?pauseConfigId=all&admin=1 HTTP/1.1" 200 1046 "http://192.168.65.101/pause/index" "Mozilla/5.0 (Windows NT 5.1; rv:15.0) Gecko/20100101 Firefox/15.0" 35425
192.168.12.61 - - [17/Feb/2013:07:39:02 +0600] "GET /pause/ajaxPause?pauseConfigId=&admin=0 HTTP/1.1" 200 985 "http://callider/pause/index" "Mozilla/4.0 (compatible; MSIE 7.0; Windows NT 6.1; Trident/5.0; SLCC2; .NET CLR 2.0.50727; .NET CLR 3.5.30729; .NET CLR 3.0.30729; Media Center PC 6.0; InfoPath.3; .NET4.0C; .NET4.0E)" 19636
192.168.74.139 - - [17/Feb/2013:07:39:03 +0600] "GET /tv/useUser HTTP/1.1" 200 432 "http://callider/graph/personal" "Mozilla/4.0 (compatible; MSIE 7.0; Windows NT 6.1; WOW64; Trident/5.0; SLCC2; .NET CLR 2.0.50727; .NET CLR 3.5.30729; .NET CLR 3.0.30729; Media Center PC 6.0; InfoPath.3; .NET4.0C; .NET4.0E)" 14886
192.168.12.60 - - [17/Feb/2013:07:39:03 +0600] "GET /pause/ajaxPause?pauseConfigId=&admin=0 HTTP/1.1" 200 986 "http://callider/pause/index" "Mozilla/4.0 (compatible; MSIE 8.0; Windows NT 6.1; Trident/4.0; InfoPath.3; .NET4.0C; MS-RTC LM 8; .NET4.0E)" 21817
192.168.12.204 - - [17/Feb/2013:07:39:04 +0600] "GET /pause/ajaxPause?pauseConfigId=&admin=0 HTTP/1.1" 200 986 "http://callider/pause/index" "Mozilla/4.0 (compatible; MSIE 7.0; Windows NT 6.1; WOW64; Trident/4.0; SLCC2; .NET CLR 2.0.50727; .NET CLR 3.5.30729; .NET CLR 3.0.30729; Media Center PC 6.0; InfoPath.3; .NET4.0C; .NET4.0E; .NET CLR 1.1.4322)" 18651
192.168.74.78 - - [17/Feb/2013:07:39:04 +0600] "GET /pause/ajaxPause?pauseConfigId=&admin=0 HTTP/1.1" 200 986 "http://callider/pause/index" "Mozilla/4.0 (compatible; MSIE 7.0; Windows NT 6.1; WOW64; Trident/5.0; SLCC2; .NET CLR 2.0.50727; .NET CLR 3.5.30729; .NET CLR 3.0.30729; Media Center PC 6.0; InfoPath.3; .NET4.0C; MS-RTC LM 8; .NET4.0E)" 18263
192.168.12.69 - - [17/Feb/2013:07:39:05 +0600] "GET /pause/ajaxPause?pauseConfigId=&admin=0 HTTP/1.1" 200 986 "http://callider/pause/index" "Mozilla/4.0 (compatible; MSIE 7.0; Windows NT 6.1; Trident/5.0; SLCC2; .NET CLR 2.0.50727; .NET CLR 3.5.30729; .NET CLR 3.0.30729; Media Center PC 6.0; InfoPath.3; .NET4.0C; .NET4.0E; Tablet PC 2.0; AskTbFXTV5/5.14.1.20007)" 21596
192.168.12.61 - - [17/Feb/2013:07:39:05 +0600] "GET /tv/useUser HTTP/1.1" 200 431 "http://callider/pause/index" "Mozilla/4.0 (compatible; MSIE 7.0; Windows NT 6.1; Trident/5.0; SLCC2; .NET CLR 2.0.50727; .NET CLR 3.5.30729; .NET CLR 3.0.30729; Media Center PC 6.0; InfoPath.3; .NET4.0C; .NET4.0E)" 9693
192.168.74.91 - - [17/Feb/2013:07:39:05 +0600] "GET /pause/ajaxPause?pauseConfigId=&admin=0 HTTP/1.1" 200 986 "http://callider/pause/index" "Mozilla/4.0 (compatible; MSIE 7.0; Windows NT 6.1; WOW64; Trident/5.0; SLCC2; .NET CLR 2.0.50727; .NET CLR 3.5.30729; .NET CLR 3.0.30729; Media Center PC 6.0; InfoPath.3; .NET4.0C; MS-RTC LM 8; .NET4.0E)" 20824
192.168.74.151 - - [17/Feb/2013:07:39:05 +0600] "GET /pause/ajaxPause?pauseConfigId=&admin=0 HTTP/1.1" 200 987 "http://callider.kontur/pause/index" "Mozilla/5.0 (Windows NT 6.1; WOW64; rv:18.0) Gecko/20100101 Firefox/18.0" 18305
192.168.12.210 - - [17/Feb/2013:07:39:05 +0600] "GET /pause/ajaxPause?pauseConfigId=all&admin=1 HTTP/1.1" 200 1047 "http://callider/pause/index" "Mozilla/4.0 (compatible; MSIE 7.0; Windows NT 6.1; WOW64; Trident/5.0; SLCC2; .NET CLR 2.0.50727; .NET CLR 3.5.30729; .NET CLR 3.0.30729; Media Center PC 6.0; InfoPath.3; .NET4.0C; .NET4.0E)" 25762
192.168.12.38 - - [17/Feb/2013:07:39:06 +0600] "GET /pause/ajaxPause?pauseConfigId=&admin=0 HTTP/1.1" 200 1040 "http://callider/pause/index" "Mozilla/4.0 (compatible; MSIE 7.0; Windows NT 6.1; WOW64; Trident/5.0; SLCC2; .NET CLR 2.0.50727; .NET CLR 3.5.30729; .NET CLR 3.0.30729; Media Center PC 6.0; InfoPath.3; .NET4.0C; .NET4.0E)" 19092
192.168.12.77 - - [17/Feb/2013:07:39:06 +0600] "GET /pause/ajaxPause?pauseConfigId=&admin=0 HTTP/1.1" 200 1039 "http://callider/pause/index" "Mozilla/4.0 (compatible; MSIE 7.0; Windows NT 6.1; Trident/5.0; SLCC2; .NET CLR 2.0.50727; .NET CLR 3.5.30729; .NET CLR 3.0.30729; Media Center PC 6.0; Tablet PC 2.0; InfoPath.3; .NET4.0C; .NET4.0E; MS-RTC LM 8)" 13121
192.168.65.56 - - [17/Feb/2013:07:39:06 +0600] "GET /pause/ajaxPause?pauseConfigId=all&admin=1 HTTP/1.1" 200 1046 "http://192.168.65.101/pause/index" "Mozilla/5.0 (Windows NT 5.1; rv:15.0) Gecko/20100101 Firefox/15.0" 30364
192.168.12.61 - - [17/Feb/2013:07:39:07 +0600] "GET /pause/ajaxPause?pauseConfigId=&admin=0 HTTP/1.1" 200 985 "http://callider/pause/index" "Mozilla/4.0 (compatible; MSIE 7.0; Windows NT 6.1; Trident/5.0; SLCC2; .NET CLR 2.0.50727; .NET CLR 3.5.30729; .NET CLR 3.0.30729; Media Center PC 6.0; InfoPath.3; .NET4.0C; .NET4.0E)" 114698
192.168.12.60 - - [17/Feb/2013:07:39:08 +0600] "GET /pause/ajaxPause?pauseConfigId=&admin=0 HTTP/1.1" 200 986 "http://callider/pause/index" "Mozilla/4.0 (compatible; MSIE 8.0; Windows NT 6.1; Trident/4.0; InfoPath.3; .NET4.0C; MS-RTC LM 8; .NET4.0E)" 20730
192.168.12.204 - - [17/Feb/2013:07:39:09 +0600] "GET /pause/ajaxPause?pauseConfigId=&admin=0 HTTP/1.1" 200 986 "http://callider/pause/index" "Mozilla/4.0 (compatible; MSIE 7.0; Windows NT 6.1; WOW64; Trident/4.0; SLCC2; .NET CLR 2.0.50727; .NET CLR 3.5.30729; .NET CLR 3.0.30729; Media Center PC 6.0; InfoPath.3; .NET4.0C; .NET4.0E; .NET CLR 1.1.4322)" 18217
192.168.74.78 - - [17/Feb/2013:07:39:09 +0600] "GET /pause/ajaxPause?pauseConfigId=&admin=0 HTTP/1.1" 200 986 "http://callider/pause/index" "Mozilla/4.0 (compatible; MSIE 7.0; Windows NT 6.1; WOW64; Trident/5.0; SLCC2; .NET CLR 2.0.50727; .NET CLR 3.5.30729; .NET CLR 3.0.30729; Media Center PC 6.0; InfoPath.3; .NET4.0C; MS-RTC LM 8; .NET4.0E)" 19160
192.168.12.69 - - [17/Feb/2013:07:39:10 +0600] "GET /pause/ajaxPause?pauseConfigId=&admin=0 HTTP/1.1" 200 986 "http://callider/pause/index" "Mozilla/4.0 (compatible; MSIE 7.0; Windows NT 6.1; Trident/5.0; SLCC2; .NET CLR 2.0.50727; .NET CLR 3.5.30729; .NET CLR 3.0.30729; Media Center PC 6.0; InfoPath.3; .NET4.0C; .NET4.0E; Tablet PC 2.0; AskTbFXTV5/5.14.1.20007)" 17992
192.168.74.91 - - [17/Feb/2013:07:39:10 +0600] "GET /pause/ajaxPause?pauseConfigId=&admin=0 HTTP/1.1" 200 986 "http://callider/pause/index" "Mozilla/4.0 (compatible; MSIE 7.0; Windows NT 6.1; WOW64; Trident/5.0; SLCC2; .NET CLR 2.0.50727; .NET CLR 3.5.30729; .NET CLR 3.0.30729; Media Center PC 6.0; InfoPath.3; .NET4.0C; MS-RTC LM 8; .NET4.0E)" 18956
192.168.74.151 - - [17/Feb/2013:07:39:10 +0600] "GET /pause/ajaxPause?pauseConfigId=&admin=0 HTTP/1.1" 200 987 "http://callider.kontur/pause/index" "Mozilla/5.0 (Windows NT 6.1; WOW64; rv:18.0) Gecko/20100101 Firefox/18.0" 17760
192.168.12.210 - - [17/Feb/2013:07:39:10 +0600] "GET /pause/ajaxPause?pauseConfigId=all&admin=1 HTTP/1.1" 200 1047 "http://callider/pause/index" "Mozilla/4.0 (compatible; MSIE 7.0; Windows NT 6.1; WOW64; Trident/5.0; SLCC2; .NET CLR 2.0.50727; .NET CLR 3.5.30729; .NET CLR 3.0.30729; Media Center PC 6.0; InfoPath.3; .NET4.0C; .NET4.0E)" 21862
192.168.12.42 - - [17/Feb/2013:07:39:11 +0600] "GET /tv/useUser HTTP/1.1" 200 432 "http://callider/graph/personal" "Mozilla/4.0 (compatible; MSIE 7.0; Windows NT 6.1; WOW64; Trident/5.0; SLCC2; .NET CLR 2.0.50727; .NET CLR 3.5.30729; .NET CLR 3.0.30729; Media Center PC 6.0; InfoPath.3; .NET4.0C; .NET4.0E)" 17418
192.168.12.38 - - [17/Feb/2013:07:39:11 +0600] "GET /pause/ajaxPause?pauseConfigId=&admin=0 HTTP/1.1" 200 1040 "http://callider/pause/index" "Mozilla/4.0 (compatible; MSIE 7.0; Windows NT 6.1; WOW64; Trident/5.0; SLCC2; .NET CLR 2.0.50727; .NET CLR 3.5.30729; .NET CLR 3.0.30729; Media Center PC 6.0; InfoPath.3; .NET4.0C; .NET4.0E)" 16848
192.168.12.77 - - [17/Feb/2013:07:39:11 +0600] "GET /pause/ajaxPause?pauseConfigId=&admin=0 HTTP/1.1" 200 1039 "http://callider/pause/index" "Mozilla/4.0 (compatible; MSIE 7.0; Windows NT 6.1; Trident/5.0; SLCC2; .NET CLR 2.0.50727; .NET CLR 3.5.30729; .NET CLR 3.0.30729; Media Center PC 6.0; Tablet PC 2.0; InfoPath.3; .NET4.0C; .NET4.0E; MS-RTC LM 8)" 14340
192.168.65.56 - - [17/Feb/2013:07:39:11 +0600] "GET /pause/ajaxPause?pauseConfigId=all&admin=1 HTTP/1.1" 200 1046 "http://192.168.65.101/pause/index" "Mozilla/5.0 (Windows NT 5.1; rv:15.0) Gecko/20100101 Firefox/15.0" 31452
192.168.12.61 - - [17/Feb/2013:07:39:12 +0600] "GET /pause/ajaxPause?pauseConfigId=&admin=0 HTTP/1.1" 200 985 "http://callider/pause/index" "Mozilla/4.0 (compatible; MSIE 7.0; Windows NT 6.1; Trident/5.0; SLCC2; .NET CLR 2.0.50727; .NET CLR 3.5.30729; .NET CLR 3.0.30729; Media Center PC 6.0; InfoPath.3; .NET4.0C; .NET4.0E)" 19901
192.168.74.151 - - [17/Feb/2013:07:39:13 +0600] "GET /tv/useUser HTTP/1.1" 200 431 "http://callider.kontur/graph/general" "Mozilla/5.0 (Windows NT 6.1; WOW64; rv:18.0) Gecko/20100101 Firefox/18.0" 12633
192.168.12.60 - - [17/Feb/2013:07:39:13 +0600] "GET /pause/ajaxPause?pauseConfigId=&admin=0 HTTP/1.1" 200 986 "http://callider/pause/index" "Mozilla/4.0 (compatible; MSIE 8.0; Windows NT 6.1; Trident/4.0; InfoPath.3; .NET4.0C; MS-RTC LM 8; .NET4.0E)" 18701
192.168.12.204 - - [17/Feb/2013:07:39:14 +0600] "GET /pause/ajaxPause?pauseConfigId=&admin=0 HTTP/1.1" 200 986 "http://callider/pause/index" "Mozilla/4.0 (compatible; MSIE 7.0; Windows NT 6.1; WOW64; Trident/4.0; SLCC2; .NET CLR 2.0.50727; .NET CLR 3.5.30729; .NET CLR 3.0.30729; Media Center PC 6.0; InfoPath.3; .NET4.0C; .NET4.0E; .NET CLR 1.1.4322)" 18663
192.168.74.78 - - [17/Feb/2013:07:39:14 +0600] "GET /pause/ajaxPause?pauseConfigId=&admin=0 HTTP/1.1" 200 986 "http://callider/pause/index" "Mozilla/4.0 (compatible; MSIE 7.0; Windows NT 6.1; WOW64; Trident/5.0; SLCC2; .NET CLR 2.0.50727; .NET CLR 3.5.30729; .NET CLR 3.0.30729; Media Center PC 6.0; InfoPath.3; .NET4.0C; MS-RTC LM 8; .NET4.0E)" 18774
192.168.12.69 - - [17/Feb/2013:07:39:15 +0600] "GET /pause/ajaxPause?pauseConfigId=&admin=0 HTTP/1.1" 200 986 "http://callider/pause/index" "Mozilla/4.0 (compatible; MSIE 7.0; Windows NT 6.1; Trident/5.0; SLCC2; .NET CLR 2.0.50727; .NET CLR 3.5.30729; .NET CLR 3.0.30729; Media Center PC 6.0; InfoPath.3; .NET4.0C; .NET4.0E; Tablet PC 2.0; AskTbFXTV5/5.14.1.20007)" 23687
192.168.74.91 - - [17/Feb/2013:07:39:15 +0600] "GET /pause/ajaxPause?pauseConfigId=&admin=0 HTTP/1.1" 200 986 "http://callider/pause/index" "Mozilla/4.0 (compatible; MSIE 7.0; Windows NT 6.1; WOW64; Trident/5.0; SLCC2; .NET CLR 2.0.50727; .NET CLR 3.5.30729; .NET CLR 3.0.30729; Media Center PC 6.0; InfoPath.3; .NET4.0C; MS-RTC LM 8; .NET4.0E)" 18456
192.168.74.151 - - [17/Feb/2013:07:39:15 +0600] "GET /pause/ajaxPause?pauseConfigId=&admin=0 HTTP/1.1" 200 987 "http://callider.kontur/pause/index" "Mozilla/5.0 (Windows NT 6.1; WOW64; rv:18.0) Gecko/20100101 Firefox/18.0" 90066
192.168.74.151 - - [17/Feb/2013:07:39:15 +0600] "GET /tv/useUser HTTP/1.1" 200 432 "http://callider.kontur/pause/index" "Mozilla/5.0 (Windows NT 6.1; WOW64; rv:18.0) Gecko/20100101 Firefox/18.0" 75226
192.168.12.210 - - [17/Feb/2013:07:39:15 +0600] "GET /pause/ajaxPause?pauseConfigId=all&admin=1 HTTP/1.1" 200 1047 "http://callider/pause/index" "Mozilla/4.0 (compatible; MSIE 7.0; Windows NT 6.1; WOW64; Trident/5.0; SLCC2; .NET CLR 2.0.50727; .NET CLR 3.5.30729; .NET CLR 3.0.30729; Media Center PC 6.0; InfoPath.3; .NET4.0C; .NET4.0E)" 29686
192.168.12.38 - - [17/Feb/2013:07:39:16 +0600] "GET /pause/ajaxPause?pauseConfigId=&admin=0 HTTP/1.1" 200 1040 "http://callider/pause/index" "Mozilla/4.0 (compatible; MSIE 7.0; Windows NT 6.1; WOW64; Trident/5.0; SLCC2; .NET CLR 2.0.50727; .NET CLR 3.5.30729; .NET CLR 3.0.30729; Media Center PC 6.0; InfoPath.3; .NET4.0C; .NET4.0E)" 17271
192.168.12.77 - - [17/Feb/2013:07:39:16 +0600] "GET /pause/ajaxPause?pauseConfigId=&admin=0 HTTP/1.1" 200 1039 "http://callider/pause/index" "Mozilla/4.0 (compatible; MSIE 7.0; Windows NT 6.1; Trident/5.0; SLCC2; .NET CLR 2.0.50727; .NET CLR 3.5.30729; .NET CLR 3.0.30729; Media Center PC 6.0; Tablet PC 2.0; InfoPath.3; .NET4.0C; .NET4.0E; MS-RTC LM 8)" 13466
192.168.65.56 - - [17/Feb/2013:07:39:16 +0600] "GET /pause/ajaxPause?pauseConfigId=all&admin=1 HTTP/1.1" 200 1046 "http://192.168.65.101/pause/index" "Mozilla/5.0 (Windows NT 5.1; rv:15.0) Gecko/20100101 Firefox/15.0" 31265
192.168.12.61 - - [17/Feb/2013:07:39:17 +0600] "GET /pause/ajaxPause?pauseConfigId=&admin=0 HTTP/1.1" 200 985 "http://callider/pause/index" "Mozilla/4.0 (compatible; MSIE 7.0; Windows NT 6.1; Trident/5.0; SLCC2; .NET CLR 2.0.50727; .NET CLR 3.5.30729; .NET CLR 3.0.30729; Media Center PC 6.0; InfoPath.3; .NET4.0C; .NET4.0E)" 25749
192.168.12.60 - - [17/Feb/2013:07:39:18 +0600] "GET /pause/ajaxPause?pauseConfigId=&admin=0 HTTP/1.1" 200 986 "http://callider/pause/index" "Mozilla/4.0 (compatible; MSIE 8.0; Windows NT 6.1; Trident/4.0; InfoPath.3; .NET4.0C; MS-RTC LM 8; .NET4.0E)" 19086
192.168.74.78 - - [17/Feb/2013:07:39:19 +0600] "GET /pause/ajaxPause?pauseConfigId=&admin=0 HTTP/1.1" 200 986 "http://callider/pause/index" "Mozilla/4.0 (compatible; MSIE 7.0; Windows NT 6.1; WOW64; Trident/5.0; SLCC2; .NET CLR 2.0.50727; .NET CLR 3.5.30729; .NET CLR 3.0.30729; Media Center PC 6.0; InfoPath.3; .NET4.0C; MS-RTC LM 8; .NET4.0E)" 20710
192.168.12.204 - - [17/Feb/2013:07:39:19 +0600] "GET /pause/ajaxPause?pauseConfigId=&admin=0 HTTP/1.1" 200 986 "http://callider/pause/index" "Mozilla/4.0 (compatible; MSIE 7.0; Windows NT 6.1; WOW64; Trident/4.0; SLCC2; .NET CLR 2.0.50727; .NET CLR 3.5.30729; .NET CLR 3.0.30729; Media Center PC 6.0; InfoPath.3; .NET4.0C; .NET4.0E; .NET CLR 1.1.4322)" 43519
192.168.12.10 - - [17/Feb/2013:07:39:19 +0600] "GET /tv/useUser HTTP/1.1" 200 432 "http://callider/graph/personal" "Mozilla/4.0 (compatible; MSIE 7.0; Windows NT 6.1; Trident/5.0; SLCC2; .NET CLR 2.0.50727; .NET CLR 3.5.30729; .NET CLR 3.0.30729; Media Center PC 6.0; InfoPath.3; .NET4.0C; .NET4.0E; Tablet PC 2.0; MS-RTC LM 8)" 18695
192.168.74.139 - - [17/Feb/2013:07:39:19 +0600] "GET /tv/useUser HTTP/1.1" 200 432 "http://callider/site/index" "Mozilla/4.0 (compatible; MSIE 7.0; Windows NT 6.1; WOW64; Trident/5.0; SLCC2; .NET CLR 2.0.50727; .NET CLR 3.5.30729; .NET CLR 3.0.30729; Media Center PC 6.0; InfoPath.3; .NET4.0C; .NET4.0E)" 15941
192.168.12.108 - - [17/Feb/2013:07:39:19 +0600] "GET /tv/useUser HTTP/1.1" 200 432 "http://callider/index.php" "Mozilla/4.0 (compatible; MSIE 7.0; Windows NT 6.2; WOW64; Trident/6.0; .NET4.0E; .NET4.0C; InfoPath.3; .NET CLR 3.5.30729; .NET CLR 2.0.50727; .NET CLR 3.0.30729)" 15481
192.168.12.69 - - [17/Feb/2013:07:39:20 +0600] "GET /pause/ajaxPause?pauseConfigId=&admin=0 HTTP/1.1" 200 986 "http://callider/pause/index" "Mozilla/4.0 (compatible; MSIE 7.0; Windows NT 6.1; Trident/5.0; SLCC2; .NET CLR 2.0.50727; .NET CLR 3.5.30729; .NET CLR 3.0.30729; Media Center PC 6.0; InfoPath.3; .NET4.0C; .NET4.0E; Tablet PC 2.0; AskTbFXTV5/5.14.1.20007)" 20046
192.168.74.91 - - [17/Feb/2013:07:39:20 +0600] "GET /pause/ajaxPause?pauseConfigId=&admin=0 HTTP/1.1" 200 986 "http://callider/pause/index" "Mozilla/4.0 (compatible; MSIE 7.0; Windows NT 6.1; WOW64; Trident/5.0; SLCC2; .NET CLR 2.0.50727; .NET CLR 3.5.30729; .NET CLR 3.0.30729; Media Center PC 6.0; InfoPath.3; .NET4.0C; MS-RTC LM 8; .NET4.0E)" 20084
192.168.74.151 - - [17/Feb/2013:07:39:20 +0600] "GET /pause/ajaxPause?pauseConfigId=&admin=0 HTTP/1.1" 200 987 "http://callider.kontur/pause/index" "Mozilla/5.0 (Windows NT 6.1; WOW64; rv:18.0) Gecko/20100101 Firefox/18.0" 17895
192.168.12.210 - - [17/Feb/2013:07:39:20 +0600] "GET /pause/ajaxPause?pauseConfigId=all&admin=1 HTTP/1.1" 200 1048 "http://callider/pause/index" "Mozilla/4.0 (compatible; MSIE 7.0; Windows NT 6.1; WOW64; Trident/5.0; SLCC2; .NET CLR 2.0.50727; .NET CLR 3.5.30729; .NET CLR 3.0.30729; Media Center PC 6.0; InfoPath.3; .NET4.0C; .NET4.0E)" 27875
192.168.12.38 - - [17/Feb/2013:07:39:21 +0600] "GET /pause/ajaxPause?pauseConfigId=&admin=0 HTTP/1.1" 200 1040 "http://callider/pause/index" "Mozilla/4.0 (compatible; MSIE 7.0; Windows NT 6.1; WOW64; Trident/5.0; SLCC2; .NET CLR 2.0.50727; .NET CLR 3.5.30729; .NET CLR 3.0.30729; Media Center PC 6.0; InfoPath.3; .NET4.0C; .NET4.0E)" 17300
192.168.12.77 - - [17/Feb/2013:07:39:21 +0600] "GET /pause/ajaxPause?pauseConfigId=&admin=0 HTTP/1.1" 200 1039 "http://callider/pause/index" "Mozilla/4.0 (compatible; MSIE 7.0; Windows NT 6.1; Trident/5.0; SLCC2; .NET CLR 2.0.50727; .NET CLR 3.5.30729; .NET CLR 3.0.30729; Media Center PC 6.0; Tablet PC 2.0; InfoPath.3; .NET4.0C; .NET4.0E; MS-RTC LM 8)" 12585
192.168.65.56 - - [17/Feb/2013:07:39:21 +0600] "GET /pause/ajaxPause?pauseConfigId=all&admin=1 HTTP/1.1" 200 1046 "http://192.168.65.101/pause/index" "Mozilla/5.0 (Windows NT 5.1; rv:15.0) Gecko/20100101 Firefox/15.0" 29697
192.168.12.61 - - [17/Feb/2013:07:39:22 +0600] "GET /pause/ajaxPause?pauseConfigId=&admin=0 HTTP/1.1" 200 985 "http://callider/pause/index" "Mozilla/4.0 (compatible; MSIE 7.0; Windows NT 6.1; Trident/5.0; SLCC2; .NET CLR 2.0.50727; .NET CLR 3.5.30729; .NET CLR 3.0.30729; Media Center PC 6.0; InfoPath.3; .NET4.0C; .NET4.0E)" 18507
192.168.12.60 - - [17/Feb/2013:07:39:23 +0600] "GET /pause/ajaxPause?pauseConfigId=&admin=0 HTTP/1.1" 200 986 "http://callider/pause/index" "Mozilla/4.0 (compatible; MSIE 8.0; Windows NT 6.1; Trident/4.0; InfoPath.3; .NET4.0C; MS-RTC LM 8; .NET4.0E)" 21207
192.168.12.204 - - [17/Feb/2013:07:39:24 +0600] "GET /pause/ajaxPause?pauseConfigId=&admin=0 HTTP/1.1" 200 986 "http://callider/pause/index" "Mozilla/4.0 (compatible; MSIE 7.0; Windows NT 6.1; WOW64; Trident/4.0; SLCC2; .NET CLR 2.0.50727; .NET CLR 3.5.30729; .NET CLR 3.0.30729; Media Center PC 6.0; InfoPath.3; .NET4.0C; .NET4.0E; .NET CLR 1.1.4322)" 18386
192.168.74.78 - - [17/Feb/2013:07:39:24 +0600] "GET /pause/ajaxPause?pauseConfigId=&admin=0 HTTP/1.1" 200 986 "http://callider/pause/index" "Mozilla/4.0 (compatible; MSIE 7.0; Windows NT 6.1; WOW64; Trident/5.0; SLCC2; .NET CLR 2.0.50727; .NET CLR 3.5.30729; .NET CLR 3.0.30729; Media Center PC 6.0; InfoPath.3; .NET4.0C; MS-RTC LM 8; .NET4.0E)" 19500
192.168.12.69 - - [17/Feb/2013:07:39:25 +0600] "GET /pause/ajaxPause?pauseConfigId=&admin=0 HTTP/1.1" 200 986 "http://callider/pause/index" "Mozilla/4.0 (compatible; MSIE 7.0; Windows NT 6.1; Trident/5.0; SLCC2; .NET CLR 2.0.50727; .NET CLR 3.5.30729; .NET CLR 3.0.30729; Media Center PC 6.0; InfoPath.3; .NET4.0C; .NET4.0E; Tablet PC 2.0; AskTbFXTV5/5.14.1.20007)" 19593
192.168.74.91 - - [17/Feb/2013:07:39:25 +0600] "GET /pause/ajaxPause?pauseConfigId=&admin=0 HTTP/1.1" 200 986 "http://callider/pause/index" "Mozilla/4.0 (compatible; MSIE 7.0; Windows NT 6.1; WOW64; Trident/5.0; SLCC2; .NET CLR 2.0.50727; .NET CLR 3.5.30729; .NET CLR 3.0.30729; Media Center PC 6.0; InfoPath.3; .NET4.0C; MS-RTC LM 8; .NET4.0E)" 21552
192.168.74.151 - - [17/Feb/2013:07:39:25 +0600] "GET /pause/ajaxPause?pauseConfigId=&admin=0 HTTP/1.1" 200 987 "http://callider.kontur/pause/index" "Mozilla/5.0 (Windows NT 6.1; WOW64; rv:18.0) Gecko/20100101 Firefox/18.0" 20037
192.168.12.210 - - [17/Feb/2013:07:39:25 +0600] "GET /pause/ajaxPause?pauseConfigId=all&admin=1 HTTP/1.1" 200 1047 "http://callider/pause/index" "Mozilla/4.0 (compatible; MSIE 7.0; Windows NT 6.1; WOW64; Trident/5.0; SLCC2; .NET CLR 2.0.50727; .NET CLR 3.5.30729; .NET CLR 3.0.30729; Media Center PC 6.0; InfoPath.3; .NET4.0C; .NET4.0E)" 19663
192.168.12.38 - - [17/Feb/2013:07:39:26 +0600] "GET /pause/ajaxPause?pauseConfigId=&admin=0 HTTP/1.1" 200 1040 "http://callider/pause/index" "Mozilla/4.0 (compatible; MSIE 7.0; Windows NT 6.1; WOW64; Trident/5.0; SLCC2; .NET CLR 2.0.50727; .NET CLR 3.5.30729; .NET CLR 3.0.30729; Media Center PC 6.0; InfoPath.3; .NET4.0C; .NET4.0E)" 16009
192.168.12.77 - - [17/Feb/2013:07:39:26 +0600] "GET /pause/ajaxPause?pauseConfigId=&admin=0 HTTP/1.1" 200 1039 "http://callider/pause/index" "Mozilla/4.0 (compatible; MSIE 7.0; Windows NT 6.1; Trident/5.0; SLCC2; .NET CLR 2.0.50727; .NET CLR 3.5.30729; .NET CLR 3.0.30729; Media Center PC 6.0; Tablet PC 2.0; InfoPath.3; .NET4.0C; .NET4.0E; MS-RTC LM 8)" 14142
192.168.65.56 - - [17/Feb/2013:07:39:26 +0600] "GET /pause/ajaxPause?pauseConfigId=all&admin=1 HTTP/1.1" 200 1046 "http://192.168.65.101/pause/index" "Mozilla/5.0 (Windows NT 5.1; rv:15.0) Gecko/20100101 Firefox/15.0" 36286
192.168.12.61 - - [17/Feb/2013:07:39:27 +0600] "GET /pause/ajaxPause?pauseConfigId=&admin=0 HTTP/1.1" 200 986 "http://callider/pause/index" "Mozilla/4.0 (compatible; MSIE 7.0; Windows NT 6.1; Trident/5.0; SLCC2; .NET CLR 2.0.50727; .NET CLR 3.5.30729; .NET CLR 3.0.30729; Media Center PC 6.0; InfoPath.3; .NET4.0C; .NET4.0E)" 27226
192.168.12.60 - - [17/Feb/2013:07:39:28 +0600] "GET /pause/ajaxPause?pauseConfigId=&admin=0 HTTP/1.1" 200 986 "http://callider/pause/index" "Mozilla/4.0 (compatible; MSIE 8.0; Windows NT 6.1; Trident/4.0; InfoPath.3; .NET4.0C; MS-RTC LM 8; .NET4.0E)" 22103
192.168.12.204 - - [17/Feb/2013:07:39:29 +0600] "GET /pause/ajaxPause?pauseConfigId=&admin=0 HTTP/1.1" 200 986 "http://callider/pause/index" "Mozilla/4.0 (compatible; MSIE 7.0; Windows NT 6.1; WOW64; Trident/4.0; SLCC2; .NET CLR 2.0.50727; .NET CLR 3.5.30729; .NET CLR 3.0.30729; Media Center PC 6.0; InfoPath.3; .NET4.0C; .NET4.0E; .NET CLR 1.1.4322)" 21505
192.168.74.78 - - [17/Feb/2013:07:39:29 +0600] "GET /pause/ajaxPause?pauseConfigId=&admin=0 HTTP/1.1" 200 986 "http://callider/pause/index" "Mozilla/4.0 (compatible; MSIE 7.0; Windows NT 6.1; WOW64; Trident/5.0; SLCC2; .NET CLR 2.0.50727; .NET CLR 3.5.30729; .NET CLR 3.0.30729; Media Center PC 6.0; InfoPath.3; .NET4.0C; MS-RTC LM 8; .NET4.0E)" 22435
192.168.12.69 - - [17/Feb/2013:07:39:30 +0600] "GET /pause/ajaxPause?pauseConfigId=&admin=0 HTTP/1.1" 200 986 "http://callider/pause/index" "Mozilla/4.0 (compatible; MSIE 7.0; Windows NT 6.1; Trident/5.0; SLCC2; .NET CLR 2.0.50727; .NET CLR 3.5.30729; .NET CLR 3.0.30729; Media Center PC 6.0; InfoPath.3; .NET4.0C; .NET4.0E; Tablet PC 2.0; AskTbFXTV5/5.14.1.20007)" 17251
192.168.74.91 - - [17/Feb/2013:07:39:30 +0600] "GET /pause/ajaxPause?pauseConfigId=&admin=0 HTTP/1.1" 200 986 "http://callider/pause/index" "Mozilla/4.0 (compatible; MSIE 7.0; Windows NT 6.1; WOW64; Trident/5.0; SLCC2; .NET CLR 2.0.50727; .NET CLR 3.5.30729; .NET CLR 3.0.30729; Media Center PC 6.0; InfoPath.3; .NET4.0C; MS-RTC LM 8; .NET4.0E)" 19003
192.168.74.151 - - [17/Feb/2013:07:39:30 +0600] "GET /pause/ajaxPause?pauseConfigId=&admin=0 HTTP/1.1" 200 987 "http://callider.kontur/pause/index" "Mozilla/5.0 (Windows NT 6.1; WOW64; rv:18.0) Gecko/20100101 Firefox/18.0" 18063
192.168.12.210 - - [17/Feb/2013:07:39:30 +0600] "GET /pause/ajaxPause?pauseConfigId=all&admin=1 HTTP/1.1" 200 1047 "http://callider/pause/index" "Mozilla/4.0 (compatible; MSIE 7.0; Windows NT 6.1; WOW64; Trident/5.0; SLCC2; .NET CLR 2.0.50727; .NET CLR 3.5.30729; .NET CLR 3.0.30729; Media Center PC 6.0; InfoPath.3; .NET4.0C; .NET4.0E)" 21749
192.168.12.38 - - [17/Feb/2013:07:39:31 +0600] "GET /pause/ajaxPause?pauseConfigId=&admin=0 HTTP/1.1" 200 1040 "http://callider/pause/index" "Mozilla/4.0 (compatible; MSIE 7.0; Windows NT 6.1; WOW64; Trident/5.0; SLCC2; .NET CLR 2.0.50727; .NET CLR 3.5.30729; .NET CLR 3.0.30729; Media Center PC 6.0; InfoPath.3; .NET4.0C; .NET4.0E)" 18176
192.168.12.77 - - [17/Feb/2013:07:39:31 +0600] "GET /pause/ajaxPause?pauseConfigId=&admin=0 HTTP/1.1" 200 1039 "http://callider/pause/index" "Mozilla/4.0 (compatible; MSIE 7.0; Windows NT 6.1; Trident/5.0; SLCC2; .NET CLR 2.0.50727; .NET CLR 3.5.30729; .NET CLR 3.0.30729; Media Center PC 6.0; Tablet PC 2.0; InfoPath.3; .NET4.0C; .NET4.0E; MS-RTC LM 8)" 14094
192.168.65.56 - - [17/Feb/2013:07:39:31 +0600] "GET /pause/ajaxPause?pauseConfigId=all&admin=1 HTTP/1.1" 200 1046 "http://192.168.65.101/pause/index" "Mozilla/5.0 (Windows NT 5.1; rv:15.0) Gecko/20100101 Firefox/15.0" 27364
192.168.12.61 - - [17/Feb/2013:07:39:32 +0600] "GET /pause/ajaxPause?pauseConfigId=&admin=0 HTTP/1.1" 200 985 "http://callider/pause/index" "Mozilla/4.0 (compatible; MSIE 7.0; Windows NT 6.1; Trident/5.0; SLCC2; .NET CLR 2.0.50727; .NET CLR 3.5.30729; .NET CLR 3.0.30729; Media Center PC 6.0; InfoPath.3; .NET4.0C; .NET4.0E)" 29222
192.168.12.60 - - [17/Feb/2013:07:39:33 +0600] "GET /pause/ajaxPause?pauseConfigId=&admin=0 HTTP/1.1" 200 986 "http://callider/pause/index" "Mozilla/4.0 (compatible; MSIE 8.0; Windows NT 6.1; Trident/4.0; InfoPath.3; .NET4.0C; MS-RTC LM 8; .NET4.0E)" 24528
192.168.74.78 - - [17/Feb/2013:07:39:34 +0600] "GET /pause/ajaxPause?pauseConfigId=&admin=0 HTTP/1.1" 200 986 "http://callider/pause/index" "Mozilla/4.0 (compatible; MSIE 7.0; Windows NT 6.1; WOW64; Trident/5.0; SLCC2; .NET CLR 2.0.50727; .NET CLR 3.5.30729; .NET CLR 3.0.30729; Media Center PC 6.0; InfoPath.3; .NET4.0C; MS-RTC LM 8; .NET4.0E)" 18568
192.168.12.204 - - [17/Feb/2013:07:39:34 +0600] "GET /pause/ajaxPause?pauseConfigId=&admin=0 HTTP/1.1" 200 986 "http://callider/pause/index" "Mozilla/4.0 (compatible; MSIE 7.0; Windows NT 6.1; WOW64; Trident/4.0; SLCC2; .NET CLR 2.0.50727; .NET CLR 3.5.30729; .NET CLR 3.0.30729; Media Center PC 6.0; InfoPath.3; .NET4.0C; .NET4.0E; .NET CLR 1.1.4322)" 24127
192.168.12.67 - - [17/Feb/2013:07:39:34 +0600] "GET /tv/useUser HTTP/1.1" 200 432 "http://callider/graph/personal" "Mozilla/4.0 (compatible; MSIE 7.0; Windows NT 6.1; Trident/5.0; SLCC2; .NET CLR 2.0.50727; .NET CLR 3.5.30729; .NET CLR 3.0.30729; Media Center PC 6.0; .NET4.0C; .NET4.0E; InfoPath.3; Tablet PC 2.0; MS-RTC LM 8)" 18645
192.168.12.69 - - [17/Feb/2013:07:39:35 +0600] "GET /pause/ajaxPause?pauseConfigId=&admin=0 HTTP/1.1" 200 986 "http://callider/pause/index" "Mozilla/4.0 (compatible; MSIE 7.0; Windows NT 6.1; Trident/5.0; SLCC2; .NET CLR 2.0.50727; .NET CLR 3.5.30729; .NET CLR 3.0.30729; Media Center PC 6.0; InfoPath.3; .NET4.0C; .NET4.0E; Tablet PC 2.0; AskTbFXTV5/5.14.1.20007)" 22419
192.168.74.91 - - [17/Feb/2013:07:39:35 +0600] "GET /pause/ajaxPause?pauseConfigId=&admin=0 HTTP/1.1" 200 986 "http://callider/pause/index" "Mozilla/4.0 (compatible; MSIE 7.0; Windows NT 6.1; WOW64; Trident/5.0; SLCC2; .NET CLR 2.0.50727; .NET CLR 3.5.30729; .NET CLR 3.0.30729; Media Center PC 6.0; InfoPath.3; .NET4.0C; MS-RTC LM 8; .NET4.0E)" 19644
192.168.74.151 - - [17/Feb/2013:07:39:35 +0600] "GET /pause/ajaxPause?pauseConfigId=&admin=0 HTTP/1.1" 200 987 "http://callider.kontur/pause/index" "Mozilla/5.0 (Windows NT 6.1; WOW64; rv:18.0) Gecko/20100101 Firefox/18.0" 16838
192.168.12.210 - - [17/Feb/2013:07:39:35 +0600] "GET /pause/ajaxPause?pauseConfigId=all&admin=1 HTTP/1.1" 200 1047 "http://callider/pause/index" "Mozilla/4.0 (compatible; MSIE 7.0; Windows NT 6.1; WOW64; Trident/5.0; SLCC2; .NET CLR 2.0.50727; .NET CLR 3.5.30729; .NET CLR 3.0.30729; Media Center PC 6.0; InfoPath.3; .NET4.0C; .NET4.0E)" 20298
192.168.12.38 - - [17/Feb/2013:07:39:36 +0600] "GET /pause/ajaxPause?pauseConfigId=&admin=0 HTTP/1.1" 200 1040 "http://callider/pause/index" "Mozilla/4.0 (compatible; MSIE 7.0; Windows NT 6.1; WOW64; Trident/5.0; SLCC2; .NET CLR 2.0.50727; .NET CLR 3.5.30729; .NET CLR 3.0.30729; Media Center PC 6.0; InfoPath.3; .NET4.0C; .NET4.0E)" 16544
192.168.12.77 - - [17/Feb/2013:07:39:36 +0600] "GET /pause/ajaxPause?pauseConfigId=&admin=0 HTTP/1.1" 200 1039 "http://callider/pause/index" "Mozilla/4.0 (compatible; MSIE 7.0; Windows NT 6.1; Trident/5.0; SLCC2; .NET CLR 2.0.50727; .NET CLR 3.5.30729; .NET CLR 3.0.30729; Media Center PC 6.0; Tablet PC 2.0; InfoPath.3; .NET4.0C; .NET4.0E; MS-RTC LM 8)" 16767
192.168.65.56 - - [17/Feb/2013:07:39:36 +0600] "GET /pause/ajaxPause?pauseConfigId=all&admin=1 HTTP/1.1" 200 1046 "http://192.168.65.101/pause/index" "Mozilla/5.0 (Windows NT 5.1; rv:15.0) Gecko/20100101 Firefox/15.0" 30488
192.168.12.61 - - [17/Feb/2013:07:39:37 +0600] "GET /pause/ajaxPause?pauseConfigId=&admin=0 HTTP/1.1" 200 985 "http://callider/pause/index" "Mozilla/4.0 (compatible; MSIE 7.0; Windows NT 6.1; Trident/5.0; SLCC2; .NET CLR 2.0.50727; .NET CLR 3.5.30729; .NET CLR 3.0.30729; Media Center PC 6.0; InfoPath.3; .NET4.0C; .NET4.0E)" 20927
192.168.74.93 - - [17/Feb/2013:07:39:38 +0600] "GET /tv/useUser HTTP/1.1" 200 432 "http://callider/graph/personal" "Mozilla/4.0 (compatible; MSIE 7.0; Windows NT 6.1; WOW64; Trident/5.0; SLCC2; .NET CLR 2.0.50727; .NET CLR 3.5.30729; .NET CLR 3.0.30729; Media Center PC 6.0; InfoPath.3; .NET4.0C; .NET4.0E)" 18375
192.168.12.60 - - [17/Feb/2013:07:39:38 +0600] "GET /pause/ajaxPause?pauseConfigId=&admin=0 HTTP/1.1" 200 986 "http://callider/pause/index" "Mozilla/4.0 (compatible; MSIE 8.0; Windows NT 6.1; Trident/4.0; InfoPath.3; .NET4.0C; MS-RTC LM 8; .NET4.0E)" 22113
192.168.74.78 - - [17/Feb/2013:07:39:39 +0600] "GET /pause/ajaxPause?pauseConfigId=&admin=0 HTTP/1.1" 200 986 "http://callider/pause/index" "Mozilla/4.0 (compatible; MSIE 7.0; Windows NT 6.1; WOW64; Trident/5.0; SLCC2; .NET CLR 2.0.50727; .NET CLR 3.5.30729; .NET CLR 3.0.30729; Media Center PC 6.0; InfoPath.3; .NET4.0C; MS-RTC LM 8; .NET4.0E)" 26843
192.168.12.204 - - [17/Feb/2013:07:39:39 +0600] "GET /pause/ajaxPause?pauseConfigId=&admin=0 HTTP/1.1" 200 986 "http://callider/pause/index" "Mozilla/4.0 (compatible; MSIE 7.0; Windows NT 6.1; WOW64; Trident/4.0; SLCC2; .NET CLR 2.0.50727; .NET CLR 3.5.30729; .NET CLR 3.0.30729; Media Center PC 6.0; InfoPath.3; .NET4.0C; .NET4.0E; .NET CLR 1.1.4322)" 17900
192.168.12.210 - - [17/Feb/2013:07:39:39 +0600] "GET /tv/useUser HTTP/1.1" 200 431 "http://callider/graph/general" "Mozilla/4.0 (compatible; MSIE 7.0; Windows NT 6.1; WOW64; Trident/5.0; SLCC2; .NET CLR 2.0.50727; .NET CLR 3.5.30729; .NET CLR 3.0.30729; Media Center PC 6.0; InfoPath.3; .NET4.0C; .NET4.0E)" 7842
192.168.12.69 - - [17/Feb/2013:07:39:40 +0600] "GET /pause/ajaxPause?pauseConfigId=&admin=0 HTTP/1.1" 200 986 "http://callider/pause/index" "Mozilla/4.0 (compatible; MSIE 7.0; Windows NT 6.1; Trident/5.0; SLCC2; .NET CLR 2.0.50727; .NET CLR 3.5.30729; .NET CLR 3.0.30729; Media Center PC 6.0; InfoPath.3; .NET4.0C; .NET4.0E; Tablet PC 2.0; AskTbFXTV5/5.14.1.20007)" 20270
192.168.74.91 - - [17/Feb/2013:07:39:40 +0600] "GET /pause/ajaxPause?pauseConfigId=&admin=0 HTTP/1.1" 200 986 "http://callider/pause/index" "Mozilla/4.0 (compatible; MSIE 7.0; Windows NT 6.1; WOW64; Trident/5.0; SLCC2; .NET CLR 2.0.50727; .NET CLR 3.5.30729; .NET CLR 3.0.30729; Media Center PC 6.0; InfoPath.3; .NET4.0C; MS-RTC LM 8; .NET4.0E)" 23782
192.168.74.151 - - [17/Feb/2013:07:39:40 +0600] "GET /pause/ajaxPause?pauseConfigId=&admin=0 HTTP/1.1" 200 987 "http://callider.kontur/pause/index" "Mozilla/5.0 (Windows NT 6.1; WOW64; rv:18.0) Gecko/20100101 Firefox/18.0" 28098
192.168.12.210 - - [17/Feb/2013:07:39:40 +0600] "GET /pause/ajaxPause?pauseConfigId=all&admin=1 HTTP/1.1" 200 1047 "http://callider/pause/index" "Mozilla/4.0 (compatible; MSIE 7.0; Windows NT 6.1; WOW64; Trident/5.0; SLCC2; .NET CLR 2.0.50727; .NET CLR 3.5.30729; .NET CLR 3.0.30729; Media Center PC 6.0; InfoPath.3; .NET4.0C; .NET4.0E)" 17742
192.168.12.9 - - [17/Feb/2013:07:39:40 +0600] "GET /tv/useUser HTTP/1.1" 200 432 "http://callider.kontur/site/index" "Mozilla/5.0 (Windows NT 6.1; WOW64) AppleWebKit/537.17 (KHTML, like Gecko) Chrome/24.0.1312.57 Safari/537.17" 14924
192.168.12.38 - - [17/Feb/2013:07:39:41 +0600] "GET /pause/ajaxPause?pauseConfigId=&admin=0 HTTP/1.1" 200 1040 "http://callider/pause/index" "Mozilla/4.0 (compatible; MSIE 7.0; Windows NT 6.1; WOW64; Trident/5.0; SLCC2; .NET CLR 2.0.50727; .NET CLR 3.5.30729; .NET CLR 3.0.30729; Media Center PC 6.0; InfoPath.3; .NET4.0C; .NET4.0E)" 16605
192.168.12.77 - - [17/Feb/2013:07:39:41 +0600] "GET /pause/ajaxPause?pauseConfigId=&admin=0 HTTP/1.1" 200 1039 "http://callider/pause/index" "Mozilla/4.0 (compatible; MSIE 7.0; Windows NT 6.1; Trident/5.0; SLCC2; .NET CLR 2.0.50727; .NET CLR 3.5.30729; .NET CLR 3.0.30729; Media Center PC 6.0; Tablet PC 2.0; InfoPath.3; .NET4.0C; .NET4.0E; MS-RTC LM 8)" 14369
192.168.65.56 - - [17/Feb/2013:07:39:41 +0600] "GET /pause/ajaxPause?pauseConfigId=all&admin=1 HTTP/1.1" 200 1046 "http://192.168.65.101/pause/index" "Mozilla/5.0 (Windows NT 5.1; rv:15.0) Gecko/20100101 Firefox/15.0" 38370
192.168.12.61 - - [17/Feb/2013:07:39:42 +0600] "GET /pause/ajaxPause?pauseConfigId=&admin=0 HTTP/1.1" 200 985 "http://callider/pause/index" "Mozilla/4.0 (compatible; MSIE 7.0; Windows NT 6.1; Trident/5.0; SLCC2; .NET CLR 2.0.50727; .NET CLR 3.5.30729; .NET CLR 3.0.30729; Media Center PC 6.0; InfoPath.3; .NET4.0C; .NET4.0E)" 22069
192.168.12.60 - - [17/Feb/2013:07:39:43 +0600] "GET /pause/ajaxPause?pauseConfigId=&admin=0 HTTP/1.1" 200 986 "http://callider/pause/index" "Mozilla/4.0 (compatible; MSIE 8.0; Windows NT 6.1; Trident/4.0; InfoPath.3; .NET4.0C; MS-RTC LM 8; .NET4.0E)" 19758
192.168.74.78 - - [17/Feb/2013:07:39:44 +0600] "GET /pause/ajaxPause?pauseConfigId=&admin=0 HTTP/1.1" 200 986 "http://callider/pause/index" "Mozilla/4.0 (compatible; MSIE 7.0; Windows NT 6.1; WOW64; Trident/5.0; SLCC2; .NET CLR 2.0.50727; .NET CLR 3.5.30729; .NET CLR 3.0.30729; Media Center PC 6.0; InfoPath.3; .NET4.0C; MS-RTC LM 8; .NET4.0E)" 30372
192.168.12.204 - - [17/Feb/2013:07:39:44 +0600] "GET /pause/ajaxPause?pauseConfigId=&admin=0 HTTP/1.1" 200 986 "http://callider/pause/index" "Mozilla/4.0 (compatible; MSIE 7.0; Windows NT 6.1; WOW64; Trident/4.0; SLCC2; .NET CLR 2.0.50727; .NET CLR 3.5.30729; .NET CLR 3.0.30729; Media Center PC 6.0; InfoPath.3; .NET4.0C; .NET4.0E; .NET CLR 1.1.4322)" 21049
192.168.12.69 - - [17/Feb/2013:07:39:45 +0600] "GET /pause/ajaxPause?pauseConfigId=&admin=0 HTTP/1.1" 200 986 "http://callider/pause/index" "Mozilla/4.0 (compatible; MSIE 7.0; Windows NT 6.1; Trident/5.0; SLCC2; .NET CLR 2.0.50727; .NET CLR 3.5.30729; .NET CLR 3.0.30729; Media Center PC 6.0; InfoPath.3; .NET4.0C; .NET4.0E; Tablet PC 2.0; AskTbFXTV5/5.14.1.20007)" 21734
192.168.74.91 - - [17/Feb/2013:07:39:45 +0600] "GET /pause/ajaxPause?pauseConfigId=&admin=0 HTTP/1.1" 200 986 "http://callider/pause/index" "Mozilla/4.0 (compatible; MSIE 7.0; Windows NT 6.1; WOW64; Trident/5.0; SLCC2; .NET CLR 2.0.50727; .NET CLR 3.5.30729; .NET CLR 3.0.30729; Media Center PC 6.0; InfoPath.3; .NET4.0C; MS-RTC LM 8; .NET4.0E)" 19827
192.168.74.151 - - [17/Feb/2013:07:39:45 +0600] "GET /pause/ajaxPause?pauseConfigId=&admin=0 HTTP/1.1" 200 987 "http://callider.kontur/pause/index" "Mozilla/5.0 (Windows NT 6.1; WOW64; rv:18.0) Gecko/20100101 Firefox/18.0" 17521
192.168.12.210 - - [17/Feb/2013:07:39:45 +0600] "GET /pause/ajaxPause?pauseConfigId=all&admin=1 HTTP/1.1" 200 1047 "http://callider/pause/index" "Mozilla/4.0 (compatible; MSIE 7.0; Windows NT 6.1; WOW64; Trident/5.0; SLCC2; .NET CLR 2.0.50727; .NET CLR 3.5.30729; .NET CLR 3.0.30729; Media Center PC 6.0; InfoPath.3; .NET4.0C; .NET4.0E)" 27250
192.168.12.38 - - [17/Feb/2013:07:39:46 +0600] "GET /pause/ajaxPause?pauseConfigId=&admin=0 HTTP/1.1" 200 1040 "http://callider/pause/index" "Mozilla/4.0 (compatible; MSIE 7.0; Windows NT 6.1; WOW64; Trident/5.0; SLCC2; .NET CLR 2.0.50727; .NET CLR 3.5.30729; .NET CLR 3.0.30729; Media Center PC 6.0; InfoPath.3; .NET4.0C; .NET4.0E)" 17531
192.168.12.77 - - [17/Feb/2013:07:39:46 +0600] "GET /pause/ajaxPause?pauseConfigId=&admin=0 HTTP/1.1" 200 1039 "http://callider/pause/index" "Mozilla/4.0 (compatible; MSIE 7.0; Windows NT 6.1; Trident/5.0; SLCC2; .NET CLR 2.0.50727; .NET CLR 3.5.30729; .NET CLR 3.0.30729; Media Center PC 6.0; Tablet PC 2.0; InfoPath.3; .NET4.0C; .NET4.0E; MS-RTC LM 8)" 14517
192.168.65.56 - - [17/Feb/2013:07:39:46 +0600] "GET /pause/ajaxPause?pauseConfigId=all&admin=1 HTTP/1.1" 200 1046 "http://192.168.65.101/pause/index" "Mozilla/5.0 (Windows NT 5.1; rv:15.0) Gecko/20100101 Firefox/15.0" 26928
192.168.12.61 - - [17/Feb/2013:07:39:47 +0600] "GET /pause/ajaxPause?pauseConfigId=&admin=0 HTTP/1.1" 200 985 "http://callider/pause/index" "Mozilla/4.0 (compatible; MSIE 7.0; Windows NT 6.1; Trident/5.0; SLCC2; .NET CLR 2.0.50727; .NET CLR 3.5.30729; .NET CLR 3.0.30729; Media Center PC 6.0; InfoPath.3; .NET4.0C; .NET4.0E)" 18995
192.168.12.60 - - [17/Feb/2013:07:39:48 +0600] "GET /pause/ajaxPause?pauseConfigId=&admin=0 HTTP/1.1" 200 986 "http://callider/pause/index" "Mozilla/4.0 (compatible; MSIE 8.0; Windows NT 6.1; Trident/4.0; InfoPath.3; .NET4.0C; MS-RTC LM 8; .NET4.0E)" 26008
192.168.12.210 - - [17/Feb/2013:07:39:49 +0600] "GET /tv/useUser HTTP/1.1" 200 431 "http://callider/pause/index" "Mozilla/4.0 (compatible; MSIE 7.0; Windows NT 6.1; WOW64; Trident/5.0; SLCC2; .NET CLR 2.0.50727; .NET CLR 3.5.30729; .NET CLR 3.0.30729; Media Center PC 6.0; InfoPath.3; .NET4.0C; .NET4.0E)" 14341
192.168.74.78 - - [17/Feb/2013:07:39:49 +0600] "GET /pause/ajaxPause?pauseConfigId=&admin=0 HTTP/1.1" 200 986 "http://callider/pause/index" "Mozilla/4.0 (compatible; MSIE 7.0; Windows NT 6.1; WOW64; Trident/5.0; SLCC2; .NET CLR 2.0.50727; .NET CLR 3.5.30729; .NET CLR 3.0.30729; Media Center PC 6.0; InfoPath.3; .NET4.0C; MS-RTC LM 8; .NET4.0E)" 28407
192.168.12.204 - - [17/Feb/2013:07:39:49 +0600] "GET /pause/ajaxPause?pauseConfigId=&admin=0 HTTP/1.1" 200 986 "http://callider/pause/index" "Mozilla/4.0 (compatible; MSIE 7.0; Windows NT 6.1; WOW64; Trident/4.0; SLCC2; .NET CLR 2.0.50727; .NET CLR 3.5.30729; .NET CLR 3.0.30729; Media Center PC 6.0; InfoPath.3; .NET4.0C; .NET4.0E; .NET CLR 1.1.4322)" 19132
192.168.12.69 - - [17/Feb/2013:07:39:50 +0600] "GET /pause/ajaxPause?pauseConfigId=&admin=0 HTTP/1.1" 200 986 "http://callider/pause/index" "Mozilla/4.0 (compatible; MSIE 7.0; Windows NT 6.1; Trident/5.0; SLCC2; .NET CLR 2.0.50727; .NET CLR 3.5.30729; .NET CLR 3.0.30729; Media Center PC 6.0; InfoPath.3; .NET4.0C; .NET4.0E; Tablet PC 2.0; AskTbFXTV5/5.14.1.20007)" 17731
192.168.74.91 - - [17/Feb/2013:07:39:50 +0600] "GET /pause/ajaxPause?pauseConfigId=&admin=0 HTTP/1.1" 200 986 "http://callider/pause/index" "Mozilla/4.0 (compatible; MSIE 7.0; Windows NT 6.1; WOW64; Trident/5.0; SLCC2; .NET CLR 2.0.50727; .NET CLR 3.5.30729; .NET CLR 3.0.30729; Media Center PC 6.0; InfoPath.3; .NET4.0C; MS-RTC LM 8; .NET4.0E)" 19623
192.168.74.151 - - [17/Feb/2013:07:39:50 +0600] "GET /pause/ajaxPause?pauseConfigId=&admin=0 HTTP/1.1" 200 987 "http://callider.kontur/pause/index" "Mozilla/5.0 (Windows NT 6.1; WOW64; rv:18.0) Gecko/20100101 Firefox/18.0" 18234
192.168.12.210 - - [17/Feb/2013:07:39:50 +0600] "GET /pause/ajaxPause?pauseConfigId=all&admin=1 HTTP/1.1" 200 1047 "http://callider/pause/index" "Mozilla/4.0 (compatible; MSIE 7.0; Windows NT 6.1; WOW64; Trident/5.0; SLCC2; .NET CLR 2.0.50727; .NET CLR 3.5.30729; .NET CLR 3.0.30729; Media Center PC 6.0; InfoPath.3; .NET4.0C; .NET4.0E)" 19020
192.168.12.38 - - [17/Feb/2013:07:39:51 +0600] "GET /pause/ajaxPause?pauseConfigId=&admin=0 HTTP/1.1" 200 1040 "http://callider/pause/index" "Mozilla/4.0 (compatible; MSIE 7.0; Windows NT 6.1; WOW64; Trident/5.0; SLCC2; .NET CLR 2.0.50727; .NET CLR 3.5.30729; .NET CLR 3.0.30729; Media Center PC 6.0; InfoPath.3; .NET4.0C; .NET4.0E)" 18187
192.168.12.77 - - [17/Feb/2013:07:39:51 +0600] "GET /pause/ajaxPause?pauseConfigId=&admin=0 HTTP/1.1" 200 1039 "http://callider/pause/index" "Mozilla/4.0 (compatible; MSIE 7.0; Windows NT 6.1; Trident/5.0; SLCC2; .NET CLR 2.0.50727; .NET CLR 3.5.30729; .NET CLR 3.0.30729; Media Center PC 6.0; Tablet PC 2.0; InfoPath.3; .NET4.0C; .NET4.0E; MS-RTC LM 8)" 14064
192.168.65.56 - - [17/Feb/2013:07:39:51 +0600] "GET /pause/ajaxPause?pauseConfigId=all&admin=1 HTTP/1.1" 200 1046 "http://192.168.65.101/pause/index" "Mozilla/5.0 (Windows NT 5.1; rv:15.0) Gecko/20100101 Firefox/15.0" 27016
192.168.65.56 - - [17/Feb/2013:07:39:51 +0600] "GET /tv/useUser HTTP/1.1" 200 431 "http://192.168.65.101/pause/index" "Mozilla/5.0 (Windows NT 5.1; rv:15.0) Gecko/20100101 Firefox/15.0" 12179
192.168.12.61 - - [17/Feb/2013:07:39:52 +0600] "GET /pause/ajaxPause?pauseConfigId=&admin=0 HTTP/1.1" 200 985 "http://callider/pause/index" "Mozilla/4.0 (compatible; MSIE 7.0; Windows NT 6.1; Trident/5.0; SLCC2; .NET CLR 2.0.50727; .NET CLR 3.5.30729; .NET CLR 3.0.30729; Media Center PC 6.0; InfoPath.3; .NET4.0C; .NET4.0E)" 18624
192.168.12.60 - - [17/Feb/2013:07:39:53 +0600] "GET /pause/ajaxPause?pauseConfigId=&admin=0 HTTP/1.1" 200 986 "http://callider/pause/index" "Mozilla/4.0 (compatible; MSIE 8.0; Windows NT 6.1; Trident/4.0; InfoPath.3; .NET4.0C; MS-RTC LM 8; .NET4.0E)" 20086
192.168.74.78 - - [17/Feb/2013:07:39:54 +0600] "GET /pause/ajaxPause?pauseConfigId=&admin=0 HTTP/1.1" 200 986 "http://callider/pause/index" "Mozilla/4.0 (compatible; MSIE 7.0; Windows NT 6.1; WOW64; Trident/5.0; SLCC2; .NET CLR 2.0.50727; .NET CLR 3.5.30729; .NET CLR 3.0.30729; Media Center PC 6.0; InfoPath.3; .NET4.0C; MS-RTC LM 8; .NET4.0E)" 25706
192.168.12.204 - - [17/Feb/2013:07:39:54 +0600] "GET /pause/ajaxPause?pauseConfigId=&admin=0 HTTP/1.1" 200 986 "http://callider/pause/index" "Mozilla/4.0 (compatible; MSIE 7.0; Windows NT 6.1; WOW64; Trident/4.0; SLCC2; .NET CLR 2.0.50727; .NET CLR 3.5.30729; .NET CLR 3.0.30729; Media Center PC 6.0; InfoPath.3; .NET4.0C; .NET4.0E; .NET CLR 1.1.4322)" 18974
192.168.12.69 - - [17/Feb/2013:07:39:55 +0600] "GET /pause/ajaxPause?pauseConfigId=&admin=0 HTTP/1.1" 200 986 "http://callider/pause/index" "Mozilla/4.0 (compatible; MSIE 7.0; Windows NT 6.1; Trident/5.0; SLCC2; .NET CLR 2.0.50727; .NET CLR 3.5.30729; .NET CLR 3.0.30729; Media Center PC 6.0; InfoPath.3; .NET4.0C; .NET4.0E; Tablet PC 2.0; AskTbFXTV5/5.14.1.20007)" 18221
192.168.74.91 - - [17/Feb/2013:07:39:55 +0600] "GET /pause/ajaxPause?pauseConfigId=&admin=0 HTTP/1.1" 200 986 "http://callider/pause/index" "Mozilla/4.0 (compatible; MSIE 7.0; Windows NT 6.1; WOW64; Trident/5.0; SLCC2; .NET CLR 2.0.50727; .NET CLR 3.5.30729; .NET CLR 3.0.30729; Media Center PC 6.0; InfoPath.3; .NET4.0C; MS-RTC LM 8; .NET4.0E)" 21282
192.168.74.151 - - [17/Feb/2013:07:39:55 +0600] "GET /pause/ajaxPause?pauseConfigId=&admin=0 HTTP/1.1" 200 987 "http://callider.kontur/pause/index" "Mozilla/5.0 (Windows NT 6.1; WOW64; rv:18.0) Gecko/20100101 Firefox/18.0" 19786
192.168.12.210 - - [17/Feb/2013:07:39:55 +0600] "GET /pause/ajaxPause?pauseConfigId=all&admin=1 HTTP/1.1" 200 1047 "http://callider/pause/index" "Mozilla/4.0 (compatible; MSIE 7.0; Windows NT 6.1; WOW64; Trident/5.0; SLCC2; .NET CLR 2.0.50727; .NET CLR 3.5.30729; .NET CLR 3.0.30729; Media Center PC 6.0; InfoPath.3; .NET4.0C; .NET4.0E)" 18770
192.168.12.38 - - [17/Feb/2013:07:39:56 +0600] "GET /pause/ajaxPause?pauseConfigId=&admin=0 HTTP/1.1" 200 1040 "http://callider/pause/index" "Mozilla/4.0 (compatible; MSIE 7.0; Windows NT 6.1; WOW64; Trident/5.0; SLCC2; .NET CLR 2.0.50727; .NET CLR 3.5.30729; .NET CLR 3.0.30729; Media Center PC 6.0; InfoPath.3; .NET4.0C; .NET4.0E)" 15770
192.168.12.77 - - [17/Feb/2013:07:39:56 +0600] "GET /pause/ajaxPause?pauseConfigId=&admin=0 HTTP/1.1" 200 1039 "http://callider/pause/index" "Mozilla/4.0 (compatible; MSIE 7.0; Windows NT 6.1; Trident/5.0; SLCC2; .NET CLR 2.0.50727; .NET CLR 3.5.30729; .NET CLR 3.0.30729; Media Center PC 6.0; Tablet PC 2.0; InfoPath.3; .NET4.0C; .NET4.0E; MS-RTC LM 8)" 14536
192.168.65.56 - - [17/Feb/2013:07:39:56 +0600] "GET /pause/ajaxPause?pauseConfigId=all&admin=1 HTTP/1.1" 200 1046 "http://192.168.65.101/pause/index" "Mozilla/5.0 (Windows NT 5.1; rv:15.0) Gecko/20100101 Firefox/15.0" 26713
192.168.12.61 - - [17/Feb/2013:07:39:57 +0600] "GET /pause/ajaxPause?pauseConfigId=&admin=0 HTTP/1.1" 200 986 "http://callider/pause/index" "Mozilla/4.0 (compatible; MSIE 7.0; Windows NT 6.1; Trident/5.0; SLCC2; .NET CLR 2.0.50727; .NET CLR 3.5.30729; .NET CLR 3.0.30729; Media Center PC 6.0; InfoPath.3; .NET4.0C; .NET4.0E)" 25653
192.168.12.60 - - [17/Feb/2013:07:39:58 +0600] "GET /pause/ajaxPause?pauseConfigId=&admin=0 HTTP/1.1" 200 986 "http://callider/pause/index" "Mozilla/4.0 (compatible; MSIE 8.0; Windows NT 6.1; Trident/4.0; InfoPath.3; .NET4.0C; MS-RTC LM 8; .NET4.0E)" 29456
192.168.74.78 - - [17/Feb/2013:07:39:59 +0600] "GET /pause/ajaxPause?pauseConfigId=&admin=0 HTTP/1.1" 200 986 "http://callider/pause/index" "Mozilla/4.0 (compatible; MSIE 7.0; Windows NT 6.1; WOW64; Trident/5.0; SLCC2; .NET CLR 2.0.50727; .NET CLR 3.5.30729; .NET CLR 3.0.30729; Media Center PC 6.0; InfoPath.3; .NET4.0C; MS-RTC LM 8; .NET4.0E)" 18609
192.168.12.204 - - [17/Feb/2013:07:39:59 +0600] "GET /pause/ajaxPause?pauseConfigId=&admin=0 HTTP/1.1" 200 986 "http://callider/pause/index" "Mozilla/4.0 (compatible; MSIE 7.0; Windows NT 6.1; WOW64; Trident/4.0; SLCC2; .NET CLR 2.0.50727; .NET CLR 3.5.30729; .NET CLR 3.0.30729; Media Center PC 6.0; InfoPath.3; .NET4.0C; .NET4.0E; .NET CLR 1.1.4322)" 18313
192.168.12.69 - - [17/Feb/2013:07:40:00 +0600] "GET /pause/ajaxPause?pauseConfigId=&admin=0 HTTP/1.1" 200 986 "http://callider/pause/index" "Mozilla/4.0 (compatible; MSIE 7.0; Windows NT 6.1; Trident/5.0; SLCC2; .NET CLR 2.0.50727; .NET CLR 3.5.30729; .NET CLR 3.0.30729; Media Center PC 6.0; InfoPath.3; .NET4.0C; .NET4.0E; Tablet PC 2.0; AskTbFXTV5/5.14.1.20007)" 19244
192.168.74.91 - - [17/Feb/2013:07:40:00 +0600] "GET /pause/ajaxPause?pauseConfigId=&admin=0 HTTP/1.1" 200 986 "http://callider/pause/index" "Mozilla/4.0 (compatible; MSIE 7.0; Windows NT 6.1; WOW64; Trident/5.0; SLCC2; .NET CLR 2.0.50727; .NET CLR 3.5.30729; .NET CLR 3.0.30729; Media Center PC 6.0; InfoPath.3; .NET4.0C; MS-RTC LM 8; .NET4.0E)" 22465
192.168.74.151 - - [17/Feb/2013:07:40:00 +0600] "GET /pause/ajaxPause?pauseConfigId=&admin=0 HTTP/1.1" 200 987 "http://callider.kontur/pause/index" "Mozilla/5.0 (Windows NT 6.1; WOW64; rv:18.0) Gecko/20100101 Firefox/18.0" 19032
192.168.12.210 - - [17/Feb/2013:07:40:00 +0600] "GET /pause/ajaxPause?pauseConfigId=all&admin=1 HTTP/1.1" 200 1047 "http://callider/pause/index" "Mozilla/4.0 (compatible; MSIE 7.0; Windows NT 6.1; WOW64; Trident/5.0; SLCC2; .NET CLR 2.0.50727; .NET CLR 3.5.30729; .NET CLR 3.0.30729; Media Center PC 6.0; InfoPath.3; .NET4.0C; .NET4.0E)" 22366
192.168.64.119 - - [17/Feb/2013:07:40:00 +0600] "HEAD / HTTP/1.0" 302 435 "-" "WhatsUp/1.0" 13472
192.168.12.38 - - [17/Feb/2013:07:40:01 +0600] "GET /pause/ajaxPause?pauseConfigId=&admin=0 HTTP/1.1" 200 1040 "http://callider/pause/index" "Mozilla/4.0 (compatible; MSIE 7.0; Windows NT 6.1; WOW64; Trident/5.0; SLCC2; .NET CLR 2.0.50727; .NET CLR 3.5.30729; .NET CLR 3.0.30729; Media Center PC 6.0; InfoPath.3; .NET4.0C; .NET4.0E)" 23718
192.168.12.77 - - [17/Feb/2013:07:40:01 +0600] "GET /pause/ajaxPause?pauseConfigId=&admin=0 HTTP/1.1" 200 1039 "http://callider/pause/index" "Mozilla/4.0 (compatible; MSIE 7.0; Windows NT 6.1; Trident/5.0; SLCC2; .NET CLR 2.0.50727; .NET CLR 3.5.30729; .NET CLR 3.0.30729; Media Center PC 6.0; Tablet PC 2.0; InfoPath.3; .NET4.0C; .NET4.0E; MS-RTC LM 8)" 15761
192.168.64.119 - - [17/Feb/2013:07:40:01 +0600] "GET / HTTP/1.1" 302 454 "-" "Mozilla/4.0 (compatible; MSIE 8.0; Windows NT 5.2; Trident/4.0)" 12836
192.168.64.119 - - [17/Feb/2013:07:40:01 +0600] "GET /site/login HTTP/1.1" 200 7423 "-" "Mozilla/4.0 (compatible; MSIE 8.0; Windows NT 5.2; Trident/4.0)" 21809
192.168.65.56 - - [17/Feb/2013:07:40:01 +0600] "GET /pause/ajaxPause?pauseConfigId=all&admin=1 HTTP/1.1" 200 1046 "http://192.168.65.101/pause/index" "Mozilla/5.0 (Windows NT 5.1; rv:15.0) Gecko/20100101 Firefox/15.0" 30708
192.168.12.61 - - [17/Feb/2013:07:40:02 +0600] "GET /pause/ajaxPause?pauseConfigId=&admin=0 HTTP/1.1" 200 985 "http://callider/pause/index" "Mozilla/4.0 (compatible; MSIE 7.0; Windows NT 6.1; Trident/5.0; SLCC2; .NET CLR 2.0.50727; .NET CLR 3.5.30729; .NET CLR 3.0.30729; Media Center PC 6.0; InfoPath.3; .NET4.0C; .NET4.0E)" 20420
192.168.74.139 - - [17/Feb/2013:07:40:03 +0600] "GET /tv/useUser HTTP/1.1" 200 432 "http://callider/graph/personal" "Mozilla/4.0 (compatible; MSIE 7.0; Windows NT 6.1; WOW64; Trident/5.0; SLCC2; .NET CLR 2.0.50727; .NET CLR 3.5.30729; .NET CLR 3.0.30729; Media Center PC 6.0; InfoPath.3; .NET4.0C; .NET4.0E)" 14577
192.168.12.60 - - [17/Feb/2013:07:40:03 +0600] "GET /pause/ajaxPause?pauseConfigId=&admin=0 HTTP/1.1" 200 986 "http://callider/pause/index" "Mozilla/4.0 (compatible; MSIE 8.0; Windows NT 6.1; Trident/4.0; InfoPath.3; .NET4.0C; MS-RTC LM 8; .NET4.0E)" 21198
192.168.74.78 - - [17/Feb/2013:07:40:04 +0600] "GET /pause/ajaxPause?pauseConfigId=&admin=0 HTTP/1.1" 200 986 "http://callider/pause/index" "Mozilla/4.0 (compatible; MSIE 7.0; Windows NT 6.1; WOW64; Trident/5.0; SLCC2; .NET CLR 2.0.50727; .NET CLR 3.5.30729; .NET CLR 3.0.30729; Media Center PC 6.0; InfoPath.3; .NET4.0C; MS-RTC LM 8; .NET4.0E)" 24799
192.168.12.204 - - [17/Feb/2013:07:40:04 +0600] "GET /pause/ajaxPause?pauseConfigId=&admin=0 HTTP/1.1" 200 986 "http://callider/pause/index" "Mozilla/4.0 (compatible; MSIE 7.0; Windows NT 6.1; WOW64; Trident/4.0; SLCC2; .NET CLR 2.0.50727; .NET CLR 3.5.30729; .NET CLR 3.0.30729; Media Center PC 6.0; InfoPath.3; .NET4.0C; .NET4.0E; .NET CLR 1.1.4322)" 17867
192.168.12.69 - - [17/Feb/2013:07:40:05 +0600] "GET /pause/ajaxPause?pauseConfigId=&admin=0 HTTP/1.1" 200 986 "http://callider/pause/index" "Mozilla/4.0 (compatible; MSIE 7.0; Windows NT 6.1; Trident/5.0; SLCC2; .NET CLR 2.0.50727; .NET CLR 3.5.30729; .NET CLR 3.0.30729; Media Center PC 6.0; InfoPath.3; .NET4.0C; .NET4.0E; Tablet PC 2.0; AskTbFXTV5/5.14.1.20007)" 27000
192.168.12.61 - - [17/Feb/2013:07:40:05 +0600] "GET /tv/useUser HTTP/1.1" 200 431 "http://callider/pause/index" "Mozilla/4.0 (compatible; MSIE 7.0; Windows NT 6.1; Trident/5.0; SLCC2; .NET CLR 2.0.50727; .NET CLR 3.5.30729; .NET CLR 3.0.30729; Media Center PC 6.0; InfoPath.3; .NET4.0C; .NET4.0E)" 9733
192.168.74.91 - - [17/Feb/2013:07:40:05 +0600] "GET /pause/ajaxPause?pauseConfigId=&admin=0 HTTP/1.1" 200 986 "http://callider/pause/index" "Mozilla/4.0 (compatible; MSIE 7.0; Windows NT 6.1; WOW64; Trident/5.0; SLCC2; .NET CLR 2.0.50727; .NET CLR 3.5.30729; .NET CLR 3.0.30729; Media Center PC 6.0; InfoPath.3; .NET4.0C; MS-RTC LM 8; .NET4.0E)" 19905
192.168.74.151 - - [17/Feb/2013:07:40:05 +0600] "GET /pause/ajaxPause?pauseConfigId=&admin=0 HTTP/1.1" 200 987 "http://callider.kontur/pause/index" "Mozilla/5.0 (Windows NT 6.1; WOW64; rv:18.0) Gecko/20100101 Firefox/18.0" 21036
192.168.12.210 - - [17/Feb/2013:07:40:05 +0600] "GET /pause/ajaxPause?pauseConfigId=all&admin=1 HTTP/1.1" 200 1047 "http://callider/pause/index" "Mozilla/4.0 (compatible; MSIE 7.0; Windows NT 6.1; WOW64; Trident/5.0; SLCC2; .NET CLR 2.0.50727; .NET CLR 3.5.30729; .NET CLR 3.0.30729; Media Center PC 6.0; InfoPath.3; .NET4.0C; .NET4.0E)" 26810
192.168.12.38 - - [17/Feb/2013:07:40:06 +0600] "GET /pause/ajaxPause?pauseConfigId=&admin=0 HTTP/1.1" 200 1040 "http://callider/pause/index" "Mozilla/4.0 (compatible; MSIE 7.0; Windows NT 6.1; WOW64; Trident/5.0; SLCC2; .NET CLR 2.0.50727; .NET CLR 3.5.30729; .NET CLR 3.0.30729; Media Center PC 6.0; InfoPath.3; .NET4.0C; .NET4.0E)" 20602
192.168.12.77 - - [17/Feb/2013:07:40:06 +0600] "GET /pause/ajaxPause?pauseConfigId=&admin=0 HTTP/1.1" 200 1039 "http://callider/pause/index" "Mozilla/4.0 (compatible; MSIE 7.0; Windows NT 6.1; Trident/5.0; SLCC2; .NET CLR 2.0.50727; .NET CLR 3.5.30729; .NET CLR 3.0.30729; Media Center PC 6.0; Tablet PC 2.0; InfoPath.3; .NET4.0C; .NET4.0E; MS-RTC LM 8)" 17047
192.168.65.56 - - [17/Feb/2013:07:40:06 +0600] "GET /pause/ajaxPause?pauseConfigId=all&admin=1 HTTP/1.1" 200 1046 "http://192.168.65.101/pause/index" "Mozilla/5.0 (Windows NT 5.1; rv:15.0) Gecko/20100101 Firefox/15.0" 30621
192.168.12.61 - - [17/Feb/2013:07:40:07 +0600] "GET /pause/ajaxPause?pauseConfigId=&admin=0 HTTP/1.1" 200 985 "http://callider/pause/index" "Mozilla/4.0 (compatible; MSIE 7.0; Windows NT 6.1; Trident/5.0; SLCC2; .NET CLR 2.0.50727; .NET CLR 3.5.30729; .NET CLR 3.0.30729; Media Center PC 6.0; InfoPath.3; .NET4.0C; .NET4.0E)" 22267
192.168.12.60 - - [17/Feb/2013:07:40:08 +0600] "GET /pause/ajaxPause?pauseConfigId=&admin=0 HTTP/1.1" 200 986 "http://callider/pause/index" "Mozilla/4.0 (compatible; MSIE 8.0; Windows NT 6.1; Trident/4.0; InfoPath.3; .NET4.0C; MS-RTC LM 8; .NET4.0E)" 20333
192.168.74.78 - - [17/Feb/2013:07:40:09 +0600] "GET /pause/ajaxPause?pauseConfigId=&admin=0 HTTP/1.1" 200 986 "http://callider/pause/index" "Mozilla/4.0 (compatible; MSIE 7.0; Windows NT 6.1; WOW64; Trident/5.0; SLCC2; .NET CLR 2.0.50727; .NET CLR 3.5.30729; .NET CLR 3.0.30729; Media Center PC 6.0; InfoPath.3; .NET4.0C; MS-RTC LM 8; .NET4.0E)" 20126
192.168.12.204 - - [17/Feb/2013:07:40:09 +0600] "GET /pause/ajaxPause?pauseConfigId=&admin=0 HTTP/1.1" 200 986 "http://callider/pause/index" "Mozilla/4.0 (compatible; MSIE 7.0; Windows NT 6.1; WOW64; Trident/4.0; SLCC2; .NET CLR 2.0.50727; .NET CLR 3.5.30729; .NET CLR 3.0.30729; Media Center PC 6.0; InfoPath.3; .NET4.0C; .NET4.0E; .NET CLR 1.1.4322)" 19171
192.168.12.69 - - [17/Feb/2013:07:40:10 +0600] "GET /pause/ajaxPause?pauseConfigId=&admin=0 HTTP/1.1" 200 986 "http://callider/pause/index" "Mozilla/4.0 (compatible; MSIE 7.0; Windows NT 6.1; Trident/5.0; SLCC2; .NET CLR 2.0.50727; .NET CLR 3.5.30729; .NET CLR 3.0.30729; Media Center PC 6.0; InfoPath.3; .NET4.0C; .NET4.0E; Tablet PC 2.0; AskTbFXTV5/5.14.1.20007)" 19556
192.168.74.91 - - [17/Feb/2013:07:40:10 +0600] "GET /pause/ajaxPause?pauseConfigId=&admin=0 HTTP/1.1" 200 986 "http://callider/pause/index" "Mozilla/4.0 (compatible; MSIE 7.0; Windows NT 6.1; WOW64; Trident/5.0; SLCC2; .NET CLR 2.0.50727; .NET CLR 3.5.30729; .NET CLR 3.0.30729; Media Center PC 6.0; InfoPath.3; .NET4.0C; MS-RTC LM 8; .NET4.0E)" 21842
192.168.74.151 - - [17/Feb/2013:07:40:10 +0600] "GET /pause/ajaxPause?pauseConfigId=&admin=0 HTTP/1.1" 200 987 "http://callider.kontur/pause/index" "Mozilla/5.0 (Windows NT 6.1; WOW64; rv:18.0) Gecko/20100101 Firefox/18.0" 18976
192.168.12.210 - - [17/Feb/2013:07:40:10 +0600] "GET /pause/ajaxPause?pauseConfigId=all&admin=1 HTTP/1.1" 200 1047 "http://callider/pause/index" "Mozilla/4.0 (compatible; MSIE 7.0; Windows NT 6.1; WOW64; Trident/5.0; SLCC2; .NET CLR 2.0.50727; .NET CLR 3.5.30729; .NET CLR 3.0.30729; Media Center PC 6.0; InfoPath.3; .NET4.0C; .NET4.0E)" 21077
192.168.12.42 - - [17/Feb/2013:07:40:11 +0600] "GET /tv/useUser HTTP/1.1" 200 432 "http://callider/graph/personal" "Mozilla/4.0 (compatible; MSIE 7.0; Windows NT 6.1; WOW64; Trident/5.0; SLCC2; .NET CLR 2.0.50727; .NET CLR 3.5.30729; .NET CLR 3.0.30729; Media Center PC 6.0; InfoPath.3; .NET4.0C; .NET4.0E)" 18812
192.168.12.38 - - [17/Feb/2013:07:40:11 +0600] "GET /pause/ajaxPause?pauseConfigId=&admin=0 HTTP/1.1" 200 1040 "http://callider/pause/index" "Mozilla/4.0 (compatible; MSIE 7.0; Windows NT 6.1; WOW64; Trident/5.0; SLCC2; .NET CLR 2.0.50727; .NET CLR 3.5.30729; .NET CLR 3.0.30729; Media Center PC 6.0; InfoPath.3; .NET4.0C; .NET4.0E)" 22027
192.168.12.77 - - [17/Feb/2013:07:40:11 +0600] "GET /pause/ajaxPause?pauseConfigId=&admin=0 HTTP/1.1" 200 1039 "http://callider/pause/index" "Mozilla/4.0 (compatible; MSIE 7.0; Windows NT 6.1; Trident/5.0; SLCC2; .NET CLR 2.0.50727; .NET CLR 3.5.30729; .NET CLR 3.0.30729; Media Center PC 6.0; Tablet PC 2.0; InfoPath.3; .NET4.0C; .NET4.0E; MS-RTC LM 8)" 13094
192.168.65.56 - - [17/Feb/2013:07:40:11 +0600] "GET /pause/ajaxPause?pauseConfigId=all&admin=1 HTTP/1.1" 200 1046 "http://192.168.65.101/pause/index" "Mozilla/5.0 (Windows NT 5.1; rv:15.0) Gecko/20100101 Firefox/15.0" 37114
192.168.12.61 - - [17/Feb/2013:07:40:12 +0600] "GET /pause/ajaxPause?pauseConfigId=&admin=0 HTTP/1.1" 200 986 "http://callider/pause/index" "Mozilla/4.0 (compatible; MSIE 7.0; Windows NT 6.1; Trident/5.0; SLCC2; .NET CLR 2.0.50727; .NET CLR 3.5.30729; .NET CLR 3.0.30729; Media Center PC 6.0; InfoPath.3; .NET4.0C; .NET4.0E)" 30702
192.168.74.151 - - [17/Feb/2013:07:40:13 +0600] "GET /tv/useUser HTTP/1.1" 200 431 "http://callider.kontur/graph/general" "Mozilla/5.0 (Windows NT 6.1; WOW64; rv:18.0) Gecko/20100101 Firefox/18.0" 9628
192.168.12.60 - - [17/Feb/2013:07:40:13 +0600] "GET /pause/ajaxPause?pauseConfigId=&admin=0 HTTP/1.1" 200 986 "http://callider/pause/index" "Mozilla/4.0 (compatible; MSIE 8.0; Windows NT 6.1; Trident/4.0; InfoPath.3; .NET4.0C; MS-RTC LM 8; .NET4.0E)" 179040
192.168.74.78 - - [17/Feb/2013:07:40:14 +0600] "GET /pause/ajaxPause?pauseConfigId=&admin=0 HTTP/1.1" 200 986 "http://callider/pause/index" "Mozilla/4.0 (compatible; MSIE 7.0; Windows NT 6.1; WOW64; Trident/5.0; SLCC2; .NET CLR 2.0.50727; .NET CLR 3.5.30729; .NET CLR 3.0.30729; Media Center PC 6.0; InfoPath.3; .NET4.0C; MS-RTC LM 8; .NET4.0E)" 21188
192.168.12.204 - - [17/Feb/2013:07:40:14 +0600] "GET /pause/ajaxPause?pauseConfigId=&admin=0 HTTP/1.1" 200 986 "http://callider/pause/index" "Mozilla/4.0 (compatible; MSIE 7.0; Windows NT 6.1; WOW64; Trident/4.0; SLCC2; .NET CLR 2.0.50727; .NET CLR 3.5.30729; .NET CLR 3.0.30729; Media Center PC 6.0; InfoPath.3; .NET4.0C; .NET4.0E; .NET CLR 1.1.4322)" 44131
192.168.12.69 - - [17/Feb/2013:07:40:15 +0600] "GET /pause/ajaxPause?pauseConfigId=&admin=0 HTTP/1.1" 200 986 "http://callider/pause/index" "Mozilla/4.0 (compatible; MSIE 7.0; Windows NT 6.1; Trident/5.0; SLCC2; .NET CLR 2.0.50727; .NET CLR 3.5.30729; .NET CLR 3.0.30729; Media Center PC 6.0; InfoPath.3; .NET4.0C; .NET4.0E; Tablet PC 2.0; AskTbFXTV5/5.14.1.20007)" 18418
192.168.74.91 - - [17/Feb/2013:07:40:15 +0600] "GET /pause/ajaxPause?pauseConfigId=&admin=0 HTTP/1.1" 200 986 "http://callider/pause/index" "Mozilla/4.0 (compatible; MSIE 7.0; Windows NT 6.1; WOW64; Trident/5.0; SLCC2; .NET CLR 2.0.50727; .NET CLR 3.5.30729; .NET CLR 3.0.30729; Media Center PC 6.0; InfoPath.3; .NET4.0C; MS-RTC LM 8; .NET4.0E)" 22442
192.168.74.151 - - [17/Feb/2013:07:40:15 +0600] "GET /pause/ajaxPause?pauseConfigId=&admin=0 HTTP/1.1" 200 987 "http://callider.kontur/pause/index" "Mozilla/5.0 (Windows NT 6.1; WOW64; rv:18.0) Gecko/20100101 Firefox/18.0" 27922
192.168.74.151 - - [17/Feb/2013:07:40:15 +0600] "GET /tv/useUser HTTP/1.1" 200 432 "http://callider.kontur/pause/index" "Mozilla/5.0 (Windows NT 6.1; WOW64; rv:18.0) Gecko/20100101 Firefox/18.0" 14352
192.168.12.210 - - [17/Feb/2013:07:40:15 +0600] "GET /pause/ajaxPause?pauseConfigId=all&admin=1 HTTP/1.1" 200 1047 "http://callider/pause/index" "Mozilla/4.0 (compatible; MSIE 7.0; Windows NT 6.1; WOW64; Trident/5.0; SLCC2; .NET CLR 2.0.50727; .NET CLR 3.5.30729; .NET CLR 3.0.30729; Media Center PC 6.0; InfoPath.3; .NET4.0C; .NET4.0E)" 23142
192.168.12.38 - - [17/Feb/2013:07:40:16 +0600] "GET /pause/ajaxPause?pauseConfigId=&admin=0 HTTP/1.1" 200 1040 "http://callider/pause/index" "Mozilla/4.0 (compatible; MSIE 7.0; Windows NT 6.1; WOW64; Trident/5.0; SLCC2; .NET CLR 2.0.50727; .NET CLR 3.5.30729; .NET CLR 3.0.30729; Media Center PC 6.0; InfoPath.3; .NET4.0C; .NET4.0E)" 17464
192.168.12.77 - - [17/Feb/2013:07:40:16 +0600] "GET /pause/ajaxPause?pauseConfigId=&admin=0 HTTP/1.1" 200 1039 "http://callider/pause/index" "Mozilla/4.0 (compatible; MSIE 7.0; Windows NT 6.1; Trident/5.0; SLCC2; .NET CLR 2.0.50727; .NET CLR 3.5.30729; .NET CLR 3.0.30729; Media Center PC 6.0; Tablet PC 2.0; InfoPath.3; .NET4.0C; .NET4.0E; MS-RTC LM 8)" 14749
192.168.65.56 - - [17/Feb/2013:07:40:16 +0600] "GET /pause/ajaxPause?pauseConfigId=all&admin=1 HTTP/1.1" 200 1046 "http://192.168.65.101/pause/index" "Mozilla/5.0 (Windows NT 5.1; rv:15.0) Gecko/20100101 Firefox/15.0" 29998
192.168.12.61 - - [17/Feb/2013:07:40:17 +0600] "GET /pause/ajaxPause?pauseConfigId=&admin=0 HTTP/1.1" 200 985 "http://callider/pause/index" "Mozilla/4.0 (compatible; MSIE 7.0; Windows NT 6.1; Trident/5.0; SLCC2; .NET CLR 2.0.50727; .NET CLR 3.5.30729; .NET CLR 3.0.30729; Media Center PC 6.0; InfoPath.3; .NET4.0C; .NET4.0E)" 20921
192.168.12.60 - - [17/Feb/2013:07:40:18 +0600] "GET /pause/ajaxPause?pauseConfigId=&admin=0 HTTP/1.1" 200 986 "http://callider/pause/index" "Mozilla/4.0 (compatible; MSIE 8.0; Windows NT 6.1; Trident/4.0; InfoPath.3; .NET4.0C; MS-RTC LM 8; .NET4.0E)" 33145
192.168.74.78 - - [17/Feb/2013:07:40:19 +0600] "GET /pause/ajaxPause?pauseConfigId=&admin=0 HTTP/1.1" 200 986 "http://callider/pause/index" "Mozilla/4.0 (compatible; MSIE 7.0; Windows NT 6.1; WOW64; Trident/5.0; SLCC2; .NET CLR 2.0.50727; .NET CLR 3.5.30729; .NET CLR 3.0.30729; Media Center PC 6.0; InfoPath.3; .NET4.0C; MS-RTC LM 8; .NET4.0E)" 25450
192.168.12.204 - - [17/Feb/2013:07:40:19 +0600] "GET /pause/ajaxPause?pauseConfigId=&admin=0 HTTP/1.1" 200 986 "http://callider/pause/index" "Mozilla/4.0 (compatible; MSIE 7.0; Windows NT 6.1; WOW64; Trident/4.0; SLCC2; .NET CLR 2.0.50727; .NET CLR 3.5.30729; .NET CLR 3.0.30729; Media Center PC 6.0; InfoPath.3; .NET4.0C; .NET4.0E; .NET CLR 1.1.4322)" 20406
192.168.12.10 - - [17/Feb/2013:07:40:19 +0600] "GET /tv/useUser HTTP/1.1" 200 432 "http://callider/graph/personal" "Mozilla/4.0 (compatible; MSIE 7.0; Windows NT 6.1; Trident/5.0; SLCC2; .NET CLR 2.0.50727; .NET CLR 3.5.30729; .NET CLR 3.0.30729; Media Center PC 6.0; InfoPath.3; .NET4.0C; .NET4.0E; Tablet PC 2.0; MS-RTC LM 8)" 15052
192.168.74.139 - - [17/Feb/2013:07:40:19 +0600] "GET /tv/useUser HTTP/1.1" 200 432 "http://callider/site/index" "Mozilla/4.0 (compatible; MSIE 7.0; Windows NT 6.1; WOW64; Trident/5.0; SLCC2; .NET CLR 2.0.50727; .NET CLR 3.5.30729; .NET CLR 3.0.30729; Media Center PC 6.0; InfoPath.3; .NET4.0C; .NET4.0E)" 15991
192.168.12.108 - - [17/Feb/2013:07:40:19 +0600] "GET /tv/useUser HTTP/1.1" 200 432 "http://callider/index.php" "Mozilla/4.0 (compatible; MSIE 7.0; Windows NT 6.2; WOW64; Trident/6.0; .NET4.0E; .NET4.0C; InfoPath.3; .NET CLR 3.5.30729; .NET CLR 2.0.50727; .NET CLR 3.0.30729)" 21671
192.168.12.69 - - [17/Feb/2013:07:40:20 +0600] "GET /pause/ajaxPause?pauseConfigId=&admin=0 HTTP/1.1" 200 986 "http://callider/pause/index" "Mozilla/4.0 (compatible; MSIE 7.0; Windows NT 6.1; Trident/5.0; SLCC2; .NET CLR 2.0.50727; .NET CLR 3.5.30729; .NET CLR 3.0.30729; Media Center PC 6.0; InfoPath.3; .NET4.0C; .NET4.0E; Tablet PC 2.0; AskTbFXTV5/5.14.1.20007)" 19698
192.168.74.91 - - [17/Feb/2013:07:40:20 +0600] "GET /pause/ajaxPause?pauseConfigId=&admin=0 HTTP/1.1" 200 986 "http://callider/pause/index" "Mozilla/4.0 (compatible; MSIE 7.0; Windows NT 6.1; WOW64; Trident/5.0; SLCC2; .NET CLR 2.0.50727; .NET CLR 3.5.30729; .NET CLR 3.0.30729; Media Center PC 6.0; InfoPath.3; .NET4.0C; MS-RTC LM 8; .NET4.0E)" 23217
192.168.74.151 - - [17/Feb/2013:07:40:20 +0600] "GET /pause/ajaxPause?pauseConfigId=&admin=0 HTTP/1.1" 200 987 "http://callider.kontur/pause/index" "Mozilla/5.0 (Windows NT 6.1; WOW64; rv:18.0) Gecko/20100101 Firefox/18.0" 18817
192.168.12.210 - - [17/Feb/2013:07:40:20 +0600] "GET /pause/ajaxPause?pauseConfigId=all&admin=1 HTTP/1.1" 200 1047 "http://callider/pause/index" "Mozilla/4.0 (compatible; MSIE 7.0; Windows NT 6.1; WOW64; Trident/5.0; SLCC2; .NET CLR 2.0.50727; .NET CLR 3.5.30729; .NET CLR 3.0.30729; Media Center PC 6.0; InfoPath.3; .NET4.0C; .NET4.0E)" 21290
192.168.12.38 - - [17/Feb/2013:07:40:21 +0600] "GET /pause/ajaxPause?pauseConfigId=&admin=0 HTTP/1.1" 200 1040 "http://callider/pause/index" "Mozilla/4.0 (compatible; MSIE 7.0; Windows NT 6.1; WOW64; Trident/5.0; SLCC2; .NET CLR 2.0.50727; .NET CLR 3.5.30729; .NET CLR 3.0.30729; Media Center PC 6.0; InfoPath.3; .NET4.0C; .NET4.0E)" 23589
192.168.12.77 - - [17/Feb/2013:07:40:21 +0600] "GET /pause/ajaxPause?pauseConfigId=&admin=0 HTTP/1.1" 200 1039 "http://callider/pause/index" "Mozilla/4.0 (compatible; MSIE 7.0; Windows NT 6.1; Trident/5.0; SLCC2; .NET CLR 2.0.50727; .NET CLR 3.5.30729; .NET CLR 3.0.30729; Media Center PC 6.0; Tablet PC 2.0; InfoPath.3; .NET4.0C; .NET4.0E; MS-RTC LM 8)" 14606
192.168.65.56 - - [17/Feb/2013:07:40:21 +0600] "GET /pause/ajaxPause?pauseConfigId=all&admin=1 HTTP/1.1" 200 1046 "http://192.168.65.101/pause/index" "Mozilla/5.0 (Windows NT 5.1; rv:15.0) Gecko/20100101 Firefox/15.0" 43894
192.168.12.61 - - [17/Feb/2013:07:40:22 +0600] "GET /pause/ajaxPause?pauseConfigId=&admin=0 HTTP/1.1" 200 986 "http://callider/pause/index" "Mozilla/4.0 (compatible; MSIE 7.0; Windows NT 6.1; Trident/5.0; SLCC2; .NET CLR 2.0.50727; .NET CLR 3.5.30729; .NET CLR 3.0.30729; Media Center PC 6.0; InfoPath.3; .NET4.0C; .NET4.0E)" 26468
192.168.12.60 - - [17/Feb/2013:07:40:23 +0600] "GET /pause/ajaxPause?pauseConfigId=&admin=0 HTTP/1.1" 200 986 "http://callider/pause/index" "Mozilla/4.0 (compatible; MSIE 8.0; Windows NT 6.1; Trident/4.0; InfoPath.3; .NET4.0C; MS-RTC LM 8; .NET4.0E)" 26887
192.168.74.78 - - [17/Feb/2013:07:40:24 +0600] "GET /pause/ajaxPause?pauseConfigId=&admin=0 HTTP/1.1" 200 986 "http://callider/pause/index" "Mozilla/4.0 (compatible; MSIE 7.0; Windows NT 6.1; WOW64; Trident/5.0; SLCC2; .NET CLR 2.0.50727; .NET CLR 3.5.30729; .NET CLR 3.0.30729; Media Center PC 6.0; InfoPath.3; .NET4.0C; MS-RTC LM 8; .NET4.0E)" 26231
192.168.12.204 - - [17/Feb/2013:07:40:24 +0600] "GET /pause/ajaxPause?pauseConfigId=&admin=0 HTTP/1.1" 200 986 "http://callider/pause/index" "Mozilla/4.0 (compatible; MSIE 7.0; Windows NT 6.1; WOW64; Trident/4.0; SLCC2; .NET CLR 2.0.50727; .NET CLR 3.5.30729; .NET CLR 3.0.30729; Media Center PC 6.0; InfoPath.3; .NET4.0C; .NET4.0E; .NET CLR 1.1.4322)" 24069
192.168.12.69 - - [17/Feb/2013:07:40:25 +0600] "GET /pause/ajaxPause?pauseConfigId=&admin=0 HTTP/1.1" 200 986 "http://callider/pause/index" "Mozilla/4.0 (compatible; MSIE 7.0; Windows NT 6.1; Trident/5.0; SLCC2; .NET CLR 2.0.50727; .NET CLR 3.5.30729; .NET CLR 3.0.30729; Media Center PC 6.0; InfoPath.3; .NET4.0C; .NET4.0E; Tablet PC 2.0; AskTbFXTV5/5.14.1.20007)" 54744
192.168.74.91 - - [17/Feb/2013:07:40:25 +0600] "GET /pause/ajaxPause?pauseConfigId=&admin=0 HTTP/1.1" 200 986 "http://callider/pause/index" "Mozilla/4.0 (compatible; MSIE 7.0; Windows NT 6.1; WOW64; Trident/5.0; SLCC2; .NET CLR 2.0.50727; .NET CLR 3.5.30729; .NET CLR 3.0.30729; Media Center PC 6.0; InfoPath.3; .NET4.0C; MS-RTC LM 8; .NET4.0E)" 18715
192.168.74.151 - - [17/Feb/2013:07:40:25 +0600] "GET /pause/ajaxPause?pauseConfigId=&admin=0 HTTP/1.1" 200 987 "http://callider.kontur/pause/index" "Mozilla/5.0 (Windows NT 6.1; WOW64; rv:18.0) Gecko/20100101 Firefox/18.0" 21573
192.168.12.210 - - [17/Feb/2013:07:40:25 +0600] "GET /pause/ajaxPause?pauseConfigId=all&admin=1 HTTP/1.1" 200 1047 "http://callider/pause/index" "Mozilla/4.0 (compatible; MSIE 7.0; Windows NT 6.1; WOW64; Trident/5.0; SLCC2; .NET CLR 2.0.50727; .NET CLR 3.5.30729; .NET CLR 3.0.30729; Media Center PC 6.0; InfoPath.3; .NET4.0C; .NET4.0E)" 22840
192.168.12.38 - - [17/Feb/2013:07:40:26 +0600] "GET /pause/ajaxPause?pauseConfigId=&admin=0 HTTP/1.1" 200 1040 "http://callider/pause/index" "Mozilla/4.0 (compatible; MSIE 7.0; Windows NT 6.1; WOW64; Trident/5.0; SLCC2; .NET CLR 2.0.50727; .NET CLR 3.5.30729; .NET CLR 3.0.30729; Media Center PC 6.0; InfoPath.3; .NET4.0C; .NET4.0E)" 17429
192.168.12.77 - - [17/Feb/2013:07:40:26 +0600] "GET /pause/ajaxPause?pauseConfigId=&admin=0 HTTP/1.1" 200 1039 "http://callider/pause/index" "Mozilla/4.0 (compatible; MSIE 7.0; Windows NT 6.1; Trident/5.0; SLCC2; .NET CLR 2.0.50727; .NET CLR 3.5.30729; .NET CLR 3.0.30729; Media Center PC 6.0; Tablet PC 2.0; InfoPath.3; .NET4.0C; .NET4.0E; MS-RTC LM 8)" 15894
192.168.65.56 - - [17/Feb/2013:07:40:26 +0600] "GET /pause/ajaxPause?pauseConfigId=all&admin=1 HTTP/1.1" 200 1046 "http://192.168.65.101/pause/index" "Mozilla/5.0 (Windows NT 5.1; rv:15.0) Gecko/20100101 Firefox/15.0" 35783
192.168.12.61 - - [17/Feb/2013:07:40:27 +0600] "GET /pause/ajaxPause?pauseConfigId=&admin=0 HTTP/1.1" 200 986 "http://callider/pause/index" "Mozilla/4.0 (compatible; MSIE 7.0; Windows NT 6.1; Trident/5.0; SLCC2; .NET CLR 2.0.50727; .NET CLR 3.5.30729; .NET CLR 3.0.30729; Media Center PC 6.0; InfoPath.3; .NET4.0C; .NET4.0E)" 30835
192.168.12.60 - - [17/Feb/2013:07:40:28 +0600] "GET /pause/ajaxPause?pauseConfigId=&admin=0 HTTP/1.1" 200 986 "http://callider/pause/index" "Mozilla/4.0 (compatible; MSIE 8.0; Windows NT 6.1; Trident/4.0; InfoPath.3; .NET4.0C; MS-RTC LM 8; .NET4.0E)" 29697
192.168.74.78 - - [17/Feb/2013:07:40:29 +0600] "GET /pause/ajaxPause?pauseConfigId=&admin=0 HTTP/1.1" 200 986 "http://callider/pause/index" "Mozilla/4.0 (compatible; MSIE 7.0; Windows NT 6.1; WOW64; Trident/5.0; SLCC2; .NET CLR 2.0.50727; .NET CLR 3.5.30729; .NET CLR 3.0.30729; Media Center PC 6.0; InfoPath.3; .NET4.0C; MS-RTC LM 8; .NET4.0E)" 24605
192.168.12.204 - - [17/Feb/2013:07:40:29 +0600] "GET /pause/ajaxPause?pauseConfigId=&admin=0 HTTP/1.1" 200 986 "http://callider/pause/index" "Mozilla/4.0 (compatible; MSIE 7.0; Windows NT 6.1; WOW64; Trident/4.0; SLCC2; .NET CLR 2.0.50727; .NET CLR 3.5.30729; .NET CLR 3.0.30729; Media Center PC 6.0; InfoPath.3; .NET4.0C; .NET4.0E; .NET CLR 1.1.4322)" 20684
192.168.12.69 - - [17/Feb/2013:07:40:30 +0600] "GET /pause/ajaxPause?pauseConfigId=&admin=0 HTTP/1.1" 200 986 "http://callider/pause/index" "Mozilla/4.0 (compatible; MSIE 7.0; Windows NT 6.1; Trident/5.0; SLCC2; .NET CLR 2.0.50727; .NET CLR 3.5.30729; .NET CLR 3.0.30729; Media Center PC 6.0; InfoPath.3; .NET4.0C; .NET4.0E; Tablet PC 2.0; AskTbFXTV5/5.14.1.20007)" 20527
192.168.74.91 - - [17/Feb/2013:07:40:30 +0600] "GET /pause/ajaxPause?pauseConfigId=&admin=0 HTTP/1.1" 200 986 "http://callider/pause/index" "Mozilla/4.0 (compatible; MSIE 7.0; Windows NT 6.1; WOW64; Trident/5.0; SLCC2; .NET CLR 2.0.50727; .NET CLR 3.5.30729; .NET CLR 3.0.30729; Media Center PC 6.0; InfoPath.3; .NET4.0C; MS-RTC LM 8; .NET4.0E)" 19973
192.168.74.151 - - [17/Feb/2013:07:40:30 +0600] "GET /pause/ajaxPause?pauseConfigId=&admin=0 HTTP/1.1" 200 987 "http://callider.kontur/pause/index" "Mozilla/5.0 (Windows NT 6.1; WOW64; rv:18.0) Gecko/20100101 Firefox/18.0" 19711
192.168.12.210 - - [17/Feb/2013:07:40:30 +0600] "GET /pause/ajaxPause?pauseConfigId=all&admin=1 HTTP/1.1" 200 1047 "http://callider/pause/index" "Mozilla/4.0 (compatible; MSIE 7.0; Windows NT 6.1; WOW64; Trident/5.0; SLCC2; .NET CLR 2.0.50727; .NET CLR 3.5.30729; .NET CLR 3.0.30729; Media Center PC 6.0; InfoPath.3; .NET4.0C; .NET4.0E)" 21807
192.168.12.38 - - [17/Feb/2013:07:40:31 +0600] "GET /pause/ajaxPause?pauseConfigId=&admin=0 HTTP/1.1" 200 1040 "http://callider/pause/index" "Mozilla/4.0 (compatible; MSIE 7.0; Windows NT 6.1; WOW64; Trident/5.0; SLCC2; .NET CLR 2.0.50727; .NET CLR 3.5.30729; .NET CLR 3.0.30729; Media Center PC 6.0; InfoPath.3; .NET4.0C; .NET4.0E)" 20499
192.168.12.77 - - [17/Feb/2013:07:40:31 +0600] "GET /pause/ajaxPause?pauseConfigId=&admin=0 HTTP/1.1" 200 1039 "http://callider/pause/index" "Mozilla/4.0 (compatible; MSIE 7.0; Windows NT 6.1; Trident/5.0; SLCC2; .NET CLR 2.0.50727; .NET CLR 3.5.30729; .NET CLR 3.0.30729; Media Center PC 6.0; Tablet PC 2.0; InfoPath.3; .NET4.0C; .NET4.0E; MS-RTC LM 8)" 15478
192.168.65.56 - - [17/Feb/2013:07:40:31 +0600] "GET /pause/ajaxPause?pauseConfigId=all&admin=1 HTTP/1.1" 200 1046 "http://192.168.65.101/pause/index" "Mozilla/5.0 (Windows NT 5.1; rv:15.0) Gecko/20100101 Firefox/15.0" 45216
192.168.12.61 - - [17/Feb/2013:07:40:32 +0600] "GET /pause/ajaxPause?pauseConfigId=&admin=0 HTTP/1.1" 200 985 "http://callider/pause/index" "Mozilla/4.0 (compatible; MSIE 7.0; Windows NT 6.1; Trident/5.0; SLCC2; .NET CLR 2.0.50727; .NET CLR 3.5.30729; .NET CLR 3.0.30729; Media Center PC 6.0; InfoPath.3; .NET4.0C; .NET4.0E)" 18162
192.168.12.60 - - [17/Feb/2013:07:40:33 +0600] "GET /pause/ajaxPause?pauseConfigId=&admin=0 HTTP/1.1" 200 986 "http://callider/pause/index" "Mozilla/4.0 (compatible; MSIE 8.0; Windows NT 6.1; Trident/4.0; InfoPath.3; .NET4.0C; MS-RTC LM 8; .NET4.0E)" 19393
192.168.74.78 - - [17/Feb/2013:07:40:34 +0600] "GET /pause/ajaxPause?pauseConfigId=&admin=0 HTTP/1.1" 200 986 "http://callider/pause/index" "Mozilla/4.0 (compatible; MSIE 7.0; Windows NT 6.1; WOW64; Trident/5.0; SLCC2; .NET CLR 2.0.50727; .NET CLR 3.5.30729; .NET CLR 3.0.30729; Media Center PC 6.0; InfoPath.3; .NET4.0C; MS-RTC LM 8; .NET4.0E)" 18596
192.168.12.204 - - [17/Feb/2013:07:40:34 +0600] "GET /pause/ajaxPause?pauseConfigId=&admin=0 HTTP/1.1" 200 986 "http://callider/pause/index" "Mozilla/4.0 (compatible; MSIE 7.0; Windows NT 6.1; WOW64; Trident/4.0; SLCC2; .NET CLR 2.0.50727; .NET CLR 3.5.30729; .NET CLR 3.0.30729; Media Center PC 6.0; InfoPath.3; .NET4.0C; .NET4.0E; .NET CLR 1.1.4322)" 17874
192.168.12.67 - - [17/Feb/2013:07:40:34 +0600] "GET /tv/useUser HTTP/1.1" 200 432 "http://callider/graph/personal" "Mozilla/4.0 (compatible; MSIE 7.0; Windows NT 6.1; Trident/5.0; SLCC2; .NET CLR 2.0.50727; .NET CLR 3.5.30729; .NET CLR 3.0.30729; Media Center PC 6.0; .NET4.0C; .NET4.0E; InfoPath.3; Tablet PC 2.0; MS-RTC LM 8)" 17130
192.168.12.69 - - [17/Feb/2013:07:40:35 +0600] "GET /pause/ajaxPause?pauseConfigId=&admin=0 HTTP/1.1" 200 986 "http://callider/pause/index" "Mozilla/4.0 (compatible; MSIE 7.0; Windows NT 6.1; Trident/5.0; SLCC2; .NET CLR 2.0.50727; .NET CLR 3.5.30729; .NET CLR 3.0.30729; Media Center PC 6.0; InfoPath.3; .NET4.0C; .NET4.0E; Tablet PC 2.0; AskTbFXTV5/5.14.1.20007)" 20388
192.168.74.91 - - [17/Feb/2013:07:40:35 +0600] "GET /pause/ajaxPause?pauseConfigId=&admin=0 HTTP/1.1" 200 986 "http://callider/pause/index" "Mozilla/4.0 (compatible; MSIE 7.0; Windows NT 6.1; WOW64; Trident/5.0; SLCC2; .NET CLR 2.0.50727; .NET CLR 3.5.30729; .NET CLR 3.0.30729; Media Center PC 6.0; InfoPath.3; .NET4.0C; MS-RTC LM 8; .NET4.0E)" 19867
192.168.74.151 - - [17/Feb/2013:07:40:35 +0600] "GET /pause/ajaxPause?pauseConfigId=&admin=0 HTTP/1.1" 200 987 "http://callider.kontur/pause/index" "Mozilla/5.0 (Windows NT 6.1; WOW64; rv:18.0) Gecko/20100101 Firefox/18.0" 32693
192.168.12.210 - - [17/Feb/2013:07:40:35 +0600] "GET /pause/ajaxPause?pauseConfigId=all&admin=1 HTTP/1.1" 200 1047 "http://callider/pause/index" "Mozilla/4.0 (compatible; MSIE 7.0; Windows NT 6.1; WOW64; Trident/5.0; SLCC2; .NET CLR 2.0.50727; .NET CLR 3.5.30729; .NET CLR 3.0.30729; Media Center PC 6.0; InfoPath.3; .NET4.0C; .NET4.0E)" 18394
192.168.12.38 - - [17/Feb/2013:07:40:36 +0600] "GET /pause/ajaxPause?pauseConfigId=&admin=0 HTTP/1.1" 200 1040 "http://callider/pause/index" "Mozilla/4.0 (compatible; MSIE 7.0; Windows NT 6.1; WOW64; Trident/5.0; SLCC2; .NET CLR 2.0.50727; .NET CLR 3.5.30729; .NET CLR 3.0.30729; Media Center PC 6.0; InfoPath.3; .NET4.0C; .NET4.0E)" 18627
192.168.12.77 - - [17/Feb/2013:07:40:36 +0600] "GET /pause/ajaxPause?pauseConfigId=&admin=0 HTTP/1.1" 200 1039 "http://callider/pause/index" "Mozilla/4.0 (compatible; MSIE 7.0; Windows NT 6.1; Trident/5.0; SLCC2; .NET CLR 2.0.50727; .NET CLR 3.5.30729; .NET CLR 3.0.30729; Media Center PC 6.0; Tablet PC 2.0; InfoPath.3; .NET4.0C; .NET4.0E; MS-RTC LM 8)" 15822
192.168.65.56 - - [17/Feb/2013:07:40:36 +0600] "GET /pause/ajaxPause?pauseConfigId=all&admin=1 HTTP/1.1" 200 1046 "http://192.168.65.101/pause/index" "Mozilla/5.0 (Windows NT 5.1; rv:15.0) Gecko/20100101 Firefox/15.0" 30382
192.168.12.61 - - [17/Feb/2013:07:40:37 +0600] "GET /pause/ajaxPause?pauseConfigId=&admin=0 HTTP/1.1" 200 985 "http://callider/pause/index" "Mozilla/4.0 (compatible; MSIE 7.0; Windows NT 6.1; Trident/5.0; SLCC2; .NET CLR 2.0.50727; .NET CLR 3.5.30729; .NET CLR 3.0.30729; Media Center PC 6.0; InfoPath.3; .NET4.0C; .NET4.0E)" 24739
192.168.74.93 - - [17/Feb/2013:07:40:38 +0600] "GET /tv/useUser HTTP/1.1" 200 432 "http://callider/graph/personal" "Mozilla/4.0 (compatible; MSIE 7.0; Windows NT 6.1; WOW64; Trident/5.0; SLCC2; .NET CLR 2.0.50727; .NET CLR 3.5.30729; .NET CLR 3.0.30729; Media Center PC 6.0; InfoPath.3; .NET4.0C; .NET4.0E)" 17076
192.168.12.60 - - [17/Feb/2013:07:40:38 +0600] "GET /pause/ajaxPause?pauseConfigId=&admin=0 HTTP/1.1" 200 986 "http://callider/pause/index" "Mozilla/4.0 (compatible; MSIE 8.0; Windows NT 6.1; Trident/4.0; InfoPath.3; .NET4.0C; MS-RTC LM 8; .NET4.0E)" 25064
192.168.74.78 - - [17/Feb/2013:07:40:39 +0600] "GET /pause/ajaxPause?pauseConfigId=&admin=0 HTTP/1.1" 200 986 "http://callider/pause/index" "Mozilla/4.0 (compatible; MSIE 7.0; Windows NT 6.1; WOW64; Trident/5.0; SLCC2; .NET CLR 2.0.50727; .NET CLR 3.5.30729; .NET CLR 3.0.30729; Media Center PC 6.0; InfoPath.3; .NET4.0C; MS-RTC LM 8; .NET4.0E)" 20430
192.168.12.210 - - [17/Feb/2013:07:40:39 +0600] "GET /tv/useUser HTTP/1.1" 200 431 "http://callider/graph/general" "Mozilla/4.0 (compatible; MSIE 7.0; Windows NT 6.1; WOW64; Trident/5.0; SLCC2; .NET CLR 2.0.50727; .NET CLR 3.5.30729; .NET CLR 3.0.30729; Media Center PC 6.0; InfoPath.3; .NET4.0C; .NET4.0E)" 11963
192.168.12.204 - - [17/Feb/2013:07:40:39 +0600] "GET /pause/ajaxPause?pauseConfigId=&admin=0 HTTP/1.1" 200 986 "http://callider/pause/index" "Mozilla/4.0 (compatible; MSIE 7.0; Windows NT 6.1; WOW64; Trident/4.0; SLCC2; .NET CLR 2.0.50727; .NET CLR 3.5.30729; .NET CLR 3.0.30729; Media Center PC 6.0; InfoPath.3; .NET4.0C; .NET4.0E; .NET CLR 1.1.4322)" 23164
192.168.12.69 - - [17/Feb/2013:07:40:40 +0600] "GET /pause/ajaxPause?pauseConfigId=&admin=0 HTTP/1.1" 200 986 "http://callider/pause/index" "Mozilla/4.0 (compatible; MSIE 7.0; Windows NT 6.1; Trident/5.0; SLCC2; .NET CLR 2.0.50727; .NET CLR 3.5.30729; .NET CLR 3.0.30729; Media Center PC 6.0; InfoPath.3; .NET4.0C; .NET4.0E; Tablet PC 2.0; AskTbFXTV5/5.14.1.20007)" 27261
192.168.74.91 - - [17/Feb/2013:07:40:40 +0600] "GET /pause/ajaxPause?pauseConfigId=&admin=0 HTTP/1.1" 200 986 "http://callider/pause/index" "Mozilla/4.0 (compatible; MSIE 7.0; Windows NT 6.1; WOW64; Trident/5.0; SLCC2; .NET CLR 2.0.50727; .NET CLR 3.5.30729; .NET CLR 3.0.30729; Media Center PC 6.0; InfoPath.3; .NET4.0C; MS-RTC LM 8; .NET4.0E)" 21306
192.168.74.151 - - [17/Feb/2013:07:40:40 +0600] "GET /pause/ajaxPause?pauseConfigId=&admin=0 HTTP/1.1" 200 987 "http://callider.kontur/pause/index" "Mozilla/5.0 (Windows NT 6.1; WOW64; rv:18.0) Gecko/20100101 Firefox/18.0" 21099
192.168.12.210 - - [17/Feb/2013:07:40:40 +0600] "GET /pause/ajaxPause?pauseConfigId=all&admin=1 HTTP/1.1" 200 1047 "http://callider/pause/index" "Mozilla/4.0 (compatible; MSIE 7.0; Windows NT 6.1; WOW64; Trident/5.0; SLCC2; .NET CLR 2.0.50727; .NET CLR 3.5.30729; .NET CLR 3.0.30729; Media Center PC 6.0; InfoPath.3; .NET4.0C; .NET4.0E)" 18327
192.168.12.9 - - [17/Feb/2013:07:40:40 +0600] "GET /tv/useUser HTTP/1.1" 200 432 "http://callider.kontur/site/index" "Mozilla/5.0 (Windows NT 6.1; WOW64) AppleWebKit/537.17 (KHTML, like Gecko) Chrome/24.0.1312.57 Safari/537.17" 25659
192.168.12.38 - - [17/Feb/2013:07:40:41 +0600] "GET /pause/ajaxPause?pauseConfigId=&admin=0 HTTP/1.1" 200 1040 "http://callider/pause/index" "Mozilla/4.0 (compatible; MSIE 7.0; Windows NT 6.1; WOW64; Trident/5.0; SLCC2; .NET CLR 2.0.50727; .NET CLR 3.5.30729; .NET CLR 3.0.30729; Media Center PC 6.0; InfoPath.3; .NET4.0C; .NET4.0E)" 15293
192.168.12.77 - - [17/Feb/2013:07:40:41 +0600] "GET /pause/ajaxPause?pauseConfigId=&admin=0 HTTP/1.1" 200 1039 "http://callider/pause/index" "Mozilla/4.0 (compatible; MSIE 7.0; Windows NT 6.1; Trident/5.0; SLCC2; .NET CLR 2.0.50727; .NET CLR 3.5.30729; .NET CLR 3.0.30729; Media Center PC 6.0; Tablet PC 2.0; InfoPath.3; .NET4.0C; .NET4.0E; MS-RTC LM 8)" 12704
192.168.65.56 - - [17/Feb/2013:07:40:41 +0600] "GET /pause/ajaxPause?pauseConfigId=all&admin=1 HTTP/1.1" 200 1046 "http://192.168.65.101/pause/index" "Mozilla/5.0 (Windows NT 5.1; rv:15.0) Gecko/20100101 Firefox/15.0" 29592
192.168.12.61 - - [17/Feb/2013:07:40:42 +0600] "GET /pause/ajaxPause?pauseConfigId=&admin=0 HTTP/1.1" 200 985 "http://callider/pause/index" "Mozilla/4.0 (compatible; MSIE 7.0; Windows NT 6.1; Trident/5.0; SLCC2; .NET CLR 2.0.50727; .NET CLR 3.5.30729; .NET CLR 3.0.30729; Media Center PC 6.0; InfoPath.3; .NET4.0C; .NET4.0E)" 19035
192.168.12.60 - - [17/Feb/2013:07:40:43 +0600] "GET /pause/ajaxPause?pauseConfigId=&admin=0 HTTP/1.1" 200 986 "http://callider/pause/index" "Mozilla/4.0 (compatible; MSIE 8.0; Windows NT 6.1; Trident/4.0; InfoPath.3; .NET4.0C; MS-RTC LM 8; .NET4.0E)" 23904
192.168.74.78 - - [17/Feb/2013:07:40:44 +0600] "GET /pause/ajaxPause?pauseConfigId=&admin=0 HTTP/1.1" 200 986 "http://callider/pause/index" "Mozilla/4.0 (compatible; MSIE 7.0; Windows NT 6.1; WOW64; Trident/5.0; SLCC2; .NET CLR 2.0.50727; .NET CLR 3.5.30729; .NET CLR 3.0.30729; Media Center PC 6.0; InfoPath.3; .NET4.0C; MS-RTC LM 8; .NET4.0E)" 19967
192.168.12.204 - - [17/Feb/2013:07:40:44 +0600] "GET /pause/ajaxPause?pauseConfigId=&admin=0 HTTP/1.1" 200 986 "http://callider/pause/index" "Mozilla/4.0 (compatible; MSIE 7.0; Windows NT 6.1; WOW64; Trident/4.0; SLCC2; .NET CLR 2.0.50727; .NET CLR 3.5.30729; .NET CLR 3.0.30729; Media Center PC 6.0; InfoPath.3; .NET4.0C; .NET4.0E; .NET CLR 1.1.4322)" 19509
192.168.12.69 - - [17/Feb/2013:07:40:45 +0600] "GET /pause/ajaxPause?pauseConfigId=&admin=0 HTTP/1.1" 200 986 "http://callider/pause/index" "Mozilla/4.0 (compatible; MSIE 7.0; Windows NT 6.1; Trident/5.0; SLCC2; .NET CLR 2.0.50727; .NET CLR 3.5.30729; .NET CLR 3.0.30729; Media Center PC 6.0; InfoPath.3; .NET4.0C; .NET4.0E; Tablet PC 2.0; AskTbFXTV5/5.14.1.20007)" 34246
192.168.74.91 - - [17/Feb/2013:07:40:45 +0600] "GET /pause/ajaxPause?pauseConfigId=&admin=0 HTTP/1.1" 200 986 "http://callider/pause/index" "Mozilla/4.0 (compatible; MSIE 7.0; Windows NT 6.1; WOW64; Trident/5.0; SLCC2; .NET CLR 2.0.50727; .NET CLR 3.5.30729; .NET CLR 3.0.30729; Media Center PC 6.0; InfoPath.3; .NET4.0C; MS-RTC LM 8; .NET4.0E)" 19450
192.168.74.151 - - [17/Feb/2013:07:40:45 +0600] "GET /pause/ajaxPause?pauseConfigId=&admin=0 HTTP/1.1" 200 987 "http://callider.kontur/pause/index" "Mozilla/5.0 (Windows NT 6.1; WOW64; rv:18.0) Gecko/20100101 Firefox/18.0" 19904
192.168.12.210 - - [17/Feb/2013:07:40:45 +0600] "GET /pause/ajaxPause?pauseConfigId=all&admin=1 HTTP/1.1" 200 1047 "http://callider/pause/index" "Mozilla/4.0 (compatible; MSIE 7.0; Windows NT 6.1; WOW64; Trident/5.0; SLCC2; .NET CLR 2.0.50727; .NET CLR 3.5.30729; .NET CLR 3.0.30729; Media Center PC 6.0; InfoPath.3; .NET4.0C; .NET4.0E)" 18297
192.168.12.38 - - [17/Feb/2013:07:40:46 +0600] "GET /pause/ajaxPause?pauseConfigId=&admin=0 HTTP/1.1" 200 1040 "http://callider/pause/index" "Mozilla/4.0 (compatible; MSIE 7.0; Windows NT 6.1; WOW64; Trident/5.0; SLCC2; .NET CLR 2.0.50727; .NET CLR 3.5.30729; .NET CLR 3.0.30729; Media Center PC 6.0; InfoPath.3; .NET4.0C; .NET4.0E)" 16875
192.168.12.77 - - [17/Feb/2013:07:40:46 +0600] "GET /pause/ajaxPause?pauseConfigId=&admin=0 HTTP/1.1" 200 1039 "http://callider/pause/index" "Mozilla/4.0 (compatible; MSIE 7.0; Windows NT 6.1; Trident/5.0; SLCC2; .NET CLR 2.0.50727; .NET CLR 3.5.30729; .NET CLR 3.0.30729; Media Center PC 6.0; Tablet PC 2.0; InfoPath.3; .NET4.0C; .NET4.0E; MS-RTC LM 8)" 12264
192.168.65.56 - - [17/Feb/2013:07:40:46 +0600] "GET /pause/ajaxPause?pauseConfigId=all&admin=1 HTTP/1.1" 200 1046 "http://192.168.65.101/pause/index" "Mozilla/5.0 (Windows NT 5.1; rv:15.0) Gecko/20100101 Firefox/15.0" 29321
192.168.12.61 - - [17/Feb/2013:07:40:47 +0600] "GET /pause/ajaxPause?pauseConfigId=&admin=0 HTTP/1.1" 200 986 "http://callider/pause/index" "Mozilla/4.0 (compatible; MSIE 7.0; Windows NT 6.1; Trident/5.0; SLCC2; .NET CLR 2.0.50727; .NET CLR 3.5.30729; .NET CLR 3.0.30729; Media Center PC 6.0; InfoPath.3; .NET4.0C; .NET4.0E)" 42827
192.168.12.60 - - [17/Feb/2013:07:40:48 +0600] "GET /pause/ajaxPause?pauseConfigId=&admin=0 HTTP/1.1" 200 986 "http://callider/pause/index" "Mozilla/4.0 (compatible; MSIE 8.0; Windows NT 6.1; Trident/4.0; InfoPath.3; .NET4.0C; MS-RTC LM 8; .NET4.0E)" 21743
192.168.12.210 - - [17/Feb/2013:07:40:49 +0600] "GET /tv/useUser HTTP/1.1" 200 431 "http://callider/pause/index" "Mozilla/4.0 (compatible; MSIE 7.0; Windows NT 6.1; WOW64; Trident/5.0; SLCC2; .NET CLR 2.0.50727; .NET CLR 3.5.30729; .NET CLR 3.0.30729; Media Center PC 6.0; InfoPath.3; .NET4.0C; .NET4.0E)" 8764
192.168.74.78 - - [17/Feb/2013:07:40:49 +0600] "GET /pause/ajaxPause?pauseConfigId=&admin=0 HTTP/1.1" 200 986 "http://callider/pause/index" "Mozilla/4.0 (compatible; MSIE 7.0; Windows NT 6.1; WOW64; Trident/5.0; SLCC2; .NET CLR 2.0.50727; .NET CLR 3.5.30729; .NET CLR 3.0.30729; Media Center PC 6.0; InfoPath.3; .NET4.0C; MS-RTC LM 8; .NET4.0E)" 20547
192.168.12.204 - - [17/Feb/2013:07:40:49 +0600] "GET /pause/ajaxPause?pauseConfigId=&admin=0 HTTP/1.1" 200 986 "http://callider/pause/index" "Mozilla/4.0 (compatible; MSIE 7.0; Windows NT 6.1; WOW64; Trident/4.0; SLCC2; .NET CLR 2.0.50727; .NET CLR 3.5.30729; .NET CLR 3.0.30729; Media Center PC 6.0; InfoPath.3; .NET4.0C; .NET4.0E; .NET CLR 1.1.4322)" 21855
192.168.12.69 - - [17/Feb/2013:07:40:50 +0600] "GET /pause/ajaxPause?pauseConfigId=&admin=0 HTTP/1.1" 200 986 "http://callider/pause/index" "Mozilla/4.0 (compatible; MSIE 7.0; Windows NT 6.1; Trident/5.0; SLCC2; .NET CLR 2.0.50727; .NET CLR 3.5.30729; .NET CLR 3.0.30729; Media Center PC 6.0; InfoPath.3; .NET4.0C; .NET4.0E; Tablet PC 2.0; AskTbFXTV5/5.14.1.20007)" 20659
192.168.74.91 - - [17/Feb/2013:07:40:50 +0600] "GET /pause/ajaxPause?pauseConfigId=&admin=0 HTTP/1.1" 200 986 "http://callider/pause/index" "Mozilla/4.0 (compatible; MSIE 7.0; Windows NT 6.1; WOW64; Trident/5.0; SLCC2; .NET CLR 2.0.50727; .NET CLR 3.5.30729; .NET CLR 3.0.30729; Media Center PC 6.0; InfoPath.3; .NET4.0C; MS-RTC LM 8; .NET4.0E)" 26196
192.168.74.151 - - [17/Feb/2013:07:40:50 +0600] "GET /pause/ajaxPause?pauseConfigId=&admin=0 HTTP/1.1" 200 987 "http://callider.kontur/pause/index" "Mozilla/5.0 (Windows NT 6.1; WOW64; rv:18.0) Gecko/20100101 Firefox/18.0" 32768
192.168.12.210 - - [17/Feb/2013:07:40:50 +0600] "GET /pause/ajaxPause?pauseConfigId=all&admin=1 HTTP/1.1" 200 1047 "http://callider/pause/index" "Mozilla/4.0 (compatible; MSIE 7.0; Windows NT 6.1; WOW64; Trident/5.0; SLCC2; .NET CLR 2.0.50727; .NET CLR 3.5.30729; .NET CLR 3.0.30729; Media Center PC 6.0; InfoPath.3; .NET4.0C; .NET4.0E)" 25191
192.168.12.38 - - [17/Feb/2013:07:40:51 +0600] "GET /pause/ajaxPause?pauseConfigId=&admin=0 HTTP/1.1" 200 1040 "http://callider/pause/index" "Mozilla/4.0 (compatible; MSIE 7.0; Windows NT 6.1; WOW64; Trident/5.0; SLCC2; .NET CLR 2.0.50727; .NET CLR 3.5.30729; .NET CLR 3.0.30729; Media Center PC 6.0; InfoPath.3; .NET4.0C; .NET4.0E)" 20037
192.168.12.77 - - [17/Feb/2013:07:40:51 +0600] "GET /pause/ajaxPause?pauseConfigId=&admin=0 HTTP/1.1" 200 1039 "http://callider/pause/index" "Mozilla/4.0 (compatible; MSIE 7.0; Windows NT 6.1; Trident/5.0; SLCC2; .NET CLR 2.0.50727; .NET CLR 3.5.30729; .NET CLR 3.0.30729; Media Center PC 6.0; Tablet PC 2.0; InfoPath.3; .NET4.0C; .NET4.0E; MS-RTC LM 8)" 12836
192.168.65.56 - - [17/Feb/2013:07:40:51 +0600] "GET /pause/ajaxPause?pauseConfigId=all&admin=1 HTTP/1.1" 200 1046 "http://192.168.65.101/pause/index" "Mozilla/5.0 (Windows NT 5.1; rv:15.0) Gecko/20100101 Firefox/15.0" 30003
192.168.65.56 - - [17/Feb/2013:07:40:51 +0600] "GET /tv/useUser HTTP/1.1" 200 431 "http://192.168.65.101/pause/index" "Mozilla/5.0 (Windows NT 5.1; rv:15.0) Gecko/20100101 Firefox/15.0" 12085
192.168.65.93 - - [17/Feb/2013:07:40:52 +0600] "GET / HTTP/1.1" 302 530 "-" "System Center 2012 - Operations Manager 7.0.9538.0" 14282
192.168.65.93 - - [17/Feb/2013:07:40:52 +0600] "GET /site/login HTTP/1.1" 200 2771 "-" "System Center 2012 - Operations Manager 7.0.9538.0" 16215
192.168.12.61 - - [17/Feb/2013:07:40:52 +0600] "GET /pause/ajaxPause?pauseConfigId=&admin=0 HTTP/1.1" 200 985 "http://callider/pause/index" "Mozilla/4.0 (compatible; MSIE 7.0; Windows NT 6.1; Trident/5.0; SLCC2; .NET CLR 2.0.50727; .NET CLR 3.5.30729; .NET CLR 3.0.30729; Media Center PC 6.0; InfoPath.3; .NET4.0C; .NET4.0E)" 47896
192.168.12.60 - - [17/Feb/2013:07:40:53 +0600] "GET /pause/ajaxPause?pauseConfigId=&admin=0 HTTP/1.1" 200 986 "http://callider/pause/index" "Mozilla/4.0 (compatible; MSIE 8.0; Windows NT 6.1; Trident/4.0; InfoPath.3; .NET4.0C; MS-RTC LM 8; .NET4.0E)" 28304
192.168.74.78 - - [17/Feb/2013:07:40:54 +0600] "GET /pause/ajaxPause?pauseConfigId=&admin=0 HTTP/1.1" 200 986 "http://callider/pause/index" "Mozilla/4.0 (compatible; MSIE 7.0; Windows NT 6.1; WOW64; Trident/5.0; SLCC2; .NET CLR 2.0.50727; .NET CLR 3.5.30729; .NET CLR 3.0.30729; Media Center PC 6.0; InfoPath.3; .NET4.0C; MS-RTC LM 8; .NET4.0E)" 21501
192.168.12.204 - - [17/Feb/2013:07:40:54 +0600] "GET /pause/ajaxPause?pauseConfigId=&admin=0 HTTP/1.1" 200 986 "http://callider/pause/index" "Mozilla/4.0 (compatible; MSIE 7.0; Windows NT 6.1; WOW64; Trident/4.0; SLCC2; .NET CLR 2.0.50727; .NET CLR 3.5.30729; .NET CLR 3.0.30729; Media Center PC 6.0; InfoPath.3; .NET4.0C; .NET4.0E; .NET CLR 1.1.4322)" 21373
192.168.12.69 - - [17/Feb/2013:07:40:55 +0600] "GET /pause/ajaxPause?pauseConfigId=&admin=0 HTTP/1.1" 200 986 "http://callider/pause/index" "Mozilla/4.0 (compatible; MSIE 7.0; Windows NT 6.1; Trident/5.0; SLCC2; .NET CLR 2.0.50727; .NET CLR 3.5.30729; .NET CLR 3.0.30729; Media Center PC 6.0; InfoPath.3; .NET4.0C; .NET4.0E; Tablet PC 2.0; AskTbFXTV5/5.14.1.20007)" 23763
192.168.74.91 - - [17/Feb/2013:07:40:55 +0600] "GET /pause/ajaxPause?pauseConfigId=&admin=0 HTTP/1.1" 200 986 "http://callider/pause/index" "Mozilla/4.0 (compatible; MSIE 7.0; Windows NT 6.1; WOW64; Trident/5.0; SLCC2; .NET CLR 2.0.50727; .NET CLR 3.5.30729; .NET CLR 3.0.30729; Media Center PC 6.0; InfoPath.3; .NET4.0C; MS-RTC LM 8; .NET4.0E)" 23140
192.168.74.151 - - [17/Feb/2013:07:40:55 +0600] "GET /pause/ajaxPause?pauseConfigId=&admin=0 HTTP/1.1" 200 987 "http://callider.kontur/pause/index" "Mozilla/5.0 (Windows NT 6.1; WOW64; rv:18.0) Gecko/20100101 Firefox/18.0" 24039
192.168.12.210 - - [17/Feb/2013:07:40:55 +0600] "GET /pause/ajaxPause?pauseConfigId=all&admin=1 HTTP/1.1" 200 1047 "http://callider/pause/index" "Mozilla/4.0 (compatible; MSIE 7.0; Windows NT 6.1; WOW64; Trident/5.0; SLCC2; .NET CLR 2.0.50727; .NET CLR 3.5.30729; .NET CLR 3.0.30729; Media Center PC 6.0; InfoPath.3; .NET4.0C; .NET4.0E)" 21015
192.168.12.38 - - [17/Feb/2013:07:40:56 +0600] "GET /pause/ajaxPause?pauseConfigId=&admin=0 HTTP/1.1" 200 1040 "http://callider/pause/index" "Mozilla/4.0 (compatible; MSIE 7.0; Windows NT 6.1; WOW64; Trident/5.0; SLCC2; .NET CLR 2.0.50727; .NET CLR 3.5.30729; .NET CLR 3.0.30729; Media Center PC 6.0; InfoPath.3; .NET4.0C; .NET4.0E)" 21468
192.168.12.77 - - [17/Feb/2013:07:40:56 +0600] "GET /pause/ajaxPause?pauseConfigId=&admin=0 HTTP/1.1" 200 1039 "http://callider/pause/index" "Mozilla/4.0 (compatible; MSIE 7.0; Windows NT 6.1; Trident/5.0; SLCC2; .NET CLR 2.0.50727; .NET CLR 3.5.30729; .NET CLR 3.0.30729; Media Center PC 6.0; Tablet PC 2.0; InfoPath.3; .NET4.0C; .NET4.0E; MS-RTC LM 8)" 12890
192.168.65.56 - - [17/Feb/2013:07:40:56 +0600] "GET /pause/ajaxPause?pauseConfigId=all&admin=1 HTTP/1.1" 200 1046 "http://192.168.65.101/pause/index" "Mozilla/5.0 (Windows NT 5.1; rv:15.0) Gecko/20100101 Firefox/15.0" 27502
192.168.12.61 - - [17/Feb/2013:07:40:57 +0600] "GET /pause/ajaxPause?pauseConfigId=&admin=0 HTTP/1.1" 200 985 "http://callider/pause/index" "Mozilla/4.0 (compatible; MSIE 7.0; Windows NT 6.1; Trident/5.0; SLCC2; .NET CLR 2.0.50727; .NET CLR 3.5.30729; .NET CLR 3.0.30729; Media Center PC 6.0; InfoPath.3; .NET4.0C; .NET4.0E)" 19592
192.168.12.60 - - [17/Feb/2013:07:40:58 +0600] "GET /pause/ajaxPause?pauseConfigId=&admin=0 HTTP/1.1" 200 986 "http://callider/pause/index" "Mozilla/4.0 (compatible; MSIE 8.0; Windows NT 6.1; Trident/4.0; InfoPath.3; .NET4.0C; MS-RTC LM 8; .NET4.0E)" 18337
192.168.74.78 - - [17/Feb/2013:07:40:59 +0600] "GET /pause/ajaxPause?pauseConfigId=&admin=0 HTTP/1.1" 200 986 "http://callider/pause/index" "Mozilla/4.0 (compatible; MSIE 7.0; Windows NT 6.1; WOW64; Trident/5.0; SLCC2; .NET CLR 2.0.50727; .NET CLR 3.5.30729; .NET CLR 3.0.30729; Media Center PC 6.0; InfoPath.3; .NET4.0C; MS-RTC LM 8; .NET4.0E)" 20810
192.168.12.204 - - [17/Feb/2013:07:40:59 +0600] "GET /pause/ajaxPause?pauseConfigId=&admin=0 HTTP/1.1" 200 986 "http://callider/pause/index" "Mozilla/4.0 (compatible; MSIE 7.0; Windows NT 6.1; WOW64; Trident/4.0; SLCC2; .NET CLR 2.0.50727; .NET CLR 3.5.30729; .NET CLR 3.0.30729; Media Center PC 6.0; InfoPath.3; .NET4.0C; .NET4.0E; .NET CLR 1.1.4322)" 19444
192.168.12.69 - - [17/Feb/2013:07:41:00 +0600] "GET /pause/ajaxPause?pauseConfigId=&admin=0 HTTP/1.1" 200 986 "http://callider/pause/index" "Mozilla/4.0 (compatible; MSIE 7.0; Windows NT 6.1; Trident/5.0; SLCC2; .NET CLR 2.0.50727; .NET CLR 3.5.30729; .NET CLR 3.0.30729; Media Center PC 6.0; InfoPath.3; .NET4.0C; .NET4.0E; Tablet PC 2.0; AskTbFXTV5/5.14.1.20007)" 25454
192.168.74.91 - - [17/Feb/2013:07:41:00 +0600] "GET /pause/ajaxPause?pauseConfigId=&admin=0 HTTP/1.1" 200 986 "http://callider/pause/index" "Mozilla/4.0 (compatible; MSIE 7.0; Windows NT 6.1; WOW64; Trident/5.0; SLCC2; .NET CLR 2.0.50727; .NET CLR 3.5.30729; .NET CLR 3.0.30729; Media Center PC 6.0; InfoPath.3; .NET4.0C; MS-RTC LM 8; .NET4.0E)" 20310
192.168.74.151 - - [17/Feb/2013:07:41:00 +0600] "GET /pause/ajaxPause?pauseConfigId=&admin=0 HTTP/1.1" 200 987 "http://callider.kontur/pause/index" "Mozilla/5.0 (Windows NT 6.1; WOW64; rv:18.0) Gecko/20100101 Firefox/18.0" 17742
192.168.12.210 - - [17/Feb/2013:07:41:00 +0600] "GET /pause/ajaxPause?pauseConfigId=all&admin=1 HTTP/1.1" 200 1047 "http://callider/pause/index" "Mozilla/4.0 (compatible; MSIE 7.0; Windows NT 6.1; WOW64; Trident/5.0; SLCC2; .NET CLR 2.0.50727; .NET CLR 3.5.30729; .NET CLR 3.0.30729; Media Center PC 6.0; InfoPath.3; .NET4.0C; .NET4.0E)" 19108
192.168.12.38 - - [17/Feb/2013:07:41:01 +0600] "GET /pause/ajaxPause?pauseConfigId=&admin=0 HTTP/1.1" 200 1040 "http://callider/pause/index" "Mozilla/4.0 (compatible; MSIE 7.0; Windows NT 6.1; WOW64; Trident/5.0; SLCC2; .NET CLR 2.0.50727; .NET CLR 3.5.30729; .NET CLR 3.0.30729; Media Center PC 6.0; InfoPath.3; .NET4.0C; .NET4.0E)" 23028
192.168.12.77 - - [17/Feb/2013:07:41:01 +0600] "GET /pause/ajaxPause?pauseConfigId=&admin=0 HTTP/1.1" 200 1039 "http://callider/pause/index" "Mozilla/4.0 (compatible; MSIE 7.0; Windows NT 6.1; Trident/5.0; SLCC2; .NET CLR 2.0.50727; .NET CLR 3.5.30729; .NET CLR 3.0.30729; Media Center PC 6.0; Tablet PC 2.0; InfoPath.3; .NET4.0C; .NET4.0E; MS-RTC LM 8)" 16379
192.168.65.56 - - [17/Feb/2013:07:41:01 +0600] "GET /pause/ajaxPause?pauseConfigId=all&admin=1 HTTP/1.1" 200 1046 "http://192.168.65.101/pause/index" "Mozilla/5.0 (Windows NT 5.1; rv:15.0) Gecko/20100101 Firefox/15.0" 34501
192.168.12.61 - - [17/Feb/2013:07:41:02 +0600] "GET /pause/ajaxPause?pauseConfigId=&admin=0 HTTP/1.1" 200 985 "http://callider/pause/index" "Mozilla/4.0 (compatible; MSIE 7.0; Windows NT 6.1; Trident/5.0; SLCC2; .NET CLR 2.0.50727; .NET CLR 3.5.30729; .NET CLR 3.0.30729; Media Center PC 6.0; InfoPath.3; .NET4.0C; .NET4.0E)" 19775
192.168.74.139 - - [17/Feb/2013:07:41:03 +0600] "GET /tv/useUser HTTP/1.1" 200 432 "http://callider/graph/personal" "Mozilla/4.0 (compatible; MSIE 7.0; Windows NT 6.1; WOW64; Trident/5.0; SLCC2; .NET CLR 2.0.50727; .NET CLR 3.5.30729; .NET CLR 3.0.30729; Media Center PC 6.0; InfoPath.3; .NET4.0C; .NET4.0E)" 17585
192.168.12.60 - - [17/Feb/2013:07:41:03 +0600] "GET /pause/ajaxPause?pauseConfigId=&admin=0 HTTP/1.1" 200 986 "http://callider/pause/index" "Mozilla/4.0 (compatible; MSIE 8.0; Windows NT 6.1; Trident/4.0; InfoPath.3; .NET4.0C; MS-RTC LM 8; .NET4.0E)" 19415
192.168.74.78 - - [17/Feb/2013:07:41:04 +0600] "GET /pause/ajaxPause?pauseConfigId=&admin=0 HTTP/1.1" 200 986 "http://callider/pause/index" "Mozilla/4.0 (compatible; MSIE 7.0; Windows NT 6.1; WOW64; Trident/5.0; SLCC2; .NET CLR 2.0.50727; .NET CLR 3.5.30729; .NET CLR 3.0.30729; Media Center PC 6.0; InfoPath.3; .NET4.0C; MS-RTC LM 8; .NET4.0E)" 18500
192.168.12.204 - - [17/Feb/2013:07:41:04 +0600] "GET /pause/ajaxPause?pauseConfigId=&admin=0 HTTP/1.1" 200 986 "http://callider/pause/index" "Mozilla/4.0 (compatible; MSIE 7.0; Windows NT 6.1; WOW64; Trident/4.0; SLCC2; .NET CLR 2.0.50727; .NET CLR 3.5.30729; .NET CLR 3.0.30729; Media Center PC 6.0; InfoPath.3; .NET4.0C; .NET4.0E; .NET CLR 1.1.4322)" 18591
192.168.12.69 - - [17/Feb/2013:07:41:05 +0600] "GET /pause/ajaxPause?pauseConfigId=&admin=0 HTTP/1.1" 200 986 "http://callider/pause/index" "Mozilla/4.0 (compatible; MSIE 7.0; Windows NT 6.1; Trident/5.0; SLCC2; .NET CLR 2.0.50727; .NET CLR 3.5.30729; .NET CLR 3.0.30729; Media Center PC 6.0; InfoPath.3; .NET4.0C; .NET4.0E; Tablet PC 2.0; AskTbFXTV5/5.14.1.20007)" 18670
192.168.12.61 - - [17/Feb/2013:07:41:05 +0600] "GET /tv/useUser HTTP/1.1" 200 431 "http://callider/pause/index" "Mozilla/4.0 (compatible; MSIE 7.0; Windows NT 6.1; Trident/5.0; SLCC2; .NET CLR 2.0.50727; .NET CLR 3.5.30729; .NET CLR 3.0.30729; Media Center PC 6.0; InfoPath.3; .NET4.0C; .NET4.0E)" 8467
192.168.74.91 - - [17/Feb/2013:07:41:05 +0600] "GET /pause/ajaxPause?pauseConfigId=&admin=0 HTTP/1.1" 200 986 "http://callider/pause/index" "Mozilla/4.0 (compatible; MSIE 7.0; Windows NT 6.1; WOW64; Trident/5.0; SLCC2; .NET CLR 2.0.50727; .NET CLR 3.5.30729; .NET CLR 3.0.30729; Media Center PC 6.0; InfoPath.3; .NET4.0C; MS-RTC LM 8; .NET4.0E)" 19494
192.168.74.151 - - [17/Feb/2013:07:41:05 +0600] "GET /pause/ajaxPause?pauseConfigId=&admin=0 HTTP/1.1" 200 987 "http://callider.kontur/pause/index" "Mozilla/5.0 (Windows NT 6.1; WOW64; rv:18.0) Gecko/20100101 Firefox/18.0" 20856
192.168.12.210 - - [17/Feb/2013:07:41:05 +0600] "GET /pause/ajaxPause?pauseConfigId=all&admin=1 HTTP/1.1" 200 1047 "http://callider/pause/index" "Mozilla/4.0 (compatible; MSIE 7.0; Windows NT 6.1; WOW64; Trident/5.0; SLCC2; .NET CLR 2.0.50727; .NET CLR 3.5.30729; .NET CLR 3.0.30729; Media Center PC 6.0; InfoPath.3; .NET4.0C; .NET4.0E)" 20733
192.168.12.38 - - [17/Feb/2013:07:41:06 +0600] "GET /pause/ajaxPause?pauseConfigId=&admin=0 HTTP/1.1" 200 1040 "http://callider/pause/index" "Mozilla/4.0 (compatible; MSIE 7.0; Windows NT 6.1; WOW64; Trident/5.0; SLCC2; .NET CLR 2.0.50727; .NET CLR 3.5.30729; .NET CLR 3.0.30729; Media Center PC 6.0; InfoPath.3; .NET4.0C; .NET4.0E)" 17257
192.168.12.77 - - [17/Feb/2013:07:41:06 +0600] "GET /pause/ajaxPause?pauseConfigId=&admin=0 HTTP/1.1" 200 1039 "http://callider/pause/index" "Mozilla/4.0 (compatible; MSIE 7.0; Windows NT 6.1; Trident/5.0; SLCC2; .NET CLR 2.0.50727; .NET CLR 3.5.30729; .NET CLR 3.0.30729; Media Center PC 6.0; Tablet PC 2.0; InfoPath.3; .NET4.0C; .NET4.0E; MS-RTC LM 8)" 15114
192.168.65.56 - - [17/Feb/2013:07:41:06 +0600] "GET /pause/ajaxPause?pauseConfigId=all&admin=1 HTTP/1.1" 200 1046 "http://192.168.65.101/pause/index" "Mozilla/5.0 (Windows NT 5.1; rv:15.0) Gecko/20100101 Firefox/15.0" 40418
192.168.12.61 - - [17/Feb/2013:07:41:07 +0600] "GET /pause/ajaxPause?pauseConfigId=&admin=0 HTTP/1.1" 200 985 "http://callider/pause/index" "Mozilla/4.0 (compatible; MSIE 7.0; Windows NT 6.1; Trident/5.0; SLCC2; .NET CLR 2.0.50727; .NET CLR 3.5.30729; .NET CLR 3.0.30729; Media Center PC 6.0; InfoPath.3; .NET4.0C; .NET4.0E)" 17464
192.168.12.60 - - [17/Feb/2013:07:41:08 +0600] "GET /pause/ajaxPause?pauseConfigId=&admin=0 HTTP/1.1" 200 986 "http://callider/pause/index" "Mozilla/4.0 (compatible; MSIE 8.0; Windows NT 6.1; Trident/4.0; InfoPath.3; .NET4.0C; MS-RTC LM 8; .NET4.0E)" 20689
192.168.74.78 - - [17/Feb/2013:07:41:09 +0600] "GET /pause/ajaxPause?pauseConfigId=&admin=0 HTTP/1.1" 200 986 "http://callider/pause/index" "Mozilla/4.0 (compatible; MSIE 7.0; Windows NT 6.1; WOW64; Trident/5.0; SLCC2; .NET CLR 2.0.50727; .NET CLR 3.5.30729; .NET CLR 3.0.30729; Media Center PC 6.0; InfoPath.3; .NET4.0C; MS-RTC LM 8; .NET4.0E)" 23970
192.168.12.204 - - [17/Feb/2013:07:41:09 +0600] "GET /pause/ajaxPause?pauseConfigId=&admin=0 HTTP/1.1" 200 986 "http://callider/pause/index" "Mozilla/4.0 (compatible; MSIE 7.0; Windows NT 6.1; WOW64; Trident/4.0; SLCC2; .NET CLR 2.0.50727; .NET CLR 3.5.30729; .NET CLR 3.0.30729; Media Center PC 6.0; InfoPath.3; .NET4.0C; .NET4.0E; .NET CLR 1.1.4322)" 21709
192.168.12.69 - - [17/Feb/2013:07:41:10 +0600] "GET /pause/ajaxPause?pauseConfigId=&admin=0 HTTP/1.1" 200 986 "http://callider/pause/index" "Mozilla/4.0 (compatible; MSIE 7.0; Windows NT 6.1; Trident/5.0; SLCC2; .NET CLR 2.0.50727; .NET CLR 3.5.30729; .NET CLR 3.0.30729; Media Center PC 6.0; InfoPath.3; .NET4.0C; .NET4.0E; Tablet PC 2.0; AskTbFXTV5/5.14.1.20007)" 20534
192.168.74.91 - - [17/Feb/2013:07:41:10 +0600] "GET /pause/ajaxPause?pauseConfigId=&admin=0 HTTP/1.1" 200 986 "http://callider/pause/index" "Mozilla/4.0 (compatible; MSIE 7.0; Windows NT 6.1; WOW64; Trident/5.0; SLCC2; .NET CLR 2.0.50727; .NET CLR 3.5.30729; .NET CLR 3.0.30729; Media Center PC 6.0; InfoPath.3; .NET4.0C; MS-RTC LM 8; .NET4.0E)" 18265
192.168.74.151 - - [17/Feb/2013:07:41:10 +0600] "GET /pause/ajaxPause?pauseConfigId=&admin=0 HTTP/1.1" 200 987 "http://callider.kontur/pause/index" "Mozilla/5.0 (Windows NT 6.1; WOW64; rv:18.0) Gecko/20100101 Firefox/18.0" 18000
192.168.12.210 - - [17/Feb/2013:07:41:10 +0600] "GET /pause/ajaxPause?pauseConfigId=all&admin=1 HTTP/1.1" 200 1047 "http://callider/pause/index" "Mozilla/4.0 (compatible; MSIE 7.0; Windows NT 6.1; WOW64; Trident/5.0; SLCC2; .NET CLR 2.0.50727; .NET CLR 3.5.30729; .NET CLR 3.0.30729; Media Center PC 6.0; InfoPath.3; .NET4.0C; .NET4.0E)" 18297
192.168.12.42 - - [17/Feb/2013:07:41:11 +0600] "GET /tv/useUser HTTP/1.1" 200 432 "http://callider/graph/personal" "Mozilla/4.0 (compatible; MSIE 7.0; Windows NT 6.1; WOW64; Trident/5.0; SLCC2; .NET CLR 2.0.50727; .NET CLR 3.5.30729; .NET CLR 3.0.30729; Media Center PC 6.0; InfoPath.3; .NET4.0C; .NET4.0E)" 16607
192.168.12.38 - - [17/Feb/2013:07:41:11 +0600] "GET /pause/ajaxPause?pauseConfigId=&admin=0 HTTP/1.1" 200 1040 "http://callider/pause/index" "Mozilla/4.0 (compatible; MSIE 7.0; Windows NT 6.1; WOW64; Trident/5.0; SLCC2; .NET CLR 2.0.50727; .NET CLR 3.5.30729; .NET CLR 3.0.30729; Media Center PC 6.0; InfoPath.3; .NET4.0C; .NET4.0E)" 17746
192.168.12.77 - - [17/Feb/2013:07:41:11 +0600] "GET /pause/ajaxPause?pauseConfigId=&admin=0 HTTP/1.1" 200 1039 "http://callider/pause/index" "Mozilla/4.0 (compatible; MSIE 7.0; Windows NT 6.1; Trident/5.0; SLCC2; .NET CLR 2.0.50727; .NET CLR 3.5.30729; .NET CLR 3.0.30729; Media Center PC 6.0; Tablet PC 2.0; InfoPath.3; .NET4.0C; .NET4.0E; MS-RTC LM 8)" 18077
192.168.65.56 - - [17/Feb/2013:07:41:11 +0600] "GET /pause/ajaxPause?pauseConfigId=all&admin=1 HTTP/1.1" 200 1046 "http://192.168.65.101/pause/index" "Mozilla/5.0 (Windows NT 5.1; rv:15.0) Gecko/20100101 Firefox/15.0" 29152
192.168.12.61 - - [17/Feb/2013:07:41:12 +0600] "GET /pause/ajaxPause?pauseConfigId=&admin=0 HTTP/1.1" 200 985 "http://callider/pause/index" "Mozilla/4.0 (compatible; MSIE 7.0; Windows NT 6.1; Trident/5.0; SLCC2; .NET CLR 2.0.50727; .NET CLR 3.5.30729; .NET CLR 3.0.30729; Media Center PC 6.0; InfoPath.3; .NET4.0C; .NET4.0E)" 20590
192.168.74.151 - - [17/Feb/2013:07:41:13 +0600] "GET /tv/useUser HTTP/1.1" 200 431 "http://callider.kontur/graph/general" "Mozilla/5.0 (Windows NT 6.1; WOW64; rv:18.0) Gecko/20100101 Firefox/18.0" 8622
192.168.12.60 - - [17/Feb/2013:07:41:13 +0600] "GET /pause/ajaxPause?pauseConfigId=&admin=0 HTTP/1.1" 200 986 "http://callider/pause/index" "Mozilla/4.0 (compatible; MSIE 8.0; Windows NT 6.1; Trident/4.0; InfoPath.3; .NET4.0C; MS-RTC LM 8; .NET4.0E)" 19511
192.168.74.78 - - [17/Feb/2013:07:41:14 +0600] "GET /pause/ajaxPause?pauseConfigId=&admin=0 HTTP/1.1" 200 986 "http://callider/pause/index" "Mozilla/4.0 (compatible; MSIE 7.0; Windows NT 6.1; WOW64; Trident/5.0; SLCC2; .NET CLR 2.0.50727; .NET CLR 3.5.30729; .NET CLR 3.0.30729; Media Center PC 6.0; InfoPath.3; .NET4.0C; MS-RTC LM 8; .NET4.0E)" 23167
192.168.12.204 - - [17/Feb/2013:07:41:14 +0600] "GET /pause/ajaxPause?pauseConfigId=&admin=0 HTTP/1.1" 200 986 "http://callider/pause/index" "Mozilla/4.0 (compatible; MSIE 7.0; Windows NT 6.1; WOW64; Trident/4.0; SLCC2; .NET CLR 2.0.50727; .NET CLR 3.5.30729; .NET CLR 3.0.30729; Media Center PC 6.0; InfoPath.3; .NET4.0C; .NET4.0E; .NET CLR 1.1.4322)" 19628
192.168.12.69 - - [17/Feb/2013:07:41:15 +0600] "GET /pause/ajaxPause?pauseConfigId=&admin=0 HTTP/1.1" 200 986 "http://callider/pause/index" "Mozilla/4.0 (compatible; MSIE 7.0; Windows NT 6.1; Trident/5.0; SLCC2; .NET CLR 2.0.50727; .NET CLR 3.5.30729; .NET CLR 3.0.30729; Media Center PC 6.0; InfoPath.3; .NET4.0C; .NET4.0E; Tablet PC 2.0; AskTbFXTV5/5.14.1.20007)" 18250
192.168.74.91 - - [17/Feb/2013:07:41:15 +0600] "GET /pause/ajaxPause?pauseConfigId=&admin=0 HTTP/1.1" 200 986 "http://callider/pause/index" "Mozilla/4.0 (compatible; MSIE 7.0; Windows NT 6.1; WOW64; Trident/5.0; SLCC2; .NET CLR 2.0.50727; .NET CLR 3.5.30729; .NET CLR 3.0.30729; Media Center PC 6.0; InfoPath.3; .NET4.0C; MS-RTC LM 8; .NET4.0E)" 19273
192.168.74.151 - - [17/Feb/2013:07:41:15 +0600] "GET /pause/ajaxPause?pauseConfigId=&admin=0 HTTP/1.1" 200 987 "http://callider.kontur/pause/index" "Mozilla/5.0 (Windows NT 6.1; WOW64; rv:18.0) Gecko/20100101 Firefox/18.0" 23235
192.168.74.151 - - [17/Feb/2013:07:41:15 +0600] "GET /tv/useUser HTTP/1.1" 200 432 "http://callider.kontur/pause/index" "Mozilla/5.0 (Windows NT 6.1; WOW64; rv:18.0) Gecko/20100101 Firefox/18.0" 18651
192.168.12.210 - - [17/Feb/2013:07:41:15 +0600] "GET /pause/ajaxPause?pauseConfigId=all&admin=1 HTTP/1.1" 200 1047 "http://callider/pause/index" "Mozilla/4.0 (compatible; MSIE 7.0; Windows NT 6.1; WOW64; Trident/5.0; SLCC2; .NET CLR 2.0.50727; .NET CLR 3.5.30729; .NET CLR 3.0.30729; Media Center PC 6.0; InfoPath.3; .NET4.0C; .NET4.0E)" 19644
192.168.12.38 - - [17/Feb/2013:07:41:16 +0600] "GET /pause/ajaxPause?pauseConfigId=&admin=0 HTTP/1.1" 200 1040 "http://callider/pause/index" "Mozilla/4.0 (compatible; MSIE 7.0; Windows NT 6.1; WOW64; Trident/5.0; SLCC2; .NET CLR 2.0.50727; .NET CLR 3.5.30729; .NET CLR 3.0.30729; Media Center PC 6.0; InfoPath.3; .NET4.0C; .NET4.0E)" 17434
192.168.12.77 - - [17/Feb/2013:07:41:16 +0600] "GET /pause/ajaxPause?pauseConfigId=&admin=0 HTTP/1.1" 200 1039 "http://callider/pause/index" "Mozilla/4.0 (compatible; MSIE 7.0; Windows NT 6.1; Trident/5.0; SLCC2; .NET CLR 2.0.50727; .NET CLR 3.5.30729; .NET CLR 3.0.30729; Media Center PC 6.0; Tablet PC 2.0; InfoPath.3; .NET4.0C; .NET4.0E; MS-RTC LM 8)" 12613
192.168.65.56 - - [17/Feb/2013:07:41:16 +0600] "GET /pause/ajaxPause?pauseConfigId=all&admin=1 HTTP/1.1" 200 1046 "http://192.168.65.101/pause/index" "Mozilla/5.0 (Windows NT 5.1; rv:15.0) Gecko/20100101 Firefox/15.0" 28537
192.168.12.61 - - [17/Feb/2013:07:41:17 +0600] "GET /pause/ajaxPause?pauseConfigId=&admin=0 HTTP/1.1" 200 985 "http://callider/pause/index" "Mozilla/4.0 (compatible; MSIE 7.0; Windows NT 6.1; Trident/5.0; SLCC2; .NET CLR 2.0.50727; .NET CLR 3.5.30729; .NET CLR 3.0.30729; Media Center PC 6.0; InfoPath.3; .NET4.0C; .NET4.0E)" 20694
192.168.12.60 - - [17/Feb/2013:07:41:18 +0600] "GET /pause/ajaxPause?pauseConfigId=&admin=0 HTTP/1.1" 200 986 "http://callider/pause/index" "Mozilla/4.0 (compatible; MSIE 8.0; Windows NT 6.1; Trident/4.0; InfoPath.3; .NET4.0C; MS-RTC LM 8; .NET4.0E)" 26547
192.168.74.78 - - [17/Feb/2013:07:41:19 +0600] "GET /pause/ajaxPause?pauseConfigId=&admin=0 HTTP/1.1" 200 986 "http://callider/pause/index" "Mozilla/4.0 (compatible; MSIE 7.0; Windows NT 6.1; WOW64; Trident/5.0; SLCC2; .NET CLR 2.0.50727; .NET CLR 3.5.30729; .NET CLR 3.0.30729; Media Center PC 6.0; InfoPath.3; .NET4.0C; MS-RTC LM 8; .NET4.0E)" 18926
192.168.12.204 - - [17/Feb/2013:07:41:19 +0600] "GET /pause/ajaxPause?pauseConfigId=&admin=0 HTTP/1.1" 200 986 "http://callider/pause/index" "Mozilla/4.0 (compatible; MSIE 7.0; Windows NT 6.1; WOW64; Trident/4.0; SLCC2; .NET CLR 2.0.50727; .NET CLR 3.5.30729; .NET CLR 3.0.30729; Media Center PC 6.0; InfoPath.3; .NET4.0C; .NET4.0E; .NET CLR 1.1.4322)" 17641
192.168.12.10 - - [17/Feb/2013:07:41:19 +0600] "GET /tv/useUser HTTP/1.1" 200 432 "http://callider/graph/personal" "Mozilla/4.0 (compatible; MSIE 7.0; Windows NT 6.1; Trident/5.0; SLCC2; .NET CLR 2.0.50727; .NET CLR 3.5.30729; .NET CLR 3.0.30729; Media Center PC 6.0; InfoPath.3; .NET4.0C; .NET4.0E; Tablet PC 2.0; MS-RTC LM 8)" 14716
192.168.74.139 - - [17/Feb/2013:07:41:19 +0600] "GET /tv/useUser HTTP/1.1" 200 432 "http://callider/site/index" "Mozilla/4.0 (compatible; MSIE 7.0; Windows NT 6.1; WOW64; Trident/5.0; SLCC2; .NET CLR 2.0.50727; .NET CLR 3.5.30729; .NET CLR 3.0.30729; Media Center PC 6.0; InfoPath.3; .NET4.0C; .NET4.0E)" 16867
192.168.12.108 - - [17/Feb/2013:07:41:19 +0600] "GET /tv/useUser HTTP/1.1" 200 432 "http://callider/index.php" "Mozilla/4.0 (compatible; MSIE 7.0; Windows NT 6.2; WOW64; Trident/6.0; .NET4.0E; .NET4.0C; InfoPath.3; .NET CLR 3.5.30729; .NET CLR 2.0.50727; .NET CLR 3.0.30729)" 15955
192.168.12.69 - - [17/Feb/2013:07:41:20 +0600] "GET /pause/ajaxPause?pauseConfigId=&admin=0 HTTP/1.1" 200 986 "http://callider/pause/index" "Mozilla/4.0 (compatible; MSIE 7.0; Windows NT 6.1; Trident/5.0; SLCC2; .NET CLR 2.0.50727; .NET CLR 3.5.30729; .NET CLR 3.0.30729; Media Center PC 6.0; InfoPath.3; .NET4.0C; .NET4.0E; Tablet PC 2.0; AskTbFXTV5/5.14.1.20007)" 21308
192.168.74.91 - - [17/Feb/2013:07:41:20 +0600] "GET /pause/ajaxPause?pauseConfigId=&admin=0 HTTP/1.1" 200 986 "http://callider/pause/index" "Mozilla/4.0 (compatible; MSIE 7.0; Windows NT 6.1; WOW64; Trident/5.0; SLCC2; .NET CLR 2.0.50727; .NET CLR 3.5.30729; .NET CLR 3.0.30729; Media Center PC 6.0; InfoPath.3; .NET4.0C; MS-RTC LM 8; .NET4.0E)" 20012
192.168.74.151 - - [17/Feb/2013:07:41:20 +0600] "GET /pause/ajaxPause?pauseConfigId=&admin=0 HTTP/1.1" 200 987 "http://callider.kontur/pause/index" "Mozilla/5.0 (Windows NT 6.1; WOW64; rv:18.0) Gecko/20100101 Firefox/18.0" 18835
192.168.12.210 - - [17/Feb/2013:07:41:20 +0600] "GET /pause/ajaxPause?pauseConfigId=all&admin=1 HTTP/1.1" 200 1047 "http://callider/pause/index" "Mozilla/4.0 (compatible; MSIE 7.0; Windows NT 6.1; WOW64; Trident/5.0; SLCC2; .NET CLR 2.0.50727; .NET CLR 3.5.30729; .NET CLR 3.0.30729; Media Center PC 6.0; InfoPath.3; .NET4.0C; .NET4.0E)" 22269
192.168.12.38 - - [17/Feb/2013:07:41:21 +0600] "GET /pause/ajaxPause?pauseConfigId=&admin=0 HTTP/1.1" 200 1040 "http://callider/pause/index" "Mozilla/4.0 (compatible; MSIE 7.0; Windows NT 6.1; WOW64; Trident/5.0; SLCC2; .NET CLR 2.0.50727; .NET CLR 3.5.30729; .NET CLR 3.0.30729; Media Center PC 6.0; InfoPath.3; .NET4.0C; .NET4.0E)" 15787
192.168.12.77 - - [17/Feb/2013:07:41:21 +0600] "GET /pause/ajaxPause?pauseConfigId=&admin=0 HTTP/1.1" 200 1039 "http://callider/pause/index" "Mozilla/4.0 (compatible; MSIE 7.0; Windows NT 6.1; Trident/5.0; SLCC2; .NET CLR 2.0.50727; .NET CLR 3.5.30729; .NET CLR 3.0.30729; Media Center PC 6.0; Tablet PC 2.0; InfoPath.3; .NET4.0C; .NET4.0E; MS-RTC LM 8)" 14481
192.168.65.56 - - [17/Feb/2013:07:41:21 +0600] "GET /pause/ajaxPause?pauseConfigId=all&admin=1 HTTP/1.1" 200 1046 "http://192.168.65.101/pause/index" "Mozilla/5.0 (Windows NT 5.1; rv:15.0) Gecko/20100101 Firefox/15.0" 27700
192.168.12.61 - - [17/Feb/2013:07:41:22 +0600] "GET /pause/ajaxPause?pauseConfigId=&admin=0 HTTP/1.1" 200 986 "http://callider/pause/index" "Mozilla/4.0 (compatible; MSIE 7.0; Windows NT 6.1; Trident/5.0; SLCC2; .NET CLR 2.0.50727; .NET CLR 3.5.30729; .NET CLR 3.0.30729; Media Center PC 6.0; InfoPath.3; .NET4.0C; .NET4.0E)" 27472
192.168.12.60 - - [17/Feb/2013:07:41:23 +0600] "GET /pause/ajaxPause?pauseConfigId=&admin=0 HTTP/1.1" 200 986 "http://callider/pause/index" "Mozilla/4.0 (compatible; MSIE 8.0; Windows NT 6.1; Trident/4.0; InfoPath.3; .NET4.0C; MS-RTC LM 8; .NET4.0E)" 20044
192.168.74.78 - - [17/Feb/2013:07:41:24 +0600] "GET /pause/ajaxPause?pauseConfigId=&admin=0 HTTP/1.1" 200 986 "http://callider/pause/index" "Mozilla/4.0 (compatible; MSIE 7.0; Windows NT 6.1; WOW64; Trident/5.0; SLCC2; .NET CLR 2.0.50727; .NET CLR 3.5.30729; .NET CLR 3.0.30729; Media Center PC 6.0; InfoPath.3; .NET4.0C; MS-RTC LM 8; .NET4.0E)" 24514
192.168.12.204 - - [17/Feb/2013:07:41:24 +0600] "GET /pause/ajaxPause?pauseConfigId=&admin=0 HTTP/1.1" 200 986 "http://callider/pause/index" "Mozilla/4.0 (compatible; MSIE 7.0; Windows NT 6.1; WOW64; Trident/4.0; SLCC2; .NET CLR 2.0.50727; .NET CLR 3.5.30729; .NET CLR 3.0.30729; Media Center PC 6.0; InfoPath.3; .NET4.0C; .NET4.0E; .NET CLR 1.1.4322)" 17500
192.168.12.69 - - [17/Feb/2013:07:41:25 +0600] "GET /pause/ajaxPause?pauseConfigId=&admin=0 HTTP/1.1" 200 986 "http://callider/pause/index" "Mozilla/4.0 (compatible; MSIE 7.0; Windows NT 6.1; Trident/5.0; SLCC2; .NET CLR 2.0.50727; .NET CLR 3.5.30729; .NET CLR 3.0.30729; Media Center PC 6.0; InfoPath.3; .NET4.0C; .NET4.0E; Tablet PC 2.0; AskTbFXTV5/5.14.1.20007)" 25053
192.168.74.91 - - [17/Feb/2013:07:41:25 +0600] "GET /pause/ajaxPause?pauseConfigId=&admin=0 HTTP/1.1" 200 986 "http://callider/pause/index" "Mozilla/4.0 (compatible; MSIE 7.0; Windows NT 6.1; WOW64; Trident/5.0; SLCC2; .NET CLR 2.0.50727; .NET CLR 3.5.30729; .NET CLR 3.0.30729; Media Center PC 6.0; InfoPath.3; .NET4.0C; MS-RTC LM 8; .NET4.0E)" 17770
192.168.74.151 - - [17/Feb/2013:07:41:25 +0600] "GET /pause/ajaxPause?pauseConfigId=&admin=0 HTTP/1.1" 200 987 "http://callider.kontur/pause/index" "Mozilla/5.0 (Windows NT 6.1; WOW64; rv:18.0) Gecko/20100101 Firefox/18.0" 18711
192.168.12.210 - - [17/Feb/2013:07:41:25 +0600] "GET /pause/ajaxPause?pauseConfigId=all&admin=1 HTTP/1.1" 200 1047 "http://callider/pause/index" "Mozilla/4.0 (compatible; MSIE 7.0; Windows NT 6.1; WOW64; Trident/5.0; SLCC2; .NET CLR 2.0.50727; .NET CLR 3.5.30729; .NET CLR 3.0.30729; Media Center PC 6.0; InfoPath.3; .NET4.0C; .NET4.0E)" 19051
192.168.12.38 - - [17/Feb/2013:07:41:26 +0600] "GET /pause/ajaxPause?pauseConfigId=&admin=0 HTTP/1.1" 200 1040 "http://callider/pause/index" "Mozilla/4.0 (compatible; MSIE 7.0; Windows NT 6.1; WOW64; Trident/5.0; SLCC2; .NET CLR 2.0.50727; .NET CLR 3.5.30729; .NET CLR 3.0.30729; Media Center PC 6.0; InfoPath.3; .NET4.0C; .NET4.0E)" 16013
192.168.12.77 - - [17/Feb/2013:07:41:26 +0600] "GET /pause/ajaxPause?pauseConfigId=&admin=0 HTTP/1.1" 200 1039 "http://callider/pause/index" "Mozilla/4.0 (compatible; MSIE 7.0; Windows NT 6.1; Trident/5.0; SLCC2; .NET CLR 2.0.50727; .NET CLR 3.5.30729; .NET CLR 3.0.30729; Media Center PC 6.0; Tablet PC 2.0; InfoPath.3; .NET4.0C; .NET4.0E; MS-RTC LM 8)" 13987
192.168.65.56 - - [17/Feb/2013:07:41:26 +0600] "GET /pause/ajaxPause?pauseConfigId=all&admin=1 HTTP/1.1" 200 1046 "http://192.168.65.101/pause/index" "Mozilla/5.0 (Windows NT 5.1; rv:15.0) Gecko/20100101 Firefox/15.0" 28706
192.168.12.61 - - [17/Feb/2013:07:41:27 +0600] "GET /pause/ajaxPause?pauseConfigId=&admin=0 HTTP/1.1" 200 985 "http://callider/pause/index" "Mozilla/4.0 (compatible; MSIE 7.0; Windows NT 6.1; Trident/5.0; SLCC2; .NET CLR 2.0.50727; .NET CLR 3.5.30729; .NET CLR 3.0.30729; Media Center PC 6.0; InfoPath.3; .NET4.0C; .NET4.0E)" 28618
192.168.12.60 - - [17/Feb/2013:07:41:28 +0600] "GET /pause/ajaxPause?pauseConfigId=&admin=0 HTTP/1.1" 200 986 "http://callider/pause/index" "Mozilla/4.0 (compatible; MSIE 8.0; Windows NT 6.1; Trident/4.0; InfoPath.3; .NET4.0C; MS-RTC LM 8; .NET4.0E)" 19180
192.168.74.78 - - [17/Feb/2013:07:41:29 +0600] "GET /pause/ajaxPause?pauseConfigId=&admin=0 HTTP/1.1" 200 986 "http://callider/pause/index" "Mozilla/4.0 (compatible; MSIE 7.0; Windows NT 6.1; WOW64; Trident/5.0; SLCC2; .NET CLR 2.0.50727; .NET CLR 3.5.30729; .NET CLR 3.0.30729; Media Center PC 6.0; InfoPath.3; .NET4.0C; MS-RTC LM 8; .NET4.0E)" 21064
192.168.12.204 - - [17/Feb/2013:07:41:29 +0600] "GET /pause/ajaxPause?pauseConfigId=&admin=0 HTTP/1.1" 200 986 "http://callider/pause/index" "Mozilla/4.0 (compatible; MSIE 7.0; Windows NT 6.1; WOW64; Trident/4.0; SLCC2; .NET CLR 2.0.50727; .NET CLR 3.5.30729; .NET CLR 3.0.30729; Media Center PC 6.0; InfoPath.3; .NET4.0C; .NET4.0E; .NET CLR 1.1.4322)" 17148
192.168.12.69 - - [17/Feb/2013:07:41:30 +0600] "GET /pause/ajaxPause?pauseConfigId=&admin=0 HTTP/1.1" 200 986 "http://callider/pause/index" "Mozilla/4.0 (compatible; MSIE 7.0; Windows NT 6.1; Trident/5.0; SLCC2; .NET CLR 2.0.50727; .NET CLR 3.5.30729; .NET CLR 3.0.30729; Media Center PC 6.0; InfoPath.3; .NET4.0C; .NET4.0E; Tablet PC 2.0; AskTbFXTV5/5.14.1.20007)" 20781
192.168.74.91 - - [17/Feb/2013:07:41:30 +0600] "GET /pause/ajaxPause?pauseConfigId=&admin=0 HTTP/1.1" 200 986 "http://callider/pause/index" "Mozilla/4.0 (compatible; MSIE 7.0; Windows NT 6.1; WOW64; Trident/5.0; SLCC2; .NET CLR 2.0.50727; .NET CLR 3.5.30729; .NET CLR 3.0.30729; Media Center PC 6.0; InfoPath.3; .NET4.0C; MS-RTC LM 8; .NET4.0E)" 17882
192.168.74.151 - - [17/Feb/2013:07:41:30 +0600] "GET /pause/ajaxPause?pauseConfigId=&admin=0 HTTP/1.1" 200 987 "http://callider.kontur/pause/index" "Mozilla/5.0 (Windows NT 6.1; WOW64; rv:18.0) Gecko/20100101 Firefox/18.0" 18221
192.168.12.210 - - [17/Feb/2013:07:41:30 +0600] "GET /pause/ajaxPause?pauseConfigId=all&admin=1 HTTP/1.1" 200 1047 "http://callider/pause/index" "Mozilla/4.0 (compatible; MSIE 7.0; Windows NT 6.1; WOW64; Trident/5.0; SLCC2; .NET CLR 2.0.50727; .NET CLR 3.5.30729; .NET CLR 3.0.30729; Media Center PC 6.0; InfoPath.3; .NET4.0C; .NET4.0E)" 18833
192.168.12.38 - - [17/Feb/2013:07:41:31 +0600] "GET /pause/ajaxPause?pauseConfigId=&admin=0 HTTP/1.1" 200 1040 "http://callider/pause/index" "Mozilla/4.0 (compatible; MSIE 7.0; Windows NT 6.1; WOW64; Trident/5.0; SLCC2; .NET CLR 2.0.50727; .NET CLR 3.5.30729; .NET CLR 3.0.30729; Media Center PC 6.0; InfoPath.3; .NET4.0C; .NET4.0E)" 18809
192.168.12.77 - - [17/Feb/2013:07:41:31 +0600] "GET /pause/ajaxPause?pauseConfigId=&admin=0 HTTP/1.1" 200 1039 "http://callider/pause/index" "Mozilla/4.0 (compatible; MSIE 7.0; Windows NT 6.1; Trident/5.0; SLCC2; .NET CLR 2.0.50727; .NET CLR 3.5.30729; .NET CLR 3.0.30729; Media Center PC 6.0; Tablet PC 2.0; InfoPath.3; .NET4.0C; .NET4.0E; MS-RTC LM 8)" 14198
192.168.65.56 - - [17/Feb/2013:07:41:31 +0600] "GET /pause/ajaxPause?pauseConfigId=all&admin=1 HTTP/1.1" 200 1046 "http://192.168.65.101/pause/index" "Mozilla/5.0 (Windows NT 5.1; rv:15.0) Gecko/20100101 Firefox/15.0" 66553
192.168.12.61 - - [17/Feb/2013:07:41:32 +0600] "GET /pause/ajaxPause?pauseConfigId=&admin=0 HTTP/1.1" 200 985 "http://callider/pause/index" "Mozilla/4.0 (compatible; MSIE 7.0; Windows NT 6.1; Trident/5.0; SLCC2; .NET CLR 2.0.50727; .NET CLR 3.5.30729; .NET CLR 3.0.30729; Media Center PC 6.0; InfoPath.3; .NET4.0C; .NET4.0E)" 21552
192.168.12.60 - - [17/Feb/2013:07:41:33 +0600] "GET /pause/ajaxPause?pauseConfigId=&admin=0 HTTP/1.1" 200 986 "http://callider/pause/index" "Mozilla/4.0 (compatible; MSIE 8.0; Windows NT 6.1; Trident/4.0; InfoPath.3; .NET4.0C; MS-RTC LM 8; .NET4.0E)" 21291
192.168.74.78 - - [17/Feb/2013:07:41:34 +0600] "GET /pause/ajaxPause?pauseConfigId=&admin=0 HTTP/1.1" 200 986 "http://callider/pause/index" "Mozilla/4.0 (compatible; MSIE 7.0; Windows NT 6.1; WOW64; Trident/5.0; SLCC2; .NET CLR 2.0.50727; .NET CLR 3.5.30729; .NET CLR 3.0.30729; Media Center PC 6.0; InfoPath.3; .NET4.0C; MS-RTC LM 8; .NET4.0E)" 21781
192.168.12.204 - - [17/Feb/2013:07:41:34 +0600] "GET /pause/ajaxPause?pauseConfigId=&admin=0 HTTP/1.1" 200 986 "http://callider/pause/index" "Mozilla/4.0 (compatible; MSIE 7.0; Windows NT 6.1; WOW64; Trident/4.0; SLCC2; .NET CLR 2.0.50727; .NET CLR 3.5.30729; .NET CLR 3.0.30729; Media Center PC 6.0; InfoPath.3; .NET4.0C; .NET4.0E; .NET CLR 1.1.4322)" 19210
192.168.12.67 - - [17/Feb/2013:07:41:34 +0600] "GET /tv/useUser HTTP/1.1" 200 432 "http://callider/graph/personal" "Mozilla/4.0 (compatible; MSIE 7.0; Windows NT 6.1; Trident/5.0; SLCC2; .NET CLR 2.0.50727; .NET CLR 3.5.30729; .NET CLR 3.0.30729; Media Center PC 6.0; .NET4.0C; .NET4.0E; InfoPath.3; Tablet PC 2.0; MS-RTC LM 8)" 17499
192.168.12.69 - - [17/Feb/2013:07:41:35 +0600] "GET /pause/ajaxPause?pauseConfigId=&admin=0 HTTP/1.1" 200 986 "http://callider/pause/index" "Mozilla/4.0 (compatible; MSIE 7.0; Windows NT 6.1; Trident/5.0; SLCC2; .NET CLR 2.0.50727; .NET CLR 3.5.30729; .NET CLR 3.0.30729; Media Center PC 6.0; InfoPath.3; .NET4.0C; .NET4.0E; Tablet PC 2.0; AskTbFXTV5/5.14.1.20007)" 18441
192.168.74.91 - - [17/Feb/2013:07:41:35 +0600] "GET /pause/ajaxPause?pauseConfigId=&admin=0 HTTP/1.1" 200 986 "http://callider/pause/index" "Mozilla/4.0 (compatible; MSIE 7.0; Windows NT 6.1; WOW64; Trident/5.0; SLCC2; .NET CLR 2.0.50727; .NET CLR 3.5.30729; .NET CLR 3.0.30729; Media Center PC 6.0; InfoPath.3; .NET4.0C; MS-RTC LM 8; .NET4.0E)" 21076
192.168.74.151 - - [17/Feb/2013:07:41:35 +0600] "GET /pause/ajaxPause?pauseConfigId=&admin=0 HTTP/1.1" 200 987 "http://callider.kontur/pause/index" "Mozilla/5.0 (Windows NT 6.1; WOW64; rv:18.0) Gecko/20100101 Firefox/18.0" 21425
192.168.12.210 - - [17/Feb/2013:07:41:35 +0600] "GET /pause/ajaxPause?pauseConfigId=all&admin=1 HTTP/1.1" 200 1047 "http://callider/pause/index" "Mozilla/4.0 (compatible; MSIE 7.0; Windows NT 6.1; WOW64; Trident/5.0; SLCC2; .NET CLR 2.0.50727; .NET CLR 3.5.30729; .NET CLR 3.0.30729; Media Center PC 6.0; InfoPath.3; .NET4.0C; .NET4.0E)" 22319
192.168.12.38 - - [17/Feb/2013:07:41:36 +0600] "GET /pause/ajaxPause?pauseConfigId=&admin=0 HTTP/1.1" 200 1040 "http://callider/pause/index" "Mozilla/4.0 (compatible; MSIE 7.0; Windows NT 6.1; WOW64; Trident/5.0; SLCC2; .NET CLR 2.0.50727; .NET CLR 3.5.30729; .NET CLR 3.0.30729; Media Center PC 6.0; InfoPath.3; .NET4.0C; .NET4.0E)" 18451
192.168.12.77 - - [17/Feb/2013:07:41:36 +0600] "GET /pause/ajaxPause?pauseConfigId=&admin=0 HTTP/1.1" 200 1039 "http://callider/pause/index" "Mozilla/4.0 (compatible; MSIE 7.0; Windows NT 6.1; Trident/5.0; SLCC2; .NET CLR 2.0.50727; .NET CLR 3.5.30729; .NET CLR 3.0.30729; Media Center PC 6.0; Tablet PC 2.0; InfoPath.3; .NET4.0C; .NET4.0E; MS-RTC LM 8)" 12478
192.168.65.56 - - [17/Feb/2013:07:41:36 +0600] "GET /pause/ajaxPause?pauseConfigId=all&admin=1 HTTP/1.1" 200 1046 "http://192.168.65.101/pause/index" "Mozilla/5.0 (Windows NT 5.1; rv:15.0) Gecko/20100101 Firefox/15.0" 33846
192.168.12.61 - - [17/Feb/2013:07:41:37 +0600] "GET /pause/ajaxPause?pauseConfigId=&admin=0 HTTP/1.1" 200 985 "http://callider/pause/index" "Mozilla/4.0 (compatible; MSIE 7.0; Windows NT 6.1; Trident/5.0; SLCC2; .NET CLR 2.0.50727; .NET CLR 3.5.30729; .NET CLR 3.0.30729; Media Center PC 6.0; InfoPath.3; .NET4.0C; .NET4.0E)" 18986
192.168.74.93 - - [17/Feb/2013:07:41:38 +0600] "GET /tv/useUser HTTP/1.1" 200 432 "http://callider/graph/personal" "Mozilla/4.0 (compatible; MSIE 7.0; Windows NT 6.1; WOW64; Trident/5.0; SLCC2; .NET CLR 2.0.50727; .NET CLR 3.5.30729; .NET CLR 3.0.30729; Media Center PC 6.0; InfoPath.3; .NET4.0C; .NET4.0E)" 20869
192.168.12.60 - - [17/Feb/2013:07:41:39 +0600] "GET /pause/ajaxPause?pauseConfigId=&admin=0 HTTP/1.1" 200 986 "http://callider/pause/index" "Mozilla/4.0 (compatible; MSIE 8.0; Windows NT 6.1; Trident/4.0; InfoPath.3; .NET4.0C; MS-RTC LM 8; .NET4.0E)" 24031
192.168.74.78 - - [17/Feb/2013:07:41:39 +0600] "GET /pause/ajaxPause?pauseConfigId=&admin=0 HTTP/1.1" 200 986 "http://callider/pause/index" "Mozilla/4.0 (compatible; MSIE 7.0; Windows NT 6.1; WOW64; Trident/5.0; SLCC2; .NET CLR 2.0.50727; .NET CLR 3.5.30729; .NET CLR 3.0.30729; Media Center PC 6.0; InfoPath.3; .NET4.0C; MS-RTC LM 8; .NET4.0E)" 37406
192.168.12.210 - - [17/Feb/2013:07:41:39 +0600] "GET /tv/useUser HTTP/1.1" 200 431 "http://callider/graph/general" "Mozilla/4.0 (compatible; MSIE 7.0; Windows NT 6.1; WOW64; Trident/5.0; SLCC2; .NET CLR 2.0.50727; .NET CLR 3.5.30729; .NET CLR 3.0.30729; Media Center PC 6.0; InfoPath.3; .NET4.0C; .NET4.0E)" 7963
192.168.12.204 - - [17/Feb/2013:07:41:39 +0600] "GET /pause/ajaxPause?pauseConfigId=&admin=0 HTTP/1.1" 200 986 "http://callider/pause/index" "Mozilla/4.0 (compatible; MSIE 7.0; Windows NT 6.1; WOW64; Trident/4.0; SLCC2; .NET CLR 2.0.50727; .NET CLR 3.5.30729; .NET CLR 3.0.30729; Media Center PC 6.0; InfoPath.3; .NET4.0C; .NET4.0E; .NET CLR 1.1.4322)" 37957
192.168.12.69 - - [17/Feb/2013:07:41:40 +0600] "GET /pause/ajaxPause?pauseConfigId=&admin=0 HTTP/1.1" 200 986 "http://callider/pause/index" "Mozilla/4.0 (compatible; MSIE 7.0; Windows NT 6.1; Trident/5.0; SLCC2; .NET CLR 2.0.50727; .NET CLR 3.5.30729; .NET CLR 3.0.30729; Media Center PC 6.0; InfoPath.3; .NET4.0C; .NET4.0E; Tablet PC 2.0; AskTbFXTV5/5.14.1.20007)" 19371
192.168.74.91 - - [17/Feb/2013:07:41:40 +0600] "GET /pause/ajaxPause?pauseConfigId=&admin=0 HTTP/1.1" 200 986 "http://callider/pause/index" "Mozilla/4.0 (compatible; MSIE 7.0; Windows NT 6.1; WOW64; Trident/5.0; SLCC2; .NET CLR 2.0.50727; .NET CLR 3.5.30729; .NET CLR 3.0.30729; Media Center PC 6.0; InfoPath.3; .NET4.0C; MS-RTC LM 8; .NET4.0E)" 19876
192.168.74.151 - - [17/Feb/2013:07:41:40 +0600] "GET /pause/ajaxPause?pauseConfigId=&admin=0 HTTP/1.1" 200 987 "http://callider.kontur/pause/index" "Mozilla/5.0 (Windows NT 6.1; WOW64; rv:18.0) Gecko/20100101 Firefox/18.0" 21645
192.168.12.210 - - [17/Feb/2013:07:41:40 +0600] "GET /pause/ajaxPause?pauseConfigId=all&admin=1 HTTP/1.1" 200 1047 "http://callider/pause/index" "Mozilla/4.0 (compatible; MSIE 7.0; Windows NT 6.1; WOW64; Trident/5.0; SLCC2; .NET CLR 2.0.50727; .NET CLR 3.5.30729; .NET CLR 3.0.30729; Media Center PC 6.0; InfoPath.3; .NET4.0C; .NET4.0E)" 77372
192.168.12.9 - - [17/Feb/2013:07:41:40 +0600] "GET /tv/useUser HTTP/1.1" 200 432 "http://callider.kontur/site/index" "Mozilla/5.0 (Windows NT 6.1; WOW64) AppleWebKit/537.17 (KHTML, like Gecko) Chrome/24.0.1312.57 Safari/537.17" 17230
192.168.12.38 - - [17/Feb/2013:07:41:41 +0600] "GET /pause/ajaxPause?pauseConfigId=&admin=0 HTTP/1.1" 200 1040 "http://callider/pause/index" "Mozilla/4.0 (compatible; MSIE 7.0; Windows NT 6.1; WOW64; Trident/5.0; SLCC2; .NET CLR 2.0.50727; .NET CLR 3.5.30729; .NET CLR 3.0.30729; Media Center PC 6.0; InfoPath.3; .NET4.0C; .NET4.0E)" 24685
192.168.12.77 - - [17/Feb/2013:07:41:41 +0600] "GET /pause/ajaxPause?pauseConfigId=&admin=0 HTTP/1.1" 200 1039 "http://callider/pause/index" "Mozilla/4.0 (compatible; MSIE 7.0; Windows NT 6.1; Trident/5.0; SLCC2; .NET CLR 2.0.50727; .NET CLR 3.5.30729; .NET CLR 3.0.30729; Media Center PC 6.0; Tablet PC 2.0; InfoPath.3; .NET4.0C; .NET4.0E; MS-RTC LM 8)" 13632
192.168.65.56 - - [17/Feb/2013:07:41:41 +0600] "GET /pause/ajaxPause?pauseConfigId=all&admin=1 HTTP/1.1" 200 1046 "http://192.168.65.101/pause/index" "Mozilla/5.0 (Windows NT 5.1; rv:15.0) Gecko/20100101 Firefox/15.0" 32746
192.168.12.61 - - [17/Feb/2013:07:41:42 +0600] "GET /pause/ajaxPause?pauseConfigId=&admin=0 HTTP/1.1" 200 986 "http://callider/pause/index" "Mozilla/4.0 (compatible; MSIE 7.0; Windows NT 6.1; Trident/5.0; SLCC2; .NET CLR 2.0.50727; .NET CLR 3.5.30729; .NET CLR 3.0.30729; Media Center PC 6.0; InfoPath.3; .NET4.0C; .NET4.0E)" 32394
192.168.12.60 - - [17/Feb/2013:07:41:44 +0600] "GET /pause/ajaxPause?pauseConfigId=&admin=0 HTTP/1.1" 200 986 "http://callider/pause/index" "Mozilla/4.0 (compatible; MSIE 8.0; Windows NT 6.1; Trident/4.0; InfoPath.3; .NET4.0C; MS-RTC LM 8; .NET4.0E)" 19630
192.168.74.78 - - [17/Feb/2013:07:41:44 +0600] "GET /pause/ajaxPause?pauseConfigId=&admin=0 HTTP/1.1" 200 986 "http://callider/pause/index" "Mozilla/4.0 (compatible; MSIE 7.0; Windows NT 6.1; WOW64; Trident/5.0; SLCC2; .NET CLR 2.0.50727; .NET CLR 3.5.30729; .NET CLR 3.0.30729; Media Center PC 6.0; InfoPath.3; .NET4.0C; MS-RTC LM 8; .NET4.0E)" 19811
192.168.12.204 - - [17/Feb/2013:07:41:44 +0600] "GET /pause/ajaxPause?pauseConfigId=&admin=0 HTTP/1.1" 200 986 "http://callider/pause/index" "Mozilla/4.0 (compatible; MSIE 7.0; Windows NT 6.1; WOW64; Trident/4.0; SLCC2; .NET CLR 2.0.50727; .NET CLR 3.5.30729; .NET CLR 3.0.30729; Media Center PC 6.0; InfoPath.3; .NET4.0C; .NET4.0E; .NET CLR 1.1.4322)" 18189
192.168.12.69 - - [17/Feb/2013:07:41:45 +0600] "GET /pause/ajaxPause?pauseConfigId=&admin=0 HTTP/1.1" 200 986 "http://callider/pause/index" "Mozilla/4.0 (compatible; MSIE 7.0; Windows NT 6.1; Trident/5.0; SLCC2; .NET CLR 2.0.50727; .NET CLR 3.5.30729; .NET CLR 3.0.30729; Media Center PC 6.0; InfoPath.3; .NET4.0C; .NET4.0E; Tablet PC 2.0; AskTbFXTV5/5.14.1.20007)" 19868
192.168.74.91 - - [17/Feb/2013:07:41:45 +0600] "GET /pause/ajaxPause?pauseConfigId=&admin=0 HTTP/1.1" 200 986 "http://callider/pause/index" "Mozilla/4.0 (compatible; MSIE 7.0; Windows NT 6.1; WOW64; Trident/5.0; SLCC2; .NET CLR 2.0.50727; .NET CLR 3.5.30729; .NET CLR 3.0.30729; Media Center PC 6.0; InfoPath.3; .NET4.0C; MS-RTC LM 8; .NET4.0E)" 19259
192.168.74.151 - - [17/Feb/2013:07:41:45 +0600] "GET /pause/ajaxPause?pauseConfigId=&admin=0 HTTP/1.1" 200 987 "http://callider.kontur/pause/index" "Mozilla/5.0 (Windows NT 6.1; WOW64; rv:18.0) Gecko/20100101 Firefox/18.0" 20836
192.168.12.210 - - [17/Feb/2013:07:41:45 +0600] "GET /pause/ajaxPause?pauseConfigId=all&admin=1 HTTP/1.1" 200 1047 "http://callider/pause/index" "Mozilla/4.0 (compatible; MSIE 7.0; Windows NT 6.1; WOW64; Trident/5.0; SLCC2; .NET CLR 2.0.50727; .NET CLR 3.5.30729; .NET CLR 3.0.30729; Media Center PC 6.0; InfoPath.3; .NET4.0C; .NET4.0E)" 23157
192.168.12.38 - - [17/Feb/2013:07:41:46 +0600] "GET /pause/ajaxPause?pauseConfigId=&admin=0 HTTP/1.1" 200 1040 "http://callider/pause/index" "Mozilla/4.0 (compatible; MSIE 7.0; Windows NT 6.1; WOW64; Trident/5.0; SLCC2; .NET CLR 2.0.50727; .NET CLR 3.5.30729; .NET CLR 3.0.30729; Media Center PC 6.0; InfoPath.3; .NET4.0C; .NET4.0E)" 15209
192.168.12.77 - - [17/Feb/2013:07:41:46 +0600] "GET /pause/ajaxPause?pauseConfigId=&admin=0 HTTP/1.1" 200 1039 "http://callider/pause/index" "Mozilla/4.0 (compatible; MSIE 7.0; Windows NT 6.1; Trident/5.0; SLCC2; .NET CLR 2.0.50727; .NET CLR 3.5.30729; .NET CLR 3.0.30729; Media Center PC 6.0; Tablet PC 2.0; InfoPath.3; .NET4.0C; .NET4.0E; MS-RTC LM 8)" 13977
192.168.65.56 - - [17/Feb/2013:07:41:46 +0600] "GET /pause/ajaxPause?pauseConfigId=all&admin=1 HTTP/1.1" 200 1046 "http://192.168.65.101/pause/index" "Mozilla/5.0 (Windows NT 5.1; rv:15.0) Gecko/20100101 Firefox/15.0" 35603
192.168.12.61 - - [17/Feb/2013:07:41:47 +0600] "GET /pause/ajaxPause?pauseConfigId=&admin=0 HTTP/1.1" 200 985 "http://callider/pause/index" "Mozilla/4.0 (compatible; MSIE 7.0; Windows NT 6.1; Trident/5.0; SLCC2; .NET CLR 2.0.50727; .NET CLR 3.5.30729; .NET CLR 3.0.30729; Media Center PC 6.0; InfoPath.3; .NET4.0C; .NET4.0E)" 23252
192.168.12.60 - - [17/Feb/2013:07:41:49 +0600] "GET /pause/ajaxPause?pauseConfigId=&admin=0 HTTP/1.1" 200 986 "http://callider/pause/index" "Mozilla/4.0 (compatible; MSIE 8.0; Windows NT 6.1; Trident/4.0; InfoPath.3; .NET4.0C; MS-RTC LM 8; .NET4.0E)" 34761
192.168.12.210 - - [17/Feb/2013:07:41:49 +0600] "GET /tv/useUser HTTP/1.1" 200 431 "http://callider/pause/index" "Mozilla/4.0 (compatible; MSIE 7.0; Windows NT 6.1; WOW64; Trident/5.0; SLCC2; .NET CLR 2.0.50727; .NET CLR 3.5.30729; .NET CLR 3.0.30729; Media Center PC 6.0; InfoPath.3; .NET4.0C; .NET4.0E)" 10299
192.168.74.78 - - [17/Feb/2013:07:41:49 +0600] "GET /pause/ajaxPause?pauseConfigId=&admin=0 HTTP/1.1" 200 986 "http://callider/pause/index" "Mozilla/4.0 (compatible; MSIE 7.0; Windows NT 6.1; WOW64; Trident/5.0; SLCC2; .NET CLR 2.0.50727; .NET CLR 3.5.30729; .NET CLR 3.0.30729; Media Center PC 6.0; InfoPath.3; .NET4.0C; MS-RTC LM 8; .NET4.0E)" 19348
192.168.12.204 - - [17/Feb/2013:07:41:49 +0600] "GET /pause/ajaxPause?pauseConfigId=&admin=0 HTTP/1.1" 200 986 "http://callider/pause/index" "Mozilla/4.0 (compatible; MSIE 7.0; Windows NT 6.1; WOW64; Trident/4.0; SLCC2; .NET CLR 2.0.50727; .NET CLR 3.5.30729; .NET CLR 3.0.30729; Media Center PC 6.0; InfoPath.3; .NET4.0C; .NET4.0E; .NET CLR 1.1.4322)" 19451
192.168.12.69 - - [17/Feb/2013:07:41:50 +0600] "GET /pause/ajaxPause?pauseConfigId=&admin=0 HTTP/1.1" 200 986 "http://callider/pause/index" "Mozilla/4.0 (compatible; MSIE 7.0; Windows NT 6.1; Trident/5.0; SLCC2; .NET CLR 2.0.50727; .NET CLR 3.5.30729; .NET CLR 3.0.30729; Media Center PC 6.0; InfoPath.3; .NET4.0C; .NET4.0E; Tablet PC 2.0; AskTbFXTV5/5.14.1.20007)" 20052
192.168.74.91 - - [17/Feb/2013:07:41:50 +0600] "GET /pause/ajaxPause?pauseConfigId=&admin=0 HTTP/1.1" 200 986 "http://callider/pause/index" "Mozilla/4.0 (compatible; MSIE 7.0; Windows NT 6.1; WOW64; Trident/5.0; SLCC2; .NET CLR 2.0.50727; .NET CLR 3.5.30729; .NET CLR 3.0.30729; Media Center PC 6.0; InfoPath.3; .NET4.0C; MS-RTC LM 8; .NET4.0E)" 23195
192.168.74.151 - - [17/Feb/2013:07:41:50 +0600] "GET /pause/ajaxPause?pauseConfigId=&admin=0 HTTP/1.1" 200 987 "http://callider.kontur/pause/index" "Mozilla/5.0 (Windows NT 6.1; WOW64; rv:18.0) Gecko/20100101 Firefox/18.0" 38153
192.168.12.210 - - [17/Feb/2013:07:41:50 +0600] "GET /pause/ajaxPause?pauseConfigId=all&admin=1 HTTP/1.1" 200 1047 "http://callider/pause/index" "Mozilla/4.0 (compatible; MSIE 7.0; Windows NT 6.1; WOW64; Trident/5.0; SLCC2; .NET CLR 2.0.50727; .NET CLR 3.5.30729; .NET CLR 3.0.30729; Media Center PC 6.0; InfoPath.3; .NET4.0C; .NET4.0E)" 19894
192.168.12.38 - - [17/Feb/2013:07:41:51 +0600] "GET /pause/ajaxPause?pauseConfigId=&admin=0 HTTP/1.1" 200 1040 "http://callider/pause/index" "Mozilla/4.0 (compatible; MSIE 7.0; Windows NT 6.1; WOW64; Trident/5.0; SLCC2; .NET CLR 2.0.50727; .NET CLR 3.5.30729; .NET CLR 3.0.30729; Media Center PC 6.0; InfoPath.3; .NET4.0C; .NET4.0E)" 14323
192.168.12.77 - - [17/Feb/2013:07:41:51 +0600] "GET /pause/ajaxPause?pauseConfigId=&admin=0 HTTP/1.1" 200 1039 "http://callider/pause/index" "Mozilla/4.0 (compatible; MSIE 7.0; Windows NT 6.1; Trident/5.0; SLCC2; .NET CLR 2.0.50727; .NET CLR 3.5.30729; .NET CLR 3.0.30729; Media Center PC 6.0; Tablet PC 2.0; InfoPath.3; .NET4.0C; .NET4.0E; MS-RTC LM 8)" 14235
192.168.65.56 - - [17/Feb/2013:07:41:51 +0600] "GET /pause/ajaxPause?pauseConfigId=all&admin=1 HTTP/1.1" 200 1046 "http://192.168.65.101/pause/index" "Mozilla/5.0 (Windows NT 5.1; rv:15.0) Gecko/20100101 Firefox/15.0" 32550
192.168.65.56 - - [17/Feb/2013:07:41:51 +0600] "GET /tv/useUser HTTP/1.1" 200 431 "http://192.168.65.101/pause/index" "Mozilla/5.0 (Windows NT 5.1; rv:15.0) Gecko/20100101 Firefox/15.0" 11947
192.168.12.61 - - [17/Feb/2013:07:41:52 +0600] "GET /pause/ajaxPause?pauseConfigId=&admin=0 HTTP/1.1" 200 985 "http://callider/pause/index" "Mozilla/4.0 (compatible; MSIE 7.0; Windows NT 6.1; Trident/5.0; SLCC2; .NET CLR 2.0.50727; .NET CLR 3.5.30729; .NET CLR 3.0.30729; Media Center PC 6.0; InfoPath.3; .NET4.0C; .NET4.0E)" 18178
192.168.12.60 - - [17/Feb/2013:07:41:54 +0600] "GET /pause/ajaxPause?pauseConfigId=&admin=0 HTTP/1.1" 200 986 "http://callider/pause/index" "Mozilla/4.0 (compatible; MSIE 8.0; Windows NT 6.1; Trident/4.0; InfoPath.3; .NET4.0C; MS-RTC LM 8; .NET4.0E)" 21238
192.168.74.78 - - [17/Feb/2013:07:41:54 +0600] "GET /pause/ajaxPause?pauseConfigId=&admin=0 HTTP/1.1" 200 986 "http://callider/pause/index" "Mozilla/4.0 (compatible; MSIE 7.0; Windows NT 6.1; WOW64; Trident/5.0; SLCC2; .NET CLR 2.0.50727; .NET CLR 3.5.30729; .NET CLR 3.0.30729; Media Center PC 6.0; InfoPath.3; .NET4.0C; MS-RTC LM 8; .NET4.0E)" 25738
192.168.12.204 - - [17/Feb/2013:07:41:54 +0600] "GET /pause/ajaxPause?pauseConfigId=&admin=0 HTTP/1.1" 200 986 "http://callider/pause/index" "Mozilla/4.0 (compatible; MSIE 7.0; Windows NT 6.1; WOW64; Trident/4.0; SLCC2; .NET CLR 2.0.50727; .NET CLR 3.5.30729; .NET CLR 3.0.30729; Media Center PC 6.0; InfoPath.3; .NET4.0C; .NET4.0E; .NET CLR 1.1.4322)" 19409
192.168.12.69 - - [17/Feb/2013:07:41:55 +0600] "GET /pause/ajaxPause?pauseConfigId=&admin=0 HTTP/1.1" 200 986 "http://callider/pause/index" "Mozilla/4.0 (compatible; MSIE 7.0; Windows NT 6.1; Trident/5.0; SLCC2; .NET CLR 2.0.50727; .NET CLR 3.5.30729; .NET CLR 3.0.30729; Media Center PC 6.0; InfoPath.3; .NET4.0C; .NET4.0E; Tablet PC 2.0; AskTbFXTV5/5.14.1.20007)" 18529
192.168.74.91 - - [17/Feb/2013:07:41:55 +0600] "GET /pause/ajaxPause?pauseConfigId=&admin=0 HTTP/1.1" 200 986 "http://callider/pause/index" "Mozilla/4.0 (compatible; MSIE 7.0; Windows NT 6.1; WOW64; Trident/5.0; SLCC2; .NET CLR 2.0.50727; .NET CLR 3.5.30729; .NET CLR 3.0.30729; Media Center PC 6.0; InfoPath.3; .NET4.0C; MS-RTC LM 8; .NET4.0E)" 20219
192.168.74.151 - - [17/Feb/2013:07:41:55 +0600] "GET /pause/ajaxPause?pauseConfigId=&admin=0 HTTP/1.1" 200 987 "http://callider.kontur/pause/index" "Mozilla/5.0 (Windows NT 6.1; WOW64; rv:18.0) Gecko/20100101 Firefox/18.0" 23329
192.168.12.210 - - [17/Feb/2013:07:41:55 +0600] "GET /pause/ajaxPause?pauseConfigId=all&admin=1 HTTP/1.1" 200 1047 "http://callider/pause/index" "Mozilla/4.0 (compatible; MSIE 7.0; Windows NT 6.1; WOW64; Trident/5.0; SLCC2; .NET CLR 2.0.50727; .NET CLR 3.5.30729; .NET CLR 3.0.30729; Media Center PC 6.0; InfoPath.3; .NET4.0C; .NET4.0E)" 19490
192.168.12.38 - - [17/Feb/2013:07:41:56 +0600] "GET /pause/ajaxPause?pauseConfigId=&admin=0 HTTP/1.1" 200 1040 "http://callider/pause/index" "Mozilla/4.0 (compatible; MSIE 7.0; Windows NT 6.1; WOW64; Trident/5.0; SLCC2; .NET CLR 2.0.50727; .NET CLR 3.5.30729; .NET CLR 3.0.30729; Media Center PC 6.0; InfoPath.3; .NET4.0C; .NET4.0E)" 15688
192.168.12.77 - - [17/Feb/2013:07:41:56 +0600] "GET /pause/ajaxPause?pauseConfigId=&admin=0 HTTP/1.1" 200 1039 "http://callider/pause/index" "Mozilla/4.0 (compatible; MSIE 7.0; Windows NT 6.1; Trident/5.0; SLCC2; .NET CLR 2.0.50727; .NET CLR 3.5.30729; .NET CLR 3.0.30729; Media Center PC 6.0; Tablet PC 2.0; InfoPath.3; .NET4.0C; .NET4.0E; MS-RTC LM 8)" 14679
192.168.65.56 - - [17/Feb/2013:07:41:56 +0600] "GET /pause/ajaxPause?pauseConfigId=all&admin=1 HTTP/1.1" 200 1046 "http://192.168.65.101/pause/index" "Mozilla/5.0 (Windows NT 5.1; rv:15.0) Gecko/20100101 Firefox/15.0" 33505
192.168.12.61 - - [17/Feb/2013:07:41:57 +0600] "GET /pause/ajaxPause?pauseConfigId=&admin=0 HTTP/1.1" 200 986 "http://callider/pause/index" "Mozilla/4.0 (compatible; MSIE 7.0; Windows NT 6.1; Trident/5.0; SLCC2; .NET CLR 2.0.50727; .NET CLR 3.5.30729; .NET CLR 3.0.30729; Media Center PC 6.0; InfoPath.3; .NET4.0C; .NET4.0E)" 36641
192.168.12.60 - - [17/Feb/2013:07:41:59 +0600] "GET /pause/ajaxPause?pauseConfigId=&admin=0 HTTP/1.1" 200 986 "http://callider/pause/index" "Mozilla/4.0 (compatible; MSIE 8.0; Windows NT 6.1; Trident/4.0; InfoPath.3; .NET4.0C; MS-RTC LM 8; .NET4.0E)" 18276
192.168.74.78 - - [17/Feb/2013:07:41:59 +0600] "GET /pause/ajaxPause?pauseConfigId=&admin=0 HTTP/1.1" 200 986 "http://callider/pause/index" "Mozilla/4.0 (compatible; MSIE 7.0; Windows NT 6.1; WOW64; Trident/5.0; SLCC2; .NET CLR 2.0.50727; .NET CLR 3.5.30729; .NET CLR 3.0.30729; Media Center PC 6.0; InfoPath.3; .NET4.0C; MS-RTC LM 8; .NET4.0E)" 17634
192.168.12.204 - - [17/Feb/2013:07:41:59 +0600] "GET /pause/ajaxPause?pauseConfigId=&admin=0 HTTP/1.1" 200 986 "http://callider/pause/index" "Mozilla/4.0 (compatible; MSIE 7.0; Windows NT 6.1; WOW64; Trident/4.0; SLCC2; .NET CLR 2.0.50727; .NET CLR 3.5.30729; .NET CLR 3.0.30729; Media Center PC 6.0; InfoPath.3; .NET4.0C; .NET4.0E; .NET CLR 1.1.4322)" 19463
192.168.12.69 - - [17/Feb/2013:07:42:00 +0600] "GET /pause/ajaxPause?pauseConfigId=&admin=0 HTTP/1.1" 200 986 "http://callider/pause/index" "Mozilla/4.0 (compatible; MSIE 7.0; Windows NT 6.1; Trident/5.0; SLCC2; .NET CLR 2.0.50727; .NET CLR 3.5.30729; .NET CLR 3.0.30729; Media Center PC 6.0; InfoPath.3; .NET4.0C; .NET4.0E; Tablet PC 2.0; AskTbFXTV5/5.14.1.20007)" 21291
192.168.74.91 - - [17/Feb/2013:07:42:00 +0600] "GET /pause/ajaxPause?pauseConfigId=&admin=0 HTTP/1.1" 200 986 "http://callider/pause/index" "Mozilla/4.0 (compatible; MSIE 7.0; Windows NT 6.1; WOW64; Trident/5.0; SLCC2; .NET CLR 2.0.50727; .NET CLR 3.5.30729; .NET CLR 3.0.30729; Media Center PC 6.0; InfoPath.3; .NET4.0C; MS-RTC LM 8; .NET4.0E)" 19904
192.168.74.151 - - [17/Feb/2013:07:42:00 +0600] "GET /pause/ajaxPause?pauseConfigId=&admin=0 HTTP/1.1" 200 987 "http://callider.kontur/pause/index" "Mozilla/5.0 (Windows NT 6.1; WOW64; rv:18.0) Gecko/20100101 Firefox/18.0" 18588
192.168.12.210 - - [17/Feb/2013:07:42:00 +0600] "GET /pause/ajaxPause?pauseConfigId=all&admin=1 HTTP/1.1" 200 1047 "http://callider/pause/index" "Mozilla/4.0 (compatible; MSIE 7.0; Windows NT 6.1; WOW64; Trident/5.0; SLCC2; .NET CLR 2.0.50727; .NET CLR 3.5.30729; .NET CLR 3.0.30729; Media Center PC 6.0; InfoPath.3; .NET4.0C; .NET4.0E)" 19867
192.168.12.38 - - [17/Feb/2013:07:42:01 +0600] "GET /pause/ajaxPause?pauseConfigId=&admin=0 HTTP/1.1" 200 1040 "http://callider/pause/index" "Mozilla/4.0 (compatible; MSIE 7.0; Windows NT 6.1; WOW64; Trident/5.0; SLCC2; .NET CLR 2.0.50727; .NET CLR 3.5.30729; .NET CLR 3.0.30729; Media Center PC 6.0; InfoPath.3; .NET4.0C; .NET4.0E)" 16738
192.168.12.77 - - [17/Feb/2013:07:42:01 +0600] "GET /pause/ajaxPause?pauseConfigId=&admin=0 HTTP/1.1" 200 1039 "http://callider/pause/index" "Mozilla/4.0 (compatible; MSIE 7.0; Windows NT 6.1; Trident/5.0; SLCC2; .NET CLR 2.0.50727; .NET CLR 3.5.30729; .NET CLR 3.0.30729; Media Center PC 6.0; Tablet PC 2.0; InfoPath.3; .NET4.0C; .NET4.0E; MS-RTC LM 8)" 13429
192.168.65.56 - - [17/Feb/2013:07:42:01 +0600] "GET /pause/ajaxPause?pauseConfigId=all&admin=1 HTTP/1.1" 200 1046 "http://192.168.65.101/pause/index" "Mozilla/5.0 (Windows NT 5.1; rv:15.0) Gecko/20100101 Firefox/15.0" 30150
192.168.12.61 - - [17/Feb/2013:07:42:02 +0600] "GET /pause/ajaxPause?pauseConfigId=&admin=0 HTTP/1.1" 200 985 "http://callider/pause/index" "Mozilla/4.0 (compatible; MSIE 7.0; Windows NT 6.1; Trident/5.0; SLCC2; .NET CLR 2.0.50727; .NET CLR 3.5.30729; .NET CLR 3.0.30729; Media Center PC 6.0; InfoPath.3; .NET4.0C; .NET4.0E)" 18944
192.168.74.139 - - [17/Feb/2013:07:42:03 +0600] "GET /tv/useUser HTTP/1.1" 200 432 "http://callider/graph/personal" "Mozilla/4.0 (compatible; MSIE 7.0; Windows NT 6.1; WOW64; Trident/5.0; SLCC2; .NET CLR 2.0.50727; .NET CLR 3.5.30729; .NET CLR 3.0.30729; Media Center PC 6.0; InfoPath.3; .NET4.0C; .NET4.0E)" 17080
192.168.12.60 - - [17/Feb/2013:07:42:04 +0600] "GET /pause/ajaxPause?pauseConfigId=&admin=0 HTTP/1.1" 200 986 "http://callider/pause/index" "Mozilla/4.0 (compatible; MSIE 8.0; Windows NT 6.1; Trident/4.0; InfoPath.3; .NET4.0C; MS-RTC LM 8; .NET4.0E)" 20299
192.168.74.78 - - [17/Feb/2013:07:42:04 +0600] "GET /pause/ajaxPause?pauseConfigId=&admin=0 HTTP/1.1" 200 986 "http://callider/pause/index" "Mozilla/4.0 (compatible; MSIE 7.0; Windows NT 6.1; WOW64; Trident/5.0; SLCC2; .NET CLR 2.0.50727; .NET CLR 3.5.30729; .NET CLR 3.0.30729; Media Center PC 6.0; InfoPath.3; .NET4.0C; MS-RTC LM 8; .NET4.0E)" 17947
192.168.12.204 - - [17/Feb/2013:07:42:04 +0600] "GET /pause/ajaxPause?pauseConfigId=&admin=0 HTTP/1.1" 200 986 "http://callider/pause/index" "Mozilla/4.0 (compatible; MSIE 7.0; Windows NT 6.1; WOW64; Trident/4.0; SLCC2; .NET CLR 2.0.50727; .NET CLR 3.5.30729; .NET CLR 3.0.30729; Media Center PC 6.0; InfoPath.3; .NET4.0C; .NET4.0E; .NET CLR 1.1.4322)" 17389
192.168.12.69 - - [17/Feb/2013:07:42:05 +0600] "GET /pause/ajaxPause?pauseConfigId=&admin=0 HTTP/1.1" 200 986 "http://callider/pause/index" "Mozilla/4.0 (compatible; MSIE 7.0; Windows NT 6.1; Trident/5.0; SLCC2; .NET CLR 2.0.50727; .NET CLR 3.5.30729; .NET CLR 3.0.30729; Media Center PC 6.0; InfoPath.3; .NET4.0C; .NET4.0E; Tablet PC 2.0; AskTbFXTV5/5.14.1.20007)" 23397
192.168.12.61 - - [17/Feb/2013:07:42:05 +0600] "GET /tv/useUser HTTP/1.1" 200 431 "http://callider/pause/index" "Mozilla/4.0 (compatible; MSIE 7.0; Windows NT 6.1; Trident/5.0; SLCC2; .NET CLR 2.0.50727; .NET CLR 3.5.30729; .NET CLR 3.0.30729; Media Center PC 6.0; InfoPath.3; .NET4.0C; .NET4.0E)" 10243
192.168.74.91 - - [17/Feb/2013:07:42:05 +0600] "GET /pause/ajaxPause?pauseConfigId=&admin=0 HTTP/1.1" 200 986 "http://callider/pause/index" "Mozilla/4.0 (compatible; MSIE 7.0; Windows NT 6.1; WOW64; Trident/5.0; SLCC2; .NET CLR 2.0.50727; .NET CLR 3.5.30729; .NET CLR 3.0.30729; Media Center PC 6.0; InfoPath.3; .NET4.0C; MS-RTC LM 8; .NET4.0E)" 31492
192.168.74.151 - - [17/Feb/2013:07:42:05 +0600] "GET /pause/ajaxPause?pauseConfigId=&admin=0 HTTP/1.1" 200 987 "http://callider.kontur/pause/index" "Mozilla/5.0 (Windows NT 6.1; WOW64; rv:18.0) Gecko/20100101 Firefox/18.0" 29248
192.168.12.210 - - [17/Feb/2013:07:42:05 +0600] "GET /pause/ajaxPause?pauseConfigId=all&admin=1 HTTP/1.1" 200 1047 "http://callider/pause/index" "Mozilla/4.0 (compatible; MSIE 7.0; Windows NT 6.1; WOW64; Trident/5.0; SLCC2; .NET CLR 2.0.50727; .NET CLR 3.5.30729; .NET CLR 3.0.30729; Media Center PC 6.0; InfoPath.3; .NET4.0C; .NET4.0E)" 22180
192.168.12.38 - - [17/Feb/2013:07:42:06 +0600] "GET /pause/ajaxPause?pauseConfigId=&admin=0 HTTP/1.1" 200 1040 "http://callider/pause/index" "Mozilla/4.0 (compatible; MSIE 7.0; Windows NT 6.1; WOW64; Trident/5.0; SLCC2; .NET CLR 2.0.50727; .NET CLR 3.5.30729; .NET CLR 3.0.30729; Media Center PC 6.0; InfoPath.3; .NET4.0C; .NET4.0E)" 21314
192.168.12.77 - - [17/Feb/2013:07:42:06 +0600] "GET /pause/ajaxPause?pauseConfigId=&admin=0 HTTP/1.1" 200 1039 "http://callider/pause/index" "Mozilla/4.0 (compatible; MSIE 7.0; Windows NT 6.1; Trident/5.0; SLCC2; .NET CLR 2.0.50727; .NET CLR 3.5.30729; .NET CLR 3.0.30729; Media Center PC 6.0; Tablet PC 2.0; InfoPath.3; .NET4.0C; .NET4.0E; MS-RTC LM 8)" 14705
192.168.65.56 - - [17/Feb/2013:07:42:06 +0600] "GET /pause/ajaxPause?pauseConfigId=all&admin=1 HTTP/1.1" 200 1046 "http://192.168.65.101/pause/index" "Mozilla/5.0 (Windows NT 5.1; rv:15.0) Gecko/20100101 Firefox/15.0" 30040
192.168.12.61 - - [17/Feb/2013:07:42:07 +0600] "GET /pause/ajaxPause?pauseConfigId=&admin=0 HTTP/1.1" 200 985 "http://callider/pause/index" "Mozilla/4.0 (compatible; MSIE 7.0; Windows NT 6.1; Trident/5.0; SLCC2; .NET CLR 2.0.50727; .NET CLR 3.5.30729; .NET CLR 3.0.30729; Media Center PC 6.0; InfoPath.3; .NET4.0C; .NET4.0E)" 23413
192.168.12.60 - - [17/Feb/2013:07:42:09 +0600] "GET /pause/ajaxPause?pauseConfigId=&admin=0 HTTP/1.1" 200 986 "http://callider/pause/index" "Mozilla/4.0 (compatible; MSIE 8.0; Windows NT 6.1; Trident/4.0; InfoPath.3; .NET4.0C; MS-RTC LM 8; .NET4.0E)" 20646
192.168.74.78 - - [17/Feb/2013:07:42:09 +0600] "GET /pause/ajaxPause?pauseConfigId=&admin=0 HTTP/1.1" 200 986 "http://callider/pause/index" "Mozilla/4.0 (compatible; MSIE 7.0; Windows NT 6.1; WOW64; Trident/5.0; SLCC2; .NET CLR 2.0.50727; .NET CLR 3.5.30729; .NET CLR 3.0.30729; Media Center PC 6.0; InfoPath.3; .NET4.0C; MS-RTC LM 8; .NET4.0E)" 23822
192.168.12.204 - - [17/Feb/2013:07:42:09 +0600] "GET /pause/ajaxPause?pauseConfigId=&admin=0 HTTP/1.1" 200 986 "http://callider/pause/index" "Mozilla/4.0 (compatible; MSIE 7.0; Windows NT 6.1; WOW64; Trident/4.0; SLCC2; .NET CLR 2.0.50727; .NET CLR 3.5.30729; .NET CLR 3.0.30729; Media Center PC 6.0; InfoPath.3; .NET4.0C; .NET4.0E; .NET CLR 1.1.4322)" 21952
192.168.12.69 - - [17/Feb/2013:07:42:10 +0600] "GET /pause/ajaxPause?pauseConfigId=&admin=0 HTTP/1.1" 200 986 "http://callider/pause/index" "Mozilla/4.0 (compatible; MSIE 7.0; Windows NT 6.1; Trident/5.0; SLCC2; .NET CLR 2.0.50727; .NET CLR 3.5.30729; .NET CLR 3.0.30729; Media Center PC 6.0; InfoPath.3; .NET4.0C; .NET4.0E; Tablet PC 2.0; AskTbFXTV5/5.14.1.20007)" 19437
192.168.74.91 - - [17/Feb/2013:07:42:10 +0600] "GET /pause/ajaxPause?pauseConfigId=&admin=0 HTTP/1.1" 200 986 "http://callider/pause/index" "Mozilla/4.0 (compatible; MSIE 7.0; Windows NT 6.1; WOW64; Trident/5.0; SLCC2; .NET CLR 2.0.50727; .NET CLR 3.5.30729; .NET CLR 3.0.30729; Media Center PC 6.0; InfoPath.3; .NET4.0C; MS-RTC LM 8; .NET4.0E)" 18475
192.168.74.151 - - [17/Feb/2013:07:42:10 +0600] "GET /pause/ajaxPause?pauseConfigId=&admin=0 HTTP/1.1" 200 987 "http://callider.kontur/pause/index" "Mozilla/5.0 (Windows NT 6.1; WOW64; rv:18.0) Gecko/20100101 Firefox/18.0" 17335
192.168.12.210 - - [17/Feb/2013:07:42:10 +0600] "GET /pause/ajaxPause?pauseConfigId=all&admin=1 HTTP/1.1" 200 1047 "http://callider/pause/index" "Mozilla/4.0 (compatible; MSIE 7.0; Windows NT 6.1; WOW64; Trident/5.0; SLCC2; .NET CLR 2.0.50727; .NET CLR 3.5.30729; .NET CLR 3.0.30729; Media Center PC 6.0; InfoPath.3; .NET4.0C; .NET4.0E)" 28932
192.168.12.42 - - [17/Feb/2013:07:42:11 +0600] "GET /tv/useUser HTTP/1.1" 200 432 "http://callider/graph/personal" "Mozilla/4.0 (compatible; MSIE 7.0; Windows NT 6.1; WOW64; Trident/5.0; SLCC2; .NET CLR 2.0.50727; .NET CLR 3.5.30729; .NET CLR 3.0.30729; Media Center PC 6.0; InfoPath.3; .NET4.0C; .NET4.0E)" 16413
192.168.12.38 - - [17/Feb/2013:07:42:11 +0600] "GET /pause/ajaxPause?pauseConfigId=&admin=0 HTTP/1.1" 200 1040 "http://callider/pause/index" "Mozilla/4.0 (compatible; MSIE 7.0; Windows NT 6.1; WOW64; Trident/5.0; SLCC2; .NET CLR 2.0.50727; .NET CLR 3.5.30729; .NET CLR 3.0.30729; Media Center PC 6.0; InfoPath.3; .NET4.0C; .NET4.0E)" 16404
192.168.12.77 - - [17/Feb/2013:07:42:11 +0600] "GET /pause/ajaxPause?pauseConfigId=&admin=0 HTTP/1.1" 200 1039 "http://callider/pause/index" "Mozilla/4.0 (compatible; MSIE 7.0; Windows NT 6.1; Trident/5.0; SLCC2; .NET CLR 2.0.50727; .NET CLR 3.5.30729; .NET CLR 3.0.30729; Media Center PC 6.0; Tablet PC 2.0; InfoPath.3; .NET4.0C; .NET4.0E; MS-RTC LM 8)" 17054
192.168.65.56 - - [17/Feb/2013:07:42:11 +0600] "GET /pause/ajaxPause?pauseConfigId=all&admin=1 HTTP/1.1" 200 1046 "http://192.168.65.101/pause/index" "Mozilla/5.0 (Windows NT 5.1; rv:15.0) Gecko/20100101 Firefox/15.0" 51320
192.168.12.61 - - [17/Feb/2013:07:42:12 +0600] "GET /pause/ajaxPause?pauseConfigId=&admin=0 HTTP/1.1" 200 985 "http://callider/pause/index" "Mozilla/4.0 (compatible; MSIE 7.0; Windows NT 6.1; Trident/5.0; SLCC2; .NET CLR 2.0.50727; .NET CLR 3.5.30729; .NET CLR 3.0.30729; Media Center PC 6.0; InfoPath.3; .NET4.0C; .NET4.0E)" 16270
192.168.74.151 - - [17/Feb/2013:07:42:13 +0600] "GET /tv/useUser HTTP/1.1" 200 431 "http://callider.kontur/graph/general" "Mozilla/5.0 (Windows NT 6.1; WOW64; rv:18.0) Gecko/20100101 Firefox/18.0" 9654
192.168.12.60 - - [17/Feb/2013:07:42:14 +0600] "GET /pause/ajaxPause?pauseConfigId=&admin=0 HTTP/1.1" 200 986 "http://callider/pause/index" "Mozilla/4.0 (compatible; MSIE 8.0; Windows NT 6.1; Trident/4.0; InfoPath.3; .NET4.0C; MS-RTC LM 8; .NET4.0E)" 27881
192.168.74.78 - - [17/Feb/2013:07:42:14 +0600] "GET /pause/ajaxPause?pauseConfigId=&admin=0 HTTP/1.1" 200 986 "http://callider/pause/index" "Mozilla/4.0 (compatible; MSIE 7.0; Windows NT 6.1; WOW64; Trident/5.0; SLCC2; .NET CLR 2.0.50727; .NET CLR 3.5.30729; .NET CLR 3.0.30729; Media Center PC 6.0; InfoPath.3; .NET4.0C; MS-RTC LM 8; .NET4.0E)" 18114
192.168.12.204 - - [17/Feb/2013:07:42:14 +0600] "GET /pause/ajaxPause?pauseConfigId=&admin=0 HTTP/1.1" 200 986 "http://callider/pause/index" "Mozilla/4.0 (compatible; MSIE 7.0; Windows NT 6.1; WOW64; Trident/4.0; SLCC2; .NET CLR 2.0.50727; .NET CLR 3.5.30729; .NET CLR 3.0.30729; Media Center PC 6.0; InfoPath.3; .NET4.0C; .NET4.0E; .NET CLR 1.1.4322)" 18045
192.168.12.69 - - [17/Feb/2013:07:42:15 +0600] "GET /pause/ajaxPause?pauseConfigId=&admin=0 HTTP/1.1" 200 986 "http://callider/pause/index" "Mozilla/4.0 (compatible; MSIE 7.0; Windows NT 6.1; Trident/5.0; SLCC2; .NET CLR 2.0.50727; .NET CLR 3.5.30729; .NET CLR 3.0.30729; Media Center PC 6.0; InfoPath.3; .NET4.0C; .NET4.0E; Tablet PC 2.0; AskTbFXTV5/5.14.1.20007)" 19626
192.168.74.91 - - [17/Feb/2013:07:42:15 +0600] "GET /pause/ajaxPause?pauseConfigId=&admin=0 HTTP/1.1" 200 986 "http://callider/pause/index" "Mozilla/4.0 (compatible; MSIE 7.0; Windows NT 6.1; WOW64; Trident/5.0; SLCC2; .NET CLR 2.0.50727; .NET CLR 3.5.30729; .NET CLR 3.0.30729; Media Center PC 6.0; InfoPath.3; .NET4.0C; MS-RTC LM 8; .NET4.0E)" 19963
192.168.74.151 - - [17/Feb/2013:07:42:15 +0600] "GET /pause/ajaxPause?pauseConfigId=&admin=0 HTTP/1.1" 200 987 "http://callider.kontur/pause/index" "Mozilla/5.0 (Windows NT 6.1; WOW64; rv:18.0) Gecko/20100101 Firefox/18.0" 19757
192.168.74.151 - - [17/Feb/2013:07:42:15 +0600] "GET /tv/useUser HTTP/1.1" 200 432 "http://callider.kontur/pause/index" "Mozilla/5.0 (Windows NT 6.1; WOW64; rv:18.0) Gecko/20100101 Firefox/18.0" 24880
192.168.12.210 - - [17/Feb/2013:07:42:15 +0600] "GET /pause/ajaxPause?pauseConfigId=all&admin=1 HTTP/1.1" 200 1047 "http://callider/pause/index" "Mozilla/4.0 (compatible; MSIE 7.0; Windows NT 6.1; WOW64; Trident/5.0; SLCC2; .NET CLR 2.0.50727; .NET CLR 3.5.30729; .NET CLR 3.0.30729; Media Center PC 6.0; InfoPath.3; .NET4.0C; .NET4.0E)" 18986
192.168.12.38 - - [17/Feb/2013:07:42:16 +0600] "GET /pause/ajaxPause?pauseConfigId=&admin=0 HTTP/1.1" 200 1040 "http://callider/pause/index" "Mozilla/4.0 (compatible; MSIE 7.0; Windows NT 6.1; WOW64; Trident/5.0; SLCC2; .NET CLR 2.0.50727; .NET CLR 3.5.30729; .NET CLR 3.0.30729; Media Center PC 6.0; InfoPath.3; .NET4.0C; .NET4.0E)" 16005
192.168.12.77 - - [17/Feb/2013:07:42:16 +0600] "GET /pause/ajaxPause?pauseConfigId=&admin=0 HTTP/1.1" 200 1039 "http://callider/pause/index" "Mozilla/4.0 (compatible; MSIE 7.0; Windows NT 6.1; Trident/5.0; SLCC2; .NET CLR 2.0.50727; .NET CLR 3.5.30729; .NET CLR 3.0.30729; Media Center PC 6.0; Tablet PC 2.0; InfoPath.3; .NET4.0C; .NET4.0E; MS-RTC LM 8)" 12652
192.168.65.56 - - [17/Feb/2013:07:42:16 +0600] "GET /pause/ajaxPause?pauseConfigId=all&admin=1 HTTP/1.1" 200 1046 "http://192.168.65.101/pause/index" "Mozilla/5.0 (Windows NT 5.1; rv:15.0) Gecko/20100101 Firefox/15.0" 28347
192.168.12.61 - - [17/Feb/2013:07:42:17 +0600] "GET /pause/ajaxPause?pauseConfigId=&admin=0 HTTP/1.1" 200 985 "http://callider/pause/index" "Mozilla/4.0 (compatible; MSIE 7.0; Windows NT 6.1; Trident/5.0; SLCC2; .NET CLR 2.0.50727; .NET CLR 3.5.30729; .NET CLR 3.0.30729; Media Center PC 6.0; InfoPath.3; .NET4.0C; .NET4.0E)" 17675
192.168.12.60 - - [17/Feb/2013:07:42:19 +0600] "GET /pause/ajaxPause?pauseConfigId=&admin=0 HTTP/1.1" 200 986 "http://callider/pause/index" "Mozilla/4.0 (compatible; MSIE 8.0; Windows NT 6.1; Trident/4.0; InfoPath.3; .NET4.0C; MS-RTC LM 8; .NET4.0E)" 18791
192.168.74.78 - - [17/Feb/2013:07:42:19 +0600] "GET /pause/ajaxPause?pauseConfigId=&admin=0 HTTP/1.1" 200 986 "http://callider/pause/index" "Mozilla/4.0 (compatible; MSIE 7.0; Windows NT 6.1; WOW64; Trident/5.0; SLCC2; .NET CLR 2.0.50727; .NET CLR 3.5.30729; .NET CLR 3.0.30729; Media Center PC 6.0; InfoPath.3; .NET4.0C; MS-RTC LM 8; .NET4.0E)" 19226
192.168.12.204 - - [17/Feb/2013:07:42:19 +0600] "GET /pause/ajaxPause?pauseConfigId=&admin=0 HTTP/1.1" 200 986 "http://callider/pause/index" "Mozilla/4.0 (compatible; MSIE 7.0; Windows NT 6.1; WOW64; Trident/4.0; SLCC2; .NET CLR 2.0.50727; .NET CLR 3.5.30729; .NET CLR 3.0.30729; Media Center PC 6.0; InfoPath.3; .NET4.0C; .NET4.0E; .NET CLR 1.1.4322)" 21989
192.168.12.10 - - [17/Feb/2013:07:42:19 +0600] "GET /tv/useUser HTTP/1.1" 200 432 "http://callider/graph/personal" "Mozilla/4.0 (compatible; MSIE 7.0; Windows NT 6.1; Trident/5.0; SLCC2; .NET CLR 2.0.50727; .NET CLR 3.5.30729; .NET CLR 3.0.30729; Media Center PC 6.0; InfoPath.3; .NET4.0C; .NET4.0E; Tablet PC 2.0; MS-RTC LM 8)" 15323
192.168.74.139 - - [17/Feb/2013:07:42:19 +0600] "GET /tv/useUser HTTP/1.1" 200 432 "http://callider/site/index" "Mozilla/4.0 (compatible; MSIE 7.0; Windows NT 6.1; WOW64; Trident/5.0; SLCC2; .NET CLR 2.0.50727; .NET CLR 3.5.30729; .NET CLR 3.0.30729; Media Center PC 6.0; InfoPath.3; .NET4.0C; .NET4.0E)" 16856
192.168.12.108 - - [17/Feb/2013:07:42:19 +0600] "GET /tv/useUser HTTP/1.1" 200 432 "http://callider/index.php" "Mozilla/4.0 (compatible; MSIE 7.0; Windows NT 6.2; WOW64; Trident/6.0; .NET4.0E; .NET4.0C; InfoPath.3; .NET CLR 3.5.30729; .NET CLR 2.0.50727; .NET CLR 3.0.30729)" 19516
192.168.12.69 - - [17/Feb/2013:07:42:20 +0600] "GET /pause/ajaxPause?pauseConfigId=&admin=0 HTTP/1.1" 200 986 "http://callider/pause/index" "Mozilla/4.0 (compatible; MSIE 7.0; Windows NT 6.1; Trident/5.0; SLCC2; .NET CLR 2.0.50727; .NET CLR 3.5.30729; .NET CLR 3.0.30729; Media Center PC 6.0; InfoPath.3; .NET4.0C; .NET4.0E; Tablet PC 2.0; AskTbFXTV5/5.14.1.20007)" 20767
192.168.74.91 - - [17/Feb/2013:07:42:20 +0600] "GET /pause/ajaxPause?pauseConfigId=&admin=0 HTTP/1.1" 200 986 "http://callider/pause/index" "Mozilla/4.0 (compatible; MSIE 7.0; Windows NT 6.1; WOW64; Trident/5.0; SLCC2; .NET CLR 2.0.50727; .NET CLR 3.5.30729; .NET CLR 3.0.30729; Media Center PC 6.0; InfoPath.3; .NET4.0C; MS-RTC LM 8; .NET4.0E)" 18739
192.168.74.151 - - [17/Feb/2013:07:42:20 +0600] "GET /pause/ajaxPause?pauseConfigId=&admin=0 HTTP/1.1" 200 987 "http://callider.kontur/pause/index" "Mozilla/5.0 (Windows NT 6.1; WOW64; rv:18.0) Gecko/20100101 Firefox/18.0" 241076
192.168.12.210 - - [17/Feb/2013:07:42:20 +0600] "GET /pause/ajaxPause?pauseConfigId=all&admin=1 HTTP/1.1" 200 1047 "http://callider/pause/index" "Mozilla/4.0 (compatible; MSIE 7.0; Windows NT 6.1; WOW64; Trident/5.0; SLCC2; .NET CLR 2.0.50727; .NET CLR 3.5.30729; .NET CLR 3.0.30729; Media Center PC 6.0; InfoPath.3; .NET4.0C; .NET4.0E)" 175383
192.168.12.38 - - [17/Feb/2013:07:42:21 +0600] "GET /pause/ajaxPause?pauseConfigId=&admin=0 HTTP/1.1" 200 1040 "http://callider/pause/index" "Mozilla/4.0 (compatible; MSIE 7.0; Windows NT 6.1; WOW64; Trident/5.0; SLCC2; .NET CLR 2.0.50727; .NET CLR 3.5.30729; .NET CLR 3.0.30729; Media Center PC 6.0; InfoPath.3; .NET4.0C; .NET4.0E)" 15450
192.168.12.77 - - [17/Feb/2013:07:42:21 +0600] "GET /pause/ajaxPause?pauseConfigId=&admin=0 HTTP/1.1" 200 1039 "http://callider/pause/index" "Mozilla/4.0 (compatible; MSIE 7.0; Windows NT 6.1; Trident/5.0; SLCC2; .NET CLR 2.0.50727; .NET CLR 3.5.30729; .NET CLR 3.0.30729; Media Center PC 6.0; Tablet PC 2.0; InfoPath.3; .NET4.0C; .NET4.0E; MS-RTC LM 8)" 13060
192.168.65.56 - - [17/Feb/2013:07:42:21 +0600] "GET /pause/ajaxPause?pauseConfigId=all&admin=1 HTTP/1.1" 200 1046 "http://192.168.65.101/pause/index" "Mozilla/5.0 (Windows NT 5.1; rv:15.0) Gecko/20100101 Firefox/15.0" 29097
192.168.12.61 - - [17/Feb/2013:07:42:22 +0600] "GET /pause/ajaxPause?pauseConfigId=&admin=0 HTTP/1.1" 200 986 "http://callider/pause/index" "Mozilla/4.0 (compatible; MSIE 7.0; Windows NT 6.1; Trident/5.0; SLCC2; .NET CLR 2.0.50727; .NET CLR 3.5.30729; .NET CLR 3.0.30729; Media Center PC 6.0; InfoPath.3; .NET4.0C; .NET4.0E)" 385633
192.168.12.60 - - [17/Feb/2013:07:42:24 +0600] "GET /pause/ajaxPause?pauseConfigId=&admin=0 HTTP/1.1" 200 986 "http://callider/pause/index" "Mozilla/4.0 (compatible; MSIE 8.0; Windows NT 6.1; Trident/4.0; InfoPath.3; .NET4.0C; MS-RTC LM 8; .NET4.0E)" 25650
192.168.74.78 - - [17/Feb/2013:07:42:24 +0600] "GET /pause/ajaxPause?pauseConfigId=&admin=0 HTTP/1.1" 200 986 "http://callider/pause/index" "Mozilla/4.0 (compatible; MSIE 7.0; Windows NT 6.1; WOW64; Trident/5.0; SLCC2; .NET CLR 2.0.50727; .NET CLR 3.5.30729; .NET CLR 3.0.30729; Media Center PC 6.0; InfoPath.3; .NET4.0C; MS-RTC LM 8; .NET4.0E)" 19396
192.168.12.204 - - [17/Feb/2013:07:42:24 +0600] "GET /pause/ajaxPause?pauseConfigId=&admin=0 HTTP/1.1" 200 986 "http://callider/pause/index" "Mozilla/4.0 (compatible; MSIE 7.0; Windows NT 6.1; WOW64; Trident/4.0; SLCC2; .NET CLR 2.0.50727; .NET CLR 3.5.30729; .NET CLR 3.0.30729; Media Center PC 6.0; InfoPath.3; .NET4.0C; .NET4.0E; .NET CLR 1.1.4322)" 19887
192.168.12.69 - - [17/Feb/2013:07:42:25 +0600] "GET /pause/ajaxPause?pauseConfigId=&admin=0 HTTP/1.1" 200 986 "http://callider/pause/index" "Mozilla/4.0 (compatible; MSIE 7.0; Windows NT 6.1; Trident/5.0; SLCC2; .NET CLR 2.0.50727; .NET CLR 3.5.30729; .NET CLR 3.0.30729; Media Center PC 6.0; InfoPath.3; .NET4.0C; .NET4.0E; Tablet PC 2.0; AskTbFXTV5/5.14.1.20007)" 19665
192.168.74.91 - - [17/Feb/2013:07:42:25 +0600] "GET /pause/ajaxPause?pauseConfigId=&admin=0 HTTP/1.1" 200 986 "http://callider/pause/index" "Mozilla/4.0 (compatible; MSIE 7.0; Windows NT 6.1; WOW64; Trident/5.0; SLCC2; .NET CLR 2.0.50727; .NET CLR 3.5.30729; .NET CLR 3.0.30729; Media Center PC 6.0; InfoPath.3; .NET4.0C; MS-RTC LM 8; .NET4.0E)" 19562
192.168.74.151 - - [17/Feb/2013:07:42:25 +0600] "GET /pause/ajaxPause?pauseConfigId=&admin=0 HTTP/1.1" 200 987 "http://callider.kontur/pause/index" "Mozilla/5.0 (Windows NT 6.1; WOW64; rv:18.0) Gecko/20100101 Firefox/18.0" 18057
192.168.12.210 - - [17/Feb/2013:07:42:25 +0600] "GET /pause/ajaxPause?pauseConfigId=all&admin=1 HTTP/1.1" 200 1047 "http://callider/pause/index" "Mozilla/4.0 (compatible; MSIE 7.0; Windows NT 6.1; WOW64; Trident/5.0; SLCC2; .NET CLR 2.0.50727; .NET CLR 3.5.30729; .NET CLR 3.0.30729; Media Center PC 6.0; InfoPath.3; .NET4.0C; .NET4.0E)" 19151
192.168.12.38 - - [17/Feb/2013:07:42:26 +0600] "GET /pause/ajaxPause?pauseConfigId=&admin=0 HTTP/1.1" 200 1040 "http://callider/pause/index" "Mozilla/4.0 (compatible; MSIE 7.0; Windows NT 6.1; WOW64; Trident/5.0; SLCC2; .NET CLR 2.0.50727; .NET CLR 3.5.30729; .NET CLR 3.0.30729; Media Center PC 6.0; InfoPath.3; .NET4.0C; .NET4.0E)" 16491
192.168.12.77 - - [17/Feb/2013:07:42:26 +0600] "GET /pause/ajaxPause?pauseConfigId=&admin=0 HTTP/1.1" 200 1039 "http://callider/pause/index" "Mozilla/4.0 (compatible; MSIE 7.0; Windows NT 6.1; Trident/5.0; SLCC2; .NET CLR 2.0.50727; .NET CLR 3.5.30729; .NET CLR 3.0.30729; Media Center PC 6.0; Tablet PC 2.0; InfoPath.3; .NET4.0C; .NET4.0E; MS-RTC LM 8)" 13716
192.168.65.56 - - [17/Feb/2013:07:42:26 +0600] "GET /pause/ajaxPause?pauseConfigId=all&admin=1 HTTP/1.1" 200 1046 "http://192.168.65.101/pause/index" "Mozilla/5.0 (Windows NT 5.1; rv:15.0) Gecko/20100101 Firefox/15.0" 27101
192.168.12.61 - - [17/Feb/2013:07:42:27 +0600] "GET /pause/ajaxPause?pauseConfigId=&admin=0 HTTP/1.1" 200 985 "http://callider/pause/index" "Mozilla/4.0 (compatible; MSIE 7.0; Windows NT 6.1; Trident/5.0; SLCC2; .NET CLR 2.0.50727; .NET CLR 3.5.30729; .NET CLR 3.0.30729; Media Center PC 6.0; InfoPath.3; .NET4.0C; .NET4.0E)" 18874
192.168.12.60 - - [17/Feb/2013:07:42:29 +0600] "GET /pause/ajaxPause?pauseConfigId=&admin=0 HTTP/1.1" 200 986 "http://callider/pause/index" "Mozilla/4.0 (compatible; MSIE 8.0; Windows NT 6.1; Trident/4.0; InfoPath.3; .NET4.0C; MS-RTC LM 8; .NET4.0E)" 19774
192.168.74.78 - - [17/Feb/2013:07:42:29 +0600] "GET /pause/ajaxPause?pauseConfigId=&admin=0 HTTP/1.1" 200 986 "http://callider/pause/index" "Mozilla/4.0 (compatible; MSIE 7.0; Windows NT 6.1; WOW64; Trident/5.0; SLCC2; .NET CLR 2.0.50727; .NET CLR 3.5.30729; .NET CLR 3.0.30729; Media Center PC 6.0; InfoPath.3; .NET4.0C; MS-RTC LM 8; .NET4.0E)" 18103
192.168.12.204 - - [17/Feb/2013:07:42:29 +0600] "GET /pause/ajaxPause?pauseConfigId=&admin=0 HTTP/1.1" 200 986 "http://callider/pause/index" "Mozilla/4.0 (compatible; MSIE 7.0; Windows NT 6.1; WOW64; Trident/4.0; SLCC2; .NET CLR 2.0.50727; .NET CLR 3.5.30729; .NET CLR 3.0.30729; Media Center PC 6.0; InfoPath.3; .NET4.0C; .NET4.0E; .NET CLR 1.1.4322)" 21908
192.168.12.69 - - [17/Feb/2013:07:42:30 +0600] "GET /pause/ajaxPause?pauseConfigId=&admin=0 HTTP/1.1" 200 986 "http://callider/pause/index" "Mozilla/4.0 (compatible; MSIE 7.0; Windows NT 6.1; Trident/5.0; SLCC2; .NET CLR 2.0.50727; .NET CLR 3.5.30729; .NET CLR 3.0.30729; Media Center PC 6.0; InfoPath.3; .NET4.0C; .NET4.0E; Tablet PC 2.0; AskTbFXTV5/5.14.1.20007)" 23919
192.168.74.91 - - [17/Feb/2013:07:42:30 +0600] "GET /pause/ajaxPause?pauseConfigId=&admin=0 HTTP/1.1" 200 986 "http://callider/pause/index" "Mozilla/4.0 (compatible; MSIE 7.0; Windows NT 6.1; WOW64; Trident/5.0; SLCC2; .NET CLR 2.0.50727; .NET CLR 3.5.30729; .NET CLR 3.0.30729; Media Center PC 6.0; InfoPath.3; .NET4.0C; MS-RTC LM 8; .NET4.0E)" 19201
192.168.74.151 - - [17/Feb/2013:07:42:30 +0600] "GET /pause/ajaxPause?pauseConfigId=&admin=0 HTTP/1.1" 200 987 "http://callider.kontur/pause/index" "Mozilla/5.0 (Windows NT 6.1; WOW64; rv:18.0) Gecko/20100101 Firefox/18.0" 19694
192.168.12.210 - - [17/Feb/2013:07:42:30 +0600] "GET /pause/ajaxPause?pauseConfigId=all&admin=1 HTTP/1.1" 200 1047 "http://callider/pause/index" "Mozilla/4.0 (compatible; MSIE 7.0; Windows NT 6.1; WOW64; Trident/5.0; SLCC2; .NET CLR 2.0.50727; .NET CLR 3.5.30729; .NET CLR 3.0.30729; Media Center PC 6.0; InfoPath.3; .NET4.0C; .NET4.0E)" 19237
192.168.12.38 - - [17/Feb/2013:07:42:31 +0600] "GET /pause/ajaxPause?pauseConfigId=&admin=0 HTTP/1.1" 200 1040 "http://callider/pause/index" "Mozilla/4.0 (compatible; MSIE 7.0; Windows NT 6.1; WOW64; Trident/5.0; SLCC2; .NET CLR 2.0.50727; .NET CLR 3.5.30729; .NET CLR 3.0.30729; Media Center PC 6.0; InfoPath.3; .NET4.0C; .NET4.0E)" 15852
192.168.12.77 - - [17/Feb/2013:07:42:31 +0600] "GET /pause/ajaxPause?pauseConfigId=&admin=0 HTTP/1.1" 200 1039 "http://callider/pause/index" "Mozilla/4.0 (compatible; MSIE 7.0; Windows NT 6.1; Trident/5.0; SLCC2; .NET CLR 2.0.50727; .NET CLR 3.5.30729; .NET CLR 3.0.30729; Media Center PC 6.0; Tablet PC 2.0; InfoPath.3; .NET4.0C; .NET4.0E; MS-RTC LM 8)" 15503
192.168.65.56 - - [17/Feb/2013:07:42:31 +0600] "GET /pause/ajaxPause?pauseConfigId=all&admin=1 HTTP/1.1" 200 1046 "http://192.168.65.101/pause/index" "Mozilla/5.0 (Windows NT 5.1; rv:15.0) Gecko/20100101 Firefox/15.0" 31322
192.168.12.61 - - [17/Feb/2013:07:42:32 +0600] "GET /pause/ajaxPause?pauseConfigId=&admin=0 HTTP/1.1" 200 985 "http://callider/pause/index" "Mozilla/4.0 (compatible; MSIE 7.0; Windows NT 6.1; Trident/5.0; SLCC2; .NET CLR 2.0.50727; .NET CLR 3.5.30729; .NET CLR 3.0.30729; Media Center PC 6.0; InfoPath.3; .NET4.0C; .NET4.0E)" 51397
192.168.74.78 - - [17/Feb/2013:07:42:34 +0600] "GET /pause/ajaxPause?pauseConfigId=&admin=0 HTTP/1.1" 200 986 "http://callider/pause/index" "Mozilla/4.0 (compatible; MSIE 7.0; Windows NT 6.1; WOW64; Trident/5.0; SLCC2; .NET CLR 2.0.50727; .NET CLR 3.5.30729; .NET CLR 3.0.30729; Media Center PC 6.0; InfoPath.3; .NET4.0C; MS-RTC LM 8; .NET4.0E)" 48188
192.168.12.60 - - [17/Feb/2013:07:42:34 +0600] "GET /pause/ajaxPause?pauseConfigId=&admin=0 HTTP/1.1" 200 986 "http://callider/pause/index" "Mozilla/4.0 (compatible; MSIE 8.0; Windows NT 6.1; Trident/4.0; InfoPath.3; .NET4.0C; MS-RTC LM 8; .NET4.0E)" 114801
192.168.12.204 - - [17/Feb/2013:07:42:34 +0600] "GET /pause/ajaxPause?pauseConfigId=&admin=0 HTTP/1.1" 200 986 "http://callider/pause/index" "Mozilla/4.0 (compatible; MSIE 7.0; Windows NT 6.1; WOW64; Trident/4.0; SLCC2; .NET CLR 2.0.50727; .NET CLR 3.5.30729; .NET CLR 3.0.30729; Media Center PC 6.0; InfoPath.3; .NET4.0C; .NET4.0E; .NET CLR 1.1.4322)" 21522
192.168.12.67 - - [17/Feb/2013:07:42:34 +0600] "GET /tv/useUser HTTP/1.1" 200 432 "http://callider/graph/personal" "Mozilla/4.0 (compatible; MSIE 7.0; Windows NT 6.1; Trident/5.0; SLCC2; .NET CLR 2.0.50727; .NET CLR 3.5.30729; .NET CLR 3.0.30729; Media Center PC 6.0; .NET4.0C; .NET4.0E; InfoPath.3; Tablet PC 2.0; MS-RTC LM 8)" 22353
192.168.12.69 - - [17/Feb/2013:07:42:35 +0600] "GET /pause/ajaxPause?pauseConfigId=&admin=0 HTTP/1.1" 200 986 "http://callider/pause/index" "Mozilla/4.0 (compatible; MSIE 7.0; Windows NT 6.1; Trident/5.0; SLCC2; .NET CLR 2.0.50727; .NET CLR 3.5.30729; .NET CLR 3.0.30729; Media Center PC 6.0; InfoPath.3; .NET4.0C; .NET4.0E; Tablet PC 2.0; AskTbFXTV5/5.14.1.20007)" 18181
192.168.74.91 - - [17/Feb/2013:07:42:35 +0600] "GET /pause/ajaxPause?pauseConfigId=&admin=0 HTTP/1.1" 200 986 "http://callider/pause/index" "Mozilla/4.0 (compatible; MSIE 7.0; Windows NT 6.1; WOW64; Trident/5.0; SLCC2; .NET CLR 2.0.50727; .NET CLR 3.5.30729; .NET CLR 3.0.30729; Media Center PC 6.0; InfoPath.3; .NET4.0C; MS-RTC LM 8; .NET4.0E)" 19023
192.168.74.151 - - [17/Feb/2013:07:42:35 +0600] "GET /pause/ajaxPause?pauseConfigId=&admin=0 HTTP/1.1" 200 987 "http://callider.kontur/pause/index" "Mozilla/5.0 (Windows NT 6.1; WOW64; rv:18.0) Gecko/20100101 Firefox/18.0" 16946
192.168.12.210 - - [17/Feb/2013:07:42:35 +0600] "GET /pause/ajaxPause?pauseConfigId=all&admin=1 HTTP/1.1" 200 1047 "http://callider/pause/index" "Mozilla/4.0 (compatible; MSIE 7.0; Windows NT 6.1; WOW64; Trident/5.0; SLCC2; .NET CLR 2.0.50727; .NET CLR 3.5.30729; .NET CLR 3.0.30729; Media Center PC 6.0; InfoPath.3; .NET4.0C; .NET4.0E)" 19473
192.168.12.38 - - [17/Feb/2013:07:42:36 +0600] "GET /pause/ajaxPause?pauseConfigId=&admin=0 HTTP/1.1" 200 1040 "http://callider/pause/index" "Mozilla/4.0 (compatible; MSIE 7.0; Windows NT 6.1; WOW64; Trident/5.0; SLCC2; .NET CLR 2.0.50727; .NET CLR 3.5.30729; .NET CLR 3.0.30729; Media Center PC 6.0; InfoPath.3; .NET4.0C; .NET4.0E)" 16608
192.168.12.77 - - [17/Feb/2013:07:42:36 +0600] "GET /pause/ajaxPause?pauseConfigId=&admin=0 HTTP/1.1" 200 1039 "http://callider/pause/index" "Mozilla/4.0 (compatible; MSIE 7.0; Windows NT 6.1; Trident/5.0; SLCC2; .NET CLR 2.0.50727; .NET CLR 3.5.30729; .NET CLR 3.0.30729; Media Center PC 6.0; Tablet PC 2.0; InfoPath.3; .NET4.0C; .NET4.0E; MS-RTC LM 8)" 12967
192.168.65.56 - - [17/Feb/2013:07:42:36 +0600] "GET /pause/ajaxPause?pauseConfigId=all&admin=1 HTTP/1.1" 200 1046 "http://192.168.65.101/pause/index" "Mozilla/5.0 (Windows NT 5.1; rv:15.0) Gecko/20100101 Firefox/15.0" 28712
192.168.12.61 - - [17/Feb/2013:07:42:37 +0600] "GET /pause/ajaxPause?pauseConfigId=&admin=0 HTTP/1.1" 200 985 "http://callider/pause/index" "Mozilla/4.0 (compatible; MSIE 7.0; Windows NT 6.1; Trident/5.0; SLCC2; .NET CLR 2.0.50727; .NET CLR 3.5.30729; .NET CLR 3.0.30729; Media Center PC 6.0; InfoPath.3; .NET4.0C; .NET4.0E)" 80902
192.168.74.93 - - [17/Feb/2013:07:42:38 +0600] "GET /tv/useUser HTTP/1.1" 200 432 "http://callider/graph/personal" "Mozilla/4.0 (compatible; MSIE 7.0; Windows NT 6.1; WOW64; Trident/5.0; SLCC2; .NET CLR 2.0.50727; .NET CLR 3.5.30729; .NET CLR 3.0.30729; Media Center PC 6.0; InfoPath.3; .NET4.0C; .NET4.0E)" 14928
192.168.12.60 - - [17/Feb/2013:07:42:39 +0600] "GET /pause/ajaxPause?pauseConfigId=&admin=0 HTTP/1.1" 200 986 "http://callider/pause/index" "Mozilla/4.0 (compatible; MSIE 8.0; Windows NT 6.1; Trident/4.0; InfoPath.3; .NET4.0C; MS-RTC LM 8; .NET4.0E)" 25360
192.168.74.78 - - [17/Feb/2013:07:42:39 +0600] "GET /pause/ajaxPause?pauseConfigId=&admin=0 HTTP/1.1" 200 986 "http://callider/pause/index" "Mozilla/4.0 (compatible; MSIE 7.0; Windows NT 6.1; WOW64; Trident/5.0; SLCC2; .NET CLR 2.0.50727; .NET CLR 3.5.30729; .NET CLR 3.0.30729; Media Center PC 6.0; InfoPath.3; .NET4.0C; MS-RTC LM 8; .NET4.0E)" 18622
192.168.12.210 - - [17/Feb/2013:07:42:39 +0600] "GET /tv/useUser HTTP/1.1" 200 431 "http://callider/graph/general" "Mozilla/4.0 (compatible; MSIE 7.0; Windows NT 6.1; WOW64; Trident/5.0; SLCC2; .NET CLR 2.0.50727; .NET CLR 3.5.30729; .NET CLR 3.0.30729; Media Center PC 6.0; InfoPath.3; .NET4.0C; .NET4.0E)" 7857
192.168.12.204 - - [17/Feb/2013:07:42:39 +0600] "GET /pause/ajaxPause?pauseConfigId=&admin=0 HTTP/1.1" 200 986 "http://callider/pause/index" "Mozilla/4.0 (compatible; MSIE 7.0; Windows NT 6.1; WOW64; Trident/4.0; SLCC2; .NET CLR 2.0.50727; .NET CLR 3.5.30729; .NET CLR 3.0.30729; Media Center PC 6.0; InfoPath.3; .NET4.0C; .NET4.0E; .NET CLR 1.1.4322)" 73330
192.168.12.69 - - [17/Feb/2013:07:42:40 +0600] "GET /pause/ajaxPause?pauseConfigId=&admin=0 HTTP/1.1" 200 986 "http://callider/pause/index" "Mozilla/4.0 (compatible; MSIE 7.0; Windows NT 6.1; Trident/5.0; SLCC2; .NET CLR 2.0.50727; .NET CLR 3.5.30729; .NET CLR 3.0.30729; Media Center PC 6.0; InfoPath.3; .NET4.0C; .NET4.0E; Tablet PC 2.0; AskTbFXTV5/5.14.1.20007)" 18898
192.168.74.91 - - [17/Feb/2013:07:42:40 +0600] "GET /pause/ajaxPause?pauseConfigId=&admin=0 HTTP/1.1" 200 986 "http://callider/pause/index" "Mozilla/4.0 (compatible; MSIE 7.0; Windows NT 6.1; WOW64; Trident/5.0; SLCC2; .NET CLR 2.0.50727; .NET CLR 3.5.30729; .NET CLR 3.0.30729; Media Center PC 6.0; InfoPath.3; .NET4.0C; MS-RTC LM 8; .NET4.0E)" 20633
192.168.74.151 - - [17/Feb/2013:07:42:40 +0600] "GET /pause/ajaxPause?pauseConfigId=&admin=0 HTTP/1.1" 200 987 "http://callider.kontur/pause/index" "Mozilla/5.0 (Windows NT 6.1; WOW64; rv:18.0) Gecko/20100101 Firefox/18.0" 19478
192.168.12.210 - - [17/Feb/2013:07:42:40 +0600] "GET /pause/ajaxPause?pauseConfigId=all&admin=1 HTTP/1.1" 200 1047 "http://callider/pause/index" "Mozilla/4.0 (compatible; MSIE 7.0; Windows NT 6.1; WOW64; Trident/5.0; SLCC2; .NET CLR 2.0.50727; .NET CLR 3.5.30729; .NET CLR 3.0.30729; Media Center PC 6.0; InfoPath.3; .NET4.0C; .NET4.0E)" 135596
192.168.12.9 - - [17/Feb/2013:07:42:40 +0600] "GET /tv/useUser HTTP/1.1" 200 432 "http://callider.kontur/site/index" "Mozilla/5.0 (Windows NT 6.1; WOW64) AppleWebKit/537.17 (KHTML, like Gecko) Chrome/24.0.1312.57 Safari/537.17" 20163
192.168.12.38 - - [17/Feb/2013:07:42:41 +0600] "GET /pause/ajaxPause?pauseConfigId=&admin=0 HTTP/1.1" 200 1040 "http://callider/pause/index" "Mozilla/4.0 (compatible; MSIE 7.0; Windows NT 6.1; WOW64; Trident/5.0; SLCC2; .NET CLR 2.0.50727; .NET CLR 3.5.30729; .NET CLR 3.0.30729; Media Center PC 6.0; InfoPath.3; .NET4.0C; .NET4.0E)" 15036
192.168.12.77 - - [17/Feb/2013:07:42:41 +0600] "GET /pause/ajaxPause?pauseConfigId=&admin=0 HTTP/1.1" 200 1039 "http://callider/pause/index" "Mozilla/4.0 (compatible; MSIE 7.0; Windows NT 6.1; Trident/5.0; SLCC2; .NET CLR 2.0.50727; .NET CLR 3.5.30729; .NET CLR 3.0.30729; Media Center PC 6.0; Tablet PC 2.0; InfoPath.3; .NET4.0C; .NET4.0E; MS-RTC LM 8)" 13440
192.168.65.56 - - [17/Feb/2013:07:42:41 +0600] "GET /pause/ajaxPause?pauseConfigId=all&admin=1 HTTP/1.1" 200 1046 "http://192.168.65.101/pause/index" "Mozilla/5.0 (Windows NT 5.1; rv:15.0) Gecko/20100101 Firefox/15.0" 28590
192.168.12.61 - - [17/Feb/2013:07:42:42 +0600] "GET /pause/ajaxPause?pauseConfigId=&admin=0 HTTP/1.1" 200 985 "http://callider/pause/index" "Mozilla/4.0 (compatible; MSIE 7.0; Windows NT 6.1; Trident/5.0; SLCC2; .NET CLR 2.0.50727; .NET CLR 3.5.30729; .NET CLR 3.0.30729; Media Center PC 6.0; InfoPath.3; .NET4.0C; .NET4.0E)" 20523
192.168.12.60 - - [17/Feb/2013:07:42:44 +0600] "GET /pause/ajaxPause?pauseConfigId=&admin=0 HTTP/1.1" 200 986 "http://callider/pause/index" "Mozilla/4.0 (compatible; MSIE 8.0; Windows NT 6.1; Trident/4.0; InfoPath.3; .NET4.0C; MS-RTC LM 8; .NET4.0E)" 18496
192.168.74.78 - - [17/Feb/2013:07:42:44 +0600] "GET /pause/ajaxPause?pauseConfigId=&admin=0 HTTP/1.1" 200 986 "http://callider/pause/index" "Mozilla/4.0 (compatible; MSIE 7.0; Windows NT 6.1; WOW64; Trident/5.0; SLCC2; .NET CLR 2.0.50727; .NET CLR 3.5.30729; .NET CLR 3.0.30729; Media Center PC 6.0; InfoPath.3; .NET4.0C; MS-RTC LM 8; .NET4.0E)" 24316
192.168.12.204 - - [17/Feb/2013:07:42:44 +0600] "GET /pause/ajaxPause?pauseConfigId=&admin=0 HTTP/1.1" 200 986 "http://callider/pause/index" "Mozilla/4.0 (compatible; MSIE 7.0; Windows NT 6.1; WOW64; Trident/4.0; SLCC2; .NET CLR 2.0.50727; .NET CLR 3.5.30729; .NET CLR 3.0.30729; Media Center PC 6.0; InfoPath.3; .NET4.0C; .NET4.0E; .NET CLR 1.1.4322)" 18071
192.168.12.69 - - [17/Feb/2013:07:42:45 +0600] "GET /pause/ajaxPause?pauseConfigId=&admin=0 HTTP/1.1" 200 986 "http://callider/pause/index" "Mozilla/4.0 (compatible; MSIE 7.0; Windows NT 6.1; Trident/5.0; SLCC2; .NET CLR 2.0.50727; .NET CLR 3.5.30729; .NET CLR 3.0.30729; Media Center PC 6.0; InfoPath.3; .NET4.0C; .NET4.0E; Tablet PC 2.0; AskTbFXTV5/5.14.1.20007)" 112028
192.168.74.91 - - [17/Feb/2013:07:42:45 +0600] "GET /pause/ajaxPause?pauseConfigId=&admin=0 HTTP/1.1" 200 986 "http://callider/pause/index" "Mozilla/4.0 (compatible; MSIE 7.0; Windows NT 6.1; WOW64; Trident/5.0; SLCC2; .NET CLR 2.0.50727; .NET CLR 3.5.30729; .NET CLR 3.0.30729; Media Center PC 6.0; InfoPath.3; .NET4.0C; MS-RTC LM 8; .NET4.0E)" 20406
192.168.74.151 - - [17/Feb/2013:07:42:45 +0600] "GET /pause/ajaxPause?pauseConfigId=&admin=0 HTTP/1.1" 200 987 "http://callider.kontur/pause/index" "Mozilla/5.0 (Windows NT 6.1; WOW64; rv:18.0) Gecko/20100101 Firefox/18.0" 18743
192.168.12.210 - - [17/Feb/2013:07:42:45 +0600] "GET /pause/ajaxPause?pauseConfigId=all&admin=1 HTTP/1.1" 200 1047 "http://callider/pause/index" "Mozilla/4.0 (compatible; MSIE 7.0; Windows NT 6.1; WOW64; Trident/5.0; SLCC2; .NET CLR 2.0.50727; .NET CLR 3.5.30729; .NET CLR 3.0.30729; Media Center PC 6.0; InfoPath.3; .NET4.0C; .NET4.0E)" 19141
192.168.12.38 - - [17/Feb/2013:07:42:46 +0600] "GET /pause/ajaxPause?pauseConfigId=&admin=0 HTTP/1.1" 200 1040 "http://callider/pause/index" "Mozilla/4.0 (compatible; MSIE 7.0; Windows NT 6.1; WOW64; Trident/5.0; SLCC2; .NET CLR 2.0.50727; .NET CLR 3.5.30729; .NET CLR 3.0.30729; Media Center PC 6.0; InfoPath.3; .NET4.0C; .NET4.0E)" 21345
192.168.12.77 - - [17/Feb/2013:07:42:46 +0600] "GET /pause/ajaxPause?pauseConfigId=&admin=0 HTTP/1.1" 200 1039 "http://callider/pause/index" "Mozilla/4.0 (compatible; MSIE 7.0; Windows NT 6.1; Trident/5.0; SLCC2; .NET CLR 2.0.50727; .NET CLR 3.5.30729; .NET CLR 3.0.30729; Media Center PC 6.0; Tablet PC 2.0; InfoPath.3; .NET4.0C; .NET4.0E; MS-RTC LM 8)" 14004
192.168.65.56 - - [17/Feb/2013:07:42:46 +0600] "GET /pause/ajaxPause?pauseConfigId=all&admin=1 HTTP/1.1" 200 1046 "http://192.168.65.101/pause/index" "Mozilla/5.0 (Windows NT 5.1; rv:15.0) Gecko/20100101 Firefox/15.0" 31138
192.168.12.61 - - [17/Feb/2013:07:42:47 +0600] "GET /pause/ajaxPause?pauseConfigId=&admin=0 HTTP/1.1" 200 985 "http://callider/pause/index" "Mozilla/4.0 (compatible; MSIE 7.0; Windows NT 6.1; Trident/5.0; SLCC2; .NET CLR 2.0.50727; .NET CLR 3.5.30729; .NET CLR 3.0.30729; Media Center PC 6.0; InfoPath.3; .NET4.0C; .NET4.0E)" 24619
192.168.12.60 - - [17/Feb/2013:07:42:49 +0600] "GET /pause/ajaxPause?pauseConfigId=&admin=0 HTTP/1.1" 200 986 "http://callider/pause/index" "Mozilla/4.0 (compatible; MSIE 8.0; Windows NT 6.1; Trident/4.0; InfoPath.3; .NET4.0C; MS-RTC LM 8; .NET4.0E)" 20255
192.168.12.210 - - [17/Feb/2013:07:42:49 +0600] "GET /tv/useUser HTTP/1.1" 200 431 "http://callider/pause/index" "Mozilla/4.0 (compatible; MSIE 7.0; Windows NT 6.1; WOW64; Trident/5.0; SLCC2; .NET CLR 2.0.50727; .NET CLR 3.5.30729; .NET CLR 3.0.30729; Media Center PC 6.0; InfoPath.3; .NET4.0C; .NET4.0E)" 9456
192.168.74.78 - - [17/Feb/2013:07:42:49 +0600] "GET /pause/ajaxPause?pauseConfigId=&admin=0 HTTP/1.1" 200 986 "http://callider/pause/index" "Mozilla/4.0 (compatible; MSIE 7.0; Windows NT 6.1; WOW64; Trident/5.0; SLCC2; .NET CLR 2.0.50727; .NET CLR 3.5.30729; .NET CLR 3.0.30729; Media Center PC 6.0; InfoPath.3; .NET4.0C; MS-RTC LM 8; .NET4.0E)" 18918
192.168.12.204 - - [17/Feb/2013:07:42:49 +0600] "GET /pause/ajaxPause?pauseConfigId=&admin=0 HTTP/1.1" 200 986 "http://callider/pause/index" "Mozilla/4.0 (compatible; MSIE 7.0; Windows NT 6.1; WOW64; Trident/4.0; SLCC2; .NET CLR 2.0.50727; .NET CLR 3.5.30729; .NET CLR 3.0.30729; Media Center PC 6.0; InfoPath.3; .NET4.0C; .NET4.0E; .NET CLR 1.1.4322)" 21699
192.168.12.69 - - [17/Feb/2013:07:42:50 +0600] "GET /pause/ajaxPause?pauseConfigId=&admin=0 HTTP/1.1" 200 986 "http://callider/pause/index" "Mozilla/4.0 (compatible; MSIE 7.0; Windows NT 6.1; Trident/5.0; SLCC2; .NET CLR 2.0.50727; .NET CLR 3.5.30729; .NET CLR 3.0.30729; Media Center PC 6.0; InfoPath.3; .NET4.0C; .NET4.0E; Tablet PC 2.0; AskTbFXTV5/5.14.1.20007)" 17012
192.168.74.91 - - [17/Feb/2013:07:42:50 +0600] "GET /pause/ajaxPause?pauseConfigId=&admin=0 HTTP/1.1" 200 986 "http://callider/pause/index" "Mozilla/4.0 (compatible; MSIE 7.0; Windows NT 6.1; WOW64; Trident/5.0; SLCC2; .NET CLR 2.0.50727; .NET CLR 3.5.30729; .NET CLR 3.0.30729; Media Center PC 6.0; InfoPath.3; .NET4.0C; MS-RTC LM 8; .NET4.0E)" 19871
192.168.74.151 - - [17/Feb/2013:07:42:50 +0600] "GET /pause/ajaxPause?pauseConfigId=&admin=0 HTTP/1.1" 200 987 "http://callider.kontur/pause/index" "Mozilla/5.0 (Windows NT 6.1; WOW64; rv:18.0) Gecko/20100101 Firefox/18.0" 20454
192.168.12.210 - - [17/Feb/2013:07:42:50 +0600] "GET /pause/ajaxPause?pauseConfigId=all&admin=1 HTTP/1.1" 200 1047 "http://callider/pause/index" "Mozilla/4.0 (compatible; MSIE 7.0; Windows NT 6.1; WOW64; Trident/5.0; SLCC2; .NET CLR 2.0.50727; .NET CLR 3.5.30729; .NET CLR 3.0.30729; Media Center PC 6.0; InfoPath.3; .NET4.0C; .NET4.0E)" 19345
192.168.12.38 - - [17/Feb/2013:07:42:51 +0600] "GET /pause/ajaxPause?pauseConfigId=&admin=0 HTTP/1.1" 200 1040 "http://callider/pause/index" "Mozilla/4.0 (compatible; MSIE 7.0; Windows NT 6.1; WOW64; Trident/5.0; SLCC2; .NET CLR 2.0.50727; .NET CLR 3.5.30729; .NET CLR 3.0.30729; Media Center PC 6.0; InfoPath.3; .NET4.0C; .NET4.0E)" 14733
192.168.12.77 - - [17/Feb/2013:07:42:51 +0600] "GET /pause/ajaxPause?pauseConfigId=&admin=0 HTTP/1.1" 200 1039 "http://callider/pause/index" "Mozilla/4.0 (compatible; MSIE 7.0; Windows NT 6.1; Trident/5.0; SLCC2; .NET CLR 2.0.50727; .NET CLR 3.5.30729; .NET CLR 3.0.30729; Media Center PC 6.0; Tablet PC 2.0; InfoPath.3; .NET4.0C; .NET4.0E; MS-RTC LM 8)" 12073
192.168.65.56 - - [17/Feb/2013:07:42:51 +0600] "GET /pause/ajaxPause?pauseConfigId=all&admin=1 HTTP/1.1" 200 1046 "http://192.168.65.101/pause/index" "Mozilla/5.0 (Windows NT 5.1; rv:15.0) Gecko/20100101 Firefox/15.0" 32374
192.168.65.56 - - [17/Feb/2013:07:42:51 +0600] "GET /tv/useUser HTTP/1.1" 200 431 "http://192.168.65.101/pause/index" "Mozilla/5.0 (Windows NT 5.1; rv:15.0) Gecko/20100101 Firefox/15.0" 11307
192.168.12.61 - - [17/Feb/2013:07:42:52 +0600] "GET /pause/ajaxPause?pauseConfigId=&admin=0 HTTP/1.1" 200 985 "http://callider/pause/index" "Mozilla/4.0 (compatible; MSIE 7.0; Windows NT 6.1; Trident/5.0; SLCC2; .NET CLR 2.0.50727; .NET CLR 3.5.30729; .NET CLR 3.0.30729; Media Center PC 6.0; InfoPath.3; .NET4.0C; .NET4.0E)" 20194
192.168.12.60 - - [17/Feb/2013:07:42:54 +0600] "GET /pause/ajaxPause?pauseConfigId=&admin=0 HTTP/1.1" 200 986 "http://callider/pause/index" "Mozilla/4.0 (compatible; MSIE 8.0; Windows NT 6.1; Trident/4.0; InfoPath.3; .NET4.0C; MS-RTC LM 8; .NET4.0E)" 19501
192.168.74.78 - - [17/Feb/2013:07:42:54 +0600] "GET /pause/ajaxPause?pauseConfigId=&admin=0 HTTP/1.1" 200 986 "http://callider/pause/index" "Mozilla/4.0 (compatible; MSIE 7.0; Windows NT 6.1; WOW64; Trident/5.0; SLCC2; .NET CLR 2.0.50727; .NET CLR 3.5.30729; .NET CLR 3.0.30729; Media Center PC 6.0; InfoPath.3; .NET4.0C; MS-RTC LM 8; .NET4.0E)" 20661
192.168.12.204 - - [17/Feb/2013:07:42:54 +0600] "GET /pause/ajaxPause?pauseConfigId=&admin=0 HTTP/1.1" 200 986 "http://callider/pause/index" "Mozilla/4.0 (compatible; MSIE 7.0; Windows NT 6.1; WOW64; Trident/4.0; SLCC2; .NET CLR 2.0.50727; .NET CLR 3.5.30729; .NET CLR 3.0.30729; Media Center PC 6.0; InfoPath.3; .NET4.0C; .NET4.0E; .NET CLR 1.1.4322)" 17599
192.168.12.69 - - [17/Feb/2013:07:42:55 +0600] "GET /pause/ajaxPause?pauseConfigId=&admin=0 HTTP/1.1" 200 986 "http://callider/pause/index" "Mozilla/4.0 (compatible; MSIE 7.0; Windows NT 6.1; Trident/5.0; SLCC2; .NET CLR 2.0.50727; .NET CLR 3.5.30729; .NET CLR 3.0.30729; Media Center PC 6.0; InfoPath.3; .NET4.0C; .NET4.0E; Tablet PC 2.0; AskTbFXTV5/5.14.1.20007)" 17813
192.168.74.91 - - [17/Feb/2013:07:42:55 +0600] "GET /pause/ajaxPause?pauseConfigId=&admin=0 HTTP/1.1" 200 986 "http://callider/pause/index" "Mozilla/4.0 (compatible; MSIE 7.0; Windows NT 6.1; WOW64; Trident/5.0; SLCC2; .NET CLR 2.0.50727; .NET CLR 3.5.30729; .NET CLR 3.0.30729; Media Center PC 6.0; InfoPath.3; .NET4.0C; MS-RTC LM 8; .NET4.0E)" 19621
192.168.74.151 - - [17/Feb/2013:07:42:55 +0600] "GET /pause/ajaxPause?pauseConfigId=&admin=0 HTTP/1.1" 200 987 "http://callider.kontur/pause/index" "Mozilla/5.0 (Windows NT 6.1; WOW64; rv:18.0) Gecko/20100101 Firefox/18.0" 18301
192.168.12.210 - - [17/Feb/2013:07:42:55 +0600] "GET /pause/ajaxPause?pauseConfigId=all&admin=1 HTTP/1.1" 200 1047 "http://callider/pause/index" "Mozilla/4.0 (compatible; MSIE 7.0; Windows NT 6.1; WOW64; Trident/5.0; SLCC2; .NET CLR 2.0.50727; .NET CLR 3.5.30729; .NET CLR 3.0.30729; Media Center PC 6.0; InfoPath.3; .NET4.0C; .NET4.0E)" 18297
192.168.12.38 - - [17/Feb/2013:07:42:56 +0600] "GET /pause/ajaxPause?pauseConfigId=&admin=0 HTTP/1.1" 200 1040 "http://callider/pause/index" "Mozilla/4.0 (compatible; MSIE 7.0; Windows NT 6.1; WOW64; Trident/5.0; SLCC2; .NET CLR 2.0.50727; .NET CLR 3.5.30729; .NET CLR 3.0.30729; Media Center PC 6.0; InfoPath.3; .NET4.0C; .NET4.0E)" 16933
192.168.12.77 - - [17/Feb/2013:07:42:56 +0600] "GET /pause/ajaxPause?pauseConfigId=&admin=0 HTTP/1.1" 200 1039 "http://callider/pause/index" "Mozilla/4.0 (compatible; MSIE 7.0; Windows NT 6.1; Trident/5.0; SLCC2; .NET CLR 2.0.50727; .NET CLR 3.5.30729; .NET CLR 3.0.30729; Media Center PC 6.0; Tablet PC 2.0; InfoPath.3; .NET4.0C; .NET4.0E; MS-RTC LM 8)" 13750
192.168.65.56 - - [17/Feb/2013:07:42:56 +0600] "GET /pause/ajaxPause?pauseConfigId=all&admin=1 HTTP/1.1" 200 1046 "http://192.168.65.101/pause/index" "Mozilla/5.0 (Windows NT 5.1; rv:15.0) Gecko/20100101 Firefox/15.0" 32635
192.168.12.61 - - [17/Feb/2013:07:42:57 +0600] "GET /pause/ajaxPause?pauseConfigId=&admin=0 HTTP/1.1" 200 985 "http://callider/pause/index" "Mozilla/4.0 (compatible; MSIE 7.0; Windows NT 6.1; Trident/5.0; SLCC2; .NET CLR 2.0.50727; .NET CLR 3.5.30729; .NET CLR 3.0.30729; Media Center PC 6.0; InfoPath.3; .NET4.0C; .NET4.0E)" 24505
192.168.12.60 - - [17/Feb/2013:07:42:59 +0600] "GET /pause/ajaxPause?pauseConfigId=&admin=0 HTTP/1.1" 200 986 "http://callider/pause/index" "Mozilla/4.0 (compatible; MSIE 8.0; Windows NT 6.1; Trident/4.0; InfoPath.3; .NET4.0C; MS-RTC LM 8; .NET4.0E)" 18411
192.168.74.78 - - [17/Feb/2013:07:42:59 +0600] "GET /pause/ajaxPause?pauseConfigId=&admin=0 HTTP/1.1" 200 986 "http://callider/pause/index" "Mozilla/4.0 (compatible; MSIE 7.0; Windows NT 6.1; WOW64; Trident/5.0; SLCC2; .NET CLR 2.0.50727; .NET CLR 3.5.30729; .NET CLR 3.0.30729; Media Center PC 6.0; InfoPath.3; .NET4.0C; MS-RTC LM 8; .NET4.0E)" 18148
192.168.12.204 - - [17/Feb/2013:07:42:59 +0600] "GET /pause/ajaxPause?pauseConfigId=&admin=0 HTTP/1.1" 200 986 "http://callider/pause/index" "Mozilla/4.0 (compatible; MSIE 7.0; Windows NT 6.1; WOW64; Trident/4.0; SLCC2; .NET CLR 2.0.50727; .NET CLR 3.5.30729; .NET CLR 3.0.30729; Media Center PC 6.0; InfoPath.3; .NET4.0C; .NET4.0E; .NET CLR 1.1.4322)" 22032
192.168.12.69 - - [17/Feb/2013:07:43:00 +0600] "GET /pause/ajaxPause?pauseConfigId=&admin=0 HTTP/1.1" 200 986 "http://callider/pause/index" "Mozilla/4.0 (compatible; MSIE 7.0; Windows NT 6.1; Trident/5.0; SLCC2; .NET CLR 2.0.50727; .NET CLR 3.5.30729; .NET CLR 3.0.30729; Media Center PC 6.0; InfoPath.3; .NET4.0C; .NET4.0E; Tablet PC 2.0; AskTbFXTV5/5.14.1.20007)" 146822
192.168.74.91 - - [17/Feb/2013:07:43:00 +0600] "GET /pause/ajaxPause?pauseConfigId=&admin=0 HTTP/1.1" 200 986 "http://callider/pause/index" "Mozilla/4.0 (compatible; MSIE 7.0; Windows NT 6.1; WOW64; Trident/5.0; SLCC2; .NET CLR 2.0.50727; .NET CLR 3.5.30729; .NET CLR 3.0.30729; Media Center PC 6.0; InfoPath.3; .NET4.0C; MS-RTC LM 8; .NET4.0E)" 20279
192.168.74.151 - - [17/Feb/2013:07:43:00 +0600] "GET /pause/ajaxPause?pauseConfigId=&admin=0 HTTP/1.1" 200 988 "http://callider.kontur/pause/index" "Mozilla/5.0 (Windows NT 6.1; WOW64; rv:18.0) Gecko/20100101 Firefox/18.0" 25894
192.168.12.210 - - [17/Feb/2013:07:43:00 +0600] "GET /pause/ajaxPause?pauseConfigId=all&admin=1 HTTP/1.1" 200 1047 "http://callider/pause/index" "Mozilla/4.0 (compatible; MSIE 7.0; Windows NT 6.1; WOW64; Trident/5.0; SLCC2; .NET CLR 2.0.50727; .NET CLR 3.5.30729; .NET CLR 3.0.30729; Media Center PC 6.0; InfoPath.3; .NET4.0C; .NET4.0E)" 18605
192.168.64.119 - - [17/Feb/2013:07:43:01 +0600] "HEAD / HTTP/1.0" 302 435 "-" "WhatsUp/1.0" 12943
192.168.12.38 - - [17/Feb/2013:07:43:01 +0600] "GET /pause/ajaxPause?pauseConfigId=&admin=0 HTTP/1.1" 200 1040 "http://callider/pause/index" "Mozilla/4.0 (compatible; MSIE 7.0; Windows NT 6.1; WOW64; Trident/5.0; SLCC2; .NET CLR 2.0.50727; .NET CLR 3.5.30729; .NET CLR 3.0.30729; Media Center PC 6.0; InfoPath.3; .NET4.0C; .NET4.0E)" 16076
192.168.12.77 - - [17/Feb/2013:07:43:01 +0600] "GET /pause/ajaxPause?pauseConfigId=&admin=0 HTTP/1.1" 200 1039 "http://callider/pause/index" "Mozilla/4.0 (compatible; MSIE 7.0; Windows NT 6.1; Trident/5.0; SLCC2; .NET CLR 2.0.50727; .NET CLR 3.5.30729; .NET CLR 3.0.30729; Media Center PC 6.0; Tablet PC 2.0; InfoPath.3; .NET4.0C; .NET4.0E; MS-RTC LM 8)" 13255
192.168.65.56 - - [17/Feb/2013:07:43:01 +0600] "GET /pause/ajaxPause?pauseConfigId=all&admin=1 HTTP/1.1" 200 1046 "http://192.168.65.101/pause/index" "Mozilla/5.0 (Windows NT 5.1; rv:15.0) Gecko/20100101 Firefox/15.0" 42424
192.168.64.119 - - [17/Feb/2013:07:43:02 +0600] "GET / HTTP/1.1" 302 454 "-" "Mozilla/4.0 (compatible; MSIE 8.0; Windows NT 5.2; Trident/4.0)" 12559
192.168.64.119 - - [17/Feb/2013:07:43:02 +0600] "GET /site/login HTTP/1.1" 200 7423 "-" "Mozilla/4.0 (compatible; MSIE 8.0; Windows NT 5.2; Trident/4.0)" 22113
192.168.12.61 - - [17/Feb/2013:07:43:02 +0600] "GET /pause/ajaxPause?pauseConfigId=&admin=0 HTTP/1.1" 200 986 "http://callider/pause/index" "Mozilla/4.0 (compatible; MSIE 7.0; Windows NT 6.1; Trident/5.0; SLCC2; .NET CLR 2.0.50727; .NET CLR 3.5.30729; .NET CLR 3.0.30729; Media Center PC 6.0; InfoPath.3; .NET4.0C; .NET4.0E)" 49170
192.168.74.139 - - [17/Feb/2013:07:43:03 +0600] "GET /tv/useUser HTTP/1.1" 200 432 "http://callider/graph/personal" "Mozilla/4.0 (compatible; MSIE 7.0; Windows NT 6.1; WOW64; Trident/5.0; SLCC2; .NET CLR 2.0.50727; .NET CLR 3.5.30729; .NET CLR 3.0.30729; Media Center PC 6.0; InfoPath.3; .NET4.0C; .NET4.0E)" 25456
192.168.12.60 - - [17/Feb/2013:07:43:04 +0600] "GET /pause/ajaxPause?pauseConfigId=&admin=0 HTTP/1.1" 200 986 "http://callider/pause/index" "Mozilla/4.0 (compatible; MSIE 8.0; Windows NT 6.1; Trident/4.0; InfoPath.3; .NET4.0C; MS-RTC LM 8; .NET4.0E)" 27150
192.168.74.78 - - [17/Feb/2013:07:43:04 +0600] "GET /pause/ajaxPause?pauseConfigId=&admin=0 HTTP/1.1" 200 986 "http://callider/pause/index" "Mozilla/4.0 (compatible; MSIE 7.0; Windows NT 6.1; WOW64; Trident/5.0; SLCC2; .NET CLR 2.0.50727; .NET CLR 3.5.30729; .NET CLR 3.0.30729; Media Center PC 6.0; InfoPath.3; .NET4.0C; MS-RTC LM 8; .NET4.0E)" 20779
192.168.12.204 - - [17/Feb/2013:07:43:04 +0600] "GET /pause/ajaxPause?pauseConfigId=&admin=0 HTTP/1.1" 200 986 "http://callider/pause/index" "Mozilla/4.0 (compatible; MSIE 7.0; Windows NT 6.1; WOW64; Trident/4.0; SLCC2; .NET CLR 2.0.50727; .NET CLR 3.5.30729; .NET CLR 3.0.30729; Media Center PC 6.0; InfoPath.3; .NET4.0C; .NET4.0E; .NET CLR 1.1.4322)" 18407
192.168.12.69 - - [17/Feb/2013:07:43:05 +0600] "GET /pause/ajaxPause?pauseConfigId=&admin=0 HTTP/1.1" 200 986 "http://callider/pause/index" "Mozilla/4.0 (compatible; MSIE 7.0; Windows NT 6.1; Trident/5.0; SLCC2; .NET CLR 2.0.50727; .NET CLR 3.5.30729; .NET CLR 3.0.30729; Media Center PC 6.0; InfoPath.3; .NET4.0C; .NET4.0E; Tablet PC 2.0; AskTbFXTV5/5.14.1.20007)" 23163
192.168.12.61 - - [17/Feb/2013:07:43:05 +0600] "GET /tv/useUser HTTP/1.1" 200 431 "http://callider/pause/index" "Mozilla/4.0 (compatible; MSIE 7.0; Windows NT 6.1; Trident/5.0; SLCC2; .NET CLR 2.0.50727; .NET CLR 3.5.30729; .NET CLR 3.0.30729; Media Center PC 6.0; InfoPath.3; .NET4.0C; .NET4.0E)" 14406
192.168.74.91 - - [17/Feb/2013:07:43:05 +0600] "GET /pause/ajaxPause?pauseConfigId=&admin=0 HTTP/1.1" 200 986 "http://callider/pause/index" "Mozilla/4.0 (compatible; MSIE 7.0; Windows NT 6.1; WOW64; Trident/5.0; SLCC2; .NET CLR 2.0.50727; .NET CLR 3.5.30729; .NET CLR 3.0.30729; Media Center PC 6.0; InfoPath.3; .NET4.0C; MS-RTC LM 8; .NET4.0E)" 19526
192.168.74.151 - - [17/Feb/2013:07:43:05 +0600] "GET /pause/ajaxPause?pauseConfigId=&admin=0 HTTP/1.1" 200 987 "http://callider.kontur/pause/index" "Mozilla/5.0 (Windows NT 6.1; WOW64; rv:18.0) Gecko/20100101 Firefox/18.0" 27587
192.168.12.210 - - [17/Feb/2013:07:43:05 +0600] "GET /pause/ajaxPause?pauseConfigId=all&admin=1 HTTP/1.1" 200 1047 "http://callider/pause/index" "Mozilla/4.0 (compatible; MSIE 7.0; Windows NT 6.1; WOW64; Trident/5.0; SLCC2; .NET CLR 2.0.50727; .NET CLR 3.5.30729; .NET CLR 3.0.30729; Media Center PC 6.0; InfoPath.3; .NET4.0C; .NET4.0E)" 23460
192.168.12.38 - - [17/Feb/2013:07:43:06 +0600] "GET /pause/ajaxPause?pauseConfigId=&admin=0 HTTP/1.1" 200 1040 "http://callider/pause/index" "Mozilla/4.0 (compatible; MSIE 7.0; Windows NT 6.1; WOW64; Trident/5.0; SLCC2; .NET CLR 2.0.50727; .NET CLR 3.5.30729; .NET CLR 3.0.30729; Media Center PC 6.0; InfoPath.3; .NET4.0C; .NET4.0E)" 16649
192.168.12.77 - - [17/Feb/2013:07:43:06 +0600] "GET /pause/ajaxPause?pauseConfigId=&admin=0 HTTP/1.1" 200 1039 "http://callider/pause/index" "Mozilla/4.0 (compatible; MSIE 7.0; Windows NT 6.1; Trident/5.0; SLCC2; .NET CLR 2.0.50727; .NET CLR 3.5.30729; .NET CLR 3.0.30729; Media Center PC 6.0; Tablet PC 2.0; InfoPath.3; .NET4.0C; .NET4.0E; MS-RTC LM 8)" 14663
192.168.65.56 - - [17/Feb/2013:07:43:06 +0600] "GET /pause/ajaxPause?pauseConfigId=all&admin=1 HTTP/1.1" 200 1046 "http://192.168.65.101/pause/index" "Mozilla/5.0 (Windows NT 5.1; rv:15.0) Gecko/20100101 Firefox/15.0" 32863
192.168.12.61 - - [17/Feb/2013:07:43:07 +0600] "GET /pause/ajaxPause?pauseConfigId=&admin=0 HTTP/1.1" 200 985 "http://callider/pause/index" "Mozilla/4.0 (compatible; MSIE 7.0; Windows NT 6.1; Trident/5.0; SLCC2; .NET CLR 2.0.50727; .NET CLR 3.5.30729; .NET CLR 3.0.30729; Media Center PC 6.0; InfoPath.3; .NET4.0C; .NET4.0E)" 20310
192.168.74.78 - - [17/Feb/2013:07:43:09 +0600] "GET /pause/ajaxPause?pauseConfigId=&admin=0 HTTP/1.1" 200 986 "http://callider/pause/index" "Mozilla/4.0 (compatible; MSIE 7.0; Windows NT 6.1; WOW64; Trident/5.0; SLCC2; .NET CLR 2.0.50727; .NET CLR 3.5.30729; .NET CLR 3.0.30729; Media Center PC 6.0; InfoPath.3; .NET4.0C; MS-RTC LM 8; .NET4.0E)" 367044
192.168.12.60 - - [17/Feb/2013:07:43:09 +0600] "GET /pause/ajaxPause?pauseConfigId=&admin=0 HTTP/1.1" 200 986 "http://callider/pause/index" "Mozilla/4.0 (compatible; MSIE 8.0; Windows NT 6.1; Trident/4.0; InfoPath.3; .NET4.0C; MS-RTC LM 8; .NET4.0E)" 377827
192.168.12.204 - - [17/Feb/2013:07:43:09 +0600] "GET /pause/ajaxPause?pauseConfigId=&admin=0 HTTP/1.1" 200 986 "http://callider/pause/index" "Mozilla/4.0 (compatible; MSIE 7.0; Windows NT 6.1; WOW64; Trident/4.0; SLCC2; .NET CLR 2.0.50727; .NET CLR 3.5.30729; .NET CLR 3.0.30729; Media Center PC 6.0; InfoPath.3; .NET4.0C; .NET4.0E; .NET CLR 1.1.4322)" 41350
192.168.12.69 - - [17/Feb/2013:07:43:10 +0600] "GET /pause/ajaxPause?pauseConfigId=&admin=0 HTTP/1.1" 200 986 "http://callider/pause/index" "Mozilla/4.0 (compatible; MSIE 7.0; Windows NT 6.1; Trident/5.0; SLCC2; .NET CLR 2.0.50727; .NET CLR 3.5.30729; .NET CLR 3.0.30729; Media Center PC 6.0; InfoPath.3; .NET4.0C; .NET4.0E; Tablet PC 2.0; AskTbFXTV5/5.14.1.20007)" 89526
192.168.74.91 - - [17/Feb/2013:07:43:10 +0600] "GET /pause/ajaxPause?pauseConfigId=&admin=0 HTTP/1.1" 200 986 "http://callider/pause/index" "Mozilla/4.0 (compatible; MSIE 7.0; Windows NT 6.1; WOW64; Trident/5.0; SLCC2; .NET CLR 2.0.50727; .NET CLR 3.5.30729; .NET CLR 3.0.30729; Media Center PC 6.0; InfoPath.3; .NET4.0C; MS-RTC LM 8; .NET4.0E)" 24670
192.168.12.210 - - [17/Feb/2013:07:43:10 +0600] "GET /pause/ajaxPause?pauseConfigId=all&admin=1 HTTP/1.1" 200 1047 "http://callider/pause/index" "Mozilla/4.0 (compatible; MSIE 7.0; Windows NT 6.1; WOW64; Trident/5.0; SLCC2; .NET CLR 2.0.50727; .NET CLR 3.5.30729; .NET CLR 3.0.30729; Media Center PC 6.0; InfoPath.3; .NET4.0C; .NET4.0E)" 89566
192.168.74.151 - - [17/Feb/2013:07:43:10 +0600] "GET /pause/ajaxPause?pauseConfigId=&admin=0 HTTP/1.1" 200 988 "http://callider.kontur/pause/index" "Mozilla/5.0 (Windows NT 6.1; WOW64; rv:18.0) Gecko/20100101 Firefox/18.0" 126786
192.168.12.42 - - [17/Feb/2013:07:43:11 +0600] "GET /tv/useUser HTTP/1.1" 200 432 "http://callider/graph/personal" "Mozilla/4.0 (compatible; MSIE 7.0; Windows NT 6.1; WOW64; Trident/5.0; SLCC2; .NET CLR 2.0.50727; .NET CLR 3.5.30729; .NET CLR 3.0.30729; Media Center PC 6.0; InfoPath.3; .NET4.0C; .NET4.0E)" 16834
192.168.12.38 - - [17/Feb/2013:07:43:11 +0600] "GET /pause/ajaxPause?pauseConfigId=&admin=0 HTTP/1.1" 200 1040 "http://callider/pause/index" "Mozilla/4.0 (compatible; MSIE 7.0; Windows NT 6.1; WOW64; Trident/5.0; SLCC2; .NET CLR 2.0.50727; .NET CLR 3.5.30729; .NET CLR 3.0.30729; Media Center PC 6.0; InfoPath.3; .NET4.0C; .NET4.0E)" 17331
192.168.12.77 - - [17/Feb/2013:07:43:11 +0600] "GET /pause/ajaxPause?pauseConfigId=&admin=0 HTTP/1.1" 200 1039 "http://callider/pause/index" "Mozilla/4.0 (compatible; MSIE 7.0; Windows NT 6.1; Trident/5.0; SLCC2; .NET CLR 2.0.50727; .NET CLR 3.5.30729; .NET CLR 3.0.30729; Media Center PC 6.0; Tablet PC 2.0; InfoPath.3; .NET4.0C; .NET4.0E; MS-RTC LM 8)" 14536
192.168.65.56 - - [17/Feb/2013:07:43:11 +0600] "GET /pause/ajaxPause?pauseConfigId=all&admin=1 HTTP/1.1" 200 1046 "http://192.168.65.101/pause/index" "Mozilla/5.0 (Windows NT 5.1; rv:15.0) Gecko/20100101 Firefox/15.0" 30594
192.168.12.61 - - [17/Feb/2013:07:43:12 +0600] "GET /pause/ajaxPause?pauseConfigId=&admin=0 HTTP/1.1" 200 986 "http://callider/pause/index" "Mozilla/4.0 (compatible; MSIE 7.0; Windows NT 6.1; Trident/5.0; SLCC2; .NET CLR 2.0.50727; .NET CLR 3.5.30729; .NET CLR 3.0.30729; Media Center PC 6.0; InfoPath.3; .NET4.0C; .NET4.0E)" 25763
192.168.74.151 - - [17/Feb/2013:07:43:13 +0600] "GET /tv/useUser HTTP/1.1" 200 431 "http://callider.kontur/graph/general" "Mozilla/5.0 (Windows NT 6.1; WOW64; rv:18.0) Gecko/20100101 Firefox/18.0" 9515
192.168.12.60 - - [17/Feb/2013:07:43:14 +0600] "GET /pause/ajaxPause?pauseConfigId=&admin=0 HTTP/1.1" 200 986 "http://callider/pause/index" "Mozilla/4.0 (compatible; MSIE 8.0; Windows NT 6.1; Trident/4.0; InfoPath.3; .NET4.0C; MS-RTC LM 8; .NET4.0E)" 24313
192.168.74.78 - - [17/Feb/2013:07:43:14 +0600] "GET /pause/ajaxPause?pauseConfigId=&admin=0 HTTP/1.1" 200 986 "http://callider/pause/index" "Mozilla/4.0 (compatible; MSIE 7.0; Windows NT 6.1; WOW64; Trident/5.0; SLCC2; .NET CLR 2.0.50727; .NET CLR 3.5.30729; .NET CLR 3.0.30729; Media Center PC 6.0; InfoPath.3; .NET4.0C; MS-RTC LM 8; .NET4.0E)" 21603
192.168.12.204 - - [17/Feb/2013:07:43:14 +0600] "GET /pause/ajaxPause?pauseConfigId=&admin=0 HTTP/1.1" 200 986 "http://callider/pause/index" "Mozilla/4.0 (compatible; MSIE 7.0; Windows NT 6.1; WOW64; Trident/4.0; SLCC2; .NET CLR 2.0.50727; .NET CLR 3.5.30729; .NET CLR 3.0.30729; Media Center PC 6.0; InfoPath.3; .NET4.0C; .NET4.0E; .NET CLR 1.1.4322)" 34584
192.168.12.69 - - [17/Feb/2013:07:43:15 +0600] "GET /pause/ajaxPause?pauseConfigId=&admin=0 HTTP/1.1" 200 986 "http://callider/pause/index" "Mozilla/4.0 (compatible; MSIE 7.0; Windows NT 6.1; Trident/5.0; SLCC2; .NET CLR 2.0.50727; .NET CLR 3.5.30729; .NET CLR 3.0.30729; Media Center PC 6.0; InfoPath.3; .NET4.0C; .NET4.0E; Tablet PC 2.0; AskTbFXTV5/5.14.1.20007)" 17000
192.168.74.91 - - [17/Feb/2013:07:43:15 +0600] "GET /pause/ajaxPause?pauseConfigId=&admin=0 HTTP/1.1" 200 986 "http://callider/pause/index" "Mozilla/4.0 (compatible; MSIE 7.0; Windows NT 6.1; WOW64; Trident/5.0; SLCC2; .NET CLR 2.0.50727; .NET CLR 3.5.30729; .NET CLR 3.0.30729; Media Center PC 6.0; InfoPath.3; .NET4.0C; MS-RTC LM 8; .NET4.0E)" 20244
192.168.74.151 - - [17/Feb/2013:07:43:15 +0600] "GET /pause/ajaxPause?pauseConfigId=&admin=0 HTTP/1.1" 200 987 "http://callider.kontur/pause/index" "Mozilla/5.0 (Windows NT 6.1; WOW64; rv:18.0) Gecko/20100101 Firefox/18.0" 17503
192.168.74.151 - - [17/Feb/2013:07:43:15 +0600] "GET /tv/useUser HTTP/1.1" 200 431 "http://callider.kontur/pause/index" "Mozilla/5.0 (Windows NT 6.1; WOW64; rv:18.0) Gecko/20100101 Firefox/18.0" 9843
192.168.12.210 - - [17/Feb/2013:07:43:15 +0600] "GET /pause/ajaxPause?pauseConfigId=all&admin=1 HTTP/1.1" 200 1047 "http://callider/pause/index" "Mozilla/4.0 (compatible; MSIE 7.0; Windows NT 6.1; WOW64; Trident/5.0; SLCC2; .NET CLR 2.0.50727; .NET CLR 3.5.30729; .NET CLR 3.0.30729; Media Center PC 6.0; InfoPath.3; .NET4.0C; .NET4.0E)" 18125
192.168.12.38 - - [17/Feb/2013:07:43:16 +0600] "GET /pause/ajaxPause?pauseConfigId=&admin=0 HTTP/1.1" 200 1040 "http://callider/pause/index" "Mozilla/4.0 (compatible; MSIE 7.0; Windows NT 6.1; WOW64; Trident/5.0; SLCC2; .NET CLR 2.0.50727; .NET CLR 3.5.30729; .NET CLR 3.0.30729; Media Center PC 6.0; InfoPath.3; .NET4.0C; .NET4.0E)" 18794
192.168.12.77 - - [17/Feb/2013:07:43:16 +0600] "GET /pause/ajaxPause?pauseConfigId=&admin=0 HTTP/1.1" 200 1039 "http://callider/pause/index" "Mozilla/4.0 (compatible; MSIE 7.0; Windows NT 6.1; Trident/5.0; SLCC2; .NET CLR 2.0.50727; .NET CLR 3.5.30729; .NET CLR 3.0.30729; Media Center PC 6.0; Tablet PC 2.0; InfoPath.3; .NET4.0C; .NET4.0E; MS-RTC LM 8)" 15885
192.168.65.56 - - [17/Feb/2013:07:43:16 +0600] "GET /pause/ajaxPause?pauseConfigId=all&admin=1 HTTP/1.1" 200 1047 "http://192.168.65.101/pause/index" "Mozilla/5.0 (Windows NT 5.1; rv:15.0) Gecko/20100101 Firefox/15.0" 39590
192.168.12.61 - - [17/Feb/2013:07:43:17 +0600] "GET /pause/ajaxPause?pauseConfigId=&admin=0 HTTP/1.1" 200 985 "http://callider/pause/index" "Mozilla/4.0 (compatible; MSIE 7.0; Windows NT 6.1; Trident/5.0; SLCC2; .NET CLR 2.0.50727; .NET CLR 3.5.30729; .NET CLR 3.0.30729; Media Center PC 6.0; InfoPath.3; .NET4.0C; .NET4.0E)" 18238
192.168.74.78 - - [17/Feb/2013:07:43:19 +0600] "GET /pause/ajaxPause?pauseConfigId=&admin=0 HTTP/1.1" 200 986 "http://callider/pause/index" "Mozilla/4.0 (compatible; MSIE 7.0; Windows NT 6.1; WOW64; Trident/5.0; SLCC2; .NET CLR 2.0.50727; .NET CLR 3.5.30729; .NET CLR 3.0.30729; Media Center PC 6.0; InfoPath.3; .NET4.0C; MS-RTC LM 8; .NET4.0E)" 27853
192.168.12.60 - - [17/Feb/2013:07:43:19 +0600] "GET /pause/ajaxPause?pauseConfigId=&admin=0 HTTP/1.1" 200 986 "http://callider/pause/index" "Mozilla/4.0 (compatible; MSIE 8.0; Windows NT 6.1; Trident/4.0; InfoPath.3; .NET4.0C; MS-RTC LM 8; .NET4.0E)" 19908
192.168.12.204 - - [17/Feb/2013:07:43:19 +0600] "GET /pause/ajaxPause?pauseConfigId=&admin=0 HTTP/1.1" 200 986 "http://callider/pause/index" "Mozilla/4.0 (compatible; MSIE 7.0; Windows NT 6.1; WOW64; Trident/4.0; SLCC2; .NET CLR 2.0.50727; .NET CLR 3.5.30729; .NET CLR 3.0.30729; Media Center PC 6.0; InfoPath.3; .NET4.0C; .NET4.0E; .NET CLR 1.1.4322)" 20739
192.168.12.10 - - [17/Feb/2013:07:43:19 +0600] "GET /tv/useUser HTTP/1.1" 200 432 "http://callider/graph/personal" "Mozilla/4.0 (compatible; MSIE 7.0; Windows NT 6.1; Trident/5.0; SLCC2; .NET CLR 2.0.50727; .NET CLR 3.5.30729; .NET CLR 3.0.30729; Media Center PC 6.0; InfoPath.3; .NET4.0C; .NET4.0E; Tablet PC 2.0; MS-RTC LM 8)" 13860
192.168.74.139 - - [17/Feb/2013:07:43:19 +0600] "GET /tv/useUser HTTP/1.1" 200 432 "http://callider/site/index" "Mozilla/4.0 (compatible; MSIE 7.0; Windows NT 6.1; WOW64; Trident/5.0; SLCC2; .NET CLR 2.0.50727; .NET CLR 3.5.30729; .NET CLR 3.0.30729; Media Center PC 6.0; InfoPath.3; .NET4.0C; .NET4.0E)" 16514
192.168.12.108 - - [17/Feb/2013:07:43:19 +0600] "GET /tv/useUser HTTP/1.1" 200 432 "http://callider/index.php" "Mozilla/4.0 (compatible; MSIE 7.0; Windows NT 6.2; WOW64; Trident/6.0; .NET4.0E; .NET4.0C; InfoPath.3; .NET CLR 3.5.30729; .NET CLR 2.0.50727; .NET CLR 3.0.30729)" 15255
192.168.12.69 - - [17/Feb/2013:07:43:20 +0600] "GET /pause/ajaxPause?pauseConfigId=&admin=0 HTTP/1.1" 200 986 "http://callider/pause/index" "Mozilla/4.0 (compatible; MSIE 7.0; Windows NT 6.1; Trident/5.0; SLCC2; .NET CLR 2.0.50727; .NET CLR 3.5.30729; .NET CLR 3.0.30729; Media Center PC 6.0; InfoPath.3; .NET4.0C; .NET4.0E; Tablet PC 2.0; AskTbFXTV5/5.14.1.20007)" 21193
192.168.74.91 - - [17/Feb/2013:07:43:20 +0600] "GET /pause/ajaxPause?pauseConfigId=&admin=0 HTTP/1.1" 200 986 "http://callider/pause/index" "Mozilla/4.0 (compatible; MSIE 7.0; Windows NT 6.1; WOW64; Trident/5.0; SLCC2; .NET CLR 2.0.50727; .NET CLR 3.5.30729; .NET CLR 3.0.30729; Media Center PC 6.0; InfoPath.3; .NET4.0C; MS-RTC LM 8; .NET4.0E)" 19396
192.168.74.151 - - [17/Feb/2013:07:43:20 +0600] "GET /pause/ajaxPause?pauseConfigId=&admin=0 HTTP/1.1" 200 987 "http://callider.kontur/pause/index" "Mozilla/5.0 (Windows NT 6.1; WOW64; rv:18.0) Gecko/20100101 Firefox/18.0" 18347
192.168.12.210 - - [17/Feb/2013:07:43:20 +0600] "GET /pause/ajaxPause?pauseConfigId=all&admin=1 HTTP/1.1" 200 1047 "http://callider/pause/index" "Mozilla/4.0 (compatible; MSIE 7.0; Windows NT 6.1; WOW64; Trident/5.0; SLCC2; .NET CLR 2.0.50727; .NET CLR 3.5.30729; .NET CLR 3.0.30729; Media Center PC 6.0; InfoPath.3; .NET4.0C; .NET4.0E)" 21161
192.168.12.38 - - [17/Feb/2013:07:43:21 +0600] "GET /pause/ajaxPause?pauseConfigId=&admin=0 HTTP/1.1" 200 1040 "http://callider/pause/index" "Mozilla/4.0 (compatible; MSIE 7.0; Windows NT 6.1; WOW64; Trident/5.0; SLCC2; .NET CLR 2.0.50727; .NET CLR 3.5.30729; .NET CLR 3.0.30729; Media Center PC 6.0; InfoPath.3; .NET4.0C; .NET4.0E)" 16062
192.168.12.77 - - [17/Feb/2013:07:43:21 +0600] "GET /pause/ajaxPause?pauseConfigId=&admin=0 HTTP/1.1" 200 1039 "http://callider/pause/index" "Mozilla/4.0 (compatible; MSIE 7.0; Windows NT 6.1; Trident/5.0; SLCC2; .NET CLR 2.0.50727; .NET CLR 3.5.30729; .NET CLR 3.0.30729; Media Center PC 6.0; Tablet PC 2.0; InfoPath.3; .NET4.0C; .NET4.0E; MS-RTC LM 8)" 13810
192.168.65.56 - - [17/Feb/2013:07:43:21 +0600] "GET /pause/ajaxPause?pauseConfigId=all&admin=1 HTTP/1.1" 200 1046 "http://192.168.65.101/pause/index" "Mozilla/5.0 (Windows NT 5.1; rv:15.0) Gecko/20100101 Firefox/15.0" 33894
192.168.12.61 - - [17/Feb/2013:07:43:22 +0600] "GET /pause/ajaxPause?pauseConfigId=&admin=0 HTTP/1.1" 200 986 "http://callider/pause/index" "Mozilla/4.0 (compatible; MSIE 7.0; Windows NT 6.1; Trident/5.0; SLCC2; .NET CLR 2.0.50727; .NET CLR 3.5.30729; .NET CLR 3.0.30729; Media Center PC 6.0; InfoPath.3; .NET4.0C; .NET4.0E)" 26754
192.168.74.78 - - [17/Feb/2013:07:43:24 +0600] "GET /pause/ajaxPause?pauseConfigId=&admin=0 HTTP/1.1" 200 986 "http://callider/pause/index" "Mozilla/4.0 (compatible; MSIE 7.0; Windows NT 6.1; WOW64; Trident/5.0; SLCC2; .NET CLR 2.0.50727; .NET CLR 3.5.30729; .NET CLR 3.0.30729; Media Center PC 6.0; InfoPath.3; .NET4.0C; MS-RTC LM 8; .NET4.0E)" 22004
192.168.12.60 - - [17/Feb/2013:07:43:24 +0600] "GET /pause/ajaxPause?pauseConfigId=&admin=0 HTTP/1.1" 200 986 "http://callider/pause/index" "Mozilla/4.0 (compatible; MSIE 8.0; Windows NT 6.1; Trident/4.0; InfoPath.3; .NET4.0C; MS-RTC LM 8; .NET4.0E)" 20998
192.168.12.204 - - [17/Feb/2013:07:43:24 +0600] "GET /pause/ajaxPause?pauseConfigId=&admin=0 HTTP/1.1" 200 986 "http://callider/pause/index" "Mozilla/4.0 (compatible; MSIE 7.0; Windows NT 6.1; WOW64; Trident/4.0; SLCC2; .NET CLR 2.0.50727; .NET CLR 3.5.30729; .NET CLR 3.0.30729; Media Center PC 6.0; InfoPath.3; .NET4.0C; .NET4.0E; .NET CLR 1.1.4322)" 18528
192.168.12.69 - - [17/Feb/2013:07:43:25 +0600] "GET /pause/ajaxPause?pauseConfigId=&admin=0 HTTP/1.1" 200 986 "http://callider/pause/index" "Mozilla/4.0 (compatible; MSIE 7.0; Windows NT 6.1; Trident/5.0; SLCC2; .NET CLR 2.0.50727; .NET CLR 3.5.30729; .NET CLR 3.0.30729; Media Center PC 6.0; InfoPath.3; .NET4.0C; .NET4.0E; Tablet PC 2.0; AskTbFXTV5/5.14.1.20007)" 19812
192.168.74.151 - - [17/Feb/2013:07:43:25 +0600] "GET /pause/ajaxPause?pauseConfigId=&admin=0 HTTP/1.1" 200 987 "http://callider.kontur/pause/index" "Mozilla/5.0 (Windows NT 6.1; WOW64; rv:18.0) Gecko/20100101 Firefox/18.0" 111988
192.168.74.91 - - [17/Feb/2013:07:43:25 +0600] "GET /pause/ajaxPause?pauseConfigId=&admin=0 HTTP/1.1" 200 986 "http://callider/pause/index" "Mozilla/4.0 (compatible; MSIE 7.0; Windows NT 6.1; WOW64; Trident/5.0; SLCC2; .NET CLR 2.0.50727; .NET CLR 3.5.30729; .NET CLR 3.0.30729; Media Center PC 6.0; InfoPath.3; .NET4.0C; MS-RTC LM 8; .NET4.0E)" 183244
192.168.12.210 - - [17/Feb/2013:07:43:25 +0600] "GET /pause/ajaxPause?pauseConfigId=all&admin=1 HTTP/1.1" 200 1047 "http://callider/pause/index" "Mozilla/4.0 (compatible; MSIE 7.0; Windows NT 6.1; WOW64; Trident/5.0; SLCC2; .NET CLR 2.0.50727; .NET CLR 3.5.30729; .NET CLR 3.0.30729; Media Center PC 6.0; InfoPath.3; .NET4.0C; .NET4.0E)" 50106
192.168.12.38 - - [17/Feb/2013:07:43:26 +0600] "GET /pause/ajaxPause?pauseConfigId=&admin=0 HTTP/1.1" 200 1040 "http://callider/pause/index" "Mozilla/4.0 (compatible; MSIE 7.0; Windows NT 6.1; WOW64; Trident/5.0; SLCC2; .NET CLR 2.0.50727; .NET CLR 3.5.30729; .NET CLR 3.0.30729; Media Center PC 6.0; InfoPath.3; .NET4.0C; .NET4.0E)" 14991
192.168.12.77 - - [17/Feb/2013:07:43:26 +0600] "GET /pause/ajaxPause?pauseConfigId=&admin=0 HTTP/1.1" 200 1039 "http://callider/pause/index" "Mozilla/4.0 (compatible; MSIE 7.0; Windows NT 6.1; Trident/5.0; SLCC2; .NET CLR 2.0.50727; .NET CLR 3.5.30729; .NET CLR 3.0.30729; Media Center PC 6.0; Tablet PC 2.0; InfoPath.3; .NET4.0C; .NET4.0E; MS-RTC LM 8)" 46430
192.168.65.56 - - [17/Feb/2013:07:43:26 +0600] "GET /pause/ajaxPause?pauseConfigId=all&admin=1 HTTP/1.1" 200 1046 "http://192.168.65.101/pause/index" "Mozilla/5.0 (Windows NT 5.1; rv:15.0) Gecko/20100101 Firefox/15.0" 31822
192.168.12.61 - - [17/Feb/2013:07:43:27 +0600] "GET /pause/ajaxPause?pauseConfigId=&admin=0 HTTP/1.1" 200 985 "http://callider/pause/index" "Mozilla/4.0 (compatible; MSIE 7.0; Windows NT 6.1; Trident/5.0; SLCC2; .NET CLR 2.0.50727; .NET CLR 3.5.30729; .NET CLR 3.0.30729; Media Center PC 6.0; InfoPath.3; .NET4.0C; .NET4.0E)" 20526
192.168.74.78 - - [17/Feb/2013:07:43:29 +0600] "GET /pause/ajaxPause?pauseConfigId=&admin=0 HTTP/1.1" 200 986 "http://callider/pause/index" "Mozilla/4.0 (compatible; MSIE 7.0; Windows NT 6.1; WOW64; Trident/5.0; SLCC2; .NET CLR 2.0.50727; .NET CLR 3.5.30729; .NET CLR 3.0.30729; Media Center PC 6.0; InfoPath.3; .NET4.0C; MS-RTC LM 8; .NET4.0E)" 20087
192.168.12.60 - - [17/Feb/2013:07:43:29 +0600] "GET /pause/ajaxPause?pauseConfigId=&admin=0 HTTP/1.1" 200 986 "http://callider/pause/index" "Mozilla/4.0 (compatible; MSIE 8.0; Windows NT 6.1; Trident/4.0; InfoPath.3; .NET4.0C; MS-RTC LM 8; .NET4.0E)" 18752
192.168.12.204 - - [17/Feb/2013:07:43:29 +0600] "GET /pause/ajaxPause?pauseConfigId=&admin=0 HTTP/1.1" 200 986 "http://callider/pause/index" "Mozilla/4.0 (compatible; MSIE 7.0; Windows NT 6.1; WOW64; Trident/4.0; SLCC2; .NET CLR 2.0.50727; .NET CLR 3.5.30729; .NET CLR 3.0.30729; Media Center PC 6.0; InfoPath.3; .NET4.0C; .NET4.0E; .NET CLR 1.1.4322)" 18793
192.168.12.69 - - [17/Feb/2013:07:43:30 +0600] "GET /pause/ajaxPause?pauseConfigId=&admin=0 HTTP/1.1" 200 986 "http://callider/pause/index" "Mozilla/4.0 (compatible; MSIE 7.0; Windows NT 6.1; Trident/5.0; SLCC2; .NET CLR 2.0.50727; .NET CLR 3.5.30729; .NET CLR 3.0.30729; Media Center PC 6.0; InfoPath.3; .NET4.0C; .NET4.0E; Tablet PC 2.0; AskTbFXTV5/5.14.1.20007)" 17887
192.168.74.91 - - [17/Feb/2013:07:43:30 +0600] "GET /pause/ajaxPause?pauseConfigId=&admin=0 HTTP/1.1" 200 986 "http://callider/pause/index" "Mozilla/4.0 (compatible; MSIE 7.0; Windows NT 6.1; WOW64; Trident/5.0; SLCC2; .NET CLR 2.0.50727; .NET CLR 3.5.30729; .NET CLR 3.0.30729; Media Center PC 6.0; InfoPath.3; .NET4.0C; MS-RTC LM 8; .NET4.0E)" 20423
192.168.74.151 - - [17/Feb/2013:07:43:30 +0600] "GET /pause/ajaxPause?pauseConfigId=&admin=0 HTTP/1.1" 200 987 "http://callider.kontur/pause/index" "Mozilla/5.0 (Windows NT 6.1; WOW64; rv:18.0) Gecko/20100101 Firefox/18.0" 19450
192.168.12.210 - - [17/Feb/2013:07:43:30 +0600] "GET /pause/ajaxPause?pauseConfigId=all&admin=1 HTTP/1.1" 200 1047 "http://callider/pause/index" "Mozilla/4.0 (compatible; MSIE 7.0; Windows NT 6.1; WOW64; Trident/5.0; SLCC2; .NET CLR 2.0.50727; .NET CLR 3.5.30729; .NET CLR 3.0.30729; Media Center PC 6.0; InfoPath.3; .NET4.0C; .NET4.0E)" 20314
192.168.12.38 - - [17/Feb/2013:07:43:31 +0600] "GET /pause/ajaxPause?pauseConfigId=&admin=0 HTTP/1.1" 200 1040 "http://callider/pause/index" "Mozilla/4.0 (compatible; MSIE 7.0; Windows NT 6.1; WOW64; Trident/5.0; SLCC2; .NET CLR 2.0.50727; .NET CLR 3.5.30729; .NET CLR 3.0.30729; Media Center PC 6.0; InfoPath.3; .NET4.0C; .NET4.0E)" 16509
192.168.12.77 - - [17/Feb/2013:07:43:31 +0600] "GET /pause/ajaxPause?pauseConfigId=&admin=0 HTTP/1.1" 200 1039 "http://callider/pause/index" "Mozilla/4.0 (compatible; MSIE 7.0; Windows NT 6.1; Trident/5.0; SLCC2; .NET CLR 2.0.50727; .NET CLR 3.5.30729; .NET CLR 3.0.30729; Media Center PC 6.0; Tablet PC 2.0; InfoPath.3; .NET4.0C; .NET4.0E; MS-RTC LM 8)" 13916
192.168.65.56 - - [17/Feb/2013:07:43:31 +0600] "GET /pause/ajaxPause?pauseConfigId=all&admin=1 HTTP/1.1" 200 1046 "http://192.168.65.101/pause/index" "Mozilla/5.0 (Windows NT 5.1; rv:15.0) Gecko/20100101 Firefox/15.0" 37242
192.168.12.61 - - [17/Feb/2013:07:43:32 +0600] "GET /pause/ajaxPause?pauseConfigId=&admin=0 HTTP/1.1" 200 986 "http://callider/pause/index" "Mozilla/4.0 (compatible; MSIE 7.0; Windows NT 6.1; Trident/5.0; SLCC2; .NET CLR 2.0.50727; .NET CLR 3.5.30729; .NET CLR 3.0.30729; Media Center PC 6.0; InfoPath.3; .NET4.0C; .NET4.0E)" 28045
192.168.74.78 - - [17/Feb/2013:07:43:34 +0600] "GET /pause/ajaxPause?pauseConfigId=&admin=0 HTTP/1.1" 200 986 "http://callider/pause/index" "Mozilla/4.0 (compatible; MSIE 7.0; Windows NT 6.1; WOW64; Trident/5.0; SLCC2; .NET CLR 2.0.50727; .NET CLR 3.5.30729; .NET CLR 3.0.30729; Media Center PC 6.0; InfoPath.3; .NET4.0C; MS-RTC LM 8; .NET4.0E)" 20950
192.168.12.60 - - [17/Feb/2013:07:43:34 +0600] "GET /pause/ajaxPause?pauseConfigId=&admin=0 HTTP/1.1" 200 986 "http://callider/pause/index" "Mozilla/4.0 (compatible; MSIE 8.0; Windows NT 6.1; Trident/4.0; InfoPath.3; .NET4.0C; MS-RTC LM 8; .NET4.0E)" 23327
192.168.12.67 - - [17/Feb/2013:07:43:34 +0600] "GET /tv/useUser HTTP/1.1" 200 432 "http://callider/graph/personal" "Mozilla/4.0 (compatible; MSIE 7.0; Windows NT 6.1; Trident/5.0; SLCC2; .NET CLR 2.0.50727; .NET CLR 3.5.30729; .NET CLR 3.0.30729; Media Center PC 6.0; .NET4.0C; .NET4.0E; InfoPath.3; Tablet PC 2.0; MS-RTC LM 8)" 29812
192.168.12.204 - - [17/Feb/2013:07:43:34 +0600] "GET /pause/ajaxPause?pauseConfigId=&admin=0 HTTP/1.1" 200 986 "http://callider/pause/index" "Mozilla/4.0 (compatible; MSIE 7.0; Windows NT 6.1; WOW64; Trident/4.0; SLCC2; .NET CLR 2.0.50727; .NET CLR 3.5.30729; .NET CLR 3.0.30729; Media Center PC 6.0; InfoPath.3; .NET4.0C; .NET4.0E; .NET CLR 1.1.4322)" 44479
192.168.12.69 - - [17/Feb/2013:07:43:35 +0600] "GET /pause/ajaxPause?pauseConfigId=&admin=0 HTTP/1.1" 200 986 "http://callider/pause/index" "Mozilla/4.0 (compatible; MSIE 7.0; Windows NT 6.1; Trident/5.0; SLCC2; .NET CLR 2.0.50727; .NET CLR 3.5.30729; .NET CLR 3.0.30729; Media Center PC 6.0; InfoPath.3; .NET4.0C; .NET4.0E; Tablet PC 2.0; AskTbFXTV5/5.14.1.20007)" 25333
192.168.74.91 - - [17/Feb/2013:07:43:35 +0600] "GET /pause/ajaxPause?pauseConfigId=&admin=0 HTTP/1.1" 200 986 "http://callider/pause/index" "Mozilla/4.0 (compatible; MSIE 7.0; Windows NT 6.1; WOW64; Trident/5.0; SLCC2; .NET CLR 2.0.50727; .NET CLR 3.5.30729; .NET CLR 3.0.30729; Media Center PC 6.0; InfoPath.3; .NET4.0C; MS-RTC LM 8; .NET4.0E)" 215165
192.168.74.151 - - [17/Feb/2013:07:43:35 +0600] "GET /pause/ajaxPause?pauseConfigId=&admin=0 HTTP/1.1" 200 987 "http://callider.kontur/pause/index" "Mozilla/5.0 (Windows NT 6.1; WOW64; rv:18.0) Gecko/20100101 Firefox/18.0" 156436
192.168.12.210 - - [17/Feb/2013:07:43:35 +0600] "GET /pause/ajaxPause?pauseConfigId=all&admin=1 HTTP/1.1" 200 1047 "http://callider/pause/index" "Mozilla/4.0 (compatible; MSIE 7.0; Windows NT 6.1; WOW64; Trident/5.0; SLCC2; .NET CLR 2.0.50727; .NET CLR 3.5.30729; .NET CLR 3.0.30729; Media Center PC 6.0; InfoPath.3; .NET4.0C; .NET4.0E)" 92412
192.168.12.38 - - [17/Feb/2013:07:43:36 +0600] "GET /pause/ajaxPause?pauseConfigId=&admin=0 HTTP/1.1" 200 1040 "http://callider/pause/index" "Mozilla/4.0 (compatible; MSIE 7.0; Windows NT 6.1; WOW64; Trident/5.0; SLCC2; .NET CLR 2.0.50727; .NET CLR 3.5.30729; .NET CLR 3.0.30729; Media Center PC 6.0; InfoPath.3; .NET4.0C; .NET4.0E)" 22862
192.168.12.77 - - [17/Feb/2013:07:43:36 +0600] "GET /pause/ajaxPause?pauseConfigId=&admin=0 HTTP/1.1" 200 1039 "http://callider/pause/index" "Mozilla/4.0 (compatible; MSIE 7.0; Windows NT 6.1; Trident/5.0; SLCC2; .NET CLR 2.0.50727; .NET CLR 3.5.30729; .NET CLR 3.0.30729; Media Center PC 6.0; Tablet PC 2.0; InfoPath.3; .NET4.0C; .NET4.0E; MS-RTC LM 8)" 15050
192.168.65.56 - - [17/Feb/2013:07:43:36 +0600] "GET /pause/ajaxPause?pauseConfigId=all&admin=1 HTTP/1.1" 200 1046 "http://192.168.65.101/pause/index" "Mozilla/5.0 (Windows NT 5.1; rv:15.0) Gecko/20100101 Firefox/15.0" 32616
192.168.12.61 - - [17/Feb/2013:07:43:37 +0600] "GET /pause/ajaxPause?pauseConfigId=&admin=0 HTTP/1.1" 200 985 "http://callider/pause/index" "Mozilla/4.0 (compatible; MSIE 7.0; Windows NT 6.1; Trident/5.0; SLCC2; .NET CLR 2.0.50727; .NET CLR 3.5.30729; .NET CLR 3.0.30729; Media Center PC 6.0; InfoPath.3; .NET4.0C; .NET4.0E)" 22954
192.168.74.93 - - [17/Feb/2013:07:43:37 +0600] "GET /tv/useUser HTTP/1.1" 200 432 "http://callider/graph/personal" "Mozilla/4.0 (compatible; MSIE 7.0; Windows NT 6.1; WOW64; Trident/5.0; SLCC2; .NET CLR 2.0.50727; .NET CLR 3.5.30729; .NET CLR 3.0.30729; Media Center PC 6.0; InfoPath.3; .NET4.0C; .NET4.0E)" 18644
192.168.74.78 - - [17/Feb/2013:07:43:39 +0600] "GET /pause/ajaxPause?pauseConfigId=&admin=0 HTTP/1.1" 200 986 "http://callider/pause/index" "Mozilla/4.0 (compatible; MSIE 7.0; Windows NT 6.1; WOW64; Trident/5.0; SLCC2; .NET CLR 2.0.50727; .NET CLR 3.5.30729; .NET CLR 3.0.30729; Media Center PC 6.0; InfoPath.3; .NET4.0C; MS-RTC LM 8; .NET4.0E)" 19597
192.168.12.60 - - [17/Feb/2013:07:43:39 +0600] "GET /pause/ajaxPause?pauseConfigId=&admin=0 HTTP/1.1" 200 986 "http://callider/pause/index" "Mozilla/4.0 (compatible; MSIE 8.0; Windows NT 6.1; Trident/4.0; InfoPath.3; .NET4.0C; MS-RTC LM 8; .NET4.0E)" 18911
192.168.12.210 - - [17/Feb/2013:07:43:39 +0600] "GET /tv/useUser HTTP/1.1" 200 431 "http://callider/graph/general" "Mozilla/4.0 (compatible; MSIE 7.0; Windows NT 6.1; WOW64; Trident/5.0; SLCC2; .NET CLR 2.0.50727; .NET CLR 3.5.30729; .NET CLR 3.0.30729; Media Center PC 6.0; InfoPath.3; .NET4.0C; .NET4.0E)" 9896
192.168.12.204 - - [17/Feb/2013:07:43:39 +0600] "GET /pause/ajaxPause?pauseConfigId=&admin=0 HTTP/1.1" 200 986 "http://callider/pause/index" "Mozilla/4.0 (compatible; MSIE 7.0; Windows NT 6.1; WOW64; Trident/4.0; SLCC2; .NET CLR 2.0.50727; .NET CLR 3.5.30729; .NET CLR 3.0.30729; Media Center PC 6.0; InfoPath.3; .NET4.0C; .NET4.0E; .NET CLR 1.1.4322)" 19936
192.168.12.69 - - [17/Feb/2013:07:43:40 +0600] "GET /pause/ajaxPause?pauseConfigId=&admin=0 HTTP/1.1" 200 986 "http://callider/pause/index" "Mozilla/4.0 (compatible; MSIE 7.0; Windows NT 6.1; Trident/5.0; SLCC2; .NET CLR 2.0.50727; .NET CLR 3.5.30729; .NET CLR 3.0.30729; Media Center PC 6.0; InfoPath.3; .NET4.0C; .NET4.0E; Tablet PC 2.0; AskTbFXTV5/5.14.1.20007)" 19281
192.168.74.91 - - [17/Feb/2013:07:43:40 +0600] "GET /pause/ajaxPause?pauseConfigId=&admin=0 HTTP/1.1" 200 986 "http://callider/pause/index" "Mozilla/4.0 (compatible; MSIE 7.0; Windows NT 6.1; WOW64; Trident/5.0; SLCC2; .NET CLR 2.0.50727; .NET CLR 3.5.30729; .NET CLR 3.0.30729; Media Center PC 6.0; InfoPath.3; .NET4.0C; MS-RTC LM 8; .NET4.0E)" 20071
192.168.74.151 - - [17/Feb/2013:07:43:40 +0600] "GET /pause/ajaxPause?pauseConfigId=&admin=0 HTTP/1.1" 200 987 "http://callider.kontur/pause/index" "Mozilla/5.0 (Windows NT 6.1; WOW64; rv:18.0) Gecko/20100101 Firefox/18.0" 20503
192.168.12.210 - - [17/Feb/2013:07:43:40 +0600] "GET /pause/ajaxPause?pauseConfigId=all&admin=1 HTTP/1.1" 200 1047 "http://callider/pause/index" "Mozilla/4.0 (compatible; MSIE 7.0; Windows NT 6.1; WOW64; Trident/5.0; SLCC2; .NET CLR 2.0.50727; .NET CLR 3.5.30729; .NET CLR 3.0.30729; Media Center PC 6.0; InfoPath.3; .NET4.0C; .NET4.0E)" 20428
192.168.12.9 - - [17/Feb/2013:07:43:40 +0600] "GET /tv/useUser HTTP/1.1" 200 432 "http://callider.kontur/site/index" "Mozilla/5.0 (Windows NT 6.1; WOW64) AppleWebKit/537.17 (KHTML, like Gecko) Chrome/24.0.1312.57 Safari/537.17" 15684
192.168.12.38 - - [17/Feb/2013:07:43:41 +0600] "GET /pause/ajaxPause?pauseConfigId=&admin=0 HTTP/1.1" 200 1040 "http://callider/pause/index" "Mozilla/4.0 (compatible; MSIE 7.0; Windows NT 6.1; WOW64; Trident/5.0; SLCC2; .NET CLR 2.0.50727; .NET CLR 3.5.30729; .NET CLR 3.0.30729; Media Center PC 6.0; InfoPath.3; .NET4.0C; .NET4.0E)" 16251
192.168.12.77 - - [17/Feb/2013:07:43:41 +0600] "GET /pause/ajaxPause?pauseConfigId=&admin=0 HTTP/1.1" 200 1039 "http://callider/pause/index" "Mozilla/4.0 (compatible; MSIE 7.0; Windows NT 6.1; Trident/5.0; SLCC2; .NET CLR 2.0.50727; .NET CLR 3.5.30729; .NET CLR 3.0.30729; Media Center PC 6.0; Tablet PC 2.0; InfoPath.3; .NET4.0C; .NET4.0E; MS-RTC LM 8)" 16597
192.168.65.56 - - [17/Feb/2013:07:43:41 +0600] "GET /pause/ajaxPause?pauseConfigId=all&admin=1 HTTP/1.1" 200 1046 "http://192.168.65.101/pause/index" "Mozilla/5.0 (Windows NT 5.1; rv:15.0) Gecko/20100101 Firefox/15.0" 32212
192.168.12.61 - - [17/Feb/2013:07:43:42 +0600] "GET /pause/ajaxPause?pauseConfigId=&admin=0 HTTP/1.1" 200 985 "http://callider/pause/index" "Mozilla/4.0 (compatible; MSIE 7.0; Windows NT 6.1; Trident/5.0; SLCC2; .NET CLR 2.0.50727; .NET CLR 3.5.30729; .NET CLR 3.0.30729; Media Center PC 6.0; InfoPath.3; .NET4.0C; .NET4.0E)" 20936
192.168.12.60 - - [17/Feb/2013:07:43:44 +0600] "GET /pause/ajaxPause?pauseConfigId=&admin=0 HTTP/1.1" 200 986 "http://callider/pause/index" "Mozilla/4.0 (compatible; MSIE 8.0; Windows NT 6.1; Trident/4.0; InfoPath.3; .NET4.0C; MS-RTC LM 8; .NET4.0E)" 187752
192.168.74.78 - - [17/Feb/2013:07:43:44 +0600] "GET /pause/ajaxPause?pauseConfigId=&admin=0 HTTP/1.1" 200 986 "http://callider/pause/index" "Mozilla/4.0 (compatible; MSIE 7.0; Windows NT 6.1; WOW64; Trident/5.0; SLCC2; .NET CLR 2.0.50727; .NET CLR 3.5.30729; .NET CLR 3.0.30729; Media Center PC 6.0; InfoPath.3; .NET4.0C; MS-RTC LM 8; .NET4.0E)" 232209
192.168.12.204 - - [17/Feb/2013:07:43:44 +0600] "GET /pause/ajaxPause?pauseConfigId=&admin=0 HTTP/1.1" 200 986 "http://callider/pause/index" "Mozilla/4.0 (compatible; MSIE 7.0; Windows NT 6.1; WOW64; Trident/4.0; SLCC2; .NET CLR 2.0.50727; .NET CLR 3.5.30729; .NET CLR 3.0.30729; Media Center PC 6.0; InfoPath.3; .NET4.0C; .NET4.0E; .NET CLR 1.1.4322)" 134082
192.168.12.69 - - [17/Feb/2013:07:43:45 +0600] "GET /pause/ajaxPause?pauseConfigId=&admin=0 HTTP/1.1" 200 986 "http://callider/pause/index" "Mozilla/4.0 (compatible; MSIE 7.0; Windows NT 6.1; Trident/5.0; SLCC2; .NET CLR 2.0.50727; .NET CLR 3.5.30729; .NET CLR 3.0.30729; Media Center PC 6.0; InfoPath.3; .NET4.0C; .NET4.0E; Tablet PC 2.0; AskTbFXTV5/5.14.1.20007)" 21449
192.168.74.91 - - [17/Feb/2013:07:43:45 +0600] "GET /pause/ajaxPause?pauseConfigId=&admin=0 HTTP/1.1" 200 986 "http://callider/pause/index" "Mozilla/4.0 (compatible; MSIE 7.0; Windows NT 6.1; WOW64; Trident/5.0; SLCC2; .NET CLR 2.0.50727; .NET CLR 3.5.30729; .NET CLR 3.0.30729; Media Center PC 6.0; InfoPath.3; .NET4.0C; MS-RTC LM 8; .NET4.0E)" 19277
192.168.74.151 - - [17/Feb/2013:07:43:45 +0600] "GET /pause/ajaxPause?pauseConfigId=&admin=0 HTTP/1.1" 200 987 "http://callider.kontur/pause/index" "Mozilla/5.0 (Windows NT 6.1; WOW64; rv:18.0) Gecko/20100101 Firefox/18.0" 17388
192.168.12.210 - - [17/Feb/2013:07:43:45 +0600] "GET /pause/ajaxPause?pauseConfigId=all&admin=1 HTTP/1.1" 200 1047 "http://callider/pause/index" "Mozilla/4.0 (compatible; MSIE 7.0; Windows NT 6.1; WOW64; Trident/5.0; SLCC2; .NET CLR 2.0.50727; .NET CLR 3.5.30729; .NET CLR 3.0.30729; Media Center PC 6.0; InfoPath.3; .NET4.0C; .NET4.0E)" 20569
192.168.12.38 - - [17/Feb/2013:07:43:46 +0600] "GET /pause/ajaxPause?pauseConfigId=&admin=0 HTTP/1.1" 200 1040 "http://callider/pause/index" "Mozilla/4.0 (compatible; MSIE 7.0; Windows NT 6.1; WOW64; Trident/5.0; SLCC2; .NET CLR 2.0.50727; .NET CLR 3.5.30729; .NET CLR 3.0.30729; Media Center PC 6.0; InfoPath.3; .NET4.0C; .NET4.0E)" 15295
192.168.12.77 - - [17/Feb/2013:07:43:46 +0600] "GET /pause/ajaxPause?pauseConfigId=&admin=0 HTTP/1.1" 200 1039 "http://callider/pause/index" "Mozilla/4.0 (compatible; MSIE 7.0; Windows NT 6.1; Trident/5.0; SLCC2; .NET CLR 2.0.50727; .NET CLR 3.5.30729; .NET CLR 3.0.30729; Media Center PC 6.0; Tablet PC 2.0; InfoPath.3; .NET4.0C; .NET4.0E; MS-RTC LM 8)" 12227
192.168.65.56 - - [17/Feb/2013:07:43:46 +0600] "GET /pause/ajaxPause?pauseConfigId=all&admin=1 HTTP/1.1" 200 1046 "http://192.168.65.101/pause/index" "Mozilla/5.0 (Windows NT 5.1; rv:15.0) Gecko/20100101 Firefox/15.0" 33165
192.168.12.61 - - [17/Feb/2013:07:43:47 +0600] "GET /pause/ajaxPause?pauseConfigId=&admin=0 HTTP/1.1" 200 986 "http://callider/pause/index" "Mozilla/4.0 (compatible; MSIE 7.0; Windows NT 6.1; Trident/5.0; SLCC2; .NET CLR 2.0.50727; .NET CLR 3.5.30729; .NET CLR 3.0.30729; Media Center PC 6.0; InfoPath.3; .NET4.0C; .NET4.0E)" 303667
192.168.12.210 - - [17/Feb/2013:07:43:49 +0600] "GET /tv/useUser HTTP/1.1" 200 431 "http://callider/pause/index" "Mozilla/4.0 (compatible; MSIE 7.0; Windows NT 6.1; WOW64; Trident/5.0; SLCC2; .NET CLR 2.0.50727; .NET CLR 3.5.30729; .NET CLR 3.0.30729; Media Center PC 6.0; InfoPath.3; .NET4.0C; .NET4.0E)" 9436
192.168.74.78 - - [17/Feb/2013:07:43:49 +0600] "GET /pause/ajaxPause?pauseConfigId=&admin=0 HTTP/1.1" 200 986 "http://callider/pause/index" "Mozilla/4.0 (compatible; MSIE 7.0; Windows NT 6.1; WOW64; Trident/5.0; SLCC2; .NET CLR 2.0.50727; .NET CLR 3.5.30729; .NET CLR 3.0.30729; Media Center PC 6.0; InfoPath.3; .NET4.0C; MS-RTC LM 8; .NET4.0E)" 18020
192.168.12.60 - - [17/Feb/2013:07:43:49 +0600] "GET /pause/ajaxPause?pauseConfigId=&admin=0 HTTP/1.1" 200 986 "http://callider/pause/index" "Mozilla/4.0 (compatible; MSIE 8.0; Windows NT 6.1; Trident/4.0; InfoPath.3; .NET4.0C; MS-RTC LM 8; .NET4.0E)" 19471
192.168.12.204 - - [17/Feb/2013:07:43:49 +0600] "GET /pause/ajaxPause?pauseConfigId=&admin=0 HTTP/1.1" 200 986 "http://callider/pause/index" "Mozilla/4.0 (compatible; MSIE 7.0; Windows NT 6.1; WOW64; Trident/4.0; SLCC2; .NET CLR 2.0.50727; .NET CLR 3.5.30729; .NET CLR 3.0.30729; Media Center PC 6.0; InfoPath.3; .NET4.0C; .NET4.0E; .NET CLR 1.1.4322)" 21380
192.168.12.69 - - [17/Feb/2013:07:43:50 +0600] "GET /pause/ajaxPause?pauseConfigId=&admin=0 HTTP/1.1" 200 986 "http://callider/pause/index" "Mozilla/4.0 (compatible; MSIE 7.0; Windows NT 6.1; Trident/5.0; SLCC2; .NET CLR 2.0.50727; .NET CLR 3.5.30729; .NET CLR 3.0.30729; Media Center PC 6.0; InfoPath.3; .NET4.0C; .NET4.0E; Tablet PC 2.0; AskTbFXTV5/5.14.1.20007)" 17826
192.168.74.91 - - [17/Feb/2013:07:43:50 +0600] "GET /pause/ajaxPause?pauseConfigId=&admin=0 HTTP/1.1" 200 986 "http://callider/pause/index" "Mozilla/4.0 (compatible; MSIE 7.0; Windows NT 6.1; WOW64; Trident/5.0; SLCC2; .NET CLR 2.0.50727; .NET CLR 3.5.30729; .NET CLR 3.0.30729; Media Center PC 6.0; InfoPath.3; .NET4.0C; MS-RTC LM 8; .NET4.0E)" 17434
192.168.74.151 - - [17/Feb/2013:07:43:50 +0600] "GET /pause/ajaxPause?pauseConfigId=&admin=0 HTTP/1.1" 200 987 "http://callider.kontur/pause/index" "Mozilla/5.0 (Windows NT 6.1; WOW64; rv:18.0) Gecko/20100101 Firefox/18.0" 21589
192.168.12.210 - - [17/Feb/2013:07:43:50 +0600] "GET /pause/ajaxPause?pauseConfigId=all&admin=1 HTTP/1.1" 200 1047 "http://callider/pause/index" "Mozilla/4.0 (compatible; MSIE 7.0; Windows NT 6.1; WOW64; Trident/5.0; SLCC2; .NET CLR 2.0.50727; .NET CLR 3.5.30729; .NET CLR 3.0.30729; Media Center PC 6.0; InfoPath.3; .NET4.0C; .NET4.0E)" 20576
192.168.12.38 - - [17/Feb/2013:07:43:51 +0600] "GET /pause/ajaxPause?pauseConfigId=&admin=0 HTTP/1.1" 200 1040 "http://callider/pause/index" "Mozilla/4.0 (compatible; MSIE 7.0; Windows NT 6.1; WOW64; Trident/5.0; SLCC2; .NET CLR 2.0.50727; .NET CLR 3.5.30729; .NET CLR 3.0.30729; Media Center PC 6.0; InfoPath.3; .NET4.0C; .NET4.0E)" 20014
192.168.12.77 - - [17/Feb/2013:07:43:51 +0600] "GET /pause/ajaxPause?pauseConfigId=&admin=0 HTTP/1.1" 200 1039 "http://callider/pause/index" "Mozilla/4.0 (compatible; MSIE 7.0; Windows NT 6.1; Trident/5.0; SLCC2; .NET CLR 2.0.50727; .NET CLR 3.5.30729; .NET CLR 3.0.30729; Media Center PC 6.0; Tablet PC 2.0; InfoPath.3; .NET4.0C; .NET4.0E; MS-RTC LM 8)" 13128
192.168.65.56 - - [17/Feb/2013:07:43:51 +0600] "GET /pause/ajaxPause?pauseConfigId=all&admin=1 HTTP/1.1" 200 1046 "http://192.168.65.101/pause/index" "Mozilla/5.0 (Windows NT 5.1; rv:15.0) Gecko/20100101 Firefox/15.0" 33707
192.168.65.56 - - [17/Feb/2013:07:43:51 +0600] "GET /tv/useUser HTTP/1.1" 200 431 "http://192.168.65.101/pause/index" "Mozilla/5.0 (Windows NT 5.1; rv:15.0) Gecko/20100101 Firefox/15.0" 12483
192.168.12.61 - - [17/Feb/2013:07:43:52 +0600] "GET /pause/ajaxPause?pauseConfigId=&admin=0 HTTP/1.1" 200 985 "http://callider/pause/index" "Mozilla/4.0 (compatible; MSIE 7.0; Windows NT 6.1; Trident/5.0; SLCC2; .NET CLR 2.0.50727; .NET CLR 3.5.30729; .NET CLR 3.0.30729; Media Center PC 6.0; InfoPath.3; .NET4.0C; .NET4.0E)" 18811
192.168.74.78 - - [17/Feb/2013:07:43:54 +0600] "GET /pause/ajaxPause?pauseConfigId=&admin=0 HTTP/1.1" 200 986 "http://callider/pause/index" "Mozilla/4.0 (compatible; MSIE 7.0; Windows NT 6.1; WOW64; Trident/5.0; SLCC2; .NET CLR 2.0.50727; .NET CLR 3.5.30729; .NET CLR 3.0.30729; Media Center PC 6.0; InfoPath.3; .NET4.0C; MS-RTC LM 8; .NET4.0E)" 20052
192.168.12.60 - - [17/Feb/2013:07:43:54 +0600] "GET /pause/ajaxPause?pauseConfigId=&admin=0 HTTP/1.1" 200 986 "http://callider/pause/index" "Mozilla/4.0 (compatible; MSIE 8.0; Windows NT 6.1; Trident/4.0; InfoPath.3; .NET4.0C; MS-RTC LM 8; .NET4.0E)" 18629
192.168.12.204 - - [17/Feb/2013:07:43:54 +0600] "GET /pause/ajaxPause?pauseConfigId=&admin=0 HTTP/1.1" 200 986 "http://callider/pause/index" "Mozilla/4.0 (compatible; MSIE 7.0; Windows NT 6.1; WOW64; Trident/4.0; SLCC2; .NET CLR 2.0.50727; .NET CLR 3.5.30729; .NET CLR 3.0.30729; Media Center PC 6.0; InfoPath.3; .NET4.0C; .NET4.0E; .NET CLR 1.1.4322)" 17994
192.168.12.69 - - [17/Feb/2013:07:43:55 +0600] "GET /pause/ajaxPause?pauseConfigId=&admin=0 HTTP/1.1" 200 986 "http://callider/pause/index" "Mozilla/4.0 (compatible; MSIE 7.0; Windows NT 6.1; Trident/5.0; SLCC2; .NET CLR 2.0.50727; .NET CLR 3.5.30729; .NET CLR 3.0.30729; Media Center PC 6.0; InfoPath.3; .NET4.0C; .NET4.0E; Tablet PC 2.0; AskTbFXTV5/5.14.1.20007)" 19640
192.168.74.91 - - [17/Feb/2013:07:43:55 +0600] "GET /pause/ajaxPause?pauseConfigId=&admin=0 HTTP/1.1" 200 986 "http://callider/pause/index" "Mozilla/4.0 (compatible; MSIE 7.0; Windows NT 6.1; WOW64; Trident/5.0; SLCC2; .NET CLR 2.0.50727; .NET CLR 3.5.30729; .NET CLR 3.0.30729; Media Center PC 6.0; InfoPath.3; .NET4.0C; MS-RTC LM 8; .NET4.0E)" 19369
192.168.74.151 - - [17/Feb/2013:07:43:55 +0600] "GET /pause/ajaxPause?pauseConfigId=&admin=0 HTTP/1.1" 200 987 "http://callider.kontur/pause/index" "Mozilla/5.0 (Windows NT 6.1; WOW64; rv:18.0) Gecko/20100101 Firefox/18.0" 360435
192.168.12.210 - - [17/Feb/2013:07:43:55 +0600] "GET /pause/ajaxPause?pauseConfigId=all&admin=1 HTTP/1.1" 200 1047 "http://callider/pause/index" "Mozilla/4.0 (compatible; MSIE 7.0; Windows NT 6.1; WOW64; Trident/5.0; SLCC2; .NET CLR 2.0.50727; .NET CLR 3.5.30729; .NET CLR 3.0.30729; Media Center PC 6.0; InfoPath.3; .NET4.0C; .NET4.0E)" 293324
192.168.12.38 - - [17/Feb/2013:07:43:56 +0600] "GET /pause/ajaxPause?pauseConfigId=&admin=0 HTTP/1.1" 200 1040 "http://callider/pause/index" "Mozilla/4.0 (compatible; MSIE 7.0; Windows NT 6.1; WOW64; Trident/5.0; SLCC2; .NET CLR 2.0.50727; .NET CLR 3.5.30729; .NET CLR 3.0.30729; Media Center PC 6.0; InfoPath.3; .NET4.0C; .NET4.0E)" 15168
192.168.12.77 - - [17/Feb/2013:07:43:56 +0600] "GET /pause/ajaxPause?pauseConfigId=&admin=0 HTTP/1.1" 200 1039 "http://callider/pause/index" "Mozilla/4.0 (compatible; MSIE 7.0; Windows NT 6.1; Trident/5.0; SLCC2; .NET CLR 2.0.50727; .NET CLR 3.5.30729; .NET CLR 3.0.30729; Media Center PC 6.0; Tablet PC 2.0; InfoPath.3; .NET4.0C; .NET4.0E; MS-RTC LM 8)" 15298
192.168.65.56 - - [17/Feb/2013:07:43:56 +0600] "GET /pause/ajaxPause?pauseConfigId=all&admin=1 HTTP/1.1" 200 1046 "http://192.168.65.101/pause/index" "Mozilla/5.0 (Windows NT 5.1; rv:15.0) Gecko/20100101 Firefox/15.0" 36542
192.168.12.61 - - [17/Feb/2013:07:43:57 +0600] "GET /pause/ajaxPause?pauseConfigId=&admin=0 HTTP/1.1" 200 985 "http://callider/pause/index" "Mozilla/4.0 (compatible; MSIE 7.0; Windows NT 6.1; Trident/5.0; SLCC2; .NET CLR 2.0.50727; .NET CLR 3.5.30729; .NET CLR 3.0.30729; Media Center PC 6.0; InfoPath.3; .NET4.0C; .NET4.0E)" 17190
192.168.74.78 - - [17/Feb/2013:07:43:59 +0600] "GET /pause/ajaxPause?pauseConfigId=&admin=0 HTTP/1.1" 200 986 "http://callider/pause/index" "Mozilla/4.0 (compatible; MSIE 7.0; Windows NT 6.1; WOW64; Trident/5.0; SLCC2; .NET CLR 2.0.50727; .NET CLR 3.5.30729; .NET CLR 3.0.30729; Media Center PC 6.0; InfoPath.3; .NET4.0C; MS-RTC LM 8; .NET4.0E)" 24454
192.168.12.60 - - [17/Feb/2013:07:43:59 +0600] "GET /pause/ajaxPause?pauseConfigId=&admin=0 HTTP/1.1" 200 986 "http://callider/pause/index" "Mozilla/4.0 (compatible; MSIE 8.0; Windows NT 6.1; Trident/4.0; InfoPath.3; .NET4.0C; MS-RTC LM 8; .NET4.0E)" 19585
192.168.12.204 - - [17/Feb/2013:07:43:59 +0600] "GET /pause/ajaxPause?pauseConfigId=&admin=0 HTTP/1.1" 200 986 "http://callider/pause/index" "Mozilla/4.0 (compatible; MSIE 7.0; Windows NT 6.1; WOW64; Trident/4.0; SLCC2; .NET CLR 2.0.50727; .NET CLR 3.5.30729; .NET CLR 3.0.30729; Media Center PC 6.0; InfoPath.3; .NET4.0C; .NET4.0E; .NET CLR 1.1.4322)" 19367
192.168.12.69 - - [17/Feb/2013:07:44:00 +0600] "GET /pause/ajaxPause?pauseConfigId=&admin=0 HTTP/1.1" 200 986 "http://callider/pause/index" "Mozilla/4.0 (compatible; MSIE 7.0; Windows NT 6.1; Trident/5.0; SLCC2; .NET CLR 2.0.50727; .NET CLR 3.5.30729; .NET CLR 3.0.30729; Media Center PC 6.0; InfoPath.3; .NET4.0C; .NET4.0E; Tablet PC 2.0; AskTbFXTV5/5.14.1.20007)" 19241
192.168.74.91 - - [17/Feb/2013:07:44:00 +0600] "GET /pause/ajaxPause?pauseConfigId=&admin=0 HTTP/1.1" 200 986 "http://callider/pause/index" "Mozilla/4.0 (compatible; MSIE 7.0; Windows NT 6.1; WOW64; Trident/5.0; SLCC2; .NET CLR 2.0.50727; .NET CLR 3.5.30729; .NET CLR 3.0.30729; Media Center PC 6.0; InfoPath.3; .NET4.0C; MS-RTC LM 8; .NET4.0E)" 23214
192.168.74.151 - - [17/Feb/2013:07:44:00 +0600] "GET /pause/ajaxPause?pauseConfigId=&admin=0 HTTP/1.1" 200 987 "http://callider.kontur/pause/index" "Mozilla/5.0 (Windows NT 6.1; WOW64; rv:18.0) Gecko/20100101 Firefox/18.0" 22885
192.168.12.210 - - [17/Feb/2013:07:44:00 +0600] "GET /pause/ajaxPause?pauseConfigId=all&admin=1 HTTP/1.1" 200 1047 "http://callider/pause/index" "Mozilla/4.0 (compatible; MSIE 7.0; Windows NT 6.1; WOW64; Trident/5.0; SLCC2; .NET CLR 2.0.50727; .NET CLR 3.5.30729; .NET CLR 3.0.30729; Media Center PC 6.0; InfoPath.3; .NET4.0C; .NET4.0E)" 19198
192.168.12.38 - - [17/Feb/2013:07:44:01 +0600] "GET /pause/ajaxPause?pauseConfigId=&admin=0 HTTP/1.1" 200 1040 "http://callider/pause/index" "Mozilla/4.0 (compatible; MSIE 7.0; Windows NT 6.1; WOW64; Trident/5.0; SLCC2; .NET CLR 2.0.50727; .NET CLR 3.5.30729; .NET CLR 3.0.30729; Media Center PC 6.0; InfoPath.3; .NET4.0C; .NET4.0E)" 15575
192.168.12.77 - - [17/Feb/2013:07:44:01 +0600] "GET /pause/ajaxPause?pauseConfigId=&admin=0 HTTP/1.1" 200 1039 "http://callider/pause/index" "Mozilla/4.0 (compatible; MSIE 7.0; Windows NT 6.1; Trident/5.0; SLCC2; .NET CLR 2.0.50727; .NET CLR 3.5.30729; .NET CLR 3.0.30729; Media Center PC 6.0; Tablet PC 2.0; InfoPath.3; .NET4.0C; .NET4.0E; MS-RTC LM 8)" 14582
192.168.65.56 - - [17/Feb/2013:07:44:01 +0600] "GET /pause/ajaxPause?pauseConfigId=all&admin=1 HTTP/1.1" 200 1046 "http://192.168.65.101/pause/index" "Mozilla/5.0 (Windows NT 5.1; rv:15.0) Gecko/20100101 Firefox/15.0" 33261
192.168.12.61 - - [17/Feb/2013:07:44:02 +0600] "GET /pause/ajaxPause?pauseConfigId=&admin=0 HTTP/1.1" 200 985 "http://callider/pause/index" "Mozilla/4.0 (compatible; MSIE 7.0; Windows NT 6.1; Trident/5.0; SLCC2; .NET CLR 2.0.50727; .NET CLR 3.5.30729; .NET CLR 3.0.30729; Media Center PC 6.0; InfoPath.3; .NET4.0C; .NET4.0E)" 117841
192.168.74.139 - - [17/Feb/2013:07:44:03 +0600] "GET /tv/useUser HTTP/1.1" 200 432 "http://callider/graph/personal" "Mozilla/4.0 (compatible; MSIE 7.0; Windows NT 6.1; WOW64; Trident/5.0; SLCC2; .NET CLR 2.0.50727; .NET CLR 3.5.30729; .NET CLR 3.0.30729; Media Center PC 6.0; InfoPath.3; .NET4.0C; .NET4.0E)" 14839
192.168.74.78 - - [17/Feb/2013:07:44:04 +0600] "GET /pause/ajaxPause?pauseConfigId=&admin=0 HTTP/1.1" 200 986 "http://callider/pause/index" "Mozilla/4.0 (compatible; MSIE 7.0; Windows NT 6.1; WOW64; Trident/5.0; SLCC2; .NET CLR 2.0.50727; .NET CLR 3.5.30729; .NET CLR 3.0.30729; Media Center PC 6.0; InfoPath.3; .NET4.0C; MS-RTC LM 8; .NET4.0E)" 18995
192.168.12.60 - - [17/Feb/2013:07:44:04 +0600] "GET /pause/ajaxPause?pauseConfigId=&admin=0 HTTP/1.1" 200 986 "http://callider/pause/index" "Mozilla/4.0 (compatible; MSIE 8.0; Windows NT 6.1; Trident/4.0; InfoPath.3; .NET4.0C; MS-RTC LM 8; .NET4.0E)" 21428
192.168.12.204 - - [17/Feb/2013:07:44:04 +0600] "GET /pause/ajaxPause?pauseConfigId=&admin=0 HTTP/1.1" 200 986 "http://callider/pause/index" "Mozilla/4.0 (compatible; MSIE 7.0; Windows NT 6.1; WOW64; Trident/4.0; SLCC2; .NET CLR 2.0.50727; .NET CLR 3.5.30729; .NET CLR 3.0.30729; Media Center PC 6.0; InfoPath.3; .NET4.0C; .NET4.0E; .NET CLR 1.1.4322)" 166842
192.168.12.69 - - [17/Feb/2013:07:44:05 +0600] "GET /pause/ajaxPause?pauseConfigId=&admin=0 HTTP/1.1" 200 986 "http://callider/pause/index" "Mozilla/4.0 (compatible; MSIE 7.0; Windows NT 6.1; Trident/5.0; SLCC2; .NET CLR 2.0.50727; .NET CLR 3.5.30729; .NET CLR 3.0.30729; Media Center PC 6.0; InfoPath.3; .NET4.0C; .NET4.0E; Tablet PC 2.0; AskTbFXTV5/5.14.1.20007)" 18229
192.168.12.61 - - [17/Feb/2013:07:44:05 +0600] "GET /tv/useUser HTTP/1.1" 200 431 "http://callider/pause/index" "Mozilla/4.0 (compatible; MSIE 7.0; Windows NT 6.1; Trident/5.0; SLCC2; .NET CLR 2.0.50727; .NET CLR 3.5.30729; .NET CLR 3.0.30729; Media Center PC 6.0; InfoPath.3; .NET4.0C; .NET4.0E)" 8351
192.168.74.91 - - [17/Feb/2013:07:44:05 +0600] "GET /pause/ajaxPause?pauseConfigId=&admin=0 HTTP/1.1" 200 986 "http://callider/pause/index" "Mozilla/4.0 (compatible; MSIE 7.0; Windows NT 6.1; WOW64; Trident/5.0; SLCC2; .NET CLR 2.0.50727; .NET CLR 3.5.30729; .NET CLR 3.0.30729; Media Center PC 6.0; InfoPath.3; .NET4.0C; MS-RTC LM 8; .NET4.0E)" 18642
192.168.74.151 - - [17/Feb/2013:07:44:05 +0600] "GET /pause/ajaxPause?pauseConfigId=&admin=0 HTTP/1.1" 200 987 "http://callider.kontur/pause/index" "Mozilla/5.0 (Windows NT 6.1; WOW64; rv:18.0) Gecko/20100101 Firefox/18.0" 17879
192.168.12.210 - - [17/Feb/2013:07:44:05 +0600] "GET /pause/ajaxPause?pauseConfigId=all&admin=1 HTTP/1.1" 200 1047 "http://callider/pause/index" "Mozilla/4.0 (compatible; MSIE 7.0; Windows NT 6.1; WOW64; Trident/5.0; SLCC2; .NET CLR 2.0.50727; .NET CLR 3.5.30729; .NET CLR 3.0.30729; Media Center PC 6.0; InfoPath.3; .NET4.0C; .NET4.0E)" 20597
192.168.12.38 - - [17/Feb/2013:07:44:06 +0600] "GET /pause/ajaxPause?pauseConfigId=&admin=0 HTTP/1.1" 200 1040 "http://callider/pause/index" "Mozilla/4.0 (compatible; MSIE 7.0; Windows NT 6.1; WOW64; Trident/5.0; SLCC2; .NET CLR 2.0.50727; .NET CLR 3.5.30729; .NET CLR 3.0.30729; Media Center PC 6.0; InfoPath.3; .NET4.0C; .NET4.0E)" 17077
192.168.12.77 - - [17/Feb/2013:07:44:06 +0600] "GET /pause/ajaxPause?pauseConfigId=&admin=0 HTTP/1.1" 200 1039 "http://callider/pause/index" "Mozilla/4.0 (compatible; MSIE 7.0; Windows NT 6.1; Trident/5.0; SLCC2; .NET CLR 2.0.50727; .NET CLR 3.5.30729; .NET CLR 3.0.30729; Media Center PC 6.0; Tablet PC 2.0; InfoPath.3; .NET4.0C; .NET4.0E; MS-RTC LM 8)" 12446
192.168.65.56 - - [17/Feb/2013:07:44:06 +0600] "GET /pause/ajaxPause?pauseConfigId=all&admin=1 HTTP/1.1" 200 1046 "http://192.168.65.101/pause/index" "Mozilla/5.0 (Windows NT 5.1; rv:15.0) Gecko/20100101 Firefox/15.0" 37495
192.168.12.61 - - [17/Feb/2013:07:44:07 +0600] "GET /pause/ajaxPause?pauseConfigId=&admin=0 HTTP/1.1" 200 985 "http://callider/pause/index" "Mozilla/4.0 (compatible; MSIE 7.0; Windows NT 6.1; Trident/5.0; SLCC2; .NET CLR 2.0.50727; .NET CLR 3.5.30729; .NET CLR 3.0.30729; Media Center PC 6.0; InfoPath.3; .NET4.0C; .NET4.0E)" 28471
192.168.74.78 - - [17/Feb/2013:07:44:09 +0600] "GET /pause/ajaxPause?pauseConfigId=&admin=0 HTTP/1.1" 200 986 "http://callider/pause/index" "Mozilla/4.0 (compatible; MSIE 7.0; Windows NT 6.1; WOW64; Trident/5.0; SLCC2; .NET CLR 2.0.50727; .NET CLR 3.5.30729; .NET CLR 3.0.30729; Media Center PC 6.0; InfoPath.3; .NET4.0C; MS-RTC LM 8; .NET4.0E)" 19383
192.168.12.60 - - [17/Feb/2013:07:44:09 +0600] "GET /pause/ajaxPause?pauseConfigId=&admin=0 HTTP/1.1" 200 986 "http://callider/pause/index" "Mozilla/4.0 (compatible; MSIE 8.0; Windows NT 6.1; Trident/4.0; InfoPath.3; .NET4.0C; MS-RTC LM 8; .NET4.0E)" 19318
192.168.12.204 - - [17/Feb/2013:07:44:09 +0600] "GET /pause/ajaxPause?pauseConfigId=&admin=0 HTTP/1.1" 200 986 "http://callider/pause/index" "Mozilla/4.0 (compatible; MSIE 7.0; Windows NT 6.1; WOW64; Trident/4.0; SLCC2; .NET CLR 2.0.50727; .NET CLR 3.5.30729; .NET CLR 3.0.30729; Media Center PC 6.0; InfoPath.3; .NET4.0C; .NET4.0E; .NET CLR 1.1.4322)" 19481
192.168.74.151 - - [17/Feb/2013:07:44:10 +0600] "GET /pause/ajaxPause?pauseConfigId=&admin=0 HTTP/1.1" 200 987 "http://callider.kontur/pause/index" "Mozilla/5.0 (Windows NT 6.1; WOW64; rv:18.0) Gecko/20100101 Firefox/18.0" 164104
192.168.12.69 - - [17/Feb/2013:07:44:10 +0600] "GET /pause/ajaxPause?pauseConfigId=&admin=0 HTTP/1.1" 200 986 "http://callider/pause/index" "Mozilla/4.0 (compatible; MSIE 7.0; Windows NT 6.1; Trident/5.0; SLCC2; .NET CLR 2.0.50727; .NET CLR 3.5.30729; .NET CLR 3.0.30729; Media Center PC 6.0; InfoPath.3; .NET4.0C; .NET4.0E; Tablet PC 2.0; AskTbFXTV5/5.14.1.20007)" 480792
192.168.12.210 - - [17/Feb/2013:07:44:10 +0600] "GET /pause/ajaxPause?pauseConfigId=all&admin=1 HTTP/1.1" 200 1047 "http://callider/pause/index" "Mozilla/4.0 (compatible; MSIE 7.0; Windows NT 6.1; WOW64; Trident/5.0; SLCC2; .NET CLR 2.0.50727; .NET CLR 3.5.30729; .NET CLR 3.0.30729; Media Center PC 6.0; InfoPath.3; .NET4.0C; .NET4.0E)" 94065
192.168.74.91 - - [17/Feb/2013:07:44:10 +0600] "GET /pause/ajaxPause?pauseConfigId=&admin=0 HTTP/1.1" 200 986 "http://callider/pause/index" "Mozilla/4.0 (compatible; MSIE 7.0; Windows NT 6.1; WOW64; Trident/5.0; SLCC2; .NET CLR 2.0.50727; .NET CLR 3.5.30729; .NET CLR 3.0.30729; Media Center PC 6.0; InfoPath.3; .NET4.0C; MS-RTC LM 8; .NET4.0E)" 231138
192.168.12.42 - - [17/Feb/2013:07:44:11 +0600] "GET /tv/useUser HTTP/1.1" 200 432 "http://callider/graph/personal" "Mozilla/4.0 (compatible; MSIE 7.0; Windows NT 6.1; WOW64; Trident/5.0; SLCC2; .NET CLR 2.0.50727; .NET CLR 3.5.30729; .NET CLR 3.0.30729; Media Center PC 6.0; InfoPath.3; .NET4.0C; .NET4.0E)" 15590
192.168.12.38 - - [17/Feb/2013:07:44:11 +0600] "GET /pause/ajaxPause?pauseConfigId=&admin=0 HTTP/1.1" 200 1040 "http://callider/pause/index" "Mozilla/4.0 (compatible; MSIE 7.0; Windows NT 6.1; WOW64; Trident/5.0; SLCC2; .NET CLR 2.0.50727; .NET CLR 3.5.30729; .NET CLR 3.0.30729; Media Center PC 6.0; InfoPath.3; .NET4.0C; .NET4.0E)" 17638
192.168.12.77 - - [17/Feb/2013:07:44:11 +0600] "GET /pause/ajaxPause?pauseConfigId=&admin=0 HTTP/1.1" 200 1039 "http://callider/pause/index" "Mozilla/4.0 (compatible; MSIE 7.0; Windows NT 6.1; Trident/5.0; SLCC2; .NET CLR 2.0.50727; .NET CLR 3.5.30729; .NET CLR 3.0.30729; Media Center PC 6.0; Tablet PC 2.0; InfoPath.3; .NET4.0C; .NET4.0E; MS-RTC LM 8)" 14383
192.168.65.56 - - [17/Feb/2013:07:44:11 +0600] "GET /pause/ajaxPause?pauseConfigId=all&admin=1 HTTP/1.1" 200 1046 "http://192.168.65.101/pause/index" "Mozilla/5.0 (Windows NT 5.1; rv:15.0) Gecko/20100101 Firefox/15.0" 34714
192.168.12.61 - - [17/Feb/2013:07:44:12 +0600] "GET /pause/ajaxPause?pauseConfigId=&admin=0 HTTP/1.1" 200 985 "http://callider/pause/index" "Mozilla/4.0 (compatible; MSIE 7.0; Windows NT 6.1; Trident/5.0; SLCC2; .NET CLR 2.0.50727; .NET CLR 3.5.30729; .NET CLR 3.0.30729; Media Center PC 6.0; InfoPath.3; .NET4.0C; .NET4.0E)" 25518
192.168.74.151 - - [17/Feb/2013:07:44:13 +0600] "GET /tv/useUser HTTP/1.1" 200 431 "http://callider.kontur/graph/general" "Mozilla/5.0 (Windows NT 6.1; WOW64; rv:18.0) Gecko/20100101 Firefox/18.0" 8825
192.168.74.78 - - [17/Feb/2013:07:44:14 +0600] "GET /pause/ajaxPause?pauseConfigId=&admin=0 HTTP/1.1" 200 986 "http://callider/pause/index" "Mozilla/4.0 (compatible; MSIE 7.0; Windows NT 6.1; WOW64; Trident/5.0; SLCC2; .NET CLR 2.0.50727; .NET CLR 3.5.30729; .NET CLR 3.0.30729; Media Center PC 6.0; InfoPath.3; .NET4.0C; MS-RTC LM 8; .NET4.0E)" 19561
192.168.12.60 - - [17/Feb/2013:07:44:14 +0600] "GET /pause/ajaxPause?pauseConfigId=&admin=0 HTTP/1.1" 200 986 "http://callider/pause/index" "Mozilla/4.0 (compatible; MSIE 8.0; Windows NT 6.1; Trident/4.0; InfoPath.3; .NET4.0C; MS-RTC LM 8; .NET4.0E)" 24176
192.168.12.204 - - [17/Feb/2013:07:44:14 +0600] "GET /pause/ajaxPause?pauseConfigId=&admin=0 HTTP/1.1" 200 986 "http://callider/pause/index" "Mozilla/4.0 (compatible; MSIE 7.0; Windows NT 6.1; WOW64; Trident/4.0; SLCC2; .NET CLR 2.0.50727; .NET CLR 3.5.30729; .NET CLR 3.0.30729; Media Center PC 6.0; InfoPath.3; .NET4.0C; .NET4.0E; .NET CLR 1.1.4322)" 18429
192.168.12.69 - - [17/Feb/2013:07:44:15 +0600] "GET /pause/ajaxPause?pauseConfigId=&admin=0 HTTP/1.1" 200 986 "http://callider/pause/index" "Mozilla/4.0 (compatible; MSIE 7.0; Windows NT 6.1; Trident/5.0; SLCC2; .NET CLR 2.0.50727; .NET CLR 3.5.30729; .NET CLR 3.0.30729; Media Center PC 6.0; InfoPath.3; .NET4.0C; .NET4.0E; Tablet PC 2.0; AskTbFXTV5/5.14.1.20007)" 17314
192.168.74.91 - - [17/Feb/2013:07:44:15 +0600] "GET /pause/ajaxPause?pauseConfigId=&admin=0 HTTP/1.1" 200 986 "http://callider/pause/index" "Mozilla/4.0 (compatible; MSIE 7.0; Windows NT 6.1; WOW64; Trident/5.0; SLCC2; .NET CLR 2.0.50727; .NET CLR 3.5.30729; .NET CLR 3.0.30729; Media Center PC 6.0; InfoPath.3; .NET4.0C; MS-RTC LM 8; .NET4.0E)" 19576
192.168.74.151 - - [17/Feb/2013:07:44:15 +0600] "GET /pause/ajaxPause?pauseConfigId=&admin=0 HTTP/1.1" 200 987 "http://callider.kontur/pause/index" "Mozilla/5.0 (Windows NT 6.1; WOW64; rv:18.0) Gecko/20100101 Firefox/18.0" 23642
192.168.74.151 - - [17/Feb/2013:07:44:15 +0600] "GET /tv/useUser HTTP/1.1" 200 432 "http://callider.kontur/pause/index" "Mozilla/5.0 (Windows NT 6.1; WOW64; rv:18.0) Gecko/20100101 Firefox/18.0" 19574
192.168.12.210 - - [17/Feb/2013:07:44:15 +0600] "GET /pause/ajaxPause?pauseConfigId=all&admin=1 HTTP/1.1" 200 1047 "http://callider/pause/index" "Mozilla/4.0 (compatible; MSIE 7.0; Windows NT 6.1; WOW64; Trident/5.0; SLCC2; .NET CLR 2.0.50727; .NET CLR 3.5.30729; .NET CLR 3.0.30729; Media Center PC 6.0; InfoPath.3; .NET4.0C; .NET4.0E)" 20144
192.168.12.38 - - [17/Feb/2013:07:44:16 +0600] "GET /pause/ajaxPause?pauseConfigId=&admin=0 HTTP/1.1" 200 1040 "http://callider/pause/index" "Mozilla/4.0 (compatible; MSIE 7.0; Windows NT 6.1; WOW64; Trident/5.0; SLCC2; .NET CLR 2.0.50727; .NET CLR 3.5.30729; .NET CLR 3.0.30729; Media Center PC 6.0; InfoPath.3; .NET4.0C; .NET4.0E)" 16416
192.168.12.77 - - [17/Feb/2013:07:44:16 +0600] "GET /pause/ajaxPause?pauseConfigId=&admin=0 HTTP/1.1" 200 1039 "http://callider/pause/index" "Mozilla/4.0 (compatible; MSIE 7.0; Windows NT 6.1; Trident/5.0; SLCC2; .NET CLR 2.0.50727; .NET CLR 3.5.30729; .NET CLR 3.0.30729; Media Center PC 6.0; Tablet PC 2.0; InfoPath.3; .NET4.0C; .NET4.0E; MS-RTC LM 8)" 14016
192.168.65.56 - - [17/Feb/2013:07:44:16 +0600] "GET /pause/ajaxPause?pauseConfigId=all&admin=1 HTTP/1.1" 200 1046 "http://192.168.65.101/pause/index" "Mozilla/5.0 (Windows NT 5.1; rv:15.0) Gecko/20100101 Firefox/15.0" 32291
192.168.12.61 - - [17/Feb/2013:07:44:17 +0600] "GET /pause/ajaxPause?pauseConfigId=&admin=0 HTTP/1.1" 200 986 "http://callider/pause/index" "Mozilla/4.0 (compatible; MSIE 7.0; Windows NT 6.1; Trident/5.0; SLCC2; .NET CLR 2.0.50727; .NET CLR 3.5.30729; .NET CLR 3.0.30729; Media Center PC 6.0; InfoPath.3; .NET4.0C; .NET4.0E)" 26463
192.168.74.78 - - [17/Feb/2013:07:44:19 +0600] "GET /pause/ajaxPause?pauseConfigId=&admin=0 HTTP/1.1" 200 986 "http://callider/pause/index" "Mozilla/4.0 (compatible; MSIE 7.0; Windows NT 6.1; WOW64; Trident/5.0; SLCC2; .NET CLR 2.0.50727; .NET CLR 3.5.30729; .NET CLR 3.0.30729; Media Center PC 6.0; InfoPath.3; .NET4.0C; MS-RTC LM 8; .NET4.0E)" 20614
192.168.12.60 - - [17/Feb/2013:07:44:19 +0600] "GET /pause/ajaxPause?pauseConfigId=&admin=0 HTTP/1.1" 200 986 "http://callider/pause/index" "Mozilla/4.0 (compatible; MSIE 8.0; Windows NT 6.1; Trident/4.0; InfoPath.3; .NET4.0C; MS-RTC LM 8; .NET4.0E)" 19455
192.168.12.10 - - [17/Feb/2013:07:44:19 +0600] "GET /tv/useUser HTTP/1.1" 200 432 "http://callider/graph/personal" "Mozilla/4.0 (compatible; MSIE 7.0; Windows NT 6.1; Trident/5.0; SLCC2; .NET CLR 2.0.50727; .NET CLR 3.5.30729; .NET CLR 3.0.30729; Media Center PC 6.0; InfoPath.3; .NET4.0C; .NET4.0E; Tablet PC 2.0; MS-RTC LM 8)" 19592
192.168.12.204 - - [17/Feb/2013:07:44:19 +0600] "GET /pause/ajaxPause?pauseConfigId=&admin=0 HTTP/1.1" 200 986 "http://callider/pause/index" "Mozilla/4.0 (compatible; MSIE 7.0; Windows NT 6.1; WOW64; Trident/4.0; SLCC2; .NET CLR 2.0.50727; .NET CLR 3.5.30729; .NET CLR 3.0.30729; Media Center PC 6.0; InfoPath.3; .NET4.0C; .NET4.0E; .NET CLR 1.1.4322)" 19320
192.168.74.139 - - [17/Feb/2013:07:44:19 +0600] "GET /tv/useUser HTTP/1.1" 200 432 "http://callider/site/index" "Mozilla/4.0 (compatible; MSIE 7.0; Windows NT 6.1; WOW64; Trident/5.0; SLCC2; .NET CLR 2.0.50727; .NET CLR 3.5.30729; .NET CLR 3.0.30729; Media Center PC 6.0; InfoPath.3; .NET4.0C; .NET4.0E)" 18163
192.168.12.108 - - [17/Feb/2013:07:44:19 +0600] "GET /tv/useUser HTTP/1.1" 200 432 "http://callider/index.php" "Mozilla/4.0 (compatible; MSIE 7.0; Windows NT 6.2; WOW64; Trident/6.0; .NET4.0E; .NET4.0C; InfoPath.3; .NET CLR 3.5.30729; .NET CLR 2.0.50727; .NET CLR 3.0.30729)" 16831
192.168.12.69 - - [17/Feb/2013:07:44:20 +0600] "GET /pause/ajaxPause?pauseConfigId=&admin=0 HTTP/1.1" 200 986 "http://callider/pause/index" "Mozilla/4.0 (compatible; MSIE 7.0; Windows NT 6.1; Trident/5.0; SLCC2; .NET CLR 2.0.50727; .NET CLR 3.5.30729; .NET CLR 3.0.30729; Media Center PC 6.0; InfoPath.3; .NET4.0C; .NET4.0E; Tablet PC 2.0; AskTbFXTV5/5.14.1.20007)" 68386
192.168.12.210 - - [17/Feb/2013:07:44:20 +0600] "GET /pause/ajaxPause?pauseConfigId=all&admin=1 HTTP/1.1" 200 1047 "http://callider/pause/index" "Mozilla/4.0 (compatible; MSIE 7.0; Windows NT 6.1; WOW64; Trident/5.0; SLCC2; .NET CLR 2.0.50727; .NET CLR 3.5.30729; .NET CLR 3.0.30729; Media Center PC 6.0; InfoPath.3; .NET4.0C; .NET4.0E)" 155144
192.168.74.91 - - [17/Feb/2013:07:44:20 +0600] "GET /pause/ajaxPause?pauseConfigId=&admin=0 HTTP/1.1" 200 986 "http://callider/pause/index" "Mozilla/4.0 (compatible; MSIE 7.0; Windows NT 6.1; WOW64; Trident/5.0; SLCC2; .NET CLR 2.0.50727; .NET CLR 3.5.30729; .NET CLR 3.0.30729; Media Center PC 6.0; InfoPath.3; .NET4.0C; MS-RTC LM 8; .NET4.0E)" 278964
192.168.74.151 - - [17/Feb/2013:07:44:20 +0600] "GET /pause/ajaxPause?pauseConfigId=&admin=0 HTTP/1.1" 200 987 "http://callider.kontur/pause/index" "Mozilla/5.0 (Windows NT 6.1; WOW64; rv:18.0) Gecko/20100101 Firefox/18.0" 232504
192.168.12.38 - - [17/Feb/2013:07:44:21 +0600] "GET /pause/ajaxPause?pauseConfigId=&admin=0 HTTP/1.1" 200 1040 "http://callider/pause/index" "Mozilla/4.0 (compatible; MSIE 7.0; Windows NT 6.1; WOW64; Trident/5.0; SLCC2; .NET CLR 2.0.50727; .NET CLR 3.5.30729; .NET CLR 3.0.30729; Media Center PC 6.0; InfoPath.3; .NET4.0C; .NET4.0E)" 16554
192.168.12.77 - - [17/Feb/2013:07:44:21 +0600] "GET /pause/ajaxPause?pauseConfigId=&admin=0 HTTP/1.1" 200 1039 "http://callider/pause/index" "Mozilla/4.0 (compatible; MSIE 7.0; Windows NT 6.1; Trident/5.0; SLCC2; .NET CLR 2.0.50727; .NET CLR 3.5.30729; .NET CLR 3.0.30729; Media Center PC 6.0; Tablet PC 2.0; InfoPath.3; .NET4.0C; .NET4.0E; MS-RTC LM 8)" 13014
192.168.65.56 - - [17/Feb/2013:07:44:21 +0600] "GET /pause/ajaxPause?pauseConfigId=all&admin=1 HTTP/1.1" 200 1046 "http://192.168.65.101/pause/index" "Mozilla/5.0 (Windows NT 5.1; rv:15.0) Gecko/20100101 Firefox/15.0" 30224
192.168.12.61 - - [17/Feb/2013:07:44:22 +0600] "GET /pause/ajaxPause?pauseConfigId=&admin=0 HTTP/1.1" 200 985 "http://callider/pause/index" "Mozilla/4.0 (compatible; MSIE 7.0; Windows NT 6.1; Trident/5.0; SLCC2; .NET CLR 2.0.50727; .NET CLR 3.5.30729; .NET CLR 3.0.30729; Media Center PC 6.0; InfoPath.3; .NET4.0C; .NET4.0E)" 278854
192.168.74.78 - - [17/Feb/2013:07:44:24 +0600] "GET /pause/ajaxPause?pauseConfigId=&admin=0 HTTP/1.1" 200 986 "http://callider/pause/index" "Mozilla/4.0 (compatible; MSIE 7.0; Windows NT 6.1; WOW64; Trident/5.0; SLCC2; .NET CLR 2.0.50727; .NET CLR 3.5.30729; .NET CLR 3.0.30729; Media Center PC 6.0; InfoPath.3; .NET4.0C; MS-RTC LM 8; .NET4.0E)" 27409
192.168.12.60 - - [17/Feb/2013:07:44:24 +0600] "GET /pause/ajaxPause?pauseConfigId=&admin=0 HTTP/1.1" 200 986 "http://callider/pause/index" "Mozilla/4.0 (compatible; MSIE 8.0; Windows NT 6.1; Trident/4.0; InfoPath.3; .NET4.0C; MS-RTC LM 8; .NET4.0E)" 18861
192.168.12.204 - - [17/Feb/2013:07:44:24 +0600] "GET /pause/ajaxPause?pauseConfigId=&admin=0 HTTP/1.1" 200 986 "http://callider/pause/index" "Mozilla/4.0 (compatible; MSIE 7.0; Windows NT 6.1; WOW64; Trident/4.0; SLCC2; .NET CLR 2.0.50727; .NET CLR 3.5.30729; .NET CLR 3.0.30729; Media Center PC 6.0; InfoPath.3; .NET4.0C; .NET4.0E; .NET CLR 1.1.4322)" 18957
192.168.12.69 - - [17/Feb/2013:07:44:25 +0600] "GET /pause/ajaxPause?pauseConfigId=&admin=0 HTTP/1.1" 200 986 "http://callider/pause/index" "Mozilla/4.0 (compatible; MSIE 7.0; Windows NT 6.1; Trident/5.0; SLCC2; .NET CLR 2.0.50727; .NET CLR 3.5.30729; .NET CLR 3.0.30729; Media Center PC 6.0; InfoPath.3; .NET4.0C; .NET4.0E; Tablet PC 2.0; AskTbFXTV5/5.14.1.20007)" 20259
192.168.74.91 - - [17/Feb/2013:07:44:25 +0600] "GET /pause/ajaxPause?pauseConfigId=&admin=0 HTTP/1.1" 200 986 "http://callider/pause/index" "Mozilla/4.0 (compatible; MSIE 7.0; Windows NT 6.1; WOW64; Trident/5.0; SLCC2; .NET CLR 2.0.50727; .NET CLR 3.5.30729; .NET CLR 3.0.30729; Media Center PC 6.0; InfoPath.3; .NET4.0C; MS-RTC LM 8; .NET4.0E)" 20250
192.168.74.151 - - [17/Feb/2013:07:44:25 +0600] "GET /pause/ajaxPause?pauseConfigId=&admin=0 HTTP/1.1" 200 987 "http://callider.kontur/pause/index" "Mozilla/5.0 (Windows NT 6.1; WOW64; rv:18.0) Gecko/20100101 Firefox/18.0" 16799
192.168.12.210 - - [17/Feb/2013:07:44:25 +0600] "GET /pause/ajaxPause?pauseConfigId=all&admin=1 HTTP/1.1" 200 1047 "http://callider/pause/index" "Mozilla/4.0 (compatible; MSIE 7.0; Windows NT 6.1; WOW64; Trident/5.0; SLCC2; .NET CLR 2.0.50727; .NET CLR 3.5.30729; .NET CLR 3.0.30729; Media Center PC 6.0; InfoPath.3; .NET4.0C; .NET4.0E)" 17999
192.168.12.38 - - [17/Feb/2013:07:44:26 +0600] "GET /pause/ajaxPause?pauseConfigId=&admin=0 HTTP/1.1" 200 1040 "http://callider/pause/index" "Mozilla/4.0 (compatible; MSIE 7.0; Windows NT 6.1; WOW64; Trident/5.0; SLCC2; .NET CLR 2.0.50727; .NET CLR 3.5.30729; .NET CLR 3.0.30729; Media Center PC 6.0; InfoPath.3; .NET4.0C; .NET4.0E)" 16255
192.168.12.77 - - [17/Feb/2013:07:44:26 +0600] "GET /pause/ajaxPause?pauseConfigId=&admin=0 HTTP/1.1" 200 1039 "http://callider/pause/index" "Mozilla/4.0 (compatible; MSIE 7.0; Windows NT 6.1; Trident/5.0; SLCC2; .NET CLR 2.0.50727; .NET CLR 3.5.30729; .NET CLR 3.0.30729; Media Center PC 6.0; Tablet PC 2.0; InfoPath.3; .NET4.0C; .NET4.0E; MS-RTC LM 8)" 14502
192.168.65.56 - - [17/Feb/2013:07:44:26 +0600] "GET /pause/ajaxPause?pauseConfigId=all&admin=1 HTTP/1.1" 200 1046 "http://192.168.65.101/pause/index" "Mozilla/5.0 (Windows NT 5.1; rv:15.0) Gecko/20100101 Firefox/15.0" 29952
192.168.12.61 - - [17/Feb/2013:07:44:27 +0600] "GET /pause/ajaxPause?pauseConfigId=&admin=0 HTTP/1.1" 200 985 "http://callider/pause/index" "Mozilla/4.0 (compatible; MSIE 7.0; Windows NT 6.1; Trident/5.0; SLCC2; .NET CLR 2.0.50727; .NET CLR 3.5.30729; .NET CLR 3.0.30729; Media Center PC 6.0; InfoPath.3; .NET4.0C; .NET4.0E)" 24419
192.168.74.78 - - [17/Feb/2013:07:44:29 +0600] "GET /pause/ajaxPause?pauseConfigId=&admin=0 HTTP/1.1" 200 986 "http://callider/pause/index" "Mozilla/4.0 (compatible; MSIE 7.0; Windows NT 6.1; WOW64; Trident/5.0; SLCC2; .NET CLR 2.0.50727; .NET CLR 3.5.30729; .NET CLR 3.0.30729; Media Center PC 6.0; InfoPath.3; .NET4.0C; MS-RTC LM 8; .NET4.0E)" 18633
192.168.12.60 - - [17/Feb/2013:07:44:29 +0600] "GET /pause/ajaxPause?pauseConfigId=&admin=0 HTTP/1.1" 200 986 "http://callider/pause/index" "Mozilla/4.0 (compatible; MSIE 8.0; Windows NT 6.1; Trident/4.0; InfoPath.3; .NET4.0C; MS-RTC LM 8; .NET4.0E)" 18134
192.168.12.204 - - [17/Feb/2013:07:44:29 +0600] "GET /pause/ajaxPause?pauseConfigId=&admin=0 HTTP/1.1" 200 986 "http://callider/pause/index" "Mozilla/4.0 (compatible; MSIE 7.0; Windows NT 6.1; WOW64; Trident/4.0; SLCC2; .NET CLR 2.0.50727; .NET CLR 3.5.30729; .NET CLR 3.0.30729; Media Center PC 6.0; InfoPath.3; .NET4.0C; .NET4.0E; .NET CLR 1.1.4322)" 18815
192.168.12.69 - - [17/Feb/2013:07:44:30 +0600] "GET /pause/ajaxPause?pauseConfigId=&admin=0 HTTP/1.1" 200 986 "http://callider/pause/index" "Mozilla/4.0 (compatible; MSIE 7.0; Windows NT 6.1; Trident/5.0; SLCC2; .NET CLR 2.0.50727; .NET CLR 3.5.30729; .NET CLR 3.0.30729; Media Center PC 6.0; InfoPath.3; .NET4.0C; .NET4.0E; Tablet PC 2.0; AskTbFXTV5/5.14.1.20007)" 116937
192.168.74.91 - - [17/Feb/2013:07:44:30 +0600] "GET /pause/ajaxPause?pauseConfigId=&admin=0 HTTP/1.1" 200 986 "http://callider/pause/index" "Mozilla/4.0 (compatible; MSIE 7.0; Windows NT 6.1; WOW64; Trident/5.0; SLCC2; .NET CLR 2.0.50727; .NET CLR 3.5.30729; .NET CLR 3.0.30729; Media Center PC 6.0; InfoPath.3; .NET4.0C; MS-RTC LM 8; .NET4.0E)" 17980
192.168.74.151 - - [17/Feb/2013:07:44:30 +0600] "GET /pause/ajaxPause?pauseConfigId=&admin=0 HTTP/1.1" 200 987 "http://callider.kontur/pause/index" "Mozilla/5.0 (Windows NT 6.1; WOW64; rv:18.0) Gecko/20100101 Firefox/18.0" 18417
192.168.12.210 - - [17/Feb/2013:07:44:30 +0600] "GET /pause/ajaxPause?pauseConfigId=all&admin=1 HTTP/1.1" 200 1047 "http://callider/pause/index" "Mozilla/4.0 (compatible; MSIE 7.0; Windows NT 6.1; WOW64; Trident/5.0; SLCC2; .NET CLR 2.0.50727; .NET CLR 3.5.30729; .NET CLR 3.0.30729; Media Center PC 6.0; InfoPath.3; .NET4.0C; .NET4.0E)" 20256
192.168.12.38 - - [17/Feb/2013:07:44:31 +0600] "GET /pause/ajaxPause?pauseConfigId=&admin=0 HTTP/1.1" 200 1040 "http://callider/pause/index" "Mozilla/4.0 (compatible; MSIE 7.0; Windows NT 6.1; WOW64; Trident/5.0; SLCC2; .NET CLR 2.0.50727; .NET CLR 3.5.30729; .NET CLR 3.0.30729; Media Center PC 6.0; InfoPath.3; .NET4.0C; .NET4.0E)" 15769
192.168.12.77 - - [17/Feb/2013:07:44:31 +0600] "GET /pause/ajaxPause?pauseConfigId=&admin=0 HTTP/1.1" 200 1039 "http://callider/pause/index" "Mozilla/4.0 (compatible; MSIE 7.0; Windows NT 6.1; Trident/5.0; SLCC2; .NET CLR 2.0.50727; .NET CLR 3.5.30729; .NET CLR 3.0.30729; Media Center PC 6.0; Tablet PC 2.0; InfoPath.3; .NET4.0C; .NET4.0E; MS-RTC LM 8)" 13129
192.168.65.56 - - [17/Feb/2013:07:44:31 +0600] "GET /pause/ajaxPause?pauseConfigId=all&admin=1 HTTP/1.1" 200 1046 "http://192.168.65.101/pause/index" "Mozilla/5.0 (Windows NT 5.1; rv:15.0) Gecko/20100101 Firefox/15.0" 34134
192.168.12.61 - - [17/Feb/2013:07:44:32 +0600] "GET /pause/ajaxPause?pauseConfigId=&admin=0 HTTP/1.1" 200 985 "http://callider/pause/index" "Mozilla/4.0 (compatible; MSIE 7.0; Windows NT 6.1; Trident/5.0; SLCC2; .NET CLR 2.0.50727; .NET CLR 3.5.30729; .NET CLR 3.0.30729; Media Center PC 6.0; InfoPath.3; .NET4.0C; .NET4.0E)" 31622
192.168.74.78 - - [17/Feb/2013:07:44:34 +0600] "GET /pause/ajaxPause?pauseConfigId=&admin=0 HTTP/1.1" 200 986 "http://callider/pause/index" "Mozilla/4.0 (compatible; MSIE 7.0; Windows NT 6.1; WOW64; Trident/5.0; SLCC2; .NET CLR 2.0.50727; .NET CLR 3.5.30729; .NET CLR 3.0.30729; Media Center PC 6.0; InfoPath.3; .NET4.0C; MS-RTC LM 8; .NET4.0E)" 18713
192.168.12.60 - - [17/Feb/2013:07:44:34 +0600] "GET /pause/ajaxPause?pauseConfigId=&admin=0 HTTP/1.1" 200 986 "http://callider/pause/index" "Mozilla/4.0 (compatible; MSIE 8.0; Windows NT 6.1; Trident/4.0; InfoPath.3; .NET4.0C; MS-RTC LM 8; .NET4.0E)" 19050
192.168.12.67 - - [17/Feb/2013:07:44:34 +0600] "GET /tv/useUser HTTP/1.1" 200 432 "http://callider/graph/personal" "Mozilla/4.0 (compatible; MSIE 7.0; Windows NT 6.1; Trident/5.0; SLCC2; .NET CLR 2.0.50727; .NET CLR 3.5.30729; .NET CLR 3.0.30729; Media Center PC 6.0; .NET4.0C; .NET4.0E; InfoPath.3; Tablet PC 2.0; MS-RTC LM 8)" 17423
192.168.12.204 - - [17/Feb/2013:07:44:34 +0600] "GET /pause/ajaxPause?pauseConfigId=&admin=0 HTTP/1.1" 200 986 "http://callider/pause/index" "Mozilla/4.0 (compatible; MSIE 7.0; Windows NT 6.1; WOW64; Trident/4.0; SLCC2; .NET CLR 2.0.50727; .NET CLR 3.5.30729; .NET CLR 3.0.30729; Media Center PC 6.0; InfoPath.3; .NET4.0C; .NET4.0E; .NET CLR 1.1.4322)" 18508
192.168.12.69 - - [17/Feb/2013:07:44:35 +0600] "GET /pause/ajaxPause?pauseConfigId=&admin=0 HTTP/1.1" 200 986 "http://callider/pause/index" "Mozilla/4.0 (compatible; MSIE 7.0; Windows NT 6.1; Trident/5.0; SLCC2; .NET CLR 2.0.50727; .NET CLR 3.5.30729; .NET CLR 3.0.30729; Media Center PC 6.0; InfoPath.3; .NET4.0C; .NET4.0E; Tablet PC 2.0; AskTbFXTV5/5.14.1.20007)" 17434
192.168.74.91 - - [17/Feb/2013:07:44:35 +0600] "GET /pause/ajaxPause?pauseConfigId=&admin=0 HTTP/1.1" 200 986 "http://callider/pause/index" "Mozilla/4.0 (compatible; MSIE 7.0; Windows NT 6.1; WOW64; Trident/5.0; SLCC2; .NET CLR 2.0.50727; .NET CLR 3.5.30729; .NET CLR 3.0.30729; Media Center PC 6.0; InfoPath.3; .NET4.0C; MS-RTC LM 8; .NET4.0E)" 18626
192.168.74.151 - - [17/Feb/2013:07:44:35 +0600] "GET /pause/ajaxPause?pauseConfigId=&admin=0 HTTP/1.1" 200 987 "http://callider.kontur/pause/index" "Mozilla/5.0 (Windows NT 6.1; WOW64; rv:18.0) Gecko/20100101 Firefox/18.0" 17974
192.168.12.210 - - [17/Feb/2013:07:44:35 +0600] "GET /pause/ajaxPause?pauseConfigId=all&admin=1 HTTP/1.1" 200 1047 "http://callider/pause/index" "Mozilla/4.0 (compatible; MSIE 7.0; Windows NT 6.1; WOW64; Trident/5.0; SLCC2; .NET CLR 2.0.50727; .NET CLR 3.5.30729; .NET CLR 3.0.30729; Media Center PC 6.0; InfoPath.3; .NET4.0C; .NET4.0E)" 27969
192.168.12.38 - - [17/Feb/2013:07:44:36 +0600] "GET /pause/ajaxPause?pauseConfigId=&admin=0 HTTP/1.1" 200 1040 "http://callider/pause/index" "Mozilla/4.0 (compatible; MSIE 7.0; Windows NT 6.1; WOW64; Trident/5.0; SLCC2; .NET CLR 2.0.50727; .NET CLR 3.5.30729; .NET CLR 3.0.30729; Media Center PC 6.0; InfoPath.3; .NET4.0C; .NET4.0E)" 15915
192.168.12.77 - - [17/Feb/2013:07:44:36 +0600] "GET /pause/ajaxPause?pauseConfigId=&admin=0 HTTP/1.1" 200 1039 "http://callider/pause/index" "Mozilla/4.0 (compatible; MSIE 7.0; Windows NT 6.1; Trident/5.0; SLCC2; .NET CLR 2.0.50727; .NET CLR 3.5.30729; .NET CLR 3.0.30729; Media Center PC 6.0; Tablet PC 2.0; InfoPath.3; .NET4.0C; .NET4.0E; MS-RTC LM 8)" 14845
192.168.65.56 - - [17/Feb/2013:07:44:36 +0600] "GET /pause/ajaxPause?pauseConfigId=all&admin=1 HTTP/1.1" 200 1046 "http://192.168.65.101/pause/index" "Mozilla/5.0 (Windows NT 5.1; rv:15.0) Gecko/20100101 Firefox/15.0" 31340
192.168.12.61 - - [17/Feb/2013:07:44:37 +0600] "GET /pause/ajaxPause?pauseConfigId=&admin=0 HTTP/1.1" 200 985 "http://callider/pause/index" "Mozilla/4.0 (compatible; MSIE 7.0; Windows NT 6.1; Trident/5.0; SLCC2; .NET CLR 2.0.50727; .NET CLR 3.5.30729; .NET CLR 3.0.30729; Media Center PC 6.0; InfoPath.3; .NET4.0C; .NET4.0E)" 18221
192.168.74.93 - - [17/Feb/2013:07:44:37 +0600] "GET /tv/useUser HTTP/1.1" 200 432 "http://callider/graph/personal" "Mozilla/4.0 (compatible; MSIE 7.0; Windows NT 6.1; WOW64; Trident/5.0; SLCC2; .NET CLR 2.0.50727; .NET CLR 3.5.30729; .NET CLR 3.0.30729; Media Center PC 6.0; InfoPath.3; .NET4.0C; .NET4.0E)" 18477
192.168.74.78 - - [17/Feb/2013:07:44:39 +0600] "GET /pause/ajaxPause?pauseConfigId=&admin=0 HTTP/1.1" 200 986 "http://callider/pause/index" "Mozilla/4.0 (compatible; MSIE 7.0; Windows NT 6.1; WOW64; Trident/5.0; SLCC2; .NET CLR 2.0.50727; .NET CLR 3.5.30729; .NET CLR 3.0.30729; Media Center PC 6.0; InfoPath.3; .NET4.0C; MS-RTC LM 8; .NET4.0E)" 17733
192.168.12.210 - - [17/Feb/2013:07:44:39 +0600] "GET /tv/useUser HTTP/1.1" 200 431 "http://callider/graph/general" "Mozilla/4.0 (compatible; MSIE 7.0; Windows NT 6.1; WOW64; Trident/5.0; SLCC2; .NET CLR 2.0.50727; .NET CLR 3.5.30729; .NET CLR 3.0.30729; Media Center PC 6.0; InfoPath.3; .NET4.0C; .NET4.0E)" 9015
192.168.12.60 - - [17/Feb/2013:07:44:39 +0600] "GET /pause/ajaxPause?pauseConfigId=&admin=0 HTTP/1.1" 200 986 "http://callider/pause/index" "Mozilla/4.0 (compatible; MSIE 8.0; Windows NT 6.1; Trident/4.0; InfoPath.3; .NET4.0C; MS-RTC LM 8; .NET4.0E)" 23426
192.168.12.204 - - [17/Feb/2013:07:44:39 +0600] "GET /pause/ajaxPause?pauseConfigId=&admin=0 HTTP/1.1" 200 986 "http://callider/pause/index" "Mozilla/4.0 (compatible; MSIE 7.0; Windows NT 6.1; WOW64; Trident/4.0; SLCC2; .NET CLR 2.0.50727; .NET CLR 3.5.30729; .NET CLR 3.0.30729; Media Center PC 6.0; InfoPath.3; .NET4.0C; .NET4.0E; .NET CLR 1.1.4322)" 18038
192.168.12.69 - - [17/Feb/2013:07:44:40 +0600] "GET /pause/ajaxPause?pauseConfigId=&admin=0 HTTP/1.1" 200 986 "http://callider/pause/index" "Mozilla/4.0 (compatible; MSIE 7.0; Windows NT 6.1; Trident/5.0; SLCC2; .NET CLR 2.0.50727; .NET CLR 3.5.30729; .NET CLR 3.0.30729; Media Center PC 6.0; InfoPath.3; .NET4.0C; .NET4.0E; Tablet PC 2.0; AskTbFXTV5/5.14.1.20007)" 26956
192.168.74.91 - - [17/Feb/2013:07:44:40 +0600] "GET /pause/ajaxPause?pauseConfigId=&admin=0 HTTP/1.1" 200 986 "http://callider/pause/index" "Mozilla/4.0 (compatible; MSIE 7.0; Windows NT 6.1; WOW64; Trident/5.0; SLCC2; .NET CLR 2.0.50727; .NET CLR 3.5.30729; .NET CLR 3.0.30729; Media Center PC 6.0; InfoPath.3; .NET4.0C; MS-RTC LM 8; .NET4.0E)" 23104
192.168.74.151 - - [17/Feb/2013:07:44:40 +0600] "GET /pause/ajaxPause?pauseConfigId=&admin=0 HTTP/1.1" 200 987 "http://callider.kontur/pause/index" "Mozilla/5.0 (Windows NT 6.1; WOW64; rv:18.0) Gecko/20100101 Firefox/18.0" 17965
192.168.12.210 - - [17/Feb/2013:07:44:40 +0600] "GET /pause/ajaxPause?pauseConfigId=all&admin=1 HTTP/1.1" 200 1047 "http://callider/pause/index" "Mozilla/4.0 (compatible; MSIE 7.0; Windows NT 6.1; WOW64; Trident/5.0; SLCC2; .NET CLR 2.0.50727; .NET CLR 3.5.30729; .NET CLR 3.0.30729; Media Center PC 6.0; InfoPath.3; .NET4.0C; .NET4.0E)" 17540
192.168.12.9 - - [17/Feb/2013:07:44:40 +0600] "GET /tv/useUser HTTP/1.1" 200 432 "http://callider.kontur/site/index" "Mozilla/5.0 (Windows NT 6.1; WOW64) AppleWebKit/537.17 (KHTML, like Gecko) Chrome/24.0.1312.57 Safari/537.17" 15609
192.168.12.38 - - [17/Feb/2013:07:44:41 +0600] "GET /pause/ajaxPause?pauseConfigId=&admin=0 HTTP/1.1" 200 1040 "http://callider/pause/index" "Mozilla/4.0 (compatible; MSIE 7.0; Windows NT 6.1; WOW64; Trident/5.0; SLCC2; .NET CLR 2.0.50727; .NET CLR 3.5.30729; .NET CLR 3.0.30729; Media Center PC 6.0; InfoPath.3; .NET4.0C; .NET4.0E)" 16342
192.168.12.77 - - [17/Feb/2013:07:44:41 +0600] "GET /pause/ajaxPause?pauseConfigId=&admin=0 HTTP/1.1" 200 1039 "http://callider/pause/index" "Mozilla/4.0 (compatible; MSIE 7.0; Windows NT 6.1; Trident/5.0; SLCC2; .NET CLR 2.0.50727; .NET CLR 3.5.30729; .NET CLR 3.0.30729; Media Center PC 6.0; Tablet PC 2.0; InfoPath.3; .NET4.0C; .NET4.0E; MS-RTC LM 8)" 14112
192.168.65.56 - - [17/Feb/2013:07:44:41 +0600] "GET /pause/ajaxPause?pauseConfigId=all&admin=1 HTTP/1.1" 200 1046 "http://192.168.65.101/pause/index" "Mozilla/5.0 (Windows NT 5.1; rv:15.0) Gecko/20100101 Firefox/15.0" 34471
192.168.12.61 - - [17/Feb/2013:07:44:42 +0600] "GET /pause/ajaxPause?pauseConfigId=&admin=0 HTTP/1.1" 200 986 "http://callider/pause/index" "Mozilla/4.0 (compatible; MSIE 7.0; Windows NT 6.1; Trident/5.0; SLCC2; .NET CLR 2.0.50727; .NET CLR 3.5.30729; .NET CLR 3.0.30729; Media Center PC 6.0; InfoPath.3; .NET4.0C; .NET4.0E)" 24061
192.168.74.78 - - [17/Feb/2013:07:44:44 +0600] "GET /pause/ajaxPause?pauseConfigId=&admin=0 HTTP/1.1" 200 986 "http://callider/pause/index" "Mozilla/4.0 (compatible; MSIE 7.0; Windows NT 6.1; WOW64; Trident/5.0; SLCC2; .NET CLR 2.0.50727; .NET CLR 3.5.30729; .NET CLR 3.0.30729; Media Center PC 6.0; InfoPath.3; .NET4.0C; MS-RTC LM 8; .NET4.0E)" 18072
192.168.12.60 - - [17/Feb/2013:07:44:44 +0600] "GET /pause/ajaxPause?pauseConfigId=&admin=0 HTTP/1.1" 200 986 "http://callider/pause/index" "Mozilla/4.0 (compatible; MSIE 8.0; Windows NT 6.1; Trident/4.0; InfoPath.3; .NET4.0C; MS-RTC LM 8; .NET4.0E)" 21075
192.168.12.204 - - [17/Feb/2013:07:44:44 +0600] "GET /pause/ajaxPause?pauseConfigId=&admin=0 HTTP/1.1" 200 986 "http://callider/pause/index" "Mozilla/4.0 (compatible; MSIE 7.0; Windows NT 6.1; WOW64; Trident/4.0; SLCC2; .NET CLR 2.0.50727; .NET CLR 3.5.30729; .NET CLR 3.0.30729; Media Center PC 6.0; InfoPath.3; .NET4.0C; .NET4.0E; .NET CLR 1.1.4322)" 17478
192.168.12.69 - - [17/Feb/2013:07:44:45 +0600] "GET /pause/ajaxPause?pauseConfigId=&admin=0 HTTP/1.1" 200 986 "http://callider/pause/index" "Mozilla/4.0 (compatible; MSIE 7.0; Windows NT 6.1; Trident/5.0; SLCC2; .NET CLR 2.0.50727; .NET CLR 3.5.30729; .NET CLR 3.0.30729; Media Center PC 6.0; InfoPath.3; .NET4.0C; .NET4.0E; Tablet PC 2.0; AskTbFXTV5/5.14.1.20007)" 17295
192.168.74.91 - - [17/Feb/2013:07:44:45 +0600] "GET /pause/ajaxPause?pauseConfigId=&admin=0 HTTP/1.1" 200 986 "http://callider/pause/index" "Mozilla/4.0 (compatible; MSIE 7.0; Windows NT 6.1; WOW64; Trident/5.0; SLCC2; .NET CLR 2.0.50727; .NET CLR 3.5.30729; .NET CLR 3.0.30729; Media Center PC 6.0; InfoPath.3; .NET4.0C; MS-RTC LM 8; .NET4.0E)" 18689
192.168.74.151 - - [17/Feb/2013:07:44:45 +0600] "GET /pause/ajaxPause?pauseConfigId=&admin=0 HTTP/1.1" 200 987 "http://callider.kontur/pause/index" "Mozilla/5.0 (Windows NT 6.1; WOW64; rv:18.0) Gecko/20100101 Firefox/18.0" 18706
192.168.12.210 - - [17/Feb/2013:07:44:45 +0600] "GET /pause/ajaxPause?pauseConfigId=all&admin=1 HTTP/1.1" 200 1047 "http://callider/pause/index" "Mozilla/4.0 (compatible; MSIE 7.0; Windows NT 6.1; WOW64; Trident/5.0; SLCC2; .NET CLR 2.0.50727; .NET CLR 3.5.30729; .NET CLR 3.0.30729; Media Center PC 6.0; InfoPath.3; .NET4.0C; .NET4.0E)" 18085
192.168.12.38 - - [17/Feb/2013:07:44:46 +0600] "GET /pause/ajaxPause?pauseConfigId=&admin=0 HTTP/1.1" 200 1040 "http://callider/pause/index" "Mozilla/4.0 (compatible; MSIE 7.0; Windows NT 6.1; WOW64; Trident/5.0; SLCC2; .NET CLR 2.0.50727; .NET CLR 3.5.30729; .NET CLR 3.0.30729; Media Center PC 6.0; InfoPath.3; .NET4.0C; .NET4.0E)" 15864
192.168.12.77 - - [17/Feb/2013:07:44:46 +0600] "GET /pause/ajaxPause?pauseConfigId=&admin=0 HTTP/1.1" 200 1039 "http://callider/pause/index" "Mozilla/4.0 (compatible; MSIE 7.0; Windows NT 6.1; Trident/5.0; SLCC2; .NET CLR 2.0.50727; .NET CLR 3.5.30729; .NET CLR 3.0.30729; Media Center PC 6.0; Tablet PC 2.0; InfoPath.3; .NET4.0C; .NET4.0E; MS-RTC LM 8)" 14497
192.168.65.56 - - [17/Feb/2013:07:44:46 +0600] "GET /pause/ajaxPause?pauseConfigId=all&admin=1 HTTP/1.1" 200 1047 "http://192.168.65.101/pause/index" "Mozilla/5.0 (Windows NT 5.1; rv:15.0) Gecko/20100101 Firefox/15.0" 35050
192.168.12.61 - - [17/Feb/2013:07:44:47 +0600] "GET /pause/ajaxPause?pauseConfigId=&admin=0 HTTP/1.1" 200 985 "http://callider/pause/index" "Mozilla/4.0 (compatible; MSIE 7.0; Windows NT 6.1; Trident/5.0; SLCC2; .NET CLR 2.0.50727; .NET CLR 3.5.30729; .NET CLR 3.0.30729; Media Center PC 6.0; InfoPath.3; .NET4.0C; .NET4.0E)" 22297
192.168.12.210 - - [17/Feb/2013:07:44:49 +0600] "GET /tv/useUser HTTP/1.1" 200 431 "http://callider/pause/index" "Mozilla/4.0 (compatible; MSIE 7.0; Windows NT 6.1; WOW64; Trident/5.0; SLCC2; .NET CLR 2.0.50727; .NET CLR 3.5.30729; .NET CLR 3.0.30729; Media Center PC 6.0; InfoPath.3; .NET4.0C; .NET4.0E)" 11933
192.168.74.78 - - [17/Feb/2013:07:44:49 +0600] "GET /pause/ajaxPause?pauseConfigId=&admin=0 HTTP/1.1" 200 986 "http://callider/pause/index" "Mozilla/4.0 (compatible; MSIE 7.0; Windows NT 6.1; WOW64; Trident/5.0; SLCC2; .NET CLR 2.0.50727; .NET CLR 3.5.30729; .NET CLR 3.0.30729; Media Center PC 6.0; InfoPath.3; .NET4.0C; MS-RTC LM 8; .NET4.0E)" 19014
192.168.12.60 - - [17/Feb/2013:07:44:49 +0600] "GET /pause/ajaxPause?pauseConfigId=&admin=0 HTTP/1.1" 200 986 "http://callider/pause/index" "Mozilla/4.0 (compatible; MSIE 8.0; Windows NT 6.1; Trident/4.0; InfoPath.3; .NET4.0C; MS-RTC LM 8; .NET4.0E)" 21307
192.168.12.204 - - [17/Feb/2013:07:44:49 +0600] "GET /pause/ajaxPause?pauseConfigId=&admin=0 HTTP/1.1" 200 986 "http://callider/pause/index" "Mozilla/4.0 (compatible; MSIE 7.0; Windows NT 6.1; WOW64; Trident/4.0; SLCC2; .NET CLR 2.0.50727; .NET CLR 3.5.30729; .NET CLR 3.0.30729; Media Center PC 6.0; InfoPath.3; .NET4.0C; .NET4.0E; .NET CLR 1.1.4322)" 328383
192.168.12.69 - - [17/Feb/2013:07:44:50 +0600] "GET /pause/ajaxPause?pauseConfigId=&admin=0 HTTP/1.1" 200 986 "http://callider/pause/index" "Mozilla/4.0 (compatible; MSIE 7.0; Windows NT 6.1; Trident/5.0; SLCC2; .NET CLR 2.0.50727; .NET CLR 3.5.30729; .NET CLR 3.0.30729; Media Center PC 6.0; InfoPath.3; .NET4.0C; .NET4.0E; Tablet PC 2.0; AskTbFXTV5/5.14.1.20007)" 17957
192.168.74.91 - - [17/Feb/2013:07:44:50 +0600] "GET /pause/ajaxPause?pauseConfigId=&admin=0 HTTP/1.1" 200 986 "http://callider/pause/index" "Mozilla/4.0 (compatible; MSIE 7.0; Windows NT 6.1; WOW64; Trident/5.0; SLCC2; .NET CLR 2.0.50727; .NET CLR 3.5.30729; .NET CLR 3.0.30729; Media Center PC 6.0; InfoPath.3; .NET4.0C; MS-RTC LM 8; .NET4.0E)" 22283
192.168.74.151 - - [17/Feb/2013:07:44:50 +0600] "GET /pause/ajaxPause?pauseConfigId=&admin=0 HTTP/1.1" 200 987 "http://callider.kontur/pause/index" "Mozilla/5.0 (Windows NT 6.1; WOW64; rv:18.0) Gecko/20100101 Firefox/18.0" 19668
192.168.12.210 - - [17/Feb/2013:07:44:50 +0600] "GET /pause/ajaxPause?pauseConfigId=all&admin=1 HTTP/1.1" 200 1047 "http://callider/pause/index" "Mozilla/4.0 (compatible; MSIE 7.0; Windows NT 6.1; WOW64; Trident/5.0; SLCC2; .NET CLR 2.0.50727; .NET CLR 3.5.30729; .NET CLR 3.0.30729; Media Center PC 6.0; InfoPath.3; .NET4.0C; .NET4.0E)" 21094
192.168.12.38 - - [17/Feb/2013:07:44:51 +0600] "GET /pause/ajaxPause?pauseConfigId=&admin=0 HTTP/1.1" 200 1040 "http://callider/pause/index" "Mozilla/4.0 (compatible; MSIE 7.0; Windows NT 6.1; WOW64; Trident/5.0; SLCC2; .NET CLR 2.0.50727; .NET CLR 3.5.30729; .NET CLR 3.0.30729; Media Center PC 6.0; InfoPath.3; .NET4.0C; .NET4.0E)" 17462
192.168.12.77 - - [17/Feb/2013:07:44:51 +0600] "GET /pause/ajaxPause?pauseConfigId=&admin=0 HTTP/1.1" 200 1039 "http://callider/pause/index" "Mozilla/4.0 (compatible; MSIE 7.0; Windows NT 6.1; Trident/5.0; SLCC2; .NET CLR 2.0.50727; .NET CLR 3.5.30729; .NET CLR 3.0.30729; Media Center PC 6.0; Tablet PC 2.0; InfoPath.3; .NET4.0C; .NET4.0E; MS-RTC LM 8)" 16012
192.168.65.56 - - [17/Feb/2013:07:44:51 +0600] "GET /pause/ajaxPause?pauseConfigId=all&admin=1 HTTP/1.1" 200 1046 "http://192.168.65.101/pause/index" "Mozilla/5.0 (Windows NT 5.1; rv:15.0) Gecko/20100101 Firefox/15.0" 29745
192.168.65.56 - - [17/Feb/2013:07:44:51 +0600] "GET /tv/useUser HTTP/1.1" 200 431 "http://192.168.65.101/pause/index" "Mozilla/5.0 (Windows NT 5.1; rv:15.0) Gecko/20100101 Firefox/15.0" 99066
192.168.12.61 - - [17/Feb/2013:07:44:52 +0600] "GET /pause/ajaxPause?pauseConfigId=&admin=0 HTTP/1.1" 200 985 "http://callider/pause/index" "Mozilla/4.0 (compatible; MSIE 7.0; Windows NT 6.1; Trident/5.0; SLCC2; .NET CLR 2.0.50727; .NET CLR 3.5.30729; .NET CLR 3.0.30729; Media Center PC 6.0; InfoPath.3; .NET4.0C; .NET4.0E)" 15916
192.168.12.60 - - [17/Feb/2013:07:44:54 +0600] "GET /pause/ajaxPause?pauseConfigId=&admin=0 HTTP/1.1" 200 986 "http://callider/pause/index" "Mozilla/4.0 (compatible; MSIE 8.0; Windows NT 6.1; Trident/4.0; InfoPath.3; .NET4.0C; MS-RTC LM 8; .NET4.0E)" 249737
192.168.74.78 - - [17/Feb/2013:07:44:54 +0600] "GET /pause/ajaxPause?pauseConfigId=&admin=0 HTTP/1.1" 200 986 "http://callider/pause/index" "Mozilla/4.0 (compatible; MSIE 7.0; Windows NT 6.1; WOW64; Trident/5.0; SLCC2; .NET CLR 2.0.50727; .NET CLR 3.5.30729; .NET CLR 3.0.30729; Media Center PC 6.0; InfoPath.3; .NET4.0C; MS-RTC LM 8; .NET4.0E)" 405002
192.168.12.204 - - [17/Feb/2013:07:44:54 +0600] "GET /pause/ajaxPause?pauseConfigId=&admin=0 HTTP/1.1" 200 986 "http://callider/pause/index" "Mozilla/4.0 (compatible; MSIE 7.0; Windows NT 6.1; WOW64; Trident/4.0; SLCC2; .NET CLR 2.0.50727; .NET CLR 3.5.30729; .NET CLR 3.0.30729; Media Center PC 6.0; InfoPath.3; .NET4.0C; .NET4.0E; .NET CLR 1.1.4322)" 17067
192.168.12.69 - - [17/Feb/2013:07:44:55 +0600] "GET /pause/ajaxPause?pauseConfigId=&admin=0 HTTP/1.1" 200 986 "http://callider/pause/index" "Mozilla/4.0 (compatible; MSIE 7.0; Windows NT 6.1; Trident/5.0; SLCC2; .NET CLR 2.0.50727; .NET CLR 3.5.30729; .NET CLR 3.0.30729; Media Center PC 6.0; InfoPath.3; .NET4.0C; .NET4.0E; Tablet PC 2.0; AskTbFXTV5/5.14.1.20007)" 153757
192.168.74.91 - - [17/Feb/2013:07:44:55 +0600] "GET /pause/ajaxPause?pauseConfigId=&admin=0 HTTP/1.1" 200 986 "http://callider/pause/index" "Mozilla/4.0 (compatible; MSIE 7.0; Windows NT 6.1; WOW64; Trident/5.0; SLCC2; .NET CLR 2.0.50727; .NET CLR 3.5.30729; .NET CLR 3.0.30729; Media Center PC 6.0; InfoPath.3; .NET4.0C; MS-RTC LM 8; .NET4.0E)" 21921
192.168.74.151 - - [17/Feb/2013:07:44:55 +0600] "GET /pause/ajaxPause?pauseConfigId=&admin=0 HTTP/1.1" 200 987 "http://callider.kontur/pause/index" "Mozilla/5.0 (Windows NT 6.1; WOW64; rv:18.0) Gecko/20100101 Firefox/18.0" 17778
192.168.12.210 - - [17/Feb/2013:07:44:55 +0600] "GET /pause/ajaxPause?pauseConfigId=all&admin=1 HTTP/1.1" 200 1047 "http://callider/pause/index" "Mozilla/4.0 (compatible; MSIE 7.0; Windows NT 6.1; WOW64; Trident/5.0; SLCC2; .NET CLR 2.0.50727; .NET CLR 3.5.30729; .NET CLR 3.0.30729; Media Center PC 6.0; InfoPath.3; .NET4.0C; .NET4.0E)" 19598
192.168.12.38 - - [17/Feb/2013:07:44:56 +0600] "GET /pause/ajaxPause?pauseConfigId=&admin=0 HTTP/1.1" 200 1040 "http://callider/pause/index" "Mozilla/4.0 (compatible; MSIE 7.0; Windows NT 6.1; WOW64; Trident/5.0; SLCC2; .NET CLR 2.0.50727; .NET CLR 3.5.30729; .NET CLR 3.0.30729; Media Center PC 6.0; InfoPath.3; .NET4.0C; .NET4.0E)" 41530
192.168.12.77 - - [17/Feb/2013:07:44:56 +0600] "GET /pause/ajaxPause?pauseConfigId=&admin=0 HTTP/1.1" 200 1039 "http://callider/pause/index" "Mozilla/4.0 (compatible; MSIE 7.0; Windows NT 6.1; Trident/5.0; SLCC2; .NET CLR 2.0.50727; .NET CLR 3.5.30729; .NET CLR 3.0.30729; Media Center PC 6.0; Tablet PC 2.0; InfoPath.3; .NET4.0C; .NET4.0E; MS-RTC LM 8)" 14051
192.168.65.56 - - [17/Feb/2013:07:44:56 +0600] "GET /pause/ajaxPause?pauseConfigId=all&admin=1 HTTP/1.1" 200 1046 "http://192.168.65.101/pause/index" "Mozilla/5.0 (Windows NT 5.1; rv:15.0) Gecko/20100101 Firefox/15.0" 31840
192.168.12.61 - - [17/Feb/2013:07:44:57 +0600] "GET /pause/ajaxPause?pauseConfigId=&admin=0 HTTP/1.1" 200 985 "http://callider/pause/index" "Mozilla/4.0 (compatible; MSIE 7.0; Windows NT 6.1; Trident/5.0; SLCC2; .NET CLR 2.0.50727; .NET CLR 3.5.30729; .NET CLR 3.0.30729; Media Center PC 6.0; InfoPath.3; .NET4.0C; .NET4.0E)" 17198
192.168.74.78 - - [17/Feb/2013:07:44:59 +0600] "GET /pause/ajaxPause?pauseConfigId=&admin=0 HTTP/1.1" 200 986 "http://callider/pause/index" "Mozilla/4.0 (compatible; MSIE 7.0; Windows NT 6.1; WOW64; Trident/5.0; SLCC2; .NET CLR 2.0.50727; .NET CLR 3.5.30729; .NET CLR 3.0.30729; Media Center PC 6.0; InfoPath.3; .NET4.0C; MS-RTC LM 8; .NET4.0E)" 20292
192.168.12.60 - - [17/Feb/2013:07:44:59 +0600] "GET /pause/ajaxPause?pauseConfigId=&admin=0 HTTP/1.1" 200 986 "http://callider/pause/index" "Mozilla/4.0 (compatible; MSIE 8.0; Windows NT 6.1; Trident/4.0; InfoPath.3; .NET4.0C; MS-RTC LM 8; .NET4.0E)" 17856
192.168.12.204 - - [17/Feb/2013:07:44:59 +0600] "GET /pause/ajaxPause?pauseConfigId=&admin=0 HTTP/1.1" 200 986 "http://callider/pause/index" "Mozilla/4.0 (compatible; MSIE 7.0; Windows NT 6.1; WOW64; Trident/4.0; SLCC2; .NET CLR 2.0.50727; .NET CLR 3.5.30729; .NET CLR 3.0.30729; Media Center PC 6.0; InfoPath.3; .NET4.0C; .NET4.0E; .NET CLR 1.1.4322)" 18882
192.168.12.69 - - [17/Feb/2013:07:45:00 +0600] "GET /pause/ajaxPause?pauseConfigId=&admin=0 HTTP/1.1" 200 986 "http://callider/pause/index" "Mozilla/4.0 (compatible; MSIE 7.0; Windows NT 6.1; Trident/5.0; SLCC2; .NET CLR 2.0.50727; .NET CLR 3.5.30729; .NET CLR 3.0.30729; Media Center PC 6.0; InfoPath.3; .NET4.0C; .NET4.0E; Tablet PC 2.0; AskTbFXTV5/5.14.1.20007)" 19053
192.168.74.91 - - [17/Feb/2013:07:45:00 +0600] "GET /pause/ajaxPause?pauseConfigId=&admin=0 HTTP/1.1" 200 986 "http://callider/pause/index" "Mozilla/4.0 (compatible; MSIE 7.0; Windows NT 6.1; WOW64; Trident/5.0; SLCC2; .NET CLR 2.0.50727; .NET CLR 3.5.30729; .NET CLR 3.0.30729; Media Center PC 6.0; InfoPath.3; .NET4.0C; MS-RTC LM 8; .NET4.0E)" 24172
192.168.74.151 - - [17/Feb/2013:07:45:00 +0600] "GET /pause/ajaxPause?pauseConfigId=&admin=0 HTTP/1.1" 200 987 "http://callider.kontur/pause/index" "Mozilla/5.0 (Windows NT 6.1; WOW64; rv:18.0) Gecko/20100101 Firefox/18.0" 18332
192.168.12.210 - - [17/Feb/2013:07:45:00 +0600] "GET /pause/ajaxPause?pauseConfigId=all&admin=1 HTTP/1.1" 200 1047 "http://callider/pause/index" "Mozilla/4.0 (compatible; MSIE 7.0; Windows NT 6.1; WOW64; Trident/5.0; SLCC2; .NET CLR 2.0.50727; .NET CLR 3.5.30729; .NET CLR 3.0.30729; Media Center PC 6.0; InfoPath.3; .NET4.0C; .NET4.0E)" 18383
192.168.12.38 - - [17/Feb/2013:07:45:01 +0600] "GET /pause/ajaxPause?pauseConfigId=&admin=0 HTTP/1.1" 200 1040 "http://callider/pause/index" "Mozilla/4.0 (compatible; MSIE 7.0; Windows NT 6.1; WOW64; Trident/5.0; SLCC2; .NET CLR 2.0.50727; .NET CLR 3.5.30729; .NET CLR 3.0.30729; Media Center PC 6.0; InfoPath.3; .NET4.0C; .NET4.0E)" 16106
192.168.12.77 - - [17/Feb/2013:07:45:01 +0600] "GET /pause/ajaxPause?pauseConfigId=&admin=0 HTTP/1.1" 200 1039 "http://callider/pause/index" "Mozilla/4.0 (compatible; MSIE 7.0; Windows NT 6.1; Trident/5.0; SLCC2; .NET CLR 2.0.50727; .NET CLR 3.5.30729; .NET CLR 3.0.30729; Media Center PC 6.0; Tablet PC 2.0; InfoPath.3; .NET4.0C; .NET4.0E; MS-RTC LM 8)" 15342
192.168.65.56 - - [17/Feb/2013:07:45:01 +0600] "GET /pause/ajaxPause?pauseConfigId=all&admin=1 HTTP/1.1" 200 1046 "http://192.168.65.101/pause/index" "Mozilla/5.0 (Windows NT 5.1; rv:15.0) Gecko/20100101 Firefox/15.0" 117340
192.168.12.61 - - [17/Feb/2013:07:45:02 +0600] "GET /pause/ajaxPause?pauseConfigId=&admin=0 HTTP/1.1" 200 985 "http://callider/pause/index" "Mozilla/4.0 (compatible; MSIE 7.0; Windows NT 6.1; Trident/5.0; SLCC2; .NET CLR 2.0.50727; .NET CLR 3.5.30729; .NET CLR 3.0.30729; Media Center PC 6.0; InfoPath.3; .NET4.0C; .NET4.0E)" 133362
192.168.74.139 - - [17/Feb/2013:07:45:03 +0600] "GET /tv/useUser HTTP/1.1" 200 432 "http://callider/graph/personal" "Mozilla/4.0 (compatible; MSIE 7.0; Windows NT 6.1; WOW64; Trident/5.0; SLCC2; .NET CLR 2.0.50727; .NET CLR 3.5.30729; .NET CLR 3.0.30729; Media Center PC 6.0; InfoPath.3; .NET4.0C; .NET4.0E)" 15890
192.168.74.78 - - [17/Feb/2013:07:45:04 +0600] "GET /pause/ajaxPause?pauseConfigId=&admin=0 HTTP/1.1" 200 986 "http://callider/pause/index" "Mozilla/4.0 (compatible; MSIE 7.0; Windows NT 6.1; WOW64; Trident/5.0; SLCC2; .NET CLR 2.0.50727; .NET CLR 3.5.30729; .NET CLR 3.0.30729; Media Center PC 6.0; InfoPath.3; .NET4.0C; MS-RTC LM 8; .NET4.0E)" 19897
192.168.12.60 - - [17/Feb/2013:07:45:04 +0600] "GET /pause/ajaxPause?pauseConfigId=&admin=0 HTTP/1.1" 200 986 "http://callider/pause/index" "Mozilla/4.0 (compatible; MSIE 8.0; Windows NT 6.1; Trident/4.0; InfoPath.3; .NET4.0C; MS-RTC LM 8; .NET4.0E)" 19617
192.168.12.204 - - [17/Feb/2013:07:45:04 +0600] "GET /pause/ajaxPause?pauseConfigId=&admin=0 HTTP/1.1" 200 986 "http://callider/pause/index" "Mozilla/4.0 (compatible; MSIE 7.0; Windows NT 6.1; WOW64; Trident/4.0; SLCC2; .NET CLR 2.0.50727; .NET CLR 3.5.30729; .NET CLR 3.0.30729; Media Center PC 6.0; InfoPath.3; .NET4.0C; .NET4.0E; .NET CLR 1.1.4322)" 24199
192.168.12.69 - - [17/Feb/2013:07:45:05 +0600] "GET /pause/ajaxPause?pauseConfigId=&admin=0 HTTP/1.1" 200 986 "http://callider/pause/index" "Mozilla/4.0 (compatible; MSIE 7.0; Windows NT 6.1; Trident/5.0; SLCC2; .NET CLR 2.0.50727; .NET CLR 3.5.30729; .NET CLR 3.0.30729; Media Center PC 6.0; InfoPath.3; .NET4.0C; .NET4.0E; Tablet PC 2.0; AskTbFXTV5/5.14.1.20007)" 19635
192.168.12.61 - - [17/Feb/2013:07:45:05 +0600] "GET /tv/useUser HTTP/1.1" 200 431 "http://callider/pause/index" "Mozilla/4.0 (compatible; MSIE 7.0; Windows NT 6.1; Trident/5.0; SLCC2; .NET CLR 2.0.50727; .NET CLR 3.5.30729; .NET CLR 3.0.30729; Media Center PC 6.0; InfoPath.3; .NET4.0C; .NET4.0E)" 8214
192.168.74.91 - - [17/Feb/2013:07:45:05 +0600] "GET /pause/ajaxPause?pauseConfigId=&admin=0 HTTP/1.1" 200 986 "http://callider/pause/index" "Mozilla/4.0 (compatible; MSIE 7.0; Windows NT 6.1; WOW64; Trident/5.0; SLCC2; .NET CLR 2.0.50727; .NET CLR 3.5.30729; .NET CLR 3.0.30729; Media Center PC 6.0; InfoPath.3; .NET4.0C; MS-RTC LM 8; .NET4.0E)" 19377
192.168.74.151 - - [17/Feb/2013:07:45:05 +0600] "GET /pause/ajaxPause?pauseConfigId=&admin=0 HTTP/1.1" 200 987 "http://callider.kontur/pause/index" "Mozilla/5.0 (Windows NT 6.1; WOW64; rv:18.0) Gecko/20100101 Firefox/18.0" 18812
192.168.12.210 - - [17/Feb/2013:07:45:05 +0600] "GET /pause/ajaxPause?pauseConfigId=all&admin=1 HTTP/1.1" 200 1047 "http://callider/pause/index" "Mozilla/4.0 (compatible; MSIE 7.0; Windows NT 6.1; WOW64; Trident/5.0; SLCC2; .NET CLR 2.0.50727; .NET CLR 3.5.30729; .NET CLR 3.0.30729; Media Center PC 6.0; InfoPath.3; .NET4.0C; .NET4.0E)" 19316
192.168.12.38 - - [17/Feb/2013:07:45:06 +0600] "GET /pause/ajaxPause?pauseConfigId=&admin=0 HTTP/1.1" 200 1040 "http://callider/pause/index" "Mozilla/4.0 (compatible; MSIE 7.0; Windows NT 6.1; WOW64; Trident/5.0; SLCC2; .NET CLR 2.0.50727; .NET CLR 3.5.30729; .NET CLR 3.0.30729; Media Center PC 6.0; InfoPath.3; .NET4.0C; .NET4.0E)" 15266
192.168.12.77 - - [17/Feb/2013:07:45:06 +0600] "GET /pause/ajaxPause?pauseConfigId=&admin=0 HTTP/1.1" 200 1039 "http://callider/pause/index" "Mozilla/4.0 (compatible; MSIE 7.0; Windows NT 6.1; Trident/5.0; SLCC2; .NET CLR 2.0.50727; .NET CLR 3.5.30729; .NET CLR 3.0.30729; Media Center PC 6.0; Tablet PC 2.0; InfoPath.3; .NET4.0C; .NET4.0E; MS-RTC LM 8)" 13505
192.168.65.56 - - [17/Feb/2013:07:45:06 +0600] "GET /pause/ajaxPause?pauseConfigId=all&admin=1 HTTP/1.1" 200 1046 "http://192.168.65.101/pause/index" "Mozilla/5.0 (Windows NT 5.1; rv:15.0) Gecko/20100101 Firefox/15.0" 27406
192.168.12.61 - - [17/Feb/2013:07:45:07 +0600] "GET /pause/ajaxPause?pauseConfigId=&admin=0 HTTP/1.1" 200 985 "http://callider/pause/index" "Mozilla/4.0 (compatible; MSIE 7.0; Windows NT 6.1; Trident/5.0; SLCC2; .NET CLR 2.0.50727; .NET CLR 3.5.30729; .NET CLR 3.0.30729; Media Center PC 6.0; InfoPath.3; .NET4.0C; .NET4.0E)" 18286
192.168.74.78 - - [17/Feb/2013:07:45:09 +0600] "GET /pause/ajaxPause?pauseConfigId=&admin=0 HTTP/1.1" 200 986 "http://callider/pause/index" "Mozilla/4.0 (compatible; MSIE 7.0; Windows NT 6.1; WOW64; Trident/5.0; SLCC2; .NET CLR 2.0.50727; .NET CLR 3.5.30729; .NET CLR 3.0.30729; Media Center PC 6.0; InfoPath.3; .NET4.0C; MS-RTC LM 8; .NET4.0E)" 35898
192.168.12.60 - - [17/Feb/2013:07:45:09 +0600] "GET /pause/ajaxPause?pauseConfigId=&admin=0 HTTP/1.1" 200 986 "http://callider/pause/index" "Mozilla/4.0 (compatible; MSIE 8.0; Windows NT 6.1; Trident/4.0; InfoPath.3; .NET4.0C; MS-RTC LM 8; .NET4.0E)" 22556
192.168.12.204 - - [17/Feb/2013:07:45:09 +0600] "GET /pause/ajaxPause?pauseConfigId=&admin=0 HTTP/1.1" 200 986 "http://callider/pause/index" "Mozilla/4.0 (compatible; MSIE 7.0; Windows NT 6.1; WOW64; Trident/4.0; SLCC2; .NET CLR 2.0.50727; .NET CLR 3.5.30729; .NET CLR 3.0.30729; Media Center PC 6.0; InfoPath.3; .NET4.0C; .NET4.0E; .NET CLR 1.1.4322)" 22174
192.168.12.69 - - [17/Feb/2013:07:45:10 +0600] "GET /pause/ajaxPause?pauseConfigId=&admin=0 HTTP/1.1" 200 986 "http://callider/pause/index" "Mozilla/4.0 (compatible; MSIE 7.0; Windows NT 6.1; Trident/5.0; SLCC2; .NET CLR 2.0.50727; .NET CLR 3.5.30729; .NET CLR 3.0.30729; Media Center PC 6.0; InfoPath.3; .NET4.0C; .NET4.0E; Tablet PC 2.0; AskTbFXTV5/5.14.1.20007)" 19403
192.168.74.91 - - [17/Feb/2013:07:45:10 +0600] "GET /pause/ajaxPause?pauseConfigId=&admin=0 HTTP/1.1" 200 986 "http://callider/pause/index" "Mozilla/4.0 (compatible; MSIE 7.0; Windows NT 6.1; WOW64; Trident/5.0; SLCC2; .NET CLR 2.0.50727; .NET CLR 3.5.30729; .NET CLR 3.0.30729; Media Center PC 6.0; InfoPath.3; .NET4.0C; MS-RTC LM 8; .NET4.0E)" 19631
192.168.74.151 - - [17/Feb/2013:07:45:10 +0600] "GET /pause/ajaxPause?pauseConfigId=&admin=0 HTTP/1.1" 200 987 "http://callider.kontur/pause/index" "Mozilla/5.0 (Windows NT 6.1; WOW64; rv:18.0) Gecko/20100101 Firefox/18.0" 24577
192.168.12.210 - - [17/Feb/2013:07:45:10 +0600] "GET /pause/ajaxPause?pauseConfigId=all&admin=1 HTTP/1.1" 200 1047 "http://callider/pause/index" "Mozilla/4.0 (compatible; MSIE 7.0; Windows NT 6.1; WOW64; Trident/5.0; SLCC2; .NET CLR 2.0.50727; .NET CLR 3.5.30729; .NET CLR 3.0.30729; Media Center PC 6.0; InfoPath.3; .NET4.0C; .NET4.0E)" 20512
192.168.12.42 - - [17/Feb/2013:07:45:11 +0600] "GET /tv/useUser HTTP/1.1" 200 432 "http://callider/graph/personal" "Mozilla/4.0 (compatible; MSIE 7.0; Windows NT 6.1; WOW64; Trident/5.0; SLCC2; .NET CLR 2.0.50727; .NET CLR 3.5.30729; .NET CLR 3.0.30729; Media Center PC 6.0; InfoPath.3; .NET4.0C; .NET4.0E)" 15866
192.168.12.38 - - [17/Feb/2013:07:45:11 +0600] "GET /pause/ajaxPause?pauseConfigId=&admin=0 HTTP/1.1" 200 1040 "http://callider/pause/index" "Mozilla/4.0 (compatible; MSIE 7.0; Windows NT 6.1; WOW64; Trident/5.0; SLCC2; .NET CLR 2.0.50727; .NET CLR 3.5.30729; .NET CLR 3.0.30729; Media Center PC 6.0; InfoPath.3; .NET4.0C; .NET4.0E)" 25647
192.168.12.77 - - [17/Feb/2013:07:45:11 +0600] "GET /pause/ajaxPause?pauseConfigId=&admin=0 HTTP/1.1" 200 1039 "http://callider/pause/index" "Mozilla/4.0 (compatible; MSIE 7.0; Windows NT 6.1; Trident/5.0; SLCC2; .NET CLR 2.0.50727; .NET CLR 3.5.30729; .NET CLR 3.0.30729; Media Center PC 6.0; Tablet PC 2.0; InfoPath.3; .NET4.0C; .NET4.0E; MS-RTC LM 8)" 13992
192.168.65.56 - - [17/Feb/2013:07:45:11 +0600] "GET /pause/ajaxPause?pauseConfigId=all&admin=1 HTTP/1.1" 200 1046 "http://192.168.65.101/pause/index" "Mozilla/5.0 (Windows NT 5.1; rv:15.0) Gecko/20100101 Firefox/15.0" 31971
192.168.12.247 - - [17/Feb/2013:07:45:12 +0600] "GET /pause/ajaxPause?pauseConfigId=&admin=0 HTTP/1.1" 200 987 "http://callider/pause/index" "Mozilla/4.0 (compatible; MSIE 7.0; Windows NT 6.1; WOW64; Trident/5.0; SLCC2; .NET CLR 2.0.50727; .NET CLR 3.5.30729; .NET CLR 3.0.30729; Media Center PC 6.0; InfoPath.3; .NET4.0C; .NET4.0E)" 36244
192.168.12.61 - - [17/Feb/2013:07:45:12 +0600] "GET /pause/ajaxPause?pauseConfigId=&admin=0 HTTP/1.1" 200 985 "http://callider/pause/index" "Mozilla/4.0 (compatible; MSIE 7.0; Windows NT 6.1; Trident/5.0; SLCC2; .NET CLR 2.0.50727; .NET CLR 3.5.30729; .NET CLR 3.0.30729; Media Center PC 6.0; InfoPath.3; .NET4.0C; .NET4.0E)" 16987
192.168.74.151 - - [17/Feb/2013:07:45:13 +0600] "GET /tv/useUser HTTP/1.1" 200 431 "http://callider.kontur/graph/general" "Mozilla/5.0 (Windows NT 6.1; WOW64; rv:18.0) Gecko/20100101 Firefox/18.0" 9253
192.168.74.78 - - [17/Feb/2013:07:45:14 +0600] "GET /pause/ajaxPause?pauseConfigId=&admin=0 HTTP/1.1" 200 986 "http://callider/pause/index" "Mozilla/4.0 (compatible; MSIE 7.0; Windows NT 6.1; WOW64; Trident/5.0; SLCC2; .NET CLR 2.0.50727; .NET CLR 3.5.30729; .NET CLR 3.0.30729; Media Center PC 6.0; InfoPath.3; .NET4.0C; MS-RTC LM 8; .NET4.0E)" 18100
192.168.12.60 - - [17/Feb/2013:07:45:14 +0600] "GET /pause/ajaxPause?pauseConfigId=&admin=0 HTTP/1.1" 200 986 "http://callider/pause/index" "Mozilla/4.0 (compatible; MSIE 8.0; Windows NT 6.1; Trident/4.0; InfoPath.3; .NET4.0C; MS-RTC LM 8; .NET4.0E)" 19023
192.168.12.204 - - [17/Feb/2013:07:45:14 +0600] "GET /pause/ajaxPause?pauseConfigId=&admin=0 HTTP/1.1" 200 986 "http://callider/pause/index" "Mozilla/4.0 (compatible; MSIE 7.0; Windows NT 6.1; WOW64; Trident/4.0; SLCC2; .NET CLR 2.0.50727; .NET CLR 3.5.30729; .NET CLR 3.0.30729; Media Center PC 6.0; InfoPath.3; .NET4.0C; .NET4.0E; .NET CLR 1.1.4322)" 18157
192.168.12.69 - - [17/Feb/2013:07:45:15 +0600] "GET /pause/ajaxPause?pauseConfigId=&admin=0 HTTP/1.1" 200 986 "http://callider/pause/index" "Mozilla/4.0 (compatible; MSIE 7.0; Windows NT 6.1; Trident/5.0; SLCC2; .NET CLR 2.0.50727; .NET CLR 3.5.30729; .NET CLR 3.0.30729; Media Center PC 6.0; InfoPath.3; .NET4.0C; .NET4.0E; Tablet PC 2.0; AskTbFXTV5/5.14.1.20007)" 217098
192.168.74.91 - - [17/Feb/2013:07:45:15 +0600] "GET /pause/ajaxPause?pauseConfigId=&admin=0 HTTP/1.1" 200 986 "http://callider/pause/index" "Mozilla/4.0 (compatible; MSIE 7.0; Windows NT 6.1; WOW64; Trident/5.0; SLCC2; .NET CLR 2.0.50727; .NET CLR 3.5.30729; .NET CLR 3.0.30729; Media Center PC 6.0; InfoPath.3; .NET4.0C; MS-RTC LM 8; .NET4.0E)" 19392
192.168.74.151 - - [17/Feb/2013:07:45:15 +0600] "GET /pause/ajaxPause?pauseConfigId=&admin=0 HTTP/1.1" 200 987 "http://callider.kontur/pause/index" "Mozilla/5.0 (Windows NT 6.1; WOW64; rv:18.0) Gecko/20100101 Firefox/18.0" 21653
192.168.74.151 - - [17/Feb/2013:07:45:15 +0600] "GET /tv/useUser HTTP/1.1" 200 432 "http://callider.kontur/pause/index" "Mozilla/5.0 (Windows NT 6.1; WOW64; rv:18.0) Gecko/20100101 Firefox/18.0" 20252
192.168.12.210 - - [17/Feb/2013:07:45:15 +0600] "GET /pause/ajaxPause?pauseConfigId=all&admin=1 HTTP/1.1" 200 1047 "http://callider/pause/index" "Mozilla/4.0 (compatible; MSIE 7.0; Windows NT 6.1; WOW64; Trident/5.0; SLCC2; .NET CLR 2.0.50727; .NET CLR 3.5.30729; .NET CLR 3.0.30729; Media Center PC 6.0; InfoPath.3; .NET4.0C; .NET4.0E)" 19686
192.168.12.38 - - [17/Feb/2013:07:45:16 +0600] "GET /pause/ajaxPause?pauseConfigId=&admin=0 HTTP/1.1" 200 1040 "http://callider/pause/index" "Mozilla/4.0 (compatible; MSIE 7.0; Windows NT 6.1; WOW64; Trident/5.0; SLCC2; .NET CLR 2.0.50727; .NET CLR 3.5.30729; .NET CLR 3.0.30729; Media Center PC 6.0; InfoPath.3; .NET4.0C; .NET4.0E)" 14064
192.168.12.77 - - [17/Feb/2013:07:45:16 +0600] "GET /pause/ajaxPause?pauseConfigId=&admin=0 HTTP/1.1" 200 1039 "http://callider/pause/index" "Mozilla/4.0 (compatible; MSIE 7.0; Windows NT 6.1; Trident/5.0; SLCC2; .NET CLR 2.0.50727; .NET CLR 3.5.30729; .NET CLR 3.0.30729; Media Center PC 6.0; Tablet PC 2.0; InfoPath.3; .NET4.0C; .NET4.0E; MS-RTC LM 8)" 12909
192.168.65.56 - - [17/Feb/2013:07:45:16 +0600] "GET /pause/ajaxPause?pauseConfigId=all&admin=1 HTTP/1.1" 200 1046 "http://192.168.65.101/pause/index" "Mozilla/5.0 (Windows NT 5.1; rv:15.0) Gecko/20100101 Firefox/15.0" 36552
192.168.12.247 - - [17/Feb/2013:07:45:17 +0600] "GET /pause/ajaxPause?pauseConfigId=&admin=0 HTTP/1.1" 200 986 "http://callider/pause/index" "Mozilla/4.0 (compatible; MSIE 7.0; Windows NT 6.1; WOW64; Trident/5.0; SLCC2; .NET CLR 2.0.50727; .NET CLR 3.5.30729; .NET CLR 3.0.30729; Media Center PC 6.0; InfoPath.3; .NET4.0C; .NET4.0E)" 20020
192.168.12.61 - - [17/Feb/2013:07:45:17 +0600] "GET /pause/ajaxPause?pauseConfigId=&admin=0 HTTP/1.1" 200 986 "http://callider/pause/index" "Mozilla/4.0 (compatible; MSIE 7.0; Windows NT 6.1; Trident/5.0; SLCC2; .NET CLR 2.0.50727; .NET CLR 3.5.30729; .NET CLR 3.0.30729; Media Center PC 6.0; InfoPath.3; .NET4.0C; .NET4.0E)" 432221
192.168.74.78 - - [17/Feb/2013:07:45:19 +0600] "GET /pause/ajaxPause?pauseConfigId=&admin=0 HTTP/1.1" 200 986 "http://callider/pause/index" "Mozilla/4.0 (compatible; MSIE 7.0; Windows NT 6.1; WOW64; Trident/5.0; SLCC2; .NET CLR 2.0.50727; .NET CLR 3.5.30729; .NET CLR 3.0.30729; Media Center PC 6.0; InfoPath.3; .NET4.0C; MS-RTC LM 8; .NET4.0E)" 19876
192.168.12.60 - - [17/Feb/2013:07:45:19 +0600] "GET /pause/ajaxPause?pauseConfigId=&admin=0 HTTP/1.1" 200 986 "http://callider/pause/index" "Mozilla/4.0 (compatible; MSIE 8.0; Windows NT 6.1; Trident/4.0; InfoPath.3; .NET4.0C; MS-RTC LM 8; .NET4.0E)" 25194
192.168.12.10 - - [17/Feb/2013:07:45:19 +0600] "GET /tv/useUser HTTP/1.1" 200 432 "http://callider/graph/personal" "Mozilla/4.0 (compatible; MSIE 7.0; Windows NT 6.1; Trident/5.0; SLCC2; .NET CLR 2.0.50727; .NET CLR 3.5.30729; .NET CLR 3.0.30729; Media Center PC 6.0; InfoPath.3; .NET4.0C; .NET4.0E; Tablet PC 2.0; MS-RTC LM 8)" 14475
192.168.12.204 - - [17/Feb/2013:07:45:19 +0600] "GET /pause/ajaxPause?pauseConfigId=&admin=0 HTTP/1.1" 200 986 "http://callider/pause/index" "Mozilla/4.0 (compatible; MSIE 7.0; Windows NT 6.1; WOW64; Trident/4.0; SLCC2; .NET CLR 2.0.50727; .NET CLR 3.5.30729; .NET CLR 3.0.30729; Media Center PC 6.0; InfoPath.3; .NET4.0C; .NET4.0E; .NET CLR 1.1.4322)" 20917
192.168.74.139 - - [17/Feb/2013:07:45:19 +0600] "GET /tv/useUser HTTP/1.1" 200 432 "http://callider/site/index" "Mozilla/4.0 (compatible; MSIE 7.0; Windows NT 6.1; WOW64; Trident/5.0; SLCC2; .NET CLR 2.0.50727; .NET CLR 3.5.30729; .NET CLR 3.0.30729; Media Center PC 6.0; InfoPath.3; .NET4.0C; .NET4.0E)" 14794
192.168.12.108 - - [17/Feb/2013:07:45:19 +0600] "GET /tv/useUser HTTP/1.1" 200 432 "http://callider/index.php" "Mozilla/4.0 (compatible; MSIE 7.0; Windows NT 6.2; WOW64; Trident/6.0; .NET4.0E; .NET4.0C; InfoPath.3; .NET CLR 3.5.30729; .NET CLR 2.0.50727; .NET CLR 3.0.30729)" 18893
192.168.12.69 - - [17/Feb/2013:07:45:20 +0600] "GET /pause/ajaxPause?pauseConfigId=&admin=0 HTTP/1.1" 200 986 "http://callider/pause/index" "Mozilla/4.0 (compatible; MSIE 7.0; Windows NT 6.1; Trident/5.0; SLCC2; .NET CLR 2.0.50727; .NET CLR 3.5.30729; .NET CLR 3.0.30729; Media Center PC 6.0; InfoPath.3; .NET4.0C; .NET4.0E; Tablet PC 2.0; AskTbFXTV5/5.14.1.20007)" 288203
192.168.74.91 - - [17/Feb/2013:07:45:20 +0600] "GET /pause/ajaxPause?pauseConfigId=&admin=0 HTTP/1.1" 200 986 "http://callider/pause/index" "Mozilla/4.0 (compatible; MSIE 7.0; Windows NT 6.1; WOW64; Trident/5.0; SLCC2; .NET CLR 2.0.50727; .NET CLR 3.5.30729; .NET CLR 3.0.30729; Media Center PC 6.0; InfoPath.3; .NET4.0C; MS-RTC LM 8; .NET4.0E)" 125725
192.168.74.151 - - [17/Feb/2013:07:45:20 +0600] "GET /pause/ajaxPause?pauseConfigId=&admin=0 HTTP/1.1" 200 987 "http://callider.kontur/pause/index" "Mozilla/5.0 (Windows NT 6.1; WOW64; rv:18.0) Gecko/20100101 Firefox/18.0" 53380
192.168.12.210 - - [17/Feb/2013:07:45:20 +0600] "GET /pause/ajaxPause?pauseConfigId=all&admin=1 HTTP/1.1" 200 1047 "http://callider/pause/index" "Mozilla/4.0 (compatible; MSIE 7.0; Windows NT 6.1; WOW64; Trident/5.0; SLCC2; .NET CLR 2.0.50727; .NET CLR 3.5.30729; .NET CLR 3.0.30729; Media Center PC 6.0; InfoPath.3; .NET4.0C; .NET4.0E)" 22921
192.168.12.38 - - [17/Feb/2013:07:45:21 +0600] "GET /pause/ajaxPause?pauseConfigId=&admin=0 HTTP/1.1" 200 1040 "http://callider/pause/index" "Mozilla/4.0 (compatible; MSIE 7.0; Windows NT 6.1; WOW64; Trident/5.0; SLCC2; .NET CLR 2.0.50727; .NET CLR 3.5.30729; .NET CLR 3.0.30729; Media Center PC 6.0; InfoPath.3; .NET4.0C; .NET4.0E)" 19475
192.168.12.77 - - [17/Feb/2013:07:45:21 +0600] "GET /pause/ajaxPause?pauseConfigId=&admin=0 HTTP/1.1" 200 1039 "http://callider/pause/index" "Mozilla/4.0 (compatible; MSIE 7.0; Windows NT 6.1; Trident/5.0; SLCC2; .NET CLR 2.0.50727; .NET CLR 3.5.30729; .NET CLR 3.0.30729; Media Center PC 6.0; Tablet PC 2.0; InfoPath.3; .NET4.0C; .NET4.0E; MS-RTC LM 8)" 13839
192.168.65.56 - - [17/Feb/2013:07:45:21 +0600] "GET /pause/ajaxPause?pauseConfigId=all&admin=1 HTTP/1.1" 200 1046 "http://192.168.65.101/pause/index" "Mozilla/5.0 (Windows NT 5.1; rv:15.0) Gecko/20100101 Firefox/15.0" 29195
192.168.12.247 - - [17/Feb/2013:07:45:22 +0600] "GET /pause/ajaxPause?pauseConfigId=&admin=0 HTTP/1.1" 200 986 "http://callider/pause/index" "Mozilla/4.0 (compatible; MSIE 7.0; Windows NT 6.1; WOW64; Trident/5.0; SLCC2; .NET CLR 2.0.50727; .NET CLR 3.5.30729; .NET CLR 3.0.30729; Media Center PC 6.0; InfoPath.3; .NET4.0C; .NET4.0E)" 19443
192.168.12.61 - - [17/Feb/2013:07:45:22 +0600] "GET /pause/ajaxPause?pauseConfigId=&admin=0 HTTP/1.1" 200 985 "http://callider/pause/index" "Mozilla/4.0 (compatible; MSIE 7.0; Windows NT 6.1; Trident/5.0; SLCC2; .NET CLR 2.0.50727; .NET CLR 3.5.30729; .NET CLR 3.0.30729; Media Center PC 6.0; InfoPath.3; .NET4.0C; .NET4.0E)" 18729
192.168.74.78 - - [17/Feb/2013:07:45:24 +0600] "GET /pause/ajaxPause?pauseConfigId=&admin=0 HTTP/1.1" 200 986 "http://callider/pause/index" "Mozilla/4.0 (compatible; MSIE 7.0; Windows NT 6.1; WOW64; Trident/5.0; SLCC2; .NET CLR 2.0.50727; .NET CLR 3.5.30729; .NET CLR 3.0.30729; Media Center PC 6.0; InfoPath.3; .NET4.0C; MS-RTC LM 8; .NET4.0E)" 20064
192.168.12.60 - - [17/Feb/2013:07:45:24 +0600] "GET /pause/ajaxPause?pauseConfigId=&admin=0 HTTP/1.1" 200 986 "http://callider/pause/index" "Mozilla/4.0 (compatible; MSIE 8.0; Windows NT 6.1; Trident/4.0; InfoPath.3; .NET4.0C; MS-RTC LM 8; .NET4.0E)" 20361
192.168.12.204 - - [17/Feb/2013:07:45:24 +0600] "GET /pause/ajaxPause?pauseConfigId=&admin=0 HTTP/1.1" 200 986 "http://callider/pause/index" "Mozilla/4.0 (compatible; MSIE 7.0; Windows NT 6.1; WOW64; Trident/4.0; SLCC2; .NET CLR 2.0.50727; .NET CLR 3.5.30729; .NET CLR 3.0.30729; Media Center PC 6.0; InfoPath.3; .NET4.0C; .NET4.0E; .NET CLR 1.1.4322)" 22686
192.168.12.202 - - [17/Feb/2013:07:45:25 +0600] "GET /site/index HTTP/1.1" 200 4916 "http://callider/employees/index" "Mozilla/4.0 (compatible; MSIE 7.0; Windows NT 6.1; Trident/4.0; MRSPUTNIK 2, 4, 0, 516; GTB7.4; SLCC2; .NET CLR 2.0.50727; .NET CLR 3.5.30729; .NET CLR 3.0.30729; Media Center PC 6.0; Tablet PC 2.0; .NET4.0C; .NET4.0E; InfoPath.3)" 51406
192.168.12.69 - - [17/Feb/2013:07:45:25 +0600] "GET /pause/ajaxPause?pauseConfigId=&admin=0 HTTP/1.1" 200 986 "http://callider/pause/index" "Mozilla/4.0 (compatible; MSIE 7.0; Windows NT 6.1; Trident/5.0; SLCC2; .NET CLR 2.0.50727; .NET CLR 3.5.30729; .NET CLR 3.0.30729; Media Center PC 6.0; InfoPath.3; .NET4.0C; .NET4.0E; Tablet PC 2.0; AskTbFXTV5/5.14.1.20007)" 19491
192.168.74.91 - - [17/Feb/2013:07:45:25 +0600] "GET /pause/ajaxPause?pauseConfigId=&admin=0 HTTP/1.1" 200 986 "http://callider/pause/index" "Mozilla/4.0 (compatible; MSIE 7.0; Windows NT 6.1; WOW64; Trident/5.0; SLCC2; .NET CLR 2.0.50727; .NET CLR 3.5.30729; .NET CLR 3.0.30729; Media Center PC 6.0; InfoPath.3; .NET4.0C; MS-RTC LM 8; .NET4.0E)" 20965
192.168.74.151 - - [17/Feb/2013:07:45:25 +0600] "GET /pause/ajaxPause?pauseConfigId=&admin=0 HTTP/1.1" 200 987 "http://callider.kontur/pause/index" "Mozilla/5.0 (Windows NT 6.1; WOW64; rv:18.0) Gecko/20100101 Firefox/18.0" 18364
192.168.12.202 - - [17/Feb/2013:07:45:25 +0600] "GET /css/screen.css HTTP/1.1" 304 211 "http://callider/site/index" "Mozilla/4.0 (compatible; MSIE 7.0; Windows NT 6.1; Trident/4.0; MRSPUTNIK 2, 4, 0, 516; GTB7.4; SLCC2; .NET CLR 2.0.50727; .NET CLR 3.5.30729; .NET CLR 3.0.30729; Media Center PC 6.0; Tablet PC 2.0; .NET4.0C; .NET4.0E; InfoPath.3)" 963
192.168.12.202 - - [17/Feb/2013:07:45:25 +0600] "GET /css/print.css HTTP/1.1" 304 210 "http://callider/site/index" "Mozilla/4.0 (compatible; MSIE 7.0; Windows NT 6.1; Trident/4.0; MRSPUTNIK 2, 4, 0, 516; GTB7.4; SLCC2; .NET CLR 2.0.50727; .NET CLR 3.5.30729; .NET CLR 3.0.30729; Media Center PC 6.0; Tablet PC 2.0; .NET4.0C; .NET4.0E; InfoPath.3)" 481
192.168.12.210 - - [17/Feb/2013:07:45:25 +0600] "GET /pause/ajaxPause?pauseConfigId=all&admin=1 HTTP/1.1" 200 1047 "http://callider/pause/index" "Mozilla/4.0 (compatible; MSIE 7.0; Windows NT 6.1; WOW64; Trident/5.0; SLCC2; .NET CLR 2.0.50727; .NET CLR 3.5.30729; .NET CLR 3.0.30729; Media Center PC 6.0; InfoPath.3; .NET4.0C; .NET4.0E)" 22412
192.168.12.202 - - [17/Feb/2013:07:45:25 +0600] "GET /css/ie.css HTTP/1.1" 304 210 "http://callider/site/index" "Mozilla/4.0 (compatible; MSIE 7.0; Windows NT 6.1; Trident/4.0; MRSPUTNIK 2, 4, 0, 516; GTB7.4; SLCC2; .NET CLR 2.0.50727; .NET CLR 3.5.30729; .NET CLR 3.0.30729; Media Center PC 6.0; Tablet PC 2.0; .NET4.0C; .NET4.0E; InfoPath.3)" 490
192.168.12.202 - - [17/Feb/2013:07:45:25 +0600] "GET /css/main.css HTTP/1.1" 304 0 "http://callider/site/index" "Mozilla/4.0 (compatible; MSIE 7.0; Windows NT 6.1; Trident/4.0; MRSPUTNIK 2, 4, 0, 516; GTB7.4; SLCC2; .NET CLR 2.0.50727; .NET CLR 3.5.30729; .NET CLR 3.0.30729; Media Center PC 6.0; Tablet PC 2.0; .NET4.0C; .NET4.0E; InfoPath.3)" 255
192.168.12.38 - - [17/Feb/2013:07:45:26 +0600] "GET /pause/ajaxPause?pauseConfigId=&admin=0 HTTP/1.1" 200 1040 "http://callider/pause/index" "Mozilla/4.0 (compatible; MSIE 7.0; Windows NT 6.1; WOW64; Trident/5.0; SLCC2; .NET CLR 2.0.50727; .NET CLR 3.5.30729; .NET CLR 3.0.30729; Media Center PC 6.0; InfoPath.3; .NET4.0C; .NET4.0E)" 20567
192.168.12.77 - - [17/Feb/2013:07:45:26 +0600] "GET /pause/ajaxPause?pauseConfigId=&admin=0 HTTP/1.1" 200 1039 "http://callider/pause/index" "Mozilla/4.0 (compatible; MSIE 7.0; Windows NT 6.1; Trident/5.0; SLCC2; .NET CLR 2.0.50727; .NET CLR 3.5.30729; .NET CLR 3.0.30729; Media Center PC 6.0; Tablet PC 2.0; InfoPath.3; .NET4.0C; .NET4.0E; MS-RTC LM 8)" 12216
192.168.65.56 - - [17/Feb/2013:07:45:26 +0600] "GET /pause/ajaxPause?pauseConfigId=all&admin=1 HTTP/1.1" 200 1046 "http://192.168.65.101/pause/index" "Mozilla/5.0 (Windows NT 5.1; rv:15.0) Gecko/20100101 Firefox/15.0" 29371
192.168.12.247 - - [17/Feb/2013:07:45:27 +0600] "GET /pause/ajaxPause?pauseConfigId=&admin=0 HTTP/1.1" 200 986 "http://callider/pause/index" "Mozilla/4.0 (compatible; MSIE 7.0; Windows NT 6.1; WOW64; Trident/5.0; SLCC2; .NET CLR 2.0.50727; .NET CLR 3.5.30729; .NET CLR 3.0.30729; Media Center PC 6.0; InfoPath.3; .NET4.0C; .NET4.0E)" 19936
192.168.12.61 - - [17/Feb/2013:07:45:27 +0600] "GET /pause/ajaxPause?pauseConfigId=&admin=0 HTTP/1.1" 200 985 "http://callider/pause/index" "Mozilla/4.0 (compatible; MSIE 7.0; Windows NT 6.1; Trident/5.0; SLCC2; .NET CLR 2.0.50727; .NET CLR 3.5.30729; .NET CLR 3.0.30729; Media Center PC 6.0; InfoPath.3; .NET4.0C; .NET4.0E)" 27814
192.168.74.78 - - [17/Feb/2013:07:45:29 +0600] "GET /pause/ajaxPause?pauseConfigId=&admin=0 HTTP/1.1" 200 986 "http://callider/pause/index" "Mozilla/4.0 (compatible; MSIE 7.0; Windows NT 6.1; WOW64; Trident/5.0; SLCC2; .NET CLR 2.0.50727; .NET CLR 3.5.30729; .NET CLR 3.0.30729; Media Center PC 6.0; InfoPath.3; .NET4.0C; MS-RTC LM 8; .NET4.0E)" 118073
192.168.12.60 - - [17/Feb/2013:07:45:29 +0600] "GET /pause/ajaxPause?pauseConfigId=&admin=0 HTTP/1.1" 200 986 "http://callider/pause/index" "Mozilla/4.0 (compatible; MSIE 8.0; Windows NT 6.1; Trident/4.0; InfoPath.3; .NET4.0C; MS-RTC LM 8; .NET4.0E)" 271463
192.168.12.204 - - [17/Feb/2013:07:45:29 +0600] "GET /pause/ajaxPause?pauseConfigId=&admin=0 HTTP/1.1" 200 986 "http://callider/pause/index" "Mozilla/4.0 (compatible; MSIE 7.0; Windows NT 6.1; WOW64; Trident/4.0; SLCC2; .NET CLR 2.0.50727; .NET CLR 3.5.30729; .NET CLR 3.0.30729; Media Center PC 6.0; InfoPath.3; .NET4.0C; .NET4.0E; .NET CLR 1.1.4322)" 19163
192.168.12.202 - - [17/Feb/2013:07:45:29 +0600] "GET /css/main.css HTTP/1.1" 304 212 "http://callider/site/index" "Mozilla/4.0 (compatible; MSIE 7.0; Windows NT 6.1; Trident/4.0; MRSPUTNIK 2, 4, 0, 516; GTB7.4; SLCC2; .NET CLR 2.0.50727; .NET CLR 3.5.30729; .NET CLR 3.0.30729; Media Center PC 6.0; Tablet PC 2.0; .NET4.0C; .NET4.0E; InfoPath.3)" 1561
192.168.12.202 - - [17/Feb/2013:07:45:29 +0600] "GET /css/form.css HTTP/1.1" 304 210 "http://callider/site/index" "Mozilla/4.0 (compatible; MSIE 7.0; Windows NT 6.1; Trident/4.0; MRSPUTNIK 2, 4, 0, 516; GTB7.4; SLCC2; .NET CLR 2.0.50727; .NET CLR 3.5.30729; .NET CLR 3.0.30729; Media Center PC 6.0; Tablet PC 2.0; .NET4.0C; .NET4.0E; InfoPath.3)" 278
192.168.12.202 - - [17/Feb/2013:07:45:29 +0600] "GET /css/menu.css HTTP/1.1" 304 211 "http://callider/site/index" "Mozilla/4.0 (compatible; MSIE 7.0; Windows NT 6.1; Trident/4.0; MRSPUTNIK 2, 4, 0, 516; GTB7.4; SLCC2; .NET CLR 2.0.50727; .NET CLR 3.5.30729; .NET CLR 3.0.30729; Media Center PC 6.0; Tablet PC 2.0; .NET4.0C; .NET4.0E; InfoPath.3)" 914
192.168.12.202 - - [17/Feb/2013:07:45:29 +0600] "GET /assets/style-2764dfc9.css?1344250831 HTTP/1.1" 304 212 "http://callider/site/index" "Mozilla/4.0 (compatible; MSIE 7.0; Windows NT 6.1; Trident/4.0; MRSPUTNIK 2, 4, 0, 516; GTB7.4; SLCC2; .NET CLR 2.0.50727; .NET CLR 3.5.30729; .NET CLR 3.0.30729; Media Center PC 6.0; Tablet PC 2.0; .NET4.0C; .NET4.0E; InfoPath.3)" 980
192.168.12.202 - - [17/Feb/2013:07:45:29 +0600] "GET /assets/708a95a7/jquery.min.js HTTP/1.1" 304 212 "http://callider/site/index" "Mozilla/4.0 (compatible; MSIE 7.0; Windows NT 6.1; Trident/4.0; MRSPUTNIK 2, 4, 0, 516; GTB7.4; SLCC2; .NET CLR 2.0.50727; .NET CLR 3.5.30729; .NET CLR 3.0.30729; Media Center PC 6.0; Tablet PC 2.0; .NET4.0C; .NET4.0E; InfoPath.3)" 314
192.168.12.69 - - [17/Feb/2013:07:45:30 +0600] "GET /pause/ajaxPause?pauseConfigId=&admin=0 HTTP/1.1" 200 986 "http://callider/pause/index" "Mozilla/4.0 (compatible; MSIE 7.0; Windows NT 6.1; Trident/5.0; SLCC2; .NET CLR 2.0.50727; .NET CLR 3.5.30729; .NET CLR 3.0.30729; Media Center PC 6.0; InfoPath.3; .NET4.0C; .NET4.0E; Tablet PC 2.0; AskTbFXTV5/5.14.1.20007)" 19019
192.168.74.91 - - [17/Feb/2013:07:45:30 +0600] "GET /pause/ajaxPause?pauseConfigId=&admin=0 HTTP/1.1" 200 986 "http://callider/pause/index" "Mozilla/4.0 (compatible; MSIE 7.0; Windows NT 6.1; WOW64; Trident/5.0; SLCC2; .NET CLR 2.0.50727; .NET CLR 3.5.30729; .NET CLR 3.0.30729; Media Center PC 6.0; InfoPath.3; .NET4.0C; MS-RTC LM 8; .NET4.0E)" 17904
192.168.74.151 - - [17/Feb/2013:07:45:30 +0600] "GET /pause/ajaxPause?pauseConfigId=&admin=0 HTTP/1.1" 200 987 "http://callider.kontur/pause/index" "Mozilla/5.0 (Windows NT 6.1; WOW64; rv:18.0) Gecko/20100101 Firefox/18.0" 18956
192.168.12.202 - - [17/Feb/2013:07:45:30 +0600] "GET /assets/c6c08b0/index.js HTTP/1.1" 304 211 "http://callider/site/index" "Mozilla/4.0 (compatible; MSIE 7.0; Windows NT 6.1; Trident/4.0; MRSPUTNIK 2, 4, 0, 516; GTB7.4; SLCC2; .NET CLR 2.0.50727; .NET CLR 3.5.30729; .NET CLR 3.0.30729; Media Center PC 6.0; Tablet PC 2.0; .NET4.0C; .NET4.0E; InfoPath.3)" 667
192.168.12.202 - - [17/Feb/2013:07:45:30 +0600] "GET /js/extensions/jquery.scrollTo.js HTTP/1.1" 304 211 "http://callider/site/index" "Mozilla/4.0 (compatible; MSIE 7.0; Windows NT 6.1; Trident/4.0; MRSPUTNIK 2, 4, 0, 516; GTB7.4; SLCC2; .NET CLR 2.0.50727; .NET CLR 3.5.30729; .NET CLR 3.0.30729; Media Center PC 6.0; Tablet PC 2.0; .NET4.0C; .NET4.0E; InfoPath.3)" 847
192.168.12.210 - - [17/Feb/2013:07:45:30 +0600] "GET /pause/ajaxPause?pauseConfigId=all&admin=1 HTTP/1.1" 200 1047 "http://callider/pause/index" "Mozilla/4.0 (compatible; MSIE 7.0; Windows NT 6.1; WOW64; Trident/5.0; SLCC2; .NET CLR 2.0.50727; .NET CLR 3.5.30729; .NET CLR 3.0.30729; Media Center PC 6.0; InfoPath.3; .NET4.0C; .NET4.0E)" 21196
192.168.12.202 - - [17/Feb/2013:07:45:30 +0600] "GET /js/extensions/scrollTo.js HTTP/1.1" 304 210 "http://callider/site/index" "Mozilla/4.0 (compatible; MSIE 7.0; Windows NT 6.1; Trident/4.0; MRSPUTNIK 2, 4, 0, 516; GTB7.4; SLCC2; .NET CLR 2.0.50727; .NET CLR 3.5.30729; .NET CLR 3.0.30729; Media Center PC 6.0; Tablet PC 2.0; .NET4.0C; .NET4.0E; InfoPath.3)" 467
192.168.12.202 - - [17/Feb/2013:07:45:30 +0600] "GET /js/extensions/jquery.hoverIntent.js HTTP/1.1" 304 210 "http://callider/site/index" "Mozilla/4.0 (compatible; MSIE 7.0; Windows NT 6.1; Trident/4.0; MRSPUTNIK 2, 4, 0, 516; GTB7.4; SLCC2; .NET CLR 2.0.50727; .NET CLR 3.5.30729; .NET CLR 3.0.30729; Media Center PC 6.0; Tablet PC 2.0; .NET4.0C; .NET4.0E; InfoPath.3)" 835
192.168.12.202 - - [17/Feb/2013:07:45:30 +0600] "GET /js/main.js HTTP/1.1" 304 211 "http://callider/site/index" "Mozilla/4.0 (compatible; MSIE 7.0; Windows NT 6.1; Trident/4.0; MRSPUTNIK 2, 4, 0, 516; GTB7.4; SLCC2; .NET CLR 2.0.50727; .NET CLR 3.5.30729; .NET CLR 3.0.30729; Media Center PC 6.0; Tablet PC 2.0; .NET4.0C; .NET4.0E; InfoPath.3)" 322
192.168.12.202 - - [17/Feb/2013:07:45:30 +0600] "GET /assets/2e997c9/jqueryslidemenu.js HTTP/1.1" 304 211 "http://callider/site/index" "Mozilla/4.0 (compatible; MSIE 7.0; Windows NT 6.1; Trident/4.0; MRSPUTNIK 2, 4, 0, 516; GTB7.4; SLCC2; .NET CLR 2.0.50727; .NET CLR 3.5.30729; .NET CLR 3.0.30729; Media Center PC 6.0; Tablet PC 2.0; .NET4.0C; .NET4.0E; InfoPath.3)" 288
192.168.12.202 - - [17/Feb/2013:07:45:30 +0600] "GET /images//conf6.png HTTP/1.1" 304 187 "http://callider/site/index" "Mozilla/4.0 (compatible; MSIE 7.0; Windows NT 6.1; Trident/4.0; MRSPUTNIK 2, 4, 0, 516; GTB7.4; SLCC2; .NET CLR 2.0.50727; .NET CLR 3.5.30729; .NET CLR 3.0.30729; Media Center PC 6.0; Tablet PC 2.0; .NET4.0C; .NET4.0E; InfoPath.3)" 398
192.168.12.202 - - [17/Feb/2013:07:45:30 +0600] "GET /images/CallCenter_100.png HTTP/1.1" 304 189 "http://callider/site/index" "Mozilla/4.0 (compatible; MSIE 7.0; Windows NT 6.1; Trident/4.0; MRSPUTNIK 2, 4, 0, 516; GTB7.4; SLCC2; .NET CLR 2.0.50727; .NET CLR 3.5.30729; .NET CLR 3.0.30729; Media Center PC 6.0; Tablet PC 2.0; .NET4.0C; .NET4.0E; InfoPath.3)" 436
192.168.12.202 - - [17/Feb/2013:07:45:31 +0600] "GET /images/box/1.png HTTP/1.1" 304 187 "http://callider/site/index" "Mozilla/4.0 (compatible; MSIE 7.0; Windows NT 6.1; Trident/4.0; MRSPUTNIK 2, 4, 0, 516; GTB7.4; SLCC2; .NET CLR 2.0.50727; .NET CLR 3.5.30729; .NET CLR 3.0.30729; Media Center PC 6.0; Tablet PC 2.0; .NET4.0C; .NET4.0E; InfoPath.3)" 372
192.168.12.202 - - [17/Feb/2013:07:45:31 +0600] "GET /images/box/5.png HTTP/1.1" 304 187 "http://callider/site/index" "Mozilla/4.0 (compatible; MSIE 7.0; Windows NT 6.1; Trident/4.0; MRSPUTNIK 2, 4, 0, 516; GTB7.4; SLCC2; .NET CLR 2.0.50727; .NET CLR 3.5.30729; .NET CLR 3.0.30729; Media Center PC 6.0; Tablet PC 2.0; .NET4.0C; .NET4.0E; InfoPath.3)" 531
192.168.12.202 - - [17/Feb/2013:07:45:31 +0600] "GET /images/box/12.png HTTP/1.1" 304 187 "http://callider/site/index" "Mozilla/4.0 (compatible; MSIE 7.0; Windows NT 6.1; Trident/4.0; MRSPUTNIK 2, 4, 0, 516; GTB7.4; SLCC2; .NET CLR 2.0.50727; .NET CLR 3.5.30729; .NET CLR 3.0.30729; Media Center PC 6.0; Tablet PC 2.0; .NET4.0C; .NET4.0E; InfoPath.3)" 487
192.168.12.202 - - [17/Feb/2013:07:45:31 +0600] "GET /images/box/11.png HTTP/1.1" 304 187 "http://callider/site/index" "Mozilla/4.0 (compatible; MSIE 7.0; Windows NT 6.1; Trident/4.0; MRSPUTNIK 2, 4, 0, 516; GTB7.4; SLCC2; .NET CLR 2.0.50727; .NET CLR 3.5.30729; .NET CLR 3.0.30729; Media Center PC 6.0; Tablet PC 2.0; .NET4.0C; .NET4.0E; InfoPath.3)" 513
192.168.12.202 - - [17/Feb/2013:07:45:31 +0600] "GET /images/box/6.png HTTP/1.1" 304 187 "http://callider/site/index" "Mozilla/4.0 (compatible; MSIE 7.0; Windows NT 6.1; Trident/4.0; MRSPUTNIK 2, 4, 0, 516; GTB7.4; SLCC2; .NET CLR 2.0.50727; .NET CLR 3.5.30729; .NET CLR 3.0.30729; Media Center PC 6.0; Tablet PC 2.0; .NET4.0C; .NET4.0E; InfoPath.3)" 340
192.168.12.202 - - [17/Feb/2013:07:45:31 +0600] "GET /images/box/8.png HTTP/1.1" 304 187 "http://callider/site/index" "Mozilla/4.0 (compatible; MSIE 7.0; Windows NT 6.1; Trident/4.0; MRSPUTNIK 2, 4, 0, 516; GTB7.4; SLCC2; .NET CLR 2.0.50727; .NET CLR 3.5.30729; .NET CLR 3.0.30729; Media Center PC 6.0; Tablet PC 2.0; .NET4.0C; .NET4.0E; InfoPath.3)" 456
192.168.12.38 - - [17/Feb/2013:07:45:31 +0600] "GET /pause/ajaxPause?pauseConfigId=&admin=0 HTTP/1.1" 200 1040 "http://callider/pause/index" "Mozilla/4.0 (compatible; MSIE 7.0; Windows NT 6.1; WOW64; Trident/5.0; SLCC2; .NET CLR 2.0.50727; .NET CLR 3.5.30729; .NET CLR 3.0.30729; Media Center PC 6.0; InfoPath.3; .NET4.0C; .NET4.0E)" 16143
192.168.12.77 - - [17/Feb/2013:07:45:31 +0600] "GET /pause/ajaxPause?pauseConfigId=&admin=0 HTTP/1.1" 200 1039 "http://callider/pause/index" "Mozilla/4.0 (compatible; MSIE 7.0; Windows NT 6.1; Trident/5.0; SLCC2; .NET CLR 2.0.50727; .NET CLR 3.5.30729; .NET CLR 3.0.30729; Media Center PC 6.0; Tablet PC 2.0; InfoPath.3; .NET4.0C; .NET4.0E; MS-RTC LM 8)" 19724
192.168.65.56 - - [17/Feb/2013:07:45:31 +0600] "GET /pause/ajaxPause?pauseConfigId=all&admin=1 HTTP/1.1" 200 1046 "http://192.168.65.101/pause/index" "Mozilla/5.0 (Windows NT 5.1; rv:15.0) Gecko/20100101 Firefox/15.0" 30525
192.168.12.247 - - [17/Feb/2013:07:45:32 +0600] "GET /pause/ajaxPause?pauseConfigId=&admin=0 HTTP/1.1" 200 986 "http://callider/pause/index" "Mozilla/4.0 (compatible; MSIE 7.0; Windows NT 6.1; WOW64; Trident/5.0; SLCC2; .NET CLR 2.0.50727; .NET CLR 3.5.30729; .NET CLR 3.0.30729; Media Center PC 6.0; InfoPath.3; .NET4.0C; .NET4.0E)" 20994
192.168.12.61 - - [17/Feb/2013:07:45:32 +0600] "GET /pause/ajaxPause?pauseConfigId=&admin=0 HTTP/1.1" 200 986 "http://callider/pause/index" "Mozilla/4.0 (compatible; MSIE 7.0; Windows NT 6.1; Trident/5.0; SLCC2; .NET CLR 2.0.50727; .NET CLR 3.5.30729; .NET CLR 3.0.30729; Media Center PC 6.0; InfoPath.3; .NET4.0C; .NET4.0E)" 165277
192.168.74.78 - - [17/Feb/2013:07:45:34 +0600] "GET /pause/ajaxPause?pauseConfigId=&admin=0 HTTP/1.1" 200 986 "http://callider/pause/index" "Mozilla/4.0 (compatible; MSIE 7.0; Windows NT 6.1; WOW64; Trident/5.0; SLCC2; .NET CLR 2.0.50727; .NET CLR 3.5.30729; .NET CLR 3.0.30729; Media Center PC 6.0; InfoPath.3; .NET4.0C; MS-RTC LM 8; .NET4.0E)" 18944
192.168.12.60 - - [17/Feb/2013:07:45:34 +0600] "GET /pause/ajaxPause?pauseConfigId=&admin=0 HTTP/1.1" 200 986 "http://callider/pause/index" "Mozilla/4.0 (compatible; MSIE 8.0; Windows NT 6.1; Trident/4.0; InfoPath.3; .NET4.0C; MS-RTC LM 8; .NET4.0E)" 210726
192.168.12.67 - - [17/Feb/2013:07:45:34 +0600] "GET /tv/useUser HTTP/1.1" 200 432 "http://callider/graph/personal" "Mozilla/4.0 (compatible; MSIE 7.0; Windows NT 6.1; Trident/5.0; SLCC2; .NET CLR 2.0.50727; .NET CLR 3.5.30729; .NET CLR 3.0.30729; Media Center PC 6.0; .NET4.0C; .NET4.0E; InfoPath.3; Tablet PC 2.0; MS-RTC LM 8)" 22149
192.168.12.204 - - [17/Feb/2013:07:45:34 +0600] "GET /pause/ajaxPause?pauseConfigId=&admin=0 HTTP/1.1" 200 986 "http://callider/pause/index" "Mozilla/4.0 (compatible; MSIE 7.0; Windows NT 6.1; WOW64; Trident/4.0; SLCC2; .NET CLR 2.0.50727; .NET CLR 3.5.30729; .NET CLR 3.0.30729; Media Center PC 6.0; InfoPath.3; .NET4.0C; .NET4.0E; .NET CLR 1.1.4322)" 22088
192.168.12.69 - - [17/Feb/2013:07:45:35 +0600] "GET /pause/ajaxPause?pauseConfigId=&admin=0 HTTP/1.1" 200 986 "http://callider/pause/index" "Mozilla/4.0 (compatible; MSIE 7.0; Windows NT 6.1; Trident/5.0; SLCC2; .NET CLR 2.0.50727; .NET CLR 3.5.30729; .NET CLR 3.0.30729; Media Center PC 6.0; InfoPath.3; .NET4.0C; .NET4.0E; Tablet PC 2.0; AskTbFXTV5/5.14.1.20007)" 18433
192.168.74.91 - - [17/Feb/2013:07:45:35 +0600] "GET /pause/ajaxPause?pauseConfigId=&admin=0 HTTP/1.1" 200 986 "http://callider/pause/index" "Mozilla/4.0 (compatible; MSIE 7.0; Windows NT 6.1; WOW64; Trident/5.0; SLCC2; .NET CLR 2.0.50727; .NET CLR 3.5.30729; .NET CLR 3.0.30729; Media Center PC 6.0; InfoPath.3; .NET4.0C; MS-RTC LM 8; .NET4.0E)" 38423
192.168.74.151 - - [17/Feb/2013:07:45:35 +0600] "GET /pause/ajaxPause?pauseConfigId=&admin=0 HTTP/1.1" 200 987 "http://callider.kontur/pause/index" "Mozilla/5.0 (Windows NT 6.1; WOW64; rv:18.0) Gecko/20100101 Firefox/18.0" 18091
192.168.12.210 - - [17/Feb/2013:07:45:35 +0600] "GET /pause/ajaxPause?pauseConfigId=all&admin=1 HTTP/1.1" 200 1047 "http://callider/pause/index" "Mozilla/4.0 (compatible; MSIE 7.0; Windows NT 6.1; WOW64; Trident/5.0; SLCC2; .NET CLR 2.0.50727; .NET CLR 3.5.30729; .NET CLR 3.0.30729; Media Center PC 6.0; InfoPath.3; .NET4.0C; .NET4.0E)" 34436
192.168.12.202 - - [17/Feb/2013:07:45:35 +0600] "GET /assets/2673a569/down.gif HTTP/1.1" 304 187 "http://callider/site/index" "Mozilla/4.0 (compatible; MSIE 7.0; Windows NT 6.1; Trident/4.0; MRSPUTNIK 2, 4, 0, 516; GTB7.4; SLCC2; .NET CLR 2.0.50727; .NET CLR 3.5.30729; .NET CLR 3.0.30729; Media Center PC 6.0; Tablet PC 2.0; .NET4.0C; .NET4.0E; InfoPath.3)" 551
192.168.12.38 - - [17/Feb/2013:07:45:36 +0600] "GET /pause/ajaxPause?pauseConfigId=&admin=0 HTTP/1.1" 200 1040 "http://callider/pause/index" "Mozilla/4.0 (compatible; MSIE 7.0; Windows NT 6.1; WOW64; Trident/5.0; SLCC2; .NET CLR 2.0.50727; .NET CLR 3.5.30729; .NET CLR 3.0.30729; Media Center PC 6.0; InfoPath.3; .NET4.0C; .NET4.0E)" 15584
192.168.12.77 - - [17/Feb/2013:07:45:36 +0600] "GET /pause/ajaxPause?pauseConfigId=&admin=0 HTTP/1.1" 200 1039 "http://callider/pause/index" "Mozilla/4.0 (compatible; MSIE 7.0; Windows NT 6.1; Trident/5.0; SLCC2; .NET CLR 2.0.50727; .NET CLR 3.5.30729; .NET CLR 3.0.30729; Media Center PC 6.0; Tablet PC 2.0; InfoPath.3; .NET4.0C; .NET4.0E; MS-RTC LM 8)" 14728
192.168.65.56 - - [17/Feb/2013:07:45:36 +0600] "GET /pause/ajaxPause?pauseConfigId=all&admin=1 HTTP/1.1" 200 1046 "http://192.168.65.101/pause/index" "Mozilla/5.0 (Windows NT 5.1; rv:15.0) Gecko/20100101 Firefox/15.0" 30041
192.168.12.247 - - [17/Feb/2013:07:45:37 +0600] "GET /pause/ajaxPause?pauseConfigId=&admin=0 HTTP/1.1" 200 986 "http://callider/pause/index" "Mozilla/4.0 (compatible; MSIE 7.0; Windows NT 6.1; WOW64; Trident/5.0; SLCC2; .NET CLR 2.0.50727; .NET CLR 3.5.30729; .NET CLR 3.0.30729; Media Center PC 6.0; InfoPath.3; .NET4.0C; .NET4.0E)" 31135
192.168.12.61 - - [17/Feb/2013:07:45:37 +0600] "GET /pause/ajaxPause?pauseConfigId=&admin=0 HTTP/1.1" 200 985 "http://callider/pause/index" "Mozilla/4.0 (compatible; MSIE 7.0; Windows NT 6.1; Trident/5.0; SLCC2; .NET CLR 2.0.50727; .NET CLR 3.5.30729; .NET CLR 3.0.30729; Media Center PC 6.0; InfoPath.3; .NET4.0C; .NET4.0E)" 17742
192.168.74.93 - - [17/Feb/2013:07:45:37 +0600] "GET /tv/useUser HTTP/1.1" 200 432 "http://callider/graph/personal" "Mozilla/4.0 (compatible; MSIE 7.0; Windows NT 6.1; WOW64; Trident/5.0; SLCC2; .NET CLR 2.0.50727; .NET CLR 3.5.30729; .NET CLR 3.0.30729; Media Center PC 6.0; InfoPath.3; .NET4.0C; .NET4.0E)" 16877
192.168.74.78 - - [17/Feb/2013:07:45:39 +0600] "GET /pause/ajaxPause?pauseConfigId=&admin=0 HTTP/1.1" 200 986 "http://callider/pause/index" "Mozilla/4.0 (compatible; MSIE 7.0; Windows NT 6.1; WOW64; Trident/5.0; SLCC2; .NET CLR 2.0.50727; .NET CLR 3.5.30729; .NET CLR 3.0.30729; Media Center PC 6.0; InfoPath.3; .NET4.0C; MS-RTC LM 8; .NET4.0E)" 20903
192.168.12.210 - - [17/Feb/2013:07:45:39 +0600] "GET /tv/useUser HTTP/1.1" 200 431 "http://callider/graph/general" "Mozilla/4.0 (compatible; MSIE 7.0; Windows NT 6.1; WOW64; Trident/5.0; SLCC2; .NET CLR 2.0.50727; .NET CLR 3.5.30729; .NET CLR 3.0.30729; Media Center PC 6.0; InfoPath.3; .NET4.0C; .NET4.0E)" 8990
192.168.12.60 - - [17/Feb/2013:07:45:39 +0600] "GET /pause/ajaxPause?pauseConfigId=&admin=0 HTTP/1.1" 200 986 "http://callider/pause/index" "Mozilla/4.0 (compatible; MSIE 8.0; Windows NT 6.1; Trident/4.0; InfoPath.3; .NET4.0C; MS-RTC LM 8; .NET4.0E)" 24718
192.168.12.204 - - [17/Feb/2013:07:45:39 +0600] "GET /pause/ajaxPause?pauseConfigId=&admin=0 HTTP/1.1" 200 986 "http://callider/pause/index" "Mozilla/4.0 (compatible; MSIE 7.0; Windows NT 6.1; WOW64; Trident/4.0; SLCC2; .NET CLR 2.0.50727; .NET CLR 3.5.30729; .NET CLR 3.0.30729; Media Center PC 6.0; InfoPath.3; .NET4.0C; .NET4.0E; .NET CLR 1.1.4322)" 25736
192.168.12.69 - - [17/Feb/2013:07:45:40 +0600] "GET /pause/ajaxPause?pauseConfigId=&admin=0 HTTP/1.1" 200 986 "http://callider/pause/index" "Mozilla/4.0 (compatible; MSIE 7.0; Windows NT 6.1; Trident/5.0; SLCC2; .NET CLR 2.0.50727; .NET CLR 3.5.30729; .NET CLR 3.0.30729; Media Center PC 6.0; InfoPath.3; .NET4.0C; .NET4.0E; Tablet PC 2.0; AskTbFXTV5/5.14.1.20007)" 21201
192.168.74.91 - - [17/Feb/2013:07:45:40 +0600] "GET /pause/ajaxPause?pauseConfigId=&admin=0 HTTP/1.1" 200 986 "http://callider/pause/index" "Mozilla/4.0 (compatible; MSIE 7.0; Windows NT 6.1; WOW64; Trident/5.0; SLCC2; .NET CLR 2.0.50727; .NET CLR 3.5.30729; .NET CLR 3.0.30729; Media Center PC 6.0; InfoPath.3; .NET4.0C; MS-RTC LM 8; .NET4.0E)" 18643
192.168.74.151 - - [17/Feb/2013:07:45:40 +0600] "GET /pause/ajaxPause?pauseConfigId=&admin=0 HTTP/1.1" 200 987 "http://callider.kontur/pause/index" "Mozilla/5.0 (Windows NT 6.1; WOW64; rv:18.0) Gecko/20100101 Firefox/18.0" 21966
192.168.12.210 - - [17/Feb/2013:07:45:40 +0600] "GET /pause/ajaxPause?pauseConfigId=all&admin=1 HTTP/1.1" 200 1047 "http://callider/pause/index" "Mozilla/4.0 (compatible; MSIE 7.0; Windows NT 6.1; WOW64; Trident/5.0; SLCC2; .NET CLR 2.0.50727; .NET CLR 3.5.30729; .NET CLR 3.0.30729; Media Center PC 6.0; InfoPath.3; .NET4.0C; .NET4.0E)" 21800
192.168.12.9 - - [17/Feb/2013:07:45:40 +0600] "GET /tv/useUser HTTP/1.1" 200 432 "http://callider.kontur/site/index" "Mozilla/5.0 (Windows NT 6.1; WOW64) AppleWebKit/537.17 (KHTML, like Gecko) Chrome/24.0.1312.57 Safari/537.17" 16984
192.168.12.38 - - [17/Feb/2013:07:45:41 +0600] "GET /pause/ajaxPause?pauseConfigId=&admin=0 HTTP/1.1" 200 1040 "http://callider/pause/index" "Mozilla/4.0 (compatible; MSIE 7.0; Windows NT 6.1; WOW64; Trident/5.0; SLCC2; .NET CLR 2.0.50727; .NET CLR 3.5.30729; .NET CLR 3.0.30729; Media Center PC 6.0; InfoPath.3; .NET4.0C; .NET4.0E)" 17009
192.168.12.77 - - [17/Feb/2013:07:45:41 +0600] "GET /pause/ajaxPause?pauseConfigId=&admin=0 HTTP/1.1" 200 1039 "http://callider/pause/index" "Mozilla/4.0 (compatible; MSIE 7.0; Windows NT 6.1; Trident/5.0; SLCC2; .NET CLR 2.0.50727; .NET CLR 3.5.30729; .NET CLR 3.0.30729; Media Center PC 6.0; Tablet PC 2.0; InfoPath.3; .NET4.0C; .NET4.0E; MS-RTC LM 8)" 13994
192.168.12.247 - - [17/Feb/2013:07:45:41 +0600] "GET /tv/useUser HTTP/1.1" 200 431 "http://callider/pause/index" "Mozilla/4.0 (compatible; MSIE 7.0; Windows NT 6.1; WOW64; Trident/5.0; SLCC2; .NET CLR 2.0.50727; .NET CLR 3.5.30729; .NET CLR 3.0.30729; Media Center PC 6.0; InfoPath.3; .NET4.0C; .NET4.0E)" 11585
192.168.65.56 - - [17/Feb/2013:07:45:41 +0600] "GET /pause/ajaxPause?pauseConfigId=all&admin=1 HTTP/1.1" 200 1046 "http://192.168.65.101/pause/index" "Mozilla/5.0 (Windows NT 5.1; rv:15.0) Gecko/20100101 Firefox/15.0" 33646
192.168.12.247 - - [17/Feb/2013:07:45:42 +0600] "GET /pause/ajaxPause?pauseConfigId=&admin=0 HTTP/1.1" 200 986 "http://callider/pause/index" "Mozilla/4.0 (compatible; MSIE 7.0; Windows NT 6.1; WOW64; Trident/5.0; SLCC2; .NET CLR 2.0.50727; .NET CLR 3.5.30729; .NET CLR 3.0.30729; Media Center PC 6.0; InfoPath.3; .NET4.0C; .NET4.0E)" 23668
192.168.12.61 - - [17/Feb/2013:07:45:42 +0600] "GET /pause/ajaxPause?pauseConfigId=&admin=0 HTTP/1.1" 200 985 "http://callider/pause/index" "Mozilla/4.0 (compatible; MSIE 7.0; Windows NT 6.1; Trident/5.0; SLCC2; .NET CLR 2.0.50727; .NET CLR 3.5.30729; .NET CLR 3.0.30729; Media Center PC 6.0; InfoPath.3; .NET4.0C; .NET4.0E)" 28265
192.168.74.78 - - [17/Feb/2013:07:45:44 +0600] "GET /pause/ajaxPause?pauseConfigId=&admin=0 HTTP/1.1" 200 986 "http://callider/pause/index" "Mozilla/4.0 (compatible; MSIE 7.0; Windows NT 6.1; WOW64; Trident/5.0; SLCC2; .NET CLR 2.0.50727; .NET CLR 3.5.30729; .NET CLR 3.0.30729; Media Center PC 6.0; InfoPath.3; .NET4.0C; MS-RTC LM 8; .NET4.0E)" 19072
192.168.12.60 - - [17/Feb/2013:07:45:44 +0600] "GET /pause/ajaxPause?pauseConfigId=&admin=0 HTTP/1.1" 200 986 "http://callider/pause/index" "Mozilla/4.0 (compatible; MSIE 8.0; Windows NT 6.1; Trident/4.0; InfoPath.3; .NET4.0C; MS-RTC LM 8; .NET4.0E)" 173306
192.168.12.204 - - [17/Feb/2013:07:45:44 +0600] "GET /pause/ajaxPause?pauseConfigId=&admin=0 HTTP/1.1" 200 986 "http://callider/pause/index" "Mozilla/4.0 (compatible; MSIE 7.0; Windows NT 6.1; WOW64; Trident/4.0; SLCC2; .NET CLR 2.0.50727; .NET CLR 3.5.30729; .NET CLR 3.0.30729; Media Center PC 6.0; InfoPath.3; .NET4.0C; .NET4.0E; .NET CLR 1.1.4322)" 23602
192.168.12.69 - - [17/Feb/2013:07:45:45 +0600] "GET /pause/ajaxPause?pauseConfigId=&admin=0 HTTP/1.1" 200 986 "http://callider/pause/index" "Mozilla/4.0 (compatible; MSIE 7.0; Windows NT 6.1; Trident/5.0; SLCC2; .NET CLR 2.0.50727; .NET CLR 3.5.30729; .NET CLR 3.0.30729; Media Center PC 6.0; InfoPath.3; .NET4.0C; .NET4.0E; Tablet PC 2.0; AskTbFXTV5/5.14.1.20007)" 30870
192.168.74.91 - - [17/Feb/2013:07:45:45 +0600] "GET /pause/ajaxPause?pauseConfigId=&admin=0 HTTP/1.1" 200 986 "http://callider/pause/index" "Mozilla/4.0 (compatible; MSIE 7.0; Windows NT 6.1; WOW64; Trident/5.0; SLCC2; .NET CLR 2.0.50727; .NET CLR 3.5.30729; .NET CLR 3.0.30729; Media Center PC 6.0; InfoPath.3; .NET4.0C; MS-RTC LM 8; .NET4.0E)" 20908
192.168.74.151 - - [17/Feb/2013:07:45:45 +0600] "GET /pause/ajaxPause?pauseConfigId=&admin=0 HTTP/1.1" 200 987 "http://callider.kontur/pause/index" "Mozilla/5.0 (Windows NT 6.1; WOW64; rv:18.0) Gecko/20100101 Firefox/18.0" 27454
192.168.12.210 - - [17/Feb/2013:07:45:45 +0600] "GET /pause/ajaxPause?pauseConfigId=all&admin=1 HTTP/1.1" 200 1047 "http://callider/pause/index" "Mozilla/4.0 (compatible; MSIE 7.0; Windows NT 6.1; WOW64; Trident/5.0; SLCC2; .NET CLR 2.0.50727; .NET CLR 3.5.30729; .NET CLR 3.0.30729; Media Center PC 6.0; InfoPath.3; .NET4.0C; .NET4.0E)" 26131
192.168.12.38 - - [17/Feb/2013:07:45:46 +0600] "GET /pause/ajaxPause?pauseConfigId=&admin=0 HTTP/1.1" 200 1040 "http://callider/pause/index" "Mozilla/4.0 (compatible; MSIE 7.0; Windows NT 6.1; WOW64; Trident/5.0; SLCC2; .NET CLR 2.0.50727; .NET CLR 3.5.30729; .NET CLR 3.0.30729; Media Center PC 6.0; InfoPath.3; .NET4.0C; .NET4.0E)" 17051
192.168.12.77 - - [17/Feb/2013:07:45:46 +0600] "GET /pause/ajaxPause?pauseConfigId=&admin=0 HTTP/1.1" 200 1039 "http://callider/pause/index" "Mozilla/4.0 (compatible; MSIE 7.0; Windows NT 6.1; Trident/5.0; SLCC2; .NET CLR 2.0.50727; .NET CLR 3.5.30729; .NET CLR 3.0.30729; Media Center PC 6.0; Tablet PC 2.0; InfoPath.3; .NET4.0C; .NET4.0E; MS-RTC LM 8)" 26241
192.168.65.56 - - [17/Feb/2013:07:45:46 +0600] "GET /pause/ajaxPause?pauseConfigId=all&admin=1 HTTP/1.1" 200 1046 "http://192.168.65.101/pause/index" "Mozilla/5.0 (Windows NT 5.1; rv:15.0) Gecko/20100101 Firefox/15.0" 43456
192.168.12.247 - - [17/Feb/2013:07:45:47 +0600] "GET /pause/ajaxPause?pauseConfigId=&admin=0 HTTP/1.1" 200 986 "http://callider/pause/index" "Mozilla/4.0 (compatible; MSIE 7.0; Windows NT 6.1; WOW64; Trident/5.0; SLCC2; .NET CLR 2.0.50727; .NET CLR 3.5.30729; .NET CLR 3.0.30729; Media Center PC 6.0; InfoPath.3; .NET4.0C; .NET4.0E)" 22015
192.168.12.61 - - [17/Feb/2013:07:45:47 +0600] "GET /pause/ajaxPause?pauseConfigId=&admin=0 HTTP/1.1" 200 986 "http://callider/pause/index" "Mozilla/4.0 (compatible; MSIE 7.0; Windows NT 6.1; Trident/5.0; SLCC2; .NET CLR 2.0.50727; .NET CLR 3.5.30729; .NET CLR 3.0.30729; Media Center PC 6.0; InfoPath.3; .NET4.0C; .NET4.0E)" 26150
192.168.12.210 - - [17/Feb/2013:07:45:49 +0600] "GET /tv/useUser HTTP/1.1" 200 431 "http://callider/pause/index" "Mozilla/4.0 (compatible; MSIE 7.0; Windows NT 6.1; WOW64; Trident/5.0; SLCC2; .NET CLR 2.0.50727; .NET CLR 3.5.30729; .NET CLR 3.0.30729; Media Center PC 6.0; InfoPath.3; .NET4.0C; .NET4.0E)" 11485
192.168.74.78 - - [17/Feb/2013:07:45:49 +0600] "GET /pause/ajaxPause?pauseConfigId=&admin=0 HTTP/1.1" 200 986 "http://callider/pause/index" "Mozilla/4.0 (compatible; MSIE 7.0; Windows NT 6.1; WOW64; Trident/5.0; SLCC2; .NET CLR 2.0.50727; .NET CLR 3.5.30729; .NET CLR 3.0.30729; Media Center PC 6.0; InfoPath.3; .NET4.0C; MS-RTC LM 8; .NET4.0E)" 26971
192.168.12.60 - - [17/Feb/2013:07:45:49 +0600] "GET /pause/ajaxPause?pauseConfigId=&admin=0 HTTP/1.1" 200 986 "http://callider/pause/index" "Mozilla/4.0 (compatible; MSIE 8.0; Windows NT 6.1; Trident/4.0; InfoPath.3; .NET4.0C; MS-RTC LM 8; .NET4.0E)" 23485
192.168.12.204 - - [17/Feb/2013:07:45:49 +0600] "GET /pause/ajaxPause?pauseConfigId=&admin=0 HTTP/1.1" 200 986 "http://callider/pause/index" "Mozilla/4.0 (compatible; MSIE 7.0; Windows NT 6.1; WOW64; Trident/4.0; SLCC2; .NET CLR 2.0.50727; .NET CLR 3.5.30729; .NET CLR 3.0.30729; Media Center PC 6.0; InfoPath.3; .NET4.0C; .NET4.0E; .NET CLR 1.1.4322)" 18146
192.168.12.69 - - [17/Feb/2013:07:45:50 +0600] "GET /pause/ajaxPause?pauseConfigId=&admin=0 HTTP/1.1" 200 986 "http://callider/pause/index" "Mozilla/4.0 (compatible; MSIE 7.0; Windows NT 6.1; Trident/5.0; SLCC2; .NET CLR 2.0.50727; .NET CLR 3.5.30729; .NET CLR 3.0.30729; Media Center PC 6.0; InfoPath.3; .NET4.0C; .NET4.0E; Tablet PC 2.0; AskTbFXTV5/5.14.1.20007)" 20501
192.168.74.151 - - [17/Feb/2013:07:45:50 +0600] "GET /pause/ajaxPause?pauseConfigId=&admin=0 HTTP/1.1" 200 987 "http://callider.kontur/pause/index" "Mozilla/5.0 (Windows NT 6.1; WOW64; rv:18.0) Gecko/20100101 Firefox/18.0" 238795
192.168.74.91 - - [17/Feb/2013:07:45:50 +0600] "GET /pause/ajaxPause?pauseConfigId=&admin=0 HTTP/1.1" 200 986 "http://callider/pause/index" "Mozilla/4.0 (compatible; MSIE 7.0; Windows NT 6.1; WOW64; Trident/5.0; SLCC2; .NET CLR 2.0.50727; .NET CLR 3.5.30729; .NET CLR 3.0.30729; Media Center PC 6.0; InfoPath.3; .NET4.0C; MS-RTC LM 8; .NET4.0E)" 300931
192.168.12.210 - - [17/Feb/2013:07:45:50 +0600] "GET /pause/ajaxPause?pauseConfigId=all&admin=1 HTTP/1.1" 200 1047 "http://callider/pause/index" "Mozilla/4.0 (compatible; MSIE 7.0; Windows NT 6.1; WOW64; Trident/5.0; SLCC2; .NET CLR 2.0.50727; .NET CLR 3.5.30729; .NET CLR 3.0.30729; Media Center PC 6.0; InfoPath.3; .NET4.0C; .NET4.0E)" 185733
192.168.12.38 - - [17/Feb/2013:07:45:51 +0600] "GET /pause/ajaxPause?pauseConfigId=&admin=0 HTTP/1.1" 200 1040 "http://callider/pause/index" "Mozilla/4.0 (compatible; MSIE 7.0; Windows NT 6.1; WOW64; Trident/5.0; SLCC2; .NET CLR 2.0.50727; .NET CLR 3.5.30729; .NET CLR 3.0.30729; Media Center PC 6.0; InfoPath.3; .NET4.0C; .NET4.0E)" 16866
192.168.12.77 - - [17/Feb/2013:07:45:51 +0600] "GET /pause/ajaxPause?pauseConfigId=&admin=0 HTTP/1.1" 200 1039 "http://callider/pause/index" "Mozilla/4.0 (compatible; MSIE 7.0; Windows NT 6.1; Trident/5.0; SLCC2; .NET CLR 2.0.50727; .NET CLR 3.5.30729; .NET CLR 3.0.30729; Media Center PC 6.0; Tablet PC 2.0; InfoPath.3; .NET4.0C; .NET4.0E; MS-RTC LM 8)" 14036
192.168.65.56 - - [17/Feb/2013:07:45:51 +0600] "GET /pause/ajaxPause?pauseConfigId=all&admin=1 HTTP/1.1" 200 1046 "http://192.168.65.101/pause/index" "Mozilla/5.0 (Windows NT 5.1; rv:15.0) Gecko/20100101 Firefox/15.0" 28450
192.168.65.56 - - [17/Feb/2013:07:45:51 +0600] "GET /tv/useUser HTTP/1.1" 200 431 "http://192.168.65.101/pause/index" "Mozilla/5.0 (Windows NT 5.1; rv:15.0) Gecko/20100101 Firefox/15.0" 10811
192.168.65.93 - - [17/Feb/2013:07:45:52 +0600] "GET / HTTP/1.1" 302 530 "-" "System Center 2012 - Operations Manager 7.0.9538.0" 13577
192.168.65.93 - - [17/Feb/2013:07:45:52 +0600] "GET /site/login HTTP/1.1" 200 2771 "-" "System Center 2012 - Operations Manager 7.0.9538.0" 16852
192.168.12.247 - - [17/Feb/2013:07:45:52 +0600] "GET /pause/ajaxPause?pauseConfigId=&admin=0 HTTP/1.1" 200 986 "http://callider/pause/index" "Mozilla/4.0 (compatible; MSIE 7.0; Windows NT 6.1; WOW64; Trident/5.0; SLCC2; .NET CLR 2.0.50727; .NET CLR 3.5.30729; .NET CLR 3.0.30729; Media Center PC 6.0; InfoPath.3; .NET4.0C; .NET4.0E)" 20022
192.168.12.61 - - [17/Feb/2013:07:45:52 +0600] "GET /pause/ajaxPause?pauseConfigId=&admin=0 HTTP/1.1" 200 985 "http://callider/pause/index" "Mozilla/4.0 (compatible; MSIE 7.0; Windows NT 6.1; Trident/5.0; SLCC2; .NET CLR 2.0.50727; .NET CLR 3.5.30729; .NET CLR 3.0.30729; Media Center PC 6.0; InfoPath.3; .NET4.0C; .NET4.0E)" 21475
192.168.74.78 - - [17/Feb/2013:07:45:54 +0600] "GET /pause/ajaxPause?pauseConfigId=&admin=0 HTTP/1.1" 200 986 "http://callider/pause/index" "Mozilla/4.0 (compatible; MSIE 7.0; Windows NT 6.1; WOW64; Trident/5.0; SLCC2; .NET CLR 2.0.50727; .NET CLR 3.5.30729; .NET CLR 3.0.30729; Media Center PC 6.0; InfoPath.3; .NET4.0C; MS-RTC LM 8; .NET4.0E)" 23365
192.168.12.60 - - [17/Feb/2013:07:45:54 +0600] "GET /pause/ajaxPause?pauseConfigId=&admin=0 HTTP/1.1" 200 986 "http://callider/pause/index" "Mozilla/4.0 (compatible; MSIE 8.0; Windows NT 6.1; Trident/4.0; InfoPath.3; .NET4.0C; MS-RTC LM 8; .NET4.0E)" 18803
192.168.12.204 - - [17/Feb/2013:07:45:54 +0600] "GET /pause/ajaxPause?pauseConfigId=&admin=0 HTTP/1.1" 200 986 "http://callider/pause/index" "Mozilla/4.0 (compatible; MSIE 7.0; Windows NT 6.1; WOW64; Trident/4.0; SLCC2; .NET CLR 2.0.50727; .NET CLR 3.5.30729; .NET CLR 3.0.30729; Media Center PC 6.0; InfoPath.3; .NET4.0C; .NET4.0E; .NET CLR 1.1.4322)" 23114
192.168.12.69 - - [17/Feb/2013:07:45:55 +0600] "GET /pause/ajaxPause?pauseConfigId=&admin=0 HTTP/1.1" 200 986 "http://callider/pause/index" "Mozilla/4.0 (compatible; MSIE 7.0; Windows NT 6.1; Trident/5.0; SLCC2; .NET CLR 2.0.50727; .NET CLR 3.5.30729; .NET CLR 3.0.30729; Media Center PC 6.0; InfoPath.3; .NET4.0C; .NET4.0E; Tablet PC 2.0; AskTbFXTV5/5.14.1.20007)" 192328
192.168.74.91 - - [17/Feb/2013:07:45:55 +0600] "GET /pause/ajaxPause?pauseConfigId=&admin=0 HTTP/1.1" 200 986 "http://callider/pause/index" "Mozilla/4.0 (compatible; MSIE 7.0; Windows NT 6.1; WOW64; Trident/5.0; SLCC2; .NET CLR 2.0.50727; .NET CLR 3.5.30729; .NET CLR 3.0.30729; Media Center PC 6.0; InfoPath.3; .NET4.0C; MS-RTC LM 8; .NET4.0E)" 21662
192.168.74.151 - - [17/Feb/2013:07:45:55 +0600] "GET /pause/ajaxPause?pauseConfigId=&admin=0 HTTP/1.1" 200 987 "http://callider.kontur/pause/index" "Mozilla/5.0 (Windows NT 6.1; WOW64; rv:18.0) Gecko/20100101 Firefox/18.0" 17778
192.168.12.210 - - [17/Feb/2013:07:45:55 +0600] "GET /pause/ajaxPause?pauseConfigId=all&admin=1 HTTP/1.1" 200 1047 "http://callider/pause/index" "Mozilla/4.0 (compatible; MSIE 7.0; Windows NT 6.1; WOW64; Trident/5.0; SLCC2; .NET CLR 2.0.50727; .NET CLR 3.5.30729; .NET CLR 3.0.30729; Media Center PC 6.0; InfoPath.3; .NET4.0C; .NET4.0E)" 22323
192.168.12.38 - - [17/Feb/2013:07:45:56 +0600] "GET /pause/ajaxPause?pauseConfigId=&admin=0 HTTP/1.1" 200 1040 "http://callider/pause/index" "Mozilla/4.0 (compatible; MSIE 7.0; Windows NT 6.1; WOW64; Trident/5.0; SLCC2; .NET CLR 2.0.50727; .NET CLR 3.5.30729; .NET CLR 3.0.30729; Media Center PC 6.0; InfoPath.3; .NET4.0C; .NET4.0E)" 14641
192.168.12.77 - - [17/Feb/2013:07:45:56 +0600] "GET /pause/ajaxPause?pauseConfigId=&admin=0 HTTP/1.1" 200 1039 "http://callider/pause/index" "Mozilla/4.0 (compatible; MSIE 7.0; Windows NT 6.1; Trident/5.0; SLCC2; .NET CLR 2.0.50727; .NET CLR 3.5.30729; .NET CLR 3.0.30729; Media Center PC 6.0; Tablet PC 2.0; InfoPath.3; .NET4.0C; .NET4.0E; MS-RTC LM 8)" 13845
192.168.65.56 - - [17/Feb/2013:07:45:56 +0600] "GET /pause/ajaxPause?pauseConfigId=all&admin=1 HTTP/1.1" 200 1046 "http://192.168.65.101/pause/index" "Mozilla/5.0 (Windows NT 5.1; rv:15.0) Gecko/20100101 Firefox/15.0" 161535
192.168.12.247 - - [17/Feb/2013:07:45:57 +0600] "GET /pause/ajaxPause?pauseConfigId=&admin=0 HTTP/1.1" 200 986 "http://callider/pause/index" "Mozilla/4.0 (compatible; MSIE 7.0; Windows NT 6.1; WOW64; Trident/5.0; SLCC2; .NET CLR 2.0.50727; .NET CLR 3.5.30729; .NET CLR 3.0.30729; Media Center PC 6.0; InfoPath.3; .NET4.0C; .NET4.0E)" 25646
192.168.12.61 - - [17/Feb/2013:07:45:57 +0600] "GET /pause/ajaxPause?pauseConfigId=&admin=0 HTTP/1.1" 200 985 "http://callider/pause/index" "Mozilla/4.0 (compatible; MSIE 7.0; Windows NT 6.1; Trident/5.0; SLCC2; .NET CLR 2.0.50727; .NET CLR 3.5.30729; .NET CLR 3.0.30729; Media Center PC 6.0; InfoPath.3; .NET4.0C; .NET4.0E)" 21637
192.168.74.78 - - [17/Feb/2013:07:45:59 +0600] "GET /pause/ajaxPause?pauseConfigId=&admin=0 HTTP/1.1" 200 986 "http://callider/pause/index" "Mozilla/4.0 (compatible; MSIE 7.0; Windows NT 6.1; WOW64; Trident/5.0; SLCC2; .NET CLR 2.0.50727; .NET CLR 3.5.30729; .NET CLR 3.0.30729; Media Center PC 6.0; InfoPath.3; .NET4.0C; MS-RTC LM 8; .NET4.0E)" 19369
192.168.12.60 - - [17/Feb/2013:07:45:59 +0600] "GET /pause/ajaxPause?pauseConfigId=&admin=0 HTTP/1.1" 200 986 "http://callider/pause/index" "Mozilla/4.0 (compatible; MSIE 8.0; Windows NT 6.1; Trident/4.0; InfoPath.3; .NET4.0C; MS-RTC LM 8; .NET4.0E)" 19844
192.168.12.204 - - [17/Feb/2013:07:45:59 +0600] "GET /pause/ajaxPause?pauseConfigId=&admin=0 HTTP/1.1" 200 986 "http://callider/pause/index" "Mozilla/4.0 (compatible; MSIE 7.0; Windows NT 6.1; WOW64; Trident/4.0; SLCC2; .NET CLR 2.0.50727; .NET CLR 3.5.30729; .NET CLR 3.0.30729; Media Center PC 6.0; InfoPath.3; .NET4.0C; .NET4.0E; .NET CLR 1.1.4322)" 24046
192.168.12.69 - - [17/Feb/2013:07:46:00 +0600] "GET /pause/ajaxPause?pauseConfigId=&admin=0 HTTP/1.1" 200 986 "http://callider/pause/index" "Mozilla/4.0 (compatible; MSIE 7.0; Windows NT 6.1; Trident/5.0; SLCC2; .NET CLR 2.0.50727; .NET CLR 3.5.30729; .NET CLR 3.0.30729; Media Center PC 6.0; InfoPath.3; .NET4.0C; .NET4.0E; Tablet PC 2.0; AskTbFXTV5/5.14.1.20007)" 17924
192.168.64.119 - - [17/Feb/2013:07:46:00 +0600] "HEAD / HTTP/1.0" 302 435 "-" "WhatsUp/1.0" 13769
192.168.74.91 - - [17/Feb/2013:07:46:00 +0600] "GET /pause/ajaxPause?pauseConfigId=&admin=0 HTTP/1.1" 200 986 "http://callider/pause/index" "Mozilla/4.0 (compatible; MSIE 7.0; Windows NT 6.1; WOW64; Trident/5.0; SLCC2; .NET CLR 2.0.50727; .NET CLR 3.5.30729; .NET CLR 3.0.30729; Media Center PC 6.0; InfoPath.3; .NET4.0C; MS-RTC LM 8; .NET4.0E)" 20580
192.168.74.151 - - [17/Feb/2013:07:46:00 +0600] "GET /pause/ajaxPause?pauseConfigId=&admin=0 HTTP/1.1" 200 987 "http://callider.kontur/pause/index" "Mozilla/5.0 (Windows NT 6.1; WOW64; rv:18.0) Gecko/20100101 Firefox/18.0" 18811
192.168.12.210 - - [17/Feb/2013:07:46:00 +0600] "GET /pause/ajaxPause?pauseConfigId=all&admin=1 HTTP/1.1" 200 1047 "http://callider/pause/index" "Mozilla/4.0 (compatible; MSIE 7.0; Windows NT 6.1; WOW64; Trident/5.0; SLCC2; .NET CLR 2.0.50727; .NET CLR 3.5.30729; .NET CLR 3.0.30729; Media Center PC 6.0; InfoPath.3; .NET4.0C; .NET4.0E)" 20709
192.168.12.38 - - [17/Feb/2013:07:46:01 +0600] "GET /pause/ajaxPause?pauseConfigId=&admin=0 HTTP/1.1" 200 1040 "http://callider/pause/index" "Mozilla/4.0 (compatible; MSIE 7.0; Windows NT 6.1; WOW64; Trident/5.0; SLCC2; .NET CLR 2.0.50727; .NET CLR 3.5.30729; .NET CLR 3.0.30729; Media Center PC 6.0; InfoPath.3; .NET4.0C; .NET4.0E)" 24830
192.168.12.77 - - [17/Feb/2013:07:46:01 +0600] "GET /pause/ajaxPause?pauseConfigId=&admin=0 HTTP/1.1" 200 1039 "http://callider/pause/index" "Mozilla/4.0 (compatible; MSIE 7.0; Windows NT 6.1; Trident/5.0; SLCC2; .NET CLR 2.0.50727; .NET CLR 3.5.30729; .NET CLR 3.0.30729; Media Center PC 6.0; Tablet PC 2.0; InfoPath.3; .NET4.0C; .NET4.0E; MS-RTC LM 8)" 13908
192.168.65.56 - - [17/Feb/2013:07:46:01 +0600] "GET /pause/ajaxPause?pauseConfigId=all&admin=1 HTTP/1.1" 200 1046 "http://192.168.65.101/pause/index" "Mozilla/5.0 (Windows NT 5.1; rv:15.0) Gecko/20100101 Firefox/15.0" 31488
192.168.64.119 - - [17/Feb/2013:07:46:02 +0600] "GET / HTTP/1.1" 302 454 "-" "Mozilla/4.0 (compatible; MSIE 8.0; Windows NT 5.2; Trident/4.0)" 17893
192.168.64.119 - - [17/Feb/2013:07:46:02 +0600] "GET /site/login HTTP/1.1" 200 7423 "-" "Mozilla/4.0 (compatible; MSIE 8.0; Windows NT 5.2; Trident/4.0)" 21458
192.168.12.247 - - [17/Feb/2013:07:46:02 +0600] "GET /pause/ajaxPause?pauseConfigId=&admin=0 HTTP/1.1" 200 986 "http://callider/pause/index" "Mozilla/4.0 (compatible; MSIE 7.0; Windows NT 6.1; WOW64; Trident/5.0; SLCC2; .NET CLR 2.0.50727; .NET CLR 3.5.30729; .NET CLR 3.0.30729; Media Center PC 6.0; InfoPath.3; .NET4.0C; .NET4.0E)" 35448
192.168.12.61 - - [17/Feb/2013:07:46:02 +0600] "GET /pause/ajaxPause?pauseConfigId=&admin=0 HTTP/1.1" 200 985 "http://callider/pause/index" "Mozilla/4.0 (compatible; MSIE 7.0; Windows NT 6.1; Trident/5.0; SLCC2; .NET CLR 2.0.50727; .NET CLR 3.5.30729; .NET CLR 3.0.30729; Media Center PC 6.0; InfoPath.3; .NET4.0C; .NET4.0E)" 21910
192.168.74.139 - - [17/Feb/2013:07:46:03 +0600] "GET /tv/useUser HTTP/1.1" 200 432 "http://callider/graph/personal" "Mozilla/4.0 (compatible; MSIE 7.0; Windows NT 6.1; WOW64; Trident/5.0; SLCC2; .NET CLR 2.0.50727; .NET CLR 3.5.30729; .NET CLR 3.0.30729; Media Center PC 6.0; InfoPath.3; .NET4.0C; .NET4.0E)" 14944
192.168.74.78 - - [17/Feb/2013:07:46:04 +0600] "GET /pause/ajaxPause?pauseConfigId=&admin=0 HTTP/1.1" 200 986 "http://callider/pause/index" "Mozilla/4.0 (compatible; MSIE 7.0; Windows NT 6.1; WOW64; Trident/5.0; SLCC2; .NET CLR 2.0.50727; .NET CLR 3.5.30729; .NET CLR 3.0.30729; Media Center PC 6.0; InfoPath.3; .NET4.0C; MS-RTC LM 8; .NET4.0E)" 27613
192.168.12.60 - - [17/Feb/2013:07:46:04 +0600] "GET /pause/ajaxPause?pauseConfigId=&admin=0 HTTP/1.1" 200 986 "http://callider/pause/index" "Mozilla/4.0 (compatible; MSIE 8.0; Windows NT 6.1; Trident/4.0; InfoPath.3; .NET4.0C; MS-RTC LM 8; .NET4.0E)" 33185
192.168.12.204 - - [17/Feb/2013:07:46:04 +0600] "GET /pause/ajaxPause?pauseConfigId=&admin=0 HTTP/1.1" 200 986 "http://callider/pause/index" "Mozilla/4.0 (compatible; MSIE 7.0; Windows NT 6.1; WOW64; Trident/4.0; SLCC2; .NET CLR 2.0.50727; .NET CLR 3.5.30729; .NET CLR 3.0.30729; Media Center PC 6.0; InfoPath.3; .NET4.0C; .NET4.0E; .NET CLR 1.1.4322)" 19815
192.168.12.69 - - [17/Feb/2013:07:46:05 +0600] "GET /pause/ajaxPause?pauseConfigId=&admin=0 HTTP/1.1" 200 986 "http://callider/pause/index" "Mozilla/4.0 (compatible; MSIE 7.0; Windows NT 6.1; Trident/5.0; SLCC2; .NET CLR 2.0.50727; .NET CLR 3.5.30729; .NET CLR 3.0.30729; Media Center PC 6.0; InfoPath.3; .NET4.0C; .NET4.0E; Tablet PC 2.0; AskTbFXTV5/5.14.1.20007)" 30717
192.168.12.61 - - [17/Feb/2013:07:46:05 +0600] "GET /tv/useUser HTTP/1.1" 200 431 "http://callider/pause/index" "Mozilla/4.0 (compatible; MSIE 7.0; Windows NT 6.1; Trident/5.0; SLCC2; .NET CLR 2.0.50727; .NET CLR 3.5.30729; .NET CLR 3.0.30729; Media Center PC 6.0; InfoPath.3; .NET4.0C; .NET4.0E)" 9105
192.168.74.91 - - [17/Feb/2013:07:46:05 +0600] "GET /pause/ajaxPause?pauseConfigId=&admin=0 HTTP/1.1" 200 986 "http://callider/pause/index" "Mozilla/4.0 (compatible; MSIE 7.0; Windows NT 6.1; WOW64; Trident/5.0; SLCC2; .NET CLR 2.0.50727; .NET CLR 3.5.30729; .NET CLR 3.0.30729; Media Center PC 6.0; InfoPath.3; .NET4.0C; MS-RTC LM 8; .NET4.0E)" 20229
192.168.74.151 - - [17/Feb/2013:07:46:05 +0600] "GET /pause/ajaxPause?pauseConfigId=&admin=0 HTTP/1.1" 200 987 "http://callider.kontur/pause/index" "Mozilla/5.0 (Windows NT 6.1; WOW64; rv:18.0) Gecko/20100101 Firefox/18.0" 20119
192.168.12.210 - - [17/Feb/2013:07:46:05 +0600] "GET /pause/ajaxPause?pauseConfigId=all&admin=1 HTTP/1.1" 200 1047 "http://callider/pause/index" "Mozilla/4.0 (compatible; MSIE 7.0; Windows NT 6.1; WOW64; Trident/5.0; SLCC2; .NET CLR 2.0.50727; .NET CLR 3.5.30729; .NET CLR 3.0.30729; Media Center PC 6.0; InfoPath.3; .NET4.0C; .NET4.0E)" 26094
192.168.12.38 - - [17/Feb/2013:07:46:06 +0600] "GET /pause/ajaxPause?pauseConfigId=&admin=0 HTTP/1.1" 200 1040 "http://callider/pause/index" "Mozilla/4.0 (compatible; MSIE 7.0; Windows NT 6.1; WOW64; Trident/5.0; SLCC2; .NET CLR 2.0.50727; .NET CLR 3.5.30729; .NET CLR 3.0.30729; Media Center PC 6.0; InfoPath.3; .NET4.0C; .NET4.0E)" 14755
192.168.12.77 - - [17/Feb/2013:07:46:06 +0600] "GET /pause/ajaxPause?pauseConfigId=&admin=0 HTTP/1.1" 200 1039 "http://callider/pause/index" "Mozilla/4.0 (compatible; MSIE 7.0; Windows NT 6.1; Trident/5.0; SLCC2; .NET CLR 2.0.50727; .NET CLR 3.5.30729; .NET CLR 3.0.30729; Media Center PC 6.0; Tablet PC 2.0; InfoPath.3; .NET4.0C; .NET4.0E; MS-RTC LM 8)" 13109
192.168.65.56 - - [17/Feb/2013:07:46:06 +0600] "GET /pause/ajaxPause?pauseConfigId=all&admin=1 HTTP/1.1" 200 1046 "http://192.168.65.101/pause/index" "Mozilla/5.0 (Windows NT 5.1; rv:15.0) Gecko/20100101 Firefox/15.0" 31219
192.168.12.247 - - [17/Feb/2013:07:46:07 +0600] "GET /pause/ajaxPause?pauseConfigId=&admin=0 HTTP/1.1" 200 986 "http://callider/pause/index" "Mozilla/4.0 (compatible; MSIE 7.0; Windows NT 6.1; WOW64; Trident/5.0; SLCC2; .NET CLR 2.0.50727; .NET CLR 3.5.30729; .NET CLR 3.0.30729; Media Center PC 6.0; InfoPath.3; .NET4.0C; .NET4.0E)" 31509
192.168.12.61 - - [17/Feb/2013:07:46:07 +0600] "GET /pause/ajaxPause?pauseConfigId=&admin=0 HTTP/1.1" 200 985 "http://callider/pause/index" "Mozilla/4.0 (compatible; MSIE 7.0; Windows NT 6.1; Trident/5.0; SLCC2; .NET CLR 2.0.50727; .NET CLR 3.5.30729; .NET CLR 3.0.30729; Media Center PC 6.0; InfoPath.3; .NET4.0C; .NET4.0E)" 19284
192.168.74.78 - - [17/Feb/2013:07:46:09 +0600] "GET /pause/ajaxPause?pauseConfigId=&admin=0 HTTP/1.1" 200 986 "http://callider/pause/index" "Mozilla/4.0 (compatible; MSIE 7.0; Windows NT 6.1; WOW64; Trident/5.0; SLCC2; .NET CLR 2.0.50727; .NET CLR 3.5.30729; .NET CLR 3.0.30729; Media Center PC 6.0; InfoPath.3; .NET4.0C; MS-RTC LM 8; .NET4.0E)" 21425
192.168.12.60 - - [17/Feb/2013:07:46:09 +0600] "GET /pause/ajaxPause?pauseConfigId=&admin=0 HTTP/1.1" 200 986 "http://callider/pause/index" "Mozilla/4.0 (compatible; MSIE 8.0; Windows NT 6.1; Trident/4.0; InfoPath.3; .NET4.0C; MS-RTC LM 8; .NET4.0E)" 21946
192.168.12.204 - - [17/Feb/2013:07:46:09 +0600] "GET /pause/ajaxPause?pauseConfigId=&admin=0 HTTP/1.1" 200 986 "http://callider/pause/index" "Mozilla/4.0 (compatible; MSIE 7.0; Windows NT 6.1; WOW64; Trident/4.0; SLCC2; .NET CLR 2.0.50727; .NET CLR 3.5.30729; .NET CLR 3.0.30729; Media Center PC 6.0; InfoPath.3; .NET4.0C; .NET4.0E; .NET CLR 1.1.4322)" 22235
192.168.12.69 - - [17/Feb/2013:07:46:10 +0600] "GET /pause/ajaxPause?pauseConfigId=&admin=0 HTTP/1.1" 200 986 "http://callider/pause/index" "Mozilla/4.0 (compatible; MSIE 7.0; Windows NT 6.1; Trident/5.0; SLCC2; .NET CLR 2.0.50727; .NET CLR 3.5.30729; .NET CLR 3.0.30729; Media Center PC 6.0; InfoPath.3; .NET4.0C; .NET4.0E; Tablet PC 2.0; AskTbFXTV5/5.14.1.20007)" 21745
192.168.74.91 - - [17/Feb/2013:07:46:10 +0600] "GET /pause/ajaxPause?pauseConfigId=&admin=0 HTTP/1.1" 200 986 "http://callider/pause/index" "Mozilla/4.0 (compatible; MSIE 7.0; Windows NT 6.1; WOW64; Trident/5.0; SLCC2; .NET CLR 2.0.50727; .NET CLR 3.5.30729; .NET CLR 3.0.30729; Media Center PC 6.0; InfoPath.3; .NET4.0C; MS-RTC LM 8; .NET4.0E)" 19293
192.168.74.151 - - [17/Feb/2013:07:46:10 +0600] "GET /pause/ajaxPause?pauseConfigId=&admin=0 HTTP/1.1" 200 987 "http://callider.kontur/pause/index" "Mozilla/5.0 (Windows NT 6.1; WOW64; rv:18.0) Gecko/20100101 Firefox/18.0" 17670
192.168.12.210 - - [17/Feb/2013:07:46:10 +0600] "GET /pause/ajaxPause?pauseConfigId=all&admin=1 HTTP/1.1" 200 1047 "http://callider/pause/index" "Mozilla/4.0 (compatible; MSIE 7.0; Windows NT 6.1; WOW64; Trident/5.0; SLCC2; .NET CLR 2.0.50727; .NET CLR 3.5.30729; .NET CLR 3.0.30729; Media Center PC 6.0; InfoPath.3; .NET4.0C; .NET4.0E)" 19410
192.168.12.42 - - [17/Feb/2013:07:46:11 +0600] "GET /tv/useUser HTTP/1.1" 200 432 "http://callider/graph/personal" "Mozilla/4.0 (compatible; MSIE 7.0; Windows NT 6.1; WOW64; Trident/5.0; SLCC2; .NET CLR 2.0.50727; .NET CLR 3.5.30729; .NET CLR 3.0.30729; Media Center PC 6.0; InfoPath.3; .NET4.0C; .NET4.0E)" 16319
192.168.12.38 - - [17/Feb/2013:07:46:11 +0600] "GET /pause/ajaxPause?pauseConfigId=&admin=0 HTTP/1.1" 200 1040 "http://callider/pause/index" "Mozilla/4.0 (compatible; MSIE 7.0; Windows NT 6.1; WOW64; Trident/5.0; SLCC2; .NET CLR 2.0.50727; .NET CLR 3.5.30729; .NET CLR 3.0.30729; Media Center PC 6.0; InfoPath.3; .NET4.0C; .NET4.0E)" 15129
192.168.12.77 - - [17/Feb/2013:07:46:11 +0600] "GET /pause/ajaxPause?pauseConfigId=&admin=0 HTTP/1.1" 200 1039 "http://callider/pause/index" "Mozilla/4.0 (compatible; MSIE 7.0; Windows NT 6.1; Trident/5.0; SLCC2; .NET CLR 2.0.50727; .NET CLR 3.5.30729; .NET CLR 3.0.30729; Media Center PC 6.0; Tablet PC 2.0; InfoPath.3; .NET4.0C; .NET4.0E; MS-RTC LM 8)" 12965
192.168.65.56 - - [17/Feb/2013:07:46:11 +0600] "GET /pause/ajaxPause?pauseConfigId=all&admin=1 HTTP/1.1" 200 1046 "http://192.168.65.101/pause/index" "Mozilla/5.0 (Windows NT 5.1; rv:15.0) Gecko/20100101 Firefox/15.0" 30454
192.168.12.247 - - [17/Feb/2013:07:46:12 +0600] "GET /pause/ajaxPause?pauseConfigId=&admin=0 HTTP/1.1" 200 986 "http://callider/pause/index" "Mozilla/4.0 (compatible; MSIE 7.0; Windows NT 6.1; WOW64; Trident/5.0; SLCC2; .NET CLR 2.0.50727; .NET CLR 3.5.30729; .NET CLR 3.0.30729; Media Center PC 6.0; InfoPath.3; .NET4.0C; .NET4.0E)" 27418
192.168.12.61 - - [17/Feb/2013:07:46:12 +0600] "GET /pause/ajaxPause?pauseConfigId=&admin=0 HTTP/1.1" 200 985 "http://callider/pause/index" "Mozilla/4.0 (compatible; MSIE 7.0; Windows NT 6.1; Trident/5.0; SLCC2; .NET CLR 2.0.50727; .NET CLR 3.5.30729; .NET CLR 3.0.30729; Media Center PC 6.0; InfoPath.3; .NET4.0C; .NET4.0E)" 25483
192.168.74.151 - - [17/Feb/2013:07:46:13 +0600] "GET /tv/useUser HTTP/1.1" 200 431 "http://callider.kontur/graph/general" "Mozilla/5.0 (Windows NT 6.1; WOW64; rv:18.0) Gecko/20100101 Firefox/18.0" 10665
192.168.74.78 - - [17/Feb/2013:07:46:14 +0600] "GET /pause/ajaxPause?pauseConfigId=&admin=0 HTTP/1.1" 200 986 "http://callider/pause/index" "Mozilla/4.0 (compatible; MSIE 7.0; Windows NT 6.1; WOW64; Trident/5.0; SLCC2; .NET CLR 2.0.50727; .NET CLR 3.5.30729; .NET CLR 3.0.30729; Media Center PC 6.0; InfoPath.3; .NET4.0C; MS-RTC LM 8; .NET4.0E)" 20388
192.168.12.60 - - [17/Feb/2013:07:46:14 +0600] "GET /pause/ajaxPause?pauseConfigId=&admin=0 HTTP/1.1" 200 986 "http://callider/pause/index" "Mozilla/4.0 (compatible; MSIE 8.0; Windows NT 6.1; Trident/4.0; InfoPath.3; .NET4.0C; MS-RTC LM 8; .NET4.0E)" 22843
192.168.12.204 - - [17/Feb/2013:07:46:14 +0600] "GET /pause/ajaxPause?pauseConfigId=&admin=0 HTTP/1.1" 200 986 "http://callider/pause/index" "Mozilla/4.0 (compatible; MSIE 7.0; Windows NT 6.1; WOW64; Trident/4.0; SLCC2; .NET CLR 2.0.50727; .NET CLR 3.5.30729; .NET CLR 3.0.30729; Media Center PC 6.0; InfoPath.3; .NET4.0C; .NET4.0E; .NET CLR 1.1.4322)" 22271
192.168.74.151 - - [17/Feb/2013:07:46:15 +0600] "GET /pause/ajaxPause?pauseConfigId=&admin=0 HTTP/1.1" 200 987 "http://callider.kontur/pause/index" "Mozilla/5.0 (Windows NT 6.1; WOW64; rv:18.0) Gecko/20100101 Firefox/18.0" 392407
192.168.74.91 - - [17/Feb/2013:07:46:15 +0600] "GET /pause/ajaxPause?pauseConfigId=&admin=0 HTTP/1.1" 200 986 "http://callider/pause/index" "Mozilla/4.0 (compatible; MSIE 7.0; Windows NT 6.1; WOW64; Trident/5.0; SLCC2; .NET CLR 2.0.50727; .NET CLR 3.5.30729; .NET CLR 3.0.30729; Media Center PC 6.0; InfoPath.3; .NET4.0C; MS-RTC LM 8; .NET4.0E)" 458020
192.168.74.151 - - [17/Feb/2013:07:46:15 +0600] "GET /tv/useUser HTTP/1.1" 200 432 "http://callider.kontur/pause/index" "Mozilla/5.0 (Windows NT 6.1; WOW64; rv:18.0) Gecko/20100101 Firefox/18.0" 367969
192.168.12.69 - - [17/Feb/2013:07:46:15 +0600] "GET /pause/ajaxPause?pauseConfigId=&admin=0 HTTP/1.1" 200 986 "http://callider/pause/index" "Mozilla/4.0 (compatible; MSIE 7.0; Windows NT 6.1; Trident/5.0; SLCC2; .NET CLR 2.0.50727; .NET CLR 3.5.30729; .NET CLR 3.0.30729; Media Center PC 6.0; InfoPath.3; .NET4.0C; .NET4.0E; Tablet PC 2.0; AskTbFXTV5/5.14.1.20007)" 716018
192.168.12.210 - - [17/Feb/2013:07:46:15 +0600] "GET /pause/ajaxPause?pauseConfigId=all&admin=1 HTTP/1.1" 200 1047 "http://callider/pause/index" "Mozilla/4.0 (compatible; MSIE 7.0; Windows NT 6.1; WOW64; Trident/5.0; SLCC2; .NET CLR 2.0.50727; .NET CLR 3.5.30729; .NET CLR 3.0.30729; Media Center PC 6.0; InfoPath.3; .NET4.0C; .NET4.0E)" 325777
192.168.12.38 - - [17/Feb/2013:07:46:16 +0600] "GET /pause/ajaxPause?pauseConfigId=&admin=0 HTTP/1.1" 200 1040 "http://callider/pause/index" "Mozilla/4.0 (compatible; MSIE 7.0; Windows NT 6.1; WOW64; Trident/5.0; SLCC2; .NET CLR 2.0.50727; .NET CLR 3.5.30729; .NET CLR 3.0.30729; Media Center PC 6.0; InfoPath.3; .NET4.0C; .NET4.0E)" 20980
192.168.12.77 - - [17/Feb/2013:07:46:16 +0600] "GET /pause/ajaxPause?pauseConfigId=&admin=0 HTTP/1.1" 200 1039 "http://callider/pause/index" "Mozilla/4.0 (compatible; MSIE 7.0; Windows NT 6.1; Trident/5.0; SLCC2; .NET CLR 2.0.50727; .NET CLR 3.5.30729; .NET CLR 3.0.30729; Media Center PC 6.0; Tablet PC 2.0; InfoPath.3; .NET4.0C; .NET4.0E; MS-RTC LM 8)" 14303
192.168.65.56 - - [17/Feb/2013:07:46:16 +0600] "GET /pause/ajaxPause?pauseConfigId=all&admin=1 HTTP/1.1" 200 1046 "http://192.168.65.101/pause/index" "Mozilla/5.0 (Windows NT 5.1; rv:15.0) Gecko/20100101 Firefox/15.0" 32408
192.168.12.247 - - [17/Feb/2013:07:46:17 +0600] "GET /pause/ajaxPause?pauseConfigId=&admin=0 HTTP/1.1" 200 986 "http://callider/pause/index" "Mozilla/4.0 (compatible; MSIE 7.0; Windows NT 6.1; WOW64; Trident/5.0; SLCC2; .NET CLR 2.0.50727; .NET CLR 3.5.30729; .NET CLR 3.0.30729; Media Center PC 6.0; InfoPath.3; .NET4.0C; .NET4.0E)" 27533
192.168.12.61 - - [17/Feb/2013:07:46:17 +0600] "GET /pause/ajaxPause?pauseConfigId=&admin=0 HTTP/1.1" 200 985 "http://callider/pause/index" "Mozilla/4.0 (compatible; MSIE 7.0; Windows NT 6.1; Trident/5.0; SLCC2; .NET CLR 2.0.50727; .NET CLR 3.5.30729; .NET CLR 3.0.30729; Media Center PC 6.0; InfoPath.3; .NET4.0C; .NET4.0E)" 18781
192.168.74.78 - - [17/Feb/2013:07:46:19 +0600] "GET /pause/ajaxPause?pauseConfigId=&admin=0 HTTP/1.1" 200 986 "http://callider/pause/index" "Mozilla/4.0 (compatible; MSIE 7.0; Windows NT 6.1; WOW64; Trident/5.0; SLCC2; .NET CLR 2.0.50727; .NET CLR 3.5.30729; .NET CLR 3.0.30729; Media Center PC 6.0; InfoPath.3; .NET4.0C; MS-RTC LM 8; .NET4.0E)" 22567
192.168.12.60 - - [17/Feb/2013:07:46:19 +0600] "GET /pause/ajaxPause?pauseConfigId=&admin=0 HTTP/1.1" 200 986 "http://callider/pause/index" "Mozilla/4.0 (compatible; MSIE 8.0; Windows NT 6.1; Trident/4.0; InfoPath.3; .NET4.0C; MS-RTC LM 8; .NET4.0E)" 21849
192.168.12.10 - - [17/Feb/2013:07:46:19 +0600] "GET /tv/useUser HTTP/1.1" 200 432 "http://callider/graph/personal" "Mozilla/4.0 (compatible; MSIE 7.0; Windows NT 6.1; Trident/5.0; SLCC2; .NET CLR 2.0.50727; .NET CLR 3.5.30729; .NET CLR 3.0.30729; Media Center PC 6.0; InfoPath.3; .NET4.0C; .NET4.0E; Tablet PC 2.0; MS-RTC LM 8)" 16355
192.168.74.139 - - [17/Feb/2013:07:46:19 +0600] "GET /tv/useUser HTTP/1.1" 200 432 "http://callider/site/index" "Mozilla/4.0 (compatible; MSIE 7.0; Windows NT 6.1; WOW64; Trident/5.0; SLCC2; .NET CLR 2.0.50727; .NET CLR 3.5.30729; .NET CLR 3.0.30729; Media Center PC 6.0; InfoPath.3; .NET4.0C; .NET4.0E)" 17705
192.168.12.108 - - [17/Feb/2013:07:46:19 +0600] "GET /tv/useUser HTTP/1.1" 200 432 "http://callider/index.php" "Mozilla/4.0 (compatible; MSIE 7.0; Windows NT 6.2; WOW64; Trident/6.0; .NET4.0E; .NET4.0C; InfoPath.3; .NET CLR 3.5.30729; .NET CLR 2.0.50727; .NET CLR 3.0.30729)" 23096
192.168.12.204 - - [17/Feb/2013:07:46:19 +0600] "GET /pause/ajaxPause?pauseConfigId=&admin=0 HTTP/1.1" 200 986 "http://callider/pause/index" "Mozilla/4.0 (compatible; MSIE 7.0; Windows NT 6.1; WOW64; Trident/4.0; SLCC2; .NET CLR 2.0.50727; .NET CLR 3.5.30729; .NET CLR 3.0.30729; Media Center PC 6.0; InfoPath.3; .NET4.0C; .NET4.0E; .NET CLR 1.1.4322)" 24096
192.168.12.69 - - [17/Feb/2013:07:46:20 +0600] "GET /pause/ajaxPause?pauseConfigId=&admin=0 HTTP/1.1" 200 986 "http://callider/pause/index" "Mozilla/4.0 (compatible; MSIE 7.0; Windows NT 6.1; Trident/5.0; SLCC2; .NET CLR 2.0.50727; .NET CLR 3.5.30729; .NET CLR 3.0.30729; Media Center PC 6.0; InfoPath.3; .NET4.0C; .NET4.0E; Tablet PC 2.0; AskTbFXTV5/5.14.1.20007)" 150052
192.168.74.91 - - [17/Feb/2013:07:46:20 +0600] "GET /pause/ajaxPause?pauseConfigId=&admin=0 HTTP/1.1" 200 986 "http://callider/pause/index" "Mozilla/4.0 (compatible; MSIE 7.0; Windows NT 6.1; WOW64; Trident/5.0; SLCC2; .NET CLR 2.0.50727; .NET CLR 3.5.30729; .NET CLR 3.0.30729; Media Center PC 6.0; InfoPath.3; .NET4.0C; MS-RTC LM 8; .NET4.0E)" 20074
192.168.74.151 - - [17/Feb/2013:07:46:20 +0600] "GET /pause/ajaxPause?pauseConfigId=&admin=0 HTTP/1.1" 200 987 "http://callider.kontur/pause/index" "Mozilla/5.0 (Windows NT 6.1; WOW64; rv:18.0) Gecko/20100101 Firefox/18.0" 66657
192.168.12.210 - - [17/Feb/2013:07:46:20 +0600] "GET /pause/ajaxPause?pauseConfigId=all&admin=1 HTTP/1.1" 200 1047 "http://callider/pause/index" "Mozilla/4.0 (compatible; MSIE 7.0; Windows NT 6.1; WOW64; Trident/5.0; SLCC2; .NET CLR 2.0.50727; .NET CLR 3.5.30729; .NET CLR 3.0.30729; Media Center PC 6.0; InfoPath.3; .NET4.0C; .NET4.0E)" 26686
192.168.12.38 - - [17/Feb/2013:07:46:21 +0600] "GET /pause/ajaxPause?pauseConfigId=&admin=0 HTTP/1.1" 200 1040 "http://callider/pause/index" "Mozilla/4.0 (compatible; MSIE 7.0; Windows NT 6.1; WOW64; Trident/5.0; SLCC2; .NET CLR 2.0.50727; .NET CLR 3.5.30729; .NET CLR 3.0.30729; Media Center PC 6.0; InfoPath.3; .NET4.0C; .NET4.0E)" 17807
192.168.12.77 - - [17/Feb/2013:07:46:21 +0600] "GET /pause/ajaxPause?pauseConfigId=&admin=0 HTTP/1.1" 200 1039 "http://callider/pause/index" "Mozilla/4.0 (compatible; MSIE 7.0; Windows NT 6.1; Trident/5.0; SLCC2; .NET CLR 2.0.50727; .NET CLR 3.5.30729; .NET CLR 3.0.30729; Media Center PC 6.0; Tablet PC 2.0; InfoPath.3; .NET4.0C; .NET4.0E; MS-RTC LM 8)" 12817
192.168.65.56 - - [17/Feb/2013:07:46:21 +0600] "GET /pause/ajaxPause?pauseConfigId=all&admin=1 HTTP/1.1" 200 1046 "http://192.168.65.101/pause/index" "Mozilla/5.0 (Windows NT 5.1; rv:15.0) Gecko/20100101 Firefox/15.0" 52587
192.168.12.247 - - [17/Feb/2013:07:46:22 +0600] "GET /pause/ajaxPause?pauseConfigId=&admin=0 HTTP/1.1" 200 986 "http://callider/pause/index" "Mozilla/4.0 (compatible; MSIE 7.0; Windows NT 6.1; WOW64; Trident/5.0; SLCC2; .NET CLR 2.0.50727; .NET CLR 3.5.30729; .NET CLR 3.0.30729; Media Center PC 6.0; InfoPath.3; .NET4.0C; .NET4.0E)" 30047
192.168.12.61 - - [17/Feb/2013:07:46:22 +0600] "GET /pause/ajaxPause?pauseConfigId=&admin=0 HTTP/1.1" 200 986 "http://callider/pause/index" "Mozilla/4.0 (compatible; MSIE 7.0; Windows NT 6.1; Trident/5.0; SLCC2; .NET CLR 2.0.50727; .NET CLR 3.5.30729; .NET CLR 3.0.30729; Media Center PC 6.0; InfoPath.3; .NET4.0C; .NET4.0E)" 30120
192.168.74.78 - - [17/Feb/2013:07:46:24 +0600] "GET /pause/ajaxPause?pauseConfigId=&admin=0 HTTP/1.1" 200 986 "http://callider/pause/index" "Mozilla/4.0 (compatible; MSIE 7.0; Windows NT 6.1; WOW64; Trident/5.0; SLCC2; .NET CLR 2.0.50727; .NET CLR 3.5.30729; .NET CLR 3.0.30729; Media Center PC 6.0; InfoPath.3; .NET4.0C; MS-RTC LM 8; .NET4.0E)" 23650
192.168.12.60 - - [17/Feb/2013:07:46:24 +0600] "GET /pause/ajaxPause?pauseConfigId=&admin=0 HTTP/1.1" 200 986 "http://callider/pause/index" "Mozilla/4.0 (compatible; MSIE 8.0; Windows NT 6.1; Trident/4.0; InfoPath.3; .NET4.0C; MS-RTC LM 8; .NET4.0E)" 27230
192.168.12.204 - - [17/Feb/2013:07:46:24 +0600] "GET /pause/ajaxPause?pauseConfigId=&admin=0 HTTP/1.1" 200 986 "http://callider/pause/index" "Mozilla/4.0 (compatible; MSIE 7.0; Windows NT 6.1; WOW64; Trident/4.0; SLCC2; .NET CLR 2.0.50727; .NET CLR 3.5.30729; .NET CLR 3.0.30729; Media Center PC 6.0; InfoPath.3; .NET4.0C; .NET4.0E; .NET CLR 1.1.4322)" 26647
192.168.12.69 - - [17/Feb/2013:07:46:25 +0600] "GET /pause/ajaxPause?pauseConfigId=&admin=0 HTTP/1.1" 200 986 "http://callider/pause/index" "Mozilla/4.0 (compatible; MSIE 7.0; Windows NT 6.1; Trident/5.0; SLCC2; .NET CLR 2.0.50727; .NET CLR 3.5.30729; .NET CLR 3.0.30729; Media Center PC 6.0; InfoPath.3; .NET4.0C; .NET4.0E; Tablet PC 2.0; AskTbFXTV5/5.14.1.20007)" 18692
192.168.74.91 - - [17/Feb/2013:07:46:25 +0600] "GET /pause/ajaxPause?pauseConfigId=&admin=0 HTTP/1.1" 200 986 "http://callider/pause/index" "Mozilla/4.0 (compatible; MSIE 7.0; Windows NT 6.1; WOW64; Trident/5.0; SLCC2; .NET CLR 2.0.50727; .NET CLR 3.5.30729; .NET CLR 3.0.30729; Media Center PC 6.0; InfoPath.3; .NET4.0C; MS-RTC LM 8; .NET4.0E)" 22780
192.168.74.151 - - [17/Feb/2013:07:46:25 +0600] "GET /pause/ajaxPause?pauseConfigId=&admin=0 HTTP/1.1" 200 987 "http://callider.kontur/pause/index" "Mozilla/5.0 (Windows NT 6.1; WOW64; rv:18.0) Gecko/20100101 Firefox/18.0" 21265
192.168.12.210 - - [17/Feb/2013:07:46:25 +0600] "GET /pause/ajaxPause?pauseConfigId=all&admin=1 HTTP/1.1" 200 1047 "http://callider/pause/index" "Mozilla/4.0 (compatible; MSIE 7.0; Windows NT 6.1; WOW64; Trident/5.0; SLCC2; .NET CLR 2.0.50727; .NET CLR 3.5.30729; .NET CLR 3.0.30729; Media Center PC 6.0; InfoPath.3; .NET4.0C; .NET4.0E)" 19795
192.168.12.38 - - [17/Feb/2013:07:46:26 +0600] "GET /pause/ajaxPause?pauseConfigId=&admin=0 HTTP/1.1" 200 1040 "http://callider/pause/index" "Mozilla/4.0 (compatible; MSIE 7.0; Windows NT 6.1; WOW64; Trident/5.0; SLCC2; .NET CLR 2.0.50727; .NET CLR 3.5.30729; .NET CLR 3.0.30729; Media Center PC 6.0; InfoPath.3; .NET4.0C; .NET4.0E)" 16850
192.168.12.77 - - [17/Feb/2013:07:46:26 +0600] "GET /pause/ajaxPause?pauseConfigId=&admin=0 HTTP/1.1" 200 1039 "http://callider/pause/index" "Mozilla/4.0 (compatible; MSIE 7.0; Windows NT 6.1; Trident/5.0; SLCC2; .NET CLR 2.0.50727; .NET CLR 3.5.30729; .NET CLR 3.0.30729; Media Center PC 6.0; Tablet PC 2.0; InfoPath.3; .NET4.0C; .NET4.0E; MS-RTC LM 8)" 13620
192.168.65.56 - - [17/Feb/2013:07:46:26 +0600] "GET /pause/ajaxPause?pauseConfigId=all&admin=1 HTTP/1.1" 200 1046 "http://192.168.65.101/pause/index" "Mozilla/5.0 (Windows NT 5.1; rv:15.0) Gecko/20100101 Firefox/15.0" 27060
192.168.12.247 - - [17/Feb/2013:07:46:27 +0600] "GET /pause/ajaxPause?pauseConfigId=&admin=0 HTTP/1.1" 200 986 "http://callider/pause/index" "Mozilla/4.0 (compatible; MSIE 7.0; Windows NT 6.1; WOW64; Trident/5.0; SLCC2; .NET CLR 2.0.50727; .NET CLR 3.5.30729; .NET CLR 3.0.30729; Media Center PC 6.0; InfoPath.3; .NET4.0C; .NET4.0E)" 318756
192.168.12.61 - - [17/Feb/2013:07:46:27 +0600] "GET /pause/ajaxPause?pauseConfigId=&admin=0 HTTP/1.1" 200 985 "http://callider/pause/index" "Mozilla/4.0 (compatible; MSIE 7.0; Windows NT 6.1; Trident/5.0; SLCC2; .NET CLR 2.0.50727; .NET CLR 3.5.30729; .NET CLR 3.0.30729; Media Center PC 6.0; InfoPath.3; .NET4.0C; .NET4.0E)" 20316
192.168.74.78 - - [17/Feb/2013:07:46:29 +0600] "GET /pause/ajaxPause?pauseConfigId=&admin=0 HTTP/1.1" 200 986 "http://callider/pause/index" "Mozilla/4.0 (compatible; MSIE 7.0; Windows NT 6.1; WOW64; Trident/5.0; SLCC2; .NET CLR 2.0.50727; .NET CLR 3.5.30729; .NET CLR 3.0.30729; Media Center PC 6.0; InfoPath.3; .NET4.0C; MS-RTC LM 8; .NET4.0E)" 22277
192.168.12.60 - - [17/Feb/2013:07:46:29 +0600] "GET /pause/ajaxPause?pauseConfigId=&admin=0 HTTP/1.1" 200 986 "http://callider/pause/index" "Mozilla/4.0 (compatible; MSIE 8.0; Windows NT 6.1; Trident/4.0; InfoPath.3; .NET4.0C; MS-RTC LM 8; .NET4.0E)" 18126
192.168.12.204 - - [17/Feb/2013:07:46:29 +0600] "GET /pause/ajaxPause?pauseConfigId=&admin=0 HTTP/1.1" 200 986 "http://callider/pause/index" "Mozilla/4.0 (compatible; MSIE 7.0; Windows NT 6.1; WOW64; Trident/4.0; SLCC2; .NET CLR 2.0.50727; .NET CLR 3.5.30729; .NET CLR 3.0.30729; Media Center PC 6.0; InfoPath.3; .NET4.0C; .NET4.0E; .NET CLR 1.1.4322)" 20030
192.168.12.69 - - [17/Feb/2013:07:46:30 +0600] "GET /pause/ajaxPause?pauseConfigId=&admin=0 HTTP/1.1" 200 986 "http://callider/pause/index" "Mozilla/4.0 (compatible; MSIE 7.0; Windows NT 6.1; Trident/5.0; SLCC2; .NET CLR 2.0.50727; .NET CLR 3.5.30729; .NET CLR 3.0.30729; Media Center PC 6.0; InfoPath.3; .NET4.0C; .NET4.0E; Tablet PC 2.0; AskTbFXTV5/5.14.1.20007)" 17835
192.168.74.91 - - [17/Feb/2013:07:46:30 +0600] "GET /pause/ajaxPause?pauseConfigId=&admin=0 HTTP/1.1" 200 986 "http://callider/pause/index" "Mozilla/4.0 (compatible; MSIE 7.0; Windows NT 6.1; WOW64; Trident/5.0; SLCC2; .NET CLR 2.0.50727; .NET CLR 3.5.30729; .NET CLR 3.0.30729; Media Center PC 6.0; InfoPath.3; .NET4.0C; MS-RTC LM 8; .NET4.0E)" 17613
192.168.74.151 - - [17/Feb/2013:07:46:30 +0600] "GET /pause/ajaxPause?pauseConfigId=&admin=0 HTTP/1.1" 200 987 "http://callider.kontur/pause/index" "Mozilla/5.0 (Windows NT 6.1; WOW64; rv:18.0) Gecko/20100101 Firefox/18.0" 16904
192.168.12.210 - - [17/Feb/2013:07:46:30 +0600] "GET /pause/ajaxPause?pauseConfigId=all&admin=1 HTTP/1.1" 200 1047 "http://callider/pause/index" "Mozilla/4.0 (compatible; MSIE 7.0; Windows NT 6.1; WOW64; Trident/5.0; SLCC2; .NET CLR 2.0.50727; .NET CLR 3.5.30729; .NET CLR 3.0.30729; Media Center PC 6.0; InfoPath.3; .NET4.0C; .NET4.0E)" 18646
192.168.12.38 - - [17/Feb/2013:07:46:31 +0600] "GET /pause/ajaxPause?pauseConfigId=&admin=0 HTTP/1.1" 200 1040 "http://callider/pause/index" "Mozilla/4.0 (compatible; MSIE 7.0; Windows NT 6.1; WOW64; Trident/5.0; SLCC2; .NET CLR 2.0.50727; .NET CLR 3.5.30729; .NET CLR 3.0.30729; Media Center PC 6.0; InfoPath.3; .NET4.0C; .NET4.0E)" 16249
192.168.12.77 - - [17/Feb/2013:07:46:31 +0600] "GET /pause/ajaxPause?pauseConfigId=&admin=0 HTTP/1.1" 200 1039 "http://callider/pause/index" "Mozilla/4.0 (compatible; MSIE 7.0; Windows NT 6.1; Trident/5.0; SLCC2; .NET CLR 2.0.50727; .NET CLR 3.5.30729; .NET CLR 3.0.30729; Media Center PC 6.0; Tablet PC 2.0; InfoPath.3; .NET4.0C; .NET4.0E; MS-RTC LM 8)" 12589
192.168.65.56 - - [17/Feb/2013:07:46:31 +0600] "GET /pause/ajaxPause?pauseConfigId=all&admin=1 HTTP/1.1" 200 1046 "http://192.168.65.101/pause/index" "Mozilla/5.0 (Windows NT 5.1; rv:15.0) Gecko/20100101 Firefox/15.0" 30547
192.168.12.247 - - [17/Feb/2013:07:46:32 +0600] "GET /pause/ajaxPause?pauseConfigId=&admin=0 HTTP/1.1" 200 986 "http://callider/pause/index" "Mozilla/4.0 (compatible; MSIE 7.0; Windows NT 6.1; WOW64; Trident/5.0; SLCC2; .NET CLR 2.0.50727; .NET CLR 3.5.30729; .NET CLR 3.0.30729; Media Center PC 6.0; InfoPath.3; .NET4.0C; .NET4.0E)" 20125
192.168.12.61 - - [17/Feb/2013:07:46:32 +0600] "GET /pause/ajaxPause?pauseConfigId=&admin=0 HTTP/1.1" 200 985 "http://callider/pause/index" "Mozilla/4.0 (compatible; MSIE 7.0; Windows NT 6.1; Trident/5.0; SLCC2; .NET CLR 2.0.50727; .NET CLR 3.5.30729; .NET CLR 3.0.30729; Media Center PC 6.0; InfoPath.3; .NET4.0C; .NET4.0E)" 487741
192.168.74.78 - - [17/Feb/2013:07:46:34 +0600] "GET /pause/ajaxPause?pauseConfigId=&admin=0 HTTP/1.1" 200 986 "http://callider/pause/index" "Mozilla/4.0 (compatible; MSIE 7.0; Windows NT 6.1; WOW64; Trident/5.0; SLCC2; .NET CLR 2.0.50727; .NET CLR 3.5.30729; .NET CLR 3.0.30729; Media Center PC 6.0; InfoPath.3; .NET4.0C; MS-RTC LM 8; .NET4.0E)" 25122
192.168.12.60 - - [17/Feb/2013:07:46:34 +0600] "GET /pause/ajaxPause?pauseConfigId=&admin=0 HTTP/1.1" 200 986 "http://callider/pause/index" "Mozilla/4.0 (compatible; MSIE 8.0; Windows NT 6.1; Trident/4.0; InfoPath.3; .NET4.0C; MS-RTC LM 8; .NET4.0E)" 17825
192.168.12.67 - - [17/Feb/2013:07:46:34 +0600] "GET /tv/useUser HTTP/1.1" 200 432 "http://callider/graph/personal" "Mozilla/4.0 (compatible; MSIE 7.0; Windows NT 6.1; Trident/5.0; SLCC2; .NET CLR 2.0.50727; .NET CLR 3.5.30729; .NET CLR 3.0.30729; Media Center PC 6.0; .NET4.0C; .NET4.0E; InfoPath.3; Tablet PC 2.0; MS-RTC LM 8)" 20405
192.168.12.204 - - [17/Feb/2013:07:46:34 +0600] "GET /pause/ajaxPause?pauseConfigId=&admin=0 HTTP/1.1" 200 986 "http://callider/pause/index" "Mozilla/4.0 (compatible; MSIE 7.0; Windows NT 6.1; WOW64; Trident/4.0; SLCC2; .NET CLR 2.0.50727; .NET CLR 3.5.30729; .NET CLR 3.0.30729; Media Center PC 6.0; InfoPath.3; .NET4.0C; .NET4.0E; .NET CLR 1.1.4322)" 24492
192.168.12.69 - - [17/Feb/2013:07:46:35 +0600] "GET /pause/ajaxPause?pauseConfigId=&admin=0 HTTP/1.1" 200 986 "http://callider/pause/index" "Mozilla/4.0 (compatible; MSIE 7.0; Windows NT 6.1; Trident/5.0; SLCC2; .NET CLR 2.0.50727; .NET CLR 3.5.30729; .NET CLR 3.0.30729; Media Center PC 6.0; InfoPath.3; .NET4.0C; .NET4.0E; Tablet PC 2.0; AskTbFXTV5/5.14.1.20007)" 227967
192.168.74.91 - - [17/Feb/2013:07:46:35 +0600] "GET /pause/ajaxPause?pauseConfigId=&admin=0 HTTP/1.1" 200 986 "http://callider/pause/index" "Mozilla/4.0 (compatible; MSIE 7.0; Windows NT 6.1; WOW64; Trident/5.0; SLCC2; .NET CLR 2.0.50727; .NET CLR 3.5.30729; .NET CLR 3.0.30729; Media Center PC 6.0; InfoPath.3; .NET4.0C; MS-RTC LM 8; .NET4.0E)" 18916
192.168.74.151 - - [17/Feb/2013:07:46:35 +0600] "GET /pause/ajaxPause?pauseConfigId=&admin=0 HTTP/1.1" 200 987 "http://callider.kontur/pause/index" "Mozilla/5.0 (Windows NT 6.1; WOW64; rv:18.0) Gecko/20100101 Firefox/18.0" 18472
192.168.12.210 - - [17/Feb/2013:07:46:35 +0600] "GET /pause/ajaxPause?pauseConfigId=all&admin=1 HTTP/1.1" 200 1047 "http://callider/pause/index" "Mozilla/4.0 (compatible; MSIE 7.0; Windows NT 6.1; WOW64; Trident/5.0; SLCC2; .NET CLR 2.0.50727; .NET CLR 3.5.30729; .NET CLR 3.0.30729; Media Center PC 6.0; InfoPath.3; .NET4.0C; .NET4.0E)" 23167
192.168.12.38 - - [17/Feb/2013:07:46:36 +0600] "GET /pause/ajaxPause?pauseConfigId=&admin=0 HTTP/1.1" 200 1040 "http://callider/pause/index" "Mozilla/4.0 (compatible; MSIE 7.0; Windows NT 6.1; WOW64; Trident/5.0; SLCC2; .NET CLR 2.0.50727; .NET CLR 3.5.30729; .NET CLR 3.0.30729; Media Center PC 6.0; InfoPath.3; .NET4.0C; .NET4.0E)" 15155
192.168.12.77 - - [17/Feb/2013:07:46:36 +0600] "GET /pause/ajaxPause?pauseConfigId=&admin=0 HTTP/1.1" 200 1039 "http://callider/pause/index" "Mozilla/4.0 (compatible; MSIE 7.0; Windows NT 6.1; Trident/5.0; SLCC2; .NET CLR 2.0.50727; .NET CLR 3.5.30729; .NET CLR 3.0.30729; Media Center PC 6.0; Tablet PC 2.0; InfoPath.3; .NET4.0C; .NET4.0E; MS-RTC LM 8)" 12470
192.168.65.56 - - [17/Feb/2013:07:46:36 +0600] "GET /pause/ajaxPause?pauseConfigId=all&admin=1 HTTP/1.1" 200 1046 "http://192.168.65.101/pause/index" "Mozilla/5.0 (Windows NT 5.1; rv:15.0) Gecko/20100101 Firefox/15.0" 27209
192.168.12.247 - - [17/Feb/2013:07:46:37 +0600] "GET /pause/ajaxPause?pauseConfigId=&admin=0 HTTP/1.1" 200 986 "http://callider/pause/index" "Mozilla/4.0 (compatible; MSIE 7.0; Windows NT 6.1; WOW64; Trident/5.0; SLCC2; .NET CLR 2.0.50727; .NET CLR 3.5.30729; .NET CLR 3.0.30729; Media Center PC 6.0; InfoPath.3; .NET4.0C; .NET4.0E)" 20876
192.168.74.93 - - [17/Feb/2013:07:46:37 +0600] "GET /tv/useUser HTTP/1.1" 200 432 "http://callider/graph/personal" "Mozilla/4.0 (compatible; MSIE 7.0; Windows NT 6.1; WOW64; Trident/5.0; SLCC2; .NET CLR 2.0.50727; .NET CLR 3.5.30729; .NET CLR 3.0.30729; Media Center PC 6.0; InfoPath.3; .NET4.0C; .NET4.0E)" 21907
192.168.12.61 - - [17/Feb/2013:07:46:37 +0600] "GET /pause/ajaxPause?pauseConfigId=&admin=0 HTTP/1.1" 200 985 "http://callider/pause/index" "Mozilla/4.0 (compatible; MSIE 7.0; Windows NT 6.1; Trident/5.0; SLCC2; .NET CLR 2.0.50727; .NET CLR 3.5.30729; .NET CLR 3.0.30729; Media Center PC 6.0; InfoPath.3; .NET4.0C; .NET4.0E)" 296517
192.168.74.78 - - [17/Feb/2013:07:46:39 +0600] "GET /pause/ajaxPause?pauseConfigId=&admin=0 HTTP/1.1" 200 986 "http://callider/pause/index" "Mozilla/4.0 (compatible; MSIE 7.0; Windows NT 6.1; WOW64; Trident/5.0; SLCC2; .NET CLR 2.0.50727; .NET CLR 3.5.30729; .NET CLR 3.0.30729; Media Center PC 6.0; InfoPath.3; .NET4.0C; MS-RTC LM 8; .NET4.0E)" 18962
192.168.12.210 - - [17/Feb/2013:07:46:39 +0600] "GET /tv/useUser HTTP/1.1" 200 431 "http://callider/graph/general" "Mozilla/4.0 (compatible; MSIE 7.0; Windows NT 6.1; WOW64; Trident/5.0; SLCC2; .NET CLR 2.0.50727; .NET CLR 3.5.30729; .NET CLR 3.0.30729; Media Center PC 6.0; InfoPath.3; .NET4.0C; .NET4.0E)" 11131
192.168.12.60 - - [17/Feb/2013:07:46:39 +0600] "GET /pause/ajaxPause?pauseConfigId=&admin=0 HTTP/1.1" 200 986 "http://callider/pause/index" "Mozilla/4.0 (compatible; MSIE 8.0; Windows NT 6.1; Trident/4.0; InfoPath.3; .NET4.0C; MS-RTC LM 8; .NET4.0E)" 24665
192.168.12.204 - - [17/Feb/2013:07:46:39 +0600] "GET /pause/ajaxPause?pauseConfigId=&admin=0 HTTP/1.1" 200 986 "http://callider/pause/index" "Mozilla/4.0 (compatible; MSIE 7.0; Windows NT 6.1; WOW64; Trident/4.0; SLCC2; .NET CLR 2.0.50727; .NET CLR 3.5.30729; .NET CLR 3.0.30729; Media Center PC 6.0; InfoPath.3; .NET4.0C; .NET4.0E; .NET CLR 1.1.4322)" 17877
192.168.12.69 - - [17/Feb/2013:07:46:40 +0600] "GET /pause/ajaxPause?pauseConfigId=&admin=0 HTTP/1.1" 200 986 "http://callider/pause/index" "Mozilla/4.0 (compatible; MSIE 7.0; Windows NT 6.1; Trident/5.0; SLCC2; .NET CLR 2.0.50727; .NET CLR 3.5.30729; .NET CLR 3.0.30729; Media Center PC 6.0; InfoPath.3; .NET4.0C; .NET4.0E; Tablet PC 2.0; AskTbFXTV5/5.14.1.20007)" 20494
192.168.74.91 - - [17/Feb/2013:07:46:40 +0600] "GET /pause/ajaxPause?pauseConfigId=&admin=0 HTTP/1.1" 200 986 "http://callider/pause/index" "Mozilla/4.0 (compatible; MSIE 7.0; Windows NT 6.1; WOW64; Trident/5.0; SLCC2; .NET CLR 2.0.50727; .NET CLR 3.5.30729; .NET CLR 3.0.30729; Media Center PC 6.0; InfoPath.3; .NET4.0C; MS-RTC LM 8; .NET4.0E)" 22166
192.168.74.151 - - [17/Feb/2013:07:46:40 +0600] "GET /pause/ajaxPause?pauseConfigId=&admin=0 HTTP/1.1" 200 987 "http://callider.kontur/pause/index" "Mozilla/5.0 (Windows NT 6.1; WOW64; rv:18.0) Gecko/20100101 Firefox/18.0" 19729
192.168.12.210 - - [17/Feb/2013:07:46:40 +0600] "GET /pause/ajaxPause?pauseConfigId=all&admin=1 HTTP/1.1" 200 1047 "http://callider/pause/index" "Mozilla/4.0 (compatible; MSIE 7.0; Windows NT 6.1; WOW64; Trident/5.0; SLCC2; .NET CLR 2.0.50727; .NET CLR 3.5.30729; .NET CLR 3.0.30729; Media Center PC 6.0; InfoPath.3; .NET4.0C; .NET4.0E)" 19246
192.168.12.9 - - [17/Feb/2013:07:46:40 +0600] "GET /tv/useUser HTTP/1.1" 200 432 "http://callider.kontur/site/index" "Mozilla/5.0 (Windows NT 6.1; WOW64) AppleWebKit/537.17 (KHTML, like Gecko) Chrome/24.0.1312.57 Safari/537.17" 15678
192.168.12.38 - - [17/Feb/2013:07:46:41 +0600] "GET /pause/ajaxPause?pauseConfigId=&admin=0 HTTP/1.1" 200 1040 "http://callider/pause/index" "Mozilla/4.0 (compatible; MSIE 7.0; Windows NT 6.1; WOW64; Trident/5.0; SLCC2; .NET CLR 2.0.50727; .NET CLR 3.5.30729; .NET CLR 3.0.30729; Media Center PC 6.0; InfoPath.3; .NET4.0C; .NET4.0E)" 22296
192.168.12.77 - - [17/Feb/2013:07:46:41 +0600] "GET /pause/ajaxPause?pauseConfigId=&admin=0 HTTP/1.1" 200 1039 "http://callider/pause/index" "Mozilla/4.0 (compatible; MSIE 7.0; Windows NT 6.1; Trident/5.0; SLCC2; .NET CLR 2.0.50727; .NET CLR 3.5.30729; .NET CLR 3.0.30729; Media Center PC 6.0; Tablet PC 2.0; InfoPath.3; .NET4.0C; .NET4.0E; MS-RTC LM 8)" 16164
192.168.12.247 - - [17/Feb/2013:07:46:41 +0600] "GET /tv/useUser HTTP/1.1" 200 431 "http://callider/pause/index" "Mozilla/4.0 (compatible; MSIE 7.0; Windows NT 6.1; WOW64; Trident/5.0; SLCC2; .NET CLR 2.0.50727; .NET CLR 3.5.30729; .NET CLR 3.0.30729; Media Center PC 6.0; InfoPath.3; .NET4.0C; .NET4.0E)" 15811
192.168.65.56 - - [17/Feb/2013:07:46:41 +0600] "GET /pause/ajaxPause?pauseConfigId=all&admin=1 HTTP/1.1" 200 1046 "http://192.168.65.101/pause/index" "Mozilla/5.0 (Windows NT 5.1; rv:15.0) Gecko/20100101 Firefox/15.0" 29288
192.168.12.247 - - [17/Feb/2013:07:46:42 +0600] "GET /pause/ajaxPause?pauseConfigId=&admin=0 HTTP/1.1" 200 986 "http://callider/pause/index" "Mozilla/4.0 (compatible; MSIE 7.0; Windows NT 6.1; WOW64; Trident/5.0; SLCC2; .NET CLR 2.0.50727; .NET CLR 3.5.30729; .NET CLR 3.0.30729; Media Center PC 6.0; InfoPath.3; .NET4.0C; .NET4.0E)" 17924
192.168.12.61 - - [17/Feb/2013:07:46:42 +0600] "GET /pause/ajaxPause?pauseConfigId=&admin=0 HTTP/1.1" 200 985 "http://callider/pause/index" "Mozilla/4.0 (compatible; MSIE 7.0; Windows NT 6.1; Trident/5.0; SLCC2; .NET CLR 2.0.50727; .NET CLR 3.5.30729; .NET CLR 3.0.30729; Media Center PC 6.0; InfoPath.3; .NET4.0C; .NET4.0E)" 19399
192.168.12.202 - - [17/Feb/2013:07:46:42 +0600] "GET /graph/general HTTP/1.1" 200 6086 "http://callider/site/index" "Mozilla/4.0 (compatible; MSIE 7.0; Windows NT 6.1; Trident/4.0; MRSPUTNIK 2, 4, 0, 516; GTB7.4; SLCC2; .NET CLR 2.0.50727; .NET CLR 3.5.30729; .NET CLR 3.0.30729; Media Center PC 6.0; Tablet PC 2.0; .NET4.0C; .NET4.0E; InfoPath.3)" 505154
192.168.74.78 - - [17/Feb/2013:07:46:44 +0600] "GET /pause/ajaxPause?pauseConfigId=&admin=0 HTTP/1.1" 200 986 "http://callider/pause/index" "Mozilla/4.0 (compatible; MSIE 7.0; Windows NT 6.1; WOW64; Trident/5.0; SLCC2; .NET CLR 2.0.50727; .NET CLR 3.5.30729; .NET CLR 3.0.30729; Media Center PC 6.0; InfoPath.3; .NET4.0C; MS-RTC LM 8; .NET4.0E)" 19305
192.168.12.202 - - [17/Feb/2013:07:46:44 +0600] "GET /assets/style-c1067047.css?1360913659 HTTP/1.1" 200 6484 "http://callider/graph/general" "Mozilla/4.0 (compatible; MSIE 7.0; Windows NT 6.1; Trident/4.0; MRSPUTNIK 2, 4, 0, 516; GTB7.4; SLCC2; .NET CLR 2.0.50727; .NET CLR 3.5.30729; .NET CLR 3.0.30729; Media Center PC 6.0; Tablet PC 2.0; .NET4.0C; .NET4.0E; InfoPath.3)" 197481
192.168.12.202 - - [17/Feb/2013:07:46:44 +0600] "GET /assets/e0b868ab/general.js HTTP/1.1" 304 211 "http://callider/graph/general" "Mozilla/4.0 (compatible; MSIE 7.0; Windows NT 6.1; Trident/4.0; MRSPUTNIK 2, 4, 0, 516; GTB7.4; SLCC2; .NET CLR 2.0.50727; .NET CLR 3.5.30729; .NET CLR 3.0.30729; Media Center PC 6.0; Tablet PC 2.0; .NET4.0C; .NET4.0E; InfoPath.3)" 561
192.168.12.202 - - [17/Feb/2013:07:46:44 +0600] "GET /assets/65101766/graph.js HTTP/1.1" 304 209 "http://callider/graph/general" "Mozilla/4.0 (compatible; MSIE 7.0; Windows NT 6.1; Trident/4.0; MRSPUTNIK 2, 4, 0, 516; GTB7.4; SLCC2; .NET CLR 2.0.50727; .NET CLR 3.5.30729; .NET CLR 3.0.30729; Media Center PC 6.0; Tablet PC 2.0; .NET4.0C; .NET4.0E; InfoPath.3)" 432
192.168.12.60 - - [17/Feb/2013:07:46:44 +0600] "GET /pause/ajaxPause?pauseConfigId=&admin=0 HTTP/1.1" 200 986 "http://callider/pause/index" "Mozilla/4.0 (compatible; MSIE 8.0; Windows NT 6.1; Trident/4.0; InfoPath.3; .NET4.0C; MS-RTC LM 8; .NET4.0E)" 50747
192.168.12.202 - - [17/Feb/2013:07:46:44 +0600] "GET /images/avaya.png HTTP/1.1" 304 187 "http://callider/graph/general" "Mozilla/4.0 (compatible; MSIE 7.0; Windows NT 6.1; Trident/4.0; MRSPUTNIK 2, 4, 0, 516; GTB7.4; SLCC2; .NET CLR 2.0.50727; .NET CLR 3.5.30729; .NET CLR 3.0.30729; Media Center PC 6.0; Tablet PC 2.0; .NET4.0C; .NET4.0E; InfoPath.3)" 467
192.168.12.202 - - [17/Feb/2013:07:46:44 +0600] "GET /images/regulation.png HTTP/1.1" 304 187 "http://callider/graph/general" "Mozilla/4.0 (compatible; MSIE 7.0; Windows NT 6.1; Trident/4.0; MRSPUTNIK 2, 4, 0, 516; GTB7.4; SLCC2; .NET CLR 2.0.50727; .NET CLR 3.5.30729; .NET CLR 3.0.30729; Media Center PC 6.0; Tablet PC 2.0; .NET4.0C; .NET4.0E; InfoPath.3)" 600
192.168.12.202 - - [17/Feb/2013:07:46:44 +0600] "GET /images/graphElba.gif HTTP/1.1" 200 4448 "http://callider/graph/general" "Mozilla/4.0 (compatible; MSIE 7.0; Windows NT 6.1; Trident/4.0; MRSPUTNIK 2, 4, 0, 516; GTB7.4; SLCC2; .NET CLR 2.0.50727; .NET CLR 3.5.30729; .NET CLR 3.0.30729; Media Center PC 6.0; Tablet PC 2.0; .NET4.0C; .NET4.0E; InfoPath.3)" 127285
192.168.12.204 - - [17/Feb/2013:07:46:44 +0600] "GET /pause/ajaxPause?pauseConfigId=&admin=0 HTTP/1.1" 200 986 "http://callider/pause/index" "Mozilla/4.0 (compatible; MSIE 7.0; Windows NT 6.1; WOW64; Trident/4.0; SLCC2; .NET CLR 2.0.50727; .NET CLR 3.5.30729; .NET CLR 3.0.30729; Media Center PC 6.0; InfoPath.3; .NET4.0C; .NET4.0E; .NET CLR 1.1.4322)" 19336
192.168.12.69 - - [17/Feb/2013:07:46:45 +0600] "GET /pause/ajaxPause?pauseConfigId=&admin=0 HTTP/1.1" 200 986 "http://callider/pause/index" "Mozilla/4.0 (compatible; MSIE 7.0; Windows NT 6.1; Trident/5.0; SLCC2; .NET CLR 2.0.50727; .NET CLR 3.5.30729; .NET CLR 3.0.30729; Media Center PC 6.0; InfoPath.3; .NET4.0C; .NET4.0E; Tablet PC 2.0; AskTbFXTV5/5.14.1.20007)" 19963
192.168.12.202 - - [17/Feb/2013:07:46:45 +0600] "GET /assets/708a95a7/jui/js/jquery-ui.min.js HTTP/1.1" 304 212 "http://callider/graph/general" "Mozilla/4.0 (compatible; MSIE 7.0; Windows NT 6.1; Trident/4.0; MRSPUTNIK 2, 4, 0, 516; GTB7.4; SLCC2; .NET CLR 2.0.50727; .NET CLR 3.5.30729; .NET CLR 3.0.30729; Media Center PC 6.0; Tablet PC 2.0; .NET4.0C; .NET4.0E; InfoPath.3)" 869
192.168.74.91 - - [17/Feb/2013:07:46:45 +0600] "GET /pause/ajaxPause?pauseConfigId=&admin=0 HTTP/1.1" 200 986 "http://callider/pause/index" "Mozilla/4.0 (compatible; MSIE 7.0; Windows NT 6.1; WOW64; Trident/5.0; SLCC2; .NET CLR 2.0.50727; .NET CLR 3.5.30729; .NET CLR 3.0.30729; Media Center PC 6.0; InfoPath.3; .NET4.0C; MS-RTC LM 8; .NET4.0E)" 23522
192.168.74.151 - - [17/Feb/2013:07:46:45 +0600] "GET /pause/ajaxPause?pauseConfigId=&admin=0 HTTP/1.1" 200 987 "http://callider.kontur/pause/index" "Mozilla/5.0 (Windows NT 6.1; WOW64; rv:18.0) Gecko/20100101 Firefox/18.0" 28083
192.168.12.202 - - [17/Feb/2013:07:46:45 +0600] "GET /assets/708a95a7/jui/js/jquery-ui-i18n.min.js HTTP/1.1" 304 211 "http://callider/graph/general" "Mozilla/4.0 (compatible; MSIE 7.0; Windows NT 6.1; Trident/4.0; MRSPUTNIK 2, 4, 0, 516; GTB7.4; SLCC2; .NET CLR 2.0.50727; .NET CLR 3.5.30729; .NET CLR 3.0.30729; Media Center PC 6.0; Tablet PC 2.0; .NET4.0C; .NET4.0E; InfoPath.3)" 512
192.168.12.210 - - [17/Feb/2013:07:46:45 +0600] "GET /pause/ajaxPause?pauseConfigId=all&admin=1 HTTP/1.1" 200 1047 "http://callider/pause/index" "Mozilla/4.0 (compatible; MSIE 7.0; Windows NT 6.1; WOW64; Trident/5.0; SLCC2; .NET CLR 2.0.50727; .NET CLR 3.5.30729; .NET CLR 3.0.30729; Media Center PC 6.0; InfoPath.3; .NET4.0C; .NET4.0E)" 333736
192.168.12.202 - - [17/Feb/2013:07:46:46 +0600] "GET /assets/708a95a7/jui/css/base/images/ui-bg_flat_75_ffffff_40x100.png HTTP/1.1" 304 186 "http://callider/graph/general" "Mozilla/4.0 (compatible; MSIE 7.0; Windows NT 6.1; Trident/4.0; MRSPUTNIK 2, 4, 0, 516; GTB7.4; SLCC2; .NET CLR 2.0.50727; .NET CLR 3.5.30729; .NET CLR 3.0.30729; Media Center PC 6.0; Tablet PC 2.0; .NET4.0C; .NET4.0E; InfoPath.3)" 682
192.168.12.38 - - [17/Feb/2013:07:46:46 +0600] "GET /pause/ajaxPause?pauseConfigId=&admin=0 HTTP/1.1" 200 1040 "http://callider/pause/index" "Mozilla/4.0 (compatible; MSIE 7.0; Windows NT 6.1; WOW64; Trident/5.0; SLCC2; .NET CLR 2.0.50727; .NET CLR 3.5.30729; .NET CLR 3.0.30729; Media Center PC 6.0; InfoPath.3; .NET4.0C; .NET4.0E)" 16905
192.168.12.77 - - [17/Feb/2013:07:46:46 +0600] "GET /pause/ajaxPause?pauseConfigId=&admin=0 HTTP/1.1" 200 1039 "http://callider/pause/index" "Mozilla/4.0 (compatible; MSIE 7.0; Windows NT 6.1; Trident/5.0; SLCC2; .NET CLR 2.0.50727; .NET CLR 3.5.30729; .NET CLR 3.0.30729; Media Center PC 6.0; Tablet PC 2.0; InfoPath.3; .NET4.0C; .NET4.0E; MS-RTC LM 8)" 12127
192.168.65.56 - - [17/Feb/2013:07:46:46 +0600] "GET /pause/ajaxPause?pauseConfigId=all&admin=1 HTTP/1.1" 200 1046 "http://192.168.65.101/pause/index" "Mozilla/5.0 (Windows NT 5.1; rv:15.0) Gecko/20100101 Firefox/15.0" 39215
192.168.12.247 - - [17/Feb/2013:07:46:47 +0600] "GET /pause/ajaxPause?pauseConfigId=&admin=0 HTTP/1.1" 200 986 "http://callider/pause/index" "Mozilla/4.0 (compatible; MSIE 7.0; Windows NT 6.1; WOW64; Trident/5.0; SLCC2; .NET CLR 2.0.50727; .NET CLR 3.5.30729; .NET CLR 3.0.30729; Media Center PC 6.0; InfoPath.3; .NET4.0C; .NET4.0E)" 18167
192.168.12.61 - - [17/Feb/2013:07:46:47 +0600] "GET /pause/ajaxPause?pauseConfigId=&admin=0 HTTP/1.1" 200 985 "http://callider/pause/index" "Mozilla/4.0 (compatible; MSIE 7.0; Windows NT 6.1; Trident/5.0; SLCC2; .NET CLR 2.0.50727; .NET CLR 3.5.30729; .NET CLR 3.0.30729; Media Center PC 6.0; InfoPath.3; .NET4.0C; .NET4.0E)" 19195
192.168.12.210 - - [17/Feb/2013:07:46:49 +0600] "GET /tv/useUser HTTP/1.1" 200 431 "http://callider/pause/index" "Mozilla/4.0 (compatible; MSIE 7.0; Windows NT 6.1; WOW64; Trident/5.0; SLCC2; .NET CLR 2.0.50727; .NET CLR 3.5.30729; .NET CLR 3.0.30729; Media Center PC 6.0; InfoPath.3; .NET4.0C; .NET4.0E)" 10313
192.168.74.78 - - [17/Feb/2013:07:46:49 +0600] "GET /pause/ajaxPause?pauseConfigId=&admin=0 HTTP/1.1" 200 986 "http://callider/pause/index" "Mozilla/4.0 (compatible; MSIE 7.0; Windows NT 6.1; WOW64; Trident/5.0; SLCC2; .NET CLR 2.0.50727; .NET CLR 3.5.30729; .NET CLR 3.0.30729; Media Center PC 6.0; InfoPath.3; .NET4.0C; MS-RTC LM 8; .NET4.0E)" 19073
192.168.12.60 - - [17/Feb/2013:07:46:49 +0600] "GET /pause/ajaxPause?pauseConfigId=&admin=0 HTTP/1.1" 200 986 "http://callider/pause/index" "Mozilla/4.0 (compatible; MSIE 8.0; Windows NT 6.1; Trident/4.0; InfoPath.3; .NET4.0C; MS-RTC LM 8; .NET4.0E)" 19605
192.168.12.204 - - [17/Feb/2013:07:46:49 +0600] "GET /pause/ajaxPause?pauseConfigId=&admin=0 HTTP/1.1" 200 986 "http://callider/pause/index" "Mozilla/4.0 (compatible; MSIE 7.0; Windows NT 6.1; WOW64; Trident/4.0; SLCC2; .NET CLR 2.0.50727; .NET CLR 3.5.30729; .NET CLR 3.0.30729; Media Center PC 6.0; InfoPath.3; .NET4.0C; .NET4.0E; .NET CLR 1.1.4322)" 18425
192.168.12.69 - - [17/Feb/2013:07:46:50 +0600] "GET /pause/ajaxPause?pauseConfigId=&admin=0 HTTP/1.1" 200 986 "http://callider/pause/index" "Mozilla/4.0 (compatible; MSIE 7.0; Windows NT 6.1; Trident/5.0; SLCC2; .NET CLR 2.0.50727; .NET CLR 3.5.30729; .NET CLR 3.0.30729; Media Center PC 6.0; InfoPath.3; .NET4.0C; .NET4.0E; Tablet PC 2.0; AskTbFXTV5/5.14.1.20007)" 28240
192.168.74.91 - - [17/Feb/2013:07:46:50 +0600] "GET /pause/ajaxPause?pauseConfigId=&admin=0 HTTP/1.1" 200 986 "http://callider/pause/index" "Mozilla/4.0 (compatible; MSIE 7.0; Windows NT 6.1; WOW64; Trident/5.0; SLCC2; .NET CLR 2.0.50727; .NET CLR 3.5.30729; .NET CLR 3.0.30729; Media Center PC 6.0; InfoPath.3; .NET4.0C; MS-RTC LM 8; .NET4.0E)" 20612
192.168.74.151 - - [17/Feb/2013:07:46:50 +0600] "GET /pause/ajaxPause?pauseConfigId=&admin=0 HTTP/1.1" 200 987 "http://callider.kontur/pause/index" "Mozilla/5.0 (Windows NT 6.1; WOW64; rv:18.0) Gecko/20100101 Firefox/18.0" 22588
192.168.12.210 - - [17/Feb/2013:07:46:50 +0600] "GET /pause/ajaxPause?pauseConfigId=all&admin=1 HTTP/1.1" 200 1047 "http://callider/pause/index" "Mozilla/4.0 (compatible; MSIE 7.0; Windows NT 6.1; WOW64; Trident/5.0; SLCC2; .NET CLR 2.0.50727; .NET CLR 3.5.30729; .NET CLR 3.0.30729; Media Center PC 6.0; InfoPath.3; .NET4.0C; .NET4.0E)" 20798
192.168.12.38 - - [17/Feb/2013:07:46:51 +0600] "GET /pause/ajaxPause?pauseConfigId=&admin=0 HTTP/1.1" 200 1040 "http://callider/pause/index" "Mozilla/4.0 (compatible; MSIE 7.0; Windows NT 6.1; WOW64; Trident/5.0; SLCC2; .NET CLR 2.0.50727; .NET CLR 3.5.30729; .NET CLR 3.0.30729; Media Center PC 6.0; InfoPath.3; .NET4.0C; .NET4.0E)" 16477
192.168.12.77 - - [17/Feb/2013:07:46:51 +0600] "GET /pause/ajaxPause?pauseConfigId=&admin=0 HTTP/1.1" 200 1039 "http://callider/pause/index" "Mozilla/4.0 (compatible; MSIE 7.0; Windows NT 6.1; Trident/5.0; SLCC2; .NET CLR 2.0.50727; .NET CLR 3.5.30729; .NET CLR 3.0.30729; Media Center PC 6.0; Tablet PC 2.0; InfoPath.3; .NET4.0C; .NET4.0E; MS-RTC LM 8)" 14224
192.168.65.56 - - [17/Feb/2013:07:46:51 +0600] "GET /pause/ajaxPause?pauseConfigId=all&admin=1 HTTP/1.1" 200 1046 "http://192.168.65.101/pause/index" "Mozilla/5.0 (Windows NT 5.1; rv:15.0) Gecko/20100101 Firefox/15.0" 29311
192.168.65.56 - - [17/Feb/2013:07:46:51 +0600] "GET /tv/useUser HTTP/1.1" 200 431 "http://192.168.65.101/pause/index" "Mozilla/5.0 (Windows NT 5.1; rv:15.0) Gecko/20100101 Firefox/15.0" 73930
192.168.12.247 - - [17/Feb/2013:07:46:52 +0600] "GET /pause/ajaxPause?pauseConfigId=&admin=0 HTTP/1.1" 200 986 "http://callider/pause/index" "Mozilla/4.0 (compatible; MSIE 7.0; Windows NT 6.1; WOW64; Trident/5.0; SLCC2; .NET CLR 2.0.50727; .NET CLR 3.5.30729; .NET CLR 3.0.30729; Media Center PC 6.0; InfoPath.3; .NET4.0C; .NET4.0E)" 20252
192.168.12.61 - - [17/Feb/2013:07:46:52 +0600] "GET /pause/ajaxPause?pauseConfigId=&admin=0 HTTP/1.1" 200 986 "http://callider/pause/index" "Mozilla/4.0 (compatible; MSIE 7.0; Windows NT 6.1; Trident/5.0; SLCC2; .NET CLR 2.0.50727; .NET CLR 3.5.30729; .NET CLR 3.0.30729; Media Center PC 6.0; InfoPath.3; .NET4.0C; .NET4.0E)" 28524
192.168.74.78 - - [17/Feb/2013:07:46:54 +0600] "GET /pause/ajaxPause?pauseConfigId=&admin=0 HTTP/1.1" 200 986 "http://callider/pause/index" "Mozilla/4.0 (compatible; MSIE 7.0; Windows NT 6.1; WOW64; Trident/5.0; SLCC2; .NET CLR 2.0.50727; .NET CLR 3.5.30729; .NET CLR 3.0.30729; Media Center PC 6.0; InfoPath.3; .NET4.0C; MS-RTC LM 8; .NET4.0E)" 19818
192.168.12.60 - - [17/Feb/2013:07:46:54 +0600] "GET /pause/ajaxPause?pauseConfigId=&admin=0 HTTP/1.1" 200 986 "http://callider/pause/index" "Mozilla/4.0 (compatible; MSIE 8.0; Windows NT 6.1; Trident/4.0; InfoPath.3; .NET4.0C; MS-RTC LM 8; .NET4.0E)" 20520
192.168.12.204 - - [17/Feb/2013:07:46:54 +0600] "GET /pause/ajaxPause?pauseConfigId=&admin=0 HTTP/1.1" 200 986 "http://callider/pause/index" "Mozilla/4.0 (compatible; MSIE 7.0; Windows NT 6.1; WOW64; Trident/4.0; SLCC2; .NET CLR 2.0.50727; .NET CLR 3.5.30729; .NET CLR 3.0.30729; Media Center PC 6.0; InfoPath.3; .NET4.0C; .NET4.0E; .NET CLR 1.1.4322)" 23010
192.168.12.69 - - [17/Feb/2013:07:46:55 +0600] "GET /pause/ajaxPause?pauseConfigId=&admin=0 HTTP/1.1" 200 986 "http://callider/pause/index" "Mozilla/4.0 (compatible; MSIE 7.0; Windows NT 6.1; Trident/5.0; SLCC2; .NET CLR 2.0.50727; .NET CLR 3.5.30729; .NET CLR 3.0.30729; Media Center PC 6.0; InfoPath.3; .NET4.0C; .NET4.0E; Tablet PC 2.0; AskTbFXTV5/5.14.1.20007)" 17718
192.168.74.91 - - [17/Feb/2013:07:46:55 +0600] "GET /pause/ajaxPause?pauseConfigId=&admin=0 HTTP/1.1" 200 986 "http://callider/pause/index" "Mozilla/4.0 (compatible; MSIE 7.0; Windows NT 6.1; WOW64; Trident/5.0; SLCC2; .NET CLR 2.0.50727; .NET CLR 3.5.30729; .NET CLR 3.0.30729; Media Center PC 6.0; InfoPath.3; .NET4.0C; MS-RTC LM 8; .NET4.0E)" 21779
192.168.74.151 - - [17/Feb/2013:07:46:55 +0600] "GET /pause/ajaxPause?pauseConfigId=&admin=0 HTTP/1.1" 200 987 "http://callider.kontur/pause/index" "Mozilla/5.0 (Windows NT 6.1; WOW64; rv:18.0) Gecko/20100101 Firefox/18.0" 19845
192.168.12.210 - - [17/Feb/2013:07:46:55 +0600] "GET /pause/ajaxPause?pauseConfigId=all&admin=1 HTTP/1.1" 200 1047 "http://callider/pause/index" "Mozilla/4.0 (compatible; MSIE 7.0; Windows NT 6.1; WOW64; Trident/5.0; SLCC2; .NET CLR 2.0.50727; .NET CLR 3.5.30729; .NET CLR 3.0.30729; Media Center PC 6.0; InfoPath.3; .NET4.0C; .NET4.0E)" 18643
192.168.12.38 - - [17/Feb/2013:07:46:56 +0600] "GET /pause/ajaxPause?pauseConfigId=&admin=0 HTTP/1.1" 200 1040 "http://callider/pause/index" "Mozilla/4.0 (compatible; MSIE 7.0; Windows NT 6.1; WOW64; Trident/5.0; SLCC2; .NET CLR 2.0.50727; .NET CLR 3.5.30729; .NET CLR 3.0.30729; Media Center PC 6.0; InfoPath.3; .NET4.0C; .NET4.0E)" 16595
192.168.12.77 - - [17/Feb/2013:07:46:56 +0600] "GET /pause/ajaxPause?pauseConfigId=&admin=0 HTTP/1.1" 200 1039 "http://callider/pause/index" "Mozilla/4.0 (compatible; MSIE 7.0; Windows NT 6.1; Trident/5.0; SLCC2; .NET CLR 2.0.50727; .NET CLR 3.5.30729; .NET CLR 3.0.30729; Media Center PC 6.0; Tablet PC 2.0; InfoPath.3; .NET4.0C; .NET4.0E; MS-RTC LM 8)" 13197
192.168.65.56 - - [17/Feb/2013:07:46:56 +0600] "GET /pause/ajaxPause?pauseConfigId=all&admin=1 HTTP/1.1" 200 1046 "http://192.168.65.101/pause/index" "Mozilla/5.0 (Windows NT 5.1; rv:15.0) Gecko/20100101 Firefox/15.0" 31629
192.168.12.247 - - [17/Feb/2013:07:46:57 +0600] "GET /pause/ajaxPause?pauseConfigId=&admin=0 HTTP/1.1" 200 986 "http://callider/pause/index" "Mozilla/4.0 (compatible; MSIE 7.0; Windows NT 6.1; WOW64; Trident/5.0; SLCC2; .NET CLR 2.0.50727; .NET CLR 3.5.30729; .NET CLR 3.0.30729; Media Center PC 6.0; InfoPath.3; .NET4.0C; .NET4.0E)" 18494
192.168.12.61 - - [17/Feb/2013:07:46:57 +0600] "GET /pause/ajaxPause?pauseConfigId=&admin=0 HTTP/1.1" 200 985 "http://callider/pause/index" "Mozilla/4.0 (compatible; MSIE 7.0; Windows NT 6.1; Trident/5.0; SLCC2; .NET CLR 2.0.50727; .NET CLR 3.5.30729; .NET CLR 3.0.30729; Media Center PC 6.0; InfoPath.3; .NET4.0C; .NET4.0E)" 19926
192.168.74.78 - - [17/Feb/2013:07:46:59 +0600] "GET /pause/ajaxPause?pauseConfigId=&admin=0 HTTP/1.1" 200 986 "http://callider/pause/index" "Mozilla/4.0 (compatible; MSIE 7.0; Windows NT 6.1; WOW64; Trident/5.0; SLCC2; .NET CLR 2.0.50727; .NET CLR 3.5.30729; .NET CLR 3.0.30729; Media Center PC 6.0; InfoPath.3; .NET4.0C; MS-RTC LM 8; .NET4.0E)" 18407
192.168.12.60 - - [17/Feb/2013:07:46:59 +0600] "GET /pause/ajaxPause?pauseConfigId=&admin=0 HTTP/1.1" 200 986 "http://callider/pause/index" "Mozilla/4.0 (compatible; MSIE 8.0; Windows NT 6.1; Trident/4.0; InfoPath.3; .NET4.0C; MS-RTC LM 8; .NET4.0E)" 18555
192.168.12.204 - - [17/Feb/2013:07:46:59 +0600] "GET /pause/ajaxPause?pauseConfigId=&admin=0 HTTP/1.1" 200 986 "http://callider/pause/index" "Mozilla/4.0 (compatible; MSIE 7.0; Windows NT 6.1; WOW64; Trident/4.0; SLCC2; .NET CLR 2.0.50727; .NET CLR 3.5.30729; .NET CLR 3.0.30729; Media Center PC 6.0; InfoPath.3; .NET4.0C; .NET4.0E; .NET CLR 1.1.4322)" 16950
192.168.12.69 - - [17/Feb/2013:07:47:00 +0600] "GET /pause/ajaxPause?pauseConfigId=&admin=0 HTTP/1.1" 200 986 "http://callider/pause/index" "Mozilla/4.0 (compatible; MSIE 7.0; Windows NT 6.1; Trident/5.0; SLCC2; .NET CLR 2.0.50727; .NET CLR 3.5.30729; .NET CLR 3.0.30729; Media Center PC 6.0; InfoPath.3; .NET4.0C; .NET4.0E; Tablet PC 2.0; AskTbFXTV5/5.14.1.20007)" 19995
192.168.74.91 - - [17/Feb/2013:07:47:00 +0600] "GET /pause/ajaxPause?pauseConfigId=&admin=0 HTTP/1.1" 200 986 "http://callider/pause/index" "Mozilla/4.0 (compatible; MSIE 7.0; Windows NT 6.1; WOW64; Trident/5.0; SLCC2; .NET CLR 2.0.50727; .NET CLR 3.5.30729; .NET CLR 3.0.30729; Media Center PC 6.0; InfoPath.3; .NET4.0C; MS-RTC LM 8; .NET4.0E)" 23340
192.168.74.151 - - [17/Feb/2013:07:47:00 +0600] "GET /pause/ajaxPause?pauseConfigId=&admin=0 HTTP/1.1" 200 987 "http://callider.kontur/pause/index" "Mozilla/5.0 (Windows NT 6.1; WOW64; rv:18.0) Gecko/20100101 Firefox/18.0" 32632
192.168.12.210 - - [17/Feb/2013:07:47:00 +0600] "GET /pause/ajaxPause?pauseConfigId=all&admin=1 HTTP/1.1" 200 1047 "http://callider/pause/index" "Mozilla/4.0 (compatible; MSIE 7.0; Windows NT 6.1; WOW64; Trident/5.0; SLCC2; .NET CLR 2.0.50727; .NET CLR 3.5.30729; .NET CLR 3.0.30729; Media Center PC 6.0; InfoPath.3; .NET4.0C; .NET4.0E)" 20564
192.168.12.38 - - [17/Feb/2013:07:47:01 +0600] "GET /pause/ajaxPause?pauseConfigId=&admin=0 HTTP/1.1" 200 1040 "http://callider/pause/index" "Mozilla/4.0 (compatible; MSIE 7.0; Windows NT 6.1; WOW64; Trident/5.0; SLCC2; .NET CLR 2.0.50727; .NET CLR 3.5.30729; .NET CLR 3.0.30729; Media Center PC 6.0; InfoPath.3; .NET4.0C; .NET4.0E)" 17083
192.168.12.77 - - [17/Feb/2013:07:47:01 +0600] "GET /pause/ajaxPause?pauseConfigId=&admin=0 HTTP/1.1" 200 1039 "http://callider/pause/index" "Mozilla/4.0 (compatible; MSIE 7.0; Windows NT 6.1; Trident/5.0; SLCC2; .NET CLR 2.0.50727; .NET CLR 3.5.30729; .NET CLR 3.0.30729; Media Center PC 6.0; Tablet PC 2.0; InfoPath.3; .NET4.0C; .NET4.0E; MS-RTC LM 8)" 12909
192.168.65.56 - - [17/Feb/2013:07:47:01 +0600] "GET /pause/ajaxPause?pauseConfigId=all&admin=1 HTTP/1.1" 200 1046 "http://192.168.65.101/pause/index" "Mozilla/5.0 (Windows NT 5.1; rv:15.0) Gecko/20100101 Firefox/15.0" 29037
192.168.12.247 - - [17/Feb/2013:07:47:02 +0600] "GET /pause/ajaxPause?pauseConfigId=&admin=0 HTTP/1.1" 200 986 "http://callider/pause/index" "Mozilla/4.0 (compatible; MSIE 7.0; Windows NT 6.1; WOW64; Trident/5.0; SLCC2; .NET CLR 2.0.50727; .NET CLR 3.5.30729; .NET CLR 3.0.30729; Media Center PC 6.0; InfoPath.3; .NET4.0C; .NET4.0E)" 20003
192.168.12.61 - - [17/Feb/2013:07:47:02 +0600] "GET /pause/ajaxPause?pauseConfigId=&admin=0 HTTP/1.1" 200 985 "http://callider/pause/index" "Mozilla/4.0 (compatible; MSIE 7.0; Windows NT 6.1; Trident/5.0; SLCC2; .NET CLR 2.0.50727; .NET CLR 3.5.30729; .NET CLR 3.0.30729; Media Center PC 6.0; InfoPath.3; .NET4.0C; .NET4.0E)" 20296
192.168.74.139 - - [17/Feb/2013:07:47:03 +0600] "GET /tv/useUser HTTP/1.1" 200 432 "http://callider/graph/personal" "Mozilla/4.0 (compatible; MSIE 7.0; Windows NT 6.1; WOW64; Trident/5.0; SLCC2; .NET CLR 2.0.50727; .NET CLR 3.5.30729; .NET CLR 3.0.30729; Media Center PC 6.0; InfoPath.3; .NET4.0C; .NET4.0E)" 15020
192.168.74.78 - - [17/Feb/2013:07:47:04 +0600] "GET /pause/ajaxPause?pauseConfigId=&admin=0 HTTP/1.1" 200 986 "http://callider/pause/index" "Mozilla/4.0 (compatible; MSIE 7.0; Windows NT 6.1; WOW64; Trident/5.0; SLCC2; .NET CLR 2.0.50727; .NET CLR 3.5.30729; .NET CLR 3.0.30729; Media Center PC 6.0; InfoPath.3; .NET4.0C; MS-RTC LM 8; .NET4.0E)" 19540
192.168.12.60 - - [17/Feb/2013:07:47:04 +0600] "GET /pause/ajaxPause?pauseConfigId=&admin=0 HTTP/1.1" 200 986 "http://callider/pause/index" "Mozilla/4.0 (compatible; MSIE 8.0; Windows NT 6.1; Trident/4.0; InfoPath.3; .NET4.0C; MS-RTC LM 8; .NET4.0E)" 22153
192.168.12.204 - - [17/Feb/2013:07:47:04 +0600] "GET /pause/ajaxPause?pauseConfigId=&admin=0 HTTP/1.1" 200 986 "http://callider/pause/index" "Mozilla/4.0 (compatible; MSIE 7.0; Windows NT 6.1; WOW64; Trident/4.0; SLCC2; .NET CLR 2.0.50727; .NET CLR 3.5.30729; .NET CLR 3.0.30729; Media Center PC 6.0; InfoPath.3; .NET4.0C; .NET4.0E; .NET CLR 1.1.4322)" 18066
192.168.12.69 - - [17/Feb/2013:07:47:05 +0600] "GET /pause/ajaxPause?pauseConfigId=&admin=0 HTTP/1.1" 200 986 "http://callider/pause/index" "Mozilla/4.0 (compatible; MSIE 7.0; Windows NT 6.1; Trident/5.0; SLCC2; .NET CLR 2.0.50727; .NET CLR 3.5.30729; .NET CLR 3.0.30729; Media Center PC 6.0; InfoPath.3; .NET4.0C; .NET4.0E; Tablet PC 2.0; AskTbFXTV5/5.14.1.20007)" 22970
192.168.12.61 - - [17/Feb/2013:07:47:05 +0600] "GET /tv/useUser HTTP/1.1" 200 431 "http://callider/pause/index" "Mozilla/4.0 (compatible; MSIE 7.0; Windows NT 6.1; Trident/5.0; SLCC2; .NET CLR 2.0.50727; .NET CLR 3.5.30729; .NET CLR 3.0.30729; Media Center PC 6.0; InfoPath.3; .NET4.0C; .NET4.0E)" 10887
192.168.74.91 - - [17/Feb/2013:07:47:05 +0600] "GET /pause/ajaxPause?pauseConfigId=&admin=0 HTTP/1.1" 200 986 "http://callider/pause/index" "Mozilla/4.0 (compatible; MSIE 7.0; Windows NT 6.1; WOW64; Trident/5.0; SLCC2; .NET CLR 2.0.50727; .NET CLR 3.5.30729; .NET CLR 3.0.30729; Media Center PC 6.0; InfoPath.3; .NET4.0C; MS-RTC LM 8; .NET4.0E)" 24650
192.168.74.151 - - [17/Feb/2013:07:47:05 +0600] "GET /pause/ajaxPause?pauseConfigId=&admin=0 HTTP/1.1" 200 987 "http://callider.kontur/pause/index" "Mozilla/5.0 (Windows NT 6.1; WOW64; rv:18.0) Gecko/20100101 Firefox/18.0" 19428
192.168.12.210 - - [17/Feb/2013:07:47:05 +0600] "GET /pause/ajaxPause?pauseConfigId=all&admin=1 HTTP/1.1" 200 1047 "http://callider/pause/index" "Mozilla/4.0 (compatible; MSIE 7.0; Windows NT 6.1; WOW64; Trident/5.0; SLCC2; .NET CLR 2.0.50727; .NET CLR 3.5.30729; .NET CLR 3.0.30729; Media Center PC 6.0; InfoPath.3; .NET4.0C; .NET4.0E)" 31236
192.168.12.38 - - [17/Feb/2013:07:47:06 +0600] "GET /pause/ajaxPause?pauseConfigId=&admin=0 HTTP/1.1" 200 1040 "http://callider/pause/index" "Mozilla/4.0 (compatible; MSIE 7.0; Windows NT 6.1; WOW64; Trident/5.0; SLCC2; .NET CLR 2.0.50727; .NET CLR 3.5.30729; .NET CLR 3.0.30729; Media Center PC 6.0; InfoPath.3; .NET4.0C; .NET4.0E)" 21243
192.168.12.77 - - [17/Feb/2013:07:47:06 +0600] "GET /pause/ajaxPause?pauseConfigId=&admin=0 HTTP/1.1" 200 1039 "http://callider/pause/index" "Mozilla/4.0 (compatible; MSIE 7.0; Windows NT 6.1; Trident/5.0; SLCC2; .NET CLR 2.0.50727; .NET CLR 3.5.30729; .NET CLR 3.0.30729; Media Center PC 6.0; Tablet PC 2.0; InfoPath.3; .NET4.0C; .NET4.0E; MS-RTC LM 8)" 12980
192.168.65.56 - - [17/Feb/2013:07:47:06 +0600] "GET /pause/ajaxPause?pauseConfigId=all&admin=1 HTTP/1.1" 200 1046 "http://192.168.65.101/pause/index" "Mozilla/5.0 (Windows NT 5.1; rv:15.0) Gecko/20100101 Firefox/15.0" 36958
192.168.12.247 - - [17/Feb/2013:07:47:07 +0600] "GET /pause/ajaxPause?pauseConfigId=&admin=0 HTTP/1.1" 200 986 "http://callider/pause/index" "Mozilla/4.0 (compatible; MSIE 7.0; Windows NT 6.1; WOW64; Trident/5.0; SLCC2; .NET CLR 2.0.50727; .NET CLR 3.5.30729; .NET CLR 3.0.30729; Media Center PC 6.0; InfoPath.3; .NET4.0C; .NET4.0E)" 19283
192.168.12.61 - - [17/Feb/2013:07:47:07 +0600] "GET /pause/ajaxPause?pauseConfigId=&admin=0 HTTP/1.1" 200 985 "http://callider/pause/index" "Mozilla/4.0 (compatible; MSIE 7.0; Windows NT 6.1; Trident/5.0; SLCC2; .NET CLR 2.0.50727; .NET CLR 3.5.30729; .NET CLR 3.0.30729; Media Center PC 6.0; InfoPath.3; .NET4.0C; .NET4.0E)" 18600
192.168.74.78 - - [17/Feb/2013:07:47:09 +0600] "GET /pause/ajaxPause?pauseConfigId=&admin=0 HTTP/1.1" 200 986 "http://callider/pause/index" "Mozilla/4.0 (compatible; MSIE 7.0; Windows NT 6.1; WOW64; Trident/5.0; SLCC2; .NET CLR 2.0.50727; .NET CLR 3.5.30729; .NET CLR 3.0.30729; Media Center PC 6.0; InfoPath.3; .NET4.0C; MS-RTC LM 8; .NET4.0E)" 22384
192.168.12.60 - - [17/Feb/2013:07:47:09 +0600] "GET /pause/ajaxPause?pauseConfigId=&admin=0 HTTP/1.1" 200 986 "http://callider/pause/index" "Mozilla/4.0 (compatible; MSIE 8.0; Windows NT 6.1; Trident/4.0; InfoPath.3; .NET4.0C; MS-RTC LM 8; .NET4.0E)" 22521
192.168.12.204 - - [17/Feb/2013:07:47:09 +0600] "GET /pause/ajaxPause?pauseConfigId=&admin=0 HTTP/1.1" 200 986 "http://callider/pause/index" "Mozilla/4.0 (compatible; MSIE 7.0; Windows NT 6.1; WOW64; Trident/4.0; SLCC2; .NET CLR 2.0.50727; .NET CLR 3.5.30729; .NET CLR 3.0.30729; Media Center PC 6.0; InfoPath.3; .NET4.0C; .NET4.0E; .NET CLR 1.1.4322)" 17730
192.168.12.69 - - [17/Feb/2013:07:47:10 +0600] "GET /pause/ajaxPause?pauseConfigId=&admin=0 HTTP/1.1" 200 986 "http://callider/pause/index" "Mozilla/4.0 (compatible; MSIE 7.0; Windows NT 6.1; Trident/5.0; SLCC2; .NET CLR 2.0.50727; .NET CLR 3.5.30729; .NET CLR 3.0.30729; Media Center PC 6.0; InfoPath.3; .NET4.0C; .NET4.0E; Tablet PC 2.0; AskTbFXTV5/5.14.1.20007)" 19314
192.168.74.91 - - [17/Feb/2013:07:47:10 +0600] "GET /pause/ajaxPause?pauseConfigId=&admin=0 HTTP/1.1" 200 986 "http://callider/pause/index" "Mozilla/4.0 (compatible; MSIE 7.0; Windows NT 6.1; WOW64; Trident/5.0; SLCC2; .NET CLR 2.0.50727; .NET CLR 3.5.30729; .NET CLR 3.0.30729; Media Center PC 6.0; InfoPath.3; .NET4.0C; MS-RTC LM 8; .NET4.0E)" 20568
192.168.74.151 - - [17/Feb/2013:07:47:10 +0600] "GET /pause/ajaxPause?pauseConfigId=&admin=0 HTTP/1.1" 200 987 "http://callider.kontur/pause/index" "Mozilla/5.0 (Windows NT 6.1; WOW64; rv:18.0) Gecko/20100101 Firefox/18.0" 19768
192.168.12.210 - - [17/Feb/2013:07:47:10 +0600] "GET /pause/ajaxPause?pauseConfigId=all&admin=1 HTTP/1.1" 200 1047 "http://callider/pause/index" "Mozilla/4.0 (compatible; MSIE 7.0; Windows NT 6.1; WOW64; Trident/5.0; SLCC2; .NET CLR 2.0.50727; .NET CLR 3.5.30729; .NET CLR 3.0.30729; Media Center PC 6.0; InfoPath.3; .NET4.0C; .NET4.0E)" 20713
192.168.12.42 - - [17/Feb/2013:07:47:11 +0600] "GET /tv/useUser HTTP/1.1" 200 432 "http://callider/graph/personal" "Mozilla/4.0 (compatible; MSIE 7.0; Windows NT 6.1; WOW64; Trident/5.0; SLCC2; .NET CLR 2.0.50727; .NET CLR 3.5.30729; .NET CLR 3.0.30729; Media Center PC 6.0; InfoPath.3; .NET4.0C; .NET4.0E)" 16812
192.168.12.38 - - [17/Feb/2013:07:47:11 +0600] "GET /pause/ajaxPause?pauseConfigId=&admin=0 HTTP/1.1" 200 1040 "http://callider/pause/index" "Mozilla/4.0 (compatible; MSIE 7.0; Windows NT 6.1; WOW64; Trident/5.0; SLCC2; .NET CLR 2.0.50727; .NET CLR 3.5.30729; .NET CLR 3.0.30729; Media Center PC 6.0; InfoPath.3; .NET4.0C; .NET4.0E)" 15436
192.168.12.77 - - [17/Feb/2013:07:47:11 +0600] "GET /pause/ajaxPause?pauseConfigId=&admin=0 HTTP/1.1" 200 1039 "http://callider/pause/index" "Mozilla/4.0 (compatible; MSIE 7.0; Windows NT 6.1; Trident/5.0; SLCC2; .NET CLR 2.0.50727; .NET CLR 3.5.30729; .NET CLR 3.0.30729; Media Center PC 6.0; Tablet PC 2.0; InfoPath.3; .NET4.0C; .NET4.0E; MS-RTC LM 8)" 13259
192.168.65.56 - - [17/Feb/2013:07:47:11 +0600] "GET /pause/ajaxPause?pauseConfigId=all&admin=1 HTTP/1.1" 200 1046 "http://192.168.65.101/pause/index" "Mozilla/5.0 (Windows NT 5.1; rv:15.0) Gecko/20100101 Firefox/15.0" 34055
192.168.12.247 - - [17/Feb/2013:07:47:12 +0600] "GET /pause/ajaxPause?pauseConfigId=&admin=0 HTTP/1.1" 200 986 "http://callider/pause/index" "Mozilla/4.0 (compatible; MSIE 7.0; Windows NT 6.1; WOW64; Trident/5.0; SLCC2; .NET CLR 2.0.50727; .NET CLR 3.5.30729; .NET CLR 3.0.30729; Media Center PC 6.0; InfoPath.3; .NET4.0C; .NET4.0E)" 30703
192.168.12.61 - - [17/Feb/2013:07:47:12 +0600] "GET /pause/ajaxPause?pauseConfigId=&admin=0 HTTP/1.1" 200 986 "http://callider/pause/index" "Mozilla/4.0 (compatible; MSIE 7.0; Windows NT 6.1; Trident/5.0; SLCC2; .NET CLR 2.0.50727; .NET CLR 3.5.30729; .NET CLR 3.0.30729; Media Center PC 6.0; InfoPath.3; .NET4.0C; .NET4.0E)" 26814
192.168.74.151 - - [17/Feb/2013:07:47:13 +0600] "GET /tv/useUser HTTP/1.1" 200 431 "http://callider.kontur/graph/general" "Mozilla/5.0 (Windows NT 6.1; WOW64; rv:18.0) Gecko/20100101 Firefox/18.0" 8725
192.168.74.78 - - [17/Feb/2013:07:47:14 +0600] "GET /pause/ajaxPause?pauseConfigId=&admin=0 HTTP/1.1" 200 986 "http://callider/pause/index" "Mozilla/4.0 (compatible; MSIE 7.0; Windows NT 6.1; WOW64; Trident/5.0; SLCC2; .NET CLR 2.0.50727; .NET CLR 3.5.30729; .NET CLR 3.0.30729; Media Center PC 6.0; InfoPath.3; .NET4.0C; MS-RTC LM 8; .NET4.0E)" 18512
192.168.12.60 - - [17/Feb/2013:07:47:14 +0600] "GET /pause/ajaxPause?pauseConfigId=&admin=0 HTTP/1.1" 200 986 "http://callider/pause/index" "Mozilla/4.0 (compatible; MSIE 8.0; Windows NT 6.1; Trident/4.0; InfoPath.3; .NET4.0C; MS-RTC LM 8; .NET4.0E)" 30019
192.168.12.204 - - [17/Feb/2013:07:47:14 +0600] "GET /pause/ajaxPause?pauseConfigId=&admin=0 HTTP/1.1" 200 986 "http://callider/pause/index" "Mozilla/4.0 (compatible; MSIE 7.0; Windows NT 6.1; WOW64; Trident/4.0; SLCC2; .NET CLR 2.0.50727; .NET CLR 3.5.30729; .NET CLR 3.0.30729; Media Center PC 6.0; InfoPath.3; .NET4.0C; .NET4.0E; .NET CLR 1.1.4322)" 74303
192.168.12.69 - - [17/Feb/2013:07:47:15 +0600] "GET /pause/ajaxPause?pauseConfigId=&admin=0 HTTP/1.1" 200 986 "http://callider/pause/index" "Mozilla/4.0 (compatible; MSIE 7.0; Windows NT 6.1; Trident/5.0; SLCC2; .NET CLR 2.0.50727; .NET CLR 3.5.30729; .NET CLR 3.0.30729; Media Center PC 6.0; InfoPath.3; .NET4.0C; .NET4.0E; Tablet PC 2.0; AskTbFXTV5/5.14.1.20007)" 16841
192.168.74.91 - - [17/Feb/2013:07:47:15 +0600] "GET /pause/ajaxPause?pauseConfigId=&admin=0 HTTP/1.1" 200 986 "http://callider/pause/index" "Mozilla/4.0 (compatible; MSIE 7.0; Windows NT 6.1; WOW64; Trident/5.0; SLCC2; .NET CLR 2.0.50727; .NET CLR 3.5.30729; .NET CLR 3.0.30729; Media Center PC 6.0; InfoPath.3; .NET4.0C; MS-RTC LM 8; .NET4.0E)" 18830
192.168.74.151 - - [17/Feb/2013:07:47:15 +0600] "GET /pause/ajaxPause?pauseConfigId=&admin=0 HTTP/1.1" 200 987 "http://callider.kontur/pause/index" "Mozilla/5.0 (Windows NT 6.1; WOW64; rv:18.0) Gecko/20100101 Firefox/18.0" 19040
192.168.74.151 - - [17/Feb/2013:07:47:15 +0600] "GET /tv/useUser HTTP/1.1" 200 432 "http://callider.kontur/pause/index" "Mozilla/5.0 (Windows NT 6.1; WOW64; rv:18.0) Gecko/20100101 Firefox/18.0" 14989
192.168.12.210 - - [17/Feb/2013:07:47:15 +0600] "GET /pause/ajaxPause?pauseConfigId=all&admin=1 HTTP/1.1" 200 1047 "http://callider/pause/index" "Mozilla/4.0 (compatible; MSIE 7.0; Windows NT 6.1; WOW64; Trident/5.0; SLCC2; .NET CLR 2.0.50727; .NET CLR 3.5.30729; .NET CLR 3.0.30729; Media Center PC 6.0; InfoPath.3; .NET4.0C; .NET4.0E)" 19430
192.168.12.38 - - [17/Feb/2013:07:47:16 +0600] "GET /pause/ajaxPause?pauseConfigId=&admin=0 HTTP/1.1" 200 1040 "http://callider/pause/index" "Mozilla/4.0 (compatible; MSIE 7.0; Windows NT 6.1; WOW64; Trident/5.0; SLCC2; .NET CLR 2.0.50727; .NET CLR 3.5.30729; .NET CLR 3.0.30729; Media Center PC 6.0; InfoPath.3; .NET4.0C; .NET4.0E)" 16319
192.168.12.77 - - [17/Feb/2013:07:47:16 +0600] "GET /pause/ajaxPause?pauseConfigId=&admin=0 HTTP/1.1" 200 1039 "http://callider/pause/index" "Mozilla/4.0 (compatible; MSIE 7.0; Windows NT 6.1; Trident/5.0; SLCC2; .NET CLR 2.0.50727; .NET CLR 3.5.30729; .NET CLR 3.0.30729; Media Center PC 6.0; Tablet PC 2.0; InfoPath.3; .NET4.0C; .NET4.0E; MS-RTC LM 8)" 12966
192.168.65.56 - - [17/Feb/2013:07:47:16 +0600] "GET /pause/ajaxPause?pauseConfigId=all&admin=1 HTTP/1.1" 200 1046 "http://192.168.65.101/pause/index" "Mozilla/5.0 (Windows NT 5.1; rv:15.0) Gecko/20100101 Firefox/15.0" 28605
192.168.12.247 - - [17/Feb/2013:07:47:17 +0600] "GET /pause/ajaxPause?pauseConfigId=&admin=0 HTTP/1.1" 200 986 "http://callider/pause/index" "Mozilla/4.0 (compatible; MSIE 7.0; Windows NT 6.1; WOW64; Trident/5.0; SLCC2; .NET CLR 2.0.50727; .NET CLR 3.5.30729; .NET CLR 3.0.30729; Media Center PC 6.0; InfoPath.3; .NET4.0C; .NET4.0E)" 19690
192.168.12.61 - - [17/Feb/2013:07:47:17 +0600] "GET /pause/ajaxPause?pauseConfigId=&admin=0 HTTP/1.1" 200 985 "http://callider/pause/index" "Mozilla/4.0 (compatible; MSIE 7.0; Windows NT 6.1; Trident/5.0; SLCC2; .NET CLR 2.0.50727; .NET CLR 3.5.30729; .NET CLR 3.0.30729; Media Center PC 6.0; InfoPath.3; .NET4.0C; .NET4.0E)" 22261
192.168.74.78 - - [17/Feb/2013:07:47:19 +0600] "GET /pause/ajaxPause?pauseConfigId=&admin=0 HTTP/1.1" 200 986 "http://callider/pause/index" "Mozilla/4.0 (compatible; MSIE 7.0; Windows NT 6.1; WOW64; Trident/5.0; SLCC2; .NET CLR 2.0.50727; .NET CLR 3.5.30729; .NET CLR 3.0.30729; Media Center PC 6.0; InfoPath.3; .NET4.0C; MS-RTC LM 8; .NET4.0E)" 68206
192.168.12.60 - - [17/Feb/2013:07:47:19 +0600] "GET /pause/ajaxPause?pauseConfigId=&admin=0 HTTP/1.1" 200 986 "http://callider/pause/index" "Mozilla/4.0 (compatible; MSIE 8.0; Windows NT 6.1; Trident/4.0; InfoPath.3; .NET4.0C; MS-RTC LM 8; .NET4.0E)" 27477
192.168.12.10 - - [17/Feb/2013:07:47:19 +0600] "GET /tv/useUser HTTP/1.1" 200 432 "http://callider/graph/personal" "Mozilla/4.0 (compatible; MSIE 7.0; Windows NT 6.1; Trident/5.0; SLCC2; .NET CLR 2.0.50727; .NET CLR 3.5.30729; .NET CLR 3.0.30729; Media Center PC 6.0; InfoPath.3; .NET4.0C; .NET4.0E; Tablet PC 2.0; MS-RTC LM 8)" 18394
192.168.74.139 - - [17/Feb/2013:07:47:19 +0600] "GET /tv/useUser HTTP/1.1" 200 432 "http://callider/site/index" "Mozilla/4.0 (compatible; MSIE 7.0; Windows NT 6.1; WOW64; Trident/5.0; SLCC2; .NET CLR 2.0.50727; .NET CLR 3.5.30729; .NET CLR 3.0.30729; Media Center PC 6.0; InfoPath.3; .NET4.0C; .NET4.0E)" 15018
192.168.12.108 - - [17/Feb/2013:07:47:19 +0600] "GET /tv/useUser HTTP/1.1" 200 432 "http://callider/index.php" "Mozilla/4.0 (compatible; MSIE 7.0; Windows NT 6.2; WOW64; Trident/6.0; .NET4.0E; .NET4.0C; InfoPath.3; .NET CLR 3.5.30729; .NET CLR 2.0.50727; .NET CLR 3.0.30729)" 15358
192.168.12.204 - - [17/Feb/2013:07:47:19 +0600] "GET /pause/ajaxPause?pauseConfigId=&admin=0 HTTP/1.1" 200 986 "http://callider/pause/index" "Mozilla/4.0 (compatible; MSIE 7.0; Windows NT 6.1; WOW64; Trident/4.0; SLCC2; .NET CLR 2.0.50727; .NET CLR 3.5.30729; .NET CLR 3.0.30729; Media Center PC 6.0; InfoPath.3; .NET4.0C; .NET4.0E; .NET CLR 1.1.4322)" 18307
192.168.12.69 - - [17/Feb/2013:07:47:20 +0600] "GET /pause/ajaxPause?pauseConfigId=&admin=0 HTTP/1.1" 200 986 "http://callider/pause/index" "Mozilla/4.0 (compatible; MSIE 7.0; Windows NT 6.1; Trident/5.0; SLCC2; .NET CLR 2.0.50727; .NET CLR 3.5.30729; .NET CLR 3.0.30729; Media Center PC 6.0; InfoPath.3; .NET4.0C; .NET4.0E; Tablet PC 2.0; AskTbFXTV5/5.14.1.20007)" 19262
192.168.74.91 - - [17/Feb/2013:07:47:20 +0600] "GET /pause/ajaxPause?pauseConfigId=&admin=0 HTTP/1.1" 200 986 "http://callider/pause/index" "Mozilla/4.0 (compatible; MSIE 7.0; Windows NT 6.1; WOW64; Trident/5.0; SLCC2; .NET CLR 2.0.50727; .NET CLR 3.5.30729; .NET CLR 3.0.30729; Media Center PC 6.0; InfoPath.3; .NET4.0C; MS-RTC LM 8; .NET4.0E)" 28389
192.168.74.151 - - [17/Feb/2013:07:47:20 +0600] "GET /pause/ajaxPause?pauseConfigId=&admin=0 HTTP/1.1" 200 987 "http://callider.kontur/pause/index" "Mozilla/5.0 (Windows NT 6.1; WOW64; rv:18.0) Gecko/20100101 Firefox/18.0" 26544
192.168.12.210 - - [17/Feb/2013:07:47:20 +0600] "GET /pause/ajaxPause?pauseConfigId=all&admin=1 HTTP/1.1" 200 1047 "http://callider/pause/index" "Mozilla/4.0 (compatible; MSIE 7.0; Windows NT 6.1; WOW64; Trident/5.0; SLCC2; .NET CLR 2.0.50727; .NET CLR 3.5.30729; .NET CLR 3.0.30729; Media Center PC 6.0; InfoPath.3; .NET4.0C; .NET4.0E)" 29316
192.168.12.38 - - [17/Feb/2013:07:47:21 +0600] "GET /pause/ajaxPause?pauseConfigId=&admin=0 HTTP/1.1" 200 1040 "http://callider/pause/index" "Mozilla/4.0 (compatible; MSIE 7.0; Windows NT 6.1; WOW64; Trident/5.0; SLCC2; .NET CLR 2.0.50727; .NET CLR 3.5.30729; .NET CLR 3.0.30729; Media Center PC 6.0; InfoPath.3; .NET4.0C; .NET4.0E)" 26397
192.168.12.77 - - [17/Feb/2013:07:47:21 +0600] "GET /pause/ajaxPause?pauseConfigId=&admin=0 HTTP/1.1" 200 1039 "http://callider/pause/index" "Mozilla/4.0 (compatible; MSIE 7.0; Windows NT 6.1; Trident/5.0; SLCC2; .NET CLR 2.0.50727; .NET CLR 3.5.30729; .NET CLR 3.0.30729; Media Center PC 6.0; Tablet PC 2.0; InfoPath.3; .NET4.0C; .NET4.0E; MS-RTC LM 8)" 33766
192.168.65.56 - - [17/Feb/2013:07:47:21 +0600] "GET /pause/ajaxPause?pauseConfigId=all&admin=1 HTTP/1.1" 200 1046 "http://192.168.65.101/pause/index" "Mozilla/5.0 (Windows NT 5.1; rv:15.0) Gecko/20100101 Firefox/15.0" 34337
192.168.12.247 - - [17/Feb/2013:07:47:22 +0600] "GET /pause/ajaxPause?pauseConfigId=&admin=0 HTTP/1.1" 200 986 "http://callider/pause/index" "Mozilla/4.0 (compatible; MSIE 7.0; Windows NT 6.1; WOW64; Trident/5.0; SLCC2; .NET CLR 2.0.50727; .NET CLR 3.5.30729; .NET CLR 3.0.30729; Media Center PC 6.0; InfoPath.3; .NET4.0C; .NET4.0E)" 264888
192.168.12.61 - - [17/Feb/2013:07:47:22 +0600] "GET /pause/ajaxPause?pauseConfigId=&admin=0 HTTP/1.1" 200 986 "http://callider/pause/index" "Mozilla/4.0 (compatible; MSIE 7.0; Windows NT 6.1; Trident/5.0; SLCC2; .NET CLR 2.0.50727; .NET CLR 3.5.30729; .NET CLR 3.0.30729; Media Center PC 6.0; InfoPath.3; .NET4.0C; .NET4.0E)" 25976
192.168.74.78 - - [17/Feb/2013:07:47:24 +0600] "GET /pause/ajaxPause?pauseConfigId=&admin=0 HTTP/1.1" 200 986 "http://callider/pause/index" "Mozilla/4.0 (compatible; MSIE 7.0; Windows NT 6.1; WOW64; Trident/5.0; SLCC2; .NET CLR 2.0.50727; .NET CLR 3.5.30729; .NET CLR 3.0.30729; Media Center PC 6.0; InfoPath.3; .NET4.0C; MS-RTC LM 8; .NET4.0E)" 25806
192.168.12.60 - - [17/Feb/2013:07:47:24 +0600] "GET /pause/ajaxPause?pauseConfigId=&admin=0 HTTP/1.1" 200 986 "http://callider/pause/index" "Mozilla/4.0 (compatible; MSIE 8.0; Windows NT 6.1; Trident/4.0; InfoPath.3; .NET4.0C; MS-RTC LM 8; .NET4.0E)" 25245
192.168.12.204 - - [17/Feb/2013:07:47:24 +0600] "GET /pause/ajaxPause?pauseConfigId=&admin=0 HTTP/1.1" 200 986 "http://callider/pause/index" "Mozilla/4.0 (compatible; MSIE 7.0; Windows NT 6.1; WOW64; Trident/4.0; SLCC2; .NET CLR 2.0.50727; .NET CLR 3.5.30729; .NET CLR 3.0.30729; Media Center PC 6.0; InfoPath.3; .NET4.0C; .NET4.0E; .NET CLR 1.1.4322)" 27954
192.168.12.69 - - [17/Feb/2013:07:47:25 +0600] "GET /pause/ajaxPause?pauseConfigId=&admin=0 HTTP/1.1" 200 986 "http://callider/pause/index" "Mozilla/4.0 (compatible; MSIE 7.0; Windows NT 6.1; Trident/5.0; SLCC2; .NET CLR 2.0.50727; .NET CLR 3.5.30729; .NET CLR 3.0.30729; Media Center PC 6.0; InfoPath.3; .NET4.0C; .NET4.0E; Tablet PC 2.0; AskTbFXTV5/5.14.1.20007)" 25601
192.168.74.91 - - [17/Feb/2013:07:47:25 +0600] "GET /pause/ajaxPause?pauseConfigId=&admin=0 HTTP/1.1" 200 986 "http://callider/pause/index" "Mozilla/4.0 (compatible; MSIE 7.0; Windows NT 6.1; WOW64; Trident/5.0; SLCC2; .NET CLR 2.0.50727; .NET CLR 3.5.30729; .NET CLR 3.0.30729; Media Center PC 6.0; InfoPath.3; .NET4.0C; MS-RTC LM 8; .NET4.0E)" 21443
192.168.74.151 - - [17/Feb/2013:07:47:25 +0600] "GET /pause/ajaxPause?pauseConfigId=&admin=0 HTTP/1.1" 200 987 "http://callider.kontur/pause/index" "Mozilla/5.0 (Windows NT 6.1; WOW64; rv:18.0) Gecko/20100101 Firefox/18.0" 17793
192.168.12.210 - - [17/Feb/2013:07:47:25 +0600] "GET /pause/ajaxPause?pauseConfigId=all&admin=1 HTTP/1.1" 200 1047 "http://callider/pause/index" "Mozilla/4.0 (compatible; MSIE 7.0; Windows NT 6.1; WOW64; Trident/5.0; SLCC2; .NET CLR 2.0.50727; .NET CLR 3.5.30729; .NET CLR 3.0.30729; Media Center PC 6.0; InfoPath.3; .NET4.0C; .NET4.0E)" 21538
192.168.12.38 - - [17/Feb/2013:07:47:26 +0600] "GET /pause/ajaxPause?pauseConfigId=&admin=0 HTTP/1.1" 200 1040 "http://callider/pause/index" "Mozilla/4.0 (compatible; MSIE 7.0; Windows NT 6.1; WOW64; Trident/5.0; SLCC2; .NET CLR 2.0.50727; .NET CLR 3.5.30729; .NET CLR 3.0.30729; Media Center PC 6.0; InfoPath.3; .NET4.0C; .NET4.0E)" 16314
192.168.12.77 - - [17/Feb/2013:07:47:26 +0600] "GET /pause/ajaxPause?pauseConfigId=&admin=0 HTTP/1.1" 200 1039 "http://callider/pause/index" "Mozilla/4.0 (compatible; MSIE 7.0; Windows NT 6.1; Trident/5.0; SLCC2; .NET CLR 2.0.50727; .NET CLR 3.5.30729; .NET CLR 3.0.30729; Media Center PC 6.0; Tablet PC 2.0; InfoPath.3; .NET4.0C; .NET4.0E; MS-RTC LM 8)" 16688
192.168.65.56 - - [17/Feb/2013:07:47:26 +0600] "GET /pause/ajaxPause?pauseConfigId=all&admin=1 HTTP/1.1" 200 1046 "http://192.168.65.101/pause/index" "Mozilla/5.0 (Windows NT 5.1; rv:15.0) Gecko/20100101 Firefox/15.0" 41323
192.168.12.247 - - [17/Feb/2013:07:47:27 +0600] "GET /pause/ajaxPause?pauseConfigId=&admin=0 HTTP/1.1" 200 986 "http://callider/pause/index" "Mozilla/4.0 (compatible; MSIE 7.0; Windows NT 6.1; WOW64; Trident/5.0; SLCC2; .NET CLR 2.0.50727; .NET CLR 3.5.30729; .NET CLR 3.0.30729; Media Center PC 6.0; InfoPath.3; .NET4.0C; .NET4.0E)" 21183
192.168.12.61 - - [17/Feb/2013:07:47:27 +0600] "GET /pause/ajaxPause?pauseConfigId=&admin=0 HTTP/1.1" 200 985 "http://callider/pause/index" "Mozilla/4.0 (compatible; MSIE 7.0; Windows NT 6.1; Trident/5.0; SLCC2; .NET CLR 2.0.50727; .NET CLR 3.5.30729; .NET CLR 3.0.30729; Media Center PC 6.0; InfoPath.3; .NET4.0C; .NET4.0E)" 19744
192.168.74.78 - - [17/Feb/2013:07:47:29 +0600] "GET /pause/ajaxPause?pauseConfigId=&admin=0 HTTP/1.1" 200 986 "http://callider/pause/index" "Mozilla/4.0 (compatible; MSIE 7.0; Windows NT 6.1; WOW64; Trident/5.0; SLCC2; .NET CLR 2.0.50727; .NET CLR 3.5.30729; .NET CLR 3.0.30729; Media Center PC 6.0; InfoPath.3; .NET4.0C; MS-RTC LM 8; .NET4.0E)" 21871
192.168.12.60 - - [17/Feb/2013:07:47:29 +0600] "GET /pause/ajaxPause?pauseConfigId=&admin=0 HTTP/1.1" 200 986 "http://callider/pause/index" "Mozilla/4.0 (compatible; MSIE 8.0; Windows NT 6.1; Trident/4.0; InfoPath.3; .NET4.0C; MS-RTC LM 8; .NET4.0E)" 18182
192.168.12.204 - - [17/Feb/2013:07:47:29 +0600] "GET /pause/ajaxPause?pauseConfigId=&admin=0 HTTP/1.1" 200 986 "http://callider/pause/index" "Mozilla/4.0 (compatible; MSIE 7.0; Windows NT 6.1; WOW64; Trident/4.0; SLCC2; .NET CLR 2.0.50727; .NET CLR 3.5.30729; .NET CLR 3.0.30729; Media Center PC 6.0; InfoPath.3; .NET4.0C; .NET4.0E; .NET CLR 1.1.4322)" 22244
192.168.12.69 - - [17/Feb/2013:07:47:30 +0600] "GET /pause/ajaxPause?pauseConfigId=&admin=0 HTTP/1.1" 200 986 "http://callider/pause/index" "Mozilla/4.0 (compatible; MSIE 7.0; Windows NT 6.1; Trident/5.0; SLCC2; .NET CLR 2.0.50727; .NET CLR 3.5.30729; .NET CLR 3.0.30729; Media Center PC 6.0; InfoPath.3; .NET4.0C; .NET4.0E; Tablet PC 2.0; AskTbFXTV5/5.14.1.20007)" 20324
192.168.74.91 - - [17/Feb/2013:07:47:30 +0600] "GET /pause/ajaxPause?pauseConfigId=&admin=0 HTTP/1.1" 200 986 "http://callider/pause/index" "Mozilla/4.0 (compatible; MSIE 7.0; Windows NT 6.1; WOW64; Trident/5.0; SLCC2; .NET CLR 2.0.50727; .NET CLR 3.5.30729; .NET CLR 3.0.30729; Media Center PC 6.0; InfoPath.3; .NET4.0C; MS-RTC LM 8; .NET4.0E)" 52268
192.168.74.151 - - [17/Feb/2013:07:47:30 +0600] "GET /pause/ajaxPause?pauseConfigId=&admin=0 HTTP/1.1" 200 987 "http://callider.kontur/pause/index" "Mozilla/5.0 (Windows NT 6.1; WOW64; rv:18.0) Gecko/20100101 Firefox/18.0" 17297
192.168.12.210 - - [17/Feb/2013:07:47:30 +0600] "GET /pause/ajaxPause?pauseConfigId=all&admin=1 HTTP/1.1" 200 1047 "http://callider/pause/index" "Mozilla/4.0 (compatible; MSIE 7.0; Windows NT 6.1; WOW64; Trident/5.0; SLCC2; .NET CLR 2.0.50727; .NET CLR 3.5.30729; .NET CLR 3.0.30729; Media Center PC 6.0; InfoPath.3; .NET4.0C; .NET4.0E)" 110440
192.168.12.38 - - [17/Feb/2013:07:47:31 +0600] "GET /pause/ajaxPause?pauseConfigId=&admin=0 HTTP/1.1" 200 1040 "http://callider/pause/index" "Mozilla/4.0 (compatible; MSIE 7.0; Windows NT 6.1; WOW64; Trident/5.0; SLCC2; .NET CLR 2.0.50727; .NET CLR 3.5.30729; .NET CLR 3.0.30729; Media Center PC 6.0; InfoPath.3; .NET4.0C; .NET4.0E)" 17343
192.168.12.77 - - [17/Feb/2013:07:47:31 +0600] "GET /pause/ajaxPause?pauseConfigId=&admin=0 HTTP/1.1" 200 1039 "http://callider/pause/index" "Mozilla/4.0 (compatible; MSIE 7.0; Windows NT 6.1; Trident/5.0; SLCC2; .NET CLR 2.0.50727; .NET CLR 3.5.30729; .NET CLR 3.0.30729; Media Center PC 6.0; Tablet PC 2.0; InfoPath.3; .NET4.0C; .NET4.0E; MS-RTC LM 8)" 12921
192.168.65.56 - - [17/Feb/2013:07:47:31 +0600] "GET /pause/ajaxPause?pauseConfigId=all&admin=1 HTTP/1.1" 200 1046 "http://192.168.65.101/pause/index" "Mozilla/5.0 (Windows NT 5.1; rv:15.0) Gecko/20100101 Firefox/15.0" 31043
192.168.12.247 - - [17/Feb/2013:07:47:32 +0600] "GET /pause/ajaxPause?pauseConfigId=&admin=0 HTTP/1.1" 200 986 "http://callider/pause/index" "Mozilla/4.0 (compatible; MSIE 7.0; Windows NT 6.1; WOW64; Trident/5.0; SLCC2; .NET CLR 2.0.50727; .NET CLR 3.5.30729; .NET CLR 3.0.30729; Media Center PC 6.0; InfoPath.3; .NET4.0C; .NET4.0E)" 28459
192.168.12.61 - - [17/Feb/2013:07:47:32 +0600] "GET /pause/ajaxPause?pauseConfigId=&admin=0 HTTP/1.1" 200 985 "http://callider/pause/index" "Mozilla/4.0 (compatible; MSIE 7.0; Windows NT 6.1; Trident/5.0; SLCC2; .NET CLR 2.0.50727; .NET CLR 3.5.30729; .NET CLR 3.0.30729; Media Center PC 6.0; InfoPath.3; .NET4.0C; .NET4.0E)" 19208
192.168.74.78 - - [17/Feb/2013:07:47:34 +0600] "GET /pause/ajaxPause?pauseConfigId=&admin=0 HTTP/1.1" 200 986 "http://callider/pause/index" "Mozilla/4.0 (compatible; MSIE 7.0; Windows NT 6.1; WOW64; Trident/5.0; SLCC2; .NET CLR 2.0.50727; .NET CLR 3.5.30729; .NET CLR 3.0.30729; Media Center PC 6.0; InfoPath.3; .NET4.0C; MS-RTC LM 8; .NET4.0E)" 21569
192.168.12.60 - - [17/Feb/2013:07:47:34 +0600] "GET /pause/ajaxPause?pauseConfigId=&admin=0 HTTP/1.1" 200 986 "http://callider/pause/index" "Mozilla/4.0 (compatible; MSIE 8.0; Windows NT 6.1; Trident/4.0; InfoPath.3; .NET4.0C; MS-RTC LM 8; .NET4.0E)" 24054
192.168.12.67 - - [17/Feb/2013:07:47:34 +0600] "GET /tv/useUser HTTP/1.1" 200 432 "http://callider/graph/personal" "Mozilla/4.0 (compatible; MSIE 7.0; Windows NT 6.1; Trident/5.0; SLCC2; .NET CLR 2.0.50727; .NET CLR 3.5.30729; .NET CLR 3.0.30729; Media Center PC 6.0; .NET4.0C; .NET4.0E; InfoPath.3; Tablet PC 2.0; MS-RTC LM 8)" 16427
192.168.12.204 - - [17/Feb/2013:07:47:34 +0600] "GET /pause/ajaxPause?pauseConfigId=&admin=0 HTTP/1.1" 200 986 "http://callider/pause/index" "Mozilla/4.0 (compatible; MSIE 7.0; Windows NT 6.1; WOW64; Trident/4.0; SLCC2; .NET CLR 2.0.50727; .NET CLR 3.5.30729; .NET CLR 3.0.30729; Media Center PC 6.0; InfoPath.3; .NET4.0C; .NET4.0E; .NET CLR 1.1.4322)" 17978
192.168.12.69 - - [17/Feb/2013:07:47:35 +0600] "GET /pause/ajaxPause?pauseConfigId=&admin=0 HTTP/1.1" 200 986 "http://callider/pause/index" "Mozilla/4.0 (compatible; MSIE 7.0; Windows NT 6.1; Trident/5.0; SLCC2; .NET CLR 2.0.50727; .NET CLR 3.5.30729; .NET CLR 3.0.30729; Media Center PC 6.0; InfoPath.3; .NET4.0C; .NET4.0E; Tablet PC 2.0; AskTbFXTV5/5.14.1.20007)" 19038
192.168.74.91 - - [17/Feb/2013:07:47:35 +0600] "GET /pause/ajaxPause?pauseConfigId=&admin=0 HTTP/1.1" 200 986 "http://callider/pause/index" "Mozilla/4.0 (compatible; MSIE 7.0; Windows NT 6.1; WOW64; Trident/5.0; SLCC2; .NET CLR 2.0.50727; .NET CLR 3.5.30729; .NET CLR 3.0.30729; Media Center PC 6.0; InfoPath.3; .NET4.0C; MS-RTC LM 8; .NET4.0E)" 21898
192.168.74.151 - - [17/Feb/2013:07:47:35 +0600] "GET /pause/ajaxPause?pauseConfigId=&admin=0 HTTP/1.1" 200 987 "http://callider.kontur/pause/index" "Mozilla/5.0 (Windows NT 6.1; WOW64; rv:18.0) Gecko/20100101 Firefox/18.0" 18511
192.168.12.210 - - [17/Feb/2013:07:47:35 +0600] "GET /pause/ajaxPause?pauseConfigId=all&admin=1 HTTP/1.1" 200 1047 "http://callider/pause/index" "Mozilla/4.0 (compatible; MSIE 7.0; Windows NT 6.1; WOW64; Trident/5.0; SLCC2; .NET CLR 2.0.50727; .NET CLR 3.5.30729; .NET CLR 3.0.30729; Media Center PC 6.0; InfoPath.3; .NET4.0C; .NET4.0E)" 49632
192.168.12.38 - - [17/Feb/2013:07:47:36 +0600] "GET /pause/ajaxPause?pauseConfigId=&admin=0 HTTP/1.1" 200 1040 "http://callider/pause/index" "Mozilla/4.0 (compatible; MSIE 7.0; Windows NT 6.1; WOW64; Trident/5.0; SLCC2; .NET CLR 2.0.50727; .NET CLR 3.5.30729; .NET CLR 3.0.30729; Media Center PC 6.0; InfoPath.3; .NET4.0C; .NET4.0E)" 15509
192.168.12.77 - - [17/Feb/2013:07:47:36 +0600] "GET /pause/ajaxPause?pauseConfigId=&admin=0 HTTP/1.1" 200 1039 "http://callider/pause/index" "Mozilla/4.0 (compatible; MSIE 7.0; Windows NT 6.1; Trident/5.0; SLCC2; .NET CLR 2.0.50727; .NET CLR 3.5.30729; .NET CLR 3.0.30729; Media Center PC 6.0; Tablet PC 2.0; InfoPath.3; .NET4.0C; .NET4.0E; MS-RTC LM 8)" 14101
192.168.65.56 - - [17/Feb/2013:07:47:36 +0600] "GET /pause/ajaxPause?pauseConfigId=all&admin=1 HTTP/1.1" 200 1046 "http://192.168.65.101/pause/index" "Mozilla/5.0 (Windows NT 5.1; rv:15.0) Gecko/20100101 Firefox/15.0" 27358
192.168.12.247 - - [17/Feb/2013:07:47:37 +0600] "GET /pause/ajaxPause?pauseConfigId=&admin=0 HTTP/1.1" 200 986 "http://callider/pause/index" "Mozilla/4.0 (compatible; MSIE 7.0; Windows NT 6.1; WOW64; Trident/5.0; SLCC2; .NET CLR 2.0.50727; .NET CLR 3.5.30729; .NET CLR 3.0.30729; Media Center PC 6.0; InfoPath.3; .NET4.0C; .NET4.0E)" 21693
192.168.12.61 - - [17/Feb/2013:07:47:37 +0600] "GET /pause/ajaxPause?pauseConfigId=&admin=0 HTTP/1.1" 200 985 "http://callider/pause/index" "Mozilla/4.0 (compatible; MSIE 7.0; Windows NT 6.1; Trident/5.0; SLCC2; .NET CLR 2.0.50727; .NET CLR 3.5.30729; .NET CLR 3.0.30729; Media Center PC 6.0; InfoPath.3; .NET4.0C; .NET4.0E)" 19841
192.168.74.93 - - [17/Feb/2013:07:47:37 +0600] "GET /tv/useUser HTTP/1.1" 200 432 "http://callider/graph/personal" "Mozilla/4.0 (compatible; MSIE 7.0; Windows NT 6.1; WOW64; Trident/5.0; SLCC2; .NET CLR 2.0.50727; .NET CLR 3.5.30729; .NET CLR 3.0.30729; Media Center PC 6.0; InfoPath.3; .NET4.0C; .NET4.0E)" 15525
192.168.74.78 - - [17/Feb/2013:07:47:39 +0600] "GET /pause/ajaxPause?pauseConfigId=&admin=0 HTTP/1.1" 200 986 "http://callider/pause/index" "Mozilla/4.0 (compatible; MSIE 7.0; Windows NT 6.1; WOW64; Trident/5.0; SLCC2; .NET CLR 2.0.50727; .NET CLR 3.5.30729; .NET CLR 3.0.30729; Media Center PC 6.0; InfoPath.3; .NET4.0C; MS-RTC LM 8; .NET4.0E)" 26794
192.168.12.210 - - [17/Feb/2013:07:47:39 +0600] "GET /tv/useUser HTTP/1.1" 200 431 "http://callider/graph/general" "Mozilla/4.0 (compatible; MSIE 7.0; Windows NT 6.1; WOW64; Trident/5.0; SLCC2; .NET CLR 2.0.50727; .NET CLR 3.5.30729; .NET CLR 3.0.30729; Media Center PC 6.0; InfoPath.3; .NET4.0C; .NET4.0E)" 7892
192.168.12.60 - - [17/Feb/2013:07:47:39 +0600] "GET /pause/ajaxPause?pauseConfigId=&admin=0 HTTP/1.1" 200 986 "http://callider/pause/index" "Mozilla/4.0 (compatible; MSIE 8.0; Windows NT 6.1; Trident/4.0; InfoPath.3; .NET4.0C; MS-RTC LM 8; .NET4.0E)" 23257
192.168.12.204 - - [17/Feb/2013:07:47:39 +0600] "GET /pause/ajaxPause?pauseConfigId=&admin=0 HTTP/1.1" 200 986 "http://callider/pause/index" "Mozilla/4.0 (compatible; MSIE 7.0; Windows NT 6.1; WOW64; Trident/4.0; SLCC2; .NET CLR 2.0.50727; .NET CLR 3.5.30729; .NET CLR 3.0.30729; Media Center PC 6.0; InfoPath.3; .NET4.0C; .NET4.0E; .NET CLR 1.1.4322)" 22878
192.168.12.69 - - [17/Feb/2013:07:47:40 +0600] "GET /pause/ajaxPause?pauseConfigId=&admin=0 HTTP/1.1" 200 986 "http://callider/pause/index" "Mozilla/4.0 (compatible; MSIE 7.0; Windows NT 6.1; Trident/5.0; SLCC2; .NET CLR 2.0.50727; .NET CLR 3.5.30729; .NET CLR 3.0.30729; Media Center PC 6.0; InfoPath.3; .NET4.0C; .NET4.0E; Tablet PC 2.0; AskTbFXTV5/5.14.1.20007)" 55120
192.168.74.91 - - [17/Feb/2013:07:47:40 +0600] "GET /pause/ajaxPause?pauseConfigId=&admin=0 HTTP/1.1" 200 986 "http://callider/pause/index" "Mozilla/4.0 (compatible; MSIE 7.0; Windows NT 6.1; WOW64; Trident/5.0; SLCC2; .NET CLR 2.0.50727; .NET CLR 3.5.30729; .NET CLR 3.0.30729; Media Center PC 6.0; InfoPath.3; .NET4.0C; MS-RTC LM 8; .NET4.0E)" 18971
192.168.74.151 - - [17/Feb/2013:07:47:40 +0600] "GET /pause/ajaxPause?pauseConfigId=&admin=0 HTTP/1.1" 200 987 "http://callider.kontur/pause/index" "Mozilla/5.0 (Windows NT 6.1; WOW64; rv:18.0) Gecko/20100101 Firefox/18.0" 19285
192.168.12.210 - - [17/Feb/2013:07:47:40 +0600] "GET /pause/ajaxPause?pauseConfigId=all&admin=1 HTTP/1.1" 200 1047 "http://callider/pause/index" "Mozilla/4.0 (compatible; MSIE 7.0; Windows NT 6.1; WOW64; Trident/5.0; SLCC2; .NET CLR 2.0.50727; .NET CLR 3.5.30729; .NET CLR 3.0.30729; Media Center PC 6.0; InfoPath.3; .NET4.0C; .NET4.0E)" 18670
192.168.12.9 - - [17/Feb/2013:07:47:40 +0600] "GET /tv/useUser HTTP/1.1" 200 432 "http://callider.kontur/site/index" "Mozilla/5.0 (Windows NT 6.1; WOW64) AppleWebKit/537.17 (KHTML, like Gecko) Chrome/24.0.1312.57 Safari/537.17" 17465
192.168.12.38 - - [17/Feb/2013:07:47:41 +0600] "GET /pause/ajaxPause?pauseConfigId=&admin=0 HTTP/1.1" 200 1040 "http://callider/pause/index" "Mozilla/4.0 (compatible; MSIE 7.0; Windows NT 6.1; WOW64; Trident/5.0; SLCC2; .NET CLR 2.0.50727; .NET CLR 3.5.30729; .NET CLR 3.0.30729; Media Center PC 6.0; InfoPath.3; .NET4.0C; .NET4.0E)" 19965
192.168.12.77 - - [17/Feb/2013:07:47:41 +0600] "GET /pause/ajaxPause?pauseConfigId=&admin=0 HTTP/1.1" 200 1039 "http://callider/pause/index" "Mozilla/4.0 (compatible; MSIE 7.0; Windows NT 6.1; Trident/5.0; SLCC2; .NET CLR 2.0.50727; .NET CLR 3.5.30729; .NET CLR 3.0.30729; Media Center PC 6.0; Tablet PC 2.0; InfoPath.3; .NET4.0C; .NET4.0E; MS-RTC LM 8)" 18769
192.168.12.247 - - [17/Feb/2013:07:47:41 +0600] "GET /tv/useUser HTTP/1.1" 200 431 "http://callider/pause/index" "Mozilla/4.0 (compatible; MSIE 7.0; Windows NT 6.1; WOW64; Trident/5.0; SLCC2; .NET CLR 2.0.50727; .NET CLR 3.5.30729; .NET CLR 3.0.30729; Media Center PC 6.0; InfoPath.3; .NET4.0C; .NET4.0E)" 18375
192.168.65.56 - - [17/Feb/2013:07:47:41 +0600] "GET /pause/ajaxPause?pauseConfigId=all&admin=1 HTTP/1.1" 200 1047 "http://192.168.65.101/pause/index" "Mozilla/5.0 (Windows NT 5.1; rv:15.0) Gecko/20100101 Firefox/15.0" 41441
192.168.12.247 - - [17/Feb/2013:07:47:42 +0600] "GET /pause/ajaxPause?pauseConfigId=&admin=0 HTTP/1.1" 200 986 "http://callider/pause/index" "Mozilla/4.0 (compatible; MSIE 7.0; Windows NT 6.1; WOW64; Trident/5.0; SLCC2; .NET CLR 2.0.50727; .NET CLR 3.5.30729; .NET CLR 3.0.30729; Media Center PC 6.0; InfoPath.3; .NET4.0C; .NET4.0E)" 106433
192.168.12.61 - - [17/Feb/2013:07:47:42 +0600] "GET /pause/ajaxPause?pauseConfigId=&admin=0 HTTP/1.1" 200 985 "http://callider/pause/index" "Mozilla/4.0 (compatible; MSIE 7.0; Windows NT 6.1; Trident/5.0; SLCC2; .NET CLR 2.0.50727; .NET CLR 3.5.30729; .NET CLR 3.0.30729; Media Center PC 6.0; InfoPath.3; .NET4.0C; .NET4.0E)" 23118
192.168.74.78 - - [17/Feb/2013:07:47:44 +0600] "GET /pause/ajaxPause?pauseConfigId=&admin=0 HTTP/1.1" 200 986 "http://callider/pause/index" "Mozilla/4.0 (compatible; MSIE 7.0; Windows NT 6.1; WOW64; Trident/5.0; SLCC2; .NET CLR 2.0.50727; .NET CLR 3.5.30729; .NET CLR 3.0.30729; Media Center PC 6.0; InfoPath.3; .NET4.0C; MS-RTC LM 8; .NET4.0E)" 21926
192.168.12.60 - - [17/Feb/2013:07:47:44 +0600] "GET /pause/ajaxPause?pauseConfigId=&admin=0 HTTP/1.1" 200 986 "http://callider/pause/index" "Mozilla/4.0 (compatible; MSIE 8.0; Windows NT 6.1; Trident/4.0; InfoPath.3; .NET4.0C; MS-RTC LM 8; .NET4.0E)" 18979
192.168.12.204 - - [17/Feb/2013:07:47:44 +0600] "GET /pause/ajaxPause?pauseConfigId=&admin=0 HTTP/1.1" 200 986 "http://callider/pause/index" "Mozilla/4.0 (compatible; MSIE 7.0; Windows NT 6.1; WOW64; Trident/4.0; SLCC2; .NET CLR 2.0.50727; .NET CLR 3.5.30729; .NET CLR 3.0.30729; Media Center PC 6.0; InfoPath.3; .NET4.0C; .NET4.0E; .NET CLR 1.1.4322)" 18193
192.168.12.69 - - [17/Feb/2013:07:47:45 +0600] "GET /pause/ajaxPause?pauseConfigId=&admin=0 HTTP/1.1" 200 986 "http://callider/pause/index" "Mozilla/4.0 (compatible; MSIE 7.0; Windows NT 6.1; Trident/5.0; SLCC2; .NET CLR 2.0.50727; .NET CLR 3.5.30729; .NET CLR 3.0.30729; Media Center PC 6.0; InfoPath.3; .NET4.0C; .NET4.0E; Tablet PC 2.0; AskTbFXTV5/5.14.1.20007)" 18927
192.168.74.91 - - [17/Feb/2013:07:47:45 +0600] "GET /pause/ajaxPause?pauseConfigId=&admin=0 HTTP/1.1" 200 986 "http://callider/pause/index" "Mozilla/4.0 (compatible; MSIE 7.0; Windows NT 6.1; WOW64; Trident/5.0; SLCC2; .NET CLR 2.0.50727; .NET CLR 3.5.30729; .NET CLR 3.0.30729; Media Center PC 6.0; InfoPath.3; .NET4.0C; MS-RTC LM 8; .NET4.0E)" 18023
192.168.74.151 - - [17/Feb/2013:07:47:45 +0600] "GET /pause/ajaxPause?pauseConfigId=&admin=0 HTTP/1.1" 200 987 "http://callider.kontur/pause/index" "Mozilla/5.0 (Windows NT 6.1; WOW64; rv:18.0) Gecko/20100101 Firefox/18.0" 18882
192.168.12.210 - - [17/Feb/2013:07:47:45 +0600] "GET /pause/ajaxPause?pauseConfigId=all&admin=1 HTTP/1.1" 200 1047 "http://callider/pause/index" "Mozilla/4.0 (compatible; MSIE 7.0; Windows NT 6.1; WOW64; Trident/5.0; SLCC2; .NET CLR 2.0.50727; .NET CLR 3.5.30729; .NET CLR 3.0.30729; Media Center PC 6.0; InfoPath.3; .NET4.0C; .NET4.0E)" 309778
192.168.12.38 - - [17/Feb/2013:07:47:46 +0600] "GET /pause/ajaxPause?pauseConfigId=&admin=0 HTTP/1.1" 200 1040 "http://callider/pause/index" "Mozilla/4.0 (compatible; MSIE 7.0; Windows NT 6.1; WOW64; Trident/5.0; SLCC2; .NET CLR 2.0.50727; .NET CLR 3.5.30729; .NET CLR 3.0.30729; Media Center PC 6.0; InfoPath.3; .NET4.0C; .NET4.0E)" 16620
192.168.12.77 - - [17/Feb/2013:07:47:46 +0600] "GET /pause/ajaxPause?pauseConfigId=&admin=0 HTTP/1.1" 200 1039 "http://callider/pause/index" "Mozilla/4.0 (compatible; MSIE 7.0; Windows NT 6.1; Trident/5.0; SLCC2; .NET CLR 2.0.50727; .NET CLR 3.5.30729; .NET CLR 3.0.30729; Media Center PC 6.0; Tablet PC 2.0; InfoPath.3; .NET4.0C; .NET4.0E; MS-RTC LM 8)" 13352
192.168.65.56 - - [17/Feb/2013:07:47:46 +0600] "GET /pause/ajaxPause?pauseConfigId=all&admin=1 HTTP/1.1" 200 1046 "http://192.168.65.101/pause/index" "Mozilla/5.0 (Windows NT 5.1; rv:15.0) Gecko/20100101 Firefox/15.0" 28021
192.168.12.247 - - [17/Feb/2013:07:47:47 +0600] "GET /pause/ajaxPause?pauseConfigId=&admin=0 HTTP/1.1" 200 986 "http://callider/pause/index" "Mozilla/4.0 (compatible; MSIE 7.0; Windows NT 6.1; WOW64; Trident/5.0; SLCC2; .NET CLR 2.0.50727; .NET CLR 3.5.30729; .NET CLR 3.0.30729; Media Center PC 6.0; InfoPath.3; .NET4.0C; .NET4.0E)" 21136
192.168.12.61 - - [17/Feb/2013:07:47:47 +0600] "GET /pause/ajaxPause?pauseConfigId=&admin=0 HTTP/1.1" 200 986 "http://callider/pause/index" "Mozilla/4.0 (compatible; MSIE 7.0; Windows NT 6.1; Trident/5.0; SLCC2; .NET CLR 2.0.50727; .NET CLR 3.5.30729; .NET CLR 3.0.30729; Media Center PC 6.0; InfoPath.3; .NET4.0C; .NET4.0E)" 169586
192.168.12.210 - - [17/Feb/2013:07:47:49 +0600] "GET /tv/useUser HTTP/1.1" 200 431 "http://callider/pause/index" "Mozilla/4.0 (compatible; MSIE 7.0; Windows NT 6.1; WOW64; Trident/5.0; SLCC2; .NET CLR 2.0.50727; .NET CLR 3.5.30729; .NET CLR 3.0.30729; Media Center PC 6.0; InfoPath.3; .NET4.0C; .NET4.0E)" 9092
192.168.74.78 - - [17/Feb/2013:07:47:49 +0600] "GET /pause/ajaxPause?pauseConfigId=&admin=0 HTTP/1.1" 200 986 "http://callider/pause/index" "Mozilla/4.0 (compatible; MSIE 7.0; Windows NT 6.1; WOW64; Trident/5.0; SLCC2; .NET CLR 2.0.50727; .NET CLR 3.5.30729; .NET CLR 3.0.30729; Media Center PC 6.0; InfoPath.3; .NET4.0C; MS-RTC LM 8; .NET4.0E)" 20354
192.168.12.60 - - [17/Feb/2013:07:47:49 +0600] "GET /pause/ajaxPause?pauseConfigId=&admin=0 HTTP/1.1" 200 986 "http://callider/pause/index" "Mozilla/4.0 (compatible; MSIE 8.0; Windows NT 6.1; Trident/4.0; InfoPath.3; .NET4.0C; MS-RTC LM 8; .NET4.0E)" 20399
192.168.12.204 - - [17/Feb/2013:07:47:49 +0600] "GET /pause/ajaxPause?pauseConfigId=&admin=0 HTTP/1.1" 200 986 "http://callider/pause/index" "Mozilla/4.0 (compatible; MSIE 7.0; Windows NT 6.1; WOW64; Trident/4.0; SLCC2; .NET CLR 2.0.50727; .NET CLR 3.5.30729; .NET CLR 3.0.30729; Media Center PC 6.0; InfoPath.3; .NET4.0C; .NET4.0E; .NET CLR 1.1.4322)" 25942
192.168.12.69 - - [17/Feb/2013:07:47:50 +0600] "GET /pause/ajaxPause?pauseConfigId=&admin=0 HTTP/1.1" 200 986 "http://callider/pause/index" "Mozilla/4.0 (compatible; MSIE 7.0; Windows NT 6.1; Trident/5.0; SLCC2; .NET CLR 2.0.50727; .NET CLR 3.5.30729; .NET CLR 3.0.30729; Media Center PC 6.0; InfoPath.3; .NET4.0C; .NET4.0E; Tablet PC 2.0; AskTbFXTV5/5.14.1.20007)" 209627
192.168.74.91 - - [17/Feb/2013:07:47:50 +0600] "GET /pause/ajaxPause?pauseConfigId=&admin=0 HTTP/1.1" 200 986 "http://callider/pause/index" "Mozilla/4.0 (compatible; MSIE 7.0; Windows NT 6.1; WOW64; Trident/5.0; SLCC2; .NET CLR 2.0.50727; .NET CLR 3.5.30729; .NET CLR 3.0.30729; Media Center PC 6.0; InfoPath.3; .NET4.0C; MS-RTC LM 8; .NET4.0E)" 19100
192.168.74.151 - - [17/Feb/2013:07:47:50 +0600] "GET /pause/ajaxPause?pauseConfigId=&admin=0 HTTP/1.1" 200 987 "http://callider.kontur/pause/index" "Mozilla/5.0 (Windows NT 6.1; WOW64; rv:18.0) Gecko/20100101 Firefox/18.0" 18416
192.168.12.210 - - [17/Feb/2013:07:47:50 +0600] "GET /pause/ajaxPause?pauseConfigId=all&admin=1 HTTP/1.1" 200 1047 "http://callider/pause/index" "Mozilla/4.0 (compatible; MSIE 7.0; Windows NT 6.1; WOW64; Trident/5.0; SLCC2; .NET CLR 2.0.50727; .NET CLR 3.5.30729; .NET CLR 3.0.30729; Media Center PC 6.0; InfoPath.3; .NET4.0C; .NET4.0E)" 19310
192.168.12.38 - - [17/Feb/2013:07:47:51 +0600] "GET /pause/ajaxPause?pauseConfigId=&admin=0 HTTP/1.1" 200 1040 "http://callider/pause/index" "Mozilla/4.0 (compatible; MSIE 7.0; Windows NT 6.1; WOW64; Trident/5.0; SLCC2; .NET CLR 2.0.50727; .NET CLR 3.5.30729; .NET CLR 3.0.30729; Media Center PC 6.0; InfoPath.3; .NET4.0C; .NET4.0E)" 17676
192.168.12.77 - - [17/Feb/2013:07:47:51 +0600] "GET /pause/ajaxPause?pauseConfigId=&admin=0 HTTP/1.1" 200 1039 "http://callider/pause/index" "Mozilla/4.0 (compatible; MSIE 7.0; Windows NT 6.1; Trident/5.0; SLCC2; .NET CLR 2.0.50727; .NET CLR 3.5.30729; .NET CLR 3.0.30729; Media Center PC 6.0; Tablet PC 2.0; InfoPath.3; .NET4.0C; .NET4.0E; MS-RTC LM 8)" 13438
192.168.65.56 - - [17/Feb/2013:07:47:51 +0600] "GET /pause/ajaxPause?pauseConfigId=all&admin=1 HTTP/1.1" 200 1046 "http://192.168.65.101/pause/index" "Mozilla/5.0 (Windows NT 5.1; rv:15.0) Gecko/20100101 Firefox/15.0" 40294
192.168.65.56 - - [17/Feb/2013:07:47:51 +0600] "GET /tv/useUser HTTP/1.1" 200 431 "http://192.168.65.101/pause/index" "Mozilla/5.0 (Windows NT 5.1; rv:15.0) Gecko/20100101 Firefox/15.0" 9829
192.168.12.247 - - [17/Feb/2013:07:47:52 +0600] "GET /pause/ajaxPause?pauseConfigId=&admin=0 HTTP/1.1" 200 986 "http://callider/pause/index" "Mozilla/4.0 (compatible; MSIE 7.0; Windows NT 6.1; WOW64; Trident/5.0; SLCC2; .NET CLR 2.0.50727; .NET CLR 3.5.30729; .NET CLR 3.0.30729; Media Center PC 6.0; InfoPath.3; .NET4.0C; .NET4.0E)" 19550
192.168.12.61 - - [17/Feb/2013:07:47:52 +0600] "GET /pause/ajaxPause?pauseConfigId=&admin=0 HTTP/1.1" 200 985 "http://callider/pause/index" "Mozilla/4.0 (compatible; MSIE 7.0; Windows NT 6.1; Trident/5.0; SLCC2; .NET CLR 2.0.50727; .NET CLR 3.5.30729; .NET CLR 3.0.30729; Media Center PC 6.0; InfoPath.3; .NET4.0C; .NET4.0E)" 18335
192.168.74.78 - - [17/Feb/2013:07:47:54 +0600] "GET /pause/ajaxPause?pauseConfigId=&admin=0 HTTP/1.1" 200 986 "http://callider/pause/index" "Mozilla/4.0 (compatible; MSIE 7.0; Windows NT 6.1; WOW64; Trident/5.0; SLCC2; .NET CLR 2.0.50727; .NET CLR 3.5.30729; .NET CLR 3.0.30729; Media Center PC 6.0; InfoPath.3; .NET4.0C; MS-RTC LM 8; .NET4.0E)" 18452
192.168.12.60 - - [17/Feb/2013:07:47:54 +0600] "GET /pause/ajaxPause?pauseConfigId=&admin=0 HTTP/1.1" 200 986 "http://callider/pause/index" "Mozilla/4.0 (compatible; MSIE 8.0; Windows NT 6.1; Trident/4.0; InfoPath.3; .NET4.0C; MS-RTC LM 8; .NET4.0E)" 20403
192.168.12.204 - - [17/Feb/2013:07:47:54 +0600] "GET /pause/ajaxPause?pauseConfigId=&admin=0 HTTP/1.1" 200 986 "http://callider/pause/index" "Mozilla/4.0 (compatible; MSIE 7.0; Windows NT 6.1; WOW64; Trident/4.0; SLCC2; .NET CLR 2.0.50727; .NET CLR 3.5.30729; .NET CLR 3.0.30729; Media Center PC 6.0; InfoPath.3; .NET4.0C; .NET4.0E; .NET CLR 1.1.4322)" 19754
192.168.12.69 - - [17/Feb/2013:07:47:55 +0600] "GET /pause/ajaxPause?pauseConfigId=&admin=0 HTTP/1.1" 200 986 "http://callider/pause/index" "Mozilla/4.0 (compatible; MSIE 7.0; Windows NT 6.1; Trident/5.0; SLCC2; .NET CLR 2.0.50727; .NET CLR 3.5.30729; .NET CLR 3.0.30729; Media Center PC 6.0; InfoPath.3; .NET4.0C; .NET4.0E; Tablet PC 2.0; AskTbFXTV5/5.14.1.20007)" 26265
192.168.74.91 - - [17/Feb/2013:07:47:55 +0600] "GET /pause/ajaxPause?pauseConfigId=&admin=0 HTTP/1.1" 200 986 "http://callider/pause/index" "Mozilla/4.0 (compatible; MSIE 7.0; Windows NT 6.1; WOW64; Trident/5.0; SLCC2; .NET CLR 2.0.50727; .NET CLR 3.5.30729; .NET CLR 3.0.30729; Media Center PC 6.0; InfoPath.3; .NET4.0C; MS-RTC LM 8; .NET4.0E)" 21622
192.168.74.151 - - [17/Feb/2013:07:47:55 +0600] "GET /pause/ajaxPause?pauseConfigId=&admin=0 HTTP/1.1" 200 987 "http://callider.kontur/pause/index" "Mozilla/5.0 (Windows NT 6.1; WOW64; rv:18.0) Gecko/20100101 Firefox/18.0" 135178
192.168.12.210 - - [17/Feb/2013:07:47:55 +0600] "GET /pause/ajaxPause?pauseConfigId=all&admin=1 HTTP/1.1" 200 1047 "http://callider/pause/index" "Mozilla/4.0 (compatible; MSIE 7.0; Windows NT 6.1; WOW64; Trident/5.0; SLCC2; .NET CLR 2.0.50727; .NET CLR 3.5.30729; .NET CLR 3.0.30729; Media Center PC 6.0; InfoPath.3; .NET4.0C; .NET4.0E)" 44418
192.168.12.38 - - [17/Feb/2013:07:47:56 +0600] "GET /pause/ajaxPause?pauseConfigId=&admin=0 HTTP/1.1" 200 1040 "http://callider/pause/index" "Mozilla/4.0 (compatible; MSIE 7.0; Windows NT 6.1; WOW64; Trident/5.0; SLCC2; .NET CLR 2.0.50727; .NET CLR 3.5.30729; .NET CLR 3.0.30729; Media Center PC 6.0; InfoPath.3; .NET4.0C; .NET4.0E)" 20056
192.168.12.77 - - [17/Feb/2013:07:47:56 +0600] "GET /pause/ajaxPause?pauseConfigId=&admin=0 HTTP/1.1" 200 1039 "http://callider/pause/index" "Mozilla/4.0 (compatible; MSIE 7.0; Windows NT 6.1; Trident/5.0; SLCC2; .NET CLR 2.0.50727; .NET CLR 3.5.30729; .NET CLR 3.0.30729; Media Center PC 6.0; Tablet PC 2.0; InfoPath.3; .NET4.0C; .NET4.0E; MS-RTC LM 8)" 14584
192.168.65.56 - - [17/Feb/2013:07:47:56 +0600] "GET /pause/ajaxPause?pauseConfigId=all&admin=1 HTTP/1.1" 200 1046 "http://192.168.65.101/pause/index" "Mozilla/5.0 (Windows NT 5.1; rv:15.0) Gecko/20100101 Firefox/15.0" 27004
192.168.12.247 - - [17/Feb/2013:07:47:57 +0600] "GET /pause/ajaxPause?pauseConfigId=&admin=0 HTTP/1.1" 200 986 "http://callider/pause/index" "Mozilla/4.0 (compatible; MSIE 7.0; Windows NT 6.1; WOW64; Trident/5.0; SLCC2; .NET CLR 2.0.50727; .NET CLR 3.5.30729; .NET CLR 3.0.30729; Media Center PC 6.0; InfoPath.3; .NET4.0C; .NET4.0E)" 18324
192.168.12.61 - - [17/Feb/2013:07:47:57 +0600] "GET /pause/ajaxPause?pauseConfigId=&admin=0 HTTP/1.1" 200 985 "http://callider/pause/index" "Mozilla/4.0 (compatible; MSIE 7.0; Windows NT 6.1; Trident/5.0; SLCC2; .NET CLR 2.0.50727; .NET CLR 3.5.30729; .NET CLR 3.0.30729; Media Center PC 6.0; InfoPath.3; .NET4.0C; .NET4.0E)" 19017
192.168.74.78 - - [17/Feb/2013:07:47:59 +0600] "GET /pause/ajaxPause?pauseConfigId=&admin=0 HTTP/1.1" 200 986 "http://callider/pause/index" "Mozilla/4.0 (compatible; MSIE 7.0; Windows NT 6.1; WOW64; Trident/5.0; SLCC2; .NET CLR 2.0.50727; .NET CLR 3.5.30729; .NET CLR 3.0.30729; Media Center PC 6.0; InfoPath.3; .NET4.0C; MS-RTC LM 8; .NET4.0E)" 18762
192.168.12.60 - - [17/Feb/2013:07:47:59 +0600] "GET /pause/ajaxPause?pauseConfigId=&admin=0 HTTP/1.1" 200 986 "http://callider/pause/index" "Mozilla/4.0 (compatible; MSIE 8.0; Windows NT 6.1; Trident/4.0; InfoPath.3; .NET4.0C; MS-RTC LM 8; .NET4.0E)" 22155
192.168.12.204 - - [17/Feb/2013:07:47:59 +0600] "GET /pause/ajaxPause?pauseConfigId=&admin=0 HTTP/1.1" 200 986 "http://callider/pause/index" "Mozilla/4.0 (compatible; MSIE 7.0; Windows NT 6.1; WOW64; Trident/4.0; SLCC2; .NET CLR 2.0.50727; .NET CLR 3.5.30729; .NET CLR 3.0.30729; Media Center PC 6.0; InfoPath.3; .NET4.0C; .NET4.0E; .NET CLR 1.1.4322)" 26358
192.168.12.69 - - [17/Feb/2013:07:48:00 +0600] "GET /pause/ajaxPause?pauseConfigId=&admin=0 HTTP/1.1" 200 986 "http://callider/pause/index" "Mozilla/4.0 (compatible; MSIE 7.0; Windows NT 6.1; Trident/5.0; SLCC2; .NET CLR 2.0.50727; .NET CLR 3.5.30729; .NET CLR 3.0.30729; Media Center PC 6.0; InfoPath.3; .NET4.0C; .NET4.0E; Tablet PC 2.0; AskTbFXTV5/5.14.1.20007)" 18146
192.168.74.91 - - [17/Feb/2013:07:48:00 +0600] "GET /pause/ajaxPause?pauseConfigId=&admin=0 HTTP/1.1" 200 986 "http://callider/pause/index" "Mozilla/4.0 (compatible; MSIE 7.0; Windows NT 6.1; WOW64; Trident/5.0; SLCC2; .NET CLR 2.0.50727; .NET CLR 3.5.30729; .NET CLR 3.0.30729; Media Center PC 6.0; InfoPath.3; .NET4.0C; MS-RTC LM 8; .NET4.0E)" 21345
192.168.74.151 - - [17/Feb/2013:07:48:00 +0600] "GET /pause/ajaxPause?pauseConfigId=&admin=0 HTTP/1.1" 200 987 "http://callider.kontur/pause/index" "Mozilla/5.0 (Windows NT 6.1; WOW64; rv:18.0) Gecko/20100101 Firefox/18.0" 20170
192.168.12.210 - - [17/Feb/2013:07:48:00 +0600] "GET /pause/ajaxPause?pauseConfigId=all&admin=1 HTTP/1.1" 200 1047 "http://callider/pause/index" "Mozilla/4.0 (compatible; MSIE 7.0; Windows NT 6.1; WOW64; Trident/5.0; SLCC2; .NET CLR 2.0.50727; .NET CLR 3.5.30729; .NET CLR 3.0.30729; Media Center PC 6.0; InfoPath.3; .NET4.0C; .NET4.0E)" 18834
192.168.12.38 - - [17/Feb/2013:07:48:01 +0600] "GET /pause/ajaxPause?pauseConfigId=&admin=0 HTTP/1.1" 200 1040 "http://callider/pause/index" "Mozilla/4.0 (compatible; MSIE 7.0; Windows NT 6.1; WOW64; Trident/5.0; SLCC2; .NET CLR 2.0.50727; .NET CLR 3.5.30729; .NET CLR 3.0.30729; Media Center PC 6.0; InfoPath.3; .NET4.0C; .NET4.0E)" 19038
192.168.12.77 - - [17/Feb/2013:07:48:01 +0600] "GET /pause/ajaxPause?pauseConfigId=&admin=0 HTTP/1.1" 200 1039 "http://callider/pause/index" "Mozilla/4.0 (compatible; MSIE 7.0; Windows NT 6.1; Trident/5.0; SLCC2; .NET CLR 2.0.50727; .NET CLR 3.5.30729; .NET CLR 3.0.30729; Media Center PC 6.0; Tablet PC 2.0; InfoPath.3; .NET4.0C; .NET4.0E; MS-RTC LM 8)" 14618
192.168.65.56 - - [17/Feb/2013:07:48:01 +0600] "GET /pause/ajaxPause?pauseConfigId=all&admin=1 HTTP/1.1" 200 1046 "http://192.168.65.101/pause/index" "Mozilla/5.0 (Windows NT 5.1; rv:15.0) Gecko/20100101 Firefox/15.0" 38733
192.168.12.247 - - [17/Feb/2013:07:48:02 +0600] "GET /pause/ajaxPause?pauseConfigId=&admin=0 HTTP/1.1" 200 986 "http://callider/pause/index" "Mozilla/4.0 (compatible; MSIE 7.0; Windows NT 6.1; WOW64; Trident/5.0; SLCC2; .NET CLR 2.0.50727; .NET CLR 3.5.30729; .NET CLR 3.0.30729; Media Center PC 6.0; InfoPath.3; .NET4.0C; .NET4.0E)" 29944
192.168.12.61 - - [17/Feb/2013:07:48:02 +0600] "GET /pause/ajaxPause?pauseConfigId=&admin=0 HTTP/1.1" 200 986 "http://callider/pause/index" "Mozilla/4.0 (compatible; MSIE 7.0; Windows NT 6.1; Trident/5.0; SLCC2; .NET CLR 2.0.50727; .NET CLR 3.5.30729; .NET CLR 3.0.30729; Media Center PC 6.0; InfoPath.3; .NET4.0C; .NET4.0E)" 29998
192.168.74.139 - - [17/Feb/2013:07:48:03 +0600] "GET /tv/useUser HTTP/1.1" 200 432 "http://callider/graph/personal" "Mozilla/4.0 (compatible; MSIE 7.0; Windows NT 6.1; WOW64; Trident/5.0; SLCC2; .NET CLR 2.0.50727; .NET CLR 3.5.30729; .NET CLR 3.0.30729; Media Center PC 6.0; InfoPath.3; .NET4.0C; .NET4.0E)" 16668
192.168.74.78 - - [17/Feb/2013:07:48:04 +0600] "GET /pause/ajaxPause?pauseConfigId=&admin=0 HTTP/1.1" 200 986 "http://callider/pause/index" "Mozilla/4.0 (compatible; MSIE 7.0; Windows NT 6.1; WOW64; Trident/5.0; SLCC2; .NET CLR 2.0.50727; .NET CLR 3.5.30729; .NET CLR 3.0.30729; Media Center PC 6.0; InfoPath.3; .NET4.0C; MS-RTC LM 8; .NET4.0E)" 20645
192.168.12.60 - - [17/Feb/2013:07:48:04 +0600] "GET /pause/ajaxPause?pauseConfigId=&admin=0 HTTP/1.1" 200 986 "http://callider/pause/index" "Mozilla/4.0 (compatible; MSIE 8.0; Windows NT 6.1; Trident/4.0; InfoPath.3; .NET4.0C; MS-RTC LM 8; .NET4.0E)" 119808
192.168.12.204 - - [17/Feb/2013:07:48:04 +0600] "GET /pause/ajaxPause?pauseConfigId=&admin=0 HTTP/1.1" 200 986 "http://callider/pause/index" "Mozilla/4.0 (compatible; MSIE 7.0; Windows NT 6.1; WOW64; Trident/4.0; SLCC2; .NET CLR 2.0.50727; .NET CLR 3.5.30729; .NET CLR 3.0.30729; Media Center PC 6.0; InfoPath.3; .NET4.0C; .NET4.0E; .NET CLR 1.1.4322)" 18052
192.168.12.69 - - [17/Feb/2013:07:48:05 +0600] "GET /pause/ajaxPause?pauseConfigId=&admin=0 HTTP/1.1" 200 986 "http://callider/pause/index" "Mozilla/4.0 (compatible; MSIE 7.0; Windows NT 6.1; Trident/5.0; SLCC2; .NET CLR 2.0.50727; .NET CLR 3.5.30729; .NET CLR 3.0.30729; Media Center PC 6.0; InfoPath.3; .NET4.0C; .NET4.0E; Tablet PC 2.0; AskTbFXTV5/5.14.1.20007)" 31850
192.168.12.61 - - [17/Feb/2013:07:48:05 +0600] "GET /tv/useUser HTTP/1.1" 200 431 "http://callider/pause/index" "Mozilla/4.0 (compatible; MSIE 7.0; Windows NT 6.1; Trident/5.0; SLCC2; .NET CLR 2.0.50727; .NET CLR 3.5.30729; .NET CLR 3.0.30729; Media Center PC 6.0; InfoPath.3; .NET4.0C; .NET4.0E)" 10527
192.168.74.91 - - [17/Feb/2013:07:48:05 +0600] "GET /pause/ajaxPause?pauseConfigId=&admin=0 HTTP/1.1" 200 986 "http://callider/pause/index" "Mozilla/4.0 (compatible; MSIE 7.0; Windows NT 6.1; WOW64; Trident/5.0; SLCC2; .NET CLR 2.0.50727; .NET CLR 3.5.30729; .NET CLR 3.0.30729; Media Center PC 6.0; InfoPath.3; .NET4.0C; MS-RTC LM 8; .NET4.0E)" 23060
192.168.74.151 - - [17/Feb/2013:07:48:05 +0600] "GET /pause/ajaxPause?pauseConfigId=&admin=0 HTTP/1.1" 200 987 "http://callider.kontur/pause/index" "Mozilla/5.0 (Windows NT 6.1; WOW64; rv:18.0) Gecko/20100101 Firefox/18.0" 18729
192.168.12.210 - - [17/Feb/2013:07:48:05 +0600] "GET /pause/ajaxPause?pauseConfigId=all&admin=1 HTTP/1.1" 200 1047 "http://callider/pause/index" "Mozilla/4.0 (compatible; MSIE 7.0; Windows NT 6.1; WOW64; Trident/5.0; SLCC2; .NET CLR 2.0.50727; .NET CLR 3.5.30729; .NET CLR 3.0.30729; Media Center PC 6.0; InfoPath.3; .NET4.0C; .NET4.0E)" 20064
192.168.12.38 - - [17/Feb/2013:07:48:06 +0600] "GET /pause/ajaxPause?pauseConfigId=&admin=0 HTTP/1.1" 200 1040 "http://callider/pause/index" "Mozilla/4.0 (compatible; MSIE 7.0; Windows NT 6.1; WOW64; Trident/5.0; SLCC2; .NET CLR 2.0.50727; .NET CLR 3.5.30729; .NET CLR 3.0.30729; Media Center PC 6.0; InfoPath.3; .NET4.0C; .NET4.0E)" 17083
192.168.12.77 - - [17/Feb/2013:07:48:06 +0600] "GET /pause/ajaxPause?pauseConfigId=&admin=0 HTTP/1.1" 200 1039 "http://callider/pause/index" "Mozilla/4.0 (compatible; MSIE 7.0; Windows NT 6.1; Trident/5.0; SLCC2; .NET CLR 2.0.50727; .NET CLR 3.5.30729; .NET CLR 3.0.30729; Media Center PC 6.0; Tablet PC 2.0; InfoPath.3; .NET4.0C; .NET4.0E; MS-RTC LM 8)" 15696
192.168.65.56 - - [17/Feb/2013:07:48:06 +0600] "GET /pause/ajaxPause?pauseConfigId=all&admin=1 HTTP/1.1" 200 1046 "http://192.168.65.101/pause/index" "Mozilla/5.0 (Windows NT 5.1; rv:15.0) Gecko/20100101 Firefox/15.0" 29410
192.168.12.247 - - [17/Feb/2013:07:48:07 +0600] "GET /pause/ajaxPause?pauseConfigId=&admin=0 HTTP/1.1" 200 986 "http://callider/pause/index" "Mozilla/4.0 (compatible; MSIE 7.0; Windows NT 6.1; WOW64; Trident/5.0; SLCC2; .NET CLR 2.0.50727; .NET CLR 3.5.30729; .NET CLR 3.0.30729; Media Center PC 6.0; InfoPath.3; .NET4.0C; .NET4.0E)" 30532
192.168.12.61 - - [17/Feb/2013:07:48:07 +0600] "GET /pause/ajaxPause?pauseConfigId=&admin=0 HTTP/1.1" 200 985 "http://callider/pause/index" "Mozilla/4.0 (compatible; MSIE 7.0; Windows NT 6.1; Trident/5.0; SLCC2; .NET CLR 2.0.50727; .NET CLR 3.5.30729; .NET CLR 3.0.30729; Media Center PC 6.0; InfoPath.3; .NET4.0C; .NET4.0E)" 23465
192.168.74.78 - - [17/Feb/2013:07:48:09 +0600] "GET /pause/ajaxPause?pauseConfigId=&admin=0 HTTP/1.1" 200 986 "http://callider/pause/index" "Mozilla/4.0 (compatible; MSIE 7.0; Windows NT 6.1; WOW64; Trident/5.0; SLCC2; .NET CLR 2.0.50727; .NET CLR 3.5.30729; .NET CLR 3.0.30729; Media Center PC 6.0; InfoPath.3; .NET4.0C; MS-RTC LM 8; .NET4.0E)" 18988
192.168.12.60 - - [17/Feb/2013:07:48:09 +0600] "GET /pause/ajaxPause?pauseConfigId=&admin=0 HTTP/1.1" 200 986 "http://callider/pause/index" "Mozilla/4.0 (compatible; MSIE 8.0; Windows NT 6.1; Trident/4.0; InfoPath.3; .NET4.0C; MS-RTC LM 8; .NET4.0E)" 20302
192.168.12.204 - - [17/Feb/2013:07:48:09 +0600] "GET /pause/ajaxPause?pauseConfigId=&admin=0 HTTP/1.1" 200 986 "http://callider/pause/index" "Mozilla/4.0 (compatible; MSIE 7.0; Windows NT 6.1; WOW64; Trident/4.0; SLCC2; .NET CLR 2.0.50727; .NET CLR 3.5.30729; .NET CLR 3.0.30729; Media Center PC 6.0; InfoPath.3; .NET4.0C; .NET4.0E; .NET CLR 1.1.4322)" 77445
192.168.12.69 - - [17/Feb/2013:07:48:10 +0600] "GET /pause/ajaxPause?pauseConfigId=&admin=0 HTTP/1.1" 200 986 "http://callider/pause/index" "Mozilla/4.0 (compatible; MSIE 7.0; Windows NT 6.1; Trident/5.0; SLCC2; .NET CLR 2.0.50727; .NET CLR 3.5.30729; .NET CLR 3.0.30729; Media Center PC 6.0; InfoPath.3; .NET4.0C; .NET4.0E; Tablet PC 2.0; AskTbFXTV5/5.14.1.20007)" 20784
192.168.74.91 - - [17/Feb/2013:07:48:10 +0600] "GET /pause/ajaxPause?pauseConfigId=&admin=0 HTTP/1.1" 200 986 "http://callider/pause/index" "Mozilla/4.0 (compatible; MSIE 7.0; Windows NT 6.1; WOW64; Trident/5.0; SLCC2; .NET CLR 2.0.50727; .NET CLR 3.5.30729; .NET CLR 3.0.30729; Media Center PC 6.0; InfoPath.3; .NET4.0C; MS-RTC LM 8; .NET4.0E)" 22667
192.168.74.151 - - [17/Feb/2013:07:48:10 +0600] "GET /pause/ajaxPause?pauseConfigId=&admin=0 HTTP/1.1" 200 987 "http://callider.kontur/pause/index" "Mozilla/5.0 (Windows NT 6.1; WOW64; rv:18.0) Gecko/20100101 Firefox/18.0" 17968
192.168.12.210 - - [17/Feb/2013:07:48:10 +0600] "GET /pause/ajaxPause?pauseConfigId=all&admin=1 HTTP/1.1" 200 1047 "http://callider/pause/index" "Mozilla/4.0 (compatible; MSIE 7.0; Windows NT 6.1; WOW64; Trident/5.0; SLCC2; .NET CLR 2.0.50727; .NET CLR 3.5.30729; .NET CLR 3.0.30729; Media Center PC 6.0; InfoPath.3; .NET4.0C; .NET4.0E)" 19263
192.168.12.42 - - [17/Feb/2013:07:48:11 +0600] "GET /tv/useUser HTTP/1.1" 200 432 "http://callider/graph/personal" "Mozilla/4.0 (compatible; MSIE 7.0; Windows NT 6.1; WOW64; Trident/5.0; SLCC2; .NET CLR 2.0.50727; .NET CLR 3.5.30729; .NET CLR 3.0.30729; Media Center PC 6.0; InfoPath.3; .NET4.0C; .NET4.0E)" 18445
192.168.12.38 - - [17/Feb/2013:07:48:11 +0600] "GET /pause/ajaxPause?pauseConfigId=&admin=0 HTTP/1.1" 200 1040 "http://callider/pause/index" "Mozilla/4.0 (compatible; MSIE 7.0; Windows NT 6.1; WOW64; Trident/5.0; SLCC2; .NET CLR 2.0.50727; .NET CLR 3.5.30729; .NET CLR 3.0.30729; Media Center PC 6.0; InfoPath.3; .NET4.0C; .NET4.0E)" 24631
192.168.12.77 - - [17/Feb/2013:07:48:11 +0600] "GET /pause/ajaxPause?pauseConfigId=&admin=0 HTTP/1.1" 200 1039 "http://callider/pause/index" "Mozilla/4.0 (compatible; MSIE 7.0; Windows NT 6.1; Trident/5.0; SLCC2; .NET CLR 2.0.50727; .NET CLR 3.5.30729; .NET CLR 3.0.30729; Media Center PC 6.0; Tablet PC 2.0; InfoPath.3; .NET4.0C; .NET4.0E; MS-RTC LM 8)" 14666
192.168.65.56 - - [17/Feb/2013:07:48:11 +0600] "GET /pause/ajaxPause?pauseConfigId=all&admin=1 HTTP/1.1" 200 1046 "http://192.168.65.101/pause/index" "Mozilla/5.0 (Windows NT 5.1; rv:15.0) Gecko/20100101 Firefox/15.0" 38151
192.168.12.247 - - [17/Feb/2013:07:48:12 +0600] "GET /pause/ajaxPause?pauseConfigId=&admin=0 HTTP/1.1" 200 986 "http://callider/pause/index" "Mozilla/4.0 (compatible; MSIE 7.0; Windows NT 6.1; WOW64; Trident/5.0; SLCC2; .NET CLR 2.0.50727; .NET CLR 3.5.30729; .NET CLR 3.0.30729; Media Center PC 6.0; InfoPath.3; .NET4.0C; .NET4.0E)" 533276
192.168.12.61 - - [17/Feb/2013:07:48:12 +0600] "GET /pause/ajaxPause?pauseConfigId=&admin=0 HTTP/1.1" 200 986 "http://callider/pause/index" "Mozilla/4.0 (compatible; MSIE 7.0; Windows NT 6.1; Trident/5.0; SLCC2; .NET CLR 2.0.50727; .NET CLR 3.5.30729; .NET CLR 3.0.30729; Media Center PC 6.0; InfoPath.3; .NET4.0C; .NET4.0E)" 32910
192.168.74.151 - - [17/Feb/2013:07:48:13 +0600] "GET /tv/useUser HTTP/1.1" 200 431 "http://callider.kontur/graph/general" "Mozilla/5.0 (Windows NT 6.1; WOW64; rv:18.0) Gecko/20100101 Firefox/18.0" 9436
192.168.74.78 - - [17/Feb/2013:07:48:14 +0600] "GET /pause/ajaxPause?pauseConfigId=&admin=0 HTTP/1.1" 200 986 "http://callider/pause/index" "Mozilla/4.0 (compatible; MSIE 7.0; Windows NT 6.1; WOW64; Trident/5.0; SLCC2; .NET CLR 2.0.50727; .NET CLR 3.5.30729; .NET CLR 3.0.30729; Media Center PC 6.0; InfoPath.3; .NET4.0C; MS-RTC LM 8; .NET4.0E)" 18653
192.168.12.60 - - [17/Feb/2013:07:48:14 +0600] "GET /pause/ajaxPause?pauseConfigId=&admin=0 HTTP/1.1" 200 986 "http://callider/pause/index" "Mozilla/4.0 (compatible; MSIE 8.0; Windows NT 6.1; Trident/4.0; InfoPath.3; .NET4.0C; MS-RTC LM 8; .NET4.0E)" 18462
192.168.12.204 - - [17/Feb/2013:07:48:14 +0600] "GET /pause/ajaxPause?pauseConfigId=&admin=0 HTTP/1.1" 200 986 "http://callider/pause/index" "Mozilla/4.0 (compatible; MSIE 7.0; Windows NT 6.1; WOW64; Trident/4.0; SLCC2; .NET CLR 2.0.50727; .NET CLR 3.5.30729; .NET CLR 3.0.30729; Media Center PC 6.0; InfoPath.3; .NET4.0C; .NET4.0E; .NET CLR 1.1.4322)" 18717
192.168.12.69 - - [17/Feb/2013:07:48:15 +0600] "GET /pause/ajaxPause?pauseConfigId=&admin=0 HTTP/1.1" 200 986 "http://callider/pause/index" "Mozilla/4.0 (compatible; MSIE 7.0; Windows NT 6.1; Trident/5.0; SLCC2; .NET CLR 2.0.50727; .NET CLR 3.5.30729; .NET CLR 3.0.30729; Media Center PC 6.0; InfoPath.3; .NET4.0C; .NET4.0E; Tablet PC 2.0; AskTbFXTV5/5.14.1.20007)" 17093
192.168.74.91 - - [17/Feb/2013:07:48:15 +0600] "GET /pause/ajaxPause?pauseConfigId=&admin=0 HTTP/1.1" 200 986 "http://callider/pause/index" "Mozilla/4.0 (compatible; MSIE 7.0; Windows NT 6.1; WOW64; Trident/5.0; SLCC2; .NET CLR 2.0.50727; .NET CLR 3.5.30729; .NET CLR 3.0.30729; Media Center PC 6.0; InfoPath.3; .NET4.0C; MS-RTC LM 8; .NET4.0E)" 18750
192.168.74.151 - - [17/Feb/2013:07:48:15 +0600] "GET /pause/ajaxPause?pauseConfigId=&admin=0 HTTP/1.1" 200 987 "http://callider.kontur/pause/index" "Mozilla/5.0 (Windows NT 6.1; WOW64; rv:18.0) Gecko/20100101 Firefox/18.0" 29822
192.168.74.151 - - [17/Feb/2013:07:48:15 +0600] "GET /tv/useUser HTTP/1.1" 200 432 "http://callider.kontur/pause/index" "Mozilla/5.0 (Windows NT 6.1; WOW64; rv:18.0) Gecko/20100101 Firefox/18.0" 18195
192.168.12.210 - - [17/Feb/2013:07:48:15 +0600] "GET /pause/ajaxPause?pauseConfigId=all&admin=1 HTTP/1.1" 200 1047 "http://callider/pause/index" "Mozilla/4.0 (compatible; MSIE 7.0; Windows NT 6.1; WOW64; Trident/5.0; SLCC2; .NET CLR 2.0.50727; .NET CLR 3.5.30729; .NET CLR 3.0.30729; Media Center PC 6.0; InfoPath.3; .NET4.0C; .NET4.0E)" 19247
192.168.12.38 - - [17/Feb/2013:07:48:16 +0600] "GET /pause/ajaxPause?pauseConfigId=&admin=0 HTTP/1.1" 200 1040 "http://callider/pause/index" "Mozilla/4.0 (compatible; MSIE 7.0; Windows NT 6.1; WOW64; Trident/5.0; SLCC2; .NET CLR 2.0.50727; .NET CLR 3.5.30729; .NET CLR 3.0.30729; Media Center PC 6.0; InfoPath.3; .NET4.0C; .NET4.0E)" 14994
192.168.12.77 - - [17/Feb/2013:07:48:16 +0600] "GET /pause/ajaxPause?pauseConfigId=&admin=0 HTTP/1.1" 200 1039 "http://callider/pause/index" "Mozilla/4.0 (compatible; MSIE 7.0; Windows NT 6.1; Trident/5.0; SLCC2; .NET CLR 2.0.50727; .NET CLR 3.5.30729; .NET CLR 3.0.30729; Media Center PC 6.0; Tablet PC 2.0; InfoPath.3; .NET4.0C; .NET4.0E; MS-RTC LM 8)" 18792
192.168.65.56 - - [17/Feb/2013:07:48:16 +0600] "GET /pause/ajaxPause?pauseConfigId=all&admin=1 HTTP/1.1" 200 1046 "http://192.168.65.101/pause/index" "Mozilla/5.0 (Windows NT 5.1; rv:15.0) Gecko/20100101 Firefox/15.0" 237509
192.168.12.247 - - [17/Feb/2013:07:48:17 +0600] "GET /pause/ajaxPause?pauseConfigId=&admin=0 HTTP/1.1" 200 986 "http://callider/pause/index" "Mozilla/4.0 (compatible; MSIE 7.0; Windows NT 6.1; WOW64; Trident/5.0; SLCC2; .NET CLR 2.0.50727; .NET CLR 3.5.30729; .NET CLR 3.0.30729; Media Center PC 6.0; InfoPath.3; .NET4.0C; .NET4.0E)" 20514
192.168.12.61 - - [17/Feb/2013:07:48:17 +0600] "GET /pause/ajaxPause?pauseConfigId=&admin=0 HTTP/1.1" 200 986 "http://callider/pause/index" "Mozilla/4.0 (compatible; MSIE 7.0; Windows NT 6.1; Trident/5.0; SLCC2; .NET CLR 2.0.50727; .NET CLR 3.5.30729; .NET CLR 3.0.30729; Media Center PC 6.0; InfoPath.3; .NET4.0C; .NET4.0E)" 27828
192.168.74.78 - - [17/Feb/2013:07:48:19 +0600] "GET /pause/ajaxPause?pauseConfigId=&admin=0 HTTP/1.1" 200 986 "http://callider/pause/index" "Mozilla/4.0 (compatible; MSIE 7.0; Windows NT 6.1; WOW64; Trident/5.0; SLCC2; .NET CLR 2.0.50727; .NET CLR 3.5.30729; .NET CLR 3.0.30729; Media Center PC 6.0; InfoPath.3; .NET4.0C; MS-RTC LM 8; .NET4.0E)" 18604
192.168.12.10 - - [17/Feb/2013:07:48:19 +0600] "GET /tv/useUser HTTP/1.1" 200 432 "http://callider/graph/personal" "Mozilla/4.0 (compatible; MSIE 7.0; Windows NT 6.1; Trident/5.0; SLCC2; .NET CLR 2.0.50727; .NET CLR 3.5.30729; .NET CLR 3.0.30729; Media Center PC 6.0; InfoPath.3; .NET4.0C; .NET4.0E; Tablet PC 2.0; MS-RTC LM 8)" 17337
192.168.12.60 - - [17/Feb/2013:07:48:19 +0600] "GET /pause/ajaxPause?pauseConfigId=&admin=0 HTTP/1.1" 200 986 "http://callider/pause/index" "Mozilla/4.0 (compatible; MSIE 8.0; Windows NT 6.1; Trident/4.0; InfoPath.3; .NET4.0C; MS-RTC LM 8; .NET4.0E)" 20795
192.168.74.139 - - [17/Feb/2013:07:48:19 +0600] "GET /tv/useUser HTTP/1.1" 200 432 "http://callider/site/index" "Mozilla/4.0 (compatible; MSIE 7.0; Windows NT 6.1; WOW64; Trident/5.0; SLCC2; .NET CLR 2.0.50727; .NET CLR 3.5.30729; .NET CLR 3.0.30729; Media Center PC 6.0; InfoPath.3; .NET4.0C; .NET4.0E)" 14319
192.168.12.108 - - [17/Feb/2013:07:48:19 +0600] "GET /tv/useUser HTTP/1.1" 200 432 "http://callider/index.php" "Mozilla/4.0 (compatible; MSIE 7.0; Windows NT 6.2; WOW64; Trident/6.0; .NET4.0E; .NET4.0C; InfoPath.3; .NET CLR 3.5.30729; .NET CLR 2.0.50727; .NET CLR 3.0.30729)" 14529
192.168.12.204 - - [17/Feb/2013:07:48:19 +0600] "GET /pause/ajaxPause?pauseConfigId=&admin=0 HTTP/1.1" 200 986 "http://callider/pause/index" "Mozilla/4.0 (compatible; MSIE 7.0; Windows NT 6.1; WOW64; Trident/4.0; SLCC2; .NET CLR 2.0.50727; .NET CLR 3.5.30729; .NET CLR 3.0.30729; Media Center PC 6.0; InfoPath.3; .NET4.0C; .NET4.0E; .NET CLR 1.1.4322)" 18511
192.168.12.69 - - [17/Feb/2013:07:48:20 +0600] "GET /pause/ajaxPause?pauseConfigId=&admin=0 HTTP/1.1" 200 986 "http://callider/pause/index" "Mozilla/4.0 (compatible; MSIE 7.0; Windows NT 6.1; Trident/5.0; SLCC2; .NET CLR 2.0.50727; .NET CLR 3.5.30729; .NET CLR 3.0.30729; Media Center PC 6.0; InfoPath.3; .NET4.0C; .NET4.0E; Tablet PC 2.0; AskTbFXTV5/5.14.1.20007)" 19617
192.168.74.91 - - [17/Feb/2013:07:48:20 +0600] "GET /pause/ajaxPause?pauseConfigId=&admin=0 HTTP/1.1" 200 986 "http://callider/pause/index" "Mozilla/4.0 (compatible; MSIE 7.0; Windows NT 6.1; WOW64; Trident/5.0; SLCC2; .NET CLR 2.0.50727; .NET CLR 3.5.30729; .NET CLR 3.0.30729; Media Center PC 6.0; InfoPath.3; .NET4.0C; MS-RTC LM 8; .NET4.0E)" 58138
192.168.74.151 - - [17/Feb/2013:07:48:20 +0600] "GET /pause/ajaxPause?pauseConfigId=&admin=0 HTTP/1.1" 200 987 "http://callider.kontur/pause/index" "Mozilla/5.0 (Windows NT 6.1; WOW64; rv:18.0) Gecko/20100101 Firefox/18.0" 18575
192.168.12.210 - - [17/Feb/2013:07:48:20 +0600] "GET /pause/ajaxPause?pauseConfigId=all&admin=1 HTTP/1.1" 200 1047 "http://callider/pause/index" "Mozilla/4.0 (compatible; MSIE 7.0; Windows NT 6.1; WOW64; Trident/5.0; SLCC2; .NET CLR 2.0.50727; .NET CLR 3.5.30729; .NET CLR 3.0.30729; Media Center PC 6.0; InfoPath.3; .NET4.0C; .NET4.0E)" 19220
192.168.12.38 - - [17/Feb/2013:07:48:21 +0600] "GET /pause/ajaxPause?pauseConfigId=&admin=0 HTTP/1.1" 200 1040 "http://callider/pause/index" "Mozilla/4.0 (compatible; MSIE 7.0; Windows NT 6.1; WOW64; Trident/5.0; SLCC2; .NET CLR 2.0.50727; .NET CLR 3.5.30729; .NET CLR 3.0.30729; Media Center PC 6.0; InfoPath.3; .NET4.0C; .NET4.0E)" 17690
192.168.12.77 - - [17/Feb/2013:07:48:21 +0600] "GET /pause/ajaxPause?pauseConfigId=&admin=0 HTTP/1.1" 200 1039 "http://callider/pause/index" "Mozilla/4.0 (compatible; MSIE 7.0; Windows NT 6.1; Trident/5.0; SLCC2; .NET CLR 2.0.50727; .NET CLR 3.5.30729; .NET CLR 3.0.30729; Media Center PC 6.0; Tablet PC 2.0; InfoPath.3; .NET4.0C; .NET4.0E; MS-RTC LM 8)" 16051
192.168.65.56 - - [17/Feb/2013:07:48:21 +0600] "GET /pause/ajaxPause?pauseConfigId=all&admin=1 HTTP/1.1" 200 1046 "http://192.168.65.101/pause/index" "Mozilla/5.0 (Windows NT 5.1; rv:15.0) Gecko/20100101 Firefox/15.0" 29771
192.168.12.247 - - [17/Feb/2013:07:48:22 +0600] "GET /pause/ajaxPause?pauseConfigId=&admin=0 HTTP/1.1" 200 986 "http://callider/pause/index" "Mozilla/4.0 (compatible; MSIE 7.0; Windows NT 6.1; WOW64; Trident/5.0; SLCC2; .NET CLR 2.0.50727; .NET CLR 3.5.30729; .NET CLR 3.0.30729; Media Center PC 6.0; InfoPath.3; .NET4.0C; .NET4.0E)" 22730
192.168.12.61 - - [17/Feb/2013:07:48:22 +0600] "GET /pause/ajaxPause?pauseConfigId=&admin=0 HTTP/1.1" 200 985 "http://callider/pause/index" "Mozilla/4.0 (compatible; MSIE 7.0; Windows NT 6.1; Trident/5.0; SLCC2; .NET CLR 2.0.50727; .NET CLR 3.5.30729; .NET CLR 3.0.30729; Media Center PC 6.0; InfoPath.3; .NET4.0C; .NET4.0E)" 23979
192.168.74.78 - - [17/Feb/2013:07:48:24 +0600] "GET /pause/ajaxPause?pauseConfigId=&admin=0 HTTP/1.1" 200 986 "http://callider/pause/index" "Mozilla/4.0 (compatible; MSIE 7.0; Windows NT 6.1; WOW64; Trident/5.0; SLCC2; .NET CLR 2.0.50727; .NET CLR 3.5.30729; .NET CLR 3.0.30729; Media Center PC 6.0; InfoPath.3; .NET4.0C; MS-RTC LM 8; .NET4.0E)" 21678
192.168.12.60 - - [17/Feb/2013:07:48:24 +0600] "GET /pause/ajaxPause?pauseConfigId=&admin=0 HTTP/1.1" 200 986 "http://callider/pause/index" "Mozilla/4.0 (compatible; MSIE 8.0; Windows NT 6.1; Trident/4.0; InfoPath.3; .NET4.0C; MS-RTC LM 8; .NET4.0E)" 18504
192.168.12.204 - - [17/Feb/2013:07:48:24 +0600] "GET /pause/ajaxPause?pauseConfigId=&admin=0 HTTP/1.1" 200 986 "http://callider/pause/index" "Mozilla/4.0 (compatible; MSIE 7.0; Windows NT 6.1; WOW64; Trident/4.0; SLCC2; .NET CLR 2.0.50727; .NET CLR 3.5.30729; .NET CLR 3.0.30729; Media Center PC 6.0; InfoPath.3; .NET4.0C; .NET4.0E; .NET CLR 1.1.4322)" 19270
192.168.12.69 - - [17/Feb/2013:07:48:25 +0600] "GET /pause/ajaxPause?pauseConfigId=&admin=0 HTTP/1.1" 200 986 "http://callider/pause/index" "Mozilla/4.0 (compatible; MSIE 7.0; Windows NT 6.1; Trident/5.0; SLCC2; .NET CLR 2.0.50727; .NET CLR 3.5.30729; .NET CLR 3.0.30729; Media Center PC 6.0; InfoPath.3; .NET4.0C; .NET4.0E; Tablet PC 2.0; AskTbFXTV5/5.14.1.20007)" 18880
192.168.74.91 - - [17/Feb/2013:07:48:25 +0600] "GET /pause/ajaxPause?pauseConfigId=&admin=0 HTTP/1.1" 200 986 "http://callider/pause/index" "Mozilla/4.0 (compatible; MSIE 7.0; Windows NT 6.1; WOW64; Trident/5.0; SLCC2; .NET CLR 2.0.50727; .NET CLR 3.5.30729; .NET CLR 3.0.30729; Media Center PC 6.0; InfoPath.3; .NET4.0C; MS-RTC LM 8; .NET4.0E)" 38096
192.168.74.151 - - [17/Feb/2013:07:48:25 +0600] "GET /pause/ajaxPause?pauseConfigId=&admin=0 HTTP/1.1" 200 987 "http://callider.kontur/pause/index" "Mozilla/5.0 (Windows NT 6.1; WOW64; rv:18.0) Gecko/20100101 Firefox/18.0" 18917
192.168.12.210 - - [17/Feb/2013:07:48:25 +0600] "GET /pause/ajaxPause?pauseConfigId=all&admin=1 HTTP/1.1" 200 1047 "http://callider/pause/index" "Mozilla/4.0 (compatible; MSIE 7.0; Windows NT 6.1; WOW64; Trident/5.0; SLCC2; .NET CLR 2.0.50727; .NET CLR 3.5.30729; .NET CLR 3.0.30729; Media Center PC 6.0; InfoPath.3; .NET4.0C; .NET4.0E)" 20723
192.168.12.20 - - [17/Feb/2013:07:48:25 +0600] "GET /graph/general HTTP/1.1" 200 6080 "http://callider/audition/supervision" "Mozilla/4.0 (compatible; MSIE 7.0; Windows NT 6.1; WOW64; Trident/5.0; SLCC2; .NET CLR 2.0.50727; .NET CLR 3.5.30729; .NET CLR 3.0.30729; Media Center PC 6.0; InfoPath.3; .NET4.0C; .NET4.0E)" 86978
192.168.12.20 - - [17/Feb/2013:07:48:25 +0600] "GET /assets/style-c1067047.css?1360913659 HTTP/1.1" 200 6484 "http://callider/graph/general" "Mozilla/4.0 (compatible; MSIE 7.0; Windows NT 6.1; WOW64; Trident/5.0; SLCC2; .NET CLR 2.0.50727; .NET CLR 3.5.30729; .NET CLR 3.0.30729; Media Center PC 6.0; InfoPath.3; .NET4.0C; .NET4.0E)" 64945
192.168.12.20 - - [17/Feb/2013:07:48:26 +0600] "GET /images/graphElba.gif HTTP/1.1" 200 4449 "http://callider/graph/general" "Mozilla/4.0 (compatible; MSIE 7.0; Windows NT 6.1; WOW64; Trident/5.0; SLCC2; .NET CLR 2.0.50727; .NET CLR 3.5.30729; .NET CLR 3.0.30729; Media Center PC 6.0; InfoPath.3; .NET4.0C; .NET4.0E)" 1539
192.168.12.20 - - [17/Feb/2013:07:48:26 +0600] "GET /assets/e0b868ab/general.js HTTP/1.1" 200 654 "http://callider/graph/general" "Mozilla/4.0 (compatible; MSIE 7.0; Windows NT 6.1; WOW64; Trident/5.0; SLCC2; .NET CLR 2.0.50727; .NET CLR 3.5.30729; .NET CLR 3.0.30729; Media Center PC 6.0; InfoPath.3; .NET4.0C; .NET4.0E)" 181787
192.168.12.38 - - [17/Feb/2013:07:48:26 +0600] "GET /pause/ajaxPause?pauseConfigId=&admin=0 HTTP/1.1" 200 1040 "http://callider/pause/index" "Mozilla/4.0 (compatible; MSIE 7.0; Windows NT 6.1; WOW64; Trident/5.0; SLCC2; .NET CLR 2.0.50727; .NET CLR 3.5.30729; .NET CLR 3.0.30729; Media Center PC 6.0; InfoPath.3; .NET4.0C; .NET4.0E)" 18928
192.168.12.77 - - [17/Feb/2013:07:48:26 +0600] "GET /pause/ajaxPause?pauseConfigId=&admin=0 HTTP/1.1" 200 1039 "http://callider/pause/index" "Mozilla/4.0 (compatible; MSIE 7.0; Windows NT 6.1; Trident/5.0; SLCC2; .NET CLR 2.0.50727; .NET CLR 3.5.30729; .NET CLR 3.0.30729; Media Center PC 6.0; Tablet PC 2.0; InfoPath.3; .NET4.0C; .NET4.0E; MS-RTC LM 8)" 15437
192.168.65.56 - - [17/Feb/2013:07:48:26 +0600] "GET /pause/ajaxPause?pauseConfigId=all&admin=1 HTTP/1.1" 200 1046 "http://192.168.65.101/pause/index" "Mozilla/5.0 (Windows NT 5.1; rv:15.0) Gecko/20100101 Firefox/15.0" 27448
192.168.12.247 - - [17/Feb/2013:07:48:27 +0600] "GET /pause/ajaxPause?pauseConfigId=&admin=0 HTTP/1.1" 200 986 "http://callider/pause/index" "Mozilla/4.0 (compatible; MSIE 7.0; Windows NT 6.1; WOW64; Trident/5.0; SLCC2; .NET CLR 2.0.50727; .NET CLR 3.5.30729; .NET CLR 3.0.30729; Media Center PC 6.0; InfoPath.3; .NET4.0C; .NET4.0E)" 28363
192.168.12.61 - - [17/Feb/2013:07:48:27 +0600] "GET /pause/ajaxPause?pauseConfigId=&admin=0 HTTP/1.1" 200 985 "http://callider/pause/index" "Mozilla/4.0 (compatible; MSIE 7.0; Windows NT 6.1; Trident/5.0; SLCC2; .NET CLR 2.0.50727; .NET CLR 3.5.30729; .NET CLR 3.0.30729; Media Center PC 6.0; InfoPath.3; .NET4.0C; .NET4.0E)" 83507
192.168.74.78 - - [17/Feb/2013:07:48:29 +0600] "GET /pause/ajaxPause?pauseConfigId=&admin=0 HTTP/1.1" 200 986 "http://callider/pause/index" "Mozilla/4.0 (compatible; MSIE 7.0; Windows NT 6.1; WOW64; Trident/5.0; SLCC2; .NET CLR 2.0.50727; .NET CLR 3.5.30729; .NET CLR 3.0.30729; Media Center PC 6.0; InfoPath.3; .NET4.0C; MS-RTC LM 8; .NET4.0E)" 20543
192.168.12.60 - - [17/Feb/2013:07:48:29 +0600] "GET /pause/ajaxPause?pauseConfigId=&admin=0 HTTP/1.1" 200 986 "http://callider/pause/index" "Mozilla/4.0 (compatible; MSIE 8.0; Windows NT 6.1; Trident/4.0; InfoPath.3; .NET4.0C; MS-RTC LM 8; .NET4.0E)" 21503
192.168.12.204 - - [17/Feb/2013:07:48:29 +0600] "GET /pause/ajaxPause?pauseConfigId=&admin=0 HTTP/1.1" 200 986 "http://callider/pause/index" "Mozilla/4.0 (compatible; MSIE 7.0; Windows NT 6.1; WOW64; Trident/4.0; SLCC2; .NET CLR 2.0.50727; .NET CLR 3.5.30729; .NET CLR 3.0.30729; Media Center PC 6.0; InfoPath.3; .NET4.0C; .NET4.0E; .NET CLR 1.1.4322)" 17844
192.168.12.69 - - [17/Feb/2013:07:48:30 +0600] "GET /pause/ajaxPause?pauseConfigId=&admin=0 HTTP/1.1" 200 986 "http://callider/pause/index" "Mozilla/4.0 (compatible; MSIE 7.0; Windows NT 6.1; Trident/5.0; SLCC2; .NET CLR 2.0.50727; .NET CLR 3.5.30729; .NET CLR 3.0.30729; Media Center PC 6.0; InfoPath.3; .NET4.0C; .NET4.0E; Tablet PC 2.0; AskTbFXTV5/5.14.1.20007)" 16667
192.168.74.91 - - [17/Feb/2013:07:48:30 +0600] "GET /pause/ajaxPause?pauseConfigId=&admin=0 HTTP/1.1" 200 986 "http://callider/pause/index" "Mozilla/4.0 (compatible; MSIE 7.0; Windows NT 6.1; WOW64; Trident/5.0; SLCC2; .NET CLR 2.0.50727; .NET CLR 3.5.30729; .NET CLR 3.0.30729; Media Center PC 6.0; InfoPath.3; .NET4.0C; MS-RTC LM 8; .NET4.0E)" 27822
192.168.74.151 - - [17/Feb/2013:07:48:30 +0600] "GET /pause/ajaxPause?pauseConfigId=&admin=0 HTTP/1.1" 200 987 "http://callider.kontur/pause/index" "Mozilla/5.0 (Windows NT 6.1; WOW64; rv:18.0) Gecko/20100101 Firefox/18.0" 18640
192.168.12.210 - - [17/Feb/2013:07:48:30 +0600] "GET /pause/ajaxPause?pauseConfigId=all&admin=1 HTTP/1.1" 200 1047 "http://callider/pause/index" "Mozilla/4.0 (compatible; MSIE 7.0; Windows NT 6.1; WOW64; Trident/5.0; SLCC2; .NET CLR 2.0.50727; .NET CLR 3.5.30729; .NET CLR 3.0.30729; Media Center PC 6.0; InfoPath.3; .NET4.0C; .NET4.0E)" 59245
192.168.12.38 - - [17/Feb/2013:07:48:31 +0600] "GET /pause/ajaxPause?pauseConfigId=&admin=0 HTTP/1.1" 200 1040 "http://callider/pause/index" "Mozilla/4.0 (compatible; MSIE 7.0; Windows NT 6.1; WOW64; Trident/5.0; SLCC2; .NET CLR 2.0.50727; .NET CLR 3.5.30729; .NET CLR 3.0.30729; Media Center PC 6.0; InfoPath.3; .NET4.0C; .NET4.0E)" 16055
192.168.12.77 - - [17/Feb/2013:07:48:31 +0600] "GET /pause/ajaxPause?pauseConfigId=&admin=0 HTTP/1.1" 200 1039 "http://callider/pause/index" "Mozilla/4.0 (compatible; MSIE 7.0; Windows NT 6.1; Trident/5.0; SLCC2; .NET CLR 2.0.50727; .NET CLR 3.5.30729; .NET CLR 3.0.30729; Media Center PC 6.0; Tablet PC 2.0; InfoPath.3; .NET4.0C; .NET4.0E; MS-RTC LM 8)" 14347
192.168.65.56 - - [17/Feb/2013:07:48:31 +0600] "GET /pause/ajaxPause?pauseConfigId=all&admin=1 HTTP/1.1" 200 1046 "http://192.168.65.101/pause/index" "Mozilla/5.0 (Windows NT 5.1; rv:15.0) Gecko/20100101 Firefox/15.0" 28138
192.168.12.247 - - [17/Feb/2013:07:48:32 +0600] "GET /pause/ajaxPause?pauseConfigId=&admin=0 HTTP/1.1" 200 986 "http://callider/pause/index" "Mozilla/4.0 (compatible; MSIE 7.0; Windows NT 6.1; WOW64; Trident/5.0; SLCC2; .NET CLR 2.0.50727; .NET CLR 3.5.30729; .NET CLR 3.0.30729; Media Center PC 6.0; InfoPath.3; .NET4.0C; .NET4.0E)" 25123
192.168.12.61 - - [17/Feb/2013:07:48:32 +0600] "GET /pause/ajaxPause?pauseConfigId=&admin=0 HTTP/1.1" 200 985 "http://callider/pause/index" "Mozilla/4.0 (compatible; MSIE 7.0; Windows NT 6.1; Trident/5.0; SLCC2; .NET CLR 2.0.50727; .NET CLR 3.5.30729; .NET CLR 3.0.30729; Media Center PC 6.0; InfoPath.3; .NET4.0C; .NET4.0E)" 21660
192.168.74.78 - - [17/Feb/2013:07:48:34 +0600] "GET /pause/ajaxPause?pauseConfigId=&admin=0 HTTP/1.1" 200 986 "http://callider/pause/index" "Mozilla/4.0 (compatible; MSIE 7.0; Windows NT 6.1; WOW64; Trident/5.0; SLCC2; .NET CLR 2.0.50727; .NET CLR 3.5.30729; .NET CLR 3.0.30729; Media Center PC 6.0; InfoPath.3; .NET4.0C; MS-RTC LM 8; .NET4.0E)" 18157
192.168.12.67 - - [17/Feb/2013:07:48:34 +0600] "GET /tv/useUser HTTP/1.1" 200 432 "http://callider/graph/personal" "Mozilla/4.0 (compatible; MSIE 7.0; Windows NT 6.1; Trident/5.0; SLCC2; .NET CLR 2.0.50727; .NET CLR 3.5.30729; .NET CLR 3.0.30729; Media Center PC 6.0; .NET4.0C; .NET4.0E; InfoPath.3; Tablet PC 2.0; MS-RTC LM 8)" 19218
192.168.12.60 - - [17/Feb/2013:07:48:34 +0600] "GET /pause/ajaxPause?pauseConfigId=&admin=0 HTTP/1.1" 200 986 "http://callider/pause/index" "Mozilla/4.0 (compatible; MSIE 8.0; Windows NT 6.1; Trident/4.0; InfoPath.3; .NET4.0C; MS-RTC LM 8; .NET4.0E)" 18752
192.168.12.204 - - [17/Feb/2013:07:48:34 +0600] "GET /pause/ajaxPause?pauseConfigId=&admin=0 HTTP/1.1" 200 986 "http://callider/pause/index" "Mozilla/4.0 (compatible; MSIE 7.0; Windows NT 6.1; WOW64; Trident/4.0; SLCC2; .NET CLR 2.0.50727; .NET CLR 3.5.30729; .NET CLR 3.0.30729; Media Center PC 6.0; InfoPath.3; .NET4.0C; .NET4.0E; .NET CLR 1.1.4322)" 17280
192.168.12.69 - - [17/Feb/2013:07:48:35 +0600] "GET /pause/ajaxPause?pauseConfigId=&admin=0 HTTP/1.1" 200 986 "http://callider/pause/index" "Mozilla/4.0 (compatible; MSIE 7.0; Windows NT 6.1; Trident/5.0; SLCC2; .NET CLR 2.0.50727; .NET CLR 3.5.30729; .NET CLR 3.0.30729; Media Center PC 6.0; InfoPath.3; .NET4.0C; .NET4.0E; Tablet PC 2.0; AskTbFXTV5/5.14.1.20007)" 18628
192.168.74.91 - - [17/Feb/2013:07:48:35 +0600] "GET /pause/ajaxPause?pauseConfigId=&admin=0 HTTP/1.1" 200 986 "http://callider/pause/index" "Mozilla/4.0 (compatible; MSIE 7.0; Windows NT 6.1; WOW64; Trident/5.0; SLCC2; .NET CLR 2.0.50727; .NET CLR 3.5.30729; .NET CLR 3.0.30729; Media Center PC 6.0; InfoPath.3; .NET4.0C; MS-RTC LM 8; .NET4.0E)" 19132
192.168.74.151 - - [17/Feb/2013:07:48:35 +0600] "GET /pause/ajaxPause?pauseConfigId=&admin=0 HTTP/1.1" 200 987 "http://callider.kontur/pause/index" "Mozilla/5.0 (Windows NT 6.1; WOW64; rv:18.0) Gecko/20100101 Firefox/18.0" 19049
192.168.12.210 - - [17/Feb/2013:07:48:35 +0600] "GET /pause/ajaxPause?pauseConfigId=all&admin=1 HTTP/1.1" 200 1047 "http://callider/pause/index" "Mozilla/4.0 (compatible; MSIE 7.0; Windows NT 6.1; WOW64; Trident/5.0; SLCC2; .NET CLR 2.0.50727; .NET CLR 3.5.30729; .NET CLR 3.0.30729; Media Center PC 6.0; InfoPath.3; .NET4.0C; .NET4.0E)" 19183
192.168.12.38 - - [17/Feb/2013:07:48:36 +0600] "GET /pause/ajaxPause?pauseConfigId=&admin=0 HTTP/1.1" 200 1040 "http://callider/pause/index" "Mozilla/4.0 (compatible; MSIE 7.0; Windows NT 6.1; WOW64; Trident/5.0; SLCC2; .NET CLR 2.0.50727; .NET CLR 3.5.30729; .NET CLR 3.0.30729; Media Center PC 6.0; InfoPath.3; .NET4.0C; .NET4.0E)" 18276
192.168.12.77 - - [17/Feb/2013:07:48:36 +0600] "GET /pause/ajaxPause?pauseConfigId=&admin=0 HTTP/1.1" 200 1039 "http://callider/pause/index" "Mozilla/4.0 (compatible; MSIE 7.0; Windows NT 6.1; Trident/5.0; SLCC2; .NET CLR 2.0.50727; .NET CLR 3.5.30729; .NET CLR 3.0.30729; Media Center PC 6.0; Tablet PC 2.0; InfoPath.3; .NET4.0C; .NET4.0E; MS-RTC LM 8)" 13456
192.168.65.56 - - [17/Feb/2013:07:48:36 +0600] "GET /pause/ajaxPause?pauseConfigId=all&admin=1 HTTP/1.1" 200 1046 "http://192.168.65.101/pause/index" "Mozilla/5.0 (Windows NT 5.1; rv:15.0) Gecko/20100101 Firefox/15.0" 27375
192.168.12.247 - - [17/Feb/2013:07:48:37 +0600] "GET /pause/ajaxPause?pauseConfigId=&admin=0 HTTP/1.1" 200 986 "http://callider/pause/index" "Mozilla/4.0 (compatible; MSIE 7.0; Windows NT 6.1; WOW64; Trident/5.0; SLCC2; .NET CLR 2.0.50727; .NET CLR 3.5.30729; .NET CLR 3.0.30729; Media Center PC 6.0; InfoPath.3; .NET4.0C; .NET4.0E)" 18719
192.168.12.61 - - [17/Feb/2013:07:48:37 +0600] "GET /pause/ajaxPause?pauseConfigId=&admin=0 HTTP/1.1" 200 986 "http://callider/pause/index" "Mozilla/4.0 (compatible; MSIE 7.0; Windows NT 6.1; Trident/5.0; SLCC2; .NET CLR 2.0.50727; .NET CLR 3.5.30729; .NET CLR 3.0.30729; Media Center PC 6.0; InfoPath.3; .NET4.0C; .NET4.0E)" 26447
192.168.74.93 - - [17/Feb/2013:07:48:37 +0600] "GET /tv/useUser HTTP/1.1" 200 432 "http://callider/graph/personal" "Mozilla/4.0 (compatible; MSIE 7.0; Windows NT 6.1; WOW64; Trident/5.0; SLCC2; .NET CLR 2.0.50727; .NET CLR 3.5.30729; .NET CLR 3.0.30729; Media Center PC 6.0; InfoPath.3; .NET4.0C; .NET4.0E)" 15873
192.168.74.78 - - [17/Feb/2013:07:48:39 +0600] "GET /pause/ajaxPause?pauseConfigId=&admin=0 HTTP/1.1" 200 986 "http://callider/pause/index" "Mozilla/4.0 (compatible; MSIE 7.0; Windows NT 6.1; WOW64; Trident/5.0; SLCC2; .NET CLR 2.0.50727; .NET CLR 3.5.30729; .NET CLR 3.0.30729; Media Center PC 6.0; InfoPath.3; .NET4.0C; MS-RTC LM 8; .NET4.0E)" 19134
192.168.12.210 - - [17/Feb/2013:07:48:39 +0600] "GET /tv/useUser HTTP/1.1" 200 431 "http://callider/graph/general" "Mozilla/4.0 (compatible; MSIE 7.0; Windows NT 6.1; WOW64; Trident/5.0; SLCC2; .NET CLR 2.0.50727; .NET CLR 3.5.30729; .NET CLR 3.0.30729; Media Center PC 6.0; InfoPath.3; .NET4.0C; .NET4.0E)" 10694
192.168.12.204 - - [17/Feb/2013:07:48:39 +0600] "GET /pause/ajaxPause?pauseConfigId=&admin=0 HTTP/1.1" 200 986 "http://callider/pause/index" "Mozilla/4.0 (compatible; MSIE 7.0; Windows NT 6.1; WOW64; Trident/4.0; SLCC2; .NET CLR 2.0.50727; .NET CLR 3.5.30729; .NET CLR 3.0.30729; Media Center PC 6.0; InfoPath.3; .NET4.0C; .NET4.0E; .NET CLR 1.1.4322)" 95757
192.168.12.60 - - [17/Feb/2013:07:48:39 +0600] "GET /pause/ajaxPause?pauseConfigId=&admin=0 HTTP/1.1" 200 986 "http://callider/pause/index" "Mozilla/4.0 (compatible; MSIE 8.0; Windows NT 6.1; Trident/4.0; InfoPath.3; .NET4.0C; MS-RTC LM 8; .NET4.0E)" 448534
192.168.12.69 - - [17/Feb/2013:07:48:40 +0600] "GET /pause/ajaxPause?pauseConfigId=&admin=0 HTTP/1.1" 200 986 "http://callider/pause/index" "Mozilla/4.0 (compatible; MSIE 7.0; Windows NT 6.1; Trident/5.0; SLCC2; .NET CLR 2.0.50727; .NET CLR 3.5.30729; .NET CLR 3.0.30729; Media Center PC 6.0; InfoPath.3; .NET4.0C; .NET4.0E; Tablet PC 2.0; AskTbFXTV5/5.14.1.20007)" 31331
192.168.74.91 - - [17/Feb/2013:07:48:40 +0600] "GET /pause/ajaxPause?pauseConfigId=&admin=0 HTTP/1.1" 200 986 "http://callider/pause/index" "Mozilla/4.0 (compatible; MSIE 7.0; Windows NT 6.1; WOW64; Trident/5.0; SLCC2; .NET CLR 2.0.50727; .NET CLR 3.5.30729; .NET CLR 3.0.30729; Media Center PC 6.0; InfoPath.3; .NET4.0C; MS-RTC LM 8; .NET4.0E)" 72474
192.168.74.151 - - [17/Feb/2013:07:48:40 +0600] "GET /pause/ajaxPause?pauseConfigId=&admin=0 HTTP/1.1" 200 987 "http://callider.kontur/pause/index" "Mozilla/5.0 (Windows NT 6.1; WOW64; rv:18.0) Gecko/20100101 Firefox/18.0" 18937
192.168.12.210 - - [17/Feb/2013:07:48:40 +0600] "GET /pause/ajaxPause?pauseConfigId=all&admin=1 HTTP/1.1" 200 1047 "http://callider/pause/index" "Mozilla/4.0 (compatible; MSIE 7.0; Windows NT 6.1; WOW64; Trident/5.0; SLCC2; .NET CLR 2.0.50727; .NET CLR 3.5.30729; .NET CLR 3.0.30729; Media Center PC 6.0; InfoPath.3; .NET4.0C; .NET4.0E)" 19437
192.168.12.9 - - [17/Feb/2013:07:48:40 +0600] "GET /tv/useUser HTTP/1.1" 200 432 "http://callider.kontur/site/index" "Mozilla/5.0 (Windows NT 6.1; WOW64) AppleWebKit/537.17 (KHTML, like Gecko) Chrome/24.0.1312.57 Safari/537.17" 15106
192.168.12.38 - - [17/Feb/2013:07:48:41 +0600] "GET /pause/ajaxPause?pauseConfigId=&admin=0 HTTP/1.1" 200 1040 "http://callider/pause/index" "Mozilla/4.0 (compatible; MSIE 7.0; Windows NT 6.1; WOW64; Trident/5.0; SLCC2; .NET CLR 2.0.50727; .NET CLR 3.5.30729; .NET CLR 3.0.30729; Media Center PC 6.0; InfoPath.3; .NET4.0C; .NET4.0E)" 18228
192.168.12.77 - - [17/Feb/2013:07:48:41 +0600] "GET /pause/ajaxPause?pauseConfigId=&admin=0 HTTP/1.1" 200 1039 "http://callider/pause/index" "Mozilla/4.0 (compatible; MSIE 7.0; Windows NT 6.1; Trident/5.0; SLCC2; .NET CLR 2.0.50727; .NET CLR 3.5.30729; .NET CLR 3.0.30729; Media Center PC 6.0; Tablet PC 2.0; InfoPath.3; .NET4.0C; .NET4.0E; MS-RTC LM 8)" 14238
192.168.12.247 - - [17/Feb/2013:07:48:41 +0600] "GET /tv/useUser HTTP/1.1" 200 431 "http://callider/pause/index" "Mozilla/4.0 (compatible; MSIE 7.0; Windows NT 6.1; WOW64; Trident/5.0; SLCC2; .NET CLR 2.0.50727; .NET CLR 3.5.30729; .NET CLR 3.0.30729; Media Center PC 6.0; InfoPath.3; .NET4.0C; .NET4.0E)" 10600
192.168.65.56 - - [17/Feb/2013:07:48:41 +0600] "GET /pause/ajaxPause?pauseConfigId=all&admin=1 HTTP/1.1" 200 1046 "http://192.168.65.101/pause/index" "Mozilla/5.0 (Windows NT 5.1; rv:15.0) Gecko/20100101 Firefox/15.0" 29824
192.168.12.247 - - [17/Feb/2013:07:48:42 +0600] "GET /pause/ajaxPause?pauseConfigId=&admin=0 HTTP/1.1" 200 986 "http://callider/pause/index" "Mozilla/4.0 (compatible; MSIE 7.0; Windows NT 6.1; WOW64; Trident/5.0; SLCC2; .NET CLR 2.0.50727; .NET CLR 3.5.30729; .NET CLR 3.0.30729; Media Center PC 6.0; InfoPath.3; .NET4.0C; .NET4.0E)" 19379
192.168.12.61 - - [17/Feb/2013:07:48:42 +0600] "GET /pause/ajaxPause?pauseConfigId=&admin=0 HTTP/1.1" 200 985 "http://callider/pause/index" "Mozilla/4.0 (compatible; MSIE 7.0; Windows NT 6.1; Trident/5.0; SLCC2; .NET CLR 2.0.50727; .NET CLR 3.5.30729; .NET CLR 3.0.30729; Media Center PC 6.0; InfoPath.3; .NET4.0C; .NET4.0E)" 288407
192.168.74.78 - - [17/Feb/2013:07:48:44 +0600] "GET /pause/ajaxPause?pauseConfigId=&admin=0 HTTP/1.1" 200 986 "http://callider/pause/index" "Mozilla/4.0 (compatible; MSIE 7.0; Windows NT 6.1; WOW64; Trident/5.0; SLCC2; .NET CLR 2.0.50727; .NET CLR 3.5.30729; .NET CLR 3.0.30729; Media Center PC 6.0; InfoPath.3; .NET4.0C; MS-RTC LM 8; .NET4.0E)" 25395
192.168.12.60 - - [17/Feb/2013:07:48:44 +0600] "GET /pause/ajaxPause?pauseConfigId=&admin=0 HTTP/1.1" 200 986 "http://callider/pause/index" "Mozilla/4.0 (compatible; MSIE 8.0; Windows NT 6.1; Trident/4.0; InfoPath.3; .NET4.0C; MS-RTC LM 8; .NET4.0E)" 22027
192.168.12.204 - - [17/Feb/2013:07:48:44 +0600] "GET /pause/ajaxPause?pauseConfigId=&admin=0 HTTP/1.1" 200 986 "http://callider/pause/index" "Mozilla/4.0 (compatible; MSIE 7.0; Windows NT 6.1; WOW64; Trident/4.0; SLCC2; .NET CLR 2.0.50727; .NET CLR 3.5.30729; .NET CLR 3.0.30729; Media Center PC 6.0; InfoPath.3; .NET4.0C; .NET4.0E; .NET CLR 1.1.4322)" 18820
192.168.12.69 - - [17/Feb/2013:07:48:45 +0600] "GET /pause/ajaxPause?pauseConfigId=&admin=0 HTTP/1.1" 200 986 "http://callider/pause/index" "Mozilla/4.0 (compatible; MSIE 7.0; Windows NT 6.1; Trident/5.0; SLCC2; .NET CLR 2.0.50727; .NET CLR 3.5.30729; .NET CLR 3.0.30729; Media Center PC 6.0; InfoPath.3; .NET4.0C; .NET4.0E; Tablet PC 2.0; AskTbFXTV5/5.14.1.20007)" 16902
192.168.74.91 - - [17/Feb/2013:07:48:45 +0600] "GET /pause/ajaxPause?pauseConfigId=&admin=0 HTTP/1.1" 200 986 "http://callider/pause/index" "Mozilla/4.0 (compatible; MSIE 7.0; Windows NT 6.1; WOW64; Trident/5.0; SLCC2; .NET CLR 2.0.50727; .NET CLR 3.5.30729; .NET CLR 3.0.30729; Media Center PC 6.0; InfoPath.3; .NET4.0C; MS-RTC LM 8; .NET4.0E)" 22140
192.168.74.151 - - [17/Feb/2013:07:48:45 +0600] "GET /pause/ajaxPause?pauseConfigId=&admin=0 HTTP/1.1" 200 987 "http://callider.kontur/pause/index" "Mozilla/5.0 (Windows NT 6.1; WOW64; rv:18.0) Gecko/20100101 Firefox/18.0" 19066
192.168.12.210 - - [17/Feb/2013:07:48:45 +0600] "GET /pause/ajaxPause?pauseConfigId=all&admin=1 HTTP/1.1" 200 1047 "http://callider/pause/index" "Mozilla/4.0 (compatible; MSIE 7.0; Windows NT 6.1; WOW64; Trident/5.0; SLCC2; .NET CLR 2.0.50727; .NET CLR 3.5.30729; .NET CLR 3.0.30729; Media Center PC 6.0; InfoPath.3; .NET4.0C; .NET4.0E)" 19273
192.168.12.38 - - [17/Feb/2013:07:48:46 +0600] "GET /pause/ajaxPause?pauseConfigId=&admin=0 HTTP/1.1" 200 1040 "http://callider/pause/index" "Mozilla/4.0 (compatible; MSIE 7.0; Windows NT 6.1; WOW64; Trident/5.0; SLCC2; .NET CLR 2.0.50727; .NET CLR 3.5.30729; .NET CLR 3.0.30729; Media Center PC 6.0; InfoPath.3; .NET4.0C; .NET4.0E)" 18097
192.168.12.77 - - [17/Feb/2013:07:48:46 +0600] "GET /pause/ajaxPause?pauseConfigId=&admin=0 HTTP/1.1" 200 1039 "http://callider/pause/index" "Mozilla/4.0 (compatible; MSIE 7.0; Windows NT 6.1; Trident/5.0; SLCC2; .NET CLR 2.0.50727; .NET CLR 3.5.30729; .NET CLR 3.0.30729; Media Center PC 6.0; Tablet PC 2.0; InfoPath.3; .NET4.0C; .NET4.0E; MS-RTC LM 8)" 13013
192.168.65.56 - - [17/Feb/2013:07:48:46 +0600] "GET /pause/ajaxPause?pauseConfigId=all&admin=1 HTTP/1.1" 200 1046 "http://192.168.65.101/pause/index" "Mozilla/5.0 (Windows NT 5.1; rv:15.0) Gecko/20100101 Firefox/15.0" 40332
192.168.12.247 - - [17/Feb/2013:07:48:47 +0600] "GET /pause/ajaxPause?pauseConfigId=&admin=0 HTTP/1.1" 200 986 "http://callider/pause/index" "Mozilla/4.0 (compatible; MSIE 7.0; Windows NT 6.1; WOW64; Trident/5.0; SLCC2; .NET CLR 2.0.50727; .NET CLR 3.5.30729; .NET CLR 3.0.30729; Media Center PC 6.0; InfoPath.3; .NET4.0C; .NET4.0E)" 18633
192.168.12.61 - - [17/Feb/2013:07:48:47 +0600] "GET /pause/ajaxPause?pauseConfigId=&admin=0 HTTP/1.1" 200 985 "http://callider/pause/index" "Mozilla/4.0 (compatible; MSIE 7.0; Windows NT 6.1; Trident/5.0; SLCC2; .NET CLR 2.0.50727; .NET CLR 3.5.30729; .NET CLR 3.0.30729; Media Center PC 6.0; InfoPath.3; .NET4.0C; .NET4.0E)" 19268
192.168.12.210 - - [17/Feb/2013:07:48:49 +0600] "GET /tv/useUser HTTP/1.1" 200 431 "http://callider/pause/index" "Mozilla/4.0 (compatible; MSIE 7.0; Windows NT 6.1; WOW64; Trident/5.0; SLCC2; .NET CLR 2.0.50727; .NET CLR 3.5.30729; .NET CLR 3.0.30729; Media Center PC 6.0; InfoPath.3; .NET4.0C; .NET4.0E)" 9305
192.168.74.78 - - [17/Feb/2013:07:48:49 +0600] "GET /pause/ajaxPause?pauseConfigId=&admin=0 HTTP/1.1" 200 986 "http://callider/pause/index" "Mozilla/4.0 (compatible; MSIE 7.0; Windows NT 6.1; WOW64; Trident/5.0; SLCC2; .NET CLR 2.0.50727; .NET CLR 3.5.30729; .NET CLR 3.0.30729; Media Center PC 6.0; InfoPath.3; .NET4.0C; MS-RTC LM 8; .NET4.0E)" 19801
192.168.12.60 - - [17/Feb/2013:07:48:49 +0600] "GET /pause/ajaxPause?pauseConfigId=&admin=0 HTTP/1.1" 200 986 "http://callider/pause/index" "Mozilla/4.0 (compatible; MSIE 8.0; Windows NT 6.1; Trident/4.0; InfoPath.3; .NET4.0C; MS-RTC LM 8; .NET4.0E)" 20596
192.168.12.204 - - [17/Feb/2013:07:48:49 +0600] "GET /pause/ajaxPause?pauseConfigId=&admin=0 HTTP/1.1" 200 986 "http://callider/pause/index" "Mozilla/4.0 (compatible; MSIE 7.0; Windows NT 6.1; WOW64; Trident/4.0; SLCC2; .NET CLR 2.0.50727; .NET CLR 3.5.30729; .NET CLR 3.0.30729; Media Center PC 6.0; InfoPath.3; .NET4.0C; .NET4.0E; .NET CLR 1.1.4322)" 18853
192.168.12.69 - - [17/Feb/2013:07:48:50 +0600] "GET /pause/ajaxPause?pauseConfigId=&admin=0 HTTP/1.1" 200 986 "http://callider/pause/index" "Mozilla/4.0 (compatible; MSIE 7.0; Windows NT 6.1; Trident/5.0; SLCC2; .NET CLR 2.0.50727; .NET CLR 3.5.30729; .NET CLR 3.0.30729; Media Center PC 6.0; InfoPath.3; .NET4.0C; .NET4.0E; Tablet PC 2.0; AskTbFXTV5/5.14.1.20007)" 19471
192.168.74.91 - - [17/Feb/2013:07:48:50 +0600] "GET /pause/ajaxPause?pauseConfigId=&admin=0 HTTP/1.1" 200 986 "http://callider/pause/index" "Mozilla/4.0 (compatible; MSIE 7.0; Windows NT 6.1; WOW64; Trident/5.0; SLCC2; .NET CLR 2.0.50727; .NET CLR 3.5.30729; .NET CLR 3.0.30729; Media Center PC 6.0; InfoPath.3; .NET4.0C; MS-RTC LM 8; .NET4.0E)" 18614
192.168.74.151 - - [17/Feb/2013:07:48:50 +0600] "GET /pause/ajaxPause?pauseConfigId=&admin=0 HTTP/1.1" 200 987 "http://callider.kontur/pause/index" "Mozilla/5.0 (Windows NT 6.1; WOW64; rv:18.0) Gecko/20100101 Firefox/18.0" 20139
192.168.12.210 - - [17/Feb/2013:07:48:50 +0600] "GET /pause/ajaxPause?pauseConfigId=all&admin=1 HTTP/1.1" 200 1047 "http://callider/pause/index" "Mozilla/4.0 (compatible; MSIE 7.0; Windows NT 6.1; WOW64; Trident/5.0; SLCC2; .NET CLR 2.0.50727; .NET CLR 3.5.30729; .NET CLR 3.0.30729; Media Center PC 6.0; InfoPath.3; .NET4.0C; .NET4.0E)" 22668
192.168.12.38 - - [17/Feb/2013:07:48:51 +0600] "GET /pause/ajaxPause?pauseConfigId=&admin=0 HTTP/1.1" 200 1040 "http://callider/pause/index" "Mozilla/4.0 (compatible; MSIE 7.0; Windows NT 6.1; WOW64; Trident/5.0; SLCC2; .NET CLR 2.0.50727; .NET CLR 3.5.30729; .NET CLR 3.0.30729; Media Center PC 6.0; InfoPath.3; .NET4.0C; .NET4.0E)" 21021
192.168.12.77 - - [17/Feb/2013:07:48:51 +0600] "GET /pause/ajaxPause?pauseConfigId=&admin=0 HTTP/1.1" 200 1039 "http://callider/pause/index" "Mozilla/4.0 (compatible; MSIE 7.0; Windows NT 6.1; Trident/5.0; SLCC2; .NET CLR 2.0.50727; .NET CLR 3.5.30729; .NET CLR 3.0.30729; Media Center PC 6.0; Tablet PC 2.0; InfoPath.3; .NET4.0C; .NET4.0E; MS-RTC LM 8)" 13725
192.168.65.56 - - [17/Feb/2013:07:48:51 +0600] "GET /pause/ajaxPause?pauseConfigId=all&admin=1 HTTP/1.1" 200 1046 "http://192.168.65.101/pause/index" "Mozilla/5.0 (Windows NT 5.1; rv:15.0) Gecko/20100101 Firefox/15.0" 26886
192.168.65.56 - - [17/Feb/2013:07:48:51 +0600] "GET /tv/useUser HTTP/1.1" 200 431 "http://192.168.65.101/pause/index" "Mozilla/5.0 (Windows NT 5.1; rv:15.0) Gecko/20100101 Firefox/15.0" 10293
192.168.12.247 - - [17/Feb/2013:07:48:52 +0600] "GET /pause/ajaxPause?pauseConfigId=&admin=0 HTTP/1.1" 200 986 "http://callider/pause/index" "Mozilla/4.0 (compatible; MSIE 7.0; Windows NT 6.1; WOW64; Trident/5.0; SLCC2; .NET CLR 2.0.50727; .NET CLR 3.5.30729; .NET CLR 3.0.30729; Media Center PC 6.0; InfoPath.3; .NET4.0C; .NET4.0E)" 18688
192.168.12.61 - - [17/Feb/2013:07:48:52 +0600] "GET /pause/ajaxPause?pauseConfigId=&admin=0 HTTP/1.1" 200 986 "http://callider/pause/index" "Mozilla/4.0 (compatible; MSIE 7.0; Windows NT 6.1; Trident/5.0; SLCC2; .NET CLR 2.0.50727; .NET CLR 3.5.30729; .NET CLR 3.0.30729; Media Center PC 6.0; InfoPath.3; .NET4.0C; .NET4.0E)" 26293
192.168.74.78 - - [17/Feb/2013:07:48:54 +0600] "GET /pause/ajaxPause?pauseConfigId=&admin=0 HTTP/1.1" 200 986 "http://callider/pause/index" "Mozilla/4.0 (compatible; MSIE 7.0; Windows NT 6.1; WOW64; Trident/5.0; SLCC2; .NET CLR 2.0.50727; .NET CLR 3.5.30729; .NET CLR 3.0.30729; Media Center PC 6.0; InfoPath.3; .NET4.0C; MS-RTC LM 8; .NET4.0E)" 20721
192.168.12.60 - - [17/Feb/2013:07:48:54 +0600] "GET /pause/ajaxPause?pauseConfigId=&admin=0 HTTP/1.1" 200 986 "http://callider/pause/index" "Mozilla/4.0 (compatible; MSIE 8.0; Windows NT 6.1; Trident/4.0; InfoPath.3; .NET4.0C; MS-RTC LM 8; .NET4.0E)" 22124
192.168.12.204 - - [17/Feb/2013:07:48:55 +0600] "GET /pause/ajaxPause?pauseConfigId=&admin=0 HTTP/1.1" 200 986 "http://callider/pause/index" "Mozilla/4.0 (compatible; MSIE 7.0; Windows NT 6.1; WOW64; Trident/4.0; SLCC2; .NET CLR 2.0.50727; .NET CLR 3.5.30729; .NET CLR 3.0.30729; Media Center PC 6.0; InfoPath.3; .NET4.0C; .NET4.0E; .NET CLR 1.1.4322)" 19245
192.168.12.69 - - [17/Feb/2013:07:48:55 +0600] "GET /pause/ajaxPause?pauseConfigId=&admin=0 HTTP/1.1" 200 986 "http://callider/pause/index" "Mozilla/4.0 (compatible; MSIE 7.0; Windows NT 6.1; Trident/5.0; SLCC2; .NET CLR 2.0.50727; .NET CLR 3.5.30729; .NET CLR 3.0.30729; Media Center PC 6.0; InfoPath.3; .NET4.0C; .NET4.0E; Tablet PC 2.0; AskTbFXTV5/5.14.1.20007)" 16849
192.168.74.91 - - [17/Feb/2013:07:48:55 +0600] "GET /pause/ajaxPause?pauseConfigId=&admin=0 HTTP/1.1" 200 986 "http://callider/pause/index" "Mozilla/4.0 (compatible; MSIE 7.0; Windows NT 6.1; WOW64; Trident/5.0; SLCC2; .NET CLR 2.0.50727; .NET CLR 3.5.30729; .NET CLR 3.0.30729; Media Center PC 6.0; InfoPath.3; .NET4.0C; MS-RTC LM 8; .NET4.0E)" 18149
192.168.74.151 - - [17/Feb/2013:07:48:55 +0600] "GET /pause/ajaxPause?pauseConfigId=&admin=0 HTTP/1.1" 200 987 "http://callider.kontur/pause/index" "Mozilla/5.0 (Windows NT 6.1; WOW64; rv:18.0) Gecko/20100101 Firefox/18.0" 17835
192.168.12.210 - - [17/Feb/2013:07:48:55 +0600] "GET /pause/ajaxPause?pauseConfigId=all&admin=1 HTTP/1.1" 200 1047 "http://callider/pause/index" "Mozilla/4.0 (compatible; MSIE 7.0; Windows NT 6.1; WOW64; Trident/5.0; SLCC2; .NET CLR 2.0.50727; .NET CLR 3.5.30729; .NET CLR 3.0.30729; Media Center PC 6.0; InfoPath.3; .NET4.0C; .NET4.0E)" 20642
192.168.12.38 - - [17/Feb/2013:07:48:56 +0600] "GET /pause/ajaxPause?pauseConfigId=&admin=0 HTTP/1.1" 200 1040 "http://callider/pause/index" "Mozilla/4.0 (compatible; MSIE 7.0; Windows NT 6.1; WOW64; Trident/5.0; SLCC2; .NET CLR 2.0.50727; .NET CLR 3.5.30729; .NET CLR 3.0.30729; Media Center PC 6.0; InfoPath.3; .NET4.0C; .NET4.0E)" 16948
192.168.12.77 - - [17/Feb/2013:07:48:56 +0600] "GET /pause/ajaxPause?pauseConfigId=&admin=0 HTTP/1.1" 200 1039 "http://callider/pause/index" "Mozilla/4.0 (compatible; MSIE 7.0; Windows NT 6.1; Trident/5.0; SLCC2; .NET CLR 2.0.50727; .NET CLR 3.5.30729; .NET CLR 3.0.30729; Media Center PC 6.0; Tablet PC 2.0; InfoPath.3; .NET4.0C; .NET4.0E; MS-RTC LM 8)" 14877
192.168.65.56 - - [17/Feb/2013:07:48:56 +0600] "GET /pause/ajaxPause?pauseConfigId=all&admin=1 HTTP/1.1" 200 1046 "http://192.168.65.101/pause/index" "Mozilla/5.0 (Windows NT 5.1; rv:15.0) Gecko/20100101 Firefox/15.0" 32771
192.168.12.247 - - [17/Feb/2013:07:48:57 +0600] "GET /pause/ajaxPause?pauseConfigId=&admin=0 HTTP/1.1" 200 986 "http://callider/pause/index" "Mozilla/4.0 (compatible; MSIE 7.0; Windows NT 6.1; WOW64; Trident/5.0; SLCC2; .NET CLR 2.0.50727; .NET CLR 3.5.30729; .NET CLR 3.0.30729; Media Center PC 6.0; InfoPath.3; .NET4.0C; .NET4.0E)" 19317
192.168.12.61 - - [17/Feb/2013:07:48:57 +0600] "GET /pause/ajaxPause?pauseConfigId=&admin=0 HTTP/1.1" 200 985 "http://callider/pause/index" "Mozilla/4.0 (compatible; MSIE 7.0; Windows NT 6.1; Trident/5.0; SLCC2; .NET CLR 2.0.50727; .NET CLR 3.5.30729; .NET CLR 3.0.30729; Media Center PC 6.0; InfoPath.3; .NET4.0C; .NET4.0E)" 21349
192.168.74.78 - - [17/Feb/2013:07:48:59 +0600] "GET /pause/ajaxPause?pauseConfigId=&admin=0 HTTP/1.1" 200 986 "http://callider/pause/index" "Mozilla/4.0 (compatible; MSIE 7.0; Windows NT 6.1; WOW64; Trident/5.0; SLCC2; .NET CLR 2.0.50727; .NET CLR 3.5.30729; .NET CLR 3.0.30729; Media Center PC 6.0; InfoPath.3; .NET4.0C; MS-RTC LM 8; .NET4.0E)" 18842
192.168.12.60 - - [17/Feb/2013:07:48:59 +0600] "GET /pause/ajaxPause?pauseConfigId=&admin=0 HTTP/1.1" 200 986 "http://callider/pause/index" "Mozilla/4.0 (compatible; MSIE 8.0; Windows NT 6.1; Trident/4.0; InfoPath.3; .NET4.0C; MS-RTC LM 8; .NET4.0E)" 18163
192.168.64.119 - - [17/Feb/2013:07:49:00 +0600] "HEAD / HTTP/1.0" 302 435 "-" "WhatsUp/1.0" 20547
192.168.12.69 - - [17/Feb/2013:07:49:00 +0600] "GET /pause/ajaxPause?pauseConfigId=&admin=0 HTTP/1.1" 200 986 "http://callider/pause/index" "Mozilla/4.0 (compatible; MSIE 7.0; Windows NT 6.1; Trident/5.0; SLCC2; .NET CLR 2.0.50727; .NET CLR 3.5.30729; .NET CLR 3.0.30729; Media Center PC 6.0; InfoPath.3; .NET4.0C; .NET4.0E; Tablet PC 2.0; AskTbFXTV5/5.14.1.20007)" 238432
192.168.12.204 - - [17/Feb/2013:07:49:00 +0600] "GET /pause/ajaxPause?pauseConfigId=&admin=0 HTTP/1.1" 200 986 "http://callider/pause/index" "Mozilla/4.0 (compatible; MSIE 7.0; Windows NT 6.1; WOW64; Trident/4.0; SLCC2; .NET CLR 2.0.50727; .NET CLR 3.5.30729; .NET CLR 3.0.30729; Media Center PC 6.0; InfoPath.3; .NET4.0C; .NET4.0E; .NET CLR 1.1.4322)" 339871
192.168.74.91 - - [17/Feb/2013:07:49:00 +0600] "GET /pause/ajaxPause?pauseConfigId=&admin=0 HTTP/1.1" 200 986 "http://callider/pause/index" "Mozilla/4.0 (compatible; MSIE 7.0; Windows NT 6.1; WOW64; Trident/5.0; SLCC2; .NET CLR 2.0.50727; .NET CLR 3.5.30729; .NET CLR 3.0.30729; Media Center PC 6.0; InfoPath.3; .NET4.0C; MS-RTC LM 8; .NET4.0E)" 20245
192.168.74.151 - - [17/Feb/2013:07:49:00 +0600] "GET /pause/ajaxPause?pauseConfigId=&admin=0 HTTP/1.1" 200 987 "http://callider.kontur/pause/index" "Mozilla/5.0 (Windows NT 6.1; WOW64; rv:18.0) Gecko/20100101 Firefox/18.0" 19372
192.168.12.210 - - [17/Feb/2013:07:49:00 +0600] "GET /pause/ajaxPause?pauseConfigId=all&admin=1 HTTP/1.1" 200 1047 "http://callider/pause/index" "Mozilla/4.0 (compatible; MSIE 7.0; Windows NT 6.1; WOW64; Trident/5.0; SLCC2; .NET CLR 2.0.50727; .NET CLR 3.5.30729; .NET CLR 3.0.30729; Media Center PC 6.0; InfoPath.3; .NET4.0C; .NET4.0E)" 20608
192.168.12.38 - - [17/Feb/2013:07:49:01 +0600] "GET /pause/ajaxPause?pauseConfigId=&admin=0 HTTP/1.1" 200 1040 "http://callider/pause/index" "Mozilla/4.0 (compatible; MSIE 7.0; Windows NT 6.1; WOW64; Trident/5.0; SLCC2; .NET CLR 2.0.50727; .NET CLR 3.5.30729; .NET CLR 3.0.30729; Media Center PC 6.0; InfoPath.3; .NET4.0C; .NET4.0E)" 14975
192.168.12.77 - - [17/Feb/2013:07:49:01 +0600] "GET /pause/ajaxPause?pauseConfigId=&admin=0 HTTP/1.1" 200 1039 "http://callider/pause/index" "Mozilla/4.0 (compatible; MSIE 7.0; Windows NT 6.1; Trident/5.0; SLCC2; .NET CLR 2.0.50727; .NET CLR 3.5.30729; .NET CLR 3.0.30729; Media Center PC 6.0; Tablet PC 2.0; InfoPath.3; .NET4.0C; .NET4.0E; MS-RTC LM 8)" 13885
192.168.65.56 - - [17/Feb/2013:07:49:01 +0600] "GET /pause/ajaxPause?pauseConfigId=all&admin=1 HTTP/1.1" 200 1046 "http://192.168.65.101/pause/index" "Mozilla/5.0 (Windows NT 5.1; rv:15.0) Gecko/20100101 Firefox/15.0" 27254
192.168.64.119 - - [17/Feb/2013:07:49:02 +0600] "GET / HTTP/1.1" 302 454 "-" "Mozilla/4.0 (compatible; MSIE 8.0; Windows NT 5.2; Trident/4.0)" 12982
192.168.64.119 - - [17/Feb/2013:07:49:02 +0600] "GET /site/login HTTP/1.1" 200 7423 "-" "Mozilla/4.0 (compatible; MSIE 8.0; Windows NT 5.2; Trident/4.0)" 18265
192.168.12.247 - - [17/Feb/2013:07:49:02 +0600] "GET /pause/ajaxPause?pauseConfigId=&admin=0 HTTP/1.1" 200 986 "http://callider/pause/index" "Mozilla/4.0 (compatible; MSIE 7.0; Windows NT 6.1; WOW64; Trident/5.0; SLCC2; .NET CLR 2.0.50727; .NET CLR 3.5.30729; .NET CLR 3.0.30729; Media Center PC 6.0; InfoPath.3; .NET4.0C; .NET4.0E)" 25307
192.168.12.61 - - [17/Feb/2013:07:49:02 +0600] "GET /pause/ajaxPause?pauseConfigId=&admin=0 HTTP/1.1" 200 986 "http://callider/pause/index" "Mozilla/4.0 (compatible; MSIE 7.0; Windows NT 6.1; Trident/5.0; SLCC2; .NET CLR 2.0.50727; .NET CLR 3.5.30729; .NET CLR 3.0.30729; Media Center PC 6.0; InfoPath.3; .NET4.0C; .NET4.0E)" 28888
192.168.74.139 - - [17/Feb/2013:07:49:03 +0600] "GET /tv/useUser HTTP/1.1" 200 432 "http://callider/graph/personal" "Mozilla/4.0 (compatible; MSIE 7.0; Windows NT 6.1; WOW64; Trident/5.0; SLCC2; .NET CLR 2.0.50727; .NET CLR 3.5.30729; .NET CLR 3.0.30729; Media Center PC 6.0; InfoPath.3; .NET4.0C; .NET4.0E)" 19305
192.168.74.78 - - [17/Feb/2013:07:49:04 +0600] "GET /pause/ajaxPause?pauseConfigId=&admin=0 HTTP/1.1" 200 986 "http://callider/pause/index" "Mozilla/4.0 (compatible; MSIE 7.0; Windows NT 6.1; WOW64; Trident/5.0; SLCC2; .NET CLR 2.0.50727; .NET CLR 3.5.30729; .NET CLR 3.0.30729; Media Center PC 6.0; InfoPath.3; .NET4.0C; MS-RTC LM 8; .NET4.0E)" 22595
192.168.12.60 - - [17/Feb/2013:07:49:04 +0600] "GET /pause/ajaxPause?pauseConfigId=&admin=0 HTTP/1.1" 200 986 "http://callider/pause/index" "Mozilla/4.0 (compatible; MSIE 8.0; Windows NT 6.1; Trident/4.0; InfoPath.3; .NET4.0C; MS-RTC LM 8; .NET4.0E)" 19941
192.168.12.204 - - [17/Feb/2013:07:49:05 +0600] "GET /pause/ajaxPause?pauseConfigId=&admin=0 HTTP/1.1" 200 986 "http://callider/pause/index" "Mozilla/4.0 (compatible; MSIE 7.0; Windows NT 6.1; WOW64; Trident/4.0; SLCC2; .NET CLR 2.0.50727; .NET CLR 3.5.30729; .NET CLR 3.0.30729; Media Center PC 6.0; InfoPath.3; .NET4.0C; .NET4.0E; .NET CLR 1.1.4322)" 19057
192.168.12.69 - - [17/Feb/2013:07:49:05 +0600] "GET /pause/ajaxPause?pauseConfigId=&admin=0 HTTP/1.1" 200 986 "http://callider/pause/index" "Mozilla/4.0 (compatible; MSIE 7.0; Windows NT 6.1; Trident/5.0; SLCC2; .NET CLR 2.0.50727; .NET CLR 3.5.30729; .NET CLR 3.0.30729; Media Center PC 6.0; InfoPath.3; .NET4.0C; .NET4.0E; Tablet PC 2.0; AskTbFXTV5/5.14.1.20007)" 22848
192.168.12.61 - - [17/Feb/2013:07:49:05 +0600] "GET /tv/useUser HTTP/1.1" 200 431 "http://callider/pause/index" "Mozilla/4.0 (compatible; MSIE 7.0; Windows NT 6.1; Trident/5.0; SLCC2; .NET CLR 2.0.50727; .NET CLR 3.5.30729; .NET CLR 3.0.30729; Media Center PC 6.0; InfoPath.3; .NET4.0C; .NET4.0E)" 10486
192.168.74.91 - - [17/Feb/2013:07:49:05 +0600] "GET /pause/ajaxPause?pauseConfigId=&admin=0 HTTP/1.1" 200 986 "http://callider/pause/index" "Mozilla/4.0 (compatible; MSIE 7.0; Windows NT 6.1; WOW64; Trident/5.0; SLCC2; .NET CLR 2.0.50727; .NET CLR 3.5.30729; .NET CLR 3.0.30729; Media Center PC 6.0; InfoPath.3; .NET4.0C; MS-RTC LM 8; .NET4.0E)" 21437
192.168.74.151 - - [17/Feb/2013:07:49:05 +0600] "GET /pause/ajaxPause?pauseConfigId=&admin=0 HTTP/1.1" 200 987 "http://callider.kontur/pause/index" "Mozilla/5.0 (Windows NT 6.1; WOW64; rv:18.0) Gecko/20100101 Firefox/18.0" 25765
192.168.12.210 - - [17/Feb/2013:07:49:05 +0600] "GET /pause/ajaxPause?pauseConfigId=all&admin=1 HTTP/1.1" 200 1047 "http://callider/pause/index" "Mozilla/4.0 (compatible; MSIE 7.0; Windows NT 6.1; WOW64; Trident/5.0; SLCC2; .NET CLR 2.0.50727; .NET CLR 3.5.30729; .NET CLR 3.0.30729; Media Center PC 6.0; InfoPath.3; .NET4.0C; .NET4.0E)" 25905
192.168.12.38 - - [17/Feb/2013:07:49:06 +0600] "GET /pause/ajaxPause?pauseConfigId=&admin=0 HTTP/1.1" 200 1040 "http://callider/pause/index" "Mozilla/4.0 (compatible; MSIE 7.0; Windows NT 6.1; WOW64; Trident/5.0; SLCC2; .NET CLR 2.0.50727; .NET CLR 3.5.30729; .NET CLR 3.0.30729; Media Center PC 6.0; InfoPath.3; .NET4.0C; .NET4.0E)" 15925
192.168.12.77 - - [17/Feb/2013:07:49:06 +0600] "GET /pause/ajaxPause?pauseConfigId=&admin=0 HTTP/1.1" 200 1039 "http://callider/pause/index" "Mozilla/4.0 (compatible; MSIE 7.0; Windows NT 6.1; Trident/5.0; SLCC2; .NET CLR 2.0.50727; .NET CLR 3.5.30729; .NET CLR 3.0.30729; Media Center PC 6.0; Tablet PC 2.0; InfoPath.3; .NET4.0C; .NET4.0E; MS-RTC LM 8)" 13719
192.168.65.56 - - [17/Feb/2013:07:49:06 +0600] "GET /pause/ajaxPause?pauseConfigId=all&admin=1 HTTP/1.1" 200 1046 "http://192.168.65.101/pause/index" "Mozilla/5.0 (Windows NT 5.1; rv:15.0) Gecko/20100101 Firefox/15.0" 31591
192.168.12.247 - - [17/Feb/2013:07:49:07 +0600] "GET /pause/ajaxPause?pauseConfigId=&admin=0 HTTP/1.1" 200 986 "http://callider/pause/index" "Mozilla/4.0 (compatible; MSIE 7.0; Windows NT 6.1; WOW64; Trident/5.0; SLCC2; .NET CLR 2.0.50727; .NET CLR 3.5.30729; .NET CLR 3.0.30729; Media Center PC 6.0; InfoPath.3; .NET4.0C; .NET4.0E)" 20949
192.168.12.61 - - [17/Feb/2013:07:49:07 +0600] "GET /pause/ajaxPause?pauseConfigId=&admin=0 HTTP/1.1" 200 985 "http://callider/pause/index" "Mozilla/4.0 (compatible; MSIE 7.0; Windows NT 6.1; Trident/5.0; SLCC2; .NET CLR 2.0.50727; .NET CLR 3.5.30729; .NET CLR 3.0.30729; Media Center PC 6.0; InfoPath.3; .NET4.0C; .NET4.0E)" 18288
192.168.74.78 - - [17/Feb/2013:07:49:09 +0600] "GET /pause/ajaxPause?pauseConfigId=&admin=0 HTTP/1.1" 200 986 "http://callider/pause/index" "Mozilla/4.0 (compatible; MSIE 7.0; Windows NT 6.1; WOW64; Trident/5.0; SLCC2; .NET CLR 2.0.50727; .NET CLR 3.5.30729; .NET CLR 3.0.30729; Media Center PC 6.0; InfoPath.3; .NET4.0C; MS-RTC LM 8; .NET4.0E)" 20303
192.168.12.60 - - [17/Feb/2013:07:49:09 +0600] "GET /pause/ajaxPause?pauseConfigId=&admin=0 HTTP/1.1" 200 986 "http://callider/pause/index" "Mozilla/4.0 (compatible; MSIE 8.0; Windows NT 6.1; Trident/4.0; InfoPath.3; .NET4.0C; MS-RTC LM 8; .NET4.0E)" 19400
192.168.12.204 - - [17/Feb/2013:07:49:10 +0600] "GET /pause/ajaxPause?pauseConfigId=&admin=0 HTTP/1.1" 200 986 "http://callider/pause/index" "Mozilla/4.0 (compatible; MSIE 7.0; Windows NT 6.1; WOW64; Trident/4.0; SLCC2; .NET CLR 2.0.50727; .NET CLR 3.5.30729; .NET CLR 3.0.30729; Media Center PC 6.0; InfoPath.3; .NET4.0C; .NET4.0E; .NET CLR 1.1.4322)" 18770
192.168.12.69 - - [17/Feb/2013:07:49:10 +0600] "GET /pause/ajaxPause?pauseConfigId=&admin=0 HTTP/1.1" 200 986 "http://callider/pause/index" "Mozilla/4.0 (compatible; MSIE 7.0; Windows NT 6.1; Trident/5.0; SLCC2; .NET CLR 2.0.50727; .NET CLR 3.5.30729; .NET CLR 3.0.30729; Media Center PC 6.0; InfoPath.3; .NET4.0C; .NET4.0E; Tablet PC 2.0; AskTbFXTV5/5.14.1.20007)" 140306
192.168.74.91 - - [17/Feb/2013:07:49:10 +0600] "GET /pause/ajaxPause?pauseConfigId=&admin=0 HTTP/1.1" 200 986 "http://callider/pause/index" "Mozilla/4.0 (compatible; MSIE 7.0; Windows NT 6.1; WOW64; Trident/5.0; SLCC2; .NET CLR 2.0.50727; .NET CLR 3.5.30729; .NET CLR 3.0.30729; Media Center PC 6.0; InfoPath.3; .NET4.0C; MS-RTC LM 8; .NET4.0E)" 19223
192.168.74.151 - - [17/Feb/2013:07:49:10 +0600] "GET /pause/ajaxPause?pauseConfigId=&admin=0 HTTP/1.1" 200 987 "http://callider.kontur/pause/index" "Mozilla/5.0 (Windows NT 6.1; WOW64; rv:18.0) Gecko/20100101 Firefox/18.0" 19220
192.168.12.210 - - [17/Feb/2013:07:49:10 +0600] "GET /pause/ajaxPause?pauseConfigId=all&admin=1 HTTP/1.1" 200 1047 "http://callider/pause/index" "Mozilla/4.0 (compatible; MSIE 7.0; Windows NT 6.1; WOW64; Trident/5.0; SLCC2; .NET CLR 2.0.50727; .NET CLR 3.5.30729; .NET CLR 3.0.30729; Media Center PC 6.0; InfoPath.3; .NET4.0C; .NET4.0E)" 19836
192.168.12.42 - - [17/Feb/2013:07:49:11 +0600] "GET /tv/useUser HTTP/1.1" 200 432 "http://callider/graph/personal" "Mozilla/4.0 (compatible; MSIE 7.0; Windows NT 6.1; WOW64; Trident/5.0; SLCC2; .NET CLR 2.0.50727; .NET CLR 3.5.30729; .NET CLR 3.0.30729; Media Center PC 6.0; InfoPath.3; .NET4.0C; .NET4.0E)" 15603
192.168.12.38 - - [17/Feb/2013:07:49:11 +0600] "GET /pause/ajaxPause?pauseConfigId=&admin=0 HTTP/1.1" 200 1040 "http://callider/pause/index" "Mozilla/4.0 (compatible; MSIE 7.0; Windows NT 6.1; WOW64; Trident/5.0; SLCC2; .NET CLR 2.0.50727; .NET CLR 3.5.30729; .NET CLR 3.0.30729; Media Center PC 6.0; InfoPath.3; .NET4.0C; .NET4.0E)" 15251
192.168.12.77 - - [17/Feb/2013:07:49:11 +0600] "GET /pause/ajaxPause?pauseConfigId=&admin=0 HTTP/1.1" 200 1039 "http://callider/pause/index" "Mozilla/4.0 (compatible; MSIE 7.0; Windows NT 6.1; Trident/5.0; SLCC2; .NET CLR 2.0.50727; .NET CLR 3.5.30729; .NET CLR 3.0.30729; Media Center PC 6.0; Tablet PC 2.0; InfoPath.3; .NET4.0C; .NET4.0E; MS-RTC LM 8)" 13668
192.168.65.56 - - [17/Feb/2013:07:49:11 +0600] "GET /pause/ajaxPause?pauseConfigId=all&admin=1 HTTP/1.1" 200 1046 "http://192.168.65.101/pause/index" "Mozilla/5.0 (Windows NT 5.1; rv:15.0) Gecko/20100101 Firefox/15.0" 29088
192.168.12.247 - - [17/Feb/2013:07:49:12 +0600] "GET /pause/ajaxPause?pauseConfigId=&admin=0 HTTP/1.1" 200 986 "http://callider/pause/index" "Mozilla/4.0 (compatible; MSIE 7.0; Windows NT 6.1; WOW64; Trident/5.0; SLCC2; .NET CLR 2.0.50727; .NET CLR 3.5.30729; .NET CLR 3.0.30729; Media Center PC 6.0; InfoPath.3; .NET4.0C; .NET4.0E)" 19125
192.168.12.61 - - [17/Feb/2013:07:49:12 +0600] "GET /pause/ajaxPause?pauseConfigId=&admin=0 HTTP/1.1" 200 986 "http://callider/pause/index" "Mozilla/4.0 (compatible; MSIE 7.0; Windows NT 6.1; Trident/5.0; SLCC2; .NET CLR 2.0.50727; .NET CLR 3.5.30729; .NET CLR 3.0.30729; Media Center PC 6.0; InfoPath.3; .NET4.0C; .NET4.0E)" 26378
192.168.74.151 - - [17/Feb/2013:07:49:13 +0600] "GET /tv/useUser HTTP/1.1" 200 431 "http://callider.kontur/graph/general" "Mozilla/5.0 (Windows NT 6.1; WOW64; rv:18.0) Gecko/20100101 Firefox/18.0" 11574
192.168.74.78 - - [17/Feb/2013:07:49:14 +0600] "GET /pause/ajaxPause?pauseConfigId=&admin=0 HTTP/1.1" 200 986 "http://callider/pause/index" "Mozilla/4.0 (compatible; MSIE 7.0; Windows NT 6.1; WOW64; Trident/5.0; SLCC2; .NET CLR 2.0.50727; .NET CLR 3.5.30729; .NET CLR 3.0.30729; Media Center PC 6.0; InfoPath.3; .NET4.0C; MS-RTC LM 8; .NET4.0E)" 19949
192.168.12.60 - - [17/Feb/2013:07:49:14 +0600] "GET /pause/ajaxPause?pauseConfigId=&admin=0 HTTP/1.1" 200 986 "http://callider/pause/index" "Mozilla/4.0 (compatible; MSIE 8.0; Windows NT 6.1; Trident/4.0; InfoPath.3; .NET4.0C; MS-RTC LM 8; .NET4.0E)" 166209
192.168.12.204 - - [17/Feb/2013:07:49:15 +0600] "GET /pause/ajaxPause?pauseConfigId=&admin=0 HTTP/1.1" 200 986 "http://callider/pause/index" "Mozilla/4.0 (compatible; MSIE 7.0; Windows NT 6.1; WOW64; Trident/4.0; SLCC2; .NET CLR 2.0.50727; .NET CLR 3.5.30729; .NET CLR 3.0.30729; Media Center PC 6.0; InfoPath.3; .NET4.0C; .NET4.0E; .NET CLR 1.1.4322)" 67576
192.168.12.69 - - [17/Feb/2013:07:49:15 +0600] "GET /pause/ajaxPause?pauseConfigId=&admin=0 HTTP/1.1" 200 986 "http://callider/pause/index" "Mozilla/4.0 (compatible; MSIE 7.0; Windows NT 6.1; Trident/5.0; SLCC2; .NET CLR 2.0.50727; .NET CLR 3.5.30729; .NET CLR 3.0.30729; Media Center PC 6.0; InfoPath.3; .NET4.0C; .NET4.0E; Tablet PC 2.0; AskTbFXTV5/5.14.1.20007)" 23508
192.168.74.91 - - [17/Feb/2013:07:49:15 +0600] "GET /pause/ajaxPause?pauseConfigId=&admin=0 HTTP/1.1" 200 986 "http://callider/pause/index" "Mozilla/4.0 (compatible; MSIE 7.0; Windows NT 6.1; WOW64; Trident/5.0; SLCC2; .NET CLR 2.0.50727; .NET CLR 3.5.30729; .NET CLR 3.0.30729; Media Center PC 6.0; InfoPath.3; .NET4.0C; MS-RTC LM 8; .NET4.0E)" 72956
192.168.74.151 - - [17/Feb/2013:07:49:15 +0600] "GET /pause/ajaxPause?pauseConfigId=&admin=0 HTTP/1.1" 200 987 "http://callider.kontur/pause/index" "Mozilla/5.0 (Windows NT 6.1; WOW64; rv:18.0) Gecko/20100101 Firefox/18.0" 23867
192.168.74.151 - - [17/Feb/2013:07:49:15 +0600] "GET /tv/useUser HTTP/1.1" 200 432 "http://callider.kontur/pause/index" "Mozilla/5.0 (Windows NT 6.1; WOW64; rv:18.0) Gecko/20100101 Firefox/18.0" 14632
192.168.12.210 - - [17/Feb/2013:07:49:15 +0600] "GET /pause/ajaxPause?pauseConfigId=all&admin=1 HTTP/1.1" 200 1047 "http://callider/pause/index" "Mozilla/4.0 (compatible; MSIE 7.0; Windows NT 6.1; WOW64; Trident/5.0; SLCC2; .NET CLR 2.0.50727; .NET CLR 3.5.30729; .NET CLR 3.0.30729; Media Center PC 6.0; InfoPath.3; .NET4.0C; .NET4.0E)" 33011
192.168.12.38 - - [17/Feb/2013:07:49:16 +0600] "GET /pause/ajaxPause?pauseConfigId=&admin=0 HTTP/1.1" 200 1040 "http://callider/pause/index" "Mozilla/4.0 (compatible; MSIE 7.0; Windows NT 6.1; WOW64; Trident/5.0; SLCC2; .NET CLR 2.0.50727; .NET CLR 3.5.30729; .NET CLR 3.0.30729; Media Center PC 6.0; InfoPath.3; .NET4.0C; .NET4.0E)" 27200
192.168.12.77 - - [17/Feb/2013:07:49:16 +0600] "GET /pause/ajaxPause?pauseConfigId=&admin=0 HTTP/1.1" 200 1039 "http://callider/pause/index" "Mozilla/4.0 (compatible; MSIE 7.0; Windows NT 6.1; Trident/5.0; SLCC2; .NET CLR 2.0.50727; .NET CLR 3.5.30729; .NET CLR 3.0.30729; Media Center PC 6.0; Tablet PC 2.0; InfoPath.3; .NET4.0C; .NET4.0E; MS-RTC LM 8)" 12870
192.168.65.56 - - [17/Feb/2013:07:49:16 +0600] "GET /pause/ajaxPause?pauseConfigId=all&admin=1 HTTP/1.1" 200 1046 "http://192.168.65.101/pause/index" "Mozilla/5.0 (Windows NT 5.1; rv:15.0) Gecko/20100101 Firefox/15.0" 36836
192.168.12.247 - - [17/Feb/2013:07:49:17 +0600] "GET /pause/ajaxPause?pauseConfigId=&admin=0 HTTP/1.1" 200 986 "http://callider/pause/index" "Mozilla/4.0 (compatible; MSIE 7.0; Windows NT 6.1; WOW64; Trident/5.0; SLCC2; .NET CLR 2.0.50727; .NET CLR 3.5.30729; .NET CLR 3.0.30729; Media Center PC 6.0; InfoPath.3; .NET4.0C; .NET4.0E)" 30937
192.168.12.61 - - [17/Feb/2013:07:49:17 +0600] "GET /pause/ajaxPause?pauseConfigId=&admin=0 HTTP/1.1" 200 985 "http://callider/pause/index" "Mozilla/4.0 (compatible; MSIE 7.0; Windows NT 6.1; Trident/5.0; SLCC2; .NET CLR 2.0.50727; .NET CLR 3.5.30729; .NET CLR 3.0.30729; Media Center PC 6.0; InfoPath.3; .NET4.0C; .NET4.0E)" 18037
192.168.74.78 - - [17/Feb/2013:07:49:19 +0600] "GET /pause/ajaxPause?pauseConfigId=&admin=0 HTTP/1.1" 200 986 "http://callider/pause/index" "Mozilla/4.0 (compatible; MSIE 7.0; Windows NT 6.1; WOW64; Trident/5.0; SLCC2; .NET CLR 2.0.50727; .NET CLR 3.5.30729; .NET CLR 3.0.30729; Media Center PC 6.0; InfoPath.3; .NET4.0C; MS-RTC LM 8; .NET4.0E)" 19362
192.168.12.10 - - [17/Feb/2013:07:49:19 +0600] "GET /tv/useUser HTTP/1.1" 200 432 "http://callider/graph/personal" "Mozilla/4.0 (compatible; MSIE 7.0; Windows NT 6.1; Trident/5.0; SLCC2; .NET CLR 2.0.50727; .NET CLR 3.5.30729; .NET CLR 3.0.30729; Media Center PC 6.0; InfoPath.3; .NET4.0C; .NET4.0E; Tablet PC 2.0; MS-RTC LM 8)" 16720
192.168.74.139 - - [17/Feb/2013:07:49:19 +0600] "GET /tv/useUser HTTP/1.1" 200 432 "http://callider/site/index" "Mozilla/4.0 (compatible; MSIE 7.0; Windows NT 6.1; WOW64; Trident/5.0; SLCC2; .NET CLR 2.0.50727; .NET CLR 3.5.30729; .NET CLR 3.0.30729; Media Center PC 6.0; InfoPath.3; .NET4.0C; .NET4.0E)" 18505
192.168.12.60 - - [17/Feb/2013:07:49:19 +0600] "GET /pause/ajaxPause?pauseConfigId=&admin=0 HTTP/1.1" 200 986 "http://callider/pause/index" "Mozilla/4.0 (compatible; MSIE 8.0; Windows NT 6.1; Trident/4.0; InfoPath.3; .NET4.0C; MS-RTC LM 8; .NET4.0E)" 21314
192.168.12.108 - - [17/Feb/2013:07:49:19 +0600] "GET /tv/useUser HTTP/1.1" 200 432 "http://callider/index.php" "Mozilla/4.0 (compatible; MSIE 7.0; Windows NT 6.2; WOW64; Trident/6.0; .NET4.0E; .NET4.0C; InfoPath.3; .NET CLR 3.5.30729; .NET CLR 2.0.50727; .NET CLR 3.0.30729)" 14199
192.168.12.204 - - [17/Feb/2013:07:49:20 +0600] "GET /pause/ajaxPause?pauseConfigId=&admin=0 HTTP/1.1" 200 986 "http://callider/pause/index" "Mozilla/4.0 (compatible; MSIE 7.0; Windows NT 6.1; WOW64; Trident/4.0; SLCC2; .NET CLR 2.0.50727; .NET CLR 3.5.30729; .NET CLR 3.0.30729; Media Center PC 6.0; InfoPath.3; .NET4.0C; .NET4.0E; .NET CLR 1.1.4322)" 19378
192.168.12.69 - - [17/Feb/2013:07:49:20 +0600] "GET /pause/ajaxPause?pauseConfigId=&admin=0 HTTP/1.1" 200 986 "http://callider/pause/index" "Mozilla/4.0 (compatible; MSIE 7.0; Windows NT 6.1; Trident/5.0; SLCC2; .NET CLR 2.0.50727; .NET CLR 3.5.30729; .NET CLR 3.0.30729; Media Center PC 6.0; InfoPath.3; .NET4.0C; .NET4.0E; Tablet PC 2.0; AskTbFXTV5/5.14.1.20007)" 228317
192.168.74.91 - - [17/Feb/2013:07:49:20 +0600] "GET /pause/ajaxPause?pauseConfigId=&admin=0 HTTP/1.1" 200 986 "http://callider/pause/index" "Mozilla/4.0 (compatible; MSIE 7.0; Windows NT 6.1; WOW64; Trident/5.0; SLCC2; .NET CLR 2.0.50727; .NET CLR 3.5.30729; .NET CLR 3.0.30729; Media Center PC 6.0; InfoPath.3; .NET4.0C; MS-RTC LM 8; .NET4.0E)" 24633
192.168.74.151 - - [17/Feb/2013:07:49:20 +0600] "GET /pause/ajaxPause?pauseConfigId=&admin=0 HTTP/1.1" 200 987 "http://callider.kontur/pause/index" "Mozilla/5.0 (Windows NT 6.1; WOW64; rv:18.0) Gecko/20100101 Firefox/18.0" 19066
192.168.12.210 - - [17/Feb/2013:07:49:20 +0600] "GET /pause/ajaxPause?pauseConfigId=all&admin=1 HTTP/1.1" 200 1047 "http://callider/pause/index" "Mozilla/4.0 (compatible; MSIE 7.0; Windows NT 6.1; WOW64; Trident/5.0; SLCC2; .NET CLR 2.0.50727; .NET CLR 3.5.30729; .NET CLR 3.0.30729; Media Center PC 6.0; InfoPath.3; .NET4.0C; .NET4.0E)" 19550
192.168.12.38 - - [17/Feb/2013:07:49:21 +0600] "GET /pause/ajaxPause?pauseConfigId=&admin=0 HTTP/1.1" 200 1040 "http://callider/pause/index" "Mozilla/4.0 (compatible; MSIE 7.0; Windows NT 6.1; WOW64; Trident/5.0; SLCC2; .NET CLR 2.0.50727; .NET CLR 3.5.30729; .NET CLR 3.0.30729; Media Center PC 6.0; InfoPath.3; .NET4.0C; .NET4.0E)" 21250
192.168.12.77 - - [17/Feb/2013:07:49:21 +0600] "GET /pause/ajaxPause?pauseConfigId=&admin=0 HTTP/1.1" 200 1039 "http://callider/pause/index" "Mozilla/4.0 (compatible; MSIE 7.0; Windows NT 6.1; Trident/5.0; SLCC2; .NET CLR 2.0.50727; .NET CLR 3.5.30729; .NET CLR 3.0.30729; Media Center PC 6.0; Tablet PC 2.0; InfoPath.3; .NET4.0C; .NET4.0E; MS-RTC LM 8)" 14604
192.168.65.56 - - [17/Feb/2013:07:49:21 +0600] "GET /pause/ajaxPause?pauseConfigId=all&admin=1 HTTP/1.1" 200 1046 "http://192.168.65.101/pause/index" "Mozilla/5.0 (Windows NT 5.1; rv:15.0) Gecko/20100101 Firefox/15.0" 30958
192.168.12.247 - - [17/Feb/2013:07:49:22 +0600] "GET /pause/ajaxPause?pauseConfigId=&admin=0 HTTP/1.1" 200 986 "http://callider/pause/index" "Mozilla/4.0 (compatible; MSIE 7.0; Windows NT 6.1; WOW64; Trident/5.0; SLCC2; .NET CLR 2.0.50727; .NET CLR 3.5.30729; .NET CLR 3.0.30729; Media Center PC 6.0; InfoPath.3; .NET4.0C; .NET4.0E)" 18879
192.168.12.61 - - [17/Feb/2013:07:49:22 +0600] "GET /pause/ajaxPause?pauseConfigId=&admin=0 HTTP/1.1" 200 985 "http://callider/pause/index" "Mozilla/4.0 (compatible; MSIE 7.0; Windows NT 6.1; Trident/5.0; SLCC2; .NET CLR 2.0.50727; .NET CLR 3.5.30729; .NET CLR 3.0.30729; Media Center PC 6.0; InfoPath.3; .NET4.0C; .NET4.0E)" 18275
192.168.74.78 - - [17/Feb/2013:07:49:24 +0600] "GET /pause/ajaxPause?pauseConfigId=&admin=0 HTTP/1.1" 200 986 "http://callider/pause/index" "Mozilla/4.0 (compatible; MSIE 7.0; Windows NT 6.1; WOW64; Trident/5.0; SLCC2; .NET CLR 2.0.50727; .NET CLR 3.5.30729; .NET CLR 3.0.30729; Media Center PC 6.0; InfoPath.3; .NET4.0C; MS-RTC LM 8; .NET4.0E)" 23396
192.168.12.60 - - [17/Feb/2013:07:49:24 +0600] "GET /pause/ajaxPause?pauseConfigId=&admin=0 HTTP/1.1" 200 986 "http://callider/pause/index" "Mozilla/4.0 (compatible; MSIE 8.0; Windows NT 6.1; Trident/4.0; InfoPath.3; .NET4.0C; MS-RTC LM 8; .NET4.0E)" 25909
192.168.12.204 - - [17/Feb/2013:07:49:25 +0600] "GET /pause/ajaxPause?pauseConfigId=&admin=0 HTTP/1.1" 200 986 "http://callider/pause/index" "Mozilla/4.0 (compatible; MSIE 7.0; Windows NT 6.1; WOW64; Trident/4.0; SLCC2; .NET CLR 2.0.50727; .NET CLR 3.5.30729; .NET CLR 3.0.30729; Media Center PC 6.0; InfoPath.3; .NET4.0C; .NET4.0E; .NET CLR 1.1.4322)" 18035
192.168.12.69 - - [17/Feb/2013:07:49:25 +0600] "GET /pause/ajaxPause?pauseConfigId=&admin=0 HTTP/1.1" 200 986 "http://callider/pause/index" "Mozilla/4.0 (compatible; MSIE 7.0; Windows NT 6.1; Trident/5.0; SLCC2; .NET CLR 2.0.50727; .NET CLR 3.5.30729; .NET CLR 3.0.30729; Media Center PC 6.0; InfoPath.3; .NET4.0C; .NET4.0E; Tablet PC 2.0; AskTbFXTV5/5.14.1.20007)" 19339
192.168.74.91 - - [17/Feb/2013:07:49:25 +0600] "GET /pause/ajaxPause?pauseConfigId=&admin=0 HTTP/1.1" 200 986 "http://callider/pause/index" "Mozilla/4.0 (compatible; MSIE 7.0; Windows NT 6.1; WOW64; Trident/5.0; SLCC2; .NET CLR 2.0.50727; .NET CLR 3.5.30729; .NET CLR 3.0.30729; Media Center PC 6.0; InfoPath.3; .NET4.0C; MS-RTC LM 8; .NET4.0E)" 25580
192.168.74.151 - - [17/Feb/2013:07:49:25 +0600] "GET /pause/ajaxPause?pauseConfigId=&admin=0 HTTP/1.1" 200 987 "http://callider.kontur/pause/index" "Mozilla/5.0 (Windows NT 6.1; WOW64; rv:18.0) Gecko/20100101 Firefox/18.0" 22013
192.168.12.210 - - [17/Feb/2013:07:49:25 +0600] "GET /pause/ajaxPause?pauseConfigId=all&admin=1 HTTP/1.1" 200 1047 "http://callider/pause/index" "Mozilla/4.0 (compatible; MSIE 7.0; Windows NT 6.1; WOW64; Trident/5.0; SLCC2; .NET CLR 2.0.50727; .NET CLR 3.5.30729; .NET CLR 3.0.30729; Media Center PC 6.0; InfoPath.3; .NET4.0C; .NET4.0E)" 34639
192.168.12.38 - - [17/Feb/2013:07:49:26 +0600] "GET /pause/ajaxPause?pauseConfigId=&admin=0 HTTP/1.1" 200 1040 "http://callider/pause/index" "Mozilla/4.0 (compatible; MSIE 7.0; Windows NT 6.1; WOW64; Trident/5.0; SLCC2; .NET CLR 2.0.50727; .NET CLR 3.5.30729; .NET CLR 3.0.30729; Media Center PC 6.0; InfoPath.3; .NET4.0C; .NET4.0E)" 17903
192.168.12.77 - - [17/Feb/2013:07:49:26 +0600] "GET /pause/ajaxPause?pauseConfigId=&admin=0 HTTP/1.1" 200 1039 "http://callider/pause/index" "Mozilla/4.0 (compatible; MSIE 7.0; Windows NT 6.1; Trident/5.0; SLCC2; .NET CLR 2.0.50727; .NET CLR 3.5.30729; .NET CLR 3.0.30729; Media Center PC 6.0; Tablet PC 2.0; InfoPath.3; .NET4.0C; .NET4.0E; MS-RTC LM 8)" 18900
192.168.65.56 - - [17/Feb/2013:07:49:26 +0600] "GET /pause/ajaxPause?pauseConfigId=all&admin=1 HTTP/1.1" 200 1046 "http://192.168.65.101/pause/index" "Mozilla/5.0 (Windows NT 5.1; rv:15.0) Gecko/20100101 Firefox/15.0" 28103
192.168.12.247 - - [17/Feb/2013:07:49:27 +0600] "GET /pause/ajaxPause?pauseConfigId=&admin=0 HTTP/1.1" 200 986 "http://callider/pause/index" "Mozilla/4.0 (compatible; MSIE 7.0; Windows NT 6.1; WOW64; Trident/5.0; SLCC2; .NET CLR 2.0.50727; .NET CLR 3.5.30729; .NET CLR 3.0.30729; Media Center PC 6.0; InfoPath.3; .NET4.0C; .NET4.0E)" 18481
192.168.12.61 - - [17/Feb/2013:07:49:27 +0600] "GET /pause/ajaxPause?pauseConfigId=&admin=0 HTTP/1.1" 200 985 "http://callider/pause/index" "Mozilla/4.0 (compatible; MSIE 7.0; Windows NT 6.1; Trident/5.0; SLCC2; .NET CLR 2.0.50727; .NET CLR 3.5.30729; .NET CLR 3.0.30729; Media Center PC 6.0; InfoPath.3; .NET4.0C; .NET4.0E)" 18879
192.168.74.78 - - [17/Feb/2013:07:49:29 +0600] "GET /pause/ajaxPause?pauseConfigId=&admin=0 HTTP/1.1" 200 986 "http://callider/pause/index" "Mozilla/4.0 (compatible; MSIE 7.0; Windows NT 6.1; WOW64; Trident/5.0; SLCC2; .NET CLR 2.0.50727; .NET CLR 3.5.30729; .NET CLR 3.0.30729; Media Center PC 6.0; InfoPath.3; .NET4.0C; MS-RTC LM 8; .NET4.0E)" 19410
192.168.12.60 - - [17/Feb/2013:07:49:29 +0600] "GET /pause/ajaxPause?pauseConfigId=&admin=0 HTTP/1.1" 200 986 "http://callider/pause/index" "Mozilla/4.0 (compatible; MSIE 8.0; Windows NT 6.1; Trident/4.0; InfoPath.3; .NET4.0C; MS-RTC LM 8; .NET4.0E)" 21683
192.168.12.204 - - [17/Feb/2013:07:49:30 +0600] "GET /pause/ajaxPause?pauseConfigId=&admin=0 HTTP/1.1" 200 986 "http://callider/pause/index" "Mozilla/4.0 (compatible; MSIE 7.0; Windows NT 6.1; WOW64; Trident/4.0; SLCC2; .NET CLR 2.0.50727; .NET CLR 3.5.30729; .NET CLR 3.0.30729; Media Center PC 6.0; InfoPath.3; .NET4.0C; .NET4.0E; .NET CLR 1.1.4322)" 22223
192.168.12.69 - - [17/Feb/2013:07:49:30 +0600] "GET /pause/ajaxPause?pauseConfigId=&admin=0 HTTP/1.1" 200 986 "http://callider/pause/index" "Mozilla/4.0 (compatible; MSIE 7.0; Windows NT 6.1; Trident/5.0; SLCC2; .NET CLR 2.0.50727; .NET CLR 3.5.30729; .NET CLR 3.0.30729; Media Center PC 6.0; InfoPath.3; .NET4.0C; .NET4.0E; Tablet PC 2.0; AskTbFXTV5/5.14.1.20007)" 18665
192.168.74.91 - - [17/Feb/2013:07:49:30 +0600] "GET /pause/ajaxPause?pauseConfigId=&admin=0 HTTP/1.1" 200 986 "http://callider/pause/index" "Mozilla/4.0 (compatible; MSIE 7.0; Windows NT 6.1; WOW64; Trident/5.0; SLCC2; .NET CLR 2.0.50727; .NET CLR 3.5.30729; .NET CLR 3.0.30729; Media Center PC 6.0; InfoPath.3; .NET4.0C; MS-RTC LM 8; .NET4.0E)" 18763
192.168.74.151 - - [17/Feb/2013:07:49:30 +0600] "GET /pause/ajaxPause?pauseConfigId=&admin=0 HTTP/1.1" 200 987 "http://callider.kontur/pause/index" "Mozilla/5.0 (Windows NT 6.1; WOW64; rv:18.0) Gecko/20100101 Firefox/18.0" 18671
192.168.12.210 - - [17/Feb/2013:07:49:30 +0600] "GET /pause/ajaxPause?pauseConfigId=all&admin=1 HTTP/1.1" 200 1047 "http://callider/pause/index" "Mozilla/4.0 (compatible; MSIE 7.0; Windows NT 6.1; WOW64; Trident/5.0; SLCC2; .NET CLR 2.0.50727; .NET CLR 3.5.30729; .NET CLR 3.0.30729; Media Center PC 6.0; InfoPath.3; .NET4.0C; .NET4.0E)" 18140
192.168.12.38 - - [17/Feb/2013:07:49:31 +0600] "GET /pause/ajaxPause?pauseConfigId=&admin=0 HTTP/1.1" 200 1040 "http://callider/pause/index" "Mozilla/4.0 (compatible; MSIE 7.0; Windows NT 6.1; WOW64; Trident/5.0; SLCC2; .NET CLR 2.0.50727; .NET CLR 3.5.30729; .NET CLR 3.0.30729; Media Center PC 6.0; InfoPath.3; .NET4.0C; .NET4.0E)" 17747
192.168.12.77 - - [17/Feb/2013:07:49:31 +0600] "GET /pause/ajaxPause?pauseConfigId=&admin=0 HTTP/1.1" 200 1039 "http://callider/pause/index" "Mozilla/4.0 (compatible; MSIE 7.0; Windows NT 6.1; Trident/5.0; SLCC2; .NET CLR 2.0.50727; .NET CLR 3.5.30729; .NET CLR 3.0.30729; Media Center PC 6.0; Tablet PC 2.0; InfoPath.3; .NET4.0C; .NET4.0E; MS-RTC LM 8)" 16698
192.168.65.56 - - [17/Feb/2013:07:49:31 +0600] "GET /pause/ajaxPause?pauseConfigId=all&admin=1 HTTP/1.1" 200 1046 "http://192.168.65.101/pause/index" "Mozilla/5.0 (Windows NT 5.1; rv:15.0) Gecko/20100101 Firefox/15.0" 31485
192.168.12.247 - - [17/Feb/2013:07:49:32 +0600] "GET /pause/ajaxPause?pauseConfigId=&admin=0 HTTP/1.1" 200 986 "http://callider/pause/index" "Mozilla/4.0 (compatible; MSIE 7.0; Windows NT 6.1; WOW64; Trident/5.0; SLCC2; .NET CLR 2.0.50727; .NET CLR 3.5.30729; .NET CLR 3.0.30729; Media Center PC 6.0; InfoPath.3; .NET4.0C; .NET4.0E)" 25286
192.168.12.61 - - [17/Feb/2013:07:49:32 +0600] "GET /pause/ajaxPause?pauseConfigId=&admin=0 HTTP/1.1" 200 985 "http://callider/pause/index" "Mozilla/4.0 (compatible; MSIE 7.0; Windows NT 6.1; Trident/5.0; SLCC2; .NET CLR 2.0.50727; .NET CLR 3.5.30729; .NET CLR 3.0.30729; Media Center PC 6.0; InfoPath.3; .NET4.0C; .NET4.0E)" 22135
192.168.74.78 - - [17/Feb/2013:07:49:34 +0600] "GET /pause/ajaxPause?pauseConfigId=&admin=0 HTTP/1.1" 200 986 "http://callider/pause/index" "Mozilla/4.0 (compatible; MSIE 7.0; Windows NT 6.1; WOW64; Trident/5.0; SLCC2; .NET CLR 2.0.50727; .NET CLR 3.5.30729; .NET CLR 3.0.30729; Media Center PC 6.0; InfoPath.3; .NET4.0C; MS-RTC LM 8; .NET4.0E)" 19410
192.168.12.67 - - [17/Feb/2013:07:49:34 +0600] "GET /tv/useUser HTTP/1.1" 200 432 "http://callider/graph/personal" "Mozilla/4.0 (compatible; MSIE 7.0; Windows NT 6.1; Trident/5.0; SLCC2; .NET CLR 2.0.50727; .NET CLR 3.5.30729; .NET CLR 3.0.30729; Media Center PC 6.0; .NET4.0C; .NET4.0E; InfoPath.3; Tablet PC 2.0; MS-RTC LM 8)" 17532
192.168.12.60 - - [17/Feb/2013:07:49:34 +0600] "GET /pause/ajaxPause?pauseConfigId=&admin=0 HTTP/1.1" 200 986 "http://callider/pause/index" "Mozilla/4.0 (compatible; MSIE 8.0; Windows NT 6.1; Trident/4.0; InfoPath.3; .NET4.0C; MS-RTC LM 8; .NET4.0E)" 27915
192.168.12.204 - - [17/Feb/2013:07:49:35 +0600] "GET /pause/ajaxPause?pauseConfigId=&admin=0 HTTP/1.1" 200 986 "http://callider/pause/index" "Mozilla/4.0 (compatible; MSIE 7.0; Windows NT 6.1; WOW64; Trident/4.0; SLCC2; .NET CLR 2.0.50727; .NET CLR 3.5.30729; .NET CLR 3.0.30729; Media Center PC 6.0; InfoPath.3; .NET4.0C; .NET4.0E; .NET CLR 1.1.4322)" 18715
192.168.12.69 - - [17/Feb/2013:07:49:35 +0600] "GET /pause/ajaxPause?pauseConfigId=&admin=0 HTTP/1.1" 200 986 "http://callider/pause/index" "Mozilla/4.0 (compatible; MSIE 7.0; Windows NT 6.1; Trident/5.0; SLCC2; .NET CLR 2.0.50727; .NET CLR 3.5.30729; .NET CLR 3.0.30729; Media Center PC 6.0; InfoPath.3; .NET4.0C; .NET4.0E; Tablet PC 2.0; AskTbFXTV5/5.14.1.20007)" 17584
192.168.74.91 - - [17/Feb/2013:07:49:35 +0600] "GET /pause/ajaxPause?pauseConfigId=&admin=0 HTTP/1.1" 200 986 "http://callider/pause/index" "Mozilla/4.0 (compatible; MSIE 7.0; Windows NT 6.1; WOW64; Trident/5.0; SLCC2; .NET CLR 2.0.50727; .NET CLR 3.5.30729; .NET CLR 3.0.30729; Media Center PC 6.0; InfoPath.3; .NET4.0C; MS-RTC LM 8; .NET4.0E)" 19372
192.168.74.151 - - [17/Feb/2013:07:49:35 +0600] "GET /pause/ajaxPause?pauseConfigId=&admin=0 HTTP/1.1" 200 987 "http://callider.kontur/pause/index" "Mozilla/5.0 (Windows NT 6.1; WOW64; rv:18.0) Gecko/20100101 Firefox/18.0" 18274
192.168.12.210 - - [17/Feb/2013:07:49:35 +0600] "GET /pause/ajaxPause?pauseConfigId=all&admin=1 HTTP/1.1" 200 1047 "http://callider/pause/index" "Mozilla/4.0 (compatible; MSIE 7.0; Windows NT 6.1; WOW64; Trident/5.0; SLCC2; .NET CLR 2.0.50727; .NET CLR 3.5.30729; .NET CLR 3.0.30729; Media Center PC 6.0; InfoPath.3; .NET4.0C; .NET4.0E)" 21928
192.168.12.38 - - [17/Feb/2013:07:49:36 +0600] "GET /pause/ajaxPause?pauseConfigId=&admin=0 HTTP/1.1" 200 1040 "http://callider/pause/index" "Mozilla/4.0 (compatible; MSIE 7.0; Windows NT 6.1; WOW64; Trident/5.0; SLCC2; .NET CLR 2.0.50727; .NET CLR 3.5.30729; .NET CLR 3.0.30729; Media Center PC 6.0; InfoPath.3; .NET4.0C; .NET4.0E)" 15624
192.168.12.77 - - [17/Feb/2013:07:49:36 +0600] "GET /pause/ajaxPause?pauseConfigId=&admin=0 HTTP/1.1" 200 1039 "http://callider/pause/index" "Mozilla/4.0 (compatible; MSIE 7.0; Windows NT 6.1; Trident/5.0; SLCC2; .NET CLR 2.0.50727; .NET CLR 3.5.30729; .NET CLR 3.0.30729; Media Center PC 6.0; Tablet PC 2.0; InfoPath.3; .NET4.0C; .NET4.0E; MS-RTC LM 8)" 14509
192.168.65.56 - - [17/Feb/2013:07:49:36 +0600] "GET /pause/ajaxPause?pauseConfigId=all&admin=1 HTTP/1.1" 200 1046 "http://192.168.65.101/pause/index" "Mozilla/5.0 (Windows NT 5.1; rv:15.0) Gecko/20100101 Firefox/15.0" 28326
192.168.12.247 - - [17/Feb/2013:07:49:37 +0600] "GET /pause/ajaxPause?pauseConfigId=&admin=0 HTTP/1.1" 200 986 "http://callider/pause/index" "Mozilla/4.0 (compatible; MSIE 7.0; Windows NT 6.1; WOW64; Trident/5.0; SLCC2; .NET CLR 2.0.50727; .NET CLR 3.5.30729; .NET CLR 3.0.30729; Media Center PC 6.0; InfoPath.3; .NET4.0C; .NET4.0E)" 20504
192.168.12.61 - - [17/Feb/2013:07:49:37 +0600] "GET /pause/ajaxPause?pauseConfigId=&admin=0 HTTP/1.1" 200 985 "http://callider/pause/index" "Mozilla/4.0 (compatible; MSIE 7.0; Windows NT 6.1; Trident/5.0; SLCC2; .NET CLR 2.0.50727; .NET CLR 3.5.30729; .NET CLR 3.0.30729; Media Center PC 6.0; InfoPath.3; .NET4.0C; .NET4.0E)" 20563
192.168.74.93 - - [17/Feb/2013:07:49:37 +0600] "GET /tv/useUser HTTP/1.1" 200 432 "http://callider/graph/personal" "Mozilla/4.0 (compatible; MSIE 7.0; Windows NT 6.1; WOW64; Trident/5.0; SLCC2; .NET CLR 2.0.50727; .NET CLR 3.5.30729; .NET CLR 3.0.30729; Media Center PC 6.0; InfoPath.3; .NET4.0C; .NET4.0E)" 15691
192.168.74.78 - - [17/Feb/2013:07:49:39 +0600] "GET /pause/ajaxPause?pauseConfigId=&admin=0 HTTP/1.1" 200 986 "http://callider/pause/index" "Mozilla/4.0 (compatible; MSIE 7.0; Windows NT 6.1; WOW64; Trident/5.0; SLCC2; .NET CLR 2.0.50727; .NET CLR 3.5.30729; .NET CLR 3.0.30729; Media Center PC 6.0; InfoPath.3; .NET4.0C; MS-RTC LM 8; .NET4.0E)" 18323
192.168.12.210 - - [17/Feb/2013:07:49:39 +0600] "GET /tv/useUser HTTP/1.1" 200 431 "http://callider/graph/general" "Mozilla/4.0 (compatible; MSIE 7.0; Windows NT 6.1; WOW64; Trident/5.0; SLCC2; .NET CLR 2.0.50727; .NET CLR 3.5.30729; .NET CLR 3.0.30729; Media Center PC 6.0; InfoPath.3; .NET4.0C; .NET4.0E)" 9272
192.168.12.60 - - [17/Feb/2013:07:49:39 +0600] "GET /pause/ajaxPause?pauseConfigId=&admin=0 HTTP/1.1" 200 986 "http://callider/pause/index" "Mozilla/4.0 (compatible; MSIE 8.0; Windows NT 6.1; Trident/4.0; InfoPath.3; .NET4.0C; MS-RTC LM 8; .NET4.0E)" 30820
192.168.12.204 - - [17/Feb/2013:07:49:40 +0600] "GET /pause/ajaxPause?pauseConfigId=&admin=0 HTTP/1.1" 200 986 "http://callider/pause/index" "Mozilla/4.0 (compatible; MSIE 7.0; Windows NT 6.1; WOW64; Trident/4.0; SLCC2; .NET CLR 2.0.50727; .NET CLR 3.5.30729; .NET CLR 3.0.30729; Media Center PC 6.0; InfoPath.3; .NET4.0C; .NET4.0E; .NET CLR 1.1.4322)" 19356
192.168.12.69 - - [17/Feb/2013:07:49:40 +0600] "GET /pause/ajaxPause?pauseConfigId=&admin=0 HTTP/1.1" 200 986 "http://callider/pause/index" "Mozilla/4.0 (compatible; MSIE 7.0; Windows NT 6.1; Trident/5.0; SLCC2; .NET CLR 2.0.50727; .NET CLR 3.5.30729; .NET CLR 3.0.30729; Media Center PC 6.0; InfoPath.3; .NET4.0C; .NET4.0E; Tablet PC 2.0; AskTbFXTV5/5.14.1.20007)" 20739
192.168.74.91 - - [17/Feb/2013:07:49:40 +0600] "GET /pause/ajaxPause?pauseConfigId=&admin=0 HTTP/1.1" 200 986 "http://callider/pause/index" "Mozilla/4.0 (compatible; MSIE 7.0; Windows NT 6.1; WOW64; Trident/5.0; SLCC2; .NET CLR 2.0.50727; .NET CLR 3.5.30729; .NET CLR 3.0.30729; Media Center PC 6.0; InfoPath.3; .NET4.0C; MS-RTC LM 8; .NET4.0E)" 18770
192.168.74.151 - - [17/Feb/2013:07:49:40 +0600] "GET /pause/ajaxPause?pauseConfigId=&admin=0 HTTP/1.1" 200 987 "http://callider.kontur/pause/index" "Mozilla/5.0 (Windows NT 6.1; WOW64; rv:18.0) Gecko/20100101 Firefox/18.0" 21542
192.168.12.210 - - [17/Feb/2013:07:49:40 +0600] "GET /pause/ajaxPause?pauseConfigId=all&admin=1 HTTP/1.1" 200 1047 "http://callider/pause/index" "Mozilla/4.0 (compatible; MSIE 7.0; Windows NT 6.1; WOW64; Trident/5.0; SLCC2; .NET CLR 2.0.50727; .NET CLR 3.5.30729; .NET CLR 3.0.30729; Media Center PC 6.0; InfoPath.3; .NET4.0C; .NET4.0E)" 20342
192.168.12.9 - - [17/Feb/2013:07:49:40 +0600] "GET /tv/useUser HTTP/1.1" 200 432 "http://callider.kontur/site/index" "Mozilla/5.0 (Windows NT 6.1; WOW64) AppleWebKit/537.17 (KHTML, like Gecko) Chrome/24.0.1312.57 Safari/537.17" 14304
192.168.12.38 - - [17/Feb/2013:07:49:41 +0600] "GET /pause/ajaxPause?pauseConfigId=&admin=0 HTTP/1.1" 200 1040 "http://callider/pause/index" "Mozilla/4.0 (compatible; MSIE 7.0; Windows NT 6.1; WOW64; Trident/5.0; SLCC2; .NET CLR 2.0.50727; .NET CLR 3.5.30729; .NET CLR 3.0.30729; Media Center PC 6.0; InfoPath.3; .NET4.0C; .NET4.0E)" 18907
192.168.12.77 - - [17/Feb/2013:07:49:41 +0600] "GET /pause/ajaxPause?pauseConfigId=&admin=0 HTTP/1.1" 200 1039 "http://callider/pause/index" "Mozilla/4.0 (compatible; MSIE 7.0; Windows NT 6.1; Trident/5.0; SLCC2; .NET CLR 2.0.50727; .NET CLR 3.5.30729; .NET CLR 3.0.30729; Media Center PC 6.0; Tablet PC 2.0; InfoPath.3; .NET4.0C; .NET4.0E; MS-RTC LM 8)" 24945
192.168.12.247 - - [17/Feb/2013:07:49:41 +0600] "GET /tv/useUser HTTP/1.1" 200 431 "http://callider/pause/index" "Mozilla/4.0 (compatible; MSIE 7.0; Windows NT 6.1; WOW64; Trident/5.0; SLCC2; .NET CLR 2.0.50727; .NET CLR 3.5.30729; .NET CLR 3.0.30729; Media Center PC 6.0; InfoPath.3; .NET4.0C; .NET4.0E)" 9749
192.168.65.56 - - [17/Feb/2013:07:49:41 +0600] "GET /pause/ajaxPause?pauseConfigId=all&admin=1 HTTP/1.1" 200 1047 "http://192.168.65.101/pause/index" "Mozilla/5.0 (Windows NT 5.1; rv:15.0) Gecko/20100101 Firefox/15.0" 35251
192.168.12.247 - - [17/Feb/2013:07:49:42 +0600] "GET /pause/ajaxPause?pauseConfigId=&admin=0 HTTP/1.1" 200 986 "http://callider/pause/index" "Mozilla/4.0 (compatible; MSIE 7.0; Windows NT 6.1; WOW64; Trident/5.0; SLCC2; .NET CLR 2.0.50727; .NET CLR 3.5.30729; .NET CLR 3.0.30729; Media Center PC 6.0; InfoPath.3; .NET4.0C; .NET4.0E)" 160443
192.168.12.61 - - [17/Feb/2013:07:49:42 +0600] "GET /pause/ajaxPause?pauseConfigId=&admin=0 HTTP/1.1" 200 986 "http://callider/pause/index" "Mozilla/4.0 (compatible; MSIE 7.0; Windows NT 6.1; Trident/5.0; SLCC2; .NET CLR 2.0.50727; .NET CLR 3.5.30729; .NET CLR 3.0.30729; Media Center PC 6.0; InfoPath.3; .NET4.0C; .NET4.0E)" 27866
192.168.74.78 - - [17/Feb/2013:07:49:44 +0600] "GET /pause/ajaxPause?pauseConfigId=&admin=0 HTTP/1.1" 200 986 "http://callider/pause/index" "Mozilla/4.0 (compatible; MSIE 7.0; Windows NT 6.1; WOW64; Trident/5.0; SLCC2; .NET CLR 2.0.50727; .NET CLR 3.5.30729; .NET CLR 3.0.30729; Media Center PC 6.0; InfoPath.3; .NET4.0C; MS-RTC LM 8; .NET4.0E)" 19037
192.168.12.60 - - [17/Feb/2013:07:49:44 +0600] "GET /pause/ajaxPause?pauseConfigId=&admin=0 HTTP/1.1" 200 986 "http://callider/pause/index" "Mozilla/4.0 (compatible; MSIE 8.0; Windows NT 6.1; Trident/4.0; InfoPath.3; .NET4.0C; MS-RTC LM 8; .NET4.0E)" 19557
192.168.12.204 - - [17/Feb/2013:07:49:45 +0600] "GET /pause/ajaxPause?pauseConfigId=&admin=0 HTTP/1.1" 200 986 "http://callider/pause/index" "Mozilla/4.0 (compatible; MSIE 7.0; Windows NT 6.1; WOW64; Trident/4.0; SLCC2; .NET CLR 2.0.50727; .NET CLR 3.5.30729; .NET CLR 3.0.30729; Media Center PC 6.0; InfoPath.3; .NET4.0C; .NET4.0E; .NET CLR 1.1.4322)" 19051
192.168.12.69 - - [17/Feb/2013:07:49:45 +0600] "GET /pause/ajaxPause?pauseConfigId=&admin=0 HTTP/1.1" 200 986 "http://callider/pause/index" "Mozilla/4.0 (compatible; MSIE 7.0; Windows NT 6.1; Trident/5.0; SLCC2; .NET CLR 2.0.50727; .NET CLR 3.5.30729; .NET CLR 3.0.30729; Media Center PC 6.0; InfoPath.3; .NET4.0C; .NET4.0E; Tablet PC 2.0; AskTbFXTV5/5.14.1.20007)" 20130
192.168.74.91 - - [17/Feb/2013:07:49:45 +0600] "GET /pause/ajaxPause?pauseConfigId=&admin=0 HTTP/1.1" 200 986 "http://callider/pause/index" "Mozilla/4.0 (compatible; MSIE 7.0; Windows NT 6.1; WOW64; Trident/5.0; SLCC2; .NET CLR 2.0.50727; .NET CLR 3.5.30729; .NET CLR 3.0.30729; Media Center PC 6.0; InfoPath.3; .NET4.0C; MS-RTC LM 8; .NET4.0E)" 24213
192.168.74.151 - - [17/Feb/2013:07:49:45 +0600] "GET /pause/ajaxPause?pauseConfigId=&admin=0 HTTP/1.1" 200 987 "http://callider.kontur/pause/index" "Mozilla/5.0 (Windows NT 6.1; WOW64; rv:18.0) Gecko/20100101 Firefox/18.0" 28737
192.168.12.210 - - [17/Feb/2013:07:49:45 +0600] "GET /pause/ajaxPause?pauseConfigId=all&admin=1 HTTP/1.1" 200 1047 "http://callider/pause/index" "Mozilla/4.0 (compatible; MSIE 7.0; Windows NT 6.1; WOW64; Trident/5.0; SLCC2; .NET CLR 2.0.50727; .NET CLR 3.5.30729; .NET CLR 3.0.30729; Media Center PC 6.0; InfoPath.3; .NET4.0C; .NET4.0E)" 26110
192.168.12.38 - - [17/Feb/2013:07:49:46 +0600] "GET /pause/ajaxPause?pauseConfigId=&admin=0 HTTP/1.1" 200 1040 "http://callider/pause/index" "Mozilla/4.0 (compatible; MSIE 7.0; Windows NT 6.1; WOW64; Trident/5.0; SLCC2; .NET CLR 2.0.50727; .NET CLR 3.5.30729; .NET CLR 3.0.30729; Media Center PC 6.0; InfoPath.3; .NET4.0C; .NET4.0E)" 18816
192.168.12.77 - - [17/Feb/2013:07:49:46 +0600] "GET /pause/ajaxPause?pauseConfigId=&admin=0 HTTP/1.1" 200 1039 "http://callider/pause/index" "Mozilla/4.0 (compatible; MSIE 7.0; Windows NT 6.1; Trident/5.0; SLCC2; .NET CLR 2.0.50727; .NET CLR 3.5.30729; .NET CLR 3.0.30729; Media Center PC 6.0; Tablet PC 2.0; InfoPath.3; .NET4.0C; .NET4.0E; MS-RTC LM 8)" 12148
192.168.65.56 - - [17/Feb/2013:07:49:46 +0600] "GET /pause/ajaxPause?pauseConfigId=all&admin=1 HTTP/1.1" 200 1046 "http://192.168.65.101/pause/index" "Mozilla/5.0 (Windows NT 5.1; rv:15.0) Gecko/20100101 Firefox/15.0" 37518
192.168.12.247 - - [17/Feb/2013:07:49:47 +0600] "GET /pause/ajaxPause?pauseConfigId=&admin=0 HTTP/1.1" 200 986 "http://callider/pause/index" "Mozilla/4.0 (compatible; MSIE 7.0; Windows NT 6.1; WOW64; Trident/5.0; SLCC2; .NET CLR 2.0.50727; .NET CLR 3.5.30729; .NET CLR 3.0.30729; Media Center PC 6.0; InfoPath.3; .NET4.0C; .NET4.0E)" 22708
192.168.12.61 - - [17/Feb/2013:07:49:47 +0600] "GET /pause/ajaxPause?pauseConfigId=&admin=0 HTTP/1.1" 200 985 "http://callider/pause/index" "Mozilla/4.0 (compatible; MSIE 7.0; Windows NT 6.1; Trident/5.0; SLCC2; .NET CLR 2.0.50727; .NET CLR 3.5.30729; .NET CLR 3.0.30729; Media Center PC 6.0; InfoPath.3; .NET4.0C; .NET4.0E)" 21294
192.168.12.210 - - [17/Feb/2013:07:49:49 +0600] "GET /tv/useUser HTTP/1.1" 200 431 "http://callider/pause/index" "Mozilla/4.0 (compatible; MSIE 7.0; Windows NT 6.1; WOW64; Trident/5.0; SLCC2; .NET CLR 2.0.50727; .NET CLR 3.5.30729; .NET CLR 3.0.30729; Media Center PC 6.0; InfoPath.3; .NET4.0C; .NET4.0E)" 15437
192.168.74.78 - - [17/Feb/2013:07:49:49 +0600] "GET /pause/ajaxPause?pauseConfigId=&admin=0 HTTP/1.1" 200 986 "http://callider/pause/index" "Mozilla/4.0 (compatible; MSIE 7.0; Windows NT 6.1; WOW64; Trident/5.0; SLCC2; .NET CLR 2.0.50727; .NET CLR 3.5.30729; .NET CLR 3.0.30729; Media Center PC 6.0; InfoPath.3; .NET4.0C; MS-RTC LM 8; .NET4.0E)" 31878
192.168.12.60 - - [17/Feb/2013:07:49:49 +0600] "GET /pause/ajaxPause?pauseConfigId=&admin=0 HTTP/1.1" 200 986 "http://callider/pause/index" "Mozilla/4.0 (compatible; MSIE 8.0; Windows NT 6.1; Trident/4.0; InfoPath.3; .NET4.0C; MS-RTC LM 8; .NET4.0E)" 22060
192.168.12.204 - - [17/Feb/2013:07:49:50 +0600] "GET /pause/ajaxPause?pauseConfigId=&admin=0 HTTP/1.1" 200 986 "http://callider/pause/index" "Mozilla/4.0 (compatible; MSIE 7.0; Windows NT 6.1; WOW64; Trident/4.0; SLCC2; .NET CLR 2.0.50727; .NET CLR 3.5.30729; .NET CLR 3.0.30729; Media Center PC 6.0; InfoPath.3; .NET4.0C; .NET4.0E; .NET CLR 1.1.4322)" 22741
192.168.12.69 - - [17/Feb/2013:07:49:50 +0600] "GET /pause/ajaxPause?pauseConfigId=&admin=0 HTTP/1.1" 200 986 "http://callider/pause/index" "Mozilla/4.0 (compatible; MSIE 7.0; Windows NT 6.1; Trident/5.0; SLCC2; .NET CLR 2.0.50727; .NET CLR 3.5.30729; .NET CLR 3.0.30729; Media Center PC 6.0; InfoPath.3; .NET4.0C; .NET4.0E; Tablet PC 2.0; AskTbFXTV5/5.14.1.20007)" 19254
192.168.74.91 - - [17/Feb/2013:07:49:50 +0600] "GET /pause/ajaxPause?pauseConfigId=&admin=0 HTTP/1.1" 200 986 "http://callider/pause/index" "Mozilla/4.0 (compatible; MSIE 7.0; Windows NT 6.1; WOW64; Trident/5.0; SLCC2; .NET CLR 2.0.50727; .NET CLR 3.5.30729; .NET CLR 3.0.30729; Media Center PC 6.0; InfoPath.3; .NET4.0C; MS-RTC LM 8; .NET4.0E)" 22409
192.168.74.151 - - [17/Feb/2013:07:49:50 +0600] "GET /pause/ajaxPause?pauseConfigId=&admin=0 HTTP/1.1" 200 987 "http://callider.kontur/pause/index" "Mozilla/5.0 (Windows NT 6.1; WOW64; rv:18.0) Gecko/20100101 Firefox/18.0" 22726
192.168.12.210 - - [17/Feb/2013:07:49:50 +0600] "GET /pause/ajaxPause?pauseConfigId=all&admin=1 HTTP/1.1" 200 1047 "http://callider/pause/index" "Mozilla/4.0 (compatible; MSIE 7.0; Windows NT 6.1; WOW64; Trident/5.0; SLCC2; .NET CLR 2.0.50727; .NET CLR 3.5.30729; .NET CLR 3.0.30729; Media Center PC 6.0; InfoPath.3; .NET4.0C; .NET4.0E)" 20631
192.168.12.38 - - [17/Feb/2013:07:49:51 +0600] "GET /pause/ajaxPause?pauseConfigId=&admin=0 HTTP/1.1" 200 1040 "http://callider/pause/index" "Mozilla/4.0 (compatible; MSIE 7.0; Windows NT 6.1; WOW64; Trident/5.0; SLCC2; .NET CLR 2.0.50727; .NET CLR 3.5.30729; .NET CLR 3.0.30729; Media Center PC 6.0; InfoPath.3; .NET4.0C; .NET4.0E)" 15238
192.168.12.77 - - [17/Feb/2013:07:49:51 +0600] "GET /pause/ajaxPause?pauseConfigId=&admin=0 HTTP/1.1" 200 1039 "http://callider/pause/index" "Mozilla/4.0 (compatible; MSIE 7.0; Windows NT 6.1; Trident/5.0; SLCC2; .NET CLR 2.0.50727; .NET CLR 3.5.30729; .NET CLR 3.0.30729; Media Center PC 6.0; Tablet PC 2.0; InfoPath.3; .NET4.0C; .NET4.0E; MS-RTC LM 8)" 13116
192.168.65.56 - - [17/Feb/2013:07:49:51 +0600] "GET /pause/ajaxPause?pauseConfigId=all&admin=1 HTTP/1.1" 200 1046 "http://192.168.65.101/pause/index" "Mozilla/5.0 (Windows NT 5.1; rv:15.0) Gecko/20100101 Firefox/15.0" 33803
192.168.65.56 - - [17/Feb/2013:07:49:52 +0600] "GET /tv/useUser HTTP/1.1" 200 431 "http://192.168.65.101/pause/index" "Mozilla/5.0 (Windows NT 5.1; rv:15.0) Gecko/20100101 Firefox/15.0" 11198
192.168.12.247 - - [17/Feb/2013:07:49:52 +0600] "GET /pause/ajaxPause?pauseConfigId=&admin=0 HTTP/1.1" 200 986 "http://callider/pause/index" "Mozilla/4.0 (compatible; MSIE 7.0; Windows NT 6.1; WOW64; Trident/5.0; SLCC2; .NET CLR 2.0.50727; .NET CLR 3.5.30729; .NET CLR 3.0.30729; Media Center PC 6.0; InfoPath.3; .NET4.0C; .NET4.0E)" 20652
192.168.12.61 - - [17/Feb/2013:07:49:52 +0600] "GET /pause/ajaxPause?pauseConfigId=&admin=0 HTTP/1.1" 200 985 "http://callider/pause/index" "Mozilla/4.0 (compatible; MSIE 7.0; Windows NT 6.1; Trident/5.0; SLCC2; .NET CLR 2.0.50727; .NET CLR 3.5.30729; .NET CLR 3.0.30729; Media Center PC 6.0; InfoPath.3; .NET4.0C; .NET4.0E)" 19701
192.168.74.78 - - [17/Feb/2013:07:49:54 +0600] "GET /pause/ajaxPause?pauseConfigId=&admin=0 HTTP/1.1" 200 986 "http://callider/pause/index" "Mozilla/4.0 (compatible; MSIE 7.0; Windows NT 6.1; WOW64; Trident/5.0; SLCC2; .NET CLR 2.0.50727; .NET CLR 3.5.30729; .NET CLR 3.0.30729; Media Center PC 6.0; InfoPath.3; .NET4.0C; MS-RTC LM 8; .NET4.0E)" 20960
192.168.12.60 - - [17/Feb/2013:07:49:54 +0600] "GET /pause/ajaxPause?pauseConfigId=&admin=0 HTTP/1.1" 200 986 "http://callider/pause/index" "Mozilla/4.0 (compatible; MSIE 8.0; Windows NT 6.1; Trident/4.0; InfoPath.3; .NET4.0C; MS-RTC LM 8; .NET4.0E)" 21072
192.168.12.204 - - [17/Feb/2013:07:49:55 +0600] "GET /pause/ajaxPause?pauseConfigId=&admin=0 HTTP/1.1" 200 986 "http://callider/pause/index" "Mozilla/4.0 (compatible; MSIE 7.0; Windows NT 6.1; WOW64; Trident/4.0; SLCC2; .NET CLR 2.0.50727; .NET CLR 3.5.30729; .NET CLR 3.0.30729; Media Center PC 6.0; InfoPath.3; .NET4.0C; .NET4.0E; .NET CLR 1.1.4322)" 33283
192.168.12.69 - - [17/Feb/2013:07:49:55 +0600] "GET /pause/ajaxPause?pauseConfigId=&admin=0 HTTP/1.1" 200 986 "http://callider/pause/index" "Mozilla/4.0 (compatible; MSIE 7.0; Windows NT 6.1; Trident/5.0; SLCC2; .NET CLR 2.0.50727; .NET CLR 3.5.30729; .NET CLR 3.0.30729; Media Center PC 6.0; InfoPath.3; .NET4.0C; .NET4.0E; Tablet PC 2.0; AskTbFXTV5/5.14.1.20007)" 21969
192.168.74.91 - - [17/Feb/2013:07:49:55 +0600] "GET /pause/ajaxPause?pauseConfigId=&admin=0 HTTP/1.1" 200 986 "http://callider/pause/index" "Mozilla/4.0 (compatible; MSIE 7.0; Windows NT 6.1; WOW64; Trident/5.0; SLCC2; .NET CLR 2.0.50727; .NET CLR 3.5.30729; .NET CLR 3.0.30729; Media Center PC 6.0; InfoPath.3; .NET4.0C; MS-RTC LM 8; .NET4.0E)" 20162
192.168.74.151 - - [17/Feb/2013:07:49:55 +0600] "GET /pause/ajaxPause?pauseConfigId=&admin=0 HTTP/1.1" 200 987 "http://callider.kontur/pause/index" "Mozilla/5.0 (Windows NT 6.1; WOW64; rv:18.0) Gecko/20100101 Firefox/18.0" 19558
192.168.12.210 - - [17/Feb/2013:07:49:55 +0600] "GET /pause/ajaxPause?pauseConfigId=all&admin=1 HTTP/1.1" 200 1047 "http://callider/pause/index" "Mozilla/4.0 (compatible; MSIE 7.0; Windows NT 6.1; WOW64; Trident/5.0; SLCC2; .NET CLR 2.0.50727; .NET CLR 3.5.30729; .NET CLR 3.0.30729; Media Center PC 6.0; InfoPath.3; .NET4.0C; .NET4.0E)" 21274
192.168.12.38 - - [17/Feb/2013:07:49:56 +0600] "GET /pause/ajaxPause?pauseConfigId=&admin=0 HTTP/1.1" 200 1040 "http://callider/pause/index" "Mozilla/4.0 (compatible; MSIE 7.0; Windows NT 6.1; WOW64; Trident/5.0; SLCC2; .NET CLR 2.0.50727; .NET CLR 3.5.30729; .NET CLR 3.0.30729; Media Center PC 6.0; InfoPath.3; .NET4.0C; .NET4.0E)" 16675
192.168.12.77 - - [17/Feb/2013:07:49:56 +0600] "GET /pause/ajaxPause?pauseConfigId=&admin=0 HTTP/1.1" 200 1039 "http://callider/pause/index" "Mozilla/4.0 (compatible; MSIE 7.0; Windows NT 6.1; Trident/5.0; SLCC2; .NET CLR 2.0.50727; .NET CLR 3.5.30729; .NET CLR 3.0.30729; Media Center PC 6.0; Tablet PC 2.0; InfoPath.3; .NET4.0C; .NET4.0E; MS-RTC LM 8)" 12807
192.168.65.56 - - [17/Feb/2013:07:49:56 +0600] "GET /pause/ajaxPause?pauseConfigId=all&admin=1 HTTP/1.1" 200 1046 "http://192.168.65.101/pause/index" "Mozilla/5.0 (Windows NT 5.1; rv:15.0) Gecko/20100101 Firefox/15.0" 28892
192.168.12.247 - - [17/Feb/2013:07:49:57 +0600] "GET /pause/ajaxPause?pauseConfigId=&admin=0 HTTP/1.1" 200 986 "http://callider/pause/index" "Mozilla/4.0 (compatible; MSIE 7.0; Windows NT 6.1; WOW64; Trident/5.0; SLCC2; .NET CLR 2.0.50727; .NET CLR 3.5.30729; .NET CLR 3.0.30729; Media Center PC 6.0; InfoPath.3; .NET4.0C; .NET4.0E)" 19656
192.168.12.61 - - [17/Feb/2013:07:49:58 +0600] "GET /pause/ajaxPause?pauseConfigId=&admin=0 HTTP/1.1" 200 986 "http://callider/pause/index" "Mozilla/4.0 (compatible; MSIE 7.0; Windows NT 6.1; Trident/5.0; SLCC2; .NET CLR 2.0.50727; .NET CLR 3.5.30729; .NET CLR 3.0.30729; Media Center PC 6.0; InfoPath.3; .NET4.0C; .NET4.0E)" 29870
192.168.74.78 - - [17/Feb/2013:07:49:59 +0600] "GET /pause/ajaxPause?pauseConfigId=&admin=0 HTTP/1.1" 200 986 "http://callider/pause/index" "Mozilla/4.0 (compatible; MSIE 7.0; Windows NT 6.1; WOW64; Trident/5.0; SLCC2; .NET CLR 2.0.50727; .NET CLR 3.5.30729; .NET CLR 3.0.30729; Media Center PC 6.0; InfoPath.3; .NET4.0C; MS-RTC LM 8; .NET4.0E)" 19748
192.168.12.60 - - [17/Feb/2013:07:49:59 +0600] "GET /pause/ajaxPause?pauseConfigId=&admin=0 HTTP/1.1" 200 986 "http://callider/pause/index" "Mozilla/4.0 (compatible; MSIE 8.0; Windows NT 6.1; Trident/4.0; InfoPath.3; .NET4.0C; MS-RTC LM 8; .NET4.0E)" 31679
192.168.12.204 - - [17/Feb/2013:07:50:00 +0600] "GET /pause/ajaxPause?pauseConfigId=&admin=0 HTTP/1.1" 200 986 "http://callider/pause/index" "Mozilla/4.0 (compatible; MSIE 7.0; Windows NT 6.1; WOW64; Trident/4.0; SLCC2; .NET CLR 2.0.50727; .NET CLR 3.5.30729; .NET CLR 3.0.30729; Media Center PC 6.0; InfoPath.3; .NET4.0C; .NET4.0E; .NET CLR 1.1.4322)" 23799
192.168.12.69 - - [17/Feb/2013:07:50:00 +0600] "GET /pause/ajaxPause?pauseConfigId=&admin=0 HTTP/1.1" 200 986 "http://callider/pause/index" "Mozilla/4.0 (compatible; MSIE 7.0; Windows NT 6.1; Trident/5.0; SLCC2; .NET CLR 2.0.50727; .NET CLR 3.5.30729; .NET CLR 3.0.30729; Media Center PC 6.0; InfoPath.3; .NET4.0C; .NET4.0E; Tablet PC 2.0; AskTbFXTV5/5.14.1.20007)" 26927
192.168.74.91 - - [17/Feb/2013:07:50:00 +0600] "GET /pause/ajaxPause?pauseConfigId=&admin=0 HTTP/1.1" 200 986 "http://callider/pause/index" "Mozilla/4.0 (compatible; MSIE 7.0; Windows NT 6.1; WOW64; Trident/5.0; SLCC2; .NET CLR 2.0.50727; .NET CLR 3.5.30729; .NET CLR 3.0.30729; Media Center PC 6.0; InfoPath.3; .NET4.0C; MS-RTC LM 8; .NET4.0E)" 20162
192.168.74.151 - - [17/Feb/2013:07:50:00 +0600] "GET /pause/ajaxPause?pauseConfigId=&admin=0 HTTP/1.1" 200 987 "http://callider.kontur/pause/index" "Mozilla/5.0 (Windows NT 6.1; WOW64; rv:18.0) Gecko/20100101 Firefox/18.0" 17854
192.168.12.210 - - [17/Feb/2013:07:50:00 +0600] "GET /pause/ajaxPause?pauseConfigId=all&admin=1 HTTP/1.1" 200 1047 "http://callider/pause/index" "Mozilla/4.0 (compatible; MSIE 7.0; Windows NT 6.1; WOW64; Trident/5.0; SLCC2; .NET CLR 2.0.50727; .NET CLR 3.5.30729; .NET CLR 3.0.30729; Media Center PC 6.0; InfoPath.3; .NET4.0C; .NET4.0E)" 27594
192.168.12.38 - - [17/Feb/2013:07:50:01 +0600] "GET /pause/ajaxPause?pauseConfigId=&admin=0 HTTP/1.1" 200 1040 "http://callider/pause/index" "Mozilla/4.0 (compatible; MSIE 7.0; Windows NT 6.1; WOW64; Trident/5.0; SLCC2; .NET CLR 2.0.50727; .NET CLR 3.5.30729; .NET CLR 3.0.30729; Media Center PC 6.0; InfoPath.3; .NET4.0C; .NET4.0E)" 14761
192.168.12.77 - - [17/Feb/2013:07:50:01 +0600] "GET /pause/ajaxPause?pauseConfigId=&admin=0 HTTP/1.1" 200 1039 "http://callider/pause/index" "Mozilla/4.0 (compatible; MSIE 7.0; Windows NT 6.1; Trident/5.0; SLCC2; .NET CLR 2.0.50727; .NET CLR 3.5.30729; .NET CLR 3.0.30729; Media Center PC 6.0; Tablet PC 2.0; InfoPath.3; .NET4.0C; .NET4.0E; MS-RTC LM 8)" 20258
192.168.65.56 - - [17/Feb/2013:07:50:01 +0600] "GET /pause/ajaxPause?pauseConfigId=all&admin=1 HTTP/1.1" 200 1046 "http://192.168.65.101/pause/index" "Mozilla/5.0 (Windows NT 5.1; rv:15.0) Gecko/20100101 Firefox/15.0" 28820
192.168.12.247 - - [17/Feb/2013:07:50:02 +0600] "GET /pause/ajaxPause?pauseConfigId=&admin=0 HTTP/1.1" 200 986 "http://callider/pause/index" "Mozilla/4.0 (compatible; MSIE 7.0; Windows NT 6.1; WOW64; Trident/5.0; SLCC2; .NET CLR 2.0.50727; .NET CLR 3.5.30729; .NET CLR 3.0.30729; Media Center PC 6.0; InfoPath.3; .NET4.0C; .NET4.0E)" 17490
192.168.12.61 - - [17/Feb/2013:07:50:03 +0600] "GET /pause/ajaxPause?pauseConfigId=&admin=0 HTTP/1.1" 200 985 "http://callider/pause/index" "Mozilla/4.0 (compatible; MSIE 7.0; Windows NT 6.1; Trident/5.0; SLCC2; .NET CLR 2.0.50727; .NET CLR 3.5.30729; .NET CLR 3.0.30729; Media Center PC 6.0; InfoPath.3; .NET4.0C; .NET4.0E)" 17655
192.168.74.139 - - [17/Feb/2013:07:50:03 +0600] "GET /tv/useUser HTTP/1.1" 200 432 "http://callider/graph/personal" "Mozilla/4.0 (compatible; MSIE 7.0; Windows NT 6.1; WOW64; Trident/5.0; SLCC2; .NET CLR 2.0.50727; .NET CLR 3.5.30729; .NET CLR 3.0.30729; Media Center PC 6.0; InfoPath.3; .NET4.0C; .NET4.0E)" 15146
192.168.74.78 - - [17/Feb/2013:07:50:04 +0600] "GET /pause/ajaxPause?pauseConfigId=&admin=0 HTTP/1.1" 200 986 "http://callider/pause/index" "Mozilla/4.0 (compatible; MSIE 7.0; Windows NT 6.1; WOW64; Trident/5.0; SLCC2; .NET CLR 2.0.50727; .NET CLR 3.5.30729; .NET CLR 3.0.30729; Media Center PC 6.0; InfoPath.3; .NET4.0C; MS-RTC LM 8; .NET4.0E)" 23273
192.168.12.60 - - [17/Feb/2013:07:50:04 +0600] "GET /pause/ajaxPause?pauseConfigId=&admin=0 HTTP/1.1" 200 986 "http://callider/pause/index" "Mozilla/4.0 (compatible; MSIE 8.0; Windows NT 6.1; Trident/4.0; InfoPath.3; .NET4.0C; MS-RTC LM 8; .NET4.0E)" 20082
192.168.12.204 - - [17/Feb/2013:07:50:05 +0600] "GET /pause/ajaxPause?pauseConfigId=&admin=0 HTTP/1.1" 200 986 "http://callider/pause/index" "Mozilla/4.0 (compatible; MSIE 7.0; Windows NT 6.1; WOW64; Trident/4.0; SLCC2; .NET CLR 2.0.50727; .NET CLR 3.5.30729; .NET CLR 3.0.30729; Media Center PC 6.0; InfoPath.3; .NET4.0C; .NET4.0E; .NET CLR 1.1.4322)" 25732
192.168.12.69 - - [17/Feb/2013:07:50:05 +0600] "GET /pause/ajaxPause?pauseConfigId=&admin=0 HTTP/1.1" 200 986 "http://callider/pause/index" "Mozilla/4.0 (compatible; MSIE 7.0; Windows NT 6.1; Trident/5.0; SLCC2; .NET CLR 2.0.50727; .NET CLR 3.5.30729; .NET CLR 3.0.30729; Media Center PC 6.0; InfoPath.3; .NET4.0C; .NET4.0E; Tablet PC 2.0; AskTbFXTV5/5.14.1.20007)" 21685
192.168.12.61 - - [17/Feb/2013:07:50:05 +0600] "GET /tv/useUser HTTP/1.1" 200 431 "http://callider/pause/index" "Mozilla/4.0 (compatible; MSIE 7.0; Windows NT 6.1; Trident/5.0; SLCC2; .NET CLR 2.0.50727; .NET CLR 3.5.30729; .NET CLR 3.0.30729; Media Center PC 6.0; InfoPath.3; .NET4.0C; .NET4.0E)" 7994
192.168.74.91 - - [17/Feb/2013:07:50:05 +0600] "GET /pause/ajaxPause?pauseConfigId=&admin=0 HTTP/1.1" 200 986 "http://callider/pause/index" "Mozilla/4.0 (compatible; MSIE 7.0; Windows NT 6.1; WOW64; Trident/5.0; SLCC2; .NET CLR 2.0.50727; .NET CLR 3.5.30729; .NET CLR 3.0.30729; Media Center PC 6.0; InfoPath.3; .NET4.0C; MS-RTC LM 8; .NET4.0E)" 19165
192.168.74.151 - - [17/Feb/2013:07:50:05 +0600] "GET /pause/ajaxPause?pauseConfigId=&admin=0 HTTP/1.1" 200 987 "http://callider.kontur/pause/index" "Mozilla/5.0 (Windows NT 6.1; WOW64; rv:18.0) Gecko/20100101 Firefox/18.0" 16935
192.168.12.210 - - [17/Feb/2013:07:50:05 +0600] "GET /pause/ajaxPause?pauseConfigId=all&admin=1 HTTP/1.1" 200 1047 "http://callider/pause/index" "Mozilla/4.0 (compatible; MSIE 7.0; Windows NT 6.1; WOW64; Trident/5.0; SLCC2; .NET CLR 2.0.50727; .NET CLR 3.5.30729; .NET CLR 3.0.30729; Media Center PC 6.0; InfoPath.3; .NET4.0C; .NET4.0E)" 22822
192.168.12.38 - - [17/Feb/2013:07:50:06 +0600] "GET /pause/ajaxPause?pauseConfigId=&admin=0 HTTP/1.1" 200 1040 "http://callider/pause/index" "Mozilla/4.0 (compatible; MSIE 7.0; Windows NT 6.1; WOW64; Trident/5.0; SLCC2; .NET CLR 2.0.50727; .NET CLR 3.5.30729; .NET CLR 3.0.30729; Media Center PC 6.0; InfoPath.3; .NET4.0C; .NET4.0E)" 15869
192.168.12.77 - - [17/Feb/2013:07:50:06 +0600] "GET /pause/ajaxPause?pauseConfigId=&admin=0 HTTP/1.1" 200 1039 "http://callider/pause/index" "Mozilla/4.0 (compatible; MSIE 7.0; Windows NT 6.1; Trident/5.0; SLCC2; .NET CLR 2.0.50727; .NET CLR 3.5.30729; .NET CLR 3.0.30729; Media Center PC 6.0; Tablet PC 2.0; InfoPath.3; .NET4.0C; .NET4.0E; MS-RTC LM 8)" 16620
192.168.65.56 - - [17/Feb/2013:07:50:06 +0600] "GET /pause/ajaxPause?pauseConfigId=all&admin=1 HTTP/1.1" 200 1046 "http://192.168.65.101/pause/index" "Mozilla/5.0 (Windows NT 5.1; rv:15.0) Gecko/20100101 Firefox/15.0" 27088
192.168.12.247 - - [17/Feb/2013:07:50:07 +0600] "GET /pause/ajaxPause?pauseConfigId=&admin=0 HTTP/1.1" 200 986 "http://callider/pause/index" "Mozilla/4.0 (compatible; MSIE 7.0; Windows NT 6.1; WOW64; Trident/5.0; SLCC2; .NET CLR 2.0.50727; .NET CLR 3.5.30729; .NET CLR 3.0.30729; Media Center PC 6.0; InfoPath.3; .NET4.0C; .NET4.0E)" 17393
192.168.12.61 - - [17/Feb/2013:07:50:08 +0600] "GET /pause/ajaxPause?pauseConfigId=&admin=0 HTTP/1.1" 200 985 "http://callider/pause/index" "Mozilla/4.0 (compatible; MSIE 7.0; Windows NT 6.1; Trident/5.0; SLCC2; .NET CLR 2.0.50727; .NET CLR 3.5.30729; .NET CLR 3.0.30729; Media Center PC 6.0; InfoPath.3; .NET4.0C; .NET4.0E)" 20591
